[2026-05-06T01:04:46.117+0100][0.004s][info][gc,init] CardTable entry size: 512
[2026-05-06T01:04:46.117+0100][0.004s][info][gc     ] Using Parallel
[2026-05-06T01:04:46.117+0100][0.005s][info][gc,init] Version: 21.0.6+7-LTS (release)
[2026-05-06T01:04:46.117+0100][0.005s][info][gc,init] CPUs: 11 total, 11 available
[2026-05-06T01:04:46.117+0100][0.005s][info][gc,init] Memory: 18432M
[2026-05-06T01:04:46.117+0100][0.005s][info][gc,init] Large Page Support: Disabled
[2026-05-06T01:04:46.117+0100][0.005s][info][gc,init] NUMA Support: Disabled
[2026-05-06T01:04:46.117+0100][0.005s][info][gc,init] Compressed Oops: Enabled (Zero based)
[2026-05-06T01:04:46.117+0100][0.005s][info][gc,init] Alignments: Space 512K, Generation 512K, Heap 8M
[2026-05-06T01:04:46.117+0100][0.005s][info][gc,init] Heap Min Capacity: 8M
[2026-05-06T01:04:46.117+0100][0.005s][info][gc,init] Heap Initial Capacity: 288M
[2026-05-06T01:04:46.117+0100][0.005s][info][gc,init] Heap Max Capacity: 4G
[2026-05-06T01:04:46.117+0100][0.005s][info][gc,init] Pre-touch: Disabled
[2026-05-06T01:04:46.117+0100][0.005s][info][gc,init] Parallel Workers: 9
[2026-05-06T01:04:46.121+0100][0.008s][info][gc,metaspace] CDS archive(s) mapped at: [0x0000007000000000-0x0000007000c90000-0x0000007000c90000), size 13172736, SharedBaseAddress: 0x0000007000000000, ArchiveRelocationMode: 1.
[2026-05-06T01:04:46.121+0100][0.008s][info][gc,metaspace] Compressed class space mapped at: 0x0000007001000000-0x0000007041000000, reserved size: 1073741824
[2026-05-06T01:04:46.121+0100][0.008s][info][gc,metaspace] Narrow klass base: 0x0000007000000000, Narrow klass shift: 0, Narrow klass range: 0x100000000
[2026-05-06T01:04:46.716+0100][0.603s][info][gc,start    ] GC(0) Pause Young (Allocation Failure)
[2026-05-06T01:04:46.719+0100][0.606s][info][gc,heap     ] GC(0) PSYoungGen: 73728K(86016K)->6171K(86016K) Eden: 73728K(73728K)->0K(73728K) From: 0K(12288K)->6171K(12288K)
[2026-05-06T01:04:46.719+0100][0.606s][info][gc,heap     ] GC(0) ParOldGen: 1055K(196608K)->1071K(196608K)
[2026-05-06T01:04:46.719+0100][0.606s][info][gc,metaspace] GC(0) Metaspace: 12522K(12672K)->12522K(12672K) NonClass: 10995K(11072K)->10995K(11072K) Class: 1527K(1600K)->1527K(1600K)
[2026-05-06T01:04:46.719+0100][0.606s][info][gc          ] GC(0) Pause Young (Allocation Failure) 73M->7M(276M) 3.349ms
[2026-05-06T01:04:46.719+0100][0.606s][info][gc,cpu      ] GC(0) User=0.01s Sys=0.00s Real=0.00s
[2026-05-06T01:04:46.975+0100][0.862s][info][gc,start    ] GC(1) Pause Young (Allocation Failure)
[2026-05-06T01:04:46.979+0100][0.867s][info][gc,heap     ] GC(1) PSYoungGen: 79899K(86016K)->10470K(86016K) Eden: 73728K(73728K)->0K(73728K) From: 6171K(12288K)->10470K(12288K)
[2026-05-06T01:04:46.980+0100][0.867s][info][gc,heap     ] GC(1) ParOldGen: 1071K(196608K)->27404K(196608K)
[2026-05-06T01:04:46.980+0100][0.867s][info][gc,metaspace] GC(1) Metaspace: 17788K(18176K)->17788K(18176K) NonClass: 15686K(15872K)->15686K(15872K) Class: 2102K(2304K)->2102K(2304K)
[2026-05-06T01:04:46.980+0100][0.867s][info][gc          ] GC(1) Pause Young (Allocation Failure) 79M->36M(276M) 4.404ms
[2026-05-06T01:04:46.980+0100][0.867s][info][gc,cpu      ] GC(1) User=0.02s Sys=0.01s Real=0.01s
[2026-05-06T01:04:47.019+0100][0.906s][info][gc,start    ] GC(2) Pause Young (Allocation Failure)
[2026-05-06T01:04:47.024+0100][0.911s][info][gc,heap     ] GC(2) PSYoungGen: 84198K(86016K)->10461K(86016K) Eden: 73728K(73728K)->0K(73728K) From: 10470K(12288K)->10461K(12288K)
[2026-05-06T01:04:47.024+0100][0.911s][info][gc,heap     ] GC(2) ParOldGen: 27404K(196608K)->110357K(196608K)
[2026-05-06T01:04:47.024+0100][0.911s][info][gc,metaspace] GC(2) Metaspace: 17791K(18240K)->17791K(18240K) NonClass: 15689K(15936K)->15689K(15936K) Class: 2102K(2304K)->2102K(2304K)
[2026-05-06T01:04:47.024+0100][0.911s][info][gc          ] GC(2) Pause Young (Allocation Failure) 108M->117M(276M) 5.399ms
[2026-05-06T01:04:47.024+0100][0.911s][info][gc,cpu      ] GC(2) User=0.01s Sys=0.01s Real=0.01s
[2026-05-06T01:04:47.075+0100][0.963s][info][gc,start    ] GC(3) Pause Young (Allocation Failure)
[2026-05-06T01:04:47.080+0100][0.967s][info][gc,heap     ] GC(3) PSYoungGen: 84189K(86016K)->10422K(159744K) Eden: 73728K(73728K)->0K(147456K) From: 10461K(12288K)->10422K(12288K)
[2026-05-06T01:04:47.080+0100][0.967s][info][gc,heap     ] GC(3) ParOldGen: 110357K(196608K)->147229K(196608K)
[2026-05-06T01:04:47.080+0100][0.967s][info][gc,metaspace] GC(3) Metaspace: 17792K(18240K)->17792K(18240K) NonClass: 15690K(15936K)->15690K(15936K) Class: 2102K(2304K)->2102K(2304K)
[2026-05-06T01:04:47.080+0100][0.967s][info][gc          ] GC(3) Pause Young (Allocation Failure) 189M->153M(348M) 4.626ms
[2026-05-06T01:04:47.080+0100][0.967s][info][gc,cpu      ] GC(3) User=0.02s Sys=0.00s Real=0.01s
[2026-05-06T01:04:47.183+0100][1.070s][info][gc,start    ] GC(4) Pause Young (Allocation Failure)
[2026-05-06T01:04:47.185+0100][1.073s][info][gc,heap     ] GC(4) PSYoungGen: 157878K(159744K)->10520K(159744K) Eden: 147456K(147456K)->0K(147456K) From: 10422K(12288K)->10520K(12288K)
[2026-05-06T01:04:47.185+0100][1.073s][info][gc,heap     ] GC(4) ParOldGen: 147229K(196608K)->147237K(196608K)
[2026-05-06T01:04:47.185+0100][1.073s][info][gc,metaspace] GC(4) Metaspace: 17792K(18240K)->17792K(18240K) NonClass: 15690K(15936K)->15690K(15936K) Class: 2102K(2304K)->2102K(2304K)
[2026-05-06T01:04:47.185+0100][1.073s][info][gc          ] GC(4) Pause Young (Allocation Failure) 297M->154M(348M) 2.892ms
[2026-05-06T01:04:47.185+0100][1.073s][info][gc,cpu      ] GC(4) User=0.02s Sys=0.00s Real=0.00s
[2026-05-06T01:04:47.365+0100][1.253s][info][gc,start    ] GC(5) Pause Young (Allocation Failure)
[2026-05-06T01:04:47.369+0100][1.256s][info][gc,heap     ] GC(5) PSYoungGen: 157976K(159744K)->10493K(308224K) Eden: 147456K(147456K)->0K(294912K) From: 10520K(12288K)->10493K(13312K)
[2026-05-06T01:04:47.369+0100][1.256s][info][gc,heap     ] GC(5) ParOldGen: 257829K(307712K)->257837K(307712K)
[2026-05-06T01:04:47.369+0100][1.256s][info][gc,metaspace] GC(5) Metaspace: 17792K(18240K)->17792K(18240K) NonClass: 15690K(15936K)->15690K(15936K) Class: 2102K(2304K)->2102K(2304K)
[2026-05-06T01:04:47.369+0100][1.256s][info][gc          ] GC(5) Pause Young (Allocation Failure) 406M->262M(601M) 3.453ms
[2026-05-06T01:04:47.369+0100][1.256s][info][gc,cpu      ] GC(5) User=0.01s Sys=0.00s Real=0.00s
[2026-05-06T01:04:47.568+0100][1.455s][info][gc,start    ] GC(6) Pause Young (Allocation Failure)
[2026-05-06T01:04:47.583+0100][1.470s][info][gc,heap     ] GC(6) PSYoungGen: 305405K(308224K)->160K(308224K) Eden: 294912K(294912K)->0K(294912K) From: 10493K(13312K)->160K(13312K)
[2026-05-06T01:04:47.583+0100][1.470s][info][gc,heap     ] GC(6) ParOldGen: 257837K(307712K)->415673K(455680K)
[2026-05-06T01:04:47.583+0100][1.470s][info][gc,metaspace] GC(6) Metaspace: 17792K(18240K)->17792K(18240K) NonClass: 15690K(15936K)->15690K(15936K) Class: 2102K(2304K)->2102K(2304K)
[2026-05-06T01:04:47.583+0100][1.470s][info][gc          ] GC(6) Pause Young (Allocation Failure) 550M->406M(746M) 14.905ms
[2026-05-06T01:04:47.583+0100][1.470s][info][gc,cpu      ] GC(6) User=0.05s Sys=0.01s Real=0.02s
[2026-05-06T01:04:47.921+0100][1.808s][info][gc,start    ] GC(7) Pause Young (Allocation Failure)
[2026-05-06T01:04:47.921+0100][1.808s][info][gc,heap     ] GC(7) PSYoungGen: 295072K(308224K)->160K(603648K) Eden: 294912K(294912K)->0K(588800K) From: 160K(13312K)->160K(14848K)
[2026-05-06T01:04:47.921+0100][1.808s][info][gc,heap     ] GC(7) ParOldGen: 415673K(455680K)->415689K(455680K)
[2026-05-06T01:04:47.921+0100][1.808s][info][gc,metaspace] GC(7) Metaspace: 17792K(18240K)->17792K(18240K) NonClass: 15690K(15936K)->15690K(15936K) Class: 2102K(2304K)->2102K(2304K)
[2026-05-06T01:04:47.921+0100][1.808s][info][gc          ] GC(7) Pause Young (Allocation Failure) 694M->406M(1034M) 0.404ms
[2026-05-06T01:04:47.921+0100][1.808s][info][gc,cpu      ] GC(7) User=0.00s Sys=0.00s Real=0.00s
[2026-05-06T01:04:48.509+0100][2.396s][info][gc,start    ] GC(8) Pause Young (System.gc())
[2026-05-06T01:04:48.509+0100][2.397s][info][gc,heap     ] GC(8) PSYoungGen: 481554K(603648K)->288K(604672K) Eden: 481394K(588800K)->0K(588800K) From: 160K(14848K)->288K(15872K)
[2026-05-06T01:04:48.509+0100][2.397s][info][gc,heap     ] GC(8) ParOldGen: 415689K(455680K)->415713K(455680K)
[2026-05-06T01:04:48.509+0100][2.397s][info][gc,metaspace] GC(8) Metaspace: 18266K(18560K)->18266K(18560K) NonClass: 16099K(16256K)->16099K(16256K) Class: 2167K(2304K)->2167K(2304K)
[2026-05-06T01:04:48.509+0100][2.397s][info][gc          ] GC(8) Pause Young (System.gc()) 876M->406M(1035M) 0.513ms
[2026-05-06T01:04:48.509+0100][2.397s][info][gc,cpu      ] GC(8) User=0.00s Sys=0.00s Real=0.00s
[2026-05-06T01:04:48.509+0100][2.397s][info][gc,start    ] GC(9) Pause Full (System.gc())
[2026-05-06T01:04:48.510+0100][2.397s][info][gc,phases,start] GC(9) Marking Phase
[2026-05-06T01:04:48.517+0100][2.404s][info][gc,phases      ] GC(9) Marking Phase 6.473ms
[2026-05-06T01:04:48.517+0100][2.404s][info][gc,phases,start] GC(9) Summary Phase
[2026-05-06T01:04:48.517+0100][2.404s][info][gc,phases      ] GC(9) Summary Phase 0.009ms
[2026-05-06T01:04:48.517+0100][2.404s][info][gc,phases,start] GC(9) Adjust Roots
[2026-05-06T01:04:48.519+0100][2.407s][info][gc,phases      ] GC(9) Adjust Roots 2.714ms
[2026-05-06T01:04:48.520+0100][2.407s][info][gc,phases,start] GC(9) Compaction Phase
[2026-05-06T01:04:48.527+0100][2.414s][info][gc,phases      ] GC(9) Compaction Phase 7.350ms
[2026-05-06T01:04:48.527+0100][2.414s][info][gc,phases,start] GC(9) Post Compact
[2026-05-06T01:04:48.528+0100][2.415s][info][gc,phases      ] GC(9) Post Compact 0.652ms
[2026-05-06T01:04:48.528+0100][2.415s][info][gc,heap        ] GC(9) PSYoungGen: 288K(604672K)->0K(604672K) Eden: 0K(588800K)->0K(588800K) From: 288K(15872K)->0K(15872K)
[2026-05-06T01:04:48.528+0100][2.415s][info][gc,heap        ] GC(9) ParOldGen: 415713K(455680K)->203655K(455680K)
[2026-05-06T01:04:48.528+0100][2.415s][info][gc,metaspace   ] GC(9) Metaspace: 18266K(18560K)->18266K(18560K) NonClass: 16099K(16256K)->16099K(16256K) Class: 2167K(2304K)->2167K(2304K)
[2026-05-06T01:04:48.528+0100][2.415s][info][gc             ] GC(9) Pause Full (System.gc()) 406M->198M(1035M) 18.132ms
[2026-05-06T01:04:48.528+0100][2.415s][info][gc,cpu         ] GC(9) User=0.07s Sys=0.01s Real=0.02s
[2026-05-06T01:04:48.558+0100][2.445s][info][gc,start       ] GC(10) Pause Young (System.gc())
[2026-05-06T01:04:48.558+0100][2.445s][info][gc,heap        ] GC(10) PSYoungGen: 31880K(604672K)->288K(606208K) Eden: 31880K(588800K)->0K(589824K) From: 0K(15872K)->288K(16384K)
[2026-05-06T01:04:48.558+0100][2.445s][info][gc,heap        ] GC(10) ParOldGen: 203655K(455680K)->203655K(455680K)
[2026-05-06T01:04:48.558+0100][2.445s][info][gc,metaspace   ] GC(10) Metaspace: 18517K(18880K)->18517K(18880K) NonClass: 16312K(16512K)->16312K(16512K) Class: 2204K(2368K)->2204K(2368K)
[2026-05-06T01:04:48.558+0100][2.445s][info][gc             ] GC(10) Pause Young (System.gc()) 230M->199M(1037M) 0.352ms
[2026-05-06T01:04:48.558+0100][2.445s][info][gc,cpu         ] GC(10) User=0.00s Sys=0.01s Real=0.00s
[2026-05-06T01:04:48.558+0100][2.445s][info][gc,start       ] GC(11) Pause Full (System.gc())
[2026-05-06T01:04:48.558+0100][2.445s][info][gc,phases,start] GC(11) Marking Phase
[2026-05-06T01:04:48.564+0100][2.451s][info][gc,phases      ] GC(11) Marking Phase 5.636ms
[2026-05-06T01:04:48.564+0100][2.451s][info][gc,phases,start] GC(11) Summary Phase
[2026-05-06T01:04:48.564+0100][2.451s][info][gc,phases      ] GC(11) Summary Phase 0.008ms
[2026-05-06T01:04:48.564+0100][2.451s][info][gc,phases,start] GC(11) Adjust Roots
[2026-05-06T01:04:48.566+0100][2.453s][info][gc,phases      ] GC(11) Adjust Roots 1.767ms
[2026-05-06T01:04:48.566+0100][2.453s][info][gc,phases,start] GC(11) Compaction Phase
[2026-05-06T01:04:48.571+0100][2.458s][info][gc,phases      ] GC(11) Compaction Phase 5.335ms
[2026-05-06T01:04:48.571+0100][2.458s][info][gc,phases,start] GC(11) Post Compact
[2026-05-06T01:04:48.571+0100][2.458s][info][gc,phases      ] GC(11) Post Compact 0.105ms
[2026-05-06T01:04:48.571+0100][2.458s][info][gc,heap        ] GC(11) PSYoungGen: 288K(606208K)->0K(606208K) Eden: 0K(589824K)->0K(589824K) From: 288K(16384K)->0K(16384K)
[2026-05-06T01:04:48.571+0100][2.458s][info][gc,heap        ] GC(11) ParOldGen: 203655K(455680K)->203696K(455680K)
[2026-05-06T01:04:48.571+0100][2.458s][info][gc,metaspace   ] GC(11) Metaspace: 18517K(18880K)->18517K(18880K) NonClass: 16312K(16512K)->16312K(16512K) Class: 2204K(2368K)->2204K(2368K)
[2026-05-06T01:04:48.571+0100][2.458s][info][gc             ] GC(11) Pause Full (System.gc()) 199M->198M(1037M) 12.989ms
[2026-05-06T01:04:48.571+0100][2.458s][info][gc,cpu         ] GC(11) User=0.06s Sys=0.00s Real=0.02s
[2026-05-06T01:04:48.592+0100][2.479s][info][gc,start       ] GC(12) Pause Young (System.gc())
[2026-05-06T01:04:48.593+0100][2.480s][info][gc,heap        ] GC(12) PSYoungGen: 32410K(606208K)->256K(606208K) Eden: 32410K(589824K)->0K(589824K) From: 0K(16384K)->256K(16384K)
[2026-05-06T01:04:48.593+0100][2.480s][info][gc,heap        ] GC(12) ParOldGen: 203696K(455680K)->203696K(455680K)
[2026-05-06T01:04:48.593+0100][2.480s][info][gc,metaspace   ] GC(12) Metaspace: 18614K(18944K)->18614K(18944K) NonClass: 16396K(16576K)->16396K(16576K) Class: 2217K(2368K)->2217K(2368K)
[2026-05-06T01:04:48.593+0100][2.480s][info][gc             ] GC(12) Pause Young (System.gc()) 230M->199M(1037M) 0.372ms
[2026-05-06T01:04:48.593+0100][2.480s][info][gc,cpu         ] GC(12) User=0.00s Sys=0.01s Real=0.00s
[2026-05-06T01:04:48.593+0100][2.480s][info][gc,start       ] GC(13) Pause Full (System.gc())
[2026-05-06T01:04:48.593+0100][2.480s][info][gc,phases,start] GC(13) Marking Phase
[2026-05-06T01:04:48.597+0100][2.484s][info][gc,phases      ] GC(13) Marking Phase 4.642ms
[2026-05-06T01:04:48.597+0100][2.484s][info][gc,phases,start] GC(13) Summary Phase
[2026-05-06T01:04:48.597+0100][2.484s][info][gc,phases      ] GC(13) Summary Phase 0.007ms
[2026-05-06T01:04:48.597+0100][2.484s][info][gc,phases,start] GC(13) Adjust Roots
[2026-05-06T01:04:48.599+0100][2.486s][info][gc,phases      ] GC(13) Adjust Roots 1.559ms
[2026-05-06T01:04:48.599+0100][2.486s][info][gc,phases,start] GC(13) Compaction Phase
[2026-05-06T01:04:48.603+0100][2.490s][info][gc,phases      ] GC(13) Compaction Phase 4.203ms
[2026-05-06T01:04:48.603+0100][2.490s][info][gc,phases,start] GC(13) Post Compact
[2026-05-06T01:04:48.603+0100][2.490s][info][gc,phases      ] GC(13) Post Compact 0.073ms
[2026-05-06T01:04:48.603+0100][2.490s][info][gc,heap        ] GC(13) PSYoungGen: 256K(606208K)->0K(606208K) Eden: 0K(589824K)->0K(589824K) From: 256K(16384K)->0K(16384K)
[2026-05-06T01:04:48.603+0100][2.490s][info][gc,heap        ] GC(13) ParOldGen: 203696K(455680K)->203712K(455680K)
[2026-05-06T01:04:48.603+0100][2.490s][info][gc,metaspace   ] GC(13) Metaspace: 18614K(18944K)->18614K(18944K) NonClass: 16396K(16576K)->16396K(16576K) Class: 2217K(2368K)->2217K(2368K)
[2026-05-06T01:04:48.603+0100][2.490s][info][gc             ] GC(13) Pause Full (System.gc()) 199M->198M(1037M) 10.601ms
[2026-05-06T01:04:48.603+0100][2.490s][info][gc,cpu         ] GC(13) User=0.06s Sys=0.00s Real=0.01s
[2026-05-06T01:04:48.624+0100][2.511s][info][gc,start       ] GC(14) Pause Young (System.gc())
[2026-05-06T01:04:48.624+0100][2.512s][info][gc,heap        ] GC(14) PSYoungGen: 91404K(606208K)->224K(605184K) Eden: 91404K(589824K)->0K(589824K) From: 0K(16384K)->224K(15360K)
[2026-05-06T01:04:48.624+0100][2.512s][info][gc,heap        ] GC(14) ParOldGen: 203712K(455680K)->203712K(455680K)
[2026-05-06T01:04:48.625+0100][2.512s][info][gc,metaspace   ] GC(14) Metaspace: 18728K(19072K)->18728K(19072K) NonClass: 16498K(16704K)->16498K(16704K) Class: 2230K(2368K)->2230K(2368K)
[2026-05-06T01:04:48.625+0100][2.512s][info][gc             ] GC(14) Pause Young (System.gc()) 288M->199M(1036M) 0.345ms
[2026-05-06T01:04:48.625+0100][2.512s][info][gc,cpu         ] GC(14) User=0.00s Sys=0.00s Real=0.00s
[2026-05-06T01:04:48.625+0100][2.512s][info][gc,start       ] GC(15) Pause Full (System.gc())
[2026-05-06T01:04:48.625+0100][2.512s][info][gc,phases,start] GC(15) Marking Phase
[2026-05-06T01:04:48.629+0100][2.517s][info][gc,phases      ] GC(15) Marking Phase 4.923ms
[2026-05-06T01:04:48.629+0100][2.517s][info][gc,phases,start] GC(15) Summary Phase
[2026-05-06T01:04:48.630+0100][2.517s][info][gc,phases      ] GC(15) Summary Phase 0.018ms
[2026-05-06T01:04:48.630+0100][2.517s][info][gc,phases,start] GC(15) Adjust Roots
[2026-05-06T01:04:48.631+0100][2.518s][info][gc,phases      ] GC(15) Adjust Roots 1.547ms
[2026-05-06T01:04:48.631+0100][2.518s][info][gc,phases,start] GC(15) Compaction Phase
[2026-05-06T01:04:48.633+0100][2.520s][info][gc,phases      ] GC(15) Compaction Phase 1.894ms
[2026-05-06T01:04:48.633+0100][2.520s][info][gc,phases,start] GC(15) Post Compact
[2026-05-06T01:04:48.633+0100][2.520s][info][gc,phases      ] GC(15) Post Compact 0.210ms
[2026-05-06T01:04:48.633+0100][2.520s][info][gc,heap        ] GC(15) PSYoungGen: 224K(605184K)->0K(605184K) Eden: 0K(589824K)->0K(589824K) From: 224K(15360K)->0K(15360K)
[2026-05-06T01:04:48.633+0100][2.520s][info][gc,heap        ] GC(15) ParOldGen: 203712K(455680K)->203719K(455680K)
[2026-05-06T01:04:48.633+0100][2.520s][info][gc,metaspace   ] GC(15) Metaspace: 18728K(19072K)->18728K(19072K) NonClass: 16498K(16704K)->16498K(16704K) Class: 2230K(2368K)->2230K(2368K)
[2026-05-06T01:04:48.633+0100][2.520s][info][gc             ] GC(15) Pause Full (System.gc()) 199M->198M(1036M) 8.690ms
[2026-05-06T01:04:48.633+0100][2.520s][info][gc,cpu         ] GC(15) User=0.03s Sys=0.01s Real=0.01s
[2026-05-06T01:04:48.646+0100][2.533s][info][gc,start       ] GC(16) Pause Young (System.gc())
[2026-05-06T01:04:48.646+0100][2.534s][info][gc,heap        ] GC(16) PSYoungGen: 73706K(605184K)->64K(605696K) Eden: 73706K(589824K)->0K(589824K) From: 0K(15360K)->64K(15872K)
[2026-05-06T01:04:48.646+0100][2.534s][info][gc,heap        ] GC(16) ParOldGen: 203719K(455680K)->203719K(455680K)
[2026-05-06T01:04:48.646+0100][2.534s][info][gc,metaspace   ] GC(16) Metaspace: 18731K(19072K)->18731K(19072K) NonClass: 16501K(16704K)->16501K(16704K) Class: 2230K(2368K)->2230K(2368K)
[2026-05-06T01:04:48.646+0100][2.534s][info][gc             ] GC(16) Pause Young (System.gc()) 270M->199M(1036M) 0.266ms
[2026-05-06T01:04:48.646+0100][2.534s][info][gc,cpu         ] GC(16) User=0.00s Sys=0.00s Real=0.00s
[2026-05-06T01:04:48.646+0100][2.534s][info][gc,start       ] GC(17) Pause Full (System.gc())
[2026-05-06T01:04:48.646+0100][2.534s][info][gc,phases,start] GC(17) Marking Phase
[2026-05-06T01:04:48.651+0100][2.538s][info][gc,phases      ] GC(17) Marking Phase 4.261ms
[2026-05-06T01:04:48.651+0100][2.538s][info][gc,phases,start] GC(17) Summary Phase
[2026-05-06T01:04:48.651+0100][2.538s][info][gc,phases      ] GC(17) Summary Phase 0.006ms
[2026-05-06T01:04:48.651+0100][2.538s][info][gc,phases,start] GC(17) Adjust Roots
[2026-05-06T01:04:48.652+0100][2.539s][info][gc,phases      ] GC(17) Adjust Roots 1.525ms
[2026-05-06T01:04:48.652+0100][2.539s][info][gc,phases,start] GC(17) Compaction Phase
[2026-05-06T01:04:48.654+0100][2.541s][info][gc,phases      ] GC(17) Compaction Phase 1.939ms
[2026-05-06T01:04:48.654+0100][2.541s][info][gc,phases,start] GC(17) Post Compact
[2026-05-06T01:04:48.654+0100][2.542s][info][gc,phases      ] GC(17) Post Compact 0.077ms
[2026-05-06T01:04:48.654+0100][2.542s][info][gc,heap        ] GC(17) PSYoungGen: 64K(605696K)->0K(605696K) Eden: 0K(589824K)->0K(589824K) From: 64K(15872K)->0K(15872K)
[2026-05-06T01:04:48.654+0100][2.542s][info][gc,heap        ] GC(17) ParOldGen: 203719K(455680K)->203716K(455680K)
[2026-05-06T01:04:48.654+0100][2.542s][info][gc,metaspace   ] GC(17) Metaspace: 18731K(19072K)->18731K(19072K) NonClass: 16501K(16704K)->16501K(16704K) Class: 2230K(2368K)->2230K(2368K)
[2026-05-06T01:04:48.654+0100][2.542s][info][gc             ] GC(17) Pause Full (System.gc()) 199M->198M(1036M) 7.894ms
[2026-05-06T01:04:48.654+0100][2.542s][info][gc,cpu         ] GC(17) User=0.03s Sys=0.01s Real=0.01s
[2026-05-06T01:04:48.663+0100][2.550s][info][gc,start       ] GC(18) Pause Young (System.gc())
[2026-05-06T01:04:48.663+0100][2.551s][info][gc,heap        ] GC(18) PSYoungGen: 47617K(605696K)->160K(604672K) Eden: 47617K(589824K)->0K(589824K) From: 0K(15872K)->160K(14848K)
[2026-05-06T01:04:48.663+0100][2.551s][info][gc,heap        ] GC(18) ParOldGen: 203716K(455680K)->203716K(455680K)
[2026-05-06T01:04:48.664+0100][2.551s][info][gc,metaspace   ] GC(18) Metaspace: 18733K(19072K)->18733K(19072K) NonClass: 16503K(16704K)->16503K(16704K) Class: 2230K(2368K)->2230K(2368K)
[2026-05-06T01:04:48.664+0100][2.551s][info][gc             ] GC(18) Pause Young (System.gc()) 245M->199M(1035M) 0.369ms
[2026-05-06T01:04:48.664+0100][2.551s][info][gc,cpu         ] GC(18) User=0.00s Sys=0.00s Real=0.00s
[2026-05-06T01:04:48.664+0100][2.551s][info][gc,start       ] GC(19) Pause Full (System.gc())
[2026-05-06T01:04:48.664+0100][2.551s][info][gc,phases,start] GC(19) Marking Phase
[2026-05-06T01:04:48.669+0100][2.556s][info][gc,phases      ] GC(19) Marking Phase 5.797ms
[2026-05-06T01:04:48.669+0100][2.557s][info][gc,phases,start] GC(19) Summary Phase
[2026-05-06T01:04:48.669+0100][2.557s][info][gc,phases      ] GC(19) Summary Phase 0.007ms
[2026-05-06T01:04:48.669+0100][2.557s][info][gc,phases,start] GC(19) Adjust Roots
[2026-05-06T01:04:48.671+0100][2.558s][info][gc,phases      ] GC(19) Adjust Roots 1.655ms
[2026-05-06T01:04:48.671+0100][2.558s][info][gc,phases,start] GC(19) Compaction Phase
[2026-05-06T01:04:48.673+0100][2.560s][info][gc,phases      ] GC(19) Compaction Phase 1.886ms
[2026-05-06T01:04:48.673+0100][2.560s][info][gc,phases,start] GC(19) Post Compact
[2026-05-06T01:04:48.673+0100][2.560s][info][gc,phases      ] GC(19) Post Compact 0.069ms
[2026-05-06T01:04:48.673+0100][2.560s][info][gc,heap        ] GC(19) PSYoungGen: 160K(604672K)->0K(604672K) Eden: 0K(589824K)->0K(589824K) From: 160K(14848K)->0K(14848K)
[2026-05-06T01:04:48.673+0100][2.560s][info][gc,heap        ] GC(19) ParOldGen: 203716K(455680K)->203719K(455680K)
[2026-05-06T01:04:48.673+0100][2.560s][info][gc,metaspace   ] GC(19) Metaspace: 18733K(19072K)->18733K(19072K) NonClass: 16503K(16704K)->16503K(16704K) Class: 2230K(2368K)->2230K(2368K)
[2026-05-06T01:04:48.673+0100][2.560s][info][gc             ] GC(19) Pause Full (System.gc()) 199M->198M(1035M) 9.506ms
[2026-05-06T01:04:48.673+0100][2.560s][info][gc,cpu         ] GC(19) User=0.04s Sys=0.00s Real=0.01s
[2026-05-06T01:04:48.682+0100][2.569s][info][gc,start       ] GC(20) Pause Young (System.gc())
[2026-05-06T01:04:48.682+0100][2.569s][info][gc,heap        ] GC(20) PSYoungGen: 126280K(604672K)->192K(590336K) Eden: 126280K(589824K)->0K(589824K) From: 0K(14848K)->192K(512K)
[2026-05-06T01:04:48.682+0100][2.569s][info][gc,heap        ] GC(20) ParOldGen: 203719K(455680K)->203719K(455680K)
[2026-05-06T01:04:48.682+0100][2.569s][info][gc,metaspace   ] GC(20) Metaspace: 18737K(19072K)->18737K(19072K) NonClass: 16507K(16704K)->16507K(16704K) Class: 2230K(2368K)->2230K(2368K)
[2026-05-06T01:04:48.682+0100][2.569s][info][gc             ] GC(20) Pause Young (System.gc()) 322M->199M(1021M) 0.305ms
[2026-05-06T01:04:48.682+0100][2.569s][info][gc,cpu         ] GC(20) User=0.00s Sys=0.01s Real=0.00s
[2026-05-06T01:04:48.682+0100][2.569s][info][gc,start       ] GC(21) Pause Full (System.gc())
[2026-05-06T01:04:48.682+0100][2.569s][info][gc,phases,start] GC(21) Marking Phase
[2026-05-06T01:04:48.686+0100][2.574s][info][gc,phases      ] GC(21) Marking Phase 4.504ms
[2026-05-06T01:04:48.686+0100][2.574s][info][gc,phases,start] GC(21) Summary Phase
[2026-05-06T01:04:48.686+0100][2.574s][info][gc,phases      ] GC(21) Summary Phase 0.007ms
[2026-05-06T01:04:48.686+0100][2.574s][info][gc,phases,start] GC(21) Adjust Roots
[2026-05-06T01:04:48.688+0100][2.575s][info][gc,phases      ] GC(21) Adjust Roots 1.682ms
[2026-05-06T01:04:48.688+0100][2.575s][info][gc,phases,start] GC(21) Compaction Phase
[2026-05-06T01:04:48.690+0100][2.577s][info][gc,phases      ] GC(21) Compaction Phase 1.819ms
[2026-05-06T01:04:48.690+0100][2.577s][info][gc,phases,start] GC(21) Post Compact
[2026-05-06T01:04:48.690+0100][2.577s][info][gc,phases      ] GC(21) Post Compact 0.079ms
[2026-05-06T01:04:48.690+0100][2.577s][info][gc,heap        ] GC(21) PSYoungGen: 192K(590336K)->0K(590336K) Eden: 0K(589824K)->0K(589824K) From: 192K(512K)->0K(512K)
[2026-05-06T01:04:48.690+0100][2.577s][info][gc,heap        ] GC(21) ParOldGen: 203719K(455680K)->203719K(455680K)
[2026-05-06T01:04:48.690+0100][2.577s][info][gc,metaspace   ] GC(21) Metaspace: 18737K(19072K)->18737K(19072K) NonClass: 16507K(16704K)->16507K(16704K) Class: 2230K(2368K)->2230K(2368K)
[2026-05-06T01:04:48.690+0100][2.577s][info][gc             ] GC(21) Pause Full (System.gc()) 199M->198M(1021M) 8.199ms
[2026-05-06T01:04:48.690+0100][2.577s][info][gc,cpu         ] GC(21) User=0.03s Sys=0.00s Real=0.01s
[2026-05-06T01:04:48.698+0100][2.585s][info][gc,start       ] GC(22) Pause Young (System.gc())
[2026-05-06T01:04:48.699+0100][2.586s][info][gc,heap        ] GC(22) PSYoungGen: 98749K(590336K)->64K(603648K) Eden: 98749K(589824K)->0K(589824K) From: 0K(512K)->64K(13824K)
[2026-05-06T01:04:48.699+0100][2.586s][info][gc,heap        ] GC(22) ParOldGen: 203719K(455680K)->203719K(455680K)
[2026-05-06T01:04:48.699+0100][2.586s][info][gc,metaspace   ] GC(22) Metaspace: 18747K(19072K)->18747K(19072K) NonClass: 16517K(16704K)->16517K(16704K) Class: 2230K(2368K)->2230K(2368K)
[2026-05-06T01:04:48.699+0100][2.586s][info][gc             ] GC(22) Pause Young (System.gc()) 295M->199M(1034M) 0.279ms
[2026-05-06T01:04:48.699+0100][2.586s][info][gc,cpu         ] GC(22) User=0.00s Sys=0.00s Real=0.00s
[2026-05-06T01:04:48.699+0100][2.586s][info][gc,start       ] GC(23) Pause Full (System.gc())
[2026-05-06T01:04:48.699+0100][2.586s][info][gc,phases,start] GC(23) Marking Phase
[2026-05-06T01:04:48.703+0100][2.590s][info][gc,phases      ] GC(23) Marking Phase 4.351ms
[2026-05-06T01:04:48.703+0100][2.590s][info][gc,phases,start] GC(23) Summary Phase
[2026-05-06T01:04:48.703+0100][2.590s][info][gc,phases      ] GC(23) Summary Phase 0.006ms
[2026-05-06T01:04:48.703+0100][2.590s][info][gc,phases,start] GC(23) Adjust Roots
[2026-05-06T01:04:48.704+0100][2.592s][info][gc,phases      ] GC(23) Adjust Roots 1.566ms
[2026-05-06T01:04:48.705+0100][2.592s][info][gc,phases,start] GC(23) Compaction Phase
[2026-05-06T01:04:48.707+0100][2.594s][info][gc,phases      ] GC(23) Compaction Phase 2.052ms
[2026-05-06T01:04:48.707+0100][2.594s][info][gc,phases,start] GC(23) Post Compact
[2026-05-06T01:04:48.707+0100][2.594s][info][gc,phases      ] GC(23) Post Compact 0.071ms
[2026-05-06T01:04:48.707+0100][2.594s][info][gc,heap        ] GC(23) PSYoungGen: 64K(603648K)->0K(603648K) Eden: 0K(589824K)->0K(589824K) From: 64K(13824K)->0K(13824K)
[2026-05-06T01:04:48.707+0100][2.594s][info][gc,heap        ] GC(23) ParOldGen: 203719K(455680K)->203717K(455680K)
[2026-05-06T01:04:48.707+0100][2.594s][info][gc,metaspace   ] GC(23) Metaspace: 18747K(19072K)->18747K(19072K) NonClass: 16517K(16704K)->16517K(16704K) Class: 2230K(2368K)->2230K(2368K)
[2026-05-06T01:04:48.707+0100][2.594s][info][gc             ] GC(23) Pause Full (System.gc()) 199M->198M(1034M) 8.139ms
[2026-05-06T01:04:48.707+0100][2.594s][info][gc,cpu         ] GC(23) User=0.03s Sys=0.00s Real=0.01s
[2026-05-06T01:04:48.714+0100][2.601s][info][gc,start       ] GC(24) Pause Young (System.gc())
[2026-05-06T01:04:48.714+0100][2.601s][info][gc,heap        ] GC(24) PSYoungGen: 83012K(603648K)->128K(590336K) Eden: 83012K(589824K)->0K(589824K) From: 0K(13824K)->128K(512K)
[2026-05-06T01:04:48.714+0100][2.601s][info][gc,heap        ] GC(24) ParOldGen: 203717K(455680K)->203717K(455680K)
[2026-05-06T01:04:48.714+0100][2.601s][info][gc,metaspace   ] GC(24) Metaspace: 18766K(19072K)->18766K(19072K) NonClass: 16536K(16704K)->16536K(16704K) Class: 2230K(2368K)->2230K(2368K)
[2026-05-06T01:04:48.714+0100][2.601s][info][gc             ] GC(24) Pause Young (System.gc()) 280M->199M(1021M) 0.267ms
[2026-05-06T01:04:48.714+0100][2.601s][info][gc,cpu         ] GC(24) User=0.01s Sys=0.00s Real=0.00s
[2026-05-06T01:04:48.714+0100][2.601s][info][gc,start       ] GC(25) Pause Full (System.gc())
[2026-05-06T01:04:48.714+0100][2.601s][info][gc,phases,start] GC(25) Marking Phase
[2026-05-06T01:04:48.718+0100][2.605s][info][gc,phases      ] GC(25) Marking Phase 3.930ms
[2026-05-06T01:04:48.718+0100][2.605s][info][gc,phases,start] GC(25) Summary Phase
[2026-05-06T01:04:48.718+0100][2.605s][info][gc,phases      ] GC(25) Summary Phase 0.015ms
[2026-05-06T01:04:48.718+0100][2.605s][info][gc,phases,start] GC(25) Adjust Roots
[2026-05-06T01:04:48.719+0100][2.607s][info][gc,phases      ] GC(25) Adjust Roots 1.596ms
[2026-05-06T01:04:48.719+0100][2.607s][info][gc,phases,start] GC(25) Compaction Phase
[2026-05-06T01:04:48.722+0100][2.609s][info][gc,phases      ] GC(25) Compaction Phase 2.691ms
[2026-05-06T01:04:48.722+0100][2.609s][info][gc,phases,start] GC(25) Post Compact
[2026-05-06T01:04:48.722+0100][2.609s][info][gc,phases      ] GC(25) Post Compact 0.084ms
[2026-05-06T01:04:48.722+0100][2.609s][info][gc,heap        ] GC(25) PSYoungGen: 128K(590336K)->0K(590336K) Eden: 0K(589824K)->0K(589824K) From: 128K(512K)->0K(512K)
[2026-05-06T01:04:48.722+0100][2.609s][info][gc,heap        ] GC(25) ParOldGen: 203717K(455680K)->203720K(455680K)
[2026-05-06T01:04:48.722+0100][2.609s][info][gc,metaspace   ] GC(25) Metaspace: 18766K(19072K)->18766K(19072K) NonClass: 16536K(16704K)->16536K(16704K) Class: 2230K(2368K)->2230K(2368K)
[2026-05-06T01:04:48.722+0100][2.609s][info][gc             ] GC(25) Pause Full (System.gc()) 199M->198M(1021M) 8.414ms
[2026-05-06T01:04:48.722+0100][2.609s][info][gc,cpu         ] GC(25) User=0.02s Sys=0.00s Real=0.01s
[2026-05-06T01:04:48.729+0100][2.616s][info][gc,start       ] GC(26) Pause Young (System.gc())
[2026-05-06T01:04:48.729+0100][2.616s][info][gc,heap        ] GC(26) PSYoungGen: 240339K(590336K)->160K(602624K) Eden: 240339K(589824K)->0K(589824K) From: 0K(512K)->160K(12800K)
[2026-05-06T01:04:48.729+0100][2.616s][info][gc,heap        ] GC(26) ParOldGen: 203720K(455680K)->203720K(455680K)
[2026-05-06T01:04:48.729+0100][2.616s][info][gc,metaspace   ] GC(26) Metaspace: 18784K(19136K)->18784K(19136K) NonClass: 16554K(16768K)->16554K(16768K) Class: 2230K(2368K)->2230K(2368K)
[2026-05-06T01:04:48.729+0100][2.616s][info][gc             ] GC(26) Pause Young (System.gc()) 433M->199M(1033M) 0.255ms
[2026-05-06T01:04:48.729+0100][2.616s][info][gc,cpu         ] GC(26) User=0.00s Sys=0.00s Real=0.00s
[2026-05-06T01:04:48.729+0100][2.616s][info][gc,start       ] GC(27) Pause Full (System.gc())
[2026-05-06T01:04:48.729+0100][2.616s][info][gc,phases,start] GC(27) Marking Phase
[2026-05-06T01:04:48.733+0100][2.621s][info][gc,phases      ] GC(27) Marking Phase 4.204ms
[2026-05-06T01:04:48.733+0100][2.621s][info][gc,phases,start] GC(27) Summary Phase
[2026-05-06T01:04:48.733+0100][2.621s][info][gc,phases      ] GC(27) Summary Phase 0.007ms
[2026-05-06T01:04:48.733+0100][2.621s][info][gc,phases,start] GC(27) Adjust Roots
[2026-05-06T01:04:48.735+0100][2.622s][info][gc,phases      ] GC(27) Adjust Roots 1.558ms
[2026-05-06T01:04:48.735+0100][2.622s][info][gc,phases,start] GC(27) Compaction Phase
[2026-05-06T01:04:48.737+0100][2.624s][info][gc,phases      ] GC(27) Compaction Phase 2.021ms
[2026-05-06T01:04:48.737+0100][2.624s][info][gc,phases,start] GC(27) Post Compact
[2026-05-06T01:04:48.737+0100][2.624s][info][gc,phases      ] GC(27) Post Compact 0.067ms
[2026-05-06T01:04:48.737+0100][2.624s][info][gc,heap        ] GC(27) PSYoungGen: 160K(602624K)->0K(602624K) Eden: 0K(589824K)->0K(589824K) From: 160K(12800K)->0K(12800K)
[2026-05-06T01:04:48.737+0100][2.624s][info][gc,heap        ] GC(27) ParOldGen: 203720K(455680K)->203721K(455680K)
[2026-05-06T01:04:48.737+0100][2.624s][info][gc,metaspace   ] GC(27) Metaspace: 18784K(19136K)->18784K(19136K) NonClass: 16554K(16768K)->16554K(16768K) Class: 2230K(2368K)->2230K(2368K)
[2026-05-06T01:04:48.737+0100][2.624s][info][gc             ] GC(27) Pause Full (System.gc()) 199M->198M(1033M) 7.942ms
[2026-05-06T01:04:48.737+0100][2.624s][info][gc,cpu         ] GC(27) User=0.02s Sys=0.01s Real=0.01s
[2026-05-06T01:04:48.744+0100][2.632s][info][gc,start       ] GC(28) Pause Young (System.gc())
[2026-05-06T01:04:48.745+0100][2.632s][info][gc,heap        ] GC(28) PSYoungGen: 145956K(602624K)->96K(590336K) Eden: 145956K(589824K)->0K(589824K) From: 0K(12800K)->96K(512K)
[2026-05-06T01:04:48.745+0100][2.632s][info][gc,heap        ] GC(28) ParOldGen: 203721K(455680K)->203721K(455680K)
[2026-05-06T01:04:48.745+0100][2.632s][info][gc,metaspace   ] GC(28) Metaspace: 18807K(19136K)->18807K(19136K) NonClass: 16577K(16768K)->16577K(16768K) Class: 2230K(2368K)->2230K(2368K)
[2026-05-06T01:04:48.745+0100][2.632s][info][gc             ] GC(28) Pause Young (System.gc()) 341M->199M(1021M) 0.271ms
[2026-05-06T01:04:48.745+0100][2.632s][info][gc,cpu         ] GC(28) User=0.00s Sys=0.00s Real=0.00s
[2026-05-06T01:04:48.745+0100][2.632s][info][gc,start       ] GC(29) Pause Full (System.gc())
[2026-05-06T01:04:48.745+0100][2.632s][info][gc,phases,start] GC(29) Marking Phase
[2026-05-06T01:04:48.749+0100][2.637s][info][gc,phases      ] GC(29) Marking Phase 4.672ms
[2026-05-06T01:04:48.749+0100][2.637s][info][gc,phases,start] GC(29) Summary Phase
[2026-05-06T01:04:48.749+0100][2.637s][info][gc,phases      ] GC(29) Summary Phase 0.006ms
[2026-05-06T01:04:48.749+0100][2.637s][info][gc,phases,start] GC(29) Adjust Roots
[2026-05-06T01:04:48.751+0100][2.638s][info][gc,phases      ] GC(29) Adjust Roots 1.674ms
[2026-05-06T01:04:48.751+0100][2.638s][info][gc,phases,start] GC(29) Compaction Phase
[2026-05-06T01:04:48.753+0100][2.640s][info][gc,phases      ] GC(29) Compaction Phase 1.731ms
[2026-05-06T01:04:48.753+0100][2.640s][info][gc,phases,start] GC(29) Post Compact
[2026-05-06T01:04:48.753+0100][2.640s][info][gc,phases      ] GC(29) Post Compact 0.068ms
[2026-05-06T01:04:48.753+0100][2.640s][info][gc,heap        ] GC(29) PSYoungGen: 96K(590336K)->0K(590336K) Eden: 0K(589824K)->0K(589824K) From: 96K(512K)->0K(512K)
[2026-05-06T01:04:48.753+0100][2.640s][info][gc,heap        ] GC(29) ParOldGen: 203721K(455680K)->203717K(455680K)
[2026-05-06T01:04:48.753+0100][2.640s][info][gc,metaspace   ] GC(29) Metaspace: 18807K(19136K)->18807K(19136K) NonClass: 16577K(16768K)->16577K(16768K) Class: 2230K(2368K)->2230K(2368K)
[2026-05-06T01:04:48.753+0100][2.640s][info][gc             ] GC(29) Pause Full (System.gc()) 199M->198M(1021M) 8.239ms
[2026-05-06T01:04:48.753+0100][2.640s][info][gc,cpu         ] GC(29) User=0.03s Sys=0.00s Real=0.01s
[2026-05-06T01:04:48.763+0100][2.650s][info][gc,start       ] GC(30) Pause Young (System.gc())
[2026-05-06T01:04:48.763+0100][2.650s][info][gc,heap        ] GC(30) PSYoungGen: 117939K(590336K)->224K(601600K) Eden: 117939K(589824K)->0K(589824K) From: 0K(512K)->224K(11776K)
[2026-05-06T01:04:48.763+0100][2.650s][info][gc,heap        ] GC(30) ParOldGen: 203717K(455680K)->203717K(455680K)
[2026-05-06T01:04:48.763+0100][2.650s][info][gc,metaspace   ] GC(30) Metaspace: 18821K(19136K)->18821K(19136K) NonClass: 16591K(16768K)->16591K(16768K) Class: 2230K(2368K)->2230K(2368K)
[2026-05-06T01:04:48.763+0100][2.650s][info][gc             ] GC(30) Pause Young (System.gc()) 314M->199M(1032M) 0.301ms
[2026-05-06T01:04:48.763+0100][2.650s][info][gc,cpu         ] GC(30) User=0.00s Sys=0.00s Real=0.00s
[2026-05-06T01:04:48.763+0100][2.650s][info][gc,start       ] GC(31) Pause Full (System.gc())
[2026-05-06T01:04:48.763+0100][2.650s][info][gc,phases,start] GC(31) Marking Phase
[2026-05-06T01:04:48.767+0100][2.654s][info][gc,phases      ] GC(31) Marking Phase 4.438ms
[2026-05-06T01:04:48.767+0100][2.654s][info][gc,phases,start] GC(31) Summary Phase
[2026-05-06T01:04:48.767+0100][2.655s][info][gc,phases      ] GC(31) Summary Phase 0.006ms
[2026-05-06T01:04:48.767+0100][2.655s][info][gc,phases,start] GC(31) Adjust Roots
[2026-05-06T01:04:48.769+0100][2.656s][info][gc,phases      ] GC(31) Adjust Roots 1.513ms
[2026-05-06T01:04:48.769+0100][2.656s][info][gc,phases,start] GC(31) Compaction Phase
[2026-05-06T01:04:48.771+0100][2.658s][info][gc,phases      ] GC(31) Compaction Phase 1.852ms
[2026-05-06T01:04:48.771+0100][2.658s][info][gc,phases,start] GC(31) Post Compact
[2026-05-06T01:04:48.771+0100][2.658s][info][gc,phases      ] GC(31) Post Compact 0.059ms
[2026-05-06T01:04:48.771+0100][2.658s][info][gc,heap        ] GC(31) PSYoungGen: 224K(601600K)->0K(601600K) Eden: 0K(589824K)->0K(589824K) From: 224K(11776K)->0K(11776K)
[2026-05-06T01:04:48.771+0100][2.658s][info][gc,heap        ] GC(31) ParOldGen: 203717K(455680K)->203723K(455680K)
[2026-05-06T01:04:48.771+0100][2.658s][info][gc,metaspace   ] GC(31) Metaspace: 18821K(19136K)->18821K(19136K) NonClass: 16591K(16768K)->16591K(16768K) Class: 2230K(2368K)->2230K(2368K)
[2026-05-06T01:04:48.771+0100][2.658s][info][gc             ] GC(31) Pause Full (System.gc()) 199M->198M(1032M) 7.966ms
[2026-05-06T01:04:48.771+0100][2.658s][info][gc,cpu         ] GC(31) User=0.03s Sys=0.01s Real=0.01s
[2026-05-06T01:04:48.780+0100][2.667s][info][gc,start       ] GC(32) Pause Young (System.gc())
[2026-05-06T01:04:48.780+0100][2.667s][info][gc,heap        ] GC(32) PSYoungGen: 285219K(601600K)->192K(590336K) Eden: 285219K(589824K)->0K(589824K) From: 0K(11776K)->192K(512K)
[2026-05-06T01:04:48.780+0100][2.667s][info][gc,heap        ] GC(32) ParOldGen: 203723K(455680K)->203723K(455680K)
[2026-05-06T01:04:48.780+0100][2.667s][info][gc,metaspace   ] GC(32) Metaspace: 18856K(19200K)->18856K(19200K) NonClass: 16626K(16832K)->16626K(16832K) Class: 2230K(2368K)->2230K(2368K)
[2026-05-06T01:04:48.780+0100][2.667s][info][gc             ] GC(32) Pause Young (System.gc()) 477M->199M(1021M) 0.275ms
[2026-05-06T01:04:48.780+0100][2.667s][info][gc,cpu         ] GC(32) User=0.00s Sys=0.00s Real=0.00s
[2026-05-06T01:04:48.780+0100][2.667s][info][gc,start       ] GC(33) Pause Full (System.gc())
[2026-05-06T01:04:48.780+0100][2.667s][info][gc,phases,start] GC(33) Marking Phase
[2026-05-06T01:04:48.784+0100][2.671s][info][gc,phases      ] GC(33) Marking Phase 4.180ms
[2026-05-06T01:04:48.784+0100][2.671s][info][gc,phases,start] GC(33) Summary Phase
[2026-05-06T01:04:48.784+0100][2.672s][info][gc,phases      ] GC(33) Summary Phase 0.007ms
[2026-05-06T01:04:48.784+0100][2.672s][info][gc,phases,start] GC(33) Adjust Roots
[2026-05-06T01:04:48.786+0100][2.673s][info][gc,phases      ] GC(33) Adjust Roots 1.642ms
[2026-05-06T01:04:48.786+0100][2.673s][info][gc,phases,start] GC(33) Compaction Phase
[2026-05-06T01:04:48.788+0100][2.675s][info][gc,phases      ] GC(33) Compaction Phase 1.914ms
[2026-05-06T01:04:48.788+0100][2.675s][info][gc,phases,start] GC(33) Post Compact
[2026-05-06T01:04:48.788+0100][2.675s][info][gc,phases      ] GC(33) Post Compact 0.061ms
[2026-05-06T01:04:48.788+0100][2.675s][info][gc,heap        ] GC(33) PSYoungGen: 192K(590336K)->0K(590336K) Eden: 0K(589824K)->0K(589824K) From: 192K(512K)->0K(512K)
[2026-05-06T01:04:48.788+0100][2.675s][info][gc,heap        ] GC(33) ParOldGen: 203723K(455680K)->203721K(455680K)
[2026-05-06T01:04:48.788+0100][2.675s][info][gc,metaspace   ] GC(33) Metaspace: 18856K(19200K)->18856K(19200K) NonClass: 16626K(16832K)->16626K(16832K) Class: 2230K(2368K)->2230K(2368K)
[2026-05-06T01:04:48.788+0100][2.675s][info][gc             ] GC(33) Pause Full (System.gc()) 199M->198M(1021M) 7.890ms
[2026-05-06T01:04:48.788+0100][2.675s][info][gc,cpu         ] GC(33) User=0.02s Sys=0.01s Real=0.00s
[2026-05-06T01:04:48.797+0100][2.685s][info][gc,start       ] GC(34) Pause Young (System.gc())
[2026-05-06T01:04:48.798+0100][2.685s][info][gc,heap        ] GC(34) PSYoungGen: 210483K(590336K)->32K(600064K) Eden: 210483K(589824K)->0K(589824K) From: 0K(512K)->32K(10240K)
[2026-05-06T01:04:48.798+0100][2.685s][info][gc,heap        ] GC(34) ParOldGen: 203721K(455680K)->203721K(455680K)
[2026-05-06T01:04:48.798+0100][2.685s][info][gc,metaspace   ] GC(34) Metaspace: 18880K(19200K)->18880K(19200K) NonClass: 16650K(16832K)->16650K(16832K) Class: 2230K(2368K)->2230K(2368K)
[2026-05-06T01:04:48.798+0100][2.685s][info][gc             ] GC(34) Pause Young (System.gc()) 404M->198M(1031M) 0.353ms
[2026-05-06T01:04:48.798+0100][2.685s][info][gc,cpu         ] GC(34) User=0.00s Sys=0.00s Real=0.00s
[2026-05-06T01:04:48.798+0100][2.685s][info][gc,start       ] GC(35) Pause Full (System.gc())
[2026-05-06T01:04:48.798+0100][2.685s][info][gc,phases,start] GC(35) Marking Phase
[2026-05-06T01:04:48.802+0100][2.689s][info][gc,phases      ] GC(35) Marking Phase 4.215ms
[2026-05-06T01:04:48.802+0100][2.689s][info][gc,phases,start] GC(35) Summary Phase
[2026-05-06T01:04:48.802+0100][2.689s][info][gc,phases      ] GC(35) Summary Phase 0.007ms
[2026-05-06T01:04:48.802+0100][2.689s][info][gc,phases,start] GC(35) Adjust Roots
[2026-05-06T01:04:48.804+0100][2.691s][info][gc,phases      ] GC(35) Adjust Roots 1.631ms
[2026-05-06T01:04:48.804+0100][2.691s][info][gc,phases,start] GC(35) Compaction Phase
[2026-05-06T01:04:48.806+0100][2.693s][info][gc,phases      ] GC(35) Compaction Phase 1.875ms
[2026-05-06T01:04:48.806+0100][2.693s][info][gc,phases,start] GC(35) Post Compact
[2026-05-06T01:04:48.806+0100][2.693s][info][gc,phases      ] GC(35) Post Compact 0.071ms
[2026-05-06T01:04:48.806+0100][2.693s][info][gc,heap        ] GC(35) PSYoungGen: 32K(600064K)->0K(600064K) Eden: 0K(589824K)->0K(589824K) From: 32K(10240K)->0K(10240K)
[2026-05-06T01:04:48.806+0100][2.693s][info][gc,heap        ] GC(35) ParOldGen: 203721K(455680K)->203718K(455680K)
[2026-05-06T01:04:48.806+0100][2.693s][info][gc,metaspace   ] GC(35) Metaspace: 18880K(19200K)->18880K(19200K) NonClass: 16650K(16832K)->16650K(16832K) Class: 2230K(2368K)->2230K(2368K)
[2026-05-06T01:04:48.806+0100][2.693s][info][gc             ] GC(35) Pause Full (System.gc()) 198M->198M(1031M) 7.914ms
[2026-05-06T01:04:48.806+0100][2.693s][info][gc,cpu         ] GC(35) User=0.02s Sys=0.00s Real=0.01s
[2026-05-06T01:04:48.816+0100][2.704s][info][gc,start       ] GC(36) Pause Young (System.gc())
[2026-05-06T01:04:48.817+0100][2.704s][info][gc,heap        ] GC(36) PSYoungGen: 120898K(600064K)->96K(590336K) Eden: 120898K(589824K)->0K(589824K) From: 0K(10240K)->96K(512K)
[2026-05-06T01:04:48.817+0100][2.704s][info][gc,heap        ] GC(36) ParOldGen: 203718K(455680K)->203718K(455680K)
[2026-05-06T01:04:48.817+0100][2.704s][info][gc,metaspace   ] GC(36) Metaspace: 18887K(19200K)->18887K(19200K) NonClass: 16657K(16832K)->16657K(16832K) Class: 2230K(2368K)->2230K(2368K)
[2026-05-06T01:04:48.817+0100][2.704s][info][gc             ] GC(36) Pause Young (System.gc()) 317M->199M(1021M) 0.373ms
[2026-05-06T01:04:48.817+0100][2.704s][info][gc,cpu         ] GC(36) User=0.00s Sys=0.00s Real=0.00s
[2026-05-06T01:04:48.817+0100][2.704s][info][gc,start       ] GC(37) Pause Full (System.gc())
[2026-05-06T01:04:48.817+0100][2.704s][info][gc,phases,start] GC(37) Marking Phase
[2026-05-06T01:04:48.822+0100][2.709s][info][gc,phases      ] GC(37) Marking Phase 5.103ms
[2026-05-06T01:04:48.822+0100][2.709s][info][gc,phases,start] GC(37) Summary Phase
[2026-05-06T01:04:48.822+0100][2.709s][info][gc,phases      ] GC(37) Summary Phase 0.006ms
[2026-05-06T01:04:48.822+0100][2.709s][info][gc,phases,start] GC(37) Adjust Roots
[2026-05-06T01:04:48.824+0100][2.711s][info][gc,phases      ] GC(37) Adjust Roots 1.658ms
[2026-05-06T01:04:48.824+0100][2.711s][info][gc,phases,start] GC(37) Compaction Phase
[2026-05-06T01:04:48.826+0100][2.713s][info][gc,phases      ] GC(37) Compaction Phase 2.028ms
[2026-05-06T01:04:48.826+0100][2.713s][info][gc,phases,start] GC(37) Post Compact
[2026-05-06T01:04:48.826+0100][2.713s][info][gc,phases      ] GC(37) Post Compact 0.077ms
[2026-05-06T01:04:48.826+0100][2.713s][info][gc,heap        ] GC(37) PSYoungGen: 96K(590336K)->0K(590336K) Eden: 0K(589824K)->0K(589824K) From: 96K(512K)->0K(512K)
[2026-05-06T01:04:48.826+0100][2.713s][info][gc,heap        ] GC(37) ParOldGen: 203718K(455680K)->203724K(455680K)
[2026-05-06T01:04:48.826+0100][2.713s][info][gc,metaspace   ] GC(37) Metaspace: 18887K(19200K)->18887K(19200K) NonClass: 16657K(16832K)->16657K(16832K) Class: 2230K(2368K)->2230K(2368K)
[2026-05-06T01:04:48.826+0100][2.713s][info][gc             ] GC(37) Pause Full (System.gc()) 199M->198M(1021M) 8.994ms
[2026-05-06T01:04:48.826+0100][2.713s][info][gc,cpu         ] GC(37) User=0.03s Sys=0.01s Real=0.01s
[2026-05-06T01:04:48.836+0100][2.723s][info][gc,start       ] GC(38) Pause Young (System.gc())
[2026-05-06T01:04:48.836+0100][2.723s][info][gc,heap        ] GC(38) PSYoungGen: 317109K(590336K)->128K(599040K) Eden: 317109K(589824K)->0K(589824K) From: 0K(512K)->128K(9216K)
[2026-05-06T01:04:48.836+0100][2.723s][info][gc,heap        ] GC(38) ParOldGen: 203724K(455680K)->203724K(455680K)
[2026-05-06T01:04:48.836+0100][2.724s][info][gc,metaspace   ] GC(38) Metaspace: 18910K(19264K)->18910K(19264K) NonClass: 16680K(16896K)->16680K(16896K) Class: 2230K(2368K)->2230K(2368K)
[2026-05-06T01:04:48.836+0100][2.724s][info][gc             ] GC(38) Pause Young (System.gc()) 508M->199M(1030M) 0.298ms
[2026-05-06T01:04:48.836+0100][2.724s][info][gc,cpu         ] GC(38) User=0.01s Sys=0.00s Real=0.00s
[2026-05-06T01:04:48.836+0100][2.724s][info][gc,start       ] GC(39) Pause Full (System.gc())
[2026-05-06T01:04:48.836+0100][2.724s][info][gc,phases,start] GC(39) Marking Phase
[2026-05-06T01:04:48.841+0100][2.729s][info][gc,phases      ] GC(39) Marking Phase 4.974ms
[2026-05-06T01:04:48.841+0100][2.729s][info][gc,phases,start] GC(39) Summary Phase
[2026-05-06T01:04:48.841+0100][2.729s][info][gc,phases      ] GC(39) Summary Phase 0.008ms
[2026-05-06T01:04:48.841+0100][2.729s][info][gc,phases,start] GC(39) Adjust Roots
[2026-05-06T01:04:48.843+0100][2.730s][info][gc,phases      ] GC(39) Adjust Roots 1.838ms
[2026-05-06T01:04:48.843+0100][2.730s][info][gc,phases,start] GC(39) Compaction Phase
[2026-05-06T01:04:48.845+0100][2.733s][info][gc,phases      ] GC(39) Compaction Phase 2.120ms
[2026-05-06T01:04:48.845+0100][2.733s][info][gc,phases,start] GC(39) Post Compact
[2026-05-06T01:04:48.845+0100][2.733s][info][gc,phases      ] GC(39) Post Compact 0.082ms
[2026-05-06T01:04:48.845+0100][2.733s][info][gc,heap        ] GC(39) PSYoungGen: 128K(599040K)->0K(599040K) Eden: 0K(589824K)->0K(589824K) From: 128K(9216K)->0K(9216K)
[2026-05-06T01:04:48.846+0100][2.733s][info][gc,heap        ] GC(39) ParOldGen: 203724K(455680K)->203722K(455680K)
[2026-05-06T01:04:48.846+0100][2.733s][info][gc,metaspace   ] GC(39) Metaspace: 18910K(19264K)->18910K(19264K) NonClass: 16680K(16896K)->16680K(16896K) Class: 2230K(2368K)->2230K(2368K)
[2026-05-06T01:04:48.846+0100][2.733s][info][gc             ] GC(39) Pause Full (System.gc()) 199M->198M(1030M) 9.131ms
[2026-05-06T01:04:48.846+0100][2.733s][info][gc,cpu         ] GC(39) User=0.02s Sys=0.00s Real=0.01s
[2026-05-06T01:04:48.857+0100][2.744s][info][gc,start       ] GC(40) Pause Young (System.gc())
[2026-05-06T01:04:48.858+0100][2.745s][info][gc,heap        ] GC(40) PSYoungGen: 236937K(599040K)->7488K(599552K) Eden: 236937K(589824K)->0K(589824K) From: 0K(9216K)->7488K(9728K)
[2026-05-06T01:04:48.858+0100][2.745s][info][gc,heap        ] GC(40) ParOldGen: 203722K(455680K)->203722K(455680K)
[2026-05-06T01:04:48.858+0100][2.745s][info][gc,metaspace   ] GC(40) Metaspace: 18915K(19264K)->18915K(19264K) NonClass: 16685K(16896K)->16685K(16896K) Class: 2230K(2368K)->2230K(2368K)
[2026-05-06T01:04:48.858+0100][2.745s][info][gc             ] GC(40) Pause Young (System.gc()) 430M->206M(1030M) 0.794ms
[2026-05-06T01:04:48.858+0100][2.745s][info][gc,cpu         ] GC(40) User=0.00s Sys=0.00s Real=0.00s
[2026-05-06T01:04:48.858+0100][2.745s][info][gc,start       ] GC(41) Pause Full (System.gc())
[2026-05-06T01:04:48.858+0100][2.745s][info][gc,phases,start] GC(41) Marking Phase
[2026-05-06T01:04:48.863+0100][2.750s][info][gc,phases      ] GC(41) Marking Phase 4.775ms
[2026-05-06T01:04:48.863+0100][2.750s][info][gc,phases,start] GC(41) Summary Phase
[2026-05-06T01:04:48.863+0100][2.750s][info][gc,phases      ] GC(41) Summary Phase 0.006ms
[2026-05-06T01:04:48.863+0100][2.750s][info][gc,phases,start] GC(41) Adjust Roots
[2026-05-06T01:04:48.864+0100][2.751s][info][gc,phases      ] GC(41) Adjust Roots 1.601ms
[2026-05-06T01:04:48.864+0100][2.751s][info][gc,phases,start] GC(41) Compaction Phase
[2026-05-06T01:04:48.866+0100][2.753s][info][gc,phases      ] GC(41) Compaction Phase 1.878ms
[2026-05-06T01:04:48.866+0100][2.753s][info][gc,phases,start] GC(41) Post Compact
[2026-05-06T01:04:48.866+0100][2.753s][info][gc,phases      ] GC(41) Post Compact 0.070ms
[2026-05-06T01:04:48.866+0100][2.753s][info][gc,heap        ] GC(41) PSYoungGen: 7488K(599552K)->0K(599552K) Eden: 0K(589824K)->0K(589824K) From: 7488K(9728K)->0K(9728K)
[2026-05-06T01:04:48.866+0100][2.753s][info][gc,heap        ] GC(41) ParOldGen: 203722K(455680K)->204621K(455680K)
[2026-05-06T01:04:48.866+0100][2.753s][info][gc,metaspace   ] GC(41) Metaspace: 18915K(19264K)->18915K(19264K) NonClass: 16685K(16896K)->16685K(16896K) Class: 2230K(2368K)->2230K(2368K)
[2026-05-06T01:04:48.866+0100][2.753s][info][gc             ] GC(41) Pause Full (System.gc()) 206M->199M(1030M) 8.434ms
[2026-05-06T01:04:48.866+0100][2.753s][info][gc,cpu         ] GC(41) User=0.03s Sys=0.00s Real=0.01s
[2026-05-06T01:04:48.879+0100][2.766s][info][gc,start       ] GC(42) Pause Young (System.gc())
[2026-05-06T01:04:48.879+0100][2.766s][info][gc,heap        ] GC(42) PSYoungGen: 154377K(599552K)->256K(600064K) Eden: 154377K(589824K)->0K(589824K) From: 0K(9728K)->256K(10240K)
[2026-05-06T01:04:48.879+0100][2.766s][info][gc,heap        ] GC(42) ParOldGen: 204621K(455680K)->204621K(455680K)
[2026-05-06T01:04:48.879+0100][2.766s][info][gc,metaspace   ] GC(42) Metaspace: 18920K(19264K)->18920K(19264K) NonClass: 16690K(16896K)->16690K(16896K) Class: 2230K(2368K)->2230K(2368K)
[2026-05-06T01:04:48.879+0100][2.766s][info][gc             ] GC(42) Pause Young (System.gc()) 350M->200M(1031M) 0.305ms
[2026-05-06T01:04:48.879+0100][2.766s][info][gc,cpu         ] GC(42) User=0.00s Sys=0.00s Real=0.00s
[2026-05-06T01:04:48.879+0100][2.766s][info][gc,start       ] GC(43) Pause Full (System.gc())
[2026-05-06T01:04:48.879+0100][2.766s][info][gc,phases,start] GC(43) Marking Phase
[2026-05-06T01:04:48.884+0100][2.771s][info][gc,phases      ] GC(43) Marking Phase 4.971ms
[2026-05-06T01:04:48.884+0100][2.771s][info][gc,phases,start] GC(43) Summary Phase
[2026-05-06T01:04:48.884+0100][2.771s][info][gc,phases      ] GC(43) Summary Phase 0.006ms
[2026-05-06T01:04:48.884+0100][2.771s][info][gc,phases,start] GC(43) Adjust Roots
[2026-05-06T01:04:48.886+0100][2.773s][info][gc,phases      ] GC(43) Adjust Roots 1.571ms
[2026-05-06T01:04:48.886+0100][2.773s][info][gc,phases,start] GC(43) Compaction Phase
[2026-05-06T01:04:48.888+0100][2.775s][info][gc,phases      ] GC(43) Compaction Phase 1.929ms
[2026-05-06T01:04:48.888+0100][2.775s][info][gc,phases,start] GC(43) Post Compact
[2026-05-06T01:04:48.888+0100][2.775s][info][gc,phases      ] GC(43) Post Compact 0.082ms
[2026-05-06T01:04:48.888+0100][2.775s][info][gc,heap        ] GC(43) PSYoungGen: 256K(600064K)->0K(600064K) Eden: 0K(589824K)->0K(589824K) From: 256K(10240K)->0K(10240K)
[2026-05-06T01:04:48.888+0100][2.775s][info][gc,heap        ] GC(43) ParOldGen: 204621K(455680K)->203728K(455680K)
[2026-05-06T01:04:48.888+0100][2.775s][info][gc,metaspace   ] GC(43) Metaspace: 18920K(19264K)->18920K(19264K) NonClass: 16690K(16896K)->16690K(16896K) Class: 2230K(2368K)->2230K(2368K)
[2026-05-06T01:04:48.888+0100][2.775s][info][gc             ] GC(43) Pause Full (System.gc()) 200M->198M(1031M) 8.660ms
[2026-05-06T01:04:48.888+0100][2.775s][info][gc,cpu         ] GC(43) User=0.03s Sys=0.00s Real=0.01s
[2026-05-06T01:04:48.899+0100][2.786s][info][gc,start       ] GC(44) Pause Young (System.gc())
[2026-05-06T01:04:48.899+0100][2.786s][info][gc,heap        ] GC(44) PSYoungGen: 323950K(600064K)->256K(590336K) Eden: 323950K(589824K)->0K(589824K) From: 0K(10240K)->256K(512K)
[2026-05-06T01:04:48.899+0100][2.786s][info][gc,heap        ] GC(44) ParOldGen: 203728K(455680K)->203728K(455680K)
[2026-05-06T01:04:48.899+0100][2.786s][info][gc,metaspace   ] GC(44) Metaspace: 18923K(19264K)->18923K(19264K) NonClass: 16693K(16896K)->16693K(16896K) Class: 2230K(2368K)->2230K(2368K)
[2026-05-06T01:04:48.899+0100][2.786s][info][gc             ] GC(44) Pause Young (System.gc()) 515M->199M(1021M) 0.242ms
[2026-05-06T01:04:48.899+0100][2.786s][info][gc,cpu         ] GC(44) User=0.00s Sys=0.00s Real=0.00s
[2026-05-06T01:04:48.899+0100][2.787s][info][gc,start       ] GC(45) Pause Full (System.gc())
[2026-05-06T01:04:48.899+0100][2.787s][info][gc,phases,start] GC(45) Marking Phase
[2026-05-06T01:04:48.904+0100][2.791s][info][gc,phases      ] GC(45) Marking Phase 4.974ms
[2026-05-06T01:04:48.904+0100][2.792s][info][gc,phases,start] GC(45) Summary Phase
[2026-05-06T01:04:48.904+0100][2.792s][info][gc,phases      ] GC(45) Summary Phase 0.006ms
[2026-05-06T01:04:48.904+0100][2.792s][info][gc,phases,start] GC(45) Adjust Roots
[2026-05-06T01:04:48.906+0100][2.793s][info][gc,phases      ] GC(45) Adjust Roots 1.740ms
[2026-05-06T01:04:48.906+0100][2.793s][info][gc,phases,start] GC(45) Compaction Phase
[2026-05-06T01:04:48.908+0100][2.795s][info][gc,phases      ] GC(45) Compaction Phase 1.846ms
[2026-05-06T01:04:48.908+0100][2.795s][info][gc,phases,start] GC(45) Post Compact
[2026-05-06T01:04:48.908+0100][2.795s][info][gc,phases      ] GC(45) Post Compact 0.064ms
[2026-05-06T01:04:48.908+0100][2.795s][info][gc,heap        ] GC(45) PSYoungGen: 256K(590336K)->0K(590336K) Eden: 0K(589824K)->0K(589824K) From: 256K(512K)->0K(512K)
[2026-05-06T01:04:48.908+0100][2.795s][info][gc,heap        ] GC(45) ParOldGen: 203728K(455680K)->203729K(455680K)
[2026-05-06T01:04:48.908+0100][2.795s][info][gc,metaspace   ] GC(45) Metaspace: 18923K(19264K)->18923K(19264K) NonClass: 16693K(16896K)->16693K(16896K) Class: 2230K(2368K)->2230K(2368K)
[2026-05-06T01:04:48.908+0100][2.795s][info][gc             ] GC(45) Pause Full (System.gc()) 199M->198M(1021M) 8.724ms
[2026-05-06T01:04:48.908+0100][2.795s][info][gc,cpu         ] GC(45) User=0.03s Sys=0.00s Real=0.01s
[2026-05-06T01:04:48.935+0100][2.823s][info][gc,start       ] GC(46) Pause Young (System.gc())
[2026-05-06T01:04:48.936+0100][2.823s][info][gc,heap        ] GC(46) PSYoungGen: 205169K(590336K)->256K(598528K) Eden: 205169K(589824K)->0K(589824K) From: 0K(512K)->256K(8704K)
[2026-05-06T01:04:48.936+0100][2.823s][info][gc,heap        ] GC(46) ParOldGen: 203729K(455680K)->203729K(455680K)
[2026-05-06T01:04:48.936+0100][2.823s][info][gc,metaspace   ] GC(46) Metaspace: 18954K(19264K)->18954K(19264K) NonClass: 16724K(16896K)->16724K(16896K) Class: 2230K(2368K)->2230K(2368K)
[2026-05-06T01:04:48.936+0100][2.823s][info][gc             ] GC(46) Pause Young (System.gc()) 399M->199M(1029M) 0.333ms
[2026-05-06T01:04:48.936+0100][2.823s][info][gc,cpu         ] GC(46) User=0.00s Sys=0.00s Real=0.00s
[2026-05-06T01:04:48.936+0100][2.823s][info][gc,start       ] GC(47) Pause Full (System.gc())
[2026-05-06T01:04:48.936+0100][2.823s][info][gc,phases,start] GC(47) Marking Phase
[2026-05-06T01:04:48.941+0100][2.828s][info][gc,phases      ] GC(47) Marking Phase 5.143ms
[2026-05-06T01:04:48.941+0100][2.828s][info][gc,phases,start] GC(47) Summary Phase
[2026-05-06T01:04:48.941+0100][2.828s][info][gc,phases      ] GC(47) Summary Phase 0.007ms
[2026-05-06T01:04:48.941+0100][2.828s][info][gc,phases,start] GC(47) Adjust Roots
[2026-05-06T01:04:48.943+0100][2.830s][info][gc,phases      ] GC(47) Adjust Roots 1.828ms
[2026-05-06T01:04:48.943+0100][2.830s][info][gc,phases,start] GC(47) Compaction Phase
[2026-05-06T01:04:48.948+0100][2.835s][info][gc,phases      ] GC(47) Compaction Phase 5.049ms
[2026-05-06T01:04:48.948+0100][2.835s][info][gc,phases,start] GC(47) Post Compact
[2026-05-06T01:04:48.948+0100][2.835s][info][gc,phases      ] GC(47) Post Compact 0.069ms
[2026-05-06T01:04:48.948+0100][2.835s][info][gc,heap        ] GC(47) PSYoungGen: 256K(598528K)->0K(598528K) Eden: 0K(589824K)->0K(589824K) From: 256K(8704K)->0K(8704K)
[2026-05-06T01:04:48.948+0100][2.835s][info][gc,heap        ] GC(47) ParOldGen: 203729K(455680K)->203727K(455680K)
[2026-05-06T01:04:48.948+0100][2.835s][info][gc,metaspace   ] GC(47) Metaspace: 18954K(19264K)->18954K(19264K) NonClass: 16724K(16896K)->16724K(16896K) Class: 2230K(2368K)->2230K(2368K)
[2026-05-06T01:04:48.948+0100][2.835s][info][gc             ] GC(47) Pause Full (System.gc()) 199M->198M(1029M) 12.214ms
[2026-05-06T01:04:48.948+0100][2.835s][info][gc,cpu         ] GC(47) User=0.07s Sys=0.00s Real=0.01s
[2026-05-06T01:04:48.974+0100][2.861s][info][gc,start       ] GC(48) Pause Young (System.gc())
[2026-05-06T01:04:48.974+0100][2.861s][info][gc,heap        ] GC(48) PSYoungGen: 23588K(598528K)->32K(590336K) Eden: 23588K(589824K)->0K(589824K) From: 0K(8704K)->32K(512K)
[2026-05-06T01:04:48.974+0100][2.861s][info][gc,heap        ] GC(48) ParOldGen: 203727K(455680K)->203727K(455680K)
[2026-05-06T01:04:48.974+0100][2.861s][info][gc,metaspace   ] GC(48) Metaspace: 18968K(19264K)->18968K(19264K) NonClass: 16738K(16896K)->16738K(16896K) Class: 2230K(2368K)->2230K(2368K)
[2026-05-06T01:04:48.974+0100][2.861s][info][gc             ] GC(48) Pause Young (System.gc()) 221M->198M(1021M) 0.268ms
[2026-05-06T01:04:48.974+0100][2.861s][info][gc,cpu         ] GC(48) User=0.00s Sys=0.00s Real=0.00s
[2026-05-06T01:04:48.974+0100][2.861s][info][gc,start       ] GC(49) Pause Full (System.gc())
[2026-05-06T01:04:48.974+0100][2.861s][info][gc,phases,start] GC(49) Marking Phase
[2026-05-06T01:04:48.978+0100][2.866s][info][gc,phases      ] GC(49) Marking Phase 4.237ms
[2026-05-06T01:04:48.978+0100][2.866s][info][gc,phases,start] GC(49) Summary Phase
[2026-05-06T01:04:48.978+0100][2.866s][info][gc,phases      ] GC(49) Summary Phase 0.005ms
[2026-05-06T01:04:48.978+0100][2.866s][info][gc,phases,start] GC(49) Adjust Roots
[2026-05-06T01:04:48.980+0100][2.867s][info][gc,phases      ] GC(49) Adjust Roots 1.656ms
[2026-05-06T01:04:48.980+0100][2.867s][info][gc,phases,start] GC(49) Compaction Phase
[2026-05-06T01:04:48.982+0100][2.869s][info][gc,phases      ] GC(49) Compaction Phase 1.955ms
[2026-05-06T01:04:48.982+0100][2.869s][info][gc,phases,start] GC(49) Post Compact
[2026-05-06T01:04:48.982+0100][2.869s][info][gc,phases      ] GC(49) Post Compact 0.065ms
[2026-05-06T01:04:48.982+0100][2.869s][info][gc,heap        ] GC(49) PSYoungGen: 32K(590336K)->0K(590336K) Eden: 0K(589824K)->0K(589824K) From: 32K(512K)->0K(512K)
[2026-05-06T01:04:48.982+0100][2.869s][info][gc,heap        ] GC(49) ParOldGen: 203727K(455680K)->203727K(455680K)
[2026-05-06T01:04:48.982+0100][2.869s][info][gc,metaspace   ] GC(49) Metaspace: 18968K(19264K)->18968K(19264K) NonClass: 16738K(16896K)->16738K(16896K) Class: 2230K(2368K)->2230K(2368K)
[2026-05-06T01:04:48.982+0100][2.869s][info][gc             ] GC(49) Pause Full (System.gc()) 198M->198M(1021M) 8.008ms
[2026-05-06T01:04:48.982+0100][2.869s][info][gc,cpu         ] GC(49) User=0.03s Sys=0.00s Real=0.01s
[2026-05-06T01:04:48.987+0100][2.874s][info][gc,start       ] GC(50) Pause Young (System.gc())
[2026-05-06T01:04:48.987+0100][2.874s][info][gc,heap        ] GC(50) PSYoungGen: 23590K(590336K)->32K(598528K) Eden: 23590K(589824K)->0K(589824K) From: 0K(512K)->32K(8704K)
[2026-05-06T01:04:48.987+0100][2.874s][info][gc,heap        ] GC(50) ParOldGen: 203727K(455680K)->203727K(455680K)
[2026-05-06T01:04:48.987+0100][2.874s][info][gc,metaspace   ] GC(50) Metaspace: 18970K(19264K)->18970K(19264K) NonClass: 16740K(16896K)->16740K(16896K) Class: 2230K(2368K)->2230K(2368K)
[2026-05-06T01:04:48.987+0100][2.874s][info][gc             ] GC(50) Pause Young (System.gc()) 221M->198M(1029M) 0.288ms
[2026-05-06T01:04:48.987+0100][2.874s][info][gc,cpu         ] GC(50) User=0.00s Sys=0.00s Real=0.00s
[2026-05-06T01:04:48.987+0100][2.874s][info][gc,start       ] GC(51) Pause Full (System.gc())
[2026-05-06T01:04:48.987+0100][2.874s][info][gc,phases,start] GC(51) Marking Phase
[2026-05-06T01:04:48.992+0100][2.880s][info][gc,phases      ] GC(51) Marking Phase 5.029ms
[2026-05-06T01:04:48.992+0100][2.880s][info][gc,phases,start] GC(51) Summary Phase
[2026-05-06T01:04:48.992+0100][2.880s][info][gc,phases      ] GC(51) Summary Phase 0.006ms
[2026-05-06T01:04:48.992+0100][2.880s][info][gc,phases,start] GC(51) Adjust Roots
[2026-05-06T01:04:48.994+0100][2.881s][info][gc,phases      ] GC(51) Adjust Roots 1.731ms
[2026-05-06T01:04:48.994+0100][2.881s][info][gc,phases,start] GC(51) Compaction Phase
[2026-05-06T01:04:48.996+0100][2.883s][info][gc,phases      ] GC(51) Compaction Phase 2.115ms
[2026-05-06T01:04:48.996+0100][2.883s][info][gc,phases,start] GC(51) Post Compact
[2026-05-06T01:04:48.996+0100][2.883s][info][gc,phases      ] GC(51) Post Compact 0.058ms
[2026-05-06T01:04:48.996+0100][2.883s][info][gc,heap        ] GC(51) PSYoungGen: 32K(598528K)->0K(598528K) Eden: 0K(589824K)->0K(589824K) From: 32K(8704K)->0K(8704K)
[2026-05-06T01:04:48.996+0100][2.883s][info][gc,heap        ] GC(51) ParOldGen: 203727K(455680K)->203727K(455680K)
[2026-05-06T01:04:48.996+0100][2.884s][info][gc,metaspace   ] GC(51) Metaspace: 18970K(19264K)->18970K(19264K) NonClass: 16740K(16896K)->16740K(16896K) Class: 2230K(2368K)->2230K(2368K)
[2026-05-06T01:04:48.996+0100][2.884s][info][gc             ] GC(51) Pause Full (System.gc()) 198M->198M(1029M) 9.031ms
[2026-05-06T01:04:48.996+0100][2.884s][info][gc,cpu         ] GC(51) User=0.04s Sys=0.00s Real=0.01s
[2026-05-06T01:04:49.024+0100][2.911s][info][gc,start       ] GC(52) Pause Young (System.gc())
[2026-05-06T01:04:49.024+0100][2.911s][info][gc,heap        ] GC(52) PSYoungGen: 39426K(598528K)->64K(590336K) Eden: 39426K(589824K)->0K(589824K) From: 0K(8704K)->64K(512K)
[2026-05-06T01:04:49.024+0100][2.911s][info][gc,heap        ] GC(52) ParOldGen: 203727K(455680K)->203727K(455680K)
[2026-05-06T01:04:49.024+0100][2.911s][info][gc,metaspace   ] GC(52) Metaspace: 18970K(19264K)->18970K(19264K) NonClass: 16740K(16896K)->16740K(16896K) Class: 2230K(2368K)->2230K(2368K)
[2026-05-06T01:04:49.024+0100][2.911s][info][gc             ] GC(52) Pause Young (System.gc()) 237M->199M(1021M) 0.304ms
[2026-05-06T01:04:49.024+0100][2.911s][info][gc,cpu         ] GC(52) User=0.00s Sys=0.00s Real=0.00s
[2026-05-06T01:04:49.024+0100][2.911s][info][gc,start       ] GC(53) Pause Full (System.gc())
[2026-05-06T01:04:49.024+0100][2.911s][info][gc,phases,start] GC(53) Marking Phase
[2026-05-06T01:04:49.029+0100][2.916s][info][gc,phases      ] GC(53) Marking Phase 4.885ms
[2026-05-06T01:04:49.029+0100][2.916s][info][gc,phases,start] GC(53) Summary Phase
[2026-05-06T01:04:49.029+0100][2.916s][info][gc,phases      ] GC(53) Summary Phase 0.007ms
[2026-05-06T01:04:49.029+0100][2.916s][info][gc,phases,start] GC(53) Adjust Roots
[2026-05-06T01:04:49.031+0100][2.918s][info][gc,phases      ] GC(53) Adjust Roots 1.518ms
[2026-05-06T01:04:49.031+0100][2.918s][info][gc,phases,start] GC(53) Compaction Phase
[2026-05-06T01:04:49.032+0100][2.920s][info][gc,phases      ] GC(53) Compaction Phase 1.820ms
[2026-05-06T01:04:49.033+0100][2.920s][info][gc,phases,start] GC(53) Post Compact
[2026-05-06T01:04:49.033+0100][2.920s][info][gc,phases      ] GC(53) Post Compact 0.057ms
[2026-05-06T01:04:49.033+0100][2.920s][info][gc,heap        ] GC(53) PSYoungGen: 64K(590336K)->0K(590336K) Eden: 0K(589824K)->0K(589824K) From: 64K(512K)->0K(512K)
[2026-05-06T01:04:49.033+0100][2.920s][info][gc,heap        ] GC(53) ParOldGen: 203727K(455680K)->203727K(455680K)
[2026-05-06T01:04:49.033+0100][2.920s][info][gc,metaspace   ] GC(53) Metaspace: 18970K(19264K)->18970K(19264K) NonClass: 16740K(16896K)->16740K(16896K) Class: 2230K(2368K)->2230K(2368K)
[2026-05-06T01:04:49.033+0100][2.920s][info][gc             ] GC(53) Pause Full (System.gc()) 199M->198M(1021M) 8.362ms
[2026-05-06T01:04:49.033+0100][2.920s][info][gc,cpu         ] GC(53) User=0.03s Sys=0.01s Real=0.01s
[2026-05-06T01:04:49.134+0100][3.021s][info][gc,start       ] GC(54) Pause Young (System.gc())
[2026-05-06T01:04:49.134+0100][3.021s][info][gc,heap        ] GC(54) PSYoungGen: 110160K(590336K)->32K(596992K) Eden: 110160K(589824K)->0K(589824K) From: 0K(512K)->32K(7168K)
[2026-05-06T01:04:49.134+0100][3.021s][info][gc,heap        ] GC(54) ParOldGen: 203727K(455680K)->203727K(455680K)
[2026-05-06T01:04:49.134+0100][3.021s][info][gc,metaspace   ] GC(54) Metaspace: 18970K(19264K)->18970K(19264K) NonClass: 16740K(16896K)->16740K(16896K) Class: 2230K(2368K)->2230K(2368K)
[2026-05-06T01:04:49.134+0100][3.021s][info][gc             ] GC(54) Pause Young (System.gc()) 306M->198M(1028M) 0.319ms
[2026-05-06T01:04:49.134+0100][3.021s][info][gc,cpu         ] GC(54) User=0.00s Sys=0.00s Real=0.00s
[2026-05-06T01:04:49.134+0100][3.021s][info][gc,start       ] GC(55) Pause Full (System.gc())
[2026-05-06T01:04:49.134+0100][3.021s][info][gc,phases,start] GC(55) Marking Phase
[2026-05-06T01:04:49.139+0100][3.026s][info][gc,phases      ] GC(55) Marking Phase 4.623ms
[2026-05-06T01:04:49.139+0100][3.026s][info][gc,phases,start] GC(55) Summary Phase
[2026-05-06T01:04:49.139+0100][3.026s][info][gc,phases      ] GC(55) Summary Phase 0.005ms
[2026-05-06T01:04:49.139+0100][3.026s][info][gc,phases,start] GC(55) Adjust Roots
[2026-05-06T01:04:49.140+0100][3.027s][info][gc,phases      ] GC(55) Adjust Roots 1.710ms
[2026-05-06T01:04:49.140+0100][3.027s][info][gc,phases,start] GC(55) Compaction Phase
[2026-05-06T01:04:49.142+0100][3.029s][info][gc,phases      ] GC(55) Compaction Phase 1.949ms
[2026-05-06T01:04:49.142+0100][3.029s][info][gc,phases,start] GC(55) Post Compact
[2026-05-06T01:04:49.142+0100][3.029s][info][gc,phases      ] GC(55) Post Compact 0.064ms
[2026-05-06T01:04:49.142+0100][3.030s][info][gc,heap        ] GC(55) PSYoungGen: 32K(596992K)->0K(596992K) Eden: 0K(589824K)->0K(589824K) From: 32K(7168K)->0K(7168K)
[2026-05-06T01:04:49.142+0100][3.030s][info][gc,heap        ] GC(55) ParOldGen: 203727K(455680K)->203727K(455680K)
[2026-05-06T01:04:49.142+0100][3.030s][info][gc,metaspace   ] GC(55) Metaspace: 18970K(19264K)->18970K(19264K) NonClass: 16740K(16896K)->16740K(16896K) Class: 2230K(2368K)->2230K(2368K)
[2026-05-06T01:04:49.142+0100][3.030s][info][gc             ] GC(55) Pause Full (System.gc()) 198M->198M(1028M) 8.438ms
[2026-05-06T01:04:49.142+0100][3.030s][info][gc,cpu         ] GC(55) User=0.02s Sys=0.00s Real=0.01s
[2026-05-06T01:04:49.246+0100][3.133s][info][gc,start       ] GC(56) Pause Young (System.gc())
[2026-05-06T01:04:49.246+0100][3.133s][info][gc,heap        ] GC(56) PSYoungGen: 116061K(596992K)->224K(590336K) Eden: 116061K(589824K)->0K(589824K) From: 0K(7168K)->224K(512K)
[2026-05-06T01:04:49.246+0100][3.133s][info][gc,heap        ] GC(56) ParOldGen: 203727K(455680K)->203727K(455680K)
[2026-05-06T01:04:49.246+0100][3.133s][info][gc,metaspace   ] GC(56) Metaspace: 18971K(19264K)->18971K(19264K) NonClass: 16741K(16896K)->16741K(16896K) Class: 2230K(2368K)->2230K(2368K)
[2026-05-06T01:04:49.246+0100][3.133s][info][gc             ] GC(56) Pause Young (System.gc()) 312M->199M(1021M) 0.308ms
[2026-05-06T01:04:49.246+0100][3.133s][info][gc,cpu         ] GC(56) User=0.00s Sys=0.00s Real=0.00s
[2026-05-06T01:04:49.246+0100][3.133s][info][gc,start       ] GC(57) Pause Full (System.gc())
[2026-05-06T01:04:49.246+0100][3.133s][info][gc,phases,start] GC(57) Marking Phase
[2026-05-06T01:04:49.251+0100][3.138s][info][gc,phases      ] GC(57) Marking Phase 5.182ms
[2026-05-06T01:04:49.251+0100][3.138s][info][gc,phases,start] GC(57) Summary Phase
[2026-05-06T01:04:49.251+0100][3.138s][info][gc,phases      ] GC(57) Summary Phase 0.006ms
[2026-05-06T01:04:49.251+0100][3.138s][info][gc,phases,start] GC(57) Adjust Roots
[2026-05-06T01:04:49.253+0100][3.140s][info][gc,phases      ] GC(57) Adjust Roots 1.666ms
[2026-05-06T01:04:49.253+0100][3.140s][info][gc,phases,start] GC(57) Compaction Phase
[2026-05-06T01:04:49.255+0100][3.142s][info][gc,phases      ] GC(57) Compaction Phase 1.894ms
[2026-05-06T01:04:49.255+0100][3.142s][info][gc,phases,start] GC(57) Post Compact
[2026-05-06T01:04:49.255+0100][3.142s][info][gc,phases      ] GC(57) Post Compact 0.057ms
[2026-05-06T01:04:49.255+0100][3.142s][info][gc,heap        ] GC(57) PSYoungGen: 224K(590336K)->0K(590336K) Eden: 0K(589824K)->0K(589824K) From: 224K(512K)->0K(512K)
[2026-05-06T01:04:49.255+0100][3.142s][info][gc,heap        ] GC(57) ParOldGen: 203727K(455680K)->203729K(455680K)
[2026-05-06T01:04:49.255+0100][3.142s][info][gc,metaspace   ] GC(57) Metaspace: 18971K(19264K)->18971K(19264K) NonClass: 16741K(16896K)->16741K(16896K) Class: 2230K(2368K)->2230K(2368K)
[2026-05-06T01:04:49.255+0100][3.142s][info][gc             ] GC(57) Pause Full (System.gc()) 199M->198M(1021M) 8.899ms
[2026-05-06T01:04:49.255+0100][3.142s][info][gc,cpu         ] GC(57) User=0.03s Sys=0.01s Real=0.01s
[2026-05-06T01:04:49.363+0100][3.250s][info][gc,start       ] GC(58) Pause Young (System.gc())
[2026-05-06T01:04:49.363+0100][3.250s][info][gc,heap        ] GC(58) PSYoungGen: 140844K(590336K)->160K(595968K) Eden: 140844K(589824K)->0K(589824K) From: 0K(512K)->160K(6144K)
[2026-05-06T01:04:49.363+0100][3.250s][info][gc,heap        ] GC(58) ParOldGen: 203729K(455680K)->203729K(455680K)
[2026-05-06T01:04:49.363+0100][3.250s][info][gc,metaspace   ] GC(58) Metaspace: 18973K(19264K)->18973K(19264K) NonClass: 16742K(16896K)->16742K(16896K) Class: 2230K(2368K)->2230K(2368K)
[2026-05-06T01:04:49.363+0100][3.250s][info][gc             ] GC(58) Pause Young (System.gc()) 336M->199M(1027M) 0.359ms
[2026-05-06T01:04:49.363+0100][3.250s][info][gc,cpu         ] GC(58) User=0.00s Sys=0.00s Real=0.00s
[2026-05-06T01:04:49.363+0100][3.250s][info][gc,start       ] GC(59) Pause Full (System.gc())
[2026-05-06T01:04:49.363+0100][3.250s][info][gc,phases,start] GC(59) Marking Phase
[2026-05-06T01:04:49.367+0100][3.254s][info][gc,phases      ] GC(59) Marking Phase 4.403ms
[2026-05-06T01:04:49.367+0100][3.254s][info][gc,phases,start] GC(59) Summary Phase
[2026-05-06T01:04:49.367+0100][3.254s][info][gc,phases      ] GC(59) Summary Phase 0.006ms
[2026-05-06T01:04:49.367+0100][3.254s][info][gc,phases,start] GC(59) Adjust Roots
[2026-05-06T01:04:49.369+0100][3.256s][info][gc,phases      ] GC(59) Adjust Roots 1.517ms
[2026-05-06T01:04:49.369+0100][3.256s][info][gc,phases,start] GC(59) Compaction Phase
[2026-05-06T01:04:49.371+0100][3.258s][info][gc,phases      ] GC(59) Compaction Phase 1.833ms
[2026-05-06T01:04:49.371+0100][3.258s][info][gc,phases,start] GC(59) Post Compact
[2026-05-06T01:04:49.371+0100][3.258s][info][gc,phases      ] GC(59) Post Compact 0.051ms
[2026-05-06T01:04:49.371+0100][3.258s][info][gc,heap        ] GC(59) PSYoungGen: 160K(595968K)->0K(595968K) Eden: 0K(589824K)->0K(589824K) From: 160K(6144K)->0K(6144K)
[2026-05-06T01:04:49.371+0100][3.258s][info][gc,heap        ] GC(59) ParOldGen: 203729K(455680K)->203730K(455680K)
[2026-05-06T01:04:49.371+0100][3.258s][info][gc,metaspace   ] GC(59) Metaspace: 18973K(19264K)->18973K(19264K) NonClass: 16742K(16896K)->16742K(16896K) Class: 2230K(2368K)->2230K(2368K)
[2026-05-06T01:04:49.371+0100][3.258s][info][gc             ] GC(59) Pause Full (System.gc()) 199M->198M(1027M) 7.878ms
[2026-05-06T01:04:49.371+0100][3.258s][info][gc,cpu         ] GC(59) User=0.02s Sys=0.00s Real=0.01s
[2026-05-06T01:04:49.461+0100][3.348s][info][gc,start       ] GC(60) Pause Young (System.gc())
[2026-05-06T01:04:49.461+0100][3.348s][info][gc,heap        ] GC(60) PSYoungGen: 139661K(595968K)->32K(590336K) Eden: 139661K(589824K)->0K(589824K) From: 0K(6144K)->32K(512K)
[2026-05-06T01:04:49.461+0100][3.348s][info][gc,heap        ] GC(60) ParOldGen: 203730K(455680K)->203730K(455680K)
[2026-05-06T01:04:49.461+0100][3.348s][info][gc,metaspace   ] GC(60) Metaspace: 18976K(19264K)->18976K(19264K) NonClass: 16746K(16896K)->16746K(16896K) Class: 2230K(2368K)->2230K(2368K)
[2026-05-06T01:04:49.461+0100][3.348s][info][gc             ] GC(60) Pause Young (System.gc()) 335M->198M(1021M) 0.293ms
[2026-05-06T01:04:49.461+0100][3.348s][info][gc,cpu         ] GC(60) User=0.01s Sys=0.01s Real=0.00s
[2026-05-06T01:04:49.461+0100][3.348s][info][gc,start       ] GC(61) Pause Full (System.gc())
[2026-05-06T01:04:49.461+0100][3.348s][info][gc,phases,start] GC(61) Marking Phase
[2026-05-06T01:04:49.466+0100][3.353s][info][gc,phases      ] GC(61) Marking Phase 4.598ms
[2026-05-06T01:04:49.466+0100][3.353s][info][gc,phases,start] GC(61) Summary Phase
[2026-05-06T01:04:49.466+0100][3.353s][info][gc,phases      ] GC(61) Summary Phase 0.006ms
[2026-05-06T01:04:49.466+0100][3.353s][info][gc,phases,start] GC(61) Adjust Roots
[2026-05-06T01:04:49.467+0100][3.355s][info][gc,phases      ] GC(61) Adjust Roots 1.480ms
[2026-05-06T01:04:49.467+0100][3.355s][info][gc,phases,start] GC(61) Compaction Phase
[2026-05-06T01:04:49.469+0100][3.356s][info][gc,phases      ] GC(61) Compaction Phase 1.823ms
[2026-05-06T01:04:49.469+0100][3.356s][info][gc,phases,start] GC(61) Post Compact
[2026-05-06T01:04:49.469+0100][3.356s][info][gc,phases      ] GC(61) Post Compact 0.059ms
[2026-05-06T01:04:49.469+0100][3.356s][info][gc,heap        ] GC(61) PSYoungGen: 32K(590336K)->0K(590336K) Eden: 0K(589824K)->0K(589824K) From: 32K(512K)->0K(512K)
[2026-05-06T01:04:49.469+0100][3.356s][info][gc,heap        ] GC(61) ParOldGen: 203730K(455680K)->203728K(455680K)
[2026-05-06T01:04:49.469+0100][3.356s][info][gc,metaspace   ] GC(61) Metaspace: 18976K(19264K)->18976K(19264K) NonClass: 16746K(16896K)->16746K(16896K) Class: 2230K(2368K)->2230K(2368K)
[2026-05-06T01:04:49.469+0100][3.356s][info][gc             ] GC(61) Pause Full (System.gc()) 198M->198M(1021M) 8.043ms
[2026-05-06T01:04:49.469+0100][3.356s][info][gc,cpu         ] GC(61) User=0.02s Sys=0.00s Real=0.00s
[2026-05-06T01:04:49.523+0100][3.410s][info][gc,start       ] GC(62) Pause Young (System.gc())
[2026-05-06T01:04:49.523+0100][3.410s][info][gc,heap        ] GC(62) PSYoungGen: 133759K(590336K)->192K(594944K) Eden: 133759K(589824K)->0K(589824K) From: 0K(512K)->192K(5120K)
[2026-05-06T01:04:49.523+0100][3.410s][info][gc,heap        ] GC(62) ParOldGen: 203728K(455680K)->203728K(455680K)
[2026-05-06T01:04:49.523+0100][3.410s][info][gc,metaspace   ] GC(62) Metaspace: 18976K(19264K)->18976K(19264K) NonClass: 16746K(16896K)->16746K(16896K) Class: 2230K(2368K)->2230K(2368K)
[2026-05-06T01:04:49.523+0100][3.410s][info][gc             ] GC(62) Pause Young (System.gc()) 329M->199M(1026M) 0.289ms
[2026-05-06T01:04:49.523+0100][3.410s][info][gc,cpu         ] GC(62) User=0.00s Sys=0.00s Real=0.00s
[2026-05-06T01:04:49.523+0100][3.410s][info][gc,start       ] GC(63) Pause Full (System.gc())
[2026-05-06T01:04:49.523+0100][3.410s][info][gc,phases,start] GC(63) Marking Phase
[2026-05-06T01:04:49.528+0100][3.415s][info][gc,phases      ] GC(63) Marking Phase 4.201ms
[2026-05-06T01:04:49.528+0100][3.415s][info][gc,phases,start] GC(63) Summary Phase
[2026-05-06T01:04:49.528+0100][3.415s][info][gc,phases      ] GC(63) Summary Phase 0.005ms
[2026-05-06T01:04:49.528+0100][3.415s][info][gc,phases,start] GC(63) Adjust Roots
[2026-05-06T01:04:49.529+0100][3.416s][info][gc,phases      ] GC(63) Adjust Roots 1.503ms
[2026-05-06T01:04:49.529+0100][3.416s][info][gc,phases,start] GC(63) Compaction Phase
[2026-05-06T01:04:49.531+0100][3.418s][info][gc,phases      ] GC(63) Compaction Phase 2.026ms
[2026-05-06T01:04:49.531+0100][3.418s][info][gc,phases,start] GC(63) Post Compact
[2026-05-06T01:04:49.531+0100][3.418s][info][gc,phases      ] GC(63) Post Compact 0.057ms
[2026-05-06T01:04:49.531+0100][3.418s][info][gc,heap        ] GC(63) PSYoungGen: 192K(594944K)->0K(594944K) Eden: 0K(589824K)->0K(589824K) From: 192K(5120K)->0K(5120K)
[2026-05-06T01:04:49.531+0100][3.418s][info][gc,heap        ] GC(63) ParOldGen: 203728K(455680K)->203730K(455680K)
[2026-05-06T01:04:49.531+0100][3.418s][info][gc,metaspace   ] GC(63) Metaspace: 18976K(19264K)->18976K(19264K) NonClass: 16746K(16896K)->16746K(16896K) Class: 2230K(2368K)->2230K(2368K)
[2026-05-06T01:04:49.531+0100][3.418s][info][gc             ] GC(63) Pause Full (System.gc()) 199M->198M(1026M) 7.870ms
[2026-05-06T01:04:49.531+0100][3.418s][info][gc,cpu         ] GC(63) User=0.02s Sys=0.00s Real=0.01s
[2026-05-06T01:04:49.586+0100][3.473s][info][gc,start       ] GC(64) Pause Young (System.gc())
[2026-05-06T01:04:49.586+0100][3.473s][info][gc,heap        ] GC(64) PSYoungGen: 220188K(594944K)->288K(595456K) Eden: 220188K(589824K)->0K(589824K) From: 0K(5120K)->288K(5632K)
[2026-05-06T01:04:49.586+0100][3.473s][info][gc,heap        ] GC(64) ParOldGen: 203730K(455680K)->203738K(455680K)
[2026-05-06T01:04:49.586+0100][3.473s][info][gc,metaspace   ] GC(64) Metaspace: 18984K(19328K)->18984K(19328K) NonClass: 16754K(16960K)->16754K(16960K) Class: 2230K(2368K)->2230K(2368K)
[2026-05-06T01:04:49.586+0100][3.473s][info][gc             ] GC(64) Pause Young (System.gc()) 413M->199M(1026M) 0.264ms
[2026-05-06T01:04:49.586+0100][3.473s][info][gc,cpu         ] GC(64) User=0.00s Sys=0.00s Real=0.00s
[2026-05-06T01:04:49.586+0100][3.473s][info][gc,start       ] GC(65) Pause Full (System.gc())
[2026-05-06T01:04:49.586+0100][3.473s][info][gc,phases,start] GC(65) Marking Phase
[2026-05-06T01:04:49.591+0100][3.478s][info][gc,phases      ] GC(65) Marking Phase 4.948ms
[2026-05-06T01:04:49.591+0100][3.478s][info][gc,phases,start] GC(65) Summary Phase
[2026-05-06T01:04:49.591+0100][3.478s][info][gc,phases      ] GC(65) Summary Phase 0.007ms
[2026-05-06T01:04:49.591+0100][3.478s][info][gc,phases,start] GC(65) Adjust Roots
[2026-05-06T01:04:49.593+0100][3.480s][info][gc,phases      ] GC(65) Adjust Roots 1.702ms
[2026-05-06T01:04:49.593+0100][3.480s][info][gc,phases,start] GC(65) Compaction Phase
[2026-05-06T01:04:49.595+0100][3.482s][info][gc,phases      ] GC(65) Compaction Phase 1.890ms
[2026-05-06T01:04:49.595+0100][3.482s][info][gc,phases,start] GC(65) Post Compact
[2026-05-06T01:04:49.595+0100][3.482s][info][gc,phases      ] GC(65) Post Compact 0.058ms
[2026-05-06T01:04:49.595+0100][3.482s][info][gc,heap        ] GC(65) PSYoungGen: 288K(595456K)->0K(595456K) Eden: 0K(589824K)->0K(589824K) From: 288K(5632K)->0K(5632K)
[2026-05-06T01:04:49.595+0100][3.482s][info][gc,heap        ] GC(65) ParOldGen: 203738K(455680K)->203731K(455680K)
[2026-05-06T01:04:49.595+0100][3.482s][info][gc,metaspace   ] GC(65) Metaspace: 18984K(19328K)->18984K(19328K) NonClass: 16754K(16960K)->16754K(16960K) Class: 2230K(2368K)->2230K(2368K)
[2026-05-06T01:04:49.595+0100][3.482s][info][gc             ] GC(65) Pause Full (System.gc()) 199M->198M(1026M) 8.689ms
[2026-05-06T01:04:49.595+0100][3.482s][info][gc,cpu         ] GC(65) User=0.03s Sys=0.00s Real=0.01s
[2026-05-06T01:04:49.643+0100][3.530s][info][gc,start       ] GC(66) Pause Young (System.gc())
[2026-05-06T01:04:49.643+0100][3.530s][info][gc,heap        ] GC(66) PSYoungGen: 196688K(595456K)->64K(594432K) Eden: 196688K(589824K)->0K(589824K) From: 0K(5632K)->64K(4608K)
[2026-05-06T01:04:49.643+0100][3.530s][info][gc,heap        ] GC(66) ParOldGen: 203731K(455680K)->203731K(455680K)
[2026-05-06T01:04:49.643+0100][3.530s][info][gc,metaspace   ] GC(66) Metaspace: 18986K(19328K)->18986K(19328K) NonClass: 16756K(16960K)->16756K(16960K) Class: 2230K(2368K)->2230K(2368K)
[2026-05-06T01:04:49.643+0100][3.530s][info][gc             ] GC(66) Pause Young (System.gc()) 391M->199M(1025M) 0.287ms
[2026-05-06T01:04:49.643+0100][3.530s][info][gc,cpu         ] GC(66) User=0.00s Sys=0.00s Real=0.00s
[2026-05-06T01:04:49.643+0100][3.530s][info][gc,start       ] GC(67) Pause Full (System.gc())
[2026-05-06T01:04:49.643+0100][3.530s][info][gc,phases,start] GC(67) Marking Phase
[2026-05-06T01:04:49.648+0100][3.535s][info][gc,phases      ] GC(67) Marking Phase 4.851ms
[2026-05-06T01:04:49.648+0100][3.535s][info][gc,phases,start] GC(67) Summary Phase
[2026-05-06T01:04:49.648+0100][3.535s][info][gc,phases      ] GC(67) Summary Phase 0.007ms
[2026-05-06T01:04:49.648+0100][3.535s][info][gc,phases,start] GC(67) Adjust Roots
[2026-05-06T01:04:49.650+0100][3.537s][info][gc,phases      ] GC(67) Adjust Roots 1.602ms
[2026-05-06T01:04:49.650+0100][3.537s][info][gc,phases,start] GC(67) Compaction Phase
[2026-05-06T01:04:49.652+0100][3.539s][info][gc,phases      ] GC(67) Compaction Phase 1.867ms
[2026-05-06T01:04:49.652+0100][3.539s][info][gc,phases,start] GC(67) Post Compact
[2026-05-06T01:04:49.652+0100][3.539s][info][gc,phases      ] GC(67) Post Compact 0.062ms
[2026-05-06T01:04:49.652+0100][3.539s][info][gc,heap        ] GC(67) PSYoungGen: 64K(594432K)->0K(594432K) Eden: 0K(589824K)->0K(589824K) From: 64K(4608K)->0K(4608K)
[2026-05-06T01:04:49.652+0100][3.539s][info][gc,heap        ] GC(67) ParOldGen: 203731K(455680K)->203729K(455680K)
[2026-05-06T01:04:49.652+0100][3.539s][info][gc,metaspace   ] GC(67) Metaspace: 18986K(19328K)->18986K(19328K) NonClass: 16756K(16960K)->16756K(16960K) Class: 2230K(2368K)->2230K(2368K)
[2026-05-06T01:04:49.652+0100][3.539s][info][gc             ] GC(67) Pause Full (System.gc()) 199M->198M(1025M) 8.484ms
[2026-05-06T01:04:49.652+0100][3.539s][info][gc,cpu         ] GC(67) User=0.03s Sys=0.01s Real=0.01s
[2026-05-06T01:04:49.682+0100][3.569s][info][gc,start       ] GC(68) Pause Young (System.gc())
[2026-05-06T01:04:49.682+0100][3.569s][info][gc,heap        ] GC(68) PSYoungGen: 180951K(594432K)->192K(590336K) Eden: 180951K(589824K)->0K(589824K) From: 0K(4608K)->192K(512K)
[2026-05-06T01:04:49.682+0100][3.569s][info][gc,heap        ] GC(68) ParOldGen: 203729K(455680K)->203729K(455680K)
[2026-05-06T01:04:49.682+0100][3.569s][info][gc,metaspace   ] GC(68) Metaspace: 18986K(19328K)->18986K(19328K) NonClass: 16756K(16960K)->16756K(16960K) Class: 2230K(2368K)->2230K(2368K)
[2026-05-06T01:04:49.682+0100][3.569s][info][gc             ] GC(68) Pause Young (System.gc()) 375M->199M(1021M) 0.362ms
[2026-05-06T01:04:49.682+0100][3.569s][info][gc,cpu         ] GC(68) User=0.00s Sys=0.00s Real=0.00s
[2026-05-06T01:04:49.682+0100][3.569s][info][gc,start       ] GC(69) Pause Full (System.gc())
[2026-05-06T01:04:49.682+0100][3.569s][info][gc,phases,start] GC(69) Marking Phase
[2026-05-06T01:04:49.687+0100][3.574s][info][gc,phases      ] GC(69) Marking Phase 4.415ms
[2026-05-06T01:04:49.687+0100][3.574s][info][gc,phases,start] GC(69) Summary Phase
[2026-05-06T01:04:49.687+0100][3.574s][info][gc,phases      ] GC(69) Summary Phase 0.008ms
[2026-05-06T01:04:49.687+0100][3.574s][info][gc,phases,start] GC(69) Adjust Roots
[2026-05-06T01:04:49.688+0100][3.576s][info][gc,phases      ] GC(69) Adjust Roots 1.665ms
[2026-05-06T01:04:49.688+0100][3.576s][info][gc,phases,start] GC(69) Compaction Phase
[2026-05-06T01:04:49.691+0100][3.578s][info][gc,phases      ] GC(69) Compaction Phase 2.121ms
[2026-05-06T01:04:49.691+0100][3.578s][info][gc,phases,start] GC(69) Post Compact
[2026-05-06T01:04:49.691+0100][3.578s][info][gc,phases      ] GC(69) Post Compact 0.061ms
[2026-05-06T01:04:49.691+0100][3.578s][info][gc,heap        ] GC(69) PSYoungGen: 192K(590336K)->0K(590336K) Eden: 0K(589824K)->0K(589824K) From: 192K(512K)->0K(512K)
[2026-05-06T01:04:49.691+0100][3.578s][info][gc,heap        ] GC(69) ParOldGen: 203729K(455680K)->203732K(455680K)
[2026-05-06T01:04:49.691+0100][3.578s][info][gc,metaspace   ] GC(69) Metaspace: 18986K(19328K)->18986K(19328K) NonClass: 16756K(16960K)->16756K(16960K) Class: 2230K(2368K)->2230K(2368K)
[2026-05-06T01:04:49.691+0100][3.578s][info][gc             ] GC(69) Pause Full (System.gc()) 199M->198M(1021M) 8.360ms
[2026-05-06T01:04:49.691+0100][3.578s][info][gc,cpu         ] GC(69) User=0.03s Sys=0.00s Real=0.01s
[2026-05-06T01:04:49.721+0100][3.608s][info][gc,start       ] GC(70) Pause Young (System.gc())
[2026-05-06T01:04:49.721+0100][3.608s][info][gc,heap        ] GC(70) PSYoungGen: 326481K(590336K)->224K(594432K) Eden: 326481K(589824K)->0K(589824K) From: 0K(512K)->224K(4608K)
[2026-05-06T01:04:49.721+0100][3.608s][info][gc,heap        ] GC(70) ParOldGen: 203732K(455680K)->203732K(455680K)
[2026-05-06T01:04:49.721+0100][3.608s][info][gc,metaspace   ] GC(70) Metaspace: 18987K(19328K)->18987K(19328K) NonClass: 16757K(16960K)->16757K(16960K) Class: 2230K(2368K)->2230K(2368K)
[2026-05-06T01:04:49.721+0100][3.608s][info][gc             ] GC(70) Pause Young (System.gc()) 517M->199M(1025M) 0.259ms
[2026-05-06T01:04:49.721+0100][3.608s][info][gc,cpu         ] GC(70) User=0.00s Sys=0.00s Real=0.00s
[2026-05-06T01:04:49.721+0100][3.608s][info][gc,start       ] GC(71) Pause Full (System.gc())
[2026-05-06T01:04:49.721+0100][3.608s][info][gc,phases,start] GC(71) Marking Phase
[2026-05-06T01:04:49.726+0100][3.613s][info][gc,phases      ] GC(71) Marking Phase 4.708ms
[2026-05-06T01:04:49.726+0100][3.613s][info][gc,phases,start] GC(71) Summary Phase
[2026-05-06T01:04:49.726+0100][3.613s][info][gc,phases      ] GC(71) Summary Phase 0.007ms
[2026-05-06T01:04:49.726+0100][3.613s][info][gc,phases,start] GC(71) Adjust Roots
[2026-05-06T01:04:49.727+0100][3.614s][info][gc,phases      ] GC(71) Adjust Roots 1.562ms
[2026-05-06T01:04:49.727+0100][3.614s][info][gc,phases,start] GC(71) Compaction Phase
[2026-05-06T01:04:49.729+0100][3.616s][info][gc,phases      ] GC(71) Compaction Phase 1.867ms
[2026-05-06T01:04:49.729+0100][3.616s][info][gc,phases,start] GC(71) Post Compact
[2026-05-06T01:04:49.729+0100][3.616s][info][gc,phases      ] GC(71) Post Compact 0.060ms
[2026-05-06T01:04:49.729+0100][3.616s][info][gc,heap        ] GC(71) PSYoungGen: 224K(594432K)->0K(594432K) Eden: 0K(589824K)->0K(589824K) From: 224K(4608K)->0K(4608K)
[2026-05-06T01:04:49.729+0100][3.616s][info][gc,heap        ] GC(71) ParOldGen: 203732K(455680K)->203732K(455680K)
[2026-05-06T01:04:49.729+0100][3.616s][info][gc,metaspace   ] GC(71) Metaspace: 18987K(19328K)->18987K(19328K) NonClass: 16757K(16960K)->16757K(16960K) Class: 2230K(2368K)->2230K(2368K)
[2026-05-06T01:04:49.729+0100][3.616s][info][gc             ] GC(71) Pause Full (System.gc()) 199M->198M(1025M) 8.299ms
[2026-05-06T01:04:49.729+0100][3.616s][info][gc,cpu         ] GC(71) User=0.02s Sys=0.00s Real=0.00s
[2026-05-06T01:04:49.759+0100][3.646s][info][gc,start       ] GC(72) Pause Young (System.gc())
[2026-05-06T01:04:49.759+0100][3.646s][info][gc,heap        ] GC(72) PSYoungGen: 233694K(594432K)->32K(590336K) Eden: 233694K(589824K)->0K(589824K) From: 0K(4608K)->32K(512K)
[2026-05-06T01:04:49.759+0100][3.646s][info][gc,heap        ] GC(72) ParOldGen: 203732K(455680K)->203732K(455680K)
[2026-05-06T01:04:49.759+0100][3.646s][info][gc,metaspace   ] GC(72) Metaspace: 18990K(19328K)->18990K(19328K) NonClass: 16760K(16960K)->16760K(16960K) Class: 2230K(2368K)->2230K(2368K)
[2026-05-06T01:04:49.759+0100][3.646s][info][gc             ] GC(72) Pause Young (System.gc()) 427M->198M(1021M) 0.241ms
[2026-05-06T01:04:49.759+0100][3.646s][info][gc,cpu         ] GC(72) User=0.00s Sys=0.00s Real=0.00s
[2026-05-06T01:04:49.759+0100][3.646s][info][gc,start       ] GC(73) Pause Full (System.gc())
[2026-05-06T01:04:49.759+0100][3.646s][info][gc,phases,start] GC(73) Marking Phase
[2026-05-06T01:04:49.765+0100][3.652s][info][gc,phases      ] GC(73) Marking Phase 5.962ms
[2026-05-06T01:04:49.765+0100][3.652s][info][gc,phases,start] GC(73) Summary Phase
[2026-05-06T01:04:49.765+0100][3.652s][info][gc,phases      ] GC(73) Summary Phase 0.006ms
[2026-05-06T01:04:49.765+0100][3.652s][info][gc,phases,start] GC(73) Adjust Roots
[2026-05-06T01:04:49.767+0100][3.654s][info][gc,phases      ] GC(73) Adjust Roots 1.784ms
[2026-05-06T01:04:49.767+0100][3.654s][info][gc,phases,start] GC(73) Compaction Phase
[2026-05-06T01:04:49.769+0100][3.656s][info][gc,phases      ] GC(73) Compaction Phase 1.824ms
[2026-05-06T01:04:49.769+0100][3.656s][info][gc,phases,start] GC(73) Post Compact
[2026-05-06T01:04:49.769+0100][3.656s][info][gc,phases      ] GC(73) Post Compact 0.068ms
[2026-05-06T01:04:49.769+0100][3.656s][info][gc,heap        ] GC(73) PSYoungGen: 32K(590336K)->0K(590336K) Eden: 0K(589824K)->0K(589824K) From: 32K(512K)->0K(512K)
[2026-05-06T01:04:49.769+0100][3.656s][info][gc,heap        ] GC(73) ParOldGen: 203732K(455680K)->203729K(455680K)
[2026-05-06T01:04:49.769+0100][3.656s][info][gc,metaspace   ] GC(73) Metaspace: 18990K(19328K)->18990K(19328K) NonClass: 16760K(16960K)->16760K(16960K) Class: 2230K(2368K)->2230K(2368K)
[2026-05-06T01:04:49.769+0100][3.656s][info][gc             ] GC(73) Pause Full (System.gc()) 198M->198M(1021M) 9.735ms
[2026-05-06T01:04:49.769+0100][3.656s][info][gc,cpu         ] GC(73) User=0.03s Sys=0.00s Real=0.01s
[2026-05-06T01:04:49.796+0100][3.684s][info][gc,start       ] GC(74) Pause Young (System.gc())
[2026-05-06T01:04:49.797+0100][3.684s][info][gc,heap        ] GC(74) PSYoungGen: 204186K(590336K)->288K(592896K) Eden: 204186K(589824K)->0K(589824K) From: 0K(512K)->288K(3072K)
[2026-05-06T01:04:49.797+0100][3.684s][info][gc,heap        ] GC(74) ParOldGen: 203729K(455680K)->203729K(455680K)
[2026-05-06T01:04:49.797+0100][3.684s][info][gc,metaspace   ] GC(74) Metaspace: 19002K(19328K)->19002K(19328K) NonClass: 16772K(16960K)->16772K(16960K) Class: 2230K(2368K)->2230K(2368K)
[2026-05-06T01:04:49.797+0100][3.684s][info][gc             ] GC(74) Pause Young (System.gc()) 398M->199M(1024M) 0.339ms
[2026-05-06T01:04:49.797+0100][3.684s][info][gc,cpu         ] GC(74) User=0.00s Sys=0.00s Real=0.00s
[2026-05-06T01:04:49.797+0100][3.684s][info][gc,start       ] GC(75) Pause Full (System.gc())
[2026-05-06T01:04:49.797+0100][3.684s][info][gc,phases,start] GC(75) Marking Phase
[2026-05-06T01:04:49.802+0100][3.689s][info][gc,phases      ] GC(75) Marking Phase 5.495ms
[2026-05-06T01:04:49.802+0100][3.689s][info][gc,phases,start] GC(75) Summary Phase
[2026-05-06T01:04:49.802+0100][3.690s][info][gc,phases      ] GC(75) Summary Phase 0.008ms
[2026-05-06T01:04:49.802+0100][3.690s][info][gc,phases,start] GC(75) Adjust Roots
[2026-05-06T01:04:49.804+0100][3.691s][info][gc,phases      ] GC(75) Adjust Roots 1.858ms
[2026-05-06T01:04:49.804+0100][3.691s][info][gc,phases,start] GC(75) Compaction Phase
[2026-05-06T01:04:49.806+0100][3.694s][info][gc,phases      ] GC(75) Compaction Phase 2.129ms
[2026-05-06T01:04:49.806+0100][3.694s][info][gc,phases,start] GC(75) Post Compact
[2026-05-06T01:04:49.806+0100][3.694s][info][gc,phases      ] GC(75) Post Compact 0.083ms
[2026-05-06T01:04:49.806+0100][3.694s][info][gc,heap        ] GC(75) PSYoungGen: 288K(592896K)->0K(592896K) Eden: 0K(589824K)->0K(589824K) From: 288K(3072K)->0K(3072K)
[2026-05-06T01:04:49.807+0100][3.694s][info][gc,heap        ] GC(75) ParOldGen: 203729K(455680K)->203733K(455680K)
[2026-05-06T01:04:49.807+0100][3.694s][info][gc,metaspace   ] GC(75) Metaspace: 19002K(19328K)->19002K(19328K) NonClass: 16772K(16960K)->16772K(16960K) Class: 2230K(2368K)->2230K(2368K)
[2026-05-06T01:04:49.807+0100][3.694s][info][gc             ] GC(75) Pause Full (System.gc()) 199M->198M(1024M) 9.695ms
[2026-05-06T01:04:49.807+0100][3.694s][info][gc,cpu         ] GC(75) User=0.03s Sys=0.01s Real=0.01s
[2026-05-06T01:04:49.837+0100][3.724s][info][gc,start       ] GC(76) Pause Young (System.gc())
[2026-05-06T01:04:49.837+0100][3.724s][info][gc,heap        ] GC(76) PSYoungGen: 436265K(592896K)->288K(593408K) Eden: 436265K(589824K)->0K(589824K) From: 0K(3072K)->288K(3584K)
[2026-05-06T01:04:49.837+0100][3.724s][info][gc,heap        ] GC(76) ParOldGen: 203733K(455680K)->203733K(455680K)
[2026-05-06T01:04:49.837+0100][3.724s][info][gc,metaspace   ] GC(76) Metaspace: 19004K(19328K)->19004K(19328K) NonClass: 16773K(16960K)->16773K(16960K) Class: 2230K(2368K)->2230K(2368K)
[2026-05-06T01:04:49.837+0100][3.724s][info][gc             ] GC(76) Pause Young (System.gc()) 624M->199M(1024M) 0.280ms
[2026-05-06T01:04:49.837+0100][3.724s][info][gc,cpu         ] GC(76) User=0.00s Sys=0.00s Real=0.00s
[2026-05-06T01:04:49.837+0100][3.724s][info][gc,start       ] GC(77) Pause Full (System.gc())
[2026-05-06T01:04:49.837+0100][3.724s][info][gc,phases,start] GC(77) Marking Phase
[2026-05-06T01:04:49.843+0100][3.730s][info][gc,phases      ] GC(77) Marking Phase 5.222ms
[2026-05-06T01:04:49.843+0100][3.730s][info][gc,phases,start] GC(77) Summary Phase
[2026-05-06T01:04:49.843+0100][3.730s][info][gc,phases      ] GC(77) Summary Phase 0.007ms
[2026-05-06T01:04:49.843+0100][3.730s][info][gc,phases,start] GC(77) Adjust Roots
[2026-05-06T01:04:49.844+0100][3.732s][info][gc,phases      ] GC(77) Adjust Roots 1.837ms
[2026-05-06T01:04:49.844+0100][3.732s][info][gc,phases,start] GC(77) Compaction Phase
[2026-05-06T01:04:49.846+0100][3.734s][info][gc,phases      ] GC(77) Compaction Phase 2.069ms
[2026-05-06T01:04:49.846+0100][3.734s][info][gc,phases,start] GC(77) Post Compact
[2026-05-06T01:04:49.847+0100][3.734s][info][gc,phases      ] GC(77) Post Compact 0.077ms
[2026-05-06T01:04:49.847+0100][3.734s][info][gc,heap        ] GC(77) PSYoungGen: 288K(593408K)->0K(593408K) Eden: 0K(589824K)->0K(589824K) From: 288K(3584K)->0K(3584K)
[2026-05-06T01:04:49.847+0100][3.734s][info][gc,heap        ] GC(77) ParOldGen: 203733K(455680K)->203734K(455680K)
[2026-05-06T01:04:49.847+0100][3.734s][info][gc,metaspace   ] GC(77) Metaspace: 19004K(19328K)->19004K(19328K) NonClass: 16773K(16960K)->16773K(16960K) Class: 2230K(2368K)->2230K(2368K)
[2026-05-06T01:04:49.847+0100][3.734s][info][gc             ] GC(77) Pause Full (System.gc()) 199M->198M(1024M) 9.328ms
[2026-05-06T01:04:49.847+0100][3.734s][info][gc,cpu         ] GC(77) User=0.03s Sys=0.00s Real=0.01s
[2026-05-06T01:04:49.876+0100][3.763s][info][gc,start       ] GC(78) Pause Young (System.gc())
[2026-05-06T01:04:49.876+0100][3.764s][info][gc,heap        ] GC(78) PSYoungGen: 275430K(593408K)->32K(592384K) Eden: 275430K(589824K)->0K(589824K) From: 0K(3584K)->32K(2560K)
[2026-05-06T01:04:49.876+0100][3.764s][info][gc,heap        ] GC(78) ParOldGen: 203734K(455680K)->203734K(455680K)
[2026-05-06T01:04:49.876+0100][3.764s][info][gc,metaspace   ] GC(78) Metaspace: 19014K(19328K)->19014K(19328K) NonClass: 16783K(16960K)->16783K(16960K) Class: 2230K(2368K)->2230K(2368K)
[2026-05-06T01:04:49.876+0100][3.764s][info][gc             ] GC(78) Pause Young (System.gc()) 467M->198M(1023M) 0.340ms
[2026-05-06T01:04:49.876+0100][3.764s][info][gc,cpu         ] GC(78) User=0.00s Sys=0.00s Real=0.00s
[2026-05-06T01:04:49.876+0100][3.764s][info][gc,start       ] GC(79) Pause Full (System.gc())
[2026-05-06T01:04:49.876+0100][3.764s][info][gc,phases,start] GC(79) Marking Phase
[2026-05-06T01:04:49.881+0100][3.769s][info][gc,phases      ] GC(79) Marking Phase 4.945ms
[2026-05-06T01:04:49.881+0100][3.769s][info][gc,phases,start] GC(79) Summary Phase
[2026-05-06T01:04:49.881+0100][3.769s][info][gc,phases      ] GC(79) Summary Phase 0.008ms
[2026-05-06T01:04:49.881+0100][3.769s][info][gc,phases,start] GC(79) Adjust Roots
[2026-05-06T01:04:49.884+0100][3.771s][info][gc,phases      ] GC(79) Adjust Roots 2.095ms
[2026-05-06T01:04:49.884+0100][3.771s][info][gc,phases,start] GC(79) Compaction Phase
[2026-05-06T01:04:49.885+0100][3.773s][info][gc,phases      ] GC(79) Compaction Phase 1.895ms
[2026-05-06T01:04:49.885+0100][3.773s][info][gc,phases,start] GC(79) Post Compact
[2026-05-06T01:04:49.886+0100][3.773s][info][gc,phases      ] GC(79) Post Compact 0.079ms
[2026-05-06T01:04:49.886+0100][3.773s][info][gc,heap        ] GC(79) PSYoungGen: 32K(592384K)->0K(592384K) Eden: 0K(589824K)->0K(589824K) From: 32K(2560K)->0K(2560K)
[2026-05-06T01:04:49.886+0100][3.773s][info][gc,heap        ] GC(79) ParOldGen: 203734K(455680K)->203729K(455680K)
[2026-05-06T01:04:49.886+0100][3.773s][info][gc,metaspace   ] GC(79) Metaspace: 19014K(19328K)->19014K(19328K) NonClass: 16783K(16960K)->16783K(16960K) Class: 2230K(2368K)->2230K(2368K)
[2026-05-06T01:04:49.886+0100][3.773s][info][gc             ] GC(79) Pause Full (System.gc()) 198M->198M(1023M) 9.136ms
[2026-05-06T01:04:49.886+0100][3.773s][info][gc,cpu         ] GC(79) User=0.03s Sys=0.00s Real=0.01s
[2026-05-06T01:04:49.913+0100][3.800s][info][gc,start       ] GC(80) Pause Young (System.gc())
[2026-05-06T01:04:49.913+0100][3.800s][info][gc,heap        ] GC(80) PSYoungGen: 206570K(592384K)->32K(592896K) Eden: 206570K(589824K)->0K(589824K) From: 0K(2560K)->32K(3072K)
[2026-05-06T01:04:49.913+0100][3.800s][info][gc,heap        ] GC(80) ParOldGen: 203729K(455680K)->203729K(455680K)
[2026-05-06T01:04:49.913+0100][3.800s][info][gc,metaspace   ] GC(80) Metaspace: 19014K(19328K)->19014K(19328K) NonClass: 16783K(16960K)->16783K(16960K) Class: 2230K(2368K)->2230K(2368K)
[2026-05-06T01:04:49.913+0100][3.800s][info][gc             ] GC(80) Pause Young (System.gc()) 400M->198M(1024M) 0.270ms
[2026-05-06T01:04:49.913+0100][3.800s][info][gc,cpu         ] GC(80) User=0.00s Sys=0.00s Real=0.00s
[2026-05-06T01:04:49.913+0100][3.800s][info][gc,start       ] GC(81) Pause Full (System.gc())
[2026-05-06T01:04:49.913+0100][3.800s][info][gc,phases,start] GC(81) Marking Phase
[2026-05-06T01:04:49.918+0100][3.805s][info][gc,phases      ] GC(81) Marking Phase 5.149ms
[2026-05-06T01:04:49.918+0100][3.805s][info][gc,phases,start] GC(81) Summary Phase
[2026-05-06T01:04:49.918+0100][3.805s][info][gc,phases      ] GC(81) Summary Phase 0.005ms
[2026-05-06T01:04:49.918+0100][3.805s][info][gc,phases,start] GC(81) Adjust Roots
[2026-05-06T01:04:49.920+0100][3.807s][info][gc,phases      ] GC(81) Adjust Roots 1.537ms
[2026-05-06T01:04:49.920+0100][3.807s][info][gc,phases,start] GC(81) Compaction Phase
[2026-05-06T01:04:49.922+0100][3.809s][info][gc,phases      ] GC(81) Compaction Phase 1.936ms
[2026-05-06T01:04:49.922+0100][3.809s][info][gc,phases,start] GC(81) Post Compact
[2026-05-06T01:04:49.922+0100][3.809s][info][gc,phases      ] GC(81) Post Compact 0.067ms
[2026-05-06T01:04:49.922+0100][3.809s][info][gc,heap        ] GC(81) PSYoungGen: 32K(592896K)->0K(592896K) Eden: 0K(589824K)->0K(589824K) From: 32K(3072K)->0K(3072K)
[2026-05-06T01:04:49.922+0100][3.809s][info][gc,heap        ] GC(81) ParOldGen: 203729K(455680K)->203730K(455680K)
[2026-05-06T01:04:49.922+0100][3.809s][info][gc,metaspace   ] GC(81) Metaspace: 19014K(19328K)->19014K(19328K) NonClass: 16783K(16960K)->16783K(16960K) Class: 2230K(2368K)->2230K(2368K)
[2026-05-06T01:04:49.922+0100][3.809s][info][gc             ] GC(81) Pause Full (System.gc()) 198M->198M(1024M) 8.782ms
[2026-05-06T01:04:49.922+0100][3.809s][info][gc,cpu         ] GC(81) User=0.03s Sys=0.01s Real=0.01s
[2026-05-06T01:04:49.946+0100][3.833s][info][gc,start       ] GC(82) Pause Young (Allocation Failure)
[2026-05-06T01:04:49.947+0100][3.834s][info][gc,heap        ] GC(82) PSYoungGen: 589824K(592896K)->288K(592896K) Eden: 589824K(589824K)->0K(589824K) From: 0K(3072K)->288K(3072K)
[2026-05-06T01:04:49.947+0100][3.834s][info][gc,heap        ] GC(82) ParOldGen: 203730K(455680K)->203730K(455680K)
[2026-05-06T01:04:49.947+0100][3.834s][info][gc,metaspace   ] GC(82) Metaspace: 19014K(19328K)->19014K(19328K) NonClass: 16783K(16960K)->16783K(16960K) Class: 2230K(2368K)->2230K(2368K)
[2026-05-06T01:04:49.947+0100][3.834s][info][gc             ] GC(82) Pause Young (Allocation Failure) 774M->199M(1024M) 0.322ms
[2026-05-06T01:04:49.947+0100][3.834s][info][gc,cpu         ] GC(82) User=0.00s Sys=0.00s Real=0.00s
[2026-05-06T01:04:49.950+0100][3.838s][info][gc,start       ] GC(83) Pause Young (System.gc())
[2026-05-06T01:04:49.951+0100][3.838s][info][gc,heap        ] GC(83) PSYoungGen: 83571K(592896K)->128K(592896K) Eden: 83283K(589824K)->0K(589824K) From: 288K(3072K)->128K(3072K)
[2026-05-06T01:04:49.951+0100][3.838s][info][gc,heap        ] GC(83) ParOldGen: 203730K(455680K)->203738K(455680K)
[2026-05-06T01:04:49.951+0100][3.838s][info][gc,metaspace   ] GC(83) Metaspace: 19014K(19328K)->19014K(19328K) NonClass: 16783K(16960K)->16783K(16960K) Class: 2230K(2368K)->2230K(2368K)
[2026-05-06T01:04:49.951+0100][3.838s][info][gc             ] GC(83) Pause Young (System.gc()) 280M->199M(1024M) 0.199ms
[2026-05-06T01:04:49.951+0100][3.838s][info][gc,cpu         ] GC(83) User=0.00s Sys=0.00s Real=0.00s
[2026-05-06T01:04:49.951+0100][3.838s][info][gc,start       ] GC(84) Pause Full (System.gc())
[2026-05-06T01:04:49.951+0100][3.838s][info][gc,phases,start] GC(84) Marking Phase
[2026-05-06T01:04:49.955+0100][3.842s][info][gc,phases      ] GC(84) Marking Phase 4.352ms
[2026-05-06T01:04:49.955+0100][3.842s][info][gc,phases,start] GC(84) Summary Phase
[2026-05-06T01:04:49.955+0100][3.842s][info][gc,phases      ] GC(84) Summary Phase 0.007ms
[2026-05-06T01:04:49.955+0100][3.842s][info][gc,phases,start] GC(84) Adjust Roots
[2026-05-06T01:04:49.957+0100][3.844s][info][gc,phases      ] GC(84) Adjust Roots 1.655ms
[2026-05-06T01:04:49.957+0100][3.844s][info][gc,phases,start] GC(84) Compaction Phase
[2026-05-06T01:04:49.959+0100][3.846s][info][gc,phases      ] GC(84) Compaction Phase 1.972ms
[2026-05-06T01:04:49.959+0100][3.846s][info][gc,phases,start] GC(84) Post Compact
[2026-05-06T01:04:49.959+0100][3.846s][info][gc,phases      ] GC(84) Post Compact 0.055ms
[2026-05-06T01:04:49.959+0100][3.846s][info][gc,heap        ] GC(84) PSYoungGen: 128K(592896K)->0K(592896K) Eden: 0K(589824K)->0K(589824K) From: 128K(3072K)->0K(3072K)
[2026-05-06T01:04:49.959+0100][3.846s][info][gc,heap        ] GC(84) ParOldGen: 203738K(455680K)->203736K(455680K)
[2026-05-06T01:04:49.959+0100][3.846s][info][gc,metaspace   ] GC(84) Metaspace: 19014K(19328K)->19014K(19328K) NonClass: 16783K(16960K)->16783K(16960K) Class: 2230K(2368K)->2230K(2368K)
[2026-05-06T01:04:49.959+0100][3.846s][info][gc             ] GC(84) Pause Full (System.gc()) 199M->198M(1024M) 8.127ms
[2026-05-06T01:04:49.959+0100][3.846s][info][gc,cpu         ] GC(84) User=0.02s Sys=0.00s Real=0.00s
[2026-05-06T01:04:49.985+0100][3.872s][info][gc,start       ] GC(85) Pause Young (System.gc())
[2026-05-06T01:04:49.985+0100][3.872s][info][gc,heap        ] GC(85) PSYoungGen: 317547K(592896K)->64K(946688K) Eden: 317547K(589824K)->0K(944128K) From: 0K(3072K)->64K(2560K)
[2026-05-06T01:04:49.985+0100][3.872s][info][gc,heap        ] GC(85) ParOldGen: 203736K(455680K)->203736K(455680K)
[2026-05-06T01:04:49.985+0100][3.872s][info][gc,metaspace   ] GC(85) Metaspace: 19014K(19328K)->19014K(19328K) NonClass: 16784K(16960K)->16784K(16960K) Class: 2230K(2368K)->2230K(2368K)
[2026-05-06T01:04:49.985+0100][3.872s][info][gc             ] GC(85) Pause Young (System.gc()) 509M->199M(1369M) 0.279ms
[2026-05-06T01:04:49.985+0100][3.872s][info][gc,cpu         ] GC(85) User=0.00s Sys=0.00s Real=0.00s
[2026-05-06T01:04:49.985+0100][3.872s][info][gc,start       ] GC(86) Pause Full (System.gc())
[2026-05-06T01:04:49.985+0100][3.872s][info][gc,phases,start] GC(86) Marking Phase
[2026-05-06T01:04:49.990+0100][3.877s][info][gc,phases      ] GC(86) Marking Phase 4.878ms
[2026-05-06T01:04:49.990+0100][3.877s][info][gc,phases,start] GC(86) Summary Phase
[2026-05-06T01:04:49.990+0100][3.877s][info][gc,phases      ] GC(86) Summary Phase 0.007ms
[2026-05-06T01:04:49.990+0100][3.877s][info][gc,phases,start] GC(86) Adjust Roots
[2026-05-06T01:04:49.992+0100][3.879s][info][gc,phases      ] GC(86) Adjust Roots 1.652ms
[2026-05-06T01:04:49.992+0100][3.879s][info][gc,phases,start] GC(86) Compaction Phase
[2026-05-06T01:04:49.994+0100][3.881s][info][gc,phases      ] GC(86) Compaction Phase 1.871ms
[2026-05-06T01:04:49.994+0100][3.881s][info][gc,phases,start] GC(86) Post Compact
[2026-05-06T01:04:49.994+0100][3.881s][info][gc,phases      ] GC(86) Post Compact 0.069ms
[2026-05-06T01:04:49.994+0100][3.881s][info][gc,heap        ] GC(86) PSYoungGen: 64K(946688K)->0K(946688K) Eden: 0K(944128K)->0K(944128K) From: 64K(2560K)->0K(2560K)
[2026-05-06T01:04:49.994+0100][3.881s][info][gc,heap        ] GC(86) ParOldGen: 203736K(455680K)->203730K(455680K)
[2026-05-06T01:04:49.994+0100][3.881s][info][gc,metaspace   ] GC(86) Metaspace: 19014K(19328K)->19014K(19328K) NonClass: 16784K(16960K)->16784K(16960K) Class: 2230K(2368K)->2230K(2368K)
[2026-05-06T01:04:49.994+0100][3.881s][info][gc             ] GC(86) Pause Full (System.gc()) 199M->198M(1369M) 8.567ms
[2026-05-06T01:04:49.994+0100][3.881s][info][gc,cpu         ] GC(86) User=0.03s Sys=0.00s Real=0.01s
[2026-05-06T01:04:50.020+0100][3.907s][info][gc,start       ] GC(87) Pause Young (System.gc())
[2026-05-06T01:04:50.020+0100][3.907s][info][gc,heap        ] GC(87) PSYoungGen: 292109K(946688K)->288K(946688K) Eden: 292109K(944128K)->0K(944128K) From: 0K(2560K)->288K(2560K)
[2026-05-06T01:04:50.020+0100][3.907s][info][gc,heap        ] GC(87) ParOldGen: 203730K(455680K)->203730K(455680K)
[2026-05-06T01:04:50.020+0100][3.907s][info][gc,metaspace   ] GC(87) Metaspace: 19016K(19328K)->19016K(19328K) NonClass: 16786K(16960K)->16786K(16960K) Class: 2230K(2368K)->2230K(2368K)
[2026-05-06T01:04:50.020+0100][3.907s][info][gc             ] GC(87) Pause Young (System.gc()) 484M->199M(1369M) 0.337ms
[2026-05-06T01:04:50.020+0100][3.907s][info][gc,cpu         ] GC(87) User=0.00s Sys=0.00s Real=0.00s
[2026-05-06T01:04:50.020+0100][3.907s][info][gc,start       ] GC(88) Pause Full (System.gc())
[2026-05-06T01:04:50.020+0100][3.907s][info][gc,phases,start] GC(88) Marking Phase
[2026-05-06T01:04:50.025+0100][3.912s][info][gc,phases      ] GC(88) Marking Phase 4.767ms
[2026-05-06T01:04:50.025+0100][3.912s][info][gc,phases,start] GC(88) Summary Phase
[2026-05-06T01:04:50.025+0100][3.912s][info][gc,phases      ] GC(88) Summary Phase 0.005ms
[2026-05-06T01:04:50.025+0100][3.912s][info][gc,phases,start] GC(88) Adjust Roots
[2026-05-06T01:04:50.027+0100][3.914s][info][gc,phases      ] GC(88) Adjust Roots 1.724ms
[2026-05-06T01:04:50.027+0100][3.914s][info][gc,phases,start] GC(88) Compaction Phase
[2026-05-06T01:04:50.029+0100][3.916s][info][gc,phases      ] GC(88) Compaction Phase 1.802ms
[2026-05-06T01:04:50.029+0100][3.916s][info][gc,phases,start] GC(88) Post Compact
[2026-05-06T01:04:50.029+0100][3.916s][info][gc,phases      ] GC(88) Post Compact 0.056ms
[2026-05-06T01:04:50.029+0100][3.916s][info][gc,heap        ] GC(88) PSYoungGen: 288K(946688K)->0K(946688K) Eden: 0K(944128K)->0K(944128K) From: 288K(2560K)->0K(2560K)
[2026-05-06T01:04:50.029+0100][3.916s][info][gc,heap        ] GC(88) ParOldGen: 203730K(455680K)->203740K(455680K)
[2026-05-06T01:04:50.029+0100][3.916s][info][gc,metaspace   ] GC(88) Metaspace: 19016K(19328K)->19016K(19328K) NonClass: 16786K(16960K)->16786K(16960K) Class: 2230K(2368K)->2230K(2368K)
[2026-05-06T01:04:50.029+0100][3.916s][info][gc             ] GC(88) Pause Full (System.gc()) 199M->198M(1369M) 8.427ms
[2026-05-06T01:04:50.029+0100][3.916s][info][gc,cpu         ] GC(88) User=0.03s Sys=0.00s Real=0.00s
[2026-05-06T01:04:50.057+0100][3.944s][info][gc,start       ] GC(89) Pause Young (System.gc())
[2026-05-06T01:04:50.058+0100][3.945s][info][gc,heap        ] GC(89) PSYoungGen: 651039K(946688K)->192K(945664K) Eden: 651039K(944128K)->0K(944128K) From: 0K(2560K)->192K(1536K)
[2026-05-06T01:04:50.058+0100][3.945s][info][gc,heap        ] GC(89) ParOldGen: 203740K(455680K)->203740K(455680K)
[2026-05-06T01:04:50.058+0100][3.945s][info][gc,metaspace   ] GC(89) Metaspace: 19020K(19328K)->19020K(19328K) NonClass: 16790K(16960K)->16790K(16960K) Class: 2230K(2368K)->2230K(2368K)
[2026-05-06T01:04:50.058+0100][3.945s][info][gc             ] GC(89) Pause Young (System.gc()) 834M->199M(1368M) 0.336ms
[2026-05-06T01:04:50.058+0100][3.945s][info][gc,cpu         ] GC(89) User=0.00s Sys=0.00s Real=0.00s
[2026-05-06T01:04:50.058+0100][3.945s][info][gc,start       ] GC(90) Pause Full (System.gc())
[2026-05-06T01:04:50.058+0100][3.945s][info][gc,phases,start] GC(90) Marking Phase
[2026-05-06T01:04:50.062+0100][3.949s][info][gc,phases      ] GC(90) Marking Phase 4.545ms
[2026-05-06T01:04:50.062+0100][3.949s][info][gc,phases,start] GC(90) Summary Phase
[2026-05-06T01:04:50.062+0100][3.949s][info][gc,phases      ] GC(90) Summary Phase 0.006ms
[2026-05-06T01:04:50.062+0100][3.949s][info][gc,phases,start] GC(90) Adjust Roots
[2026-05-06T01:04:50.064+0100][3.951s][info][gc,phases      ] GC(90) Adjust Roots 1.589ms
[2026-05-06T01:04:50.064+0100][3.951s][info][gc,phases,start] GC(90) Compaction Phase
[2026-05-06T01:04:50.066+0100][3.953s][info][gc,phases      ] GC(90) Compaction Phase 1.835ms
[2026-05-06T01:04:50.066+0100][3.953s][info][gc,phases,start] GC(90) Post Compact
[2026-05-06T01:04:50.066+0100][3.953s][info][gc,phases      ] GC(90) Post Compact 0.053ms
[2026-05-06T01:04:50.066+0100][3.953s][info][gc,heap        ] GC(90) PSYoungGen: 192K(945664K)->0K(945664K) Eden: 0K(944128K)->0K(944128K) From: 192K(1536K)->0K(1536K)
[2026-05-06T01:04:50.066+0100][3.953s][info][gc,heap        ] GC(90) ParOldGen: 203740K(455680K)->203737K(455680K)
[2026-05-06T01:04:50.066+0100][3.953s][info][gc,metaspace   ] GC(90) Metaspace: 19020K(19328K)->19020K(19328K) NonClass: 16790K(16960K)->16790K(16960K) Class: 2230K(2368K)->2230K(2368K)
[2026-05-06T01:04:50.066+0100][3.953s][info][gc             ] GC(90) Pause Full (System.gc()) 199M->198M(1368M) 8.102ms
[2026-05-06T01:04:50.066+0100][3.953s][info][gc,cpu         ] GC(90) User=0.03s Sys=0.00s Real=0.01s
[2026-05-06T01:04:50.091+0100][3.978s][info][gc,start       ] GC(91) Pause Young (System.gc())
[2026-05-06T01:04:50.091+0100][3.978s][info][gc,heap        ] GC(91) PSYoungGen: 474863K(945664K)->64K(946176K) Eden: 474863K(944128K)->0K(944128K) From: 0K(1536K)->64K(2048K)
[2026-05-06T01:04:50.091+0100][3.978s][info][gc,heap        ] GC(91) ParOldGen: 203737K(455680K)->203737K(455680K)
[2026-05-06T01:04:50.091+0100][3.978s][info][gc,metaspace   ] GC(91) Metaspace: 19020K(19328K)->19020K(19328K) NonClass: 16790K(16960K)->16790K(16960K) Class: 2230K(2368K)->2230K(2368K)
[2026-05-06T01:04:50.091+0100][3.978s][info][gc             ] GC(91) Pause Young (System.gc()) 662M->199M(1369M) 0.285ms
[2026-05-06T01:04:50.091+0100][3.978s][info][gc,cpu         ] GC(91) User=0.00s Sys=0.00s Real=0.00s
[2026-05-06T01:04:50.091+0100][3.978s][info][gc,start       ] GC(92) Pause Full (System.gc())
[2026-05-06T01:04:50.091+0100][3.978s][info][gc,phases,start] GC(92) Marking Phase
[2026-05-06T01:04:50.097+0100][3.984s][info][gc,phases      ] GC(92) Marking Phase 5.206ms
[2026-05-06T01:04:50.097+0100][3.984s][info][gc,phases,start] GC(92) Summary Phase
[2026-05-06T01:04:50.097+0100][3.984s][info][gc,phases      ] GC(92) Summary Phase 0.006ms
[2026-05-06T01:04:50.097+0100][3.984s][info][gc,phases,start] GC(92) Adjust Roots
[2026-05-06T01:04:50.098+0100][3.985s][info][gc,phases      ] GC(92) Adjust Roots 1.639ms
[2026-05-06T01:04:50.098+0100][3.985s][info][gc,phases,start] GC(92) Compaction Phase
[2026-05-06T01:04:50.100+0100][3.987s][info][gc,phases      ] GC(92) Compaction Phase 1.986ms
[2026-05-06T01:04:50.100+0100][3.987s][info][gc,phases,start] GC(92) Post Compact
[2026-05-06T01:04:50.100+0100][3.987s][info][gc,phases      ] GC(92) Post Compact 0.058ms
[2026-05-06T01:04:50.100+0100][3.987s][info][gc,heap        ] GC(92) PSYoungGen: 64K(946176K)->0K(946176K) Eden: 0K(944128K)->0K(944128K) From: 64K(2048K)->0K(2048K)
[2026-05-06T01:04:50.100+0100][3.987s][info][gc,heap        ] GC(92) ParOldGen: 203737K(455680K)->203730K(455680K)
[2026-05-06T01:04:50.100+0100][3.987s][info][gc,metaspace   ] GC(92) Metaspace: 19020K(19328K)->19020K(19328K) NonClass: 16790K(16960K)->16790K(16960K) Class: 2230K(2368K)->2230K(2368K)
[2026-05-06T01:04:50.100+0100][3.987s][info][gc             ] GC(92) Pause Full (System.gc()) 199M->198M(1369M) 8.978ms
[2026-05-06T01:04:50.100+0100][3.987s][info][gc,cpu         ] GC(92) User=0.03s Sys=0.00s Real=0.01s
[2026-05-06T01:04:50.122+0100][4.009s][info][gc,start       ] GC(93) Pause Young (System.gc())
[2026-05-06T01:04:50.122+0100][4.009s][info][gc,heap        ] GC(93) PSYoungGen: 119714K(946176K)->96K(946176K) Eden: 119714K(944128K)->0K(944128K) From: 0K(2048K)->96K(2048K)
[2026-05-06T01:04:50.122+0100][4.009s][info][gc,heap        ] GC(93) ParOldGen: 203730K(455680K)->203730K(455680K)
[2026-05-06T01:04:50.122+0100][4.009s][info][gc,metaspace   ] GC(93) Metaspace: 19020K(19328K)->19020K(19328K) NonClass: 16790K(16960K)->16790K(16960K) Class: 2230K(2368K)->2230K(2368K)
[2026-05-06T01:04:50.122+0100][4.009s][info][gc             ] GC(93) Pause Young (System.gc()) 315M->199M(1369M) 0.230ms
[2026-05-06T01:04:50.122+0100][4.009s][info][gc,cpu         ] GC(93) User=0.00s Sys=0.00s Real=0.00s
[2026-05-06T01:04:50.122+0100][4.009s][info][gc,start       ] GC(94) Pause Full (System.gc())
[2026-05-06T01:04:50.122+0100][4.009s][info][gc,phases,start] GC(94) Marking Phase
[2026-05-06T01:04:50.127+0100][4.015s][info][gc,phases      ] GC(94) Marking Phase 5.460ms
[2026-05-06T01:04:50.127+0100][4.015s][info][gc,phases,start] GC(94) Summary Phase
[2026-05-06T01:04:50.127+0100][4.015s][info][gc,phases      ] GC(94) Summary Phase 0.006ms
[2026-05-06T01:04:50.127+0100][4.015s][info][gc,phases,start] GC(94) Adjust Roots
[2026-05-06T01:04:50.129+0100][4.016s][info][gc,phases      ] GC(94) Adjust Roots 1.732ms
[2026-05-06T01:04:50.129+0100][4.016s][info][gc,phases,start] GC(94) Compaction Phase
[2026-05-06T01:04:50.131+0100][4.018s][info][gc,phases      ] GC(94) Compaction Phase 1.956ms
[2026-05-06T01:04:50.131+0100][4.018s][info][gc,phases,start] GC(94) Post Compact
[2026-05-06T01:04:50.131+0100][4.019s][info][gc,phases      ] GC(94) Post Compact 0.067ms
[2026-05-06T01:04:50.131+0100][4.019s][info][gc,heap        ] GC(94) PSYoungGen: 96K(946176K)->0K(946176K) Eden: 0K(944128K)->0K(944128K) From: 96K(2048K)->0K(2048K)
[2026-05-06T01:04:50.131+0100][4.019s][info][gc,heap        ] GC(94) ParOldGen: 203730K(455680K)->203730K(455680K)
[2026-05-06T01:04:50.131+0100][4.019s][info][gc,metaspace   ] GC(94) Metaspace: 19020K(19328K)->19020K(19328K) NonClass: 16790K(16960K)->16790K(16960K) Class: 2230K(2368K)->2230K(2368K)
[2026-05-06T01:04:50.131+0100][4.019s][info][gc             ] GC(94) Pause Full (System.gc()) 199M->198M(1369M) 9.443ms
[2026-05-06T01:04:50.131+0100][4.019s][info][gc,cpu         ] GC(94) User=0.03s Sys=0.00s Real=0.01s
[2026-05-06T01:04:50.152+0100][4.039s][info][gc,start       ] GC(95) Pause Young (System.gc())
[2026-05-06T01:04:50.153+0100][4.040s][info][gc,heap        ] GC(95) PSYoungGen: 119714K(946176K)->32K(946176K) Eden: 119714K(944128K)->0K(944128K) From: 0K(2048K)->32K(2048K)
[2026-05-06T01:04:50.153+0100][4.040s][info][gc,heap        ] GC(95) ParOldGen: 203730K(455680K)->203730K(455680K)
[2026-05-06T01:04:50.153+0100][4.040s][info][gc,metaspace   ] GC(95) Metaspace: 19032K(19328K)->19032K(19328K) NonClass: 16802K(16960K)->16802K(16960K) Class: 2230K(2368K)->2230K(2368K)
[2026-05-06T01:04:50.153+0100][4.040s][info][gc             ] GC(95) Pause Young (System.gc()) 315M->198M(1369M) 0.262ms
[2026-05-06T01:04:50.153+0100][4.040s][info][gc,cpu         ] GC(95) User=0.00s Sys=0.00s Real=0.00s
[2026-05-06T01:04:50.153+0100][4.040s][info][gc,start       ] GC(96) Pause Full (System.gc())
[2026-05-06T01:04:50.153+0100][4.040s][info][gc,phases,start] GC(96) Marking Phase
[2026-05-06T01:04:50.157+0100][4.044s][info][gc,phases      ] GC(96) Marking Phase 4.741ms
[2026-05-06T01:04:50.157+0100][4.044s][info][gc,phases,start] GC(96) Summary Phase
[2026-05-06T01:04:50.157+0100][4.044s][info][gc,phases      ] GC(96) Summary Phase 0.006ms
[2026-05-06T01:04:50.157+0100][4.044s][info][gc,phases,start] GC(96) Adjust Roots
[2026-05-06T01:04:50.159+0100][4.046s][info][gc,phases      ] GC(96) Adjust Roots 1.747ms
[2026-05-06T01:04:50.159+0100][4.046s][info][gc,phases,start] GC(96) Compaction Phase
[2026-05-06T01:04:50.161+0100][4.048s][info][gc,phases      ] GC(96) Compaction Phase 1.987ms
[2026-05-06T01:04:50.161+0100][4.048s][info][gc,phases,start] GC(96) Post Compact
[2026-05-06T01:04:50.161+0100][4.048s][info][gc,phases      ] GC(96) Post Compact 0.067ms
[2026-05-06T01:04:50.161+0100][4.048s][info][gc,heap        ] GC(96) PSYoungGen: 32K(946176K)->0K(946176K) Eden: 0K(944128K)->0K(944128K) From: 32K(2048K)->0K(2048K)
[2026-05-06T01:04:50.161+0100][4.048s][info][gc,heap        ] GC(96) ParOldGen: 203730K(455680K)->203730K(455680K)
[2026-05-06T01:04:50.161+0100][4.048s][info][gc,metaspace   ] GC(96) Metaspace: 19032K(19328K)->19032K(19328K) NonClass: 16802K(16960K)->16802K(16960K) Class: 2230K(2368K)->2230K(2368K)
[2026-05-06T01:04:50.161+0100][4.048s][info][gc             ] GC(96) Pause Full (System.gc()) 198M->198M(1369M) 8.633ms
[2026-05-06T01:04:50.161+0100][4.048s][info][gc,cpu         ] GC(96) User=0.02s Sys=0.00s Real=0.01s
[2026-05-06T01:04:50.284+0100][4.171s][info][gc,start       ] GC(97) Pause Young (System.gc())
[2026-05-06T01:04:50.284+0100][4.171s][info][gc,heap        ] GC(97) PSYoungGen: 206008K(946176K)->64K(945152K) Eden: 206008K(944128K)->0K(944128K) From: 0K(2048K)->64K(1024K)
[2026-05-06T01:04:50.284+0100][4.171s][info][gc,heap        ] GC(97) ParOldGen: 203730K(455680K)->203730K(455680K)
[2026-05-06T01:04:50.284+0100][4.171s][info][gc,metaspace   ] GC(97) Metaspace: 19032K(19328K)->19032K(19328K) NonClass: 16802K(16960K)->16802K(16960K) Class: 2230K(2368K)->2230K(2368K)
[2026-05-06T01:04:50.284+0100][4.171s][info][gc             ] GC(97) Pause Young (System.gc()) 400M->199M(1368M) 0.276ms
[2026-05-06T01:04:50.284+0100][4.171s][info][gc,cpu         ] GC(97) User=0.00s Sys=0.00s Real=0.00s
[2026-05-06T01:04:50.284+0100][4.171s][info][gc,start       ] GC(98) Pause Full (System.gc())
[2026-05-06T01:04:50.284+0100][4.171s][info][gc,phases,start] GC(98) Marking Phase
[2026-05-06T01:04:50.289+0100][4.176s][info][gc,phases      ] GC(98) Marking Phase 4.552ms
[2026-05-06T01:04:50.289+0100][4.176s][info][gc,phases,start] GC(98) Summary Phase
[2026-05-06T01:04:50.289+0100][4.176s][info][gc,phases      ] GC(98) Summary Phase 0.006ms
[2026-05-06T01:04:50.289+0100][4.176s][info][gc,phases,start] GC(98) Adjust Roots
[2026-05-06T01:04:50.290+0100][4.178s][info][gc,phases      ] GC(98) Adjust Roots 1.589ms
[2026-05-06T01:04:50.290+0100][4.178s][info][gc,phases,start] GC(98) Compaction Phase
[2026-05-06T01:04:50.292+0100][4.179s][info][gc,phases      ] GC(98) Compaction Phase 1.783ms
[2026-05-06T01:04:50.292+0100][4.179s][info][gc,phases,start] GC(98) Post Compact
[2026-05-06T01:04:50.292+0100][4.179s][info][gc,phases      ] GC(98) Post Compact 0.057ms
[2026-05-06T01:04:50.292+0100][4.179s][info][gc,heap        ] GC(98) PSYoungGen: 64K(945152K)->0K(945152K) Eden: 0K(944128K)->0K(944128K) From: 64K(1024K)->0K(1024K)
[2026-05-06T01:04:50.292+0100][4.179s][info][gc,heap        ] GC(98) ParOldGen: 203730K(455680K)->203731K(455680K)
[2026-05-06T01:04:50.292+0100][4.179s][info][gc,metaspace   ] GC(98) Metaspace: 19032K(19328K)->19032K(19328K) NonClass: 16802K(16960K)->16802K(16960K) Class: 2230K(2368K)->2230K(2368K)
[2026-05-06T01:04:50.292+0100][4.179s][info][gc             ] GC(98) Pause Full (System.gc()) 199M->198M(1368M) 8.058ms
[2026-05-06T01:04:50.292+0100][4.179s][info][gc,cpu         ] GC(98) User=0.03s Sys=0.00s Real=0.01s
[2026-05-06T01:04:50.752+0100][4.639s][info][gc,start       ] GC(99) Pause Young (System.gc())
[2026-05-06T01:04:50.752+0100][4.640s][info][gc,heap        ] GC(99) PSYoungGen: 483711K(945152K)->32K(945664K) Eden: 483711K(944128K)->0K(944128K) From: 0K(1024K)->32K(1536K)
[2026-05-06T01:04:50.753+0100][4.640s][info][gc,heap        ] GC(99) ParOldGen: 203731K(455680K)->203731K(455680K)
[2026-05-06T01:04:50.753+0100][4.640s][info][gc,metaspace   ] GC(99) Metaspace: 19032K(19328K)->19032K(19328K) NonClass: 16802K(16960K)->16802K(16960K) Class: 2230K(2368K)->2230K(2368K)
[2026-05-06T01:04:50.753+0100][4.640s][info][gc             ] GC(99) Pause Young (System.gc()) 671M->198M(1368M) 0.281ms
[2026-05-06T01:04:50.753+0100][4.640s][info][gc,cpu         ] GC(99) User=0.00s Sys=0.00s Real=0.00s
[2026-05-06T01:04:50.753+0100][4.640s][info][gc,start       ] GC(100) Pause Full (System.gc())
[2026-05-06T01:04:50.753+0100][4.640s][info][gc,phases,start] GC(100) Marking Phase
[2026-05-06T01:04:50.757+0100][4.644s][info][gc,phases      ] GC(100) Marking Phase 4.574ms
[2026-05-06T01:04:50.757+0100][4.644s][info][gc,phases,start] GC(100) Summary Phase
[2026-05-06T01:04:50.757+0100][4.644s][info][gc,phases      ] GC(100) Summary Phase 0.005ms
[2026-05-06T01:04:50.757+0100][4.644s][info][gc,phases,start] GC(100) Adjust Roots
[2026-05-06T01:04:50.759+0100][4.646s][info][gc,phases      ] GC(100) Adjust Roots 1.585ms
[2026-05-06T01:04:50.759+0100][4.646s][info][gc,phases,start] GC(100) Compaction Phase
[2026-05-06T01:04:50.760+0100][4.648s][info][gc,phases      ] GC(100) Compaction Phase 1.752ms
[2026-05-06T01:04:50.761+0100][4.648s][info][gc,phases,start] GC(100) Post Compact
[2026-05-06T01:04:50.761+0100][4.648s][info][gc,phases      ] GC(100) Post Compact 0.056ms
[2026-05-06T01:04:50.761+0100][4.648s][info][gc,heap        ] GC(100) PSYoungGen: 32K(945664K)->0K(945664K) Eden: 0K(944128K)->0K(944128K) From: 32K(1536K)->0K(1536K)
[2026-05-06T01:04:50.761+0100][4.648s][info][gc,heap        ] GC(100) ParOldGen: 203731K(455680K)->203731K(455680K)
[2026-05-06T01:04:50.761+0100][4.648s][info][gc,metaspace   ] GC(100) Metaspace: 19032K(19328K)->19032K(19328K) NonClass: 16802K(16960K)->16802K(16960K) Class: 2230K(2368K)->2230K(2368K)
[2026-05-06T01:04:50.761+0100][4.648s][info][gc             ] GC(100) Pause Full (System.gc()) 198M->198M(1368M) 8.045ms
[2026-05-06T01:04:50.761+0100][4.648s][info][gc,cpu         ] GC(100) User=0.03s Sys=0.01s Real=0.01s
[2026-05-06T01:04:51.219+0100][5.106s][info][gc,start       ] GC(101) Pause Young (System.gc())
[2026-05-06T01:04:51.219+0100][5.107s][info][gc,heap        ] GC(101) PSYoungGen: 496786K(945664K)->128K(945664K) Eden: 496786K(944128K)->0K(944128K) From: 0K(1536K)->128K(1536K)
[2026-05-06T01:04:51.219+0100][5.107s][info][gc,heap        ] GC(101) ParOldGen: 203731K(455680K)->203731K(455680K)
[2026-05-06T01:04:51.219+0100][5.107s][info][gc,metaspace   ] GC(101) Metaspace: 19032K(19328K)->19032K(19328K) NonClass: 16802K(16960K)->16802K(16960K) Class: 2230K(2368K)->2230K(2368K)
[2026-05-06T01:04:51.219+0100][5.107s][info][gc             ] GC(101) Pause Young (System.gc()) 684M->199M(1368M) 0.305ms
[2026-05-06T01:04:51.219+0100][5.107s][info][gc,cpu         ] GC(101) User=0.00s Sys=0.00s Real=0.00s
[2026-05-06T01:04:51.220+0100][5.107s][info][gc,start       ] GC(102) Pause Full (System.gc())
[2026-05-06T01:04:51.220+0100][5.107s][info][gc,phases,start] GC(102) Marking Phase
[2026-05-06T01:04:51.224+0100][5.112s][info][gc,phases      ] GC(102) Marking Phase 4.871ms
[2026-05-06T01:04:51.224+0100][5.112s][info][gc,phases,start] GC(102) Summary Phase
[2026-05-06T01:04:51.224+0100][5.112s][info][gc,phases      ] GC(102) Summary Phase 0.006ms
[2026-05-06T01:04:51.224+0100][5.112s][info][gc,phases,start] GC(102) Adjust Roots
[2026-05-06T01:04:51.226+0100][5.113s][info][gc,phases      ] GC(102) Adjust Roots 1.547ms
[2026-05-06T01:04:51.226+0100][5.113s][info][gc,phases,start] GC(102) Compaction Phase
[2026-05-06T01:04:51.228+0100][5.115s][info][gc,phases      ] GC(102) Compaction Phase 1.800ms
[2026-05-06T01:04:51.228+0100][5.115s][info][gc,phases,start] GC(102) Post Compact
[2026-05-06T01:04:51.228+0100][5.115s][info][gc,phases      ] GC(102) Post Compact 0.056ms
[2026-05-06T01:04:51.228+0100][5.115s][info][gc,heap        ] GC(102) PSYoungGen: 128K(945664K)->0K(945664K) Eden: 0K(944128K)->0K(944128K) From: 128K(1536K)->0K(1536K)
[2026-05-06T01:04:51.228+0100][5.115s][info][gc,heap        ] GC(102) ParOldGen: 203731K(455680K)->203733K(455680K)
[2026-05-06T01:04:51.228+0100][5.115s][info][gc,metaspace   ] GC(102) Metaspace: 19032K(19328K)->19032K(19328K) NonClass: 16802K(16960K)->16802K(16960K) Class: 2230K(2368K)->2230K(2368K)
[2026-05-06T01:04:51.228+0100][5.115s][info][gc             ] GC(102) Pause Full (System.gc()) 199M->198M(1368M) 8.356ms
[2026-05-06T01:04:51.228+0100][5.115s][info][gc,cpu         ] GC(102) User=0.03s Sys=0.00s Real=0.00s
[2026-05-06T01:04:51.689+0100][5.576s][info][gc,start       ] GC(103) Pause Young (System.gc())
[2026-05-06T01:04:51.689+0100][5.577s][info][gc,heap        ] GC(103) PSYoungGen: 540863K(945664K)->160K(945664K) Eden: 540863K(944128K)->0K(944128K) From: 0K(1536K)->160K(1536K)
[2026-05-06T01:04:51.689+0100][5.577s][info][gc,heap        ] GC(103) ParOldGen: 203733K(455680K)->203733K(455680K)
[2026-05-06T01:04:51.689+0100][5.577s][info][gc,metaspace   ] GC(103) Metaspace: 19034K(19328K)->19034K(19328K) NonClass: 16804K(16960K)->16804K(16960K) Class: 2230K(2368K)->2230K(2368K)
[2026-05-06T01:04:51.689+0100][5.577s][info][gc             ] GC(103) Pause Young (System.gc()) 727M->199M(1368M) 0.314ms
[2026-05-06T01:04:51.689+0100][5.577s][info][gc,cpu         ] GC(103) User=0.01s Sys=0.00s Real=0.00s
[2026-05-06T01:04:51.689+0100][5.577s][info][gc,start       ] GC(104) Pause Full (System.gc())
[2026-05-06T01:04:51.689+0100][5.577s][info][gc,phases,start] GC(104) Marking Phase
[2026-05-06T01:04:51.694+0100][5.581s][info][gc,phases      ] GC(104) Marking Phase 4.609ms
[2026-05-06T01:04:51.694+0100][5.581s][info][gc,phases,start] GC(104) Summary Phase
[2026-05-06T01:04:51.694+0100][5.581s][info][gc,phases      ] GC(104) Summary Phase 0.006ms
[2026-05-06T01:04:51.694+0100][5.581s][info][gc,phases,start] GC(104) Adjust Roots
[2026-05-06T01:04:51.696+0100][5.583s][info][gc,phases      ] GC(104) Adjust Roots 1.671ms
[2026-05-06T01:04:51.696+0100][5.583s][info][gc,phases,start] GC(104) Compaction Phase
[2026-05-06T01:04:51.699+0100][5.587s][info][gc,phases      ] GC(104) Compaction Phase 3.673ms
[2026-05-06T01:04:51.700+0100][5.587s][info][gc,phases,start] GC(104) Post Compact
[2026-05-06T01:04:51.700+0100][5.587s][info][gc,phases      ] GC(104) Post Compact 0.076ms
[2026-05-06T01:04:51.700+0100][5.587s][info][gc,heap        ] GC(104) PSYoungGen: 160K(945664K)->0K(945664K) Eden: 0K(944128K)->0K(944128K) From: 160K(1536K)->0K(1536K)
[2026-05-06T01:04:51.700+0100][5.587s][info][gc,heap        ] GC(104) ParOldGen: 203733K(455680K)->203734K(455680K)
[2026-05-06T01:04:51.700+0100][5.587s][info][gc,metaspace   ] GC(104) Metaspace: 19034K(19328K)->19034K(19328K) NonClass: 16804K(16960K)->16804K(16960K) Class: 2230K(2368K)->2230K(2368K)
[2026-05-06T01:04:51.700+0100][5.587s][info][gc             ] GC(104) Pause Full (System.gc()) 199M->198M(1368M) 10.133ms
[2026-05-06T01:04:51.700+0100][5.587s][info][gc,cpu         ] GC(104) User=0.05s Sys=0.01s Real=0.02s
[2026-05-06T01:04:52.111+0100][5.998s][info][gc,start       ] GC(105) Pause Young (System.gc())
[2026-05-06T01:04:52.111+0100][5.998s][info][gc,heap        ] GC(105) PSYoungGen: 540445K(945664K)->32K(945664K) Eden: 540445K(944128K)->0K(944128K) From: 0K(1536K)->32K(1536K)
[2026-05-06T01:04:52.111+0100][5.998s][info][gc,heap        ] GC(105) ParOldGen: 203734K(455680K)->203734K(455680K)
[2026-05-06T01:04:52.111+0100][5.998s][info][gc,metaspace   ] GC(105) Metaspace: 19035K(19328K)->19035K(19328K) NonClass: 16805K(16960K)->16805K(16960K) Class: 2230K(2368K)->2230K(2368K)
[2026-05-06T01:04:52.111+0100][5.998s][info][gc             ] GC(105) Pause Young (System.gc()) 726M->198M(1368M) 0.334ms
[2026-05-06T01:04:52.111+0100][5.998s][info][gc,cpu         ] GC(105) User=0.00s Sys=0.00s Real=0.00s
[2026-05-06T01:04:52.111+0100][5.998s][info][gc,start       ] GC(106) Pause Full (System.gc())
[2026-05-06T01:04:52.111+0100][5.998s][info][gc,phases,start] GC(106) Marking Phase
[2026-05-06T01:04:52.115+0100][6.002s][info][gc,phases      ] GC(106) Marking Phase 3.947ms
[2026-05-06T01:04:52.115+0100][6.002s][info][gc,phases,start] GC(106) Summary Phase
[2026-05-06T01:04:52.115+0100][6.002s][info][gc,phases      ] GC(106) Summary Phase 0.005ms
[2026-05-06T01:04:52.115+0100][6.002s][info][gc,phases,start] GC(106) Adjust Roots
[2026-05-06T01:04:52.117+0100][6.004s][info][gc,phases      ] GC(106) Adjust Roots 1.630ms
[2026-05-06T01:04:52.117+0100][6.004s][info][gc,phases,start] GC(106) Compaction Phase
[2026-05-06T01:04:52.119+0100][6.006s][info][gc,phases      ] GC(106) Compaction Phase 1.799ms
[2026-05-06T01:04:52.119+0100][6.006s][info][gc,phases,start] GC(106) Post Compact
[2026-05-06T01:04:52.119+0100][6.006s][info][gc,phases      ] GC(106) Post Compact 0.057ms
[2026-05-06T01:04:52.119+0100][6.006s][info][gc,heap        ] GC(106) PSYoungGen: 32K(945664K)->0K(945664K) Eden: 0K(944128K)->0K(944128K) From: 32K(1536K)->0K(1536K)
[2026-05-06T01:04:52.119+0100][6.006s][info][gc,heap        ] GC(106) ParOldGen: 203734K(455680K)->203732K(455680K)
[2026-05-06T01:04:52.119+0100][6.006s][info][gc,metaspace   ] GC(106) Metaspace: 19035K(19328K)->19035K(19328K) NonClass: 16805K(16960K)->16805K(16960K) Class: 2230K(2368K)->2230K(2368K)
[2026-05-06T01:04:52.119+0100][6.006s][info][gc             ] GC(106) Pause Full (System.gc()) 198M->198M(1368M) 7.525ms
[2026-05-06T01:04:52.119+0100][6.006s][info][gc,cpu         ] GC(106) User=0.03s Sys=0.00s Real=0.00s
[2026-05-06T01:04:52.355+0100][6.243s][info][gc,start       ] GC(107) Pause Young (System.gc())
[2026-05-06T01:04:52.356+0100][6.243s][info][gc,heap        ] GC(107) PSYoungGen: 531961K(945664K)->160K(944640K) Eden: 531961K(944128K)->0K(944128K) From: 0K(1536K)->160K(512K)
[2026-05-06T01:04:52.356+0100][6.243s][info][gc,heap        ] GC(107) ParOldGen: 203732K(455680K)->203732K(455680K)
[2026-05-06T01:04:52.356+0100][6.243s][info][gc,metaspace   ] GC(107) Metaspace: 19036K(19328K)->19036K(19328K) NonClass: 16806K(16960K)->16806K(16960K) Class: 2230K(2368K)->2230K(2368K)
[2026-05-06T01:04:52.356+0100][6.243s][info][gc             ] GC(107) Pause Young (System.gc()) 718M->199M(1367M) 0.290ms
[2026-05-06T01:04:52.356+0100][6.243s][info][gc,cpu         ] GC(107) User=0.00s Sys=0.00s Real=0.00s
[2026-05-06T01:04:52.356+0100][6.243s][info][gc,start       ] GC(108) Pause Full (System.gc())
[2026-05-06T01:04:52.356+0100][6.243s][info][gc,phases,start] GC(108) Marking Phase
[2026-05-06T01:04:52.360+0100][6.247s][info][gc,phases      ] GC(108) Marking Phase 4.524ms
[2026-05-06T01:04:52.360+0100][6.247s][info][gc,phases,start] GC(108) Summary Phase
[2026-05-06T01:04:52.360+0100][6.247s][info][gc,phases      ] GC(108) Summary Phase 0.005ms
[2026-05-06T01:04:52.360+0100][6.247s][info][gc,phases,start] GC(108) Adjust Roots
[2026-05-06T01:04:52.362+0100][6.249s][info][gc,phases      ] GC(108) Adjust Roots 1.722ms
[2026-05-06T01:04:52.362+0100][6.249s][info][gc,phases,start] GC(108) Compaction Phase
[2026-05-06T01:04:52.364+0100][6.251s][info][gc,phases      ] GC(108) Compaction Phase 1.800ms
[2026-05-06T01:04:52.364+0100][6.251s][info][gc,phases,start] GC(108) Post Compact
[2026-05-06T01:04:52.364+0100][6.251s][info][gc,phases      ] GC(108) Post Compact 0.053ms
[2026-05-06T01:04:52.364+0100][6.251s][info][gc,heap        ] GC(108) PSYoungGen: 160K(944640K)->0K(944640K) Eden: 0K(944128K)->0K(944128K) From: 160K(512K)->0K(512K)
[2026-05-06T01:04:52.364+0100][6.251s][info][gc,heap        ] GC(108) ParOldGen: 203732K(455680K)->203734K(455680K)
[2026-05-06T01:04:52.364+0100][6.251s][info][gc,metaspace   ] GC(108) Metaspace: 19036K(19328K)->19036K(19328K) NonClass: 16806K(16960K)->16806K(16960K) Class: 2230K(2368K)->2230K(2368K)
[2026-05-06T01:04:52.364+0100][6.251s][info][gc             ] GC(108) Pause Full (System.gc()) 199M->198M(1367M) 8.196ms
[2026-05-06T01:04:52.364+0100][6.251s][info][gc,cpu         ] GC(108) User=0.03s Sys=0.00s Real=0.01s
[2026-05-06T01:04:52.604+0100][6.491s][info][gc,start       ] GC(109) Pause Young (System.gc())
[2026-05-06T01:04:52.605+0100][6.492s][info][gc,heap        ] GC(109) PSYoungGen: 664878K(944640K)->192K(945152K) Eden: 664878K(944128K)->0K(944128K) From: 0K(512K)->192K(1024K)
[2026-05-06T01:04:52.605+0100][6.492s][info][gc,heap        ] GC(109) ParOldGen: 203734K(455680K)->203734K(455680K)
[2026-05-06T01:04:52.605+0100][6.492s][info][gc,metaspace   ] GC(109) Metaspace: 19038K(19328K)->19038K(19328K) NonClass: 16807K(16960K)->16807K(16960K) Class: 2230K(2368K)->2230K(2368K)
[2026-05-06T01:04:52.605+0100][6.492s][info][gc             ] GC(109) Pause Young (System.gc()) 848M->199M(1368M) 0.299ms
[2026-05-06T01:04:52.605+0100][6.492s][info][gc,cpu         ] GC(109) User=0.00s Sys=0.01s Real=0.00s
[2026-05-06T01:04:52.605+0100][6.492s][info][gc,start       ] GC(110) Pause Full (System.gc())
[2026-05-06T01:04:52.605+0100][6.492s][info][gc,phases,start] GC(110) Marking Phase
[2026-05-06T01:04:52.609+0100][6.497s][info][gc,phases      ] GC(110) Marking Phase 4.768ms
[2026-05-06T01:04:52.610+0100][6.497s][info][gc,phases,start] GC(110) Summary Phase
[2026-05-06T01:04:52.610+0100][6.497s][info][gc,phases      ] GC(110) Summary Phase 0.005ms
[2026-05-06T01:04:52.610+0100][6.497s][info][gc,phases,start] GC(110) Adjust Roots
[2026-05-06T01:04:52.611+0100][6.498s][info][gc,phases      ] GC(110) Adjust Roots 1.594ms
[2026-05-06T01:04:52.611+0100][6.498s][info][gc,phases,start] GC(110) Compaction Phase
[2026-05-06T01:04:52.613+0100][6.500s][info][gc,phases      ] GC(110) Compaction Phase 1.795ms
[2026-05-06T01:04:52.613+0100][6.500s][info][gc,phases,start] GC(110) Post Compact
[2026-05-06T01:04:52.613+0100][6.500s][info][gc,phases      ] GC(110) Post Compact 0.059ms
[2026-05-06T01:04:52.613+0100][6.500s][info][gc,heap        ] GC(110) PSYoungGen: 192K(945152K)->0K(945152K) Eden: 0K(944128K)->0K(944128K) From: 192K(1024K)->0K(1024K)
[2026-05-06T01:04:52.613+0100][6.500s][info][gc,heap        ] GC(110) ParOldGen: 203734K(455680K)->203734K(455680K)
[2026-05-06T01:04:52.613+0100][6.500s][info][gc,metaspace   ] GC(110) Metaspace: 19038K(19328K)->19038K(19328K) NonClass: 16807K(16960K)->16807K(16960K) Class: 2230K(2368K)->2230K(2368K)
[2026-05-06T01:04:52.613+0100][6.500s][info][gc             ] GC(110) Pause Full (System.gc()) 199M->198M(1368M) 8.294ms
[2026-05-06T01:04:52.613+0100][6.500s][info][gc,cpu         ] GC(110) User=0.03s Sys=0.00s Real=0.01s
[2026-05-06T01:04:52.826+0100][6.713s][info][gc,start       ] GC(111) Pause Young (System.gc())
[2026-05-06T01:04:52.826+0100][6.713s][info][gc,heap        ] GC(111) PSYoungGen: 623236K(945152K)->32K(945152K) Eden: 623236K(944128K)->0K(944128K) From: 0K(1024K)->32K(1024K)
[2026-05-06T01:04:52.826+0100][6.713s][info][gc,heap        ] GC(111) ParOldGen: 203734K(455680K)->203734K(455680K)
[2026-05-06T01:04:52.826+0100][6.713s][info][gc,metaspace   ] GC(111) Metaspace: 19042K(19328K)->19042K(19328K) NonClass: 16812K(16960K)->16812K(16960K) Class: 2230K(2368K)->2230K(2368K)
[2026-05-06T01:04:52.826+0100][6.713s][info][gc             ] GC(111) Pause Young (System.gc()) 807M->198M(1368M) 0.292ms
[2026-05-06T01:04:52.826+0100][6.713s][info][gc,cpu         ] GC(111) User=0.00s Sys=0.00s Real=0.00s
[2026-05-06T01:04:52.826+0100][6.713s][info][gc,start       ] GC(112) Pause Full (System.gc())
[2026-05-06T01:04:52.826+0100][6.713s][info][gc,phases,start] GC(112) Marking Phase
[2026-05-06T01:04:52.831+0100][6.718s][info][gc,phases      ] GC(112) Marking Phase 4.632ms
[2026-05-06T01:04:52.831+0100][6.718s][info][gc,phases,start] GC(112) Summary Phase
[2026-05-06T01:04:52.831+0100][6.718s][info][gc,phases      ] GC(112) Summary Phase 0.005ms
[2026-05-06T01:04:52.831+0100][6.718s][info][gc,phases,start] GC(112) Adjust Roots
[2026-05-06T01:04:52.832+0100][6.719s][info][gc,phases      ] GC(112) Adjust Roots 1.594ms
[2026-05-06T01:04:52.832+0100][6.719s][info][gc,phases,start] GC(112) Compaction Phase
[2026-05-06T01:04:52.834+0100][6.721s][info][gc,phases      ] GC(112) Compaction Phase 1.828ms
[2026-05-06T01:04:52.834+0100][6.721s][info][gc,phases,start] GC(112) Post Compact
[2026-05-06T01:04:52.834+0100][6.721s][info][gc,phases      ] GC(112) Post Compact 0.053ms
[2026-05-06T01:04:52.834+0100][6.721s][info][gc,heap        ] GC(112) PSYoungGen: 32K(945152K)->0K(945152K) Eden: 0K(944128K)->0K(944128K) From: 32K(1024K)->0K(1024K)
[2026-05-06T01:04:52.834+0100][6.721s][info][gc,heap        ] GC(112) ParOldGen: 203734K(455680K)->203732K(455680K)
[2026-05-06T01:04:52.834+0100][6.721s][info][gc,metaspace   ] GC(112) Metaspace: 19042K(19328K)->19042K(19328K) NonClass: 16812K(16960K)->16812K(16960K) Class: 2230K(2368K)->2230K(2368K)
[2026-05-06T01:04:52.834+0100][6.721s][info][gc             ] GC(112) Pause Full (System.gc()) 198M->198M(1368M) 8.181ms
[2026-05-06T01:04:52.834+0100][6.721s][info][gc,cpu         ] GC(112) User=0.03s Sys=0.01s Real=0.01s
[2026-05-06T01:04:52.960+0100][6.847s][info][gc,start       ] GC(113) Pause Young (System.gc())
[2026-05-06T01:04:52.960+0100][6.847s][info][gc,heap        ] GC(113) PSYoungGen: 607341K(945152K)->288K(945152K) Eden: 607341K(944128K)->0K(944128K) From: 0K(1024K)->288K(1024K)
[2026-05-06T01:04:52.960+0100][6.847s][info][gc,heap        ] GC(113) ParOldGen: 203732K(455680K)->203732K(455680K)
[2026-05-06T01:04:52.960+0100][6.847s][info][gc,metaspace   ] GC(113) Metaspace: 19057K(19392K)->19057K(19392K) NonClass: 16827K(17024K)->16827K(17024K) Class: 2230K(2368K)->2230K(2368K)
[2026-05-06T01:04:52.960+0100][6.847s][info][gc             ] GC(113) Pause Young (System.gc()) 792M->199M(1368M) 0.259ms
[2026-05-06T01:04:52.960+0100][6.847s][info][gc,cpu         ] GC(113) User=0.01s Sys=0.00s Real=0.00s
[2026-05-06T01:04:52.960+0100][6.847s][info][gc,start       ] GC(114) Pause Full (System.gc())
[2026-05-06T01:04:52.960+0100][6.847s][info][gc,phases,start] GC(114) Marking Phase
[2026-05-06T01:04:52.964+0100][6.851s][info][gc,phases      ] GC(114) Marking Phase 4.050ms
[2026-05-06T01:04:52.964+0100][6.851s][info][gc,phases,start] GC(114) Summary Phase
[2026-05-06T01:04:52.964+0100][6.851s][info][gc,phases      ] GC(114) Summary Phase 0.005ms
[2026-05-06T01:04:52.964+0100][6.851s][info][gc,phases,start] GC(114) Adjust Roots
[2026-05-06T01:04:52.966+0100][6.853s][info][gc,phases      ] GC(114) Adjust Roots 1.588ms
[2026-05-06T01:04:52.966+0100][6.853s][info][gc,phases,start] GC(114) Compaction Phase
[2026-05-06T01:04:52.968+0100][6.855s][info][gc,phases      ] GC(114) Compaction Phase 1.831ms
[2026-05-06T01:04:52.968+0100][6.855s][info][gc,phases,start] GC(114) Post Compact
[2026-05-06T01:04:52.968+0100][6.855s][info][gc,phases      ] GC(114) Post Compact 0.065ms
[2026-05-06T01:04:52.968+0100][6.855s][info][gc,heap        ] GC(114) PSYoungGen: 288K(945152K)->0K(945152K) Eden: 0K(944128K)->0K(944128K) From: 288K(1024K)->0K(1024K)
[2026-05-06T01:04:52.968+0100][6.855s][info][gc,heap        ] GC(114) ParOldGen: 203732K(455680K)->203735K(455680K)
[2026-05-06T01:04:52.968+0100][6.855s][info][gc,metaspace   ] GC(114) Metaspace: 19057K(19392K)->19057K(19392K) NonClass: 16827K(17024K)->16827K(17024K) Class: 2230K(2368K)->2230K(2368K)
[2026-05-06T01:04:52.968+0100][6.855s][info][gc             ] GC(114) Pause Full (System.gc()) 199M->198M(1368M) 7.607ms
[2026-05-06T01:04:52.968+0100][6.855s][info][gc,cpu         ] GC(114) User=0.02s Sys=0.01s Real=0.00s
[2026-05-06T01:04:53.100+0100][6.988s][info][gc,start       ] GC(115) Pause Young (System.gc())
[2026-05-06T01:04:53.101+0100][6.988s][info][gc,heap        ] GC(115) PSYoungGen: 830859K(945152K)->192K(945152K) Eden: 830859K(944128K)->0K(944128K) From: 0K(1024K)->192K(1024K)
[2026-05-06T01:04:53.101+0100][6.988s][info][gc,heap        ] GC(115) ParOldGen: 203735K(455680K)->203735K(455680K)
[2026-05-06T01:04:53.101+0100][6.988s][info][gc,metaspace   ] GC(115) Metaspace: 19057K(19392K)->19057K(19392K) NonClass: 16827K(17024K)->16827K(17024K) Class: 2230K(2368K)->2230K(2368K)
[2026-05-06T01:04:53.101+0100][6.988s][info][gc             ] GC(115) Pause Young (System.gc()) 1010M->199M(1368M) 0.454ms
[2026-05-06T01:04:53.101+0100][6.988s][info][gc,cpu         ] GC(115) User=0.00s Sys=0.00s Real=0.00s
[2026-05-06T01:04:53.101+0100][6.988s][info][gc,start       ] GC(116) Pause Full (System.gc())
[2026-05-06T01:04:53.101+0100][6.988s][info][gc,phases,start] GC(116) Marking Phase
[2026-05-06T01:04:53.105+0100][6.992s][info][gc,phases      ] GC(116) Marking Phase 3.907ms
[2026-05-06T01:04:53.105+0100][6.992s][info][gc,phases,start] GC(116) Summary Phase
[2026-05-06T01:04:53.105+0100][6.992s][info][gc,phases      ] GC(116) Summary Phase 0.008ms
[2026-05-06T01:04:53.105+0100][6.992s][info][gc,phases,start] GC(116) Adjust Roots
[2026-05-06T01:04:53.106+0100][6.994s][info][gc,phases      ] GC(116) Adjust Roots 1.634ms
[2026-05-06T01:04:53.107+0100][6.994s][info][gc,phases,start] GC(116) Compaction Phase
[2026-05-06T01:04:53.108+0100][6.995s][info][gc,phases      ] GC(116) Compaction Phase 1.768ms
[2026-05-06T01:04:53.108+0100][6.995s][info][gc,phases,start] GC(116) Post Compact
[2026-05-06T01:04:53.108+0100][6.995s][info][gc,phases      ] GC(116) Post Compact 0.057ms
[2026-05-06T01:04:53.108+0100][6.995s][info][gc,heap        ] GC(116) PSYoungGen: 192K(945152K)->0K(945152K) Eden: 0K(944128K)->0K(944128K) From: 192K(1024K)->0K(1024K)
[2026-05-06T01:04:53.108+0100][6.995s][info][gc,heap        ] GC(116) ParOldGen: 203735K(455680K)->203736K(455680K)
[2026-05-06T01:04:53.108+0100][6.995s][info][gc,metaspace   ] GC(116) Metaspace: 19057K(19392K)->19057K(19392K) NonClass: 16827K(17024K)->16827K(17024K) Class: 2230K(2368K)->2230K(2368K)
[2026-05-06T01:04:53.108+0100][6.995s][info][gc             ] GC(116) Pause Full (System.gc()) 199M->198M(1368M) 7.453ms
[2026-05-06T01:04:53.108+0100][6.995s][info][gc,cpu         ] GC(116) User=0.02s Sys=0.00s Real=0.00s
[2026-05-06T01:04:53.229+0100][7.116s][info][gc,start       ] GC(117) Pause Young (System.gc())
[2026-05-06T01:04:53.230+0100][7.117s][info][gc,heap        ] GC(117) PSYoungGen: 690994K(945152K)->32K(945152K) Eden: 690994K(944128K)->0K(944128K) From: 0K(1024K)->32K(1024K)
[2026-05-06T01:04:53.230+0100][7.117s][info][gc,heap        ] GC(117) ParOldGen: 203736K(455680K)->203736K(455680K)
[2026-05-06T01:04:53.230+0100][7.117s][info][gc,metaspace   ] GC(117) Metaspace: 19059K(19392K)->19059K(19392K) NonClass: 16829K(17024K)->16829K(17024K) Class: 2230K(2368K)->2230K(2368K)
[2026-05-06T01:04:53.230+0100][7.117s][info][gc             ] GC(117) Pause Young (System.gc()) 873M->198M(1368M) 0.281ms
[2026-05-06T01:04:53.230+0100][7.117s][info][gc,cpu         ] GC(117) User=0.00s Sys=0.00s Real=0.01s
[2026-05-06T01:04:53.230+0100][7.117s][info][gc,start       ] GC(118) Pause Full (System.gc())
[2026-05-06T01:04:53.230+0100][7.117s][info][gc,phases,start] GC(118) Marking Phase
[2026-05-06T01:04:53.234+0100][7.121s][info][gc,phases      ] GC(118) Marking Phase 4.204ms
[2026-05-06T01:04:53.234+0100][7.121s][info][gc,phases,start] GC(118) Summary Phase
[2026-05-06T01:04:53.234+0100][7.121s][info][gc,phases      ] GC(118) Summary Phase 0.006ms
[2026-05-06T01:04:53.234+0100][7.121s][info][gc,phases,start] GC(118) Adjust Roots
[2026-05-06T01:04:53.236+0100][7.123s][info][gc,phases      ] GC(118) Adjust Roots 1.648ms
[2026-05-06T01:04:53.236+0100][7.123s][info][gc,phases,start] GC(118) Compaction Phase
[2026-05-06T01:04:53.237+0100][7.124s][info][gc,phases      ] GC(118) Compaction Phase 1.811ms
[2026-05-06T01:04:53.237+0100][7.124s][info][gc,phases,start] GC(118) Post Compact
[2026-05-06T01:04:53.237+0100][7.125s][info][gc,phases      ] GC(118) Post Compact 0.055ms
[2026-05-06T01:04:53.237+0100][7.125s][info][gc,heap        ] GC(118) PSYoungGen: 32K(945152K)->0K(945152K) Eden: 0K(944128K)->0K(944128K) From: 32K(1024K)->0K(1024K)
[2026-05-06T01:04:53.237+0100][7.125s][info][gc,heap        ] GC(118) ParOldGen: 203736K(455680K)->203732K(455680K)
[2026-05-06T01:04:53.237+0100][7.125s][info][gc,metaspace   ] GC(118) Metaspace: 19059K(19392K)->19059K(19392K) NonClass: 16829K(17024K)->16829K(17024K) Class: 2230K(2368K)->2230K(2368K)
[2026-05-06T01:04:53.237+0100][7.125s][info][gc             ] GC(118) Pause Full (System.gc()) 198M->198M(1368M) 7.798ms
[2026-05-06T01:04:53.237+0100][7.125s][info][gc,cpu         ] GC(118) User=0.03s Sys=0.00s Real=0.00s
[2026-05-06T01:04:53.343+0100][7.230s][info][gc,start       ] GC(119) Pause Young (System.gc())
[2026-05-06T01:04:53.343+0100][7.230s][info][gc,heap        ] GC(119) PSYoungGen: 643646K(945152K)->288K(945152K) Eden: 643646K(944128K)->0K(944128K) From: 0K(1024K)->288K(1024K)
[2026-05-06T01:04:53.343+0100][7.230s][info][gc,heap        ] GC(119) ParOldGen: 203732K(455680K)->203732K(455680K)
[2026-05-06T01:04:53.343+0100][7.230s][info][gc,metaspace   ] GC(119) Metaspace: 19059K(19392K)->19059K(19392K) NonClass: 16829K(17024K)->16829K(17024K) Class: 2230K(2368K)->2230K(2368K)
[2026-05-06T01:04:53.343+0100][7.230s][info][gc             ] GC(119) Pause Young (System.gc()) 827M->199M(1368M) 0.265ms
[2026-05-06T01:04:53.343+0100][7.230s][info][gc,cpu         ] GC(119) User=0.00s Sys=0.00s Real=0.00s
[2026-05-06T01:04:53.343+0100][7.230s][info][gc,start       ] GC(120) Pause Full (System.gc())
[2026-05-06T01:04:53.343+0100][7.230s][info][gc,phases,start] GC(120) Marking Phase
[2026-05-06T01:04:53.347+0100][7.235s][info][gc,phases      ] GC(120) Marking Phase 4.617ms
[2026-05-06T01:04:53.347+0100][7.235s][info][gc,phases,start] GC(120) Summary Phase
[2026-05-06T01:04:53.347+0100][7.235s][info][gc,phases      ] GC(120) Summary Phase 0.008ms
[2026-05-06T01:04:53.347+0100][7.235s][info][gc,phases,start] GC(120) Adjust Roots
[2026-05-06T01:04:53.349+0100][7.236s][info][gc,phases      ] GC(120) Adjust Roots 1.794ms
[2026-05-06T01:04:53.349+0100][7.236s][info][gc,phases,start] GC(120) Compaction Phase
[2026-05-06T01:04:53.351+0100][7.238s][info][gc,phases      ] GC(120) Compaction Phase 1.868ms
[2026-05-06T01:04:53.351+0100][7.238s][info][gc,phases,start] GC(120) Post Compact
[2026-05-06T01:04:53.351+0100][7.238s][info][gc,phases      ] GC(120) Post Compact 0.064ms
[2026-05-06T01:04:53.351+0100][7.238s][info][gc,heap        ] GC(120) PSYoungGen: 288K(945152K)->0K(945152K) Eden: 0K(944128K)->0K(944128K) From: 288K(1024K)->0K(1024K)
[2026-05-06T01:04:53.351+0100][7.238s][info][gc,heap        ] GC(120) ParOldGen: 203732K(455680K)->203738K(455680K)
[2026-05-06T01:04:53.351+0100][7.238s][info][gc,metaspace   ] GC(120) Metaspace: 19059K(19392K)->19059K(19392K) NonClass: 16829K(17024K)->16829K(17024K) Class: 2230K(2368K)->2230K(2368K)
[2026-05-06T01:04:53.351+0100][7.238s][info][gc             ] GC(120) Pause Full (System.gc()) 199M->198M(1368M) 8.433ms
[2026-05-06T01:04:53.351+0100][7.238s][info][gc,cpu         ] GC(120) User=0.03s Sys=0.01s Real=0.01s
[2026-05-06T01:04:53.457+0100][7.345s][info][gc,start       ] GC(121) Pause Young (Allocation Failure)
[2026-05-06T01:04:53.458+0100][7.345s][info][gc,heap        ] GC(121) PSYoungGen: 944128K(945152K)->160K(945152K) Eden: 944128K(944128K)->0K(944128K) From: 0K(1024K)->160K(1024K)
[2026-05-06T01:04:53.458+0100][7.345s][info][gc,heap        ] GC(121) ParOldGen: 203738K(455680K)->203738K(455680K)
[2026-05-06T01:04:53.458+0100][7.345s][info][gc,metaspace   ] GC(121) Metaspace: 19059K(19392K)->19059K(19392K) NonClass: 16829K(17024K)->16829K(17024K) Class: 2230K(2368K)->2230K(2368K)
[2026-05-06T01:04:53.458+0100][7.345s][info][gc             ] GC(121) Pause Young (Allocation Failure) 1120M->199M(1368M) 0.347ms
[2026-05-06T01:04:53.458+0100][7.345s][info][gc,cpu         ] GC(121) User=0.00s Sys=0.00s Real=0.00s
[2026-05-06T01:04:53.465+0100][7.352s][info][gc,start       ] GC(122) Pause Young (System.gc())
[2026-05-06T01:04:53.465+0100][7.352s][info][gc,heap        ] GC(122) PSYoungGen: 74918K(945152K)->160K(945152K) Eden: 74758K(944128K)->0K(944128K) From: 160K(1024K)->160K(1024K)
[2026-05-06T01:04:53.465+0100][7.352s][info][gc,heap        ] GC(122) ParOldGen: 203738K(455680K)->203778K(455680K)
[2026-05-06T01:04:53.465+0100][7.352s][info][gc,metaspace   ] GC(122) Metaspace: 19059K(19392K)->19059K(19392K) NonClass: 16829K(17024K)->16829K(17024K) Class: 2230K(2368K)->2230K(2368K)
[2026-05-06T01:04:53.465+0100][7.352s][info][gc             ] GC(122) Pause Young (System.gc()) 272M->199M(1368M) 0.215ms
[2026-05-06T01:04:53.465+0100][7.352s][info][gc,cpu         ] GC(122) User=0.00s Sys=0.00s Real=0.00s
[2026-05-06T01:04:53.465+0100][7.352s][info][gc,start       ] GC(123) Pause Full (System.gc())
[2026-05-06T01:04:53.465+0100][7.352s][info][gc,phases,start] GC(123) Marking Phase
[2026-05-06T01:04:53.469+0100][7.356s][info][gc,phases      ] GC(123) Marking Phase 4.450ms
[2026-05-06T01:04:53.469+0100][7.357s][info][gc,phases,start] GC(123) Summary Phase
[2026-05-06T01:04:53.469+0100][7.357s][info][gc,phases      ] GC(123) Summary Phase 0.007ms
[2026-05-06T01:04:53.469+0100][7.357s][info][gc,phases,start] GC(123) Adjust Roots
[2026-05-06T01:04:53.471+0100][7.358s][info][gc,phases      ] GC(123) Adjust Roots 1.660ms
[2026-05-06T01:04:53.471+0100][7.358s][info][gc,phases,start] GC(123) Compaction Phase
[2026-05-06T01:04:53.473+0100][7.360s][info][gc,phases      ] GC(123) Compaction Phase 1.855ms
[2026-05-06T01:04:53.473+0100][7.360s][info][gc,phases,start] GC(123) Post Compact
[2026-05-06T01:04:53.473+0100][7.360s][info][gc,phases      ] GC(123) Post Compact 0.057ms
[2026-05-06T01:04:53.473+0100][7.360s][info][gc,heap        ] GC(123) PSYoungGen: 160K(945152K)->0K(945152K) Eden: 0K(944128K)->0K(944128K) From: 160K(1024K)->0K(1024K)
[2026-05-06T01:04:53.473+0100][7.360s][info][gc,heap        ] GC(123) ParOldGen: 203778K(455680K)->203736K(455680K)
[2026-05-06T01:04:53.473+0100][7.360s][info][gc,metaspace   ] GC(123) Metaspace: 19059K(19392K)->19059K(19392K) NonClass: 16829K(17024K)->16829K(17024K) Class: 2230K(2368K)->2230K(2368K)
[2026-05-06T01:04:53.473+0100][7.360s][info][gc             ] GC(123) Pause Full (System.gc()) 199M->198M(1368M) 8.113ms
[2026-05-06T01:04:53.473+0100][7.360s][info][gc,cpu         ] GC(123) User=0.03s Sys=0.00s Real=0.01s
[2026-05-06T01:04:53.588+0100][7.475s][info][gc,start       ] GC(124) Pause Young (System.gc())
[2026-05-06T01:04:53.588+0100][7.475s][info][gc,heap        ] GC(124) PSYoungGen: 809883K(945152K)->32K(1396736K) Eden: 809883K(944128K)->0K(1395712K) From: 0K(1024K)->32K(1024K)
[2026-05-06T01:04:53.588+0100][7.475s][info][gc,heap        ] GC(124) ParOldGen: 203736K(455680K)->203736K(455680K)
[2026-05-06T01:04:53.588+0100][7.475s][info][gc,metaspace   ] GC(124) Metaspace: 19059K(19392K)->19059K(19392K) NonClass: 16829K(17024K)->16829K(17024K) Class: 2230K(2368K)->2230K(2368K)
[2026-05-06T01:04:53.588+0100][7.475s][info][gc             ] GC(124) Pause Young (System.gc()) 989M->198M(1809M) 0.310ms
[2026-05-06T01:04:53.588+0100][7.475s][info][gc,cpu         ] GC(124) User=0.00s Sys=0.00s Real=0.00s
[2026-05-06T01:04:53.588+0100][7.475s][info][gc,start       ] GC(125) Pause Full (System.gc())
[2026-05-06T01:04:53.588+0100][7.475s][info][gc,phases,start] GC(125) Marking Phase
[2026-05-06T01:04:53.592+0100][7.479s][info][gc,phases      ] GC(125) Marking Phase 4.219ms
[2026-05-06T01:04:53.592+0100][7.479s][info][gc,phases,start] GC(125) Summary Phase
[2026-05-06T01:04:53.592+0100][7.479s][info][gc,phases      ] GC(125) Summary Phase 0.008ms
[2026-05-06T01:04:53.592+0100][7.479s][info][gc,phases,start] GC(125) Adjust Roots
[2026-05-06T01:04:53.594+0100][7.481s][info][gc,phases      ] GC(125) Adjust Roots 1.625ms
[2026-05-06T01:04:53.594+0100][7.481s][info][gc,phases,start] GC(125) Compaction Phase
[2026-05-06T01:04:53.596+0100][7.483s][info][gc,phases      ] GC(125) Compaction Phase 1.836ms
[2026-05-06T01:04:53.596+0100][7.483s][info][gc,phases,start] GC(125) Post Compact
[2026-05-06T01:04:53.596+0100][7.483s][info][gc,phases      ] GC(125) Post Compact 0.056ms
[2026-05-06T01:04:53.596+0100][7.483s][info][gc,heap        ] GC(125) PSYoungGen: 32K(1396736K)->0K(1396736K) Eden: 0K(1395712K)->0K(1395712K) From: 32K(1024K)->0K(1024K)
[2026-05-06T01:04:53.596+0100][7.483s][info][gc,heap        ] GC(125) ParOldGen: 203736K(455680K)->203733K(455680K)
[2026-05-06T01:04:53.596+0100][7.483s][info][gc,metaspace   ] GC(125) Metaspace: 19059K(19392K)->19059K(19392K) NonClass: 16829K(17024K)->16829K(17024K) Class: 2230K(2368K)->2230K(2368K)
[2026-05-06T01:04:53.596+0100][7.483s][info][gc             ] GC(125) Pause Full (System.gc()) 198M->198M(1809M) 7.824ms
[2026-05-06T01:04:53.596+0100][7.483s][info][gc,cpu         ] GC(125) User=0.03s Sys=0.00s Real=0.01s
[2026-05-06T01:04:53.699+0100][7.586s][info][gc,start       ] GC(126) Pause Young (System.gc())
[2026-05-06T01:04:53.699+0100][7.586s][info][gc,heap        ] GC(126) PSYoungGen: 726799K(1396736K)->288K(1396736K) Eden: 726799K(1395712K)->0K(1395712K) From: 0K(1024K)->288K(1024K)
[2026-05-06T01:04:53.699+0100][7.586s][info][gc,heap        ] GC(126) ParOldGen: 203733K(455680K)->203733K(455680K)
[2026-05-06T01:04:53.699+0100][7.586s][info][gc,metaspace   ] GC(126) Metaspace: 19059K(19392K)->19059K(19392K) NonClass: 16829K(17024K)->16829K(17024K) Class: 2230K(2368K)->2230K(2368K)
[2026-05-06T01:04:53.699+0100][7.586s][info][gc             ] GC(126) Pause Young (System.gc()) 908M->199M(1809M) 0.251ms
[2026-05-06T01:04:53.699+0100][7.586s][info][gc,cpu         ] GC(126) User=0.00s Sys=0.00s Real=0.00s
[2026-05-06T01:04:53.699+0100][7.586s][info][gc,start       ] GC(127) Pause Full (System.gc())
[2026-05-06T01:04:53.699+0100][7.586s][info][gc,phases,start] GC(127) Marking Phase
[2026-05-06T01:04:53.704+0100][7.591s][info][gc,phases      ] GC(127) Marking Phase 4.529ms
[2026-05-06T01:04:53.704+0100][7.591s][info][gc,phases,start] GC(127) Summary Phase
[2026-05-06T01:04:53.704+0100][7.591s][info][gc,phases      ] GC(127) Summary Phase 0.007ms
[2026-05-06T01:04:53.704+0100][7.591s][info][gc,phases,start] GC(127) Adjust Roots
[2026-05-06T01:04:53.705+0100][7.592s][info][gc,phases      ] GC(127) Adjust Roots 1.613ms
[2026-05-06T01:04:53.705+0100][7.592s][info][gc,phases,start] GC(127) Compaction Phase
[2026-05-06T01:04:53.707+0100][7.594s][info][gc,phases      ] GC(127) Compaction Phase 1.781ms
[2026-05-06T01:04:53.707+0100][7.594s][info][gc,phases,start] GC(127) Post Compact
[2026-05-06T01:04:53.707+0100][7.594s][info][gc,phases      ] GC(127) Post Compact 0.057ms
[2026-05-06T01:04:53.707+0100][7.594s][info][gc,heap        ] GC(127) PSYoungGen: 288K(1396736K)->0K(1396736K) Eden: 0K(1395712K)->0K(1395712K) From: 288K(1024K)->0K(1024K)
[2026-05-06T01:04:53.707+0100][7.594s][info][gc,heap        ] GC(127) ParOldGen: 203733K(455680K)->203740K(455680K)
[2026-05-06T01:04:53.707+0100][7.594s][info][gc,metaspace   ] GC(127) Metaspace: 19059K(19392K)->19059K(19392K) NonClass: 16829K(17024K)->16829K(17024K) Class: 2230K(2368K)->2230K(2368K)
[2026-05-06T01:04:53.707+0100][7.594s][info][gc             ] GC(127) Pause Full (System.gc()) 199M->198M(1809M) 8.072ms
[2026-05-06T01:04:53.707+0100][7.594s][info][gc,cpu         ] GC(127) User=0.02s Sys=0.01s Real=0.01s
[2026-05-06T01:04:53.818+0100][7.705s][info][gc,start       ] GC(128) Pause Young (System.gc())
[2026-05-06T01:04:53.818+0100][7.705s][info][gc,heap        ] GC(128) PSYoungGen: 1098677K(1396736K)->256K(1396736K) Eden: 1098677K(1395712K)->0K(1395712K) From: 0K(1024K)->256K(1024K)
[2026-05-06T01:04:53.818+0100][7.705s][info][gc,heap        ] GC(128) ParOldGen: 203740K(455680K)->203740K(455680K)
[2026-05-06T01:04:53.818+0100][7.705s][info][gc,metaspace   ] GC(128) Metaspace: 19061K(19392K)->19061K(19392K) NonClass: 16831K(17024K)->16831K(17024K) Class: 2230K(2368K)->2230K(2368K)
[2026-05-06T01:04:53.818+0100][7.705s][info][gc             ] GC(128) Pause Young (System.gc()) 1271M->199M(1809M) 0.275ms
[2026-05-06T01:04:53.818+0100][7.705s][info][gc,cpu         ] GC(128) User=0.00s Sys=0.00s Real=0.00s
[2026-05-06T01:04:53.818+0100][7.705s][info][gc,start       ] GC(129) Pause Full (System.gc())
[2026-05-06T01:04:53.818+0100][7.705s][info][gc,phases,start] GC(129) Marking Phase
[2026-05-06T01:04:53.823+0100][7.710s][info][gc,phases      ] GC(129) Marking Phase 4.589ms
[2026-05-06T01:04:53.823+0100][7.710s][info][gc,phases,start] GC(129) Summary Phase
[2026-05-06T01:04:53.823+0100][7.710s][info][gc,phases      ] GC(129) Summary Phase 0.006ms
[2026-05-06T01:04:53.823+0100][7.710s][info][gc,phases,start] GC(129) Adjust Roots
[2026-05-06T01:04:53.824+0100][7.712s][info][gc,phases      ] GC(129) Adjust Roots 1.565ms
[2026-05-06T01:04:53.824+0100][7.712s][info][gc,phases,start] GC(129) Compaction Phase
[2026-05-06T01:04:53.826+0100][7.713s][info][gc,phases      ] GC(129) Compaction Phase 1.857ms
[2026-05-06T01:04:53.826+0100][7.713s][info][gc,phases,start] GC(129) Post Compact
[2026-05-06T01:04:53.826+0100][7.714s][info][gc,phases      ] GC(129) Post Compact 0.184ms
[2026-05-06T01:04:53.827+0100][7.714s][info][gc,heap        ] GC(129) PSYoungGen: 256K(1396736K)->0K(1396736K) Eden: 0K(1395712K)->0K(1395712K) From: 256K(1024K)->0K(1024K)
[2026-05-06T01:04:53.827+0100][7.714s][info][gc,heap        ] GC(129) ParOldGen: 203740K(455680K)->203738K(455680K)
[2026-05-06T01:04:53.827+0100][7.714s][info][gc,metaspace   ] GC(129) Metaspace: 19061K(19392K)->19061K(19392K) NonClass: 16831K(17024K)->16831K(17024K) Class: 2230K(2368K)->2230K(2368K)
[2026-05-06T01:04:53.827+0100][7.714s][info][gc             ] GC(129) Pause Full (System.gc()) 199M->198M(1809M) 8.274ms
[2026-05-06T01:04:53.827+0100][7.714s][info][gc,cpu         ] GC(129) User=0.03s Sys=0.01s Real=0.01s
[2026-05-06T01:04:53.931+0100][7.818s][info][gc,start       ] GC(130) Pause Young (System.gc())
[2026-05-06T01:04:53.931+0100][7.818s][info][gc,heap        ] GC(130) PSYoungGen: 945692K(1396736K)->32K(1396736K) Eden: 945692K(1395712K)->0K(1395712K) From: 0K(1024K)->32K(1024K)
[2026-05-06T01:04:53.931+0100][7.818s][info][gc,heap        ] GC(130) ParOldGen: 203738K(455680K)->203738K(455680K)
[2026-05-06T01:04:53.931+0100][7.818s][info][gc,metaspace   ] GC(130) Metaspace: 19061K(19392K)->19061K(19392K) NonClass: 16831K(17024K)->16831K(17024K) Class: 2230K(2368K)->2230K(2368K)
[2026-05-06T01:04:53.931+0100][7.818s][info][gc             ] GC(130) Pause Young (System.gc()) 1122M->198M(1809M) 0.256ms
[2026-05-06T01:04:53.931+0100][7.818s][info][gc,cpu         ] GC(130) User=0.00s Sys=0.00s Real=0.00s
[2026-05-06T01:04:53.931+0100][7.818s][info][gc,start       ] GC(131) Pause Full (System.gc())
[2026-05-06T01:04:53.931+0100][7.818s][info][gc,phases,start] GC(131) Marking Phase
[2026-05-06T01:04:53.935+0100][7.822s][info][gc,phases      ] GC(131) Marking Phase 4.184ms
[2026-05-06T01:04:53.935+0100][7.822s][info][gc,phases,start] GC(131) Summary Phase
[2026-05-06T01:04:53.935+0100][7.822s][info][gc,phases      ] GC(131) Summary Phase 0.006ms
[2026-05-06T01:04:53.935+0100][7.822s][info][gc,phases,start] GC(131) Adjust Roots
[2026-05-06T01:04:53.937+0100][7.824s][info][gc,phases      ] GC(131) Adjust Roots 1.661ms
[2026-05-06T01:04:53.937+0100][7.824s][info][gc,phases,start] GC(131) Compaction Phase
[2026-05-06T01:04:53.939+0100][7.826s][info][gc,phases      ] GC(131) Compaction Phase 1.826ms
[2026-05-06T01:04:53.939+0100][7.826s][info][gc,phases,start] GC(131) Post Compact
[2026-05-06T01:04:53.939+0100][7.826s][info][gc,phases      ] GC(131) Post Compact 0.067ms
[2026-05-06T01:04:53.939+0100][7.826s][info][gc,heap        ] GC(131) PSYoungGen: 32K(1396736K)->0K(1396736K) Eden: 0K(1395712K)->0K(1395712K) From: 32K(1024K)->0K(1024K)
[2026-05-06T01:04:53.939+0100][7.826s][info][gc,heap        ] GC(131) ParOldGen: 203738K(455680K)->203733K(455680K)
[2026-05-06T01:04:53.939+0100][7.826s][info][gc,metaspace   ] GC(131) Metaspace: 19061K(19392K)->19061K(19392K) NonClass: 16831K(17024K)->16831K(17024K) Class: 2230K(2368K)->2230K(2368K)
[2026-05-06T01:04:53.939+0100][7.826s][info][gc             ] GC(131) Pause Full (System.gc()) 198M->198M(1809M) 7.822ms
[2026-05-06T01:04:53.939+0100][7.826s][info][gc,cpu         ] GC(131) User=0.03s Sys=0.01s Real=0.00s
[2026-05-06T01:04:54.029+0100][7.916s][info][gc,start       ] GC(132) Pause Young (System.gc())
[2026-05-06T01:04:54.029+0100][7.916s][info][gc,heap        ] GC(132) PSYoungGen: 762435K(1396736K)->288K(1396736K) Eden: 762435K(1395712K)->0K(1395712K) From: 0K(1024K)->288K(1024K)
[2026-05-06T01:04:54.029+0100][7.916s][info][gc,heap        ] GC(132) ParOldGen: 203733K(455680K)->203733K(455680K)
[2026-05-06T01:04:54.029+0100][7.916s][info][gc,metaspace   ] GC(132) Metaspace: 19061K(19392K)->19061K(19392K) NonClass: 16831K(17024K)->16831K(17024K) Class: 2230K(2368K)->2230K(2368K)
[2026-05-06T01:04:54.029+0100][7.916s][info][gc             ] GC(132) Pause Young (System.gc()) 943M->199M(1809M) 0.253ms
[2026-05-06T01:04:54.029+0100][7.916s][info][gc,cpu         ] GC(132) User=0.00s Sys=0.00s Real=0.00s
[2026-05-06T01:04:54.029+0100][7.916s][info][gc,start       ] GC(133) Pause Full (System.gc())
[2026-05-06T01:04:54.029+0100][7.916s][info][gc,phases,start] GC(133) Marking Phase
[2026-05-06T01:04:54.034+0100][7.921s][info][gc,phases      ] GC(133) Marking Phase 4.553ms
[2026-05-06T01:04:54.034+0100][7.921s][info][gc,phases,start] GC(133) Summary Phase
[2026-05-06T01:04:54.034+0100][7.921s][info][gc,phases      ] GC(133) Summary Phase 0.006ms
[2026-05-06T01:04:54.034+0100][7.921s][info][gc,phases,start] GC(133) Adjust Roots
[2026-05-06T01:04:54.036+0100][7.923s][info][gc,phases      ] GC(133) Adjust Roots 1.604ms
[2026-05-06T01:04:54.036+0100][7.923s][info][gc,phases,start] GC(133) Compaction Phase
[2026-05-06T01:04:54.037+0100][7.924s][info][gc,phases      ] GC(133) Compaction Phase 1.809ms
[2026-05-06T01:04:54.037+0100][7.925s][info][gc,phases,start] GC(133) Post Compact
[2026-05-06T01:04:54.038+0100][7.925s][info][gc,phases      ] GC(133) Post Compact 0.055ms
[2026-05-06T01:04:54.038+0100][7.925s][info][gc,heap        ] GC(133) PSYoungGen: 288K(1396736K)->0K(1396736K) Eden: 0K(1395712K)->0K(1395712K) From: 288K(1024K)->0K(1024K)
[2026-05-06T01:04:54.038+0100][7.925s][info][gc,heap        ] GC(133) ParOldGen: 203733K(455680K)->203743K(455680K)
[2026-05-06T01:04:54.038+0100][7.925s][info][gc,metaspace   ] GC(133) Metaspace: 19061K(19392K)->19061K(19392K) NonClass: 16831K(17024K)->16831K(17024K) Class: 2230K(2368K)->2230K(2368K)
[2026-05-06T01:04:54.038+0100][7.925s][info][gc             ] GC(133) Pause Full (System.gc()) 199M->198M(1809M) 8.107ms
[2026-05-06T01:04:54.038+0100][7.925s][info][gc,cpu         ] GC(133) User=0.02s Sys=0.01s Real=0.01s
[2026-05-06T01:04:54.131+0100][8.018s][info][gc,start       ] GC(134) Pause Young (System.gc())
[2026-05-06T01:04:54.132+0100][8.019s][info][gc,heap        ] GC(134) PSYoungGen: 1179658K(1396736K)->256K(1396736K) Eden: 1179658K(1395712K)->0K(1395712K) From: 0K(1024K)->256K(1024K)
[2026-05-06T01:04:54.132+0100][8.019s][info][gc,heap        ] GC(134) ParOldGen: 203743K(455680K)->203743K(455680K)
[2026-05-06T01:04:54.132+0100][8.019s][info][gc,metaspace   ] GC(134) Metaspace: 19061K(19392K)->19061K(19392K) NonClass: 16831K(17024K)->16831K(17024K) Class: 2230K(2368K)->2230K(2368K)
[2026-05-06T01:04:54.132+0100][8.019s][info][gc             ] GC(134) Pause Young (System.gc()) 1350M->199M(1809M) 0.274ms
[2026-05-06T01:04:54.132+0100][8.019s][info][gc,cpu         ] GC(134) User=0.00s Sys=0.00s Real=0.00s
[2026-05-06T01:04:54.132+0100][8.019s][info][gc,start       ] GC(135) Pause Full (System.gc())
[2026-05-06T01:04:54.132+0100][8.019s][info][gc,phases,start] GC(135) Marking Phase
[2026-05-06T01:04:54.136+0100][8.023s][info][gc,phases      ] GC(135) Marking Phase 4.752ms
[2026-05-06T01:04:54.136+0100][8.023s][info][gc,phases,start] GC(135) Summary Phase
[2026-05-06T01:04:54.136+0100][8.023s][info][gc,phases      ] GC(135) Summary Phase 0.006ms
[2026-05-06T01:04:54.136+0100][8.023s][info][gc,phases,start] GC(135) Adjust Roots
[2026-05-06T01:04:54.138+0100][8.025s][info][gc,phases      ] GC(135) Adjust Roots 1.587ms
[2026-05-06T01:04:54.138+0100][8.025s][info][gc,phases,start] GC(135) Compaction Phase
[2026-05-06T01:04:54.140+0100][8.027s][info][gc,phases      ] GC(135) Compaction Phase 1.797ms
[2026-05-06T01:04:54.140+0100][8.027s][info][gc,phases,start] GC(135) Post Compact
[2026-05-06T01:04:54.140+0100][8.027s][info][gc,phases      ] GC(135) Post Compact 0.057ms
[2026-05-06T01:04:54.140+0100][8.027s][info][gc,heap        ] GC(135) PSYoungGen: 256K(1396736K)->0K(1396736K) Eden: 0K(1395712K)->0K(1395712K) From: 256K(1024K)->0K(1024K)
[2026-05-06T01:04:54.140+0100][8.027s][info][gc,heap        ] GC(135) ParOldGen: 203743K(455680K)->203742K(455680K)
[2026-05-06T01:04:54.140+0100][8.027s][info][gc,metaspace   ] GC(135) Metaspace: 19061K(19392K)->19061K(19392K) NonClass: 16831K(17024K)->16831K(17024K) Class: 2230K(2368K)->2230K(2368K)
[2026-05-06T01:04:54.140+0100][8.027s][info][gc             ] GC(135) Pause Full (System.gc()) 199M->198M(1809M) 8.272ms
[2026-05-06T01:04:54.140+0100][8.027s][info][gc,cpu         ] GC(135) User=0.03s Sys=0.00s Real=0.01s
[2026-05-06T01:04:54.231+0100][8.118s][info][gc,start       ] GC(136) Pause Young (System.gc())
[2026-05-06T01:04:54.231+0100][8.118s][info][gc,heap        ] GC(136) PSYoungGen: 900804K(1396736K)->128K(1396736K) Eden: 900804K(1395712K)->0K(1395712K) From: 0K(1024K)->128K(1024K)
[2026-05-06T01:04:54.231+0100][8.118s][info][gc,heap        ] GC(136) ParOldGen: 203742K(455680K)->203742K(455680K)
[2026-05-06T01:04:54.231+0100][8.118s][info][gc,metaspace   ] GC(136) Metaspace: 19063K(19392K)->19063K(19392K) NonClass: 16833K(17024K)->16833K(17024K) Class: 2230K(2368K)->2230K(2368K)
[2026-05-06T01:04:54.231+0100][8.118s][info][gc             ] GC(136) Pause Young (System.gc()) 1078M->199M(1809M) 0.263ms
[2026-05-06T01:04:54.231+0100][8.118s][info][gc,cpu         ] GC(136) User=0.00s Sys=0.00s Real=0.00s
[2026-05-06T01:04:54.231+0100][8.118s][info][gc,start       ] GC(137) Pause Full (System.gc())
[2026-05-06T01:04:54.231+0100][8.118s][info][gc,phases,start] GC(137) Marking Phase
[2026-05-06T01:04:54.236+0100][8.123s][info][gc,phases      ] GC(137) Marking Phase 4.818ms
[2026-05-06T01:04:54.236+0100][8.123s][info][gc,phases,start] GC(137) Summary Phase
[2026-05-06T01:04:54.236+0100][8.123s][info][gc,phases      ] GC(137) Summary Phase 0.007ms
[2026-05-06T01:04:54.236+0100][8.123s][info][gc,phases,start] GC(137) Adjust Roots
[2026-05-06T01:04:54.238+0100][8.125s][info][gc,phases      ] GC(137) Adjust Roots 1.617ms
[2026-05-06T01:04:54.238+0100][8.125s][info][gc,phases,start] GC(137) Compaction Phase
[2026-05-06T01:04:54.240+0100][8.127s][info][gc,phases      ] GC(137) Compaction Phase 1.813ms
[2026-05-06T01:04:54.240+0100][8.127s][info][gc,phases,start] GC(137) Post Compact
[2026-05-06T01:04:54.240+0100][8.127s][info][gc,phases      ] GC(137) Post Compact 0.054ms
[2026-05-06T01:04:54.240+0100][8.127s][info][gc,heap        ] GC(137) PSYoungGen: 128K(1396736K)->0K(1396736K) Eden: 0K(1395712K)->0K(1395712K) From: 128K(1024K)->0K(1024K)
[2026-05-06T01:04:54.240+0100][8.127s][info][gc,heap        ] GC(137) ParOldGen: 203742K(455680K)->203734K(455680K)
[2026-05-06T01:04:54.240+0100][8.127s][info][gc,metaspace   ] GC(137) Metaspace: 19063K(19392K)->19063K(19392K) NonClass: 16833K(17024K)->16833K(17024K) Class: 2230K(2368K)->2230K(2368K)
[2026-05-06T01:04:54.240+0100][8.127s][info][gc             ] GC(137) Pause Full (System.gc()) 199M->198M(1809M) 8.399ms
[2026-05-06T01:04:54.240+0100][8.127s][info][gc,cpu         ] GC(137) User=0.03s Sys=0.01s Real=0.01s
[2026-05-06T01:04:54.322+0100][8.209s][info][gc,start       ] GC(138) Pause Young (System.gc())
[2026-05-06T01:04:54.322+0100][8.209s][info][gc,heap        ] GC(138) PSYoungGen: 509924K(1396736K)->32K(1396736K) Eden: 509924K(1395712K)->0K(1395712K) From: 0K(1024K)->32K(1024K)
[2026-05-06T01:04:54.322+0100][8.209s][info][gc,heap        ] GC(138) ParOldGen: 203734K(455680K)->203734K(455680K)
[2026-05-06T01:04:54.322+0100][8.209s][info][gc,metaspace   ] GC(138) Metaspace: 19065K(19392K)->19065K(19392K) NonClass: 16835K(17024K)->16835K(17024K) Class: 2230K(2368K)->2230K(2368K)
[2026-05-06T01:04:54.322+0100][8.209s][info][gc             ] GC(138) Pause Young (System.gc()) 696M->198M(1809M) 0.227ms
[2026-05-06T01:04:54.322+0100][8.209s][info][gc,cpu         ] GC(138) User=0.00s Sys=0.00s Real=0.00s
[2026-05-06T01:04:54.322+0100][8.209s][info][gc,start       ] GC(139) Pause Full (System.gc())
[2026-05-06T01:04:54.322+0100][8.209s][info][gc,phases,start] GC(139) Marking Phase
[2026-05-06T01:04:54.326+0100][8.213s][info][gc,phases      ] GC(139) Marking Phase 4.302ms
[2026-05-06T01:04:54.326+0100][8.213s][info][gc,phases,start] GC(139) Summary Phase
[2026-05-06T01:04:54.326+0100][8.213s][info][gc,phases      ] GC(139) Summary Phase 0.007ms
[2026-05-06T01:04:54.326+0100][8.213s][info][gc,phases,start] GC(139) Adjust Roots
[2026-05-06T01:04:54.328+0100][8.215s][info][gc,phases      ] GC(139) Adjust Roots 1.566ms
[2026-05-06T01:04:54.328+0100][8.215s][info][gc,phases,start] GC(139) Compaction Phase
[2026-05-06T01:04:54.330+0100][8.217s][info][gc,phases      ] GC(139) Compaction Phase 1.798ms
[2026-05-06T01:04:54.330+0100][8.217s][info][gc,phases,start] GC(139) Post Compact
[2026-05-06T01:04:54.330+0100][8.217s][info][gc,phases      ] GC(139) Post Compact 0.056ms
[2026-05-06T01:04:54.330+0100][8.217s][info][gc,heap        ] GC(139) PSYoungGen: 32K(1396736K)->0K(1396736K) Eden: 0K(1395712K)->0K(1395712K) From: 32K(1024K)->0K(1024K)
[2026-05-06T01:04:54.330+0100][8.217s][info][gc,heap        ] GC(139) ParOldGen: 203734K(455680K)->203734K(455680K)
[2026-05-06T01:04:54.330+0100][8.217s][info][gc,metaspace   ] GC(139) Metaspace: 19065K(19392K)->19065K(19392K) NonClass: 16835K(17024K)->16835K(17024K) Class: 2230K(2368K)->2230K(2368K)
[2026-05-06T01:04:54.330+0100][8.217s][info][gc             ] GC(139) Pause Full (System.gc()) 198M->198M(1809M) 7.808ms
[2026-05-06T01:04:54.330+0100][8.217s][info][gc,cpu         ] GC(139) User=0.03s Sys=0.00s Real=0.01s
[2026-05-06T01:04:54.413+0100][8.300s][info][gc,start       ] GC(140) Pause Young (System.gc())
[2026-05-06T01:04:54.413+0100][8.300s][info][gc,heap        ] GC(140) PSYoungGen: 503319K(1396736K)->32K(1396736K) Eden: 503319K(1395712K)->0K(1395712K) From: 0K(1024K)->32K(1024K)
[2026-05-06T01:04:54.413+0100][8.300s][info][gc,heap        ] GC(140) ParOldGen: 203734K(455680K)->203734K(455680K)
[2026-05-06T01:04:54.413+0100][8.300s][info][gc,metaspace   ] GC(140) Metaspace: 19066K(19392K)->19066K(19392K) NonClass: 16836K(17024K)->16836K(17024K) Class: 2230K(2368K)->2230K(2368K)
[2026-05-06T01:04:54.413+0100][8.300s][info][gc             ] GC(140) Pause Young (System.gc()) 690M->198M(1809M) 0.239ms
[2026-05-06T01:04:54.413+0100][8.300s][info][gc,cpu         ] GC(140) User=0.00s Sys=0.00s Real=0.00s
[2026-05-06T01:04:54.413+0100][8.300s][info][gc,start       ] GC(141) Pause Full (System.gc())
[2026-05-06T01:04:54.413+0100][8.300s][info][gc,phases,start] GC(141) Marking Phase
[2026-05-06T01:04:54.418+0100][8.305s][info][gc,phases      ] GC(141) Marking Phase 4.673ms
[2026-05-06T01:04:54.418+0100][8.305s][info][gc,phases,start] GC(141) Summary Phase
[2026-05-06T01:04:54.418+0100][8.305s][info][gc,phases      ] GC(141) Summary Phase 0.006ms
[2026-05-06T01:04:54.418+0100][8.305s][info][gc,phases,start] GC(141) Adjust Roots
[2026-05-06T01:04:54.420+0100][8.307s][info][gc,phases      ] GC(141) Adjust Roots 1.631ms
[2026-05-06T01:04:54.420+0100][8.307s][info][gc,phases,start] GC(141) Compaction Phase
[2026-05-06T01:04:54.421+0100][8.308s][info][gc,phases      ] GC(141) Compaction Phase 1.767ms
[2026-05-06T01:04:54.421+0100][8.308s][info][gc,phases,start] GC(141) Post Compact
[2026-05-06T01:04:54.421+0100][8.309s][info][gc,phases      ] GC(141) Post Compact 0.055ms
[2026-05-06T01:04:54.421+0100][8.309s][info][gc,heap        ] GC(141) PSYoungGen: 32K(1396736K)->0K(1396736K) Eden: 0K(1395712K)->0K(1395712K) From: 32K(1024K)->0K(1024K)
[2026-05-06T01:04:54.421+0100][8.309s][info][gc,heap        ] GC(141) ParOldGen: 203734K(455680K)->203734K(455680K)
[2026-05-06T01:04:54.421+0100][8.309s][info][gc,metaspace   ] GC(141) Metaspace: 19066K(19392K)->19066K(19392K) NonClass: 16836K(17024K)->16836K(17024K) Class: 2230K(2368K)->2230K(2368K)
[2026-05-06T01:04:54.421+0100][8.309s][info][gc             ] GC(141) Pause Full (System.gc()) 198M->198M(1809M) 8.223ms
[2026-05-06T01:04:54.421+0100][8.309s][info][gc,cpu         ] GC(141) User=0.03s Sys=0.00s Real=0.01s
[2026-05-06T01:04:54.918+0100][8.805s][info][gc,start       ] GC(142) Pause Young (System.gc())
[2026-05-06T01:04:54.918+0100][8.806s][info][gc,heap        ] GC(142) PSYoungGen: 835095K(1396736K)->64K(1396736K) Eden: 835095K(1395712K)->0K(1395712K) From: 0K(1024K)->64K(1024K)
[2026-05-06T01:04:54.918+0100][8.806s][info][gc,heap        ] GC(142) ParOldGen: 203734K(455680K)->203734K(455680K)
[2026-05-06T01:04:54.918+0100][8.806s][info][gc,metaspace   ] GC(142) Metaspace: 19066K(19392K)->19066K(19392K) NonClass: 16836K(17024K)->16836K(17024K) Class: 2230K(2368K)->2230K(2368K)
[2026-05-06T01:04:54.918+0100][8.806s][info][gc             ] GC(142) Pause Young (System.gc()) 1014M->199M(1809M) 0.416ms
[2026-05-06T01:04:54.918+0100][8.806s][info][gc,cpu         ] GC(142) User=0.01s Sys=0.00s Real=0.00s
[2026-05-06T01:04:54.919+0100][8.806s][info][gc,start       ] GC(143) Pause Full (System.gc())
[2026-05-06T01:04:54.919+0100][8.806s][info][gc,phases,start] GC(143) Marking Phase
[2026-05-06T01:04:54.923+0100][8.810s][info][gc,phases      ] GC(143) Marking Phase 4.876ms
[2026-05-06T01:04:54.923+0100][8.810s][info][gc,phases,start] GC(143) Summary Phase
[2026-05-06T01:04:54.923+0100][8.810s][info][gc,phases      ] GC(143) Summary Phase 0.007ms
[2026-05-06T01:04:54.923+0100][8.810s][info][gc,phases,start] GC(143) Adjust Roots
[2026-05-06T01:04:54.925+0100][8.812s][info][gc,phases      ] GC(143) Adjust Roots 1.620ms
[2026-05-06T01:04:54.925+0100][8.812s][info][gc,phases,start] GC(143) Compaction Phase
[2026-05-06T01:04:54.927+0100][8.814s][info][gc,phases      ] GC(143) Compaction Phase 1.780ms
[2026-05-06T01:04:54.927+0100][8.814s][info][gc,phases,start] GC(143) Post Compact
[2026-05-06T01:04:54.927+0100][8.814s][info][gc,phases      ] GC(143) Post Compact 0.056ms
[2026-05-06T01:04:54.927+0100][8.814s][info][gc,heap        ] GC(143) PSYoungGen: 64K(1396736K)->0K(1396736K) Eden: 0K(1395712K)->0K(1395712K) From: 64K(1024K)->0K(1024K)
[2026-05-06T01:04:54.927+0100][8.814s][info][gc,heap        ] GC(143) ParOldGen: 203734K(455680K)->203734K(455680K)
[2026-05-06T01:04:54.927+0100][8.814s][info][gc,metaspace   ] GC(143) Metaspace: 19066K(19392K)->19066K(19392K) NonClass: 16836K(17024K)->16836K(17024K) Class: 2230K(2368K)->2230K(2368K)
[2026-05-06T01:04:54.927+0100][8.814s][info][gc             ] GC(143) Pause Full (System.gc()) 199M->198M(1809M) 8.416ms
[2026-05-06T01:04:54.927+0100][8.814s][info][gc,cpu         ] GC(143) User=0.03s Sys=0.01s Real=0.01s
[2026-05-06T01:04:56.360+0100][10.247s][info][gc,start       ] GC(144) Pause Young (Allocation Failure)
[2026-05-06T01:04:56.360+0100][10.247s][info][gc,heap        ] GC(144) PSYoungGen: 1346043K(1396736K)->64K(1396736K) Eden: 1346043K(1395712K)->0K(1396224K) From: 0K(1024K)->64K(512K)
[2026-05-06T01:04:56.360+0100][10.247s][info][gc,heap        ] GC(144) ParOldGen: 203734K(455680K)->203734K(455680K)
[2026-05-06T01:04:56.360+0100][10.247s][info][gc,metaspace   ] GC(144) Metaspace: 19066K(19392K)->19066K(19392K) NonClass: 16836K(17024K)->16836K(17024K) Class: 2230K(2368K)->2230K(2368K)
[2026-05-06T01:04:56.360+0100][10.247s][info][gc             ] GC(144) Pause Young (Allocation Failure) 1513M->199M(1809M) 0.395ms
[2026-05-06T01:04:56.360+0100][10.247s][info][gc,cpu         ] GC(144) User=0.00s Sys=0.00s Real=0.00s
[2026-05-06T01:04:56.880+0100][10.767s][info][gc,start       ] GC(145) Pause Young (System.gc())
[2026-05-06T01:04:56.880+0100][10.767s][info][gc,heap        ] GC(145) PSYoungGen: 611839K(1396736K)->32K(1396736K) Eden: 611775K(1396224K)->0K(1396224K) From: 64K(512K)->32K(512K)
[2026-05-06T01:04:56.880+0100][10.767s][info][gc,heap        ] GC(145) ParOldGen: 203734K(455680K)->203734K(455680K)
[2026-05-06T01:04:56.880+0100][10.767s][info][gc,metaspace   ] GC(145) Metaspace: 19067K(19392K)->19067K(19392K) NonClass: 16837K(17024K)->16837K(17024K) Class: 2230K(2368K)->2230K(2368K)
[2026-05-06T01:04:56.880+0100][10.767s][info][gc             ] GC(145) Pause Young (System.gc()) 796M->198M(1809M) 0.322ms
[2026-05-06T01:04:56.880+0100][10.767s][info][gc,cpu         ] GC(145) User=0.00s Sys=0.00s Real=0.00s
[2026-05-06T01:04:56.880+0100][10.767s][info][gc,start       ] GC(146) Pause Full (System.gc())
[2026-05-06T01:04:56.880+0100][10.767s][info][gc,phases,start] GC(146) Marking Phase
[2026-05-06T01:04:56.886+0100][10.773s][info][gc,phases      ] GC(146) Marking Phase 5.339ms
[2026-05-06T01:04:56.886+0100][10.773s][info][gc,phases,start] GC(146) Summary Phase
[2026-05-06T01:04:56.886+0100][10.773s][info][gc,phases      ] GC(146) Summary Phase 0.007ms
[2026-05-06T01:04:56.886+0100][10.773s][info][gc,phases,start] GC(146) Adjust Roots
[2026-05-06T01:04:56.887+0100][10.774s][info][gc,phases      ] GC(146) Adjust Roots 1.574ms
[2026-05-06T01:04:56.887+0100][10.774s][info][gc,phases,start] GC(146) Compaction Phase
[2026-05-06T01:04:56.889+0100][10.776s][info][gc,phases      ] GC(146) Compaction Phase 1.868ms
[2026-05-06T01:04:56.889+0100][10.776s][info][gc,phases,start] GC(146) Post Compact
[2026-05-06T01:04:56.889+0100][10.776s][info][gc,phases      ] GC(146) Post Compact 0.060ms
[2026-05-06T01:04:56.889+0100][10.776s][info][gc,heap        ] GC(146) PSYoungGen: 32K(1396736K)->0K(1396736K) Eden: 0K(1396224K)->0K(1396224K) From: 32K(512K)->0K(512K)
[2026-05-06T01:04:56.889+0100][10.776s][info][gc,heap        ] GC(146) ParOldGen: 203734K(455680K)->203734K(455680K)
[2026-05-06T01:04:56.889+0100][10.776s][info][gc,metaspace   ] GC(146) Metaspace: 19067K(19392K)->19067K(19392K) NonClass: 16837K(17024K)->16837K(17024K) Class: 2230K(2368K)->2230K(2368K)
[2026-05-06T01:04:56.889+0100][10.776s][info][gc             ] GC(146) Pause Full (System.gc()) 198M->198M(1809M) 8.922ms
[2026-05-06T01:04:56.889+0100][10.776s][info][gc,cpu         ] GC(146) User=0.03s Sys=0.00s Real=0.00s
[2026-05-06T01:04:58.343+0100][12.230s][info][gc,start       ] GC(147) Pause Young (Allocation Failure)
[2026-05-06T01:04:58.344+0100][12.231s][info][gc,heap        ] GC(147) PSYoungGen: 1349055K(1396736K)->32K(1396736K) Eden: 1349055K(1396224K)->0K(1396224K) From: 0K(512K)->32K(512K)
[2026-05-06T01:04:58.344+0100][12.231s][info][gc,heap        ] GC(147) ParOldGen: 203734K(455680K)->203734K(455680K)
[2026-05-06T01:04:58.344+0100][12.231s][info][gc,metaspace   ] GC(147) Metaspace: 19067K(19392K)->19067K(19392K) NonClass: 16837K(17024K)->16837K(17024K) Class: 2230K(2368K)->2230K(2368K)
[2026-05-06T01:04:58.344+0100][12.231s][info][gc             ] GC(147) Pause Young (Allocation Failure) 1516M->198M(1809M) 0.303ms
[2026-05-06T01:04:58.344+0100][12.231s][info][gc,cpu         ] GC(147) User=0.00s Sys=0.00s Real=0.00s
[2026-05-06T01:04:58.876+0100][12.763s][info][gc,start       ] GC(148) Pause Young (System.gc())
[2026-05-06T01:04:58.876+0100][12.763s][info][gc,heap        ] GC(148) PSYoungGen: 634685K(1396736K)->160K(1396736K) Eden: 634653K(1396224K)->0K(1396224K) From: 32K(512K)->160K(512K)
[2026-05-06T01:04:58.876+0100][12.763s][info][gc,heap        ] GC(148) ParOldGen: 203734K(455680K)->203734K(455680K)
[2026-05-06T01:04:58.876+0100][12.763s][info][gc,metaspace   ] GC(148) Metaspace: 19068K(19392K)->19068K(19392K) NonClass: 16838K(17024K)->16838K(17024K) Class: 2230K(2368K)->2230K(2368K)
[2026-05-06T01:04:58.876+0100][12.763s][info][gc             ] GC(148) Pause Young (System.gc()) 818M->199M(1809M) 0.534ms
[2026-05-06T01:04:58.876+0100][12.763s][info][gc,cpu         ] GC(148) User=0.00s Sys=0.00s Real=0.00s
[2026-05-06T01:04:58.876+0100][12.763s][info][gc,start       ] GC(149) Pause Full (System.gc())
[2026-05-06T01:04:58.876+0100][12.763s][info][gc,phases,start] GC(149) Marking Phase
[2026-05-06T01:04:58.883+0100][12.770s][info][gc,phases      ] GC(149) Marking Phase 6.353ms
[2026-05-06T01:04:58.883+0100][12.770s][info][gc,phases,start] GC(149) Summary Phase
[2026-05-06T01:04:58.883+0100][12.770s][info][gc,phases      ] GC(149) Summary Phase 0.009ms
[2026-05-06T01:04:58.883+0100][12.770s][info][gc,phases,start] GC(149) Adjust Roots
[2026-05-06T01:04:58.885+0100][12.772s][info][gc,phases      ] GC(149) Adjust Roots 1.967ms
[2026-05-06T01:04:58.885+0100][12.772s][info][gc,phases,start] GC(149) Compaction Phase
[2026-05-06T01:04:58.887+0100][12.774s][info][gc,phases      ] GC(149) Compaction Phase 2.486ms
[2026-05-06T01:04:58.887+0100][12.774s][info][gc,phases,start] GC(149) Post Compact
[2026-05-06T01:04:58.887+0100][12.774s][info][gc,phases      ] GC(149) Post Compact 0.066ms
[2026-05-06T01:04:58.887+0100][12.774s][info][gc,heap        ] GC(149) PSYoungGen: 160K(1396736K)->0K(1396736K) Eden: 0K(1396224K)->0K(1396224K) From: 160K(512K)->0K(512K)
[2026-05-06T01:04:58.887+0100][12.774s][info][gc,heap        ] GC(149) ParOldGen: 203734K(455680K)->203736K(455680K)
[2026-05-06T01:04:58.887+0100][12.774s][info][gc,metaspace   ] GC(149) Metaspace: 19068K(19392K)->19068K(19392K) NonClass: 16838K(17024K)->16838K(17024K) Class: 2230K(2368K)->2230K(2368K)
[2026-05-06T01:04:58.887+0100][12.774s][info][gc             ] GC(149) Pause Full (System.gc()) 199M->198M(1809M) 11.039ms
[2026-05-06T01:04:58.887+0100][12.774s][info][gc,cpu         ] GC(149) User=0.04s Sys=0.00s Real=0.01s
[2026-05-06T01:05:00.133+0100][14.020s][info][gc,start       ] GC(150) Pause Young (Allocation Failure)
[2026-05-06T01:05:00.134+0100][14.021s][info][gc,heap        ] GC(150) PSYoungGen: 1287313K(1396736K)->160K(1330688K) Eden: 1287313K(1396224K)->0K(1330176K) From: 0K(512K)->160K(512K)
[2026-05-06T01:05:00.134+0100][14.021s][info][gc,heap        ] GC(150) ParOldGen: 203736K(455680K)->203736K(455680K)
[2026-05-06T01:05:00.134+0100][14.021s][info][gc,metaspace   ] GC(150) Metaspace: 19068K(19392K)->19068K(19392K) NonClass: 16838K(17024K)->16838K(17024K) Class: 2230K(2368K)->2230K(2368K)
[2026-05-06T01:05:00.134+0100][14.021s][info][gc             ] GC(150) Pause Young (Allocation Failure) 1456M->199M(1744M) 0.345ms
[2026-05-06T01:05:00.134+0100][14.021s][info][gc,cpu         ] GC(150) User=0.00s Sys=0.00s Real=0.00s
[2026-05-06T01:05:00.793+0100][14.680s][info][gc,start       ] GC(151) Pause Young (System.gc())
[2026-05-06T01:05:00.793+0100][14.680s][info][gc,heap        ] GC(151) PSYoungGen: 800671K(1330688K)->192K(1330688K) Eden: 800511K(1330176K)->0K(1330176K) From: 160K(512K)->192K(512K)
[2026-05-06T01:05:00.793+0100][14.680s][info][gc,heap        ] GC(151) ParOldGen: 203736K(455680K)->203736K(455680K)
[2026-05-06T01:05:00.793+0100][14.680s][info][gc,metaspace   ] GC(151) Metaspace: 19069K(19392K)->19069K(19392K) NonClass: 16839K(17024K)->16839K(17024K) Class: 2230K(2368K)->2230K(2368K)
[2026-05-06T01:05:00.793+0100][14.680s][info][gc             ] GC(151) Pause Young (System.gc()) 980M->199M(1744M) 0.301ms
[2026-05-06T01:05:00.793+0100][14.680s][info][gc,cpu         ] GC(151) User=0.00s Sys=0.00s Real=0.00s
[2026-05-06T01:05:00.793+0100][14.680s][info][gc,start       ] GC(152) Pause Full (System.gc())
[2026-05-06T01:05:00.793+0100][14.680s][info][gc,phases,start] GC(152) Marking Phase
[2026-05-06T01:05:00.798+0100][14.685s][info][gc,phases      ] GC(152) Marking Phase 4.798ms
[2026-05-06T01:05:00.798+0100][14.685s][info][gc,phases,start] GC(152) Summary Phase
[2026-05-06T01:05:00.798+0100][14.685s][info][gc,phases      ] GC(152) Summary Phase 0.008ms
[2026-05-06T01:05:00.798+0100][14.685s][info][gc,phases,start] GC(152) Adjust Roots
[2026-05-06T01:05:00.800+0100][14.687s][info][gc,phases      ] GC(152) Adjust Roots 1.534ms
[2026-05-06T01:05:00.800+0100][14.687s][info][gc,phases,start] GC(152) Compaction Phase
[2026-05-06T01:05:00.802+0100][14.689s][info][gc,phases      ] GC(152) Compaction Phase 1.786ms
[2026-05-06T01:05:00.802+0100][14.689s][info][gc,phases,start] GC(152) Post Compact
[2026-05-06T01:05:00.802+0100][14.689s][info][gc,phases      ] GC(152) Post Compact 0.052ms
[2026-05-06T01:05:00.802+0100][14.689s][info][gc,heap        ] GC(152) PSYoungGen: 192K(1330688K)->0K(1330688K) Eden: 0K(1330176K)->0K(1330176K) From: 192K(512K)->0K(512K)
[2026-05-06T01:05:00.802+0100][14.689s][info][gc,heap        ] GC(152) ParOldGen: 203736K(455680K)->203736K(455680K)
[2026-05-06T01:05:00.802+0100][14.689s][info][gc,metaspace   ] GC(152) Metaspace: 19069K(19392K)->19069K(19392K) NonClass: 16839K(17024K)->16839K(17024K) Class: 2230K(2368K)->2230K(2368K)
[2026-05-06T01:05:00.802+0100][14.689s][info][gc             ] GC(152) Pause Full (System.gc()) 199M->198M(1744M) 8.260ms
[2026-05-06T01:05:00.802+0100][14.689s][info][gc,cpu         ] GC(152) User=0.03s Sys=0.01s Real=0.01s
[2026-05-06T01:05:02.018+0100][15.905s][info][gc,start       ] GC(153) Pause Young (Allocation Failure)
[2026-05-06T01:05:02.018+0100][15.905s][info][gc,heap        ] GC(153) PSYoungGen: 1323108K(1330688K)->128K(1267712K) Eden: 1323108K(1330176K)->0K(1267200K) From: 0K(512K)->128K(512K)
[2026-05-06T01:05:02.018+0100][15.905s][info][gc,heap        ] GC(153) ParOldGen: 203736K(455680K)->203736K(455680K)
[2026-05-06T01:05:02.018+0100][15.905s][info][gc,metaspace   ] GC(153) Metaspace: 19069K(19392K)->19069K(19392K) NonClass: 16839K(17024K)->16839K(17024K) Class: 2230K(2368K)->2230K(2368K)
[2026-05-06T01:05:02.018+0100][15.905s][info][gc             ] GC(153) Pause Young (Allocation Failure) 1491M->199M(1683M) 0.361ms
[2026-05-06T01:05:02.018+0100][15.905s][info][gc,cpu         ] GC(153) User=0.00s Sys=0.00s Real=0.00s
[2026-05-06T01:05:02.467+0100][16.354s][info][gc,start       ] GC(154) Pause Young (System.gc())
[2026-05-06T01:05:02.467+0100][16.354s][info][gc,heap        ] GC(154) PSYoungGen: 779023K(1267712K)->32K(1267712K) Eden: 778895K(1267200K)->0K(1267200K) From: 128K(512K)->32K(512K)
[2026-05-06T01:05:02.467+0100][16.354s][info][gc,heap        ] GC(154) ParOldGen: 203736K(455680K)->203736K(455680K)
[2026-05-06T01:05:02.467+0100][16.354s][info][gc,metaspace   ] GC(154) Metaspace: 19069K(19392K)->19069K(19392K) NonClass: 16839K(17024K)->16839K(17024K) Class: 2230K(2368K)->2230K(2368K)
[2026-05-06T01:05:02.467+0100][16.354s][info][gc             ] GC(154) Pause Young (System.gc()) 959M->198M(1683M) 0.314ms
[2026-05-06T01:05:02.467+0100][16.354s][info][gc,cpu         ] GC(154) User=0.01s Sys=0.00s Real=0.00s
[2026-05-06T01:05:02.467+0100][16.354s][info][gc,start       ] GC(155) Pause Full (System.gc())
[2026-05-06T01:05:02.467+0100][16.354s][info][gc,phases,start] GC(155) Marking Phase
[2026-05-06T01:05:02.472+0100][16.359s][info][gc,phases      ] GC(155) Marking Phase 4.992ms
[2026-05-06T01:05:02.473+0100][16.359s][info][gc,phases,start] GC(155) Summary Phase
[2026-05-06T01:05:02.473+0100][16.359s][info][gc,phases      ] GC(155) Summary Phase 0.008ms
[2026-05-06T01:05:02.473+0100][16.359s][info][gc,phases,start] GC(155) Adjust Roots
[2026-05-06T01:05:02.474+0100][16.361s][info][gc,phases      ] GC(155) Adjust Roots 1.632ms
[2026-05-06T01:05:02.474+0100][16.361s][info][gc,phases,start] GC(155) Compaction Phase
[2026-05-06T01:05:02.476+0100][16.363s][info][gc,phases      ] GC(155) Compaction Phase 1.820ms
[2026-05-06T01:05:02.476+0100][16.363s][info][gc,phases,start] GC(155) Post Compact
[2026-05-06T01:05:02.476+0100][16.363s][info][gc,phases      ] GC(155) Post Compact 0.055ms
[2026-05-06T01:05:02.476+0100][16.363s][info][gc,heap        ] GC(155) PSYoungGen: 32K(1267712K)->0K(1267712K) Eden: 0K(1267200K)->0K(1267200K) From: 32K(512K)->0K(512K)
[2026-05-06T01:05:02.476+0100][16.363s][info][gc,heap        ] GC(155) ParOldGen: 203736K(455680K)->203734K(455680K)
[2026-05-06T01:05:02.476+0100][16.363s][info][gc,metaspace   ] GC(155) Metaspace: 19069K(19392K)->19069K(19392K) NonClass: 16839K(17024K)->16839K(17024K) Class: 2230K(2368K)->2230K(2368K)
[2026-05-06T01:05:02.476+0100][16.363s][info][gc             ] GC(155) Pause Full (System.gc()) 198M->198M(1683M) 8.600ms
[2026-05-06T01:05:02.476+0100][16.363s][info][gc,cpu         ] GC(155) User=0.03s Sys=0.00s Real=0.01s
[2026-05-06T01:05:03.098+0100][16.985s][info][gc,start       ] GC(156) Pause Young (Allocation Failure)
[2026-05-06T01:05:03.098+0100][16.985s][info][gc,heap        ] GC(156) PSYoungGen: 1202739K(1267712K)->32K(1208320K) Eden: 1202739K(1267200K)->0K(1207808K) From: 0K(512K)->32K(512K)
[2026-05-06T01:05:03.098+0100][16.985s][info][gc,heap        ] GC(156) ParOldGen: 203734K(455680K)->203734K(455680K)
[2026-05-06T01:05:03.098+0100][16.985s][info][gc,metaspace   ] GC(156) Metaspace: 19070K(19392K)->19070K(19392K) NonClass: 16840K(17024K)->16840K(17024K) Class: 2230K(2368K)->2230K(2368K)
[2026-05-06T01:05:03.098+0100][16.985s][info][gc             ] GC(156) Pause Young (Allocation Failure) 1373M->198M(1625M) 0.322ms
[2026-05-06T01:05:03.098+0100][16.985s][info][gc,cpu         ] GC(156) User=0.00s Sys=0.00s Real=0.00s
[2026-05-06T01:05:03.438+0100][17.324s][info][gc,start       ] GC(157) Pause Young (System.gc())
[2026-05-06T01:05:03.438+0100][17.325s][info][gc,heap        ] GC(157) PSYoungGen: 832384K(1208320K)->160K(1208320K) Eden: 832352K(1207808K)->0K(1207808K) From: 32K(512K)->160K(512K)
[2026-05-06T01:05:03.438+0100][17.325s][info][gc,heap        ] GC(157) ParOldGen: 203734K(455680K)->203734K(455680K)
[2026-05-06T01:05:03.438+0100][17.325s][info][gc,metaspace   ] GC(157) Metaspace: 19070K(19392K)->19070K(19392K) NonClass: 16840K(17024K)->16840K(17024K) Class: 2230K(2368K)->2230K(2368K)
[2026-05-06T01:05:03.438+0100][17.325s][info][gc             ] GC(157) Pause Young (System.gc()) 1011M->199M(1625M) 0.311ms
[2026-05-06T01:05:03.438+0100][17.325s][info][gc,cpu         ] GC(157) User=0.00s Sys=0.00s Real=0.00s
[2026-05-06T01:05:03.438+0100][17.325s][info][gc,start       ] GC(158) Pause Full (System.gc())
[2026-05-06T01:05:03.438+0100][17.325s][info][gc,phases,start] GC(158) Marking Phase
[2026-05-06T01:05:03.442+0100][17.329s][info][gc,phases      ] GC(158) Marking Phase 4.157ms
[2026-05-06T01:05:03.442+0100][17.329s][info][gc,phases,start] GC(158) Summary Phase
[2026-05-06T01:05:03.442+0100][17.329s][info][gc,phases      ] GC(158) Summary Phase 0.007ms
[2026-05-06T01:05:03.442+0100][17.329s][info][gc,phases,start] GC(158) Adjust Roots
[2026-05-06T01:05:03.444+0100][17.331s][info][gc,phases      ] GC(158) Adjust Roots 1.567ms
[2026-05-06T01:05:03.444+0100][17.331s][info][gc,phases,start] GC(158) Compaction Phase
[2026-05-06T01:05:03.445+0100][17.332s][info][gc,phases      ] GC(158) Compaction Phase 1.820ms
[2026-05-06T01:05:03.445+0100][17.332s][info][gc,phases,start] GC(158) Post Compact
[2026-05-06T01:05:03.446+0100][17.332s][info][gc,phases      ] GC(158) Post Compact 0.053ms
[2026-05-06T01:05:03.446+0100][17.332s][info][gc,heap        ] GC(158) PSYoungGen: 160K(1208320K)->0K(1208320K) Eden: 0K(1207808K)->0K(1207808K) From: 160K(512K)->0K(512K)
[2026-05-06T01:05:03.446+0100][17.332s][info][gc,heap        ] GC(158) ParOldGen: 203734K(455680K)->203737K(455680K)
[2026-05-06T01:05:03.446+0100][17.332s][info][gc,metaspace   ] GC(158) Metaspace: 19070K(19392K)->19070K(19392K) NonClass: 16840K(17024K)->16840K(17024K) Class: 2230K(2368K)->2230K(2368K)
[2026-05-06T01:05:03.446+0100][17.332s][info][gc             ] GC(158) Pause Full (System.gc()) 199M->198M(1625M) 7.684ms
[2026-05-06T01:05:03.446+0100][17.332s][info][gc,cpu         ] GC(158) User=0.02s Sys=0.00s Real=0.01s
[2026-05-06T01:05:03.922+0100][17.809s][info][gc,start       ] GC(159) Pause Young (Allocation Failure)
[2026-05-06T01:05:03.923+0100][17.810s][info][gc,heap        ] GC(159) PSYoungGen: 1076021K(1208320K)->224K(1151488K) Eden: 1076021K(1207808K)->0K(1150976K) From: 0K(512K)->224K(512K)
[2026-05-06T01:05:03.923+0100][17.810s][info][gc,heap        ] GC(159) ParOldGen: 203737K(455680K)->203737K(455680K)
[2026-05-06T01:05:03.923+0100][17.810s][info][gc,metaspace   ] GC(159) Metaspace: 19070K(19392K)->19070K(19392K) NonClass: 16840K(17024K)->16840K(17024K) Class: 2230K(2368K)->2230K(2368K)
[2026-05-06T01:05:03.923+0100][17.810s][info][gc             ] GC(159) Pause Young (Allocation Failure) 1249M->199M(1569M) 0.258ms
[2026-05-06T01:05:03.923+0100][17.810s][info][gc,cpu         ] GC(159) User=0.00s Sys=0.00s Real=0.00s
[2026-05-06T01:05:04.368+0100][18.255s][info][gc,start       ] GC(160) Pause Young (Allocation Failure)
[2026-05-06T01:05:04.368+0100][18.255s][info][gc,heap        ] GC(160) PSYoungGen: 1054961K(1151488K)->192K(1097728K) Eden: 1054737K(1150976K)->0K(1097216K) From: 224K(512K)->192K(512K)
[2026-05-06T01:05:04.368+0100][18.255s][info][gc,heap        ] GC(160) ParOldGen: 203737K(455680K)->203737K(455680K)
[2026-05-06T01:05:04.368+0100][18.255s][info][gc,metaspace   ] GC(160) Metaspace: 19070K(19392K)->19070K(19392K) NonClass: 16840K(17024K)->16840K(17024K) Class: 2230K(2368K)->2230K(2368K)
[2026-05-06T01:05:04.368+0100][18.255s][info][gc             ] GC(160) Pause Young (Allocation Failure) 1229M->199M(1517M) 0.316ms
[2026-05-06T01:05:04.368+0100][18.255s][info][gc,cpu         ] GC(160) User=0.00s Sys=0.01s Real=0.00s
[2026-05-06T01:05:04.410+0100][18.297s][info][gc,start       ] GC(161) Pause Young (System.gc())
[2026-05-06T01:05:04.410+0100][18.297s][info][gc,heap        ] GC(161) PSYoungGen: 177680K(1097728K)->128K(1097728K) Eden: 177488K(1097216K)->0K(1097216K) From: 192K(512K)->128K(512K)
[2026-05-06T01:05:04.410+0100][18.297s][info][gc,heap        ] GC(161) ParOldGen: 203737K(455680K)->203785K(455680K)
[2026-05-06T01:05:04.410+0100][18.297s][info][gc,metaspace   ] GC(161) Metaspace: 19070K(19392K)->19070K(19392K) NonClass: 16840K(17024K)->16840K(17024K) Class: 2230K(2368K)->2230K(2368K)
[2026-05-06T01:05:04.410+0100][18.297s][info][gc             ] GC(161) Pause Young (System.gc()) 372M->199M(1517M) 0.255ms
[2026-05-06T01:05:04.410+0100][18.297s][info][gc,cpu         ] GC(161) User=0.00s Sys=0.00s Real=0.00s
[2026-05-06T01:05:04.410+0100][18.297s][info][gc,start       ] GC(162) Pause Full (System.gc())
[2026-05-06T01:05:04.410+0100][18.297s][info][gc,phases,start] GC(162) Marking Phase
[2026-05-06T01:05:04.415+0100][18.302s][info][gc,phases      ] GC(162) Marking Phase 4.744ms
[2026-05-06T01:05:04.415+0100][18.302s][info][gc,phases,start] GC(162) Summary Phase
[2026-05-06T01:05:04.415+0100][18.302s][info][gc,phases      ] GC(162) Summary Phase 0.008ms
[2026-05-06T01:05:04.415+0100][18.302s][info][gc,phases,start] GC(162) Adjust Roots
[2026-05-06T01:05:04.417+0100][18.304s][info][gc,phases      ] GC(162) Adjust Roots 1.591ms
[2026-05-06T01:05:04.417+0100][18.304s][info][gc,phases,start] GC(162) Compaction Phase
[2026-05-06T01:05:04.418+0100][18.305s][info][gc,phases      ] GC(162) Compaction Phase 1.785ms
[2026-05-06T01:05:04.418+0100][18.305s][info][gc,phases,start] GC(162) Post Compact
[2026-05-06T01:05:04.418+0100][18.305s][info][gc,phases      ] GC(162) Post Compact 0.056ms
[2026-05-06T01:05:04.418+0100][18.305s][info][gc,heap        ] GC(162) PSYoungGen: 128K(1097728K)->0K(1097728K) Eden: 0K(1097216K)->0K(1097216K) From: 128K(512K)->0K(512K)
[2026-05-06T01:05:04.418+0100][18.305s][info][gc,heap        ] GC(162) ParOldGen: 203785K(455680K)->203737K(455680K)
[2026-05-06T01:05:04.418+0100][18.305s][info][gc,metaspace   ] GC(162) Metaspace: 19070K(19392K)->19070K(19392K) NonClass: 16840K(17024K)->16840K(17024K) Class: 2230K(2368K)->2230K(2368K)
[2026-05-06T01:05:04.418+0100][18.305s][info][gc             ] GC(162) Pause Full (System.gc()) 199M->198M(1517M) 8.260ms
[2026-05-06T01:05:04.419+0100][18.305s][info][gc,cpu         ] GC(162) User=0.03s Sys=0.00s Real=0.00s
[2026-05-06T01:05:04.895+0100][18.782s][info][gc,start       ] GC(163) Pause Young (Allocation Failure)
[2026-05-06T01:05:04.895+0100][18.782s][info][gc,heap        ] GC(163) PSYoungGen: 1017189K(1097728K)->192K(1046528K) Eden: 1017189K(1097216K)->0K(1046016K) From: 0K(512K)->192K(512K)
[2026-05-06T01:05:04.895+0100][18.782s][info][gc,heap        ] GC(163) ParOldGen: 203737K(455680K)->203737K(455680K)
[2026-05-06T01:05:04.895+0100][18.782s][info][gc,metaspace   ] GC(163) Metaspace: 19077K(19456K)->19077K(19456K) NonClass: 16847K(17088K)->16847K(17088K) Class: 2230K(2368K)->2230K(2368K)
[2026-05-06T01:05:04.895+0100][18.782s][info][gc             ] GC(163) Pause Young (Allocation Failure) 1192M->199M(1467M) 0.314ms
[2026-05-06T01:05:04.895+0100][18.782s][info][gc,cpu         ] GC(163) User=0.00s Sys=0.00s Real=0.00s
[2026-05-06T01:05:05.335+0100][19.222s][info][gc,start       ] GC(164) Pause Young (Allocation Failure)
[2026-05-06T01:05:05.337+0100][19.224s][info][gc,heap        ] GC(164) PSYoungGen: 951927K(1046528K)->64K(997888K) Eden: 951735K(1046016K)->0K(997376K) From: 192K(512K)->64K(512K)
[2026-05-06T01:05:05.337+0100][19.224s][info][gc,heap        ] GC(164) ParOldGen: 203737K(455680K)->203745K(455680K)
[2026-05-06T01:05:05.337+0100][19.224s][info][gc,metaspace   ] GC(164) Metaspace: 19087K(19456K)->19087K(19456K) NonClass: 16857K(17088K)->16857K(17088K) Class: 2230K(2368K)->2230K(2368K)
[2026-05-06T01:05:05.337+0100][19.224s][info][gc             ] GC(164) Pause Young (Allocation Failure) 1128M->199M(1419M) 1.592ms
[2026-05-06T01:05:05.337+0100][19.224s][info][gc,cpu         ] GC(164) User=0.00s Sys=0.00s Real=0.00s
[2026-05-06T01:05:05.387+0100][19.273s][info][gc,start       ] GC(165) Pause Young (System.gc())
[2026-05-06T01:05:05.387+0100][19.274s][info][gc,heap        ] GC(165) PSYoungGen: 165277K(997888K)->0K(997888K) Eden: 165213K(997376K)->0K(997376K) From: 64K(512K)->0K(512K)
[2026-05-06T01:05:05.387+0100][19.274s][info][gc,heap        ] GC(165) ParOldGen: 203745K(455680K)->203753K(455680K)
[2026-05-06T01:05:05.387+0100][19.274s][info][gc,metaspace   ] GC(165) Metaspace: 19087K(19456K)->19087K(19456K) NonClass: 16857K(17088K)->16857K(17088K) Class: 2230K(2368K)->2230K(2368K)
[2026-05-06T01:05:05.387+0100][19.274s][info][gc             ] GC(165) Pause Young (System.gc()) 360M->198M(1419M) 0.384ms
[2026-05-06T01:05:05.387+0100][19.274s][info][gc,cpu         ] GC(165) User=0.01s Sys=0.00s Real=0.00s
[2026-05-06T01:05:05.387+0100][19.274s][info][gc,start       ] GC(166) Pause Full (System.gc())
[2026-05-06T01:05:05.387+0100][19.274s][info][gc,phases,start] GC(166) Marking Phase
[2026-05-06T01:05:05.393+0100][19.280s][info][gc,phases      ] GC(166) Marking Phase 5.634ms
[2026-05-06T01:05:05.393+0100][19.280s][info][gc,phases,start] GC(166) Summary Phase
[2026-05-06T01:05:05.393+0100][19.280s][info][gc,phases      ] GC(166) Summary Phase 0.014ms
[2026-05-06T01:05:05.393+0100][19.280s][info][gc,phases,start] GC(166) Adjust Roots
[2026-05-06T01:05:05.395+0100][19.282s][info][gc,phases      ] GC(166) Adjust Roots 1.941ms
[2026-05-06T01:05:05.395+0100][19.282s][info][gc,phases,start] GC(166) Compaction Phase
[2026-05-06T01:05:05.397+0100][19.284s][info][gc,phases      ] GC(166) Compaction Phase 2.034ms
[2026-05-06T01:05:05.397+0100][19.284s][info][gc,phases,start] GC(166) Post Compact
[2026-05-06T01:05:05.397+0100][19.284s][info][gc,phases      ] GC(166) Post Compact 0.072ms
[2026-05-06T01:05:05.397+0100][19.284s][info][gc,heap        ] GC(166) PSYoungGen: 0K(997888K)->0K(997888K) Eden: 0K(997376K)->0K(997376K) From: 0K(512K)->0K(512K)
[2026-05-06T01:05:05.397+0100][19.284s][info][gc,heap        ] GC(166) ParOldGen: 203753K(455680K)->203735K(455680K)
[2026-05-06T01:05:05.397+0100][19.284s][info][gc,metaspace   ] GC(166) Metaspace: 19087K(19456K)->19087K(19456K) NonClass: 16857K(17088K)->16857K(17088K) Class: 2230K(2368K)->2230K(2368K)
[2026-05-06T01:05:05.397+0100][19.284s][info][gc             ] GC(166) Pause Full (System.gc()) 198M->198M(1419M) 9.941ms
[2026-05-06T01:05:05.397+0100][19.284s][info][gc,cpu         ] GC(166) User=0.02s Sys=0.00s Real=0.01s
[2026-05-06T01:05:05.696+0100][19.583s][info][gc,start       ] GC(167) Pause Young (Allocation Failure)
[2026-05-06T01:05:05.696+0100][19.583s][info][gc,heap        ] GC(167) PSYoungGen: 902493K(997888K)->32K(951808K) Eden: 902493K(997376K)->0K(951296K) From: 0K(512K)->32K(512K)
[2026-05-06T01:05:05.696+0100][19.583s][info][gc,heap        ] GC(167) ParOldGen: 203735K(455680K)->203735K(455680K)
[2026-05-06T01:05:05.696+0100][19.583s][info][gc,metaspace   ] GC(167) Metaspace: 19087K(19456K)->19087K(19456K) NonClass: 16857K(17088K)->16857K(17088K) Class: 2230K(2368K)->2230K(2368K)
[2026-05-06T01:05:05.696+0100][19.583s][info][gc             ] GC(167) Pause Young (Allocation Failure) 1080M->198M(1374M) 0.386ms
[2026-05-06T01:05:05.696+0100][19.583s][info][gc,cpu         ] GC(167) User=0.00s Sys=0.00s Real=0.00s
[2026-05-06T01:05:05.914+0100][19.801s][info][gc,start       ] GC(168) Pause Young (Allocation Failure)
[2026-05-06T01:05:05.914+0100][19.801s][info][gc,heap        ] GC(168) PSYoungGen: 830961K(951808K)->192K(907776K) Eden: 830929K(951296K)->0K(907264K) From: 32K(512K)->192K(512K)
[2026-05-06T01:05:05.914+0100][19.801s][info][gc,heap        ] GC(168) ParOldGen: 203735K(455680K)->203735K(455680K)
[2026-05-06T01:05:05.914+0100][19.801s][info][gc,metaspace   ] GC(168) Metaspace: 19087K(19456K)->19087K(19456K) NonClass: 16857K(17088K)->16857K(17088K) Class: 2230K(2368K)->2230K(2368K)
[2026-05-06T01:05:05.914+0100][19.801s][info][gc             ] GC(168) Pause Young (Allocation Failure) 1010M->199M(1331M) 0.323ms
[2026-05-06T01:05:05.915+0100][19.801s][info][gc,cpu         ] GC(168) User=0.00s Sys=0.00s Real=0.00s
[2026-05-06T01:05:05.978+0100][19.865s][info][gc,start       ] GC(169) Pause Young (System.gc())
[2026-05-06T01:05:05.979+0100][19.865s][info][gc,heap        ] GC(169) PSYoungGen: 353954K(907776K)->160K(907776K) Eden: 353762K(907264K)->0K(907264K) From: 192K(512K)->160K(512K)
[2026-05-06T01:05:05.979+0100][19.865s][info][gc,heap        ] GC(169) ParOldGen: 203735K(455680K)->203743K(455680K)
[2026-05-06T01:05:05.979+0100][19.865s][info][gc,metaspace   ] GC(169) Metaspace: 19087K(19456K)->19087K(19456K) NonClass: 16857K(17088K)->16857K(17088K) Class: 2230K(2368K)->2230K(2368K)
[2026-05-06T01:05:05.979+0100][19.866s][info][gc             ] GC(169) Pause Young (System.gc()) 544M->199M(1331M) 0.281ms
[2026-05-06T01:05:05.979+0100][19.866s][info][gc,cpu         ] GC(169) User=0.00s Sys=0.00s Real=0.00s
[2026-05-06T01:05:05.979+0100][19.866s][info][gc,start       ] GC(170) Pause Full (System.gc())
[2026-05-06T01:05:05.979+0100][19.866s][info][gc,phases,start] GC(170) Marking Phase
[2026-05-06T01:05:05.984+0100][19.871s][info][gc,phases      ] GC(170) Marking Phase 5.183ms
[2026-05-06T01:05:05.984+0100][19.871s][info][gc,phases,start] GC(170) Summary Phase
[2026-05-06T01:05:05.984+0100][19.871s][info][gc,phases      ] GC(170) Summary Phase 0.006ms
[2026-05-06T01:05:05.984+0100][19.871s][info][gc,phases,start] GC(170) Adjust Roots
[2026-05-06T01:05:05.986+0100][19.873s][info][gc,phases      ] GC(170) Adjust Roots 1.772ms
[2026-05-06T01:05:05.986+0100][19.873s][info][gc,phases,start] GC(170) Compaction Phase
[2026-05-06T01:05:05.988+0100][19.875s][info][gc,phases      ] GC(170) Compaction Phase 1.977ms
[2026-05-06T01:05:05.988+0100][19.875s][info][gc,phases,start] GC(170) Post Compact
[2026-05-06T01:05:05.988+0100][19.875s][info][gc,phases      ] GC(170) Post Compact 0.074ms
[2026-05-06T01:05:05.988+0100][19.875s][info][gc,heap        ] GC(170) PSYoungGen: 160K(907776K)->0K(907776K) Eden: 0K(907264K)->0K(907264K) From: 160K(512K)->0K(512K)
[2026-05-06T01:05:05.988+0100][19.875s][info][gc,heap        ] GC(170) ParOldGen: 203743K(455680K)->203738K(455680K)
[2026-05-06T01:05:05.988+0100][19.875s][info][gc,metaspace   ] GC(170) Metaspace: 19087K(19456K)->19087K(19456K) NonClass: 16857K(17088K)->16857K(17088K) Class: 2230K(2368K)->2230K(2368K)
[2026-05-06T01:05:05.988+0100][19.875s][info][gc             ] GC(170) Pause Full (System.gc()) 199M->198M(1331M) 9.118ms
[2026-05-06T01:05:05.988+0100][19.875s][info][gc,cpu         ] GC(170) User=0.02s Sys=0.01s Real=0.01s
[2026-05-06T01:05:06.205+0100][20.092s][info][gc,start       ] GC(171) Pause Young (Allocation Failure)
[2026-05-06T01:05:06.206+0100][20.092s][info][gc,heap        ] GC(171) PSYoungGen: 874780K(907776K)->160K(866304K) Eden: 874780K(907264K)->0K(865792K) From: 0K(512K)->160K(512K)
[2026-05-06T01:05:06.206+0100][20.092s][info][gc,heap        ] GC(171) ParOldGen: 203738K(455680K)->203738K(455680K)
[2026-05-06T01:05:06.206+0100][20.092s][info][gc,metaspace   ] GC(171) Metaspace: 19087K(19456K)->19087K(19456K) NonClass: 16857K(17088K)->16857K(17088K) Class: 2230K(2368K)->2230K(2368K)
[2026-05-06T01:05:06.206+0100][20.092s][info][gc             ] GC(171) Pause Young (Allocation Failure) 1053M->199M(1291M) 0.305ms
[2026-05-06T01:05:06.206+0100][20.092s][info][gc,cpu         ] GC(171) User=0.00s Sys=0.00s Real=0.00s
[2026-05-06T01:05:06.400+0100][20.287s][info][gc,start       ] GC(172) Pause Young (Allocation Failure)
[2026-05-06T01:05:06.400+0100][20.287s][info][gc,heap        ] GC(172) PSYoungGen: 848044K(866304K)->224K(826880K) Eden: 847884K(865792K)->0K(826368K) From: 160K(512K)->224K(512K)
[2026-05-06T01:05:06.400+0100][20.287s][info][gc,heap        ] GC(172) ParOldGen: 203738K(455680K)->203738K(455680K)
[2026-05-06T01:05:06.400+0100][20.287s][info][gc,metaspace   ] GC(172) Metaspace: 19087K(19456K)->19087K(19456K) NonClass: 16857K(17088K)->16857K(17088K) Class: 2230K(2368K)->2230K(2368K)
[2026-05-06T01:05:06.400+0100][20.287s][info][gc             ] GC(172) Pause Young (Allocation Failure) 1027M->199M(1252M) 0.421ms
[2026-05-06T01:05:06.400+0100][20.287s][info][gc,cpu         ] GC(172) User=0.00s Sys=0.00s Real=0.00s
[2026-05-06T01:05:06.501+0100][20.388s][info][gc,start       ] GC(173) Pause Young (System.gc())
[2026-05-06T01:05:06.501+0100][20.388s][info][gc,heap        ] GC(173) PSYoungGen: 498470K(826880K)->192K(826880K) Eden: 498246K(826368K)->0K(826368K) From: 224K(512K)->192K(512K)
[2026-05-06T01:05:06.501+0100][20.388s][info][gc,heap        ] GC(173) ParOldGen: 203738K(455680K)->203746K(455680K)
[2026-05-06T01:05:06.501+0100][20.388s][info][gc,metaspace   ] GC(173) Metaspace: 19087K(19456K)->19087K(19456K) NonClass: 16857K(17088K)->16857K(17088K) Class: 2230K(2368K)->2230K(2368K)
[2026-05-06T01:05:06.501+0100][20.388s][info][gc             ] GC(173) Pause Young (System.gc()) 685M->199M(1252M) 0.306ms
[2026-05-06T01:05:06.501+0100][20.388s][info][gc,cpu         ] GC(173) User=0.00s Sys=0.01s Real=0.00s
[2026-05-06T01:05:06.501+0100][20.388s][info][gc,start       ] GC(174) Pause Full (System.gc())
[2026-05-06T01:05:06.501+0100][20.388s][info][gc,phases,start] GC(174) Marking Phase
[2026-05-06T01:05:06.506+0100][20.392s][info][gc,phases      ] GC(174) Marking Phase 4.519ms
[2026-05-06T01:05:06.506+0100][20.393s][info][gc,phases,start] GC(174) Summary Phase
[2026-05-06T01:05:06.506+0100][20.393s][info][gc,phases      ] GC(174) Summary Phase 0.007ms
[2026-05-06T01:05:06.506+0100][20.393s][info][gc,phases,start] GC(174) Adjust Roots
[2026-05-06T01:05:06.507+0100][20.394s][info][gc,phases      ] GC(174) Adjust Roots 1.694ms
[2026-05-06T01:05:06.507+0100][20.394s][info][gc,phases,start] GC(174) Compaction Phase
[2026-05-06T01:05:06.509+0100][20.396s][info][gc,phases      ] GC(174) Compaction Phase 1.780ms
[2026-05-06T01:05:06.509+0100][20.396s][info][gc,phases,start] GC(174) Post Compact
[2026-05-06T01:05:06.509+0100][20.396s][info][gc,phases      ] GC(174) Post Compact 0.057ms
[2026-05-06T01:05:06.509+0100][20.396s][info][gc,heap        ] GC(174) PSYoungGen: 192K(826880K)->0K(826880K) Eden: 0K(826368K)->0K(826368K) From: 192K(512K)->0K(512K)
[2026-05-06T01:05:06.509+0100][20.396s][info][gc,heap        ] GC(174) ParOldGen: 203746K(455680K)->203738K(455680K)
[2026-05-06T01:05:06.509+0100][20.396s][info][gc,metaspace   ] GC(174) Metaspace: 19087K(19456K)->19087K(19456K) NonClass: 16857K(17088K)->16857K(17088K) Class: 2230K(2368K)->2230K(2368K)
[2026-05-06T01:05:06.509+0100][20.396s][info][gc             ] GC(174) Pause Full (System.gc()) 199M->198M(1252M) 8.145ms
[2026-05-06T01:05:06.509+0100][20.396s][info][gc,cpu         ] GC(174) User=0.02s Sys=0.00s Real=0.00s
[2026-05-06T01:05:06.738+0100][20.625s][info][gc,start       ] GC(175) Pause Young (Allocation Failure)
[2026-05-06T01:05:06.738+0100][20.625s][info][gc,heap        ] GC(175) PSYoungGen: 826368K(826880K)->160K(788992K) Eden: 826368K(826368K)->0K(788480K) From: 0K(512K)->160K(512K)
[2026-05-06T01:05:06.738+0100][20.625s][info][gc,heap        ] GC(175) ParOldGen: 203738K(455680K)->203738K(455680K)
[2026-05-06T01:05:06.738+0100][20.625s][info][gc,metaspace   ] GC(175) Metaspace: 19087K(19456K)->19087K(19456K) NonClass: 16857K(17088K)->16857K(17088K) Class: 2230K(2368K)->2230K(2368K)
[2026-05-06T01:05:06.738+0100][20.625s][info][gc             ] GC(175) Pause Young (Allocation Failure) 1005M->199M(1215M) 0.498ms
[2026-05-06T01:05:06.738+0100][20.625s][info][gc,cpu         ] GC(175) User=0.00s Sys=0.00s Real=0.00s
[2026-05-06T01:05:06.924+0100][20.811s][info][gc,start       ] GC(176) Pause Young (Allocation Failure)
[2026-05-06T01:05:06.924+0100][20.811s][info][gc,heap        ] GC(176) PSYoungGen: 678885K(788992K)->96K(753152K) Eden: 678725K(788480K)->0K(752640K) From: 160K(512K)->96K(512K)
[2026-05-06T01:05:06.924+0100][20.811s][info][gc,heap        ] GC(176) ParOldGen: 203738K(455680K)->203746K(455680K)
[2026-05-06T01:05:06.924+0100][20.811s][info][gc,metaspace   ] GC(176) Metaspace: 19087K(19456K)->19087K(19456K) NonClass: 16857K(17088K)->16857K(17088K) Class: 2230K(2368K)->2230K(2368K)
[2026-05-06T01:05:06.924+0100][20.811s][info][gc             ] GC(176) Pause Young (Allocation Failure) 861M->199M(1180M) 0.347ms
[2026-05-06T01:05:06.924+0100][20.811s][info][gc,cpu         ] GC(176) User=0.00s Sys=0.00s Real=0.00s
[2026-05-06T01:05:07.048+0100][20.935s][info][gc,start       ] GC(177) Pause Young (System.gc())
[2026-05-06T01:05:07.048+0100][20.935s][info][gc,heap        ] GC(177) PSYoungGen: 610697K(753152K)->32K(753152K) Eden: 610601K(752640K)->0K(752640K) From: 96K(512K)->32K(512K)
[2026-05-06T01:05:07.048+0100][20.935s][info][gc,heap        ] GC(177) ParOldGen: 203746K(455680K)->203746K(455680K)
[2026-05-06T01:05:07.048+0100][20.935s][info][gc,metaspace   ] GC(177) Metaspace: 19087K(19456K)->19087K(19456K) NonClass: 16857K(17088K)->16857K(17088K) Class: 2230K(2368K)->2230K(2368K)
[2026-05-06T01:05:07.048+0100][20.935s][info][gc             ] GC(177) Pause Young (System.gc()) 795M->199M(1180M) 0.249ms
[2026-05-06T01:05:07.048+0100][20.935s][info][gc,cpu         ] GC(177) User=0.00s Sys=0.00s Real=0.00s
[2026-05-06T01:05:07.048+0100][20.935s][info][gc,start       ] GC(178) Pause Full (System.gc())
[2026-05-06T01:05:07.048+0100][20.935s][info][gc,phases,start] GC(178) Marking Phase
[2026-05-06T01:05:07.053+0100][20.940s][info][gc,phases      ] GC(178) Marking Phase 5.384ms
[2026-05-06T01:05:07.053+0100][20.940s][info][gc,phases,start] GC(178) Summary Phase
[2026-05-06T01:05:07.053+0100][20.940s][info][gc,phases      ] GC(178) Summary Phase 0.008ms
[2026-05-06T01:05:07.053+0100][20.940s][info][gc,phases,start] GC(178) Adjust Roots
[2026-05-06T01:05:07.055+0100][20.942s][info][gc,phases      ] GC(178) Adjust Roots 1.805ms
[2026-05-06T01:05:07.055+0100][20.942s][info][gc,phases,start] GC(178) Compaction Phase
[2026-05-06T01:05:07.057+0100][20.944s][info][gc,phases      ] GC(178) Compaction Phase 2.146ms
[2026-05-06T01:05:07.057+0100][20.944s][info][gc,phases,start] GC(178) Post Compact
[2026-05-06T01:05:07.057+0100][20.944s][info][gc,phases      ] GC(178) Post Compact 0.072ms
[2026-05-06T01:05:07.057+0100][20.944s][info][gc,heap        ] GC(178) PSYoungGen: 32K(753152K)->0K(753152K) Eden: 0K(752640K)->0K(752640K) From: 32K(512K)->0K(512K)
[2026-05-06T01:05:07.057+0100][20.944s][info][gc,heap        ] GC(178) ParOldGen: 203746K(455680K)->203735K(455680K)
[2026-05-06T01:05:07.057+0100][20.944s][info][gc,metaspace   ] GC(178) Metaspace: 19087K(19456K)->19087K(19456K) NonClass: 16857K(17088K)->16857K(17088K) Class: 2230K(2368K)->2230K(2368K)
[2026-05-06T01:05:07.057+0100][20.944s][info][gc             ] GC(178) Pause Full (System.gc()) 199M->198M(1180M) 9.538ms
[2026-05-06T01:05:07.058+0100][20.944s][info][gc,cpu         ] GC(178) User=0.04s Sys=0.01s Real=0.01s
[2026-05-06T01:05:07.235+0100][21.122s][info][gc,start       ] GC(179) Pause Young (Allocation Failure)
[2026-05-06T01:05:07.235+0100][21.122s][info][gc,heap        ] GC(179) PSYoungGen: 750982K(753152K)->64K(719360K) Eden: 750982K(752640K)->0K(718848K) From: 0K(512K)->64K(512K)
[2026-05-06T01:05:07.235+0100][21.122s][info][gc,heap        ] GC(179) ParOldGen: 203735K(455680K)->203735K(455680K)
[2026-05-06T01:05:07.235+0100][21.122s][info][gc,metaspace   ] GC(179) Metaspace: 19087K(19456K)->19087K(19456K) NonClass: 16857K(17088K)->16857K(17088K) Class: 2230K(2368K)->2230K(2368K)
[2026-05-06T01:05:07.235+0100][21.122s][info][gc             ] GC(179) Pause Young (Allocation Failure) 932M->199M(1147M) 0.350ms
[2026-05-06T01:05:07.235+0100][21.122s][info][gc,cpu         ] GC(179) User=0.00s Sys=0.00s Real=0.00s
[2026-05-06T01:05:07.368+0100][21.255s][info][gc,start       ] GC(180) Pause Young (Allocation Failure)
[2026-05-06T01:05:07.368+0100][21.255s][info][gc,heap        ] GC(180) PSYoungGen: 603334K(719360K)->32K(687104K) Eden: 603270K(718848K)->0K(686592K) From: 64K(512K)->32K(512K)
[2026-05-06T01:05:07.368+0100][21.255s][info][gc,heap        ] GC(180) ParOldGen: 203735K(455680K)->203751K(455680K)
[2026-05-06T01:05:07.368+0100][21.255s][info][gc,metaspace   ] GC(180) Metaspace: 19087K(19456K)->19087K(19456K) NonClass: 16857K(17088K)->16857K(17088K) Class: 2230K(2368K)->2230K(2368K)
[2026-05-06T01:05:07.368+0100][21.255s][info][gc             ] GC(180) Pause Young (Allocation Failure) 788M->199M(1116M) 0.355ms
[2026-05-06T01:05:07.368+0100][21.255s][info][gc,cpu         ] GC(180) User=0.00s Sys=0.00s Real=0.00s
[2026-05-06T01:05:07.460+0100][21.347s][info][gc,start       ] GC(181) Pause Young (Allocation Failure)
[2026-05-06T01:05:07.461+0100][21.348s][info][gc,heap        ] GC(181) PSYoungGen: 624717K(687104K)->192K(656384K) Eden: 624685K(686592K)->0K(655872K) From: 32K(512K)->192K(512K)
[2026-05-06T01:05:07.461+0100][21.348s][info][gc,heap        ] GC(181) ParOldGen: 203751K(455680K)->203759K(455680K)
[2026-05-06T01:05:07.461+0100][21.348s][info][gc,metaspace   ] GC(181) Metaspace: 19093K(19456K)->19093K(19456K) NonClass: 16863K(17088K)->16863K(17088K) Class: 2230K(2368K)->2230K(2368K)
[2026-05-06T01:05:07.461+0100][21.348s][info][gc             ] GC(181) Pause Young (Allocation Failure) 809M->199M(1086M) 0.302ms
[2026-05-06T01:05:07.461+0100][21.348s][info][gc,cpu         ] GC(181) User=0.00s Sys=0.00s Real=0.00s
[2026-05-06T01:05:07.480+0100][21.367s][info][gc,start       ] GC(182) Pause Young (System.gc())
[2026-05-06T01:05:07.480+0100][21.367s][info][gc,heap        ] GC(182) PSYoungGen: 185237K(656384K)->160K(656384K) Eden: 185045K(655872K)->0K(655872K) From: 192K(512K)->160K(512K)
[2026-05-06T01:05:07.480+0100][21.367s][info][gc,heap        ] GC(182) ParOldGen: 203759K(455680K)->203807K(455680K)
[2026-05-06T01:05:07.480+0100][21.367s][info][gc,metaspace   ] GC(182) Metaspace: 19093K(19456K)->19093K(19456K) NonClass: 16863K(17088K)->16863K(17088K) Class: 2230K(2368K)->2230K(2368K)
[2026-05-06T01:05:07.480+0100][21.367s][info][gc             ] GC(182) Pause Young (System.gc()) 379M->199M(1086M) 0.227ms
[2026-05-06T01:05:07.480+0100][21.367s][info][gc,cpu         ] GC(182) User=0.00s Sys=0.00s Real=0.00s
[2026-05-06T01:05:07.480+0100][21.367s][info][gc,start       ] GC(183) Pause Full (System.gc())
[2026-05-06T01:05:07.480+0100][21.367s][info][gc,phases,start] GC(183) Marking Phase
[2026-05-06T01:05:07.485+0100][21.372s][info][gc,phases      ] GC(183) Marking Phase 4.791ms
[2026-05-06T01:05:07.485+0100][21.372s][info][gc,phases,start] GC(183) Summary Phase
[2026-05-06T01:05:07.485+0100][21.372s][info][gc,phases      ] GC(183) Summary Phase 0.008ms
[2026-05-06T01:05:07.485+0100][21.372s][info][gc,phases,start] GC(183) Adjust Roots
[2026-05-06T01:05:07.486+0100][21.373s][info][gc,phases      ] GC(183) Adjust Roots 1.489ms
[2026-05-06T01:05:07.486+0100][21.373s][info][gc,phases,start] GC(183) Compaction Phase
[2026-05-06T01:05:07.488+0100][21.375s][info][gc,phases      ] GC(183) Compaction Phase 1.795ms
[2026-05-06T01:05:07.488+0100][21.375s][info][gc,phases,start] GC(183) Post Compact
[2026-05-06T01:05:07.488+0100][21.375s][info][gc,phases      ] GC(183) Post Compact 0.057ms
[2026-05-06T01:05:07.488+0100][21.375s][info][gc,heap        ] GC(183) PSYoungGen: 160K(656384K)->0K(656384K) Eden: 0K(655872K)->0K(655872K) From: 160K(512K)->0K(512K)
[2026-05-06T01:05:07.488+0100][21.375s][info][gc,heap        ] GC(183) ParOldGen: 203807K(455680K)->203740K(455680K)
[2026-05-06T01:05:07.488+0100][21.375s][info][gc,metaspace   ] GC(183) Metaspace: 19093K(19456K)->19093K(19456K) NonClass: 16863K(17088K)->16863K(17088K) Class: 2230K(2368K)->2230K(2368K)
[2026-05-06T01:05:07.488+0100][21.375s][info][gc             ] GC(183) Pause Full (System.gc()) 199M->198M(1086M) 8.223ms
[2026-05-06T01:05:07.488+0100][21.375s][info][gc,cpu         ] GC(183) User=0.03s Sys=0.01s Real=0.00s
[2026-05-06T01:05:07.591+0100][21.478s][info][gc,start       ] GC(184) Pause Young (Allocation Failure)
[2026-05-06T01:05:07.592+0100][21.478s][info][gc,heap        ] GC(184) PSYoungGen: 540111K(656384K)->256K(627200K) Eden: 540111K(655872K)->0K(626688K) From: 0K(512K)->256K(512K)
[2026-05-06T01:05:07.592+0100][21.478s][info][gc,heap        ] GC(184) ParOldGen: 203740K(455680K)->203740K(455680K)
[2026-05-06T01:05:07.592+0100][21.478s][info][gc,metaspace   ] GC(184) Metaspace: 19093K(19456K)->19093K(19456K) NonClass: 16863K(17088K)->16863K(17088K) Class: 2230K(2368K)->2230K(2368K)
[2026-05-06T01:05:07.592+0100][21.478s][info][gc             ] GC(184) Pause Young (Allocation Failure) 726M->199M(1057M) 0.252ms
[2026-05-06T01:05:07.592+0100][21.478s][info][gc,cpu         ] GC(184) User=0.00s Sys=0.00s Real=0.00s
[2026-05-06T01:05:07.685+0100][21.572s][info][gc,start       ] GC(185) Pause Young (Allocation Failure)
[2026-05-06T01:05:07.685+0100][21.572s][info][gc,heap        ] GC(185) PSYoungGen: 504621K(627200K)->192K(599552K) Eden: 504365K(626688K)->0K(599040K) From: 256K(512K)->192K(512K)
[2026-05-06T01:05:07.685+0100][21.572s][info][gc,heap        ] GC(185) ParOldGen: 203740K(455680K)->203748K(455680K)
[2026-05-06T01:05:07.685+0100][21.572s][info][gc,metaspace   ] GC(185) Metaspace: 19093K(19456K)->19093K(19456K) NonClass: 16863K(17088K)->16863K(17088K) Class: 2230K(2368K)->2230K(2368K)
[2026-05-06T01:05:07.685+0100][21.572s][info][gc             ] GC(185) Pause Young (Allocation Failure) 691M->199M(1030M) 0.322ms
[2026-05-06T01:05:07.685+0100][21.572s][info][gc,cpu         ] GC(185) User=0.00s Sys=0.00s Real=0.00s
[2026-05-06T01:05:07.777+0100][21.664s][info][gc,start       ] GC(186) Pause Young (Allocation Failure)
[2026-05-06T01:05:07.777+0100][21.664s][info][gc,heap        ] GC(186) PSYoungGen: 495665K(599552K)->160K(572928K) Eden: 495473K(599040K)->0K(572416K) From: 192K(512K)->160K(512K)
[2026-05-06T01:05:07.777+0100][21.664s][info][gc,heap        ] GC(186) ParOldGen: 203748K(455680K)->203748K(455680K)
[2026-05-06T01:05:07.777+0100][21.664s][info][gc,metaspace   ] GC(186) Metaspace: 19093K(19456K)->19093K(19456K) NonClass: 16863K(17088K)->16863K(17088K) Class: 2230K(2368K)->2230K(2368K)
[2026-05-06T01:05:07.777+0100][21.664s][info][gc             ] GC(186) Pause Young (Allocation Failure) 683M->199M(1004M) 0.290ms
[2026-05-06T01:05:07.777+0100][21.664s][info][gc,cpu         ] GC(186) User=0.01s Sys=0.00s Real=0.00s
[2026-05-06T01:05:07.871+0100][21.758s][info][gc,start       ] GC(187) Pause Young (Allocation Failure)
[2026-05-06T01:05:07.871+0100][21.758s][info][gc,heap        ] GC(187) PSYoungGen: 492592K(572928K)->256K(547840K) Eden: 492432K(572416K)->0K(547328K) From: 160K(512K)->256K(512K)
[2026-05-06T01:05:07.871+0100][21.758s][info][gc,heap        ] GC(187) ParOldGen: 203748K(455680K)->203748K(455680K)
[2026-05-06T01:05:07.871+0100][21.758s][info][gc,metaspace   ] GC(187) Metaspace: 19098K(19456K)->19098K(19456K) NonClass: 16868K(17088K)->16868K(17088K) Class: 2230K(2368K)->2230K(2368K)
[2026-05-06T01:05:07.871+0100][21.758s][info][gc             ] GC(187) Pause Young (Allocation Failure) 680M->199M(980M) 0.363ms
[2026-05-06T01:05:07.871+0100][21.758s][info][gc,cpu         ] GC(187) User=0.00s Sys=0.00s Real=0.00s
[2026-05-06T01:05:07.889+0100][21.776s][info][gc,start       ] GC(188) Pause Young (System.gc())
[2026-05-06T01:05:07.889+0100][21.776s][info][gc,heap        ] GC(188) PSYoungGen: 162824K(547840K)->160K(547840K) Eden: 162568K(547328K)->0K(547328K) From: 256K(512K)->160K(512K)
[2026-05-06T01:05:07.889+0100][21.776s][info][gc,heap        ] GC(188) ParOldGen: 203748K(455680K)->203820K(455680K)
[2026-05-06T01:05:07.889+0100][21.776s][info][gc,metaspace   ] GC(188) Metaspace: 19098K(19456K)->19098K(19456K) NonClass: 16868K(17088K)->16868K(17088K) Class: 2230K(2368K)->2230K(2368K)
[2026-05-06T01:05:07.889+0100][21.776s][info][gc             ] GC(188) Pause Young (System.gc()) 357M->199M(980M) 0.245ms
[2026-05-06T01:05:07.889+0100][21.776s][info][gc,cpu         ] GC(188) User=0.00s Sys=0.00s Real=0.00s
[2026-05-06T01:05:07.889+0100][21.776s][info][gc,start       ] GC(189) Pause Full (System.gc())
[2026-05-06T01:05:07.889+0100][21.776s][info][gc,phases,start] GC(189) Marking Phase
[2026-05-06T01:05:07.894+0100][21.781s][info][gc,phases      ] GC(189) Marking Phase 4.746ms
[2026-05-06T01:05:07.894+0100][21.781s][info][gc,phases,start] GC(189) Summary Phase
[2026-05-06T01:05:07.894+0100][21.781s][info][gc,phases      ] GC(189) Summary Phase 0.006ms
[2026-05-06T01:05:07.894+0100][21.781s][info][gc,phases,start] GC(189) Adjust Roots
[2026-05-06T01:05:07.896+0100][21.783s][info][gc,phases      ] GC(189) Adjust Roots 1.565ms
[2026-05-06T01:05:07.896+0100][21.783s][info][gc,phases,start] GC(189) Compaction Phase
[2026-05-06T01:05:07.898+0100][21.785s][info][gc,phases      ] GC(189) Compaction Phase 1.976ms
[2026-05-06T01:05:07.898+0100][21.785s][info][gc,phases,start] GC(189) Post Compact
[2026-05-06T01:05:07.898+0100][21.785s][info][gc,phases      ] GC(189) Post Compact 0.058ms
[2026-05-06T01:05:07.898+0100][21.785s][info][gc,heap        ] GC(189) PSYoungGen: 160K(547840K)->0K(547840K) Eden: 0K(547328K)->0K(547328K) From: 160K(512K)->0K(512K)
[2026-05-06T01:05:07.898+0100][21.785s][info][gc,heap        ] GC(189) ParOldGen: 203820K(455680K)->203741K(455680K)
[2026-05-06T01:05:07.898+0100][21.785s][info][gc,metaspace   ] GC(189) Metaspace: 19098K(19456K)->19098K(19456K) NonClass: 16868K(17088K)->16868K(17088K) Class: 2230K(2368K)->2230K(2368K)
[2026-05-06T01:05:07.898+0100][21.785s][info][gc             ] GC(189) Pause Full (System.gc()) 199M->198M(980M) 8.431ms
[2026-05-06T01:05:07.898+0100][21.785s][info][gc,cpu         ] GC(189) User=0.03s Sys=0.01s Real=0.01s
[2026-05-06T01:05:08.004+0100][21.891s][info][gc,start       ] GC(190) Pause Young (Allocation Failure)
[2026-05-06T01:05:08.004+0100][21.891s][info][gc,heap        ] GC(190) PSYoungGen: 496434K(547840K)->192K(523776K) Eden: 496434K(547328K)->0K(523264K) From: 0K(512K)->192K(512K)
[2026-05-06T01:05:08.004+0100][21.891s][info][gc,heap        ] GC(190) ParOldGen: 203741K(455680K)->203741K(455680K)
[2026-05-06T01:05:08.004+0100][21.891s][info][gc,metaspace   ] GC(190) Metaspace: 19098K(19456K)->19098K(19456K) NonClass: 16868K(17088K)->16868K(17088K) Class: 2230K(2368K)->2230K(2368K)
[2026-05-06T01:05:08.004+0100][21.891s][info][gc             ] GC(190) Pause Young (Allocation Failure) 683M->199M(956M) 0.302ms
[2026-05-06T01:05:08.004+0100][21.891s][info][gc,cpu         ] GC(190) User=0.00s Sys=0.00s Real=0.00s
[2026-05-06T01:05:08.098+0100][21.985s][info][gc,start       ] GC(191) Pause Young (Allocation Failure)
[2026-05-06T01:05:08.098+0100][21.985s][info][gc,heap        ] GC(191) PSYoungGen: 484397K(523776K)->160K(501248K) Eden: 484205K(523264K)->0K(500736K) From: 192K(512K)->160K(512K)
[2026-05-06T01:05:08.098+0100][21.985s][info][gc,heap        ] GC(191) ParOldGen: 203741K(455680K)->203765K(455680K)
[2026-05-06T01:05:08.098+0100][21.985s][info][gc,metaspace   ] GC(191) Metaspace: 19098K(19456K)->19098K(19456K) NonClass: 16868K(17088K)->16868K(17088K) Class: 2230K(2368K)->2230K(2368K)
[2026-05-06T01:05:08.098+0100][21.985s][info][gc             ] GC(191) Pause Young (Allocation Failure) 672M->199M(934M) 0.277ms
[2026-05-06T01:05:08.098+0100][21.985s][info][gc,cpu         ] GC(191) User=0.00s Sys=0.00s Real=0.00s
[2026-05-06T01:05:08.193+0100][22.080s][info][gc,start       ] GC(192) Pause Young (Allocation Failure)
[2026-05-06T01:05:08.194+0100][22.081s][info][gc,heap        ] GC(192) PSYoungGen: 482668K(501248K)->160K(479744K) Eden: 482508K(500736K)->0K(479232K) From: 160K(512K)->160K(512K)
[2026-05-06T01:05:08.194+0100][22.081s][info][gc,heap        ] GC(192) ParOldGen: 203765K(455680K)->203765K(455680K)
[2026-05-06T01:05:08.194+0100][22.081s][info][gc,metaspace   ] GC(192) Metaspace: 19098K(19456K)->19098K(19456K) NonClass: 16868K(17088K)->16868K(17088K) Class: 2230K(2368K)->2230K(2368K)
[2026-05-06T01:05:08.194+0100][22.081s][info][gc             ] GC(192) Pause Young (Allocation Failure) 670M->199M(913M) 0.296ms
[2026-05-06T01:05:08.194+0100][22.081s][info][gc,cpu         ] GC(192) User=0.00s Sys=0.00s Real=0.00s
[2026-05-06T01:05:08.279+0100][22.166s][info][gc,start       ] GC(193) Pause Young (Allocation Failure)
[2026-05-06T01:05:08.279+0100][22.166s][info][gc,heap        ] GC(193) PSYoungGen: 455437K(479744K)->64K(459264K) Eden: 455277K(479232K)->0K(458752K) From: 160K(512K)->64K(512K)
[2026-05-06T01:05:08.279+0100][22.166s][info][gc,heap        ] GC(193) ParOldGen: 203765K(455680K)->203765K(455680K)
[2026-05-06T01:05:08.279+0100][22.166s][info][gc,metaspace   ] GC(193) Metaspace: 19098K(19456K)->19098K(19456K) NonClass: 16868K(17088K)->16868K(17088K) Class: 2230K(2368K)->2230K(2368K)
[2026-05-06T01:05:08.279+0100][22.166s][info][gc             ] GC(193) Pause Young (Allocation Failure) 643M->199M(893M) 0.260ms
[2026-05-06T01:05:08.279+0100][22.166s][info][gc,cpu         ] GC(193) User=0.00s Sys=0.00s Real=0.00s
[2026-05-06T01:05:08.297+0100][22.184s][info][gc,start       ] GC(194) Pause Young (System.gc())
[2026-05-06T01:05:08.297+0100][22.184s][info][gc,heap        ] GC(194) PSYoungGen: 156021K(459264K)->0K(459264K) Eden: 155957K(458752K)->0K(458752K) From: 64K(512K)->0K(512K)
[2026-05-06T01:05:08.297+0100][22.184s][info][gc,heap        ] GC(194) ParOldGen: 203765K(455680K)->203773K(455680K)
[2026-05-06T01:05:08.297+0100][22.184s][info][gc,metaspace   ] GC(194) Metaspace: 19098K(19456K)->19098K(19456K) NonClass: 16868K(17088K)->16868K(17088K) Class: 2230K(2368K)->2230K(2368K)
[2026-05-06T01:05:08.297+0100][22.184s][info][gc             ] GC(194) Pause Young (System.gc()) 351M->198M(893M) 0.280ms
[2026-05-06T01:05:08.297+0100][22.184s][info][gc,cpu         ] GC(194) User=0.00s Sys=0.00s Real=0.00s
[2026-05-06T01:05:08.297+0100][22.184s][info][gc,start       ] GC(195) Pause Full (System.gc())
[2026-05-06T01:05:08.297+0100][22.184s][info][gc,phases,start] GC(195) Marking Phase
[2026-05-06T01:05:08.302+0100][22.189s][info][gc,phases      ] GC(195) Marking Phase 4.404ms
[2026-05-06T01:05:08.302+0100][22.189s][info][gc,phases,start] GC(195) Summary Phase
[2026-05-06T01:05:08.302+0100][22.189s][info][gc,phases      ] GC(195) Summary Phase 0.007ms
[2026-05-06T01:05:08.302+0100][22.189s][info][gc,phases,start] GC(195) Adjust Roots
[2026-05-06T01:05:08.303+0100][22.190s][info][gc,phases      ] GC(195) Adjust Roots 1.520ms
[2026-05-06T01:05:08.303+0100][22.190s][info][gc,phases,start] GC(195) Compaction Phase
[2026-05-06T01:05:08.305+0100][22.192s][info][gc,phases      ] GC(195) Compaction Phase 1.835ms
[2026-05-06T01:05:08.305+0100][22.192s][info][gc,phases,start] GC(195) Post Compact
[2026-05-06T01:05:08.305+0100][22.192s][info][gc,phases      ] GC(195) Post Compact 0.053ms
[2026-05-06T01:05:08.305+0100][22.192s][info][gc,heap        ] GC(195) PSYoungGen: 0K(459264K)->0K(459264K) Eden: 0K(458752K)->0K(458752K) From: 0K(512K)->0K(512K)
[2026-05-06T01:05:08.305+0100][22.192s][info][gc,heap        ] GC(195) ParOldGen: 203773K(455680K)->203736K(455680K)
[2026-05-06T01:05:08.305+0100][22.192s][info][gc,metaspace   ] GC(195) Metaspace: 19098K(19456K)->19098K(19456K) NonClass: 16868K(17088K)->16868K(17088K) Class: 2230K(2368K)->2230K(2368K)
[2026-05-06T01:05:08.305+0100][22.192s][info][gc             ] GC(195) Pause Full (System.gc()) 198M->198M(893M) 7.900ms
[2026-05-06T01:05:08.305+0100][22.192s][info][gc,cpu         ] GC(195) User=0.03s Sys=0.00s Real=0.01s
[2026-05-06T01:05:08.400+0100][22.287s][info][gc,start       ] GC(196) Pause Young (Allocation Failure)
[2026-05-06T01:05:08.401+0100][22.287s][info][gc,heap        ] GC(196) PSYoungGen: 450870K(459264K)->32K(439808K) Eden: 450870K(458752K)->0K(439296K) From: 0K(512K)->32K(512K)
[2026-05-06T01:05:08.401+0100][22.287s][info][gc,heap        ] GC(196) ParOldGen: 203736K(455680K)->203736K(455680K)
[2026-05-06T01:05:08.401+0100][22.287s][info][gc,metaspace   ] GC(196) Metaspace: 19098K(19456K)->19098K(19456K) NonClass: 16868K(17088K)->16868K(17088K) Class: 2230K(2368K)->2230K(2368K)
[2026-05-06T01:05:08.401+0100][22.288s][info][gc             ] GC(196) Pause Young (Allocation Failure) 639M->198M(874M) 0.338ms
[2026-05-06T01:05:08.401+0100][22.288s][info][gc,cpu         ] GC(196) User=0.00s Sys=0.00s Real=0.00s
[2026-05-06T01:05:08.456+0100][22.342s][info][gc,start       ] GC(197) Pause Young (Allocation Failure)
[2026-05-06T01:05:08.456+0100][22.343s][info][gc,heap        ] GC(197) PSYoungGen: 303253K(439808K)->32K(421376K) Eden: 303221K(439296K)->0K(420864K) From: 32K(512K)->32K(512K)
[2026-05-06T01:05:08.456+0100][22.343s][info][gc,heap        ] GC(197) ParOldGen: 203736K(455680K)->203744K(455680K)
[2026-05-06T01:05:08.456+0100][22.343s][info][gc,metaspace   ] GC(197) Metaspace: 19098K(19456K)->19098K(19456K) NonClass: 16868K(17088K)->16868K(17088K) Class: 2230K(2368K)->2230K(2368K)
[2026-05-06T01:05:08.456+0100][22.343s][info][gc             ] GC(197) Pause Young (Allocation Failure) 495M->199M(856M) 0.295ms
[2026-05-06T01:05:08.456+0100][22.343s][info][gc,cpu         ] GC(197) User=0.00s Sys=0.00s Real=0.00s
[2026-05-06T01:05:08.509+0100][22.396s][info][gc,start       ] GC(198) Pause Young (Allocation Failure)
[2026-05-06T01:05:08.510+0100][22.396s][info][gc,heap        ] GC(198) PSYoungGen: 302985K(421376K)->32K(403968K) Eden: 302953K(420864K)->0K(403456K) From: 32K(512K)->32K(512K)
[2026-05-06T01:05:08.510+0100][22.396s][info][gc,heap        ] GC(198) ParOldGen: 203744K(455680K)->203744K(455680K)
[2026-05-06T01:05:08.510+0100][22.396s][info][gc,metaspace   ] GC(198) Metaspace: 19098K(19456K)->19098K(19456K) NonClass: 16868K(17088K)->16868K(17088K) Class: 2230K(2368K)->2230K(2368K)
[2026-05-06T01:05:08.510+0100][22.396s][info][gc             ] GC(198) Pause Young (Allocation Failure) 494M->199M(839M) 0.224ms
[2026-05-06T01:05:08.510+0100][22.396s][info][gc,cpu         ] GC(198) User=0.00s Sys=0.00s Real=0.01s
[2026-05-06T01:05:08.568+0100][22.454s][info][gc,start       ] GC(199) Pause Young (Allocation Failure)
[2026-05-06T01:05:08.568+0100][22.455s][info][gc,heap        ] GC(199) PSYoungGen: 302704K(403968K)->32K(387072K) Eden: 302672K(403456K)->0K(386560K) From: 32K(512K)->32K(512K)
[2026-05-06T01:05:08.568+0100][22.455s][info][gc,heap        ] GC(199) ParOldGen: 203744K(455680K)->203744K(455680K)
[2026-05-06T01:05:08.568+0100][22.455s][info][gc,metaspace   ] GC(199) Metaspace: 19098K(19456K)->19098K(19456K) NonClass: 16868K(17088K)->16868K(17088K) Class: 2230K(2368K)->2230K(2368K)
[2026-05-06T01:05:08.568+0100][22.455s][info][gc             ] GC(199) Pause Young (Allocation Failure) 494M->199M(823M) 0.323ms
[2026-05-06T01:05:08.568+0100][22.455s][info][gc,cpu         ] GC(199) User=0.00s Sys=0.00s Real=0.00s
[2026-05-06T01:05:08.636+0100][22.523s][info][gc,start       ] GC(200) Pause Young (Allocation Failure)
[2026-05-06T01:05:08.636+0100][22.523s][info][gc,heap        ] GC(200) PSYoungGen: 386592K(387072K)->192K(371200K) Eden: 386560K(386560K)->0K(370688K) From: 32K(512K)->192K(512K)
[2026-05-06T01:05:08.636+0100][22.523s][info][gc,heap        ] GC(200) ParOldGen: 203744K(455680K)->203744K(455680K)
[2026-05-06T01:05:08.636+0100][22.523s][info][gc,metaspace   ] GC(200) Metaspace: 19098K(19456K)->19098K(19456K) NonClass: 16868K(17088K)->16868K(17088K) Class: 2230K(2368K)->2230K(2368K)
[2026-05-06T01:05:08.636+0100][22.523s][info][gc             ] GC(200) Pause Young (Allocation Failure) 576M->199M(807M) 0.510ms
[2026-05-06T01:05:08.636+0100][22.523s][info][gc,cpu         ] GC(200) User=0.00s Sys=0.00s Real=0.00s
[2026-05-06T01:05:08.689+0100][22.575s][info][gc,start       ] GC(201) Pause Young (System.gc())
[2026-05-06T01:05:08.689+0100][22.576s][info][gc,heap        ] GC(201) PSYoungGen: 338449K(371200K)->256K(371200K) Eden: 338257K(370688K)->0K(370688K) From: 192K(512K)->256K(512K)
[2026-05-06T01:05:08.689+0100][22.576s][info][gc,heap        ] GC(201) ParOldGen: 203744K(455680K)->203752K(455680K)
[2026-05-06T01:05:08.689+0100][22.576s][info][gc,metaspace   ] GC(201) Metaspace: 19098K(19456K)->19098K(19456K) NonClass: 16868K(17088K)->16868K(17088K) Class: 2230K(2368K)->2230K(2368K)
[2026-05-06T01:05:08.689+0100][22.576s][info][gc             ] GC(201) Pause Young (System.gc()) 529M->199M(807M) 0.330ms
[2026-05-06T01:05:08.689+0100][22.576s][info][gc,cpu         ] GC(201) User=0.00s Sys=0.00s Real=0.00s
[2026-05-06T01:05:08.689+0100][22.576s][info][gc,start       ] GC(202) Pause Full (System.gc())
[2026-05-06T01:05:08.689+0100][22.576s][info][gc,phases,start] GC(202) Marking Phase
[2026-05-06T01:05:08.695+0100][22.582s][info][gc,phases      ] GC(202) Marking Phase 6.116ms
[2026-05-06T01:05:08.695+0100][22.582s][info][gc,phases,start] GC(202) Summary Phase
[2026-05-06T01:05:08.695+0100][22.582s][info][gc,phases      ] GC(202) Summary Phase 0.007ms
[2026-05-06T01:05:08.695+0100][22.582s][info][gc,phases,start] GC(202) Adjust Roots
[2026-05-06T01:05:08.697+0100][22.584s][info][gc,phases      ] GC(202) Adjust Roots 1.725ms
[2026-05-06T01:05:08.697+0100][22.584s][info][gc,phases,start] GC(202) Compaction Phase
[2026-05-06T01:05:08.699+0100][22.586s][info][gc,phases      ] GC(202) Compaction Phase 1.974ms
[2026-05-06T01:05:08.699+0100][22.586s][info][gc,phases,start] GC(202) Post Compact
[2026-05-06T01:05:08.699+0100][22.586s][info][gc,phases      ] GC(202) Post Compact 0.068ms
[2026-05-06T01:05:08.699+0100][22.586s][info][gc,heap        ] GC(202) PSYoungGen: 256K(371200K)->0K(371200K) Eden: 0K(370688K)->0K(370688K) From: 256K(512K)->0K(512K)
[2026-05-06T01:05:08.699+0100][22.586s][info][gc,heap        ] GC(202) ParOldGen: 203752K(455680K)->203743K(455680K)
[2026-05-06T01:05:08.699+0100][22.586s][info][gc,metaspace   ] GC(202) Metaspace: 19098K(19456K)->19098K(19456K) NonClass: 16868K(17088K)->16868K(17088K) Class: 2230K(2368K)->2230K(2368K)
[2026-05-06T01:05:08.699+0100][22.586s][info][gc             ] GC(202) Pause Full (System.gc()) 199M->198M(807M) 9.998ms
[2026-05-06T01:05:08.699+0100][22.586s][info][gc,cpu         ] GC(202) User=0.03s Sys=0.01s Real=0.01s
[2026-05-06T01:05:08.762+0100][22.649s][info][gc,start       ] GC(203) Pause Young (Allocation Failure)
[2026-05-06T01:05:08.762+0100][22.649s][info][gc,heap        ] GC(203) PSYoungGen: 338776K(371200K)->192K(355840K) Eden: 338776K(370688K)->0K(355328K) From: 0K(512K)->192K(512K)
[2026-05-06T01:05:08.762+0100][22.649s][info][gc,heap        ] GC(203) ParOldGen: 203743K(455680K)->203743K(455680K)
[2026-05-06T01:05:08.762+0100][22.649s][info][gc,metaspace   ] GC(203) Metaspace: 19098K(19456K)->19098K(19456K) NonClass: 16868K(17088K)->16868K(17088K) Class: 2230K(2368K)->2230K(2368K)
[2026-05-06T01:05:08.762+0100][22.649s][info][gc             ] GC(203) Pause Young (Allocation Failure) 529M->199M(792M) 0.341ms
[2026-05-06T01:05:08.762+0100][22.649s][info][gc,cpu         ] GC(203) User=0.00s Sys=0.00s Real=0.00s
[2026-05-06T01:05:08.818+0100][22.705s][info][gc,start       ] GC(204) Pause Young (Allocation Failure)
[2026-05-06T01:05:08.818+0100][22.705s][info][gc,heap        ] GC(204) PSYoungGen: 323646K(355840K)->160K(341504K) Eden: 323454K(355328K)->0K(340992K) From: 192K(512K)->160K(512K)
[2026-05-06T01:05:08.818+0100][22.705s][info][gc,heap        ] GC(204) ParOldGen: 203743K(455680K)->203759K(455680K)
[2026-05-06T01:05:08.818+0100][22.705s][info][gc,metaspace   ] GC(204) Metaspace: 19098K(19456K)->19098K(19456K) NonClass: 16868K(17088K)->16868K(17088K) Class: 2230K(2368K)->2230K(2368K)
[2026-05-06T01:05:08.818+0100][22.705s][info][gc             ] GC(204) Pause Young (Allocation Failure) 515M->199M(778M) 0.292ms
[2026-05-06T01:05:08.818+0100][22.705s][info][gc,cpu         ] GC(204) User=0.00s Sys=0.00s Real=0.00s
[2026-05-06T01:05:08.881+0100][22.767s][info][gc,start       ] GC(205) Pause Young (Allocation Failure)
[2026-05-06T01:05:08.881+0100][22.768s][info][gc,heap        ] GC(205) PSYoungGen: 320349K(341504K)->160K(327680K) Eden: 320189K(340992K)->0K(327168K) From: 160K(512K)->160K(512K)
[2026-05-06T01:05:08.881+0100][22.768s][info][gc,heap        ] GC(205) ParOldGen: 203759K(455680K)->203759K(455680K)
[2026-05-06T01:05:08.881+0100][22.768s][info][gc,metaspace   ] GC(205) Metaspace: 19098K(19456K)->19098K(19456K) NonClass: 16868K(17088K)->16868K(17088K) Class: 2230K(2368K)->2230K(2368K)
[2026-05-06T01:05:08.881+0100][22.768s][info][gc             ] GC(205) Pause Young (Allocation Failure) 511M->199M(765M) 0.289ms
[2026-05-06T01:05:08.881+0100][22.768s][info][gc,cpu         ] GC(205) User=0.00s Sys=0.00s Real=0.00s
[2026-05-06T01:05:08.935+0100][22.822s][info][gc,start       ] GC(206) Pause Young (Allocation Failure)
[2026-05-06T01:05:08.936+0100][22.822s][info][gc,heap        ] GC(206) PSYoungGen: 317683K(327680K)->160K(314368K) Eden: 317523K(327168K)->0K(313856K) From: 160K(512K)->160K(512K)
[2026-05-06T01:05:08.936+0100][22.822s][info][gc,heap        ] GC(206) ParOldGen: 203759K(455680K)->203759K(455680K)
[2026-05-06T01:05:08.936+0100][22.822s][info][gc,metaspace   ] GC(206) Metaspace: 19098K(19456K)->19098K(19456K) NonClass: 16868K(17088K)->16868K(17088K) Class: 2230K(2368K)->2230K(2368K)
[2026-05-06T01:05:08.936+0100][22.822s][info][gc             ] GC(206) Pause Young (Allocation Failure) 509M->199M(752M) 0.263ms
[2026-05-06T01:05:08.936+0100][22.822s][info][gc,cpu         ] GC(206) User=0.00s Sys=0.01s Real=0.00s
[2026-05-06T01:05:08.989+0100][22.875s][info][gc,start       ] GC(207) Pause Young (Allocation Failure)
[2026-05-06T01:05:08.989+0100][22.876s][info][gc,heap        ] GC(207) PSYoungGen: 314016K(314368K)->128K(302080K) Eden: 313856K(313856K)->0K(301568K) From: 160K(512K)->128K(512K)
[2026-05-06T01:05:08.989+0100][22.876s][info][gc,heap        ] GC(207) ParOldGen: 203759K(455680K)->203759K(455680K)
[2026-05-06T01:05:08.989+0100][22.876s][info][gc,metaspace   ] GC(207) Metaspace: 19098K(19456K)->19098K(19456K) NonClass: 16868K(17088K)->16868K(17088K) Class: 2230K(2368K)->2230K(2368K)
[2026-05-06T01:05:08.989+0100][22.876s][info][gc             ] GC(207) Pause Young (Allocation Failure) 505M->199M(740M) 0.339ms
[2026-05-06T01:05:08.989+0100][22.876s][info][gc,cpu         ] GC(207) User=0.00s Sys=0.00s Real=0.00s
[2026-05-06T01:05:09.023+0100][22.909s][info][gc,start       ] GC(208) Pause Young (Allocation Failure)
[2026-05-06T01:05:09.023+0100][22.910s][info][gc,heap        ] GC(208) PSYoungGen: 164013K(302080K)->224K(290304K) Eden: 163885K(301568K)->0K(289792K) From: 128K(512K)->224K(512K)
[2026-05-06T01:05:09.023+0100][22.910s][info][gc,heap        ] GC(208) ParOldGen: 203759K(455680K)->203767K(455680K)
[2026-05-06T01:05:09.023+0100][22.910s][info][gc,metaspace   ] GC(208) Metaspace: 19098K(19456K)->19098K(19456K) NonClass: 16868K(17088K)->16868K(17088K) Class: 2230K(2368K)->2230K(2368K)
[2026-05-06T01:05:09.023+0100][22.910s][info][gc             ] GC(208) Pause Young (Allocation Failure) 359M->199M(728M) 0.498ms
[2026-05-06T01:05:09.023+0100][22.910s][info][gc,cpu         ] GC(208) User=0.00s Sys=0.00s Real=0.00s
[2026-05-06T01:05:09.085+0100][22.972s][info][gc,start       ] GC(209) Pause Young (System.gc())
[2026-05-06T01:05:09.086+0100][22.973s][info][gc,heap        ] GC(209) PSYoungGen: 161972K(290304K)->128K(290304K) Eden: 161748K(289792K)->0K(289792K) From: 224K(512K)->128K(512K)
[2026-05-06T01:05:09.086+0100][22.973s][info][gc,heap        ] GC(209) ParOldGen: 351224K(455680K)->351224K(455680K)
[2026-05-06T01:05:09.086+0100][22.973s][info][gc,metaspace   ] GC(209) Metaspace: 19098K(19456K)->19098K(19456K) NonClass: 16868K(17088K)->16868K(17088K) Class: 2230K(2368K)->2230K(2368K)
[2026-05-06T01:05:09.086+0100][22.973s][info][gc             ] GC(209) Pause Young (System.gc()) 501M->343M(728M) 0.291ms
[2026-05-06T01:05:09.086+0100][22.973s][info][gc,cpu         ] GC(209) User=0.00s Sys=0.00s Real=0.00s
[2026-05-06T01:05:09.086+0100][22.973s][info][gc,start       ] GC(210) Pause Full (System.gc())
[2026-05-06T01:05:09.086+0100][22.973s][info][gc,phases,start] GC(210) Marking Phase
[2026-05-06T01:05:09.091+0100][22.978s][info][gc,phases      ] GC(210) Marking Phase 5.334ms
[2026-05-06T01:05:09.091+0100][22.978s][info][gc,phases,start] GC(210) Summary Phase
[2026-05-06T01:05:09.091+0100][22.978s][info][gc,phases      ] GC(210) Summary Phase 0.014ms
[2026-05-06T01:05:09.091+0100][22.978s][info][gc,phases,start] GC(210) Adjust Roots
[2026-05-06T01:05:09.093+0100][22.980s][info][gc,phases      ] GC(210) Adjust Roots 1.927ms
[2026-05-06T01:05:09.093+0100][22.980s][info][gc,phases,start] GC(210) Compaction Phase
[2026-05-06T01:05:09.095+0100][22.982s][info][gc,phases      ] GC(210) Compaction Phase 2.368ms
[2026-05-06T01:05:09.095+0100][22.982s][info][gc,phases,start] GC(210) Post Compact
[2026-05-06T01:05:09.096+0100][22.983s][info][gc,phases      ] GC(210) Post Compact 0.429ms
[2026-05-06T01:05:09.096+0100][22.983s][info][gc,heap        ] GC(210) PSYoungGen: 128K(290304K)->0K(290304K) Eden: 0K(289792K)->0K(289792K) From: 128K(512K)->0K(512K)
[2026-05-06T01:05:09.096+0100][22.983s][info][gc,heap        ] GC(210) ParOldGen: 351224K(455680K)->203744K(455680K)
[2026-05-06T01:05:09.096+0100][22.983s][info][gc,metaspace   ] GC(210) Metaspace: 19098K(19456K)->19098K(19456K) NonClass: 16868K(17088K)->16868K(17088K) Class: 2230K(2368K)->2230K(2368K)
[2026-05-06T01:05:09.096+0100][22.983s][info][gc             ] GC(210) Pause Full (System.gc()) 343M->198M(728M) 10.209ms
[2026-05-06T01:05:09.096+0100][22.983s][info][gc,cpu         ] GC(210) User=0.04s Sys=0.00s Real=0.01s
[2026-05-06T01:05:09.685+0100][23.571s][info][gc,start       ] GC(211) Pause Young (System.gc())
[2026-05-06T01:05:09.686+0100][23.573s][info][gc,heap        ] GC(211) PSYoungGen: 213368K(290304K)->64K(290304K) Eden: 213368K(289792K)->0K(289792K) From: 0K(512K)->64K(512K)
[2026-05-06T01:05:09.686+0100][23.573s][info][gc,heap        ] GC(211) ParOldGen: 1973216K(2083328K)->1973216K(2083328K)
[2026-05-06T01:05:09.686+0100][23.573s][info][gc,metaspace   ] GC(211) Metaspace: 19098K(19456K)->19098K(19456K) NonClass: 16868K(17088K)->16868K(17088K) Class: 2230K(2368K)->2230K(2368K)
[2026-05-06T01:05:09.686+0100][23.573s][info][gc             ] GC(211) Pause Young (System.gc()) 2135M->1927M(2318M) 1.330ms
[2026-05-06T01:05:09.686+0100][23.573s][info][gc,cpu         ] GC(211) User=0.00s Sys=0.00s Real=0.00s
[2026-05-06T01:05:09.686+0100][23.573s][info][gc,start       ] GC(212) Pause Full (System.gc())
[2026-05-06T01:05:09.686+0100][23.573s][info][gc,phases,start] GC(212) Marking Phase
[2026-05-06T01:05:09.691+0100][23.578s][info][gc,phases      ] GC(212) Marking Phase 5.041ms
[2026-05-06T01:05:09.691+0100][23.578s][info][gc,phases,start] GC(212) Summary Phase
[2026-05-06T01:05:09.691+0100][23.578s][info][gc,phases      ] GC(212) Summary Phase 0.020ms
[2026-05-06T01:05:09.691+0100][23.578s][info][gc,phases,start] GC(212) Adjust Roots
[2026-05-06T01:05:09.693+0100][23.580s][info][gc,phases      ] GC(212) Adjust Roots 1.658ms
[2026-05-06T01:05:09.693+0100][23.580s][info][gc,phases,start] GC(212) Compaction Phase
[2026-05-06T01:05:09.695+0100][23.582s][info][gc,phases      ] GC(212) Compaction Phase 2.028ms
[2026-05-06T01:05:09.695+0100][23.582s][info][gc,phases,start] GC(212) Post Compact
[2026-05-06T01:05:09.699+0100][23.586s][info][gc,phases      ] GC(212) Post Compact 4.437ms
[2026-05-06T01:05:09.699+0100][23.586s][info][gc,heap        ] GC(212) PSYoungGen: 64K(290304K)->0K(290304K) Eden: 0K(289792K)->0K(289792K) From: 64K(512K)->0K(512K)
[2026-05-06T01:05:09.699+0100][23.586s][info][gc,heap        ] GC(212) ParOldGen: 1973216K(2083328K)->203737K(2083328K)
[2026-05-06T01:05:09.699+0100][23.586s][info][gc,metaspace   ] GC(212) Metaspace: 19098K(19456K)->19098K(19456K) NonClass: 16868K(17088K)->16868K(17088K) Class: 2230K(2368K)->2230K(2368K)
[2026-05-06T01:05:09.699+0100][23.586s][info][gc             ] GC(212) Pause Full (System.gc()) 1927M->198M(2318M) 13.289ms
[2026-05-06T01:05:09.699+0100][23.586s][info][gc,cpu         ] GC(212) User=0.03s Sys=0.01s Real=0.01s
[2026-05-06T01:05:10.183+0100][24.069s][info][gc,start       ] GC(213) Pause Young (System.gc())
[2026-05-06T01:05:10.183+0100][24.070s][info][gc,heap        ] GC(213) PSYoungGen: 192832K(290304K)->128K(290304K) Eden: 192832K(289792K)->0K(289792K) From: 0K(512K)->128K(512K)
[2026-05-06T01:05:10.183+0100][24.070s][info][gc,heap        ] GC(213) ParOldGen: 1973209K(2083328K)->1973209K(2083328K)
[2026-05-06T01:05:10.183+0100][24.070s][info][gc,metaspace   ] GC(213) Metaspace: 19098K(19456K)->19098K(19456K) NonClass: 16868K(17088K)->16868K(17088K) Class: 2230K(2368K)->2230K(2368K)
[2026-05-06T01:05:10.183+0100][24.070s][info][gc             ] GC(213) Pause Young (System.gc()) 2115M->1927M(2318M) 0.658ms
[2026-05-06T01:05:10.183+0100][24.070s][info][gc,cpu         ] GC(213) User=0.00s Sys=0.00s Real=0.00s
[2026-05-06T01:05:10.183+0100][24.070s][info][gc,start       ] GC(214) Pause Full (System.gc())
[2026-05-06T01:05:10.183+0100][24.070s][info][gc,phases,start] GC(214) Marking Phase
[2026-05-06T01:05:10.188+0100][24.075s][info][gc,phases      ] GC(214) Marking Phase 5.170ms
[2026-05-06T01:05:10.188+0100][24.075s][info][gc,phases,start] GC(214) Summary Phase
[2026-05-06T01:05:10.188+0100][24.075s][info][gc,phases      ] GC(214) Summary Phase 0.012ms
[2026-05-06T01:05:10.188+0100][24.075s][info][gc,phases,start] GC(214) Adjust Roots
[2026-05-06T01:05:10.190+0100][24.077s][info][gc,phases      ] GC(214) Adjust Roots 1.730ms
[2026-05-06T01:05:10.190+0100][24.077s][info][gc,phases,start] GC(214) Compaction Phase
[2026-05-06T01:05:10.192+0100][24.079s][info][gc,phases      ] GC(214) Compaction Phase 1.972ms
[2026-05-06T01:05:10.192+0100][24.079s][info][gc,phases,start] GC(214) Post Compact
[2026-05-06T01:05:10.195+0100][24.082s][info][gc,phases      ] GC(214) Post Compact 3.220ms
[2026-05-06T01:05:10.195+0100][24.082s][info][gc,heap        ] GC(214) PSYoungGen: 128K(290304K)->0K(290304K) Eden: 0K(289792K)->0K(289792K) From: 128K(512K)->0K(512K)
[2026-05-06T01:05:10.195+0100][24.082s][info][gc,heap        ] GC(214) ParOldGen: 1973209K(2083328K)->203746K(2083328K)
[2026-05-06T01:05:10.195+0100][24.082s][info][gc,metaspace   ] GC(214) Metaspace: 19098K(19456K)->19098K(19456K) NonClass: 16868K(17088K)->16868K(17088K) Class: 2230K(2368K)->2230K(2368K)
[2026-05-06T01:05:10.195+0100][24.082s][info][gc             ] GC(214) Pause Full (System.gc()) 1927M->198M(2318M) 12.217ms
[2026-05-06T01:05:10.195+0100][24.082s][info][gc,cpu         ] GC(214) User=0.03s Sys=0.01s Real=0.01s
[2026-05-06T01:05:10.552+0100][24.439s][info][gc,start       ] GC(215) Pause Young (System.gc())
[2026-05-06T01:05:10.553+0100][24.440s][info][gc,heap        ] GC(215) PSYoungGen: 279260K(290304K)->160K(290304K) Eden: 279260K(289792K)->0K(289792K) From: 0K(512K)->160K(512K)
[2026-05-06T01:05:10.553+0100][24.440s][info][gc,heap        ] GC(215) ParOldGen: 1973219K(2083328K)->1973219K(2083328K)
[2026-05-06T01:05:10.553+0100][24.440s][info][gc,metaspace   ] GC(215) Metaspace: 19098K(19456K)->19098K(19456K) NonClass: 16868K(17088K)->16868K(17088K) Class: 2230K(2368K)->2230K(2368K)
[2026-05-06T01:05:10.553+0100][24.440s][info][gc             ] GC(215) Pause Young (System.gc()) 2199M->1927M(2318M) 0.586ms
[2026-05-06T01:05:10.553+0100][24.440s][info][gc,cpu         ] GC(215) User=0.01s Sys=0.00s Real=0.00s
[2026-05-06T01:05:10.553+0100][24.440s][info][gc,start       ] GC(216) Pause Full (System.gc())
[2026-05-06T01:05:10.553+0100][24.440s][info][gc,phases,start] GC(216) Marking Phase
[2026-05-06T01:05:10.558+0100][24.444s][info][gc,phases      ] GC(216) Marking Phase 4.773ms
[2026-05-06T01:05:10.558+0100][24.444s][info][gc,phases,start] GC(216) Summary Phase
[2026-05-06T01:05:10.558+0100][24.444s][info][gc,phases      ] GC(216) Summary Phase 0.010ms
[2026-05-06T01:05:10.558+0100][24.444s][info][gc,phases,start] GC(216) Adjust Roots
[2026-05-06T01:05:10.559+0100][24.446s][info][gc,phases      ] GC(216) Adjust Roots 1.571ms
[2026-05-06T01:05:10.559+0100][24.446s][info][gc,phases,start] GC(216) Compaction Phase
[2026-05-06T01:05:10.561+0100][24.448s][info][gc,phases      ] GC(216) Compaction Phase 1.876ms
[2026-05-06T01:05:10.561+0100][24.448s][info][gc,phases,start] GC(216) Post Compact
[2026-05-06T01:05:10.562+0100][24.449s][info][gc,phases      ] GC(216) Post Compact 0.610ms
[2026-05-06T01:05:10.562+0100][24.449s][info][gc,heap        ] GC(216) PSYoungGen: 160K(290304K)->0K(290304K) Eden: 0K(289792K)->0K(289792K) From: 160K(512K)->0K(512K)
[2026-05-06T01:05:10.562+0100][24.449s][info][gc,heap        ] GC(216) ParOldGen: 1973219K(2083328K)->203747K(2083328K)
[2026-05-06T01:05:10.562+0100][24.449s][info][gc,metaspace   ] GC(216) Metaspace: 19098K(19456K)->19098K(19456K) NonClass: 16868K(17088K)->16868K(17088K) Class: 2230K(2368K)->2230K(2368K)
[2026-05-06T01:05:10.562+0100][24.449s][info][gc             ] GC(216) Pause Full (System.gc()) 1927M->198M(2318M) 8.951ms
[2026-05-06T01:05:10.562+0100][24.449s][info][gc,cpu         ] GC(216) User=0.02s Sys=0.00s Real=0.01s
[2026-05-06T01:05:10.920+0100][24.806s][info][gc,start       ] GC(217) Pause Young (System.gc())
[2026-05-06T01:05:10.920+0100][24.807s][info][gc,heap        ] GC(217) PSYoungGen: 243528K(290304K)->160K(290304K) Eden: 243528K(289792K)->0K(289792K) From: 0K(512K)->160K(512K)
[2026-05-06T01:05:10.920+0100][24.807s][info][gc,heap        ] GC(217) ParOldGen: 1973219K(2083328K)->1973219K(2083328K)
[2026-05-06T01:05:10.920+0100][24.807s][info][gc,metaspace   ] GC(217) Metaspace: 19098K(19456K)->19098K(19456K) NonClass: 16868K(17088K)->16868K(17088K) Class: 2230K(2368K)->2230K(2368K)
[2026-05-06T01:05:10.920+0100][24.807s][info][gc             ] GC(217) Pause Young (System.gc()) 2164M->1927M(2318M) 0.628ms
[2026-05-06T01:05:10.920+0100][24.807s][info][gc,cpu         ] GC(217) User=0.01s Sys=0.00s Real=0.00s
[2026-05-06T01:05:10.920+0100][24.807s][info][gc,start       ] GC(218) Pause Full (System.gc())
[2026-05-06T01:05:10.920+0100][24.807s][info][gc,phases,start] GC(218) Marking Phase
[2026-05-06T01:05:10.925+0100][24.812s][info][gc,phases      ] GC(218) Marking Phase 4.851ms
[2026-05-06T01:05:10.925+0100][24.812s][info][gc,phases,start] GC(218) Summary Phase
[2026-05-06T01:05:10.925+0100][24.812s][info][gc,phases      ] GC(218) Summary Phase 0.010ms
[2026-05-06T01:05:10.925+0100][24.812s][info][gc,phases,start] GC(218) Adjust Roots
[2026-05-06T01:05:10.927+0100][24.813s][info][gc,phases      ] GC(218) Adjust Roots 1.639ms
[2026-05-06T01:05:10.927+0100][24.814s][info][gc,phases,start] GC(218) Compaction Phase
[2026-05-06T01:05:10.929+0100][24.815s][info][gc,phases      ] GC(218) Compaction Phase 1.901ms
[2026-05-06T01:05:10.929+0100][24.815s][info][gc,phases,start] GC(218) Post Compact
[2026-05-06T01:05:10.929+0100][24.816s][info][gc,phases      ] GC(218) Post Compact 0.637ms
[2026-05-06T01:05:10.929+0100][24.816s][info][gc,heap        ] GC(218) PSYoungGen: 160K(290304K)->0K(290304K) Eden: 0K(289792K)->0K(289792K) From: 160K(512K)->0K(512K)
[2026-05-06T01:05:10.929+0100][24.816s][info][gc,heap        ] GC(218) ParOldGen: 1973219K(2083328K)->203738K(2083328K)
[2026-05-06T01:05:10.929+0100][24.816s][info][gc,metaspace   ] GC(218) Metaspace: 19098K(19456K)->19098K(19456K) NonClass: 16868K(17088K)->16868K(17088K) Class: 2230K(2368K)->2230K(2368K)
[2026-05-06T01:05:10.929+0100][24.816s][info][gc             ] GC(218) Pause Full (System.gc()) 1927M->198M(2318M) 9.128ms
[2026-05-06T01:05:10.929+0100][24.816s][info][gc,cpu         ] GC(218) User=0.03s Sys=0.00s Real=0.00s
[2026-05-06T01:05:11.250+0100][25.137s][info][gc,start       ] GC(219) Pause Young (System.gc())
[2026-05-06T01:05:11.251+0100][25.138s][info][gc,heap        ] GC(219) PSYoungGen: 180713K(290304K)->96K(290304K) Eden: 180713K(289792K)->0K(289792K) From: 0K(512K)->96K(512K)
[2026-05-06T01:05:11.251+0100][25.138s][info][gc,heap        ] GC(219) ParOldGen: 1973210K(2083328K)->1973210K(2083328K)
[2026-05-06T01:05:11.251+0100][25.138s][info][gc,metaspace   ] GC(219) Metaspace: 19102K(19456K)->19102K(19456K) NonClass: 16872K(17088K)->16872K(17088K) Class: 2230K(2368K)->2230K(2368K)
[2026-05-06T01:05:11.251+0100][25.138s][info][gc             ] GC(219) Pause Young (System.gc()) 2103M->1927M(2318M) 0.684ms
[2026-05-06T01:05:11.251+0100][25.138s][info][gc,cpu         ] GC(219) User=0.00s Sys=0.00s Real=0.00s
[2026-05-06T01:05:11.251+0100][25.138s][info][gc,start       ] GC(220) Pause Full (System.gc())
[2026-05-06T01:05:11.251+0100][25.138s][info][gc,phases,start] GC(220) Marking Phase
[2026-05-06T01:05:11.256+0100][25.143s][info][gc,phases      ] GC(220) Marking Phase 5.184ms
[2026-05-06T01:05:11.256+0100][25.143s][info][gc,phases,start] GC(220) Summary Phase
[2026-05-06T01:05:11.256+0100][25.143s][info][gc,phases      ] GC(220) Summary Phase 0.010ms
[2026-05-06T01:05:11.256+0100][25.143s][info][gc,phases,start] GC(220) Adjust Roots
[2026-05-06T01:05:11.258+0100][25.145s][info][gc,phases      ] GC(220) Adjust Roots 1.637ms
[2026-05-06T01:05:11.258+0100][25.145s][info][gc,phases,start] GC(220) Compaction Phase
[2026-05-06T01:05:11.260+0100][25.147s][info][gc,phases      ] GC(220) Compaction Phase 1.965ms
[2026-05-06T01:05:11.260+0100][25.147s][info][gc,phases,start] GC(220) Post Compact
[2026-05-06T01:05:11.260+0100][25.147s][info][gc,phases      ] GC(220) Post Compact 0.584ms
[2026-05-06T01:05:11.260+0100][25.147s][info][gc,heap        ] GC(220) PSYoungGen: 96K(290304K)->0K(290304K) Eden: 0K(289792K)->0K(289792K) From: 96K(512K)->0K(512K)
[2026-05-06T01:05:11.260+0100][25.147s][info][gc,heap        ] GC(220) ParOldGen: 1973210K(2083328K)->203739K(2083328K)
[2026-05-06T01:05:11.260+0100][25.147s][info][gc,metaspace   ] GC(220) Metaspace: 19102K(19456K)->19102K(19456K) NonClass: 16872K(17088K)->16872K(17088K) Class: 2230K(2368K)->2230K(2368K)
[2026-05-06T01:05:11.260+0100][25.147s][info][gc             ] GC(220) Pause Full (System.gc()) 1927M->198M(2318M) 9.474ms
[2026-05-06T01:05:11.260+0100][25.147s][info][gc,cpu         ] GC(220) User=0.03s Sys=0.01s Real=0.01s
[2026-05-06T01:05:11.749+0100][25.636s][info][gc,start       ] GC(221) Pause Young (System.gc())
[2026-05-06T01:05:11.750+0100][25.637s][info][gc,heap        ] GC(221) PSYoungGen: 160508K(290304K)->32K(290304K) Eden: 160508K(289792K)->0K(289792K) From: 0K(512K)->32K(512K)
[2026-05-06T01:05:11.750+0100][25.637s][info][gc,heap        ] GC(221) ParOldGen: 1973211K(2083328K)->1973211K(2083328K)
[2026-05-06T01:05:11.750+0100][25.637s][info][gc,metaspace   ] GC(221) Metaspace: 19102K(19456K)->19102K(19456K) NonClass: 16872K(17088K)->16872K(17088K) Class: 2230K(2368K)->2230K(2368K)
[2026-05-06T01:05:11.750+0100][25.637s][info][gc             ] GC(221) Pause Young (System.gc()) 2083M->1926M(2318M) 1.174ms
[2026-05-06T01:05:11.750+0100][25.637s][info][gc,cpu         ] GC(221) User=0.01s Sys=0.00s Real=0.01s
[2026-05-06T01:05:11.750+0100][25.637s][info][gc,start       ] GC(222) Pause Full (System.gc())
[2026-05-06T01:05:11.750+0100][25.637s][info][gc,phases,start] GC(222) Marking Phase
[2026-05-06T01:05:11.756+0100][25.643s][info][gc,phases      ] GC(222) Marking Phase 5.656ms
[2026-05-06T01:05:11.756+0100][25.643s][info][gc,phases,start] GC(222) Summary Phase
[2026-05-06T01:05:11.756+0100][25.643s][info][gc,phases      ] GC(222) Summary Phase 0.011ms
[2026-05-06T01:05:11.756+0100][25.643s][info][gc,phases,start] GC(222) Adjust Roots
[2026-05-06T01:05:11.758+0100][25.645s][info][gc,phases      ] GC(222) Adjust Roots 2.037ms
[2026-05-06T01:05:11.758+0100][25.645s][info][gc,phases,start] GC(222) Compaction Phase
[2026-05-06T01:05:11.760+0100][25.647s][info][gc,phases      ] GC(222) Compaction Phase 2.288ms
[2026-05-06T01:05:11.760+0100][25.647s][info][gc,phases,start] GC(222) Post Compact
[2026-05-06T01:05:11.761+0100][25.648s][info][gc,phases      ] GC(222) Post Compact 0.629ms
[2026-05-06T01:05:11.761+0100][25.648s][info][gc,heap        ] GC(222) PSYoungGen: 32K(290304K)->0K(290304K) Eden: 0K(289792K)->0K(289792K) From: 32K(512K)->0K(512K)
[2026-05-06T01:05:11.761+0100][25.648s][info][gc,heap        ] GC(222) ParOldGen: 1973211K(2083328K)->203739K(2083328K)
[2026-05-06T01:05:11.761+0100][25.648s][info][gc,metaspace   ] GC(222) Metaspace: 19102K(19456K)->19102K(19456K) NonClass: 16872K(17088K)->16872K(17088K) Class: 2230K(2368K)->2230K(2368K)
[2026-05-06T01:05:11.761+0100][25.648s][info][gc             ] GC(222) Pause Full (System.gc()) 1926M->198M(2318M) 10.757ms
[2026-05-06T01:05:11.761+0100][25.648s][info][gc,cpu         ] GC(222) User=0.02s Sys=0.01s Real=0.01s
[2026-05-06T01:05:13.012+0100][26.899s][info][gc,heap,exit   ] Heap
[2026-05-06T01:05:13.012+0100][26.899s][info][gc,heap,exit   ]  PSYoungGen      total 290304K, used 268538K [0x00000003ab300000, 0x0000000400800000, 0x0000000400800000)
[2026-05-06T01:05:13.012+0100][26.899s][info][gc,heap,exit   ]   eden space 289792K, 92% used [0x00000003ab300000,0x00000003bb93e940,0x00000003bce00000)
[2026-05-06T01:05:13.012+0100][26.899s][info][gc,heap,exit   ]   from space 512K, 0% used [0x0000000400700000,0x0000000400700000,0x0000000400780000)
[2026-05-06T01:05:13.012+0100][26.899s][info][gc,heap,exit   ]   to   space 512K, 0% used [0x0000000400780000,0x0000000400780000,0x0000000400800000)
[2026-05-06T01:05:13.012+0100][26.899s][info][gc,heap,exit   ]  ParOldGen       total 2083328K, used 1530843K [0x0000000300800000, 0x000000037fa80000, 0x00000003ab300000)
[2026-05-06T01:05:13.012+0100][26.899s][info][gc,heap,exit   ]   object space 2083328K, 73% used [0x0000000300800000,0x000000035def6f08,0x000000037fa80000)
[2026-05-06T01:05:13.012+0100][26.899s][info][gc,heap,exit   ]  Metaspace       used 23822K, committed 24192K, reserved 1114112K
[2026-05-06T01:05:13.012+0100][26.899s][info][gc,heap,exit   ]   class space    used 2692K, committed 2880K, reserved 1048576K
