[2026-05-06T01:33:31.238+0100][0.005s][info][gc,init] CardTable entry size: 512
[2026-05-06T01:33:31.238+0100][0.005s][info][gc     ] Using Parallel
[2026-05-06T01:33:31.238+0100][0.005s][info][gc,init] Version: 21.0.6+7-LTS (release)
[2026-05-06T01:33:31.238+0100][0.005s][info][gc,init] CPUs: 11 total, 11 available
[2026-05-06T01:33:31.238+0100][0.005s][info][gc,init] Memory: 18432M
[2026-05-06T01:33:31.238+0100][0.005s][info][gc,init] Large Page Support: Disabled
[2026-05-06T01:33:31.238+0100][0.005s][info][gc,init] NUMA Support: Disabled
[2026-05-06T01:33:31.238+0100][0.005s][info][gc,init] Compressed Oops: Enabled (Zero based)
[2026-05-06T01:33:31.238+0100][0.005s][info][gc,init] Alignments: Space 512K, Generation 512K, Heap 8M
[2026-05-06T01:33:31.238+0100][0.005s][info][gc,init] Heap Min Capacity: 8M
[2026-05-06T01:33:31.238+0100][0.005s][info][gc,init] Heap Initial Capacity: 288M
[2026-05-06T01:33:31.238+0100][0.005s][info][gc,init] Heap Max Capacity: 4G
[2026-05-06T01:33:31.238+0100][0.005s][info][gc,init] Pre-touch: Disabled
[2026-05-06T01:33:31.238+0100][0.005s][info][gc,init] Parallel Workers: 9
[2026-05-06T01:33:31.242+0100][0.009s][info][gc,metaspace] CDS archive(s) mapped at: [0x0000009000000000-0x0000009000c90000-0x0000009000c90000), size 13172736, SharedBaseAddress: 0x0000009000000000, ArchiveRelocationMode: 1.
[2026-05-06T01:33:31.242+0100][0.009s][info][gc,metaspace] Compressed class space mapped at: 0x0000009001000000-0x0000009041000000, reserved size: 1073741824
[2026-05-06T01:33:31.242+0100][0.009s][info][gc,metaspace] Narrow klass base: 0x0000009000000000, Narrow klass shift: 0, Narrow klass range: 0x100000000
[2026-05-06T01:33:31.838+0100][0.605s][info][gc,start    ] GC(0) Pause Young (Allocation Failure)
[2026-05-06T01:33:31.841+0100][0.608s][info][gc,heap     ] GC(0) PSYoungGen: 73728K(86016K)->6154K(86016K) Eden: 73728K(73728K)->0K(73728K) From: 0K(12288K)->6154K(12288K)
[2026-05-06T01:33:31.841+0100][0.608s][info][gc,heap     ] GC(0) ParOldGen: 1055K(196608K)->1063K(196608K)
[2026-05-06T01:33:31.841+0100][0.608s][info][gc,metaspace] GC(0) Metaspace: 12527K(12672K)->12527K(12672K) NonClass: 10999K(11072K)->10999K(11072K) Class: 1528K(1600K)->1528K(1600K)
[2026-05-06T01:33:31.841+0100][0.608s][info][gc          ] GC(0) Pause Young (Allocation Failure) 73M->7M(276M) 2.847ms
[2026-05-06T01:33:31.841+0100][0.608s][info][gc,cpu      ] GC(0) User=0.01s Sys=0.00s Real=0.01s
[2026-05-06T01:33:32.083+0100][0.850s][info][gc,start    ] GC(1) Pause Young (Allocation Failure)
[2026-05-06T01:33:32.087+0100][0.854s][info][gc,heap     ] GC(1) PSYoungGen: 79882K(86016K)->10405K(86016K) Eden: 73728K(73728K)->0K(73728K) From: 6154K(12288K)->10405K(12288K)
[2026-05-06T01:33:32.087+0100][0.854s][info][gc,heap     ] GC(1) ParOldGen: 1063K(196608K)->27396K(196608K)
[2026-05-06T01:33:32.087+0100][0.854s][info][gc,metaspace] GC(1) Metaspace: 17796K(18240K)->17796K(18240K) NonClass: 15693K(15936K)->15693K(15936K) Class: 2102K(2304K)->2102K(2304K)
[2026-05-06T01:33:32.087+0100][0.854s][info][gc          ] GC(1) Pause Young (Allocation Failure) 79M->36M(276M) 4.321ms
[2026-05-06T01:33:32.087+0100][0.854s][info][gc,cpu      ] GC(1) User=0.01s Sys=0.01s Real=0.00s
[2026-05-06T01:33:32.126+0100][0.893s][info][gc,start    ] GC(2) Pause Young (Allocation Failure)
[2026-05-06T01:33:32.131+0100][0.898s][info][gc,heap     ] GC(2) PSYoungGen: 84133K(86016K)->10422K(86016K) Eden: 73728K(73728K)->0K(73728K) From: 10405K(12288K)->10422K(12288K)
[2026-05-06T01:33:32.131+0100][0.898s][info][gc,heap     ] GC(2) ParOldGen: 27396K(196608K)->110349K(196608K)
[2026-05-06T01:33:32.131+0100][0.898s][info][gc,metaspace] GC(2) Metaspace: 17800K(18240K)->17800K(18240K) NonClass: 15697K(15936K)->15697K(15936K) Class: 2102K(2304K)->2102K(2304K)
[2026-05-06T01:33:32.131+0100][0.898s][info][gc          ] GC(2) Pause Young (Allocation Failure) 108M->117M(276M) 5.182ms
[2026-05-06T01:33:32.131+0100][0.898s][info][gc,cpu      ] GC(2) User=0.01s Sys=0.01s Real=0.01s
[2026-05-06T01:33:32.182+0100][0.949s][info][gc,start    ] GC(3) Pause Young (Allocation Failure)
[2026-05-06T01:33:32.187+0100][0.954s][info][gc,heap     ] GC(3) PSYoungGen: 84150K(86016K)->10428K(159744K) Eden: 73728K(73728K)->0K(147456K) From: 10422K(12288K)->10428K(12288K)
[2026-05-06T01:33:32.187+0100][0.954s][info][gc,heap     ] GC(3) ParOldGen: 110349K(196608K)->147221K(196608K)
[2026-05-06T01:33:32.187+0100][0.954s][info][gc,metaspace] GC(3) Metaspace: 17801K(18240K)->17801K(18240K) NonClass: 15698K(15936K)->15698K(15936K) Class: 2102K(2304K)->2102K(2304K)
[2026-05-06T01:33:32.187+0100][0.954s][info][gc          ] GC(3) Pause Young (Allocation Failure) 189M->153M(348M) 4.429ms
[2026-05-06T01:33:32.187+0100][0.954s][info][gc,cpu      ] GC(3) User=0.01s Sys=0.00s Real=0.00s
[2026-05-06T01:33:32.289+0100][1.056s][info][gc,start    ] GC(4) Pause Young (Allocation Failure)
[2026-05-06T01:33:32.292+0100][1.059s][info][gc,heap     ] GC(4) PSYoungGen: 157884K(159744K)->10528K(159744K) Eden: 147456K(147456K)->0K(147456K) From: 10428K(12288K)->10528K(12288K)
[2026-05-06T01:33:32.292+0100][1.059s][info][gc,heap     ] GC(4) ParOldGen: 147221K(196608K)->147229K(196608K)
[2026-05-06T01:33:32.292+0100][1.059s][info][gc,metaspace] GC(4) Metaspace: 17801K(18240K)->17801K(18240K) NonClass: 15698K(15936K)->15698K(15936K) Class: 2102K(2304K)->2102K(2304K)
[2026-05-06T01:33:32.292+0100][1.059s][info][gc          ] GC(4) Pause Young (Allocation Failure) 297M->154M(348M) 2.755ms
[2026-05-06T01:33:32.292+0100][1.059s][info][gc,cpu      ] GC(4) User=0.01s Sys=0.00s Real=0.01s
[2026-05-06T01:33:32.503+0100][1.270s][info][gc,start    ] GC(5) Pause Young (Allocation Failure)
[2026-05-06T01:33:32.507+0100][1.274s][info][gc,heap     ] GC(5) PSYoungGen: 157984K(159744K)->10567K(308224K) Eden: 147456K(147456K)->0K(294912K) From: 10528K(12288K)->10567K(13312K)
[2026-05-06T01:33:32.507+0100][1.274s][info][gc,heap     ] GC(5) ParOldGen: 257821K(307712K)->257829K(307712K)
[2026-05-06T01:33:32.507+0100][1.274s][info][gc,metaspace] GC(5) Metaspace: 17801K(18240K)->17801K(18240K) NonClass: 15698K(15936K)->15698K(15936K) Class: 2102K(2304K)->2102K(2304K)
[2026-05-06T01:33:32.507+0100][1.274s][info][gc          ] GC(5) Pause Young (Allocation Failure) 406M->262M(601M) 3.619ms
[2026-05-06T01:33:32.507+0100][1.274s][info][gc,cpu      ] GC(5) User=0.01s Sys=0.00s Real=0.00s
[2026-05-06T01:33:32.713+0100][1.480s][info][gc,start    ] GC(6) Pause Young (Allocation Failure)
[2026-05-06T01:33:32.726+0100][1.493s][info][gc,heap     ] GC(6) PSYoungGen: 305479K(308224K)->160K(308224K) Eden: 294912K(294912K)->0K(294912K) From: 10567K(13312K)->160K(13312K)
[2026-05-06T01:33:32.726+0100][1.493s][info][gc,heap     ] GC(6) ParOldGen: 257829K(307712K)->415665K(455680K)
[2026-05-06T01:33:32.726+0100][1.493s][info][gc,metaspace] GC(6) Metaspace: 17801K(18240K)->17801K(18240K) NonClass: 15698K(15936K)->15698K(15936K) Class: 2102K(2304K)->2102K(2304K)
[2026-05-06T01:33:32.726+0100][1.493s][info][gc          ] GC(6) Pause Young (Allocation Failure) 550M->406M(746M) 12.233ms
[2026-05-06T01:33:32.726+0100][1.493s][info][gc,cpu      ] GC(6) User=0.04s Sys=0.02s Real=0.01s
[2026-05-06T01:33:33.060+0100][1.827s][info][gc,start    ] GC(7) Pause Young (Allocation Failure)
[2026-05-06T01:33:33.060+0100][1.827s][info][gc,heap     ] GC(7) PSYoungGen: 295072K(308224K)->128K(603648K) Eden: 294912K(294912K)->0K(588800K) From: 160K(13312K)->128K(14848K)
[2026-05-06T01:33:33.060+0100][1.827s][info][gc,heap     ] GC(7) ParOldGen: 415665K(455680K)->415681K(455680K)
[2026-05-06T01:33:33.060+0100][1.827s][info][gc,metaspace] GC(7) Metaspace: 17801K(18240K)->17801K(18240K) NonClass: 15698K(15936K)->15698K(15936K) Class: 2102K(2304K)->2102K(2304K)
[2026-05-06T01:33:33.060+0100][1.827s][info][gc          ] GC(7) Pause Young (Allocation Failure) 694M->406M(1034M) 0.306ms
[2026-05-06T01:33:33.060+0100][1.827s][info][gc,cpu      ] GC(7) User=0.00s Sys=0.00s Real=0.00s
[2026-05-06T01:33:33.648+0100][2.415s][info][gc,start    ] GC(8) Pause Young (System.gc())
[2026-05-06T01:33:33.648+0100][2.415s][info][gc,heap     ] GC(8) PSYoungGen: 481511K(603648K)->288K(604672K) Eden: 481383K(588800K)->0K(588800K) From: 128K(14848K)->288K(15872K)
[2026-05-06T01:33:33.648+0100][2.415s][info][gc,heap     ] GC(8) ParOldGen: 415681K(455680K)->415713K(455680K)
[2026-05-06T01:33:33.648+0100][2.415s][info][gc,metaspace] GC(8) Metaspace: 18273K(18560K)->18273K(18560K) NonClass: 16106K(16256K)->16106K(16256K) Class: 2167K(2304K)->2167K(2304K)
[2026-05-06T01:33:33.648+0100][2.415s][info][gc          ] GC(8) Pause Young (System.gc()) 876M->406M(1035M) 0.526ms
[2026-05-06T01:33:33.648+0100][2.415s][info][gc,cpu      ] GC(8) User=0.01s Sys=0.00s Real=0.00s
[2026-05-06T01:33:33.648+0100][2.415s][info][gc,start    ] GC(9) Pause Full (System.gc())
[2026-05-06T01:33:33.648+0100][2.415s][info][gc,phases,start] GC(9) Marking Phase
[2026-05-06T01:33:33.653+0100][2.420s][info][gc,phases      ] GC(9) Marking Phase 5.144ms
[2026-05-06T01:33:33.653+0100][2.420s][info][gc,phases,start] GC(9) Summary Phase
[2026-05-06T01:33:33.653+0100][2.420s][info][gc,phases      ] GC(9) Summary Phase 0.008ms
[2026-05-06T01:33:33.653+0100][2.420s][info][gc,phases,start] GC(9) Adjust Roots
[2026-05-06T01:33:33.655+0100][2.423s][info][gc,phases      ] GC(9) Adjust Roots 2.224ms
[2026-05-06T01:33:33.655+0100][2.423s][info][gc,phases,start] GC(9) Compaction Phase
[2026-05-06T01:33:33.662+0100][2.429s][info][gc,phases      ] GC(9) Compaction Phase 6.766ms
[2026-05-06T01:33:33.662+0100][2.429s][info][gc,phases,start] GC(9) Post Compact
[2026-05-06T01:33:33.663+0100][2.430s][info][gc,phases      ] GC(9) Post Compact 0.580ms
[2026-05-06T01:33:33.663+0100][2.430s][info][gc,heap        ] GC(9) PSYoungGen: 288K(604672K)->0K(604672K) Eden: 0K(588800K)->0K(588800K) From: 288K(15872K)->0K(15872K)
[2026-05-06T01:33:33.663+0100][2.430s][info][gc,heap        ] GC(9) ParOldGen: 415713K(455680K)->203659K(455680K)
[2026-05-06T01:33:33.663+0100][2.430s][info][gc,metaspace   ] GC(9) Metaspace: 18273K(18560K)->18273K(18560K) NonClass: 16106K(16256K)->16106K(16256K) Class: 2167K(2304K)->2167K(2304K)
[2026-05-06T01:33:33.663+0100][2.430s][info][gc             ] GC(9) Pause Full (System.gc()) 406M->198M(1035M) 14.845ms
[2026-05-06T01:33:33.663+0100][2.430s][info][gc,cpu         ] GC(9) User=0.07s Sys=0.01s Real=0.02s
[2026-05-06T01:33:33.693+0100][2.460s][info][gc,start       ] GC(10) Pause Young (System.gc())
[2026-05-06T01:33:33.693+0100][2.460s][info][gc,heap        ] GC(10) PSYoungGen: 31880K(604672K)->288K(606208K) Eden: 31880K(588800K)->0K(589824K) From: 0K(15872K)->288K(16384K)
[2026-05-06T01:33:33.693+0100][2.460s][info][gc,heap        ] GC(10) ParOldGen: 203659K(455680K)->203659K(455680K)
[2026-05-06T01:33:33.693+0100][2.460s][info][gc,metaspace   ] GC(10) Metaspace: 18577K(18944K)->18577K(18944K) NonClass: 16363K(16576K)->16363K(16576K) Class: 2214K(2368K)->2214K(2368K)
[2026-05-06T01:33:33.693+0100][2.460s][info][gc             ] GC(10) Pause Young (System.gc()) 230M->199M(1037M) 0.300ms
[2026-05-06T01:33:33.693+0100][2.460s][info][gc,cpu         ] GC(10) User=0.00s Sys=0.00s Real=0.00s
[2026-05-06T01:33:33.693+0100][2.460s][info][gc,start       ] GC(11) Pause Full (System.gc())
[2026-05-06T01:33:33.693+0100][2.460s][info][gc,phases,start] GC(11) Marking Phase
[2026-05-06T01:33:33.698+0100][2.465s][info][gc,phases      ] GC(11) Marking Phase 5.198ms
[2026-05-06T01:33:33.698+0100][2.465s][info][gc,phases,start] GC(11) Summary Phase
[2026-05-06T01:33:33.698+0100][2.465s][info][gc,phases      ] GC(11) Summary Phase 0.007ms
[2026-05-06T01:33:33.698+0100][2.466s][info][gc,phases,start] GC(11) Adjust Roots
[2026-05-06T01:33:33.700+0100][2.467s][info][gc,phases      ] GC(11) Adjust Roots 1.678ms
[2026-05-06T01:33:33.700+0100][2.467s][info][gc,phases,start] GC(11) Compaction Phase
[2026-05-06T01:33:33.705+0100][2.472s][info][gc,phases      ] GC(11) Compaction Phase 4.948ms
[2026-05-06T01:33:33.705+0100][2.472s][info][gc,phases,start] GC(11) Post Compact
[2026-05-06T01:33:33.705+0100][2.472s][info][gc,phases      ] GC(11) Post Compact 0.094ms
[2026-05-06T01:33:33.705+0100][2.472s][info][gc,heap        ] GC(11) PSYoungGen: 288K(606208K)->0K(606208K) Eden: 0K(589824K)->0K(589824K) From: 288K(16384K)->0K(16384K)
[2026-05-06T01:33:33.705+0100][2.472s][info][gc,heap        ] GC(11) ParOldGen: 203659K(455680K)->203705K(455680K)
[2026-05-06T01:33:33.705+0100][2.472s][info][gc,metaspace   ] GC(11) Metaspace: 18577K(18944K)->18577K(18944K) NonClass: 16363K(16576K)->16363K(16576K) Class: 2214K(2368K)->2214K(2368K)
[2026-05-06T01:33:33.705+0100][2.472s][info][gc             ] GC(11) Pause Full (System.gc()) 199M->198M(1037M) 12.029ms
[2026-05-06T01:33:33.705+0100][2.472s][info][gc,cpu         ] GC(11) User=0.07s Sys=0.01s Real=0.01s
[2026-05-06T01:33:33.727+0100][2.494s][info][gc,start       ] GC(12) Pause Young (System.gc())
[2026-05-06T01:33:33.727+0100][2.494s][info][gc,heap        ] GC(12) PSYoungGen: 32410K(606208K)->256K(606208K) Eden: 32410K(589824K)->0K(589824K) From: 0K(16384K)->256K(16384K)
[2026-05-06T01:33:33.727+0100][2.495s][info][gc,heap        ] GC(12) ParOldGen: 203705K(455680K)->203705K(455680K)
[2026-05-06T01:33:33.727+0100][2.495s][info][gc,metaspace   ] GC(12) Metaspace: 18674K(19008K)->18674K(19008K) NonClass: 16446K(16640K)->16446K(16640K) Class: 2227K(2368K)->2227K(2368K)
[2026-05-06T01:33:33.728+0100][2.495s][info][gc             ] GC(12) Pause Young (System.gc()) 230M->199M(1037M) 0.465ms
[2026-05-06T01:33:33.728+0100][2.495s][info][gc,cpu         ] GC(12) User=0.01s Sys=0.01s Real=0.00s
[2026-05-06T01:33:33.728+0100][2.495s][info][gc,start       ] GC(13) Pause Full (System.gc())
[2026-05-06T01:33:33.728+0100][2.495s][info][gc,phases,start] GC(13) Marking Phase
[2026-05-06T01:33:33.732+0100][2.499s][info][gc,phases      ] GC(13) Marking Phase 4.182ms
[2026-05-06T01:33:33.732+0100][2.499s][info][gc,phases,start] GC(13) Summary Phase
[2026-05-06T01:33:33.732+0100][2.499s][info][gc,phases      ] GC(13) Summary Phase 0.007ms
[2026-05-06T01:33:33.732+0100][2.499s][info][gc,phases,start] GC(13) Adjust Roots
[2026-05-06T01:33:33.733+0100][2.500s][info][gc,phases      ] GC(13) Adjust Roots 1.473ms
[2026-05-06T01:33:33.733+0100][2.500s][info][gc,phases,start] GC(13) Compaction Phase
[2026-05-06T01:33:33.737+0100][2.504s][info][gc,phases      ] GC(13) Compaction Phase 3.809ms
[2026-05-06T01:33:33.737+0100][2.504s][info][gc,phases,start] GC(13) Post Compact
[2026-05-06T01:33:33.737+0100][2.504s][info][gc,phases      ] GC(13) Post Compact 0.073ms
[2026-05-06T01:33:33.737+0100][2.504s][info][gc,heap        ] GC(13) PSYoungGen: 256K(606208K)->0K(606208K) Eden: 0K(589824K)->0K(589824K) From: 256K(16384K)->0K(16384K)
[2026-05-06T01:33:33.737+0100][2.504s][info][gc,heap        ] GC(13) ParOldGen: 203705K(455680K)->203720K(455680K)
[2026-05-06T01:33:33.737+0100][2.504s][info][gc,metaspace   ] GC(13) Metaspace: 18674K(19008K)->18674K(19008K) NonClass: 16446K(16640K)->16446K(16640K) Class: 2227K(2368K)->2227K(2368K)
[2026-05-06T01:33:33.737+0100][2.504s][info][gc             ] GC(13) Pause Full (System.gc()) 199M->198M(1037M) 9.657ms
[2026-05-06T01:33:33.737+0100][2.504s][info][gc,cpu         ] GC(13) User=0.04s Sys=0.00s Real=0.01s
[2026-05-06T01:33:33.759+0100][2.526s][info][gc,start       ] GC(14) Pause Young (System.gc())
[2026-05-06T01:33:33.760+0100][2.527s][info][gc,heap        ] GC(14) PSYoungGen: 91404K(606208K)->192K(605184K) Eden: 91404K(589824K)->0K(589824K) From: 0K(16384K)->192K(15360K)
[2026-05-06T01:33:33.760+0100][2.527s][info][gc,heap        ] GC(14) ParOldGen: 203720K(455680K)->203720K(455680K)
[2026-05-06T01:33:33.760+0100][2.527s][info][gc,metaspace   ] GC(14) Metaspace: 18801K(19136K)->18801K(19136K) NonClass: 16561K(16768K)->16561K(16768K) Class: 2239K(2368K)->2239K(2368K)
[2026-05-06T01:33:33.760+0100][2.527s][info][gc             ] GC(14) Pause Young (System.gc()) 288M->199M(1036M) 0.345ms
[2026-05-06T01:33:33.760+0100][2.527s][info][gc,cpu         ] GC(14) User=0.01s Sys=0.00s Real=0.01s
[2026-05-06T01:33:33.760+0100][2.527s][info][gc,start       ] GC(15) Pause Full (System.gc())
[2026-05-06T01:33:33.760+0100][2.527s][info][gc,phases,start] GC(15) Marking Phase
[2026-05-06T01:33:33.764+0100][2.531s][info][gc,phases      ] GC(15) Marking Phase 4.306ms
[2026-05-06T01:33:33.764+0100][2.531s][info][gc,phases,start] GC(15) Summary Phase
[2026-05-06T01:33:33.764+0100][2.531s][info][gc,phases      ] GC(15) Summary Phase 0.018ms
[2026-05-06T01:33:33.764+0100][2.531s][info][gc,phases,start] GC(15) Adjust Roots
[2026-05-06T01:33:33.766+0100][2.533s][info][gc,phases      ] GC(15) Adjust Roots 1.525ms
[2026-05-06T01:33:33.766+0100][2.533s][info][gc,phases,start] GC(15) Compaction Phase
[2026-05-06T01:33:33.768+0100][2.535s][info][gc,phases      ] GC(15) Compaction Phase 1.961ms
[2026-05-06T01:33:33.768+0100][2.535s][info][gc,phases,start] GC(15) Post Compact
[2026-05-06T01:33:33.768+0100][2.535s][info][gc,phases      ] GC(15) Post Compact 0.057ms
[2026-05-06T01:33:33.768+0100][2.535s][info][gc,heap        ] GC(15) PSYoungGen: 192K(605184K)->0K(605184K) Eden: 0K(589824K)->0K(589824K) From: 192K(15360K)->0K(15360K)
[2026-05-06T01:33:33.768+0100][2.535s][info][gc,heap        ] GC(15) ParOldGen: 203720K(455680K)->203727K(455680K)
[2026-05-06T01:33:33.768+0100][2.535s][info][gc,metaspace   ] GC(15) Metaspace: 18801K(19136K)->18801K(19136K) NonClass: 16561K(16768K)->16561K(16768K) Class: 2239K(2368K)->2239K(2368K)
[2026-05-06T01:33:33.768+0100][2.535s][info][gc             ] GC(15) Pause Full (System.gc()) 199M->198M(1036M) 7.961ms
[2026-05-06T01:33:33.768+0100][2.535s][info][gc,cpu         ] GC(15) User=0.03s Sys=0.01s Real=0.00s
[2026-05-06T01:33:33.795+0100][2.562s][info][gc,start       ] GC(16) Pause Young (System.gc())
[2026-05-06T01:33:33.795+0100][2.562s][info][gc,heap        ] GC(16) PSYoungGen: 73706K(605184K)->64K(605696K) Eden: 73706K(589824K)->0K(589824K) From: 0K(15360K)->64K(15872K)
[2026-05-06T01:33:33.795+0100][2.562s][info][gc,heap        ] GC(16) ParOldGen: 203727K(455680K)->203727K(455680K)
[2026-05-06T01:33:33.795+0100][2.562s][info][gc,metaspace   ] GC(16) Metaspace: 18803K(19136K)->18803K(19136K) NonClass: 16563K(16768K)->16563K(16768K) Class: 2239K(2368K)->2239K(2368K)
[2026-05-06T01:33:33.795+0100][2.562s][info][gc             ] GC(16) Pause Young (System.gc()) 270M->199M(1036M) 0.236ms
[2026-05-06T01:33:33.795+0100][2.562s][info][gc,cpu         ] GC(16) User=0.00s Sys=0.00s Real=0.00s
[2026-05-06T01:33:33.795+0100][2.562s][info][gc,start       ] GC(17) Pause Full (System.gc())
[2026-05-06T01:33:33.795+0100][2.562s][info][gc,phases,start] GC(17) Marking Phase
[2026-05-06T01:33:33.800+0100][2.567s][info][gc,phases      ] GC(17) Marking Phase 4.621ms
[2026-05-06T01:33:33.800+0100][2.567s][info][gc,phases,start] GC(17) Summary Phase
[2026-05-06T01:33:33.800+0100][2.567s][info][gc,phases      ] GC(17) Summary Phase 0.007ms
[2026-05-06T01:33:33.800+0100][2.567s][info][gc,phases,start] GC(17) Adjust Roots
[2026-05-06T01:33:33.802+0100][2.569s][info][gc,phases      ] GC(17) Adjust Roots 1.616ms
[2026-05-06T01:33:33.802+0100][2.569s][info][gc,phases,start] GC(17) Compaction Phase
[2026-05-06T01:33:33.804+0100][2.571s][info][gc,phases      ] GC(17) Compaction Phase 2.164ms
[2026-05-06T01:33:33.804+0100][2.571s][info][gc,phases,start] GC(17) Post Compact
[2026-05-06T01:33:33.804+0100][2.571s][info][gc,phases      ] GC(17) Post Compact 0.070ms
[2026-05-06T01:33:33.804+0100][2.571s][info][gc,heap        ] GC(17) PSYoungGen: 64K(605696K)->0K(605696K) Eden: 0K(589824K)->0K(589824K) From: 64K(15872K)->0K(15872K)
[2026-05-06T01:33:33.804+0100][2.571s][info][gc,heap        ] GC(17) ParOldGen: 203727K(455680K)->203724K(455680K)
[2026-05-06T01:33:33.804+0100][2.571s][info][gc,metaspace   ] GC(17) Metaspace: 18803K(19136K)->18803K(19136K) NonClass: 16563K(16768K)->16563K(16768K) Class: 2239K(2368K)->2239K(2368K)
[2026-05-06T01:33:33.804+0100][2.571s][info][gc             ] GC(17) Pause Full (System.gc()) 199M->198M(1036M) 8.585ms
[2026-05-06T01:33:33.804+0100][2.571s][info][gc,cpu         ] GC(17) User=0.03s Sys=0.01s Real=0.01s
[2026-05-06T01:33:33.813+0100][2.580s][info][gc,start       ] GC(18) Pause Young (System.gc())
[2026-05-06T01:33:33.813+0100][2.580s][info][gc,heap        ] GC(18) PSYoungGen: 53515K(605696K)->256K(604672K) Eden: 53515K(589824K)->0K(589824K) From: 0K(15872K)->256K(14848K)
[2026-05-06T01:33:33.813+0100][2.580s][info][gc,heap        ] GC(18) ParOldGen: 203724K(455680K)->203732K(455680K)
[2026-05-06T01:33:33.813+0100][2.580s][info][gc,metaspace   ] GC(18) Metaspace: 18805K(19136K)->18805K(19136K) NonClass: 16565K(16768K)->16565K(16768K) Class: 2239K(2368K)->2239K(2368K)
[2026-05-06T01:33:33.813+0100][2.580s][info][gc             ] GC(18) Pause Young (System.gc()) 251M->199M(1035M) 0.313ms
[2026-05-06T01:33:33.813+0100][2.580s][info][gc,cpu         ] GC(18) User=0.00s Sys=0.00s Real=0.00s
[2026-05-06T01:33:33.813+0100][2.580s][info][gc,start       ] GC(19) Pause Full (System.gc())
[2026-05-06T01:33:33.813+0100][2.580s][info][gc,phases,start] GC(19) Marking Phase
[2026-05-06T01:33:33.818+0100][2.585s][info][gc,phases      ] GC(19) Marking Phase 4.794ms
[2026-05-06T01:33:33.818+0100][2.585s][info][gc,phases,start] GC(19) Summary Phase
[2026-05-06T01:33:33.818+0100][2.585s][info][gc,phases      ] GC(19) Summary Phase 0.008ms
[2026-05-06T01:33:33.818+0100][2.585s][info][gc,phases,start] GC(19) Adjust Roots
[2026-05-06T01:33:33.820+0100][2.587s][info][gc,phases      ] GC(19) Adjust Roots 1.723ms
[2026-05-06T01:33:33.820+0100][2.587s][info][gc,phases,start] GC(19) Compaction Phase
[2026-05-06T01:33:33.822+0100][2.589s][info][gc,phases      ] GC(19) Compaction Phase 2.286ms
[2026-05-06T01:33:33.822+0100][2.589s][info][gc,phases,start] GC(19) Post Compact
[2026-05-06T01:33:33.822+0100][2.589s][info][gc,phases      ] GC(19) Post Compact 0.066ms
[2026-05-06T01:33:33.822+0100][2.589s][info][gc,heap        ] GC(19) PSYoungGen: 256K(604672K)->0K(604672K) Eden: 0K(589824K)->0K(589824K) From: 256K(14848K)->0K(14848K)
[2026-05-06T01:33:33.822+0100][2.589s][info][gc,heap        ] GC(19) ParOldGen: 203732K(455680K)->203726K(455680K)
[2026-05-06T01:33:33.822+0100][2.589s][info][gc,metaspace   ] GC(19) Metaspace: 18805K(19136K)->18805K(19136K) NonClass: 16565K(16768K)->16565K(16768K) Class: 2239K(2368K)->2239K(2368K)
[2026-05-06T01:33:33.822+0100][2.589s][info][gc             ] GC(19) Pause Full (System.gc()) 199M->198M(1035M) 8.995ms
[2026-05-06T01:33:33.822+0100][2.589s][info][gc,cpu         ] GC(19) User=0.03s Sys=0.00s Real=0.01s
[2026-05-06T01:33:33.832+0100][2.599s][info][gc,start       ] GC(20) Pause Young (System.gc())
[2026-05-06T01:33:33.833+0100][2.600s][info][gc,heap        ] GC(20) PSYoungGen: 126280K(604672K)->128K(590336K) Eden: 126280K(589824K)->0K(589824K) From: 0K(14848K)->128K(512K)
[2026-05-06T01:33:33.833+0100][2.600s][info][gc,heap        ] GC(20) ParOldGen: 203726K(455680K)->203726K(455680K)
[2026-05-06T01:33:33.833+0100][2.600s][info][gc,metaspace   ] GC(20) Metaspace: 18809K(19136K)->18809K(19136K) NonClass: 16569K(16768K)->16569K(16768K) Class: 2239K(2368K)->2239K(2368K)
[2026-05-06T01:33:33.833+0100][2.600s][info][gc             ] GC(20) Pause Young (System.gc()) 322M->199M(1021M) 0.364ms
[2026-05-06T01:33:33.833+0100][2.600s][info][gc,cpu         ] GC(20) User=0.00s Sys=0.00s Real=0.00s
[2026-05-06T01:33:33.833+0100][2.600s][info][gc,start       ] GC(21) Pause Full (System.gc())
[2026-05-06T01:33:33.833+0100][2.600s][info][gc,phases,start] GC(21) Marking Phase
[2026-05-06T01:33:33.837+0100][2.604s][info][gc,phases      ] GC(21) Marking Phase 4.629ms
[2026-05-06T01:33:33.837+0100][2.604s][info][gc,phases,start] GC(21) Summary Phase
[2026-05-06T01:33:33.837+0100][2.604s][info][gc,phases      ] GC(21) Summary Phase 0.007ms
[2026-05-06T01:33:33.837+0100][2.604s][info][gc,phases,start] GC(21) Adjust Roots
[2026-05-06T01:33:33.839+0100][2.606s][info][gc,phases      ] GC(21) Adjust Roots 1.650ms
[2026-05-06T01:33:33.839+0100][2.606s][info][gc,phases,start] GC(21) Compaction Phase
[2026-05-06T01:33:33.841+0100][2.608s][info][gc,phases      ] GC(21) Compaction Phase 2.324ms
[2026-05-06T01:33:33.841+0100][2.608s][info][gc,phases,start] GC(21) Post Compact
[2026-05-06T01:33:33.841+0100][2.608s][info][gc,phases      ] GC(21) Post Compact 0.083ms
[2026-05-06T01:33:33.841+0100][2.608s][info][gc,heap        ] GC(21) PSYoungGen: 128K(590336K)->0K(590336K) Eden: 0K(589824K)->0K(589824K) From: 128K(512K)->0K(512K)
[2026-05-06T01:33:33.841+0100][2.608s][info][gc,heap        ] GC(21) ParOldGen: 203726K(455680K)->203727K(455680K)
[2026-05-06T01:33:33.841+0100][2.608s][info][gc,metaspace   ] GC(21) Metaspace: 18809K(19136K)->18809K(19136K) NonClass: 16569K(16768K)->16569K(16768K) Class: 2239K(2368K)->2239K(2368K)
[2026-05-06T01:33:33.841+0100][2.608s][info][gc             ] GC(21) Pause Full (System.gc()) 199M->198M(1021M) 8.816ms
[2026-05-06T01:33:33.841+0100][2.608s][info][gc,cpu         ] GC(21) User=0.02s Sys=0.00s Real=0.01s
[2026-05-06T01:33:33.851+0100][2.618s][info][gc,start       ] GC(22) Pause Young (System.gc())
[2026-05-06T01:33:33.851+0100][2.618s][info][gc,heap        ] GC(22) PSYoungGen: 98749K(590336K)->64K(603648K) Eden: 98749K(589824K)->0K(589824K) From: 0K(512K)->64K(13824K)
[2026-05-06T01:33:33.851+0100][2.618s][info][gc,heap        ] GC(22) ParOldGen: 203727K(455680K)->203727K(455680K)
[2026-05-06T01:33:33.851+0100][2.618s][info][gc,metaspace   ] GC(22) Metaspace: 18818K(19136K)->18818K(19136K) NonClass: 16578K(16768K)->16578K(16768K) Class: 2239K(2368K)->2239K(2368K)
[2026-05-06T01:33:33.851+0100][2.618s][info][gc             ] GC(22) Pause Young (System.gc()) 295M->199M(1034M) 0.316ms
[2026-05-06T01:33:33.851+0100][2.618s][info][gc,cpu         ] GC(22) User=0.00s Sys=0.00s Real=0.00s
[2026-05-06T01:33:33.851+0100][2.618s][info][gc,start       ] GC(23) Pause Full (System.gc())
[2026-05-06T01:33:33.851+0100][2.618s][info][gc,phases,start] GC(23) Marking Phase
[2026-05-06T01:33:33.856+0100][2.623s][info][gc,phases      ] GC(23) Marking Phase 4.496ms
[2026-05-06T01:33:33.856+0100][2.623s][info][gc,phases,start] GC(23) Summary Phase
[2026-05-06T01:33:33.856+0100][2.623s][info][gc,phases      ] GC(23) Summary Phase 0.007ms
[2026-05-06T01:33:33.856+0100][2.623s][info][gc,phases,start] GC(23) Adjust Roots
[2026-05-06T01:33:33.857+0100][2.624s][info][gc,phases      ] GC(23) Adjust Roots 1.703ms
[2026-05-06T01:33:33.857+0100][2.624s][info][gc,phases,start] GC(23) Compaction Phase
[2026-05-06T01:33:33.859+0100][2.627s][info][gc,phases      ] GC(23) Compaction Phase 2.225ms
[2026-05-06T01:33:33.860+0100][2.627s][info][gc,phases,start] GC(23) Post Compact
[2026-05-06T01:33:33.860+0100][2.627s][info][gc,phases      ] GC(23) Post Compact 0.070ms
[2026-05-06T01:33:33.860+0100][2.627s][info][gc,heap        ] GC(23) PSYoungGen: 64K(603648K)->0K(603648K) Eden: 0K(589824K)->0K(589824K) From: 64K(13824K)->0K(13824K)
[2026-05-06T01:33:33.860+0100][2.627s][info][gc,heap        ] GC(23) ParOldGen: 203727K(455680K)->203725K(455680K)
[2026-05-06T01:33:33.860+0100][2.627s][info][gc,metaspace   ] GC(23) Metaspace: 18818K(19136K)->18818K(19136K) NonClass: 16578K(16768K)->16578K(16768K) Class: 2239K(2368K)->2239K(2368K)
[2026-05-06T01:33:33.860+0100][2.627s][info][gc             ] GC(23) Pause Full (System.gc()) 199M->198M(1034M) 8.648ms
[2026-05-06T01:33:33.860+0100][2.627s][info][gc,cpu         ] GC(23) User=0.03s Sys=0.01s Real=0.01s
[2026-05-06T01:33:33.868+0100][2.635s][info][gc,start       ] GC(24) Pause Young (System.gc())
[2026-05-06T01:33:33.868+0100][2.635s][info][gc,heap        ] GC(24) PSYoungGen: 83012K(603648K)->224K(590336K) Eden: 83012K(589824K)->0K(589824K) From: 0K(13824K)->224K(512K)
[2026-05-06T01:33:33.868+0100][2.635s][info][gc,heap        ] GC(24) ParOldGen: 203725K(455680K)->203725K(455680K)
[2026-05-06T01:33:33.868+0100][2.636s][info][gc,metaspace   ] GC(24) Metaspace: 18840K(19136K)->18840K(19136K) NonClass: 16600K(16768K)->16600K(16768K) Class: 2239K(2368K)->2239K(2368K)
[2026-05-06T01:33:33.868+0100][2.636s][info][gc             ] GC(24) Pause Young (System.gc()) 280M->199M(1021M) 0.272ms
[2026-05-06T01:33:33.868+0100][2.636s][info][gc,cpu         ] GC(24) User=0.00s Sys=0.00s Real=0.00s
[2026-05-06T01:33:33.869+0100][2.636s][info][gc,start       ] GC(25) Pause Full (System.gc())
[2026-05-06T01:33:33.869+0100][2.636s][info][gc,phases,start] GC(25) Marking Phase
[2026-05-06T01:33:33.873+0100][2.640s][info][gc,phases      ] GC(25) Marking Phase 4.517ms
[2026-05-06T01:33:33.873+0100][2.640s][info][gc,phases,start] GC(25) Summary Phase
[2026-05-06T01:33:33.873+0100][2.640s][info][gc,phases      ] GC(25) Summary Phase 0.015ms
[2026-05-06T01:33:33.873+0100][2.640s][info][gc,phases,start] GC(25) Adjust Roots
[2026-05-06T01:33:33.875+0100][2.642s][info][gc,phases      ] GC(25) Adjust Roots 1.642ms
[2026-05-06T01:33:33.875+0100][2.642s][info][gc,phases,start] GC(25) Compaction Phase
[2026-05-06T01:33:33.877+0100][2.644s][info][gc,phases      ] GC(25) Compaction Phase 2.054ms
[2026-05-06T01:33:33.877+0100][2.644s][info][gc,phases,start] GC(25) Post Compact
[2026-05-06T01:33:33.877+0100][2.644s][info][gc,phases      ] GC(25) Post Compact 0.074ms
[2026-05-06T01:33:33.877+0100][2.644s][info][gc,heap        ] GC(25) PSYoungGen: 224K(590336K)->0K(590336K) Eden: 0K(589824K)->0K(589824K) From: 224K(512K)->0K(512K)
[2026-05-06T01:33:33.877+0100][2.644s][info][gc,heap        ] GC(25) ParOldGen: 203725K(455680K)->203727K(455680K)
[2026-05-06T01:33:33.877+0100][2.644s][info][gc,metaspace   ] GC(25) Metaspace: 18840K(19136K)->18840K(19136K) NonClass: 16600K(16768K)->16600K(16768K) Class: 2239K(2368K)->2239K(2368K)
[2026-05-06T01:33:33.877+0100][2.644s][info][gc             ] GC(25) Pause Full (System.gc()) 199M->198M(1021M) 8.400ms
[2026-05-06T01:33:33.877+0100][2.644s][info][gc,cpu         ] GC(25) User=0.02s Sys=0.01s Real=0.01s
[2026-05-06T01:33:33.885+0100][2.652s][info][gc,start       ] GC(26) Pause Young (System.gc())
[2026-05-06T01:33:33.886+0100][2.653s][info][gc,heap        ] GC(26) PSYoungGen: 228543K(590336K)->160K(602624K) Eden: 228543K(589824K)->0K(589824K) From: 0K(512K)->160K(12800K)
[2026-05-06T01:33:33.886+0100][2.653s][info][gc,heap        ] GC(26) ParOldGen: 203727K(455680K)->203727K(455680K)
[2026-05-06T01:33:33.886+0100][2.653s][info][gc,metaspace   ] GC(26) Metaspace: 18863K(19200K)->18863K(19200K) NonClass: 16623K(16832K)->16623K(16832K) Class: 2239K(2368K)->2239K(2368K)
[2026-05-06T01:33:33.886+0100][2.653s][info][gc             ] GC(26) Pause Young (System.gc()) 422M->199M(1033M) 0.317ms
[2026-05-06T01:33:33.886+0100][2.653s][info][gc,cpu         ] GC(26) User=0.00s Sys=0.00s Real=0.00s
[2026-05-06T01:33:33.886+0100][2.653s][info][gc,start       ] GC(27) Pause Full (System.gc())
[2026-05-06T01:33:33.886+0100][2.653s][info][gc,phases,start] GC(27) Marking Phase
[2026-05-06T01:33:33.890+0100][2.657s][info][gc,phases      ] GC(27) Marking Phase 4.368ms
[2026-05-06T01:33:33.890+0100][2.657s][info][gc,phases,start] GC(27) Summary Phase
[2026-05-06T01:33:33.890+0100][2.657s][info][gc,phases      ] GC(27) Summary Phase 0.006ms
[2026-05-06T01:33:33.890+0100][2.657s][info][gc,phases,start] GC(27) Adjust Roots
[2026-05-06T01:33:33.892+0100][2.659s][info][gc,phases      ] GC(27) Adjust Roots 1.676ms
[2026-05-06T01:33:33.892+0100][2.659s][info][gc,phases,start] GC(27) Compaction Phase
[2026-05-06T01:33:33.894+0100][2.661s][info][gc,phases      ] GC(27) Compaction Phase 2.138ms
[2026-05-06T01:33:33.894+0100][2.661s][info][gc,phases,start] GC(27) Post Compact
[2026-05-06T01:33:33.894+0100][2.661s][info][gc,phases      ] GC(27) Post Compact 0.067ms
[2026-05-06T01:33:33.894+0100][2.661s][info][gc,heap        ] GC(27) PSYoungGen: 160K(602624K)->0K(602624K) Eden: 0K(589824K)->0K(589824K) From: 160K(12800K)->0K(12800K)
[2026-05-06T01:33:33.894+0100][2.661s][info][gc,heap        ] GC(27) ParOldGen: 203727K(455680K)->203727K(455680K)
[2026-05-06T01:33:33.894+0100][2.661s][info][gc,metaspace   ] GC(27) Metaspace: 18863K(19200K)->18863K(19200K) NonClass: 16623K(16832K)->16623K(16832K) Class: 2239K(2368K)->2239K(2368K)
[2026-05-06T01:33:33.894+0100][2.661s][info][gc             ] GC(27) Pause Full (System.gc()) 199M->198M(1033M) 8.369ms
[2026-05-06T01:33:33.894+0100][2.661s][info][gc,cpu         ] GC(27) User=0.01s Sys=0.00s Real=0.01s
[2026-05-06T01:33:33.903+0100][2.670s][info][gc,start       ] GC(28) Pause Young (System.gc())
[2026-05-06T01:33:33.904+0100][2.671s][info][gc,heap        ] GC(28) PSYoungGen: 252124K(602624K)->32K(590336K) Eden: 252124K(589824K)->0K(589824K) From: 0K(12800K)->32K(512K)
[2026-05-06T01:33:33.904+0100][2.671s][info][gc,heap        ] GC(28) ParOldGen: 203727K(455680K)->203727K(455680K)
[2026-05-06T01:33:33.904+0100][2.671s][info][gc,metaspace   ] GC(28) Metaspace: 18889K(19200K)->18889K(19200K) NonClass: 16649K(16832K)->16649K(16832K) Class: 2239K(2368K)->2239K(2368K)
[2026-05-06T01:33:33.904+0100][2.671s][info][gc             ] GC(28) Pause Young (System.gc()) 445M->198M(1021M) 0.297ms
[2026-05-06T01:33:33.904+0100][2.671s][info][gc,cpu         ] GC(28) User=0.00s Sys=0.00s Real=0.00s
[2026-05-06T01:33:33.904+0100][2.671s][info][gc,start       ] GC(29) Pause Full (System.gc())
[2026-05-06T01:33:33.904+0100][2.671s][info][gc,phases,start] GC(29) Marking Phase
[2026-05-06T01:33:33.908+0100][2.675s][info][gc,phases      ] GC(29) Marking Phase 4.742ms
[2026-05-06T01:33:33.908+0100][2.675s][info][gc,phases,start] GC(29) Summary Phase
[2026-05-06T01:33:33.908+0100][2.675s][info][gc,phases      ] GC(29) Summary Phase 0.007ms
[2026-05-06T01:33:33.908+0100][2.675s][info][gc,phases,start] GC(29) Adjust Roots
[2026-05-06T01:33:33.910+0100][2.677s][info][gc,phases      ] GC(29) Adjust Roots 1.672ms
[2026-05-06T01:33:33.910+0100][2.677s][info][gc,phases,start] GC(29) Compaction Phase
[2026-05-06T01:33:33.912+0100][2.679s][info][gc,phases      ] GC(29) Compaction Phase 2.095ms
[2026-05-06T01:33:33.912+0100][2.679s][info][gc,phases,start] GC(29) Post Compact
[2026-05-06T01:33:33.912+0100][2.679s][info][gc,phases      ] GC(29) Post Compact 0.073ms
[2026-05-06T01:33:33.912+0100][2.679s][info][gc,heap        ] GC(29) PSYoungGen: 32K(590336K)->0K(590336K) Eden: 0K(589824K)->0K(589824K) From: 32K(512K)->0K(512K)
[2026-05-06T01:33:33.912+0100][2.679s][info][gc,heap        ] GC(29) ParOldGen: 203727K(455680K)->203725K(455680K)
[2026-05-06T01:33:33.912+0100][2.679s][info][gc,metaspace   ] GC(29) Metaspace: 18889K(19200K)->18889K(19200K) NonClass: 16649K(16832K)->16649K(16832K) Class: 2239K(2368K)->2239K(2368K)
[2026-05-06T01:33:33.912+0100][2.679s][info][gc             ] GC(29) Pause Full (System.gc()) 198M->198M(1021M) 8.699ms
[2026-05-06T01:33:33.912+0100][2.679s][info][gc,cpu         ] GC(29) User=0.02s Sys=0.00s Real=0.01s
[2026-05-06T01:33:33.923+0100][2.690s][info][gc,start       ] GC(30) Pause Young (System.gc())
[2026-05-06T01:33:33.923+0100][2.690s][info][gc,heap        ] GC(30) PSYoungGen: 165125K(590336K)->224K(601600K) Eden: 165125K(589824K)->0K(589824K) From: 0K(512K)->224K(11776K)
[2026-05-06T01:33:33.923+0100][2.690s][info][gc,heap        ] GC(30) ParOldGen: 203725K(455680K)->203725K(455680K)
[2026-05-06T01:33:33.923+0100][2.690s][info][gc,metaspace   ] GC(30) Metaspace: 18903K(19200K)->18903K(19200K) NonClass: 16663K(16832K)->16663K(16832K) Class: 2239K(2368K)->2239K(2368K)
[2026-05-06T01:33:33.923+0100][2.690s][info][gc             ] GC(30) Pause Young (System.gc()) 360M->199M(1032M) 0.405ms
[2026-05-06T01:33:33.923+0100][2.690s][info][gc,cpu         ] GC(30) User=0.00s Sys=0.00s Real=0.00s
[2026-05-06T01:33:33.923+0100][2.691s][info][gc,start       ] GC(31) Pause Full (System.gc())
[2026-05-06T01:33:33.923+0100][2.691s][info][gc,phases,start] GC(31) Marking Phase
[2026-05-06T01:33:33.928+0100][2.695s][info][gc,phases      ] GC(31) Marking Phase 4.430ms
[2026-05-06T01:33:33.928+0100][2.695s][info][gc,phases,start] GC(31) Summary Phase
[2026-05-06T01:33:33.928+0100][2.695s][info][gc,phases      ] GC(31) Summary Phase 0.007ms
[2026-05-06T01:33:33.928+0100][2.695s][info][gc,phases,start] GC(31) Adjust Roots
[2026-05-06T01:33:33.930+0100][2.697s][info][gc,phases      ] GC(31) Adjust Roots 1.664ms
[2026-05-06T01:33:33.930+0100][2.697s][info][gc,phases,start] GC(31) Compaction Phase
[2026-05-06T01:33:33.932+0100][2.699s][info][gc,phases      ] GC(31) Compaction Phase 2.003ms
[2026-05-06T01:33:33.932+0100][2.699s][info][gc,phases,start] GC(31) Post Compact
[2026-05-06T01:33:33.932+0100][2.699s][info][gc,phases      ] GC(31) Post Compact 0.075ms
[2026-05-06T01:33:33.932+0100][2.699s][info][gc,heap        ] GC(31) PSYoungGen: 224K(601600K)->0K(601600K) Eden: 0K(589824K)->0K(589824K) From: 224K(11776K)->0K(11776K)
[2026-05-06T01:33:33.932+0100][2.699s][info][gc,heap        ] GC(31) ParOldGen: 203725K(455680K)->203729K(455680K)
[2026-05-06T01:33:33.932+0100][2.699s][info][gc,metaspace   ] GC(31) Metaspace: 18903K(19200K)->18903K(19200K) NonClass: 16663K(16832K)->16663K(16832K) Class: 2239K(2368K)->2239K(2368K)
[2026-05-06T01:33:33.932+0100][2.699s][info][gc             ] GC(31) Pause Full (System.gc()) 199M->198M(1032M) 8.307ms
[2026-05-06T01:33:33.932+0100][2.699s][info][gc,cpu         ] GC(31) User=0.03s Sys=0.00s Real=0.01s
[2026-05-06T01:33:33.942+0100][2.709s][info][gc,start       ] GC(32) Pause Young (System.gc())
[2026-05-06T01:33:33.942+0100][2.709s][info][gc,heap        ] GC(32) PSYoungGen: 444864K(601600K)->224K(590336K) Eden: 444864K(589824K)->0K(589824K) From: 0K(11776K)->224K(512K)
[2026-05-06T01:33:33.942+0100][2.709s][info][gc,heap        ] GC(32) ParOldGen: 203729K(455680K)->203729K(455680K)
[2026-05-06T01:33:33.942+0100][2.709s][info][gc,metaspace   ] GC(32) Metaspace: 18930K(19264K)->18930K(19264K) NonClass: 16690K(16896K)->16690K(16896K) Class: 2239K(2368K)->2239K(2368K)
[2026-05-06T01:33:33.942+0100][2.709s][info][gc             ] GC(32) Pause Young (System.gc()) 633M->199M(1021M) 0.305ms
[2026-05-06T01:33:33.942+0100][2.709s][info][gc,cpu         ] GC(32) User=0.00s Sys=0.00s Real=0.00s
[2026-05-06T01:33:33.942+0100][2.709s][info][gc,start       ] GC(33) Pause Full (System.gc())
[2026-05-06T01:33:33.942+0100][2.709s][info][gc,phases,start] GC(33) Marking Phase
[2026-05-06T01:33:33.947+0100][2.714s][info][gc,phases      ] GC(33) Marking Phase 4.983ms
[2026-05-06T01:33:33.947+0100][2.714s][info][gc,phases,start] GC(33) Summary Phase
[2026-05-06T01:33:33.947+0100][2.714s][info][gc,phases      ] GC(33) Summary Phase 0.010ms
[2026-05-06T01:33:33.947+0100][2.714s][info][gc,phases,start] GC(33) Adjust Roots
[2026-05-06T01:33:33.949+0100][2.716s][info][gc,phases      ] GC(33) Adjust Roots 1.776ms
[2026-05-06T01:33:33.949+0100][2.716s][info][gc,phases,start] GC(33) Compaction Phase
[2026-05-06T01:33:33.951+0100][2.718s][info][gc,phases      ] GC(33) Compaction Phase 2.179ms
[2026-05-06T01:33:33.951+0100][2.718s][info][gc,phases,start] GC(33) Post Compact
[2026-05-06T01:33:33.951+0100][2.718s][info][gc,phases      ] GC(33) Post Compact 0.066ms
[2026-05-06T01:33:33.951+0100][2.718s][info][gc,heap        ] GC(33) PSYoungGen: 224K(590336K)->0K(590336K) Eden: 0K(589824K)->0K(589824K) From: 224K(512K)->0K(512K)
[2026-05-06T01:33:33.951+0100][2.718s][info][gc,heap        ] GC(33) ParOldGen: 203729K(455680K)->203730K(455680K)
[2026-05-06T01:33:33.951+0100][2.718s][info][gc,metaspace   ] GC(33) Metaspace: 18930K(19264K)->18930K(19264K) NonClass: 16690K(16896K)->16690K(16896K) Class: 2239K(2368K)->2239K(2368K)
[2026-05-06T01:33:33.951+0100][2.718s][info][gc             ] GC(33) Pause Full (System.gc()) 199M->198M(1021M) 9.133ms
[2026-05-06T01:33:33.951+0100][2.718s][info][gc,cpu         ] GC(33) User=0.03s Sys=0.00s Real=0.01s
[2026-05-06T01:33:33.961+0100][2.728s][info][gc,start       ] GC(34) Pause Young (System.gc())
[2026-05-06T01:33:33.961+0100][2.728s][info][gc,heap        ] GC(34) PSYoungGen: 259510K(590336K)->1060K(600064K) Eden: 259510K(589824K)->0K(589824K) From: 0K(512K)->1060K(10240K)
[2026-05-06T01:33:33.961+0100][2.728s][info][gc,heap        ] GC(34) ParOldGen: 203730K(455680K)->203730K(455680K)
[2026-05-06T01:33:33.961+0100][2.728s][info][gc,metaspace   ] GC(34) Metaspace: 18948K(19264K)->18948K(19264K) NonClass: 16708K(16896K)->16708K(16896K) Class: 2239K(2368K)->2239K(2368K)
[2026-05-06T01:33:33.961+0100][2.728s][info][gc             ] GC(34) Pause Young (System.gc()) 452M->199M(1031M) 0.236ms
[2026-05-06T01:33:33.961+0100][2.728s][info][gc,cpu         ] GC(34) User=0.00s Sys=0.00s Real=0.00s
[2026-05-06T01:33:33.961+0100][2.728s][info][gc,start       ] GC(35) Pause Full (System.gc())
[2026-05-06T01:33:33.961+0100][2.728s][info][gc,phases,start] GC(35) Marking Phase
[2026-05-06T01:33:33.966+0100][2.733s][info][gc,phases      ] GC(35) Marking Phase 4.838ms
[2026-05-06T01:33:33.966+0100][2.733s][info][gc,phases,start] GC(35) Summary Phase
[2026-05-06T01:33:33.966+0100][2.733s][info][gc,phases      ] GC(35) Summary Phase 0.027ms
[2026-05-06T01:33:33.966+0100][2.733s][info][gc,phases,start] GC(35) Adjust Roots
[2026-05-06T01:33:33.968+0100][2.735s][info][gc,phases      ] GC(35) Adjust Roots 1.783ms
[2026-05-06T01:33:33.968+0100][2.735s][info][gc,phases,start] GC(35) Compaction Phase
[2026-05-06T01:33:33.970+0100][2.737s][info][gc,phases      ] GC(35) Compaction Phase 2.029ms
[2026-05-06T01:33:33.970+0100][2.737s][info][gc,phases,start] GC(35) Post Compact
[2026-05-06T01:33:33.970+0100][2.737s][info][gc,phases      ] GC(35) Post Compact 0.069ms
[2026-05-06T01:33:33.970+0100][2.737s][info][gc,heap        ] GC(35) PSYoungGen: 1060K(600064K)->0K(600064K) Eden: 0K(589824K)->0K(589824K) From: 1060K(10240K)->0K(10240K)
[2026-05-06T01:33:33.970+0100][2.737s][info][gc,heap        ] GC(35) ParOldGen: 203730K(455680K)->204627K(455680K)
[2026-05-06T01:33:33.970+0100][2.737s][info][gc,metaspace   ] GC(35) Metaspace: 18948K(19264K)->18948K(19264K) NonClass: 16708K(16896K)->16708K(16896K) Class: 2239K(2368K)->2239K(2368K)
[2026-05-06T01:33:33.970+0100][2.737s][info][gc             ] GC(35) Pause Full (System.gc()) 199M->199M(1031M) 8.854ms
[2026-05-06T01:33:33.970+0100][2.737s][info][gc,cpu         ] GC(35) User=0.02s Sys=0.01s Real=0.01s
[2026-05-06T01:33:33.986+0100][2.753s][info][gc,start       ] GC(36) Pause Young (System.gc())
[2026-05-06T01:33:33.986+0100][2.753s][info][gc,heap        ] GC(36) PSYoungGen: 142562K(600064K)->128K(590336K) Eden: 142562K(589824K)->0K(589824K) From: 0K(10240K)->128K(512K)
[2026-05-06T01:33:33.986+0100][2.754s][info][gc,heap        ] GC(36) ParOldGen: 204627K(455680K)->204627K(455680K)
[2026-05-06T01:33:33.986+0100][2.754s][info][gc,metaspace   ] GC(36) Metaspace: 18953K(19264K)->18953K(19264K) NonClass: 16713K(16896K)->16713K(16896K) Class: 2239K(2368K)->2239K(2368K)
[2026-05-06T01:33:33.986+0100][2.754s][info][gc             ] GC(36) Pause Young (System.gc()) 339M->199M(1021M) 0.422ms
[2026-05-06T01:33:33.987+0100][2.754s][info][gc,cpu         ] GC(36) User=0.00s Sys=0.00s Real=0.00s
[2026-05-06T01:33:33.987+0100][2.754s][info][gc,start       ] GC(37) Pause Full (System.gc())
[2026-05-06T01:33:33.987+0100][2.754s][info][gc,phases,start] GC(37) Marking Phase
[2026-05-06T01:33:33.992+0100][2.759s][info][gc,phases      ] GC(37) Marking Phase 5.701ms
[2026-05-06T01:33:33.992+0100][2.759s][info][gc,phases,start] GC(37) Summary Phase
[2026-05-06T01:33:33.992+0100][2.759s][info][gc,phases      ] GC(37) Summary Phase 0.049ms
[2026-05-06T01:33:33.992+0100][2.759s][info][gc,phases,start] GC(37) Adjust Roots
[2026-05-06T01:33:33.994+0100][2.761s][info][gc,phases      ] GC(37) Adjust Roots 2.006ms
[2026-05-06T01:33:33.994+0100][2.761s][info][gc,phases,start] GC(37) Compaction Phase
[2026-05-06T01:33:33.997+0100][2.764s][info][gc,phases      ] GC(37) Compaction Phase 2.342ms
[2026-05-06T01:33:33.997+0100][2.764s][info][gc,phases,start] GC(37) Post Compact
[2026-05-06T01:33:33.997+0100][2.764s][info][gc,phases      ] GC(37) Post Compact 0.077ms
[2026-05-06T01:33:33.997+0100][2.764s][info][gc,heap        ] GC(37) PSYoungGen: 128K(590336K)->0K(590336K) Eden: 0K(589824K)->0K(589824K) From: 128K(512K)->0K(512K)
[2026-05-06T01:33:33.997+0100][2.764s][info][gc,heap        ] GC(37) ParOldGen: 204627K(455680K)->203728K(455680K)
[2026-05-06T01:33:33.997+0100][2.764s][info][gc,metaspace   ] GC(37) Metaspace: 18953K(19264K)->18953K(19264K) NonClass: 16713K(16896K)->16713K(16896K) Class: 2239K(2368K)->2239K(2368K)
[2026-05-06T01:33:33.997+0100][2.764s][info][gc             ] GC(37) Pause Full (System.gc()) 199M->198M(1021M) 10.330ms
[2026-05-06T01:33:33.997+0100][2.764s][info][gc,cpu         ] GC(37) User=0.03s Sys=0.01s Real=0.01s
[2026-05-06T01:33:34.013+0100][2.780s][info][gc,start       ] GC(38) Pause Young (System.gc())
[2026-05-06T01:33:34.013+0100][2.780s][info][gc,heap        ] GC(38) PSYoungGen: 575211K(590336K)->160K(599040K) Eden: 575211K(589824K)->0K(589824K) From: 0K(512K)->160K(9216K)
[2026-05-06T01:33:34.013+0100][2.780s][info][gc,heap        ] GC(38) ParOldGen: 203728K(455680K)->203728K(455680K)
[2026-05-06T01:33:34.013+0100][2.780s][info][gc,metaspace   ] GC(38) Metaspace: 18977K(19264K)->18977K(19264K) NonClass: 16737K(16896K)->16737K(16896K) Class: 2239K(2368K)->2239K(2368K)
[2026-05-06T01:33:34.013+0100][2.780s][info][gc             ] GC(38) Pause Young (System.gc()) 760M->199M(1030M) 0.415ms
[2026-05-06T01:33:34.013+0100][2.780s][info][gc,cpu         ] GC(38) User=0.00s Sys=0.00s Real=0.00s
[2026-05-06T01:33:34.013+0100][2.780s][info][gc,start       ] GC(39) Pause Full (System.gc())
[2026-05-06T01:33:34.013+0100][2.780s][info][gc,phases,start] GC(39) Marking Phase
[2026-05-06T01:33:34.020+0100][2.787s][info][gc,phases      ] GC(39) Marking Phase 6.230ms
[2026-05-06T01:33:34.020+0100][2.787s][info][gc,phases,start] GC(39) Summary Phase
[2026-05-06T01:33:34.020+0100][2.787s][info][gc,phases      ] GC(39) Summary Phase 0.007ms
[2026-05-06T01:33:34.020+0100][2.787s][info][gc,phases,start] GC(39) Adjust Roots
[2026-05-06T01:33:34.022+0100][2.789s][info][gc,phases      ] GC(39) Adjust Roots 2.024ms
[2026-05-06T01:33:34.022+0100][2.789s][info][gc,phases,start] GC(39) Compaction Phase
[2026-05-06T01:33:34.024+0100][2.791s][info][gc,phases      ] GC(39) Compaction Phase 2.243ms
[2026-05-06T01:33:34.024+0100][2.791s][info][gc,phases,start] GC(39) Post Compact
[2026-05-06T01:33:34.024+0100][2.791s][info][gc,phases      ] GC(39) Post Compact 0.070ms
[2026-05-06T01:33:34.024+0100][2.791s][info][gc,heap        ] GC(39) PSYoungGen: 160K(599040K)->0K(599040K) Eden: 0K(589824K)->0K(589824K) From: 160K(9216K)->0K(9216K)
[2026-05-06T01:33:34.024+0100][2.791s][info][gc,heap        ] GC(39) ParOldGen: 203728K(455680K)->203732K(455680K)
[2026-05-06T01:33:34.024+0100][2.791s][info][gc,metaspace   ] GC(39) Metaspace: 18977K(19264K)->18977K(19264K) NonClass: 16737K(16896K)->16737K(16896K) Class: 2239K(2368K)->2239K(2368K)
[2026-05-06T01:33:34.024+0100][2.791s][info][gc             ] GC(39) Pause Full (System.gc()) 199M->198M(1030M) 10.696ms
[2026-05-06T01:33:34.024+0100][2.791s][info][gc,cpu         ] GC(39) User=0.03s Sys=0.01s Real=0.01s
[2026-05-06T01:33:34.036+0100][2.803s][info][gc,start       ] GC(40) Pause Young (System.gc())
[2026-05-06T01:33:34.036+0100][2.803s][info][gc,heap        ] GC(40) PSYoungGen: 289351K(599040K)->32K(590336K) Eden: 289351K(589824K)->0K(589824K) From: 0K(9216K)->32K(512K)
[2026-05-06T01:33:34.036+0100][2.803s][info][gc,heap        ] GC(40) ParOldGen: 203732K(455680K)->203732K(455680K)
[2026-05-06T01:33:34.036+0100][2.803s][info][gc,metaspace   ] GC(40) Metaspace: 18982K(19264K)->18982K(19264K) NonClass: 16742K(16896K)->16742K(16896K) Class: 2239K(2368K)->2239K(2368K)
[2026-05-06T01:33:34.036+0100][2.803s][info][gc             ] GC(40) Pause Young (System.gc()) 481M->198M(1021M) 0.238ms
[2026-05-06T01:33:34.036+0100][2.803s][info][gc,cpu         ] GC(40) User=0.00s Sys=0.00s Real=0.00s
[2026-05-06T01:33:34.036+0100][2.803s][info][gc,start       ] GC(41) Pause Full (System.gc())
[2026-05-06T01:33:34.036+0100][2.803s][info][gc,phases,start] GC(41) Marking Phase
[2026-05-06T01:33:34.041+0100][2.808s][info][gc,phases      ] GC(41) Marking Phase 4.847ms
[2026-05-06T01:33:34.041+0100][2.808s][info][gc,phases,start] GC(41) Summary Phase
[2026-05-06T01:33:34.041+0100][2.808s][info][gc,phases      ] GC(41) Summary Phase 0.007ms
[2026-05-06T01:33:34.041+0100][2.808s][info][gc,phases,start] GC(41) Adjust Roots
[2026-05-06T01:33:34.043+0100][2.810s][info][gc,phases      ] GC(41) Adjust Roots 1.788ms
[2026-05-06T01:33:34.043+0100][2.810s][info][gc,phases,start] GC(41) Compaction Phase
[2026-05-06T01:33:34.045+0100][2.812s][info][gc,phases      ] GC(41) Compaction Phase 2.033ms
[2026-05-06T01:33:34.045+0100][2.812s][info][gc,phases,start] GC(41) Post Compact
[2026-05-06T01:33:34.045+0100][2.812s][info][gc,phases      ] GC(41) Post Compact 0.063ms
[2026-05-06T01:33:34.045+0100][2.812s][info][gc,heap        ] GC(41) PSYoungGen: 32K(590336K)->0K(590336K) Eden: 0K(589824K)->0K(589824K) From: 32K(512K)->0K(512K)
[2026-05-06T01:33:34.045+0100][2.812s][info][gc,heap        ] GC(41) ParOldGen: 203732K(455680K)->203726K(455680K)
[2026-05-06T01:33:34.045+0100][2.812s][info][gc,metaspace   ] GC(41) Metaspace: 18982K(19264K)->18982K(19264K) NonClass: 16742K(16896K)->16742K(16896K) Class: 2239K(2368K)->2239K(2368K)
[2026-05-06T01:33:34.045+0100][2.812s][info][gc             ] GC(41) Pause Full (System.gc()) 198M->198M(1021M) 8.861ms
[2026-05-06T01:33:34.045+0100][2.812s][info][gc,cpu         ] GC(41) User=0.03s Sys=0.00s Real=0.01s
[2026-05-06T01:33:34.059+0100][2.826s][info][gc,start       ] GC(42) Pause Young (System.gc())
[2026-05-06T01:33:34.060+0100][2.827s][info][gc,heap        ] GC(42) PSYoungGen: 157889K(590336K)->192K(598016K) Eden: 157889K(589824K)->0K(589824K) From: 0K(512K)->192K(8192K)
[2026-05-06T01:33:34.060+0100][2.827s][info][gc,heap        ] GC(42) ParOldGen: 203726K(455680K)->203726K(455680K)
[2026-05-06T01:33:34.060+0100][2.827s][info][gc,metaspace   ] GC(42) Metaspace: 18986K(19328K)->18986K(19328K) NonClass: 16747K(16960K)->16747K(16960K) Class: 2239K(2368K)->2239K(2368K)
[2026-05-06T01:33:34.060+0100][2.827s][info][gc             ] GC(42) Pause Young (System.gc()) 353M->199M(1029M) 0.357ms
[2026-05-06T01:33:34.060+0100][2.827s][info][gc,cpu         ] GC(42) User=0.00s Sys=0.00s Real=0.01s
[2026-05-06T01:33:34.060+0100][2.827s][info][gc,start       ] GC(43) Pause Full (System.gc())
[2026-05-06T01:33:34.060+0100][2.827s][info][gc,phases,start] GC(43) Marking Phase
[2026-05-06T01:33:34.064+0100][2.831s][info][gc,phases      ] GC(43) Marking Phase 4.571ms
[2026-05-06T01:33:34.064+0100][2.831s][info][gc,phases,start] GC(43) Summary Phase
[2026-05-06T01:33:34.064+0100][2.831s][info][gc,phases      ] GC(43) Summary Phase 0.006ms
[2026-05-06T01:33:34.064+0100][2.831s][info][gc,phases,start] GC(43) Adjust Roots
[2026-05-06T01:33:34.066+0100][2.833s][info][gc,phases      ] GC(43) Adjust Roots 1.801ms
[2026-05-06T01:33:34.066+0100][2.833s][info][gc,phases,start] GC(43) Compaction Phase
[2026-05-06T01:33:34.068+0100][2.835s][info][gc,phases      ] GC(43) Compaction Phase 2.102ms
[2026-05-06T01:33:34.068+0100][2.835s][info][gc,phases,start] GC(43) Post Compact
[2026-05-06T01:33:34.068+0100][2.835s][info][gc,phases      ] GC(43) Post Compact 0.065ms
[2026-05-06T01:33:34.068+0100][2.835s][info][gc,heap        ] GC(43) PSYoungGen: 192K(598016K)->0K(598016K) Eden: 0K(589824K)->0K(589824K) From: 192K(8192K)->0K(8192K)
[2026-05-06T01:33:34.068+0100][2.835s][info][gc,heap        ] GC(43) ParOldGen: 203726K(455680K)->203735K(455680K)
[2026-05-06T01:33:34.068+0100][2.835s][info][gc,metaspace   ] GC(43) Metaspace: 18986K(19328K)->18986K(19328K) NonClass: 16747K(16960K)->16747K(16960K) Class: 2239K(2368K)->2239K(2368K)
[2026-05-06T01:33:34.068+0100][2.835s][info][gc             ] GC(43) Pause Full (System.gc()) 199M->198M(1029M) 8.651ms
[2026-05-06T01:33:34.068+0100][2.835s][info][gc,cpu         ] GC(43) User=0.02s Sys=0.00s Real=0.00s
[2026-05-06T01:33:34.081+0100][2.848s][info][gc,start       ] GC(44) Pause Young (System.gc())
[2026-05-06T01:33:34.081+0100][2.848s][info][gc,heap        ] GC(44) PSYoungGen: 392582K(598016K)->224K(590336K) Eden: 392582K(589824K)->0K(589824K) From: 0K(8192K)->224K(512K)
[2026-05-06T01:33:34.081+0100][2.848s][info][gc,heap        ] GC(44) ParOldGen: 203735K(455680K)->203735K(455680K)
[2026-05-06T01:33:34.081+0100][2.848s][info][gc,metaspace   ] GC(44) Metaspace: 18990K(19328K)->18990K(19328K) NonClass: 16750K(16960K)->16750K(16960K) Class: 2239K(2368K)->2239K(2368K)
[2026-05-06T01:33:34.081+0100][2.848s][info][gc             ] GC(44) Pause Young (System.gc()) 582M->199M(1021M) 0.329ms
[2026-05-06T01:33:34.081+0100][2.848s][info][gc,cpu         ] GC(44) User=0.00s Sys=0.00s Real=0.00s
[2026-05-06T01:33:34.081+0100][2.848s][info][gc,start       ] GC(45) Pause Full (System.gc())
[2026-05-06T01:33:34.081+0100][2.848s][info][gc,phases,start] GC(45) Marking Phase
[2026-05-06T01:33:34.086+0100][2.853s][info][gc,phases      ] GC(45) Marking Phase 4.619ms
[2026-05-06T01:33:34.086+0100][2.853s][info][gc,phases,start] GC(45) Summary Phase
[2026-05-06T01:33:34.086+0100][2.853s][info][gc,phases      ] GC(45) Summary Phase 0.007ms
[2026-05-06T01:33:34.086+0100][2.853s][info][gc,phases,start] GC(45) Adjust Roots
[2026-05-06T01:33:34.087+0100][2.854s][info][gc,phases      ] GC(45) Adjust Roots 1.718ms
[2026-05-06T01:33:34.087+0100][2.854s][info][gc,phases,start] GC(45) Compaction Phase
[2026-05-06T01:33:34.090+0100][2.857s][info][gc,phases      ] GC(45) Compaction Phase 2.135ms
[2026-05-06T01:33:34.090+0100][2.857s][info][gc,phases,start] GC(45) Post Compact
[2026-05-06T01:33:34.090+0100][2.857s][info][gc,phases      ] GC(45) Post Compact 0.066ms
[2026-05-06T01:33:34.090+0100][2.857s][info][gc,heap        ] GC(45) PSYoungGen: 224K(590336K)->0K(590336K) Eden: 0K(589824K)->0K(589824K) From: 224K(512K)->0K(512K)
[2026-05-06T01:33:34.090+0100][2.857s][info][gc,heap        ] GC(45) ParOldGen: 203735K(455680K)->203734K(455680K)
[2026-05-06T01:33:34.090+0100][2.857s][info][gc,metaspace   ] GC(45) Metaspace: 18990K(19328K)->18990K(19328K) NonClass: 16750K(16960K)->16750K(16960K) Class: 2239K(2368K)->2239K(2368K)
[2026-05-06T01:33:34.090+0100][2.857s][info][gc             ] GC(45) Pause Full (System.gc()) 199M->198M(1021M) 8.650ms
[2026-05-06T01:33:34.090+0100][2.857s][info][gc,cpu         ] GC(45) User=0.03s Sys=0.01s Real=0.01s
[2026-05-06T01:33:34.122+0100][2.889s][info][gc,start       ] GC(46) Pause Young (System.gc())
[2026-05-06T01:33:34.122+0100][2.889s][info][gc,heap        ] GC(46) PSYoungGen: 268944K(590336K)->224K(596992K) Eden: 268944K(589824K)->0K(589824K) From: 0K(512K)->224K(7168K)
[2026-05-06T01:33:34.122+0100][2.889s][info][gc,heap        ] GC(46) ParOldGen: 203734K(455680K)->203734K(455680K)
[2026-05-06T01:33:34.122+0100][2.889s][info][gc,metaspace   ] GC(46) Metaspace: 19026K(19328K)->19026K(19328K) NonClass: 16787K(16960K)->16787K(16960K) Class: 2239K(2368K)->2239K(2368K)
[2026-05-06T01:33:34.122+0100][2.889s][info][gc             ] GC(46) Pause Young (System.gc()) 461M->199M(1028M) 0.299ms
[2026-05-06T01:33:34.122+0100][2.889s][info][gc,cpu         ] GC(46) User=0.00s Sys=0.00s Real=0.00s
[2026-05-06T01:33:34.122+0100][2.889s][info][gc,start       ] GC(47) Pause Full (System.gc())
[2026-05-06T01:33:34.122+0100][2.889s][info][gc,phases,start] GC(47) Marking Phase
[2026-05-06T01:33:34.128+0100][2.895s][info][gc,phases      ] GC(47) Marking Phase 5.200ms
[2026-05-06T01:33:34.128+0100][2.895s][info][gc,phases,start] GC(47) Summary Phase
[2026-05-06T01:33:34.128+0100][2.895s][info][gc,phases      ] GC(47) Summary Phase 0.007ms
[2026-05-06T01:33:34.128+0100][2.895s][info][gc,phases,start] GC(47) Adjust Roots
[2026-05-06T01:33:34.129+0100][2.896s][info][gc,phases      ] GC(47) Adjust Roots 1.809ms
[2026-05-06T01:33:34.129+0100][2.896s][info][gc,phases,start] GC(47) Compaction Phase
[2026-05-06T01:33:34.135+0100][2.902s][info][gc,phases      ] GC(47) Compaction Phase 5.575ms
[2026-05-06T01:33:34.135+0100][2.902s][info][gc,phases,start] GC(47) Post Compact
[2026-05-06T01:33:34.135+0100][2.902s][info][gc,phases      ] GC(47) Post Compact 0.078ms
[2026-05-06T01:33:34.135+0100][2.902s][info][gc,heap        ] GC(47) PSYoungGen: 224K(596992K)->0K(596992K) Eden: 0K(589824K)->0K(589824K) From: 224K(7168K)->0K(7168K)
[2026-05-06T01:33:34.135+0100][2.902s][info][gc,heap        ] GC(47) ParOldGen: 203734K(455680K)->203735K(455680K)
[2026-05-06T01:33:34.135+0100][2.902s][info][gc,metaspace   ] GC(47) Metaspace: 19026K(19328K)->19026K(19328K) NonClass: 16787K(16960K)->16787K(16960K) Class: 2239K(2368K)->2239K(2368K)
[2026-05-06T01:33:34.135+0100][2.902s][info][gc             ] GC(47) Pause Full (System.gc()) 199M->198M(1028M) 12.788ms
[2026-05-06T01:33:34.135+0100][2.902s][info][gc,cpu         ] GC(47) User=0.06s Sys=0.01s Real=0.01s
[2026-05-06T01:33:34.157+0100][2.924s][info][gc,start       ] GC(48) Pause Young (System.gc())
[2026-05-06T01:33:34.157+0100][2.924s][info][gc,heap        ] GC(48) PSYoungGen: 26953K(596992K)->32K(590336K) Eden: 26953K(589824K)->0K(589824K) From: 0K(7168K)->32K(512K)
[2026-05-06T01:33:34.157+0100][2.925s][info][gc,heap        ] GC(48) ParOldGen: 203735K(455680K)->203735K(455680K)
[2026-05-06T01:33:34.158+0100][2.925s][info][gc,metaspace   ] GC(48) Metaspace: 19040K(19328K)->19040K(19328K) NonClass: 16800K(16960K)->16800K(16960K) Class: 2239K(2368K)->2239K(2368K)
[2026-05-06T01:33:34.158+0100][2.925s][info][gc             ] GC(48) Pause Young (System.gc()) 225M->198M(1021M) 0.427ms
[2026-05-06T01:33:34.158+0100][2.925s][info][gc,cpu         ] GC(48) User=0.00s Sys=0.00s Real=0.00s
[2026-05-06T01:33:34.158+0100][2.925s][info][gc,start       ] GC(49) Pause Full (System.gc())
[2026-05-06T01:33:34.158+0100][2.925s][info][gc,phases,start] GC(49) Marking Phase
[2026-05-06T01:33:34.163+0100][2.930s][info][gc,phases      ] GC(49) Marking Phase 5.460ms
[2026-05-06T01:33:34.163+0100][2.930s][info][gc,phases,start] GC(49) Summary Phase
[2026-05-06T01:33:34.163+0100][2.930s][info][gc,phases      ] GC(49) Summary Phase 0.007ms
[2026-05-06T01:33:34.163+0100][2.930s][info][gc,phases,start] GC(49) Adjust Roots
[2026-05-06T01:33:34.165+0100][2.932s][info][gc,phases      ] GC(49) Adjust Roots 1.894ms
[2026-05-06T01:33:34.165+0100][2.932s][info][gc,phases,start] GC(49) Compaction Phase
[2026-05-06T01:33:34.167+0100][2.934s][info][gc,phases      ] GC(49) Compaction Phase 2.285ms
[2026-05-06T01:33:34.167+0100][2.934s][info][gc,phases,start] GC(49) Post Compact
[2026-05-06T01:33:34.167+0100][2.934s][info][gc,phases      ] GC(49) Post Compact 0.107ms
[2026-05-06T01:33:34.167+0100][2.934s][info][gc,heap        ] GC(49) PSYoungGen: 32K(590336K)->0K(590336K) Eden: 0K(589824K)->0K(589824K) From: 32K(512K)->0K(512K)
[2026-05-06T01:33:34.167+0100][2.934s][info][gc,heap        ] GC(49) ParOldGen: 203735K(455680K)->203735K(455680K)
[2026-05-06T01:33:34.167+0100][2.934s][info][gc,metaspace   ] GC(49) Metaspace: 19040K(19328K)->19040K(19328K) NonClass: 16800K(16960K)->16800K(16960K) Class: 2239K(2368K)->2239K(2368K)
[2026-05-06T01:33:34.167+0100][2.934s][info][gc             ] GC(49) Pause Full (System.gc()) 198M->198M(1021M) 9.879ms
[2026-05-06T01:33:34.167+0100][2.934s][info][gc,cpu         ] GC(49) User=0.02s Sys=0.00s Real=0.01s
[2026-05-06T01:33:34.175+0100][2.942s][info][gc,start       ] GC(50) Pause Young (System.gc())
[2026-05-06T01:33:34.176+0100][2.943s][info][gc,heap        ] GC(50) PSYoungGen: 26954K(590336K)->32K(595968K) Eden: 26954K(589824K)->0K(589824K) From: 0K(512K)->32K(6144K)
[2026-05-06T01:33:34.176+0100][2.943s][info][gc,heap        ] GC(50) ParOldGen: 203735K(455680K)->203735K(455680K)
[2026-05-06T01:33:34.176+0100][2.943s][info][gc,metaspace   ] GC(50) Metaspace: 19042K(19328K)->19042K(19328K) NonClass: 16802K(16960K)->16802K(16960K) Class: 2239K(2368K)->2239K(2368K)
[2026-05-06T01:33:34.176+0100][2.943s][info][gc             ] GC(50) Pause Young (System.gc()) 225M->198M(1027M) 0.313ms
[2026-05-06T01:33:34.176+0100][2.943s][info][gc,cpu         ] GC(50) User=0.00s Sys=0.00s Real=0.00s
[2026-05-06T01:33:34.176+0100][2.943s][info][gc,start       ] GC(51) Pause Full (System.gc())
[2026-05-06T01:33:34.176+0100][2.943s][info][gc,phases,start] GC(51) Marking Phase
[2026-05-06T01:33:34.182+0100][2.949s][info][gc,phases      ] GC(51) Marking Phase 5.780ms
[2026-05-06T01:33:34.182+0100][2.949s][info][gc,phases,start] GC(51) Summary Phase
[2026-05-06T01:33:34.182+0100][2.949s][info][gc,phases      ] GC(51) Summary Phase 0.009ms
[2026-05-06T01:33:34.182+0100][2.949s][info][gc,phases,start] GC(51) Adjust Roots
[2026-05-06T01:33:34.184+0100][2.951s][info][gc,phases      ] GC(51) Adjust Roots 1.946ms
[2026-05-06T01:33:34.184+0100][2.951s][info][gc,phases,start] GC(51) Compaction Phase
[2026-05-06T01:33:34.186+0100][2.953s][info][gc,phases      ] GC(51) Compaction Phase 2.165ms
[2026-05-06T01:33:34.186+0100][2.953s][info][gc,phases,start] GC(51) Post Compact
[2026-05-06T01:33:34.186+0100][2.953s][info][gc,phases      ] GC(51) Post Compact 0.077ms
[2026-05-06T01:33:34.186+0100][2.953s][info][gc,heap        ] GC(51) PSYoungGen: 32K(595968K)->0K(595968K) Eden: 0K(589824K)->0K(589824K) From: 32K(6144K)->0K(6144K)
[2026-05-06T01:33:34.186+0100][2.953s][info][gc,heap        ] GC(51) ParOldGen: 203735K(455680K)->203735K(455680K)
[2026-05-06T01:33:34.186+0100][2.953s][info][gc,metaspace   ] GC(51) Metaspace: 19042K(19328K)->19042K(19328K) NonClass: 16802K(16960K)->16802K(16960K) Class: 2239K(2368K)->2239K(2368K)
[2026-05-06T01:33:34.186+0100][2.953s][info][gc             ] GC(51) Pause Full (System.gc()) 198M->198M(1027M) 10.101ms
[2026-05-06T01:33:34.186+0100][2.953s][info][gc,cpu         ] GC(51) User=0.03s Sys=0.00s Real=0.01s
[2026-05-06T01:33:34.222+0100][2.989s][info][gc,start       ] GC(52) Pause Young (System.gc())
[2026-05-06T01:33:34.222+0100][2.989s][info][gc,heap        ] GC(52) PSYoungGen: 41182K(595968K)->64K(590336K) Eden: 41182K(589824K)->0K(589824K) From: 0K(6144K)->64K(512K)
[2026-05-06T01:33:34.222+0100][2.989s][info][gc,heap        ] GC(52) ParOldGen: 203735K(455680K)->203735K(455680K)
[2026-05-06T01:33:34.222+0100][2.989s][info][gc,metaspace   ] GC(52) Metaspace: 19042K(19328K)->19042K(19328K) NonClass: 16802K(16960K)->16802K(16960K) Class: 2239K(2368K)->2239K(2368K)
[2026-05-06T01:33:34.222+0100][2.989s][info][gc             ] GC(52) Pause Young (System.gc()) 239M->199M(1021M) 0.403ms
[2026-05-06T01:33:34.222+0100][2.989s][info][gc,cpu         ] GC(52) User=0.00s Sys=0.00s Real=0.00s
[2026-05-06T01:33:34.222+0100][2.989s][info][gc,start       ] GC(53) Pause Full (System.gc())
[2026-05-06T01:33:34.222+0100][2.989s][info][gc,phases,start] GC(53) Marking Phase
[2026-05-06T01:33:34.227+0100][2.994s][info][gc,phases      ] GC(53) Marking Phase 5.321ms
[2026-05-06T01:33:34.227+0100][2.994s][info][gc,phases,start] GC(53) Summary Phase
[2026-05-06T01:33:34.227+0100][2.994s][info][gc,phases      ] GC(53) Summary Phase 0.010ms
[2026-05-06T01:33:34.227+0100][2.994s][info][gc,phases,start] GC(53) Adjust Roots
[2026-05-06T01:33:34.229+0100][2.996s][info][gc,phases      ] GC(53) Adjust Roots 1.901ms
[2026-05-06T01:33:34.229+0100][2.996s][info][gc,phases,start] GC(53) Compaction Phase
[2026-05-06T01:33:34.231+0100][2.998s][info][gc,phases      ] GC(53) Compaction Phase 2.087ms
[2026-05-06T01:33:34.231+0100][2.998s][info][gc,phases,start] GC(53) Post Compact
[2026-05-06T01:33:34.231+0100][2.999s][info][gc,phases      ] GC(53) Post Compact 0.073ms
[2026-05-06T01:33:34.232+0100][2.999s][info][gc,heap        ] GC(53) PSYoungGen: 64K(590336K)->0K(590336K) Eden: 0K(589824K)->0K(589824K) From: 64K(512K)->0K(512K)
[2026-05-06T01:33:34.232+0100][2.999s][info][gc,heap        ] GC(53) ParOldGen: 203735K(455680K)->203735K(455680K)
[2026-05-06T01:33:34.232+0100][2.999s][info][gc,metaspace   ] GC(53) Metaspace: 19042K(19328K)->19042K(19328K) NonClass: 16802K(16960K)->16802K(16960K) Class: 2239K(2368K)->2239K(2368K)
[2026-05-06T01:33:34.232+0100][2.999s][info][gc             ] GC(53) Pause Full (System.gc()) 199M->198M(1021M) 9.520ms
[2026-05-06T01:33:34.232+0100][2.999s][info][gc,cpu         ] GC(53) User=0.03s Sys=0.01s Real=0.01s
[2026-05-06T01:33:34.343+0100][3.110s][info][gc,start       ] GC(54) Pause Young (System.gc())
[2026-05-06T01:33:34.343+0100][3.110s][info][gc,heap        ] GC(54) PSYoungGen: 108507K(590336K)->32K(594944K) Eden: 108507K(589824K)->0K(589824K) From: 0K(512K)->32K(5120K)
[2026-05-06T01:33:34.343+0100][3.110s][info][gc,heap        ] GC(54) ParOldGen: 203735K(455680K)->203735K(455680K)
[2026-05-06T01:33:34.343+0100][3.110s][info][gc,metaspace   ] GC(54) Metaspace: 19042K(19328K)->19042K(19328K) NonClass: 16802K(16960K)->16802K(16960K) Class: 2239K(2368K)->2239K(2368K)
[2026-05-06T01:33:34.343+0100][3.110s][info][gc             ] GC(54) Pause Young (System.gc()) 304M->198M(1026M) 0.262ms
[2026-05-06T01:33:34.343+0100][3.110s][info][gc,cpu         ] GC(54) User=0.00s Sys=0.00s Real=0.00s
[2026-05-06T01:33:34.343+0100][3.110s][info][gc,start       ] GC(55) Pause Full (System.gc())
[2026-05-06T01:33:34.343+0100][3.110s][info][gc,phases,start] GC(55) Marking Phase
[2026-05-06T01:33:34.348+0100][3.115s][info][gc,phases      ] GC(55) Marking Phase 5.081ms
[2026-05-06T01:33:34.348+0100][3.115s][info][gc,phases,start] GC(55) Summary Phase
[2026-05-06T01:33:34.348+0100][3.115s][info][gc,phases      ] GC(55) Summary Phase 0.011ms
[2026-05-06T01:33:34.348+0100][3.115s][info][gc,phases,start] GC(55) Adjust Roots
[2026-05-06T01:33:34.350+0100][3.117s][info][gc,phases      ] GC(55) Adjust Roots 1.700ms
[2026-05-06T01:33:34.350+0100][3.117s][info][gc,phases,start] GC(55) Compaction Phase
[2026-05-06T01:33:34.352+0100][3.119s][info][gc,phases      ] GC(55) Compaction Phase 2.144ms
[2026-05-06T01:33:34.352+0100][3.119s][info][gc,phases,start] GC(55) Post Compact
[2026-05-06T01:33:34.352+0100][3.119s][info][gc,phases      ] GC(55) Post Compact 0.074ms
[2026-05-06T01:33:34.352+0100][3.119s][info][gc,heap        ] GC(55) PSYoungGen: 32K(594944K)->0K(594944K) Eden: 0K(589824K)->0K(589824K) From: 32K(5120K)->0K(5120K)
[2026-05-06T01:33:34.352+0100][3.119s][info][gc,heap        ] GC(55) ParOldGen: 203735K(455680K)->203735K(455680K)
[2026-05-06T01:33:34.352+0100][3.119s][info][gc,metaspace   ] GC(55) Metaspace: 19042K(19328K)->19042K(19328K) NonClass: 16802K(16960K)->16802K(16960K) Class: 2239K(2368K)->2239K(2368K)
[2026-05-06T01:33:34.352+0100][3.119s][info][gc             ] GC(55) Pause Full (System.gc()) 198M->198M(1026M) 9.123ms
[2026-05-06T01:33:34.352+0100][3.119s][info][gc,cpu         ] GC(55) User=0.03s Sys=0.01s Real=0.01s
[2026-05-06T01:33:34.457+0100][3.224s][info][gc,start       ] GC(56) Pause Young (System.gc())
[2026-05-06T01:33:34.458+0100][3.225s][info][gc,heap        ] GC(56) PSYoungGen: 114408K(594944K)->160K(595456K) Eden: 114408K(589824K)->0K(589824K) From: 0K(5120K)->160K(5632K)
[2026-05-06T01:33:34.458+0100][3.225s][info][gc,heap        ] GC(56) ParOldGen: 203735K(455680K)->203735K(455680K)
[2026-05-06T01:33:34.458+0100][3.225s][info][gc,metaspace   ] GC(56) Metaspace: 19043K(19328K)->19043K(19328K) NonClass: 16803K(16960K)->16803K(16960K) Class: 2239K(2368K)->2239K(2368K)
[2026-05-06T01:33:34.458+0100][3.225s][info][gc             ] GC(56) Pause Young (System.gc()) 310M->199M(1026M) 0.305ms
[2026-05-06T01:33:34.458+0100][3.225s][info][gc,cpu         ] GC(56) User=0.00s Sys=0.00s Real=0.00s
[2026-05-06T01:33:34.458+0100][3.225s][info][gc,start       ] GC(57) Pause Full (System.gc())
[2026-05-06T01:33:34.458+0100][3.225s][info][gc,phases,start] GC(57) Marking Phase
[2026-05-06T01:33:34.462+0100][3.229s][info][gc,phases      ] GC(57) Marking Phase 4.186ms
[2026-05-06T01:33:34.462+0100][3.229s][info][gc,phases,start] GC(57) Summary Phase
[2026-05-06T01:33:34.462+0100][3.229s][info][gc,phases      ] GC(57) Summary Phase 0.007ms
[2026-05-06T01:33:34.462+0100][3.229s][info][gc,phases,start] GC(57) Adjust Roots
[2026-05-06T01:33:34.464+0100][3.231s][info][gc,phases      ] GC(57) Adjust Roots 1.662ms
[2026-05-06T01:33:34.464+0100][3.231s][info][gc,phases,start] GC(57) Compaction Phase
[2026-05-06T01:33:34.466+0100][3.233s][info][gc,phases      ] GC(57) Compaction Phase 2.091ms
[2026-05-06T01:33:34.466+0100][3.233s][info][gc,phases,start] GC(57) Post Compact
[2026-05-06T01:33:34.466+0100][3.233s][info][gc,phases      ] GC(57) Post Compact 0.060ms
[2026-05-06T01:33:34.466+0100][3.233s][info][gc,heap        ] GC(57) PSYoungGen: 160K(595456K)->0K(595456K) Eden: 0K(589824K)->0K(589824K) From: 160K(5632K)->0K(5632K)
[2026-05-06T01:33:34.466+0100][3.233s][info][gc,heap        ] GC(57) ParOldGen: 203735K(455680K)->203737K(455680K)
[2026-05-06T01:33:34.466+0100][3.233s][info][gc,metaspace   ] GC(57) Metaspace: 19043K(19328K)->19043K(19328K) NonClass: 16803K(16960K)->16803K(16960K) Class: 2239K(2368K)->2239K(2368K)
[2026-05-06T01:33:34.466+0100][3.233s][info][gc             ] GC(57) Pause Full (System.gc()) 199M->198M(1026M) 8.088ms
[2026-05-06T01:33:34.466+0100][3.233s][info][gc,cpu         ] GC(57) User=0.03s Sys=0.00s Real=0.01s
[2026-05-06T01:33:34.571+0100][3.338s][info][gc,start       ] GC(58) Pause Young (System.gc())
[2026-05-06T01:33:34.571+0100][3.338s][info][gc,heap        ] GC(58) PSYoungGen: 139191K(595456K)->160K(594432K) Eden: 139191K(589824K)->0K(589824K) From: 0K(5632K)->160K(4608K)
[2026-05-06T01:33:34.571+0100][3.338s][info][gc,heap        ] GC(58) ParOldGen: 203737K(455680K)->203737K(455680K)
[2026-05-06T01:33:34.571+0100][3.338s][info][gc,metaspace   ] GC(58) Metaspace: 19044K(19328K)->19044K(19328K) NonClass: 16804K(16960K)->16804K(16960K) Class: 2239K(2368K)->2239K(2368K)
[2026-05-06T01:33:34.571+0100][3.338s][info][gc             ] GC(58) Pause Young (System.gc()) 334M->199M(1025M) 0.318ms
[2026-05-06T01:33:34.571+0100][3.338s][info][gc,cpu         ] GC(58) User=0.00s Sys=0.00s Real=0.00s
[2026-05-06T01:33:34.571+0100][3.338s][info][gc,start       ] GC(59) Pause Full (System.gc())
[2026-05-06T01:33:34.571+0100][3.338s][info][gc,phases,start] GC(59) Marking Phase
[2026-05-06T01:33:34.576+0100][3.343s][info][gc,phases      ] GC(59) Marking Phase 4.688ms
[2026-05-06T01:33:34.576+0100][3.343s][info][gc,phases,start] GC(59) Summary Phase
[2026-05-06T01:33:34.576+0100][3.343s][info][gc,phases      ] GC(59) Summary Phase 0.007ms
[2026-05-06T01:33:34.576+0100][3.343s][info][gc,phases,start] GC(59) Adjust Roots
[2026-05-06T01:33:34.578+0100][3.345s][info][gc,phases      ] GC(59) Adjust Roots 1.610ms
[2026-05-06T01:33:34.578+0100][3.345s][info][gc,phases,start] GC(59) Compaction Phase
[2026-05-06T01:33:34.580+0100][3.347s][info][gc,phases      ] GC(59) Compaction Phase 1.996ms
[2026-05-06T01:33:34.580+0100][3.347s][info][gc,phases,start] GC(59) Post Compact
[2026-05-06T01:33:34.580+0100][3.347s][info][gc,phases      ] GC(59) Post Compact 0.069ms
[2026-05-06T01:33:34.580+0100][3.347s][info][gc,heap        ] GC(59) PSYoungGen: 160K(594432K)->0K(594432K) Eden: 0K(589824K)->0K(589824K) From: 160K(4608K)->0K(4608K)
[2026-05-06T01:33:34.580+0100][3.347s][info][gc,heap        ] GC(59) ParOldGen: 203737K(455680K)->203737K(455680K)
[2026-05-06T01:33:34.580+0100][3.347s][info][gc,metaspace   ] GC(59) Metaspace: 19044K(19328K)->19044K(19328K) NonClass: 16804K(16960K)->16804K(16960K) Class: 2239K(2368K)->2239K(2368K)
[2026-05-06T01:33:34.580+0100][3.347s][info][gc             ] GC(59) Pause Full (System.gc()) 199M->198M(1025M) 8.472ms
[2026-05-06T01:33:34.580+0100][3.347s][info][gc,cpu         ] GC(59) User=0.03s Sys=0.01s Real=0.01s
[2026-05-06T01:33:34.672+0100][3.439s][info][gc,start       ] GC(60) Pause Young (System.gc())
[2026-05-06T01:33:34.673+0100][3.440s][info][gc,heap        ] GC(60) PSYoungGen: 138008K(594432K)->32K(590336K) Eden: 138008K(589824K)->0K(589824K) From: 0K(4608K)->32K(512K)
[2026-05-06T01:33:34.673+0100][3.440s][info][gc,heap        ] GC(60) ParOldGen: 203737K(455680K)->203737K(455680K)
[2026-05-06T01:33:34.673+0100][3.440s][info][gc,metaspace   ] GC(60) Metaspace: 19047K(19328K)->19047K(19328K) NonClass: 16807K(16960K)->16807K(16960K) Class: 2239K(2368K)->2239K(2368K)
[2026-05-06T01:33:34.673+0100][3.440s][info][gc             ] GC(60) Pause Young (System.gc()) 333M->198M(1021M) 0.342ms
[2026-05-06T01:33:34.673+0100][3.440s][info][gc,cpu         ] GC(60) User=0.00s Sys=0.00s Real=0.00s
[2026-05-06T01:33:34.673+0100][3.440s][info][gc,start       ] GC(61) Pause Full (System.gc())
[2026-05-06T01:33:34.673+0100][3.440s][info][gc,phases,start] GC(61) Marking Phase
[2026-05-06T01:33:34.677+0100][3.444s][info][gc,phases      ] GC(61) Marking Phase 4.113ms
[2026-05-06T01:33:34.677+0100][3.444s][info][gc,phases,start] GC(61) Summary Phase
[2026-05-06T01:33:34.677+0100][3.444s][info][gc,phases      ] GC(61) Summary Phase 0.008ms
[2026-05-06T01:33:34.677+0100][3.444s][info][gc,phases,start] GC(61) Adjust Roots
[2026-05-06T01:33:34.678+0100][3.445s][info][gc,phases      ] GC(61) Adjust Roots 1.693ms
[2026-05-06T01:33:34.678+0100][3.445s][info][gc,phases,start] GC(61) Compaction Phase
[2026-05-06T01:33:34.680+0100][3.447s][info][gc,phases      ] GC(61) Compaction Phase 1.931ms
[2026-05-06T01:33:34.680+0100][3.447s][info][gc,phases,start] GC(61) Post Compact
[2026-05-06T01:33:34.680+0100][3.447s][info][gc,phases      ] GC(61) Post Compact 0.075ms
[2026-05-06T01:33:34.680+0100][3.447s][info][gc,heap        ] GC(61) PSYoungGen: 32K(590336K)->0K(590336K) Eden: 0K(589824K)->0K(589824K) From: 32K(512K)->0K(512K)
[2026-05-06T01:33:34.680+0100][3.448s][info][gc,heap        ] GC(61) ParOldGen: 203737K(455680K)->203736K(455680K)
[2026-05-06T01:33:34.681+0100][3.448s][info][gc,metaspace   ] GC(61) Metaspace: 19047K(19328K)->19047K(19328K) NonClass: 16807K(16960K)->16807K(16960K) Class: 2239K(2368K)->2239K(2368K)
[2026-05-06T01:33:34.681+0100][3.448s][info][gc             ] GC(61) Pause Full (System.gc()) 198M->198M(1021M) 7.928ms
[2026-05-06T01:33:34.681+0100][3.448s][info][gc,cpu         ] GC(61) User=0.03s Sys=0.01s Real=0.01s
[2026-05-06T01:33:34.735+0100][3.502s][info][gc,start       ] GC(62) Pause Young (System.gc())
[2026-05-06T01:33:34.735+0100][3.502s][info][gc,heap        ] GC(62) PSYoungGen: 132106K(590336K)->192K(594432K) Eden: 132106K(589824K)->0K(589824K) From: 0K(512K)->192K(4608K)
[2026-05-06T01:33:34.735+0100][3.502s][info][gc,heap        ] GC(62) ParOldGen: 203736K(455680K)->203736K(455680K)
[2026-05-06T01:33:34.735+0100][3.502s][info][gc,metaspace   ] GC(62) Metaspace: 19048K(19328K)->19048K(19328K) NonClass: 16808K(16960K)->16808K(16960K) Class: 2239K(2368K)->2239K(2368K)
[2026-05-06T01:33:34.735+0100][3.502s][info][gc             ] GC(62) Pause Young (System.gc()) 327M->199M(1025M) 0.288ms
[2026-05-06T01:33:34.735+0100][3.502s][info][gc,cpu         ] GC(62) User=0.00s Sys=0.00s Real=0.00s
[2026-05-06T01:33:34.735+0100][3.502s][info][gc,start       ] GC(63) Pause Full (System.gc())
[2026-05-06T01:33:34.735+0100][3.502s][info][gc,phases,start] GC(63) Marking Phase
[2026-05-06T01:33:34.740+0100][3.507s][info][gc,phases      ] GC(63) Marking Phase 4.840ms
[2026-05-06T01:33:34.740+0100][3.507s][info][gc,phases,start] GC(63) Summary Phase
[2026-05-06T01:33:34.740+0100][3.507s][info][gc,phases      ] GC(63) Summary Phase 0.006ms
[2026-05-06T01:33:34.740+0100][3.507s][info][gc,phases,start] GC(63) Adjust Roots
[2026-05-06T01:33:34.742+0100][3.509s][info][gc,phases      ] GC(63) Adjust Roots 1.635ms
[2026-05-06T01:33:34.742+0100][3.509s][info][gc,phases,start] GC(63) Compaction Phase
[2026-05-06T01:33:34.744+0100][3.511s][info][gc,phases      ] GC(63) Compaction Phase 1.932ms
[2026-05-06T01:33:34.744+0100][3.511s][info][gc,phases,start] GC(63) Post Compact
[2026-05-06T01:33:34.744+0100][3.511s][info][gc,phases      ] GC(63) Post Compact 0.066ms
[2026-05-06T01:33:34.744+0100][3.511s][info][gc,heap        ] GC(63) PSYoungGen: 192K(594432K)->0K(594432K) Eden: 0K(589824K)->0K(589824K) From: 192K(4608K)->0K(4608K)
[2026-05-06T01:33:34.744+0100][3.511s][info][gc,heap        ] GC(63) ParOldGen: 203736K(455680K)->203738K(455680K)
[2026-05-06T01:33:34.744+0100][3.511s][info][gc,metaspace   ] GC(63) Metaspace: 19048K(19328K)->19048K(19328K) NonClass: 16808K(16960K)->16808K(16960K) Class: 2239K(2368K)->2239K(2368K)
[2026-05-06T01:33:34.744+0100][3.511s][info][gc             ] GC(63) Pause Full (System.gc()) 199M->198M(1025M) 8.577ms
[2026-05-06T01:33:34.744+0100][3.511s][info][gc,cpu         ] GC(63) User=0.03s Sys=0.00s Real=0.01s
[2026-05-06T01:33:34.798+0100][3.565s][info][gc,start       ] GC(64) Pause Young (System.gc())
[2026-05-06T01:33:34.798+0100][3.565s][info][gc,heap        ] GC(64) PSYoungGen: 222468K(594432K)->160K(590336K) Eden: 222468K(589824K)->0K(589824K) From: 0K(4608K)->160K(512K)
[2026-05-06T01:33:34.798+0100][3.565s][info][gc,heap        ] GC(64) ParOldGen: 203738K(455680K)->203746K(455680K)
[2026-05-06T01:33:34.798+0100][3.565s][info][gc,metaspace   ] GC(64) Metaspace: 19058K(19392K)->19058K(19392K) NonClass: 16818K(17024K)->16818K(17024K) Class: 2239K(2368K)->2239K(2368K)
[2026-05-06T01:33:34.798+0100][3.565s][info][gc             ] GC(64) Pause Young (System.gc()) 416M->199M(1021M) 0.306ms
[2026-05-06T01:33:34.798+0100][3.565s][info][gc,cpu         ] GC(64) User=0.01s Sys=0.00s Real=0.00s
[2026-05-06T01:33:34.798+0100][3.565s][info][gc,start       ] GC(65) Pause Full (System.gc())
[2026-05-06T01:33:34.798+0100][3.565s][info][gc,phases,start] GC(65) Marking Phase
[2026-05-06T01:33:34.803+0100][3.570s][info][gc,phases      ] GC(65) Marking Phase 5.528ms
[2026-05-06T01:33:34.803+0100][3.570s][info][gc,phases,start] GC(65) Summary Phase
[2026-05-06T01:33:34.804+0100][3.571s][info][gc,phases      ] GC(65) Summary Phase 0.009ms
[2026-05-06T01:33:34.804+0100][3.571s][info][gc,phases,start] GC(65) Adjust Roots
[2026-05-06T01:33:34.805+0100][3.572s][info][gc,phases      ] GC(65) Adjust Roots 1.889ms
[2026-05-06T01:33:34.805+0100][3.572s][info][gc,phases,start] GC(65) Compaction Phase
[2026-05-06T01:33:34.808+0100][3.575s][info][gc,phases      ] GC(65) Compaction Phase 2.353ms
[2026-05-06T01:33:34.808+0100][3.575s][info][gc,phases,start] GC(65) Post Compact
[2026-05-06T01:33:34.808+0100][3.575s][info][gc,phases      ] GC(65) Post Compact 0.070ms
[2026-05-06T01:33:34.808+0100][3.575s][info][gc,heap        ] GC(65) PSYoungGen: 160K(590336K)->0K(590336K) Eden: 0K(589824K)->0K(589824K) From: 160K(512K)->0K(512K)
[2026-05-06T01:33:34.808+0100][3.575s][info][gc,heap        ] GC(65) ParOldGen: 203746K(455680K)->203739K(455680K)
[2026-05-06T01:33:34.808+0100][3.575s][info][gc,metaspace   ] GC(65) Metaspace: 19058K(19392K)->19058K(19392K) NonClass: 16818K(17024K)->16818K(17024K) Class: 2239K(2368K)->2239K(2368K)
[2026-05-06T01:33:34.808+0100][3.575s][info][gc             ] GC(65) Pause Full (System.gc()) 199M->198M(1021M) 9.992ms
[2026-05-06T01:33:34.808+0100][3.575s][info][gc,cpu         ] GC(65) User=0.03s Sys=0.00s Real=0.01s
[2026-05-06T01:33:34.857+0100][3.624s][info][gc,start       ] GC(66) Pause Young (System.gc())
[2026-05-06T01:33:34.857+0100][3.624s][info][gc,heap        ] GC(66) PSYoungGen: 191102K(590336K)->32K(593920K) Eden: 191102K(589824K)->0K(589824K) From: 0K(512K)->32K(4096K)
[2026-05-06T01:33:34.857+0100][3.624s][info][gc,heap        ] GC(66) ParOldGen: 203739K(455680K)->203739K(455680K)
[2026-05-06T01:33:34.857+0100][3.624s][info][gc,metaspace   ] GC(66) Metaspace: 19059K(19392K)->19059K(19392K) NonClass: 16819K(17024K)->16819K(17024K) Class: 2239K(2368K)->2239K(2368K)
[2026-05-06T01:33:34.857+0100][3.624s][info][gc             ] GC(66) Pause Young (System.gc()) 385M->198M(1025M) 0.272ms
[2026-05-06T01:33:34.857+0100][3.624s][info][gc,cpu         ] GC(66) User=0.00s Sys=0.00s Real=0.00s
[2026-05-06T01:33:34.857+0100][3.624s][info][gc,start       ] GC(67) Pause Full (System.gc())
[2026-05-06T01:33:34.857+0100][3.624s][info][gc,phases,start] GC(67) Marking Phase
[2026-05-06T01:33:34.863+0100][3.630s][info][gc,phases      ] GC(67) Marking Phase 5.613ms
[2026-05-06T01:33:34.863+0100][3.630s][info][gc,phases,start] GC(67) Summary Phase
[2026-05-06T01:33:34.863+0100][3.630s][info][gc,phases      ] GC(67) Summary Phase 0.006ms
[2026-05-06T01:33:34.863+0100][3.630s][info][gc,phases,start] GC(67) Adjust Roots
[2026-05-06T01:33:34.865+0100][3.632s][info][gc,phases      ] GC(67) Adjust Roots 1.762ms
[2026-05-06T01:33:34.865+0100][3.632s][info][gc,phases,start] GC(67) Compaction Phase
[2026-05-06T01:33:34.866+0100][3.633s][info][gc,phases      ] GC(67) Compaction Phase 1.804ms
[2026-05-06T01:33:34.867+0100][3.634s][info][gc,phases,start] GC(67) Post Compact
[2026-05-06T01:33:34.867+0100][3.634s][info][gc,phases      ] GC(67) Post Compact 0.054ms
[2026-05-06T01:33:34.867+0100][3.634s][info][gc,heap        ] GC(67) PSYoungGen: 32K(593920K)->0K(593920K) Eden: 0K(589824K)->0K(589824K) From: 32K(4096K)->0K(4096K)
[2026-05-06T01:33:34.867+0100][3.634s][info][gc,heap        ] GC(67) ParOldGen: 203739K(455680K)->203737K(455680K)
[2026-05-06T01:33:34.867+0100][3.634s][info][gc,metaspace   ] GC(67) Metaspace: 19059K(19392K)->19059K(19392K) NonClass: 16819K(17024K)->16819K(17024K) Class: 2239K(2368K)->2239K(2368K)
[2026-05-06T01:33:34.867+0100][3.634s][info][gc             ] GC(67) Pause Full (System.gc()) 198M->198M(1025M) 9.331ms
[2026-05-06T01:33:34.867+0100][3.634s][info][gc,cpu         ] GC(67) User=0.02s Sys=0.01s Real=0.01s
[2026-05-06T01:33:34.897+0100][3.664s][info][gc,start       ] GC(68) Pause Young (System.gc())
[2026-05-06T01:33:34.897+0100][3.664s][info][gc,heap        ] GC(68) PSYoungGen: 179298K(593920K)->256K(590336K) Eden: 179298K(589824K)->0K(589824K) From: 0K(4096K)->256K(512K)
[2026-05-06T01:33:34.897+0100][3.664s][info][gc,heap        ] GC(68) ParOldGen: 203737K(455680K)->203737K(455680K)
[2026-05-06T01:33:34.897+0100][3.664s][info][gc,metaspace   ] GC(68) Metaspace: 19059K(19392K)->19059K(19392K) NonClass: 16819K(17024K)->16819K(17024K) Class: 2239K(2368K)->2239K(2368K)
[2026-05-06T01:33:34.897+0100][3.664s][info][gc             ] GC(68) Pause Young (System.gc()) 374M->199M(1021M) 0.286ms
[2026-05-06T01:33:34.897+0100][3.664s][info][gc,cpu         ] GC(68) User=0.00s Sys=0.01s Real=0.00s
[2026-05-06T01:33:34.897+0100][3.664s][info][gc,start       ] GC(69) Pause Full (System.gc())
[2026-05-06T01:33:34.897+0100][3.664s][info][gc,phases,start] GC(69) Marking Phase
[2026-05-06T01:33:34.903+0100][3.670s][info][gc,phases      ] GC(69) Marking Phase 5.518ms
[2026-05-06T01:33:34.903+0100][3.670s][info][gc,phases,start] GC(69) Summary Phase
[2026-05-06T01:33:34.903+0100][3.670s][info][gc,phases      ] GC(69) Summary Phase 0.006ms
[2026-05-06T01:33:34.903+0100][3.670s][info][gc,phases,start] GC(69) Adjust Roots
[2026-05-06T01:33:34.904+0100][3.671s][info][gc,phases      ] GC(69) Adjust Roots 1.770ms
[2026-05-06T01:33:34.904+0100][3.671s][info][gc,phases,start] GC(69) Compaction Phase
[2026-05-06T01:33:34.906+0100][3.673s][info][gc,phases      ] GC(69) Compaction Phase 1.872ms
[2026-05-06T01:33:34.906+0100][3.673s][info][gc,phases,start] GC(69) Post Compact
[2026-05-06T01:33:34.906+0100][3.673s][info][gc,phases      ] GC(69) Post Compact 0.058ms
[2026-05-06T01:33:34.906+0100][3.673s][info][gc,heap        ] GC(69) PSYoungGen: 256K(590336K)->0K(590336K) Eden: 0K(589824K)->0K(589824K) From: 256K(512K)->0K(512K)
[2026-05-06T01:33:34.906+0100][3.673s][info][gc,heap        ] GC(69) ParOldGen: 203737K(455680K)->203740K(455680K)
[2026-05-06T01:33:34.906+0100][3.673s][info][gc,metaspace   ] GC(69) Metaspace: 19059K(19392K)->19059K(19392K) NonClass: 16819K(17024K)->16819K(17024K) Class: 2239K(2368K)->2239K(2368K)
[2026-05-06T01:33:34.906+0100][3.673s][info][gc             ] GC(69) Pause Full (System.gc()) 199M->198M(1021M) 9.301ms
[2026-05-06T01:33:34.906+0100][3.673s][info][gc,cpu         ] GC(69) User=0.03s Sys=0.00s Real=0.01s
[2026-05-06T01:33:34.937+0100][3.704s][info][gc,start       ] GC(70) Pause Young (System.gc())
[2026-05-06T01:33:34.937+0100][3.704s][info][gc,heap        ] GC(70) PSYoungGen: 330727K(590336K)->288K(592384K) Eden: 330727K(589824K)->0K(589824K) From: 0K(512K)->288K(2560K)
[2026-05-06T01:33:34.937+0100][3.704s][info][gc,heap        ] GC(70) ParOldGen: 203740K(455680K)->203740K(455680K)
[2026-05-06T01:33:34.937+0100][3.704s][info][gc,metaspace   ] GC(70) Metaspace: 19060K(19392K)->19060K(19392K) NonClass: 16820K(17024K)->16820K(17024K) Class: 2239K(2368K)->2239K(2368K)
[2026-05-06T01:33:34.937+0100][3.704s][info][gc             ] GC(70) Pause Young (System.gc()) 521M->199M(1023M) 0.287ms
[2026-05-06T01:33:34.937+0100][3.704s][info][gc,cpu         ] GC(70) User=0.00s Sys=0.00s Real=0.00s
[2026-05-06T01:33:34.937+0100][3.704s][info][gc,start       ] GC(71) Pause Full (System.gc())
[2026-05-06T01:33:34.937+0100][3.704s][info][gc,phases,start] GC(71) Marking Phase
[2026-05-06T01:33:34.942+0100][3.709s][info][gc,phases      ] GC(71) Marking Phase 4.891ms
[2026-05-06T01:33:34.942+0100][3.709s][info][gc,phases,start] GC(71) Summary Phase
[2026-05-06T01:33:34.942+0100][3.709s][info][gc,phases      ] GC(71) Summary Phase 0.005ms
[2026-05-06T01:33:34.942+0100][3.709s][info][gc,phases,start] GC(71) Adjust Roots
[2026-05-06T01:33:34.944+0100][3.711s][info][gc,phases      ] GC(71) Adjust Roots 1.774ms
[2026-05-06T01:33:34.944+0100][3.711s][info][gc,phases,start] GC(71) Compaction Phase
[2026-05-06T01:33:34.945+0100][3.712s][info][gc,phases      ] GC(71) Compaction Phase 1.844ms
[2026-05-06T01:33:34.945+0100][3.712s][info][gc,phases,start] GC(71) Post Compact
[2026-05-06T01:33:34.946+0100][3.713s][info][gc,phases      ] GC(71) Post Compact 0.064ms
[2026-05-06T01:33:34.946+0100][3.713s][info][gc,heap        ] GC(71) PSYoungGen: 288K(592384K)->0K(592384K) Eden: 0K(589824K)->0K(589824K) From: 288K(2560K)->0K(2560K)
[2026-05-06T01:33:34.946+0100][3.713s][info][gc,heap        ] GC(71) ParOldGen: 203740K(455680K)->203740K(455680K)
[2026-05-06T01:33:34.946+0100][3.713s][info][gc,metaspace   ] GC(71) Metaspace: 19060K(19392K)->19060K(19392K) NonClass: 16820K(17024K)->16820K(17024K) Class: 2239K(2368K)->2239K(2368K)
[2026-05-06T01:33:34.946+0100][3.713s][info][gc             ] GC(71) Pause Full (System.gc()) 199M->198M(1023M) 8.665ms
[2026-05-06T01:33:34.946+0100][3.713s][info][gc,cpu         ] GC(71) User=0.03s Sys=0.00s Real=0.01s
[2026-05-06T01:33:34.974+0100][3.741s][info][gc,start       ] GC(72) Pause Young (System.gc())
[2026-05-06T01:33:34.974+0100][3.741s][info][gc,heap        ] GC(72) PSYoungGen: 232603K(592384K)->32K(592896K) Eden: 232603K(589824K)->0K(589824K) From: 0K(2560K)->32K(3072K)
[2026-05-06T01:33:34.974+0100][3.741s][info][gc,heap        ] GC(72) ParOldGen: 203740K(455680K)->203740K(455680K)
[2026-05-06T01:33:34.975+0100][3.742s][info][gc,metaspace   ] GC(72) Metaspace: 19062K(19392K)->19062K(19392K) NonClass: 16822K(17024K)->16822K(17024K) Class: 2239K(2368K)->2239K(2368K)
[2026-05-06T01:33:34.975+0100][3.742s][info][gc             ] GC(72) Pause Young (System.gc()) 426M->198M(1024M) 0.211ms
[2026-05-06T01:33:34.975+0100][3.742s][info][gc,cpu         ] GC(72) User=0.00s Sys=0.00s Real=0.00s
[2026-05-06T01:33:34.975+0100][3.742s][info][gc,start       ] GC(73) Pause Full (System.gc())
[2026-05-06T01:33:34.975+0100][3.742s][info][gc,phases,start] GC(73) Marking Phase
[2026-05-06T01:33:34.980+0100][3.747s][info][gc,phases      ] GC(73) Marking Phase 5.061ms
[2026-05-06T01:33:34.980+0100][3.747s][info][gc,phases,start] GC(73) Summary Phase
[2026-05-06T01:33:34.980+0100][3.747s][info][gc,phases      ] GC(73) Summary Phase 0.006ms
[2026-05-06T01:33:34.980+0100][3.747s][info][gc,phases,start] GC(73) Adjust Roots
[2026-05-06T01:33:34.981+0100][3.748s][info][gc,phases      ] GC(73) Adjust Roots 1.585ms
[2026-05-06T01:33:34.981+0100][3.748s][info][gc,phases,start] GC(73) Compaction Phase
[2026-05-06T01:33:34.983+0100][3.750s][info][gc,phases      ] GC(73) Compaction Phase 1.867ms
[2026-05-06T01:33:34.983+0100][3.750s][info][gc,phases,start] GC(73) Post Compact
[2026-05-06T01:33:34.983+0100][3.750s][info][gc,phases      ] GC(73) Post Compact 0.068ms
[2026-05-06T01:33:34.983+0100][3.750s][info][gc,heap        ] GC(73) PSYoungGen: 32K(592896K)->0K(592896K) Eden: 0K(589824K)->0K(589824K) From: 32K(3072K)->0K(3072K)
[2026-05-06T01:33:34.983+0100][3.750s][info][gc,heap        ] GC(73) ParOldGen: 203740K(455680K)->203737K(455680K)
[2026-05-06T01:33:34.983+0100][3.750s][info][gc,metaspace   ] GC(73) Metaspace: 19062K(19392K)->19062K(19392K) NonClass: 16822K(17024K)->16822K(17024K) Class: 2239K(2368K)->2239K(2368K)
[2026-05-06T01:33:34.983+0100][3.750s][info][gc             ] GC(73) Pause Full (System.gc()) 198M->198M(1024M) 8.683ms
[2026-05-06T01:33:34.983+0100][3.750s][info][gc,cpu         ] GC(73) User=0.03s Sys=0.00s Real=0.01s
[2026-05-06T01:33:35.010+0100][3.777s][info][gc,start       ] GC(74) Pause Young (System.gc())
[2026-05-06T01:33:35.011+0100][3.778s][info][gc,heap        ] GC(74) PSYoungGen: 203095K(592896K)->256K(592896K) Eden: 203095K(589824K)->0K(589824K) From: 0K(3072K)->256K(3072K)
[2026-05-06T01:33:35.011+0100][3.778s][info][gc,heap        ] GC(74) ParOldGen: 203737K(455680K)->203737K(455680K)
[2026-05-06T01:33:35.011+0100][3.778s][info][gc,metaspace   ] GC(74) Metaspace: 19074K(19392K)->19074K(19392K) NonClass: 16834K(17024K)->16834K(17024K) Class: 2239K(2368K)->2239K(2368K)
[2026-05-06T01:33:35.011+0100][3.778s][info][gc             ] GC(74) Pause Young (System.gc()) 397M->199M(1024M) 0.276ms
[2026-05-06T01:33:35.011+0100][3.778s][info][gc,cpu         ] GC(74) User=0.00s Sys=0.00s Real=0.00s
[2026-05-06T01:33:35.011+0100][3.778s][info][gc,start       ] GC(75) Pause Full (System.gc())
[2026-05-06T01:33:35.011+0100][3.778s][info][gc,phases,start] GC(75) Marking Phase
[2026-05-06T01:33:35.015+0100][3.782s][info][gc,phases      ] GC(75) Marking Phase 4.514ms
[2026-05-06T01:33:35.015+0100][3.782s][info][gc,phases,start] GC(75) Summary Phase
[2026-05-06T01:33:35.015+0100][3.782s][info][gc,phases      ] GC(75) Summary Phase 0.006ms
[2026-05-06T01:33:35.015+0100][3.782s][info][gc,phases,start] GC(75) Adjust Roots
[2026-05-06T01:33:35.017+0100][3.784s][info][gc,phases      ] GC(75) Adjust Roots 1.547ms
[2026-05-06T01:33:35.017+0100][3.784s][info][gc,phases,start] GC(75) Compaction Phase
[2026-05-06T01:33:35.019+0100][3.786s][info][gc,phases      ] GC(75) Compaction Phase 1.951ms
[2026-05-06T01:33:35.019+0100][3.786s][info][gc,phases,start] GC(75) Post Compact
[2026-05-06T01:33:35.019+0100][3.786s][info][gc,phases      ] GC(75) Post Compact 0.061ms
[2026-05-06T01:33:35.019+0100][3.786s][info][gc,heap        ] GC(75) PSYoungGen: 256K(592896K)->0K(592896K) Eden: 0K(589824K)->0K(589824K) From: 256K(3072K)->0K(3072K)
[2026-05-06T01:33:35.019+0100][3.786s][info][gc,heap        ] GC(75) ParOldGen: 203737K(455680K)->203742K(455680K)
[2026-05-06T01:33:35.019+0100][3.786s][info][gc,metaspace   ] GC(75) Metaspace: 19074K(19392K)->19074K(19392K) NonClass: 16834K(17024K)->16834K(17024K) Class: 2239K(2368K)->2239K(2368K)
[2026-05-06T01:33:35.019+0100][3.786s][info][gc             ] GC(75) Pause Full (System.gc()) 199M->198M(1024M) 8.179ms
[2026-05-06T01:33:35.019+0100][3.786s][info][gc,cpu         ] GC(75) User=0.03s Sys=0.00s Real=0.00s
[2026-05-06T01:33:35.046+0100][3.813s][info][gc,start       ] GC(76) Pause Young (System.gc())
[2026-05-06T01:33:35.046+0100][3.813s][info][gc,heap        ] GC(76) PSYoungGen: 439106K(592896K)->288K(590336K) Eden: 439106K(589824K)->0K(589824K) From: 0K(3072K)->288K(512K)
[2026-05-06T01:33:35.046+0100][3.813s][info][gc,heap        ] GC(76) ParOldGen: 203742K(455680K)->203742K(455680K)
[2026-05-06T01:33:35.046+0100][3.813s][info][gc,metaspace   ] GC(76) Metaspace: 19076K(19392K)->19076K(19392K) NonClass: 16836K(17024K)->16836K(17024K) Class: 2239K(2368K)->2239K(2368K)
[2026-05-06T01:33:35.046+0100][3.813s][info][gc             ] GC(76) Pause Young (System.gc()) 627M->199M(1021M) 0.281ms
[2026-05-06T01:33:35.046+0100][3.813s][info][gc,cpu         ] GC(76) User=0.00s Sys=0.00s Real=0.00s
[2026-05-06T01:33:35.047+0100][3.814s][info][gc,start       ] GC(77) Pause Full (System.gc())
[2026-05-06T01:33:35.047+0100][3.814s][info][gc,phases,start] GC(77) Marking Phase
[2026-05-06T01:33:35.052+0100][3.819s][info][gc,phases      ] GC(77) Marking Phase 5.506ms
[2026-05-06T01:33:35.052+0100][3.819s][info][gc,phases,start] GC(77) Summary Phase
[2026-05-06T01:33:35.052+0100][3.819s][info][gc,phases      ] GC(77) Summary Phase 0.007ms
[2026-05-06T01:33:35.052+0100][3.819s][info][gc,phases,start] GC(77) Adjust Roots
[2026-05-06T01:33:35.054+0100][3.821s][info][gc,phases      ] GC(77) Adjust Roots 1.889ms
[2026-05-06T01:33:35.054+0100][3.821s][info][gc,phases,start] GC(77) Compaction Phase
[2026-05-06T01:33:35.056+0100][3.823s][info][gc,phases      ] GC(77) Compaction Phase 1.913ms
[2026-05-06T01:33:35.056+0100][3.823s][info][gc,phases,start] GC(77) Post Compact
[2026-05-06T01:33:35.056+0100][3.823s][info][gc,phases      ] GC(77) Post Compact 0.073ms
[2026-05-06T01:33:35.056+0100][3.823s][info][gc,heap        ] GC(77) PSYoungGen: 288K(590336K)->0K(590336K) Eden: 0K(589824K)->0K(589824K) From: 288K(512K)->0K(512K)
[2026-05-06T01:33:35.056+0100][3.823s][info][gc,heap        ] GC(77) ParOldGen: 203742K(455680K)->203742K(455680K)
[2026-05-06T01:33:35.056+0100][3.823s][info][gc,metaspace   ] GC(77) Metaspace: 19076K(19392K)->19076K(19392K) NonClass: 16836K(17024K)->16836K(17024K) Class: 2239K(2368K)->2239K(2368K)
[2026-05-06T01:33:35.056+0100][3.823s][info][gc             ] GC(77) Pause Full (System.gc()) 199M->198M(1021M) 9.502ms
[2026-05-06T01:33:35.056+0100][3.823s][info][gc,cpu         ] GC(77) User=0.03s Sys=0.01s Real=0.01s
[2026-05-06T01:33:35.083+0100][3.850s][info][gc,start       ] GC(78) Pause Young (System.gc())
[2026-05-06T01:33:35.083+0100][3.850s][info][gc,heap        ] GC(78) PSYoungGen: 274714K(590336K)->32K(592384K) Eden: 274714K(589824K)->0K(589824K) From: 0K(512K)->32K(2560K)
[2026-05-06T01:33:35.083+0100][3.850s][info][gc,heap        ] GC(78) ParOldGen: 203742K(455680K)->203742K(455680K)
[2026-05-06T01:33:35.083+0100][3.850s][info][gc,metaspace   ] GC(78) Metaspace: 19085K(19392K)->19085K(19392K) NonClass: 16845K(17024K)->16845K(17024K) Class: 2239K(2368K)->2239K(2368K)
[2026-05-06T01:33:35.083+0100][3.850s][info][gc             ] GC(78) Pause Young (System.gc()) 467M->198M(1023M) 0.265ms
[2026-05-06T01:33:35.083+0100][3.850s][info][gc,cpu         ] GC(78) User=0.00s Sys=0.00s Real=0.00s
[2026-05-06T01:33:35.083+0100][3.850s][info][gc,start       ] GC(79) Pause Full (System.gc())
[2026-05-06T01:33:35.083+0100][3.850s][info][gc,phases,start] GC(79) Marking Phase
[2026-05-06T01:33:35.087+0100][3.854s][info][gc,phases      ] GC(79) Marking Phase 4.641ms
[2026-05-06T01:33:35.088+0100][3.854s][info][gc,phases,start] GC(79) Summary Phase
[2026-05-06T01:33:35.088+0100][3.855s][info][gc,phases      ] GC(79) Summary Phase 0.006ms
[2026-05-06T01:33:35.088+0100][3.855s][info][gc,phases,start] GC(79) Adjust Roots
[2026-05-06T01:33:35.089+0100][3.856s][info][gc,phases      ] GC(79) Adjust Roots 1.617ms
[2026-05-06T01:33:35.089+0100][3.856s][info][gc,phases,start] GC(79) Compaction Phase
[2026-05-06T01:33:35.091+0100][3.858s][info][gc,phases      ] GC(79) Compaction Phase 1.916ms
[2026-05-06T01:33:35.091+0100][3.858s][info][gc,phases,start] GC(79) Post Compact
[2026-05-06T01:33:35.091+0100][3.858s][info][gc,phases      ] GC(79) Post Compact 0.064ms
[2026-05-06T01:33:35.091+0100][3.858s][info][gc,heap        ] GC(79) PSYoungGen: 32K(592384K)->0K(592384K) Eden: 0K(589824K)->0K(589824K) From: 32K(2560K)->0K(2560K)
[2026-05-06T01:33:35.091+0100][3.858s][info][gc,heap        ] GC(79) ParOldGen: 203742K(455680K)->203738K(455680K)
[2026-05-06T01:33:35.091+0100][3.858s][info][gc,metaspace   ] GC(79) Metaspace: 19085K(19392K)->19085K(19392K) NonClass: 16845K(17024K)->16845K(17024K) Class: 2239K(2368K)->2239K(2368K)
[2026-05-06T01:33:35.091+0100][3.858s][info][gc             ] GC(79) Pause Full (System.gc()) 198M->198M(1023M) 8.333ms
[2026-05-06T01:33:35.091+0100][3.858s][info][gc,cpu         ] GC(79) User=0.03s Sys=0.00s Real=0.01s
[2026-05-06T01:33:35.117+0100][3.884s][info][gc,start       ] GC(80) Pause Young (System.gc())
[2026-05-06T01:33:35.118+0100][3.885s][info][gc,heap        ] GC(80) PSYoungGen: 205854K(592384K)->256K(592384K) Eden: 205854K(589824K)->0K(589824K) From: 0K(2560K)->256K(2560K)
[2026-05-06T01:33:35.118+0100][3.885s][info][gc,heap        ] GC(80) ParOldGen: 203738K(455680K)->203738K(455680K)
[2026-05-06T01:33:35.118+0100][3.885s][info][gc,metaspace   ] GC(80) Metaspace: 19085K(19392K)->19085K(19392K) NonClass: 16845K(17024K)->16845K(17024K) Class: 2239K(2368K)->2239K(2368K)
[2026-05-06T01:33:35.118+0100][3.885s][info][gc             ] GC(80) Pause Young (System.gc()) 399M->199M(1023M) 0.304ms
[2026-05-06T01:33:35.118+0100][3.885s][info][gc,cpu         ] GC(80) User=0.00s Sys=0.00s Real=0.00s
[2026-05-06T01:33:35.118+0100][3.885s][info][gc,start       ] GC(81) Pause Full (System.gc())
[2026-05-06T01:33:35.118+0100][3.885s][info][gc,phases,start] GC(81) Marking Phase
[2026-05-06T01:33:35.123+0100][3.890s][info][gc,phases      ] GC(81) Marking Phase 5.289ms
[2026-05-06T01:33:35.123+0100][3.890s][info][gc,phases,start] GC(81) Summary Phase
[2026-05-06T01:33:35.123+0100][3.890s][info][gc,phases      ] GC(81) Summary Phase 0.006ms
[2026-05-06T01:33:35.123+0100][3.890s][info][gc,phases,start] GC(81) Adjust Roots
[2026-05-06T01:33:35.125+0100][3.892s][info][gc,phases      ] GC(81) Adjust Roots 1.673ms
[2026-05-06T01:33:35.125+0100][3.892s][info][gc,phases,start] GC(81) Compaction Phase
[2026-05-06T01:33:35.127+0100][3.894s][info][gc,phases      ] GC(81) Compaction Phase 1.980ms
[2026-05-06T01:33:35.127+0100][3.894s][info][gc,phases,start] GC(81) Post Compact
[2026-05-06T01:33:35.127+0100][3.894s][info][gc,phases      ] GC(81) Post Compact 0.065ms
[2026-05-06T01:33:35.127+0100][3.894s][info][gc,heap        ] GC(81) PSYoungGen: 256K(592384K)->0K(592384K) Eden: 0K(589824K)->0K(589824K) From: 256K(2560K)->0K(2560K)
[2026-05-06T01:33:35.127+0100][3.894s][info][gc,heap        ] GC(81) ParOldGen: 203738K(455680K)->203744K(455680K)
[2026-05-06T01:33:35.127+0100][3.894s][info][gc,metaspace   ] GC(81) Metaspace: 19085K(19392K)->19085K(19392K) NonClass: 16845K(17024K)->16845K(17024K) Class: 2239K(2368K)->2239K(2368K)
[2026-05-06T01:33:35.127+0100][3.894s][info][gc             ] GC(81) Pause Full (System.gc()) 199M->198M(1023M) 9.106ms
[2026-05-06T01:33:35.127+0100][3.894s][info][gc,cpu         ] GC(81) User=0.02s Sys=0.01s Real=0.01s
[2026-05-06T01:33:35.155+0100][3.922s][info][gc,start       ] GC(82) Pause Young (System.gc())
[2026-05-06T01:33:35.155+0100][3.922s][info][gc,heap        ] GC(82) PSYoungGen: 416336K(592384K)->192K(591360K) Eden: 416336K(589824K)->0K(589824K) From: 0K(2560K)->192K(1536K)
[2026-05-06T01:33:35.155+0100][3.922s][info][gc,heap        ] GC(82) ParOldGen: 203744K(455680K)->203744K(455680K)
[2026-05-06T01:33:35.155+0100][3.922s][info][gc,metaspace   ] GC(82) Metaspace: 19086K(19392K)->19086K(19392K) NonClass: 16846K(17024K)->16846K(17024K) Class: 2239K(2368K)->2239K(2368K)
[2026-05-06T01:33:35.155+0100][3.922s][info][gc             ] GC(82) Pause Young (System.gc()) 605M->199M(1022M) 0.391ms
[2026-05-06T01:33:35.155+0100][3.922s][info][gc,cpu         ] GC(82) User=0.00s Sys=0.00s Real=0.00s
[2026-05-06T01:33:35.155+0100][3.922s][info][gc,start       ] GC(83) Pause Full (System.gc())
[2026-05-06T01:33:35.155+0100][3.922s][info][gc,phases,start] GC(83) Marking Phase
[2026-05-06T01:33:35.159+0100][3.926s][info][gc,phases      ] GC(83) Marking Phase 4.353ms
[2026-05-06T01:33:35.159+0100][3.926s][info][gc,phases,start] GC(83) Summary Phase
[2026-05-06T01:33:35.159+0100][3.926s][info][gc,phases      ] GC(83) Summary Phase 0.006ms
[2026-05-06T01:33:35.159+0100][3.926s][info][gc,phases,start] GC(83) Adjust Roots
[2026-05-06T01:33:35.161+0100][3.928s][info][gc,phases      ] GC(83) Adjust Roots 1.734ms
[2026-05-06T01:33:35.161+0100][3.928s][info][gc,phases,start] GC(83) Compaction Phase
[2026-05-06T01:33:35.163+0100][3.930s][info][gc,phases      ] GC(83) Compaction Phase 1.898ms
[2026-05-06T01:33:35.163+0100][3.930s][info][gc,phases,start] GC(83) Post Compact
[2026-05-06T01:33:35.163+0100][3.930s][info][gc,phases      ] GC(83) Post Compact 0.060ms
[2026-05-06T01:33:35.163+0100][3.930s][info][gc,heap        ] GC(83) PSYoungGen: 192K(591360K)->0K(591360K) Eden: 0K(589824K)->0K(589824K) From: 192K(1536K)->0K(1536K)
[2026-05-06T01:33:35.163+0100][3.930s][info][gc,heap        ] GC(83) ParOldGen: 203744K(455680K)->203745K(455680K)
[2026-05-06T01:33:35.163+0100][3.930s][info][gc,metaspace   ] GC(83) Metaspace: 19086K(19392K)->19086K(19392K) NonClass: 16846K(17024K)->16846K(17024K) Class: 2239K(2368K)->2239K(2368K)
[2026-05-06T01:33:35.163+0100][3.930s][info][gc             ] GC(83) Pause Full (System.gc()) 199M->198M(1022M) 8.141ms
[2026-05-06T01:33:35.163+0100][3.930s][info][gc,cpu         ] GC(83) User=0.02s Sys=0.00s Real=0.01s
[2026-05-06T01:33:35.190+0100][3.957s][info][gc,start       ] GC(84) Pause Young (System.gc())
[2026-05-06T01:33:35.191+0100][3.958s][info][gc,heap        ] GC(84) PSYoungGen: 279584K(591360K)->96K(591872K) Eden: 279584K(589824K)->0K(589824K) From: 0K(1536K)->96K(2048K)
[2026-05-06T01:33:35.191+0100][3.958s][info][gc,heap        ] GC(84) ParOldGen: 203745K(455680K)->203745K(455680K)
[2026-05-06T01:33:35.191+0100][3.958s][info][gc,metaspace   ] GC(84) Metaspace: 19086K(19392K)->19086K(19392K) NonClass: 16846K(17024K)->16846K(17024K) Class: 2239K(2368K)->2239K(2368K)
[2026-05-06T01:33:35.191+0100][3.958s][info][gc             ] GC(84) Pause Young (System.gc()) 472M->199M(1023M) 0.306ms
[2026-05-06T01:33:35.191+0100][3.958s][info][gc,cpu         ] GC(84) User=0.00s Sys=0.00s Real=0.00s
[2026-05-06T01:33:35.191+0100][3.958s][info][gc,start       ] GC(85) Pause Full (System.gc())
[2026-05-06T01:33:35.191+0100][3.958s][info][gc,phases,start] GC(85) Marking Phase
[2026-05-06T01:33:35.196+0100][3.963s][info][gc,phases      ] GC(85) Marking Phase 5.554ms
[2026-05-06T01:33:35.196+0100][3.963s][info][gc,phases,start] GC(85) Summary Phase
[2026-05-06T01:33:35.196+0100][3.963s][info][gc,phases      ] GC(85) Summary Phase 0.007ms
[2026-05-06T01:33:35.196+0100][3.963s][info][gc,phases,start] GC(85) Adjust Roots
[2026-05-06T01:33:35.198+0100][3.965s][info][gc,phases      ] GC(85) Adjust Roots 1.638ms
[2026-05-06T01:33:35.198+0100][3.965s][info][gc,phases,start] GC(85) Compaction Phase
[2026-05-06T01:33:35.200+0100][3.967s][info][gc,phases      ] GC(85) Compaction Phase 1.919ms
[2026-05-06T01:33:35.200+0100][3.967s][info][gc,phases,start] GC(85) Post Compact
[2026-05-06T01:33:35.200+0100][3.967s][info][gc,phases      ] GC(85) Post Compact 0.062ms
[2026-05-06T01:33:35.200+0100][3.967s][info][gc,heap        ] GC(85) PSYoungGen: 96K(591872K)->0K(591872K) Eden: 0K(589824K)->0K(589824K) From: 96K(2048K)->0K(2048K)
[2026-05-06T01:33:35.200+0100][3.967s][info][gc,heap        ] GC(85) ParOldGen: 203745K(455680K)->203738K(455680K)
[2026-05-06T01:33:35.200+0100][3.967s][info][gc,metaspace   ] GC(85) Metaspace: 19086K(19392K)->19086K(19392K) NonClass: 16846K(17024K)->16846K(17024K) Class: 2239K(2368K)->2239K(2368K)
[2026-05-06T01:33:35.200+0100][3.967s][info][gc             ] GC(85) Pause Full (System.gc()) 199M->198M(1023M) 9.267ms
[2026-05-06T01:33:35.200+0100][3.967s][info][gc,cpu         ] GC(85) User=0.03s Sys=0.00s Real=0.01s
[2026-05-06T01:33:35.229+0100][3.996s][info][gc,start       ] GC(86) Pause Young (System.gc())
[2026-05-06T01:33:35.229+0100][3.996s][info][gc,heap        ] GC(86) PSYoungGen: 202844K(591872K)->288K(591872K) Eden: 202844K(589824K)->0K(589824K) From: 0K(2048K)->288K(2048K)
[2026-05-06T01:33:35.229+0100][3.996s][info][gc,heap        ] GC(86) ParOldGen: 203738K(455680K)->203738K(455680K)
[2026-05-06T01:33:35.229+0100][3.996s][info][gc,metaspace   ] GC(86) Metaspace: 19089K(19392K)->19089K(19392K) NonClass: 16849K(17024K)->16849K(17024K) Class: 2239K(2368K)->2239K(2368K)
[2026-05-06T01:33:35.229+0100][3.996s][info][gc             ] GC(86) Pause Young (System.gc()) 397M->199M(1023M) 0.248ms
[2026-05-06T01:33:35.229+0100][3.996s][info][gc,cpu         ] GC(86) User=0.00s Sys=0.00s Real=0.00s
[2026-05-06T01:33:35.229+0100][3.996s][info][gc,start       ] GC(87) Pause Full (System.gc())
[2026-05-06T01:33:35.229+0100][3.996s][info][gc,phases,start] GC(87) Marking Phase
[2026-05-06T01:33:35.234+0100][4.001s][info][gc,phases      ] GC(87) Marking Phase 4.672ms
[2026-05-06T01:33:35.234+0100][4.001s][info][gc,phases,start] GC(87) Summary Phase
[2026-05-06T01:33:35.234+0100][4.001s][info][gc,phases      ] GC(87) Summary Phase 0.007ms
[2026-05-06T01:33:35.234+0100][4.001s][info][gc,phases,start] GC(87) Adjust Roots
[2026-05-06T01:33:35.236+0100][4.003s][info][gc,phases      ] GC(87) Adjust Roots 1.794ms
[2026-05-06T01:33:35.236+0100][4.003s][info][gc,phases,start] GC(87) Compaction Phase
[2026-05-06T01:33:35.238+0100][4.005s][info][gc,phases      ] GC(87) Compaction Phase 2.030ms
[2026-05-06T01:33:35.238+0100][4.005s][info][gc,phases,start] GC(87) Post Compact
[2026-05-06T01:33:35.238+0100][4.005s][info][gc,phases      ] GC(87) Post Compact 0.066ms
[2026-05-06T01:33:35.238+0100][4.005s][info][gc,heap        ] GC(87) PSYoungGen: 288K(591872K)->0K(591872K) Eden: 0K(589824K)->0K(589824K) From: 288K(2048K)->0K(2048K)
[2026-05-06T01:33:35.238+0100][4.005s][info][gc,heap        ] GC(87) ParOldGen: 203738K(455680K)->203748K(455680K)
[2026-05-06T01:33:35.238+0100][4.005s][info][gc,metaspace   ] GC(87) Metaspace: 19089K(19392K)->19089K(19392K) NonClass: 16849K(17024K)->16849K(17024K) Class: 2239K(2368K)->2239K(2368K)
[2026-05-06T01:33:35.238+0100][4.005s][info][gc             ] GC(87) Pause Full (System.gc()) 199M->198M(1023M) 8.665ms
[2026-05-06T01:33:35.238+0100][4.005s][info][gc,cpu         ] GC(87) User=0.03s Sys=0.00s Real=0.01s
[2026-05-06T01:33:35.268+0100][4.035s][info][gc,start       ] GC(88) Pause Young (System.gc())
[2026-05-06T01:33:35.268+0100][4.035s][info][gc,heap        ] GC(88) PSYoungGen: 396993K(591872K)->288K(590336K) Eden: 396993K(589824K)->0K(589824K) From: 0K(2048K)->288K(512K)
[2026-05-06T01:33:35.268+0100][4.035s][info][gc,heap        ] GC(88) ParOldGen: 203748K(455680K)->203748K(455680K)
[2026-05-06T01:33:35.268+0100][4.035s][info][gc,metaspace   ] GC(88) Metaspace: 19092K(19392K)->19092K(19392K) NonClass: 16852K(17024K)->16852K(17024K) Class: 2239K(2368K)->2239K(2368K)
[2026-05-06T01:33:35.268+0100][4.035s][info][gc             ] GC(88) Pause Young (System.gc()) 586M->199M(1021M) 0.368ms
[2026-05-06T01:33:35.268+0100][4.035s][info][gc,cpu         ] GC(88) User=0.00s Sys=0.00s Real=0.00s
[2026-05-06T01:33:35.268+0100][4.035s][info][gc,start       ] GC(89) Pause Full (System.gc())
[2026-05-06T01:33:35.268+0100][4.035s][info][gc,phases,start] GC(89) Marking Phase
[2026-05-06T01:33:35.274+0100][4.041s][info][gc,phases      ] GC(89) Marking Phase 5.519ms
[2026-05-06T01:33:35.274+0100][4.041s][info][gc,phases,start] GC(89) Summary Phase
[2026-05-06T01:33:35.274+0100][4.041s][info][gc,phases      ] GC(89) Summary Phase 0.012ms
[2026-05-06T01:33:35.274+0100][4.041s][info][gc,phases,start] GC(89) Adjust Roots
[2026-05-06T01:33:35.276+0100][4.043s][info][gc,phases      ] GC(89) Adjust Roots 2.023ms
[2026-05-06T01:33:35.276+0100][4.043s][info][gc,phases,start] GC(89) Compaction Phase
[2026-05-06T01:33:35.278+0100][4.045s][info][gc,phases      ] GC(89) Compaction Phase 2.095ms
[2026-05-06T01:33:35.278+0100][4.045s][info][gc,phases,start] GC(89) Post Compact
[2026-05-06T01:33:35.278+0100][4.045s][info][gc,phases      ] GC(89) Post Compact 0.089ms
[2026-05-06T01:33:35.278+0100][4.045s][info][gc,heap        ] GC(89) PSYoungGen: 288K(590336K)->0K(590336K) Eden: 0K(589824K)->0K(589824K) From: 288K(512K)->0K(512K)
[2026-05-06T01:33:35.278+0100][4.045s][info][gc,heap        ] GC(89) ParOldGen: 203748K(455680K)->203748K(455680K)
[2026-05-06T01:33:35.278+0100][4.045s][info][gc,metaspace   ] GC(89) Metaspace: 19092K(19392K)->19092K(19392K) NonClass: 16852K(17024K)->16852K(17024K) Class: 2239K(2368K)->2239K(2368K)
[2026-05-06T01:33:35.278+0100][4.045s][info][gc             ] GC(89) Pause Full (System.gc()) 199M->198M(1021M) 9.908ms
[2026-05-06T01:33:35.278+0100][4.045s][info][gc,cpu         ] GC(89) User=0.03s Sys=0.01s Real=0.01s
[2026-05-06T01:33:35.306+0100][4.073s][info][gc,start       ] GC(90) Pause Young (System.gc())
[2026-05-06T01:33:35.306+0100][4.073s][info][gc,heap        ] GC(90) PSYoungGen: 304094K(590336K)->64K(591360K) Eden: 304094K(589824K)->0K(589824K) From: 0K(512K)->64K(1536K)
[2026-05-06T01:33:35.307+0100][4.074s][info][gc,heap        ] GC(90) ParOldGen: 203748K(455680K)->203748K(455680K)
[2026-05-06T01:33:35.307+0100][4.074s][info][gc,metaspace   ] GC(90) Metaspace: 19092K(19392K)->19092K(19392K) NonClass: 16852K(17024K)->16852K(17024K) Class: 2239K(2368K)->2239K(2368K)
[2026-05-06T01:33:35.307+0100][4.074s][info][gc             ] GC(90) Pause Young (System.gc()) 495M->199M(1022M) 0.269ms
[2026-05-06T01:33:35.307+0100][4.074s][info][gc,cpu         ] GC(90) User=0.00s Sys=0.00s Real=0.00s
[2026-05-06T01:33:35.307+0100][4.074s][info][gc,start       ] GC(91) Pause Full (System.gc())
[2026-05-06T01:33:35.307+0100][4.074s][info][gc,phases,start] GC(91) Marking Phase
[2026-05-06T01:33:35.312+0100][4.079s][info][gc,phases      ] GC(91) Marking Phase 5.254ms
[2026-05-06T01:33:35.312+0100][4.079s][info][gc,phases,start] GC(91) Summary Phase
[2026-05-06T01:33:35.312+0100][4.079s][info][gc,phases      ] GC(91) Summary Phase 0.008ms
[2026-05-06T01:33:35.312+0100][4.079s][info][gc,phases,start] GC(91) Adjust Roots
[2026-05-06T01:33:35.314+0100][4.081s][info][gc,phases      ] GC(91) Adjust Roots 1.844ms
[2026-05-06T01:33:35.314+0100][4.081s][info][gc,phases,start] GC(91) Compaction Phase
[2026-05-06T01:33:35.316+0100][4.083s][info][gc,phases      ] GC(91) Compaction Phase 2.062ms
[2026-05-06T01:33:35.316+0100][4.083s][info][gc,phases,start] GC(91) Post Compact
[2026-05-06T01:33:35.316+0100][4.083s][info][gc,phases      ] GC(91) Post Compact 0.081ms
[2026-05-06T01:33:35.316+0100][4.083s][info][gc,heap        ] GC(91) PSYoungGen: 64K(591360K)->0K(591360K) Eden: 0K(589824K)->0K(589824K) From: 64K(1536K)->0K(1536K)
[2026-05-06T01:33:35.316+0100][4.083s][info][gc,heap        ] GC(91) ParOldGen: 203748K(455680K)->203738K(455680K)
[2026-05-06T01:33:35.316+0100][4.083s][info][gc,metaspace   ] GC(91) Metaspace: 19092K(19392K)->19092K(19392K) NonClass: 16852K(17024K)->16852K(17024K) Class: 2239K(2368K)->2239K(2368K)
[2026-05-06T01:33:35.316+0100][4.083s][info][gc             ] GC(91) Pause Full (System.gc()) 199M->198M(1022M) 9.383ms
[2026-05-06T01:33:35.316+0100][4.083s][info][gc,cpu         ] GC(91) User=0.03s Sys=0.01s Real=0.01s
[2026-05-06T01:33:35.341+0100][4.108s][info][gc,start       ] GC(92) Pause Young (System.gc())
[2026-05-06T01:33:35.341+0100][4.108s][info][gc,heap        ] GC(92) PSYoungGen: 118053K(591360K)->64K(591360K) Eden: 118053K(589824K)->0K(589824K) From: 0K(1536K)->64K(1536K)
[2026-05-06T01:33:35.341+0100][4.108s][info][gc,heap        ] GC(92) ParOldGen: 203738K(455680K)->203738K(455680K)
[2026-05-06T01:33:35.341+0100][4.108s][info][gc,metaspace   ] GC(92) Metaspace: 19092K(19392K)->19092K(19392K) NonClass: 16852K(17024K)->16852K(17024K) Class: 2239K(2368K)->2239K(2368K)
[2026-05-06T01:33:35.341+0100][4.108s][info][gc             ] GC(92) Pause Young (System.gc()) 314M->199M(1022M) 0.288ms
[2026-05-06T01:33:35.341+0100][4.108s][info][gc,cpu         ] GC(92) User=0.00s Sys=0.00s Real=0.00s
[2026-05-06T01:33:35.341+0100][4.108s][info][gc,start       ] GC(93) Pause Full (System.gc())
[2026-05-06T01:33:35.341+0100][4.108s][info][gc,phases,start] GC(93) Marking Phase
[2026-05-06T01:33:35.347+0100][4.114s][info][gc,phases      ] GC(93) Marking Phase 6.181ms
[2026-05-06T01:33:35.347+0100][4.114s][info][gc,phases,start] GC(93) Summary Phase
[2026-05-06T01:33:35.347+0100][4.114s][info][gc,phases      ] GC(93) Summary Phase 0.011ms
[2026-05-06T01:33:35.347+0100][4.114s][info][gc,phases,start] GC(93) Adjust Roots
[2026-05-06T01:33:35.349+0100][4.116s][info][gc,phases      ] GC(93) Adjust Roots 1.893ms
[2026-05-06T01:33:35.349+0100][4.116s][info][gc,phases,start] GC(93) Compaction Phase
[2026-05-06T01:33:35.351+0100][4.118s][info][gc,phases      ] GC(93) Compaction Phase 2.105ms
[2026-05-06T01:33:35.351+0100][4.118s][info][gc,phases,start] GC(93) Post Compact
[2026-05-06T01:33:35.351+0100][4.118s][info][gc,phases      ] GC(93) Post Compact 0.074ms
[2026-05-06T01:33:35.351+0100][4.118s][info][gc,heap        ] GC(93) PSYoungGen: 64K(591360K)->0K(591360K) Eden: 0K(589824K)->0K(589824K) From: 64K(1536K)->0K(1536K)
[2026-05-06T01:33:35.351+0100][4.118s][info][gc,heap        ] GC(93) ParOldGen: 203738K(455680K)->203739K(455680K)
[2026-05-06T01:33:35.351+0100][4.118s][info][gc,metaspace   ] GC(93) Metaspace: 19092K(19392K)->19092K(19392K) NonClass: 16852K(17024K)->16852K(17024K) Class: 2239K(2368K)->2239K(2368K)
[2026-05-06T01:33:35.351+0100][4.118s][info][gc             ] GC(93) Pause Full (System.gc()) 199M->198M(1022M) 10.364ms
[2026-05-06T01:33:35.351+0100][4.118s][info][gc,cpu         ] GC(93) User=0.03s Sys=0.01s Real=0.01s
[2026-05-06T01:33:35.374+0100][4.141s][info][gc,start       ] GC(94) Pause Young (System.gc())
[2026-05-06T01:33:35.375+0100][4.142s][info][gc,heap        ] GC(94) PSYoungGen: 116578K(591360K)->32K(591360K) Eden: 116578K(589824K)->0K(589824K) From: 0K(1536K)->32K(1536K)
[2026-05-06T01:33:35.375+0100][4.142s][info][gc,heap        ] GC(94) ParOldGen: 203739K(455680K)->203739K(455680K)
[2026-05-06T01:33:35.375+0100][4.142s][info][gc,metaspace   ] GC(94) Metaspace: 19104K(19392K)->19104K(19392K) NonClass: 16864K(17024K)->16864K(17024K) Class: 2239K(2368K)->2239K(2368K)
[2026-05-06T01:33:35.375+0100][4.142s][info][gc             ] GC(94) Pause Young (System.gc()) 312M->198M(1022M) 0.248ms
[2026-05-06T01:33:35.375+0100][4.142s][info][gc,cpu         ] GC(94) User=0.01s Sys=0.00s Real=0.00s
[2026-05-06T01:33:35.375+0100][4.142s][info][gc,start       ] GC(95) Pause Full (System.gc())
[2026-05-06T01:33:35.375+0100][4.142s][info][gc,phases,start] GC(95) Marking Phase
[2026-05-06T01:33:35.380+0100][4.147s][info][gc,phases      ] GC(95) Marking Phase 5.440ms
[2026-05-06T01:33:35.380+0100][4.147s][info][gc,phases,start] GC(95) Summary Phase
[2026-05-06T01:33:35.380+0100][4.147s][info][gc,phases      ] GC(95) Summary Phase 0.010ms
[2026-05-06T01:33:35.380+0100][4.147s][info][gc,phases,start] GC(95) Adjust Roots
[2026-05-06T01:33:35.382+0100][4.149s][info][gc,phases      ] GC(95) Adjust Roots 1.885ms
[2026-05-06T01:33:35.382+0100][4.149s][info][gc,phases,start] GC(95) Compaction Phase
[2026-05-06T01:33:35.384+0100][4.151s][info][gc,phases      ] GC(95) Compaction Phase 2.326ms
[2026-05-06T01:33:35.384+0100][4.151s][info][gc,phases,start] GC(95) Post Compact
[2026-05-06T01:33:35.384+0100][4.151s][info][gc,phases      ] GC(95) Post Compact 0.077ms
[2026-05-06T01:33:35.384+0100][4.151s][info][gc,heap        ] GC(95) PSYoungGen: 32K(591360K)->0K(591360K) Eden: 0K(589824K)->0K(589824K) From: 32K(1536K)->0K(1536K)
[2026-05-06T01:33:35.384+0100][4.151s][info][gc,heap        ] GC(95) ParOldGen: 203739K(455680K)->203739K(455680K)
[2026-05-06T01:33:35.384+0100][4.151s][info][gc,metaspace   ] GC(95) Metaspace: 19104K(19392K)->19104K(19392K) NonClass: 16864K(17024K)->16864K(17024K) Class: 2239K(2368K)->2239K(2368K)
[2026-05-06T01:33:35.384+0100][4.151s][info][gc             ] GC(95) Pause Full (System.gc()) 198M->198M(1022M) 9.862ms
[2026-05-06T01:33:35.384+0100][4.151s][info][gc,cpu         ] GC(95) User=0.02s Sys=0.00s Real=0.01s
[2026-05-06T01:33:35.519+0100][4.286s][info][gc,start       ] GC(96) Pause Young (System.gc())
[2026-05-06T01:33:35.519+0100][4.286s][info][gc,heap        ] GC(96) PSYoungGen: 202872K(591360K)->64K(591360K) Eden: 202872K(589824K)->0K(589824K) From: 0K(1536K)->64K(1536K)
[2026-05-06T01:33:35.519+0100][4.286s][info][gc,heap        ] GC(96) ParOldGen: 203739K(455680K)->203739K(455680K)
[2026-05-06T01:33:35.519+0100][4.286s][info][gc,metaspace   ] GC(96) Metaspace: 19104K(19392K)->19104K(19392K) NonClass: 16864K(17024K)->16864K(17024K) Class: 2239K(2368K)->2239K(2368K)
[2026-05-06T01:33:35.519+0100][4.286s][info][gc             ] GC(96) Pause Young (System.gc()) 397M->199M(1022M) 0.326ms
[2026-05-06T01:33:35.519+0100][4.286s][info][gc,cpu         ] GC(96) User=0.00s Sys=0.00s Real=0.00s
[2026-05-06T01:33:35.519+0100][4.286s][info][gc,start       ] GC(97) Pause Full (System.gc())
[2026-05-06T01:33:35.519+0100][4.286s][info][gc,phases,start] GC(97) Marking Phase
[2026-05-06T01:33:35.524+0100][4.291s][info][gc,phases      ] GC(97) Marking Phase 4.609ms
[2026-05-06T01:33:35.524+0100][4.291s][info][gc,phases,start] GC(97) Summary Phase
[2026-05-06T01:33:35.524+0100][4.291s][info][gc,phases      ] GC(97) Summary Phase 0.005ms
[2026-05-06T01:33:35.524+0100][4.291s][info][gc,phases,start] GC(97) Adjust Roots
[2026-05-06T01:33:35.525+0100][4.292s][info][gc,phases      ] GC(97) Adjust Roots 1.560ms
[2026-05-06T01:33:35.525+0100][4.292s][info][gc,phases,start] GC(97) Compaction Phase
[2026-05-06T01:33:35.527+0100][4.294s][info][gc,phases      ] GC(97) Compaction Phase 1.929ms
[2026-05-06T01:33:35.527+0100][4.294s][info][gc,phases,start] GC(97) Post Compact
[2026-05-06T01:33:35.527+0100][4.294s][info][gc,phases      ] GC(97) Post Compact 0.049ms
[2026-05-06T01:33:35.527+0100][4.294s][info][gc,heap        ] GC(97) PSYoungGen: 64K(591360K)->0K(591360K) Eden: 0K(589824K)->0K(589824K) From: 64K(1536K)->0K(1536K)
[2026-05-06T01:33:35.527+0100][4.294s][info][gc,heap        ] GC(97) ParOldGen: 203739K(455680K)->203739K(455680K)
[2026-05-06T01:33:35.527+0100][4.294s][info][gc,metaspace   ] GC(97) Metaspace: 19104K(19392K)->19104K(19392K) NonClass: 16864K(17024K)->16864K(17024K) Class: 2239K(2368K)->2239K(2368K)
[2026-05-06T01:33:35.527+0100][4.294s][info][gc             ] GC(97) Pause Full (System.gc()) 199M->198M(1022M) 8.240ms
[2026-05-06T01:33:35.527+0100][4.294s][info][gc,cpu         ] GC(97) User=0.03s Sys=0.00s Real=0.01s
[2026-05-06T01:33:35.992+0100][4.759s][info][gc,start       ] GC(98) Pause Young (System.gc())
[2026-05-06T01:33:35.993+0100][4.760s][info][gc,heap        ] GC(98) PSYoungGen: 482693K(591360K)->32K(591360K) Eden: 482693K(589824K)->0K(589824K) From: 0K(1536K)->32K(1536K)
[2026-05-06T01:33:35.993+0100][4.760s][info][gc,heap        ] GC(98) ParOldGen: 203739K(455680K)->203739K(455680K)
[2026-05-06T01:33:35.993+0100][4.760s][info][gc,metaspace   ] GC(98) Metaspace: 19104K(19392K)->19104K(19392K) NonClass: 16864K(17024K)->16864K(17024K) Class: 2239K(2368K)->2239K(2368K)
[2026-05-06T01:33:35.993+0100][4.760s][info][gc             ] GC(98) Pause Young (System.gc()) 670M->198M(1022M) 0.271ms
[2026-05-06T01:33:35.993+0100][4.760s][info][gc,cpu         ] GC(98) User=0.00s Sys=0.00s Real=0.00s
[2026-05-06T01:33:35.993+0100][4.760s][info][gc,start       ] GC(99) Pause Full (System.gc())
[2026-05-06T01:33:35.993+0100][4.760s][info][gc,phases,start] GC(99) Marking Phase
[2026-05-06T01:33:35.997+0100][4.764s][info][gc,phases      ] GC(99) Marking Phase 4.566ms
[2026-05-06T01:33:35.997+0100][4.764s][info][gc,phases,start] GC(99) Summary Phase
[2026-05-06T01:33:35.997+0100][4.764s][info][gc,phases      ] GC(99) Summary Phase 0.005ms
[2026-05-06T01:33:35.997+0100][4.764s][info][gc,phases,start] GC(99) Adjust Roots
[2026-05-06T01:33:35.999+0100][4.766s][info][gc,phases      ] GC(99) Adjust Roots 1.552ms
[2026-05-06T01:33:35.999+0100][4.766s][info][gc,phases,start] GC(99) Compaction Phase
[2026-05-06T01:33:36.001+0100][4.768s][info][gc,phases      ] GC(99) Compaction Phase 1.828ms
[2026-05-06T01:33:36.001+0100][4.768s][info][gc,phases,start] GC(99) Post Compact
[2026-05-06T01:33:36.001+0100][4.768s][info][gc,phases      ] GC(99) Post Compact 0.060ms
[2026-05-06T01:33:36.001+0100][4.768s][info][gc,heap        ] GC(99) PSYoungGen: 32K(591360K)->0K(591360K) Eden: 0K(589824K)->0K(589824K) From: 32K(1536K)->0K(1536K)
[2026-05-06T01:33:36.001+0100][4.768s][info][gc,heap        ] GC(99) ParOldGen: 203739K(455680K)->203739K(455680K)
[2026-05-06T01:33:36.001+0100][4.768s][info][gc,metaspace   ] GC(99) Metaspace: 19104K(19392K)->19104K(19392K) NonClass: 16864K(17024K)->16864K(17024K) Class: 2239K(2368K)->2239K(2368K)
[2026-05-06T01:33:36.001+0100][4.768s][info][gc             ] GC(99) Pause Full (System.gc()) 198M->198M(1022M) 8.090ms
[2026-05-06T01:33:36.001+0100][4.768s][info][gc,cpu         ] GC(99) User=0.03s Sys=0.00s Real=0.01s
[2026-05-06T01:33:36.460+0100][5.227s][info][gc,start       ] GC(100) Pause Young (System.gc())
[2026-05-06T01:33:36.460+0100][5.227s][info][gc,heap        ] GC(100) PSYoungGen: 490639K(591360K)->192K(591360K) Eden: 490639K(589824K)->0K(589824K) From: 0K(1536K)->192K(1536K)
[2026-05-06T01:33:36.460+0100][5.227s][info][gc,heap        ] GC(100) ParOldGen: 203739K(455680K)->203739K(455680K)
[2026-05-06T01:33:36.460+0100][5.227s][info][gc,metaspace   ] GC(100) Metaspace: 19104K(19392K)->19104K(19392K) NonClass: 16864K(17024K)->16864K(17024K) Class: 2239K(2368K)->2239K(2368K)
[2026-05-06T01:33:36.460+0100][5.227s][info][gc             ] GC(100) Pause Young (System.gc()) 678M->199M(1022M) 0.318ms
[2026-05-06T01:33:36.460+0100][5.227s][info][gc,cpu         ] GC(100) User=0.00s Sys=0.01s Real=0.00s
[2026-05-06T01:33:36.460+0100][5.227s][info][gc,start       ] GC(101) Pause Full (System.gc())
[2026-05-06T01:33:36.460+0100][5.227s][info][gc,phases,start] GC(101) Marking Phase
[2026-05-06T01:33:36.465+0100][5.232s][info][gc,phases      ] GC(101) Marking Phase 4.686ms
[2026-05-06T01:33:36.465+0100][5.232s][info][gc,phases,start] GC(101) Summary Phase
[2026-05-06T01:33:36.465+0100][5.232s][info][gc,phases      ] GC(101) Summary Phase 0.006ms
[2026-05-06T01:33:36.465+0100][5.232s][info][gc,phases,start] GC(101) Adjust Roots
[2026-05-06T01:33:36.467+0100][5.234s][info][gc,phases      ] GC(101) Adjust Roots 1.589ms
[2026-05-06T01:33:36.467+0100][5.234s][info][gc,phases,start] GC(101) Compaction Phase
[2026-05-06T01:33:36.468+0100][5.235s][info][gc,phases      ] GC(101) Compaction Phase 1.848ms
[2026-05-06T01:33:36.468+0100][5.235s][info][gc,phases,start] GC(101) Post Compact
[2026-05-06T01:33:36.468+0100][5.235s][info][gc,phases      ] GC(101) Post Compact 0.057ms
[2026-05-06T01:33:36.468+0100][5.235s][info][gc,heap        ] GC(101) PSYoungGen: 192K(591360K)->0K(591360K) Eden: 0K(589824K)->0K(589824K) From: 192K(1536K)->0K(1536K)
[2026-05-06T01:33:36.468+0100][5.235s][info][gc,heap        ] GC(101) ParOldGen: 203739K(455680K)->203741K(455680K)
[2026-05-06T01:33:36.469+0100][5.235s][info][gc,metaspace   ] GC(101) Metaspace: 19104K(19392K)->19104K(19392K) NonClass: 16864K(17024K)->16864K(17024K) Class: 2239K(2368K)->2239K(2368K)
[2026-05-06T01:33:36.469+0100][5.235s][info][gc             ] GC(101) Pause Full (System.gc()) 199M->198M(1022M) 8.260ms
[2026-05-06T01:33:36.469+0100][5.235s][info][gc,cpu         ] GC(101) User=0.03s Sys=0.00s Real=0.00s
[2026-05-06T01:33:36.931+0100][5.698s][info][gc,start       ] GC(102) Pause Young (System.gc())
[2026-05-06T01:33:36.931+0100][5.698s][info][gc,heap        ] GC(102) PSYoungGen: 512964K(591360K)->160K(590336K) Eden: 512964K(589824K)->0K(589824K) From: 0K(1536K)->160K(512K)
[2026-05-06T01:33:36.931+0100][5.698s][info][gc,heap        ] GC(102) ParOldGen: 203741K(455680K)->203741K(455680K)
[2026-05-06T01:33:36.931+0100][5.698s][info][gc,metaspace   ] GC(102) Metaspace: 19105K(19392K)->19105K(19392K) NonClass: 16866K(17024K)->16866K(17024K) Class: 2239K(2368K)->2239K(2368K)
[2026-05-06T01:33:36.931+0100][5.698s][info][gc             ] GC(102) Pause Young (System.gc()) 699M->199M(1021M) 0.349ms
[2026-05-06T01:33:36.931+0100][5.698s][info][gc,cpu         ] GC(102) User=0.00s Sys=0.00s Real=0.00s
[2026-05-06T01:33:36.931+0100][5.698s][info][gc,start       ] GC(103) Pause Full (System.gc())
[2026-05-06T01:33:36.931+0100][5.698s][info][gc,phases,start] GC(103) Marking Phase
[2026-05-06T01:33:36.936+0100][5.703s][info][gc,phases      ] GC(103) Marking Phase 4.953ms
[2026-05-06T01:33:36.936+0100][5.703s][info][gc,phases,start] GC(103) Summary Phase
[2026-05-06T01:33:36.936+0100][5.703s][info][gc,phases      ] GC(103) Summary Phase 0.006ms
[2026-05-06T01:33:36.936+0100][5.703s][info][gc,phases,start] GC(103) Adjust Roots
[2026-05-06T01:33:36.938+0100][5.705s][info][gc,phases      ] GC(103) Adjust Roots 1.586ms
[2026-05-06T01:33:36.938+0100][5.705s][info][gc,phases,start] GC(103) Compaction Phase
[2026-05-06T01:33:36.940+0100][5.707s][info][gc,phases      ] GC(103) Compaction Phase 1.926ms
[2026-05-06T01:33:36.940+0100][5.707s][info][gc,phases,start] GC(103) Post Compact
[2026-05-06T01:33:36.940+0100][5.707s][info][gc,phases      ] GC(103) Post Compact 0.060ms
[2026-05-06T01:33:36.940+0100][5.707s][info][gc,heap        ] GC(103) PSYoungGen: 160K(590336K)->0K(590336K) Eden: 0K(589824K)->0K(589824K) From: 160K(512K)->0K(512K)
[2026-05-06T01:33:36.940+0100][5.707s][info][gc,heap        ] GC(103) ParOldGen: 203741K(455680K)->203740K(455680K)
[2026-05-06T01:33:36.940+0100][5.707s][info][gc,metaspace   ] GC(103) Metaspace: 19105K(19392K)->19105K(19392K) NonClass: 16866K(17024K)->16866K(17024K) Class: 2239K(2368K)->2239K(2368K)
[2026-05-06T01:33:36.940+0100][5.707s][info][gc             ] GC(103) Pause Full (System.gc()) 199M->198M(1021M) 8.612ms
[2026-05-06T01:33:36.940+0100][5.707s][info][gc,cpu         ] GC(103) User=0.03s Sys=0.01s Real=0.01s
[2026-05-06T01:33:37.348+0100][6.115s][info][gc,start       ] GC(104) Pause Young (System.gc())
[2026-05-06T01:33:37.348+0100][6.115s][info][gc,heap        ] GC(104) PSYoungGen: 517894K(590336K)->64K(590848K) Eden: 517894K(589824K)->0K(589824K) From: 0K(512K)->64K(1024K)
[2026-05-06T01:33:37.348+0100][6.115s][info][gc,heap        ] GC(104) ParOldGen: 203740K(455680K)->203740K(455680K)
[2026-05-06T01:33:37.348+0100][6.115s][info][gc,metaspace   ] GC(104) Metaspace: 19106K(19392K)->19106K(19392K) NonClass: 16866K(17024K)->16866K(17024K) Class: 2239K(2368K)->2239K(2368K)
[2026-05-06T01:33:37.348+0100][6.115s][info][gc             ] GC(104) Pause Young (System.gc()) 704M->199M(1022M) 0.329ms
[2026-05-06T01:33:37.348+0100][6.115s][info][gc,cpu         ] GC(104) User=0.00s Sys=0.00s Real=0.00s
[2026-05-06T01:33:37.348+0100][6.115s][info][gc,start       ] GC(105) Pause Full (System.gc())
[2026-05-06T01:33:37.348+0100][6.115s][info][gc,phases,start] GC(105) Marking Phase
[2026-05-06T01:33:37.353+0100][6.120s][info][gc,phases      ] GC(105) Marking Phase 4.936ms
[2026-05-06T01:33:37.353+0100][6.120s][info][gc,phases,start] GC(105) Summary Phase
[2026-05-06T01:33:37.353+0100][6.120s][info][gc,phases      ] GC(105) Summary Phase 0.005ms
[2026-05-06T01:33:37.353+0100][6.120s][info][gc,phases,start] GC(105) Adjust Roots
[2026-05-06T01:33:37.355+0100][6.122s][info][gc,phases      ] GC(105) Adjust Roots 1.615ms
[2026-05-06T01:33:37.355+0100][6.122s][info][gc,phases,start] GC(105) Compaction Phase
[2026-05-06T01:33:37.357+0100][6.124s][info][gc,phases      ] GC(105) Compaction Phase 1.892ms
[2026-05-06T01:33:37.357+0100][6.124s][info][gc,phases,start] GC(105) Post Compact
[2026-05-06T01:33:37.357+0100][6.124s][info][gc,phases      ] GC(105) Post Compact 0.080ms
[2026-05-06T01:33:37.357+0100][6.124s][info][gc,heap        ] GC(105) PSYoungGen: 64K(590848K)->0K(590848K) Eden: 0K(589824K)->0K(589824K) From: 64K(1024K)->0K(1024K)
[2026-05-06T01:33:37.357+0100][6.124s][info][gc,heap        ] GC(105) ParOldGen: 203740K(455680K)->203740K(455680K)
[2026-05-06T01:33:37.357+0100][6.124s][info][gc,metaspace   ] GC(105) Metaspace: 19106K(19392K)->19106K(19392K) NonClass: 16866K(17024K)->16866K(17024K) Class: 2239K(2368K)->2239K(2368K)
[2026-05-06T01:33:37.357+0100][6.124s][info][gc             ] GC(105) Pause Full (System.gc()) 199M->198M(1022M) 8.601ms
[2026-05-06T01:33:37.357+0100][6.124s][info][gc,cpu         ] GC(105) User=0.03s Sys=0.01s Real=0.01s
[2026-05-06T01:33:37.594+0100][6.361s][info][gc,start       ] GC(106) Pause Young (System.gc())
[2026-05-06T01:33:37.594+0100][6.361s][info][gc,heap        ] GC(106) PSYoungGen: 512606K(590848K)->192K(590848K) Eden: 512606K(589824K)->0K(589824K) From: 0K(1024K)->192K(1024K)
[2026-05-06T01:33:37.594+0100][6.361s][info][gc,heap        ] GC(106) ParOldGen: 203740K(455680K)->203740K(455680K)
[2026-05-06T01:33:37.594+0100][6.361s][info][gc,metaspace   ] GC(106) Metaspace: 19106K(19392K)->19106K(19392K) NonClass: 16866K(17024K)->16866K(17024K) Class: 2239K(2368K)->2239K(2368K)
[2026-05-06T01:33:37.594+0100][6.361s][info][gc             ] GC(106) Pause Young (System.gc()) 699M->199M(1022M) 0.302ms
[2026-05-06T01:33:37.594+0100][6.361s][info][gc,cpu         ] GC(106) User=0.00s Sys=0.00s Real=0.00s
[2026-05-06T01:33:37.594+0100][6.361s][info][gc,start       ] GC(107) Pause Full (System.gc())
[2026-05-06T01:33:37.594+0100][6.361s][info][gc,phases,start] GC(107) Marking Phase
[2026-05-06T01:33:37.599+0100][6.366s][info][gc,phases      ] GC(107) Marking Phase 4.637ms
[2026-05-06T01:33:37.599+0100][6.366s][info][gc,phases,start] GC(107) Summary Phase
[2026-05-06T01:33:37.599+0100][6.366s][info][gc,phases      ] GC(107) Summary Phase 0.006ms
[2026-05-06T01:33:37.599+0100][6.366s][info][gc,phases,start] GC(107) Adjust Roots
[2026-05-06T01:33:37.601+0100][6.368s][info][gc,phases      ] GC(107) Adjust Roots 1.548ms
[2026-05-06T01:33:37.601+0100][6.368s][info][gc,phases,start] GC(107) Compaction Phase
[2026-05-06T01:33:37.603+0100][6.370s][info][gc,phases      ] GC(107) Compaction Phase 1.831ms
[2026-05-06T01:33:37.603+0100][6.370s][info][gc,phases,start] GC(107) Post Compact
[2026-05-06T01:33:37.603+0100][6.370s][info][gc,phases      ] GC(107) Post Compact 0.051ms
[2026-05-06T01:33:37.603+0100][6.370s][info][gc,heap        ] GC(107) PSYoungGen: 192K(590848K)->0K(590848K) Eden: 0K(589824K)->0K(589824K) From: 192K(1024K)->0K(1024K)
[2026-05-06T01:33:37.603+0100][6.370s][info][gc,heap        ] GC(107) ParOldGen: 203740K(455680K)->203741K(455680K)
[2026-05-06T01:33:37.603+0100][6.370s][info][gc,metaspace   ] GC(107) Metaspace: 19106K(19392K)->19106K(19392K) NonClass: 16866K(17024K)->16866K(17024K) Class: 2239K(2368K)->2239K(2368K)
[2026-05-06T01:33:37.603+0100][6.370s][info][gc             ] GC(107) Pause Full (System.gc()) 199M->198M(1022M) 8.153ms
[2026-05-06T01:33:37.603+0100][6.370s][info][gc,cpu         ] GC(107) User=0.03s Sys=0.01s Real=0.01s
[2026-05-06T01:33:37.832+0100][6.599s][info][gc,start       ] GC(108) Pause Young (Allocation Failure)
[2026-05-06T01:33:37.833+0100][6.600s][info][gc,heap        ] GC(108) PSYoungGen: 556810K(590848K)->192K(590848K) Eden: 556810K(589824K)->0K(589824K) From: 0K(1024K)->192K(1024K)
[2026-05-06T01:33:37.833+0100][6.600s][info][gc,heap        ] GC(108) ParOldGen: 203741K(455680K)->203741K(455680K)
[2026-05-06T01:33:37.833+0100][6.600s][info][gc,metaspace   ] GC(108) Metaspace: 19107K(19392K)->19107K(19392K) NonClass: 16868K(17024K)->16868K(17024K) Class: 2239K(2368K)->2239K(2368K)
[2026-05-06T01:33:37.833+0100][6.600s][info][gc             ] GC(108) Pause Young (Allocation Failure) 742M->199M(1022M) 0.413ms
[2026-05-06T01:33:37.833+0100][6.600s][info][gc,cpu         ] GC(108) User=0.00s Sys=0.00s Real=0.00s
[2026-05-06T01:33:37.843+0100][6.610s][info][gc,start       ] GC(109) Pause Young (System.gc())
[2026-05-06T01:33:37.844+0100][6.611s][info][gc,heap        ] GC(109) PSYoungGen: 50907K(590848K)->160K(945152K) Eden: 50715K(589824K)->0K(944128K) From: 192K(1024K)->160K(1024K)
[2026-05-06T01:33:37.844+0100][6.611s][info][gc,heap        ] GC(109) ParOldGen: 203741K(455680K)->203789K(455680K)
[2026-05-06T01:33:37.844+0100][6.611s][info][gc,metaspace   ] GC(109) Metaspace: 19107K(19392K)->19107K(19392K) NonClass: 16868K(17024K)->16868K(17024K) Class: 2239K(2368K)->2239K(2368K)
[2026-05-06T01:33:37.844+0100][6.611s][info][gc             ] GC(109) Pause Young (System.gc()) 248M->199M(1368M) 0.265ms
[2026-05-06T01:33:37.844+0100][6.611s][info][gc,cpu         ] GC(109) User=0.00s Sys=0.00s Real=0.00s
[2026-05-06T01:33:37.844+0100][6.611s][info][gc,start       ] GC(110) Pause Full (System.gc())
[2026-05-06T01:33:37.844+0100][6.611s][info][gc,phases,start] GC(110) Marking Phase
[2026-05-06T01:33:37.848+0100][6.615s][info][gc,phases      ] GC(110) Marking Phase 4.253ms
[2026-05-06T01:33:37.848+0100][6.615s][info][gc,phases,start] GC(110) Summary Phase
[2026-05-06T01:33:37.848+0100][6.615s][info][gc,phases      ] GC(110) Summary Phase 0.005ms
[2026-05-06T01:33:37.848+0100][6.615s][info][gc,phases,start] GC(110) Adjust Roots
[2026-05-06T01:33:37.850+0100][6.617s][info][gc,phases      ] GC(110) Adjust Roots 1.567ms
[2026-05-06T01:33:37.850+0100][6.617s][info][gc,phases,start] GC(110) Compaction Phase
[2026-05-06T01:33:37.852+0100][6.618s][info][gc,phases      ] GC(110) Compaction Phase 1.882ms
[2026-05-06T01:33:37.852+0100][6.618s][info][gc,phases,start] GC(110) Post Compact
[2026-05-06T01:33:37.852+0100][6.619s][info][gc,phases      ] GC(110) Post Compact 0.062ms
[2026-05-06T01:33:37.852+0100][6.619s][info][gc,heap        ] GC(110) PSYoungGen: 160K(945152K)->0K(945152K) Eden: 0K(944128K)->0K(944128K) From: 160K(1024K)->0K(1024K)
[2026-05-06T01:33:37.852+0100][6.619s][info][gc,heap        ] GC(110) ParOldGen: 203789K(455680K)->203743K(455680K)
[2026-05-06T01:33:37.852+0100][6.619s][info][gc,metaspace   ] GC(110) Metaspace: 19107K(19392K)->19107K(19392K) NonClass: 16868K(17024K)->16868K(17024K) Class: 2239K(2368K)->2239K(2368K)
[2026-05-06T01:33:37.852+0100][6.619s][info][gc             ] GC(110) Pause Full (System.gc()) 199M->198M(1368M) 7.842ms
[2026-05-06T01:33:37.852+0100][6.619s][info][gc,cpu         ] GC(110) User=0.02s Sys=0.00s Real=0.01s
[2026-05-06T01:33:38.071+0100][6.838s][info][gc,start       ] GC(111) Pause Young (System.gc())
[2026-05-06T01:33:38.072+0100][6.839s][info][gc,heap        ] GC(111) PSYoungGen: 627307K(945152K)->32K(945152K) Eden: 627307K(944128K)->0K(944128K) From: 0K(1024K)->32K(1024K)
[2026-05-06T01:33:38.072+0100][6.839s][info][gc,heap        ] GC(111) ParOldGen: 203743K(455680K)->203743K(455680K)
[2026-05-06T01:33:38.072+0100][6.839s][info][gc,metaspace   ] GC(111) Metaspace: 19108K(19392K)->19108K(19392K) NonClass: 16869K(17024K)->16869K(17024K) Class: 2239K(2368K)->2239K(2368K)
[2026-05-06T01:33:38.072+0100][6.839s][info][gc             ] GC(111) Pause Young (System.gc()) 811M->198M(1368M) 0.276ms
[2026-05-06T01:33:38.072+0100][6.839s][info][gc,cpu         ] GC(111) User=0.00s Sys=0.00s Real=0.00s
[2026-05-06T01:33:38.072+0100][6.839s][info][gc,start       ] GC(112) Pause Full (System.gc())
[2026-05-06T01:33:38.072+0100][6.839s][info][gc,phases,start] GC(112) Marking Phase
[2026-05-06T01:33:38.076+0100][6.843s][info][gc,phases      ] GC(112) Marking Phase 4.575ms
[2026-05-06T01:33:38.076+0100][6.843s][info][gc,phases,start] GC(112) Summary Phase
[2026-05-06T01:33:38.076+0100][6.843s][info][gc,phases      ] GC(112) Summary Phase 0.008ms
[2026-05-06T01:33:38.076+0100][6.843s][info][gc,phases,start] GC(112) Adjust Roots
[2026-05-06T01:33:38.078+0100][6.845s][info][gc,phases      ] GC(112) Adjust Roots 1.659ms
[2026-05-06T01:33:38.078+0100][6.845s][info][gc,phases,start] GC(112) Compaction Phase
[2026-05-06T01:33:38.080+0100][6.847s][info][gc,phases      ] GC(112) Compaction Phase 2.102ms
[2026-05-06T01:33:38.080+0100][6.847s][info][gc,phases,start] GC(112) Post Compact
[2026-05-06T01:33:38.080+0100][6.847s][info][gc,phases      ] GC(112) Post Compact 0.068ms
[2026-05-06T01:33:38.080+0100][6.847s][info][gc,heap        ] GC(112) PSYoungGen: 32K(945152K)->0K(945152K) Eden: 0K(944128K)->0K(944128K) From: 32K(1024K)->0K(1024K)
[2026-05-06T01:33:38.080+0100][6.847s][info][gc,heap        ] GC(112) ParOldGen: 203743K(455680K)->203740K(455680K)
[2026-05-06T01:33:38.080+0100][6.847s][info][gc,metaspace   ] GC(112) Metaspace: 19108K(19392K)->19108K(19392K) NonClass: 16869K(17024K)->16869K(17024K) Class: 2239K(2368K)->2239K(2368K)
[2026-05-06T01:33:38.080+0100][6.847s][info][gc             ] GC(112) Pause Full (System.gc()) 198M->198M(1368M) 8.523ms
[2026-05-06T01:33:38.080+0100][6.847s][info][gc,cpu         ] GC(112) User=0.03s Sys=0.01s Real=0.01s
[2026-05-06T01:33:38.211+0100][6.978s][info][gc,start       ] GC(113) Pause Young (System.gc())
[2026-05-06T01:33:38.211+0100][6.978s][info][gc,heap        ] GC(113) PSYoungGen: 607909K(945152K)->192K(945152K) Eden: 607909K(944128K)->0K(944128K) From: 0K(1024K)->192K(1024K)
[2026-05-06T01:33:38.211+0100][6.978s][info][gc,heap        ] GC(113) ParOldGen: 203740K(455680K)->203740K(455680K)
[2026-05-06T01:33:38.211+0100][6.978s][info][gc,metaspace   ] GC(113) Metaspace: 19109K(19392K)->19109K(19392K) NonClass: 16870K(17024K)->16870K(17024K) Class: 2239K(2368K)->2239K(2368K)
[2026-05-06T01:33:38.211+0100][6.978s][info][gc             ] GC(113) Pause Young (System.gc()) 792M->199M(1368M) 0.313ms
[2026-05-06T01:33:38.211+0100][6.978s][info][gc,cpu         ] GC(113) User=0.01s Sys=0.00s Real=0.00s
[2026-05-06T01:33:38.211+0100][6.978s][info][gc,start       ] GC(114) Pause Full (System.gc())
[2026-05-06T01:33:38.211+0100][6.978s][info][gc,phases,start] GC(114) Marking Phase
[2026-05-06T01:33:38.216+0100][6.983s][info][gc,phases      ] GC(114) Marking Phase 4.477ms
[2026-05-06T01:33:38.216+0100][6.983s][info][gc,phases,start] GC(114) Summary Phase
[2026-05-06T01:33:38.216+0100][6.983s][info][gc,phases      ] GC(114) Summary Phase 0.007ms
[2026-05-06T01:33:38.216+0100][6.983s][info][gc,phases,start] GC(114) Adjust Roots
[2026-05-06T01:33:38.217+0100][6.984s][info][gc,phases      ] GC(114) Adjust Roots 1.515ms
[2026-05-06T01:33:38.217+0100][6.984s][info][gc,phases,start] GC(114) Compaction Phase
[2026-05-06T01:33:38.219+0100][6.986s][info][gc,phases      ] GC(114) Compaction Phase 1.936ms
[2026-05-06T01:33:38.219+0100][6.986s][info][gc,phases,start] GC(114) Post Compact
[2026-05-06T01:33:38.219+0100][6.986s][info][gc,phases      ] GC(114) Post Compact 0.057ms
[2026-05-06T01:33:38.219+0100][6.986s][info][gc,heap        ] GC(114) PSYoungGen: 192K(945152K)->0K(945152K) Eden: 0K(944128K)->0K(944128K) From: 192K(1024K)->0K(1024K)
[2026-05-06T01:33:38.219+0100][6.986s][info][gc,heap        ] GC(114) ParOldGen: 203740K(455680K)->203743K(455680K)
[2026-05-06T01:33:38.219+0100][6.986s][info][gc,metaspace   ] GC(114) Metaspace: 19109K(19392K)->19109K(19392K) NonClass: 16870K(17024K)->16870K(17024K) Class: 2239K(2368K)->2239K(2368K)
[2026-05-06T01:33:38.219+0100][6.986s][info][gc             ] GC(114) Pause Full (System.gc()) 199M->198M(1368M) 8.079ms
[2026-05-06T01:33:38.219+0100][6.986s][info][gc,cpu         ] GC(114) User=0.02s Sys=0.01s Real=0.00s
[2026-05-06T01:33:38.352+0100][7.118s][info][gc,start       ] GC(115) Pause Young (System.gc())
[2026-05-06T01:33:38.352+0100][7.119s][info][gc,heap        ] GC(115) PSYoungGen: 831223K(945152K)->96K(945152K) Eden: 831223K(944128K)->0K(944128K) From: 0K(1024K)->96K(1024K)
[2026-05-06T01:33:38.352+0100][7.119s][info][gc,heap        ] GC(115) ParOldGen: 203743K(455680K)->203743K(455680K)
[2026-05-06T01:33:38.352+0100][7.119s][info][gc,metaspace   ] GC(115) Metaspace: 19110K(19392K)->19110K(19392K) NonClass: 16870K(17024K)->16870K(17024K) Class: 2239K(2368K)->2239K(2368K)
[2026-05-06T01:33:38.352+0100][7.119s][info][gc             ] GC(115) Pause Young (System.gc()) 1010M->199M(1368M) 0.277ms
[2026-05-06T01:33:38.352+0100][7.119s][info][gc,cpu         ] GC(115) User=0.00s Sys=0.00s Real=0.00s
[2026-05-06T01:33:38.352+0100][7.119s][info][gc,start       ] GC(116) Pause Full (System.gc())
[2026-05-06T01:33:38.352+0100][7.119s][info][gc,phases,start] GC(116) Marking Phase
[2026-05-06T01:33:38.356+0100][7.123s][info][gc,phases      ] GC(116) Marking Phase 4.282ms
[2026-05-06T01:33:38.356+0100][7.123s][info][gc,phases,start] GC(116) Summary Phase
[2026-05-06T01:33:38.356+0100][7.123s][info][gc,phases      ] GC(116) Summary Phase 0.007ms
[2026-05-06T01:33:38.356+0100][7.123s][info][gc,phases,start] GC(116) Adjust Roots
[2026-05-06T01:33:38.358+0100][7.125s][info][gc,phases      ] GC(116) Adjust Roots 1.526ms
[2026-05-06T01:33:38.358+0100][7.125s][info][gc,phases,start] GC(116) Compaction Phase
[2026-05-06T01:33:38.360+0100][7.126s][info][gc,phases      ] GC(116) Compaction Phase 1.828ms
[2026-05-06T01:33:38.360+0100][7.126s][info][gc,phases,start] GC(116) Post Compact
[2026-05-06T01:33:38.360+0100][7.127s][info][gc,phases      ] GC(116) Post Compact 0.064ms
[2026-05-06T01:33:38.360+0100][7.127s][info][gc,heap        ] GC(116) PSYoungGen: 96K(945152K)->0K(945152K) Eden: 0K(944128K)->0K(944128K) From: 96K(1024K)->0K(1024K)
[2026-05-06T01:33:38.360+0100][7.127s][info][gc,heap        ] GC(116) ParOldGen: 203743K(455680K)->203742K(455680K)
[2026-05-06T01:33:38.360+0100][7.127s][info][gc,metaspace   ] GC(116) Metaspace: 19110K(19392K)->19110K(19392K) NonClass: 16870K(17024K)->16870K(17024K) Class: 2239K(2368K)->2239K(2368K)
[2026-05-06T01:33:38.360+0100][7.127s][info][gc             ] GC(116) Pause Full (System.gc()) 199M->198M(1368M) 7.774ms
[2026-05-06T01:33:38.360+0100][7.127s][info][gc,cpu         ] GC(116) User=0.03s Sys=0.00s Real=0.01s
[2026-05-06T01:33:38.482+0100][7.249s][info][gc,start       ] GC(117) Pause Young (System.gc())
[2026-05-06T01:33:38.482+0100][7.249s][info][gc,heap        ] GC(117) PSYoungGen: 744730K(945152K)->32K(945152K) Eden: 744730K(944128K)->0K(944128K) From: 0K(1024K)->32K(1024K)
[2026-05-06T01:33:38.482+0100][7.249s][info][gc,heap        ] GC(117) ParOldGen: 203742K(455680K)->203742K(455680K)
[2026-05-06T01:33:38.482+0100][7.249s][info][gc,metaspace   ] GC(117) Metaspace: 19113K(19392K)->19113K(19392K) NonClass: 16873K(17024K)->16873K(17024K) Class: 2239K(2368K)->2239K(2368K)
[2026-05-06T01:33:38.482+0100][7.249s][info][gc             ] GC(117) Pause Young (System.gc()) 926M->198M(1368M) 0.325ms
[2026-05-06T01:33:38.482+0100][7.249s][info][gc,cpu         ] GC(117) User=0.00s Sys=0.00s Real=0.00s
[2026-05-06T01:33:38.482+0100][7.249s][info][gc,start       ] GC(118) Pause Full (System.gc())
[2026-05-06T01:33:38.482+0100][7.249s][info][gc,phases,start] GC(118) Marking Phase
[2026-05-06T01:33:38.487+0100][7.254s][info][gc,phases      ] GC(118) Marking Phase 4.355ms
[2026-05-06T01:33:38.487+0100][7.254s][info][gc,phases,start] GC(118) Summary Phase
[2026-05-06T01:33:38.487+0100][7.254s][info][gc,phases      ] GC(118) Summary Phase 0.005ms
[2026-05-06T01:33:38.487+0100][7.254s][info][gc,phases,start] GC(118) Adjust Roots
[2026-05-06T01:33:38.488+0100][7.255s][info][gc,phases      ] GC(118) Adjust Roots 1.547ms
[2026-05-06T01:33:38.488+0100][7.255s][info][gc,phases,start] GC(118) Compaction Phase
[2026-05-06T01:33:38.490+0100][7.257s][info][gc,phases      ] GC(118) Compaction Phase 1.834ms
[2026-05-06T01:33:38.490+0100][7.257s][info][gc,phases,start] GC(118) Post Compact
[2026-05-06T01:33:38.490+0100][7.257s][info][gc,phases      ] GC(118) Post Compact 0.061ms
[2026-05-06T01:33:38.490+0100][7.257s][info][gc,heap        ] GC(118) PSYoungGen: 32K(945152K)->0K(945152K) Eden: 0K(944128K)->0K(944128K) From: 32K(1024K)->0K(1024K)
[2026-05-06T01:33:38.490+0100][7.257s][info][gc,heap        ] GC(118) ParOldGen: 203742K(455680K)->203740K(455680K)
[2026-05-06T01:33:38.490+0100][7.257s][info][gc,metaspace   ] GC(118) Metaspace: 19113K(19392K)->19113K(19392K) NonClass: 16873K(17024K)->16873K(17024K) Class: 2239K(2368K)->2239K(2368K)
[2026-05-06T01:33:38.490+0100][7.257s][info][gc             ] GC(118) Pause Full (System.gc()) 198M->198M(1368M) 7.883ms
[2026-05-06T01:33:38.490+0100][7.257s][info][gc,cpu         ] GC(118) User=0.02s Sys=0.01s Real=0.01s
[2026-05-06T01:33:38.643+0100][7.409s][info][gc,start       ] GC(119) Pause Young (System.gc())
[2026-05-06T01:33:38.643+0100][7.410s][info][gc,heap        ] GC(119) PSYoungGen: 718998K(945152K)->224K(945152K) Eden: 718998K(944128K)->0K(944128K) From: 0K(1024K)->224K(1024K)
[2026-05-06T01:33:38.643+0100][7.410s][info][gc,heap        ] GC(119) ParOldGen: 203740K(455680K)->203740K(455680K)
[2026-05-06T01:33:38.643+0100][7.410s][info][gc,metaspace   ] GC(119) Metaspace: 19113K(19392K)->19113K(19392K) NonClass: 16873K(17024K)->16873K(17024K) Class: 2239K(2368K)->2239K(2368K)
[2026-05-06T01:33:38.643+0100][7.410s][info][gc             ] GC(119) Pause Young (System.gc()) 901M->199M(1368M) 0.315ms
[2026-05-06T01:33:38.643+0100][7.410s][info][gc,cpu         ] GC(119) User=0.00s Sys=0.00s Real=0.00s
[2026-05-06T01:33:38.643+0100][7.410s][info][gc,start       ] GC(120) Pause Full (System.gc())
[2026-05-06T01:33:38.643+0100][7.410s][info][gc,phases,start] GC(120) Marking Phase
[2026-05-06T01:33:38.648+0100][7.415s][info][gc,phases      ] GC(120) Marking Phase 5.154ms
[2026-05-06T01:33:38.648+0100][7.415s][info][gc,phases,start] GC(120) Summary Phase
[2026-05-06T01:33:38.648+0100][7.415s][info][gc,phases      ] GC(120) Summary Phase 0.010ms
[2026-05-06T01:33:38.648+0100][7.415s][info][gc,phases,start] GC(120) Adjust Roots
[2026-05-06T01:33:38.650+0100][7.417s][info][gc,phases      ] GC(120) Adjust Roots 1.951ms
[2026-05-06T01:33:38.650+0100][7.417s][info][gc,phases,start] GC(120) Compaction Phase
[2026-05-06T01:33:38.653+0100][7.420s][info][gc,phases      ] GC(120) Compaction Phase 2.944ms
[2026-05-06T01:33:38.653+0100][7.420s][info][gc,phases,start] GC(120) Post Compact
[2026-05-06T01:33:38.653+0100][7.420s][info][gc,phases      ] GC(120) Post Compact 0.242ms
[2026-05-06T01:33:38.653+0100][7.420s][info][gc,heap        ] GC(120) PSYoungGen: 224K(945152K)->0K(945152K) Eden: 0K(944128K)->0K(944128K) From: 224K(1024K)->0K(1024K)
[2026-05-06T01:33:38.653+0100][7.420s][info][gc,heap        ] GC(120) ParOldGen: 203740K(455680K)->203746K(455680K)
[2026-05-06T01:33:38.653+0100][7.420s][info][gc,metaspace   ] GC(120) Metaspace: 19113K(19392K)->19113K(19392K) NonClass: 16873K(17024K)->16873K(17024K) Class: 2239K(2368K)->2239K(2368K)
[2026-05-06T01:33:38.653+0100][7.420s][info][gc             ] GC(120) Pause Full (System.gc()) 199M->198M(1368M) 10.528ms
[2026-05-06T01:33:38.653+0100][7.420s][info][gc,cpu         ] GC(120) User=0.03s Sys=0.01s Real=0.01s
[2026-05-06T01:33:38.766+0100][7.533s][info][gc,start       ] GC(121) Pause Young (Allocation Failure)
[2026-05-06T01:33:38.766+0100][7.533s][info][gc,heap        ] GC(121) PSYoungGen: 944128K(945152K)->160K(945152K) Eden: 944128K(944128K)->0K(944128K) From: 0K(1024K)->160K(1024K)
[2026-05-06T01:33:38.766+0100][7.533s][info][gc,heap        ] GC(121) ParOldGen: 203746K(455680K)->203746K(455680K)
[2026-05-06T01:33:38.766+0100][7.533s][info][gc,metaspace   ] GC(121) Metaspace: 19113K(19392K)->19113K(19392K) NonClass: 16873K(17024K)->16873K(17024K) Class: 2239K(2368K)->2239K(2368K)
[2026-05-06T01:33:38.766+0100][7.533s][info][gc             ] GC(121) Pause Young (Allocation Failure) 1120M->199M(1368M) 0.369ms
[2026-05-06T01:33:38.766+0100][7.533s][info][gc,cpu         ] GC(121) User=0.00s Sys=0.00s Real=0.00s
[2026-05-06T01:33:38.774+0100][7.541s][info][gc,start       ] GC(122) Pause Young (System.gc())
[2026-05-06T01:33:38.774+0100][7.541s][info][gc,heap        ] GC(122) PSYoungGen: 81593K(945152K)->160K(945152K) Eden: 81433K(944128K)->0K(944128K) From: 160K(1024K)->160K(1024K)
[2026-05-06T01:33:38.774+0100][7.541s][info][gc,heap        ] GC(122) ParOldGen: 203746K(455680K)->203802K(455680K)
[2026-05-06T01:33:38.774+0100][7.541s][info][gc,metaspace   ] GC(122) Metaspace: 19113K(19392K)->19113K(19392K) NonClass: 16873K(17024K)->16873K(17024K) Class: 2239K(2368K)->2239K(2368K)
[2026-05-06T01:33:38.774+0100][7.541s][info][gc             ] GC(122) Pause Young (System.gc()) 278M->199M(1368M) 0.240ms
[2026-05-06T01:33:38.774+0100][7.541s][info][gc,cpu         ] GC(122) User=0.00s Sys=0.00s Real=0.00s
[2026-05-06T01:33:38.774+0100][7.541s][info][gc,start       ] GC(123) Pause Full (System.gc())
[2026-05-06T01:33:38.774+0100][7.541s][info][gc,phases,start] GC(123) Marking Phase
[2026-05-06T01:33:38.779+0100][7.545s][info][gc,phases      ] GC(123) Marking Phase 4.250ms
[2026-05-06T01:33:38.779+0100][7.546s][info][gc,phases,start] GC(123) Summary Phase
[2026-05-06T01:33:38.779+0100][7.546s][info][gc,phases      ] GC(123) Summary Phase 0.006ms
[2026-05-06T01:33:38.779+0100][7.546s][info][gc,phases,start] GC(123) Adjust Roots
[2026-05-06T01:33:38.780+0100][7.547s][info][gc,phases      ] GC(123) Adjust Roots 1.512ms
[2026-05-06T01:33:38.780+0100][7.547s][info][gc,phases,start] GC(123) Compaction Phase
[2026-05-06T01:33:38.782+0100][7.549s][info][gc,phases      ] GC(123) Compaction Phase 1.869ms
[2026-05-06T01:33:38.782+0100][7.549s][info][gc,phases,start] GC(123) Post Compact
[2026-05-06T01:33:38.782+0100][7.549s][info][gc,phases      ] GC(123) Post Compact 0.065ms
[2026-05-06T01:33:38.782+0100][7.549s][info][gc,heap        ] GC(123) PSYoungGen: 160K(945152K)->0K(945152K) Eden: 0K(944128K)->0K(944128K) From: 160K(1024K)->0K(1024K)
[2026-05-06T01:33:38.782+0100][7.549s][info][gc,heap        ] GC(123) ParOldGen: 203802K(455680K)->203746K(455680K)
[2026-05-06T01:33:38.782+0100][7.549s][info][gc,metaspace   ] GC(123) Metaspace: 19113K(19392K)->19113K(19392K) NonClass: 16873K(17024K)->16873K(17024K) Class: 2239K(2368K)->2239K(2368K)
[2026-05-06T01:33:38.782+0100][7.549s][info][gc             ] GC(123) Pause Full (System.gc()) 199M->198M(1368M) 7.772ms
[2026-05-06T01:33:38.782+0100][7.549s][info][gc,cpu         ] GC(123) User=0.02s Sys=0.00s Real=0.01s
[2026-05-06T01:33:38.885+0100][7.652s][info][gc,start       ] GC(124) Pause Young (System.gc())
[2026-05-06T01:33:38.885+0100][7.652s][info][gc,heap        ] GC(124) PSYoungGen: 816553K(945152K)->32K(1396224K) Eden: 816553K(944128K)->0K(1395712K) From: 0K(1024K)->32K(512K)
[2026-05-06T01:33:38.885+0100][7.652s][info][gc,heap        ] GC(124) ParOldGen: 203746K(455680K)->203746K(455680K)
[2026-05-06T01:33:38.885+0100][7.652s][info][gc,metaspace   ] GC(124) Metaspace: 19113K(19392K)->19113K(19392K) NonClass: 16873K(17024K)->16873K(17024K) Class: 2239K(2368K)->2239K(2368K)
[2026-05-06T01:33:38.885+0100][7.652s][info][gc             ] GC(124) Pause Young (System.gc()) 996M->199M(1808M) 0.235ms
[2026-05-06T01:33:38.885+0100][7.652s][info][gc,cpu         ] GC(124) User=0.00s Sys=0.00s Real=0.00s
[2026-05-06T01:33:38.885+0100][7.652s][info][gc,start       ] GC(125) Pause Full (System.gc())
[2026-05-06T01:33:38.885+0100][7.652s][info][gc,phases,start] GC(125) Marking Phase
[2026-05-06T01:33:38.891+0100][7.658s][info][gc,phases      ] GC(125) Marking Phase 5.129ms
[2026-05-06T01:33:38.891+0100][7.658s][info][gc,phases,start] GC(125) Summary Phase
[2026-05-06T01:33:38.891+0100][7.658s][info][gc,phases      ] GC(125) Summary Phase 0.006ms
[2026-05-06T01:33:38.891+0100][7.658s][info][gc,phases,start] GC(125) Adjust Roots
[2026-05-06T01:33:38.892+0100][7.659s][info][gc,phases      ] GC(125) Adjust Roots 1.561ms
[2026-05-06T01:33:38.892+0100][7.659s][info][gc,phases,start] GC(125) Compaction Phase
[2026-05-06T01:33:38.894+0100][7.661s][info][gc,phases      ] GC(125) Compaction Phase 1.895ms
[2026-05-06T01:33:38.894+0100][7.661s][info][gc,phases,start] GC(125) Post Compact
[2026-05-06T01:33:38.894+0100][7.661s][info][gc,phases      ] GC(125) Post Compact 0.059ms
[2026-05-06T01:33:38.894+0100][7.661s][info][gc,heap        ] GC(125) PSYoungGen: 32K(1396224K)->0K(1396224K) Eden: 0K(1395712K)->0K(1395712K) From: 32K(512K)->0K(512K)
[2026-05-06T01:33:38.894+0100][7.661s][info][gc,heap        ] GC(125) ParOldGen: 203746K(455680K)->203741K(455680K)
[2026-05-06T01:33:38.894+0100][7.661s][info][gc,metaspace   ] GC(125) Metaspace: 19113K(19392K)->19113K(19392K) NonClass: 16873K(17024K)->16873K(17024K) Class: 2239K(2368K)->2239K(2368K)
[2026-05-06T01:33:38.894+0100][7.661s][info][gc             ] GC(125) Pause Full (System.gc()) 199M->198M(1808M) 8.726ms
[2026-05-06T01:33:38.894+0100][7.661s][info][gc,cpu         ] GC(125) User=0.03s Sys=0.00s Real=0.01s
[2026-05-06T01:33:38.993+0100][7.760s][info][gc,start       ] GC(126) Pause Young (System.gc())
[2026-05-06T01:33:38.994+0100][7.761s][info][gc,heap        ] GC(126) PSYoungGen: 726358K(1396224K)->224K(1396224K) Eden: 726358K(1395712K)->0K(1395712K) From: 0K(512K)->224K(512K)
[2026-05-06T01:33:38.994+0100][7.761s][info][gc,heap        ] GC(126) ParOldGen: 203741K(455680K)->203741K(455680K)
[2026-05-06T01:33:38.994+0100][7.761s][info][gc,metaspace   ] GC(126) Metaspace: 19113K(19392K)->19113K(19392K) NonClass: 16873K(17024K)->16873K(17024K) Class: 2239K(2368K)->2239K(2368K)
[2026-05-06T01:33:38.994+0100][7.761s][info][gc             ] GC(126) Pause Young (System.gc()) 908M->199M(1808M) 0.271ms
[2026-05-06T01:33:38.994+0100][7.761s][info][gc,cpu         ] GC(126) User=0.00s Sys=0.00s Real=0.00s
[2026-05-06T01:33:38.994+0100][7.761s][info][gc,start       ] GC(127) Pause Full (System.gc())
[2026-05-06T01:33:38.994+0100][7.761s][info][gc,phases,start] GC(127) Marking Phase
[2026-05-06T01:33:38.998+0100][7.765s][info][gc,phases      ] GC(127) Marking Phase 4.282ms
[2026-05-06T01:33:38.998+0100][7.765s][info][gc,phases,start] GC(127) Summary Phase
[2026-05-06T01:33:38.998+0100][7.765s][info][gc,phases      ] GC(127) Summary Phase 0.006ms
[2026-05-06T01:33:38.998+0100][7.765s][info][gc,phases,start] GC(127) Adjust Roots
[2026-05-06T01:33:39.000+0100][7.766s][info][gc,phases      ] GC(127) Adjust Roots 1.554ms
[2026-05-06T01:33:39.000+0100][7.766s][info][gc,phases,start] GC(127) Compaction Phase
[2026-05-06T01:33:39.001+0100][7.768s][info][gc,phases      ] GC(127) Compaction Phase 1.885ms
[2026-05-06T01:33:39.001+0100][7.768s][info][gc,phases,start] GC(127) Post Compact
[2026-05-06T01:33:39.002+0100][7.768s][info][gc,phases      ] GC(127) Post Compact 0.071ms
[2026-05-06T01:33:39.002+0100][7.768s][info][gc,heap        ] GC(127) PSYoungGen: 224K(1396224K)->0K(1396224K) Eden: 0K(1395712K)->0K(1395712K) From: 224K(512K)->0K(512K)
[2026-05-06T01:33:39.002+0100][7.768s][info][gc,heap        ] GC(127) ParOldGen: 203741K(455680K)->203746K(455680K)
[2026-05-06T01:33:39.002+0100][7.768s][info][gc,metaspace   ] GC(127) Metaspace: 19113K(19392K)->19113K(19392K) NonClass: 16873K(17024K)->16873K(17024K) Class: 2239K(2368K)->2239K(2368K)
[2026-05-06T01:33:39.002+0100][7.768s][info][gc             ] GC(127) Pause Full (System.gc()) 199M->198M(1808M) 7.884ms
[2026-05-06T01:33:39.002+0100][7.768s][info][gc,cpu         ] GC(127) User=0.03s Sys=0.00s Real=0.01s
[2026-05-06T01:33:39.116+0100][7.883s][info][gc,start       ] GC(128) Pause Young (System.gc())
[2026-05-06T01:33:39.116+0100][7.883s][info][gc,heap        ] GC(128) PSYoungGen: 1312536K(1396224K)->288K(1396224K) Eden: 1312536K(1395712K)->0K(1395712K) From: 0K(512K)->288K(512K)
[2026-05-06T01:33:39.116+0100][7.883s][info][gc,heap        ] GC(128) ParOldGen: 203746K(455680K)->203746K(455680K)
[2026-05-06T01:33:39.116+0100][7.883s][info][gc,metaspace   ] GC(128) Metaspace: 19115K(19392K)->19115K(19392K) NonClass: 16876K(17024K)->16876K(17024K) Class: 2239K(2368K)->2239K(2368K)
[2026-05-06T01:33:39.116+0100][7.883s][info][gc             ] GC(128) Pause Young (System.gc()) 1480M->199M(1808M) 0.286ms
[2026-05-06T01:33:39.116+0100][7.883s][info][gc,cpu         ] GC(128) User=0.00s Sys=0.00s Real=0.00s
[2026-05-06T01:33:39.116+0100][7.883s][info][gc,start       ] GC(129) Pause Full (System.gc())
[2026-05-06T01:33:39.116+0100][7.883s][info][gc,phases,start] GC(129) Marking Phase
[2026-05-06T01:33:39.121+0100][7.888s][info][gc,phases      ] GC(129) Marking Phase 4.809ms
[2026-05-06T01:33:39.121+0100][7.888s][info][gc,phases,start] GC(129) Summary Phase
[2026-05-06T01:33:39.121+0100][7.888s][info][gc,phases      ] GC(129) Summary Phase 0.008ms
[2026-05-06T01:33:39.121+0100][7.888s][info][gc,phases,start] GC(129) Adjust Roots
[2026-05-06T01:33:39.123+0100][7.890s][info][gc,phases      ] GC(129) Adjust Roots 1.566ms
[2026-05-06T01:33:39.123+0100][7.890s][info][gc,phases,start] GC(129) Compaction Phase
[2026-05-06T01:33:39.125+0100][7.892s][info][gc,phases      ] GC(129) Compaction Phase 1.887ms
[2026-05-06T01:33:39.125+0100][7.892s][info][gc,phases,start] GC(129) Post Compact
[2026-05-06T01:33:39.125+0100][7.892s][info][gc,phases      ] GC(129) Post Compact 0.061ms
[2026-05-06T01:33:39.125+0100][7.892s][info][gc,heap        ] GC(129) PSYoungGen: 288K(1396224K)->0K(1396224K) Eden: 0K(1395712K)->0K(1395712K) From: 288K(512K)->0K(512K)
[2026-05-06T01:33:39.125+0100][7.892s][info][gc,heap        ] GC(129) ParOldGen: 203746K(455680K)->203748K(455680K)
[2026-05-06T01:33:39.125+0100][7.892s][info][gc,metaspace   ] GC(129) Metaspace: 19115K(19392K)->19115K(19392K) NonClass: 16876K(17024K)->16876K(17024K) Class: 2239K(2368K)->2239K(2368K)
[2026-05-06T01:33:39.125+0100][7.892s][info][gc             ] GC(129) Pause Full (System.gc()) 199M->198M(1808M) 8.407ms
[2026-05-06T01:33:39.125+0100][7.892s][info][gc,cpu         ] GC(129) User=0.03s Sys=0.01s Real=0.01s
[2026-05-06T01:33:39.230+0100][7.997s][info][gc,start       ] GC(130) Pause Young (System.gc())
[2026-05-06T01:33:39.230+0100][7.997s][info][gc,heap        ] GC(130) PSYoungGen: 957973K(1396224K)->96K(1396224K) Eden: 957973K(1395712K)->0K(1395712K) From: 0K(512K)->96K(512K)
[2026-05-06T01:33:39.230+0100][7.997s][info][gc,heap        ] GC(130) ParOldGen: 203748K(455680K)->203748K(455680K)
[2026-05-06T01:33:39.230+0100][7.997s][info][gc,metaspace   ] GC(130) Metaspace: 19116K(19392K)->19116K(19392K) NonClass: 16876K(17024K)->16876K(17024K) Class: 2239K(2368K)->2239K(2368K)
[2026-05-06T01:33:39.230+0100][7.997s][info][gc             ] GC(130) Pause Young (System.gc()) 1134M->199M(1808M) 0.274ms
[2026-05-06T01:33:39.230+0100][7.997s][info][gc,cpu         ] GC(130) User=0.00s Sys=0.00s Real=0.00s
[2026-05-06T01:33:39.230+0100][7.997s][info][gc,start       ] GC(131) Pause Full (System.gc())
[2026-05-06T01:33:39.230+0100][7.997s][info][gc,phases,start] GC(131) Marking Phase
[2026-05-06T01:33:39.236+0100][8.002s][info][gc,phases      ] GC(131) Marking Phase 5.137ms
[2026-05-06T01:33:39.236+0100][8.002s][info][gc,phases,start] GC(131) Summary Phase
[2026-05-06T01:33:39.236+0100][8.002s][info][gc,phases      ] GC(131) Summary Phase 0.007ms
[2026-05-06T01:33:39.236+0100][8.002s][info][gc,phases,start] GC(131) Adjust Roots
[2026-05-06T01:33:39.237+0100][8.004s][info][gc,phases      ] GC(131) Adjust Roots 1.633ms
[2026-05-06T01:33:39.237+0100][8.004s][info][gc,phases,start] GC(131) Compaction Phase
[2026-05-06T01:33:39.239+0100][8.006s][info][gc,phases      ] GC(131) Compaction Phase 1.951ms
[2026-05-06T01:33:39.239+0100][8.006s][info][gc,phases,start] GC(131) Post Compact
[2026-05-06T01:33:39.239+0100][8.006s][info][gc,phases      ] GC(131) Post Compact 0.064ms
[2026-05-06T01:33:39.239+0100][8.006s][info][gc,heap        ] GC(131) PSYoungGen: 96K(1396224K)->0K(1396224K) Eden: 0K(1395712K)->0K(1395712K) From: 96K(512K)->0K(512K)
[2026-05-06T01:33:39.239+0100][8.006s][info][gc,heap        ] GC(131) ParOldGen: 203748K(455680K)->203741K(455680K)
[2026-05-06T01:33:39.239+0100][8.006s][info][gc,metaspace   ] GC(131) Metaspace: 19116K(19392K)->19116K(19392K) NonClass: 16876K(17024K)->16876K(17024K) Class: 2239K(2368K)->2239K(2368K)
[2026-05-06T01:33:39.239+0100][8.006s][info][gc             ] GC(131) Pause Full (System.gc()) 199M->198M(1808M) 8.880ms
[2026-05-06T01:33:39.239+0100][8.006s][info][gc,cpu         ] GC(131) User=0.03s Sys=0.01s Real=0.00s
[2026-05-06T01:33:39.346+0100][8.113s][info][gc,start       ] GC(132) Pause Young (System.gc())
[2026-05-06T01:33:39.346+0100][8.113s][info][gc,heap        ] GC(132) PSYoungGen: 761800K(1396224K)->288K(1396224K) Eden: 761800K(1395712K)->0K(1395712K) From: 0K(512K)->288K(512K)
[2026-05-06T01:33:39.346+0100][8.113s][info][gc,heap        ] GC(132) ParOldGen: 203741K(455680K)->203741K(455680K)
[2026-05-06T01:33:39.346+0100][8.113s][info][gc,metaspace   ] GC(132) Metaspace: 19116K(19392K)->19116K(19392K) NonClass: 16876K(17024K)->16876K(17024K) Class: 2239K(2368K)->2239K(2368K)
[2026-05-06T01:33:39.346+0100][8.113s][info][gc             ] GC(132) Pause Young (System.gc()) 942M->199M(1808M) 0.300ms
[2026-05-06T01:33:39.346+0100][8.113s][info][gc,cpu         ] GC(132) User=0.00s Sys=0.00s Real=0.00s
[2026-05-06T01:33:39.346+0100][8.113s][info][gc,start       ] GC(133) Pause Full (System.gc())
[2026-05-06T01:33:39.346+0100][8.113s][info][gc,phases,start] GC(133) Marking Phase
[2026-05-06T01:33:39.351+0100][8.118s][info][gc,phases      ] GC(133) Marking Phase 4.679ms
[2026-05-06T01:33:39.351+0100][8.118s][info][gc,phases,start] GC(133) Summary Phase
[2026-05-06T01:33:39.351+0100][8.118s][info][gc,phases      ] GC(133) Summary Phase 0.006ms
[2026-05-06T01:33:39.351+0100][8.118s][info][gc,phases,start] GC(133) Adjust Roots
[2026-05-06T01:33:39.353+0100][8.119s][info][gc,phases      ] GC(133) Adjust Roots 1.523ms
[2026-05-06T01:33:39.353+0100][8.119s][info][gc,phases,start] GC(133) Compaction Phase
[2026-05-06T01:33:39.354+0100][8.121s][info][gc,phases      ] GC(133) Compaction Phase 1.837ms
[2026-05-06T01:33:39.354+0100][8.121s][info][gc,phases,start] GC(133) Post Compact
[2026-05-06T01:33:39.354+0100][8.121s][info][gc,phases      ] GC(133) Post Compact 0.056ms
[2026-05-06T01:33:39.354+0100][8.121s][info][gc,heap        ] GC(133) PSYoungGen: 288K(1396224K)->0K(1396224K) Eden: 0K(1395712K)->0K(1395712K) From: 288K(512K)->0K(512K)
[2026-05-06T01:33:39.354+0100][8.121s][info][gc,heap        ] GC(133) ParOldGen: 203741K(455680K)->203751K(455680K)
[2026-05-06T01:33:39.354+0100][8.121s][info][gc,metaspace   ] GC(133) Metaspace: 19116K(19392K)->19116K(19392K) NonClass: 16876K(17024K)->16876K(17024K) Class: 2239K(2368K)->2239K(2368K)
[2026-05-06T01:33:39.354+0100][8.121s][info][gc             ] GC(133) Pause Full (System.gc()) 199M->198M(1808M) 8.175ms
[2026-05-06T01:33:39.354+0100][8.121s][info][gc,cpu         ] GC(133) User=0.02s Sys=0.01s Real=0.01s
[2026-05-06T01:33:39.448+0100][8.215s][info][gc,start       ] GC(134) Pause Young (System.gc())
[2026-05-06T01:33:39.449+0100][8.216s][info][gc,heap        ] GC(134) PSYoungGen: 1176459K(1396224K)->288K(1396224K) Eden: 1176459K(1395712K)->0K(1395712K) From: 0K(512K)->288K(512K)
[2026-05-06T01:33:39.449+0100][8.216s][info][gc,heap        ] GC(134) ParOldGen: 203751K(455680K)->203751K(455680K)
[2026-05-06T01:33:39.449+0100][8.216s][info][gc,metaspace   ] GC(134) Metaspace: 19116K(19392K)->19116K(19392K) NonClass: 16876K(17024K)->16876K(17024K) Class: 2239K(2368K)->2239K(2368K)
[2026-05-06T01:33:39.449+0100][8.216s][info][gc             ] GC(134) Pause Young (System.gc()) 1347M->199M(1808M) 0.300ms
[2026-05-06T01:33:39.449+0100][8.216s][info][gc,cpu         ] GC(134) User=0.00s Sys=0.00s Real=0.00s
[2026-05-06T01:33:39.449+0100][8.216s][info][gc,start       ] GC(135) Pause Full (System.gc())
[2026-05-06T01:33:39.449+0100][8.216s][info][gc,phases,start] GC(135) Marking Phase
[2026-05-06T01:33:39.453+0100][8.220s][info][gc,phases      ] GC(135) Marking Phase 4.412ms
[2026-05-06T01:33:39.453+0100][8.220s][info][gc,phases,start] GC(135) Summary Phase
[2026-05-06T01:33:39.453+0100][8.220s][info][gc,phases      ] GC(135) Summary Phase 0.007ms
[2026-05-06T01:33:39.453+0100][8.220s][info][gc,phases,start] GC(135) Adjust Roots
[2026-05-06T01:33:39.455+0100][8.222s][info][gc,phases      ] GC(135) Adjust Roots 1.596ms
[2026-05-06T01:33:39.455+0100][8.222s][info][gc,phases,start] GC(135) Compaction Phase
[2026-05-06T01:33:39.457+0100][8.224s][info][gc,phases      ] GC(135) Compaction Phase 1.855ms
[2026-05-06T01:33:39.457+0100][8.224s][info][gc,phases,start] GC(135) Post Compact
[2026-05-06T01:33:39.457+0100][8.224s][info][gc,phases      ] GC(135) Post Compact 0.057ms
[2026-05-06T01:33:39.457+0100][8.224s][info][gc,heap        ] GC(135) PSYoungGen: 288K(1396224K)->0K(1396224K) Eden: 0K(1395712K)->0K(1395712K) From: 288K(512K)->0K(512K)
[2026-05-06T01:33:39.457+0100][8.224s][info][gc,heap        ] GC(135) ParOldGen: 203751K(455680K)->203751K(455680K)
[2026-05-06T01:33:39.457+0100][8.224s][info][gc,metaspace   ] GC(135) Metaspace: 19116K(19392K)->19116K(19392K) NonClass: 16876K(17024K)->16876K(17024K) Class: 2239K(2368K)->2239K(2368K)
[2026-05-06T01:33:39.457+0100][8.224s][info][gc             ] GC(135) Pause Full (System.gc()) 199M->198M(1808M) 8.001ms
[2026-05-06T01:33:39.457+0100][8.224s][info][gc,cpu         ] GC(135) User=0.02s Sys=0.00s Real=0.01s
[2026-05-06T01:33:39.562+0100][8.329s][info][gc,start       ] GC(136) Pause Young (System.gc())
[2026-05-06T01:33:39.562+0100][8.329s][info][gc,heap        ] GC(136) PSYoungGen: 938193K(1396224K)->128K(1396224K) Eden: 938193K(1395712K)->0K(1395712K) From: 0K(512K)->128K(512K)
[2026-05-06T01:33:39.562+0100][8.329s][info][gc,heap        ] GC(136) ParOldGen: 203751K(455680K)->203751K(455680K)
[2026-05-06T01:33:39.562+0100][8.329s][info][gc,metaspace   ] GC(136) Metaspace: 19118K(19392K)->19118K(19392K) NonClass: 16878K(17024K)->16878K(17024K) Class: 2239K(2368K)->2239K(2368K)
[2026-05-06T01:33:39.562+0100][8.329s][info][gc             ] GC(136) Pause Young (System.gc()) 1115M->199M(1808M) 0.266ms
[2026-05-06T01:33:39.562+0100][8.329s][info][gc,cpu         ] GC(136) User=0.00s Sys=0.00s Real=0.00s
[2026-05-06T01:33:39.562+0100][8.329s][info][gc,start       ] GC(137) Pause Full (System.gc())
[2026-05-06T01:33:39.562+0100][8.329s][info][gc,phases,start] GC(137) Marking Phase
[2026-05-06T01:33:39.566+0100][8.333s][info][gc,phases      ] GC(137) Marking Phase 4.580ms
[2026-05-06T01:33:39.566+0100][8.333s][info][gc,phases,start] GC(137) Summary Phase
[2026-05-06T01:33:39.566+0100][8.333s][info][gc,phases      ] GC(137) Summary Phase 0.007ms
[2026-05-06T01:33:39.566+0100][8.333s][info][gc,phases,start] GC(137) Adjust Roots
[2026-05-06T01:33:39.568+0100][8.335s][info][gc,phases      ] GC(137) Adjust Roots 1.605ms
[2026-05-06T01:33:39.568+0100][8.335s][info][gc,phases,start] GC(137) Compaction Phase
[2026-05-06T01:33:39.570+0100][8.337s][info][gc,phases      ] GC(137) Compaction Phase 1.849ms
[2026-05-06T01:33:39.570+0100][8.337s][info][gc,phases,start] GC(137) Post Compact
[2026-05-06T01:33:39.570+0100][8.337s][info][gc,phases      ] GC(137) Post Compact 0.052ms
[2026-05-06T01:33:39.570+0100][8.337s][info][gc,heap        ] GC(137) PSYoungGen: 128K(1396224K)->0K(1396224K) Eden: 0K(1395712K)->0K(1395712K) From: 128K(512K)->0K(512K)
[2026-05-06T01:33:39.570+0100][8.337s][info][gc,heap        ] GC(137) ParOldGen: 203751K(455680K)->203742K(455680K)
[2026-05-06T01:33:39.570+0100][8.337s][info][gc,metaspace   ] GC(137) Metaspace: 19118K(19392K)->19118K(19392K) NonClass: 16878K(17024K)->16878K(17024K) Class: 2239K(2368K)->2239K(2368K)
[2026-05-06T01:33:39.570+0100][8.337s][info][gc             ] GC(137) Pause Full (System.gc()) 199M->198M(1808M) 8.161ms
[2026-05-06T01:33:39.570+0100][8.337s][info][gc,cpu         ] GC(137) User=0.03s Sys=0.00s Real=0.01s
[2026-05-06T01:33:39.652+0100][8.419s][info][gc,start       ] GC(138) Pause Young (System.gc())
[2026-05-06T01:33:39.652+0100][8.419s][info][gc,heap        ] GC(138) PSYoungGen: 514501K(1396224K)->32K(1396224K) Eden: 514501K(1395712K)->0K(1395712K) From: 0K(512K)->32K(512K)
[2026-05-06T01:33:39.652+0100][8.419s][info][gc,heap        ] GC(138) ParOldGen: 203742K(455680K)->203742K(455680K)
[2026-05-06T01:33:39.652+0100][8.419s][info][gc,metaspace   ] GC(138) Metaspace: 19126K(19392K)->19126K(19392K) NonClass: 16886K(17024K)->16886K(17024K) Class: 2239K(2368K)->2239K(2368K)
[2026-05-06T01:33:39.652+0100][8.419s][info][gc             ] GC(138) Pause Young (System.gc()) 701M->198M(1808M) 0.239ms
[2026-05-06T01:33:39.652+0100][8.419s][info][gc,cpu         ] GC(138) User=0.00s Sys=0.00s Real=0.00s
[2026-05-06T01:33:39.652+0100][8.419s][info][gc,start       ] GC(139) Pause Full (System.gc())
[2026-05-06T01:33:39.652+0100][8.419s][info][gc,phases,start] GC(139) Marking Phase
[2026-05-06T01:33:39.657+0100][8.424s][info][gc,phases      ] GC(139) Marking Phase 4.858ms
[2026-05-06T01:33:39.657+0100][8.424s][info][gc,phases,start] GC(139) Summary Phase
[2026-05-06T01:33:39.657+0100][8.424s][info][gc,phases      ] GC(139) Summary Phase 0.005ms
[2026-05-06T01:33:39.657+0100][8.424s][info][gc,phases,start] GC(139) Adjust Roots
[2026-05-06T01:33:39.658+0100][8.425s][info][gc,phases      ] GC(139) Adjust Roots 1.566ms
[2026-05-06T01:33:39.658+0100][8.425s][info][gc,phases,start] GC(139) Compaction Phase
[2026-05-06T01:33:39.660+0100][8.427s][info][gc,phases      ] GC(139) Compaction Phase 1.861ms
[2026-05-06T01:33:39.660+0100][8.427s][info][gc,phases,start] GC(139) Post Compact
[2026-05-06T01:33:39.660+0100][8.427s][info][gc,phases      ] GC(139) Post Compact 0.054ms
[2026-05-06T01:33:39.660+0100][8.427s][info][gc,heap        ] GC(139) PSYoungGen: 32K(1396224K)->0K(1396224K) Eden: 0K(1395712K)->0K(1395712K) From: 32K(512K)->0K(512K)
[2026-05-06T01:33:39.660+0100][8.427s][info][gc,heap        ] GC(139) ParOldGen: 203742K(455680K)->203742K(455680K)
[2026-05-06T01:33:39.660+0100][8.427s][info][gc,metaspace   ] GC(139) Metaspace: 19126K(19392K)->19126K(19392K) NonClass: 16886K(17024K)->16886K(17024K) Class: 2239K(2368K)->2239K(2368K)
[2026-05-06T01:33:39.660+0100][8.427s][info][gc             ] GC(139) Pause Full (System.gc()) 198M->198M(1808M) 8.409ms
[2026-05-06T01:33:39.660+0100][8.427s][info][gc,cpu         ] GC(139) User=0.02s Sys=0.01s Real=0.01s
[2026-05-06T01:33:39.744+0100][8.511s][info][gc,start       ] GC(140) Pause Young (System.gc())
[2026-05-06T01:33:39.744+0100][8.511s][info][gc,heap        ] GC(140) PSYoungGen: 505421K(1396224K)->32K(1396224K) Eden: 505421K(1395712K)->0K(1395712K) From: 0K(512K)->32K(512K)
[2026-05-06T01:33:39.744+0100][8.511s][info][gc,heap        ] GC(140) ParOldGen: 203742K(455680K)->203742K(455680K)
[2026-05-06T01:33:39.744+0100][8.511s][info][gc,metaspace   ] GC(140) Metaspace: 19129K(19456K)->19129K(19456K) NonClass: 16889K(17088K)->16889K(17088K) Class: 2239K(2368K)->2239K(2368K)
[2026-05-06T01:33:39.744+0100][8.511s][info][gc             ] GC(140) Pause Young (System.gc()) 692M->198M(1808M) 0.232ms
[2026-05-06T01:33:39.744+0100][8.511s][info][gc,cpu         ] GC(140) User=0.00s Sys=0.00s Real=0.00s
[2026-05-06T01:33:39.744+0100][8.511s][info][gc,start       ] GC(141) Pause Full (System.gc())
[2026-05-06T01:33:39.744+0100][8.511s][info][gc,phases,start] GC(141) Marking Phase
[2026-05-06T01:33:39.749+0100][8.516s][info][gc,phases      ] GC(141) Marking Phase 4.629ms
[2026-05-06T01:33:39.749+0100][8.516s][info][gc,phases,start] GC(141) Summary Phase
[2026-05-06T01:33:39.749+0100][8.516s][info][gc,phases      ] GC(141) Summary Phase 0.005ms
[2026-05-06T01:33:39.749+0100][8.516s][info][gc,phases,start] GC(141) Adjust Roots
[2026-05-06T01:33:39.751+0100][8.517s][info][gc,phases      ] GC(141) Adjust Roots 1.560ms
[2026-05-06T01:33:39.751+0100][8.517s][info][gc,phases,start] GC(141) Compaction Phase
[2026-05-06T01:33:39.752+0100][8.519s][info][gc,phases      ] GC(141) Compaction Phase 1.803ms
[2026-05-06T01:33:39.752+0100][8.519s][info][gc,phases,start] GC(141) Post Compact
[2026-05-06T01:33:39.752+0100][8.519s][info][gc,phases      ] GC(141) Post Compact 0.051ms
[2026-05-06T01:33:39.752+0100][8.519s][info][gc,heap        ] GC(141) PSYoungGen: 32K(1396224K)->0K(1396224K) Eden: 0K(1395712K)->0K(1395712K) From: 32K(512K)->0K(512K)
[2026-05-06T01:33:39.752+0100][8.519s][info][gc,heap        ] GC(141) ParOldGen: 203742K(455680K)->203742K(455680K)
[2026-05-06T01:33:39.752+0100][8.519s][info][gc,metaspace   ] GC(141) Metaspace: 19129K(19456K)->19129K(19456K) NonClass: 16889K(17088K)->16889K(17088K) Class: 2239K(2368K)->2239K(2368K)
[2026-05-06T01:33:39.752+0100][8.519s][info][gc             ] GC(141) Pause Full (System.gc()) 198M->198M(1808M) 8.110ms
[2026-05-06T01:33:39.752+0100][8.519s][info][gc,cpu         ] GC(141) User=0.03s Sys=0.01s Real=0.01s
[2026-05-06T01:33:40.259+0100][9.026s][info][gc,start       ] GC(142) Pause Young (System.gc())
[2026-05-06T01:33:40.259+0100][9.026s][info][gc,heap        ] GC(142) PSYoungGen: 837198K(1396224K)->64K(1396224K) Eden: 837198K(1395712K)->0K(1395712K) From: 0K(512K)->64K(512K)
[2026-05-06T01:33:40.259+0100][9.026s][info][gc,heap        ] GC(142) ParOldGen: 203742K(455680K)->203742K(455680K)
[2026-05-06T01:33:40.259+0100][9.026s][info][gc,metaspace   ] GC(142) Metaspace: 19129K(19456K)->19129K(19456K) NonClass: 16889K(17088K)->16889K(17088K) Class: 2239K(2368K)->2239K(2368K)
[2026-05-06T01:33:40.259+0100][9.026s][info][gc             ] GC(142) Pause Young (System.gc()) 1016M->199M(1808M) 0.281ms
[2026-05-06T01:33:40.259+0100][9.026s][info][gc,cpu         ] GC(142) User=0.00s Sys=0.00s Real=0.00s
[2026-05-06T01:33:40.259+0100][9.026s][info][gc,start       ] GC(143) Pause Full (System.gc())
[2026-05-06T01:33:40.259+0100][9.026s][info][gc,phases,start] GC(143) Marking Phase
[2026-05-06T01:33:40.264+0100][9.031s][info][gc,phases      ] GC(143) Marking Phase 4.751ms
[2026-05-06T01:33:40.264+0100][9.031s][info][gc,phases,start] GC(143) Summary Phase
[2026-05-06T01:33:40.264+0100][9.031s][info][gc,phases      ] GC(143) Summary Phase 0.007ms
[2026-05-06T01:33:40.264+0100][9.031s][info][gc,phases,start] GC(143) Adjust Roots
[2026-05-06T01:33:40.266+0100][9.033s][info][gc,phases      ] GC(143) Adjust Roots 1.650ms
[2026-05-06T01:33:40.266+0100][9.033s][info][gc,phases,start] GC(143) Compaction Phase
[2026-05-06T01:33:40.268+0100][9.035s][info][gc,phases      ] GC(143) Compaction Phase 1.920ms
[2026-05-06T01:33:40.268+0100][9.035s][info][gc,phases,start] GC(143) Post Compact
[2026-05-06T01:33:40.268+0100][9.035s][info][gc,phases      ] GC(143) Post Compact 0.065ms
[2026-05-06T01:33:40.268+0100][9.035s][info][gc,heap        ] GC(143) PSYoungGen: 64K(1396224K)->0K(1396224K) Eden: 0K(1395712K)->0K(1395712K) From: 64K(512K)->0K(512K)
[2026-05-06T01:33:40.268+0100][9.035s][info][gc,heap        ] GC(143) ParOldGen: 203742K(455680K)->203742K(455680K)
[2026-05-06T01:33:40.268+0100][9.035s][info][gc,metaspace   ] GC(143) Metaspace: 19129K(19456K)->19129K(19456K) NonClass: 16889K(17088K)->16889K(17088K) Class: 2239K(2368K)->2239K(2368K)
[2026-05-06T01:33:40.268+0100][9.035s][info][gc             ] GC(143) Pause Full (System.gc()) 199M->198M(1808M) 8.502ms
[2026-05-06T01:33:40.268+0100][9.035s][info][gc,cpu         ] GC(143) User=0.03s Sys=0.00s Real=0.01s
[2026-05-06T01:33:41.730+0100][10.497s][info][gc,start       ] GC(144) Pause Young (Allocation Failure)
[2026-05-06T01:33:41.731+0100][10.498s][info][gc,heap        ] GC(144) PSYoungGen: 1345777K(1396224K)->64K(1396224K) Eden: 1345777K(1395712K)->0K(1395712K) From: 0K(512K)->64K(512K)
[2026-05-06T01:33:41.731+0100][10.498s][info][gc,heap        ] GC(144) ParOldGen: 203742K(455680K)->203742K(455680K)
[2026-05-06T01:33:41.731+0100][10.498s][info][gc,metaspace   ] GC(144) Metaspace: 19129K(19456K)->19129K(19456K) NonClass: 16889K(17088K)->16889K(17088K) Class: 2239K(2368K)->2239K(2368K)
[2026-05-06T01:33:41.731+0100][10.498s][info][gc             ] GC(144) Pause Young (Allocation Failure) 1513M->199M(1808M) 0.333ms
[2026-05-06T01:33:41.731+0100][10.498s][info][gc,cpu         ] GC(144) User=0.00s Sys=0.00s Real=0.00s
[2026-05-06T01:33:42.259+0100][11.026s][info][gc,start       ] GC(145) Pause Young (System.gc())
[2026-05-06T01:33:42.260+0100][11.027s][info][gc,heap        ] GC(145) PSYoungGen: 611660K(1396224K)->32K(1396224K) Eden: 611596K(1395712K)->0K(1395712K) From: 64K(512K)->32K(512K)
[2026-05-06T01:33:42.260+0100][11.027s][info][gc,heap        ] GC(145) ParOldGen: 203742K(455680K)->203742K(455680K)
[2026-05-06T01:33:42.260+0100][11.027s][info][gc,metaspace   ] GC(145) Metaspace: 19130K(19456K)->19130K(19456K) NonClass: 16890K(17088K)->16890K(17088K) Class: 2239K(2368K)->2239K(2368K)
[2026-05-06T01:33:42.260+0100][11.027s][info][gc             ] GC(145) Pause Young (System.gc()) 796M->198M(1808M) 0.341ms
[2026-05-06T01:33:42.260+0100][11.027s][info][gc,cpu         ] GC(145) User=0.00s Sys=0.00s Real=0.01s
[2026-05-06T01:33:42.260+0100][11.027s][info][gc,start       ] GC(146) Pause Full (System.gc())
[2026-05-06T01:33:42.260+0100][11.027s][info][gc,phases,start] GC(146) Marking Phase
[2026-05-06T01:33:42.264+0100][11.031s][info][gc,phases      ] GC(146) Marking Phase 4.626ms
[2026-05-06T01:33:42.264+0100][11.031s][info][gc,phases,start] GC(146) Summary Phase
[2026-05-06T01:33:42.264+0100][11.031s][info][gc,phases      ] GC(146) Summary Phase 0.009ms
[2026-05-06T01:33:42.264+0100][11.031s][info][gc,phases,start] GC(146) Adjust Roots
[2026-05-06T01:33:42.266+0100][11.033s][info][gc,phases      ] GC(146) Adjust Roots 1.597ms
[2026-05-06T01:33:42.266+0100][11.033s][info][gc,phases,start] GC(146) Compaction Phase
[2026-05-06T01:33:42.268+0100][11.035s][info][gc,phases      ] GC(146) Compaction Phase 1.819ms
[2026-05-06T01:33:42.268+0100][11.035s][info][gc,phases,start] GC(146) Post Compact
[2026-05-06T01:33:42.268+0100][11.035s][info][gc,phases      ] GC(146) Post Compact 0.063ms
[2026-05-06T01:33:42.268+0100][11.035s][info][gc,heap        ] GC(146) PSYoungGen: 32K(1396224K)->0K(1396224K) Eden: 0K(1395712K)->0K(1395712K) From: 32K(512K)->0K(512K)
[2026-05-06T01:33:42.268+0100][11.035s][info][gc,heap        ] GC(146) ParOldGen: 203742K(455680K)->203742K(455680K)
[2026-05-06T01:33:42.268+0100][11.035s][info][gc,metaspace   ] GC(146) Metaspace: 19130K(19456K)->19130K(19456K) NonClass: 16890K(17088K)->16890K(17088K) Class: 2239K(2368K)->2239K(2368K)
[2026-05-06T01:33:42.268+0100][11.035s][info][gc             ] GC(146) Pause Full (System.gc()) 198M->198M(1808M) 8.232ms
[2026-05-06T01:33:42.268+0100][11.035s][info][gc,cpu         ] GC(146) User=0.03s Sys=0.00s Real=0.00s
[2026-05-06T01:33:43.633+0100][12.400s][info][gc,start       ] GC(147) Pause Young (Allocation Failure)
[2026-05-06T01:33:43.633+0100][12.400s][info][gc,heap        ] GC(147) PSYoungGen: 1348876K(1396224K)->32K(1397248K) Eden: 1348876K(1395712K)->0K(1396736K) From: 0K(512K)->32K(512K)
[2026-05-06T01:33:43.633+0100][12.400s][info][gc,heap        ] GC(147) ParOldGen: 203742K(455680K)->203742K(455680K)
[2026-05-06T01:33:43.633+0100][12.400s][info][gc,metaspace   ] GC(147) Metaspace: 19130K(19456K)->19130K(19456K) NonClass: 16890K(17088K)->16890K(17088K) Class: 2239K(2368K)->2239K(2368K)
[2026-05-06T01:33:43.634+0100][12.400s][info][gc             ] GC(147) Pause Young (Allocation Failure) 1516M->198M(1809M) 0.346ms
[2026-05-06T01:33:43.634+0100][12.400s][info][gc,cpu         ] GC(147) User=0.00s Sys=0.00s Real=0.00s
[2026-05-06T01:33:44.149+0100][12.916s][info][gc,start       ] GC(148) Pause Young (System.gc())
[2026-05-06T01:33:44.149+0100][12.916s][info][gc,heap        ] GC(148) PSYoungGen: 634591K(1397248K)->192K(1397248K) Eden: 634559K(1396736K)->0K(1396736K) From: 32K(512K)->192K(512K)
[2026-05-06T01:33:44.149+0100][12.916s][info][gc,heap        ] GC(148) ParOldGen: 203742K(455680K)->203742K(455680K)
[2026-05-06T01:33:44.149+0100][12.916s][info][gc,metaspace   ] GC(148) Metaspace: 19131K(19456K)->19131K(19456K) NonClass: 16891K(17088K)->16891K(17088K) Class: 2239K(2368K)->2239K(2368K)
[2026-05-06T01:33:44.149+0100][12.916s][info][gc             ] GC(148) Pause Young (System.gc()) 818M->199M(1809M) 0.306ms
[2026-05-06T01:33:44.149+0100][12.916s][info][gc,cpu         ] GC(148) User=0.00s Sys=0.00s Real=0.00s
[2026-05-06T01:33:44.149+0100][12.916s][info][gc,start       ] GC(149) Pause Full (System.gc())
[2026-05-06T01:33:44.149+0100][12.916s][info][gc,phases,start] GC(149) Marking Phase
[2026-05-06T01:33:44.154+0100][12.920s][info][gc,phases      ] GC(149) Marking Phase 4.525ms
[2026-05-06T01:33:44.154+0100][12.920s][info][gc,phases,start] GC(149) Summary Phase
[2026-05-06T01:33:44.154+0100][12.920s][info][gc,phases      ] GC(149) Summary Phase 0.007ms
[2026-05-06T01:33:44.154+0100][12.920s][info][gc,phases,start] GC(149) Adjust Roots
[2026-05-06T01:33:44.155+0100][12.922s][info][gc,phases      ] GC(149) Adjust Roots 1.603ms
[2026-05-06T01:33:44.155+0100][12.922s][info][gc,phases,start] GC(149) Compaction Phase
[2026-05-06T01:33:44.157+0100][12.924s][info][gc,phases      ] GC(149) Compaction Phase 1.909ms
[2026-05-06T01:33:44.157+0100][12.924s][info][gc,phases,start] GC(149) Post Compact
[2026-05-06T01:33:44.157+0100][12.924s][info][gc,phases      ] GC(149) Post Compact 0.078ms
[2026-05-06T01:33:44.157+0100][12.924s][info][gc,heap        ] GC(149) PSYoungGen: 192K(1397248K)->0K(1397248K) Eden: 0K(1396736K)->0K(1396736K) From: 192K(512K)->0K(512K)
[2026-05-06T01:33:44.157+0100][12.924s][info][gc,heap        ] GC(149) ParOldGen: 203742K(455680K)->203744K(455680K)
[2026-05-06T01:33:44.157+0100][12.924s][info][gc,metaspace   ] GC(149) Metaspace: 19131K(19456K)->19131K(19456K) NonClass: 16891K(17088K)->16891K(17088K) Class: 2239K(2368K)->2239K(2368K)
[2026-05-06T01:33:44.157+0100][12.924s][info][gc             ] GC(149) Pause Full (System.gc()) 199M->198M(1809M) 8.213ms
[2026-05-06T01:33:44.157+0100][12.924s][info][gc,cpu         ] GC(149) User=0.03s Sys=0.00s Real=0.01s
[2026-05-06T01:33:45.390+0100][14.157s][info][gc,start       ] GC(150) Pause Young (Allocation Failure)
[2026-05-06T01:33:45.390+0100][14.157s][info][gc,heap        ] GC(150) PSYoungGen: 1287243K(1397248K)->160K(1331200K) Eden: 1287243K(1396736K)->0K(1330688K) From: 0K(512K)->160K(512K)
[2026-05-06T01:33:45.390+0100][14.157s][info][gc,heap        ] GC(150) ParOldGen: 203744K(455680K)->203744K(455680K)
[2026-05-06T01:33:45.390+0100][14.157s][info][gc,metaspace   ] GC(150) Metaspace: 19131K(19456K)->19131K(19456K) NonClass: 16891K(17088K)->16891K(17088K) Class: 2239K(2368K)->2239K(2368K)
[2026-05-06T01:33:45.390+0100][14.157s][info][gc             ] GC(150) Pause Young (Allocation Failure) 1456M->199M(1745M) 0.508ms
[2026-05-06T01:33:45.390+0100][14.157s][info][gc,cpu         ] GC(150) User=0.00s Sys=0.00s Real=0.00s
[2026-05-06T01:33:46.070+0100][14.837s][info][gc,start       ] GC(151) Pause Young (System.gc())
[2026-05-06T01:33:46.070+0100][14.837s][info][gc,heap        ] GC(151) PSYoungGen: 800628K(1331200K)->128K(1331200K) Eden: 800468K(1330688K)->0K(1330688K) From: 160K(512K)->128K(512K)
[2026-05-06T01:33:46.070+0100][14.837s][info][gc,heap        ] GC(151) ParOldGen: 203744K(455680K)->203744K(455680K)
[2026-05-06T01:33:46.070+0100][14.837s][info][gc,metaspace   ] GC(151) Metaspace: 19133K(19456K)->19133K(19456K) NonClass: 16893K(17088K)->16893K(17088K) Class: 2239K(2368K)->2239K(2368K)
[2026-05-06T01:33:46.070+0100][14.837s][info][gc             ] GC(151) Pause Young (System.gc()) 980M->199M(1745M) 0.317ms
[2026-05-06T01:33:46.070+0100][14.837s][info][gc,cpu         ] GC(151) User=0.00s Sys=0.00s Real=0.00s
[2026-05-06T01:33:46.070+0100][14.837s][info][gc,start       ] GC(152) Pause Full (System.gc())
[2026-05-06T01:33:46.070+0100][14.837s][info][gc,phases,start] GC(152) Marking Phase
[2026-05-06T01:33:46.075+0100][14.842s][info][gc,phases      ] GC(152) Marking Phase 4.657ms
[2026-05-06T01:33:46.075+0100][14.842s][info][gc,phases,start] GC(152) Summary Phase
[2026-05-06T01:33:46.075+0100][14.842s][info][gc,phases      ] GC(152) Summary Phase 0.006ms
[2026-05-06T01:33:46.075+0100][14.842s][info][gc,phases,start] GC(152) Adjust Roots
[2026-05-06T01:33:46.077+0100][14.843s][info][gc,phases      ] GC(152) Adjust Roots 1.560ms
[2026-05-06T01:33:46.077+0100][14.843s][info][gc,phases,start] GC(152) Compaction Phase
[2026-05-06T01:33:46.078+0100][14.845s][info][gc,phases      ] GC(152) Compaction Phase 1.827ms
[2026-05-06T01:33:46.078+0100][14.845s][info][gc,phases,start] GC(152) Post Compact
[2026-05-06T01:33:46.079+0100][14.846s][info][gc,phases      ] GC(152) Post Compact 0.275ms
[2026-05-06T01:33:46.079+0100][14.846s][info][gc,heap        ] GC(152) PSYoungGen: 128K(1331200K)->0K(1331200K) Eden: 0K(1330688K)->0K(1330688K) From: 128K(512K)->0K(512K)
[2026-05-06T01:33:46.079+0100][14.846s][info][gc,heap        ] GC(152) ParOldGen: 203744K(455680K)->203744K(455680K)
[2026-05-06T01:33:46.079+0100][14.846s][info][gc,metaspace   ] GC(152) Metaspace: 19133K(19456K)->19133K(19456K) NonClass: 16893K(17088K)->16893K(17088K) Class: 2239K(2368K)->2239K(2368K)
[2026-05-06T01:33:46.079+0100][14.846s][info][gc             ] GC(152) Pause Full (System.gc()) 199M->198M(1745M) 8.395ms
[2026-05-06T01:33:46.079+0100][14.846s][info][gc,cpu         ] GC(152) User=0.03s Sys=0.00s Real=0.00s
[2026-05-06T01:33:47.352+0100][16.119s][info][gc,start       ] GC(153) Pause Young (Allocation Failure)
[2026-05-06T01:33:47.352+0100][16.119s][info][gc,heap        ] GC(153) PSYoungGen: 1323120K(1331200K)->128K(1268224K) Eden: 1323120K(1330688K)->0K(1267712K) From: 0K(512K)->128K(512K)
[2026-05-06T01:33:47.352+0100][16.119s][info][gc,heap        ] GC(153) ParOldGen: 203744K(455680K)->203744K(455680K)
[2026-05-06T01:33:47.352+0100][16.119s][info][gc,metaspace   ] GC(153) Metaspace: 19133K(19456K)->19133K(19456K) NonClass: 16893K(17088K)->16893K(17088K) Class: 2239K(2368K)->2239K(2368K)
[2026-05-06T01:33:47.352+0100][16.119s][info][gc             ] GC(153) Pause Young (Allocation Failure) 1491M->199M(1683M) 0.322ms
[2026-05-06T01:33:47.352+0100][16.119s][info][gc,cpu         ] GC(153) User=0.00s Sys=0.00s Real=0.00s
[2026-05-06T01:33:47.848+0100][16.614s][info][gc,start       ] GC(154) Pause Young (System.gc())
[2026-05-06T01:33:47.848+0100][16.615s][info][gc,heap        ] GC(154) PSYoungGen: 779013K(1268224K)->32K(1268224K) Eden: 778885K(1267712K)->0K(1267712K) From: 128K(512K)->32K(512K)
[2026-05-06T01:33:47.848+0100][16.615s][info][gc,heap        ] GC(154) ParOldGen: 203744K(455680K)->203744K(455680K)
[2026-05-06T01:33:47.848+0100][16.615s][info][gc,metaspace   ] GC(154) Metaspace: 19133K(19456K)->19133K(19456K) NonClass: 16893K(17088K)->16893K(17088K) Class: 2239K(2368K)->2239K(2368K)
[2026-05-06T01:33:47.848+0100][16.615s][info][gc             ] GC(154) Pause Young (System.gc()) 959M->199M(1683M) 0.324ms
[2026-05-06T01:33:47.848+0100][16.615s][info][gc,cpu         ] GC(154) User=0.00s Sys=0.00s Real=0.00s
[2026-05-06T01:33:47.848+0100][16.615s][info][gc,start       ] GC(155) Pause Full (System.gc())
[2026-05-06T01:33:47.848+0100][16.615s][info][gc,phases,start] GC(155) Marking Phase
[2026-05-06T01:33:47.853+0100][16.619s][info][gc,phases      ] GC(155) Marking Phase 4.668ms
[2026-05-06T01:33:47.853+0100][16.620s][info][gc,phases,start] GC(155) Summary Phase
[2026-05-06T01:33:47.853+0100][16.620s][info][gc,phases      ] GC(155) Summary Phase 0.009ms
[2026-05-06T01:33:47.853+0100][16.620s][info][gc,phases,start] GC(155) Adjust Roots
[2026-05-06T01:33:47.855+0100][16.621s][info][gc,phases      ] GC(155) Adjust Roots 1.580ms
[2026-05-06T01:33:47.855+0100][16.621s][info][gc,phases,start] GC(155) Compaction Phase
[2026-05-06T01:33:47.856+0100][16.623s][info][gc,phases      ] GC(155) Compaction Phase 1.845ms
[2026-05-06T01:33:47.856+0100][16.623s][info][gc,phases,start] GC(155) Post Compact
[2026-05-06T01:33:47.857+0100][16.623s][info][gc,phases      ] GC(155) Post Compact 0.059ms
[2026-05-06T01:33:47.857+0100][16.623s][info][gc,heap        ] GC(155) PSYoungGen: 32K(1268224K)->0K(1268224K) Eden: 0K(1267712K)->0K(1267712K) From: 32K(512K)->0K(512K)
[2026-05-06T01:33:47.857+0100][16.623s][info][gc,heap        ] GC(155) ParOldGen: 203744K(455680K)->203743K(455680K)
[2026-05-06T01:33:47.857+0100][16.623s][info][gc,metaspace   ] GC(155) Metaspace: 19133K(19456K)->19133K(19456K) NonClass: 16893K(17088K)->16893K(17088K) Class: 2239K(2368K)->2239K(2368K)
[2026-05-06T01:33:47.857+0100][16.623s][info][gc             ] GC(155) Pause Full (System.gc()) 199M->198M(1683M) 8.626ms
[2026-05-06T01:33:47.857+0100][16.623s][info][gc,cpu         ] GC(155) User=0.03s Sys=0.01s Real=0.01s
[2026-05-06T01:33:48.480+0100][17.247s][info][gc,start       ] GC(156) Pause Young (Allocation Failure)
[2026-05-06T01:33:48.481+0100][17.247s][info][gc,heap        ] GC(156) PSYoungGen: 1202731K(1268224K)->32K(1208832K) Eden: 1202731K(1267712K)->0K(1208320K) From: 0K(512K)->32K(512K)
[2026-05-06T01:33:48.481+0100][17.247s][info][gc,heap        ] GC(156) ParOldGen: 203743K(455680K)->203743K(455680K)
[2026-05-06T01:33:48.481+0100][17.247s][info][gc,metaspace   ] GC(156) Metaspace: 19134K(19520K)->19134K(19520K) NonClass: 16894K(17152K)->16894K(17152K) Class: 2239K(2368K)->2239K(2368K)
[2026-05-06T01:33:48.481+0100][17.247s][info][gc             ] GC(156) Pause Young (Allocation Failure) 1373M->198M(1625M) 0.330ms
[2026-05-06T01:33:48.481+0100][17.247s][info][gc,cpu         ] GC(156) User=0.00s Sys=0.00s Real=0.00s
[2026-05-06T01:33:48.819+0100][17.586s][info][gc,start       ] GC(157) Pause Young (System.gc())
[2026-05-06T01:33:48.820+0100][17.586s][info][gc,heap        ] GC(157) PSYoungGen: 832414K(1208832K)->192K(1208832K) Eden: 832382K(1208320K)->0K(1208320K) From: 32K(512K)->192K(512K)
[2026-05-06T01:33:48.820+0100][17.586s][info][gc,heap        ] GC(157) ParOldGen: 203743K(455680K)->203743K(455680K)
[2026-05-06T01:33:48.820+0100][17.587s][info][gc,metaspace   ] GC(157) Metaspace: 19134K(19520K)->19134K(19520K) NonClass: 16894K(17152K)->16894K(17152K) Class: 2239K(2368K)->2239K(2368K)
[2026-05-06T01:33:48.820+0100][17.587s][info][gc             ] GC(157) Pause Young (System.gc()) 1011M->199M(1625M) 0.346ms
[2026-05-06T01:33:48.820+0100][17.587s][info][gc,cpu         ] GC(157) User=0.00s Sys=0.01s Real=0.01s
[2026-05-06T01:33:48.820+0100][17.587s][info][gc,start       ] GC(158) Pause Full (System.gc())
[2026-05-06T01:33:48.820+0100][17.587s][info][gc,phases,start] GC(158) Marking Phase
[2026-05-06T01:33:48.825+0100][17.591s][info][gc,phases      ] GC(158) Marking Phase 4.943ms
[2026-05-06T01:33:48.825+0100][17.592s][info][gc,phases,start] GC(158) Summary Phase
[2026-05-06T01:33:48.825+0100][17.592s][info][gc,phases      ] GC(158) Summary Phase 0.006ms
[2026-05-06T01:33:48.825+0100][17.592s][info][gc,phases,start] GC(158) Adjust Roots
[2026-05-06T01:33:48.826+0100][17.593s][info][gc,phases      ] GC(158) Adjust Roots 1.592ms
[2026-05-06T01:33:48.826+0100][17.593s][info][gc,phases,start] GC(158) Compaction Phase
[2026-05-06T01:33:48.828+0100][17.595s][info][gc,phases      ] GC(158) Compaction Phase 1.815ms
[2026-05-06T01:33:48.828+0100][17.595s][info][gc,phases,start] GC(158) Post Compact
[2026-05-06T01:33:48.828+0100][17.595s][info][gc,phases      ] GC(158) Post Compact 0.068ms
[2026-05-06T01:33:48.828+0100][17.595s][info][gc,heap        ] GC(158) PSYoungGen: 192K(1208832K)->0K(1208832K) Eden: 0K(1208320K)->0K(1208320K) From: 192K(512K)->0K(512K)
[2026-05-06T01:33:48.828+0100][17.595s][info][gc,heap        ] GC(158) ParOldGen: 203743K(455680K)->203745K(455680K)
[2026-05-06T01:33:48.828+0100][17.595s][info][gc,metaspace   ] GC(158) Metaspace: 19134K(19520K)->19134K(19520K) NonClass: 16894K(17152K)->16894K(17152K) Class: 2239K(2368K)->2239K(2368K)
[2026-05-06T01:33:48.828+0100][17.595s][info][gc             ] GC(158) Pause Full (System.gc()) 199M->198M(1625M) 8.511ms
[2026-05-06T01:33:48.828+0100][17.595s][info][gc,cpu         ] GC(158) User=0.03s Sys=0.00s Real=0.00s
[2026-05-06T01:33:49.307+0100][18.073s][info][gc,start       ] GC(159) Pause Young (Allocation Failure)
[2026-05-06T01:33:49.307+0100][18.074s][info][gc,heap        ] GC(159) PSYoungGen: 1082137K(1208832K)->192K(1152000K) Eden: 1082137K(1208320K)->0K(1151488K) From: 0K(512K)->192K(512K)
[2026-05-06T01:33:49.307+0100][18.074s][info][gc,heap        ] GC(159) ParOldGen: 203745K(455680K)->203745K(455680K)
[2026-05-06T01:33:49.307+0100][18.074s][info][gc,metaspace   ] GC(159) Metaspace: 19135K(19520K)->19135K(19520K) NonClass: 16895K(17152K)->16895K(17152K) Class: 2239K(2368K)->2239K(2368K)
[2026-05-06T01:33:49.307+0100][18.074s][info][gc             ] GC(159) Pause Young (Allocation Failure) 1255M->199M(1570M) 0.385ms
[2026-05-06T01:33:49.307+0100][18.074s][info][gc,cpu         ] GC(159) User=0.00s Sys=0.00s Real=0.00s
[2026-05-06T01:33:49.753+0100][18.519s][info][gc,start       ] GC(160) Pause Young (Allocation Failure)
[2026-05-06T01:33:49.753+0100][18.520s][info][gc,heap        ] GC(160) PSYoungGen: 1054963K(1152000K)->160K(1098240K) Eden: 1054771K(1151488K)->0K(1097728K) From: 192K(512K)->160K(512K)
[2026-05-06T01:33:49.753+0100][18.520s][info][gc,heap        ] GC(160) ParOldGen: 203745K(455680K)->203745K(455680K)
[2026-05-06T01:33:49.753+0100][18.520s][info][gc,metaspace   ] GC(160) Metaspace: 19135K(19520K)->19135K(19520K) NonClass: 16895K(17152K)->16895K(17152K) Class: 2239K(2368K)->2239K(2368K)
[2026-05-06T01:33:49.753+0100][18.520s][info][gc             ] GC(160) Pause Young (Allocation Failure) 1229M->199M(1517M) 0.317ms
[2026-05-06T01:33:49.753+0100][18.520s][info][gc,cpu         ] GC(160) User=0.00s Sys=0.00s Real=0.00s
[2026-05-06T01:33:49.795+0100][18.562s][info][gc,start       ] GC(161) Pause Young (System.gc())
[2026-05-06T01:33:49.795+0100][18.562s][info][gc,heap        ] GC(161) PSYoungGen: 177636K(1098240K)->96K(1098240K) Eden: 177476K(1097728K)->0K(1097728K) From: 160K(512K)->96K(512K)
[2026-05-06T01:33:49.796+0100][18.562s][info][gc,heap        ] GC(161) ParOldGen: 203745K(455680K)->203793K(455680K)
[2026-05-06T01:33:49.796+0100][18.562s][info][gc,metaspace   ] GC(161) Metaspace: 19135K(19520K)->19135K(19520K) NonClass: 16895K(17152K)->16895K(17152K) Class: 2239K(2368K)->2239K(2368K)
[2026-05-06T01:33:49.796+0100][18.562s][info][gc             ] GC(161) Pause Young (System.gc()) 372M->199M(1517M) 0.308ms
[2026-05-06T01:33:49.796+0100][18.562s][info][gc,cpu         ] GC(161) User=0.00s Sys=0.00s Real=0.00s
[2026-05-06T01:33:49.796+0100][18.562s][info][gc,start       ] GC(162) Pause Full (System.gc())
[2026-05-06T01:33:49.796+0100][18.562s][info][gc,phases,start] GC(162) Marking Phase
[2026-05-06T01:33:49.800+0100][18.566s][info][gc,phases      ] GC(162) Marking Phase 4.065ms
[2026-05-06T01:33:49.800+0100][18.566s][info][gc,phases,start] GC(162) Summary Phase
[2026-05-06T01:33:49.800+0100][18.566s][info][gc,phases      ] GC(162) Summary Phase 0.006ms
[2026-05-06T01:33:49.800+0100][18.566s][info][gc,phases,start] GC(162) Adjust Roots
[2026-05-06T01:33:49.801+0100][18.568s][info][gc,phases      ] GC(162) Adjust Roots 1.570ms
[2026-05-06T01:33:49.801+0100][18.568s][info][gc,phases,start] GC(162) Compaction Phase
[2026-05-06T01:33:49.803+0100][18.570s][info][gc,phases      ] GC(162) Compaction Phase 1.820ms
[2026-05-06T01:33:49.803+0100][18.570s][info][gc,phases,start] GC(162) Post Compact
[2026-05-06T01:33:49.803+0100][18.570s][info][gc,phases      ] GC(162) Post Compact 0.063ms
[2026-05-06T01:33:49.803+0100][18.570s][info][gc,heap        ] GC(162) PSYoungGen: 96K(1098240K)->0K(1098240K) Eden: 0K(1097728K)->0K(1097728K) From: 96K(512K)->0K(512K)
[2026-05-06T01:33:49.803+0100][18.570s][info][gc,heap        ] GC(162) ParOldGen: 203793K(455680K)->203745K(455680K)
[2026-05-06T01:33:49.803+0100][18.570s][info][gc,metaspace   ] GC(162) Metaspace: 19135K(19520K)->19135K(19520K) NonClass: 16895K(17152K)->16895K(17152K) Class: 2239K(2368K)->2239K(2368K)
[2026-05-06T01:33:49.803+0100][18.570s][info][gc             ] GC(162) Pause Full (System.gc()) 199M->198M(1517M) 7.603ms
[2026-05-06T01:33:49.803+0100][18.570s][info][gc,cpu         ] GC(162) User=0.02s Sys=0.00s Real=0.01s
[2026-05-06T01:33:50.278+0100][19.045s][info][gc,start       ] GC(163) Pause Young (Allocation Failure)
[2026-05-06T01:33:50.279+0100][19.045s][info][gc,heap        ] GC(163) PSYoungGen: 1017225K(1098240K)->160K(1047040K) Eden: 1017225K(1097728K)->0K(1046528K) From: 0K(512K)->160K(512K)
[2026-05-06T01:33:50.279+0100][19.045s][info][gc,heap        ] GC(163) ParOldGen: 203745K(455680K)->203745K(455680K)
[2026-05-06T01:33:50.279+0100][19.045s][info][gc,metaspace   ] GC(163) Metaspace: 19140K(19520K)->19140K(19520K) NonClass: 16901K(17152K)->16901K(17152K) Class: 2239K(2368K)->2239K(2368K)
[2026-05-06T01:33:50.279+0100][19.045s][info][gc             ] GC(163) Pause Young (Allocation Failure) 1192M->199M(1467M) 0.314ms
[2026-05-06T01:33:50.279+0100][19.045s][info][gc,cpu         ] GC(163) User=0.00s Sys=0.00s Real=0.00s
[2026-05-06T01:33:50.636+0100][19.403s][info][gc,start       ] GC(164) Pause Young (Allocation Failure)
[2026-05-06T01:33:50.636+0100][19.403s][info][gc,heap        ] GC(164) PSYoungGen: 951912K(1047040K)->64K(998400K) Eden: 951752K(1046528K)->0K(997888K) From: 160K(512K)->64K(512K)
[2026-05-06T01:33:50.636+0100][19.403s][info][gc,heap        ] GC(164) ParOldGen: 203745K(455680K)->203745K(455680K)
[2026-05-06T01:33:50.636+0100][19.403s][info][gc,metaspace   ] GC(164) Metaspace: 19151K(19520K)->19151K(19520K) NonClass: 16911K(17152K)->16911K(17152K) Class: 2239K(2368K)->2239K(2368K)
[2026-05-06T01:33:50.636+0100][19.403s][info][gc             ] GC(164) Pause Young (Allocation Failure) 1128M->199M(1420M) 0.336ms
[2026-05-06T01:33:50.636+0100][19.403s][info][gc,cpu         ] GC(164) User=0.00s Sys=0.00s Real=0.00s
[2026-05-06T01:33:50.658+0100][19.425s][info][gc,start       ] GC(165) Pause Young (System.gc())
[2026-05-06T01:33:50.659+0100][19.425s][info][gc,heap        ] GC(165) PSYoungGen: 165276K(998400K)->0K(998400K) Eden: 165212K(997888K)->0K(997888K) From: 64K(512K)->0K(512K)
[2026-05-06T01:33:50.659+0100][19.425s][info][gc,heap        ] GC(165) ParOldGen: 203745K(455680K)->203753K(455680K)
[2026-05-06T01:33:50.659+0100][19.425s][info][gc,metaspace   ] GC(165) Metaspace: 19151K(19520K)->19151K(19520K) NonClass: 16911K(17152K)->16911K(17152K) Class: 2239K(2368K)->2239K(2368K)
[2026-05-06T01:33:50.659+0100][19.425s][info][gc             ] GC(165) Pause Young (System.gc()) 360M->198M(1420M) 0.254ms
[2026-05-06T01:33:50.659+0100][19.425s][info][gc,cpu         ] GC(165) User=0.00s Sys=0.00s Real=0.00s
[2026-05-06T01:33:50.659+0100][19.425s][info][gc,start       ] GC(166) Pause Full (System.gc())
[2026-05-06T01:33:50.659+0100][19.425s][info][gc,phases,start] GC(166) Marking Phase
[2026-05-06T01:33:50.663+0100][19.430s][info][gc,phases      ] GC(166) Marking Phase 4.784ms
[2026-05-06T01:33:50.663+0100][19.430s][info][gc,phases,start] GC(166) Summary Phase
[2026-05-06T01:33:50.663+0100][19.430s][info][gc,phases      ] GC(166) Summary Phase 0.006ms
[2026-05-06T01:33:50.663+0100][19.430s][info][gc,phases,start] GC(166) Adjust Roots
[2026-05-06T01:33:50.665+0100][19.432s][info][gc,phases      ] GC(166) Adjust Roots 1.558ms
[2026-05-06T01:33:50.665+0100][19.432s][info][gc,phases,start] GC(166) Compaction Phase
[2026-05-06T01:33:50.667+0100][19.434s][info][gc,phases      ] GC(166) Compaction Phase 1.825ms
[2026-05-06T01:33:50.667+0100][19.434s][info][gc,phases,start] GC(166) Post Compact
[2026-05-06T01:33:50.667+0100][19.434s][info][gc,phases      ] GC(166) Post Compact 0.054ms
[2026-05-06T01:33:50.667+0100][19.434s][info][gc,heap        ] GC(166) PSYoungGen: 0K(998400K)->0K(998400K) Eden: 0K(997888K)->0K(997888K) From: 0K(512K)->0K(512K)
[2026-05-06T01:33:50.667+0100][19.434s][info][gc,heap        ] GC(166) ParOldGen: 203753K(455680K)->203743K(455680K)
[2026-05-06T01:33:50.667+0100][19.434s][info][gc,metaspace   ] GC(166) Metaspace: 19151K(19520K)->19151K(19520K) NonClass: 16911K(17152K)->16911K(17152K) Class: 2239K(2368K)->2239K(2368K)
[2026-05-06T01:33:50.667+0100][19.434s][info][gc             ] GC(166) Pause Full (System.gc()) 198M->198M(1420M) 8.322ms
[2026-05-06T01:33:50.667+0100][19.434s][info][gc,cpu         ] GC(166) User=0.03s Sys=0.01s Real=0.01s
[2026-05-06T01:33:50.919+0100][19.686s][info][gc,start       ] GC(167) Pause Young (Allocation Failure)
[2026-05-06T01:33:50.919+0100][19.686s][info][gc,heap        ] GC(167) PSYoungGen: 902492K(998400K)->32K(952320K) Eden: 902492K(997888K)->0K(951808K) From: 0K(512K)->32K(512K)
[2026-05-06T01:33:50.919+0100][19.686s][info][gc,heap        ] GC(167) ParOldGen: 203743K(455680K)->203743K(455680K)
[2026-05-06T01:33:50.919+0100][19.686s][info][gc,metaspace   ] GC(167) Metaspace: 19151K(19520K)->19151K(19520K) NonClass: 16911K(17152K)->16911K(17152K) Class: 2239K(2368K)->2239K(2368K)
[2026-05-06T01:33:50.919+0100][19.686s][info][gc             ] GC(167) Pause Young (Allocation Failure) 1080M->198M(1375M) 0.297ms
[2026-05-06T01:33:50.919+0100][19.686s][info][gc,cpu         ] GC(167) User=0.00s Sys=0.00s Real=0.00s
[2026-05-06T01:33:51.163+0100][19.930s][info][gc,start       ] GC(168) Pause Young (Allocation Failure)
[2026-05-06T01:33:51.164+0100][19.930s][info][gc,heap        ] GC(168) PSYoungGen: 831005K(952320K)->160K(908288K) Eden: 830973K(951808K)->0K(907776K) From: 32K(512K)->160K(512K)
[2026-05-06T01:33:51.164+0100][19.930s][info][gc,heap        ] GC(168) ParOldGen: 203743K(455680K)->203743K(455680K)
[2026-05-06T01:33:51.164+0100][19.930s][info][gc,metaspace   ] GC(168) Metaspace: 19151K(19520K)->19151K(19520K) NonClass: 16911K(17152K)->16911K(17152K) Class: 2239K(2368K)->2239K(2368K)
[2026-05-06T01:33:51.164+0100][19.930s][info][gc             ] GC(168) Pause Young (Allocation Failure) 1010M->199M(1332M) 0.381ms
[2026-05-06T01:33:51.164+0100][19.930s][info][gc,cpu         ] GC(168) User=0.00s Sys=0.00s Real=0.00s
[2026-05-06T01:33:51.233+0100][19.999s][info][gc,start       ] GC(169) Pause Young (System.gc())
[2026-05-06T01:33:51.233+0100][20.000s][info][gc,heap        ] GC(169) PSYoungGen: 353951K(908288K)->128K(908288K) Eden: 353791K(907776K)->0K(907776K) From: 160K(512K)->128K(512K)
[2026-05-06T01:33:51.233+0100][20.000s][info][gc,heap        ] GC(169) ParOldGen: 203743K(455680K)->203751K(455680K)
[2026-05-06T01:33:51.233+0100][20.000s][info][gc,metaspace   ] GC(169) Metaspace: 19151K(19520K)->19151K(19520K) NonClass: 16911K(17152K)->16911K(17152K) Class: 2239K(2368K)->2239K(2368K)
[2026-05-06T01:33:51.233+0100][20.000s][info][gc             ] GC(169) Pause Young (System.gc()) 544M->199M(1332M) 0.345ms
[2026-05-06T01:33:51.233+0100][20.000s][info][gc,cpu         ] GC(169) User=0.01s Sys=0.00s Real=0.00s
[2026-05-06T01:33:51.233+0100][20.000s][info][gc,start       ] GC(170) Pause Full (System.gc())
[2026-05-06T01:33:51.233+0100][20.000s][info][gc,phases,start] GC(170) Marking Phase
[2026-05-06T01:33:51.238+0100][20.005s][info][gc,phases      ] GC(170) Marking Phase 5.396ms
[2026-05-06T01:33:51.238+0100][20.005s][info][gc,phases,start] GC(170) Summary Phase
[2026-05-06T01:33:51.238+0100][20.005s][info][gc,phases      ] GC(170) Summary Phase 0.009ms
[2026-05-06T01:33:51.238+0100][20.005s][info][gc,phases,start] GC(170) Adjust Roots
[2026-05-06T01:33:51.240+0100][20.007s][info][gc,phases      ] GC(170) Adjust Roots 2.018ms
[2026-05-06T01:33:51.240+0100][20.007s][info][gc,phases,start] GC(170) Compaction Phase
[2026-05-06T01:33:51.243+0100][20.009s][info][gc,phases      ] GC(170) Compaction Phase 2.194ms
[2026-05-06T01:33:51.243+0100][20.009s][info][gc,phases,start] GC(170) Post Compact
[2026-05-06T01:33:51.243+0100][20.009s][info][gc,phases      ] GC(170) Post Compact 0.079ms
[2026-05-06T01:33:51.243+0100][20.009s][info][gc,heap        ] GC(170) PSYoungGen: 128K(908288K)->0K(908288K) Eden: 0K(907776K)->0K(907776K) From: 128K(512K)->0K(512K)
[2026-05-06T01:33:51.243+0100][20.009s][info][gc,heap        ] GC(170) ParOldGen: 203751K(455680K)->203747K(455680K)
[2026-05-06T01:33:51.243+0100][20.009s][info][gc,metaspace   ] GC(170) Metaspace: 19151K(19520K)->19151K(19520K) NonClass: 16911K(17152K)->16911K(17152K) Class: 2239K(2368K)->2239K(2368K)
[2026-05-06T01:33:51.243+0100][20.009s][info][gc             ] GC(170) Pause Full (System.gc()) 199M->198M(1332M) 9.844ms
[2026-05-06T01:33:51.243+0100][20.009s][info][gc,cpu         ] GC(170) User=0.03s Sys=0.01s Real=0.01s
[2026-05-06T01:33:51.461+0100][20.228s][info][gc,start       ] GC(171) Pause Young (Allocation Failure)
[2026-05-06T01:33:51.461+0100][20.228s][info][gc,heap        ] GC(171) PSYoungGen: 880905K(908288K)->160K(866816K) Eden: 880905K(907776K)->0K(866304K) From: 0K(512K)->160K(512K)
[2026-05-06T01:33:51.461+0100][20.228s][info][gc,heap        ] GC(171) ParOldGen: 203747K(455680K)->203747K(455680K)
[2026-05-06T01:33:51.461+0100][20.228s][info][gc,metaspace   ] GC(171) Metaspace: 19151K(19520K)->19151K(19520K) NonClass: 16911K(17152K)->16911K(17152K) Class: 2239K(2368K)->2239K(2368K)
[2026-05-06T01:33:51.461+0100][20.228s][info][gc             ] GC(171) Pause Young (Allocation Failure) 1059M->199M(1291M) 0.324ms
[2026-05-06T01:33:51.461+0100][20.228s][info][gc,cpu         ] GC(171) User=0.01s Sys=0.00s Real=0.00s
[2026-05-06T01:33:51.659+0100][20.426s][info][gc,start       ] GC(172) Pause Young (Allocation Failure)
[2026-05-06T01:33:51.659+0100][20.426s][info][gc,heap        ] GC(172) PSYoungGen: 848072K(866816K)->160K(827392K) Eden: 847912K(866304K)->0K(826880K) From: 160K(512K)->160K(512K)
[2026-05-06T01:33:51.659+0100][20.426s][info][gc,heap        ] GC(172) ParOldGen: 203747K(455680K)->203747K(455680K)
[2026-05-06T01:33:51.659+0100][20.426s][info][gc,metaspace   ] GC(172) Metaspace: 19152K(19520K)->19152K(19520K) NonClass: 16912K(17152K)->16912K(17152K) Class: 2239K(2368K)->2239K(2368K)
[2026-05-06T01:33:51.659+0100][20.426s][info][gc             ] GC(172) Pause Young (Allocation Failure) 1027M->199M(1253M) 0.282ms
[2026-05-06T01:33:51.659+0100][20.426s][info][gc,cpu         ] GC(172) User=0.00s Sys=0.00s Real=0.00s
[2026-05-06T01:33:51.759+0100][20.526s][info][gc,start       ] GC(173) Pause Young (System.gc())
[2026-05-06T01:33:51.759+0100][20.526s][info][gc,heap        ] GC(173) PSYoungGen: 498417K(827392K)->160K(827392K) Eden: 498257K(826880K)->0K(826880K) From: 160K(512K)->160K(512K)
[2026-05-06T01:33:51.759+0100][20.526s][info][gc,heap        ] GC(173) ParOldGen: 203747K(455680K)->203755K(455680K)
[2026-05-06T01:33:51.759+0100][20.526s][info][gc,metaspace   ] GC(173) Metaspace: 19152K(19520K)->19152K(19520K) NonClass: 16912K(17152K)->16912K(17152K) Class: 2239K(2368K)->2239K(2368K)
[2026-05-06T01:33:51.759+0100][20.526s][info][gc             ] GC(173) Pause Young (System.gc()) 685M->199M(1253M) 0.264ms
[2026-05-06T01:33:51.759+0100][20.526s][info][gc,cpu         ] GC(173) User=0.00s Sys=0.01s Real=0.00s
[2026-05-06T01:33:51.759+0100][20.526s][info][gc,start       ] GC(174) Pause Full (System.gc())
[2026-05-06T01:33:51.759+0100][20.526s][info][gc,phases,start] GC(174) Marking Phase
[2026-05-06T01:33:51.765+0100][20.531s][info][gc,phases      ] GC(174) Marking Phase 5.262ms
[2026-05-06T01:33:51.765+0100][20.531s][info][gc,phases,start] GC(174) Summary Phase
[2026-05-06T01:33:51.765+0100][20.531s][info][gc,phases      ] GC(174) Summary Phase 0.006ms
[2026-05-06T01:33:51.765+0100][20.531s][info][gc,phases,start] GC(174) Adjust Roots
[2026-05-06T01:33:51.766+0100][20.533s][info][gc,phases      ] GC(174) Adjust Roots 1.648ms
[2026-05-06T01:33:51.766+0100][20.533s][info][gc,phases,start] GC(174) Compaction Phase
[2026-05-06T01:33:51.768+0100][20.535s][info][gc,phases      ] GC(174) Compaction Phase 1.930ms
[2026-05-06T01:33:51.768+0100][20.535s][info][gc,phases,start] GC(174) Post Compact
[2026-05-06T01:33:51.768+0100][20.535s][info][gc,phases      ] GC(174) Post Compact 0.070ms
[2026-05-06T01:33:51.768+0100][20.535s][info][gc,heap        ] GC(174) PSYoungGen: 160K(827392K)->0K(827392K) Eden: 0K(826880K)->0K(826880K) From: 160K(512K)->0K(512K)
[2026-05-06T01:33:51.768+0100][20.535s][info][gc,heap        ] GC(174) ParOldGen: 203755K(455680K)->203747K(455680K)
[2026-05-06T01:33:51.768+0100][20.535s][info][gc,metaspace   ] GC(174) Metaspace: 19152K(19520K)->19152K(19520K) NonClass: 16912K(17152K)->16912K(17152K) Class: 2239K(2368K)->2239K(2368K)
[2026-05-06T01:33:51.768+0100][20.535s][info][gc             ] GC(174) Pause Full (System.gc()) 199M->198M(1253M) 9.029ms
[2026-05-06T01:33:51.768+0100][20.535s][info][gc,cpu         ] GC(174) User=0.03s Sys=0.00s Real=0.01s
[2026-05-06T01:33:51.987+0100][20.754s][info][gc,start       ] GC(175) Pause Young (Allocation Failure)
[2026-05-06T01:33:51.988+0100][20.754s][info][gc,heap        ] GC(175) PSYoungGen: 826880K(827392K)->160K(789504K) Eden: 826880K(826880K)->0K(788992K) From: 0K(512K)->160K(512K)
[2026-05-06T01:33:51.988+0100][20.754s][info][gc,heap        ] GC(175) ParOldGen: 203747K(455680K)->203747K(455680K)
[2026-05-06T01:33:51.988+0100][20.754s][info][gc,metaspace   ] GC(175) Metaspace: 19152K(19520K)->19152K(19520K) NonClass: 16912K(17152K)->16912K(17152K) Class: 2239K(2368K)->2239K(2368K)
[2026-05-06T01:33:51.988+0100][20.754s][info][gc             ] GC(175) Pause Young (Allocation Failure) 1006M->199M(1216M) 0.311ms
[2026-05-06T01:33:51.988+0100][20.754s][info][gc,cpu         ] GC(175) User=0.00s Sys=0.00s Real=0.00s
[2026-05-06T01:33:52.157+0100][20.924s][info][gc,start       ] GC(176) Pause Young (Allocation Failure)
[2026-05-06T01:33:52.158+0100][20.924s][info][gc,heap        ] GC(176) PSYoungGen: 679720K(789504K)->160K(753664K) Eden: 679560K(788992K)->0K(753152K) From: 160K(512K)->160K(512K)
[2026-05-06T01:33:52.158+0100][20.924s][info][gc,heap        ] GC(176) ParOldGen: 203747K(455680K)->203755K(455680K)
[2026-05-06T01:33:52.158+0100][20.924s][info][gc,metaspace   ] GC(176) Metaspace: 19152K(19520K)->19152K(19520K) NonClass: 16912K(17152K)->16912K(17152K) Class: 2239K(2368K)->2239K(2368K)
[2026-05-06T01:33:52.158+0100][20.924s][info][gc             ] GC(176) Pause Young (Allocation Failure) 862M->199M(1181M) 0.297ms
[2026-05-06T01:33:52.158+0100][20.924s][info][gc,cpu         ] GC(176) User=0.00s Sys=0.01s Real=0.00s
[2026-05-06T01:33:52.272+0100][21.039s][info][gc,start       ] GC(177) Pause Young (System.gc())
[2026-05-06T01:33:52.273+0100][21.039s][info][gc,heap        ] GC(177) PSYoungGen: 610761K(753664K)->32K(753664K) Eden: 610601K(753152K)->0K(753152K) From: 160K(512K)->32K(512K)
[2026-05-06T01:33:52.273+0100][21.039s][info][gc,heap        ] GC(177) ParOldGen: 203755K(455680K)->203755K(455680K)
[2026-05-06T01:33:52.273+0100][21.039s][info][gc,metaspace   ] GC(177) Metaspace: 19152K(19520K)->19152K(19520K) NonClass: 16912K(17152K)->16912K(17152K) Class: 2239K(2368K)->2239K(2368K)
[2026-05-06T01:33:52.273+0100][21.039s][info][gc             ] GC(177) Pause Young (System.gc()) 795M->199M(1181M) 0.266ms
[2026-05-06T01:33:52.273+0100][21.039s][info][gc,cpu         ] GC(177) User=0.00s Sys=0.00s Real=0.00s
[2026-05-06T01:33:52.273+0100][21.039s][info][gc,start       ] GC(178) Pause Full (System.gc())
[2026-05-06T01:33:52.273+0100][21.039s][info][gc,phases,start] GC(178) Marking Phase
[2026-05-06T01:33:52.277+0100][21.044s][info][gc,phases      ] GC(178) Marking Phase 4.564ms
[2026-05-06T01:33:52.277+0100][21.044s][info][gc,phases,start] GC(178) Summary Phase
[2026-05-06T01:33:52.277+0100][21.044s][info][gc,phases      ] GC(178) Summary Phase 0.008ms
[2026-05-06T01:33:52.277+0100][21.044s][info][gc,phases,start] GC(178) Adjust Roots
[2026-05-06T01:33:52.279+0100][21.046s][info][gc,phases      ] GC(178) Adjust Roots 1.833ms
[2026-05-06T01:33:52.279+0100][21.046s][info][gc,phases,start] GC(178) Compaction Phase
[2026-05-06T01:33:52.281+0100][21.048s][info][gc,phases      ] GC(178) Compaction Phase 2.149ms
[2026-05-06T01:33:52.281+0100][21.048s][info][gc,phases,start] GC(178) Post Compact
[2026-05-06T01:33:52.281+0100][21.048s][info][gc,phases      ] GC(178) Post Compact 0.071ms
[2026-05-06T01:33:52.281+0100][21.048s][info][gc,heap        ] GC(178) PSYoungGen: 32K(753664K)->0K(753664K) Eden: 0K(753152K)->0K(753152K) From: 32K(512K)->0K(512K)
[2026-05-06T01:33:52.281+0100][21.048s][info][gc,heap        ] GC(178) ParOldGen: 203755K(455680K)->203744K(455680K)
[2026-05-06T01:33:52.281+0100][21.048s][info][gc,metaspace   ] GC(178) Metaspace: 19152K(19520K)->19152K(19520K) NonClass: 16912K(17152K)->16912K(17152K) Class: 2239K(2368K)->2239K(2368K)
[2026-05-06T01:33:52.281+0100][21.048s][info][gc             ] GC(178) Pause Full (System.gc()) 199M->198M(1181M) 8.757ms
[2026-05-06T01:33:52.281+0100][21.048s][info][gc,cpu         ] GC(178) User=0.02s Sys=0.01s Real=0.01s
[2026-05-06T01:33:52.450+0100][21.216s][info][gc,start       ] GC(179) Pause Young (Allocation Failure)
[2026-05-06T01:33:52.450+0100][21.217s][info][gc,heap        ] GC(179) PSYoungGen: 750982K(753664K)->32K(719872K) Eden: 750982K(753152K)->0K(719360K) From: 0K(512K)->32K(512K)
[2026-05-06T01:33:52.450+0100][21.217s][info][gc,heap        ] GC(179) ParOldGen: 203744K(455680K)->203744K(455680K)
[2026-05-06T01:33:52.450+0100][21.217s][info][gc,metaspace   ] GC(179) Metaspace: 19152K(19520K)->19152K(19520K) NonClass: 16912K(17152K)->16912K(17152K) Class: 2239K(2368K)->2239K(2368K)
[2026-05-06T01:33:52.450+0100][21.217s][info][gc             ] GC(179) Pause Young (Allocation Failure) 932M->199M(1148M) 0.290ms
[2026-05-06T01:33:52.450+0100][21.217s][info][gc,cpu         ] GC(179) User=0.00s Sys=0.00s Real=0.00s
[2026-05-06T01:33:52.573+0100][21.339s][info][gc,start       ] GC(180) Pause Young (Allocation Failure)
[2026-05-06T01:33:52.573+0100][21.339s][info][gc,heap        ] GC(180) PSYoungGen: 603306K(719872K)->32K(687616K) Eden: 603274K(719360K)->0K(687104K) From: 32K(512K)->32K(512K)
[2026-05-06T01:33:52.573+0100][21.340s][info][gc,heap        ] GC(180) ParOldGen: 203744K(455680K)->203752K(455680K)
[2026-05-06T01:33:52.573+0100][21.340s][info][gc,metaspace   ] GC(180) Metaspace: 19152K(19520K)->19152K(19520K) NonClass: 16912K(17152K)->16912K(17152K) Class: 2239K(2368K)->2239K(2368K)
[2026-05-06T01:33:52.573+0100][21.340s][info][gc             ] GC(180) Pause Young (Allocation Failure) 788M->199M(1116M) 0.271ms
[2026-05-06T01:33:52.573+0100][21.340s][info][gc,cpu         ] GC(180) User=0.00s Sys=0.00s Real=0.00s
[2026-05-06T01:33:52.664+0100][21.431s][info][gc,start       ] GC(181) Pause Young (Allocation Failure)
[2026-05-06T01:33:52.665+0100][21.431s][info][gc,heap        ] GC(181) PSYoungGen: 624850K(687616K)->192K(656896K) Eden: 624818K(687104K)->0K(656384K) From: 32K(512K)->192K(512K)
[2026-05-06T01:33:52.665+0100][21.431s][info][gc,heap        ] GC(181) ParOldGen: 203752K(455680K)->203760K(455680K)
[2026-05-06T01:33:52.665+0100][21.431s][info][gc,metaspace   ] GC(181) Metaspace: 19168K(19520K)->19168K(19520K) NonClass: 16928K(17152K)->16928K(17152K) Class: 2239K(2368K)->2239K(2368K)
[2026-05-06T01:33:52.665+0100][21.431s][info][gc             ] GC(181) Pause Young (Allocation Failure) 809M->199M(1086M) 0.311ms
[2026-05-06T01:33:52.665+0100][21.431s][info][gc,cpu         ] GC(181) User=0.00s Sys=0.00s Real=0.00s
[2026-05-06T01:33:52.683+0100][21.450s][info][gc,start       ] GC(182) Pause Young (System.gc())
[2026-05-06T01:33:52.684+0100][21.450s][info][gc,heap        ] GC(182) PSYoungGen: 185263K(656896K)->96K(656896K) Eden: 185071K(656384K)->0K(656384K) From: 192K(512K)->96K(512K)
[2026-05-06T01:33:52.684+0100][21.450s][info][gc,heap        ] GC(182) ParOldGen: 203760K(455680K)->203784K(455680K)
[2026-05-06T01:33:52.684+0100][21.450s][info][gc,metaspace   ] GC(182) Metaspace: 19168K(19520K)->19168K(19520K) NonClass: 16928K(17152K)->16928K(17152K) Class: 2239K(2368K)->2239K(2368K)
[2026-05-06T01:33:52.684+0100][21.450s][info][gc             ] GC(182) Pause Young (System.gc()) 379M->199M(1086M) 0.292ms
[2026-05-06T01:33:52.684+0100][21.450s][info][gc,cpu         ] GC(182) User=0.00s Sys=0.00s Real=0.00s
[2026-05-06T01:33:52.684+0100][21.450s][info][gc,start       ] GC(183) Pause Full (System.gc())
[2026-05-06T01:33:52.684+0100][21.450s][info][gc,phases,start] GC(183) Marking Phase
[2026-05-06T01:33:52.688+0100][21.455s][info][gc,phases      ] GC(183) Marking Phase 4.452ms
[2026-05-06T01:33:52.688+0100][21.455s][info][gc,phases,start] GC(183) Summary Phase
[2026-05-06T01:33:52.688+0100][21.455s][info][gc,phases      ] GC(183) Summary Phase 0.006ms
[2026-05-06T01:33:52.688+0100][21.455s][info][gc,phases,start] GC(183) Adjust Roots
[2026-05-06T01:33:52.690+0100][21.456s][info][gc,phases      ] GC(183) Adjust Roots 1.565ms
[2026-05-06T01:33:52.690+0100][21.456s][info][gc,phases,start] GC(183) Compaction Phase
[2026-05-06T01:33:52.691+0100][21.458s][info][gc,phases      ] GC(183) Compaction Phase 1.818ms
[2026-05-06T01:33:52.691+0100][21.458s][info][gc,phases,start] GC(183) Post Compact
[2026-05-06T01:33:52.692+0100][21.458s][info][gc,phases      ] GC(183) Post Compact 0.067ms
[2026-05-06T01:33:52.692+0100][21.458s][info][gc,heap        ] GC(183) PSYoungGen: 96K(656896K)->0K(656896K) Eden: 0K(656384K)->0K(656384K) From: 96K(512K)->0K(512K)
[2026-05-06T01:33:52.692+0100][21.458s][info][gc,heap        ] GC(183) ParOldGen: 203784K(455680K)->203749K(455680K)
[2026-05-06T01:33:52.692+0100][21.458s][info][gc,metaspace   ] GC(183) Metaspace: 19168K(19520K)->19168K(19520K) NonClass: 16928K(17152K)->16928K(17152K) Class: 2239K(2368K)->2239K(2368K)
[2026-05-06T01:33:52.692+0100][21.458s][info][gc             ] GC(183) Pause Full (System.gc()) 199M->198M(1086M) 7.979ms
[2026-05-06T01:33:52.692+0100][21.458s][info][gc,cpu         ] GC(183) User=0.02s Sys=0.00s Real=0.01s
[2026-05-06T01:33:52.795+0100][21.562s][info][gc,start       ] GC(184) Pause Young (Allocation Failure)
[2026-05-06T01:33:52.795+0100][21.562s][info][gc,heap        ] GC(184) PSYoungGen: 540184K(656896K)->160K(627712K) Eden: 540184K(656384K)->0K(627200K) From: 0K(512K)->160K(512K)
[2026-05-06T01:33:52.795+0100][21.562s][info][gc,heap        ] GC(184) ParOldGen: 203749K(455680K)->203749K(455680K)
[2026-05-06T01:33:52.795+0100][21.562s][info][gc,metaspace   ] GC(184) Metaspace: 19168K(19520K)->19168K(19520K) NonClass: 16928K(17152K)->16928K(17152K) Class: 2239K(2368K)->2239K(2368K)
[2026-05-06T01:33:52.795+0100][21.562s][info][gc             ] GC(184) Pause Young (Allocation Failure) 726M->199M(1058M) 0.319ms
[2026-05-06T01:33:52.795+0100][21.562s][info][gc,cpu         ] GC(184) User=0.00s Sys=0.00s Real=0.00s
[2026-05-06T01:33:52.886+0100][21.653s][info][gc,start       ] GC(185) Pause Young (Allocation Failure)
[2026-05-06T01:33:52.886+0100][21.653s][info][gc,heap        ] GC(185) PSYoungGen: 504574K(627712K)->128K(600064K) Eden: 504414K(627200K)->0K(599552K) From: 160K(512K)->128K(512K)
[2026-05-06T01:33:52.886+0100][21.653s][info][gc,heap        ] GC(185) ParOldGen: 203749K(455680K)->203757K(455680K)
[2026-05-06T01:33:52.886+0100][21.653s][info][gc,metaspace   ] GC(185) Metaspace: 19168K(19520K)->19168K(19520K) NonClass: 16928K(17152K)->16928K(17152K) Class: 2239K(2368K)->2239K(2368K)
[2026-05-06T01:33:52.886+0100][21.653s][info][gc             ] GC(185) Pause Young (Allocation Failure) 691M->199M(1031M) 0.342ms
[2026-05-06T01:33:52.886+0100][21.653s][info][gc,cpu         ] GC(185) User=0.00s Sys=0.00s Real=0.00s
[2026-05-06T01:33:52.980+0100][21.746s][info][gc,start       ] GC(186) Pause Young (Allocation Failure)
[2026-05-06T01:33:52.980+0100][21.747s][info][gc,heap        ] GC(186) PSYoungGen: 495645K(600064K)->224K(573440K) Eden: 495517K(599552K)->0K(572928K) From: 128K(512K)->224K(512K)
[2026-05-06T01:33:52.980+0100][21.747s][info][gc,heap        ] GC(186) ParOldGen: 203757K(455680K)->203757K(455680K)
[2026-05-06T01:33:52.980+0100][21.747s][info][gc,metaspace   ] GC(186) Metaspace: 19168K(19520K)->19168K(19520K) NonClass: 16928K(17152K)->16928K(17152K) Class: 2239K(2368K)->2239K(2368K)
[2026-05-06T01:33:52.980+0100][21.747s][info][gc             ] GC(186) Pause Young (Allocation Failure) 683M->199M(1005M) 0.320ms
[2026-05-06T01:33:52.980+0100][21.747s][info][gc,cpu         ] GC(186) User=0.00s Sys=0.00s Real=0.00s
[2026-05-06T01:33:53.074+0100][21.841s][info][gc,start       ] GC(187) Pause Young (Allocation Failure)
[2026-05-06T01:33:53.075+0100][21.841s][info][gc,heap        ] GC(187) PSYoungGen: 492699K(573440K)->224K(548352K) Eden: 492475K(572928K)->0K(547840K) From: 224K(512K)->224K(512K)
[2026-05-06T01:33:53.075+0100][21.841s][info][gc,heap        ] GC(187) ParOldGen: 203757K(455680K)->203757K(455680K)
[2026-05-06T01:33:53.075+0100][21.841s][info][gc,metaspace   ] GC(187) Metaspace: 19171K(19520K)->19171K(19520K) NonClass: 16931K(17152K)->16931K(17152K) Class: 2239K(2368K)->2239K(2368K)
[2026-05-06T01:33:53.075+0100][21.841s][info][gc             ] GC(187) Pause Young (Allocation Failure) 680M->199M(980M) 0.276ms
[2026-05-06T01:33:53.075+0100][21.841s][info][gc,cpu         ] GC(187) User=0.00s Sys=0.00s Real=0.00s
[2026-05-06T01:33:53.093+0100][21.860s][info][gc,start       ] GC(188) Pause Young (System.gc())
[2026-05-06T01:33:53.093+0100][21.860s][info][gc,heap        ] GC(188) PSYoungGen: 162805K(548352K)->160K(548352K) Eden: 162581K(547840K)->0K(547840K) From: 224K(512K)->160K(512K)
[2026-05-06T01:33:53.093+0100][21.860s][info][gc,heap        ] GC(188) ParOldGen: 203757K(455680K)->203805K(455680K)
[2026-05-06T01:33:53.093+0100][21.860s][info][gc,metaspace   ] GC(188) Metaspace: 19171K(19520K)->19171K(19520K) NonClass: 16931K(17152K)->16931K(17152K) Class: 2239K(2368K)->2239K(2368K)
[2026-05-06T01:33:53.093+0100][21.860s][info][gc             ] GC(188) Pause Young (System.gc()) 357M->199M(980M) 0.258ms
[2026-05-06T01:33:53.093+0100][21.860s][info][gc,cpu         ] GC(188) User=0.00s Sys=0.00s Real=0.00s
[2026-05-06T01:33:53.093+0100][21.860s][info][gc,start       ] GC(189) Pause Full (System.gc())
[2026-05-06T01:33:53.094+0100][21.860s][info][gc,phases,start] GC(189) Marking Phase
[2026-05-06T01:33:53.099+0100][21.865s][info][gc,phases      ] GC(189) Marking Phase 5.247ms
[2026-05-06T01:33:53.099+0100][21.865s][info][gc,phases,start] GC(189) Summary Phase
[2026-05-06T01:33:53.099+0100][21.865s][info][gc,phases      ] GC(189) Summary Phase 0.012ms
[2026-05-06T01:33:53.099+0100][21.866s][info][gc,phases,start] GC(189) Adjust Roots
[2026-05-06T01:33:53.101+0100][21.867s][info][gc,phases      ] GC(189) Adjust Roots 1.698ms
[2026-05-06T01:33:53.101+0100][21.867s][info][gc,phases,start] GC(189) Compaction Phase
[2026-05-06T01:33:53.103+0100][21.869s][info][gc,phases      ] GC(189) Compaction Phase 2.080ms
[2026-05-06T01:33:53.103+0100][21.869s][info][gc,phases,start] GC(189) Post Compact
[2026-05-06T01:33:53.103+0100][21.869s][info][gc,phases      ] GC(189) Post Compact 0.062ms
[2026-05-06T01:33:53.103+0100][21.869s][info][gc,heap        ] GC(189) PSYoungGen: 160K(548352K)->0K(548352K) Eden: 0K(547840K)->0K(547840K) From: 160K(512K)->0K(512K)
[2026-05-06T01:33:53.103+0100][21.869s][info][gc,heap        ] GC(189) ParOldGen: 203805K(455680K)->203750K(455680K)
[2026-05-06T01:33:53.103+0100][21.869s][info][gc,metaspace   ] GC(189) Metaspace: 19171K(19520K)->19171K(19520K) NonClass: 16931K(17152K)->16931K(17152K) Class: 2239K(2368K)->2239K(2368K)
[2026-05-06T01:33:53.103+0100][21.869s][info][gc             ] GC(189) Pause Full (System.gc()) 199M->198M(980M) 9.223ms
[2026-05-06T01:33:53.103+0100][21.869s][info][gc,cpu         ] GC(189) User=0.03s Sys=0.01s Real=0.01s
[2026-05-06T01:33:53.210+0100][21.976s][info][gc,start       ] GC(190) Pause Young (Allocation Failure)
[2026-05-06T01:33:53.210+0100][21.977s][info][gc,heap        ] GC(190) PSYoungGen: 500668K(548352K)->192K(524288K) Eden: 500668K(547840K)->0K(523776K) From: 0K(512K)->192K(512K)
[2026-05-06T01:33:53.210+0100][21.977s][info][gc,heap        ] GC(190) ParOldGen: 203750K(455680K)->203750K(455680K)
[2026-05-06T01:33:53.210+0100][21.977s][info][gc,metaspace   ] GC(190) Metaspace: 19171K(19520K)->19171K(19520K) NonClass: 16931K(17152K)->16931K(17152K) Class: 2239K(2368K)->2239K(2368K)
[2026-05-06T01:33:53.210+0100][21.977s][info][gc             ] GC(190) Pause Young (Allocation Failure) 687M->199M(957M) 0.329ms
[2026-05-06T01:33:53.210+0100][21.977s][info][gc,cpu         ] GC(190) User=0.00s Sys=0.00s Real=0.00s
[2026-05-06T01:33:53.302+0100][22.068s][info][gc,start       ] GC(191) Pause Young (Allocation Failure)
[2026-05-06T01:33:53.302+0100][22.069s][info][gc,heap        ] GC(191) PSYoungGen: 484991K(524288K)->288K(501760K) Eden: 484799K(523776K)->0K(501248K) From: 192K(512K)->288K(512K)
[2026-05-06T01:33:53.302+0100][22.069s][info][gc,heap        ] GC(191) ParOldGen: 203750K(455680K)->203766K(455680K)
[2026-05-06T01:33:53.302+0100][22.069s][info][gc,metaspace   ] GC(191) Metaspace: 19171K(19520K)->19171K(19520K) NonClass: 16931K(17152K)->16931K(17152K) Class: 2239K(2368K)->2239K(2368K)
[2026-05-06T01:33:53.302+0100][22.069s][info][gc             ] GC(191) Pause Young (Allocation Failure) 672M->199M(935M) 0.281ms
[2026-05-06T01:33:53.302+0100][22.069s][info][gc,cpu         ] GC(191) User=0.00s Sys=0.00s Real=0.00s
[2026-05-06T01:33:53.394+0100][22.161s][info][gc,start       ] GC(192) Pause Young (Allocation Failure)
[2026-05-06T01:33:53.395+0100][22.161s][info][gc,heap        ] GC(192) PSYoungGen: 482815K(501760K)->160K(480256K) Eden: 482527K(501248K)->0K(479744K) From: 288K(512K)->160K(512K)
[2026-05-06T01:33:53.395+0100][22.161s][info][gc,heap        ] GC(192) ParOldGen: 203766K(455680K)->203766K(455680K)
[2026-05-06T01:33:53.395+0100][22.161s][info][gc,metaspace   ] GC(192) Metaspace: 19171K(19520K)->19171K(19520K) NonClass: 16931K(17152K)->16931K(17152K) Class: 2239K(2368K)->2239K(2368K)
[2026-05-06T01:33:53.395+0100][22.161s][info][gc             ] GC(192) Pause Young (Allocation Failure) 670M->199M(914M) 0.348ms
[2026-05-06T01:33:53.395+0100][22.161s][info][gc,cpu         ] GC(192) User=0.00s Sys=0.00s Real=0.00s
[2026-05-06T01:33:53.476+0100][22.243s][info][gc,start       ] GC(193) Pause Young (Allocation Failure)
[2026-05-06T01:33:53.476+0100][22.243s][info][gc,heap        ] GC(193) PSYoungGen: 455437K(480256K)->64K(459776K) Eden: 455277K(479744K)->0K(459264K) From: 160K(512K)->64K(512K)
[2026-05-06T01:33:53.476+0100][22.243s][info][gc,heap        ] GC(193) ParOldGen: 203766K(455680K)->203766K(455680K)
[2026-05-06T01:33:53.476+0100][22.243s][info][gc,metaspace   ] GC(193) Metaspace: 19171K(19520K)->19171K(19520K) NonClass: 16931K(17152K)->16931K(17152K) Class: 2239K(2368K)->2239K(2368K)
[2026-05-06T01:33:53.476+0100][22.243s][info][gc             ] GC(193) Pause Young (Allocation Failure) 643M->199M(894M) 0.233ms
[2026-05-06T01:33:53.476+0100][22.243s][info][gc,cpu         ] GC(193) User=0.00s Sys=0.00s Real=0.00s
[2026-05-06T01:33:53.493+0100][22.260s][info][gc,start       ] GC(194) Pause Young (System.gc())
[2026-05-06T01:33:53.493+0100][22.260s][info][gc,heap        ] GC(194) PSYoungGen: 156023K(459776K)->0K(459776K) Eden: 155959K(459264K)->0K(459264K) From: 64K(512K)->0K(512K)
[2026-05-06T01:33:53.493+0100][22.260s][info][gc,heap        ] GC(194) ParOldGen: 203766K(455680K)->203774K(455680K)
[2026-05-06T01:33:53.493+0100][22.260s][info][gc,metaspace   ] GC(194) Metaspace: 19171K(19520K)->19171K(19520K) NonClass: 16931K(17152K)->16931K(17152K) Class: 2239K(2368K)->2239K(2368K)
[2026-05-06T01:33:53.493+0100][22.260s][info][gc             ] GC(194) Pause Young (System.gc()) 351M->198M(894M) 0.272ms
[2026-05-06T01:33:53.493+0100][22.260s][info][gc,cpu         ] GC(194) User=0.00s Sys=0.00s Real=0.00s
[2026-05-06T01:33:53.493+0100][22.260s][info][gc,start       ] GC(195) Pause Full (System.gc())
[2026-05-06T01:33:53.493+0100][22.260s][info][gc,phases,start] GC(195) Marking Phase
[2026-05-06T01:33:53.498+0100][22.264s][info][gc,phases      ] GC(195) Marking Phase 4.561ms
[2026-05-06T01:33:53.498+0100][22.264s][info][gc,phases,start] GC(195) Summary Phase
[2026-05-06T01:33:53.498+0100][22.264s][info][gc,phases      ] GC(195) Summary Phase 0.006ms
[2026-05-06T01:33:53.498+0100][22.264s][info][gc,phases,start] GC(195) Adjust Roots
[2026-05-06T01:33:53.499+0100][22.266s][info][gc,phases      ] GC(195) Adjust Roots 1.599ms
[2026-05-06T01:33:53.499+0100][22.266s][info][gc,phases,start] GC(195) Compaction Phase
[2026-05-06T01:33:53.501+0100][22.268s][info][gc,phases      ] GC(195) Compaction Phase 1.837ms
[2026-05-06T01:33:53.501+0100][22.268s][info][gc,phases,start] GC(195) Post Compact
[2026-05-06T01:33:53.501+0100][22.268s][info][gc,phases      ] GC(195) Post Compact 0.062ms
[2026-05-06T01:33:53.501+0100][22.268s][info][gc,heap        ] GC(195) PSYoungGen: 0K(459776K)->0K(459776K) Eden: 0K(459264K)->0K(459264K) From: 0K(512K)->0K(512K)
[2026-05-06T01:33:53.501+0100][22.268s][info][gc,heap        ] GC(195) ParOldGen: 203774K(455680K)->203744K(455680K)
[2026-05-06T01:33:53.501+0100][22.268s][info][gc,metaspace   ] GC(195) Metaspace: 19171K(19520K)->19171K(19520K) NonClass: 16931K(17152K)->16931K(17152K) Class: 2239K(2368K)->2239K(2368K)
[2026-05-06T01:33:53.501+0100][22.268s][info][gc             ] GC(195) Pause Full (System.gc()) 198M->198M(894M) 8.131ms
[2026-05-06T01:33:53.501+0100][22.268s][info][gc,cpu         ] GC(195) User=0.03s Sys=0.00s Real=0.01s
[2026-05-06T01:33:53.591+0100][22.358s][info][gc,start       ] GC(196) Pause Young (Allocation Failure)
[2026-05-06T01:33:53.591+0100][22.358s][info][gc,heap        ] GC(196) PSYoungGen: 450871K(459776K)->32K(440320K) Eden: 450871K(459264K)->0K(439808K) From: 0K(512K)->32K(512K)
[2026-05-06T01:33:53.591+0100][22.358s][info][gc,heap        ] GC(196) ParOldGen: 203744K(455680K)->203744K(455680K)
[2026-05-06T01:33:53.591+0100][22.358s][info][gc,metaspace   ] GC(196) Metaspace: 19171K(19520K)->19171K(19520K) NonClass: 16931K(17152K)->16931K(17152K) Class: 2239K(2368K)->2239K(2368K)
[2026-05-06T01:33:53.591+0100][22.358s][info][gc             ] GC(196) Pause Young (Allocation Failure) 639M->199M(875M) 0.317ms
[2026-05-06T01:33:53.591+0100][22.358s][info][gc,cpu         ] GC(196) User=0.00s Sys=0.00s Real=0.00s
[2026-05-06T01:33:53.651+0100][22.417s][info][gc,start       ] GC(197) Pause Young (Allocation Failure)
[2026-05-06T01:33:53.651+0100][22.417s][info][gc,heap        ] GC(197) PSYoungGen: 303257K(440320K)->32K(421888K) Eden: 303225K(439808K)->0K(421376K) From: 32K(512K)->32K(512K)
[2026-05-06T01:33:53.651+0100][22.418s][info][gc,heap        ] GC(197) ParOldGen: 203744K(455680K)->203752K(455680K)
[2026-05-06T01:33:53.651+0100][22.418s][info][gc,metaspace   ] GC(197) Metaspace: 19171K(19520K)->19171K(19520K) NonClass: 16931K(17152K)->16931K(17152K) Class: 2239K(2368K)->2239K(2368K)
[2026-05-06T01:33:53.651+0100][22.418s][info][gc             ] GC(197) Pause Young (Allocation Failure) 495M->199M(857M) 0.306ms
[2026-05-06T01:33:53.651+0100][22.418s][info][gc,cpu         ] GC(197) User=0.00s Sys=0.00s Real=0.00s
[2026-05-06T01:33:53.753+0100][22.520s][info][gc,start       ] GC(198) Pause Young (Allocation Failure)
[2026-05-06T01:33:53.754+0100][22.521s][info][gc,heap        ] GC(198) PSYoungGen: 302991K(421888K)->32K(403968K) Eden: 302959K(421376K)->0K(403456K) From: 32K(512K)->32K(512K)
[2026-05-06T01:33:53.754+0100][22.521s][info][gc,heap        ] GC(198) ParOldGen: 203752K(455680K)->203752K(455680K)
[2026-05-06T01:33:53.754+0100][22.521s][info][gc,metaspace   ] GC(198) Metaspace: 19171K(19520K)->19171K(19520K) NonClass: 16931K(17152K)->16931K(17152K) Class: 2239K(2368K)->2239K(2368K)
[2026-05-06T01:33:53.754+0100][22.521s][info][gc             ] GC(198) Pause Young (Allocation Failure) 494M->199M(839M) 0.456ms
[2026-05-06T01:33:53.754+0100][22.521s][info][gc,cpu         ] GC(198) User=0.00s Sys=0.00s Real=0.00s
[2026-05-06T01:33:53.848+0100][22.615s][info][gc,start       ] GC(199) Pause Young (Allocation Failure)
[2026-05-06T01:33:53.849+0100][22.615s][info][gc,heap        ] GC(199) PSYoungGen: 302702K(403968K)->32K(387072K) Eden: 302670K(403456K)->0K(386560K) From: 32K(512K)->32K(512K)
[2026-05-06T01:33:53.849+0100][22.615s][info][gc,heap        ] GC(199) ParOldGen: 203752K(455680K)->203752K(455680K)
[2026-05-06T01:33:53.849+0100][22.615s][info][gc,metaspace   ] GC(199) Metaspace: 19171K(19520K)->19171K(19520K) NonClass: 16931K(17152K)->16931K(17152K) Class: 2239K(2368K)->2239K(2368K)
[2026-05-06T01:33:53.849+0100][22.615s][info][gc             ] GC(199) Pause Young (Allocation Failure) 494M->199M(823M) 0.374ms
[2026-05-06T01:33:53.849+0100][22.615s][info][gc,cpu         ] GC(199) User=0.00s Sys=0.00s Real=0.00s
[2026-05-06T01:33:53.916+0100][22.683s][info][gc,start       ] GC(200) Pause Young (Allocation Failure)
[2026-05-06T01:33:53.916+0100][22.683s][info][gc,heap        ] GC(200) PSYoungGen: 386592K(387072K)->224K(371200K) Eden: 386560K(386560K)->0K(370688K) From: 32K(512K)->224K(512K)
[2026-05-06T01:33:53.916+0100][22.683s][info][gc,heap        ] GC(200) ParOldGen: 203752K(455680K)->203752K(455680K)
[2026-05-06T01:33:53.916+0100][22.683s][info][gc,metaspace   ] GC(200) Metaspace: 19171K(19520K)->19171K(19520K) NonClass: 16931K(17152K)->16931K(17152K) Class: 2239K(2368K)->2239K(2368K)
[2026-05-06T01:33:53.916+0100][22.683s][info][gc             ] GC(200) Pause Young (Allocation Failure) 576M->199M(807M) 0.355ms
[2026-05-06T01:33:53.916+0100][22.683s][info][gc,cpu         ] GC(200) User=0.00s Sys=0.00s Real=0.00s
[2026-05-06T01:33:53.978+0100][22.745s][info][gc,start       ] GC(201) Pause Young (System.gc())
[2026-05-06T01:33:53.978+0100][22.745s][info][gc,heap        ] GC(201) PSYoungGen: 338481K(371200K)->192K(371200K) Eden: 338257K(370688K)->0K(370688K) From: 224K(512K)->192K(512K)
[2026-05-06T01:33:53.978+0100][22.745s][info][gc,heap        ] GC(201) ParOldGen: 203752K(455680K)->203760K(455680K)
[2026-05-06T01:33:53.978+0100][22.745s][info][gc,metaspace   ] GC(201) Metaspace: 19171K(19520K)->19171K(19520K) NonClass: 16931K(17152K)->16931K(17152K) Class: 2239K(2368K)->2239K(2368K)
[2026-05-06T01:33:53.978+0100][22.745s][info][gc             ] GC(201) Pause Young (System.gc()) 529M->199M(807M) 0.353ms
[2026-05-06T01:33:53.978+0100][22.745s][info][gc,cpu         ] GC(201) User=0.00s Sys=0.00s Real=0.00s
[2026-05-06T01:33:53.978+0100][22.745s][info][gc,start       ] GC(202) Pause Full (System.gc())
[2026-05-06T01:33:53.978+0100][22.745s][info][gc,phases,start] GC(202) Marking Phase
[2026-05-06T01:33:53.984+0100][22.750s][info][gc,phases      ] GC(202) Marking Phase 5.375ms
[2026-05-06T01:33:53.984+0100][22.750s][info][gc,phases,start] GC(202) Summary Phase
[2026-05-06T01:33:53.984+0100][22.750s][info][gc,phases      ] GC(202) Summary Phase 0.009ms
[2026-05-06T01:33:53.984+0100][22.750s][info][gc,phases,start] GC(202) Adjust Roots
[2026-05-06T01:33:53.986+0100][22.753s][info][gc,phases      ] GC(202) Adjust Roots 2.259ms
[2026-05-06T01:33:53.986+0100][22.753s][info][gc,phases,start] GC(202) Compaction Phase
[2026-05-06T01:33:53.988+0100][22.755s][info][gc,phases      ] GC(202) Compaction Phase 2.248ms
[2026-05-06T01:33:53.988+0100][22.755s][info][gc,phases,start] GC(202) Post Compact
[2026-05-06T01:33:53.988+0100][22.755s][info][gc,phases      ] GC(202) Post Compact 0.071ms
[2026-05-06T01:33:53.988+0100][22.755s][info][gc,heap        ] GC(202) PSYoungGen: 192K(371200K)->0K(371200K) Eden: 0K(370688K)->0K(370688K) From: 192K(512K)->0K(512K)
[2026-05-06T01:33:53.988+0100][22.755s][info][gc,heap        ] GC(202) ParOldGen: 203760K(455680K)->203751K(455680K)
[2026-05-06T01:33:53.988+0100][22.755s][info][gc,metaspace   ] GC(202) Metaspace: 19171K(19520K)->19171K(19520K) NonClass: 16931K(17152K)->16931K(17152K) Class: 2239K(2368K)->2239K(2368K)
[2026-05-06T01:33:53.988+0100][22.755s][info][gc             ] GC(202) Pause Full (System.gc()) 199M->198M(807M) 10.089ms
[2026-05-06T01:33:53.988+0100][22.755s][info][gc,cpu         ] GC(202) User=0.03s Sys=0.00s Real=0.01s
[2026-05-06T01:33:54.074+0100][22.841s][info][gc,start       ] GC(203) Pause Young (Allocation Failure)
[2026-05-06T01:33:54.074+0100][22.841s][info][gc,heap        ] GC(203) PSYoungGen: 338775K(371200K)->256K(355840K) Eden: 338775K(370688K)->0K(355328K) From: 0K(512K)->256K(512K)
[2026-05-06T01:33:54.074+0100][22.841s][info][gc,heap        ] GC(203) ParOldGen: 203751K(455680K)->203751K(455680K)
[2026-05-06T01:33:54.074+0100][22.841s][info][gc,metaspace   ] GC(203) Metaspace: 19171K(19520K)->19171K(19520K) NonClass: 16931K(17152K)->16931K(17152K) Class: 2239K(2368K)->2239K(2368K)
[2026-05-06T01:33:54.074+0100][22.841s][info][gc             ] GC(203) Pause Young (Allocation Failure) 529M->199M(792M) 0.426ms
[2026-05-06T01:33:54.074+0100][22.841s][info][gc,cpu         ] GC(203) User=0.00s Sys=0.00s Real=0.00s
[2026-05-06T01:33:54.135+0100][22.901s][info][gc,start       ] GC(204) Pause Young (Allocation Failure)
[2026-05-06T01:33:54.135+0100][22.901s][info][gc,heap        ] GC(204) PSYoungGen: 323710K(355840K)->256K(341504K) Eden: 323454K(355328K)->0K(340992K) From: 256K(512K)->256K(512K)
[2026-05-06T01:33:54.135+0100][22.901s][info][gc,heap        ] GC(204) ParOldGen: 203751K(455680K)->203767K(455680K)
[2026-05-06T01:33:54.135+0100][22.901s][info][gc,metaspace   ] GC(204) Metaspace: 19171K(19520K)->19171K(19520K) NonClass: 16931K(17152K)->16931K(17152K) Class: 2239K(2368K)->2239K(2368K)
[2026-05-06T01:33:54.135+0100][22.901s][info][gc             ] GC(204) Pause Young (Allocation Failure) 515M->199M(778M) 0.290ms
[2026-05-06T01:33:54.135+0100][22.902s][info][gc,cpu         ] GC(204) User=0.00s Sys=0.00s Real=0.00s
[2026-05-06T01:33:54.202+0100][22.968s][info][gc,start       ] GC(205) Pause Young (Allocation Failure)
[2026-05-06T01:33:54.203+0100][22.970s][info][gc,heap        ] GC(205) PSYoungGen: 320445K(341504K)->224K(327680K) Eden: 320189K(340992K)->0K(327168K) From: 256K(512K)->224K(512K)
[2026-05-06T01:33:54.203+0100][22.970s][info][gc,heap        ] GC(205) ParOldGen: 203767K(455680K)->203767K(455680K)
[2026-05-06T01:33:54.203+0100][22.970s][info][gc,metaspace   ] GC(205) Metaspace: 19171K(19520K)->19171K(19520K) NonClass: 16931K(17152K)->16931K(17152K) Class: 2239K(2368K)->2239K(2368K)
[2026-05-06T01:33:54.203+0100][22.970s][info][gc             ] GC(205) Pause Young (Allocation Failure) 511M->199M(765M) 1.761ms
[2026-05-06T01:33:54.203+0100][22.970s][info][gc,cpu         ] GC(205) User=0.00s Sys=0.00s Real=0.00s
[2026-05-06T01:33:54.260+0100][23.027s][info][gc,start       ] GC(206) Pause Young (Allocation Failure)
[2026-05-06T01:33:54.260+0100][23.027s][info][gc,heap        ] GC(206) PSYoungGen: 317747K(327680K)->288K(314368K) Eden: 317523K(327168K)->0K(313856K) From: 224K(512K)->288K(512K)
[2026-05-06T01:33:54.260+0100][23.027s][info][gc,heap        ] GC(206) ParOldGen: 203767K(455680K)->203767K(455680K)
[2026-05-06T01:33:54.260+0100][23.027s][info][gc,metaspace   ] GC(206) Metaspace: 19171K(19520K)->19171K(19520K) NonClass: 16931K(17152K)->16931K(17152K) Class: 2239K(2368K)->2239K(2368K)
[2026-05-06T01:33:54.260+0100][23.027s][info][gc             ] GC(206) Pause Young (Allocation Failure) 509M->199M(752M) 0.335ms
[2026-05-06T01:33:54.260+0100][23.027s][info][gc,cpu         ] GC(206) User=0.00s Sys=0.00s Real=0.00s
[2026-05-06T01:33:54.313+0100][23.080s][info][gc,start       ] GC(207) Pause Young (Allocation Failure)
[2026-05-06T01:33:54.314+0100][23.080s][info][gc,heap        ] GC(207) PSYoungGen: 314144K(314368K)->224K(302080K) Eden: 313856K(313856K)->0K(301568K) From: 288K(512K)->224K(512K)
[2026-05-06T01:33:54.314+0100][23.080s][info][gc,heap        ] GC(207) ParOldGen: 203767K(455680K)->203767K(455680K)
[2026-05-06T01:33:54.314+0100][23.080s][info][gc,metaspace   ] GC(207) Metaspace: 19171K(19520K)->19171K(19520K) NonClass: 16931K(17152K)->16931K(17152K) Class: 2239K(2368K)->2239K(2368K)
[2026-05-06T01:33:54.314+0100][23.080s][info][gc             ] GC(207) Pause Young (Allocation Failure) 505M->199M(740M) 0.348ms
[2026-05-06T01:33:54.314+0100][23.080s][info][gc,cpu         ] GC(207) User=0.00s Sys=0.00s Real=0.00s
[2026-05-06T01:33:54.348+0100][23.115s][info][gc,start       ] GC(208) Pause Young (Allocation Failure)
[2026-05-06T01:33:54.348+0100][23.115s][info][gc,heap        ] GC(208) PSYoungGen: 164054K(302080K)->224K(290304K) Eden: 163830K(301568K)->0K(289792K) From: 224K(512K)->224K(512K)
[2026-05-06T01:33:54.348+0100][23.115s][info][gc,heap        ] GC(208) ParOldGen: 203767K(455680K)->203775K(455680K)
[2026-05-06T01:33:54.348+0100][23.115s][info][gc,metaspace   ] GC(208) Metaspace: 19171K(19520K)->19171K(19520K) NonClass: 16931K(17152K)->16931K(17152K) Class: 2239K(2368K)->2239K(2368K)
[2026-05-06T01:33:54.348+0100][23.115s][info][gc             ] GC(208) Pause Young (Allocation Failure) 359M->199M(728M) 0.288ms
[2026-05-06T01:33:54.348+0100][23.115s][info][gc,cpu         ] GC(208) User=0.00s Sys=0.00s Real=0.00s
[2026-05-06T01:33:54.418+0100][23.184s][info][gc,start       ] GC(209) Pause Young (System.gc())
[2026-05-06T01:33:54.418+0100][23.185s][info][gc,heap        ] GC(209) PSYoungGen: 161972K(290304K)->192K(290304K) Eden: 161748K(289792K)->0K(289792K) From: 224K(512K)->192K(512K)
[2026-05-06T01:33:54.418+0100][23.185s][info][gc,heap        ] GC(209) ParOldGen: 351231K(455680K)->351231K(455680K)
[2026-05-06T01:33:54.418+0100][23.185s][info][gc,metaspace   ] GC(209) Metaspace: 19171K(19520K)->19171K(19520K) NonClass: 16931K(17152K)->16931K(17152K) Class: 2239K(2368K)->2239K(2368K)
[2026-05-06T01:33:54.418+0100][23.185s][info][gc             ] GC(209) Pause Young (System.gc()) 501M->343M(728M) 0.544ms
[2026-05-06T01:33:54.418+0100][23.185s][info][gc,cpu         ] GC(209) User=0.00s Sys=0.00s Real=0.00s
[2026-05-06T01:33:54.418+0100][23.185s][info][gc,start       ] GC(210) Pause Full (System.gc())
[2026-05-06T01:33:54.418+0100][23.185s][info][gc,phases,start] GC(210) Marking Phase
[2026-05-06T01:33:54.424+0100][23.191s][info][gc,phases      ] GC(210) Marking Phase 5.678ms
[2026-05-06T01:33:54.424+0100][23.191s][info][gc,phases,start] GC(210) Summary Phase
[2026-05-06T01:33:54.424+0100][23.191s][info][gc,phases      ] GC(210) Summary Phase 0.015ms
[2026-05-06T01:33:54.424+0100][23.191s][info][gc,phases,start] GC(210) Adjust Roots
[2026-05-06T01:33:54.426+0100][23.193s][info][gc,phases      ] GC(210) Adjust Roots 2.140ms
[2026-05-06T01:33:54.426+0100][23.193s][info][gc,phases,start] GC(210) Compaction Phase
[2026-05-06T01:33:54.429+0100][23.196s][info][gc,phases      ] GC(210) Compaction Phase 2.747ms
[2026-05-06T01:33:54.429+0100][23.196s][info][gc,phases,start] GC(210) Post Compact
[2026-05-06T01:33:54.429+0100][23.196s][info][gc,phases      ] GC(210) Post Compact 0.440ms
[2026-05-06T01:33:54.429+0100][23.196s][info][gc,heap        ] GC(210) PSYoungGen: 192K(290304K)->0K(290304K) Eden: 0K(289792K)->0K(289792K) From: 192K(512K)->0K(512K)
[2026-05-06T01:33:54.429+0100][23.196s][info][gc,heap        ] GC(210) ParOldGen: 351231K(455680K)->203752K(455680K)
[2026-05-06T01:33:54.429+0100][23.196s][info][gc,metaspace   ] GC(210) Metaspace: 19171K(19520K)->19171K(19520K) NonClass: 16931K(17152K)->16931K(17152K) Class: 2239K(2368K)->2239K(2368K)
[2026-05-06T01:33:54.429+0100][23.196s][info][gc             ] GC(210) Pause Full (System.gc()) 343M->198M(728M) 11.174ms
[2026-05-06T01:33:54.429+0100][23.196s][info][gc,cpu         ] GC(210) User=0.03s Sys=0.01s Real=0.01s
[2026-05-06T01:33:55.092+0100][23.859s][info][gc,start       ] GC(211) Pause Young (System.gc())
[2026-05-06T01:33:55.094+0100][23.861s][info][gc,heap        ] GC(211) PSYoungGen: 213369K(290304K)->96K(290304K) Eden: 213369K(289792K)->0K(289792K) From: 0K(512K)->96K(512K)
[2026-05-06T01:33:55.094+0100][23.861s][info][gc,heap        ] GC(211) ParOldGen: 1973224K(2083328K)->1973224K(2083328K)
[2026-05-06T01:33:55.094+0100][23.861s][info][gc,metaspace   ] GC(211) Metaspace: 19171K(19520K)->19171K(19520K) NonClass: 16931K(17152K)->16931K(17152K) Class: 2239K(2368K)->2239K(2368K)
[2026-05-06T01:33:55.094+0100][23.861s][info][gc             ] GC(211) Pause Young (System.gc()) 2135M->1927M(2318M) 1.954ms
[2026-05-06T01:33:55.094+0100][23.861s][info][gc,cpu         ] GC(211) User=0.00s Sys=0.01s Real=0.00s
[2026-05-06T01:33:55.094+0100][23.861s][info][gc,start       ] GC(212) Pause Full (System.gc())
[2026-05-06T01:33:55.094+0100][23.861s][info][gc,phases,start] GC(212) Marking Phase
[2026-05-06T01:33:55.101+0100][23.867s][info][gc,phases      ] GC(212) Marking Phase 6.411ms
[2026-05-06T01:33:55.101+0100][23.867s][info][gc,phases,start] GC(212) Summary Phase
[2026-05-06T01:33:55.101+0100][23.867s][info][gc,phases      ] GC(212) Summary Phase 0.026ms
[2026-05-06T01:33:55.101+0100][23.867s][info][gc,phases,start] GC(212) Adjust Roots
[2026-05-06T01:33:55.103+0100][23.869s][info][gc,phases      ] GC(212) Adjust Roots 1.908ms
[2026-05-06T01:33:55.103+0100][23.869s][info][gc,phases,start] GC(212) Compaction Phase
[2026-05-06T01:33:55.105+0100][23.872s][info][gc,phases      ] GC(212) Compaction Phase 2.323ms
[2026-05-06T01:33:55.105+0100][23.872s][info][gc,phases,start] GC(212) Post Compact
[2026-05-06T01:33:55.110+0100][23.877s][info][gc,phases      ] GC(212) Post Compact 5.220ms
[2026-05-06T01:33:55.110+0100][23.877s][info][gc,heap        ] GC(212) PSYoungGen: 96K(290304K)->0K(290304K) Eden: 0K(289792K)->0K(289792K) From: 96K(512K)->0K(512K)
[2026-05-06T01:33:55.110+0100][23.877s][info][gc,heap        ] GC(212) ParOldGen: 1973224K(2083328K)->203745K(2083328K)
[2026-05-06T01:33:55.110+0100][23.877s][info][gc,metaspace   ] GC(212) Metaspace: 19171K(19520K)->19171K(19520K) NonClass: 16931K(17152K)->16931K(17152K) Class: 2239K(2368K)->2239K(2368K)
[2026-05-06T01:33:55.110+0100][23.877s][info][gc             ] GC(212) Pause Full (System.gc()) 1927M->198M(2318M) 16.081ms
[2026-05-06T01:33:55.110+0100][23.877s][info][gc,cpu         ] GC(212) User=0.03s Sys=0.01s Real=0.02s
[2026-05-06T01:33:55.519+0100][24.285s][info][gc,start       ] GC(213) Pause Young (System.gc())
[2026-05-06T01:33:55.519+0100][24.286s][info][gc,heap        ] GC(213) PSYoungGen: 187865K(290304K)->128K(290304K) Eden: 187865K(289792K)->0K(289792K) From: 0K(512K)->128K(512K)
[2026-05-06T01:33:55.519+0100][24.286s][info][gc,heap        ] GC(213) ParOldGen: 1973217K(2083328K)->1973217K(2083328K)
[2026-05-06T01:33:55.519+0100][24.286s][info][gc,metaspace   ] GC(213) Metaspace: 19171K(19520K)->19171K(19520K) NonClass: 16931K(17152K)->16931K(17152K) Class: 2239K(2368K)->2239K(2368K)
[2026-05-06T01:33:55.519+0100][24.286s][info][gc             ] GC(213) Pause Young (System.gc()) 2110M->1927M(2318M) 0.732ms
[2026-05-06T01:33:55.519+0100][24.286s][info][gc,cpu         ] GC(213) User=0.00s Sys=0.00s Real=0.00s
[2026-05-06T01:33:55.519+0100][24.286s][info][gc,start       ] GC(214) Pause Full (System.gc())
[2026-05-06T01:33:55.519+0100][24.286s][info][gc,phases,start] GC(214) Marking Phase
[2026-05-06T01:33:55.525+0100][24.291s][info][gc,phases      ] GC(214) Marking Phase 5.203ms
[2026-05-06T01:33:55.525+0100][24.291s][info][gc,phases,start] GC(214) Summary Phase
[2026-05-06T01:33:55.525+0100][24.291s][info][gc,phases      ] GC(214) Summary Phase 0.012ms
[2026-05-06T01:33:55.525+0100][24.291s][info][gc,phases,start] GC(214) Adjust Roots
[2026-05-06T01:33:55.526+0100][24.293s][info][gc,phases      ] GC(214) Adjust Roots 1.833ms
[2026-05-06T01:33:55.526+0100][24.293s][info][gc,phases,start] GC(214) Compaction Phase
[2026-05-06T01:33:55.529+0100][24.295s][info][gc,phases      ] GC(214) Compaction Phase 2.271ms
[2026-05-06T01:33:55.529+0100][24.295s][info][gc,phases,start] GC(214) Post Compact
[2026-05-06T01:33:55.531+0100][24.298s][info][gc,phases      ] GC(214) Post Compact 2.615ms
[2026-05-06T01:33:55.531+0100][24.298s][info][gc,heap        ] GC(214) PSYoungGen: 128K(290304K)->0K(290304K) Eden: 0K(289792K)->0K(289792K) From: 128K(512K)->0K(512K)
[2026-05-06T01:33:55.531+0100][24.298s][info][gc,heap        ] GC(214) ParOldGen: 1973217K(2083328K)->203747K(2083328K)
[2026-05-06T01:33:55.531+0100][24.298s][info][gc,metaspace   ] GC(214) Metaspace: 19171K(19520K)->19171K(19520K) NonClass: 16931K(17152K)->16931K(17152K) Class: 2239K(2368K)->2239K(2368K)
[2026-05-06T01:33:55.531+0100][24.298s][info][gc             ] GC(214) Pause Full (System.gc()) 1927M->198M(2318M) 12.067ms
[2026-05-06T01:33:55.531+0100][24.298s][info][gc,cpu         ] GC(214) User=0.03s Sys=0.01s Real=0.02s
[2026-05-06T01:33:55.858+0100][24.624s][info][gc,start       ] GC(215) Pause Young (Allocation Failure)
[2026-05-06T01:33:55.858+0100][24.625s][info][gc,heap        ] GC(215) PSYoungGen: 289792K(290304K)->128K(279040K) Eden: 289792K(289792K)->0K(278528K) From: 0K(512K)->128K(512K)
[2026-05-06T01:33:55.858+0100][24.625s][info][gc,heap        ] GC(215) ParOldGen: 1235939K(2083328K)->1235939K(2083328K)
[2026-05-06T01:33:55.858+0100][24.625s][info][gc,metaspace   ] GC(215) Metaspace: 19171K(19520K)->19171K(19520K) NonClass: 16931K(17152K)->16931K(17152K) Class: 2239K(2368K)->2239K(2368K)
[2026-05-06T01:33:55.858+0100][24.625s][info][gc             ] GC(215) Pause Young (Allocation Failure) 1489M->1207M(2307M) 0.538ms
[2026-05-06T01:33:55.858+0100][24.625s][info][gc,cpu         ] GC(215) User=0.00s Sys=0.00s Real=0.00s
[2026-05-06T01:33:55.995+0100][24.762s][info][gc,start       ] GC(216) Pause Young (System.gc())
[2026-05-06T01:33:55.996+0100][24.763s][info][gc,heap        ] GC(216) PSYoungGen: 197143K(279040K)->128K(279040K) Eden: 197015K(278528K)->0K(278528K) From: 128K(512K)->128K(512K)
[2026-05-06T01:33:55.996+0100][24.763s][info][gc,heap        ] GC(216) ParOldGen: 1825763K(2083328K)->1825763K(2083328K)
[2026-05-06T01:33:55.996+0100][24.763s][info][gc,metaspace   ] GC(216) Metaspace: 19171K(19520K)->19171K(19520K) NonClass: 16931K(17152K)->16931K(17152K) Class: 2239K(2368K)->2239K(2368K)
[2026-05-06T01:33:55.996+0100][24.763s][info][gc             ] GC(216) Pause Young (System.gc()) 1975M->1783M(2307M) 0.651ms
[2026-05-06T01:33:55.996+0100][24.763s][info][gc,cpu         ] GC(216) User=0.01s Sys=0.00s Real=0.00s
[2026-05-06T01:33:55.996+0100][24.763s][info][gc,start       ] GC(217) Pause Full (System.gc())
[2026-05-06T01:33:55.996+0100][24.763s][info][gc,phases,start] GC(217) Marking Phase
[2026-05-06T01:33:56.002+0100][24.769s][info][gc,phases      ] GC(217) Marking Phase 5.842ms
[2026-05-06T01:33:56.002+0100][24.769s][info][gc,phases,start] GC(217) Summary Phase
[2026-05-06T01:33:56.002+0100][24.769s][info][gc,phases      ] GC(217) Summary Phase 0.011ms
[2026-05-06T01:33:56.002+0100][24.769s][info][gc,phases,start] GC(217) Adjust Roots
[2026-05-06T01:33:56.004+0100][24.770s][info][gc,phases      ] GC(217) Adjust Roots 1.807ms
[2026-05-06T01:33:56.004+0100][24.770s][info][gc,phases,start] GC(217) Compaction Phase
[2026-05-06T01:33:56.006+0100][24.772s][info][gc,phases      ] GC(217) Compaction Phase 1.950ms
[2026-05-06T01:33:56.006+0100][24.772s][info][gc,phases,start] GC(217) Post Compact
[2026-05-06T01:33:56.007+0100][24.773s][info][gc,phases      ] GC(217) Post Compact 0.814ms
[2026-05-06T01:33:56.007+0100][24.773s][info][gc,heap        ] GC(217) PSYoungGen: 128K(279040K)->0K(279040K) Eden: 0K(278528K)->0K(278528K) From: 128K(512K)->0K(512K)
[2026-05-06T01:33:56.007+0100][24.773s][info][gc,heap        ] GC(217) ParOldGen: 1825763K(2083328K)->203747K(2083328K)
[2026-05-06T01:33:56.007+0100][24.773s][info][gc,metaspace   ] GC(217) Metaspace: 19171K(19520K)->19171K(19520K) NonClass: 16931K(17152K)->16931K(17152K) Class: 2239K(2368K)->2239K(2368K)
[2026-05-06T01:33:56.007+0100][24.773s][info][gc             ] GC(217) Pause Full (System.gc()) 1783M->198M(2307M) 10.551ms
[2026-05-06T01:33:56.007+0100][24.773s][info][gc,cpu         ] GC(217) User=0.03s Sys=0.01s Real=0.01s
[2026-05-06T01:33:56.253+0100][25.020s][info][gc,start       ] GC(218) Pause Young (Allocation Failure)
[2026-05-06T01:33:56.254+0100][25.020s][info][gc,heap        ] GC(218) PSYoungGen: 278528K(279040K)->96K(268288K) Eden: 278528K(278528K)->0K(267776K) From: 0K(512K)->96K(512K)
[2026-05-06T01:33:56.254+0100][25.020s][info][gc,heap        ] GC(218) ParOldGen: 1383395K(2083328K)->1383395K(2083328K)
[2026-05-06T01:33:56.254+0100][25.020s][info][gc,metaspace   ] GC(218) Metaspace: 19171K(19520K)->19171K(19520K) NonClass: 16932K(17152K)->16932K(17152K) Class: 2239K(2368K)->2239K(2368K)
[2026-05-06T01:33:56.254+0100][25.020s][info][gc             ] GC(218) Pause Young (Allocation Failure) 1622M->1351M(2296M) 0.572ms
[2026-05-06T01:33:56.254+0100][25.020s][info][gc,cpu         ] GC(218) User=0.00s Sys=0.00s Real=0.00s
[2026-05-06T01:33:56.355+0100][25.121s][info][gc,start       ] GC(219) Pause Young (System.gc())
[2026-05-06T01:33:56.355+0100][25.122s][info][gc,heap        ] GC(219) PSYoungGen: 167863K(268288K)->32K(268288K) Eden: 167767K(267776K)->0K(267776K) From: 96K(512K)->32K(512K)
[2026-05-06T01:33:56.355+0100][25.122s][info][gc,heap        ] GC(219) ParOldGen: 1825763K(2083328K)->1825795K(2083328K)
[2026-05-06T01:33:56.355+0100][25.122s][info][gc,metaspace   ] GC(219) Metaspace: 19171K(19520K)->19171K(19520K) NonClass: 16932K(17152K)->16932K(17152K) Class: 2239K(2368K)->2239K(2368K)
[2026-05-06T01:33:56.355+0100][25.122s][info][gc             ] GC(219) Pause Young (System.gc()) 1946M->1783M(2296M) 0.587ms
[2026-05-06T01:33:56.355+0100][25.122s][info][gc,cpu         ] GC(219) User=0.00s Sys=0.00s Real=0.00s
[2026-05-06T01:33:56.355+0100][25.122s][info][gc,start       ] GC(220) Pause Full (System.gc())
[2026-05-06T01:33:56.355+0100][25.122s][info][gc,phases,start] GC(220) Marking Phase
[2026-05-06T01:33:56.360+0100][25.127s][info][gc,phases      ] GC(220) Marking Phase 4.888ms
[2026-05-06T01:33:56.360+0100][25.127s][info][gc,phases,start] GC(220) Summary Phase
[2026-05-06T01:33:56.360+0100][25.127s][info][gc,phases      ] GC(220) Summary Phase 0.009ms
[2026-05-06T01:33:56.360+0100][25.127s][info][gc,phases,start] GC(220) Adjust Roots
[2026-05-06T01:33:56.362+0100][25.129s][info][gc,phases      ] GC(220) Adjust Roots 2.145ms
[2026-05-06T01:33:56.362+0100][25.129s][info][gc,phases,start] GC(220) Compaction Phase
[2026-05-06T01:33:56.364+0100][25.131s][info][gc,phases      ] GC(220) Compaction Phase 2.161ms
[2026-05-06T01:33:56.364+0100][25.131s][info][gc,phases,start] GC(220) Post Compact
[2026-05-06T01:33:56.365+0100][25.132s][info][gc,phases      ] GC(220) Post Compact 0.757ms
[2026-05-06T01:33:56.365+0100][25.132s][info][gc,heap        ] GC(220) PSYoungGen: 32K(268288K)->0K(268288K) Eden: 0K(267776K)->0K(267776K) From: 32K(512K)->0K(512K)
[2026-05-06T01:33:56.365+0100][25.132s][info][gc,heap        ] GC(220) ParOldGen: 1825795K(2083328K)->203746K(2083328K)
[2026-05-06T01:33:56.365+0100][25.132s][info][gc,metaspace   ] GC(220) Metaspace: 19171K(19520K)->19171K(19520K) NonClass: 16932K(17152K)->16932K(17152K) Class: 2239K(2368K)->2239K(2368K)
[2026-05-06T01:33:56.365+0100][25.132s][info][gc             ] GC(220) Pause Full (System.gc()) 1783M->198M(2296M) 10.106ms
[2026-05-06T01:33:56.365+0100][25.132s][info][gc,cpu         ] GC(220) User=0.02s Sys=0.01s Real=0.01s
[2026-05-06T01:33:56.699+0100][25.466s][info][gc,start       ] GC(221) Pause Young (System.gc())
[2026-05-06T01:33:56.700+0100][25.466s][info][gc,heap        ] GC(221) PSYoungGen: 180015K(268288K)->32K(268288K) Eden: 180015K(267776K)->0K(267776K) From: 0K(512K)->32K(512K)
[2026-05-06T01:33:56.700+0100][25.466s][info][gc,heap        ] GC(221) ParOldGen: 1973218K(2083328K)->1973218K(2083328K)
[2026-05-06T01:33:56.700+0100][25.467s][info][gc,metaspace   ] GC(221) Metaspace: 19178K(19520K)->19178K(19520K) NonClass: 16939K(17152K)->16939K(17152K) Class: 2239K(2368K)->2239K(2368K)
[2026-05-06T01:33:56.700+0100][25.467s][info][gc             ] GC(221) Pause Young (System.gc()) 2102M->1927M(2296M) 0.699ms
[2026-05-06T01:33:56.700+0100][25.467s][info][gc,cpu         ] GC(221) User=0.01s Sys=0.00s Real=0.01s
[2026-05-06T01:33:56.700+0100][25.467s][info][gc,start       ] GC(222) Pause Full (System.gc())
[2026-05-06T01:33:56.700+0100][25.467s][info][gc,phases,start] GC(222) Marking Phase
[2026-05-06T01:33:56.705+0100][25.471s][info][gc,phases      ] GC(222) Marking Phase 4.902ms
[2026-05-06T01:33:56.705+0100][25.471s][info][gc,phases,start] GC(222) Summary Phase
[2026-05-06T01:33:56.705+0100][25.471s][info][gc,phases      ] GC(222) Summary Phase 0.013ms
[2026-05-06T01:33:56.705+0100][25.471s][info][gc,phases,start] GC(222) Adjust Roots
[2026-05-06T01:33:56.707+0100][25.473s][info][gc,phases      ] GC(222) Adjust Roots 1.902ms
[2026-05-06T01:33:56.707+0100][25.473s][info][gc,phases,start] GC(222) Compaction Phase
[2026-05-06T01:33:56.709+0100][25.475s][info][gc,phases      ] GC(222) Compaction Phase 1.938ms
[2026-05-06T01:33:56.709+0100][25.475s][info][gc,phases,start] GC(222) Post Compact
[2026-05-06T01:33:56.709+0100][25.476s][info][gc,phases      ] GC(222) Post Compact 0.647ms
[2026-05-06T01:33:56.709+0100][25.476s][info][gc,heap        ] GC(222) PSYoungGen: 32K(268288K)->0K(268288K) Eden: 0K(267776K)->0K(267776K) From: 32K(512K)->0K(512K)
[2026-05-06T01:33:56.709+0100][25.476s][info][gc,heap        ] GC(222) ParOldGen: 1973218K(2083328K)->203746K(2083328K)
[2026-05-06T01:33:56.709+0100][25.476s][info][gc,metaspace   ] GC(222) Metaspace: 19178K(19520K)->19178K(19520K) NonClass: 16939K(17152K)->16939K(17152K) Class: 2239K(2368K)->2239K(2368K)
[2026-05-06T01:33:56.709+0100][25.476s][info][gc             ] GC(222) Pause Full (System.gc()) 1927M->198M(2296M) 9.533ms
[2026-05-06T01:33:56.709+0100][25.476s][info][gc,cpu         ] GC(222) User=0.03s Sys=0.00s Real=0.00s
[2026-05-06T01:33:57.047+0100][25.814s][info][gc,start       ] GC(223) Pause Young (System.gc())
[2026-05-06T01:33:57.048+0100][25.814s][info][gc,heap        ] GC(223) PSYoungGen: 159858K(268288K)->32K(268288K) Eden: 159858K(267776K)->0K(267776K) From: 0K(512K)->32K(512K)
[2026-05-06T01:33:57.048+0100][25.814s][info][gc,heap        ] GC(223) ParOldGen: 1973218K(2083328K)->1973218K(2083328K)
[2026-05-06T01:33:57.048+0100][25.814s][info][gc,metaspace   ] GC(223) Metaspace: 19178K(19520K)->19178K(19520K) NonClass: 16939K(17152K)->16939K(17152K) Class: 2239K(2368K)->2239K(2368K)
[2026-05-06T01:33:57.048+0100][25.814s][info][gc             ] GC(223) Pause Young (System.gc()) 2083M->1927M(2296M) 0.661ms
[2026-05-06T01:33:57.048+0100][25.814s][info][gc,cpu         ] GC(223) User=0.00s Sys=0.00s Real=0.00s
[2026-05-06T01:33:57.048+0100][25.814s][info][gc,start       ] GC(224) Pause Full (System.gc())
[2026-05-06T01:33:57.048+0100][25.814s][info][gc,phases,start] GC(224) Marking Phase
[2026-05-06T01:33:57.053+0100][25.820s][info][gc,phases      ] GC(224) Marking Phase 5.325ms
[2026-05-06T01:33:57.053+0100][25.820s][info][gc,phases,start] GC(224) Summary Phase
[2026-05-06T01:33:57.053+0100][25.820s][info][gc,phases      ] GC(224) Summary Phase 0.010ms
[2026-05-06T01:33:57.053+0100][25.820s][info][gc,phases,start] GC(224) Adjust Roots
[2026-05-06T01:33:57.055+0100][25.821s][info][gc,phases      ] GC(224) Adjust Roots 1.720ms
[2026-05-06T01:33:57.055+0100][25.821s][info][gc,phases,start] GC(224) Compaction Phase
[2026-05-06T01:33:57.057+0100][25.823s][info][gc,phases      ] GC(224) Compaction Phase 1.855ms
[2026-05-06T01:33:57.057+0100][25.823s][info][gc,phases,start] GC(224) Post Compact
[2026-05-06T01:33:57.057+0100][25.824s][info][gc,phases      ] GC(224) Post Compact 0.552ms
[2026-05-06T01:33:57.057+0100][25.824s][info][gc,heap        ] GC(224) PSYoungGen: 32K(268288K)->0K(268288K) Eden: 0K(267776K)->0K(267776K) From: 32K(512K)->0K(512K)
[2026-05-06T01:33:57.057+0100][25.824s][info][gc,heap        ] GC(224) ParOldGen: 1973218K(2083328K)->203746K(2083328K)
[2026-05-06T01:33:57.057+0100][25.824s][info][gc,metaspace   ] GC(224) Metaspace: 19178K(19520K)->19178K(19520K) NonClass: 16939K(17152K)->16939K(17152K) Class: 2239K(2368K)->2239K(2368K)
[2026-05-06T01:33:57.057+0100][25.824s][info][gc             ] GC(224) Pause Full (System.gc()) 1927M->198M(2296M) 9.546ms
[2026-05-06T01:33:57.057+0100][25.824s][info][gc,cpu         ] GC(224) User=0.03s Sys=0.00s Real=0.01s
[2026-05-06T01:33:58.201+0100][26.968s][info][gc,start       ] GC(225) Pause Young (Allocation Failure)
[2026-05-06T01:33:58.202+0100][26.969s][info][gc,heap        ] GC(225) PSYoungGen: 267776K(268288K)->505K(258048K) Eden: 267776K(267776K)->0K(257536K) From: 0K(512K)->505K(512K)
[2026-05-06T01:33:58.202+0100][26.969s][info][gc,heap        ] GC(225) ParOldGen: 1530850K(2083328K)->1536646K(2083328K)
[2026-05-06T01:33:58.202+0100][26.969s][info][gc,metaspace   ] GC(225) Metaspace: 23974K(24448K)->23974K(24448K) NonClass: 21257K(21504K)->21257K(21504K) Class: 2717K(2944K)->2717K(2944K)
[2026-05-06T01:33:58.202+0100][26.969s][info][gc             ] GC(225) Pause Young (Allocation Failure) 1756M->1501M(2286M) 1.377ms
[2026-05-06T01:33:58.202+0100][26.969s][info][gc,cpu         ] GC(225) User=0.01s Sys=0.00s Real=0.00s
[2026-05-06T01:33:58.237+0100][27.004s][info][gc,heap,exit   ] Heap
[2026-05-06T01:33:58.237+0100][27.004s][info][gc,heap,exit   ]  PSYoungGen      total 258048K, used 19313K [0x00000007aab00000, 0x0000000800000000, 0x0000000800000000)
[2026-05-06T01:33:58.237+0100][27.004s][info][gc,heap,exit   ]   eden space 257536K, 7% used [0x00000007aab00000,0x00000007abd5e0c0,0x00000007ba680000)
[2026-05-06T01:33:58.237+0100][27.004s][info][gc,heap,exit   ]   from space 512K, 98% used [0x00000007fff80000,0x00000007ffffe5d0,0x0000000800000000)
[2026-05-06T01:33:58.237+0100][27.004s][info][gc,heap,exit   ]   to   space 3072K, 0% used [0x00000007ffa00000,0x00000007ffa00000,0x00000007ffd00000)
[2026-05-06T01:33:58.237+0100][27.004s][info][gc,heap,exit   ]  ParOldGen       total 2083328K, used 1536646K [0x0000000700000000, 0x000000077f280000, 0x00000007aab00000)
[2026-05-06T01:33:58.237+0100][27.004s][info][gc,heap,exit   ]   object space 2083328K, 73% used [0x0000000700000000,0x000000075dca1ad8,0x000000077f280000)
[2026-05-06T01:33:58.237+0100][27.004s][info][gc,heap,exit   ]  Metaspace       used 23992K, committed 24448K, reserved 1114112K
[2026-05-06T01:33:58.237+0100][27.004s][info][gc,heap,exit   ]   class space    used 2721K, committed 2944K, reserved 1048576K
