[2026-05-06T01:04:19.724+0100][0.004s][info][gc,init] CardTable entry size: 512
[2026-05-06T01:04:19.724+0100][0.004s][info][gc     ] Using Serial
[2026-05-06T01:04:19.724+0100][0.004s][info][gc,init] Version: 21.0.6+7-LTS (release)
[2026-05-06T01:04:19.724+0100][0.004s][info][gc,init] CPUs: 11 total, 11 available
[2026-05-06T01:04:19.724+0100][0.004s][info][gc,init] Memory: 18432M
[2026-05-06T01:04:19.724+0100][0.004s][info][gc,init] Large Page Support: Disabled
[2026-05-06T01:04:19.724+0100][0.004s][info][gc,init] NUMA Support: Disabled
[2026-05-06T01:04:19.724+0100][0.004s][info][gc,init] Compressed Oops: Enabled (Zero based)
[2026-05-06T01:04:19.724+0100][0.004s][info][gc,init] Heap Min Capacity: 8M
[2026-05-06T01:04:19.724+0100][0.004s][info][gc,init] Heap Initial Capacity: 288M
[2026-05-06T01:04:19.724+0100][0.004s][info][gc,init] Heap Max Capacity: 4G
[2026-05-06T01:04:19.724+0100][0.004s][info][gc,init] Pre-touch: Disabled
[2026-05-06T01:04:19.727+0100][0.008s][info][gc,metaspace] CDS archive(s) mapped at: [0x000000c000000000-0x000000c000c90000-0x000000c000c90000), size 13172736, SharedBaseAddress: 0x000000c000000000, ArchiveRelocationMode: 1.
[2026-05-06T01:04:19.727+0100][0.008s][info][gc,metaspace] Compressed class space mapped at: 0x000000c001000000-0x000000c041000000, reserved size: 1073741824
[2026-05-06T01:04:19.727+0100][0.008s][info][gc,metaspace] Narrow klass base: 0x000000c000000000, Narrow klass shift: 0, Narrow klass range: 0x100000000
[2026-05-06T01:04:20.429+0100][0.709s][info][gc,start    ] GC(0) Pause Young (Allocation Failure)
[2026-05-06T01:04:20.436+0100][0.716s][info][gc,heap     ] GC(0) DefNew: 78720K(88512K)->6520K(88512K) Eden: 78720K(78720K)->0K(78720K) From: 0K(9792K)->6520K(9792K)
[2026-05-06T01:04:20.436+0100][0.716s][info][gc,heap     ] GC(0) Tenured: 1055K(196608K)->1055K(196608K)
[2026-05-06T01:04:20.436+0100][0.716s][info][gc,metaspace] GC(0) Metaspace: 13864K(14080K)->13864K(14080K) NonClass: 12185K(12288K)->12185K(12288K) Class: 1679K(1792K)->1679K(1792K)
[2026-05-06T01:04:20.436+0100][0.716s][info][gc          ] GC(0) Pause Young (Allocation Failure) 77M->7M(278M) 6.900ms
[2026-05-06T01:04:20.436+0100][0.716s][info][gc,cpu      ] GC(0) User=0.00s Sys=0.00s Real=0.01s
[2026-05-06T01:04:20.722+0100][1.002s][info][gc,start    ] GC(1) Pause Young (Allocation Failure)
[2026-05-06T01:04:20.733+0100][1.013s][info][gc,heap     ] GC(1) DefNew: 85240K(88512K)->9791K(88512K) Eden: 78720K(78720K)->0K(78720K) From: 6520K(9792K)->9791K(9792K)
[2026-05-06T01:04:20.733+0100][1.013s][info][gc,heap     ] GC(1) Tenured: 1055K(196608K)->15830K(196608K)
[2026-05-06T01:04:20.733+0100][1.013s][info][gc,metaspace] GC(1) Metaspace: 17786K(18240K)->17786K(18240K) NonClass: 15684K(15936K)->15684K(15936K) Class: 2102K(2304K)->2102K(2304K)
[2026-05-06T01:04:20.733+0100][1.013s][info][gc          ] GC(1) Pause Young (Allocation Failure) 84M->25M(278M) 11.260ms
[2026-05-06T01:04:20.733+0100][1.013s][info][gc,cpu      ] GC(1) User=0.02s Sys=0.00s Real=0.01s
[2026-05-06T01:04:20.783+0100][1.063s][info][gc,start    ] GC(2) Pause Young (Allocation Failure)
[2026-05-06T01:04:20.787+0100][1.067s][info][gc,heap     ] GC(2) DefNew: 88511K(88512K)->26K(88512K) Eden: 78720K(78720K)->0K(78720K) From: 9791K(9792K)->26K(9792K)
[2026-05-06T01:04:20.787+0100][1.067s][info][gc,heap     ] GC(2) Tenured: 15830K(196608K)->53269K(196608K)
[2026-05-06T01:04:20.787+0100][1.067s][info][gc,metaspace] GC(2) Metaspace: 17787K(18240K)->17787K(18240K) NonClass: 15685K(15936K)->15685K(15936K) Class: 2102K(2304K)->2102K(2304K)
[2026-05-06T01:04:20.787+0100][1.067s][info][gc          ] GC(2) Pause Young (Allocation Failure) 101M->52M(278M) 4.109ms
[2026-05-06T01:04:20.787+0100][1.067s][info][gc,cpu      ] GC(2) User=0.00s Sys=0.00s Real=0.00s
[2026-05-06T01:04:20.826+0100][1.106s][info][gc,start    ] GC(3) Pause Young (Allocation Failure)
[2026-05-06T01:04:20.828+0100][1.108s][info][gc,heap     ] GC(3) DefNew: 78746K(88512K)->1K(88512K) Eden: 78720K(78720K)->0K(78720K) From: 26K(9792K)->1K(9792K)
[2026-05-06T01:04:20.828+0100][1.108s][info][gc,heap     ] GC(3) Tenured: 53269K(196608K)->90133K(196608K)
[2026-05-06T01:04:20.828+0100][1.108s][info][gc,metaspace] GC(3) Metaspace: 17788K(18240K)->17788K(18240K) NonClass: 15686K(15936K)->15686K(15936K) Class: 2102K(2304K)->2102K(2304K)
[2026-05-06T01:04:20.828+0100][1.108s][info][gc          ] GC(3) Pause Young (Allocation Failure) 128M->88M(278M) 2.666ms
[2026-05-06T01:04:20.828+0100][1.108s][info][gc,cpu      ] GC(3) User=0.00s Sys=0.00s Real=0.00s
[2026-05-06T01:04:20.871+0100][1.152s][info][gc,start    ] GC(4) Pause Young (Allocation Failure)
[2026-05-06T01:04:20.872+0100][1.152s][info][gc,heap     ] GC(4) DefNew: 78721K(88512K)->0K(88512K) Eden: 78720K(78720K)->0K(78720K) From: 1K(9792K)->0K(9792K)
[2026-05-06T01:04:20.872+0100][1.152s][info][gc,heap     ] GC(4) Tenured: 90133K(196608K)->90133K(196608K)
[2026-05-06T01:04:20.872+0100][1.152s][info][gc,metaspace] GC(4) Metaspace: 17788K(18240K)->17788K(18240K) NonClass: 15686K(15936K)->15686K(15936K) Class: 2102K(2304K)->2102K(2304K)
[2026-05-06T01:04:20.872+0100][1.152s][info][gc          ] GC(4) Pause Young (Allocation Failure) 164M->88M(278M) 0.156ms
[2026-05-06T01:04:20.872+0100][1.152s][info][gc,cpu      ] GC(4) User=0.00s Sys=0.00s Real=0.00s
[2026-05-06T01:04:20.919+0100][1.199s][info][gc,start    ] GC(5) Pause Young (Allocation Failure)
[2026-05-06T01:04:20.919+0100][1.199s][info][gc,heap     ] GC(5) DefNew: 78720K(88512K)->0K(88512K) Eden: 78720K(78720K)->0K(78720K) From: 0K(9792K)->0K(9792K)
[2026-05-06T01:04:20.919+0100][1.199s][info][gc,heap     ] GC(5) Tenured: 90133K(196608K)->90133K(196608K)
[2026-05-06T01:04:20.919+0100][1.199s][info][gc,metaspace] GC(5) Metaspace: 17788K(18240K)->17788K(18240K) NonClass: 15686K(15936K)->15686K(15936K) Class: 2102K(2304K)->2102K(2304K)
[2026-05-06T01:04:20.919+0100][1.199s][info][gc          ] GC(5) Pause Young (Allocation Failure) 164M->88M(278M) 0.180ms
[2026-05-06T01:04:20.919+0100][1.199s][info][gc,cpu      ] GC(5) User=0.00s Sys=0.00s Real=0.00s
[2026-05-06T01:04:20.939+0100][1.220s][info][gc,start    ] GC(6) Pause Young (Allocation Failure)
[2026-05-06T01:04:20.940+0100][1.220s][info][gc          ] GC(6) Pause Young (Allocation Failure) 123M->88M(278M) 0.218ms
[2026-05-06T01:04:20.940+0100][1.220s][info][gc,cpu      ] GC(6) User=0.00s Sys=0.00s Real=0.01s
[2026-05-06T01:04:20.940+0100][1.220s][info][gc,start    ] GC(7) Pause Full (Allocation Failure)
[2026-05-06T01:04:20.940+0100][1.220s][info][gc,phases,start] GC(7) Phase 1: Mark live objects
[2026-05-06T01:04:20.945+0100][1.225s][info][gc,phases      ] GC(7) Phase 1: Mark live objects 5.637ms
[2026-05-06T01:04:20.945+0100][1.225s][info][gc,phases,start] GC(7) Phase 2: Compute new object addresses
[2026-05-06T01:04:20.947+0100][1.227s][info][gc,phases      ] GC(7) Phase 2: Compute new object addresses 1.498ms
[2026-05-06T01:04:20.947+0100][1.227s][info][gc,phases,start] GC(7) Phase 3: Adjust pointers
[2026-05-06T01:04:20.951+0100][1.231s][info][gc,phases      ] GC(7) Phase 3: Adjust pointers 4.215ms
[2026-05-06T01:04:20.951+0100][1.231s][info][gc,phases,start] GC(7) Phase 4: Move objects
[2026-05-06T01:04:20.952+0100][1.232s][info][gc,phases      ] GC(7) Phase 4: Move objects 1.173ms
[2026-05-06T01:04:20.952+0100][1.233s][info][gc,heap        ] GC(7) DefNew: 36465K(88512K)->0K(88576K) Eden: 36464K(78720K)->0K(78784K) From: 0K(9792K)->0K(9792K)
[2026-05-06T01:04:20.952+0100][1.233s][info][gc,heap        ] GC(7) Tenured: 90133K(196608K)->62499K(196608K)
[2026-05-06T01:04:20.952+0100][1.233s][info][gc,metaspace   ] GC(7) Metaspace: 17788K(18240K)->17788K(18240K) NonClass: 15686K(15936K)->15686K(15936K) Class: 2102K(2304K)->2102K(2304K)
[2026-05-06T01:04:20.952+0100][1.233s][info][gc             ] GC(7) Pause Full (Allocation Failure) 88M->61M(278M) 12.769ms
[2026-05-06T01:04:20.952+0100][1.233s][info][gc,cpu         ] GC(7) User=0.02s Sys=0.00s Real=0.01s
[2026-05-06T01:04:21.074+0100][1.354s][info][gc,start       ] GC(8) Pause Young (Allocation Failure)
[2026-05-06T01:04:21.074+0100][1.354s][info][gc,heap        ] GC(8) DefNew: 78784K(88576K)->29K(88576K) Eden: 78784K(78784K)->0K(78784K) From: 0K(9792K)->29K(9792K)
[2026-05-06T01:04:21.074+0100][1.354s][info][gc,heap        ] GC(8) Tenured: 173091K(196608K)->173091K(196608K)
[2026-05-06T01:04:21.074+0100][1.354s][info][gc,metaspace   ] GC(8) Metaspace: 17788K(18240K)->17788K(18240K) NonClass: 15686K(15936K)->15686K(15936K) Class: 2102K(2304K)->2102K(2304K)
[2026-05-06T01:04:21.074+0100][1.354s][info][gc             ] GC(8) Pause Young (Allocation Failure) 245M->169M(278M) 0.342ms
[2026-05-06T01:04:21.074+0100][1.354s][info][gc,cpu         ] GC(8) User=0.00s Sys=0.00s Real=0.00s
[2026-05-06T01:04:21.124+0100][1.404s][info][gc,start       ] GC(9) Pause Young (Allocation Failure)
[2026-05-06T01:04:21.124+0100][1.404s][info][gc             ] GC(9) Pause Young (Allocation Failure) 202M->169M(278M) 0.171ms
[2026-05-06T01:04:21.124+0100][1.404s][info][gc,cpu         ] GC(9) User=0.00s Sys=0.00s Real=0.00s
[2026-05-06T01:04:21.124+0100][1.404s][info][gc,start       ] GC(10) Pause Full (Allocation Failure)
[2026-05-06T01:04:21.124+0100][1.404s][info][gc,phases,start] GC(10) Phase 1: Mark live objects
[2026-05-06T01:04:21.130+0100][1.410s][info][gc,phases      ] GC(10) Phase 1: Mark live objects 5.539ms
[2026-05-06T01:04:21.130+0100][1.410s][info][gc,phases,start] GC(10) Phase 2: Compute new object addresses
[2026-05-06T01:04:21.131+0100][1.411s][info][gc,phases      ] GC(10) Phase 2: Compute new object addresses 1.440ms
[2026-05-06T01:04:21.131+0100][1.411s][info][gc,phases,start] GC(10) Phase 3: Adjust pointers
[2026-05-06T01:04:21.135+0100][1.415s][info][gc,phases      ] GC(10) Phase 3: Adjust pointers 3.711ms
[2026-05-06T01:04:21.135+0100][1.415s][info][gc,phases,start] GC(10) Phase 4: Move objects
[2026-05-06T01:04:21.135+0100][1.415s][info][gc,phases      ] GC(10) Phase 4: Move objects 0.006ms
[2026-05-06T01:04:21.135+0100][1.415s][info][gc,heap        ] GC(10) DefNew: 34274K(88576K)->0K(129920K) Eden: 34244K(78784K)->0K(115520K) From: 29K(9792K)->0K(14400K)
[2026-05-06T01:04:21.135+0100][1.415s][info][gc,heap        ] GC(10) Tenured: 173091K(196608K)->173097K(288496K)
[2026-05-06T01:04:21.135+0100][1.415s][info][gc,metaspace   ] GC(10) Metaspace: 17788K(18240K)->17788K(18240K) NonClass: 15686K(15936K)->15686K(15936K) Class: 2102K(2304K)->2102K(2304K)
[2026-05-06T01:04:21.135+0100][1.415s][info][gc             ] GC(10) Pause Full (Allocation Failure) 169M->169M(408M) 10.828ms
[2026-05-06T01:04:21.135+0100][1.415s][info][gc,cpu         ] GC(10) User=0.01s Sys=0.00s Real=0.01s
[2026-05-06T01:04:21.274+0100][1.554s][info][gc,start       ] GC(11) Pause Young (Allocation Failure)
[2026-05-06T01:04:21.274+0100][1.554s][info][gc,heap        ] GC(11) DefNew: 115520K(129920K)->0K(129920K) Eden: 115520K(115520K)->0K(115520K) From: 0K(14400K)->0K(14400K)
[2026-05-06T01:04:21.274+0100][1.554s][info][gc,heap        ] GC(11) Tenured: 320553K(435968K)->320553K(435968K)
[2026-05-06T01:04:21.274+0100][1.554s][info][gc,metaspace   ] GC(11) Metaspace: 17788K(18240K)->17788K(18240K) NonClass: 15686K(15936K)->15686K(15936K) Class: 2102K(2304K)->2102K(2304K)
[2026-05-06T01:04:21.274+0100][1.554s][info][gc             ] GC(11) Pause Young (Allocation Failure) 425M->313M(552M) 0.207ms
[2026-05-06T01:04:21.274+0100][1.554s][info][gc,cpu         ] GC(11) User=0.00s Sys=0.00s Real=0.00s
[2026-05-06T01:04:21.406+0100][1.686s][info][gc,start       ] GC(12) Pause Young (Allocation Failure)
[2026-05-06T01:04:21.406+0100][1.686s][info][gc,heap        ] GC(12) DefNew: 115520K(129920K)->0K(129920K) Eden: 115520K(115520K)->0K(115520K) From: 0K(14400K)->0K(14400K)
[2026-05-06T01:04:21.406+0100][1.686s][info][gc,heap        ] GC(12) Tenured: 320553K(435968K)->320553K(435968K)
[2026-05-06T01:04:21.406+0100][1.686s][info][gc,metaspace   ] GC(12) Metaspace: 17788K(18240K)->17788K(18240K) NonClass: 15686K(15936K)->15686K(15936K) Class: 2102K(2304K)->2102K(2304K)
[2026-05-06T01:04:21.406+0100][1.686s][info][gc             ] GC(12) Pause Young (Allocation Failure) 425M->313M(552M) 0.186ms
[2026-05-06T01:04:21.406+0100][1.686s][info][gc,cpu         ] GC(12) User=0.00s Sys=0.00s Real=0.00s
[2026-05-06T01:04:21.534+0100][1.814s][info][gc,start       ] GC(13) Pause Young (Allocation Failure)
[2026-05-06T01:04:21.535+0100][1.815s][info][gc,heap        ] GC(13) DefNew: 115520K(129920K)->0K(129920K) Eden: 115520K(115520K)->0K(115520K) From: 0K(14400K)->0K(14400K)
[2026-05-06T01:04:21.535+0100][1.815s][info][gc,heap        ] GC(13) Tenured: 320553K(435968K)->320553K(435968K)
[2026-05-06T01:04:21.535+0100][1.815s][info][gc,metaspace   ] GC(13) Metaspace: 17788K(18240K)->17788K(18240K) NonClass: 15686K(15936K)->15686K(15936K) Class: 2102K(2304K)->2102K(2304K)
[2026-05-06T01:04:21.535+0100][1.815s][info][gc             ] GC(13) Pause Young (Allocation Failure) 425M->313M(552M) 0.224ms
[2026-05-06T01:04:21.535+0100][1.815s][info][gc,cpu         ] GC(13) User=0.00s Sys=0.00s Real=0.00s
[2026-05-06T01:04:21.663+0100][1.943s][info][gc,start       ] GC(14) Pause Young (Allocation Failure)
[2026-05-06T01:04:21.663+0100][1.943s][info][gc,heap        ] GC(14) DefNew: 115520K(129920K)->0K(129920K) Eden: 115520K(115520K)->0K(115520K) From: 0K(14400K)->0K(14400K)
[2026-05-06T01:04:21.663+0100][1.943s][info][gc,heap        ] GC(14) Tenured: 320553K(435968K)->320553K(435968K)
[2026-05-06T01:04:21.663+0100][1.943s][info][gc,metaspace   ] GC(14) Metaspace: 17788K(18240K)->17788K(18240K) NonClass: 15686K(15936K)->15686K(15936K) Class: 2102K(2304K)->2102K(2304K)
[2026-05-06T01:04:21.663+0100][1.943s][info][gc             ] GC(14) Pause Young (Allocation Failure) 425M->313M(552M) 0.222ms
[2026-05-06T01:04:21.663+0100][1.943s][info][gc,cpu         ] GC(14) User=0.00s Sys=0.00s Real=0.00s
[2026-05-06T01:04:21.792+0100][2.072s][info][gc,start       ] GC(15) Pause Young (Allocation Failure)
[2026-05-06T01:04:21.792+0100][2.072s][info][gc,heap        ] GC(15) DefNew: 115520K(129920K)->0K(129920K) Eden: 115520K(115520K)->0K(115520K) From: 0K(14400K)->0K(14400K)
[2026-05-06T01:04:21.792+0100][2.072s][info][gc,heap        ] GC(15) Tenured: 320553K(435968K)->320553K(435968K)
[2026-05-06T01:04:21.792+0100][2.072s][info][gc,metaspace   ] GC(15) Metaspace: 17788K(18240K)->17788K(18240K) NonClass: 15686K(15936K)->15686K(15936K) Class: 2102K(2304K)->2102K(2304K)
[2026-05-06T01:04:21.792+0100][2.072s][info][gc             ] GC(15) Pause Young (Allocation Failure) 425M->313M(552M) 0.197ms
[2026-05-06T01:04:21.792+0100][2.072s][info][gc,cpu         ] GC(15) User=0.00s Sys=0.00s Real=0.00s
[2026-05-06T01:04:21.921+0100][2.201s][info][gc,start       ] GC(16) Pause Young (Allocation Failure)
[2026-05-06T01:04:21.921+0100][2.201s][info][gc,heap        ] GC(16) DefNew: 115520K(129920K)->0K(129920K) Eden: 115520K(115520K)->0K(115520K) From: 0K(14400K)->0K(14400K)
[2026-05-06T01:04:21.921+0100][2.201s][info][gc,heap        ] GC(16) Tenured: 320553K(435968K)->320553K(435968K)
[2026-05-06T01:04:21.921+0100][2.201s][info][gc,metaspace   ] GC(16) Metaspace: 17788K(18240K)->17788K(18240K) NonClass: 15686K(15936K)->15686K(15936K) Class: 2102K(2304K)->2102K(2304K)
[2026-05-06T01:04:21.921+0100][2.201s][info][gc             ] GC(16) Pause Young (Allocation Failure) 425M->313M(552M) 0.183ms
[2026-05-06T01:04:21.921+0100][2.201s][info][gc,cpu         ] GC(16) User=0.00s Sys=0.00s Real=0.00s
[2026-05-06T01:04:22.051+0100][2.331s][info][gc,start       ] GC(17) Pause Young (Allocation Failure)
[2026-05-06T01:04:22.051+0100][2.331s][info][gc,heap        ] GC(17) DefNew: 115520K(129920K)->0K(129920K) Eden: 115520K(115520K)->0K(115520K) From: 0K(14400K)->0K(14400K)
[2026-05-06T01:04:22.051+0100][2.331s][info][gc,heap        ] GC(17) Tenured: 320553K(435968K)->320553K(435968K)
[2026-05-06T01:04:22.051+0100][2.331s][info][gc,metaspace   ] GC(17) Metaspace: 17788K(18240K)->17788K(18240K) NonClass: 15686K(15936K)->15686K(15936K) Class: 2102K(2304K)->2102K(2304K)
[2026-05-06T01:04:22.051+0100][2.331s][info][gc             ] GC(17) Pause Young (Allocation Failure) 425M->313M(552M) 0.227ms
[2026-05-06T01:04:22.051+0100][2.331s][info][gc,cpu         ] GC(17) User=0.00s Sys=0.00s Real=0.00s
[2026-05-06T01:04:22.162+0100][2.442s][info][gc,start       ] GC(18) Pause Full (System.gc())
[2026-05-06T01:04:22.162+0100][2.442s][info][gc,phases,start] GC(18) Phase 1: Mark live objects
[2026-05-06T01:04:22.167+0100][2.447s][info][gc,phases      ] GC(18) Phase 1: Mark live objects 5.287ms
[2026-05-06T01:04:22.167+0100][2.447s][info][gc,phases,start] GC(18) Phase 2: Compute new object addresses
[2026-05-06T01:04:22.172+0100][2.452s][info][gc,phases      ] GC(18) Phase 2: Compute new object addresses 5.338ms
[2026-05-06T01:04:22.172+0100][2.452s][info][gc,phases,start] GC(18) Phase 3: Adjust pointers
[2026-05-06T01:04:22.176+0100][2.456s][info][gc,phases      ] GC(18) Phase 3: Adjust pointers 3.990ms
[2026-05-06T01:04:22.176+0100][2.456s][info][gc,phases,start] GC(18) Phase 4: Move objects
[2026-05-06T01:04:22.180+0100][2.460s][info][gc,phases      ] GC(18) Phase 4: Move objects 3.255ms
[2026-05-06T01:04:22.180+0100][2.460s][info][gc,heap        ] GC(18) DefNew: 80048K(129920K)->0K(196288K) Eden: 80048K(115520K)->0K(174528K) From: 0K(14400K)->0K(21760K)
[2026-05-06T01:04:22.180+0100][2.460s][info][gc,heap        ] GC(18) Tenured: 320553K(435968K)->210013K(435968K)
[2026-05-06T01:04:22.180+0100][2.460s][info][gc,metaspace   ] GC(18) Metaspace: 18239K(18560K)->18239K(18560K) NonClass: 16072K(16256K)->16072K(16256K) Class: 2167K(2304K)->2167K(2304K)
[2026-05-06T01:04:22.180+0100][2.460s][info][gc             ] GC(18) Pause Full (System.gc()) 391M->205M(617M) 18.128ms
[2026-05-06T01:04:22.180+0100][2.460s][info][gc,cpu         ] GC(18) User=0.02s Sys=0.00s Real=0.02s
[2026-05-06T01:04:22.206+0100][2.486s][info][gc,start       ] GC(19) Pause Full (System.gc())
[2026-05-06T01:04:22.206+0100][2.486s][info][gc,phases,start] GC(19) Phase 1: Mark live objects
[2026-05-06T01:04:22.211+0100][2.492s][info][gc,phases      ] GC(19) Phase 1: Mark live objects 5.390ms
[2026-05-06T01:04:22.211+0100][2.492s][info][gc,phases,start] GC(19) Phase 2: Compute new object addresses
[2026-05-06T01:04:22.213+0100][2.493s][info][gc,phases      ] GC(19) Phase 2: Compute new object addresses 1.472ms
[2026-05-06T01:04:22.213+0100][2.493s][info][gc,phases,start] GC(19) Phase 3: Adjust pointers
[2026-05-06T01:04:22.217+0100][2.497s][info][gc,phases      ] GC(19) Phase 3: Adjust pointers 4.006ms
[2026-05-06T01:04:22.217+0100][2.497s][info][gc,phases,start] GC(19) Phase 4: Move objects
[2026-05-06T01:04:22.223+0100][2.503s][info][gc,phases      ] GC(19) Phase 4: Move objects 5.882ms
[2026-05-06T01:04:22.223+0100][2.503s][info][gc,heap        ] GC(19) DefNew: 16416K(196288K)->0K(196288K) Eden: 16416K(174528K)->0K(174528K) From: 0K(21760K)->0K(21760K)
[2026-05-06T01:04:22.223+0100][2.503s][info][gc,heap        ] GC(19) Tenured: 210013K(435968K)->203695K(435968K)
[2026-05-06T01:04:22.223+0100][2.503s][info][gc,metaspace   ] GC(19) Metaspace: 18529K(18880K)->18529K(18880K) NonClass: 16325K(16512K)->16325K(16512K) Class: 2204K(2368K)->2204K(2368K)
[2026-05-06T01:04:22.223+0100][2.503s][info][gc             ] GC(19) Pause Full (System.gc()) 221M->198M(617M) 16.958ms
[2026-05-06T01:04:22.223+0100][2.503s][info][gc,cpu         ] GC(19) User=0.02s Sys=0.00s Real=0.02s
[2026-05-06T01:04:22.243+0100][2.523s][info][gc,start       ] GC(20) Pause Full (System.gc())
[2026-05-06T01:04:22.243+0100][2.523s][info][gc,phases,start] GC(20) Phase 1: Mark live objects
[2026-05-06T01:04:22.248+0100][2.528s][info][gc,phases      ] GC(20) Phase 1: Mark live objects 5.301ms
[2026-05-06T01:04:22.248+0100][2.529s][info][gc,phases,start] GC(20) Phase 2: Compute new object addresses
[2026-05-06T01:04:22.250+0100][2.530s][info][gc,phases      ] GC(20) Phase 2: Compute new object addresses 1.525ms
[2026-05-06T01:04:22.250+0100][2.530s][info][gc,phases,start] GC(20) Phase 3: Adjust pointers
[2026-05-06T01:04:22.254+0100][2.534s][info][gc,phases      ] GC(20) Phase 3: Adjust pointers 3.818ms
[2026-05-06T01:04:22.254+0100][2.534s][info][gc,phases,start] GC(20) Phase 4: Move objects
[2026-05-06T01:04:22.254+0100][2.534s][info][gc,phases      ] GC(20) Phase 4: Move objects 0.009ms
[2026-05-06T01:04:22.254+0100][2.534s][info][gc,heap        ] GC(20) DefNew: 23399K(196288K)->0K(196288K) Eden: 23399K(174528K)->0K(174528K) From: 0K(21760K)->0K(21760K)
[2026-05-06T01:04:22.254+0100][2.534s][info][gc,heap        ] GC(20) Tenured: 203695K(435968K)->203712K(435968K)
[2026-05-06T01:04:22.254+0100][2.534s][info][gc,metaspace   ] GC(20) Metaspace: 18626K(19072K)->18626K(19072K) NonClass: 16408K(16640K)->16408K(16640K) Class: 2218K(2432K)->2218K(2432K)
[2026-05-06T01:04:22.254+0100][2.534s][info][gc             ] GC(20) Pause Full (System.gc()) 221M->198M(617M) 10.813ms
[2026-05-06T01:04:22.254+0100][2.534s][info][gc,cpu         ] GC(20) User=0.01s Sys=0.00s Real=0.01s
[2026-05-06T01:04:22.274+0100][2.554s][info][gc,start       ] GC(21) Pause Full (System.gc())
[2026-05-06T01:04:22.274+0100][2.554s][info][gc,phases,start] GC(21) Phase 1: Mark live objects
[2026-05-06T01:04:22.279+0100][2.559s][info][gc,phases      ] GC(21) Phase 1: Mark live objects 5.307ms
[2026-05-06T01:04:22.279+0100][2.559s][info][gc,phases,start] GC(21) Phase 2: Compute new object addresses
[2026-05-06T01:04:22.281+0100][2.561s][info][gc,phases      ] GC(21) Phase 2: Compute new object addresses 1.641ms
[2026-05-06T01:04:22.281+0100][2.561s][info][gc,phases,start] GC(21) Phase 3: Adjust pointers
[2026-05-06T01:04:22.285+0100][2.565s][info][gc,phases      ] GC(21) Phase 3: Adjust pointers 3.926ms
[2026-05-06T01:04:22.285+0100][2.565s][info][gc,phases,start] GC(21) Phase 4: Move objects
[2026-05-06T01:04:22.285+0100][2.565s][info][gc,phases      ] GC(21) Phase 4: Move objects 0.007ms
[2026-05-06T01:04:22.285+0100][2.565s][info][gc,heap        ] GC(21) DefNew: 35627K(196288K)->0K(196288K) Eden: 35627K(174528K)->0K(174528K) From: 0K(21760K)->0K(21760K)
[2026-05-06T01:04:22.285+0100][2.565s][info][gc,heap        ] GC(21) Tenured: 203712K(435968K)->203722K(435968K)
[2026-05-06T01:04:22.285+0100][2.565s][info][gc,metaspace   ] GC(21) Metaspace: 18741K(19136K)->18741K(19136K) NonClass: 16511K(16704K)->16511K(16704K) Class: 2230K(2432K)->2230K(2432K)
[2026-05-06T01:04:22.285+0100][2.565s][info][gc             ] GC(21) Pause Full (System.gc()) 233M->198M(617M) 11.035ms
[2026-05-06T01:04:22.285+0100][2.565s][info][gc,cpu         ] GC(21) User=0.02s Sys=0.00s Real=0.01s
[2026-05-06T01:04:22.298+0100][2.578s][info][gc,start       ] GC(22) Pause Full (System.gc())
[2026-05-06T01:04:22.298+0100][2.578s][info][gc,phases,start] GC(22) Phase 1: Mark live objects
[2026-05-06T01:04:22.303+0100][2.583s][info][gc,phases      ] GC(22) Phase 1: Mark live objects 4.892ms
[2026-05-06T01:04:22.303+0100][2.583s][info][gc,phases,start] GC(22) Phase 2: Compute new object addresses
[2026-05-06T01:04:22.304+0100][2.584s][info][gc,phases      ] GC(22) Phase 2: Compute new object addresses 1.462ms
[2026-05-06T01:04:22.304+0100][2.584s][info][gc,phases,start] GC(22) Phase 3: Adjust pointers
[2026-05-06T01:04:22.308+0100][2.588s][info][gc,phases      ] GC(22) Phase 3: Adjust pointers 4.100ms
[2026-05-06T01:04:22.308+0100][2.588s][info][gc,phases,start] GC(22) Phase 4: Move objects
[2026-05-06T01:04:22.308+0100][2.588s][info][gc,phases      ] GC(22) Phase 4: Move objects 0.005ms
[2026-05-06T01:04:22.308+0100][2.588s][info][gc,heap        ] GC(22) DefNew: 30388K(196288K)->0K(196288K) Eden: 30388K(174528K)->0K(174528K) From: 0K(21760K)->0K(21760K)
[2026-05-06T01:04:22.308+0100][2.588s][info][gc,heap        ] GC(22) Tenured: 203722K(435968K)->203722K(435968K)
[2026-05-06T01:04:22.308+0100][2.588s][info][gc,metaspace   ] GC(22) Metaspace: 18744K(19136K)->18744K(19136K) NonClass: 16513K(16704K)->16513K(16704K) Class: 2230K(2432K)->2230K(2432K)
[2026-05-06T01:04:22.308+0100][2.588s][info][gc             ] GC(22) Pause Full (System.gc()) 228M->198M(617M) 10.592ms
[2026-05-06T01:04:22.308+0100][2.588s][info][gc,cpu         ] GC(22) User=0.01s Sys=0.00s Real=0.01s
[2026-05-06T01:04:22.317+0100][2.597s][info][gc,start       ] GC(23) Pause Full (System.gc())
[2026-05-06T01:04:22.317+0100][2.597s][info][gc,phases,start] GC(23) Phase 1: Mark live objects
[2026-05-06T01:04:22.322+0100][2.602s][info][gc,phases      ] GC(23) Phase 1: Mark live objects 5.239ms
[2026-05-06T01:04:22.322+0100][2.602s][info][gc,phases,start] GC(23) Phase 2: Compute new object addresses
[2026-05-06T01:04:22.324+0100][2.604s][info][gc,phases      ] GC(23) Phase 2: Compute new object addresses 1.544ms
[2026-05-06T01:04:22.324+0100][2.604s][info][gc,phases,start] GC(23) Phase 3: Adjust pointers
[2026-05-06T01:04:22.328+0100][2.608s][info][gc,phases      ] GC(23) Phase 3: Adjust pointers 4.221ms
[2026-05-06T01:04:22.328+0100][2.608s][info][gc,phases,start] GC(23) Phase 4: Move objects
[2026-05-06T01:04:22.333+0100][2.613s][info][gc,phases      ] GC(23) Phase 4: Move objects 5.347ms
[2026-05-06T01:04:22.333+0100][2.613s][info][gc,heap        ] GC(23) DefNew: 22924K(196288K)->0K(196288K) Eden: 22924K(174528K)->0K(174528K) From: 0K(21760K)->0K(21760K)
[2026-05-06T01:04:22.333+0100][2.613s][info][gc,heap        ] GC(23) Tenured: 203722K(435968K)->203717K(435968K)
[2026-05-06T01:04:22.333+0100][2.613s][info][gc,metaspace   ] GC(23) Metaspace: 18746K(19136K)->18746K(19136K) NonClass: 16516K(16704K)->16516K(16704K) Class: 2230K(2432K)->2230K(2432K)
[2026-05-06T01:04:22.333+0100][2.613s][info][gc             ] GC(23) Pause Full (System.gc()) 221M->198M(617M) 16.524ms
[2026-05-06T01:04:22.333+0100][2.613s][info][gc,cpu         ] GC(23) User=0.02s Sys=0.00s Real=0.02s
[2026-05-06T01:04:22.342+0100][2.622s][info][gc,start       ] GC(24) Pause Full (System.gc())
[2026-05-06T01:04:22.342+0100][2.622s][info][gc,phases,start] GC(24) Phase 1: Mark live objects
[2026-05-06T01:04:22.347+0100][2.627s][info][gc,phases      ] GC(24) Phase 1: Mark live objects 4.992ms
[2026-05-06T01:04:22.347+0100][2.627s][info][gc,phases,start] GC(24) Phase 2: Compute new object addresses
[2026-05-06T01:04:22.348+0100][2.628s][info][gc,phases      ] GC(24) Phase 2: Compute new object addresses 1.538ms
[2026-05-06T01:04:22.348+0100][2.628s][info][gc,phases,start] GC(24) Phase 3: Adjust pointers
[2026-05-06T01:04:22.352+0100][2.632s][info][gc,phases      ] GC(24) Phase 3: Adjust pointers 3.964ms
[2026-05-06T01:04:22.352+0100][2.632s][info][gc,phases,start] GC(24) Phase 4: Move objects
[2026-05-06T01:04:22.352+0100][2.632s][info][gc,phases      ] GC(24) Phase 4: Move objects 0.006ms
[2026-05-06T01:04:22.352+0100][2.632s][info][gc,heap        ] GC(24) DefNew: 59595K(196288K)->0K(196288K) Eden: 59595K(174528K)->0K(174528K) From: 0K(21760K)->0K(21760K)
[2026-05-06T01:04:22.352+0100][2.632s][info][gc,heap        ] GC(24) Tenured: 203717K(435968K)->203720K(435968K)
[2026-05-06T01:04:22.352+0100][2.632s][info][gc,metaspace   ] GC(24) Metaspace: 18750K(19136K)->18750K(19136K) NonClass: 16520K(16704K)->16520K(16704K) Class: 2230K(2432K)->2230K(2432K)
[2026-05-06T01:04:22.352+0100][2.632s][info][gc             ] GC(24) Pause Full (System.gc()) 257M->198M(617M) 10.622ms
[2026-05-06T01:04:22.352+0100][2.632s][info][gc,cpu         ] GC(24) User=0.01s Sys=0.00s Real=0.01s
[2026-05-06T01:04:22.360+0100][2.640s][info][gc,start       ] GC(25) Pause Full (System.gc())
[2026-05-06T01:04:22.360+0100][2.640s][info][gc,phases,start] GC(25) Phase 1: Mark live objects
[2026-05-06T01:04:22.365+0100][2.645s][info][gc,phases      ] GC(25) Phase 1: Mark live objects 5.010ms
[2026-05-06T01:04:22.365+0100][2.645s][info][gc,phases,start] GC(25) Phase 2: Compute new object addresses
[2026-05-06T01:04:22.367+0100][2.647s][info][gc,phases      ] GC(25) Phase 2: Compute new object addresses 1.510ms
[2026-05-06T01:04:22.367+0100][2.647s][info][gc,phases,start] GC(25) Phase 3: Adjust pointers
[2026-05-06T01:04:22.371+0100][2.651s][info][gc,phases      ] GC(25) Phase 3: Adjust pointers 4.352ms
[2026-05-06T01:04:22.371+0100][2.651s][info][gc,phases,start] GC(25) Phase 4: Move objects
[2026-05-06T01:04:22.371+0100][2.651s][info][gc,phases      ] GC(25) Phase 4: Move objects 0.007ms
[2026-05-06T01:04:22.371+0100][2.651s][info][gc,heap        ] GC(25) DefNew: 39227K(196288K)->0K(196288K) Eden: 39227K(174528K)->0K(174528K) From: 0K(21760K)->0K(21760K)
[2026-05-06T01:04:22.371+0100][2.651s][info][gc,heap        ] GC(25) Tenured: 203720K(435968K)->203720K(435968K)
[2026-05-06T01:04:22.371+0100][2.651s][info][gc,metaspace   ] GC(25) Metaspace: 18760K(19136K)->18760K(19136K) NonClass: 16530K(16704K)->16530K(16704K) Class: 2230K(2432K)->2230K(2432K)
[2026-05-06T01:04:22.371+0100][2.651s][info][gc             ] GC(25) Pause Full (System.gc()) 237M->198M(617M) 11.043ms
[2026-05-06T01:04:22.371+0100][2.651s][info][gc,cpu         ] GC(25) User=0.01s Sys=0.00s Real=0.01s
[2026-05-06T01:04:22.379+0100][2.659s][info][gc,start       ] GC(26) Pause Full (System.gc())
[2026-05-06T01:04:22.379+0100][2.659s][info][gc,phases,start] GC(26) Phase 1: Mark live objects
[2026-05-06T01:04:22.385+0100][2.665s][info][gc,phases      ] GC(26) Phase 1: Mark live objects 5.660ms
[2026-05-06T01:04:22.385+0100][2.665s][info][gc,phases,start] GC(26) Phase 2: Compute new object addresses
[2026-05-06T01:04:22.386+0100][2.666s][info][gc,phases      ] GC(26) Phase 2: Compute new object addresses 1.548ms
[2026-05-06T01:04:22.386+0100][2.666s][info][gc,phases,start] GC(26) Phase 3: Adjust pointers
[2026-05-06T01:04:22.391+0100][2.671s][info][gc,phases      ] GC(26) Phase 3: Adjust pointers 4.285ms
[2026-05-06T01:04:22.391+0100][2.671s][info][gc,phases,start] GC(26) Phase 4: Move objects
[2026-05-06T01:04:22.391+0100][2.671s][info][gc,phases      ] GC(26) Phase 4: Move objects 0.007ms
[2026-05-06T01:04:22.391+0100][2.671s][info][gc,heap        ] GC(26) DefNew: 33401K(196288K)->0K(196288K) Eden: 33401K(174528K)->0K(174528K) From: 0K(21760K)->0K(21760K)
[2026-05-06T01:04:22.391+0100][2.671s][info][gc,heap        ] GC(26) Tenured: 203720K(435968K)->203723K(435968K)
[2026-05-06T01:04:22.391+0100][2.671s][info][gc,metaspace   ] GC(26) Metaspace: 18780K(19200K)->18780K(19200K) NonClass: 16550K(16768K)->16550K(16768K) Class: 2230K(2432K)->2230K(2432K)
[2026-05-06T01:04:22.391+0100][2.671s][info][gc             ] GC(26) Pause Full (System.gc()) 231M->198M(617M) 11.665ms
[2026-05-06T01:04:22.391+0100][2.671s][info][gc,cpu         ] GC(26) User=0.01s Sys=0.00s Real=0.02s
[2026-05-06T01:04:22.399+0100][2.679s][info][gc,start       ] GC(27) Pause Full (System.gc())
[2026-05-06T01:04:22.399+0100][2.679s][info][gc,phases,start] GC(27) Phase 1: Mark live objects
[2026-05-06T01:04:22.404+0100][2.684s][info][gc,phases      ] GC(27) Phase 1: Mark live objects 5.721ms
[2026-05-06T01:04:22.404+0100][2.684s][info][gc,phases,start] GC(27) Phase 2: Compute new object addresses
[2026-05-06T01:04:22.406+0100][2.686s][info][gc,phases      ] GC(27) Phase 2: Compute new object addresses 1.551ms
[2026-05-06T01:04:22.406+0100][2.686s][info][gc,phases,start] GC(27) Phase 3: Adjust pointers
[2026-05-06T01:04:22.410+0100][2.690s][info][gc,phases      ] GC(27) Phase 3: Adjust pointers 4.153ms
[2026-05-06T01:04:22.410+0100][2.690s][info][gc,phases,start] GC(27) Phase 4: Move objects
[2026-05-06T01:04:22.410+0100][2.690s][info][gc,phases      ] GC(27) Phase 4: Move objects 0.007ms
[2026-05-06T01:04:22.410+0100][2.690s][info][gc,heap        ] GC(27) DefNew: 106743K(196288K)->0K(196288K) Eden: 106743K(174528K)->0K(174528K) From: 0K(21760K)->0K(21760K)
[2026-05-06T01:04:22.410+0100][2.690s][info][gc,heap        ] GC(27) Tenured: 203723K(435968K)->203717K(435968K)
[2026-05-06T01:04:22.410+0100][2.690s][info][gc,metaspace   ] GC(27) Metaspace: 18809K(19200K)->18809K(19200K) NonClass: 16579K(16768K)->16579K(16768K) Class: 2230K(2432K)->2230K(2432K)
[2026-05-06T01:04:22.410+0100][2.690s][info][gc             ] GC(27) Pause Full (System.gc()) 303M->198M(617M) 11.586ms
[2026-05-06T01:04:22.410+0100][2.690s][info][gc,cpu         ] GC(27) User=0.01s Sys=0.00s Real=0.02s
[2026-05-06T01:04:22.419+0100][2.699s][info][gc,start       ] GC(28) Pause Full (System.gc())
[2026-05-06T01:04:22.419+0100][2.699s][info][gc,phases,start] GC(28) Phase 1: Mark live objects
[2026-05-06T01:04:22.425+0100][2.705s][info][gc,phases      ] GC(28) Phase 1: Mark live objects 5.623ms
[2026-05-06T01:04:22.425+0100][2.705s][info][gc,phases,start] GC(28) Phase 2: Compute new object addresses
[2026-05-06T01:04:22.426+0100][2.706s][info][gc,phases      ] GC(28) Phase 2: Compute new object addresses 1.645ms
[2026-05-06T01:04:22.426+0100][2.706s][info][gc,phases,start] GC(28) Phase 3: Adjust pointers
[2026-05-06T01:04:22.431+0100][2.711s][info][gc,phases      ] GC(28) Phase 3: Adjust pointers 4.290ms
[2026-05-06T01:04:22.431+0100][2.711s][info][gc,phases,start] GC(28) Phase 4: Move objects
[2026-05-06T01:04:22.431+0100][2.711s][info][gc,phases      ] GC(28) Phase 4: Move objects 0.005ms
[2026-05-06T01:04:22.431+0100][2.711s][info][gc,heap        ] GC(28) DefNew: 60602K(196288K)->0K(196288K) Eden: 60602K(174528K)->0K(174528K) From: 0K(21760K)->0K(21760K)
[2026-05-06T01:04:22.431+0100][2.711s][info][gc,heap        ] GC(28) Tenured: 203717K(435968K)->203717K(435968K)
[2026-05-06T01:04:22.431+0100][2.711s][info][gc,metaspace   ] GC(28) Metaspace: 18823K(19200K)->18823K(19200K) NonClass: 16592K(16768K)->16592K(16768K) Class: 2230K(2432K)->2230K(2432K)
[2026-05-06T01:04:22.431+0100][2.711s][info][gc             ] GC(28) Pause Full (System.gc()) 258M->198M(617M) 11.748ms
[2026-05-06T01:04:22.431+0100][2.711s][info][gc,cpu         ] GC(28) User=0.01s Sys=0.00s Real=0.02s
[2026-05-06T01:04:22.440+0100][2.720s][info][gc,start       ] GC(29) Pause Full (System.gc())
[2026-05-06T01:04:22.440+0100][2.720s][info][gc,phases,start] GC(29) Phase 1: Mark live objects
[2026-05-06T01:04:22.446+0100][2.726s][info][gc,phases      ] GC(29) Phase 1: Mark live objects 5.461ms
[2026-05-06T01:04:22.446+0100][2.726s][info][gc,phases,start] GC(29) Phase 2: Compute new object addresses
[2026-05-06T01:04:22.447+0100][2.727s][info][gc,phases      ] GC(29) Phase 2: Compute new object addresses 1.516ms
[2026-05-06T01:04:22.447+0100][2.727s][info][gc,phases,start] GC(29) Phase 3: Adjust pointers
[2026-05-06T01:04:22.451+0100][2.732s][info][gc,phases      ] GC(29) Phase 3: Adjust pointers 4.343ms
[2026-05-06T01:04:22.451+0100][2.732s][info][gc,phases,start] GC(29) Phase 4: Move objects
[2026-05-06T01:04:22.451+0100][2.732s][info][gc,phases      ] GC(29) Phase 4: Move objects 0.007ms
[2026-05-06T01:04:22.452+0100][2.732s][info][gc,heap        ] GC(29) DefNew: 54187K(196288K)->0K(196288K) Eden: 54187K(174528K)->0K(174528K) From: 0K(21760K)->0K(21760K)
[2026-05-06T01:04:22.452+0100][2.732s][info][gc,heap        ] GC(29) Tenured: 203717K(435968K)->203723K(435968K)
[2026-05-06T01:04:22.452+0100][2.732s][info][gc,metaspace   ] GC(29) Metaspace: 18838K(19264K)->18838K(19264K) NonClass: 16608K(16832K)->16608K(16832K) Class: 2230K(2432K)->2230K(2432K)
[2026-05-06T01:04:22.452+0100][2.732s][info][gc             ] GC(29) Pause Full (System.gc()) 251M->198M(617M) 11.485ms
[2026-05-06T01:04:22.452+0100][2.732s][info][gc,cpu         ] GC(29) User=0.02s Sys=0.00s Real=0.01s
[2026-05-06T01:04:22.461+0100][2.741s][info][gc,start       ] GC(30) Pause Full (System.gc())
[2026-05-06T01:04:22.461+0100][2.741s][info][gc,phases,start] GC(30) Phase 1: Mark live objects
[2026-05-06T01:04:22.466+0100][2.746s][info][gc,phases      ] GC(30) Phase 1: Mark live objects 5.645ms
[2026-05-06T01:04:22.466+0100][2.746s][info][gc,phases,start] GC(30) Phase 2: Compute new object addresses
[2026-05-06T01:04:22.468+0100][2.748s][info][gc,phases      ] GC(30) Phase 2: Compute new object addresses 1.717ms
[2026-05-06T01:04:22.468+0100][2.748s][info][gc,phases,start] GC(30) Phase 3: Adjust pointers
[2026-05-06T01:04:22.472+0100][2.752s][info][gc,phases      ] GC(30) Phase 3: Adjust pointers 4.337ms
[2026-05-06T01:04:22.472+0100][2.752s][info][gc,phases,start] GC(30) Phase 4: Move objects
[2026-05-06T01:04:22.472+0100][2.752s][info][gc,phases      ] GC(30) Phase 4: Move objects 0.007ms
[2026-05-06T01:04:22.472+0100][2.752s][info][gc,heap        ] GC(30) DefNew: 113607K(196288K)->0K(196288K) Eden: 113607K(174528K)->0K(174528K) From: 0K(21760K)->0K(21760K)
[2026-05-06T01:04:22.472+0100][2.752s][info][gc,heap        ] GC(30) Tenured: 203723K(435968K)->203728K(435968K)
[2026-05-06T01:04:22.472+0100][2.752s][info][gc,metaspace   ] GC(30) Metaspace: 18871K(19264K)->18871K(19264K) NonClass: 16641K(16832K)->16641K(16832K) Class: 2230K(2432K)->2230K(2432K)
[2026-05-06T01:04:22.472+0100][2.752s][info][gc             ] GC(30) Pause Full (System.gc()) 309M->198M(617M) 11.868ms
[2026-05-06T01:04:22.472+0100][2.752s][info][gc,cpu         ] GC(30) User=0.01s Sys=0.00s Real=0.01s
[2026-05-06T01:04:22.482+0100][2.762s][info][gc,start       ] GC(31) Pause Full (System.gc())
[2026-05-06T01:04:22.482+0100][2.762s][info][gc,phases,start] GC(31) Phase 1: Mark live objects
[2026-05-06T01:04:22.487+0100][2.767s][info][gc,phases      ] GC(31) Phase 1: Mark live objects 5.392ms
[2026-05-06T01:04:22.487+0100][2.767s][info][gc,phases,start] GC(31) Phase 2: Compute new object addresses
[2026-05-06T01:04:22.489+0100][2.769s][info][gc,phases      ] GC(31) Phase 2: Compute new object addresses 1.565ms
[2026-05-06T01:04:22.489+0100][2.769s][info][gc,phases,start] GC(31) Phase 3: Adjust pointers
[2026-05-06T01:04:22.493+0100][2.773s][info][gc,phases      ] GC(31) Phase 3: Adjust pointers 4.415ms
[2026-05-06T01:04:22.493+0100][2.773s][info][gc,phases,start] GC(31) Phase 4: Move objects
[2026-05-06T01:04:22.493+0100][2.773s][info][gc,phases      ] GC(31) Phase 4: Move objects 0.015ms
[2026-05-06T01:04:22.493+0100][2.773s][info][gc,heap        ] GC(31) DefNew: 61714K(196288K)->0K(196288K) Eden: 61714K(174528K)->0K(174528K) From: 0K(21760K)->0K(21760K)
[2026-05-06T01:04:22.493+0100][2.773s][info][gc,heap        ] GC(31) Tenured: 203728K(435968K)->203716K(435968K)
[2026-05-06T01:04:22.493+0100][2.773s][info][gc,metaspace   ] GC(31) Metaspace: 18895K(19264K)->18895K(19264K) NonClass: 16665K(16832K)->16665K(16832K) Class: 2230K(2432K)->2230K(2432K)
[2026-05-06T01:04:22.493+0100][2.773s][info][gc             ] GC(31) Pause Full (System.gc()) 259M->198M(617M) 11.559ms
[2026-05-06T01:04:22.493+0100][2.773s][info][gc,cpu         ] GC(31) User=0.01s Sys=0.00s Real=0.01s
[2026-05-06T01:04:22.504+0100][2.784s][info][gc,start       ] GC(32) Pause Full (System.gc())
[2026-05-06T01:04:22.504+0100][2.784s][info][gc,phases,start] GC(32) Phase 1: Mark live objects
[2026-05-06T01:04:22.509+0100][2.789s][info][gc,phases      ] GC(32) Phase 1: Mark live objects 5.449ms
[2026-05-06T01:04:22.509+0100][2.789s][info][gc,phases,start] GC(32) Phase 2: Compute new object addresses
[2026-05-06T01:04:22.511+0100][2.791s][info][gc,phases      ] GC(32) Phase 2: Compute new object addresses 1.804ms
[2026-05-06T01:04:22.511+0100][2.791s][info][gc,phases,start] GC(32) Phase 3: Adjust pointers
[2026-05-06T01:04:22.515+0100][2.795s][info][gc,phases      ] GC(32) Phase 3: Adjust pointers 4.241ms
[2026-05-06T01:04:22.515+0100][2.795s][info][gc,phases,start] GC(32) Phase 4: Move objects
[2026-05-06T01:04:22.515+0100][2.795s][info][gc,phases      ] GC(32) Phase 4: Move objects 0.008ms
[2026-05-06T01:04:22.515+0100][2.796s][info][gc,heap        ] GC(32) DefNew: 41304K(196288K)->0K(196288K) Eden: 41304K(174528K)->0K(174528K) From: 0K(21760K)->0K(21760K)
[2026-05-06T01:04:22.515+0100][2.796s][info][gc,heap        ] GC(32) Tenured: 203716K(435968K)->203723K(435968K)
[2026-05-06T01:04:22.515+0100][2.796s][info][gc,metaspace   ] GC(32) Metaspace: 18901K(19264K)->18901K(19264K) NonClass: 16670K(16832K)->16670K(16832K) Class: 2230K(2432K)->2230K(2432K)
[2026-05-06T01:04:22.515+0100][2.796s][info][gc             ] GC(32) Pause Full (System.gc()) 239M->198M(617M) 11.693ms
[2026-05-06T01:04:22.515+0100][2.796s][info][gc,cpu         ] GC(32) User=0.01s Sys=0.00s Real=0.01s
[2026-05-06T01:04:22.525+0100][2.806s][info][gc,start       ] GC(33) Pause Full (System.gc())
[2026-05-06T01:04:22.526+0100][2.806s][info][gc,phases,start] GC(33) Phase 1: Mark live objects
[2026-05-06T01:04:22.531+0100][2.811s][info][gc,phases      ] GC(33) Phase 1: Mark live objects 5.500ms
[2026-05-06T01:04:22.531+0100][2.811s][info][gc,phases,start] GC(33) Phase 2: Compute new object addresses
[2026-05-06T01:04:22.533+0100][2.813s][info][gc,phases      ] GC(33) Phase 2: Compute new object addresses 1.622ms
[2026-05-06T01:04:22.533+0100][2.813s][info][gc,phases,start] GC(33) Phase 3: Adjust pointers
[2026-05-06T01:04:22.537+0100][2.817s][info][gc,phases      ] GC(33) Phase 3: Adjust pointers 4.556ms
[2026-05-06T01:04:22.537+0100][2.817s][info][gc,phases,start] GC(33) Phase 4: Move objects
[2026-05-06T01:04:22.537+0100][2.817s][info][gc,phases      ] GC(33) Phase 4: Move objects 0.017ms
[2026-05-06T01:04:22.537+0100][2.817s][info][gc,heap        ] GC(33) DefNew: 103664K(196288K)->0K(196288K) Eden: 103664K(174528K)->0K(174528K) From: 0K(21760K)->0K(21760K)
[2026-05-06T01:04:22.537+0100][2.817s][info][gc,heap        ] GC(33) Tenured: 203723K(435968K)->203730K(435968K)
[2026-05-06T01:04:22.537+0100][2.817s][info][gc,metaspace   ] GC(33) Metaspace: 18921K(19328K)->18921K(19328K) NonClass: 16691K(16896K)->16691K(16896K) Class: 2230K(2432K)->2230K(2432K)
[2026-05-06T01:04:22.537+0100][2.817s][info][gc             ] GC(33) Pause Full (System.gc()) 300M->198M(617M) 11.877ms
[2026-05-06T01:04:22.537+0100][2.817s][info][gc,cpu         ] GC(33) User=0.01s Sys=0.00s Real=0.01s
[2026-05-06T01:04:22.553+0100][2.833s][info][gc,start       ] GC(34) Pause Full (System.gc())
[2026-05-06T01:04:22.553+0100][2.833s][info][gc,phases,start] GC(34) Phase 1: Mark live objects
[2026-05-06T01:04:22.558+0100][2.838s][info][gc,phases      ] GC(34) Phase 1: Mark live objects 5.257ms
[2026-05-06T01:04:22.558+0100][2.839s][info][gc,phases,start] GC(34) Phase 2: Compute new object addresses
[2026-05-06T01:04:22.560+0100][2.840s][info][gc,phases      ] GC(34) Phase 2: Compute new object addresses 1.637ms
[2026-05-06T01:04:22.560+0100][2.840s][info][gc,phases,start] GC(34) Phase 3: Adjust pointers
[2026-05-06T01:04:22.564+0100][2.844s][info][gc,phases      ] GC(34) Phase 3: Adjust pointers 4.214ms
[2026-05-06T01:04:22.564+0100][2.844s][info][gc,phases,start] GC(34) Phase 4: Move objects
[2026-05-06T01:04:22.564+0100][2.844s][info][gc,phases      ] GC(34) Phase 4: Move objects 0.022ms
[2026-05-06T01:04:22.564+0100][2.844s][info][gc,heap        ] GC(34) DefNew: 62756K(196288K)->0K(196288K) Eden: 62756K(174528K)->0K(174528K) From: 0K(21760K)->0K(21760K)
[2026-05-06T01:04:22.564+0100][2.844s][info][gc,heap        ] GC(34) Tenured: 203730K(435968K)->204632K(435968K)
[2026-05-06T01:04:22.564+0100][2.844s][info][gc,metaspace   ] GC(34) Metaspace: 18927K(19328K)->18927K(19328K) NonClass: 16697K(16896K)->16697K(16896K) Class: 2230K(2432K)->2230K(2432K)
[2026-05-06T01:04:22.564+0100][2.844s][info][gc             ] GC(34) Pause Full (System.gc()) 260M->199M(617M) 11.278ms
[2026-05-06T01:04:22.564+0100][2.844s][info][gc,cpu         ] GC(34) User=0.01s Sys=0.00s Real=0.01s
[2026-05-06T01:04:22.576+0100][2.856s][info][gc,start       ] GC(35) Pause Full (System.gc())
[2026-05-06T01:04:22.576+0100][2.856s][info][gc,phases,start] GC(35) Phase 1: Mark live objects
[2026-05-06T01:04:22.581+0100][2.861s][info][gc,phases      ] GC(35) Phase 1: Mark live objects 5.247ms
[2026-05-06T01:04:22.581+0100][2.861s][info][gc,phases,start] GC(35) Phase 2: Compute new object addresses
[2026-05-06T01:04:22.583+0100][2.863s][info][gc,phases      ] GC(35) Phase 2: Compute new object addresses 1.561ms
[2026-05-06T01:04:22.583+0100][2.863s][info][gc,phases,start] GC(35) Phase 3: Adjust pointers
[2026-05-06T01:04:22.587+0100][2.867s][info][gc,phases      ] GC(35) Phase 3: Adjust pointers 4.107ms
[2026-05-06T01:04:22.587+0100][2.867s][info][gc,phases,start] GC(35) Phase 4: Move objects
[2026-05-06T01:04:22.587+0100][2.867s][info][gc,phases      ] GC(35) Phase 4: Move objects 0.008ms
[2026-05-06T01:04:22.587+0100][2.867s][info][gc,heap        ] GC(35) DefNew: 40668K(196288K)->0K(196352K) Eden: 40668K(174528K)->0K(174592K) From: 0K(21760K)->0K(21760K)
[2026-05-06T01:04:22.587+0100][2.867s][info][gc,heap        ] GC(35) Tenured: 204632K(435968K)->203724K(435968K)
[2026-05-06T01:04:22.587+0100][2.867s][info][gc,metaspace   ] GC(35) Metaspace: 18932K(19328K)->18932K(19328K) NonClass: 16702K(16896K)->16702K(16896K) Class: 2230K(2432K)->2230K(2432K)
[2026-05-06T01:04:22.587+0100][2.867s][info][gc             ] GC(35) Pause Full (System.gc()) 239M->198M(617M) 11.061ms
[2026-05-06T01:04:22.587+0100][2.867s][info][gc,cpu         ] GC(35) User=0.01s Sys=0.00s Real=0.01s
[2026-05-06T01:04:22.597+0100][2.877s][info][gc,start       ] GC(36) Pause Full (System.gc())
[2026-05-06T01:04:22.597+0100][2.877s][info][gc,phases,start] GC(36) Phase 1: Mark live objects
[2026-05-06T01:04:22.602+0100][2.882s][info][gc,phases      ] GC(36) Phase 1: Mark live objects 5.352ms
[2026-05-06T01:04:22.602+0100][2.883s][info][gc,phases,start] GC(36) Phase 2: Compute new object addresses
[2026-05-06T01:04:22.604+0100][2.884s][info][gc,phases      ] GC(36) Phase 2: Compute new object addresses 1.683ms
[2026-05-06T01:04:22.604+0100][2.884s][info][gc,phases,start] GC(36) Phase 3: Adjust pointers
[2026-05-06T01:04:22.608+0100][2.888s][info][gc,phases      ] GC(36) Phase 3: Adjust pointers 4.161ms
[2026-05-06T01:04:22.608+0100][2.888s][info][gc,phases,start] GC(36) Phase 4: Move objects
[2026-05-06T01:04:22.608+0100][2.888s][info][gc,phases      ] GC(36) Phase 4: Move objects 0.007ms
[2026-05-06T01:04:22.608+0100][2.888s][info][gc,heap        ] GC(36) DefNew: 108601K(196352K)->0K(196288K) Eden: 108601K(174592K)->0K(174528K) From: 0K(21760K)->0K(21760K)
[2026-05-06T01:04:22.608+0100][2.888s][info][gc,heap        ] GC(36) Tenured: 203724K(435968K)->203728K(435968K)
[2026-05-06T01:04:22.608+0100][2.888s][info][gc,metaspace   ] GC(36) Metaspace: 18935K(19328K)->18935K(19328K) NonClass: 16705K(16896K)->16705K(16896K) Class: 2230K(2432K)->2230K(2432K)
[2026-05-06T01:04:22.608+0100][2.889s][info][gc             ] GC(36) Pause Full (System.gc()) 305M->198M(617M) 11.392ms
[2026-05-06T01:04:22.608+0100][2.889s][info][gc,cpu         ] GC(36) User=0.01s Sys=0.00s Real=0.01s
[2026-05-06T01:04:22.635+0100][2.915s][info][gc,start       ] GC(37) Pause Full (System.gc())
[2026-05-06T01:04:22.635+0100][2.915s][info][gc,phases,start] GC(37) Phase 1: Mark live objects
[2026-05-06T01:04:22.640+0100][2.920s][info][gc,phases      ] GC(37) Phase 1: Mark live objects 5.196ms
[2026-05-06T01:04:22.640+0100][2.920s][info][gc,phases,start] GC(37) Phase 2: Compute new object addresses
[2026-05-06T01:04:22.642+0100][2.922s][info][gc,phases      ] GC(37) Phase 2: Compute new object addresses 1.655ms
[2026-05-06T01:04:22.642+0100][2.922s][info][gc,phases,start] GC(37) Phase 3: Adjust pointers
[2026-05-06T01:04:22.646+0100][2.926s][info][gc,phases      ] GC(37) Phase 3: Adjust pointers 4.037ms
[2026-05-06T01:04:22.646+0100][2.926s][info][gc,phases,start] GC(37) Phase 4: Move objects
[2026-05-06T01:04:22.646+0100][2.926s][info][gc,phases      ] GC(37) Phase 4: Move objects 0.006ms
[2026-05-06T01:04:22.646+0100][2.926s][info][gc,heap        ] GC(37) DefNew: 97879K(196288K)->0K(196288K) Eden: 97879K(174528K)->0K(174528K) From: 0K(21760K)->0K(21760K)
[2026-05-06T01:04:22.646+0100][2.926s][info][gc,heap        ] GC(37) Tenured: 203728K(435968K)->203737K(435968K)
[2026-05-06T01:04:22.646+0100][2.926s][info][gc,metaspace   ] GC(37) Metaspace: 18958K(19328K)->18958K(19328K) NonClass: 16728K(16896K)->16728K(16896K) Class: 2230K(2432K)->2230K(2432K)
[2026-05-06T01:04:22.646+0100][2.926s][info][gc             ] GC(37) Pause Full (System.gc()) 294M->198M(617M) 11.026ms
[2026-05-06T01:04:22.646+0100][2.926s][info][gc,cpu         ] GC(37) User=0.01s Sys=0.00s Real=0.01s
[2026-05-06T01:04:22.661+0100][2.941s][info][gc,start       ] GC(38) Pause Full (System.gc())
[2026-05-06T01:04:22.661+0100][2.941s][info][gc,phases,start] GC(38) Phase 1: Mark live objects
[2026-05-06T01:04:22.666+0100][2.946s][info][gc,phases      ] GC(38) Phase 1: Mark live objects 5.165ms
[2026-05-06T01:04:22.666+0100][2.946s][info][gc,phases,start] GC(38) Phase 2: Compute new object addresses
[2026-05-06T01:04:22.668+0100][2.948s][info][gc,phases      ] GC(38) Phase 2: Compute new object addresses 1.663ms
[2026-05-06T01:04:22.668+0100][2.948s][info][gc,phases,start] GC(38) Phase 3: Adjust pointers
[2026-05-06T01:04:22.672+0100][2.952s][info][gc,phases      ] GC(38) Phase 3: Adjust pointers 4.239ms
[2026-05-06T01:04:22.672+0100][2.952s][info][gc,phases,start] GC(38) Phase 4: Move objects
[2026-05-06T01:04:22.672+0100][2.952s][info][gc,phases      ] GC(38) Phase 4: Move objects 0.006ms
[2026-05-06T01:04:22.672+0100][2.952s][info][gc,heap        ] GC(38) DefNew: 15265K(196288K)->0K(196288K) Eden: 15265K(174528K)->0K(174528K) From: 0K(21760K)->0K(21760K)
[2026-05-06T01:04:22.672+0100][2.952s][info][gc,heap        ] GC(38) Tenured: 203737K(435968K)->203737K(435968K)
[2026-05-06T01:04:22.672+0100][2.952s][info][gc,metaspace   ] GC(38) Metaspace: 18979K(19392K)->18979K(19392K) NonClass: 16749K(16960K)->16749K(16960K) Class: 2230K(2432K)->2230K(2432K)
[2026-05-06T01:04:22.672+0100][2.952s][info][gc             ] GC(38) Pause Full (System.gc()) 213M->198M(617M) 11.237ms
[2026-05-06T01:04:22.672+0100][2.952s][info][gc,cpu         ] GC(38) User=0.01s Sys=0.00s Real=0.01s
[2026-05-06T01:04:22.677+0100][2.957s][info][gc,start       ] GC(39) Pause Full (System.gc())
[2026-05-06T01:04:22.677+0100][2.957s][info][gc,phases,start] GC(39) Phase 1: Mark live objects
[2026-05-06T01:04:22.683+0100][2.963s][info][gc,phases      ] GC(39) Phase 1: Mark live objects 5.338ms
[2026-05-06T01:04:22.683+0100][2.963s][info][gc,phases,start] GC(39) Phase 2: Compute new object addresses
[2026-05-06T01:04:22.684+0100][2.964s][info][gc,phases      ] GC(39) Phase 2: Compute new object addresses 1.608ms
[2026-05-06T01:04:22.684+0100][2.964s][info][gc,phases,start] GC(39) Phase 3: Adjust pointers
[2026-05-06T01:04:22.689+0100][2.969s][info][gc,phases      ] GC(39) Phase 3: Adjust pointers 4.329ms
[2026-05-06T01:04:22.689+0100][2.969s][info][gc,phases,start] GC(39) Phase 4: Move objects
[2026-05-06T01:04:22.694+0100][2.974s][info][gc,phases      ] GC(39) Phase 4: Move objects 5.720ms
[2026-05-06T01:04:22.694+0100][2.974s][info][gc,heap        ] GC(39) DefNew: 15017K(196288K)->0K(196288K) Eden: 15017K(174528K)->0K(174528K) From: 0K(21760K)->0K(21760K)
[2026-05-06T01:04:22.694+0100][2.974s][info][gc,heap        ] GC(39) Tenured: 203737K(435968K)->203725K(435968K)
[2026-05-06T01:04:22.694+0100][2.975s][info][gc,metaspace   ] GC(39) Metaspace: 18982K(19392K)->18982K(19392K) NonClass: 16751K(16960K)->16751K(16960K) Class: 2230K(2432K)->2230K(2432K)
[2026-05-06T01:04:22.694+0100][2.975s][info][gc             ] GC(39) Pause Full (System.gc()) 213M->198M(617M) 17.186ms
[2026-05-06T01:04:22.694+0100][2.975s][info][gc,cpu         ] GC(39) User=0.01s Sys=0.00s Real=0.02s
[2026-05-06T01:04:22.721+0100][3.001s][info][gc,start       ] GC(40) Pause Full (System.gc())
[2026-05-06T01:04:22.721+0100][3.001s][info][gc,phases,start] GC(40) Phase 1: Mark live objects
[2026-05-06T01:04:22.726+0100][3.007s][info][gc,phases      ] GC(40) Phase 1: Mark live objects 5.203ms
[2026-05-06T01:04:22.726+0100][3.007s][info][gc,phases,start] GC(40) Phase 2: Compute new object addresses
[2026-05-06T01:04:22.728+0100][3.008s][info][gc,phases      ] GC(40) Phase 2: Compute new object addresses 1.452ms
[2026-05-06T01:04:22.728+0100][3.008s][info][gc,phases,start] GC(40) Phase 3: Adjust pointers
[2026-05-06T01:04:22.732+0100][3.012s][info][gc,phases      ] GC(40) Phase 3: Adjust pointers 3.946ms
[2026-05-06T01:04:22.732+0100][3.012s][info][gc,phases,start] GC(40) Phase 4: Move objects
[2026-05-06T01:04:22.732+0100][3.012s][info][gc,phases      ] GC(40) Phase 4: Move objects 0.004ms
[2026-05-06T01:04:22.732+0100][3.012s][info][gc,heap        ] GC(40) DefNew: 35337K(196288K)->0K(196288K) Eden: 35337K(174528K)->0K(174528K) From: 0K(21760K)->0K(21760K)
[2026-05-06T01:04:22.732+0100][3.012s][info][gc,heap        ] GC(40) Tenured: 203725K(435968K)->203725K(435968K)
[2026-05-06T01:04:22.732+0100][3.012s][info][gc,metaspace   ] GC(40) Metaspace: 18982K(19392K)->18982K(19392K) NonClass: 16751K(16960K)->16751K(16960K) Class: 2230K(2432K)->2230K(2432K)
[2026-05-06T01:04:22.732+0100][3.012s][info][gc             ] GC(40) Pause Full (System.gc()) 233M->198M(617M) 10.726ms
[2026-05-06T01:04:22.732+0100][3.012s][info][gc,cpu         ] GC(40) User=0.01s Sys=0.00s Real=0.01s
[2026-05-06T01:04:22.832+0100][3.112s][info][gc,start       ] GC(41) Pause Full (System.gc())
[2026-05-06T01:04:22.832+0100][3.112s][info][gc,phases,start] GC(41) Phase 1: Mark live objects
[2026-05-06T01:04:22.837+0100][3.117s][info][gc,phases      ] GC(41) Phase 1: Mark live objects 5.137ms
[2026-05-06T01:04:22.837+0100][3.117s][info][gc,phases,start] GC(41) Phase 2: Compute new object addresses
[2026-05-06T01:04:22.838+0100][3.118s][info][gc,phases      ] GC(41) Phase 2: Compute new object addresses 1.435ms
[2026-05-06T01:04:22.838+0100][3.118s][info][gc,phases,start] GC(41) Phase 3: Adjust pointers
[2026-05-06T01:04:22.842+0100][3.122s][info][gc,phases      ] GC(41) Phase 3: Adjust pointers 3.910ms
[2026-05-06T01:04:22.842+0100][3.122s][info][gc,phases,start] GC(41) Phase 4: Move objects
[2026-05-06T01:04:22.842+0100][3.122s][info][gc,phases      ] GC(41) Phase 4: Move objects 0.004ms
[2026-05-06T01:04:22.842+0100][3.122s][info][gc,heap        ] GC(41) DefNew: 106054K(196288K)->0K(196288K) Eden: 106054K(174528K)->0K(174528K) From: 0K(21760K)->0K(21760K)
[2026-05-06T01:04:22.842+0100][3.122s][info][gc,heap        ] GC(41) Tenured: 203725K(435968K)->203725K(435968K)
[2026-05-06T01:04:22.842+0100][3.122s][info][gc,metaspace   ] GC(41) Metaspace: 18982K(19392K)->18982K(19392K) NonClass: 16752K(16960K)->16752K(16960K) Class: 2230K(2432K)->2230K(2432K)
[2026-05-06T01:04:22.842+0100][3.122s][info][gc             ] GC(41) Pause Full (System.gc()) 302M->198M(617M) 10.603ms
[2026-05-06T01:04:22.842+0100][3.122s][info][gc,cpu         ] GC(41) User=0.01s Sys=0.00s Real=0.01s
[2026-05-06T01:04:22.943+0100][3.223s][info][gc,start       ] GC(42) Pause Full (System.gc())
[2026-05-06T01:04:22.943+0100][3.223s][info][gc,phases,start] GC(42) Phase 1: Mark live objects
[2026-05-06T01:04:22.948+0100][3.228s][info][gc,phases      ] GC(42) Phase 1: Mark live objects 5.160ms
[2026-05-06T01:04:22.948+0100][3.228s][info][gc,phases,start] GC(42) Phase 2: Compute new object addresses
[2026-05-06T01:04:22.949+0100][3.230s][info][gc,phases      ] GC(42) Phase 2: Compute new object addresses 1.407ms
[2026-05-06T01:04:22.949+0100][3.230s][info][gc,phases,start] GC(42) Phase 3: Adjust pointers
[2026-05-06T01:04:22.953+0100][3.233s][info][gc,phases      ] GC(42) Phase 3: Adjust pointers 3.947ms
[2026-05-06T01:04:22.953+0100][3.234s][info][gc,phases,start] GC(42) Phase 4: Move objects
[2026-05-06T01:04:22.953+0100][3.234s][info][gc,phases      ] GC(42) Phase 4: Move objects 0.005ms
[2026-05-06T01:04:22.953+0100][3.234s][info][gc,heap        ] GC(42) DefNew: 108752K(196288K)->0K(196288K) Eden: 108752K(174528K)->0K(174528K) From: 0K(21760K)->0K(21760K)
[2026-05-06T01:04:22.953+0100][3.234s][info][gc,heap        ] GC(42) Tenured: 203725K(435968K)->203727K(435968K)
[2026-05-06T01:04:22.953+0100][3.234s][info][gc,metaspace   ] GC(42) Metaspace: 18982K(19392K)->18982K(19392K) NonClass: 16752K(16960K)->16752K(16960K) Class: 2230K(2432K)->2230K(2432K)
[2026-05-06T01:04:22.953+0100][3.234s][info][gc             ] GC(42) Pause Full (System.gc()) 305M->198M(617M) 10.640ms
[2026-05-06T01:04:22.953+0100][3.234s][info][gc,cpu         ] GC(42) User=0.01s Sys=0.00s Real=0.01s
[2026-05-06T01:04:23.054+0100][3.334s][info][gc,start       ] GC(43) Pause Full (System.gc())
[2026-05-06T01:04:23.054+0100][3.334s][info][gc,phases,start] GC(43) Phase 1: Mark live objects
[2026-05-06T01:04:23.060+0100][3.340s][info][gc,phases      ] GC(43) Phase 1: Mark live objects 5.170ms
[2026-05-06T01:04:23.060+0100][3.340s][info][gc,phases,start] GC(43) Phase 2: Compute new object addresses
[2026-05-06T01:04:23.061+0100][3.341s][info][gc,phases      ] GC(43) Phase 2: Compute new object addresses 1.459ms
[2026-05-06T01:04:23.061+0100][3.341s][info][gc,phases,start] GC(43) Phase 3: Adjust pointers
[2026-05-06T01:04:23.065+0100][3.345s][info][gc,phases      ] GC(43) Phase 3: Adjust pointers 3.856ms
[2026-05-06T01:04:23.065+0100][3.345s][info][gc,phases,start] GC(43) Phase 4: Move objects
[2026-05-06T01:04:23.065+0100][3.345s][info][gc,phases      ] GC(43) Phase 4: Move objects 0.019ms
[2026-05-06T01:04:23.065+0100][3.345s][info][gc,heap        ] GC(43) DefNew: 116679K(196288K)->0K(196288K) Eden: 116679K(174528K)->0K(174528K) From: 0K(21760K)->0K(21760K)
[2026-05-06T01:04:23.065+0100][3.345s][info][gc,heap        ] GC(43) Tenured: 203727K(435968K)->203727K(435968K)
[2026-05-06T01:04:23.065+0100][3.345s][info][gc,metaspace   ] GC(43) Metaspace: 18983K(19392K)->18983K(19392K) NonClass: 16753K(16960K)->16753K(16960K) Class: 2230K(2432K)->2230K(2432K)
[2026-05-06T01:04:23.065+0100][3.345s][info][gc             ] GC(43) Pause Full (System.gc()) 312M->198M(617M) 10.632ms
[2026-05-06T01:04:23.065+0100][3.345s][info][gc,cpu         ] GC(43) User=0.01s Sys=0.00s Real=0.01s
[2026-05-06T01:04:23.155+0100][3.435s][info][gc,start       ] GC(44) Pause Full (System.gc())
[2026-05-06T01:04:23.155+0100][3.435s][info][gc,phases,start] GC(44) Phase 1: Mark live objects
[2026-05-06T01:04:23.160+0100][3.440s][info][gc,phases      ] GC(44) Phase 1: Mark live objects 5.246ms
[2026-05-06T01:04:23.160+0100][3.440s][info][gc,phases,start] GC(44) Phase 2: Compute new object addresses
[2026-05-06T01:04:23.161+0100][3.441s][info][gc,phases      ] GC(44) Phase 2: Compute new object addresses 1.442ms
[2026-05-06T01:04:23.161+0100][3.441s][info][gc,phases,start] GC(44) Phase 3: Adjust pointers
[2026-05-06T01:04:23.165+0100][3.445s][info][gc,phases      ] GC(44) Phase 3: Adjust pointers 3.905ms
[2026-05-06T01:04:23.165+0100][3.445s][info][gc,phases,start] GC(44) Phase 4: Move objects
[2026-05-06T01:04:23.165+0100][3.445s][info][gc,phases      ] GC(44) Phase 4: Move objects 0.005ms
[2026-05-06T01:04:23.165+0100][3.445s][info][gc,heap        ] GC(44) DefNew: 116628K(196288K)->0K(196288K) Eden: 116628K(174528K)->0K(174528K) From: 0K(21760K)->0K(21760K)
[2026-05-06T01:04:23.165+0100][3.445s][info][gc,heap        ] GC(44) Tenured: 203727K(435968K)->203728K(435968K)
[2026-05-06T01:04:23.165+0100][3.445s][info][gc,metaspace   ] GC(44) Metaspace: 18985K(19392K)->18985K(19392K) NonClass: 16755K(16960K)->16755K(16960K) Class: 2230K(2432K)->2230K(2432K)
[2026-05-06T01:04:23.165+0100][3.445s][info][gc             ] GC(44) Pause Full (System.gc()) 312M->198M(617M) 10.712ms
[2026-05-06T01:04:23.165+0100][3.445s][info][gc,cpu         ] GC(44) User=0.01s Sys=0.00s Real=0.01s
[2026-05-06T01:04:23.218+0100][3.498s][info][gc,start       ] GC(45) Pause Full (System.gc())
[2026-05-06T01:04:23.218+0100][3.498s][info][gc,phases,start] GC(45) Phase 1: Mark live objects
[2026-05-06T01:04:23.224+0100][3.504s][info][gc,phases      ] GC(45) Phase 1: Mark live objects 5.384ms
[2026-05-06T01:04:23.224+0100][3.504s][info][gc,phases,start] GC(45) Phase 2: Compute new object addresses
[2026-05-06T01:04:23.225+0100][3.505s][info][gc,phases      ] GC(45) Phase 2: Compute new object addresses 1.418ms
[2026-05-06T01:04:23.225+0100][3.505s][info][gc,phases,start] GC(45) Phase 3: Adjust pointers
[2026-05-06T01:04:23.229+0100][3.509s][info][gc,phases      ] GC(45) Phase 3: Adjust pointers 3.884ms
[2026-05-06T01:04:23.229+0100][3.509s][info][gc,phases,start] GC(45) Phase 4: Move objects
[2026-05-06T01:04:23.229+0100][3.509s][info][gc,phases      ] GC(45) Phase 4: Move objects 0.005ms
[2026-05-06T01:04:23.229+0100][3.509s][info][gc,heap        ] GC(45) DefNew: 115076K(196288K)->0K(196288K) Eden: 115076K(174528K)->0K(174528K) From: 0K(21760K)->0K(21760K)
[2026-05-06T01:04:23.229+0100][3.509s][info][gc,heap        ] GC(45) Tenured: 203728K(435968K)->203730K(435968K)
[2026-05-06T01:04:23.229+0100][3.509s][info][gc,metaspace   ] GC(45) Metaspace: 18985K(19392K)->18985K(19392K) NonClass: 16755K(16960K)->16755K(16960K) Class: 2230K(2432K)->2230K(2432K)
[2026-05-06T01:04:23.229+0100][3.509s][info][gc             ] GC(45) Pause Full (System.gc()) 311M->198M(617M) 10.823ms
[2026-05-06T01:04:23.229+0100][3.509s][info][gc,cpu         ] GC(45) User=0.01s Sys=0.00s Real=0.01s
[2026-05-06T01:04:23.283+0100][3.563s][info][gc,start       ] GC(46) Pause Full (System.gc())
[2026-05-06T01:04:23.283+0100][3.563s][info][gc,phases,start] GC(46) Phase 1: Mark live objects
[2026-05-06T01:04:23.288+0100][3.568s][info][gc,phases      ] GC(46) Phase 1: Mark live objects 5.287ms
[2026-05-06T01:04:23.288+0100][3.569s][info][gc,phases,start] GC(46) Phase 2: Compute new object addresses
[2026-05-06T01:04:23.290+0100][3.570s][info][gc,phases      ] GC(46) Phase 2: Compute new object addresses 1.485ms
[2026-05-06T01:04:23.290+0100][3.570s][info][gc,phases,start] GC(46) Phase 3: Adjust pointers
[2026-05-06T01:04:23.294+0100][3.574s][info][gc,phases      ] GC(46) Phase 3: Adjust pointers 4.011ms
[2026-05-06T01:04:23.294+0100][3.574s][info][gc,phases,start] GC(46) Phase 4: Move objects
[2026-05-06T01:04:23.294+0100][3.574s][info][gc,phases      ] GC(46) Phase 4: Move objects 0.006ms
[2026-05-06T01:04:23.294+0100][3.574s][info][gc,heap        ] GC(46) DefNew: 140807K(196288K)->0K(196288K) Eden: 140807K(174528K)->0K(174528K) From: 0K(21760K)->0K(21760K)
[2026-05-06T01:04:23.294+0100][3.574s][info][gc,heap        ] GC(46) Tenured: 203730K(435968K)->203733K(435968K)
[2026-05-06T01:04:23.294+0100][3.574s][info][gc,metaspace   ] GC(46) Metaspace: 18993K(19392K)->18993K(19392K) NonClass: 16763K(16960K)->16763K(16960K) Class: 2230K(2432K)->2230K(2432K)
[2026-05-06T01:04:23.294+0100][3.574s][info][gc             ] GC(46) Pause Full (System.gc()) 336M->198M(617M) 10.927ms
[2026-05-06T01:04:23.294+0100][3.574s][info][gc,cpu         ] GC(46) User=0.01s Sys=0.00s Real=0.01s
[2026-05-06T01:04:23.343+0100][3.623s][info][gc,start       ] GC(47) Pause Full (System.gc())
[2026-05-06T01:04:23.343+0100][3.623s][info][gc,phases,start] GC(47) Phase 1: Mark live objects
[2026-05-06T01:04:23.349+0100][3.629s][info][gc,phases      ] GC(47) Phase 1: Mark live objects 5.940ms
[2026-05-06T01:04:23.349+0100][3.629s][info][gc,phases,start] GC(47) Phase 2: Compute new object addresses
[2026-05-06T01:04:23.350+0100][3.630s][info][gc,phases      ] GC(47) Phase 2: Compute new object addresses 1.524ms
[2026-05-06T01:04:23.350+0100][3.630s][info][gc,phases,start] GC(47) Phase 3: Adjust pointers
[2026-05-06T01:04:23.354+0100][3.634s][info][gc,phases      ] GC(47) Phase 3: Adjust pointers 4.121ms
[2026-05-06T01:04:23.354+0100][3.634s][info][gc,phases,start] GC(47) Phase 4: Move objects
[2026-05-06T01:04:23.354+0100][3.634s][info][gc,phases      ] GC(47) Phase 4: Move objects 0.006ms
[2026-05-06T01:04:23.354+0100][3.634s][info][gc,heap        ] GC(47) DefNew: 132574K(196288K)->0K(196288K) Eden: 132574K(174528K)->0K(174528K) From: 0K(21760K)->0K(21760K)
[2026-05-06T01:04:23.354+0100][3.634s][info][gc,heap        ] GC(47) Tenured: 203733K(435968K)->203727K(435968K)
[2026-05-06T01:04:23.354+0100][3.634s][info][gc,metaspace   ] GC(47) Metaspace: 18995K(19392K)->18995K(19392K) NonClass: 16765K(16960K)->16765K(16960K) Class: 2230K(2432K)->2230K(2432K)
[2026-05-06T01:04:23.354+0100][3.634s][info][gc             ] GC(47) Pause Full (System.gc()) 328M->198M(617M) 11.765ms
[2026-05-06T01:04:23.354+0100][3.634s][info][gc,cpu         ] GC(47) User=0.01s Sys=0.00s Real=0.01s
[2026-05-06T01:04:23.384+0100][3.664s][info][gc,start       ] GC(48) Pause Full (System.gc())
[2026-05-06T01:04:23.384+0100][3.664s][info][gc,phases,start] GC(48) Phase 1: Mark live objects
[2026-05-06T01:04:23.390+0100][3.670s][info][gc,phases      ] GC(48) Phase 1: Mark live objects 5.613ms
[2026-05-06T01:04:23.390+0100][3.670s][info][gc,phases,start] GC(48) Phase 2: Compute new object addresses
[2026-05-06T01:04:23.391+0100][3.671s][info][gc,phases      ] GC(48) Phase 2: Compute new object addresses 1.462ms
[2026-05-06T01:04:23.391+0100][3.671s][info][gc,phases,start] GC(48) Phase 3: Adjust pointers
[2026-05-06T01:04:23.395+0100][3.675s][info][gc,phases      ] GC(48) Phase 3: Adjust pointers 3.950ms
[2026-05-06T01:04:23.395+0100][3.675s][info][gc,phases,start] GC(48) Phase 4: Move objects
[2026-05-06T01:04:23.395+0100][3.675s][info][gc,phases      ] GC(48) Phase 4: Move objects 0.006ms
[2026-05-06T01:04:23.395+0100][3.675s][info][gc,heap        ] GC(48) DefNew: 129060K(196288K)->0K(196288K) Eden: 129060K(174528K)->0K(174528K) From: 0K(21760K)->0K(21760K)
[2026-05-06T01:04:23.395+0100][3.675s][info][gc,heap        ] GC(48) Tenured: 203727K(435968K)->203730K(435968K)
[2026-05-06T01:04:23.395+0100][3.675s][info][gc,metaspace   ] GC(48) Metaspace: 18996K(19392K)->18996K(19392K) NonClass: 16765K(16960K)->16765K(16960K) Class: 2230K(2432K)->2230K(2432K)
[2026-05-06T01:04:23.395+0100][3.675s][info][gc             ] GC(48) Pause Full (System.gc()) 324M->198M(617M) 11.160ms
[2026-05-06T01:04:23.395+0100][3.675s][info][gc,cpu         ] GC(48) User=0.01s Sys=0.00s Real=0.01s
[2026-05-06T01:04:23.425+0100][3.705s][info][gc,start       ] GC(49) Pause Full (System.gc())
[2026-05-06T01:04:23.425+0100][3.705s][info][gc,phases,start] GC(49) Phase 1: Mark live objects
[2026-05-06T01:04:23.431+0100][3.711s][info][gc,phases      ] GC(49) Phase 1: Mark live objects 5.488ms
[2026-05-06T01:04:23.431+0100][3.711s][info][gc,phases,start] GC(49) Phase 2: Compute new object addresses
[2026-05-06T01:04:23.432+0100][3.712s][info][gc,phases      ] GC(49) Phase 2: Compute new object addresses 1.474ms
[2026-05-06T01:04:23.432+0100][3.712s][info][gc,phases,start] GC(49) Phase 3: Adjust pointers
[2026-05-06T01:04:23.436+0100][3.716s][info][gc,phases      ] GC(49) Phase 3: Adjust pointers 3.942ms
[2026-05-06T01:04:23.436+0100][3.716s][info][gc,phases,start] GC(49) Phase 4: Move objects
[2026-05-06T01:04:23.436+0100][3.716s][info][gc,phases      ] GC(49) Phase 4: Move objects 0.007ms
[2026-05-06T01:04:23.436+0100][3.716s][info][gc,heap        ] GC(49) DefNew: 170421K(196288K)->0K(196288K) Eden: 170421K(174528K)->0K(174528K) From: 0K(21760K)->0K(21760K)
[2026-05-06T01:04:23.436+0100][3.716s][info][gc,heap        ] GC(49) Tenured: 203730K(435968K)->203733K(435968K)
[2026-05-06T01:04:23.436+0100][3.716s][info][gc,metaspace   ] GC(49) Metaspace: 18997K(19392K)->18997K(19392K) NonClass: 16767K(16960K)->16767K(16960K) Class: 2230K(2432K)->2230K(2432K)
[2026-05-06T01:04:23.436+0100][3.716s][info][gc             ] GC(49) Pause Full (System.gc()) 365M->198M(617M) 11.040ms
[2026-05-06T01:04:23.436+0100][3.716s][info][gc,cpu         ] GC(49) User=0.02s Sys=0.00s Real=0.01s
[2026-05-06T01:04:23.465+0100][3.745s][info][gc,start       ] GC(50) Pause Full (System.gc())
[2026-05-06T01:04:23.465+0100][3.745s][info][gc,phases,start] GC(50) Phase 1: Mark live objects
[2026-05-06T01:04:23.471+0100][3.751s][info][gc,phases      ] GC(50) Phase 1: Mark live objects 5.553ms
[2026-05-06T01:04:23.471+0100][3.751s][info][gc,phases,start] GC(50) Phase 2: Compute new object addresses
[2026-05-06T01:04:23.472+0100][3.752s][info][gc,phases      ] GC(50) Phase 2: Compute new object addresses 1.595ms
[2026-05-06T01:04:23.472+0100][3.752s][info][gc,phases,start] GC(50) Phase 3: Adjust pointers
[2026-05-06T01:04:23.476+0100][3.756s][info][gc,phases      ] GC(50) Phase 3: Adjust pointers 3.989ms
[2026-05-06T01:04:23.476+0100][3.756s][info][gc,phases,start] GC(50) Phase 4: Move objects
[2026-05-06T01:04:23.476+0100][3.756s][info][gc,phases      ] GC(50) Phase 4: Move objects 0.005ms
[2026-05-06T01:04:23.476+0100][3.756s][info][gc,heap        ] GC(50) DefNew: 143999K(196288K)->0K(196288K) Eden: 143999K(174528K)->0K(174528K) From: 0K(21760K)->0K(21760K)
[2026-05-06T01:04:23.476+0100][3.756s][info][gc,heap        ] GC(50) Tenured: 203733K(435968K)->203733K(435968K)
[2026-05-06T01:04:23.476+0100][3.756s][info][gc,metaspace   ] GC(50) Metaspace: 18999K(19392K)->18999K(19392K) NonClass: 16769K(16960K)->16769K(16960K) Class: 2230K(2432K)->2230K(2432K)
[2026-05-06T01:04:23.476+0100][3.756s][info][gc             ] GC(50) Pause Full (System.gc()) 339M->198M(617M) 11.278ms
[2026-05-06T01:04:23.476+0100][3.756s][info][gc,cpu         ] GC(50) User=0.01s Sys=0.00s Real=0.01s
[2026-05-06T01:04:23.502+0100][3.782s][info][gc,start       ] GC(51) Pause Full (System.gc())
[2026-05-06T01:04:23.502+0100][3.783s][info][gc,phases,start] GC(51) Phase 1: Mark live objects
[2026-05-06T01:04:23.508+0100][3.788s][info][gc,phases      ] GC(51) Phase 1: Mark live objects 5.537ms
[2026-05-06T01:04:23.508+0100][3.788s][info][gc,phases,start] GC(51) Phase 2: Compute new object addresses
[2026-05-06T01:04:23.510+0100][3.790s][info][gc,phases      ] GC(51) Phase 2: Compute new object addresses 1.483ms
[2026-05-06T01:04:23.510+0100][3.790s][info][gc,phases,start] GC(51) Phase 3: Adjust pointers
[2026-05-06T01:04:23.513+0100][3.794s][info][gc,phases      ] GC(51) Phase 3: Adjust pointers 3.965ms
[2026-05-06T01:04:23.513+0100][3.794s][info][gc,phases,start] GC(51) Phase 4: Move objects
[2026-05-06T01:04:23.514+0100][3.794s][info][gc,phases      ] GC(51) Phase 4: Move objects 0.016ms
[2026-05-06T01:04:23.514+0100][3.794s][info][gc,heap        ] GC(51) DefNew: 135826K(196288K)->0K(196288K) Eden: 135826K(174528K)->0K(174528K) From: 0K(21760K)->0K(21760K)
[2026-05-06T01:04:23.514+0100][3.794s][info][gc,heap        ] GC(51) Tenured: 203733K(435968K)->203732K(435968K)
[2026-05-06T01:04:23.514+0100][3.794s][info][gc,metaspace   ] GC(51) Metaspace: 19011K(19392K)->19011K(19392K) NonClass: 16781K(16960K)->16781K(16960K) Class: 2230K(2432K)->2230K(2432K)
[2026-05-06T01:04:23.514+0100][3.794s][info][gc             ] GC(51) Pause Full (System.gc()) 331M->198M(617M) 11.127ms
[2026-05-06T01:04:23.514+0100][3.794s][info][gc,cpu         ] GC(51) User=0.01s Sys=0.00s Real=0.01s
[2026-05-06T01:04:23.536+0100][3.817s][info][gc,start       ] GC(52) Pause Young (Allocation Failure)
[2026-05-06T01:04:23.537+0100][3.817s][info][gc,heap        ] GC(52) DefNew: 174528K(196288K)->10K(196288K) Eden: 174528K(174528K)->0K(174528K) From: 0K(21760K)->10K(21760K)
[2026-05-06T01:04:23.537+0100][3.817s][info][gc,heap        ] GC(52) Tenured: 203732K(435968K)->203732K(435968K)
[2026-05-06T01:04:23.537+0100][3.817s][info][gc,metaspace   ] GC(52) Metaspace: 19013K(19392K)->19013K(19392K) NonClass: 16782K(16960K)->16782K(16960K) Class: 2230K(2432K)->2230K(2432K)
[2026-05-06T01:04:23.537+0100][3.817s][info][gc             ] GC(52) Pause Young (Allocation Failure) 369M->198M(617M) 0.239ms
[2026-05-06T01:04:23.537+0100][3.817s][info][gc,cpu         ] GC(52) User=0.00s Sys=0.00s Real=0.00s
[2026-05-06T01:04:23.540+0100][3.821s][info][gc,start       ] GC(53) Pause Full (System.gc())
[2026-05-06T01:04:23.541+0100][3.821s][info][gc,phases,start] GC(53) Phase 1: Mark live objects
[2026-05-06T01:04:23.546+0100][3.826s][info][gc,phases      ] GC(53) Phase 1: Mark live objects 5.539ms
[2026-05-06T01:04:23.546+0100][3.826s][info][gc,phases,start] GC(53) Phase 2: Compute new object addresses
[2026-05-06T01:04:23.548+0100][3.828s][info][gc,phases      ] GC(53) Phase 2: Compute new object addresses 1.545ms
[2026-05-06T01:04:23.548+0100][3.828s][info][gc,phases,start] GC(53) Phase 3: Adjust pointers
[2026-05-06T01:04:23.552+0100][3.832s][info][gc,phases      ] GC(53) Phase 3: Adjust pointers 4.030ms
[2026-05-06T01:04:23.552+0100][3.832s][info][gc,phases,start] GC(53) Phase 4: Move objects
[2026-05-06T01:04:23.552+0100][3.832s][info][gc,phases      ] GC(53) Phase 4: Move objects 0.006ms
[2026-05-06T01:04:23.552+0100][3.832s][info][gc,heap        ] GC(53) DefNew: 29026K(196288K)->0K(196288K) Eden: 29015K(174528K)->0K(174528K) From: 10K(21760K)->0K(21760K)
[2026-05-06T01:04:23.552+0100][3.832s][info][gc,heap        ] GC(53) Tenured: 203732K(435968K)->203736K(435968K)
[2026-05-06T01:04:23.552+0100][3.832s][info][gc,metaspace   ] GC(53) Metaspace: 19013K(19392K)->19013K(19392K) NonClass: 16782K(16960K)->16782K(16960K) Class: 2230K(2432K)->2230K(2432K)
[2026-05-06T01:04:23.552+0100][3.832s][info][gc             ] GC(53) Pause Full (System.gc()) 227M->198M(617M) 11.250ms
[2026-05-06T01:04:23.552+0100][3.832s][info][gc,cpu         ] GC(53) User=0.01s Sys=0.00s Real=0.01s
[2026-05-06T01:04:23.578+0100][3.858s][info][gc,start       ] GC(54) Pause Full (System.gc())
[2026-05-06T01:04:23.578+0100][3.858s][info][gc,phases,start] GC(54) Phase 1: Mark live objects
[2026-05-06T01:04:23.584+0100][3.864s][info][gc,phases      ] GC(54) Phase 1: Mark live objects 5.417ms
[2026-05-06T01:04:23.584+0100][3.864s][info][gc,phases,start] GC(54) Phase 2: Compute new object addresses
[2026-05-06T01:04:23.585+0100][3.865s][info][gc,phases      ] GC(54) Phase 2: Compute new object addresses 1.581ms
[2026-05-06T01:04:23.585+0100][3.865s][info][gc,phases,start] GC(54) Phase 3: Adjust pointers
[2026-05-06T01:04:23.589+0100][3.869s][info][gc,phases      ] GC(54) Phase 3: Adjust pointers 3.956ms
[2026-05-06T01:04:23.589+0100][3.869s][info][gc,phases,start] GC(54) Phase 4: Move objects
[2026-05-06T01:04:23.589+0100][3.869s][info][gc,phases      ] GC(54) Phase 4: Move objects 0.004ms
[2026-05-06T01:04:23.589+0100][3.869s][info][gc,heap        ] GC(54) DefNew: 158442K(196288K)->0K(196288K) Eden: 158442K(174528K)->0K(174528K) From: 0K(21760K)->0K(21760K)
[2026-05-06T01:04:23.589+0100][3.869s][info][gc,heap        ] GC(54) Tenured: 203736K(435968K)->203736K(435968K)
[2026-05-06T01:04:23.589+0100][3.869s][info][gc,metaspace   ] GC(54) Metaspace: 19021K(19392K)->19021K(19392K) NonClass: 16791K(16960K)->16791K(16960K) Class: 2230K(2432K)->2230K(2432K)
[2026-05-06T01:04:23.589+0100][3.869s][info][gc             ] GC(54) Pause Full (System.gc()) 353M->198M(617M) 11.089ms
[2026-05-06T01:04:23.589+0100][3.869s][info][gc,cpu         ] GC(54) User=0.01s Sys=0.00s Real=0.01s
[2026-05-06T01:04:23.614+0100][3.895s][info][gc,start       ] GC(55) Pause Full (System.gc())
[2026-05-06T01:04:23.615+0100][3.895s][info][gc,phases,start] GC(55) Phase 1: Mark live objects
[2026-05-06T01:04:23.620+0100][3.900s][info][gc,phases      ] GC(55) Phase 1: Mark live objects 5.568ms
[2026-05-06T01:04:23.620+0100][3.900s][info][gc,phases,start] GC(55) Phase 2: Compute new object addresses
[2026-05-06T01:04:23.622+0100][3.902s][info][gc,phases      ] GC(55) Phase 2: Compute new object addresses 1.554ms
[2026-05-06T01:04:23.622+0100][3.902s][info][gc,phases,start] GC(55) Phase 3: Adjust pointers
[2026-05-06T01:04:23.626+0100][3.906s][info][gc,phases      ] GC(55) Phase 3: Adjust pointers 3.956ms
[2026-05-06T01:04:23.626+0100][3.906s][info][gc,phases,start] GC(55) Phase 4: Move objects
[2026-05-06T01:04:23.626+0100][3.906s][info][gc,phases      ] GC(55) Phase 4: Move objects 0.006ms
[2026-05-06T01:04:23.626+0100][3.906s][info][gc,heap        ] GC(55) DefNew: 136458K(196288K)->0K(196288K) Eden: 136458K(174528K)->0K(174528K) From: 0K(21760K)->0K(21760K)
[2026-05-06T01:04:23.626+0100][3.906s][info][gc,heap        ] GC(55) Tenured: 203736K(435968K)->203741K(435968K)
[2026-05-06T01:04:23.626+0100][3.906s][info][gc,metaspace   ] GC(55) Metaspace: 19021K(19392K)->19021K(19392K) NonClass: 16791K(16960K)->16791K(16960K) Class: 2230K(2432K)->2230K(2432K)
[2026-05-06T01:04:23.626+0100][3.906s][info][gc             ] GC(55) Pause Full (System.gc()) 332M->198M(617M) 11.207ms
[2026-05-06T01:04:23.626+0100][3.906s][info][gc,cpu         ] GC(55) User=0.02s Sys=0.00s Real=0.01s
[2026-05-06T01:04:23.646+0100][3.927s][info][gc,start       ] GC(56) Pause Young (Allocation Failure)
[2026-05-06T01:04:23.647+0100][3.927s][info][gc,heap        ] GC(56) DefNew: 170670K(196288K)->9K(196288K) Eden: 170670K(174528K)->0K(174528K) From: 0K(21760K)->9K(21760K)
[2026-05-06T01:04:23.647+0100][3.927s][info][gc,heap        ] GC(56) Tenured: 203741K(435968K)->203741K(435968K)
[2026-05-06T01:04:23.647+0100][3.927s][info][gc,metaspace   ] GC(56) Metaspace: 19021K(19392K)->19021K(19392K) NonClass: 16791K(16960K)->16791K(16960K) Class: 2230K(2432K)->2230K(2432K)
[2026-05-06T01:04:23.647+0100][3.927s][info][gc             ] GC(56) Pause Young (Allocation Failure) 365M->198M(617M) 0.215ms
[2026-05-06T01:04:23.647+0100][3.927s][info][gc,cpu         ] GC(56) User=0.00s Sys=0.00s Real=0.00s
[2026-05-06T01:04:23.652+0100][3.932s][info][gc,start       ] GC(57) Pause Full (System.gc())
[2026-05-06T01:04:23.652+0100][3.932s][info][gc,phases,start] GC(57) Phase 1: Mark live objects
[2026-05-06T01:04:23.657+0100][3.937s][info][gc,phases      ] GC(57) Phase 1: Mark live objects 5.471ms
[2026-05-06T01:04:23.657+0100][3.937s][info][gc,phases,start] GC(57) Phase 2: Compute new object addresses
[2026-05-06T01:04:23.659+0100][3.939s][info][gc,phases      ] GC(57) Phase 2: Compute new object addresses 1.600ms
[2026-05-06T01:04:23.659+0100][3.939s][info][gc,phases,start] GC(57) Phase 3: Adjust pointers
[2026-05-06T01:04:23.663+0100][3.943s][info][gc,phases      ] GC(57) Phase 3: Adjust pointers 4.035ms
[2026-05-06T01:04:23.663+0100][3.943s][info][gc,phases,start] GC(57) Phase 4: Move objects
[2026-05-06T01:04:23.663+0100][3.943s][info][gc,phases      ] GC(57) Phase 4: Move objects 0.007ms
[2026-05-06T01:04:23.663+0100][3.943s][info][gc,heap        ] GC(57) DefNew: 39951K(196288K)->0K(196352K) Eden: 39942K(174528K)->0K(174592K) From: 9K(21760K)->0K(21760K)
[2026-05-06T01:04:23.663+0100][3.943s][info][gc,heap        ] GC(57) Tenured: 203741K(435968K)->203735K(435968K)
[2026-05-06T01:04:23.663+0100][3.943s][info][gc,metaspace   ] GC(57) Metaspace: 19021K(19392K)->19021K(19392K) NonClass: 16791K(16960K)->16791K(16960K) Class: 2230K(2432K)->2230K(2432K)
[2026-05-06T01:04:23.663+0100][3.943s][info][gc             ] GC(57) Pause Full (System.gc()) 237M->198M(617M) 11.241ms
[2026-05-06T01:04:23.663+0100][3.943s][info][gc,cpu         ] GC(57) User=0.01s Sys=0.00s Real=0.01s
[2026-05-06T01:04:23.689+0100][3.969s][info][gc,start       ] GC(58) Pause Full (System.gc())
[2026-05-06T01:04:23.689+0100][3.969s][info][gc,phases,start] GC(58) Phase 1: Mark live objects
[2026-05-06T01:04:23.694+0100][3.975s][info][gc,phases      ] GC(58) Phase 1: Mark live objects 5.587ms
[2026-05-06T01:04:23.695+0100][3.975s][info][gc,phases,start] GC(58) Phase 2: Compute new object addresses
[2026-05-06T01:04:23.696+0100][3.976s][info][gc,phases      ] GC(58) Phase 2: Compute new object addresses 1.565ms
[2026-05-06T01:04:23.696+0100][3.976s][info][gc,phases,start] GC(58) Phase 3: Adjust pointers
[2026-05-06T01:04:23.700+0100][3.980s][info][gc,phases      ] GC(58) Phase 3: Adjust pointers 3.965ms
[2026-05-06T01:04:23.700+0100][3.980s][info][gc,phases,start] GC(58) Phase 4: Move objects
[2026-05-06T01:04:23.700+0100][3.980s][info][gc,phases      ] GC(58) Phase 4: Move objects 0.005ms
[2026-05-06T01:04:23.700+0100][3.980s][info][gc,heap        ] GC(58) DefNew: 155072K(196352K)->0K(196288K) Eden: 155072K(174592K)->0K(174528K) From: 0K(21760K)->0K(21760K)
[2026-05-06T01:04:23.700+0100][3.980s][info][gc,heap        ] GC(58) Tenured: 203735K(435968K)->203735K(435968K)
[2026-05-06T01:04:23.700+0100][3.980s][info][gc,metaspace   ] GC(58) Metaspace: 19023K(19392K)->19023K(19392K) NonClass: 16793K(16960K)->16793K(16960K) Class: 2230K(2432K)->2230K(2432K)
[2026-05-06T01:04:23.700+0100][3.980s][info][gc             ] GC(58) Pause Full (System.gc()) 350M->198M(617M) 11.254ms
[2026-05-06T01:04:23.700+0100][3.980s][info][gc,cpu         ] GC(58) User=0.01s Sys=0.00s Real=0.02s
[2026-05-06T01:04:23.726+0100][4.006s][info][gc,start       ] GC(59) Pause Full (System.gc())
[2026-05-06T01:04:23.726+0100][4.006s][info][gc,phases,start] GC(59) Phase 1: Mark live objects
[2026-05-06T01:04:23.732+0100][4.012s][info][gc,phases      ] GC(59) Phase 1: Mark live objects 5.664ms
[2026-05-06T01:04:23.732+0100][4.012s][info][gc,phases,start] GC(59) Phase 2: Compute new object addresses
[2026-05-06T01:04:23.733+0100][4.014s][info][gc,phases      ] GC(59) Phase 2: Compute new object addresses 1.559ms
[2026-05-06T01:04:23.733+0100][4.014s][info][gc,phases,start] GC(59) Phase 3: Adjust pointers
[2026-05-06T01:04:23.738+0100][4.018s][info][gc,phases      ] GC(59) Phase 3: Adjust pointers 4.058ms
[2026-05-06T01:04:23.738+0100][4.018s][info][gc,phases,start] GC(59) Phase 4: Move objects
[2026-05-06T01:04:23.738+0100][4.018s][info][gc,phases      ] GC(59) Phase 4: Move objects 0.007ms
[2026-05-06T01:04:23.738+0100][4.018s][info][gc,heap        ] GC(59) DefNew: 135520K(196288K)->0K(196352K) Eden: 135520K(174528K)->0K(174592K) From: 0K(21760K)->0K(21760K)
[2026-05-06T01:04:23.738+0100][4.018s][info][gc,heap        ] GC(59) Tenured: 203735K(435968K)->203744K(435968K)
[2026-05-06T01:04:23.738+0100][4.018s][info][gc,metaspace   ] GC(59) Metaspace: 19026K(19392K)->19026K(19392K) NonClass: 16795K(16960K)->16795K(16960K) Class: 2230K(2432K)->2230K(2432K)
[2026-05-06T01:04:23.738+0100][4.018s][info][gc             ] GC(59) Pause Full (System.gc()) 331M->198M(617M) 11.432ms
[2026-05-06T01:04:23.738+0100][4.018s][info][gc,cpu         ] GC(59) User=0.01s Sys=0.00s Real=0.01s
[2026-05-06T01:04:23.760+0100][4.040s][info][gc,start       ] GC(60) Pause Young (Allocation Failure)
[2026-05-06T01:04:23.761+0100][4.041s][info][gc,heap        ] GC(60) DefNew: 169983K(196352K)->11K(196352K) Eden: 169983K(174592K)->0K(174592K) From: 0K(21760K)->11K(21760K)
[2026-05-06T01:04:23.761+0100][4.041s][info][gc,heap        ] GC(60) Tenured: 203744K(435968K)->203744K(435968K)
[2026-05-06T01:04:23.761+0100][4.041s][info][gc,metaspace   ] GC(60) Metaspace: 19029K(19392K)->19029K(19392K) NonClass: 16799K(16960K)->16799K(16960K) Class: 2230K(2432K)->2230K(2432K)
[2026-05-06T01:04:23.761+0100][4.041s][info][gc             ] GC(60) Pause Young (Allocation Failure) 364M->198M(617M) 0.222ms
[2026-05-06T01:04:23.761+0100][4.041s][info][gc,cpu         ] GC(60) User=0.00s Sys=0.00s Real=0.00s
[2026-05-06T01:04:23.764+0100][4.044s][info][gc,start       ] GC(61) Pause Full (System.gc())
[2026-05-06T01:04:23.764+0100][4.044s][info][gc,phases,start] GC(61) Phase 1: Mark live objects
[2026-05-06T01:04:23.769+0100][4.049s][info][gc,phases      ] GC(61) Phase 1: Mark live objects 5.626ms
[2026-05-06T01:04:23.769+0100][4.049s][info][gc,phases,start] GC(61) Phase 2: Compute new object addresses
[2026-05-06T01:04:23.771+0100][4.051s][info][gc,phases      ] GC(61) Phase 2: Compute new object addresses 1.618ms
[2026-05-06T01:04:23.771+0100][4.051s][info][gc,phases,start] GC(61) Phase 3: Adjust pointers
[2026-05-06T01:04:23.775+0100][4.055s][info][gc,phases      ] GC(61) Phase 3: Adjust pointers 4.077ms
[2026-05-06T01:04:23.775+0100][4.055s][info][gc,phases,start] GC(61) Phase 4: Move objects
[2026-05-06T01:04:23.775+0100][4.055s][info][gc,phases      ] GC(61) Phase 4: Move objects 0.006ms
[2026-05-06T01:04:23.775+0100][4.055s][info][gc,heap        ] GC(61) DefNew: 26202K(196352K)->0K(196352K) Eden: 26190K(174592K)->0K(174592K) From: 11K(21760K)->0K(21760K)
[2026-05-06T01:04:23.775+0100][4.055s][info][gc,heap        ] GC(61) Tenured: 203744K(435968K)->203753K(435968K)
[2026-05-06T01:04:23.775+0100][4.055s][info][gc,metaspace   ] GC(61) Metaspace: 19029K(19392K)->19029K(19392K) NonClass: 16799K(16960K)->16799K(16960K) Class: 2230K(2432K)->2230K(2432K)
[2026-05-06T01:04:23.775+0100][4.055s][info][gc             ] GC(61) Pause Full (System.gc()) 224M->198M(617M) 11.452ms
[2026-05-06T01:04:23.775+0100][4.055s][info][gc,cpu         ] GC(61) User=0.01s Sys=0.00s Real=0.01s
[2026-05-06T01:04:23.800+0100][4.080s][info][gc,start       ] GC(62) Pause Full (System.gc())
[2026-05-06T01:04:23.800+0100][4.080s][info][gc,phases,start] GC(62) Phase 1: Mark live objects
[2026-05-06T01:04:23.806+0100][4.086s][info][gc,phases      ] GC(62) Phase 1: Mark live objects 5.814ms
[2026-05-06T01:04:23.806+0100][4.086s][info][gc,phases,start] GC(62) Phase 2: Compute new object addresses
[2026-05-06T01:04:23.808+0100][4.088s][info][gc,phases      ] GC(62) Phase 2: Compute new object addresses 1.818ms
[2026-05-06T01:04:23.808+0100][4.088s][info][gc,phases,start] GC(62) Phase 3: Adjust pointers
[2026-05-06T01:04:23.812+0100][4.092s][info][gc,phases      ] GC(62) Phase 3: Adjust pointers 4.136ms
[2026-05-06T01:04:23.812+0100][4.092s][info][gc,phases,start] GC(62) Phase 4: Move objects
[2026-05-06T01:04:23.812+0100][4.092s][info][gc,phases      ] GC(62) Phase 4: Move objects 0.006ms
[2026-05-06T01:04:23.812+0100][4.092s][info][gc,heap        ] GC(62) DefNew: 157250K(196352K)->0K(196288K) Eden: 157250K(174592K)->0K(174528K) From: 0K(21760K)->0K(21760K)
[2026-05-06T01:04:23.812+0100][4.092s][info][gc,heap        ] GC(62) Tenured: 203753K(435968K)->203728K(435968K)
[2026-05-06T01:04:23.812+0100][4.092s][info][gc,metaspace   ] GC(62) Metaspace: 19029K(19392K)->19029K(19392K) NonClass: 16799K(16960K)->16799K(16960K) Class: 2230K(2432K)->2230K(2432K)
[2026-05-06T01:04:23.812+0100][4.092s][info][gc             ] GC(62) Pause Full (System.gc()) 352M->198M(617M) 11.924ms
[2026-05-06T01:04:23.812+0100][4.092s][info][gc,cpu         ] GC(62) User=0.01s Sys=0.00s Real=0.01s
[2026-05-06T01:04:23.834+0100][4.114s][info][gc,start       ] GC(63) Pause Full (System.gc())
[2026-05-06T01:04:23.834+0100][4.115s][info][gc,phases,start] GC(63) Phase 1: Mark live objects
[2026-05-06T01:04:23.840+0100][4.120s][info][gc,phases      ] GC(63) Phase 1: Mark live objects 5.698ms
[2026-05-06T01:04:23.840+0100][4.120s][info][gc,phases,start] GC(63) Phase 2: Compute new object addresses
[2026-05-06T01:04:23.842+0100][4.122s][info][gc,phases      ] GC(63) Phase 2: Compute new object addresses 2.231ms
[2026-05-06T01:04:23.842+0100][4.122s][info][gc,phases,start] GC(63) Phase 3: Adjust pointers
[2026-05-06T01:04:23.847+0100][4.127s][info][gc,phases      ] GC(63) Phase 3: Adjust pointers 4.118ms
[2026-05-06T01:04:23.847+0100][4.127s][info][gc,phases,start] GC(63) Phase 4: Move objects
[2026-05-06T01:04:23.847+0100][4.127s][info][gc,phases      ] GC(63) Phase 4: Move objects 0.005ms
[2026-05-06T01:04:23.847+0100][4.127s][info][gc,heap        ] GC(63) DefNew: 114700K(196288K)->0K(196288K) Eden: 114700K(174528K)->0K(174528K) From: 0K(21760K)->0K(21760K)
[2026-05-06T01:04:23.847+0100][4.127s][info][gc,heap        ] GC(63) Tenured: 203728K(435968K)->203728K(435968K)
[2026-05-06T01:04:23.847+0100][4.127s][info][gc,metaspace   ] GC(63) Metaspace: 19029K(19392K)->19029K(19392K) NonClass: 16799K(16960K)->16799K(16960K) Class: 2230K(2432K)->2230K(2432K)
[2026-05-06T01:04:23.847+0100][4.127s][info][gc             ] GC(63) Pause Full (System.gc()) 310M->198M(617M) 12.191ms
[2026-05-06T01:04:23.847+0100][4.127s][info][gc,cpu         ] GC(63) User=0.02s Sys=0.00s Real=0.01s
[2026-05-06T01:04:23.868+0100][4.148s][info][gc,start       ] GC(64) Pause Full (System.gc())
[2026-05-06T01:04:23.868+0100][4.148s][info][gc,phases,start] GC(64) Phase 1: Mark live objects
[2026-05-06T01:04:23.874+0100][4.154s][info][gc,phases      ] GC(64) Phase 1: Mark live objects 5.593ms
[2026-05-06T01:04:23.874+0100][4.154s][info][gc,phases,start] GC(64) Phase 2: Compute new object addresses
[2026-05-06T01:04:23.875+0100][4.156s][info][gc,phases      ] GC(64) Phase 2: Compute new object addresses 1.762ms
[2026-05-06T01:04:23.875+0100][4.156s][info][gc,phases,start] GC(64) Phase 3: Adjust pointers
[2026-05-06T01:04:23.879+0100][4.159s][info][gc,phases      ] GC(64) Phase 3: Adjust pointers 3.947ms
[2026-05-06T01:04:23.879+0100][4.159s][info][gc,phases,start] GC(64) Phase 4: Move objects
[2026-05-06T01:04:23.879+0100][4.159s][info][gc,phases      ] GC(64) Phase 4: Move objects 0.005ms
[2026-05-06T01:04:23.879+0100][4.160s][info][gc,heap        ] GC(64) DefNew: 110217K(196288K)->0K(196288K) Eden: 110217K(174528K)->0K(174528K) From: 0K(21760K)->0K(21760K)
[2026-05-06T01:04:23.879+0100][4.160s][info][gc,heap        ] GC(64) Tenured: 203728K(435968K)->203728K(435968K)
[2026-05-06T01:04:23.879+0100][4.160s][info][gc,metaspace   ] GC(64) Metaspace: 19042K(19456K)->19042K(19456K) NonClass: 16812K(17024K)->16812K(17024K) Class: 2230K(2432K)->2230K(2432K)
[2026-05-06T01:04:23.879+0100][4.160s][info][gc             ] GC(64) Pause Full (System.gc()) 306M->198M(617M) 11.445ms
[2026-05-06T01:04:23.879+0100][4.160s][info][gc,cpu         ] GC(64) User=0.01s Sys=0.00s Real=0.01s
[2026-05-06T01:04:23.983+0100][4.263s][info][gc,start       ] GC(65) Pause Young (Allocation Failure)
[2026-05-06T01:04:23.983+0100][4.263s][info][gc,heap        ] GC(65) DefNew: 158441K(196288K)->1K(196288K) Eden: 158441K(174528K)->0K(174528K) From: 0K(21760K)->1K(21760K)
[2026-05-06T01:04:23.983+0100][4.263s][info][gc,heap        ] GC(65) Tenured: 203728K(435968K)->203728K(435968K)
[2026-05-06T01:04:23.983+0100][4.263s][info][gc,metaspace   ] GC(65) Metaspace: 19042K(19456K)->19042K(19456K) NonClass: 16812K(17024K)->16812K(17024K) Class: 2230K(2432K)->2230K(2432K)
[2026-05-06T01:04:23.983+0100][4.263s][info][gc             ] GC(65) Pause Young (Allocation Failure) 353M->198M(617M) 0.223ms
[2026-05-06T01:04:23.983+0100][4.263s][info][gc,cpu         ] GC(65) User=0.00s Sys=0.00s Real=0.00s
[2026-05-06T01:04:24.003+0100][4.283s][info][gc,start       ] GC(66) Pause Full (System.gc())
[2026-05-06T01:04:24.003+0100][4.283s][info][gc,phases,start] GC(66) Phase 1: Mark live objects
[2026-05-06T01:04:24.008+0100][4.289s][info][gc,phases      ] GC(66) Phase 1: Mark live objects 5.227ms
[2026-05-06T01:04:24.008+0100][4.289s][info][gc,phases,start] GC(66) Phase 2: Compute new object addresses
[2026-05-06T01:04:24.010+0100][4.290s][info][gc,phases      ] GC(66) Phase 2: Compute new object addresses 1.396ms
[2026-05-06T01:04:24.010+0100][4.290s][info][gc,phases,start] GC(66) Phase 3: Adjust pointers
[2026-05-06T01:04:24.014+0100][4.294s][info][gc,phases      ] GC(66) Phase 3: Adjust pointers 3.888ms
[2026-05-06T01:04:24.014+0100][4.294s][info][gc,phases,start] GC(66) Phase 4: Move objects
[2026-05-06T01:04:24.014+0100][4.294s][info][gc,phases      ] GC(66) Phase 4: Move objects 0.004ms
[2026-05-06T01:04:24.014+0100][4.294s][info][gc,heap        ] GC(66) DefNew: 39912K(196288K)->0K(196288K) Eden: 39910K(174528K)->0K(174528K) From: 1K(21760K)->0K(21760K)
[2026-05-06T01:04:24.014+0100][4.294s][info][gc,heap        ] GC(66) Tenured: 203728K(435968K)->203729K(435968K)
[2026-05-06T01:04:24.014+0100][4.294s][info][gc,metaspace   ] GC(66) Metaspace: 19042K(19456K)->19042K(19456K) NonClass: 16812K(17024K)->16812K(17024K) Class: 2230K(2432K)->2230K(2432K)
[2026-05-06T01:04:24.014+0100][4.294s][info][gc             ] GC(66) Pause Full (System.gc()) 237M->198M(617M) 10.623ms
[2026-05-06T01:04:24.014+0100][4.294s][info][gc,cpu         ] GC(66) User=0.01s Sys=0.00s Real=0.01s
[2026-05-06T01:04:24.169+0100][4.449s][info][gc,start       ] GC(67) Pause Young (Allocation Failure)
[2026-05-06T01:04:24.169+0100][4.449s][info][gc,heap        ] GC(67) DefNew: 150503K(196288K)->1K(196288K) Eden: 150503K(174528K)->0K(174528K) From: 0K(21760K)->1K(21760K)
[2026-05-06T01:04:24.169+0100][4.449s][info][gc,heap        ] GC(67) Tenured: 203729K(435968K)->203729K(435968K)
[2026-05-06T01:04:24.169+0100][4.449s][info][gc,metaspace   ] GC(67) Metaspace: 19042K(19456K)->19042K(19456K) NonClass: 16812K(17024K)->16812K(17024K) Class: 2230K(2432K)->2230K(2432K)
[2026-05-06T01:04:24.169+0100][4.450s][info][gc             ] GC(67) Pause Young (Allocation Failure) 345M->198M(617M) 0.195ms
[2026-05-06T01:04:24.169+0100][4.450s][info][gc,cpu         ] GC(67) User=0.00s Sys=0.00s Real=0.00s
[2026-05-06T01:04:24.310+0100][4.590s][info][gc,start       ] GC(68) Pause Young (Allocation Failure)
[2026-05-06T01:04:24.310+0100][4.591s][info][gc,heap        ] GC(68) DefNew: 150634K(196288K)->1K(196288K) Eden: 150633K(174528K)->0K(174528K) From: 1K(21760K)->1K(21760K)
[2026-05-06T01:04:24.310+0100][4.591s][info][gc,heap        ] GC(68) Tenured: 203729K(435968K)->203729K(435968K)
[2026-05-06T01:04:24.311+0100][4.591s][info][gc,metaspace   ] GC(68) Metaspace: 19042K(19456K)->19042K(19456K) NonClass: 16812K(17024K)->16812K(17024K) Class: 2230K(2432K)->2230K(2432K)
[2026-05-06T01:04:24.311+0100][4.591s][info][gc             ] GC(68) Pause Young (Allocation Failure) 346M->198M(617M) 0.146ms
[2026-05-06T01:04:24.311+0100][4.591s][info][gc,cpu         ] GC(68) User=0.00s Sys=0.00s Real=0.00s
[2026-05-06T01:04:24.452+0100][4.732s][info][gc,start       ] GC(69) Pause Young (Allocation Failure)
[2026-05-06T01:04:24.452+0100][4.732s][info][gc,heap        ] GC(69) DefNew: 150718K(196288K)->2K(196288K) Eden: 150717K(174528K)->0K(174528K) From: 1K(21760K)->2K(21760K)
[2026-05-06T01:04:24.452+0100][4.732s][info][gc,heap        ] GC(69) Tenured: 203729K(435968K)->203729K(435968K)
[2026-05-06T01:04:24.452+0100][4.732s][info][gc,metaspace   ] GC(69) Metaspace: 19042K(19456K)->19042K(19456K) NonClass: 16812K(17024K)->16812K(17024K) Class: 2230K(2432K)->2230K(2432K)
[2026-05-06T01:04:24.452+0100][4.732s][info][gc             ] GC(69) Pause Young (Allocation Failure) 346M->198M(617M) 0.245ms
[2026-05-06T01:04:24.452+0100][4.732s][info][gc,cpu         ] GC(69) User=0.00s Sys=0.00s Real=0.00s
[2026-05-06T01:04:24.473+0100][4.753s][info][gc,start       ] GC(70) Pause Full (System.gc())
[2026-05-06T01:04:24.473+0100][4.753s][info][gc,phases,start] GC(70) Phase 1: Mark live objects
[2026-05-06T01:04:24.478+0100][4.758s][info][gc,phases      ] GC(70) Phase 1: Mark live objects 5.220ms
[2026-05-06T01:04:24.478+0100][4.758s][info][gc,phases,start] GC(70) Phase 2: Compute new object addresses
[2026-05-06T01:04:24.479+0100][4.759s][info][gc,phases      ] GC(70) Phase 2: Compute new object addresses 1.399ms
[2026-05-06T01:04:24.479+0100][4.759s][info][gc,phases,start] GC(70) Phase 3: Adjust pointers
[2026-05-06T01:04:24.483+0100][4.763s][info][gc,phases      ] GC(70) Phase 3: Adjust pointers 3.923ms
[2026-05-06T01:04:24.483+0100][4.763s][info][gc,phases,start] GC(70) Phase 4: Move objects
[2026-05-06T01:04:24.483+0100][4.763s][info][gc,phases      ] GC(70) Phase 4: Move objects 0.005ms
[2026-05-06T01:04:24.483+0100][4.763s][info][gc,heap        ] GC(70) DefNew: 40181K(196288K)->0K(196288K) Eden: 40179K(174528K)->0K(174528K) From: 2K(21760K)->0K(21760K)
[2026-05-06T01:04:24.483+0100][4.763s][info][gc,heap        ] GC(70) Tenured: 203729K(435968K)->203729K(435968K)
[2026-05-06T01:04:24.483+0100][4.763s][info][gc,metaspace   ] GC(70) Metaspace: 19042K(19456K)->19042K(19456K) NonClass: 16812K(17024K)->16812K(17024K) Class: 2230K(2432K)->2230K(2432K)
[2026-05-06T01:04:24.483+0100][4.763s][info][gc             ] GC(70) Pause Full (System.gc()) 238M->198M(617M) 10.629ms
[2026-05-06T01:04:24.483+0100][4.763s][info][gc,cpu         ] GC(70) User=0.01s Sys=0.00s Real=0.01s
[2026-05-06T01:04:24.639+0100][4.919s][info][gc,start       ] GC(71) Pause Young (Allocation Failure)
[2026-05-06T01:04:24.639+0100][4.919s][info][gc,heap        ] GC(71) DefNew: 150771K(196288K)->2K(196288K) Eden: 150771K(174528K)->0K(174528K) From: 0K(21760K)->2K(21760K)
[2026-05-06T01:04:24.639+0100][4.919s][info][gc,heap        ] GC(71) Tenured: 203729K(435968K)->203729K(435968K)
[2026-05-06T01:04:24.639+0100][4.919s][info][gc,metaspace   ] GC(71) Metaspace: 19042K(19456K)->19042K(19456K) NonClass: 16812K(17024K)->16812K(17024K) Class: 2230K(2432K)->2230K(2432K)
[2026-05-06T01:04:24.639+0100][4.919s][info][gc             ] GC(71) Pause Young (Allocation Failure) 346M->198M(617M) 0.165ms
[2026-05-06T01:04:24.639+0100][4.919s][info][gc,cpu         ] GC(71) User=0.00s Sys=0.00s Real=0.00s
[2026-05-06T01:04:24.779+0100][5.059s][info][gc,start       ] GC(72) Pause Young (Allocation Failure)
[2026-05-06T01:04:24.779+0100][5.059s][info][gc,heap        ] GC(72) DefNew: 150807K(196288K)->2K(196288K) Eden: 150805K(174528K)->0K(174528K) From: 2K(21760K)->2K(21760K)
[2026-05-06T01:04:24.779+0100][5.059s][info][gc,heap        ] GC(72) Tenured: 203729K(435968K)->203729K(435968K)
[2026-05-06T01:04:24.779+0100][5.059s][info][gc,metaspace   ] GC(72) Metaspace: 19042K(19456K)->19042K(19456K) NonClass: 16812K(17024K)->16812K(17024K) Class: 2230K(2432K)->2230K(2432K)
[2026-05-06T01:04:24.779+0100][5.059s][info][gc             ] GC(72) Pause Young (Allocation Failure) 346M->198M(617M) 0.159ms
[2026-05-06T01:04:24.779+0100][5.059s][info][gc,cpu         ] GC(72) User=0.00s Sys=0.00s Real=0.00s
[2026-05-06T01:04:24.921+0100][5.201s][info][gc,start       ] GC(73) Pause Young (Allocation Failure)
[2026-05-06T01:04:24.921+0100][5.201s][info][gc,heap        ] GC(73) DefNew: 156069K(196288K)->3K(196288K) Eden: 156067K(174528K)->0K(174528K) From: 2K(21760K)->3K(21760K)
[2026-05-06T01:04:24.921+0100][5.201s][info][gc,heap        ] GC(73) Tenured: 203729K(435968K)->203729K(435968K)
[2026-05-06T01:04:24.921+0100][5.201s][info][gc,metaspace   ] GC(73) Metaspace: 19042K(19456K)->19042K(19456K) NonClass: 16812K(17024K)->16812K(17024K) Class: 2230K(2432K)->2230K(2432K)
[2026-05-06T01:04:24.921+0100][5.201s][info][gc             ] GC(73) Pause Young (Allocation Failure) 351M->198M(617M) 0.259ms
[2026-05-06T01:04:24.921+0100][5.201s][info][gc,cpu         ] GC(73) User=0.00s Sys=0.00s Real=0.00s
[2026-05-06T01:04:24.941+0100][5.221s][info][gc,start       ] GC(74) Pause Full (System.gc())
[2026-05-06T01:04:24.941+0100][5.221s][info][gc,phases,start] GC(74) Phase 1: Mark live objects
[2026-05-06T01:04:24.947+0100][5.227s][info][gc,phases      ] GC(74) Phase 1: Mark live objects 5.258ms
[2026-05-06T01:04:24.947+0100][5.227s][info][gc,phases,start] GC(74) Phase 2: Compute new object addresses
[2026-05-06T01:04:24.948+0100][5.228s][info][gc,phases      ] GC(74) Phase 2: Compute new object addresses 1.396ms
[2026-05-06T01:04:24.948+0100][5.228s][info][gc,phases,start] GC(74) Phase 3: Adjust pointers
[2026-05-06T01:04:24.952+0100][5.232s][info][gc,phases      ] GC(74) Phase 3: Adjust pointers 4.021ms
[2026-05-06T01:04:24.952+0100][5.232s][info][gc,phases,start] GC(74) Phase 4: Move objects
[2026-05-06T01:04:24.952+0100][5.232s][info][gc,phases      ] GC(74) Phase 4: Move objects 0.005ms
[2026-05-06T01:04:24.952+0100][5.232s][info][gc,heap        ] GC(74) DefNew: 41086K(196288K)->0K(196288K) Eden: 41082K(174528K)->0K(174528K) From: 3K(21760K)->0K(21760K)
[2026-05-06T01:04:24.952+0100][5.232s][info][gc,heap        ] GC(74) Tenured: 203729K(435968K)->203731K(435968K)
[2026-05-06T01:04:24.952+0100][5.232s][info][gc,metaspace   ] GC(74) Metaspace: 19042K(19456K)->19042K(19456K) NonClass: 16812K(17024K)->16812K(17024K) Class: 2230K(2432K)->2230K(2432K)
[2026-05-06T01:04:24.952+0100][5.232s][info][gc             ] GC(74) Pause Full (System.gc()) 239M->198M(617M) 10.779ms
[2026-05-06T01:04:24.952+0100][5.232s][info][gc,cpu         ] GC(74) User=0.01s Sys=0.00s Real=0.01s
[2026-05-06T01:04:25.108+0100][5.388s][info][gc,start       ] GC(75) Pause Young (Allocation Failure)
[2026-05-06T01:04:25.108+0100][5.388s][info][gc,heap        ] GC(75) DefNew: 159533K(196288K)->3K(196288K) Eden: 159533K(174528K)->0K(174528K) From: 0K(21760K)->3K(21760K)
[2026-05-06T01:04:25.108+0100][5.388s][info][gc,heap        ] GC(75) Tenured: 203731K(435968K)->203731K(435968K)
[2026-05-06T01:04:25.108+0100][5.388s][info][gc,metaspace   ] GC(75) Metaspace: 19044K(19456K)->19044K(19456K) NonClass: 16814K(17024K)->16814K(17024K) Class: 2230K(2432K)->2230K(2432K)
[2026-05-06T01:04:25.108+0100][5.388s][info][gc             ] GC(75) Pause Young (Allocation Failure) 354M->198M(617M) 0.178ms
[2026-05-06T01:04:25.108+0100][5.388s][info][gc,cpu         ] GC(75) User=0.00s Sys=0.00s Real=0.00s
[2026-05-06T01:04:25.249+0100][5.529s][info][gc,start       ] GC(76) Pause Young (Allocation Failure)
[2026-05-06T01:04:25.249+0100][5.529s][info][gc,heap        ] GC(76) DefNew: 158622K(196288K)->3K(196288K) Eden: 158618K(174528K)->0K(174528K) From: 3K(21760K)->3K(21760K)
[2026-05-06T01:04:25.249+0100][5.529s][info][gc,heap        ] GC(76) Tenured: 203731K(435968K)->203731K(435968K)
[2026-05-06T01:04:25.249+0100][5.529s][info][gc,metaspace   ] GC(76) Metaspace: 19044K(19456K)->19044K(19456K) NonClass: 16814K(17024K)->16814K(17024K) Class: 2230K(2432K)->2230K(2432K)
[2026-05-06T01:04:25.249+0100][5.529s][info][gc             ] GC(76) Pause Young (Allocation Failure) 353M->198M(617M) 0.218ms
[2026-05-06T01:04:25.249+0100][5.529s][info][gc,cpu         ] GC(76) User=0.00s Sys=0.00s Real=0.00s
[2026-05-06T01:04:25.392+0100][5.672s][info][gc,start       ] GC(77) Pause Young (Allocation Failure)
[2026-05-06T01:04:25.392+0100][5.672s][info][gc,heap        ] GC(77) DefNew: 158601K(196288K)->3K(196288K) Eden: 158597K(174528K)->0K(174528K) From: 3K(21760K)->3K(21760K)
[2026-05-06T01:04:25.392+0100][5.672s][info][gc,heap        ] GC(77) Tenured: 203731K(435968K)->203731K(435968K)
[2026-05-06T01:04:25.392+0100][5.672s][info][gc,metaspace   ] GC(77) Metaspace: 19044K(19456K)->19044K(19456K) NonClass: 16814K(17024K)->16814K(17024K) Class: 2230K(2432K)->2230K(2432K)
[2026-05-06T01:04:25.392+0100][5.672s][info][gc             ] GC(77) Pause Young (Allocation Failure) 353M->198M(617M) 0.217ms
[2026-05-06T01:04:25.392+0100][5.673s][info][gc,cpu         ] GC(77) User=0.00s Sys=0.00s Real=0.00s
[2026-05-06T01:04:25.413+0100][5.693s][info][gc,start       ] GC(78) Pause Full (System.gc())
[2026-05-06T01:04:25.413+0100][5.693s][info][gc,phases,start] GC(78) Phase 1: Mark live objects
[2026-05-06T01:04:25.418+0100][5.698s][info][gc,phases      ] GC(78) Phase 1: Mark live objects 5.151ms
[2026-05-06T01:04:25.418+0100][5.698s][info][gc,phases,start] GC(78) Phase 2: Compute new object addresses
[2026-05-06T01:04:25.419+0100][5.699s][info][gc,phases      ] GC(78) Phase 2: Compute new object addresses 1.389ms
[2026-05-06T01:04:25.419+0100][5.699s][info][gc,phases,start] GC(78) Phase 3: Adjust pointers
[2026-05-06T01:04:25.423+0100][5.703s][info][gc,phases      ] GC(78) Phase 3: Adjust pointers 3.926ms
[2026-05-06T01:04:25.423+0100][5.703s][info][gc,phases,start] GC(78) Phase 4: Move objects
[2026-05-06T01:04:25.423+0100][5.703s][info][gc,phases      ] GC(78) Phase 4: Move objects 0.005ms
[2026-05-06T01:04:25.423+0100][5.703s][info][gc,heap        ] GC(78) DefNew: 41011K(196288K)->0K(196288K) Eden: 41007K(174528K)->0K(174528K) From: 3K(21760K)->0K(21760K)
[2026-05-06T01:04:25.423+0100][5.703s][info][gc,heap        ] GC(78) Tenured: 203731K(435968K)->203733K(435968K)
[2026-05-06T01:04:25.423+0100][5.703s][info][gc,metaspace   ] GC(78) Metaspace: 19044K(19456K)->19044K(19456K) NonClass: 16814K(17024K)->16814K(17024K) Class: 2230K(2432K)->2230K(2432K)
[2026-05-06T01:04:25.423+0100][5.703s][info][gc             ] GC(78) Pause Full (System.gc()) 239M->198M(617M) 10.557ms
[2026-05-06T01:04:25.423+0100][5.703s][info][gc,cpu         ] GC(78) User=0.01s Sys=0.00s Real=0.01s
[2026-05-06T01:04:25.580+0100][5.860s][info][gc,start       ] GC(79) Pause Young (Allocation Failure)
[2026-05-06T01:04:25.580+0100][5.860s][info][gc,heap        ] GC(79) DefNew: 159458K(196288K)->3K(196288K) Eden: 159458K(174528K)->0K(174528K) From: 0K(21760K)->3K(21760K)
[2026-05-06T01:04:25.580+0100][5.860s][info][gc,heap        ] GC(79) Tenured: 203733K(435968K)->203733K(435968K)
[2026-05-06T01:04:25.580+0100][5.860s][info][gc,metaspace   ] GC(79) Metaspace: 19044K(19456K)->19044K(19456K) NonClass: 16814K(17024K)->16814K(17024K) Class: 2230K(2432K)->2230K(2432K)
[2026-05-06T01:04:25.580+0100][5.860s][info][gc             ] GC(79) Pause Young (Allocation Failure) 354M->198M(617M) 0.180ms
[2026-05-06T01:04:25.580+0100][5.860s][info][gc,cpu         ] GC(79) User=0.00s Sys=0.00s Real=0.00s
[2026-05-06T01:04:25.728+0100][6.008s][info][gc,start       ] GC(80) Pause Young (Allocation Failure)
[2026-05-06T01:04:25.728+0100][6.008s][info][gc,heap        ] GC(80) DefNew: 158573K(196288K)->3K(196288K) Eden: 158569K(174528K)->0K(174528K) From: 3K(21760K)->3K(21760K)
[2026-05-06T01:04:25.728+0100][6.008s][info][gc,heap        ] GC(80) Tenured: 203733K(435968K)->203733K(435968K)
[2026-05-06T01:04:25.728+0100][6.008s][info][gc,metaspace   ] GC(80) Metaspace: 19044K(19456K)->19044K(19456K) NonClass: 16814K(17024K)->16814K(17024K) Class: 2230K(2432K)->2230K(2432K)
[2026-05-06T01:04:25.728+0100][6.008s][info][gc             ] GC(80) Pause Young (Allocation Failure) 353M->198M(617M) 0.236ms
[2026-05-06T01:04:25.728+0100][6.008s][info][gc,cpu         ] GC(80) User=0.00s Sys=0.00s Real=0.00s
[2026-05-06T01:04:25.841+0100][6.122s][info][gc,start       ] GC(81) Pause Young (Allocation Failure)
[2026-05-06T01:04:25.842+0100][6.122s][info][gc,heap        ] GC(81) DefNew: 153330K(196288K)->2K(196288K) Eden: 153327K(174528K)->0K(174528K) From: 3K(21760K)->2K(21760K)
[2026-05-06T01:04:25.842+0100][6.122s][info][gc,heap        ] GC(81) Tenured: 203733K(435968K)->203733K(435968K)
[2026-05-06T01:04:25.842+0100][6.122s][info][gc,metaspace   ] GC(81) Metaspace: 19046K(19456K)->19046K(19456K) NonClass: 16815K(17024K)->16815K(17024K) Class: 2230K(2432K)->2230K(2432K)
[2026-05-06T01:04:25.842+0100][6.122s][info][gc             ] GC(81) Pause Young (Allocation Failure) 348M->198M(617M) 0.249ms
[2026-05-06T01:04:25.842+0100][6.122s][info][gc,cpu         ] GC(81) User=0.00s Sys=0.00s Real=0.00s
[2026-05-06T01:04:25.853+0100][6.133s][info][gc,start       ] GC(82) Pause Full (System.gc())
[2026-05-06T01:04:25.854+0100][6.134s][info][gc,phases,start] GC(82) Phase 1: Mark live objects
[2026-05-06T01:04:25.860+0100][6.140s][info][gc,phases      ] GC(82) Phase 1: Mark live objects 6.083ms
[2026-05-06T01:04:25.860+0100][6.140s][info][gc,phases,start] GC(82) Phase 2: Compute new object addresses
[2026-05-06T01:04:25.861+0100][6.141s][info][gc,phases      ] GC(82) Phase 2: Compute new object addresses 1.616ms
[2026-05-06T01:04:25.861+0100][6.141s][info][gc,phases,start] GC(82) Phase 3: Adjust pointers
[2026-05-06T01:04:25.866+0100][6.146s][info][gc,phases      ] GC(82) Phase 3: Adjust pointers 4.448ms
[2026-05-06T01:04:25.866+0100][6.146s][info][gc,phases,start] GC(82) Phase 4: Move objects
[2026-05-06T01:04:25.866+0100][6.146s][info][gc,phases      ] GC(82) Phase 4: Move objects 0.005ms
[2026-05-06T01:04:25.866+0100][6.146s][info][gc,heap        ] GC(82) DefNew: 40155K(196288K)->0K(196288K) Eden: 40153K(174528K)->0K(174528K) From: 2K(21760K)->0K(21760K)
[2026-05-06T01:04:25.866+0100][6.146s][info][gc,heap        ] GC(82) Tenured: 203733K(435968K)->203733K(435968K)
[2026-05-06T01:04:25.866+0100][6.146s][info][gc,metaspace   ] GC(82) Metaspace: 19046K(19456K)->19046K(19456K) NonClass: 16815K(17024K)->16815K(17024K) Class: 2230K(2432K)->2230K(2432K)
[2026-05-06T01:04:25.866+0100][6.146s][info][gc             ] GC(82) Pause Full (System.gc()) 238M->198M(617M) 12.346ms
[2026-05-06T01:04:25.866+0100][6.146s][info][gc,cpu         ] GC(82) User=0.01s Sys=0.00s Real=0.01s
[2026-05-06T01:04:25.956+0100][6.236s][info][gc,start       ] GC(83) Pause Young (Allocation Failure)
[2026-05-06T01:04:25.956+0100][6.237s][info][gc,heap        ] GC(83) DefNew: 150745K(196288K)->2K(196288K) Eden: 150745K(174528K)->0K(174528K) From: 0K(21760K)->2K(21760K)
[2026-05-06T01:04:25.956+0100][6.237s][info][gc,heap        ] GC(83) Tenured: 203733K(435968K)->203733K(435968K)
[2026-05-06T01:04:25.957+0100][6.237s][info][gc,metaspace   ] GC(83) Metaspace: 19047K(19456K)->19047K(19456K) NonClass: 16816K(17024K)->16816K(17024K) Class: 2230K(2432K)->2230K(2432K)
[2026-05-06T01:04:25.957+0100][6.237s][info][gc             ] GC(83) Pause Young (Allocation Failure) 346M->198M(617M) 0.257ms
[2026-05-06T01:04:25.957+0100][6.237s][info][gc,cpu         ] GC(83) User=0.00s Sys=0.00s Real=0.00s
[2026-05-06T01:04:26.033+0100][6.313s][info][gc,start       ] GC(84) Pause Young (Allocation Failure)
[2026-05-06T01:04:26.033+0100][6.313s][info][gc,heap        ] GC(84) DefNew: 150791K(196288K)->2K(196288K) Eden: 150789K(174528K)->0K(174528K) From: 2K(21760K)->2K(21760K)
[2026-05-06T01:04:26.033+0100][6.313s][info][gc,heap        ] GC(84) Tenured: 203733K(435968K)->203733K(435968K)
[2026-05-06T01:04:26.033+0100][6.313s][info][gc,metaspace   ] GC(84) Metaspace: 19047K(19456K)->19047K(19456K) NonClass: 16816K(17024K)->16816K(17024K) Class: 2230K(2432K)->2230K(2432K)
[2026-05-06T01:04:26.033+0100][6.313s][info][gc             ] GC(84) Pause Young (Allocation Failure) 346M->198M(617M) 0.215ms
[2026-05-06T01:04:26.033+0100][6.314s][info][gc,cpu         ] GC(84) User=0.00s Sys=0.00s Real=0.00s
[2026-05-06T01:04:26.109+0100][6.389s][info][gc,start       ] GC(85) Pause Young (Allocation Failure)
[2026-05-06T01:04:26.109+0100][6.389s][info][gc,heap        ] GC(85) DefNew: 171769K(196288K)->4K(196288K) Eden: 171766K(174528K)->0K(174528K) From: 2K(21760K)->4K(21760K)
[2026-05-06T01:04:26.109+0100][6.389s][info][gc,heap        ] GC(85) Tenured: 203733K(435968K)->203733K(435968K)
[2026-05-06T01:04:26.109+0100][6.389s][info][gc,metaspace   ] GC(85) Metaspace: 19047K(19456K)->19047K(19456K) NonClass: 16816K(17024K)->16816K(17024K) Class: 2230K(2432K)->2230K(2432K)
[2026-05-06T01:04:26.109+0100][6.389s][info][gc             ] GC(85) Pause Young (Allocation Failure) 366M->198M(617M) 0.239ms
[2026-05-06T01:04:26.109+0100][6.389s][info][gc,cpu         ] GC(85) User=0.00s Sys=0.00s Real=0.00s
[2026-05-06T01:04:26.120+0100][6.400s][info][gc,start       ] GC(86) Pause Full (System.gc())
[2026-05-06T01:04:26.120+0100][6.400s][info][gc,phases,start] GC(86) Phase 1: Mark live objects
[2026-05-06T01:04:26.125+0100][6.405s][info][gc,phases      ] GC(86) Phase 1: Mark live objects 5.493ms
[2026-05-06T01:04:26.125+0100][6.405s][info][gc,phases,start] GC(86) Phase 2: Compute new object addresses
[2026-05-06T01:04:26.127+0100][6.407s][info][gc,phases      ] GC(86) Phase 2: Compute new object addresses 1.455ms
[2026-05-06T01:04:26.127+0100][6.407s][info][gc,phases,start] GC(86) Phase 3: Adjust pointers
[2026-05-06T01:04:26.131+0100][6.411s][info][gc,phases      ] GC(86) Phase 3: Adjust pointers 4.154ms
[2026-05-06T01:04:26.131+0100][6.411s][info][gc,phases,start] GC(86) Phase 4: Move objects
[2026-05-06T01:04:26.131+0100][6.411s][info][gc,phases      ] GC(86) Phase 4: Move objects 0.006ms
[2026-05-06T01:04:26.131+0100][6.411s][info][gc,heap        ] GC(86) DefNew: 43592K(196288K)->0K(196288K) Eden: 43588K(174528K)->0K(174528K) From: 4K(21760K)->0K(21760K)
[2026-05-06T01:04:26.131+0100][6.411s][info][gc,heap        ] GC(86) Tenured: 203733K(435968K)->203732K(435968K)
[2026-05-06T01:04:26.131+0100][6.411s][info][gc,metaspace   ] GC(86) Metaspace: 19047K(19456K)->19047K(19456K) NonClass: 16816K(17024K)->16816K(17024K) Class: 2230K(2432K)->2230K(2432K)
[2026-05-06T01:04:26.131+0100][6.411s][info][gc             ] GC(86) Pause Full (System.gc()) 241M->198M(617M) 11.241ms
[2026-05-06T01:04:26.131+0100][6.411s][info][gc,cpu         ] GC(86) User=0.01s Sys=0.00s Real=0.01s
[2026-05-06T01:04:26.219+0100][6.499s][info][gc,start       ] GC(87) Pause Young (Allocation Failure)
[2026-05-06T01:04:26.219+0100][6.499s][info][gc,heap        ] GC(87) DefNew: 171643K(196288K)->4K(196288K) Eden: 171643K(174528K)->0K(174528K) From: 0K(21760K)->4K(21760K)
[2026-05-06T01:04:26.219+0100][6.499s][info][gc,heap        ] GC(87) Tenured: 203732K(435968K)->203732K(435968K)
[2026-05-06T01:04:26.219+0100][6.499s][info][gc,metaspace   ] GC(87) Metaspace: 19047K(19456K)->19047K(19456K) NonClass: 16816K(17024K)->16816K(17024K) Class: 2230K(2432K)->2230K(2432K)
[2026-05-06T01:04:26.219+0100][6.499s][info][gc             ] GC(87) Pause Young (Allocation Failure) 366M->198M(617M) 0.243ms
[2026-05-06T01:04:26.219+0100][6.499s][info][gc,cpu         ] GC(87) User=0.00s Sys=0.00s Real=0.00s
[2026-05-06T01:04:26.295+0100][6.575s][info][gc,start       ] GC(88) Pause Young (Allocation Failure)
[2026-05-06T01:04:26.295+0100][6.575s][info][gc,heap        ] GC(88) DefNew: 166327K(196288K)->4K(196288K) Eden: 166323K(174528K)->0K(174528K) From: 4K(21760K)->4K(21760K)
[2026-05-06T01:04:26.295+0100][6.575s][info][gc,heap        ] GC(88) Tenured: 203732K(435968K)->203732K(435968K)
[2026-05-06T01:04:26.295+0100][6.575s][info][gc,metaspace   ] GC(88) Metaspace: 19047K(19456K)->19047K(19456K) NonClass: 16816K(17024K)->16816K(17024K) Class: 2230K(2432K)->2230K(2432K)
[2026-05-06T01:04:26.295+0100][6.575s][info][gc             ] GC(88) Pause Young (Allocation Failure) 361M->198M(617M) 0.231ms
[2026-05-06T01:04:26.295+0100][6.575s][info][gc,cpu         ] GC(88) User=0.00s Sys=0.00s Real=0.00s
[2026-05-06T01:04:26.369+0100][6.649s][info][gc,start       ] GC(89) Pause Young (Allocation Failure)
[2026-05-06T01:04:26.370+0100][6.650s][info][gc,heap        ] GC(89) DefNew: 161653K(196288K)->4K(196288K) Eden: 161649K(174528K)->0K(174528K) From: 4K(21760K)->4K(21760K)
[2026-05-06T01:04:26.370+0100][6.650s][info][gc,heap        ] GC(89) Tenured: 203732K(435968K)->203732K(435968K)
[2026-05-06T01:04:26.370+0100][6.650s][info][gc,metaspace   ] GC(89) Metaspace: 19048K(19456K)->19048K(19456K) NonClass: 16818K(17024K)->16818K(17024K) Class: 2230K(2432K)->2230K(2432K)
[2026-05-06T01:04:26.370+0100][6.650s][info][gc             ] GC(89) Pause Young (Allocation Failure) 356M->198M(617M) 0.212ms
[2026-05-06T01:04:26.370+0100][6.650s][info][gc,cpu         ] GC(89) User=0.00s Sys=0.00s Real=0.01s
[2026-05-06T01:04:26.380+0100][6.660s][info][gc,start       ] GC(90) Pause Full (System.gc())
[2026-05-06T01:04:26.380+0100][6.660s][info][gc,phases,start] GC(90) Phase 1: Mark live objects
[2026-05-06T01:04:26.386+0100][6.666s][info][gc,phases      ] GC(90) Phase 1: Mark live objects 5.321ms
[2026-05-06T01:04:26.386+0100][6.666s][info][gc,phases,start] GC(90) Phase 2: Compute new object addresses
[2026-05-06T01:04:26.387+0100][6.667s][info][gc,phases      ] GC(90) Phase 2: Compute new object addresses 1.442ms
[2026-05-06T01:04:26.387+0100][6.667s][info][gc,phases,start] GC(90) Phase 3: Adjust pointers
[2026-05-06T01:04:26.391+0100][6.671s][info][gc,phases      ] GC(90) Phase 3: Adjust pointers 3.944ms
[2026-05-06T01:04:26.391+0100][6.671s][info][gc,phases,start] GC(90) Phase 4: Move objects
[2026-05-06T01:04:26.391+0100][6.671s][info][gc,phases      ] GC(90) Phase 4: Move objects 0.006ms
[2026-05-06T01:04:26.391+0100][6.671s][info][gc,heap        ] GC(90) DefNew: 41182K(196288K)->0K(196288K) Eden: 41178K(174528K)->0K(174528K) From: 4K(21760K)->0K(21760K)
[2026-05-06T01:04:26.391+0100][6.671s][info][gc,heap        ] GC(90) Tenured: 203732K(435968K)->203735K(435968K)
[2026-05-06T01:04:26.391+0100][6.671s][info][gc,metaspace   ] GC(90) Metaspace: 19048K(19456K)->19048K(19456K) NonClass: 16818K(17024K)->16818K(17024K) Class: 2230K(2432K)->2230K(2432K)
[2026-05-06T01:04:26.391+0100][6.671s][info][gc             ] GC(90) Pause Full (System.gc()) 239M->198M(617M) 10.836ms
[2026-05-06T01:04:26.391+0100][6.671s][info][gc,cpu         ] GC(90) User=0.01s Sys=0.00s Real=0.01s
[2026-05-06T01:04:26.472+0100][6.752s][info][gc,start       ] GC(91) Pause Young (Allocation Failure)
[2026-05-06T01:04:26.472+0100][6.752s][info][gc,heap        ] GC(91) DefNew: 162251K(196288K)->4K(196288K) Eden: 162251K(174528K)->0K(174528K) From: 0K(21760K)->4K(21760K)
[2026-05-06T01:04:26.472+0100][6.752s][info][gc,heap        ] GC(91) Tenured: 203735K(435968K)->203735K(435968K)
[2026-05-06T01:04:26.472+0100][6.752s][info][gc,metaspace   ] GC(91) Metaspace: 19048K(19456K)->19048K(19456K) NonClass: 16818K(17024K)->16818K(17024K) Class: 2230K(2432K)->2230K(2432K)
[2026-05-06T01:04:26.472+0100][6.752s][info][gc             ] GC(91) Pause Young (Allocation Failure) 357M->198M(617M) 0.213ms
[2026-05-06T01:04:26.472+0100][6.752s][info][gc,cpu         ] GC(91) User=0.00s Sys=0.00s Real=0.00s
[2026-05-06T01:04:26.547+0100][6.827s][info][gc,start       ] GC(92) Pause Young (Allocation Failure)
[2026-05-06T01:04:26.547+0100][6.827s][info][gc,heap        ] GC(92) DefNew: 161098K(196288K)->4K(196288K) Eden: 161093K(174528K)->0K(174528K) From: 4K(21760K)->4K(21760K)
[2026-05-06T01:04:26.547+0100][6.827s][info][gc,heap        ] GC(92) Tenured: 203735K(435968K)->203735K(435968K)
[2026-05-06T01:04:26.547+0100][6.827s][info][gc,metaspace   ] GC(92) Metaspace: 19048K(19456K)->19048K(19456K) NonClass: 16818K(17024K)->16818K(17024K) Class: 2230K(2432K)->2230K(2432K)
[2026-05-06T01:04:26.547+0100][6.827s][info][gc             ] GC(92) Pause Young (Allocation Failure) 356M->198M(617M) 0.238ms
[2026-05-06T01:04:26.547+0100][6.827s][info][gc,cpu         ] GC(92) User=0.00s Sys=0.00s Real=0.00s
[2026-05-06T01:04:26.602+0100][6.882s][info][gc,start       ] GC(93) Pause Young (Allocation Failure)
[2026-05-06T01:04:26.603+0100][6.883s][info][gc,heap        ] GC(93) DefNew: 154124K(196288K)->2K(196288K) Eden: 154119K(174528K)->0K(174528K) From: 4K(21760K)->2K(21760K)
[2026-05-06T01:04:26.603+0100][6.883s][info][gc,heap        ] GC(93) Tenured: 203735K(435968K)->203735K(435968K)
[2026-05-06T01:04:26.603+0100][6.883s][info][gc,metaspace   ] GC(93) Metaspace: 19052K(19456K)->19052K(19456K) NonClass: 16822K(17024K)->16822K(17024K) Class: 2230K(2432K)->2230K(2432K)
[2026-05-06T01:04:26.603+0100][6.883s][info][gc             ] GC(93) Pause Young (Allocation Failure) 349M->198M(617M) 0.207ms
[2026-05-06T01:04:26.603+0100][6.883s][info][gc,cpu         ] GC(93) User=0.00s Sys=0.00s Real=0.00s
[2026-05-06T01:04:26.608+0100][6.888s][info][gc,start       ] GC(94) Pause Full (System.gc())
[2026-05-06T01:04:26.608+0100][6.888s][info][gc,phases,start] GC(94) Phase 1: Mark live objects
[2026-05-06T01:04:26.614+0100][6.894s][info][gc,phases      ] GC(94) Phase 1: Mark live objects 5.263ms
[2026-05-06T01:04:26.614+0100][6.894s][info][gc,phases,start] GC(94) Phase 2: Compute new object addresses
[2026-05-06T01:04:26.615+0100][6.895s][info][gc,phases      ] GC(94) Phase 2: Compute new object addresses 1.388ms
[2026-05-06T01:04:26.615+0100][6.895s][info][gc,phases,start] GC(94) Phase 3: Adjust pointers
[2026-05-06T01:04:26.619+0100][6.899s][info][gc,phases      ] GC(94) Phase 3: Adjust pointers 3.943ms
[2026-05-06T01:04:26.619+0100][6.899s][info][gc,phases,start] GC(94) Phase 4: Move objects
[2026-05-06T01:04:26.619+0100][6.899s][info][gc,phases      ] GC(94) Phase 4: Move objects 0.004ms
[2026-05-06T01:04:26.619+0100][6.899s][info][gc,heap        ] GC(94) DefNew: 40096K(196288K)->0K(196288K) Eden: 40094K(174528K)->0K(174528K) From: 2K(21760K)->0K(21760K)
[2026-05-06T01:04:26.619+0100][6.899s][info][gc,heap        ] GC(94) Tenured: 203735K(435968K)->203735K(435968K)
[2026-05-06T01:04:26.619+0100][6.899s][info][gc,metaspace   ] GC(94) Metaspace: 19052K(19456K)->19052K(19456K) NonClass: 16822K(17024K)->16822K(17024K) Class: 2230K(2432K)->2230K(2432K)
[2026-05-06T01:04:26.619+0100][6.899s][info][gc             ] GC(94) Pause Full (System.gc()) 238M->198M(617M) 10.704ms
[2026-05-06T01:04:26.619+0100][6.899s][info][gc,cpu         ] GC(94) User=0.01s Sys=0.00s Real=0.01s
[2026-05-06T01:04:26.662+0100][6.942s][info][gc,start       ] GC(95) Pause Young (Allocation Failure)
[2026-05-06T01:04:26.662+0100][6.942s][info][gc,heap        ] GC(95) DefNew: 150686K(196288K)->2K(196288K) Eden: 150686K(174528K)->0K(174528K) From: 0K(21760K)->2K(21760K)
[2026-05-06T01:04:26.662+0100][6.942s][info][gc,heap        ] GC(95) Tenured: 203735K(435968K)->203735K(435968K)
[2026-05-06T01:04:26.662+0100][6.942s][info][gc,metaspace   ] GC(95) Metaspace: 19052K(19456K)->19052K(19456K) NonClass: 16822K(17024K)->16822K(17024K) Class: 2230K(2432K)->2230K(2432K)
[2026-05-06T01:04:26.662+0100][6.942s][info][gc             ] GC(95) Pause Young (Allocation Failure) 346M->198M(617M) 0.179ms
[2026-05-06T01:04:26.662+0100][6.942s][info][gc,cpu         ] GC(95) User=0.00s Sys=0.00s Real=0.00s
[2026-05-06T01:04:26.700+0100][6.980s][info][gc,start       ] GC(96) Pause Young (Allocation Failure)
[2026-05-06T01:04:26.701+0100][6.981s][info][gc,heap        ] GC(96) DefNew: 150753K(196288K)->2K(196288K) Eden: 150751K(174528K)->0K(174528K) From: 2K(21760K)->2K(21760K)
[2026-05-06T01:04:26.701+0100][6.981s][info][gc,heap        ] GC(96) Tenured: 203735K(435968K)->203735K(435968K)
[2026-05-06T01:04:26.701+0100][6.981s][info][gc,metaspace   ] GC(96) Metaspace: 19052K(19456K)->19052K(19456K) NonClass: 16822K(17024K)->16822K(17024K) Class: 2230K(2432K)->2230K(2432K)
[2026-05-06T01:04:26.701+0100][6.981s][info][gc             ] GC(96) Pause Young (Allocation Failure) 346M->198M(617M) 0.185ms
[2026-05-06T01:04:26.701+0100][6.981s][info][gc,cpu         ] GC(96) User=0.00s Sys=0.00s Real=0.00s
[2026-05-06T01:04:26.730+0100][7.010s][info][gc,start       ] GC(97) Pause Young (Allocation Failure)
[2026-05-06T01:04:26.731+0100][7.011s][info][gc,heap        ] GC(97) DefNew: 141864K(196288K)->5K(196288K) Eden: 141862K(174528K)->0K(174528K) From: 2K(21760K)->5K(21760K)
[2026-05-06T01:04:26.731+0100][7.011s][info][gc,heap        ] GC(97) Tenured: 203735K(435968K)->203735K(435968K)
[2026-05-06T01:04:26.731+0100][7.011s][info][gc,metaspace   ] GC(97) Metaspace: 19061K(19456K)->19061K(19456K) NonClass: 16830K(17024K)->16830K(17024K) Class: 2230K(2432K)->2230K(2432K)
[2026-05-06T01:04:26.731+0100][7.011s][info][gc             ] GC(97) Pause Young (Allocation Failure) 337M->198M(617M) 0.222ms
[2026-05-06T01:04:26.731+0100][7.011s][info][gc,cpu         ] GC(97) User=0.00s Sys=0.00s Real=0.00s
[2026-05-06T01:04:26.746+0100][7.026s][info][gc,start       ] GC(98) Pause Full (System.gc())
[2026-05-06T01:04:26.746+0100][7.026s][info][gc,phases,start] GC(98) Phase 1: Mark live objects
[2026-05-06T01:04:26.751+0100][7.031s][info][gc,phases      ] GC(98) Phase 1: Mark live objects 5.214ms
[2026-05-06T01:04:26.751+0100][7.031s][info][gc,phases,start] GC(98) Phase 2: Compute new object addresses
[2026-05-06T01:04:26.753+0100][7.033s][info][gc,phases      ] GC(98) Phase 2: Compute new object addresses 1.403ms
[2026-05-06T01:04:26.753+0100][7.033s][info][gc,phases,start] GC(98) Phase 3: Adjust pointers
[2026-05-06T01:04:26.757+0100][7.037s][info][gc,phases      ] GC(98) Phase 3: Adjust pointers 3.963ms
[2026-05-06T01:04:26.757+0100][7.037s][info][gc,phases,start] GC(98) Phase 4: Move objects
[2026-05-06T01:04:26.757+0100][7.037s][info][gc,phases      ] GC(98) Phase 4: Move objects 0.005ms
[2026-05-06T01:04:26.757+0100][7.037s][info][gc,heap        ] GC(98) DefNew: 88494K(196288K)->0K(196288K) Eden: 88489K(174528K)->0K(174528K) From: 5K(21760K)->0K(21760K)
[2026-05-06T01:04:26.757+0100][7.037s][info][gc,heap        ] GC(98) Tenured: 203735K(435968K)->203736K(435968K)
[2026-05-06T01:04:26.757+0100][7.037s][info][gc,metaspace   ] GC(98) Metaspace: 19061K(19456K)->19061K(19456K) NonClass: 16830K(17024K)->16830K(17024K) Class: 2230K(2432K)->2230K(2432K)
[2026-05-06T01:04:26.757+0100][7.037s][info][gc             ] GC(98) Pause Full (System.gc()) 285M->198M(617M) 10.693ms
[2026-05-06T01:04:26.757+0100][7.037s][info][gc,cpu         ] GC(98) User=0.01s Sys=0.00s Real=0.01s
[2026-05-06T01:04:26.790+0100][7.070s][info][gc,start       ] GC(99) Pause Young (Allocation Failure)
[2026-05-06T01:04:26.790+0100][7.070s][info][gc,heap        ] GC(99) DefNew: 142162K(196288K)->5K(196288K) Eden: 142162K(174528K)->0K(174528K) From: 0K(21760K)->5K(21760K)
[2026-05-06T01:04:26.790+0100][7.070s][info][gc,heap        ] GC(99) Tenured: 203736K(435968K)->203736K(435968K)
[2026-05-06T01:04:26.790+0100][7.070s][info][gc,metaspace   ] GC(99) Metaspace: 19061K(19456K)->19061K(19456K) NonClass: 16830K(17024K)->16830K(17024K) Class: 2230K(2432K)->2230K(2432K)
[2026-05-06T01:04:26.790+0100][7.070s][info][gc             ] GC(99) Pause Young (Allocation Failure) 337M->198M(617M) 0.188ms
[2026-05-06T01:04:26.790+0100][7.070s][info][gc,cpu         ] GC(99) User=0.00s Sys=0.00s Real=0.00s
[2026-05-06T01:04:26.828+0100][7.108s][info][gc,start       ] GC(100) Pause Young (Allocation Failure)
[2026-05-06T01:04:26.829+0100][7.109s][info][gc,heap        ] GC(100) DefNew: 172516K(196288K)->5K(196288K) Eden: 172510K(174528K)->0K(174528K) From: 5K(21760K)->5K(21760K)
[2026-05-06T01:04:26.829+0100][7.109s][info][gc,heap        ] GC(100) Tenured: 203736K(435968K)->203736K(435968K)
[2026-05-06T01:04:26.829+0100][7.109s][info][gc,metaspace   ] GC(100) Metaspace: 19061K(19456K)->19061K(19456K) NonClass: 16830K(17024K)->16830K(17024K) Class: 2230K(2432K)->2230K(2432K)
[2026-05-06T01:04:26.829+0100][7.109s][info][gc             ] GC(100) Pause Young (Allocation Failure) 367M->198M(617M) 0.168ms
[2026-05-06T01:04:26.829+0100][7.109s][info][gc,cpu         ] GC(100) User=0.00s Sys=0.00s Real=0.00s
[2026-05-06T01:04:26.868+0100][7.148s][info][gc,start       ] GC(101) Pause Young (Allocation Failure)
[2026-05-06T01:04:26.868+0100][7.148s][info][gc,heap        ] GC(101) DefNew: 166717K(196288K)->5K(196288K) Eden: 166711K(174528K)->0K(174528K) From: 5K(21760K)->5K(21760K)
[2026-05-06T01:04:26.868+0100][7.148s][info][gc,heap        ] GC(101) Tenured: 203736K(435968K)->203736K(435968K)
[2026-05-06T01:04:26.868+0100][7.148s][info][gc,metaspace   ] GC(101) Metaspace: 19061K(19456K)->19061K(19456K) NonClass: 16830K(17024K)->16830K(17024K) Class: 2230K(2432K)->2230K(2432K)
[2026-05-06T01:04:26.868+0100][7.148s][info][gc             ] GC(101) Pause Young (Allocation Failure) 361M->198M(617M) 0.206ms
[2026-05-06T01:04:26.868+0100][7.148s][info][gc,cpu         ] GC(101) User=0.00s Sys=0.00s Real=0.00s
[2026-05-06T01:04:26.883+0100][7.163s][info][gc,start       ] GC(102) Pause Full (System.gc())
[2026-05-06T01:04:26.883+0100][7.163s][info][gc,phases,start] GC(102) Phase 1: Mark live objects
[2026-05-06T01:04:26.888+0100][7.168s][info][gc,phases      ] GC(102) Phase 1: Mark live objects 5.182ms
[2026-05-06T01:04:26.888+0100][7.168s][info][gc,phases,start] GC(102) Phase 2: Compute new object addresses
[2026-05-06T01:04:26.890+0100][7.170s][info][gc,phases      ] GC(102) Phase 2: Compute new object addresses 1.387ms
[2026-05-06T01:04:26.890+0100][7.170s][info][gc,phases,start] GC(102) Phase 3: Adjust pointers
[2026-05-06T01:04:26.893+0100][7.173s][info][gc,phases      ] GC(102) Phase 3: Adjust pointers 3.781ms
[2026-05-06T01:04:26.893+0100][7.173s][info][gc,phases,start] GC(102) Phase 4: Move objects
[2026-05-06T01:04:26.893+0100][7.173s][info][gc,phases      ] GC(102) Phase 4: Move objects 0.010ms
[2026-05-06T01:04:26.893+0100][7.173s][info][gc,heap        ] GC(102) DefNew: 81971K(196288K)->0K(196288K) Eden: 81966K(174528K)->0K(174528K) From: 5K(21760K)->0K(21760K)
[2026-05-06T01:04:26.893+0100][7.173s][info][gc,heap        ] GC(102) Tenured: 203736K(435968K)->203733K(435968K)
[2026-05-06T01:04:26.893+0100][7.173s][info][gc,metaspace   ] GC(102) Metaspace: 19061K(19456K)->19061K(19456K) NonClass: 16830K(17024K)->16830K(17024K) Class: 2230K(2432K)->2230K(2432K)
[2026-05-06T01:04:26.893+0100][7.173s][info][gc             ] GC(102) Pause Full (System.gc()) 279M->198M(617M) 10.471ms
[2026-05-06T01:04:26.893+0100][7.173s][info][gc,cpu         ] GC(102) User=0.01s Sys=0.00s Real=0.01s
[2026-05-06T01:04:26.936+0100][7.216s][info][gc,start       ] GC(103) Pause Young (Allocation Failure)
[2026-05-06T01:04:26.936+0100][7.216s][info][gc,heap        ] GC(103) DefNew: 167055K(196288K)->5K(196288K) Eden: 167055K(174528K)->0K(174528K) From: 0K(21760K)->5K(21760K)
[2026-05-06T01:04:26.936+0100][7.216s][info][gc,heap        ] GC(103) Tenured: 203733K(435968K)->203733K(435968K)
[2026-05-06T01:04:26.936+0100][7.216s][info][gc,metaspace   ] GC(103) Metaspace: 19063K(19456K)->19063K(19456K) NonClass: 16833K(17024K)->16833K(17024K) Class: 2230K(2432K)->2230K(2432K)
[2026-05-06T01:04:26.936+0100][7.216s][info][gc             ] GC(103) Pause Young (Allocation Failure) 362M->198M(617M) 0.197ms
[2026-05-06T01:04:26.936+0100][7.216s][info][gc,cpu         ] GC(103) User=0.00s Sys=0.00s Real=0.00s
[2026-05-06T01:04:26.975+0100][7.255s][info][gc,start       ] GC(104) Pause Young (Allocation Failure)
[2026-05-06T01:04:26.975+0100][7.255s][info][gc,heap        ] GC(104) DefNew: 163071K(196288K)->5K(196288K) Eden: 163065K(174528K)->0K(174528K) From: 5K(21760K)->5K(21760K)
[2026-05-06T01:04:26.975+0100][7.255s][info][gc,heap        ] GC(104) Tenured: 203733K(435968K)->203733K(435968K)
[2026-05-06T01:04:26.975+0100][7.255s][info][gc,metaspace   ] GC(104) Metaspace: 19063K(19456K)->19063K(19456K) NonClass: 16833K(17024K)->16833K(17024K) Class: 2230K(2432K)->2230K(2432K)
[2026-05-06T01:04:26.975+0100][7.255s][info][gc             ] GC(104) Pause Young (Allocation Failure) 358M->198M(617M) 0.162ms
[2026-05-06T01:04:26.975+0100][7.255s][info][gc,cpu         ] GC(104) User=0.00s Sys=0.00s Real=0.00s
[2026-05-06T01:04:27.010+0100][7.290s][info][gc,start       ] GC(105) Pause Young (Allocation Failure)
[2026-05-06T01:04:27.010+0100][7.290s][info][gc,heap        ] GC(105) DefNew: 154727K(196288K)->2K(196288K) Eden: 154721K(174528K)->0K(174528K) From: 5K(21760K)->2K(21760K)
[2026-05-06T01:04:27.010+0100][7.290s][info][gc,heap        ] GC(105) Tenured: 203733K(435968K)->203733K(435968K)
[2026-05-06T01:04:27.010+0100][7.290s][info][gc,metaspace   ] GC(105) Metaspace: 19063K(19456K)->19063K(19456K) NonClass: 16833K(17024K)->16833K(17024K) Class: 2230K(2432K)->2230K(2432K)
[2026-05-06T01:04:27.010+0100][7.290s][info][gc             ] GC(105) Pause Young (Allocation Failure) 350M->198M(617M) 0.203ms
[2026-05-06T01:04:27.010+0100][7.290s][info][gc,cpu         ] GC(105) User=0.00s Sys=0.00s Real=0.00s
[2026-05-06T01:04:27.016+0100][7.296s][info][gc,start       ] GC(106) Pause Full (System.gc())
[2026-05-06T01:04:27.016+0100][7.296s][info][gc,phases,start] GC(106) Phase 1: Mark live objects
[2026-05-06T01:04:27.021+0100][7.301s][info][gc,phases      ] GC(106) Phase 1: Mark live objects 5.627ms
[2026-05-06T01:04:27.021+0100][7.301s][info][gc,phases,start] GC(106) Phase 2: Compute new object addresses
[2026-05-06T01:04:27.023+0100][7.303s][info][gc,phases      ] GC(106) Phase 2: Compute new object addresses 1.519ms
[2026-05-06T01:04:27.023+0100][7.303s][info][gc,phases,start] GC(106) Phase 3: Adjust pointers
[2026-05-06T01:04:27.027+0100][7.307s][info][gc,phases      ] GC(106) Phase 3: Adjust pointers 4.120ms
[2026-05-06T01:04:27.027+0100][7.307s][info][gc,phases,start] GC(106) Phase 4: Move objects
[2026-05-06T01:04:27.027+0100][7.307s][info][gc,phases      ] GC(106) Phase 4: Move objects 0.010ms
[2026-05-06T01:04:27.027+0100][7.307s][info][gc,heap        ] GC(106) DefNew: 40028K(196288K)->0K(196288K) Eden: 40025K(174528K)->0K(174528K) From: 2K(21760K)->0K(21760K)
[2026-05-06T01:04:27.027+0100][7.307s][info][gc,heap        ] GC(106) Tenured: 203733K(435968K)->203734K(435968K)
[2026-05-06T01:04:27.027+0100][7.307s][info][gc,metaspace   ] GC(106) Metaspace: 19063K(19456K)->19063K(19456K) NonClass: 16833K(17024K)->16833K(17024K) Class: 2230K(2432K)->2230K(2432K)
[2026-05-06T01:04:27.027+0100][7.307s][info][gc             ] GC(106) Pause Full (System.gc()) 238M->198M(617M) 11.424ms
[2026-05-06T01:04:27.027+0100][7.307s][info][gc,cpu         ] GC(106) User=0.01s Sys=0.00s Real=0.01s
[2026-05-06T01:04:27.067+0100][7.347s][info][gc,start       ] GC(107) Pause Young (Allocation Failure)
[2026-05-06T01:04:27.067+0100][7.347s][info][gc,heap        ] GC(107) DefNew: 150618K(196288K)->2K(196288K) Eden: 150618K(174528K)->0K(174528K) From: 0K(21760K)->2K(21760K)
[2026-05-06T01:04:27.067+0100][7.347s][info][gc,heap        ] GC(107) Tenured: 203734K(435968K)->203734K(435968K)
[2026-05-06T01:04:27.067+0100][7.347s][info][gc,metaspace   ] GC(107) Metaspace: 19063K(19456K)->19063K(19456K) NonClass: 16833K(17024K)->16833K(17024K) Class: 2230K(2432K)->2230K(2432K)
[2026-05-06T01:04:27.067+0100][7.347s][info][gc             ] GC(107) Pause Young (Allocation Failure) 346M->198M(617M) 0.200ms
[2026-05-06T01:04:27.067+0100][7.347s][info][gc,cpu         ] GC(107) User=0.00s Sys=0.00s Real=0.00s
[2026-05-06T01:04:27.099+0100][7.379s][info][gc,start       ] GC(108) Pause Young (Allocation Failure)
[2026-05-06T01:04:27.099+0100][7.379s][info][gc,heap        ] GC(108) DefNew: 150709K(196288K)->2K(196288K) Eden: 150707K(174528K)->0K(174528K) From: 2K(21760K)->2K(21760K)
[2026-05-06T01:04:27.099+0100][7.379s][info][gc,heap        ] GC(108) Tenured: 203734K(435968K)->203734K(435968K)
[2026-05-06T01:04:27.099+0100][7.379s][info][gc,metaspace   ] GC(108) Metaspace: 19063K(19456K)->19063K(19456K) NonClass: 16833K(17024K)->16833K(17024K) Class: 2230K(2432K)->2230K(2432K)
[2026-05-06T01:04:27.099+0100][7.379s][info][gc             ] GC(108) Pause Young (Allocation Failure) 346M->198M(617M) 0.185ms
[2026-05-06T01:04:27.099+0100][7.379s][info][gc,cpu         ] GC(108) User=0.00s Sys=0.00s Real=0.00s
[2026-05-06T01:04:27.123+0100][7.403s][info][gc,start       ] GC(109) Pause Young (Allocation Failure)
[2026-05-06T01:04:27.124+0100][7.404s][info][gc,heap        ] GC(109) DefNew: 141844K(196288K)->7K(196288K) Eden: 141842K(174528K)->0K(174528K) From: 2K(21760K)->7K(21760K)
[2026-05-06T01:04:27.124+0100][7.404s][info][gc,heap        ] GC(109) Tenured: 203734K(435968K)->203734K(435968K)
[2026-05-06T01:04:27.124+0100][7.404s][info][gc,metaspace   ] GC(109) Metaspace: 19063K(19456K)->19063K(19456K) NonClass: 16833K(17024K)->16833K(17024K) Class: 2230K(2432K)->2230K(2432K)
[2026-05-06T01:04:27.124+0100][7.404s][info][gc             ] GC(109) Pause Young (Allocation Failure) 337M->198M(617M) 0.242ms
[2026-05-06T01:04:27.124+0100][7.404s][info][gc,cpu         ] GC(109) User=0.00s Sys=0.00s Real=0.00s
[2026-05-06T01:04:27.136+0100][7.416s][info][gc,start       ] GC(110) Pause Full (System.gc())
[2026-05-06T01:04:27.137+0100][7.417s][info][gc,phases,start] GC(110) Phase 1: Mark live objects
[2026-05-06T01:04:27.142+0100][7.422s][info][gc,phases      ] GC(110) Phase 1: Mark live objects 5.245ms
[2026-05-06T01:04:27.142+0100][7.422s][info][gc,phases,start] GC(110) Phase 2: Compute new object addresses
[2026-05-06T01:04:27.143+0100][7.423s][info][gc,phases      ] GC(110) Phase 2: Compute new object addresses 1.392ms
[2026-05-06T01:04:27.143+0100][7.423s][info][gc,phases,start] GC(110) Phase 3: Adjust pointers
[2026-05-06T01:04:27.147+0100][7.427s][info][gc,phases      ] GC(110) Phase 3: Adjust pointers 3.897ms
[2026-05-06T01:04:27.147+0100][7.427s][info][gc,phases,start] GC(110) Phase 4: Move objects
[2026-05-06T01:04:27.147+0100][7.427s][info][gc,phases      ] GC(110) Phase 4: Move objects 0.005ms
[2026-05-06T01:04:27.147+0100][7.427s][info][gc,heap        ] GC(110) DefNew: 90810K(196288K)->0K(196288K) Eden: 90803K(174528K)->0K(174528K) From: 7K(21760K)->0K(21760K)
[2026-05-06T01:04:27.147+0100][7.427s][info][gc,heap        ] GC(110) Tenured: 203734K(435968K)->203738K(435968K)
[2026-05-06T01:04:27.147+0100][7.427s][info][gc,metaspace   ] GC(110) Metaspace: 19063K(19456K)->19063K(19456K) NonClass: 16833K(17024K)->16833K(17024K) Class: 2230K(2432K)->2230K(2432K)
[2026-05-06T01:04:27.147+0100][7.427s][info][gc             ] GC(110) Pause Full (System.gc()) 287M->198M(617M) 10.647ms
[2026-05-06T01:04:27.147+0100][7.427s][info][gc,cpu         ] GC(110) User=0.01s Sys=0.00s Real=0.01s
[2026-05-06T01:04:27.174+0100][7.454s][info][gc,start       ] GC(111) Pause Young (Allocation Failure)
[2026-05-06T01:04:27.174+0100][7.454s][info][gc,heap        ] GC(111) DefNew: 137720K(196288K)->7K(196288K) Eden: 137720K(174528K)->0K(174528K) From: 0K(21760K)->7K(21760K)
[2026-05-06T01:04:27.174+0100][7.454s][info][gc,heap        ] GC(111) Tenured: 203738K(435968K)->203738K(435968K)
[2026-05-06T01:04:27.174+0100][7.454s][info][gc,metaspace   ] GC(111) Metaspace: 19063K(19456K)->19063K(19456K) NonClass: 16833K(17024K)->16833K(17024K) Class: 2230K(2432K)->2230K(2432K)
[2026-05-06T01:04:27.174+0100][7.454s][info][gc             ] GC(111) Pause Young (Allocation Failure) 333M->198M(617M) 0.194ms
[2026-05-06T01:04:27.174+0100][7.454s][info][gc,cpu         ] GC(111) User=0.00s Sys=0.00s Real=0.00s
[2026-05-06T01:04:27.206+0100][7.486s][info][gc,start       ] GC(112) Pause Young (Allocation Failure)
[2026-05-06T01:04:27.206+0100][7.486s][info][gc,heap        ] GC(112) DefNew: 171843K(196288K)->7K(196288K) Eden: 171836K(174528K)->0K(174528K) From: 7K(21760K)->7K(21760K)
[2026-05-06T01:04:27.206+0100][7.486s][info][gc,heap        ] GC(112) Tenured: 203738K(435968K)->203738K(435968K)
[2026-05-06T01:04:27.206+0100][7.486s][info][gc,metaspace   ] GC(112) Metaspace: 19063K(19456K)->19063K(19456K) NonClass: 16833K(17024K)->16833K(17024K) Class: 2230K(2432K)->2230K(2432K)
[2026-05-06T01:04:27.206+0100][7.486s][info][gc             ] GC(112) Pause Young (Allocation Failure) 366M->198M(617M) 0.170ms
[2026-05-06T01:04:27.206+0100][7.486s][info][gc,cpu         ] GC(112) User=0.00s Sys=0.00s Real=0.00s
[2026-05-06T01:04:27.238+0100][7.518s][info][gc,start       ] GC(113) Pause Young (Allocation Failure)
[2026-05-06T01:04:27.239+0100][7.519s][info][gc,heap        ] GC(113) DefNew: 168739K(196288K)->7K(196288K) Eden: 168731K(174528K)->0K(174528K) From: 7K(21760K)->7K(21760K)
[2026-05-06T01:04:27.239+0100][7.519s][info][gc,heap        ] GC(113) Tenured: 203738K(435968K)->203738K(435968K)
[2026-05-06T01:04:27.239+0100][7.519s][info][gc,metaspace   ] GC(113) Metaspace: 19063K(19456K)->19063K(19456K) NonClass: 16833K(17024K)->16833K(17024K) Class: 2230K(2432K)->2230K(2432K)
[2026-05-06T01:04:27.239+0100][7.519s][info][gc             ] GC(113) Pause Young (Allocation Failure) 363M->198M(617M) 0.233ms
[2026-05-06T01:04:27.239+0100][7.519s][info][gc,cpu         ] GC(113) User=0.00s Sys=0.00s Real=0.00s
[2026-05-06T01:04:27.252+0100][7.532s][info][gc,start       ] GC(114) Pause Full (System.gc())
[2026-05-06T01:04:27.252+0100][7.532s][info][gc,phases,start] GC(114) Phase 1: Mark live objects
[2026-05-06T01:04:27.257+0100][7.537s][info][gc,phases      ] GC(114) Phase 1: Mark live objects 5.254ms
[2026-05-06T01:04:27.257+0100][7.537s][info][gc,phases,start] GC(114) Phase 2: Compute new object addresses
[2026-05-06T01:04:27.258+0100][7.538s][info][gc,phases      ] GC(114) Phase 2: Compute new object addresses 1.399ms
[2026-05-06T01:04:27.258+0100][7.538s][info][gc,phases,start] GC(114) Phase 3: Adjust pointers
[2026-05-06T01:04:27.262+0100][7.542s][info][gc,phases      ] GC(114) Phase 3: Adjust pointers 3.959ms
[2026-05-06T01:04:27.262+0100][7.542s][info][gc,phases,start] GC(114) Phase 4: Move objects
[2026-05-06T01:04:27.262+0100][7.542s][info][gc,phases      ] GC(114) Phase 4: Move objects 0.005ms
[2026-05-06T01:04:27.262+0100][7.542s][info][gc,heap        ] GC(114) DefNew: 82220K(196288K)->0K(196288K) Eden: 82213K(174528K)->0K(174528K) From: 7K(21760K)->0K(21760K)
[2026-05-06T01:04:27.262+0100][7.542s][info][gc,heap        ] GC(114) Tenured: 203738K(435968K)->203741K(435968K)
[2026-05-06T01:04:27.262+0100][7.542s][info][gc,metaspace   ] GC(114) Metaspace: 19063K(19456K)->19063K(19456K) NonClass: 16833K(17024K)->16833K(17024K) Class: 2230K(2432K)->2230K(2432K)
[2026-05-06T01:04:27.262+0100][7.542s][info][gc             ] GC(114) Pause Full (System.gc()) 279M->198M(617M) 10.735ms
[2026-05-06T01:04:27.262+0100][7.542s][info][gc,cpu         ] GC(114) User=0.01s Sys=0.00s Real=0.01s
[2026-05-06T01:04:27.297+0100][7.577s][info][gc,start       ] GC(115) Pause Young (Allocation Failure)
[2026-05-06T01:04:27.298+0100][7.578s][info][gc,heap        ] GC(115) DefNew: 171743K(196288K)->7K(196288K) Eden: 171743K(174528K)->0K(174528K) From: 0K(21760K)->7K(21760K)
[2026-05-06T01:04:27.298+0100][7.578s][info][gc,heap        ] GC(115) Tenured: 203741K(435968K)->203741K(435968K)
[2026-05-06T01:04:27.298+0100][7.578s][info][gc,metaspace   ] GC(115) Metaspace: 19063K(19456K)->19063K(19456K) NonClass: 16833K(17024K)->16833K(17024K) Class: 2230K(2432K)->2230K(2432K)
[2026-05-06T01:04:27.298+0100][7.578s][info][gc             ] GC(115) Pause Young (Allocation Failure) 366M->198M(617M) 0.227ms
[2026-05-06T01:04:27.298+0100][7.578s][info][gc,cpu         ] GC(115) User=0.01s Sys=0.00s Real=0.00s
[2026-05-06T01:04:27.329+0100][7.609s][info][gc,start       ] GC(116) Pause Young (Allocation Failure)
[2026-05-06T01:04:27.329+0100][7.609s][info][gc,heap        ] GC(116) DefNew: 166446K(196288K)->7K(196288K) Eden: 166438K(174528K)->0K(174528K) From: 7K(21760K)->7K(21760K)
[2026-05-06T01:04:27.329+0100][7.609s][info][gc,heap        ] GC(116) Tenured: 203741K(435968K)->203741K(435968K)
[2026-05-06T01:04:27.329+0100][7.609s][info][gc,metaspace   ] GC(116) Metaspace: 19063K(19456K)->19063K(19456K) NonClass: 16833K(17024K)->16833K(17024K) Class: 2230K(2432K)->2230K(2432K)
[2026-05-06T01:04:27.329+0100][7.609s][info][gc             ] GC(116) Pause Young (Allocation Failure) 361M->198M(617M) 0.164ms
[2026-05-06T01:04:27.329+0100][7.609s][info][gc,cpu         ] GC(116) User=0.00s Sys=0.00s Real=0.00s
[2026-05-06T01:04:27.360+0100][7.640s][info][gc,start       ] GC(117) Pause Young (Allocation Failure)
[2026-05-06T01:04:27.361+0100][7.641s][info][gc,heap        ] GC(117) DefNew: 155736K(196288K)->2K(196288K) Eden: 155728K(174528K)->0K(174528K) From: 7K(21760K)->2K(21760K)
[2026-05-06T01:04:27.361+0100][7.641s][info][gc,heap        ] GC(117) Tenured: 203741K(435968K)->203741K(435968K)
[2026-05-06T01:04:27.361+0100][7.641s][info][gc,metaspace   ] GC(117) Metaspace: 19063K(19456K)->19063K(19456K) NonClass: 16833K(17024K)->16833K(17024K) Class: 2230K(2432K)->2230K(2432K)
[2026-05-06T01:04:27.361+0100][7.641s][info][gc             ] GC(117) Pause Young (Allocation Failure) 351M->198M(617M) 0.201ms
[2026-05-06T01:04:27.361+0100][7.641s][info][gc,cpu         ] GC(117) User=0.00s Sys=0.00s Real=0.00s
[2026-05-06T01:04:27.365+0100][7.645s][info][gc,start       ] GC(118) Pause Full (System.gc())
[2026-05-06T01:04:27.365+0100][7.645s][info][gc,phases,start] GC(118) Phase 1: Mark live objects
[2026-05-06T01:04:27.371+0100][7.651s][info][gc,phases      ] GC(118) Phase 1: Mark live objects 5.301ms
[2026-05-06T01:04:27.371+0100][7.651s][info][gc,phases,start] GC(118) Phase 2: Compute new object addresses
[2026-05-06T01:04:27.372+0100][7.652s][info][gc,phases      ] GC(118) Phase 2: Compute new object addresses 1.440ms
[2026-05-06T01:04:27.372+0100][7.652s][info][gc,phases,start] GC(118) Phase 3: Adjust pointers
[2026-05-06T01:04:27.376+0100][7.656s][info][gc,phases      ] GC(118) Phase 3: Adjust pointers 3.849ms
[2026-05-06T01:04:27.376+0100][7.656s][info][gc,phases,start] GC(118) Phase 4: Move objects
[2026-05-06T01:04:27.376+0100][7.656s][info][gc,phases      ] GC(118) Phase 4: Move objects 0.004ms
[2026-05-06T01:04:27.376+0100][7.656s][info][gc,heap        ] GC(118) DefNew: 39991K(196288K)->0K(196288K) Eden: 39989K(174528K)->0K(174528K) From: 2K(21760K)->0K(21760K)
[2026-05-06T01:04:27.376+0100][7.656s][info][gc,heap        ] GC(118) Tenured: 203741K(435968K)->203730K(435968K)
[2026-05-06T01:04:27.376+0100][7.656s][info][gc,metaspace   ] GC(118) Metaspace: 19063K(19456K)->19063K(19456K) NonClass: 16833K(17024K)->16833K(17024K) Class: 2230K(2432K)->2230K(2432K)
[2026-05-06T01:04:27.376+0100][7.656s][info][gc             ] GC(118) Pause Full (System.gc()) 238M->198M(617M) 10.694ms
[2026-05-06T01:04:27.376+0100][7.656s][info][gc,cpu         ] GC(118) User=0.01s Sys=0.00s Real=0.01s
[2026-05-06T01:04:27.408+0100][7.688s][info][gc,start       ] GC(119) Pause Young (Allocation Failure)
[2026-05-06T01:04:27.409+0100][7.689s][info][gc,heap        ] GC(119) DefNew: 150581K(196288K)->2K(196288K) Eden: 150581K(174528K)->0K(174528K) From: 0K(21760K)->2K(21760K)
[2026-05-06T01:04:27.409+0100][7.689s][info][gc,heap        ] GC(119) Tenured: 203730K(435968K)->203730K(435968K)
[2026-05-06T01:04:27.409+0100][7.689s][info][gc,metaspace   ] GC(119) Metaspace: 19063K(19456K)->19063K(19456K) NonClass: 16833K(17024K)->16833K(17024K) Class: 2230K(2432K)->2230K(2432K)
[2026-05-06T01:04:27.409+0100][7.689s][info][gc             ] GC(119) Pause Young (Allocation Failure) 346M->198M(617M) 0.169ms
[2026-05-06T01:04:27.409+0100][7.689s][info][gc,cpu         ] GC(119) User=0.00s Sys=0.00s Real=0.00s
[2026-05-06T01:04:27.440+0100][7.720s][info][gc,start       ] GC(120) Pause Young (Allocation Failure)
[2026-05-06T01:04:27.440+0100][7.720s][info][gc,heap        ] GC(120) DefNew: 150686K(196288K)->2K(196288K) Eden: 150684K(174528K)->0K(174528K) From: 2K(21760K)->2K(21760K)
[2026-05-06T01:04:27.440+0100][7.720s][info][gc,heap        ] GC(120) Tenured: 203730K(435968K)->203730K(435968K)
[2026-05-06T01:04:27.440+0100][7.720s][info][gc,metaspace   ] GC(120) Metaspace: 19063K(19456K)->19063K(19456K) NonClass: 16833K(17024K)->16833K(17024K) Class: 2230K(2432K)->2230K(2432K)
[2026-05-06T01:04:27.440+0100][7.720s][info][gc             ] GC(120) Pause Young (Allocation Failure) 346M->198M(617M) 0.175ms
[2026-05-06T01:04:27.440+0100][7.720s][info][gc,cpu         ] GC(120) User=0.00s Sys=0.00s Real=0.00s
[2026-05-06T01:04:27.463+0100][7.743s][info][gc,start       ] GC(121) Pause Young (Allocation Failure)
[2026-05-06T01:04:27.463+0100][7.743s][info][gc,heap        ] GC(121) DefNew: 152307K(196288K)->9K(196288K) Eden: 152305K(174528K)->0K(174528K) From: 2K(21760K)->9K(21760K)
[2026-05-06T01:04:27.463+0100][7.743s][info][gc,heap        ] GC(121) Tenured: 203730K(435968K)->203730K(435968K)
[2026-05-06T01:04:27.463+0100][7.743s][info][gc,metaspace   ] GC(121) Metaspace: 19063K(19456K)->19063K(19456K) NonClass: 16833K(17024K)->16833K(17024K) Class: 2230K(2432K)->2230K(2432K)
[2026-05-06T01:04:27.463+0100][7.743s][info][gc             ] GC(121) Pause Young (Allocation Failure) 347M->198M(617M) 0.225ms
[2026-05-06T01:04:27.463+0100][7.743s][info][gc,cpu         ] GC(121) User=0.00s Sys=0.00s Real=0.00s
[2026-05-06T01:04:27.476+0100][7.756s][info][gc,start       ] GC(122) Pause Full (System.gc())
[2026-05-06T01:04:27.476+0100][7.756s][info][gc,phases,start] GC(122) Phase 1: Mark live objects
[2026-05-06T01:04:27.481+0100][7.761s][info][gc,phases      ] GC(122) Phase 1: Mark live objects 5.221ms
[2026-05-06T01:04:27.481+0100][7.761s][info][gc,phases,start] GC(122) Phase 2: Compute new object addresses
[2026-05-06T01:04:27.482+0100][7.762s][info][gc,phases      ] GC(122) Phase 2: Compute new object addresses 1.408ms
[2026-05-06T01:04:27.482+0100][7.762s][info][gc,phases,start] GC(122) Phase 3: Adjust pointers
[2026-05-06T01:04:27.486+0100][7.766s][info][gc,phases      ] GC(122) Phase 3: Adjust pointers 3.870ms
[2026-05-06T01:04:27.486+0100][7.766s][info][gc,phases,start] GC(122) Phase 4: Move objects
[2026-05-06T01:04:27.486+0100][7.766s][info][gc,phases      ] GC(122) Phase 4: Move objects 0.006ms
[2026-05-06T01:04:27.486+0100][7.766s][info][gc,heap        ] GC(122) DefNew: 92777K(196288K)->0K(196352K) Eden: 92768K(174528K)->0K(174592K) From: 9K(21760K)->0K(21760K)
[2026-05-06T01:04:27.486+0100][7.766s][info][gc,heap        ] GC(122) Tenured: 203730K(435968K)->203737K(435968K)
[2026-05-06T01:04:27.486+0100][7.766s][info][gc,metaspace   ] GC(122) Metaspace: 19063K(19456K)->19063K(19456K) NonClass: 16833K(17024K)->16833K(17024K) Class: 2230K(2432K)->2230K(2432K)
[2026-05-06T01:04:27.486+0100][7.766s][info][gc             ] GC(122) Pause Full (System.gc()) 289M->198M(617M) 10.621ms
[2026-05-06T01:04:27.486+0100][7.766s][info][gc,cpu         ] GC(122) User=0.01s Sys=0.00s Real=0.01s
[2026-05-06T01:04:27.518+0100][7.798s][info][gc,start       ] GC(123) Pause Young (Allocation Failure)
[2026-05-06T01:04:27.519+0100][7.799s][info][gc,heap        ] GC(123) DefNew: 174592K(196352K)->11K(196352K) Eden: 174592K(174592K)->0K(174592K) From: 0K(21760K)->11K(21760K)
[2026-05-06T01:04:27.519+0100][7.799s][info][gc,heap        ] GC(123) Tenured: 203737K(435968K)->203737K(435968K)
[2026-05-06T01:04:27.519+0100][7.799s][info][gc,metaspace   ] GC(123) Metaspace: 19063K(19456K)->19063K(19456K) NonClass: 16833K(17024K)->16833K(17024K) Class: 2230K(2432K)->2230K(2432K)
[2026-05-06T01:04:27.519+0100][7.799s][info][gc             ] GC(123) Pause Young (Allocation Failure) 369M->198M(617M) 0.271ms
[2026-05-06T01:04:27.519+0100][7.799s][info][gc,cpu         ] GC(123) User=0.00s Sys=0.00s Real=0.00s
[2026-05-06T01:04:27.550+0100][7.830s][info][gc,start       ] GC(124) Pause Young (Allocation Failure)
[2026-05-06T01:04:27.551+0100][7.831s][info][gc,heap        ] GC(124) DefNew: 174603K(196352K)->16K(196352K) Eden: 174592K(174592K)->0K(174592K) From: 11K(21760K)->16K(21760K)
[2026-05-06T01:04:27.551+0100][7.831s][info][gc,heap        ] GC(124) Tenured: 203737K(435968K)->203737K(435968K)
[2026-05-06T01:04:27.551+0100][7.831s][info][gc,metaspace   ] GC(124) Metaspace: 19063K(19456K)->19063K(19456K) NonClass: 16833K(17024K)->16833K(17024K) Class: 2230K(2432K)->2230K(2432K)
[2026-05-06T01:04:27.551+0100][7.831s][info][gc             ] GC(124) Pause Young (Allocation Failure) 369M->198M(617M) 0.205ms
[2026-05-06T01:04:27.551+0100][7.831s][info][gc,cpu         ] GC(124) User=0.00s Sys=0.00s Real=0.00s
[2026-05-06T01:04:27.585+0100][7.865s][info][gc,start       ] GC(125) Pause Young (Allocation Failure)
[2026-05-06T01:04:27.585+0100][7.865s][info][gc,heap        ] GC(125) DefNew: 173040K(196352K)->9K(196352K) Eden: 173023K(174592K)->0K(174592K) From: 16K(21760K)->9K(21760K)
[2026-05-06T01:04:27.585+0100][7.865s][info][gc,heap        ] GC(125) Tenured: 203737K(435968K)->203737K(435968K)
[2026-05-06T01:04:27.585+0100][7.865s][info][gc,metaspace   ] GC(125) Metaspace: 19065K(19456K)->19065K(19456K) NonClass: 16835K(17024K)->16835K(17024K) Class: 2230K(2432K)->2230K(2432K)
[2026-05-06T01:04:27.585+0100][7.865s][info][gc             ] GC(125) Pause Young (Allocation Failure) 367M->198M(617M) 0.218ms
[2026-05-06T01:04:27.585+0100][7.865s][info][gc,cpu         ] GC(125) User=0.00s Sys=0.00s Real=0.00s
[2026-05-06T01:04:27.590+0100][7.870s][info][gc,start       ] GC(126) Pause Full (System.gc())
[2026-05-06T01:04:27.590+0100][7.870s][info][gc,phases,start] GC(126) Phase 1: Mark live objects
[2026-05-06T01:04:27.595+0100][7.875s][info][gc,phases      ] GC(126) Phase 1: Mark live objects 5.202ms
[2026-05-06T01:04:27.595+0100][7.875s][info][gc,phases,start] GC(126) Phase 2: Compute new object addresses
[2026-05-06T01:04:27.596+0100][7.876s][info][gc,phases      ] GC(126) Phase 2: Compute new object addresses 1.437ms
[2026-05-06T01:04:27.596+0100][7.876s][info][gc,phases,start] GC(126) Phase 3: Adjust pointers
[2026-05-06T01:04:27.600+0100][7.880s][info][gc,phases      ] GC(126) Phase 3: Adjust pointers 3.827ms
[2026-05-06T01:04:27.600+0100][7.880s][info][gc,phases,start] GC(126) Phase 4: Move objects
[2026-05-06T01:04:27.600+0100][7.880s][info][gc,phases      ] GC(126) Phase 4: Move objects 0.005ms
[2026-05-06T01:04:27.600+0100][7.880s][info][gc,heap        ] GC(126) DefNew: 42232K(196352K)->0K(196288K) Eden: 42223K(174592K)->0K(174528K) From: 9K(21760K)->0K(21760K)
[2026-05-06T01:04:27.600+0100][7.880s][info][gc,heap        ] GC(126) Tenured: 203737K(435968K)->203744K(435968K)
[2026-05-06T01:04:27.600+0100][7.880s][info][gc,metaspace   ] GC(126) Metaspace: 19065K(19456K)->19065K(19456K) NonClass: 16835K(17024K)->16835K(17024K) Class: 2230K(2432K)->2230K(2432K)
[2026-05-06T01:04:27.600+0100][7.880s][info][gc             ] GC(126) Pause Full (System.gc()) 240M->198M(617M) 10.573ms
[2026-05-06T01:04:27.600+0100][7.880s][info][gc,cpu         ] GC(126) User=0.01s Sys=0.00s Real=0.01s
[2026-05-06T01:04:27.633+0100][7.913s][info][gc,start       ] GC(127) Pause Young (Allocation Failure)
[2026-05-06T01:04:27.633+0100][7.913s][info][gc,heap        ] GC(127) DefNew: 171630K(196288K)->9K(196288K) Eden: 171630K(174528K)->0K(174528K) From: 0K(21760K)->9K(21760K)
[2026-05-06T01:04:27.633+0100][7.913s][info][gc,heap        ] GC(127) Tenured: 203744K(435968K)->203744K(435968K)
[2026-05-06T01:04:27.633+0100][7.913s][info][gc,metaspace   ] GC(127) Metaspace: 19065K(19456K)->19065K(19456K) NonClass: 16835K(17024K)->16835K(17024K) Class: 2230K(2432K)->2230K(2432K)
[2026-05-06T01:04:27.633+0100][7.913s][info][gc             ] GC(127) Pause Young (Allocation Failure) 366M->198M(617M) 0.242ms
[2026-05-06T01:04:27.633+0100][7.913s][info][gc,cpu         ] GC(127) User=0.00s Sys=0.00s Real=0.00s
[2026-05-06T01:04:27.663+0100][7.943s][info][gc,start       ] GC(128) Pause Young (Allocation Failure)
[2026-05-06T01:04:27.663+0100][7.943s][info][gc,heap        ] GC(128) DefNew: 166363K(196288K)->9K(196288K) Eden: 166354K(174528K)->0K(174528K) From: 9K(21760K)->9K(21760K)
[2026-05-06T01:04:27.663+0100][7.943s][info][gc,heap        ] GC(128) Tenured: 203744K(435968K)->203744K(435968K)
[2026-05-06T01:04:27.663+0100][7.943s][info][gc,metaspace   ] GC(128) Metaspace: 19065K(19456K)->19065K(19456K) NonClass: 16835K(17024K)->16835K(17024K) Class: 2230K(2432K)->2230K(2432K)
[2026-05-06T01:04:27.663+0100][7.943s][info][gc             ] GC(128) Pause Young (Allocation Failure) 361M->198M(617M) 0.195ms
[2026-05-06T01:04:27.663+0100][7.943s][info][gc,cpu         ] GC(128) User=0.00s Sys=0.00s Real=0.00s
[2026-05-06T01:04:27.692+0100][7.972s][info][gc,start       ] GC(129) Pause Young (Allocation Failure)
[2026-05-06T01:04:27.693+0100][7.973s][info][gc,heap        ] GC(129) DefNew: 155727K(196288K)->2K(196288K) Eden: 155718K(174528K)->0K(174528K) From: 9K(21760K)->2K(21760K)
[2026-05-06T01:04:27.693+0100][7.973s][info][gc,heap        ] GC(129) Tenured: 203744K(435968K)->203744K(435968K)
[2026-05-06T01:04:27.693+0100][7.973s][info][gc,metaspace   ] GC(129) Metaspace: 19065K(19456K)->19065K(19456K) NonClass: 16835K(17024K)->16835K(17024K) Class: 2230K(2432K)->2230K(2432K)
[2026-05-06T01:04:27.693+0100][7.973s][info][gc             ] GC(129) Pause Young (Allocation Failure) 351M->198M(617M) 0.217ms
[2026-05-06T01:04:27.693+0100][7.973s][info][gc,cpu         ] GC(129) User=0.00s Sys=0.00s Real=0.00s
[2026-05-06T01:04:27.697+0100][7.977s][info][gc,start       ] GC(130) Pause Full (System.gc())
[2026-05-06T01:04:27.697+0100][7.977s][info][gc,phases,start] GC(130) Phase 1: Mark live objects
[2026-05-06T01:04:27.702+0100][7.982s][info][gc,phases      ] GC(130) Phase 1: Mark live objects 5.301ms
[2026-05-06T01:04:27.702+0100][7.982s][info][gc,phases,start] GC(130) Phase 2: Compute new object addresses
[2026-05-06T01:04:27.704+0100][7.984s][info][gc,phases      ] GC(130) Phase 2: Compute new object addresses 1.440ms
[2026-05-06T01:04:27.704+0100][7.984s][info][gc,phases,start] GC(130) Phase 3: Adjust pointers
[2026-05-06T01:04:27.707+0100][7.987s][info][gc,phases      ] GC(130) Phase 3: Adjust pointers 3.945ms
[2026-05-06T01:04:27.708+0100][7.987s][info][gc,phases,start] GC(130) Phase 4: Move objects
[2026-05-06T01:04:27.708+0100][7.988s][info][gc,phases      ] GC(130) Phase 4: Move objects 0.004ms
[2026-05-06T01:04:27.708+0100][7.988s][info][gc,heap        ] GC(130) DefNew: 39983K(196288K)->0K(196288K) Eden: 39981K(174528K)->0K(174528K) From: 2K(21760K)->0K(21760K)
[2026-05-06T01:04:27.708+0100][7.988s][info][gc,heap        ] GC(130) Tenured: 203744K(435968K)->203745K(435968K)
[2026-05-06T01:04:27.708+0100][7.988s][info][gc,metaspace   ] GC(130) Metaspace: 19065K(19456K)->19065K(19456K) NonClass: 16835K(17024K)->16835K(17024K) Class: 2230K(2432K)->2230K(2432K)
[2026-05-06T01:04:27.708+0100][7.988s][info][gc             ] GC(130) Pause Full (System.gc()) 238M->198M(617M) 10.796ms
[2026-05-06T01:04:27.708+0100][7.988s][info][gc,cpu         ] GC(130) User=0.01s Sys=0.00s Real=0.01s
[2026-05-06T01:04:27.737+0100][8.017s][info][gc,start       ] GC(131) Pause Young (Allocation Failure)
[2026-05-06T01:04:27.737+0100][8.017s][info][gc,heap        ] GC(131) DefNew: 150573K(196288K)->2K(196288K) Eden: 150573K(174528K)->0K(174528K) From: 0K(21760K)->2K(21760K)
[2026-05-06T01:04:27.737+0100][8.017s][info][gc,heap        ] GC(131) Tenured: 203745K(435968K)->203745K(435968K)
[2026-05-06T01:04:27.737+0100][8.017s][info][gc,metaspace   ] GC(131) Metaspace: 19065K(19456K)->19065K(19456K) NonClass: 16835K(17024K)->16835K(17024K) Class: 2230K(2432K)->2230K(2432K)
[2026-05-06T01:04:27.737+0100][8.017s][info][gc             ] GC(131) Pause Young (Allocation Failure) 346M->198M(617M) 0.159ms
[2026-05-06T01:04:27.737+0100][8.017s][info][gc,cpu         ] GC(131) User=0.00s Sys=0.00s Real=0.00s
[2026-05-06T01:04:27.765+0100][8.045s][info][gc,start       ] GC(132) Pause Young (Allocation Failure)
[2026-05-06T01:04:27.765+0100][8.045s][info][gc,heap        ] GC(132) DefNew: 150680K(196288K)->2K(196288K) Eden: 150678K(174528K)->0K(174528K) From: 2K(21760K)->2K(21760K)
[2026-05-06T01:04:27.765+0100][8.045s][info][gc,heap        ] GC(132) Tenured: 203745K(435968K)->203745K(435968K)
[2026-05-06T01:04:27.765+0100][8.045s][info][gc,metaspace   ] GC(132) Metaspace: 19065K(19456K)->19065K(19456K) NonClass: 16835K(17024K)->16835K(17024K) Class: 2230K(2432K)->2230K(2432K)
[2026-05-06T01:04:27.765+0100][8.045s][info][gc             ] GC(132) Pause Young (Allocation Failure) 346M->198M(617M) 0.154ms
[2026-05-06T01:04:27.765+0100][8.045s][info][gc,cpu         ] GC(132) User=0.00s Sys=0.00s Real=0.00s
[2026-05-06T01:04:27.786+0100][8.066s][info][gc,start       ] GC(133) Pause Young (Allocation Failure)
[2026-05-06T01:04:27.786+0100][8.066s][info][gc,heap        ] GC(133) DefNew: 151151K(196288K)->11K(196288K) Eden: 151149K(174528K)->0K(174528K) From: 2K(21760K)->11K(21760K)
[2026-05-06T01:04:27.786+0100][8.066s][info][gc,heap        ] GC(133) Tenured: 203745K(435968K)->203745K(435968K)
[2026-05-06T01:04:27.786+0100][8.066s][info][gc,metaspace   ] GC(133) Metaspace: 19065K(19456K)->19065K(19456K) NonClass: 16835K(17024K)->16835K(17024K) Class: 2230K(2432K)->2230K(2432K)
[2026-05-06T01:04:27.786+0100][8.066s][info][gc             ] GC(133) Pause Young (Allocation Failure) 346M->198M(617M) 0.208ms
[2026-05-06T01:04:27.786+0100][8.066s][info][gc,cpu         ] GC(133) User=0.00s Sys=0.00s Real=0.00s
[2026-05-06T01:04:27.797+0100][8.077s][info][gc,start       ] GC(134) Pause Full (System.gc())
[2026-05-06T01:04:27.797+0100][8.077s][info][gc,phases,start] GC(134) Phase 1: Mark live objects
[2026-05-06T01:04:27.803+0100][8.083s][info][gc,phases      ] GC(134) Phase 1: Mark live objects 5.260ms
[2026-05-06T01:04:27.803+0100][8.083s][info][gc,phases,start] GC(134) Phase 2: Compute new object addresses
[2026-05-06T01:04:27.804+0100][8.084s][info][gc,phases      ] GC(134) Phase 2: Compute new object addresses 1.436ms
[2026-05-06T01:04:27.804+0100][8.084s][info][gc,phases,start] GC(134) Phase 3: Adjust pointers
[2026-05-06T01:04:27.808+0100][8.088s][info][gc,phases      ] GC(134) Phase 3: Adjust pointers 3.820ms
[2026-05-06T01:04:27.808+0100][8.088s][info][gc,phases,start] GC(134) Phase 4: Move objects
[2026-05-06T01:04:27.808+0100][8.088s][info][gc,phases      ] GC(134) Phase 4: Move objects 0.012ms
[2026-05-06T01:04:27.808+0100][8.088s][info][gc,heap        ] GC(134) DefNew: 93081K(196288K)->0K(196352K) Eden: 93069K(174528K)->0K(174592K) From: 11K(21760K)->0K(21760K)
[2026-05-06T01:04:27.808+0100][8.088s][info][gc,heap        ] GC(134) Tenured: 203745K(435968K)->203741K(435968K)
[2026-05-06T01:04:27.808+0100][8.088s][info][gc,metaspace   ] GC(134) Metaspace: 19065K(19456K)->19065K(19456K) NonClass: 16835K(17024K)->16835K(17024K) Class: 2230K(2432K)->2230K(2432K)
[2026-05-06T01:04:27.808+0100][8.088s][info][gc             ] GC(134) Pause Full (System.gc()) 289M->198M(617M) 10.663ms
[2026-05-06T01:04:27.808+0100][8.088s][info][gc,cpu         ] GC(134) User=0.01s Sys=0.00s Real=0.01s
[2026-05-06T01:04:27.837+0100][8.117s][info][gc,start       ] GC(135) Pause Young (Allocation Failure)
[2026-05-06T01:04:27.837+0100][8.117s][info][gc,heap        ] GC(135) DefNew: 174592K(196352K)->10K(196352K) Eden: 174592K(174592K)->0K(174592K) From: 0K(21760K)->10K(21760K)
[2026-05-06T01:04:27.837+0100][8.117s][info][gc,heap        ] GC(135) Tenured: 203741K(435968K)->203741K(435968K)
[2026-05-06T01:04:27.837+0100][8.117s][info][gc,metaspace   ] GC(135) Metaspace: 19065K(19456K)->19065K(19456K) NonClass: 16835K(17024K)->16835K(17024K) Class: 2230K(2432K)->2230K(2432K)
[2026-05-06T01:04:27.837+0100][8.117s][info][gc             ] GC(135) Pause Young (Allocation Failure) 369M->198M(617M) 0.210ms
[2026-05-06T01:04:27.837+0100][8.117s][info][gc,cpu         ] GC(135) User=0.00s Sys=0.00s Real=0.00s
[2026-05-06T01:04:27.864+0100][8.144s][info][gc,start       ] GC(136) Pause Young (Allocation Failure)
[2026-05-06T01:04:27.864+0100][8.144s][info][gc,heap        ] GC(136) DefNew: 174602K(196352K)->10K(196352K) Eden: 174592K(174592K)->0K(174592K) From: 10K(21760K)->10K(21760K)
[2026-05-06T01:04:27.864+0100][8.144s][info][gc,heap        ] GC(136) Tenured: 203741K(435968K)->203741K(435968K)
[2026-05-06T01:04:27.864+0100][8.144s][info][gc,metaspace   ] GC(136) Metaspace: 19065K(19456K)->19065K(19456K) NonClass: 16835K(17024K)->16835K(17024K) Class: 2230K(2432K)->2230K(2432K)
[2026-05-06T01:04:27.864+0100][8.144s][info][gc             ] GC(136) Pause Young (Allocation Failure) 369M->198M(617M) 0.201ms
[2026-05-06T01:04:27.864+0100][8.144s][info][gc,cpu         ] GC(136) User=0.00s Sys=0.00s Real=0.00s
[2026-05-06T01:04:27.887+0100][8.167s][info][gc,start       ] GC(137) Pause Young (Allocation Failure)
[2026-05-06T01:04:27.888+0100][8.168s][info][gc,heap        ] GC(137) DefNew: 144348K(196352K)->11K(196352K) Eden: 144337K(174592K)->0K(174592K) From: 10K(21760K)->11K(21760K)
[2026-05-06T01:04:27.888+0100][8.168s][info][gc,heap        ] GC(137) Tenured: 203741K(435968K)->203741K(435968K)
[2026-05-06T01:04:27.888+0100][8.168s][info][gc,metaspace   ] GC(137) Metaspace: 19066K(19456K)->19066K(19456K) NonClass: 16836K(17024K)->16836K(17024K) Class: 2230K(2432K)->2230K(2432K)
[2026-05-06T01:04:27.888+0100][8.168s][info][gc             ] GC(137) Pause Young (Allocation Failure) 339M->198M(617M) 0.222ms
[2026-05-06T01:04:27.888+0100][8.168s][info][gc,cpu         ] GC(137) User=0.00s Sys=0.00s Real=0.00s
[2026-05-06T01:04:27.899+0100][8.179s][info][gc,start       ] GC(138) Pause Full (System.gc())
[2026-05-06T01:04:27.899+0100][8.179s][info][gc,phases,start] GC(138) Phase 1: Mark live objects
[2026-05-06T01:04:27.905+0100][8.185s][info][gc,phases      ] GC(138) Phase 1: Mark live objects 5.592ms
[2026-05-06T01:04:27.905+0100][8.185s][info][gc,phases,start] GC(138) Phase 2: Compute new object addresses
[2026-05-06T01:04:27.906+0100][8.186s][info][gc,phases      ] GC(138) Phase 2: Compute new object addresses 1.472ms
[2026-05-06T01:04:27.906+0100][8.186s][info][gc,phases,start] GC(138) Phase 3: Adjust pointers
[2026-05-06T01:04:27.910+0100][8.190s][info][gc,phases      ] GC(138) Phase 3: Adjust pointers 3.992ms
[2026-05-06T01:04:27.910+0100][8.190s][info][gc,phases,start] GC(138) Phase 4: Move objects
[2026-05-06T01:04:27.910+0100][8.190s][info][gc,phases      ] GC(138) Phase 4: Move objects 0.006ms
[2026-05-06T01:04:27.910+0100][8.190s][info][gc,heap        ] GC(138) DefNew: 85680K(196352K)->0K(196288K) Eden: 85668K(174592K)->0K(174528K) From: 11K(21760K)->0K(21760K)
[2026-05-06T01:04:27.910+0100][8.190s][info][gc,heap        ] GC(138) Tenured: 203741K(435968K)->203743K(435968K)
[2026-05-06T01:04:27.910+0100][8.190s][info][gc,metaspace   ] GC(138) Metaspace: 19066K(19456K)->19066K(19456K) NonClass: 16836K(17024K)->16836K(17024K) Class: 2230K(2432K)->2230K(2432K)
[2026-05-06T01:04:27.910+0100][8.190s][info][gc             ] GC(138) Pause Full (System.gc()) 282M->198M(617M) 11.195ms
[2026-05-06T01:04:27.910+0100][8.190s][info][gc,cpu         ] GC(138) User=0.01s Sys=0.00s Real=0.02s
[2026-05-06T01:04:27.935+0100][8.215s][info][gc,start       ] GC(139) Pause Young (Allocation Failure)
[2026-05-06T01:04:27.935+0100][8.215s][info][gc,heap        ] GC(139) DefNew: 141434K(196288K)->11K(196288K) Eden: 141434K(174528K)->0K(174528K) From: 0K(21760K)->11K(21760K)
[2026-05-06T01:04:27.935+0100][8.215s][info][gc,heap        ] GC(139) Tenured: 203743K(435968K)->203743K(435968K)
[2026-05-06T01:04:27.935+0100][8.215s][info][gc,metaspace   ] GC(139) Metaspace: 19066K(19456K)->19066K(19456K) NonClass: 16836K(17024K)->16836K(17024K) Class: 2230K(2432K)->2230K(2432K)
[2026-05-06T01:04:27.935+0100][8.215s][info][gc             ] GC(139) Pause Young (Allocation Failure) 337M->198M(617M) 0.234ms
[2026-05-06T01:04:27.935+0100][8.215s][info][gc,cpu         ] GC(139) User=0.00s Sys=0.00s Real=0.00s
[2026-05-06T01:04:27.961+0100][8.241s][info][gc,start       ] GC(140) Pause Young (Allocation Failure)
[2026-05-06T01:04:27.961+0100][8.241s][info][gc,heap        ] GC(140) DefNew: 174142K(196288K)->12K(196288K) Eden: 174130K(174528K)->0K(174528K) From: 11K(21760K)->12K(21760K)
[2026-05-06T01:04:27.961+0100][8.241s][info][gc,heap        ] GC(140) Tenured: 203743K(435968K)->203743K(435968K)
[2026-05-06T01:04:27.961+0100][8.241s][info][gc,metaspace   ] GC(140) Metaspace: 19066K(19456K)->19066K(19456K) NonClass: 16836K(17024K)->16836K(17024K) Class: 2230K(2432K)->2230K(2432K)
[2026-05-06T01:04:27.961+0100][8.241s][info][gc             ] GC(140) Pause Young (Allocation Failure) 369M->198M(617M) 0.197ms
[2026-05-06T01:04:27.961+0100][8.241s][info][gc,cpu         ] GC(140) User=0.00s Sys=0.00s Real=0.00s
[2026-05-06T01:04:27.989+0100][8.269s][info][gc,start       ] GC(141) Pause Young (Allocation Failure)
[2026-05-06T01:04:27.990+0100][8.270s][info][gc,heap        ] GC(141) DefNew: 164188K(196288K)->2K(196288K) Eden: 164176K(174528K)->0K(174528K) From: 12K(21760K)->2K(21760K)
[2026-05-06T01:04:27.990+0100][8.270s][info][gc,heap        ] GC(141) Tenured: 203743K(435968K)->203743K(435968K)
[2026-05-06T01:04:27.990+0100][8.270s][info][gc,metaspace   ] GC(141) Metaspace: 19068K(19456K)->19068K(19456K) NonClass: 16837K(17024K)->16837K(17024K) Class: 2230K(2432K)->2230K(2432K)
[2026-05-06T01:04:27.990+0100][8.270s][info][gc             ] GC(141) Pause Young (Allocation Failure) 359M->198M(617M) 0.232ms
[2026-05-06T01:04:27.990+0100][8.270s][info][gc,cpu         ] GC(141) User=0.00s Sys=0.00s Real=0.01s
[2026-05-06T01:04:28.001+0100][8.281s][info][gc,start       ] GC(142) Pause Full (System.gc())
[2026-05-06T01:04:28.001+0100][8.281s][info][gc,phases,start] GC(142) Phase 1: Mark live objects
[2026-05-06T01:04:28.007+0100][8.287s][info][gc,phases      ] GC(142) Phase 1: Mark live objects 5.277ms
[2026-05-06T01:04:28.007+0100][8.287s][info][gc,phases,start] GC(142) Phase 2: Compute new object addresses
[2026-05-06T01:04:28.008+0100][8.288s][info][gc,phases      ] GC(142) Phase 2: Compute new object addresses 1.533ms
[2026-05-06T01:04:28.008+0100][8.288s][info][gc,phases,start] GC(142) Phase 3: Adjust pointers
[2026-05-06T01:04:28.012+0100][8.292s][info][gc,phases      ] GC(142) Phase 3: Adjust pointers 3.832ms
[2026-05-06T01:04:28.012+0100][8.292s][info][gc,phases,start] GC(142) Phase 4: Move objects
[2026-05-06T01:04:28.012+0100][8.292s][info][gc,phases      ] GC(142) Phase 4: Move objects 0.005ms
[2026-05-06T01:04:28.012+0100][8.292s][info][gc,heap        ] GC(142) DefNew: 78244K(196288K)->0K(196288K) Eden: 78241K(174528K)->0K(174528K) From: 2K(21760K)->0K(21760K)
[2026-05-06T01:04:28.012+0100][8.292s][info][gc,heap        ] GC(142) Tenured: 203743K(435968K)->203744K(435968K)
[2026-05-06T01:04:28.012+0100][8.292s][info][gc,metaspace   ] GC(142) Metaspace: 19068K(19456K)->19068K(19456K) NonClass: 16837K(17024K)->16837K(17024K) Class: 2230K(2432K)->2230K(2432K)
[2026-05-06T01:04:28.012+0100][8.292s][info][gc             ] GC(142) Pause Full (System.gc()) 275M->198M(617M) 10.784ms
[2026-05-06T01:04:28.012+0100][8.292s][info][gc,cpu         ] GC(142) User=0.01s Sys=0.00s Real=0.01s
[2026-05-06T01:04:28.039+0100][8.319s][info][gc,start       ] GC(143) Pause Young (Allocation Failure)
[2026-05-06T01:04:28.039+0100][8.319s][info][gc,heap        ] GC(143) DefNew: 156871K(196288K)->2K(196288K) Eden: 156871K(174528K)->0K(174528K) From: 0K(21760K)->2K(21760K)
[2026-05-06T01:04:28.039+0100][8.319s][info][gc,heap        ] GC(143) Tenured: 203744K(435968K)->203744K(435968K)
[2026-05-06T01:04:28.039+0100][8.319s][info][gc,metaspace   ] GC(143) Metaspace: 19068K(19456K)->19068K(19456K) NonClass: 16837K(17024K)->16837K(17024K) Class: 2230K(2432K)->2230K(2432K)
[2026-05-06T01:04:28.039+0100][8.319s][info][gc             ] GC(143) Pause Young (Allocation Failure) 352M->198M(617M) 0.187ms
[2026-05-06T01:04:28.039+0100][8.319s][info][gc,cpu         ] GC(143) User=0.00s Sys=0.00s Real=0.00s
[2026-05-06T01:04:28.063+0100][8.343s][info][gc,start       ] GC(144) Pause Young (Allocation Failure)
[2026-05-06T01:04:28.063+0100][8.343s][info][gc,heap        ] GC(144) DefNew: 155825K(196288K)->2K(196288K) Eden: 155823K(174528K)->0K(174528K) From: 2K(21760K)->2K(21760K)
[2026-05-06T01:04:28.063+0100][8.343s][info][gc,heap        ] GC(144) Tenured: 203744K(435968K)->203744K(435968K)
[2026-05-06T01:04:28.063+0100][8.343s][info][gc,metaspace   ] GC(144) Metaspace: 19068K(19456K)->19068K(19456K) NonClass: 16837K(17024K)->16837K(17024K) Class: 2230K(2432K)->2230K(2432K)
[2026-05-06T01:04:28.063+0100][8.343s][info][gc             ] GC(144) Pause Young (Allocation Failure) 351M->198M(617M) 0.164ms
[2026-05-06T01:04:28.063+0100][8.343s][info][gc,cpu         ] GC(144) User=0.00s Sys=0.00s Real=0.00s
[2026-05-06T01:04:28.090+0100][8.370s][info][gc,start       ] GC(145) Pause Young (Allocation Failure)
[2026-05-06T01:04:28.090+0100][8.370s][info][gc,heap        ] GC(145) DefNew: 152970K(196288K)->2K(196288K) Eden: 152968K(174528K)->0K(174528K) From: 2K(21760K)->2K(21760K)
[2026-05-06T01:04:28.090+0100][8.370s][info][gc,heap        ] GC(145) Tenured: 203744K(435968K)->203744K(435968K)
[2026-05-06T01:04:28.090+0100][8.370s][info][gc,metaspace   ] GC(145) Metaspace: 19069K(19456K)->19069K(19456K) NonClass: 16839K(17024K)->16839K(17024K) Class: 2230K(2432K)->2230K(2432K)
[2026-05-06T01:04:28.090+0100][8.370s][info][gc             ] GC(145) Pause Young (Allocation Failure) 348M->198M(617M) 0.205ms
[2026-05-06T01:04:28.090+0100][8.370s][info][gc,cpu         ] GC(145) User=0.00s Sys=0.00s Real=0.00s
[2026-05-06T01:04:28.094+0100][8.374s][info][gc,start       ] GC(146) Pause Full (System.gc())
[2026-05-06T01:04:28.094+0100][8.374s][info][gc,phases,start] GC(146) Phase 1: Mark live objects
[2026-05-06T01:04:28.099+0100][8.379s][info][gc,phases      ] GC(146) Phase 1: Mark live objects 5.295ms
[2026-05-06T01:04:28.099+0100][8.379s][info][gc,phases,start] GC(146) Phase 2: Compute new object addresses
[2026-05-06T01:04:28.101+0100][8.381s][info][gc,phases      ] GC(146) Phase 2: Compute new object addresses 1.420ms
[2026-05-06T01:04:28.101+0100][8.381s][info][gc,phases,start] GC(146) Phase 3: Adjust pointers
[2026-05-06T01:04:28.105+0100][8.385s][info][gc,phases      ] GC(146) Phase 3: Adjust pointers 4.052ms
[2026-05-06T01:04:28.105+0100][8.385s][info][gc,phases,start] GC(146) Phase 4: Move objects
[2026-05-06T01:04:28.105+0100][8.385s][info][gc,phases      ] GC(146) Phase 4: Move objects 0.006ms
[2026-05-06T01:04:28.105+0100][8.385s][info][gc,heap        ] GC(146) DefNew: 40251K(196288K)->0K(196288K) Eden: 40248K(174528K)->0K(174528K) From: 2K(21760K)->0K(21760K)
[2026-05-06T01:04:28.105+0100][8.385s][info][gc,heap        ] GC(146) Tenured: 203744K(435968K)->203744K(435968K)
[2026-05-06T01:04:28.105+0100][8.385s][info][gc,metaspace   ] GC(146) Metaspace: 19069K(19456K)->19069K(19456K) NonClass: 16839K(17024K)->16839K(17024K) Class: 2230K(2432K)->2230K(2432K)
[2026-05-06T01:04:28.105+0100][8.385s][info][gc             ] GC(146) Pause Full (System.gc()) 238M->198M(617M) 10.885ms
[2026-05-06T01:04:28.105+0100][8.385s][info][gc,cpu         ] GC(146) User=0.01s Sys=0.00s Real=0.01s
[2026-05-06T01:04:28.132+0100][8.412s][info][gc,start       ] GC(147) Pause Young (Allocation Failure)
[2026-05-06T01:04:28.132+0100][8.412s][info][gc,heap        ] GC(147) DefNew: 152340K(196288K)->2K(196288K) Eden: 152340K(174528K)->0K(174528K) From: 0K(21760K)->2K(21760K)
[2026-05-06T01:04:28.132+0100][8.412s][info][gc,heap        ] GC(147) Tenured: 203744K(435968K)->203744K(435968K)
[2026-05-06T01:04:28.132+0100][8.412s][info][gc,metaspace   ] GC(147) Metaspace: 19069K(19456K)->19069K(19456K) NonClass: 16839K(17024K)->16839K(17024K) Class: 2230K(2432K)->2230K(2432K)
[2026-05-06T01:04:28.132+0100][8.412s][info][gc             ] GC(147) Pause Young (Allocation Failure) 347M->198M(617M) 0.164ms
[2026-05-06T01:04:28.132+0100][8.412s][info][gc,cpu         ] GC(147) User=0.00s Sys=0.00s Real=0.00s
[2026-05-06T01:04:28.156+0100][8.436s][info][gc,start       ] GC(148) Pause Young (Allocation Failure)
[2026-05-06T01:04:28.157+0100][8.437s][info][gc,heap        ] GC(148) DefNew: 152123K(196288K)->2K(196288K) Eden: 152121K(174528K)->0K(174528K) From: 2K(21760K)->2K(21760K)
[2026-05-06T01:04:28.157+0100][8.437s][info][gc,heap        ] GC(148) Tenured: 203744K(435968K)->203744K(435968K)
[2026-05-06T01:04:28.157+0100][8.437s][info][gc,metaspace   ] GC(148) Metaspace: 19069K(19456K)->19069K(19456K) NonClass: 16839K(17024K)->16839K(17024K) Class: 2230K(2432K)->2230K(2432K)
[2026-05-06T01:04:28.157+0100][8.437s][info][gc             ] GC(148) Pause Young (Allocation Failure) 347M->198M(617M) 0.160ms
[2026-05-06T01:04:28.157+0100][8.437s][info][gc,cpu         ] GC(148) User=0.00s Sys=0.00s Real=0.00s
[2026-05-06T01:04:28.183+0100][8.463s][info][gc,start       ] GC(149) Pause Young (Allocation Failure)
[2026-05-06T01:04:28.183+0100][8.463s][info][gc,heap        ] GC(149) DefNew: 151412K(196288K)->2K(196288K) Eden: 151409K(174528K)->0K(174528K) From: 2K(21760K)->2K(21760K)
[2026-05-06T01:04:28.183+0100][8.463s][info][gc,heap        ] GC(149) Tenured: 203744K(435968K)->203744K(435968K)
[2026-05-06T01:04:28.183+0100][8.463s][info][gc,metaspace   ] GC(149) Metaspace: 19071K(19456K)->19071K(19456K) NonClass: 16840K(17024K)->16840K(17024K) Class: 2230K(2432K)->2230K(2432K)
[2026-05-06T01:04:28.183+0100][8.463s][info][gc             ] GC(149) Pause Young (Allocation Failure) 346M->198M(617M) 0.183ms
[2026-05-06T01:04:28.183+0100][8.463s][info][gc,cpu         ] GC(149) User=0.00s Sys=0.00s Real=0.00s
[2026-05-06T01:04:28.187+0100][8.467s][info][gc,start       ] GC(150) Pause Full (System.gc())
[2026-05-06T01:04:28.187+0100][8.467s][info][gc,phases,start] GC(150) Phase 1: Mark live objects
[2026-05-06T01:04:28.193+0100][8.473s][info][gc,phases      ] GC(150) Phase 1: Mark live objects 5.245ms
[2026-05-06T01:04:28.193+0100][8.473s][info][gc,phases,start] GC(150) Phase 2: Compute new object addresses
[2026-05-06T01:04:28.194+0100][8.474s][info][gc,phases      ] GC(150) Phase 2: Compute new object addresses 1.386ms
[2026-05-06T01:04:28.194+0100][8.474s][info][gc,phases,start] GC(150) Phase 3: Adjust pointers
[2026-05-06T01:04:28.198+0100][8.478s][info][gc,phases      ] GC(150) Phase 3: Adjust pointers 3.739ms
[2026-05-06T01:04:28.198+0100][8.478s][info][gc,phases,start] GC(150) Phase 4: Move objects
[2026-05-06T01:04:28.198+0100][8.478s][info][gc,phases      ] GC(150) Phase 4: Move objects 0.004ms
[2026-05-06T01:04:28.198+0100][8.478s][info][gc,heap        ] GC(150) DefNew: 40271K(196288K)->0K(196288K) Eden: 40269K(174528K)->0K(174528K) From: 2K(21760K)->0K(21760K)
[2026-05-06T01:04:28.198+0100][8.478s][info][gc,heap        ] GC(150) Tenured: 203744K(435968K)->203732K(435968K)
[2026-05-06T01:04:28.198+0100][8.478s][info][gc,metaspace   ] GC(150) Metaspace: 19071K(19456K)->19071K(19456K) NonClass: 16840K(17024K)->16840K(17024K) Class: 2230K(2432K)->2230K(2432K)
[2026-05-06T01:04:28.198+0100][8.478s][info][gc             ] GC(150) Pause Full (System.gc()) 238M->198M(617M) 10.463ms
[2026-05-06T01:04:28.198+0100][8.478s][info][gc,cpu         ] GC(150) User=0.02s Sys=0.00s Real=0.01s
[2026-05-06T01:04:28.227+0100][8.507s][info][gc,start       ] GC(151) Pause Young (Allocation Failure)
[2026-05-06T01:04:28.227+0100][8.507s][info][gc,heap        ] GC(151) DefNew: 151255K(196288K)->2K(196288K) Eden: 151255K(174528K)->0K(174528K) From: 0K(21760K)->2K(21760K)
[2026-05-06T01:04:28.227+0100][8.507s][info][gc,heap        ] GC(151) Tenured: 203732K(435968K)->203732K(435968K)
[2026-05-06T01:04:28.227+0100][8.507s][info][gc,metaspace   ] GC(151) Metaspace: 19071K(19456K)->19071K(19456K) NonClass: 16840K(17024K)->16840K(17024K) Class: 2230K(2432K)->2230K(2432K)
[2026-05-06T01:04:28.227+0100][8.507s][info][gc             ] GC(151) Pause Young (Allocation Failure) 346M->198M(617M) 0.205ms
[2026-05-06T01:04:28.227+0100][8.507s][info][gc,cpu         ] GC(151) User=0.00s Sys=0.00s Real=0.00s
[2026-05-06T01:04:28.253+0100][8.533s][info][gc,start       ] GC(152) Pause Young (Allocation Failure)
[2026-05-06T01:04:28.254+0100][8.534s][info][gc,heap        ] GC(152) DefNew: 151189K(196288K)->2K(196288K) Eden: 151187K(174528K)->0K(174528K) From: 2K(21760K)->2K(21760K)
[2026-05-06T01:04:28.254+0100][8.534s][info][gc,heap        ] GC(152) Tenured: 203732K(435968K)->203732K(435968K)
[2026-05-06T01:04:28.254+0100][8.534s][info][gc,metaspace   ] GC(152) Metaspace: 19071K(19456K)->19071K(19456K) NonClass: 16840K(17024K)->16840K(17024K) Class: 2230K(2432K)->2230K(2432K)
[2026-05-06T01:04:28.254+0100][8.534s][info][gc             ] GC(152) Pause Young (Allocation Failure) 346M->198M(617M) 0.197ms
[2026-05-06T01:04:28.254+0100][8.534s][info][gc,cpu         ] GC(152) User=0.00s Sys=0.00s Real=0.00s
[2026-05-06T01:04:28.328+0100][8.608s][info][gc,start       ] GC(153) Pause Young (Allocation Failure)
[2026-05-06T01:04:28.328+0100][8.608s][info][gc,heap        ] GC(153) DefNew: 77219K(196288K)->1K(196288K) Eden: 77217K(174528K)->0K(174528K) From: 2K(21760K)->1K(21760K)
[2026-05-06T01:04:28.328+0100][8.608s][info][gc,heap        ] GC(153) Tenured: 203732K(435968K)->203732K(435968K)
[2026-05-06T01:04:28.328+0100][8.608s][info][gc,metaspace   ] GC(153) Metaspace: 19071K(19456K)->19071K(19456K) NonClass: 16841K(17024K)->16841K(17024K) Class: 2230K(2432K)->2230K(2432K)
[2026-05-06T01:04:28.328+0100][8.608s][info][gc             ] GC(153) Pause Young (Allocation Failure) 274M->198M(617M) 0.196ms
[2026-05-06T01:04:28.328+0100][8.608s][info][gc,cpu         ] GC(153) User=0.00s Sys=0.00s Real=0.00s
[2026-05-06T01:04:28.472+0100][8.752s][info][gc,start       ] GC(154) Pause Young (Allocation Failure)
[2026-05-06T01:04:28.472+0100][8.752s][info][gc,heap        ] GC(154) DefNew: 150836K(196288K)->1K(196288K) Eden: 150835K(174528K)->0K(174528K) From: 1K(21760K)->1K(21760K)
[2026-05-06T01:04:28.472+0100][8.752s][info][gc,heap        ] GC(154) Tenured: 203732K(435968K)->203732K(435968K)
[2026-05-06T01:04:28.472+0100][8.752s][info][gc,metaspace   ] GC(154) Metaspace: 19071K(19456K)->19071K(19456K) NonClass: 16841K(17024K)->16841K(17024K) Class: 2230K(2432K)->2230K(2432K)
[2026-05-06T01:04:28.472+0100][8.752s][info][gc             ] GC(154) Pause Young (Allocation Failure) 346M->198M(617M) 0.170ms
[2026-05-06T01:04:28.472+0100][8.752s][info][gc,cpu         ] GC(154) User=0.00s Sys=0.00s Real=0.00s
[2026-05-06T01:04:28.616+0100][8.896s][info][gc,start       ] GC(155) Pause Young (Allocation Failure)
[2026-05-06T01:04:28.616+0100][8.896s][info][gc,heap        ] GC(155) DefNew: 150848K(196288K)->1K(196288K) Eden: 150847K(174528K)->0K(174528K) From: 1K(21760K)->1K(21760K)
[2026-05-06T01:04:28.616+0100][8.896s][info][gc,heap        ] GC(155) Tenured: 203732K(435968K)->203732K(435968K)
[2026-05-06T01:04:28.616+0100][8.896s][info][gc,metaspace   ] GC(155) Metaspace: 19071K(19456K)->19071K(19456K) NonClass: 16841K(17024K)->16841K(17024K) Class: 2230K(2432K)->2230K(2432K)
[2026-05-06T01:04:28.616+0100][8.896s][info][gc             ] GC(155) Pause Young (Allocation Failure) 346M->198M(617M) 0.140ms
[2026-05-06T01:04:28.616+0100][8.896s][info][gc,cpu         ] GC(155) User=0.00s Sys=0.00s Real=0.00s
[2026-05-06T01:04:28.697+0100][8.977s][info][gc,start       ] GC(156) Pause Full (System.gc())
[2026-05-06T01:04:28.697+0100][8.977s][info][gc,phases,start] GC(156) Phase 1: Mark live objects
[2026-05-06T01:04:28.703+0100][8.983s][info][gc,phases      ] GC(156) Phase 1: Mark live objects 5.511ms
[2026-05-06T01:04:28.703+0100][8.983s][info][gc,phases,start] GC(156) Phase 2: Compute new object addresses
[2026-05-06T01:04:28.704+0100][8.984s][info][gc,phases      ] GC(156) Phase 2: Compute new object addresses 1.417ms
[2026-05-06T01:04:28.704+0100][8.984s][info][gc,phases,start] GC(156) Phase 3: Adjust pointers
[2026-05-06T01:04:28.708+0100][8.988s][info][gc,phases      ] GC(156) Phase 3: Adjust pointers 3.824ms
[2026-05-06T01:04:28.708+0100][8.988s][info][gc,phases,start] GC(156) Phase 4: Move objects
[2026-05-06T01:04:28.708+0100][8.988s][info][gc,phases      ] GC(156) Phase 4: Move objects 0.004ms
[2026-05-06T01:04:28.708+0100][8.988s][info][gc,heap        ] GC(156) DefNew: 150855K(196288K)->0K(196288K) Eden: 150854K(174528K)->0K(174528K) From: 1K(21760K)->0K(21760K)
[2026-05-06T01:04:28.708+0100][8.988s][info][gc,heap        ] GC(156) Tenured: 203732K(435968K)->203732K(435968K)
[2026-05-06T01:04:28.708+0100][8.988s][info][gc,metaspace   ] GC(156) Metaspace: 19071K(19456K)->19071K(19456K) NonClass: 16841K(17024K)->16841K(17024K) Class: 2230K(2432K)->2230K(2432K)
[2026-05-06T01:04:28.708+0100][8.988s][info][gc             ] GC(156) Pause Full (System.gc()) 346M->198M(617M) 10.845ms
[2026-05-06T01:04:28.708+0100][8.988s][info][gc,cpu         ] GC(156) User=0.01s Sys=0.00s Real=0.01s
[2026-05-06T01:04:28.915+0100][9.195s][info][gc,start       ] GC(157) Pause Young (Allocation Failure)
[2026-05-06T01:04:28.915+0100][9.195s][info][gc,heap        ] GC(157) DefNew: 150859K(196288K)->1K(196288K) Eden: 150859K(174528K)->0K(174528K) From: 0K(21760K)->1K(21760K)
[2026-05-06T01:04:28.915+0100][9.195s][info][gc,heap        ] GC(157) Tenured: 203732K(435968K)->203732K(435968K)
[2026-05-06T01:04:28.915+0100][9.195s][info][gc,metaspace   ] GC(157) Metaspace: 19071K(19456K)->19071K(19456K) NonClass: 16841K(17024K)->16841K(17024K) Class: 2230K(2432K)->2230K(2432K)
[2026-05-06T01:04:28.915+0100][9.195s][info][gc             ] GC(157) Pause Young (Allocation Failure) 346M->198M(617M) 0.183ms
[2026-05-06T01:04:28.915+0100][9.195s][info][gc,cpu         ] GC(157) User=0.00s Sys=0.00s Real=0.00s
[2026-05-06T01:04:29.059+0100][9.339s][info][gc,start       ] GC(158) Pause Young (Allocation Failure)
[2026-05-06T01:04:29.059+0100][9.339s][info][gc,heap        ] GC(158) DefNew: 150863K(196288K)->1K(196288K) Eden: 150862K(174528K)->0K(174528K) From: 1K(21760K)->1K(21760K)
[2026-05-06T01:04:29.059+0100][9.339s][info][gc,heap        ] GC(158) Tenured: 203732K(435968K)->203732K(435968K)
[2026-05-06T01:04:29.059+0100][9.339s][info][gc,metaspace   ] GC(158) Metaspace: 19071K(19456K)->19071K(19456K) NonClass: 16841K(17024K)->16841K(17024K) Class: 2230K(2432K)->2230K(2432K)
[2026-05-06T01:04:29.059+0100][9.339s][info][gc             ] GC(158) Pause Young (Allocation Failure) 346M->198M(617M) 0.184ms
[2026-05-06T01:04:29.059+0100][9.339s][info][gc,cpu         ] GC(158) User=0.00s Sys=0.00s Real=0.00s
[2026-05-06T01:04:29.203+0100][9.483s][info][gc,start       ] GC(159) Pause Young (Allocation Failure)
[2026-05-06T01:04:29.204+0100][9.484s][info][gc,heap        ] GC(159) DefNew: 150865K(196288K)->1K(196288K) Eden: 150864K(174528K)->0K(174528K) From: 1K(21760K)->1K(21760K)
[2026-05-06T01:04:29.204+0100][9.484s][info][gc,heap        ] GC(159) Tenured: 203732K(435968K)->203732K(435968K)
[2026-05-06T01:04:29.204+0100][9.484s][info][gc,metaspace   ] GC(159) Metaspace: 19071K(19456K)->19071K(19456K) NonClass: 16841K(17024K)->16841K(17024K) Class: 2230K(2432K)->2230K(2432K)
[2026-05-06T01:04:29.204+0100][9.484s][info][gc             ] GC(159) Pause Young (Allocation Failure) 346M->198M(617M) 0.144ms
[2026-05-06T01:04:29.204+0100][9.484s][info][gc,cpu         ] GC(159) User=0.00s Sys=0.00s Real=0.00s
[2026-05-06T01:04:29.348+0100][9.628s][info][gc,start       ] GC(160) Pause Young (Allocation Failure)
[2026-05-06T01:04:29.348+0100][9.628s][info][gc,heap        ] GC(160) DefNew: 150866K(196288K)->1K(196288K) Eden: 150865K(174528K)->0K(174528K) From: 1K(21760K)->1K(21760K)
[2026-05-06T01:04:29.348+0100][9.628s][info][gc,heap        ] GC(160) Tenured: 203732K(435968K)->203732K(435968K)
[2026-05-06T01:04:29.348+0100][9.628s][info][gc,metaspace   ] GC(160) Metaspace: 19071K(19456K)->19071K(19456K) NonClass: 16841K(17024K)->16841K(17024K) Class: 2230K(2432K)->2230K(2432K)
[2026-05-06T01:04:29.348+0100][9.628s][info][gc             ] GC(160) Pause Young (Allocation Failure) 346M->198M(617M) 0.180ms
[2026-05-06T01:04:29.348+0100][9.628s][info][gc,cpu         ] GC(160) User=0.00s Sys=0.00s Real=0.00s
[2026-05-06T01:04:29.492+0100][9.772s][info][gc,start       ] GC(161) Pause Young (Allocation Failure)
[2026-05-06T01:04:29.493+0100][9.773s][info][gc,heap        ] GC(161) DefNew: 150867K(196288K)->1K(196288K) Eden: 150866K(174528K)->0K(174528K) From: 1K(21760K)->1K(21760K)
[2026-05-06T01:04:29.493+0100][9.773s][info][gc,heap        ] GC(161) Tenured: 203732K(435968K)->203732K(435968K)
[2026-05-06T01:04:29.493+0100][9.773s][info][gc,metaspace   ] GC(161) Metaspace: 19071K(19456K)->19071K(19456K) NonClass: 16841K(17024K)->16841K(17024K) Class: 2230K(2432K)->2230K(2432K)
[2026-05-06T01:04:29.493+0100][9.773s][info][gc             ] GC(161) Pause Young (Allocation Failure) 346M->198M(617M) 0.183ms
[2026-05-06T01:04:29.493+0100][9.773s][info][gc,cpu         ] GC(161) User=0.00s Sys=0.00s Real=0.00s
[2026-05-06T01:04:29.638+0100][9.918s][info][gc,start       ] GC(162) Pause Young (Allocation Failure)
[2026-05-06T01:04:29.639+0100][9.919s][info][gc,heap        ] GC(162) DefNew: 150867K(196288K)->1K(196288K) Eden: 150866K(174528K)->0K(174528K) From: 1K(21760K)->1K(21760K)
[2026-05-06T01:04:29.639+0100][9.919s][info][gc,heap        ] GC(162) Tenured: 203732K(435968K)->203732K(435968K)
[2026-05-06T01:04:29.639+0100][9.919s][info][gc,metaspace   ] GC(162) Metaspace: 19071K(19456K)->19071K(19456K) NonClass: 16841K(17024K)->16841K(17024K) Class: 2230K(2432K)->2230K(2432K)
[2026-05-06T01:04:29.639+0100][9.919s][info][gc             ] GC(162) Pause Young (Allocation Failure) 346M->198M(617M) 0.196ms
[2026-05-06T01:04:29.639+0100][9.919s][info][gc,cpu         ] GC(162) User=0.00s Sys=0.00s Real=0.00s
[2026-05-06T01:04:29.783+0100][10.063s][info][gc,start       ] GC(163) Pause Young (Allocation Failure)
[2026-05-06T01:04:29.783+0100][10.063s][info][gc,heap        ] GC(163) DefNew: 150868K(196288K)->1K(196288K) Eden: 150867K(174528K)->0K(174528K) From: 1K(21760K)->1K(21760K)
[2026-05-06T01:04:29.783+0100][10.063s][info][gc,heap        ] GC(163) Tenured: 203732K(435968K)->203732K(435968K)
[2026-05-06T01:04:29.783+0100][10.063s][info][gc,metaspace   ] GC(163) Metaspace: 19071K(19456K)->19071K(19456K) NonClass: 16841K(17024K)->16841K(17024K) Class: 2230K(2432K)->2230K(2432K)
[2026-05-06T01:04:29.783+0100][10.063s][info][gc             ] GC(163) Pause Young (Allocation Failure) 346M->198M(617M) 0.196ms
[2026-05-06T01:04:29.783+0100][10.063s][info][gc,cpu         ] GC(163) User=0.00s Sys=0.00s Real=0.00s
[2026-05-06T01:04:29.928+0100][10.208s][info][gc,start       ] GC(164) Pause Young (Allocation Failure)
[2026-05-06T01:04:29.928+0100][10.208s][info][gc,heap        ] GC(164) DefNew: 150868K(196288K)->1K(196288K) Eden: 150867K(174528K)->0K(174528K) From: 1K(21760K)->1K(21760K)
[2026-05-06T01:04:29.928+0100][10.208s][info][gc,heap        ] GC(164) Tenured: 203732K(435968K)->203732K(435968K)
[2026-05-06T01:04:29.928+0100][10.208s][info][gc,metaspace   ] GC(164) Metaspace: 19071K(19456K)->19071K(19456K) NonClass: 16841K(17024K)->16841K(17024K) Class: 2230K(2432K)->2230K(2432K)
[2026-05-06T01:04:29.928+0100][10.208s][info][gc             ] GC(164) Pause Young (Allocation Failure) 346M->198M(617M) 0.174ms
[2026-05-06T01:04:29.928+0100][10.208s][info][gc,cpu         ] GC(164) User=0.00s Sys=0.00s Real=0.00s
[2026-05-06T01:04:30.072+0100][10.352s][info][gc,start       ] GC(165) Pause Young (Allocation Failure)
[2026-05-06T01:04:30.072+0100][10.352s][info][gc,heap        ] GC(165) DefNew: 150868K(196288K)->1K(196288K) Eden: 150867K(174528K)->0K(174528K) From: 1K(21760K)->1K(21760K)
[2026-05-06T01:04:30.072+0100][10.352s][info][gc,heap        ] GC(165) Tenured: 203732K(435968K)->203732K(435968K)
[2026-05-06T01:04:30.072+0100][10.352s][info][gc,metaspace   ] GC(165) Metaspace: 19071K(19456K)->19071K(19456K) NonClass: 16841K(17024K)->16841K(17024K) Class: 2230K(2432K)->2230K(2432K)
[2026-05-06T01:04:30.072+0100][10.352s][info][gc             ] GC(165) Pause Young (Allocation Failure) 346M->198M(617M) 0.144ms
[2026-05-06T01:04:30.072+0100][10.352s][info][gc,cpu         ] GC(165) User=0.00s Sys=0.00s Real=0.00s
[2026-05-06T01:04:30.217+0100][10.497s][info][gc,start       ] GC(166) Pause Young (Allocation Failure)
[2026-05-06T01:04:30.217+0100][10.497s][info][gc,heap        ] GC(166) DefNew: 150868K(196288K)->2K(196288K) Eden: 150867K(174528K)->0K(174528K) From: 1K(21760K)->2K(21760K)
[2026-05-06T01:04:30.217+0100][10.497s][info][gc,heap        ] GC(166) Tenured: 203732K(435968K)->203732K(435968K)
[2026-05-06T01:04:30.217+0100][10.497s][info][gc,metaspace   ] GC(166) Metaspace: 19071K(19456K)->19071K(19456K) NonClass: 16841K(17024K)->16841K(17024K) Class: 2230K(2432K)->2230K(2432K)
[2026-05-06T01:04:30.217+0100][10.497s][info][gc             ] GC(166) Pause Young (Allocation Failure) 346M->198M(617M) 0.180ms
[2026-05-06T01:04:30.217+0100][10.497s][info][gc,cpu         ] GC(166) User=0.00s Sys=0.00s Real=0.00s
[2026-05-06T01:04:30.361+0100][10.641s][info][gc,start       ] GC(167) Pause Young (Allocation Failure)
[2026-05-06T01:04:30.361+0100][10.641s][info][gc,heap        ] GC(167) DefNew: 150869K(196288K)->2K(196288K) Eden: 150867K(174528K)->0K(174528K) From: 2K(21760K)->2K(21760K)
[2026-05-06T01:04:30.361+0100][10.641s][info][gc,heap        ] GC(167) Tenured: 203732K(435968K)->203732K(435968K)
[2026-05-06T01:04:30.361+0100][10.641s][info][gc,metaspace   ] GC(167) Metaspace: 19071K(19456K)->19071K(19456K) NonClass: 16841K(17024K)->16841K(17024K) Class: 2230K(2432K)->2230K(2432K)
[2026-05-06T01:04:30.361+0100][10.641s][info][gc             ] GC(167) Pause Young (Allocation Failure) 346M->198M(617M) 0.206ms
[2026-05-06T01:04:30.361+0100][10.641s][info][gc,cpu         ] GC(167) User=0.00s Sys=0.00s Real=0.00s
[2026-05-06T01:04:30.505+0100][10.785s][info][gc,start       ] GC(168) Pause Young (Allocation Failure)
[2026-05-06T01:04:30.505+0100][10.785s][info][gc,heap        ] GC(168) DefNew: 150869K(196288K)->2K(196288K) Eden: 150867K(174528K)->0K(174528K) From: 2K(21760K)->2K(21760K)
[2026-05-06T01:04:30.505+0100][10.785s][info][gc,heap        ] GC(168) Tenured: 203732K(435968K)->203732K(435968K)
[2026-05-06T01:04:30.505+0100][10.785s][info][gc,metaspace   ] GC(168) Metaspace: 19071K(19456K)->19071K(19456K) NonClass: 16841K(17024K)->16841K(17024K) Class: 2230K(2432K)->2230K(2432K)
[2026-05-06T01:04:30.505+0100][10.785s][info][gc             ] GC(168) Pause Young (Allocation Failure) 346M->198M(617M) 0.223ms
[2026-05-06T01:04:30.505+0100][10.785s][info][gc,cpu         ] GC(168) User=0.00s Sys=0.00s Real=0.00s
[2026-05-06T01:04:30.586+0100][10.866s][info][gc,start       ] GC(169) Pause Full (System.gc())
[2026-05-06T01:04:30.586+0100][10.866s][info][gc,phases,start] GC(169) Phase 1: Mark live objects
[2026-05-06T01:04:30.592+0100][10.872s][info][gc,phases      ] GC(169) Phase 1: Mark live objects 5.306ms
[2026-05-06T01:04:30.592+0100][10.872s][info][gc,phases,start] GC(169) Phase 2: Compute new object addresses
[2026-05-06T01:04:30.593+0100][10.873s][info][gc,phases      ] GC(169) Phase 2: Compute new object addresses 1.402ms
[2026-05-06T01:04:30.593+0100][10.873s][info][gc,phases,start] GC(169) Phase 3: Adjust pointers
[2026-05-06T01:04:30.597+0100][10.877s][info][gc,phases      ] GC(169) Phase 3: Adjust pointers 3.766ms
[2026-05-06T01:04:30.597+0100][10.877s][info][gc,phases,start] GC(169) Phase 4: Move objects
[2026-05-06T01:04:30.597+0100][10.877s][info][gc,phases      ] GC(169) Phase 4: Move objects 0.004ms
[2026-05-06T01:04:30.597+0100][10.877s][info][gc,heap        ] GC(169) DefNew: 150869K(196288K)->0K(196288K) Eden: 150867K(174528K)->0K(174528K) From: 2K(21760K)->0K(21760K)
[2026-05-06T01:04:30.597+0100][10.877s][info][gc,heap        ] GC(169) Tenured: 203732K(435968K)->203732K(435968K)
[2026-05-06T01:04:30.597+0100][10.877s][info][gc,metaspace   ] GC(169) Metaspace: 19071K(19456K)->19071K(19456K) NonClass: 16841K(17024K)->16841K(17024K) Class: 2230K(2432K)->2230K(2432K)
[2026-05-06T01:04:30.597+0100][10.877s][info][gc             ] GC(169) Pause Full (System.gc()) 346M->198M(617M) 10.576ms
[2026-05-06T01:04:30.597+0100][10.877s][info][gc,cpu         ] GC(169) User=0.01s Sys=0.00s Real=0.01s
[2026-05-06T01:04:30.802+0100][11.082s][info][gc,start       ] GC(170) Pause Young (Allocation Failure)
[2026-05-06T01:04:30.802+0100][11.082s][info][gc,heap        ] GC(170) DefNew: 150867K(196288K)->2K(196288K) Eden: 150867K(174528K)->0K(174528K) From: 0K(21760K)->2K(21760K)
[2026-05-06T01:04:30.803+0100][11.082s][info][gc,heap        ] GC(170) Tenured: 203732K(435968K)->203732K(435968K)
[2026-05-06T01:04:30.803+0100][11.082s][info][gc,metaspace   ] GC(170) Metaspace: 19071K(19456K)->19071K(19456K) NonClass: 16841K(17024K)->16841K(17024K) Class: 2230K(2432K)->2230K(2432K)
[2026-05-06T01:04:30.803+0100][11.082s][info][gc             ] GC(170) Pause Young (Allocation Failure) 346M->198M(617M) 0.182ms
[2026-05-06T01:04:30.803+0100][11.082s][info][gc,cpu         ] GC(170) User=0.00s Sys=0.00s Real=0.00s
[2026-05-06T01:04:30.946+0100][11.226s][info][gc,start       ] GC(171) Pause Young (Allocation Failure)
[2026-05-06T01:04:30.946+0100][11.226s][info][gc,heap        ] GC(171) DefNew: 150869K(196288K)->2K(196288K) Eden: 150867K(174528K)->0K(174528K) From: 2K(21760K)->2K(21760K)
[2026-05-06T01:04:30.946+0100][11.226s][info][gc,heap        ] GC(171) Tenured: 203732K(435968K)->203732K(435968K)
[2026-05-06T01:04:30.946+0100][11.226s][info][gc,metaspace   ] GC(171) Metaspace: 19071K(19456K)->19071K(19456K) NonClass: 16841K(17024K)->16841K(17024K) Class: 2230K(2432K)->2230K(2432K)
[2026-05-06T01:04:30.946+0100][11.226s][info][gc             ] GC(171) Pause Young (Allocation Failure) 346M->198M(617M) 0.201ms
[2026-05-06T01:04:30.946+0100][11.226s][info][gc,cpu         ] GC(171) User=0.00s Sys=0.00s Real=0.00s
[2026-05-06T01:04:31.090+0100][11.370s][info][gc,start       ] GC(172) Pause Young (Allocation Failure)
[2026-05-06T01:04:31.090+0100][11.370s][info][gc,heap        ] GC(172) DefNew: 150869K(196288K)->2K(196288K) Eden: 150867K(174528K)->0K(174528K) From: 2K(21760K)->2K(21760K)
[2026-05-06T01:04:31.090+0100][11.370s][info][gc,heap        ] GC(172) Tenured: 203732K(435968K)->203732K(435968K)
[2026-05-06T01:04:31.090+0100][11.370s][info][gc,metaspace   ] GC(172) Metaspace: 19071K(19456K)->19071K(19456K) NonClass: 16841K(17024K)->16841K(17024K) Class: 2230K(2432K)->2230K(2432K)
[2026-05-06T01:04:31.090+0100][11.370s][info][gc             ] GC(172) Pause Young (Allocation Failure) 346M->198M(617M) 0.194ms
[2026-05-06T01:04:31.090+0100][11.370s][info][gc,cpu         ] GC(172) User=0.00s Sys=0.00s Real=0.00s
[2026-05-06T01:04:31.234+0100][11.514s][info][gc,start       ] GC(173) Pause Young (Allocation Failure)
[2026-05-06T01:04:31.234+0100][11.514s][info][gc,heap        ] GC(173) DefNew: 150869K(196288K)->2K(196288K) Eden: 150867K(174528K)->0K(174528K) From: 2K(21760K)->2K(21760K)
[2026-05-06T01:04:31.234+0100][11.514s][info][gc,heap        ] GC(173) Tenured: 203732K(435968K)->203732K(435968K)
[2026-05-06T01:04:31.234+0100][11.514s][info][gc,metaspace   ] GC(173) Metaspace: 19071K(19456K)->19071K(19456K) NonClass: 16841K(17024K)->16841K(17024K) Class: 2230K(2432K)->2230K(2432K)
[2026-05-06T01:04:31.234+0100][11.514s][info][gc             ] GC(173) Pause Young (Allocation Failure) 346M->198M(617M) 0.183ms
[2026-05-06T01:04:31.234+0100][11.514s][info][gc,cpu         ] GC(173) User=0.00s Sys=0.00s Real=0.00s
[2026-05-06T01:04:31.377+0100][11.657s][info][gc,start       ] GC(174) Pause Young (Allocation Failure)
[2026-05-06T01:04:31.377+0100][11.657s][info][gc,heap        ] GC(174) DefNew: 150869K(196288K)->2K(196288K) Eden: 150867K(174528K)->0K(174528K) From: 2K(21760K)->2K(21760K)
[2026-05-06T01:04:31.377+0100][11.657s][info][gc,heap        ] GC(174) Tenured: 203732K(435968K)->203732K(435968K)
[2026-05-06T01:04:31.377+0100][11.657s][info][gc,metaspace   ] GC(174) Metaspace: 19071K(19456K)->19071K(19456K) NonClass: 16841K(17024K)->16841K(17024K) Class: 2230K(2432K)->2230K(2432K)
[2026-05-06T01:04:31.377+0100][11.657s][info][gc             ] GC(174) Pause Young (Allocation Failure) 346M->198M(617M) 0.170ms
[2026-05-06T01:04:31.377+0100][11.657s][info][gc,cpu         ] GC(174) User=0.00s Sys=0.00s Real=0.00s
[2026-05-06T01:04:31.521+0100][11.801s][info][gc,start       ] GC(175) Pause Young (Allocation Failure)
[2026-05-06T01:04:31.521+0100][11.801s][info][gc,heap        ] GC(175) DefNew: 150869K(196288K)->2K(196288K) Eden: 150867K(174528K)->0K(174528K) From: 2K(21760K)->2K(21760K)
[2026-05-06T01:04:31.521+0100][11.801s][info][gc,heap        ] GC(175) Tenured: 203732K(435968K)->203732K(435968K)
[2026-05-06T01:04:31.521+0100][11.801s][info][gc,metaspace   ] GC(175) Metaspace: 19071K(19456K)->19071K(19456K) NonClass: 16841K(17024K)->16841K(17024K) Class: 2230K(2432K)->2230K(2432K)
[2026-05-06T01:04:31.521+0100][11.801s][info][gc             ] GC(175) Pause Young (Allocation Failure) 346M->198M(617M) 0.193ms
[2026-05-06T01:04:31.521+0100][11.801s][info][gc,cpu         ] GC(175) User=0.00s Sys=0.00s Real=0.00s
[2026-05-06T01:04:31.665+0100][11.945s][info][gc,start       ] GC(176) Pause Young (Allocation Failure)
[2026-05-06T01:04:31.665+0100][11.945s][info][gc,heap        ] GC(176) DefNew: 150869K(196288K)->2K(196288K) Eden: 150867K(174528K)->0K(174528K) From: 2K(21760K)->2K(21760K)
[2026-05-06T01:04:31.665+0100][11.945s][info][gc,heap        ] GC(176) Tenured: 203732K(435968K)->203732K(435968K)
[2026-05-06T01:04:31.665+0100][11.945s][info][gc,metaspace   ] GC(176) Metaspace: 19071K(19456K)->19071K(19456K) NonClass: 16841K(17024K)->16841K(17024K) Class: 2230K(2432K)->2230K(2432K)
[2026-05-06T01:04:31.665+0100][11.945s][info][gc             ] GC(176) Pause Young (Allocation Failure) 346M->198M(617M) 0.167ms
[2026-05-06T01:04:31.665+0100][11.945s][info][gc,cpu         ] GC(176) User=0.00s Sys=0.00s Real=0.00s
[2026-05-06T01:04:31.808+0100][12.088s][info][gc,start       ] GC(177) Pause Young (Allocation Failure)
[2026-05-06T01:04:31.809+0100][12.089s][info][gc,heap        ] GC(177) DefNew: 150869K(196288K)->2K(196288K) Eden: 150867K(174528K)->0K(174528K) From: 2K(21760K)->2K(21760K)
[2026-05-06T01:04:31.809+0100][12.089s][info][gc,heap        ] GC(177) Tenured: 203732K(435968K)->203732K(435968K)
[2026-05-06T01:04:31.809+0100][12.089s][info][gc,metaspace   ] GC(177) Metaspace: 19071K(19456K)->19071K(19456K) NonClass: 16841K(17024K)->16841K(17024K) Class: 2230K(2432K)->2230K(2432K)
[2026-05-06T01:04:31.809+0100][12.089s][info][gc             ] GC(177) Pause Young (Allocation Failure) 346M->198M(617M) 0.190ms
[2026-05-06T01:04:31.809+0100][12.089s][info][gc,cpu         ] GC(177) User=0.00s Sys=0.00s Real=0.00s
[2026-05-06T01:04:31.952+0100][12.232s][info][gc,start       ] GC(178) Pause Young (Allocation Failure)
[2026-05-06T01:04:31.952+0100][12.232s][info][gc,heap        ] GC(178) DefNew: 150869K(196288K)->2K(196288K) Eden: 150867K(174528K)->0K(174528K) From: 2K(21760K)->2K(21760K)
[2026-05-06T01:04:31.952+0100][12.232s][info][gc,heap        ] GC(178) Tenured: 203732K(435968K)->203732K(435968K)
[2026-05-06T01:04:31.952+0100][12.232s][info][gc,metaspace   ] GC(178) Metaspace: 19071K(19456K)->19071K(19456K) NonClass: 16841K(17024K)->16841K(17024K) Class: 2230K(2432K)->2230K(2432K)
[2026-05-06T01:04:31.952+0100][12.232s][info][gc             ] GC(178) Pause Young (Allocation Failure) 346M->198M(617M) 0.175ms
[2026-05-06T01:04:31.952+0100][12.232s][info][gc,cpu         ] GC(178) User=0.00s Sys=0.00s Real=0.00s
[2026-05-06T01:04:32.100+0100][12.379s][info][gc,start       ] GC(179) Pause Young (Allocation Failure)
[2026-05-06T01:04:32.100+0100][12.380s][info][gc,heap        ] GC(179) DefNew: 154361K(196288K)->3K(196288K) Eden: 154359K(174528K)->0K(174528K) From: 2K(21760K)->3K(21760K)
[2026-05-06T01:04:32.100+0100][12.380s][info][gc,heap        ] GC(179) Tenured: 203732K(435968K)->203732K(435968K)
[2026-05-06T01:04:32.100+0100][12.380s][info][gc,metaspace   ] GC(179) Metaspace: 19073K(19456K)->19073K(19456K) NonClass: 16843K(17024K)->16843K(17024K) Class: 2230K(2432K)->2230K(2432K)
[2026-05-06T01:04:32.100+0100][12.380s][info][gc             ] GC(179) Pause Young (Allocation Failure) 349M->198M(617M) 0.228ms
[2026-05-06T01:04:32.100+0100][12.380s][info][gc,cpu         ] GC(179) User=0.00s Sys=0.00s Real=0.00s
[2026-05-06T01:04:32.244+0100][12.524s][info][gc,start       ] GC(180) Pause Young (Allocation Failure)
[2026-05-06T01:04:32.244+0100][12.524s][info][gc,heap        ] GC(180) DefNew: 156081K(196288K)->3K(196288K) Eden: 156077K(174528K)->0K(174528K) From: 3K(21760K)->3K(21760K)
[2026-05-06T01:04:32.244+0100][12.524s][info][gc,heap        ] GC(180) Tenured: 203732K(435968K)->203732K(435968K)
[2026-05-06T01:04:32.244+0100][12.524s][info][gc,metaspace   ] GC(180) Metaspace: 19073K(19456K)->19073K(19456K) NonClass: 16843K(17024K)->16843K(17024K) Class: 2230K(2432K)->2230K(2432K)
[2026-05-06T01:04:32.244+0100][12.524s][info][gc             ] GC(180) Pause Young (Allocation Failure) 351M->198M(617M) 0.243ms
[2026-05-06T01:04:32.244+0100][12.524s][info][gc,cpu         ] GC(180) User=0.00s Sys=0.00s Real=0.00s
[2026-05-06T01:04:32.388+0100][12.668s][info][gc,start       ] GC(181) Pause Young (Allocation Failure)
[2026-05-06T01:04:32.388+0100][12.668s][info][gc,heap        ] GC(181) DefNew: 154305K(196288K)->3K(196288K) Eden: 154302K(174528K)->0K(174528K) From: 3K(21760K)->3K(21760K)
[2026-05-06T01:04:32.388+0100][12.668s][info][gc,heap        ] GC(181) Tenured: 203732K(435968K)->203732K(435968K)
[2026-05-06T01:04:32.388+0100][12.668s][info][gc,metaspace   ] GC(181) Metaspace: 19073K(19456K)->19073K(19456K) NonClass: 16843K(17024K)->16843K(17024K) Class: 2230K(2432K)->2230K(2432K)
[2026-05-06T01:04:32.388+0100][12.668s][info][gc             ] GC(181) Pause Young (Allocation Failure) 349M->198M(617M) 0.209ms
[2026-05-06T01:04:32.388+0100][12.668s][info][gc,cpu         ] GC(181) User=0.00s Sys=0.00s Real=0.00s
[2026-05-06T01:04:32.470+0100][12.750s][info][gc,start       ] GC(182) Pause Full (System.gc())
[2026-05-06T01:04:32.470+0100][12.750s][info][gc,phases,start] GC(182) Phase 1: Mark live objects
[2026-05-06T01:04:32.476+0100][12.756s][info][gc,phases      ] GC(182) Phase 1: Mark live objects 5.826ms
[2026-05-06T01:04:32.476+0100][12.756s][info][gc,phases,start] GC(182) Phase 2: Compute new object addresses
[2026-05-06T01:04:32.477+0100][12.757s][info][gc,phases      ] GC(182) Phase 2: Compute new object addresses 1.389ms
[2026-05-06T01:04:32.477+0100][12.757s][info][gc,phases,start] GC(182) Phase 3: Adjust pointers
[2026-05-06T01:04:32.481+0100][12.761s][info][gc,phases      ] GC(182) Phase 3: Adjust pointers 3.801ms
[2026-05-06T01:04:32.481+0100][12.761s][info][gc,phases,start] GC(182) Phase 4: Move objects
[2026-05-06T01:04:32.481+0100][12.761s][info][gc,phases      ] GC(182) Phase 4: Move objects 0.005ms
[2026-05-06T01:04:32.481+0100][12.761s][info][gc,heap        ] GC(182) DefNew: 151680K(196288K)->0K(196288K) Eden: 151676K(174528K)->0K(174528K) From: 3K(21760K)->0K(21760K)
[2026-05-06T01:04:32.481+0100][12.761s][info][gc,heap        ] GC(182) Tenured: 203732K(435968K)->203734K(435968K)
[2026-05-06T01:04:32.481+0100][12.761s][info][gc,metaspace   ] GC(182) Metaspace: 19073K(19456K)->19073K(19456K) NonClass: 16843K(17024K)->16843K(17024K) Class: 2230K(2432K)->2230K(2432K)
[2026-05-06T01:04:32.481+0100][12.761s][info][gc             ] GC(182) Pause Full (System.gc()) 347M->198M(617M) 11.112ms
[2026-05-06T01:04:32.481+0100][12.761s][info][gc,cpu         ] GC(182) User=0.01s Sys=0.00s Real=0.01s
[2026-05-06T01:04:32.688+0100][12.968s][info][gc,start       ] GC(183) Pause Young (Allocation Failure)
[2026-05-06T01:04:32.689+0100][12.968s][info][gc,heap        ] GC(183) DefNew: 154312K(196288K)->3K(196288K) Eden: 154312K(174528K)->0K(174528K) From: 0K(21760K)->3K(21760K)
[2026-05-06T01:04:32.689+0100][12.968s][info][gc,heap        ] GC(183) Tenured: 203734K(435968K)->203734K(435968K)
[2026-05-06T01:04:32.689+0100][12.968s][info][gc,metaspace   ] GC(183) Metaspace: 19073K(19456K)->19073K(19456K) NonClass: 16843K(17024K)->16843K(17024K) Class: 2230K(2432K)->2230K(2432K)
[2026-05-06T01:04:32.689+0100][12.969s][info][gc             ] GC(183) Pause Young (Allocation Failure) 349M->198M(617M) 0.203ms
[2026-05-06T01:04:32.689+0100][12.969s][info][gc,cpu         ] GC(183) User=0.00s Sys=0.00s Real=0.00s
[2026-05-06T01:04:32.833+0100][13.113s][info][gc,start       ] GC(184) Pause Young (Allocation Failure)
[2026-05-06T01:04:32.833+0100][13.113s][info][gc,heap        ] GC(184) DefNew: 153432K(196288K)->3K(196288K) Eden: 153428K(174528K)->0K(174528K) From: 3K(21760K)->3K(21760K)
[2026-05-06T01:04:32.833+0100][13.113s][info][gc,heap        ] GC(184) Tenured: 203734K(435968K)->203734K(435968K)
[2026-05-06T01:04:32.833+0100][13.113s][info][gc,metaspace   ] GC(184) Metaspace: 19073K(19456K)->19073K(19456K) NonClass: 16843K(17024K)->16843K(17024K) Class: 2230K(2432K)->2230K(2432K)
[2026-05-06T01:04:32.833+0100][13.113s][info][gc             ] GC(184) Pause Young (Allocation Failure) 348M->198M(617M) 0.211ms
[2026-05-06T01:04:32.833+0100][13.113s][info][gc,cpu         ] GC(184) User=0.00s Sys=0.00s Real=0.00s
[2026-05-06T01:04:32.978+0100][13.257s][info][gc,start       ] GC(185) Pause Young (Allocation Failure)
[2026-05-06T01:04:32.978+0100][13.258s][info][gc,heap        ] GC(185) DefNew: 153432K(196288K)->3K(196288K) Eden: 153429K(174528K)->0K(174528K) From: 3K(21760K)->3K(21760K)
[2026-05-06T01:04:32.978+0100][13.258s][info][gc,heap        ] GC(185) Tenured: 203734K(435968K)->203734K(435968K)
[2026-05-06T01:04:32.978+0100][13.258s][info][gc,metaspace   ] GC(185) Metaspace: 19073K(19456K)->19073K(19456K) NonClass: 16843K(17024K)->16843K(17024K) Class: 2230K(2432K)->2230K(2432K)
[2026-05-06T01:04:32.978+0100][13.258s][info][gc             ] GC(185) Pause Young (Allocation Failure) 348M->198M(617M) 0.221ms
[2026-05-06T01:04:32.978+0100][13.258s][info][gc,cpu         ] GC(185) User=0.00s Sys=0.00s Real=0.00s
[2026-05-06T01:04:33.122+0100][13.402s][info][gc,start       ] GC(186) Pause Young (Allocation Failure)
[2026-05-06T01:04:33.122+0100][13.402s][info][gc,heap        ] GC(186) DefNew: 153433K(196288K)->3K(196288K) Eden: 153429K(174528K)->0K(174528K) From: 3K(21760K)->3K(21760K)
[2026-05-06T01:04:33.122+0100][13.402s][info][gc,heap        ] GC(186) Tenured: 203734K(435968K)->203734K(435968K)
[2026-05-06T01:04:33.122+0100][13.402s][info][gc,metaspace   ] GC(186) Metaspace: 19073K(19456K)->19073K(19456K) NonClass: 16843K(17024K)->16843K(17024K) Class: 2230K(2432K)->2230K(2432K)
[2026-05-06T01:04:33.122+0100][13.402s][info][gc             ] GC(186) Pause Young (Allocation Failure) 348M->198M(617M) 0.169ms
[2026-05-06T01:04:33.122+0100][13.402s][info][gc,cpu         ] GC(186) User=0.00s Sys=0.00s Real=0.00s
[2026-05-06T01:04:33.267+0100][13.547s][info][gc,start       ] GC(187) Pause Young (Allocation Failure)
[2026-05-06T01:04:33.267+0100][13.547s][info][gc,heap        ] GC(187) DefNew: 153433K(196288K)->4K(196288K) Eden: 153429K(174528K)->0K(174528K) From: 3K(21760K)->4K(21760K)
[2026-05-06T01:04:33.267+0100][13.547s][info][gc,heap        ] GC(187) Tenured: 203734K(435968K)->203734K(435968K)
[2026-05-06T01:04:33.267+0100][13.547s][info][gc,metaspace   ] GC(187) Metaspace: 19073K(19456K)->19073K(19456K) NonClass: 16843K(17024K)->16843K(17024K) Class: 2230K(2432K)->2230K(2432K)
[2026-05-06T01:04:33.267+0100][13.547s][info][gc             ] GC(187) Pause Young (Allocation Failure) 348M->198M(617M) 0.186ms
[2026-05-06T01:04:33.267+0100][13.547s][info][gc,cpu         ] GC(187) User=0.00s Sys=0.00s Real=0.00s
[2026-05-06T01:04:33.412+0100][13.692s][info][gc,start       ] GC(188) Pause Young (Allocation Failure)
[2026-05-06T01:04:33.412+0100][13.692s][info][gc,heap        ] GC(188) DefNew: 153433K(196288K)->4K(196288K) Eden: 153429K(174528K)->0K(174528K) From: 4K(21760K)->4K(21760K)
[2026-05-06T01:04:33.412+0100][13.692s][info][gc,heap        ] GC(188) Tenured: 203734K(435968K)->203734K(435968K)
[2026-05-06T01:04:33.412+0100][13.692s][info][gc,metaspace   ] GC(188) Metaspace: 19073K(19456K)->19073K(19456K) NonClass: 16843K(17024K)->16843K(17024K) Class: 2230K(2432K)->2230K(2432K)
[2026-05-06T01:04:33.412+0100][13.692s][info][gc             ] GC(188) Pause Young (Allocation Failure) 348M->198M(617M) 0.232ms
[2026-05-06T01:04:33.412+0100][13.692s][info][gc,cpu         ] GC(188) User=0.00s Sys=0.00s Real=0.00s
[2026-05-06T01:04:33.555+0100][13.835s][info][gc,start       ] GC(189) Pause Young (Allocation Failure)
[2026-05-06T01:04:33.555+0100][13.835s][info][gc,heap        ] GC(189) DefNew: 153433K(196288K)->4K(196288K) Eden: 153429K(174528K)->0K(174528K) From: 4K(21760K)->4K(21760K)
[2026-05-06T01:04:33.555+0100][13.835s][info][gc,heap        ] GC(189) Tenured: 203734K(435968K)->203734K(435968K)
[2026-05-06T01:04:33.555+0100][13.835s][info][gc,metaspace   ] GC(189) Metaspace: 19073K(19456K)->19073K(19456K) NonClass: 16843K(17024K)->16843K(17024K) Class: 2230K(2432K)->2230K(2432K)
[2026-05-06T01:04:33.555+0100][13.835s][info][gc             ] GC(189) Pause Young (Allocation Failure) 348M->198M(617M) 0.169ms
[2026-05-06T01:04:33.555+0100][13.835s][info][gc,cpu         ] GC(189) User=0.00s Sys=0.00s Real=0.00s
[2026-05-06T01:04:33.701+0100][13.981s][info][gc,start       ] GC(190) Pause Young (Allocation Failure)
[2026-05-06T01:04:33.701+0100][13.981s][info][gc,heap        ] GC(190) DefNew: 153433K(196288K)->4K(196288K) Eden: 153429K(174528K)->0K(174528K) From: 4K(21760K)->4K(21760K)
[2026-05-06T01:04:33.701+0100][13.981s][info][gc,heap        ] GC(190) Tenured: 203734K(435968K)->203734K(435968K)
[2026-05-06T01:04:33.701+0100][13.981s][info][gc,metaspace   ] GC(190) Metaspace: 19073K(19456K)->19073K(19456K) NonClass: 16843K(17024K)->16843K(17024K) Class: 2230K(2432K)->2230K(2432K)
[2026-05-06T01:04:33.701+0100][13.981s][info][gc             ] GC(190) Pause Young (Allocation Failure) 348M->198M(617M) 0.206ms
[2026-05-06T01:04:33.701+0100][13.981s][info][gc,cpu         ] GC(190) User=0.00s Sys=0.00s Real=0.00s
[2026-05-06T01:04:33.845+0100][14.125s][info][gc,start       ] GC(191) Pause Young (Allocation Failure)
[2026-05-06T01:04:33.845+0100][14.125s][info][gc,heap        ] GC(191) DefNew: 153433K(196288K)->4K(196288K) Eden: 153429K(174528K)->0K(174528K) From: 4K(21760K)->4K(21760K)
[2026-05-06T01:04:33.845+0100][14.125s][info][gc,heap        ] GC(191) Tenured: 203734K(435968K)->203734K(435968K)
[2026-05-06T01:04:33.845+0100][14.125s][info][gc,metaspace   ] GC(191) Metaspace: 19073K(19456K)->19073K(19456K) NonClass: 16843K(17024K)->16843K(17024K) Class: 2230K(2432K)->2230K(2432K)
[2026-05-06T01:04:33.845+0100][14.125s][info][gc             ] GC(191) Pause Young (Allocation Failure) 348M->198M(617M) 0.207ms
[2026-05-06T01:04:33.845+0100][14.125s][info][gc,cpu         ] GC(191) User=0.00s Sys=0.00s Real=0.00s
[2026-05-06T01:04:33.991+0100][14.271s][info][gc,start       ] GC(192) Pause Young (Allocation Failure)
[2026-05-06T01:04:33.991+0100][14.271s][info][gc,heap        ] GC(192) DefNew: 153433K(196288K)->4K(196288K) Eden: 153429K(174528K)->0K(174528K) From: 4K(21760K)->4K(21760K)
[2026-05-06T01:04:33.991+0100][14.271s][info][gc,heap        ] GC(192) Tenured: 203734K(435968K)->203734K(435968K)
[2026-05-06T01:04:33.991+0100][14.271s][info][gc,metaspace   ] GC(192) Metaspace: 19074K(19456K)->19074K(19456K) NonClass: 16844K(17024K)->16844K(17024K) Class: 2230K(2432K)->2230K(2432K)
[2026-05-06T01:04:33.991+0100][14.271s][info][gc             ] GC(192) Pause Young (Allocation Failure) 348M->198M(617M) 0.247ms
[2026-05-06T01:04:33.991+0100][14.271s][info][gc,cpu         ] GC(192) User=0.00s Sys=0.00s Real=0.00s
[2026-05-06T01:04:34.135+0100][14.415s][info][gc,start       ] GC(193) Pause Young (Allocation Failure)
[2026-05-06T01:04:34.135+0100][14.415s][info][gc,heap        ] GC(193) DefNew: 153433K(196288K)->4K(196288K) Eden: 153429K(174528K)->0K(174528K) From: 4K(21760K)->4K(21760K)
[2026-05-06T01:04:34.135+0100][14.415s][info][gc,heap        ] GC(193) Tenured: 203734K(435968K)->203734K(435968K)
[2026-05-06T01:04:34.135+0100][14.415s][info][gc,metaspace   ] GC(193) Metaspace: 19074K(19456K)->19074K(19456K) NonClass: 16844K(17024K)->16844K(17024K) Class: 2230K(2432K)->2230K(2432K)
[2026-05-06T01:04:34.135+0100][14.415s][info][gc             ] GC(193) Pause Young (Allocation Failure) 348M->198M(617M) 0.203ms
[2026-05-06T01:04:34.135+0100][14.415s][info][gc,cpu         ] GC(193) User=0.00s Sys=0.00s Real=0.00s
[2026-05-06T01:04:34.279+0100][14.559s][info][gc,start       ] GC(194) Pause Young (Allocation Failure)
[2026-05-06T01:04:34.279+0100][14.559s][info][gc,heap        ] GC(194) DefNew: 153433K(196288K)->4K(196288K) Eden: 153429K(174528K)->0K(174528K) From: 4K(21760K)->4K(21760K)
[2026-05-06T01:04:34.279+0100][14.559s][info][gc,heap        ] GC(194) Tenured: 203734K(435968K)->203734K(435968K)
[2026-05-06T01:04:34.279+0100][14.559s][info][gc,metaspace   ] GC(194) Metaspace: 19074K(19456K)->19074K(19456K) NonClass: 16844K(17024K)->16844K(17024K) Class: 2230K(2432K)->2230K(2432K)
[2026-05-06T01:04:34.279+0100][14.559s][info][gc             ] GC(194) Pause Young (Allocation Failure) 348M->198M(617M) 0.181ms
[2026-05-06T01:04:34.279+0100][14.559s][info][gc,cpu         ] GC(194) User=0.00s Sys=0.00s Real=0.00s
[2026-05-06T01:04:34.360+0100][14.640s][info][gc,start       ] GC(195) Pause Full (System.gc())
[2026-05-06T01:04:34.360+0100][14.640s][info][gc,phases,start] GC(195) Phase 1: Mark live objects
[2026-05-06T01:04:34.366+0100][14.646s][info][gc,phases      ] GC(195) Phase 1: Mark live objects 5.673ms
[2026-05-06T01:04:34.366+0100][14.646s][info][gc,phases,start] GC(195) Phase 2: Compute new object addresses
[2026-05-06T01:04:34.367+0100][14.647s][info][gc,phases      ] GC(195) Phase 2: Compute new object addresses 1.396ms
[2026-05-06T01:04:34.367+0100][14.647s][info][gc,phases,start] GC(195) Phase 3: Adjust pointers
[2026-05-06T01:04:34.371+0100][14.651s][info][gc,phases      ] GC(195) Phase 3: Adjust pointers 4.101ms
[2026-05-06T01:04:34.371+0100][14.651s][info][gc,phases,start] GC(195) Phase 4: Move objects
[2026-05-06T01:04:34.376+0100][14.656s][info][gc,phases      ] GC(195) Phase 4: Move objects 5.189ms
[2026-05-06T01:04:34.377+0100][14.656s][info][gc,heap        ] GC(195) DefNew: 151687K(196288K)->0K(196288K) Eden: 151683K(174528K)->0K(174528K) From: 4K(21760K)->0K(21760K)
[2026-05-06T01:04:34.377+0100][14.656s][info][gc,heap        ] GC(195) Tenured: 203734K(435968K)->203735K(435968K)
[2026-05-06T01:04:34.377+0100][14.656s][info][gc,metaspace   ] GC(195) Metaspace: 19074K(19456K)->19074K(19456K) NonClass: 16844K(17024K)->16844K(17024K) Class: 2230K(2432K)->2230K(2432K)
[2026-05-06T01:04:34.377+0100][14.656s][info][gc             ] GC(195) Pause Full (System.gc()) 347M->198M(617M) 16.508ms
[2026-05-06T01:04:34.377+0100][14.656s][info][gc,cpu         ] GC(195) User=0.02s Sys=0.00s Real=0.01s
[2026-05-06T01:04:34.584+0100][14.864s][info][gc,start       ] GC(196) Pause Young (Allocation Failure)
[2026-05-06T01:04:34.584+0100][14.864s][info][gc,heap        ] GC(196) DefNew: 154316K(196288K)->3K(196288K) Eden: 154316K(174528K)->0K(174528K) From: 0K(21760K)->3K(21760K)
[2026-05-06T01:04:34.584+0100][14.864s][info][gc,heap        ] GC(196) Tenured: 203735K(435968K)->203735K(435968K)
[2026-05-06T01:04:34.584+0100][14.864s][info][gc,metaspace   ] GC(196) Metaspace: 19074K(19456K)->19074K(19456K) NonClass: 16844K(17024K)->16844K(17024K) Class: 2230K(2432K)->2230K(2432K)
[2026-05-06T01:04:34.584+0100][14.864s][info][gc             ] GC(196) Pause Young (Allocation Failure) 349M->198M(617M) 0.199ms
[2026-05-06T01:04:34.584+0100][14.864s][info][gc,cpu         ] GC(196) User=0.00s Sys=0.00s Real=0.00s
[2026-05-06T01:04:34.728+0100][15.008s][info][gc,start       ] GC(197) Pause Young (Allocation Failure)
[2026-05-06T01:04:34.728+0100][15.008s][info][gc,heap        ] GC(197) DefNew: 153435K(196288K)->3K(196288K) Eden: 153431K(174528K)->0K(174528K) From: 3K(21760K)->3K(21760K)
[2026-05-06T01:04:34.728+0100][15.008s][info][gc,heap        ] GC(197) Tenured: 203735K(435968K)->203735K(435968K)
[2026-05-06T01:04:34.728+0100][15.008s][info][gc,metaspace   ] GC(197) Metaspace: 19074K(19456K)->19074K(19456K) NonClass: 16844K(17024K)->16844K(17024K) Class: 2230K(2432K)->2230K(2432K)
[2026-05-06T01:04:34.728+0100][15.008s][info][gc             ] GC(197) Pause Young (Allocation Failure) 348M->198M(617M) 0.172ms
[2026-05-06T01:04:34.728+0100][15.008s][info][gc,cpu         ] GC(197) User=0.00s Sys=0.00s Real=0.00s
[2026-05-06T01:04:34.872+0100][15.151s][info][gc,start       ] GC(198) Pause Young (Allocation Failure)
[2026-05-06T01:04:34.872+0100][15.152s][info][gc,heap        ] GC(198) DefNew: 153434K(196288K)->3K(196288K) Eden: 153431K(174528K)->0K(174528K) From: 3K(21760K)->3K(21760K)
[2026-05-06T01:04:34.872+0100][15.152s][info][gc,heap        ] GC(198) Tenured: 203735K(435968K)->203735K(435968K)
[2026-05-06T01:04:34.872+0100][15.152s][info][gc,metaspace   ] GC(198) Metaspace: 19074K(19456K)->19074K(19456K) NonClass: 16844K(17024K)->16844K(17024K) Class: 2230K(2432K)->2230K(2432K)
[2026-05-06T01:04:34.872+0100][15.152s][info][gc             ] GC(198) Pause Young (Allocation Failure) 348M->198M(617M) 0.179ms
[2026-05-06T01:04:34.872+0100][15.152s][info][gc,cpu         ] GC(198) User=0.00s Sys=0.00s Real=0.00s
[2026-05-06T01:04:35.016+0100][15.296s][info][gc,start       ] GC(199) Pause Young (Allocation Failure)
[2026-05-06T01:04:35.016+0100][15.296s][info][gc,heap        ] GC(199) DefNew: 153434K(196288K)->3K(196288K) Eden: 153430K(174528K)->0K(174528K) From: 3K(21760K)->3K(21760K)
[2026-05-06T01:04:35.016+0100][15.296s][info][gc,heap        ] GC(199) Tenured: 203735K(435968K)->203735K(435968K)
[2026-05-06T01:04:35.016+0100][15.296s][info][gc,metaspace   ] GC(199) Metaspace: 19074K(19456K)->19074K(19456K) NonClass: 16844K(17024K)->16844K(17024K) Class: 2230K(2432K)->2230K(2432K)
[2026-05-06T01:04:35.016+0100][15.296s][info][gc             ] GC(199) Pause Young (Allocation Failure) 348M->198M(617M) 0.213ms
[2026-05-06T01:04:35.016+0100][15.296s][info][gc,cpu         ] GC(199) User=0.00s Sys=0.00s Real=0.00s
[2026-05-06T01:04:35.160+0100][15.440s][info][gc,start       ] GC(200) Pause Young (Allocation Failure)
[2026-05-06T01:04:35.160+0100][15.440s][info][gc,heap        ] GC(200) DefNew: 153433K(196288K)->3K(196288K) Eden: 153430K(174528K)->0K(174528K) From: 3K(21760K)->3K(21760K)
[2026-05-06T01:04:35.160+0100][15.440s][info][gc,heap        ] GC(200) Tenured: 203735K(435968K)->203735K(435968K)
[2026-05-06T01:04:35.160+0100][15.440s][info][gc,metaspace   ] GC(200) Metaspace: 19074K(19456K)->19074K(19456K) NonClass: 16844K(17024K)->16844K(17024K) Class: 2230K(2432K)->2230K(2432K)
[2026-05-06T01:04:35.160+0100][15.440s][info][gc             ] GC(200) Pause Young (Allocation Failure) 348M->198M(617M) 0.170ms
[2026-05-06T01:04:35.161+0100][15.440s][info][gc,cpu         ] GC(200) User=0.00s Sys=0.00s Real=0.00s
[2026-05-06T01:04:35.305+0100][15.585s][info][gc,start       ] GC(201) Pause Young (Allocation Failure)
[2026-05-06T01:04:35.305+0100][15.585s][info][gc,heap        ] GC(201) DefNew: 153433K(196288K)->3K(196288K) Eden: 153430K(174528K)->0K(174528K) From: 3K(21760K)->3K(21760K)
[2026-05-06T01:04:35.305+0100][15.585s][info][gc,heap        ] GC(201) Tenured: 203735K(435968K)->203735K(435968K)
[2026-05-06T01:04:35.305+0100][15.585s][info][gc,metaspace   ] GC(201) Metaspace: 19074K(19456K)->19074K(19456K) NonClass: 16844K(17024K)->16844K(17024K) Class: 2230K(2432K)->2230K(2432K)
[2026-05-06T01:04:35.305+0100][15.585s][info][gc             ] GC(201) Pause Young (Allocation Failure) 348M->198M(617M) 0.186ms
[2026-05-06T01:04:35.305+0100][15.585s][info][gc,cpu         ] GC(201) User=0.00s Sys=0.00s Real=0.00s
[2026-05-06T01:04:35.449+0100][15.729s][info][gc,start       ] GC(202) Pause Young (Allocation Failure)
[2026-05-06T01:04:35.450+0100][15.729s][info][gc,heap        ] GC(202) DefNew: 153433K(196288K)->3K(196288K) Eden: 153429K(174528K)->0K(174528K) From: 3K(21760K)->3K(21760K)
[2026-05-06T01:04:35.450+0100][15.729s][info][gc,heap        ] GC(202) Tenured: 203735K(435968K)->203735K(435968K)
[2026-05-06T01:04:35.450+0100][15.729s][info][gc,metaspace   ] GC(202) Metaspace: 19074K(19456K)->19074K(19456K) NonClass: 16844K(17024K)->16844K(17024K) Class: 2230K(2432K)->2230K(2432K)
[2026-05-06T01:04:35.450+0100][15.729s][info][gc             ] GC(202) Pause Young (Allocation Failure) 348M->198M(617M) 0.249ms
[2026-05-06T01:04:35.450+0100][15.729s][info][gc,cpu         ] GC(202) User=0.00s Sys=0.00s Real=0.01s
[2026-05-06T01:04:35.595+0100][15.875s][info][gc,start       ] GC(203) Pause Young (Allocation Failure)
[2026-05-06T01:04:35.595+0100][15.875s][info][gc,heap        ] GC(203) DefNew: 153433K(196288K)->3K(196288K) Eden: 153429K(174528K)->0K(174528K) From: 3K(21760K)->3K(21760K)
[2026-05-06T01:04:35.595+0100][15.875s][info][gc,heap        ] GC(203) Tenured: 203735K(435968K)->203735K(435968K)
[2026-05-06T01:04:35.595+0100][15.875s][info][gc,metaspace   ] GC(203) Metaspace: 19074K(19456K)->19074K(19456K) NonClass: 16844K(17024K)->16844K(17024K) Class: 2230K(2432K)->2230K(2432K)
[2026-05-06T01:04:35.595+0100][15.875s][info][gc             ] GC(203) Pause Young (Allocation Failure) 348M->198M(617M) 0.210ms
[2026-05-06T01:04:35.595+0100][15.875s][info][gc,cpu         ] GC(203) User=0.00s Sys=0.00s Real=0.00s
[2026-05-06T01:04:35.739+0100][16.019s][info][gc,start       ] GC(204) Pause Young (Allocation Failure)
[2026-05-06T01:04:35.740+0100][16.019s][info][gc,heap        ] GC(204) DefNew: 153433K(196288K)->3K(196288K) Eden: 153429K(174528K)->0K(174528K) From: 3K(21760K)->3K(21760K)
[2026-05-06T01:04:35.740+0100][16.019s][info][gc,heap        ] GC(204) Tenured: 203735K(435968K)->203735K(435968K)
[2026-05-06T01:04:35.740+0100][16.019s][info][gc,metaspace   ] GC(204) Metaspace: 19074K(19456K)->19074K(19456K) NonClass: 16844K(17024K)->16844K(17024K) Class: 2230K(2432K)->2230K(2432K)
[2026-05-06T01:04:35.740+0100][16.019s][info][gc             ] GC(204) Pause Young (Allocation Failure) 348M->198M(617M) 0.193ms
[2026-05-06T01:04:35.740+0100][16.019s][info][gc,cpu         ] GC(204) User=0.00s Sys=0.00s Real=0.01s
[2026-05-06T01:04:35.853+0100][16.133s][info][gc,start       ] GC(205) Pause Young (Allocation Failure)
[2026-05-06T01:04:35.853+0100][16.133s][info][gc,heap        ] GC(205) DefNew: 151687K(196288K)->2K(196288K) Eden: 151683K(174528K)->0K(174528K) From: 3K(21760K)->2K(21760K)
[2026-05-06T01:04:35.853+0100][16.133s][info][gc,heap        ] GC(205) Tenured: 203735K(435968K)->203735K(435968K)
[2026-05-06T01:04:35.853+0100][16.133s][info][gc,metaspace   ] GC(205) Metaspace: 19074K(19456K)->19074K(19456K) NonClass: 16844K(17024K)->16844K(17024K) Class: 2230K(2432K)->2230K(2432K)
[2026-05-06T01:04:35.853+0100][16.133s][info][gc             ] GC(205) Pause Young (Allocation Failure) 347M->198M(617M) 0.203ms
[2026-05-06T01:04:35.853+0100][16.133s][info][gc,cpu         ] GC(205) User=0.00s Sys=0.00s Real=0.00s
[2026-05-06T01:04:35.927+0100][16.207s][info][gc,start       ] GC(206) Pause Young (Allocation Failure)
[2026-05-06T01:04:35.927+0100][16.207s][info][gc,heap        ] GC(206) DefNew: 150826K(196288K)->2K(196288K) Eden: 150824K(174528K)->0K(174528K) From: 2K(21760K)->2K(21760K)
[2026-05-06T01:04:35.927+0100][16.207s][info][gc,heap        ] GC(206) Tenured: 203735K(435968K)->203735K(435968K)
[2026-05-06T01:04:35.927+0100][16.207s][info][gc,metaspace   ] GC(206) Metaspace: 19074K(19456K)->19074K(19456K) NonClass: 16844K(17024K)->16844K(17024K) Class: 2230K(2432K)->2230K(2432K)
[2026-05-06T01:04:35.927+0100][16.207s][info][gc             ] GC(206) Pause Young (Allocation Failure) 346M->198M(617M) 0.199ms
[2026-05-06T01:04:35.927+0100][16.207s][info][gc,cpu         ] GC(206) User=0.00s Sys=0.00s Real=0.00s
[2026-05-06T01:04:36.003+0100][16.283s][info][gc,start       ] GC(207) Pause Young (Allocation Failure)
[2026-05-06T01:04:36.003+0100][16.283s][info][gc,heap        ] GC(207) DefNew: 150842K(196288K)->2K(196288K) Eden: 150839K(174528K)->0K(174528K) From: 2K(21760K)->2K(21760K)
[2026-05-06T01:04:36.003+0100][16.283s][info][gc,heap        ] GC(207) Tenured: 203735K(435968K)->203735K(435968K)
[2026-05-06T01:04:36.003+0100][16.283s][info][gc,metaspace   ] GC(207) Metaspace: 19074K(19456K)->19074K(19456K) NonClass: 16844K(17024K)->16844K(17024K) Class: 2230K(2432K)->2230K(2432K)
[2026-05-06T01:04:36.003+0100][16.283s][info][gc             ] GC(207) Pause Young (Allocation Failure) 346M->198M(617M) 0.212ms
[2026-05-06T01:04:36.003+0100][16.283s][info][gc,cpu         ] GC(207) User=0.00s Sys=0.00s Real=0.00s
[2026-05-06T01:04:36.046+0100][16.326s][info][gc,start       ] GC(208) Pause Full (System.gc())
[2026-05-06T01:04:36.046+0100][16.326s][info][gc,phases,start] GC(208) Phase 1: Mark live objects
[2026-05-06T01:04:36.051+0100][16.331s][info][gc,phases      ] GC(208) Phase 1: Mark live objects 5.230ms
[2026-05-06T01:04:36.051+0100][16.331s][info][gc,phases,start] GC(208) Phase 2: Compute new object addresses
[2026-05-06T01:04:36.052+0100][16.332s][info][gc,phases      ] GC(208) Phase 2: Compute new object addresses 1.396ms
[2026-05-06T01:04:36.052+0100][16.332s][info][gc,phases,start] GC(208) Phase 3: Adjust pointers
[2026-05-06T01:04:36.056+0100][16.336s][info][gc,phases      ] GC(208) Phase 3: Adjust pointers 3.988ms
[2026-05-06T01:04:36.056+0100][16.336s][info][gc,phases,start] GC(208) Phase 4: Move objects
[2026-05-06T01:04:36.056+0100][16.336s][info][gc,phases      ] GC(208) Phase 4: Move objects 0.004ms
[2026-05-06T01:04:36.056+0100][16.336s][info][gc,heap        ] GC(208) DefNew: 150852K(196288K)->0K(196288K) Eden: 150849K(174528K)->0K(174528K) From: 2K(21760K)->0K(21760K)
[2026-05-06T01:04:36.056+0100][16.336s][info][gc,heap        ] GC(208) Tenured: 203735K(435968K)->203735K(435968K)
[2026-05-06T01:04:36.056+0100][16.336s][info][gc,metaspace   ] GC(208) Metaspace: 19074K(19456K)->19074K(19456K) NonClass: 16844K(17024K)->16844K(17024K) Class: 2230K(2432K)->2230K(2432K)
[2026-05-06T01:04:36.056+0100][16.336s][info][gc             ] GC(208) Pause Full (System.gc()) 346M->198M(617M) 10.726ms
[2026-05-06T01:04:36.056+0100][16.336s][info][gc,cpu         ] GC(208) User=0.02s Sys=0.00s Real=0.01s
[2026-05-06T01:04:36.162+0100][16.442s][info][gc,start       ] GC(209) Pause Young (Allocation Failure)
[2026-05-06T01:04:36.162+0100][16.442s][info][gc,heap        ] GC(209) DefNew: 150856K(196288K)->2K(196288K) Eden: 150856K(174528K)->0K(174528K) From: 0K(21760K)->2K(21760K)
[2026-05-06T01:04:36.162+0100][16.442s][info][gc,heap        ] GC(209) Tenured: 203735K(435968K)->203735K(435968K)
[2026-05-06T01:04:36.162+0100][16.442s][info][gc,metaspace   ] GC(209) Metaspace: 19074K(19456K)->19074K(19456K) NonClass: 16844K(17024K)->16844K(17024K) Class: 2230K(2432K)->2230K(2432K)
[2026-05-06T01:04:36.162+0100][16.442s][info][gc             ] GC(209) Pause Young (Allocation Failure) 346M->198M(617M) 0.216ms
[2026-05-06T01:04:36.162+0100][16.442s][info][gc,cpu         ] GC(209) User=0.00s Sys=0.00s Real=0.00s
[2026-05-06T01:04:36.236+0100][16.516s][info][gc,start       ] GC(210) Pause Young (Allocation Failure)
[2026-05-06T01:04:36.236+0100][16.516s][info][gc,heap        ] GC(210) DefNew: 150862K(196288K)->2K(196288K) Eden: 150860K(174528K)->0K(174528K) From: 2K(21760K)->2K(21760K)
[2026-05-06T01:04:36.236+0100][16.516s][info][gc,heap        ] GC(210) Tenured: 203735K(435968K)->203735K(435968K)
[2026-05-06T01:04:36.236+0100][16.516s][info][gc,metaspace   ] GC(210) Metaspace: 19074K(19456K)->19074K(19456K) NonClass: 16844K(17024K)->16844K(17024K) Class: 2230K(2432K)->2230K(2432K)
[2026-05-06T01:04:36.236+0100][16.516s][info][gc             ] GC(210) Pause Young (Allocation Failure) 346M->198M(617M) 0.162ms
[2026-05-06T01:04:36.236+0100][16.516s][info][gc,cpu         ] GC(210) User=0.00s Sys=0.00s Real=0.00s
[2026-05-06T01:04:36.310+0100][16.590s][info][gc,start       ] GC(211) Pause Young (Allocation Failure)
[2026-05-06T01:04:36.310+0100][16.590s][info][gc,heap        ] GC(211) DefNew: 150865K(196288K)->2K(196288K) Eden: 150863K(174528K)->0K(174528K) From: 2K(21760K)->2K(21760K)
[2026-05-06T01:04:36.310+0100][16.590s][info][gc,heap        ] GC(211) Tenured: 203735K(435968K)->203735K(435968K)
[2026-05-06T01:04:36.310+0100][16.590s][info][gc,metaspace   ] GC(211) Metaspace: 19074K(19456K)->19074K(19456K) NonClass: 16844K(17024K)->16844K(17024K) Class: 2230K(2432K)->2230K(2432K)
[2026-05-06T01:04:36.310+0100][16.590s][info][gc             ] GC(211) Pause Young (Allocation Failure) 346M->198M(617M) 0.158ms
[2026-05-06T01:04:36.310+0100][16.590s][info][gc,cpu         ] GC(211) User=0.00s Sys=0.00s Real=0.00s
[2026-05-06T01:04:36.384+0100][16.664s][info][gc,start       ] GC(212) Pause Young (Allocation Failure)
[2026-05-06T01:04:36.385+0100][16.664s][info][gc,heap        ] GC(212) DefNew: 150866K(196288K)->2K(196288K) Eden: 150864K(174528K)->0K(174528K) From: 2K(21760K)->2K(21760K)
[2026-05-06T01:04:36.385+0100][16.664s][info][gc,heap        ] GC(212) Tenured: 203735K(435968K)->203735K(435968K)
[2026-05-06T01:04:36.385+0100][16.664s][info][gc,metaspace   ] GC(212) Metaspace: 19074K(19456K)->19074K(19456K) NonClass: 16844K(17024K)->16844K(17024K) Class: 2230K(2432K)->2230K(2432K)
[2026-05-06T01:04:36.385+0100][16.665s][info][gc             ] GC(212) Pause Young (Allocation Failure) 346M->198M(617M) 0.195ms
[2026-05-06T01:04:36.385+0100][16.665s][info][gc,cpu         ] GC(212) User=0.00s Sys=0.00s Real=0.00s
[2026-05-06T01:04:36.458+0100][16.738s][info][gc,start       ] GC(213) Pause Young (Allocation Failure)
[2026-05-06T01:04:36.458+0100][16.738s][info][gc,heap        ] GC(213) DefNew: 150868K(196288K)->2K(196288K) Eden: 150865K(174528K)->0K(174528K) From: 2K(21760K)->2K(21760K)
[2026-05-06T01:04:36.458+0100][16.738s][info][gc,heap        ] GC(213) Tenured: 203735K(435968K)->203735K(435968K)
[2026-05-06T01:04:36.458+0100][16.738s][info][gc,metaspace   ] GC(213) Metaspace: 19075K(19456K)->19075K(19456K) NonClass: 16844K(17024K)->16844K(17024K) Class: 2230K(2432K)->2230K(2432K)
[2026-05-06T01:04:36.458+0100][16.738s][info][gc             ] GC(213) Pause Young (Allocation Failure) 346M->198M(617M) 0.155ms
[2026-05-06T01:04:36.458+0100][16.738s][info][gc,cpu         ] GC(213) User=0.00s Sys=0.00s Real=0.00s
[2026-05-06T01:04:36.532+0100][16.812s][info][gc,start       ] GC(214) Pause Young (Allocation Failure)
[2026-05-06T01:04:36.532+0100][16.812s][info][gc,heap        ] GC(214) DefNew: 150868K(196288K)->1K(196288K) Eden: 150866K(174528K)->0K(174528K) From: 2K(21760K)->1K(21760K)
[2026-05-06T01:04:36.532+0100][16.812s][info][gc,heap        ] GC(214) Tenured: 203735K(435968K)->203735K(435968K)
[2026-05-06T01:04:36.532+0100][16.812s][info][gc,metaspace   ] GC(214) Metaspace: 19075K(19456K)->19075K(19456K) NonClass: 16844K(17024K)->16844K(17024K) Class: 2230K(2432K)->2230K(2432K)
[2026-05-06T01:04:36.532+0100][16.812s][info][gc             ] GC(214) Pause Young (Allocation Failure) 346M->198M(617M) 0.165ms
[2026-05-06T01:04:36.532+0100][16.812s][info][gc,cpu         ] GC(214) User=0.00s Sys=0.00s Real=0.00s
[2026-05-06T01:04:36.606+0100][16.886s][info][gc,start       ] GC(215) Pause Young (Allocation Failure)
[2026-05-06T01:04:36.606+0100][16.886s][info][gc,heap        ] GC(215) DefNew: 150868K(196288K)->1K(196288K) Eden: 150867K(174528K)->0K(174528K) From: 1K(21760K)->1K(21760K)
[2026-05-06T01:04:36.606+0100][16.886s][info][gc,heap        ] GC(215) Tenured: 203735K(435968K)->203735K(435968K)
[2026-05-06T01:04:36.606+0100][16.886s][info][gc,metaspace   ] GC(215) Metaspace: 19075K(19456K)->19075K(19456K) NonClass: 16844K(17024K)->16844K(17024K) Class: 2230K(2432K)->2230K(2432K)
[2026-05-06T01:04:36.606+0100][16.886s][info][gc             ] GC(215) Pause Young (Allocation Failure) 346M->198M(617M) 0.178ms
[2026-05-06T01:04:36.606+0100][16.886s][info][gc,cpu         ] GC(215) User=0.00s Sys=0.00s Real=0.00s
[2026-05-06T01:04:36.682+0100][16.962s][info][gc,start       ] GC(216) Pause Young (Allocation Failure)
[2026-05-06T01:04:36.682+0100][16.962s][info][gc,heap        ] GC(216) DefNew: 150868K(196288K)->1K(196288K) Eden: 150867K(174528K)->0K(174528K) From: 1K(21760K)->1K(21760K)
[2026-05-06T01:04:36.682+0100][16.962s][info][gc,heap        ] GC(216) Tenured: 203735K(435968K)->203735K(435968K)
[2026-05-06T01:04:36.682+0100][16.962s][info][gc,metaspace   ] GC(216) Metaspace: 19075K(19456K)->19075K(19456K) NonClass: 16844K(17024K)->16844K(17024K) Class: 2230K(2432K)->2230K(2432K)
[2026-05-06T01:04:36.682+0100][16.962s][info][gc             ] GC(216) Pause Young (Allocation Failure) 346M->198M(617M) 0.197ms
[2026-05-06T01:04:36.682+0100][16.962s][info][gc,cpu         ] GC(216) User=0.00s Sys=0.00s Real=0.00s
[2026-05-06T01:04:36.759+0100][17.038s][info][gc,start       ] GC(217) Pause Young (Allocation Failure)
[2026-05-06T01:04:36.759+0100][17.039s][info][gc,heap        ] GC(217) DefNew: 150868K(196288K)->1K(196288K) Eden: 150867K(174528K)->0K(174528K) From: 1K(21760K)->1K(21760K)
[2026-05-06T01:04:36.759+0100][17.039s][info][gc,heap        ] GC(217) Tenured: 203735K(435968K)->203735K(435968K)
[2026-05-06T01:04:36.759+0100][17.039s][info][gc,metaspace   ] GC(217) Metaspace: 19075K(19456K)->19075K(19456K) NonClass: 16844K(17024K)->16844K(17024K) Class: 2230K(2432K)->2230K(2432K)
[2026-05-06T01:04:36.759+0100][17.039s][info][gc             ] GC(217) Pause Young (Allocation Failure) 346M->198M(617M) 0.206ms
[2026-05-06T01:04:36.759+0100][17.039s][info][gc,cpu         ] GC(217) User=0.00s Sys=0.00s Real=0.00s
[2026-05-06T01:04:36.835+0100][17.115s][info][gc,start       ] GC(218) Pause Young (Allocation Failure)
[2026-05-06T01:04:36.835+0100][17.115s][info][gc,heap        ] GC(218) DefNew: 157851K(196288K)->4K(196288K) Eden: 157850K(174528K)->0K(174528K) From: 1K(21760K)->4K(21760K)
[2026-05-06T01:04:36.835+0100][17.115s][info][gc,heap        ] GC(218) Tenured: 203735K(435968K)->203735K(435968K)
[2026-05-06T01:04:36.835+0100][17.115s][info][gc,metaspace   ] GC(218) Metaspace: 19075K(19456K)->19075K(19456K) NonClass: 16844K(17024K)->16844K(17024K) Class: 2230K(2432K)->2230K(2432K)
[2026-05-06T01:04:36.835+0100][17.115s][info][gc             ] GC(218) Pause Young (Allocation Failure) 353M->198M(617M) 0.237ms
[2026-05-06T01:04:36.835+0100][17.115s][info][gc,cpu         ] GC(218) User=0.00s Sys=0.00s Real=0.00s
[2026-05-06T01:04:36.909+0100][17.189s][info][gc,start       ] GC(219) Pause Young (Allocation Failure)
[2026-05-06T01:04:36.910+0100][17.189s][info][gc,heap        ] GC(219) DefNew: 157802K(196288K)->4K(196288K) Eden: 157798K(174528K)->0K(174528K) From: 4K(21760K)->4K(21760K)
[2026-05-06T01:04:36.910+0100][17.189s][info][gc,heap        ] GC(219) Tenured: 203735K(435968K)->203735K(435968K)
[2026-05-06T01:04:36.910+0100][17.189s][info][gc,metaspace   ] GC(219) Metaspace: 19075K(19456K)->19075K(19456K) NonClass: 16844K(17024K)->16844K(17024K) Class: 2230K(2432K)->2230K(2432K)
[2026-05-06T01:04:36.910+0100][17.189s][info][gc             ] GC(219) Pause Young (Allocation Failure) 353M->198M(617M) 0.209ms
[2026-05-06T01:04:36.910+0100][17.189s][info][gc,cpu         ] GC(219) User=0.00s Sys=0.00s Real=0.01s
[2026-05-06T01:04:36.985+0100][17.265s][info][gc,start       ] GC(220) Pause Young (Allocation Failure)
[2026-05-06T01:04:36.985+0100][17.265s][info][gc,heap        ] GC(220) DefNew: 156023K(196288K)->4K(196288K) Eden: 156018K(174528K)->0K(174528K) From: 4K(21760K)->4K(21760K)
[2026-05-06T01:04:36.985+0100][17.265s][info][gc,heap        ] GC(220) Tenured: 203735K(435968K)->203735K(435968K)
[2026-05-06T01:04:36.985+0100][17.265s][info][gc,metaspace   ] GC(220) Metaspace: 19075K(19456K)->19075K(19456K) NonClass: 16844K(17024K)->16844K(17024K) Class: 2230K(2432K)->2230K(2432K)
[2026-05-06T01:04:36.985+0100][17.265s][info][gc             ] GC(220) Pause Young (Allocation Failure) 351M->198M(617M) 0.213ms
[2026-05-06T01:04:36.985+0100][17.265s][info][gc,cpu         ] GC(220) User=0.00s Sys=0.00s Real=0.00s
[2026-05-06T01:04:37.028+0100][17.308s][info][gc,start       ] GC(221) Pause Full (System.gc())
[2026-05-06T01:04:37.028+0100][17.308s][info][gc,phases,start] GC(221) Phase 1: Mark live objects
[2026-05-06T01:04:37.034+0100][17.314s][info][gc,phases      ] GC(221) Phase 1: Mark live objects 5.442ms
[2026-05-06T01:04:37.034+0100][17.314s][info][gc,phases,start] GC(221) Phase 2: Compute new object addresses
[2026-05-06T01:04:37.035+0100][17.315s][info][gc,phases      ] GC(221) Phase 2: Compute new object addresses 1.537ms
[2026-05-06T01:04:37.035+0100][17.315s][info][gc,phases,start] GC(221) Phase 3: Adjust pointers
[2026-05-06T01:04:37.040+0100][17.319s][info][gc,phases      ] GC(221) Phase 3: Adjust pointers 4.285ms
[2026-05-06T01:04:37.040+0100][17.319s][info][gc,phases,start] GC(221) Phase 4: Move objects
[2026-05-06T01:04:37.040+0100][17.319s][info][gc,phases      ] GC(221) Phase 4: Move objects 0.006ms
[2026-05-06T01:04:37.040+0100][17.319s][info][gc,heap        ] GC(221) DefNew: 152521K(196288K)->0K(196288K) Eden: 152517K(174528K)->0K(174528K) From: 4K(21760K)->0K(21760K)
[2026-05-06T01:04:37.040+0100][17.319s][info][gc,heap        ] GC(221) Tenured: 203735K(435968K)->203737K(435968K)
[2026-05-06T01:04:37.040+0100][17.319s][info][gc,metaspace   ] GC(221) Metaspace: 19075K(19456K)->19075K(19456K) NonClass: 16844K(17024K)->16844K(17024K) Class: 2230K(2432K)->2230K(2432K)
[2026-05-06T01:04:37.040+0100][17.319s][info][gc             ] GC(221) Pause Full (System.gc()) 347M->198M(617M) 11.406ms
[2026-05-06T01:04:37.040+0100][17.319s][info][gc,cpu         ] GC(221) User=0.01s Sys=0.00s Real=0.02s
[2026-05-06T01:04:37.149+0100][17.429s][info][gc,start       ] GC(222) Pause Young (Allocation Failure)
[2026-05-06T01:04:37.149+0100][17.429s][info][gc,heap        ] GC(222) DefNew: 156585K(196288K)->4K(196288K) Eden: 156585K(174528K)->0K(174528K) From: 0K(21760K)->4K(21760K)
[2026-05-06T01:04:37.149+0100][17.429s][info][gc,heap        ] GC(222) Tenured: 203737K(435968K)->203737K(435968K)
[2026-05-06T01:04:37.149+0100][17.429s][info][gc,metaspace   ] GC(222) Metaspace: 19075K(19456K)->19075K(19456K) NonClass: 16844K(17024K)->16844K(17024K) Class: 2230K(2432K)->2230K(2432K)
[2026-05-06T01:04:37.149+0100][17.429s][info][gc             ] GC(222) Pause Young (Allocation Failure) 351M->198M(617M) 0.258ms
[2026-05-06T01:04:37.149+0100][17.429s][info][gc,cpu         ] GC(222) User=0.00s Sys=0.00s Real=0.00s
[2026-05-06T01:04:37.224+0100][17.504s][info][gc,start       ] GC(223) Pause Young (Allocation Failure)
[2026-05-06T01:04:37.224+0100][17.504s][info][gc,heap        ] GC(223) DefNew: 154272K(196288K)->4K(196288K) Eden: 154267K(174528K)->0K(174528K) From: 4K(21760K)->4K(21760K)
[2026-05-06T01:04:37.224+0100][17.504s][info][gc,heap        ] GC(223) Tenured: 203737K(435968K)->203737K(435968K)
[2026-05-06T01:04:37.224+0100][17.504s][info][gc,metaspace   ] GC(223) Metaspace: 19075K(19456K)->19075K(19456K) NonClass: 16844K(17024K)->16844K(17024K) Class: 2230K(2432K)->2230K(2432K)
[2026-05-06T01:04:37.224+0100][17.504s][info][gc             ] GC(223) Pause Young (Allocation Failure) 349M->198M(617M) 0.198ms
[2026-05-06T01:04:37.224+0100][17.504s][info][gc,cpu         ] GC(223) User=0.00s Sys=0.00s Real=0.00s
[2026-05-06T01:04:37.298+0100][17.578s][info][gc,start       ] GC(224) Pause Young (Allocation Failure)
[2026-05-06T01:04:37.298+0100][17.578s][info][gc,heap        ] GC(224) DefNew: 154278K(196288K)->4K(196288K) Eden: 154274K(174528K)->0K(174528K) From: 4K(21760K)->4K(21760K)
[2026-05-06T01:04:37.298+0100][17.578s][info][gc,heap        ] GC(224) Tenured: 203737K(435968K)->203737K(435968K)
[2026-05-06T01:04:37.298+0100][17.578s][info][gc,metaspace   ] GC(224) Metaspace: 19075K(19456K)->19075K(19456K) NonClass: 16844K(17024K)->16844K(17024K) Class: 2230K(2432K)->2230K(2432K)
[2026-05-06T01:04:37.298+0100][17.578s][info][gc             ] GC(224) Pause Young (Allocation Failure) 349M->198M(617M) 0.205ms
[2026-05-06T01:04:37.298+0100][17.578s][info][gc,cpu         ] GC(224) User=0.00s Sys=0.00s Real=0.00s
[2026-05-06T01:04:37.374+0100][17.654s][info][gc,start       ] GC(225) Pause Young (Allocation Failure)
[2026-05-06T01:04:37.374+0100][17.654s][info][gc,heap        ] GC(225) DefNew: 154282K(196288K)->4K(196288K) Eden: 154277K(174528K)->0K(174528K) From: 4K(21760K)->4K(21760K)
[2026-05-06T01:04:37.374+0100][17.654s][info][gc,heap        ] GC(225) Tenured: 203737K(435968K)->203737K(435968K)
[2026-05-06T01:04:37.374+0100][17.654s][info][gc,metaspace   ] GC(225) Metaspace: 19075K(19456K)->19075K(19456K) NonClass: 16844K(17024K)->16844K(17024K) Class: 2230K(2432K)->2230K(2432K)
[2026-05-06T01:04:37.374+0100][17.654s][info][gc             ] GC(225) Pause Young (Allocation Failure) 349M->198M(617M) 0.203ms
[2026-05-06T01:04:37.374+0100][17.654s][info][gc,cpu         ] GC(225) User=0.00s Sys=0.00s Real=0.00s
[2026-05-06T01:04:37.450+0100][17.730s][info][gc,start       ] GC(226) Pause Young (Allocation Failure)
[2026-05-06T01:04:37.450+0100][17.730s][info][gc,heap        ] GC(226) DefNew: 154284K(196288K)->4K(196288K) Eden: 154280K(174528K)->0K(174528K) From: 4K(21760K)->4K(21760K)
[2026-05-06T01:04:37.451+0100][17.730s][info][gc,heap        ] GC(226) Tenured: 203737K(435968K)->203737K(435968K)
[2026-05-06T01:04:37.451+0100][17.730s][info][gc,metaspace   ] GC(226) Metaspace: 19075K(19456K)->19075K(19456K) NonClass: 16845K(17024K)->16845K(17024K) Class: 2230K(2432K)->2230K(2432K)
[2026-05-06T01:04:37.451+0100][17.730s][info][gc             ] GC(226) Pause Young (Allocation Failure) 349M->198M(617M) 0.226ms
[2026-05-06T01:04:37.451+0100][17.730s][info][gc,cpu         ] GC(226) User=0.00s Sys=0.00s Real=0.00s
[2026-05-06T01:04:37.525+0100][17.805s][info][gc,start       ] GC(227) Pause Young (Allocation Failure)
[2026-05-06T01:04:37.526+0100][17.805s][info][gc,heap        ] GC(227) DefNew: 154286K(196288K)->3K(196288K) Eden: 154282K(174528K)->0K(174528K) From: 4K(21760K)->3K(21760K)
[2026-05-06T01:04:37.526+0100][17.806s][info][gc,heap        ] GC(227) Tenured: 203737K(435968K)->203737K(435968K)
[2026-05-06T01:04:37.526+0100][17.806s][info][gc,metaspace   ] GC(227) Metaspace: 19075K(19456K)->19075K(19456K) NonClass: 16845K(17024K)->16845K(17024K) Class: 2230K(2432K)->2230K(2432K)
[2026-05-06T01:04:37.526+0100][17.806s][info][gc             ] GC(227) Pause Young (Allocation Failure) 349M->198M(617M) 0.231ms
[2026-05-06T01:04:37.526+0100][17.806s][info][gc,cpu         ] GC(227) User=0.00s Sys=0.00s Real=0.00s
[2026-05-06T01:04:37.600+0100][17.879s][info][gc,start       ] GC(228) Pause Young (Allocation Failure)
[2026-05-06T01:04:37.600+0100][17.880s][info][gc,heap        ] GC(228) DefNew: 154286K(196288K)->3K(196288K) Eden: 154283K(174528K)->0K(174528K) From: 3K(21760K)->3K(21760K)
[2026-05-06T01:04:37.600+0100][17.880s][info][gc,heap        ] GC(228) Tenured: 203737K(435968K)->203737K(435968K)
[2026-05-06T01:04:37.600+0100][17.880s][info][gc,metaspace   ] GC(228) Metaspace: 19075K(19456K)->19075K(19456K) NonClass: 16845K(17024K)->16845K(17024K) Class: 2230K(2432K)->2230K(2432K)
[2026-05-06T01:04:37.600+0100][17.880s][info][gc             ] GC(228) Pause Young (Allocation Failure) 349M->198M(617M) 0.173ms
[2026-05-06T01:04:37.600+0100][17.880s][info][gc,cpu         ] GC(228) User=0.00s Sys=0.00s Real=0.00s
[2026-05-06T01:04:37.674+0100][17.954s][info][gc,start       ] GC(229) Pause Young (Allocation Failure)
[2026-05-06T01:04:37.674+0100][17.954s][info][gc,heap        ] GC(229) DefNew: 154286K(196288K)->3K(196288K) Eden: 154283K(174528K)->0K(174528K) From: 3K(21760K)->3K(21760K)
[2026-05-06T01:04:37.674+0100][17.954s][info][gc,heap        ] GC(229) Tenured: 203737K(435968K)->203737K(435968K)
[2026-05-06T01:04:37.674+0100][17.954s][info][gc,metaspace   ] GC(229) Metaspace: 19075K(19456K)->19075K(19456K) NonClass: 16845K(17024K)->16845K(17024K) Class: 2230K(2432K)->2230K(2432K)
[2026-05-06T01:04:37.674+0100][17.954s][info][gc             ] GC(229) Pause Young (Allocation Failure) 349M->198M(617M) 0.223ms
[2026-05-06T01:04:37.674+0100][17.954s][info][gc,cpu         ] GC(229) User=0.00s Sys=0.00s Real=0.00s
[2026-05-06T01:04:37.748+0100][18.028s][info][gc,start       ] GC(230) Pause Young (Allocation Failure)
[2026-05-06T01:04:37.748+0100][18.028s][info][gc,heap        ] GC(230) DefNew: 154287K(196288K)->3K(196288K) Eden: 154284K(174528K)->0K(174528K) From: 3K(21760K)->3K(21760K)
[2026-05-06T01:04:37.748+0100][18.028s][info][gc,heap        ] GC(230) Tenured: 203737K(435968K)->203737K(435968K)
[2026-05-06T01:04:37.748+0100][18.028s][info][gc,metaspace   ] GC(230) Metaspace: 19075K(19456K)->19075K(19456K) NonClass: 16845K(17024K)->16845K(17024K) Class: 2230K(2432K)->2230K(2432K)
[2026-05-06T01:04:37.748+0100][18.028s][info][gc             ] GC(230) Pause Young (Allocation Failure) 349M->198M(617M) 0.203ms
[2026-05-06T01:04:37.748+0100][18.028s][info][gc,cpu         ] GC(230) User=0.01s Sys=0.00s Real=0.00s
[2026-05-06T01:04:37.823+0100][18.103s][info][gc,start       ] GC(231) Pause Young (Allocation Failure)
[2026-05-06T01:04:37.824+0100][18.103s][info][gc,heap        ] GC(231) DefNew: 154287K(196288K)->4K(196288K) Eden: 154284K(174528K)->0K(174528K) From: 3K(21760K)->4K(21760K)
[2026-05-06T01:04:37.824+0100][18.103s][info][gc,heap        ] GC(231) Tenured: 203737K(435968K)->203737K(435968K)
[2026-05-06T01:04:37.824+0100][18.103s][info][gc,metaspace   ] GC(231) Metaspace: 19075K(19456K)->19075K(19456K) NonClass: 16845K(17024K)->16845K(17024K) Class: 2230K(2432K)->2230K(2432K)
[2026-05-06T01:04:37.824+0100][18.103s][info][gc             ] GC(231) Pause Young (Allocation Failure) 349M->198M(617M) 0.240ms
[2026-05-06T01:04:37.824+0100][18.103s][info][gc,cpu         ] GC(231) User=0.00s Sys=0.00s Real=0.00s
[2026-05-06T01:04:37.898+0100][18.177s][info][gc,start       ] GC(232) Pause Young (Allocation Failure)
[2026-05-06T01:04:37.898+0100][18.178s][info][gc,heap        ] GC(232) DefNew: 154288K(196288K)->4K(196288K) Eden: 154284K(174528K)->0K(174528K) From: 4K(21760K)->4K(21760K)
[2026-05-06T01:04:37.898+0100][18.178s][info][gc,heap        ] GC(232) Tenured: 203737K(435968K)->203737K(435968K)
[2026-05-06T01:04:37.898+0100][18.178s][info][gc,metaspace   ] GC(232) Metaspace: 19075K(19456K)->19075K(19456K) NonClass: 16845K(17024K)->16845K(17024K) Class: 2230K(2432K)->2230K(2432K)
[2026-05-06T01:04:37.898+0100][18.178s][info][gc             ] GC(232) Pause Young (Allocation Failure) 349M->198M(617M) 0.224ms
[2026-05-06T01:04:37.898+0100][18.178s][info][gc,cpu         ] GC(232) User=0.00s Sys=0.00s Real=0.00s
[2026-05-06T01:04:37.971+0100][18.251s][info][gc,start       ] GC(233) Pause Young (Allocation Failure)
[2026-05-06T01:04:37.972+0100][18.251s][info][gc,heap        ] GC(233) DefNew: 154288K(196288K)->4K(196288K) Eden: 154284K(174528K)->0K(174528K) From: 4K(21760K)->4K(21760K)
[2026-05-06T01:04:37.972+0100][18.252s][info][gc,heap        ] GC(233) Tenured: 203737K(435968K)->203737K(435968K)
[2026-05-06T01:04:37.972+0100][18.252s][info][gc,metaspace   ] GC(233) Metaspace: 19075K(19456K)->19075K(19456K) NonClass: 16845K(17024K)->16845K(17024K) Class: 2230K(2432K)->2230K(2432K)
[2026-05-06T01:04:37.972+0100][18.252s][info][gc             ] GC(233) Pause Young (Allocation Failure) 349M->198M(617M) 0.200ms
[2026-05-06T01:04:37.972+0100][18.252s][info][gc,cpu         ] GC(233) User=0.00s Sys=0.00s Real=0.00s
[2026-05-06T01:04:38.013+0100][18.293s][info][gc,start       ] GC(234) Pause Full (System.gc())
[2026-05-06T01:04:38.013+0100][18.293s][info][gc,phases,start] GC(234) Phase 1: Mark live objects
[2026-05-06T01:04:38.019+0100][18.299s][info][gc,phases      ] GC(234) Phase 1: Mark live objects 5.568ms
[2026-05-06T01:04:38.019+0100][18.299s][info][gc,phases,start] GC(234) Phase 2: Compute new object addresses
[2026-05-06T01:04:38.020+0100][18.300s][info][gc,phases      ] GC(234) Phase 2: Compute new object addresses 1.395ms
[2026-05-06T01:04:38.020+0100][18.300s][info][gc,phases,start] GC(234) Phase 3: Adjust pointers
[2026-05-06T01:04:38.024+0100][18.304s][info][gc,phases      ] GC(234) Phase 3: Adjust pointers 3.994ms
[2026-05-06T01:04:38.024+0100][18.304s][info][gc,phases,start] GC(234) Phase 4: Move objects
[2026-05-06T01:04:38.024+0100][18.304s][info][gc,phases      ] GC(234) Phase 4: Move objects 0.005ms
[2026-05-06T01:04:38.024+0100][18.304s][info][gc,heap        ] GC(234) DefNew: 151959K(196288K)->0K(196288K) Eden: 151955K(174528K)->0K(174528K) From: 4K(21760K)->0K(21760K)
[2026-05-06T01:04:38.024+0100][18.304s][info][gc,heap        ] GC(234) Tenured: 203737K(435968K)->203739K(435968K)
[2026-05-06T01:04:38.024+0100][18.304s][info][gc,metaspace   ] GC(234) Metaspace: 19075K(19456K)->19075K(19456K) NonClass: 16845K(17024K)->16845K(17024K) Class: 2230K(2432K)->2230K(2432K)
[2026-05-06T01:04:38.024+0100][18.304s][info][gc             ] GC(234) Pause Full (System.gc()) 347M->198M(617M) 11.057ms
[2026-05-06T01:04:38.024+0100][18.304s][info][gc,cpu         ] GC(234) User=0.01s Sys=0.00s Real=0.01s
[2026-05-06T01:04:38.130+0100][18.410s][info][gc,start       ] GC(235) Pause Young (Allocation Failure)
[2026-05-06T01:04:38.130+0100][18.410s][info][gc,heap        ] GC(235) DefNew: 156224K(196288K)->4K(196288K) Eden: 156224K(174528K)->0K(174528K) From: 0K(21760K)->4K(21760K)
[2026-05-06T01:04:38.130+0100][18.410s][info][gc,heap        ] GC(235) Tenured: 203739K(435968K)->203739K(435968K)
[2026-05-06T01:04:38.130+0100][18.410s][info][gc,metaspace   ] GC(235) Metaspace: 19076K(19456K)->19076K(19456K) NonClass: 16845K(17024K)->16845K(17024K) Class: 2230K(2432K)->2230K(2432K)
[2026-05-06T01:04:38.130+0100][18.410s][info][gc             ] GC(235) Pause Young (Allocation Failure) 351M->198M(617M) 0.185ms
[2026-05-06T01:04:38.130+0100][18.410s][info][gc,cpu         ] GC(235) User=0.00s Sys=0.00s Real=0.00s
[2026-05-06T01:04:38.204+0100][18.484s][info][gc,start       ] GC(236) Pause Young (Allocation Failure)
[2026-05-06T01:04:38.204+0100][18.484s][info][gc,heap        ] GC(236) DefNew: 154286K(196288K)->4K(196288K) Eden: 154281K(174528K)->0K(174528K) From: 4K(21760K)->4K(21760K)
[2026-05-06T01:04:38.204+0100][18.484s][info][gc,heap        ] GC(236) Tenured: 203739K(435968K)->203739K(435968K)
[2026-05-06T01:04:38.204+0100][18.484s][info][gc,metaspace   ] GC(236) Metaspace: 19076K(19456K)->19076K(19456K) NonClass: 16845K(17024K)->16845K(17024K) Class: 2230K(2432K)->2230K(2432K)
[2026-05-06T01:04:38.204+0100][18.484s][info][gc             ] GC(236) Pause Young (Allocation Failure) 349M->198M(617M) 0.173ms
[2026-05-06T01:04:38.204+0100][18.484s][info][gc,cpu         ] GC(236) User=0.00s Sys=0.00s Real=0.00s
[2026-05-06T01:04:38.278+0100][18.558s][info][gc,start       ] GC(237) Pause Young (Allocation Failure)
[2026-05-06T01:04:38.278+0100][18.558s][info][gc,heap        ] GC(237) DefNew: 154287K(196288K)->4K(196288K) Eden: 154283K(174528K)->0K(174528K) From: 4K(21760K)->4K(21760K)
[2026-05-06T01:04:38.278+0100][18.558s][info][gc,heap        ] GC(237) Tenured: 203739K(435968K)->203739K(435968K)
[2026-05-06T01:04:38.278+0100][18.558s][info][gc,metaspace   ] GC(237) Metaspace: 19076K(19456K)->19076K(19456K) NonClass: 16845K(17024K)->16845K(17024K) Class: 2230K(2432K)->2230K(2432K)
[2026-05-06T01:04:38.278+0100][18.558s][info][gc             ] GC(237) Pause Young (Allocation Failure) 349M->198M(617M) 0.160ms
[2026-05-06T01:04:38.278+0100][18.558s][info][gc,cpu         ] GC(237) User=0.00s Sys=0.00s Real=0.00s
[2026-05-06T01:04:38.353+0100][18.633s][info][gc,start       ] GC(238) Pause Young (Allocation Failure)
[2026-05-06T01:04:38.354+0100][18.633s][info][gc,heap        ] GC(238) DefNew: 154287K(196288K)->4K(196288K) Eden: 154283K(174528K)->0K(174528K) From: 4K(21760K)->4K(21760K)
[2026-05-06T01:04:38.354+0100][18.633s][info][gc,heap        ] GC(238) Tenured: 203739K(435968K)->203739K(435968K)
[2026-05-06T01:04:38.354+0100][18.633s][info][gc,metaspace   ] GC(238) Metaspace: 19076K(19456K)->19076K(19456K) NonClass: 16845K(17024K)->16845K(17024K) Class: 2230K(2432K)->2230K(2432K)
[2026-05-06T01:04:38.354+0100][18.633s][info][gc             ] GC(238) Pause Young (Allocation Failure) 349M->198M(617M) 0.242ms
[2026-05-06T01:04:38.354+0100][18.633s][info][gc,cpu         ] GC(238) User=0.00s Sys=0.00s Real=0.00s
[2026-05-06T01:04:38.428+0100][18.708s][info][gc,start       ] GC(239) Pause Young (Allocation Failure)
[2026-05-06T01:04:38.428+0100][18.708s][info][gc,heap        ] GC(239) DefNew: 154288K(196288K)->4K(196288K) Eden: 154284K(174528K)->0K(174528K) From: 4K(21760K)->4K(21760K)
[2026-05-06T01:04:38.428+0100][18.708s][info][gc,heap        ] GC(239) Tenured: 203739K(435968K)->203739K(435968K)
[2026-05-06T01:04:38.428+0100][18.708s][info][gc,metaspace   ] GC(239) Metaspace: 19080K(19520K)->19080K(19520K) NonClass: 16850K(17088K)->16850K(17088K) Class: 2230K(2432K)->2230K(2432K)
[2026-05-06T01:04:38.428+0100][18.708s][info][gc             ] GC(239) Pause Young (Allocation Failure) 349M->198M(617M) 0.204ms
[2026-05-06T01:04:38.428+0100][18.708s][info][gc,cpu         ] GC(239) User=0.00s Sys=0.00s Real=0.00s
[2026-05-06T01:04:38.502+0100][18.782s][info][gc,start       ] GC(240) Pause Young (Allocation Failure)
[2026-05-06T01:04:38.502+0100][18.782s][info][gc,heap        ] GC(240) DefNew: 154288K(196288K)->3K(196288K) Eden: 154284K(174528K)->0K(174528K) From: 4K(21760K)->3K(21760K)
[2026-05-06T01:04:38.502+0100][18.782s][info][gc,heap        ] GC(240) Tenured: 203739K(435968K)->203739K(435968K)
[2026-05-06T01:04:38.502+0100][18.782s][info][gc,metaspace   ] GC(240) Metaspace: 19082K(19520K)->19082K(19520K) NonClass: 16852K(17088K)->16852K(17088K) Class: 2230K(2432K)->2230K(2432K)
[2026-05-06T01:04:38.502+0100][18.782s][info][gc             ] GC(240) Pause Young (Allocation Failure) 349M->198M(617M) 0.189ms
[2026-05-06T01:04:38.502+0100][18.782s][info][gc,cpu         ] GC(240) User=0.00s Sys=0.00s Real=0.00s
[2026-05-06T01:04:38.576+0100][18.856s][info][gc,start       ] GC(241) Pause Young (Allocation Failure)
[2026-05-06T01:04:38.576+0100][18.856s][info][gc,heap        ] GC(241) DefNew: 154287K(196288K)->3K(196288K) Eden: 154284K(174528K)->0K(174528K) From: 3K(21760K)->3K(21760K)
[2026-05-06T01:04:38.576+0100][18.856s][info][gc,heap        ] GC(241) Tenured: 203739K(435968K)->203739K(435968K)
[2026-05-06T01:04:38.576+0100][18.856s][info][gc,metaspace   ] GC(241) Metaspace: 19082K(19520K)->19082K(19520K) NonClass: 16852K(17088K)->16852K(17088K) Class: 2230K(2432K)->2230K(2432K)
[2026-05-06T01:04:38.577+0100][18.856s][info][gc             ] GC(241) Pause Young (Allocation Failure) 349M->198M(617M) 0.168ms
[2026-05-06T01:04:38.577+0100][18.856s][info][gc,cpu         ] GC(241) User=0.00s Sys=0.00s Real=0.00s
[2026-05-06T01:04:38.651+0100][18.930s][info][gc,start       ] GC(242) Pause Young (Allocation Failure)
[2026-05-06T01:04:38.651+0100][18.931s][info][gc,heap        ] GC(242) DefNew: 154287K(196288K)->3K(196288K) Eden: 154284K(174528K)->0K(174528K) From: 3K(21760K)->3K(21760K)
[2026-05-06T01:04:38.651+0100][18.931s][info][gc,heap        ] GC(242) Tenured: 203739K(435968K)->203739K(435968K)
[2026-05-06T01:04:38.651+0100][18.931s][info][gc,metaspace   ] GC(242) Metaspace: 19082K(19520K)->19082K(19520K) NonClass: 16852K(17088K)->16852K(17088K) Class: 2230K(2432K)->2230K(2432K)
[2026-05-06T01:04:38.651+0100][18.931s][info][gc             ] GC(242) Pause Young (Allocation Failure) 349M->198M(617M) 0.207ms
[2026-05-06T01:04:38.651+0100][18.931s][info][gc,cpu         ] GC(242) User=0.00s Sys=0.00s Real=0.00s
[2026-05-06T01:04:38.725+0100][19.004s][info][gc,start       ] GC(243) Pause Young (Allocation Failure)
[2026-05-06T01:04:38.725+0100][19.005s][info][gc,heap        ] GC(243) DefNew: 154287K(196288K)->3K(196288K) Eden: 154284K(174528K)->0K(174528K) From: 3K(21760K)->3K(21760K)
[2026-05-06T01:04:38.725+0100][19.005s][info][gc,heap        ] GC(243) Tenured: 203739K(435968K)->203739K(435968K)
[2026-05-06T01:04:38.725+0100][19.005s][info][gc,metaspace   ] GC(243) Metaspace: 19082K(19520K)->19082K(19520K) NonClass: 16852K(17088K)->16852K(17088K) Class: 2230K(2432K)->2230K(2432K)
[2026-05-06T01:04:38.725+0100][19.005s][info][gc             ] GC(243) Pause Young (Allocation Failure) 349M->198M(617M) 0.196ms
[2026-05-06T01:04:38.725+0100][19.005s][info][gc,cpu         ] GC(243) User=0.00s Sys=0.00s Real=0.00s
[2026-05-06T01:04:38.784+0100][19.063s][info][gc,start       ] GC(244) Pause Young (Allocation Failure)
[2026-05-06T01:04:38.784+0100][19.064s][info][gc,heap        ] GC(244) DefNew: 151958K(196288K)->1K(196288K) Eden: 151955K(174528K)->0K(174528K) From: 3K(21760K)->1K(21760K)
[2026-05-06T01:04:38.784+0100][19.064s][info][gc,heap        ] GC(244) Tenured: 203739K(435968K)->203739K(435968K)
[2026-05-06T01:04:38.784+0100][19.064s][info][gc,metaspace   ] GC(244) Metaspace: 19092K(19520K)->19092K(19520K) NonClass: 16862K(17088K)->16862K(17088K) Class: 2230K(2432K)->2230K(2432K)
[2026-05-06T01:04:38.784+0100][19.064s][info][gc             ] GC(244) Pause Young (Allocation Failure) 347M->198M(617M) 0.215ms
[2026-05-06T01:04:38.784+0100][19.064s][info][gc,cpu         ] GC(244) User=0.00s Sys=0.00s Real=0.00s
[2026-05-06T01:04:38.822+0100][19.102s][info][gc,start       ] GC(245) Pause Young (Allocation Failure)
[2026-05-06T01:04:38.823+0100][19.102s][info][gc,heap        ] GC(245) DefNew: 150811K(196288K)->1K(196288K) Eden: 150810K(174528K)->0K(174528K) From: 1K(21760K)->1K(21760K)
[2026-05-06T01:04:38.823+0100][19.102s][info][gc,heap        ] GC(245) Tenured: 203739K(435968K)->203739K(435968K)
[2026-05-06T01:04:38.823+0100][19.102s][info][gc,metaspace   ] GC(245) Metaspace: 19092K(19520K)->19092K(19520K) NonClass: 16862K(17088K)->16862K(17088K) Class: 2230K(2432K)->2230K(2432K)
[2026-05-06T01:04:38.823+0100][19.102s][info][gc             ] GC(245) Pause Young (Allocation Failure) 346M->198M(617M) 0.202ms
[2026-05-06T01:04:38.823+0100][19.102s][info][gc,cpu         ] GC(245) User=0.00s Sys=0.00s Real=0.00s
[2026-05-06T01:04:38.862+0100][19.142s][info][gc,start       ] GC(246) Pause Young (Allocation Failure)
[2026-05-06T01:04:38.862+0100][19.142s][info][gc,heap        ] GC(246) DefNew: 150832K(196288K)->1K(196288K) Eden: 150830K(174528K)->0K(174528K) From: 1K(21760K)->1K(21760K)
[2026-05-06T01:04:38.862+0100][19.142s][info][gc,heap        ] GC(246) Tenured: 203739K(435968K)->203739K(435968K)
[2026-05-06T01:04:38.862+0100][19.142s][info][gc,metaspace   ] GC(246) Metaspace: 19092K(19520K)->19092K(19520K) NonClass: 16862K(17088K)->16862K(17088K) Class: 2230K(2432K)->2230K(2432K)
[2026-05-06T01:04:38.862+0100][19.142s][info][gc             ] GC(246) Pause Young (Allocation Failure) 346M->198M(617M) 0.196ms
[2026-05-06T01:04:38.862+0100][19.142s][info][gc,cpu         ] GC(246) User=0.00s Sys=0.00s Real=0.00s
[2026-05-06T01:04:38.884+0100][19.164s][info][gc,start       ] GC(247) Pause Full (System.gc())
[2026-05-06T01:04:38.884+0100][19.164s][info][gc,phases,start] GC(247) Phase 1: Mark live objects
[2026-05-06T01:04:38.889+0100][19.169s][info][gc,phases      ] GC(247) Phase 1: Mark live objects 5.271ms
[2026-05-06T01:04:38.889+0100][19.169s][info][gc,phases,start] GC(247) Phase 2: Compute new object addresses
[2026-05-06T01:04:38.891+0100][19.170s][info][gc,phases      ] GC(247) Phase 2: Compute new object addresses 1.396ms
[2026-05-06T01:04:38.891+0100][19.170s][info][gc,phases,start] GC(247) Phase 3: Adjust pointers
[2026-05-06T01:04:38.895+0100][19.174s][info][gc,phases      ] GC(247) Phase 3: Adjust pointers 4.012ms
[2026-05-06T01:04:38.895+0100][19.174s][info][gc,phases,start] GC(247) Phase 4: Move objects
[2026-05-06T01:04:38.895+0100][19.174s][info][gc,phases      ] GC(247) Phase 4: Move objects 0.004ms
[2026-05-06T01:04:38.895+0100][19.175s][info][gc,heap        ] GC(247) DefNew: 150845K(196288K)->0K(196288K) Eden: 150844K(174528K)->0K(174528K) From: 1K(21760K)->0K(21760K)
[2026-05-06T01:04:38.895+0100][19.175s][info][gc,heap        ] GC(247) Tenured: 203739K(435968K)->203733K(435968K)
[2026-05-06T01:04:38.895+0100][19.175s][info][gc,metaspace   ] GC(247) Metaspace: 19092K(19520K)->19092K(19520K) NonClass: 16862K(17088K)->16862K(17088K) Class: 2230K(2432K)->2230K(2432K)
[2026-05-06T01:04:38.895+0100][19.175s][info][gc             ] GC(247) Pause Full (System.gc()) 346M->198M(617M) 10.777ms
[2026-05-06T01:04:38.895+0100][19.175s][info][gc,cpu         ] GC(247) User=0.01s Sys=0.00s Real=0.01s
[2026-05-06T01:04:38.950+0100][19.230s][info][gc,start       ] GC(248) Pause Young (Allocation Failure)
[2026-05-06T01:04:38.950+0100][19.230s][info][gc,heap        ] GC(248) DefNew: 150852K(196288K)->1K(196288K) Eden: 150852K(174528K)->0K(174528K) From: 0K(21760K)->1K(21760K)
[2026-05-06T01:04:38.950+0100][19.230s][info][gc,heap        ] GC(248) Tenured: 203733K(435968K)->203733K(435968K)
[2026-05-06T01:04:38.950+0100][19.230s][info][gc,metaspace   ] GC(248) Metaspace: 19092K(19520K)->19092K(19520K) NonClass: 16862K(17088K)->16862K(17088K) Class: 2230K(2432K)->2230K(2432K)
[2026-05-06T01:04:38.950+0100][19.230s][info][gc             ] GC(248) Pause Young (Allocation Failure) 346M->198M(617M) 0.174ms
[2026-05-06T01:04:38.950+0100][19.230s][info][gc,cpu         ] GC(248) User=0.00s Sys=0.00s Real=0.00s
[2026-05-06T01:04:38.988+0100][19.268s][info][gc,start       ] GC(249) Pause Young (Allocation Failure)
[2026-05-06T01:04:38.988+0100][19.268s][info][gc,heap        ] GC(249) DefNew: 150859K(196288K)->1K(196288K) Eden: 150858K(174528K)->0K(174528K) From: 1K(21760K)->1K(21760K)
[2026-05-06T01:04:38.988+0100][19.268s][info][gc,heap        ] GC(249) Tenured: 203733K(435968K)->203733K(435968K)
[2026-05-06T01:04:38.988+0100][19.268s][info][gc,metaspace   ] GC(249) Metaspace: 19092K(19520K)->19092K(19520K) NonClass: 16862K(17088K)->16862K(17088K) Class: 2230K(2432K)->2230K(2432K)
[2026-05-06T01:04:38.988+0100][19.268s][info][gc             ] GC(249) Pause Young (Allocation Failure) 346M->198M(617M) 0.129ms
[2026-05-06T01:04:38.988+0100][19.268s][info][gc,cpu         ] GC(249) User=0.00s Sys=0.00s Real=0.00s
[2026-05-06T01:04:39.026+0100][19.306s][info][gc,start       ] GC(250) Pause Young (Allocation Failure)
[2026-05-06T01:04:39.026+0100][19.306s][info][gc,heap        ] GC(250) DefNew: 150863K(196288K)->1K(196288K) Eden: 150861K(174528K)->0K(174528K) From: 1K(21760K)->1K(21760K)
[2026-05-06T01:04:39.026+0100][19.306s][info][gc,heap        ] GC(250) Tenured: 203733K(435968K)->203733K(435968K)
[2026-05-06T01:04:39.026+0100][19.306s][info][gc,metaspace   ] GC(250) Metaspace: 19092K(19520K)->19092K(19520K) NonClass: 16862K(17088K)->16862K(17088K) Class: 2230K(2432K)->2230K(2432K)
[2026-05-06T01:04:39.026+0100][19.306s][info][gc             ] GC(250) Pause Young (Allocation Failure) 346M->198M(617M) 0.132ms
[2026-05-06T01:04:39.026+0100][19.306s][info][gc,cpu         ] GC(250) User=0.00s Sys=0.00s Real=0.00s
[2026-05-06T01:04:39.065+0100][19.344s][info][gc,start       ] GC(251) Pause Young (Allocation Failure)
[2026-05-06T01:04:39.065+0100][19.345s][info][gc,heap        ] GC(251) DefNew: 150865K(196288K)->1K(196288K) Eden: 150863K(174528K)->0K(174528K) From: 1K(21760K)->1K(21760K)
[2026-05-06T01:04:39.065+0100][19.345s][info][gc,heap        ] GC(251) Tenured: 203733K(435968K)->203733K(435968K)
[2026-05-06T01:04:39.065+0100][19.345s][info][gc,metaspace   ] GC(251) Metaspace: 19092K(19520K)->19092K(19520K) NonClass: 16862K(17088K)->16862K(17088K) Class: 2230K(2432K)->2230K(2432K)
[2026-05-06T01:04:39.065+0100][19.345s][info][gc             ] GC(251) Pause Young (Allocation Failure) 346M->198M(617M) 0.134ms
[2026-05-06T01:04:39.065+0100][19.345s][info][gc,cpu         ] GC(251) User=0.00s Sys=0.00s Real=0.00s
[2026-05-06T01:04:39.103+0100][19.383s][info][gc,start       ] GC(252) Pause Young (Allocation Failure)
[2026-05-06T01:04:39.104+0100][19.383s][info][gc,heap        ] GC(252) DefNew: 150866K(196288K)->1K(196288K) Eden: 150865K(174528K)->0K(174528K) From: 1K(21760K)->1K(21760K)
[2026-05-06T01:04:39.104+0100][19.383s][info][gc,heap        ] GC(252) Tenured: 203733K(435968K)->203733K(435968K)
[2026-05-06T01:04:39.104+0100][19.383s][info][gc,metaspace   ] GC(252) Metaspace: 19092K(19520K)->19092K(19520K) NonClass: 16862K(17088K)->16862K(17088K) Class: 2230K(2432K)->2230K(2432K)
[2026-05-06T01:04:39.104+0100][19.383s][info][gc             ] GC(252) Pause Young (Allocation Failure) 346M->198M(617M) 0.131ms
[2026-05-06T01:04:39.104+0100][19.383s][info][gc,cpu         ] GC(252) User=0.00s Sys=0.00s Real=0.00s
[2026-05-06T01:04:39.142+0100][19.422s][info][gc,start       ] GC(253) Pause Young (Allocation Failure)
[2026-05-06T01:04:39.142+0100][19.422s][info][gc,heap        ] GC(253) DefNew: 150867K(196288K)->1K(196288K) Eden: 150866K(174528K)->0K(174528K) From: 1K(21760K)->1K(21760K)
[2026-05-06T01:04:39.142+0100][19.422s][info][gc,heap        ] GC(253) Tenured: 203733K(435968K)->203733K(435968K)
[2026-05-06T01:04:39.142+0100][19.422s][info][gc,metaspace   ] GC(253) Metaspace: 19092K(19520K)->19092K(19520K) NonClass: 16862K(17088K)->16862K(17088K) Class: 2230K(2432K)->2230K(2432K)
[2026-05-06T01:04:39.142+0100][19.422s][info][gc             ] GC(253) Pause Young (Allocation Failure) 346M->198M(617M) 0.147ms
[2026-05-06T01:04:39.142+0100][19.422s][info][gc,cpu         ] GC(253) User=0.00s Sys=0.00s Real=0.00s
[2026-05-06T01:04:39.182+0100][19.462s][info][gc,start       ] GC(254) Pause Young (Allocation Failure)
[2026-05-06T01:04:39.182+0100][19.462s][info][gc,heap        ] GC(254) DefNew: 150868K(196288K)->1K(196288K) Eden: 150866K(174528K)->0K(174528K) From: 1K(21760K)->1K(21760K)
[2026-05-06T01:04:39.182+0100][19.462s][info][gc,heap        ] GC(254) Tenured: 203733K(435968K)->203733K(435968K)
[2026-05-06T01:04:39.182+0100][19.462s][info][gc,metaspace   ] GC(254) Metaspace: 19092K(19520K)->19092K(19520K) NonClass: 16862K(17088K)->16862K(17088K) Class: 2230K(2432K)->2230K(2432K)
[2026-05-06T01:04:39.182+0100][19.462s][info][gc             ] GC(254) Pause Young (Allocation Failure) 346M->198M(617M) 0.240ms
[2026-05-06T01:04:39.182+0100][19.462s][info][gc,cpu         ] GC(254) User=0.00s Sys=0.00s Real=0.00s
[2026-05-06T01:04:39.225+0100][19.505s][info][gc,start       ] GC(255) Pause Young (Allocation Failure)
[2026-05-06T01:04:39.226+0100][19.505s][info][gc,heap        ] GC(255) DefNew: 150868K(196288K)->1K(196288K) Eden: 150867K(174528K)->0K(174528K) From: 1K(21760K)->1K(21760K)
[2026-05-06T01:04:39.226+0100][19.505s][info][gc,heap        ] GC(255) Tenured: 203733K(435968K)->203733K(435968K)
[2026-05-06T01:04:39.226+0100][19.505s][info][gc,metaspace   ] GC(255) Metaspace: 19092K(19520K)->19092K(19520K) NonClass: 16862K(17088K)->16862K(17088K) Class: 2230K(2432K)->2230K(2432K)
[2026-05-06T01:04:39.226+0100][19.505s][info][gc             ] GC(255) Pause Young (Allocation Failure) 346M->198M(617M) 0.214ms
[2026-05-06T01:04:39.226+0100][19.505s][info][gc,cpu         ] GC(255) User=0.00s Sys=0.00s Real=0.00s
[2026-05-06T01:04:39.269+0100][19.549s][info][gc,start       ] GC(256) Pause Young (Allocation Failure)
[2026-05-06T01:04:39.269+0100][19.549s][info][gc,heap        ] GC(256) DefNew: 150868K(196288K)->1K(196288K) Eden: 150867K(174528K)->0K(174528K) From: 1K(21760K)->1K(21760K)
[2026-05-06T01:04:39.269+0100][19.549s][info][gc,heap        ] GC(256) Tenured: 203733K(435968K)->203733K(435968K)
[2026-05-06T01:04:39.269+0100][19.549s][info][gc,metaspace   ] GC(256) Metaspace: 19092K(19520K)->19092K(19520K) NonClass: 16862K(17088K)->16862K(17088K) Class: 2230K(2432K)->2230K(2432K)
[2026-05-06T01:04:39.269+0100][19.549s][info][gc             ] GC(256) Pause Young (Allocation Failure) 346M->198M(617M) 0.214ms
[2026-05-06T01:04:39.269+0100][19.549s][info][gc,cpu         ] GC(256) User=0.00s Sys=0.00s Real=0.00s
[2026-05-06T01:04:39.366+0100][19.646s][info][gc,start       ] GC(257) Pause Young (Allocation Failure)
[2026-05-06T01:04:39.366+0100][19.646s][info][gc,heap        ] GC(257) DefNew: 164835K(196288K)->4K(196288K) Eden: 164833K(174528K)->0K(174528K) From: 1K(21760K)->4K(21760K)
[2026-05-06T01:04:39.366+0100][19.646s][info][gc,heap        ] GC(257) Tenured: 203733K(435968K)->203733K(435968K)
[2026-05-06T01:04:39.366+0100][19.646s][info][gc,metaspace   ] GC(257) Metaspace: 19092K(19520K)->19092K(19520K) NonClass: 16862K(17088K)->16862K(17088K) Class: 2230K(2432K)->2230K(2432K)
[2026-05-06T01:04:39.366+0100][19.646s][info][gc             ] GC(257) Pause Young (Allocation Failure) 359M->198M(617M) 0.236ms
[2026-05-06T01:04:39.366+0100][19.646s][info][gc,cpu         ] GC(257) User=0.00s Sys=0.00s Real=0.00s
[2026-05-06T01:04:39.405+0100][19.685s][info][gc,start       ] GC(258) Pause Young (Allocation Failure)
[2026-05-06T01:04:39.405+0100][19.685s][info][gc,heap        ] GC(258) DefNew: 164737K(196288K)->4K(196288K) Eden: 164732K(174528K)->0K(174528K) From: 4K(21760K)->4K(21760K)
[2026-05-06T01:04:39.405+0100][19.685s][info][gc,heap        ] GC(258) Tenured: 203733K(435968K)->203733K(435968K)
[2026-05-06T01:04:39.405+0100][19.685s][info][gc,metaspace   ] GC(258) Metaspace: 19092K(19520K)->19092K(19520K) NonClass: 16862K(17088K)->16862K(17088K) Class: 2230K(2432K)->2230K(2432K)
[2026-05-06T01:04:39.405+0100][19.685s][info][gc             ] GC(258) Pause Young (Allocation Failure) 359M->198M(617M) 0.212ms
[2026-05-06T01:04:39.405+0100][19.685s][info][gc,cpu         ] GC(258) User=0.00s Sys=0.00s Real=0.00s
[2026-05-06T01:04:39.444+0100][19.723s][info][gc,start       ] GC(259) Pause Young (Allocation Failure)
[2026-05-06T01:04:39.444+0100][19.724s][info][gc,heap        ] GC(259) DefNew: 158855K(196288K)->4K(196288K) Eden: 158850K(174528K)->0K(174528K) From: 4K(21760K)->4K(21760K)
[2026-05-06T01:04:39.444+0100][19.724s][info][gc,heap        ] GC(259) Tenured: 203733K(435968K)->203733K(435968K)
[2026-05-06T01:04:39.444+0100][19.724s][info][gc,metaspace   ] GC(259) Metaspace: 19092K(19520K)->19092K(19520K) NonClass: 16862K(17088K)->16862K(17088K) Class: 2230K(2432K)->2230K(2432K)
[2026-05-06T01:04:39.444+0100][19.724s][info][gc             ] GC(259) Pause Young (Allocation Failure) 354M->198M(617M) 0.155ms
[2026-05-06T01:04:39.444+0100][19.724s][info][gc,cpu         ] GC(259) User=0.00s Sys=0.00s Real=0.00s
[2026-05-06T01:04:39.466+0100][19.745s][info][gc,start       ] GC(260) Pause Full (System.gc())
[2026-05-06T01:04:39.466+0100][19.745s][info][gc,phases,start] GC(260) Phase 1: Mark live objects
[2026-05-06T01:04:39.471+0100][19.751s][info][gc,phases      ] GC(260) Phase 1: Mark live objects 5.222ms
[2026-05-06T01:04:39.471+0100][19.751s][info][gc,phases,start] GC(260) Phase 2: Compute new object addresses
[2026-05-06T01:04:39.472+0100][19.752s][info][gc,phases      ] GC(260) Phase 2: Compute new object addresses 1.417ms
[2026-05-06T01:04:39.472+0100][19.752s][info][gc,phases,start] GC(260) Phase 3: Adjust pointers
[2026-05-06T01:04:39.476+0100][19.756s][info][gc,phases      ] GC(260) Phase 3: Adjust pointers 3.973ms
[2026-05-06T01:04:39.476+0100][19.756s][info][gc,phases,start] GC(260) Phase 4: Move objects
[2026-05-06T01:04:39.476+0100][19.756s][info][gc,phases      ] GC(260) Phase 4: Move objects 0.005ms
[2026-05-06T01:04:39.476+0100][19.756s][info][gc,heap        ] GC(260) DefNew: 153031K(196288K)->0K(196288K) Eden: 153027K(174528K)->0K(174528K) From: 4K(21760K)->0K(21760K)
[2026-05-06T01:04:39.476+0100][19.756s][info][gc,heap        ] GC(260) Tenured: 203733K(435968K)->203737K(435968K)
[2026-05-06T01:04:39.476+0100][19.756s][info][gc,metaspace   ] GC(260) Metaspace: 19092K(19520K)->19092K(19520K) NonClass: 16862K(17088K)->16862K(17088K) Class: 2230K(2432K)->2230K(2432K)
[2026-05-06T01:04:39.476+0100][19.756s][info][gc             ] GC(260) Pause Full (System.gc()) 348M->198M(617M) 10.694ms
[2026-05-06T01:04:39.476+0100][19.756s][info][gc,cpu         ] GC(260) User=0.01s Sys=0.00s Real=0.01s
[2026-05-06T01:04:39.531+0100][19.811s][info][gc,start       ] GC(261) Pause Young (Allocation Failure)
[2026-05-06T01:04:39.532+0100][19.811s][info][gc,heap        ] GC(261) DefNew: 158865K(196288K)->4K(196288K) Eden: 158865K(174528K)->0K(174528K) From: 0K(21760K)->4K(21760K)
[2026-05-06T01:04:39.532+0100][19.811s][info][gc,heap        ] GC(261) Tenured: 203737K(435968K)->203737K(435968K)
[2026-05-06T01:04:39.532+0100][19.811s][info][gc,metaspace   ] GC(261) Metaspace: 19092K(19520K)->19092K(19520K) NonClass: 16862K(17088K)->16862K(17088K) Class: 2230K(2432K)->2230K(2432K)
[2026-05-06T01:04:39.532+0100][19.811s][info][gc             ] GC(261) Pause Young (Allocation Failure) 354M->198M(617M) 0.211ms
[2026-05-06T01:04:39.532+0100][19.811s][info][gc,cpu         ] GC(261) User=0.00s Sys=0.00s Real=0.00s
[2026-05-06T01:04:39.570+0100][19.850s][info][gc,start       ] GC(262) Pause Young (Allocation Failure)
[2026-05-06T01:04:39.570+0100][19.850s][info][gc,heap        ] GC(262) DefNew: 155271K(196288K)->4K(196288K) Eden: 155267K(174528K)->0K(174528K) From: 4K(21760K)->4K(21760K)
[2026-05-06T01:04:39.570+0100][19.850s][info][gc,heap        ] GC(262) Tenured: 203737K(435968K)->203737K(435968K)
[2026-05-06T01:04:39.570+0100][19.850s][info][gc,metaspace   ] GC(262) Metaspace: 19092K(19520K)->19092K(19520K) NonClass: 16862K(17088K)->16862K(17088K) Class: 2230K(2432K)->2230K(2432K)
[2026-05-06T01:04:39.570+0100][19.850s][info][gc             ] GC(262) Pause Young (Allocation Failure) 350M->198M(617M) 0.158ms
[2026-05-06T01:04:39.570+0100][19.850s][info][gc,cpu         ] GC(262) User=0.00s Sys=0.00s Real=0.00s
[2026-05-06T01:04:39.609+0100][19.888s][info][gc,start       ] GC(263) Pause Young (Allocation Failure)
[2026-05-06T01:04:39.609+0100][19.889s][info][gc,heap        ] GC(263) DefNew: 154938K(196288K)->4K(196288K) Eden: 154934K(174528K)->0K(174528K) From: 4K(21760K)->4K(21760K)
[2026-05-06T01:04:39.609+0100][19.889s][info][gc,heap        ] GC(263) Tenured: 203737K(435968K)->203737K(435968K)
[2026-05-06T01:04:39.609+0100][19.889s][info][gc,metaspace   ] GC(263) Metaspace: 19092K(19520K)->19092K(19520K) NonClass: 16862K(17088K)->16862K(17088K) Class: 2230K(2432K)->2230K(2432K)
[2026-05-06T01:04:39.609+0100][19.889s][info][gc             ] GC(263) Pause Young (Allocation Failure) 350M->198M(617M) 0.187ms
[2026-05-06T01:04:39.609+0100][19.889s][info][gc,cpu         ] GC(263) User=0.00s Sys=0.00s Real=0.00s
[2026-05-06T01:04:39.647+0100][19.927s][info][gc,start       ] GC(264) Pause Young (Allocation Failure)
[2026-05-06T01:04:39.647+0100][19.927s][info][gc,heap        ] GC(264) DefNew: 154951K(196288K)->4K(196288K) Eden: 154947K(174528K)->0K(174528K) From: 4K(21760K)->4K(21760K)
[2026-05-06T01:04:39.647+0100][19.927s][info][gc,heap        ] GC(264) Tenured: 203737K(435968K)->203737K(435968K)
[2026-05-06T01:04:39.647+0100][19.927s][info][gc,metaspace   ] GC(264) Metaspace: 19092K(19520K)->19092K(19520K) NonClass: 16862K(17088K)->16862K(17088K) Class: 2230K(2432K)->2230K(2432K)
[2026-05-06T01:04:39.647+0100][19.927s][info][gc             ] GC(264) Pause Young (Allocation Failure) 350M->198M(617M) 0.171ms
[2026-05-06T01:04:39.647+0100][19.927s][info][gc,cpu         ] GC(264) User=0.00s Sys=0.00s Real=0.00s
[2026-05-06T01:04:39.686+0100][19.966s][info][gc,start       ] GC(265) Pause Young (Allocation Failure)
[2026-05-06T01:04:39.686+0100][19.966s][info][gc,heap        ] GC(265) DefNew: 154959K(196288K)->4K(196288K) Eden: 154955K(174528K)->0K(174528K) From: 4K(21760K)->4K(21760K)
[2026-05-06T01:04:39.686+0100][19.966s][info][gc,heap        ] GC(265) Tenured: 203737K(435968K)->203737K(435968K)
[2026-05-06T01:04:39.686+0100][19.966s][info][gc,metaspace   ] GC(265) Metaspace: 19092K(19520K)->19092K(19520K) NonClass: 16862K(17088K)->16862K(17088K) Class: 2230K(2432K)->2230K(2432K)
[2026-05-06T01:04:39.686+0100][19.966s][info][gc             ] GC(265) Pause Young (Allocation Failure) 350M->198M(617M) 0.170ms
[2026-05-06T01:04:39.686+0100][19.966s][info][gc,cpu         ] GC(265) User=0.00s Sys=0.00s Real=0.00s
[2026-05-06T01:04:39.725+0100][20.005s][info][gc,start       ] GC(266) Pause Young (Allocation Failure)
[2026-05-06T01:04:39.725+0100][20.005s][info][gc,heap        ] GC(266) DefNew: 154965K(196288K)->4K(196288K) Eden: 154960K(174528K)->0K(174528K) From: 4K(21760K)->4K(21760K)
[2026-05-06T01:04:39.725+0100][20.005s][info][gc,heap        ] GC(266) Tenured: 203737K(435968K)->203737K(435968K)
[2026-05-06T01:04:39.725+0100][20.005s][info][gc,metaspace   ] GC(266) Metaspace: 19092K(19520K)->19092K(19520K) NonClass: 16862K(17088K)->16862K(17088K) Class: 2230K(2432K)->2230K(2432K)
[2026-05-06T01:04:39.725+0100][20.005s][info][gc             ] GC(266) Pause Young (Allocation Failure) 350M->198M(617M) 0.155ms
[2026-05-06T01:04:39.725+0100][20.005s][info][gc,cpu         ] GC(266) User=0.01s Sys=0.00s Real=0.00s
[2026-05-06T01:04:39.764+0100][20.044s][info][gc,start       ] GC(267) Pause Young (Allocation Failure)
[2026-05-06T01:04:39.764+0100][20.044s][info][gc,heap        ] GC(267) DefNew: 154968K(196288K)->4K(196288K) Eden: 154964K(174528K)->0K(174528K) From: 4K(21760K)->4K(21760K)
[2026-05-06T01:04:39.764+0100][20.044s][info][gc,heap        ] GC(267) Tenured: 203737K(435968K)->203737K(435968K)
[2026-05-06T01:04:39.764+0100][20.044s][info][gc,metaspace   ] GC(267) Metaspace: 19092K(19520K)->19092K(19520K) NonClass: 16862K(17088K)->16862K(17088K) Class: 2230K(2432K)->2230K(2432K)
[2026-05-06T01:04:39.764+0100][20.044s][info][gc             ] GC(267) Pause Young (Allocation Failure) 350M->198M(617M) 0.178ms
[2026-05-06T01:04:39.764+0100][20.044s][info][gc,cpu         ] GC(267) User=0.00s Sys=0.00s Real=0.00s
[2026-05-06T01:04:39.802+0100][20.082s][info][gc,start       ] GC(268) Pause Young (Allocation Failure)
[2026-05-06T01:04:39.803+0100][20.082s][info][gc,heap        ] GC(268) DefNew: 154970K(196288K)->4K(196288K) Eden: 154966K(174528K)->0K(174528K) From: 4K(21760K)->4K(21760K)
[2026-05-06T01:04:39.803+0100][20.082s][info][gc,heap        ] GC(268) Tenured: 203737K(435968K)->203737K(435968K)
[2026-05-06T01:04:39.803+0100][20.082s][info][gc,metaspace   ] GC(268) Metaspace: 19092K(19520K)->19092K(19520K) NonClass: 16862K(17088K)->16862K(17088K) Class: 2230K(2432K)->2230K(2432K)
[2026-05-06T01:04:39.803+0100][20.082s][info][gc             ] GC(268) Pause Young (Allocation Failure) 350M->198M(617M) 0.159ms
[2026-05-06T01:04:39.803+0100][20.082s][info][gc,cpu         ] GC(268) User=0.00s Sys=0.00s Real=0.00s
[2026-05-06T01:04:39.841+0100][20.121s][info][gc,start       ] GC(269) Pause Young (Allocation Failure)
[2026-05-06T01:04:39.841+0100][20.121s][info][gc,heap        ] GC(269) DefNew: 154972K(196288K)->4K(196288K) Eden: 154967K(174528K)->0K(174528K) From: 4K(21760K)->4K(21760K)
[2026-05-06T01:04:39.841+0100][20.121s][info][gc,heap        ] GC(269) Tenured: 203737K(435968K)->203737K(435968K)
[2026-05-06T01:04:39.841+0100][20.121s][info][gc,metaspace   ] GC(269) Metaspace: 19092K(19520K)->19092K(19520K) NonClass: 16862K(17088K)->16862K(17088K) Class: 2230K(2432K)->2230K(2432K)
[2026-05-06T01:04:39.841+0100][20.121s][info][gc             ] GC(269) Pause Young (Allocation Failure) 350M->198M(617M) 0.158ms
[2026-05-06T01:04:39.841+0100][20.121s][info][gc,cpu         ] GC(269) User=0.00s Sys=0.00s Real=0.00s
[2026-05-06T01:04:39.882+0100][20.162s][info][gc,start       ] GC(270) Pause Young (Allocation Failure)
[2026-05-06T01:04:39.882+0100][20.162s][info][gc,heap        ] GC(270) DefNew: 154973K(196288K)->4K(196288K) Eden: 154968K(174528K)->0K(174528K) From: 4K(21760K)->4K(21760K)
[2026-05-06T01:04:39.882+0100][20.162s][info][gc,heap        ] GC(270) Tenured: 203737K(435968K)->203737K(435968K)
[2026-05-06T01:04:39.882+0100][20.162s][info][gc,metaspace   ] GC(270) Metaspace: 19092K(19520K)->19092K(19520K) NonClass: 16862K(17088K)->16862K(17088K) Class: 2230K(2432K)->2230K(2432K)
[2026-05-06T01:04:39.882+0100][20.162s][info][gc             ] GC(270) Pause Young (Allocation Failure) 350M->198M(617M) 0.218ms
[2026-05-06T01:04:39.882+0100][20.162s][info][gc,cpu         ] GC(270) User=0.00s Sys=0.01s Real=0.00s
[2026-05-06T01:04:39.921+0100][20.201s][info][gc,start       ] GC(271) Pause Young (Allocation Failure)
[2026-05-06T01:04:39.921+0100][20.201s][info][gc,heap        ] GC(271) DefNew: 154973K(196288K)->4K(196288K) Eden: 154969K(174528K)->0K(174528K) From: 4K(21760K)->4K(21760K)
[2026-05-06T01:04:39.921+0100][20.201s][info][gc,heap        ] GC(271) Tenured: 203737K(435968K)->203737K(435968K)
[2026-05-06T01:04:39.921+0100][20.201s][info][gc,metaspace   ] GC(271) Metaspace: 19092K(19520K)->19092K(19520K) NonClass: 16862K(17088K)->16862K(17088K) Class: 2230K(2432K)->2230K(2432K)
[2026-05-06T01:04:39.921+0100][20.201s][info][gc             ] GC(271) Pause Young (Allocation Failure) 350M->198M(617M) 0.171ms
[2026-05-06T01:04:39.921+0100][20.201s][info][gc,cpu         ] GC(271) User=0.00s Sys=0.00s Real=0.00s
[2026-05-06T01:04:39.960+0100][20.240s][info][gc,start       ] GC(272) Pause Young (Allocation Failure)
[2026-05-06T01:04:39.960+0100][20.240s][info][gc,heap        ] GC(272) DefNew: 154974K(196288K)->4K(196288K) Eden: 154969K(174528K)->0K(174528K) From: 4K(21760K)->4K(21760K)
[2026-05-06T01:04:39.960+0100][20.240s][info][gc,heap        ] GC(272) Tenured: 203737K(435968K)->203737K(435968K)
[2026-05-06T01:04:39.960+0100][20.240s][info][gc,metaspace   ] GC(272) Metaspace: 19092K(19520K)->19092K(19520K) NonClass: 16862K(17088K)->16862K(17088K) Class: 2230K(2432K)->2230K(2432K)
[2026-05-06T01:04:39.960+0100][20.240s][info][gc             ] GC(272) Pause Young (Allocation Failure) 350M->198M(617M) 0.189ms
[2026-05-06T01:04:39.960+0100][20.240s][info][gc,cpu         ] GC(272) User=0.00s Sys=0.00s Real=0.00s
[2026-05-06T01:04:39.982+0100][20.262s][info][gc,start       ] GC(273) Pause Full (System.gc())
[2026-05-06T01:04:39.982+0100][20.262s][info][gc,phases,start] GC(273) Phase 1: Mark live objects
[2026-05-06T01:04:39.988+0100][20.267s][info][gc,phases      ] GC(273) Phase 1: Mark live objects 5.310ms
[2026-05-06T01:04:39.988+0100][20.267s][info][gc,phases,start] GC(273) Phase 2: Compute new object addresses
[2026-05-06T01:04:39.989+0100][20.269s][info][gc,phases      ] GC(273) Phase 2: Compute new object addresses 1.401ms
[2026-05-06T01:04:39.989+0100][20.269s][info][gc,phases,start] GC(273) Phase 3: Adjust pointers
[2026-05-06T01:04:39.993+0100][20.273s][info][gc,phases      ] GC(273) Phase 3: Adjust pointers 3.960ms
[2026-05-06T01:04:39.993+0100][20.273s][info][gc,phases,start] GC(273) Phase 4: Move objects
[2026-05-06T01:04:39.993+0100][20.273s][info][gc,phases      ] GC(273) Phase 4: Move objects 0.005ms
[2026-05-06T01:04:39.993+0100][20.273s][info][gc,heap        ] GC(273) DefNew: 152177K(196288K)->0K(196288K) Eden: 152173K(174528K)->0K(174528K) From: 4K(21760K)->0K(21760K)
[2026-05-06T01:04:39.993+0100][20.273s][info][gc,heap        ] GC(273) Tenured: 203737K(435968K)->203741K(435968K)
[2026-05-06T01:04:39.993+0100][20.273s][info][gc,metaspace   ] GC(273) Metaspace: 19092K(19520K)->19092K(19520K) NonClass: 16862K(17088K)->16862K(17088K) Class: 2230K(2432K)->2230K(2432K)
[2026-05-06T01:04:39.993+0100][20.273s][info][gc             ] GC(273) Pause Full (System.gc()) 347M->198M(617M) 10.765ms
[2026-05-06T01:04:39.993+0100][20.273s][info][gc,cpu         ] GC(273) User=0.01s Sys=0.00s Real=0.01s
[2026-05-06T01:04:40.048+0100][20.328s][info][gc,start       ] GC(274) Pause Young (Allocation Failure)
[2026-05-06T01:04:40.048+0100][20.328s][info][gc,heap        ] GC(274) DefNew: 157299K(196288K)->4K(196288K) Eden: 157299K(174528K)->0K(174528K) From: 0K(21760K)->4K(21760K)
[2026-05-06T01:04:40.048+0100][20.328s][info][gc,heap        ] GC(274) Tenured: 203741K(435968K)->203741K(435968K)
[2026-05-06T01:04:40.048+0100][20.328s][info][gc,metaspace   ] GC(274) Metaspace: 19092K(19520K)->19092K(19520K) NonClass: 16862K(17088K)->16862K(17088K) Class: 2230K(2432K)->2230K(2432K)
[2026-05-06T01:04:40.048+0100][20.328s][info][gc             ] GC(274) Pause Young (Allocation Failure) 352M->198M(617M) 0.173ms
[2026-05-06T01:04:40.048+0100][20.328s][info][gc,cpu         ] GC(274) User=0.00s Sys=0.00s Real=0.00s
[2026-05-06T01:04:40.087+0100][20.366s][info][gc,start       ] GC(275) Pause Young (Allocation Failure)
[2026-05-06T01:04:40.087+0100][20.367s][info][gc,heap        ] GC(275) DefNew: 154971K(196288K)->4K(196288K) Eden: 154966K(174528K)->0K(174528K) From: 4K(21760K)->4K(21760K)
[2026-05-06T01:04:40.087+0100][20.367s][info][gc,heap        ] GC(275) Tenured: 203741K(435968K)->203741K(435968K)
[2026-05-06T01:04:40.087+0100][20.367s][info][gc,metaspace   ] GC(275) Metaspace: 19092K(19520K)->19092K(19520K) NonClass: 16862K(17088K)->16862K(17088K) Class: 2230K(2432K)->2230K(2432K)
[2026-05-06T01:04:40.087+0100][20.367s][info][gc             ] GC(275) Pause Young (Allocation Failure) 350M->198M(617M) 0.180ms
[2026-05-06T01:04:40.087+0100][20.367s][info][gc,cpu         ] GC(275) User=0.00s Sys=0.00s Real=0.00s
[2026-05-06T01:04:40.125+0100][20.405s][info][gc,start       ] GC(276) Pause Young (Allocation Failure)
[2026-05-06T01:04:40.125+0100][20.405s][info][gc,heap        ] GC(276) DefNew: 154972K(196288K)->4K(196288K) Eden: 154968K(174528K)->0K(174528K) From: 4K(21760K)->4K(21760K)
[2026-05-06T01:04:40.125+0100][20.405s][info][gc,heap        ] GC(276) Tenured: 203741K(435968K)->203741K(435968K)
[2026-05-06T01:04:40.125+0100][20.405s][info][gc,metaspace   ] GC(276) Metaspace: 19092K(19520K)->19092K(19520K) NonClass: 16862K(17088K)->16862K(17088K) Class: 2230K(2432K)->2230K(2432K)
[2026-05-06T01:04:40.125+0100][20.405s][info][gc             ] GC(276) Pause Young (Allocation Failure) 350M->198M(617M) 0.139ms
[2026-05-06T01:04:40.125+0100][20.405s][info][gc,cpu         ] GC(276) User=0.00s Sys=0.00s Real=0.00s
[2026-05-06T01:04:40.164+0100][20.443s][info][gc,start       ] GC(277) Pause Young (Allocation Failure)
[2026-05-06T01:04:40.164+0100][20.444s][info][gc,heap        ] GC(277) DefNew: 154973K(196288K)->4K(196288K) Eden: 154968K(174528K)->0K(174528K) From: 4K(21760K)->4K(21760K)
[2026-05-06T01:04:40.164+0100][20.444s][info][gc,heap        ] GC(277) Tenured: 203741K(435968K)->203741K(435968K)
[2026-05-06T01:04:40.164+0100][20.444s][info][gc,metaspace   ] GC(277) Metaspace: 19092K(19520K)->19092K(19520K) NonClass: 16862K(17088K)->16862K(17088K) Class: 2230K(2432K)->2230K(2432K)
[2026-05-06T01:04:40.164+0100][20.444s][info][gc             ] GC(277) Pause Young (Allocation Failure) 350M->198M(617M) 0.146ms
[2026-05-06T01:04:40.164+0100][20.444s][info][gc,cpu         ] GC(277) User=0.00s Sys=0.00s Real=0.00s
[2026-05-06T01:04:40.202+0100][20.482s][info][gc,start       ] GC(278) Pause Young (Allocation Failure)
[2026-05-06T01:04:40.202+0100][20.482s][info][gc,heap        ] GC(278) DefNew: 154973K(196288K)->4K(196288K) Eden: 154969K(174528K)->0K(174528K) From: 4K(21760K)->4K(21760K)
[2026-05-06T01:04:40.202+0100][20.482s][info][gc,heap        ] GC(278) Tenured: 203741K(435968K)->203741K(435968K)
[2026-05-06T01:04:40.202+0100][20.482s][info][gc,metaspace   ] GC(278) Metaspace: 19092K(19520K)->19092K(19520K) NonClass: 16862K(17088K)->16862K(17088K) Class: 2230K(2432K)->2230K(2432K)
[2026-05-06T01:04:40.202+0100][20.482s][info][gc             ] GC(278) Pause Young (Allocation Failure) 350M->198M(617M) 0.155ms
[2026-05-06T01:04:40.202+0100][20.482s][info][gc,cpu         ] GC(278) User=0.00s Sys=0.00s Real=0.00s
[2026-05-06T01:04:40.241+0100][20.521s][info][gc,start       ] GC(279) Pause Young (Allocation Failure)
[2026-05-06T01:04:40.241+0100][20.521s][info][gc,heap        ] GC(279) DefNew: 154973K(196288K)->4K(196288K) Eden: 154969K(174528K)->0K(174528K) From: 4K(21760K)->4K(21760K)
[2026-05-06T01:04:40.241+0100][20.521s][info][gc,heap        ] GC(279) Tenured: 203741K(435968K)->203741K(435968K)
[2026-05-06T01:04:40.241+0100][20.521s][info][gc,metaspace   ] GC(279) Metaspace: 19092K(19520K)->19092K(19520K) NonClass: 16862K(17088K)->16862K(17088K) Class: 2230K(2432K)->2230K(2432K)
[2026-05-06T01:04:40.241+0100][20.521s][info][gc             ] GC(279) Pause Young (Allocation Failure) 350M->198M(617M) 0.148ms
[2026-05-06T01:04:40.241+0100][20.521s][info][gc,cpu         ] GC(279) User=0.00s Sys=0.00s Real=0.00s
[2026-05-06T01:04:40.281+0100][20.560s][info][gc,start       ] GC(280) Pause Young (Allocation Failure)
[2026-05-06T01:04:40.281+0100][20.560s][info][gc,heap        ] GC(280) DefNew: 154974K(196288K)->4K(196288K) Eden: 154969K(174528K)->0K(174528K) From: 4K(21760K)->4K(21760K)
[2026-05-06T01:04:40.281+0100][20.560s][info][gc,heap        ] GC(280) Tenured: 203741K(435968K)->203741K(435968K)
[2026-05-06T01:04:40.281+0100][20.560s][info][gc,metaspace   ] GC(280) Metaspace: 19092K(19520K)->19092K(19520K) NonClass: 16862K(17088K)->16862K(17088K) Class: 2230K(2432K)->2230K(2432K)
[2026-05-06T01:04:40.281+0100][20.560s][info][gc             ] GC(280) Pause Young (Allocation Failure) 350M->198M(617M) 0.157ms
[2026-05-06T01:04:40.281+0100][20.561s][info][gc,cpu         ] GC(280) User=0.00s Sys=0.00s Real=0.00s
[2026-05-06T01:04:40.320+0100][20.599s][info][gc,start       ] GC(281) Pause Young (Allocation Failure)
[2026-05-06T01:04:40.320+0100][20.600s][info][gc,heap        ] GC(281) DefNew: 154974K(196288K)->4K(196288K) Eden: 154970K(174528K)->0K(174528K) From: 4K(21760K)->4K(21760K)
[2026-05-06T01:04:40.320+0100][20.600s][info][gc,heap        ] GC(281) Tenured: 203741K(435968K)->203741K(435968K)
[2026-05-06T01:04:40.320+0100][20.600s][info][gc,metaspace   ] GC(281) Metaspace: 19092K(19520K)->19092K(19520K) NonClass: 16862K(17088K)->16862K(17088K) Class: 2230K(2432K)->2230K(2432K)
[2026-05-06T01:04:40.320+0100][20.600s][info][gc             ] GC(281) Pause Young (Allocation Failure) 350M->198M(617M) 0.162ms
[2026-05-06T01:04:40.320+0100][20.600s][info][gc,cpu         ] GC(281) User=0.00s Sys=0.00s Real=0.00s
[2026-05-06T01:04:40.359+0100][20.639s][info][gc,start       ] GC(282) Pause Young (Allocation Failure)
[2026-05-06T01:04:40.359+0100][20.639s][info][gc,heap        ] GC(282) DefNew: 154974K(196288K)->4K(196288K) Eden: 154970K(174528K)->0K(174528K) From: 4K(21760K)->4K(21760K)
[2026-05-06T01:04:40.359+0100][20.639s][info][gc,heap        ] GC(282) Tenured: 203741K(435968K)->203741K(435968K)
[2026-05-06T01:04:40.359+0100][20.639s][info][gc,metaspace   ] GC(282) Metaspace: 19092K(19520K)->19092K(19520K) NonClass: 16862K(17088K)->16862K(17088K) Class: 2230K(2432K)->2230K(2432K)
[2026-05-06T01:04:40.359+0100][20.639s][info][gc             ] GC(282) Pause Young (Allocation Failure) 350M->198M(617M) 0.170ms
[2026-05-06T01:04:40.359+0100][20.639s][info][gc,cpu         ] GC(282) User=0.00s Sys=0.00s Real=0.00s
[2026-05-06T01:04:40.395+0100][20.674s][info][gc,start       ] GC(283) Pause Young (Allocation Failure)
[2026-05-06T01:04:40.395+0100][20.675s][info][gc,heap        ] GC(283) DefNew: 152177K(196288K)->1K(196288K) Eden: 152173K(174528K)->0K(174528K) From: 4K(21760K)->1K(21760K)
[2026-05-06T01:04:40.395+0100][20.675s][info][gc,heap        ] GC(283) Tenured: 203741K(435968K)->203741K(435968K)
[2026-05-06T01:04:40.395+0100][20.675s][info][gc,metaspace   ] GC(283) Metaspace: 19092K(19520K)->19092K(19520K) NonClass: 16862K(17088K)->16862K(17088K) Class: 2230K(2432K)->2230K(2432K)
[2026-05-06T01:04:40.395+0100][20.675s][info][gc             ] GC(283) Pause Young (Allocation Failure) 347M->198M(617M) 0.199ms
[2026-05-06T01:04:40.395+0100][20.675s][info][gc,cpu         ] GC(283) User=0.00s Sys=0.00s Real=0.00s
[2026-05-06T01:04:40.427+0100][20.706s][info][gc,start       ] GC(284) Pause Young (Allocation Failure)
[2026-05-06T01:04:40.427+0100][20.707s][info][gc,heap        ] GC(284) DefNew: 150799K(196288K)->1K(196288K) Eden: 150798K(174528K)->0K(174528K) From: 1K(21760K)->1K(21760K)
[2026-05-06T01:04:40.427+0100][20.707s][info][gc,heap        ] GC(284) Tenured: 203741K(435968K)->203741K(435968K)
[2026-05-06T01:04:40.427+0100][20.707s][info][gc,metaspace   ] GC(284) Metaspace: 19092K(19520K)->19092K(19520K) NonClass: 16862K(17088K)->16862K(17088K) Class: 2230K(2432K)->2230K(2432K)
[2026-05-06T01:04:40.427+0100][20.707s][info][gc             ] GC(284) Pause Young (Allocation Failure) 346M->198M(617M) 0.193ms
[2026-05-06T01:04:40.427+0100][20.707s][info][gc,cpu         ] GC(284) User=0.00s Sys=0.00s Real=0.00s
[2026-05-06T01:04:40.458+0100][20.738s][info][gc,start       ] GC(285) Pause Young (Allocation Failure)
[2026-05-06T01:04:40.458+0100][20.738s][info][gc,heap        ] GC(285) DefNew: 150824K(196288K)->1K(196288K) Eden: 150823K(174528K)->0K(174528K) From: 1K(21760K)->1K(21760K)
[2026-05-06T01:04:40.458+0100][20.738s][info][gc,heap        ] GC(285) Tenured: 203741K(435968K)->203741K(435968K)
[2026-05-06T01:04:40.458+0100][20.738s][info][gc,metaspace   ] GC(285) Metaspace: 19092K(19520K)->19092K(19520K) NonClass: 16862K(17088K)->16862K(17088K) Class: 2230K(2432K)->2230K(2432K)
[2026-05-06T01:04:40.458+0100][20.738s][info][gc             ] GC(285) Pause Young (Allocation Failure) 346M->198M(617M) 0.153ms
[2026-05-06T01:04:40.458+0100][20.738s][info][gc,cpu         ] GC(285) User=0.00s Sys=0.00s Real=0.00s
[2026-05-06T01:04:40.477+0100][20.757s][info][gc,start       ] GC(286) Pause Full (System.gc())
[2026-05-06T01:04:40.477+0100][20.757s][info][gc,phases,start] GC(286) Phase 1: Mark live objects
[2026-05-06T01:04:40.483+0100][20.762s][info][gc,phases      ] GC(286) Phase 1: Mark live objects 5.291ms
[2026-05-06T01:04:40.483+0100][20.762s][info][gc,phases,start] GC(286) Phase 2: Compute new object addresses
[2026-05-06T01:04:40.484+0100][20.764s][info][gc,phases      ] GC(286) Phase 2: Compute new object addresses 1.401ms
[2026-05-06T01:04:40.484+0100][20.764s][info][gc,phases,start] GC(286) Phase 3: Adjust pointers
[2026-05-06T01:04:40.488+0100][20.768s][info][gc,phases      ] GC(286) Phase 3: Adjust pointers 3.959ms
[2026-05-06T01:04:40.488+0100][20.768s][info][gc,phases,start] GC(286) Phase 4: Move objects
[2026-05-06T01:04:40.488+0100][20.768s][info][gc,phases      ] GC(286) Phase 4: Move objects 0.005ms
[2026-05-06T01:04:40.488+0100][20.768s][info][gc,heap        ] GC(286) DefNew: 150840K(196288K)->0K(196288K) Eden: 150839K(174528K)->0K(174528K) From: 1K(21760K)->0K(21760K)
[2026-05-06T01:04:40.488+0100][20.768s][info][gc,heap        ] GC(286) Tenured: 203741K(435968K)->203741K(435968K)
[2026-05-06T01:04:40.488+0100][20.768s][info][gc,metaspace   ] GC(286) Metaspace: 19092K(19520K)->19092K(19520K) NonClass: 16862K(17088K)->16862K(17088K) Class: 2230K(2432K)->2230K(2432K)
[2026-05-06T01:04:40.488+0100][20.768s][info][gc             ] GC(286) Pause Full (System.gc()) 346M->198M(617M) 10.766ms
[2026-05-06T01:04:40.488+0100][20.768s][info][gc,cpu         ] GC(286) User=0.01s Sys=0.00s Real=0.01s
[2026-05-06T01:04:40.531+0100][20.811s][info][gc,start       ] GC(287) Pause Young (Allocation Failure)
[2026-05-06T01:04:40.531+0100][20.811s][info][gc,heap        ] GC(287) DefNew: 150849K(196288K)->1K(196288K) Eden: 150849K(174528K)->0K(174528K) From: 0K(21760K)->1K(21760K)
[2026-05-06T01:04:40.531+0100][20.811s][info][gc,heap        ] GC(287) Tenured: 203741K(435968K)->203741K(435968K)
[2026-05-06T01:04:40.531+0100][20.811s][info][gc,metaspace   ] GC(287) Metaspace: 19092K(19520K)->19092K(19520K) NonClass: 16862K(17088K)->16862K(17088K) Class: 2230K(2432K)->2230K(2432K)
[2026-05-06T01:04:40.531+0100][20.811s][info][gc             ] GC(287) Pause Young (Allocation Failure) 346M->198M(617M) 0.154ms
[2026-05-06T01:04:40.531+0100][20.811s][info][gc,cpu         ] GC(287) User=0.00s Sys=0.00s Real=0.00s
[2026-05-06T01:04:40.564+0100][20.844s][info][gc,start       ] GC(288) Pause Young (Allocation Failure)
[2026-05-06T01:04:40.564+0100][20.844s][info][gc,heap        ] GC(288) DefNew: 150857K(196288K)->1K(196288K) Eden: 150856K(174528K)->0K(174528K) From: 1K(21760K)->1K(21760K)
[2026-05-06T01:04:40.564+0100][20.844s][info][gc,heap        ] GC(288) Tenured: 203741K(435968K)->203741K(435968K)
[2026-05-06T01:04:40.564+0100][20.844s][info][gc,metaspace   ] GC(288) Metaspace: 19092K(19520K)->19092K(19520K) NonClass: 16862K(17088K)->16862K(17088K) Class: 2230K(2432K)->2230K(2432K)
[2026-05-06T01:04:40.564+0100][20.844s][info][gc             ] GC(288) Pause Young (Allocation Failure) 346M->198M(617M) 0.211ms
[2026-05-06T01:04:40.564+0100][20.844s][info][gc,cpu         ] GC(288) User=0.00s Sys=0.00s Real=0.00s
[2026-05-06T01:04:40.596+0100][20.875s][info][gc,start       ] GC(289) Pause Young (Allocation Failure)
[2026-05-06T01:04:40.596+0100][20.876s][info][gc,heap        ] GC(289) DefNew: 150861K(196288K)->1K(196288K) Eden: 150860K(174528K)->0K(174528K) From: 1K(21760K)->1K(21760K)
[2026-05-06T01:04:40.596+0100][20.876s][info][gc,heap        ] GC(289) Tenured: 203741K(435968K)->203741K(435968K)
[2026-05-06T01:04:40.596+0100][20.876s][info][gc,metaspace   ] GC(289) Metaspace: 19092K(19520K)->19092K(19520K) NonClass: 16862K(17088K)->16862K(17088K) Class: 2230K(2432K)->2230K(2432K)
[2026-05-06T01:04:40.596+0100][20.876s][info][gc             ] GC(289) Pause Young (Allocation Failure) 346M->198M(617M) 0.185ms
[2026-05-06T01:04:40.596+0100][20.876s][info][gc,cpu         ] GC(289) User=0.00s Sys=0.00s Real=0.00s
[2026-05-06T01:04:40.627+0100][20.907s][info][gc,start       ] GC(290) Pause Young (Allocation Failure)
[2026-05-06T01:04:40.627+0100][20.907s][info][gc,heap        ] GC(290) DefNew: 150864K(196288K)->1K(196288K) Eden: 150863K(174528K)->0K(174528K) From: 1K(21760K)->1K(21760K)
[2026-05-06T01:04:40.627+0100][20.907s][info][gc,heap        ] GC(290) Tenured: 203741K(435968K)->203741K(435968K)
[2026-05-06T01:04:40.627+0100][20.907s][info][gc,metaspace   ] GC(290) Metaspace: 19092K(19520K)->19092K(19520K) NonClass: 16862K(17088K)->16862K(17088K) Class: 2230K(2432K)->2230K(2432K)
[2026-05-06T01:04:40.627+0100][20.907s][info][gc             ] GC(290) Pause Young (Allocation Failure) 346M->198M(617M) 0.148ms
[2026-05-06T01:04:40.627+0100][20.907s][info][gc,cpu         ] GC(290) User=0.00s Sys=0.00s Real=0.00s
[2026-05-06T01:04:40.658+0100][20.938s][info][gc,start       ] GC(291) Pause Young (Allocation Failure)
[2026-05-06T01:04:40.658+0100][20.938s][info][gc,heap        ] GC(291) DefNew: 150866K(196288K)->1K(196288K) Eden: 150865K(174528K)->0K(174528K) From: 1K(21760K)->1K(21760K)
[2026-05-06T01:04:40.658+0100][20.938s][info][gc,heap        ] GC(291) Tenured: 203741K(435968K)->203741K(435968K)
[2026-05-06T01:04:40.658+0100][20.938s][info][gc,metaspace   ] GC(291) Metaspace: 19092K(19520K)->19092K(19520K) NonClass: 16862K(17088K)->16862K(17088K) Class: 2230K(2432K)->2230K(2432K)
[2026-05-06T01:04:40.658+0100][20.938s][info][gc             ] GC(291) Pause Young (Allocation Failure) 346M->198M(617M) 0.137ms
[2026-05-06T01:04:40.658+0100][20.938s][info][gc,cpu         ] GC(291) User=0.00s Sys=0.00s Real=0.00s
[2026-05-06T01:04:40.689+0100][20.969s][info][gc,start       ] GC(292) Pause Young (Allocation Failure)
[2026-05-06T01:04:40.689+0100][20.969s][info][gc,heap        ] GC(292) DefNew: 150867K(196288K)->1K(196288K) Eden: 150866K(174528K)->0K(174528K) From: 1K(21760K)->1K(21760K)
[2026-05-06T01:04:40.689+0100][20.969s][info][gc,heap        ] GC(292) Tenured: 203741K(435968K)->203741K(435968K)
[2026-05-06T01:04:40.689+0100][20.969s][info][gc,metaspace   ] GC(292) Metaspace: 19092K(19520K)->19092K(19520K) NonClass: 16862K(17088K)->16862K(17088K) Class: 2230K(2432K)->2230K(2432K)
[2026-05-06T01:04:40.689+0100][20.969s][info][gc             ] GC(292) Pause Young (Allocation Failure) 346M->198M(617M) 0.134ms
[2026-05-06T01:04:40.689+0100][20.969s][info][gc,cpu         ] GC(292) User=0.00s Sys=0.00s Real=0.00s
[2026-05-06T01:04:40.720+0100][21.000s][info][gc,start       ] GC(293) Pause Young (Allocation Failure)
[2026-05-06T01:04:40.720+0100][21.000s][info][gc,heap        ] GC(293) DefNew: 150868K(196288K)->1K(196288K) Eden: 150867K(174528K)->0K(174528K) From: 1K(21760K)->1K(21760K)
[2026-05-06T01:04:40.720+0100][21.000s][info][gc,heap        ] GC(293) Tenured: 203741K(435968K)->203741K(435968K)
[2026-05-06T01:04:40.720+0100][21.000s][info][gc,metaspace   ] GC(293) Metaspace: 19092K(19520K)->19092K(19520K) NonClass: 16862K(17088K)->16862K(17088K) Class: 2230K(2432K)->2230K(2432K)
[2026-05-06T01:04:40.720+0100][21.000s][info][gc             ] GC(293) Pause Young (Allocation Failure) 346M->198M(617M) 0.139ms
[2026-05-06T01:04:40.720+0100][21.000s][info][gc,cpu         ] GC(293) User=0.00s Sys=0.00s Real=0.00s
[2026-05-06T01:04:40.751+0100][21.031s][info][gc,start       ] GC(294) Pause Young (Allocation Failure)
[2026-05-06T01:04:40.751+0100][21.031s][info][gc,heap        ] GC(294) DefNew: 150868K(196288K)->1K(196288K) Eden: 150867K(174528K)->0K(174528K) From: 1K(21760K)->1K(21760K)
[2026-05-06T01:04:40.751+0100][21.031s][info][gc,heap        ] GC(294) Tenured: 203741K(435968K)->203741K(435968K)
[2026-05-06T01:04:40.751+0100][21.031s][info][gc,metaspace   ] GC(294) Metaspace: 19092K(19520K)->19092K(19520K) NonClass: 16862K(17088K)->16862K(17088K) Class: 2230K(2432K)->2230K(2432K)
[2026-05-06T01:04:40.751+0100][21.031s][info][gc             ] GC(294) Pause Young (Allocation Failure) 346M->198M(617M) 0.133ms
[2026-05-06T01:04:40.751+0100][21.031s][info][gc,cpu         ] GC(294) User=0.00s Sys=0.00s Real=0.00s
[2026-05-06T01:04:40.783+0100][21.063s][info][gc,start       ] GC(295) Pause Young (Allocation Failure)
[2026-05-06T01:04:40.783+0100][21.063s][info][gc,heap        ] GC(295) DefNew: 150868K(196288K)->1K(196288K) Eden: 150867K(174528K)->0K(174528K) From: 1K(21760K)->1K(21760K)
[2026-05-06T01:04:40.783+0100][21.063s][info][gc,heap        ] GC(295) Tenured: 203741K(435968K)->203741K(435968K)
[2026-05-06T01:04:40.783+0100][21.063s][info][gc,metaspace   ] GC(295) Metaspace: 19092K(19520K)->19092K(19520K) NonClass: 16862K(17088K)->16862K(17088K) Class: 2230K(2432K)->2230K(2432K)
[2026-05-06T01:04:40.783+0100][21.063s][info][gc             ] GC(295) Pause Young (Allocation Failure) 346M->198M(617M) 0.138ms
[2026-05-06T01:04:40.783+0100][21.063s][info][gc,cpu         ] GC(295) User=0.00s Sys=0.00s Real=0.00s
[2026-05-06T01:04:40.815+0100][21.095s][info][gc,start       ] GC(296) Pause Young (Allocation Failure)
[2026-05-06T01:04:40.816+0100][21.095s][info][gc,heap        ] GC(296) DefNew: 174529K(196288K)->13K(196288K) Eden: 174528K(174528K)->0K(174528K) From: 1K(21760K)->13K(21760K)
[2026-05-06T01:04:40.816+0100][21.095s][info][gc,heap        ] GC(296) Tenured: 203741K(435968K)->203741K(435968K)
[2026-05-06T01:04:40.816+0100][21.095s][info][gc,metaspace   ] GC(296) Metaspace: 19097K(19520K)->19097K(19520K) NonClass: 16867K(17088K)->16867K(17088K) Class: 2230K(2432K)->2230K(2432K)
[2026-05-06T01:04:40.816+0100][21.095s][info][gc             ] GC(296) Pause Young (Allocation Failure) 369M->198M(617M) 0.252ms
[2026-05-06T01:04:40.816+0100][21.095s][info][gc,cpu         ] GC(296) User=0.00s Sys=0.00s Real=0.00s
[2026-05-06T01:04:40.854+0100][21.134s][info][gc,start       ] GC(297) Pause Young (Allocation Failure)
[2026-05-06T01:04:40.854+0100][21.134s][info][gc,heap        ] GC(297) DefNew: 173418K(196288K)->6K(196288K) Eden: 173404K(174528K)->0K(174528K) From: 13K(21760K)->6K(21760K)
[2026-05-06T01:04:40.854+0100][21.134s][info][gc,heap        ] GC(297) Tenured: 203741K(435968K)->203741K(435968K)
[2026-05-06T01:04:40.854+0100][21.134s][info][gc,metaspace   ] GC(297) Metaspace: 19099K(19520K)->19099K(19520K) NonClass: 16869K(17088K)->16869K(17088K) Class: 2230K(2432K)->2230K(2432K)
[2026-05-06T01:04:40.854+0100][21.134s][info][gc             ] GC(297) Pause Young (Allocation Failure) 368M->198M(617M) 0.225ms
[2026-05-06T01:04:40.854+0100][21.134s][info][gc,cpu         ] GC(297) User=0.00s Sys=0.00s Real=0.00s
[2026-05-06T01:04:40.885+0100][21.165s][info][gc,start       ] GC(298) Pause Young (Allocation Failure)
[2026-05-06T01:04:40.885+0100][21.165s][info][gc,heap        ] GC(298) DefNew: 158767K(196288K)->6K(196288K) Eden: 158760K(174528K)->0K(174528K) From: 6K(21760K)->6K(21760K)
[2026-05-06T01:04:40.885+0100][21.165s][info][gc,heap        ] GC(298) Tenured: 203741K(435968K)->203741K(435968K)
[2026-05-06T01:04:40.885+0100][21.165s][info][gc,metaspace   ] GC(298) Metaspace: 19099K(19520K)->19099K(19520K) NonClass: 16869K(17088K)->16869K(17088K) Class: 2230K(2432K)->2230K(2432K)
[2026-05-06T01:04:40.885+0100][21.165s][info][gc             ] GC(298) Pause Young (Allocation Failure) 354M->198M(617M) 0.171ms
[2026-05-06T01:04:40.885+0100][21.165s][info][gc,cpu         ] GC(298) User=0.00s Sys=0.00s Real=0.00s
[2026-05-06T01:04:40.904+0100][21.184s][info][gc,start       ] GC(299) Pause Full (System.gc())
[2026-05-06T01:04:40.904+0100][21.184s][info][gc,phases,start] GC(299) Phase 1: Mark live objects
[2026-05-06T01:04:40.910+0100][21.190s][info][gc,phases      ] GC(299) Phase 1: Mark live objects 5.308ms
[2026-05-06T01:04:40.910+0100][21.190s][info][gc,phases,start] GC(299) Phase 2: Compute new object addresses
[2026-05-06T01:04:40.911+0100][21.191s][info][gc,phases      ] GC(299) Phase 2: Compute new object addresses 1.418ms
[2026-05-06T01:04:40.911+0100][21.191s][info][gc,phases,start] GC(299) Phase 3: Adjust pointers
[2026-05-06T01:04:40.915+0100][21.195s][info][gc,phases      ] GC(299) Phase 3: Adjust pointers 4.009ms
[2026-05-06T01:04:40.915+0100][21.195s][info][gc,phases,start] GC(299) Phase 4: Move objects
[2026-05-06T01:04:40.915+0100][21.195s][info][gc,phases      ] GC(299) Phase 4: Move objects 0.007ms
[2026-05-06T01:04:40.915+0100][21.195s][info][gc,heap        ] GC(299) DefNew: 152973K(196288K)->0K(196288K) Eden: 152966K(174528K)->0K(174528K) From: 6K(21760K)->0K(21760K)
[2026-05-06T01:04:40.915+0100][21.195s][info][gc,heap        ] GC(299) Tenured: 203741K(435968K)->203738K(435968K)
[2026-05-06T01:04:40.915+0100][21.195s][info][gc,metaspace   ] GC(299) Metaspace: 19099K(19520K)->19099K(19520K) NonClass: 16869K(17088K)->16869K(17088K) Class: 2230K(2432K)->2230K(2432K)
[2026-05-06T01:04:40.915+0100][21.195s][info][gc             ] GC(299) Pause Full (System.gc()) 348M->198M(617M) 10.844ms
[2026-05-06T01:04:40.915+0100][21.195s][info][gc,cpu         ] GC(299) User=0.01s Sys=0.00s Real=0.01s
[2026-05-06T01:04:40.958+0100][21.238s][info][gc,start       ] GC(300) Pause Young (Allocation Failure)
[2026-05-06T01:04:40.958+0100][21.238s][info][gc,heap        ] GC(300) DefNew: 159643K(196288K)->6K(196288K) Eden: 159643K(174528K)->0K(174528K) From: 0K(21760K)->6K(21760K)
[2026-05-06T01:04:40.958+0100][21.238s][info][gc,heap        ] GC(300) Tenured: 203738K(435968K)->203738K(435968K)
[2026-05-06T01:04:40.958+0100][21.238s][info][gc,metaspace   ] GC(300) Metaspace: 19099K(19520K)->19099K(19520K) NonClass: 16869K(17088K)->16869K(17088K) Class: 2230K(2432K)->2230K(2432K)
[2026-05-06T01:04:40.958+0100][21.238s][info][gc             ] GC(300) Pause Young (Allocation Failure) 354M->198M(617M) 0.201ms
[2026-05-06T01:04:40.958+0100][21.238s][info][gc,cpu         ] GC(300) User=0.00s Sys=0.00s Real=0.00s
[2026-05-06T01:04:40.989+0100][21.269s][info][gc,start       ] GC(301) Pause Young (Allocation Failure)
[2026-05-06T01:04:40.989+0100][21.269s][info][gc,heap        ] GC(301) DefNew: 156693K(196288K)->6K(196288K) Eden: 156687K(174528K)->0K(174528K) From: 6K(21760K)->6K(21760K)
[2026-05-06T01:04:40.989+0100][21.269s][info][gc,heap        ] GC(301) Tenured: 203738K(435968K)->203738K(435968K)
[2026-05-06T01:04:40.989+0100][21.269s][info][gc,metaspace   ] GC(301) Metaspace: 19099K(19520K)->19099K(19520K) NonClass: 16869K(17088K)->16869K(17088K) Class: 2230K(2432K)->2230K(2432K)
[2026-05-06T01:04:40.989+0100][21.269s][info][gc             ] GC(301) Pause Young (Allocation Failure) 351M->198M(617M) 0.166ms
[2026-05-06T01:04:40.989+0100][21.269s][info][gc,cpu         ] GC(301) User=0.00s Sys=0.00s Real=0.00s
[2026-05-06T01:04:41.020+0100][21.300s][info][gc,start       ] GC(302) Pause Young (Allocation Failure)
[2026-05-06T01:04:41.020+0100][21.300s][info][gc,heap        ] GC(302) DefNew: 156211K(196288K)->6K(196288K) Eden: 156204K(174528K)->0K(174528K) From: 6K(21760K)->6K(21760K)
[2026-05-06T01:04:41.020+0100][21.300s][info][gc,heap        ] GC(302) Tenured: 203738K(435968K)->203738K(435968K)
[2026-05-06T01:04:41.021+0100][21.300s][info][gc,metaspace   ] GC(302) Metaspace: 19099K(19520K)->19099K(19520K) NonClass: 16869K(17088K)->16869K(17088K) Class: 2230K(2432K)->2230K(2432K)
[2026-05-06T01:04:41.021+0100][21.300s][info][gc             ] GC(302) Pause Young (Allocation Failure) 351M->198M(617M) 0.147ms
[2026-05-06T01:04:41.021+0100][21.300s][info][gc,cpu         ] GC(302) User=0.00s Sys=0.00s Real=0.00s
[2026-05-06T01:04:41.051+0100][21.331s][info][gc,start       ] GC(303) Pause Young (Allocation Failure)
[2026-05-06T01:04:41.052+0100][21.331s][info][gc,heap        ] GC(303) DefNew: 155976K(196288K)->6K(196288K) Eden: 155969K(174528K)->0K(174528K) From: 6K(21760K)->6K(21760K)
[2026-05-06T01:04:41.052+0100][21.331s][info][gc,heap        ] GC(303) Tenured: 203738K(435968K)->203738K(435968K)
[2026-05-06T01:04:41.052+0100][21.331s][info][gc,metaspace   ] GC(303) Metaspace: 19099K(19520K)->19099K(19520K) NonClass: 16869K(17088K)->16869K(17088K) Class: 2230K(2432K)->2230K(2432K)
[2026-05-06T01:04:41.052+0100][21.331s][info][gc             ] GC(303) Pause Young (Allocation Failure) 351M->198M(617M) 0.152ms
[2026-05-06T01:04:41.052+0100][21.331s][info][gc,cpu         ] GC(303) User=0.00s Sys=0.00s Real=0.00s
[2026-05-06T01:04:41.083+0100][21.362s][info][gc,start       ] GC(304) Pause Young (Allocation Failure)
[2026-05-06T01:04:41.083+0100][21.362s][info][gc,heap        ] GC(304) DefNew: 155599K(196288K)->6K(196288K) Eden: 155592K(174528K)->0K(174528K) From: 6K(21760K)->6K(21760K)
[2026-05-06T01:04:41.083+0100][21.362s][info][gc,heap        ] GC(304) Tenured: 203738K(435968K)->203738K(435968K)
[2026-05-06T01:04:41.083+0100][21.362s][info][gc,metaspace   ] GC(304) Metaspace: 19099K(19520K)->19099K(19520K) NonClass: 16869K(17088K)->16869K(17088K) Class: 2230K(2432K)->2230K(2432K)
[2026-05-06T01:04:41.083+0100][21.362s][info][gc             ] GC(304) Pause Young (Allocation Failure) 350M->198M(617M) 0.157ms
[2026-05-06T01:04:41.083+0100][21.362s][info][gc,cpu         ] GC(304) User=0.00s Sys=0.00s Real=0.00s
[2026-05-06T01:04:41.114+0100][21.394s][info][gc,start       ] GC(305) Pause Young (Allocation Failure)
[2026-05-06T01:04:41.114+0100][21.394s][info][gc,heap        ] GC(305) DefNew: 155415K(196288K)->6K(196288K) Eden: 155408K(174528K)->0K(174528K) From: 6K(21760K)->6K(21760K)
[2026-05-06T01:04:41.114+0100][21.394s][info][gc,heap        ] GC(305) Tenured: 203738K(435968K)->203738K(435968K)
[2026-05-06T01:04:41.114+0100][21.394s][info][gc,metaspace   ] GC(305) Metaspace: 19099K(19520K)->19099K(19520K) NonClass: 16869K(17088K)->16869K(17088K) Class: 2230K(2432K)->2230K(2432K)
[2026-05-06T01:04:41.114+0100][21.394s][info][gc             ] GC(305) Pause Young (Allocation Failure) 350M->198M(617M) 0.173ms
[2026-05-06T01:04:41.114+0100][21.394s][info][gc,cpu         ] GC(305) User=0.00s Sys=0.00s Real=0.00s
[2026-05-06T01:04:41.145+0100][21.425s][info][gc,start       ] GC(306) Pause Young (Allocation Failure)
[2026-05-06T01:04:41.145+0100][21.425s][info][gc,heap        ] GC(306) DefNew: 155422K(196288K)->6K(196288K) Eden: 155416K(174528K)->0K(174528K) From: 6K(21760K)->6K(21760K)
[2026-05-06T01:04:41.145+0100][21.425s][info][gc,heap        ] GC(306) Tenured: 203738K(435968K)->203738K(435968K)
[2026-05-06T01:04:41.145+0100][21.425s][info][gc,metaspace   ] GC(306) Metaspace: 19099K(19520K)->19099K(19520K) NonClass: 16869K(17088K)->16869K(17088K) Class: 2230K(2432K)->2230K(2432K)
[2026-05-06T01:04:41.145+0100][21.425s][info][gc             ] GC(306) Pause Young (Allocation Failure) 350M->198M(617M) 0.194ms
[2026-05-06T01:04:41.145+0100][21.425s][info][gc,cpu         ] GC(306) User=0.00s Sys=0.00s Real=0.00s
[2026-05-06T01:04:41.177+0100][21.457s][info][gc,start       ] GC(307) Pause Young (Allocation Failure)
[2026-05-06T01:04:41.178+0100][21.457s][info][gc,heap        ] GC(307) DefNew: 155427K(196288K)->6K(196288K) Eden: 155421K(174528K)->0K(174528K) From: 6K(21760K)->6K(21760K)
[2026-05-06T01:04:41.178+0100][21.457s][info][gc,heap        ] GC(307) Tenured: 203738K(435968K)->203738K(435968K)
[2026-05-06T01:04:41.178+0100][21.457s][info][gc,metaspace   ] GC(307) Metaspace: 19099K(19520K)->19099K(19520K) NonClass: 16869K(17088K)->16869K(17088K) Class: 2230K(2432K)->2230K(2432K)
[2026-05-06T01:04:41.178+0100][21.457s][info][gc             ] GC(307) Pause Young (Allocation Failure) 350M->198M(617M) 0.227ms
[2026-05-06T01:04:41.178+0100][21.457s][info][gc,cpu         ] GC(307) User=0.00s Sys=0.00s Real=0.00s
[2026-05-06T01:04:41.210+0100][21.490s][info][gc,start       ] GC(308) Pause Young (Allocation Failure)
[2026-05-06T01:04:41.210+0100][21.490s][info][gc,heap        ] GC(308) DefNew: 155431K(196288K)->6K(196288K) Eden: 155424K(174528K)->0K(174528K) From: 6K(21760K)->6K(21760K)
[2026-05-06T01:04:41.210+0100][21.490s][info][gc,heap        ] GC(308) Tenured: 203738K(435968K)->203738K(435968K)
[2026-05-06T01:04:41.210+0100][21.490s][info][gc,metaspace   ] GC(308) Metaspace: 19099K(19520K)->19099K(19520K) NonClass: 16869K(17088K)->16869K(17088K) Class: 2230K(2432K)->2230K(2432K)
[2026-05-06T01:04:41.210+0100][21.490s][info][gc             ] GC(308) Pause Young (Allocation Failure) 350M->198M(617M) 0.235ms
[2026-05-06T01:04:41.210+0100][21.490s][info][gc,cpu         ] GC(308) User=0.00s Sys=0.00s Real=0.00s
[2026-05-06T01:04:41.243+0100][21.523s][info][gc,start       ] GC(309) Pause Young (Allocation Failure)
[2026-05-06T01:04:41.243+0100][21.523s][info][gc,heap        ] GC(309) DefNew: 155433K(196288K)->6K(196288K) Eden: 155426K(174528K)->0K(174528K) From: 6K(21760K)->6K(21760K)
[2026-05-06T01:04:41.243+0100][21.523s][info][gc,heap        ] GC(309) Tenured: 203738K(435968K)->203738K(435968K)
[2026-05-06T01:04:41.243+0100][21.523s][info][gc,metaspace   ] GC(309) Metaspace: 19105K(19520K)->19105K(19520K) NonClass: 16875K(17088K)->16875K(17088K) Class: 2230K(2432K)->2230K(2432K)
[2026-05-06T01:04:41.243+0100][21.523s][info][gc             ] GC(309) Pause Young (Allocation Failure) 350M->198M(617M) 0.268ms
[2026-05-06T01:04:41.243+0100][21.523s][info][gc,cpu         ] GC(309) User=0.00s Sys=0.00s Real=0.00s
[2026-05-06T01:04:41.274+0100][21.554s][info][gc,start       ] GC(310) Pause Young (Allocation Failure)
[2026-05-06T01:04:41.274+0100][21.554s][info][gc,heap        ] GC(310) DefNew: 155434K(196288K)->6K(196288K) Eden: 155427K(174528K)->0K(174528K) From: 6K(21760K)->6K(21760K)
[2026-05-06T01:04:41.274+0100][21.554s][info][gc,heap        ] GC(310) Tenured: 203738K(435968K)->203738K(435968K)
[2026-05-06T01:04:41.274+0100][21.554s][info][gc,metaspace   ] GC(310) Metaspace: 19105K(19520K)->19105K(19520K) NonClass: 16875K(17088K)->16875K(17088K) Class: 2230K(2432K)->2230K(2432K)
[2026-05-06T01:04:41.274+0100][21.554s][info][gc             ] GC(310) Pause Young (Allocation Failure) 350M->198M(617M) 0.219ms
[2026-05-06T01:04:41.274+0100][21.554s][info][gc,cpu         ] GC(310) User=0.00s Sys=0.00s Real=0.00s
[2026-05-06T01:04:41.305+0100][21.585s][info][gc,start       ] GC(311) Pause Young (Allocation Failure)
[2026-05-06T01:04:41.305+0100][21.585s][info][gc,heap        ] GC(311) DefNew: 155435K(196288K)->6K(196288K) Eden: 155428K(174528K)->0K(174528K) From: 6K(21760K)->6K(21760K)
[2026-05-06T01:04:41.305+0100][21.585s][info][gc,heap        ] GC(311) Tenured: 203738K(435968K)->203738K(435968K)
[2026-05-06T01:04:41.305+0100][21.585s][info][gc,metaspace   ] GC(311) Metaspace: 19105K(19520K)->19105K(19520K) NonClass: 16875K(17088K)->16875K(17088K) Class: 2230K(2432K)->2230K(2432K)
[2026-05-06T01:04:41.305+0100][21.585s][info][gc             ] GC(311) Pause Young (Allocation Failure) 350M->198M(617M) 0.226ms
[2026-05-06T01:04:41.305+0100][21.585s][info][gc,cpu         ] GC(311) User=0.00s Sys=0.00s Real=0.00s
[2026-05-06T01:04:41.324+0100][21.604s][info][gc,start       ] GC(312) Pause Full (System.gc())
[2026-05-06T01:04:41.324+0100][21.604s][info][gc,phases,start] GC(312) Phase 1: Mark live objects
[2026-05-06T01:04:41.330+0100][21.610s][info][gc,phases      ] GC(312) Phase 1: Mark live objects 5.894ms
[2026-05-06T01:04:41.330+0100][21.610s][info][gc,phases,start] GC(312) Phase 2: Compute new object addresses
[2026-05-06T01:04:41.331+0100][21.611s][info][gc,phases      ] GC(312) Phase 2: Compute new object addresses 1.532ms
[2026-05-06T01:04:41.331+0100][21.611s][info][gc,phases,start] GC(312) Phase 3: Adjust pointers
[2026-05-06T01:04:41.336+0100][21.616s][info][gc,phases      ] GC(312) Phase 3: Adjust pointers 4.451ms
[2026-05-06T01:04:41.336+0100][21.616s][info][gc,phases,start] GC(312) Phase 4: Move objects
[2026-05-06T01:04:41.336+0100][21.616s][info][gc,phases      ] GC(312) Phase 4: Move objects 0.007ms
[2026-05-06T01:04:41.336+0100][21.616s][info][gc,heap        ] GC(312) DefNew: 152324K(196288K)->0K(196288K) Eden: 152318K(174528K)->0K(174528K) From: 6K(21760K)->0K(21760K)
[2026-05-06T01:04:41.336+0100][21.616s][info][gc,heap        ] GC(312) Tenured: 203738K(435968K)->203743K(435968K)
[2026-05-06T01:04:41.336+0100][21.616s][info][gc,metaspace   ] GC(312) Metaspace: 19105K(19520K)->19105K(19520K) NonClass: 16875K(17088K)->16875K(17088K) Class: 2230K(2432K)->2230K(2432K)
[2026-05-06T01:04:41.336+0100][21.616s][info][gc             ] GC(312) Pause Full (System.gc()) 347M->198M(617M) 12.072ms
[2026-05-06T01:04:41.336+0100][21.616s][info][gc,cpu         ] GC(312) User=0.01s Sys=0.00s Real=0.01s
[2026-05-06T01:04:41.380+0100][21.660s][info][gc,start       ] GC(313) Pause Young (Allocation Failure)
[2026-05-06T01:04:41.380+0100][21.660s][info][gc,heap        ] GC(313) DefNew: 157769K(196288K)->6K(196288K) Eden: 157769K(174528K)->0K(174528K) From: 0K(21760K)->6K(21760K)
[2026-05-06T01:04:41.380+0100][21.660s][info][gc,heap        ] GC(313) Tenured: 203743K(435968K)->203743K(435968K)
[2026-05-06T01:04:41.380+0100][21.660s][info][gc,metaspace   ] GC(313) Metaspace: 19105K(19520K)->19105K(19520K) NonClass: 16875K(17088K)->16875K(17088K) Class: 2230K(2432K)->2230K(2432K)
[2026-05-06T01:04:41.380+0100][21.660s][info][gc             ] GC(313) Pause Young (Allocation Failure) 353M->198M(617M) 0.256ms
[2026-05-06T01:04:41.380+0100][21.660s][info][gc,cpu         ] GC(313) User=0.00s Sys=0.00s Real=0.00s
[2026-05-06T01:04:41.411+0100][21.691s][info][gc,start       ] GC(314) Pause Young (Allocation Failure)
[2026-05-06T01:04:41.411+0100][21.691s][info][gc,heap        ] GC(314) DefNew: 155434K(196288K)->6K(196288K) Eden: 155427K(174528K)->0K(174528K) From: 6K(21760K)->6K(21760K)
[2026-05-06T01:04:41.411+0100][21.691s][info][gc,heap        ] GC(314) Tenured: 203743K(435968K)->203743K(435968K)
[2026-05-06T01:04:41.411+0100][21.691s][info][gc,metaspace   ] GC(314) Metaspace: 19105K(19520K)->19105K(19520K) NonClass: 16875K(17088K)->16875K(17088K) Class: 2230K(2432K)->2230K(2432K)
[2026-05-06T01:04:41.411+0100][21.691s][info][gc             ] GC(314) Pause Young (Allocation Failure) 350M->198M(617M) 0.267ms
[2026-05-06T01:04:41.411+0100][21.691s][info][gc,cpu         ] GC(314) User=0.00s Sys=0.00s Real=0.00s
[2026-05-06T01:04:41.446+0100][21.726s][info][gc,start       ] GC(315) Pause Young (Allocation Failure)
[2026-05-06T01:04:41.446+0100][21.726s][info][gc,heap        ] GC(315) DefNew: 155435K(196288K)->6K(196288K) Eden: 155428K(174528K)->0K(174528K) From: 6K(21760K)->6K(21760K)
[2026-05-06T01:04:41.447+0100][21.726s][info][gc,heap        ] GC(315) Tenured: 203743K(435968K)->203743K(435968K)
[2026-05-06T01:04:41.447+0100][21.726s][info][gc,metaspace   ] GC(315) Metaspace: 19105K(19520K)->19105K(19520K) NonClass: 16875K(17088K)->16875K(17088K) Class: 2230K(2432K)->2230K(2432K)
[2026-05-06T01:04:41.447+0100][21.726s][info][gc             ] GC(315) Pause Young (Allocation Failure) 350M->198M(617M) 0.320ms
[2026-05-06T01:04:41.447+0100][21.726s][info][gc,cpu         ] GC(315) User=0.00s Sys=0.00s Real=0.00s
[2026-05-06T01:04:41.489+0100][21.768s][info][gc,start       ] GC(316) Pause Young (Allocation Failure)
[2026-05-06T01:04:41.489+0100][21.769s][info][gc,heap        ] GC(316) DefNew: 155435K(196288K)->6K(196288K) Eden: 155429K(174528K)->0K(174528K) From: 6K(21760K)->6K(21760K)
[2026-05-06T01:04:41.489+0100][21.769s][info][gc,heap        ] GC(316) Tenured: 203743K(435968K)->203743K(435968K)
[2026-05-06T01:04:41.489+0100][21.769s][info][gc,metaspace   ] GC(316) Metaspace: 19105K(19520K)->19105K(19520K) NonClass: 16875K(17088K)->16875K(17088K) Class: 2230K(2432K)->2230K(2432K)
[2026-05-06T01:04:41.489+0100][21.769s][info][gc             ] GC(316) Pause Young (Allocation Failure) 350M->198M(617M) 0.315ms
[2026-05-06T01:04:41.489+0100][21.769s][info][gc,cpu         ] GC(316) User=0.00s Sys=0.00s Real=0.00s
[2026-05-06T01:04:41.524+0100][21.804s][info][gc,start       ] GC(317) Pause Young (Allocation Failure)
[2026-05-06T01:04:41.525+0100][21.804s][info][gc,heap        ] GC(317) DefNew: 155436K(196288K)->6K(196288K) Eden: 155429K(174528K)->0K(174528K) From: 6K(21760K)->6K(21760K)
[2026-05-06T01:04:41.525+0100][21.804s][info][gc,heap        ] GC(317) Tenured: 203743K(435968K)->203743K(435968K)
[2026-05-06T01:04:41.525+0100][21.804s][info][gc,metaspace   ] GC(317) Metaspace: 19105K(19520K)->19105K(19520K) NonClass: 16875K(17088K)->16875K(17088K) Class: 2230K(2432K)->2230K(2432K)
[2026-05-06T01:04:41.525+0100][21.804s][info][gc             ] GC(317) Pause Young (Allocation Failure) 350M->198M(617M) 0.283ms
[2026-05-06T01:04:41.525+0100][21.804s][info][gc,cpu         ] GC(317) User=0.00s Sys=0.00s Real=0.00s
[2026-05-06T01:04:41.558+0100][21.837s][info][gc,start       ] GC(318) Pause Young (Allocation Failure)
[2026-05-06T01:04:41.558+0100][21.838s][info][gc,heap        ] GC(318) DefNew: 155436K(196288K)->6K(196288K) Eden: 155429K(174528K)->0K(174528K) From: 6K(21760K)->6K(21760K)
[2026-05-06T01:04:41.558+0100][21.838s][info][gc,heap        ] GC(318) Tenured: 203743K(435968K)->203743K(435968K)
[2026-05-06T01:04:41.558+0100][21.838s][info][gc,metaspace   ] GC(318) Metaspace: 19105K(19520K)->19105K(19520K) NonClass: 16875K(17088K)->16875K(17088K) Class: 2230K(2432K)->2230K(2432K)
[2026-05-06T01:04:41.558+0100][21.838s][info][gc             ] GC(318) Pause Young (Allocation Failure) 350M->198M(617M) 0.312ms
[2026-05-06T01:04:41.558+0100][21.838s][info][gc,cpu         ] GC(318) User=0.00s Sys=0.00s Real=0.00s
[2026-05-06T01:04:41.592+0100][21.872s][info][gc,start       ] GC(319) Pause Young (Allocation Failure)
[2026-05-06T01:04:41.592+0100][21.872s][info][gc,heap        ] GC(319) DefNew: 155436K(196288K)->6K(196288K) Eden: 155429K(174528K)->0K(174528K) From: 6K(21760K)->6K(21760K)
[2026-05-06T01:04:41.592+0100][21.872s][info][gc,heap        ] GC(319) Tenured: 203743K(435968K)->203743K(435968K)
[2026-05-06T01:04:41.592+0100][21.872s][info][gc,metaspace   ] GC(319) Metaspace: 19105K(19520K)->19105K(19520K) NonClass: 16875K(17088K)->16875K(17088K) Class: 2230K(2432K)->2230K(2432K)
[2026-05-06T01:04:41.592+0100][21.872s][info][gc             ] GC(319) Pause Young (Allocation Failure) 350M->198M(617M) 0.247ms
[2026-05-06T01:04:41.592+0100][21.872s][info][gc,cpu         ] GC(319) User=0.00s Sys=0.00s Real=0.00s
[2026-05-06T01:04:41.625+0100][21.905s][info][gc,start       ] GC(320) Pause Young (Allocation Failure)
[2026-05-06T01:04:41.625+0100][21.905s][info][gc,heap        ] GC(320) DefNew: 155436K(196288K)->6K(196288K) Eden: 155430K(174528K)->0K(174528K) From: 6K(21760K)->6K(21760K)
[2026-05-06T01:04:41.625+0100][21.905s][info][gc,heap        ] GC(320) Tenured: 203743K(435968K)->203743K(435968K)
[2026-05-06T01:04:41.625+0100][21.905s][info][gc,metaspace   ] GC(320) Metaspace: 19105K(19520K)->19105K(19520K) NonClass: 16875K(17088K)->16875K(17088K) Class: 2230K(2432K)->2230K(2432K)
[2026-05-06T01:04:41.625+0100][21.905s][info][gc             ] GC(320) Pause Young (Allocation Failure) 350M->198M(617M) 0.233ms
[2026-05-06T01:04:41.625+0100][21.905s][info][gc,cpu         ] GC(320) User=0.00s Sys=0.00s Real=0.00s
[2026-05-06T01:04:41.656+0100][21.936s][info][gc,start       ] GC(321) Pause Young (Allocation Failure)
[2026-05-06T01:04:41.656+0100][21.936s][info][gc,heap        ] GC(321) DefNew: 155436K(196288K)->6K(196288K) Eden: 155430K(174528K)->0K(174528K) From: 6K(21760K)->6K(21760K)
[2026-05-06T01:04:41.656+0100][21.936s][info][gc,heap        ] GC(321) Tenured: 203743K(435968K)->203743K(435968K)
[2026-05-06T01:04:41.656+0100][21.936s][info][gc,metaspace   ] GC(321) Metaspace: 19105K(19520K)->19105K(19520K) NonClass: 16875K(17088K)->16875K(17088K) Class: 2230K(2432K)->2230K(2432K)
[2026-05-06T01:04:41.656+0100][21.936s][info][gc             ] GC(321) Pause Young (Allocation Failure) 350M->198M(617M) 0.225ms
[2026-05-06T01:04:41.656+0100][21.936s][info][gc,cpu         ] GC(321) User=0.00s Sys=0.00s Real=0.00s
[2026-05-06T01:04:41.685+0100][21.965s][info][gc,start       ] GC(322) Pause Young (Allocation Failure)
[2026-05-06T01:04:41.685+0100][21.965s][info][gc,heap        ] GC(322) DefNew: 152325K(196288K)->1K(196288K) Eden: 152319K(174528K)->0K(174528K) From: 6K(21760K)->1K(21760K)
[2026-05-06T01:04:41.685+0100][21.965s][info][gc,heap        ] GC(322) Tenured: 203743K(435968K)->203743K(435968K)
[2026-05-06T01:04:41.685+0100][21.965s][info][gc,metaspace   ] GC(322) Metaspace: 19105K(19520K)->19105K(19520K) NonClass: 16875K(17088K)->16875K(17088K) Class: 2230K(2432K)->2230K(2432K)
[2026-05-06T01:04:41.685+0100][21.965s][info][gc             ] GC(322) Pause Young (Allocation Failure) 347M->198M(617M) 0.214ms
[2026-05-06T01:04:41.685+0100][21.965s][info][gc,cpu         ] GC(322) User=0.00s Sys=0.00s Real=0.00s
[2026-05-06T01:04:41.712+0100][21.991s][info][gc,start       ] GC(323) Pause Young (Allocation Failure)
[2026-05-06T01:04:41.712+0100][21.992s][info][gc,heap        ] GC(323) DefNew: 150792K(196288K)->1K(196288K) Eden: 150791K(174528K)->0K(174528K) From: 1K(21760K)->1K(21760K)
[2026-05-06T01:04:41.712+0100][21.992s][info][gc,heap        ] GC(323) Tenured: 203743K(435968K)->203743K(435968K)
[2026-05-06T01:04:41.712+0100][21.992s][info][gc,metaspace   ] GC(323) Metaspace: 19105K(19520K)->19105K(19520K) NonClass: 16875K(17088K)->16875K(17088K) Class: 2230K(2432K)->2230K(2432K)
[2026-05-06T01:04:41.712+0100][21.992s][info][gc             ] GC(323) Pause Young (Allocation Failure) 346M->198M(617M) 0.201ms
[2026-05-06T01:04:41.712+0100][21.992s][info][gc,cpu         ] GC(323) User=0.00s Sys=0.00s Real=0.00s
[2026-05-06T01:04:41.743+0100][22.023s][info][gc,start       ] GC(324) Pause Young (Allocation Failure)
[2026-05-06T01:04:41.743+0100][22.023s][info][gc,heap        ] GC(324) DefNew: 150820K(196288K)->1K(196288K) Eden: 150819K(174528K)->0K(174528K) From: 1K(21760K)->1K(21760K)
[2026-05-06T01:04:41.743+0100][22.023s][info][gc,heap        ] GC(324) Tenured: 203743K(435968K)->203743K(435968K)
[2026-05-06T01:04:41.743+0100][22.023s][info][gc,metaspace   ] GC(324) Metaspace: 19105K(19520K)->19105K(19520K) NonClass: 16875K(17088K)->16875K(17088K) Class: 2230K(2432K)->2230K(2432K)
[2026-05-06T01:04:41.743+0100][22.023s][info][gc             ] GC(324) Pause Young (Allocation Failure) 346M->198M(617M) 0.217ms
[2026-05-06T01:04:41.743+0100][22.023s][info][gc,cpu         ] GC(324) User=0.00s Sys=0.00s Real=0.00s
[2026-05-06T01:04:41.760+0100][22.040s][info][gc,start       ] GC(325) Pause Full (System.gc())
[2026-05-06T01:04:41.761+0100][22.040s][info][gc,phases,start] GC(325) Phase 1: Mark live objects
[2026-05-06T01:04:41.766+0100][22.046s][info][gc,phases      ] GC(325) Phase 1: Mark live objects 5.466ms
[2026-05-06T01:04:41.766+0100][22.046s][info][gc,phases,start] GC(325) Phase 2: Compute new object addresses
[2026-05-06T01:04:41.767+0100][22.047s][info][gc,phases      ] GC(325) Phase 2: Compute new object addresses 1.461ms
[2026-05-06T01:04:41.767+0100][22.047s][info][gc,phases,start] GC(325) Phase 3: Adjust pointers
[2026-05-06T01:04:41.772+0100][22.051s][info][gc,phases      ] GC(325) Phase 3: Adjust pointers 4.088ms
[2026-05-06T01:04:41.772+0100][22.051s][info][gc,phases,start] GC(325) Phase 4: Move objects
[2026-05-06T01:04:41.772+0100][22.051s][info][gc,phases      ] GC(325) Phase 4: Move objects 0.005ms
[2026-05-06T01:04:41.772+0100][22.051s][info][gc,heap        ] GC(325) DefNew: 150837K(196288K)->0K(196288K) Eden: 150836K(174528K)->0K(174528K) From: 1K(21760K)->0K(21760K)
[2026-05-06T01:04:41.772+0100][22.051s][info][gc,heap        ] GC(325) Tenured: 203743K(435968K)->203743K(435968K)
[2026-05-06T01:04:41.772+0100][22.051s][info][gc,metaspace   ] GC(325) Metaspace: 19105K(19520K)->19105K(19520K) NonClass: 16875K(17088K)->16875K(17088K) Class: 2230K(2432K)->2230K(2432K)
[2026-05-06T01:04:41.772+0100][22.051s][info][gc             ] GC(325) Pause Full (System.gc()) 346M->198M(617M) 11.162ms
[2026-05-06T01:04:41.772+0100][22.051s][info][gc,cpu         ] GC(325) User=0.01s Sys=0.00s Real=0.01s
[2026-05-06T01:04:41.809+0100][22.089s][info][gc,start       ] GC(326) Pause Young (Allocation Failure)
[2026-05-06T01:04:41.809+0100][22.089s][info][gc,heap        ] GC(326) DefNew: 150848K(196288K)->1K(196288K) Eden: 150848K(174528K)->0K(174528K) From: 0K(21760K)->1K(21760K)
[2026-05-06T01:04:41.809+0100][22.089s][info][gc,heap        ] GC(326) Tenured: 203743K(435968K)->203743K(435968K)
[2026-05-06T01:04:41.809+0100][22.089s][info][gc,metaspace   ] GC(326) Metaspace: 19105K(19520K)->19105K(19520K) NonClass: 16875K(17088K)->16875K(17088K) Class: 2230K(2432K)->2230K(2432K)
[2026-05-06T01:04:41.809+0100][22.089s][info][gc             ] GC(326) Pause Young (Allocation Failure) 346M->198M(617M) 0.191ms
[2026-05-06T01:04:41.809+0100][22.089s][info][gc,cpu         ] GC(326) User=0.00s Sys=0.00s Real=0.00s
[2026-05-06T01:04:41.837+0100][22.117s][info][gc,start       ] GC(327) Pause Young (Allocation Failure)
[2026-05-06T01:04:41.837+0100][22.117s][info][gc,heap        ] GC(327) DefNew: 150856K(196288K)->1K(196288K) Eden: 150855K(174528K)->0K(174528K) From: 1K(21760K)->1K(21760K)
[2026-05-06T01:04:41.837+0100][22.117s][info][gc,heap        ] GC(327) Tenured: 203743K(435968K)->203743K(435968K)
[2026-05-06T01:04:41.837+0100][22.117s][info][gc,metaspace   ] GC(327) Metaspace: 19105K(19520K)->19105K(19520K) NonClass: 16875K(17088K)->16875K(17088K) Class: 2230K(2432K)->2230K(2432K)
[2026-05-06T01:04:41.837+0100][22.117s][info][gc             ] GC(327) Pause Young (Allocation Failure) 346M->198M(617M) 0.215ms
[2026-05-06T01:04:41.837+0100][22.117s][info][gc,cpu         ] GC(327) User=0.00s Sys=0.00s Real=0.00s
[2026-05-06T01:04:41.866+0100][22.146s][info][gc,start       ] GC(328) Pause Young (Allocation Failure)
[2026-05-06T01:04:41.866+0100][22.146s][info][gc,heap        ] GC(328) DefNew: 150861K(196288K)->1K(196288K) Eden: 150860K(174528K)->0K(174528K) From: 1K(21760K)->1K(21760K)
[2026-05-06T01:04:41.866+0100][22.146s][info][gc,heap        ] GC(328) Tenured: 203743K(435968K)->203743K(435968K)
[2026-05-06T01:04:41.866+0100][22.146s][info][gc,metaspace   ] GC(328) Metaspace: 19105K(19520K)->19105K(19520K) NonClass: 16875K(17088K)->16875K(17088K) Class: 2230K(2432K)->2230K(2432K)
[2026-05-06T01:04:41.866+0100][22.146s][info][gc             ] GC(328) Pause Young (Allocation Failure) 346M->198M(617M) 0.207ms
[2026-05-06T01:04:41.866+0100][22.146s][info][gc,cpu         ] GC(328) User=0.00s Sys=0.00s Real=0.00s
[2026-05-06T01:04:41.895+0100][22.174s][info][gc,start       ] GC(329) Pause Young (Allocation Failure)
[2026-05-06T01:04:41.895+0100][22.175s][info][gc,heap        ] GC(329) DefNew: 150864K(196288K)->1K(196288K) Eden: 150863K(174528K)->0K(174528K) From: 1K(21760K)->1K(21760K)
[2026-05-06T01:04:41.895+0100][22.175s][info][gc,heap        ] GC(329) Tenured: 203743K(435968K)->203743K(435968K)
[2026-05-06T01:04:41.895+0100][22.175s][info][gc,metaspace   ] GC(329) Metaspace: 19105K(19520K)->19105K(19520K) NonClass: 16875K(17088K)->16875K(17088K) Class: 2230K(2432K)->2230K(2432K)
[2026-05-06T01:04:41.895+0100][22.175s][info][gc             ] GC(329) Pause Young (Allocation Failure) 346M->198M(617M) 0.229ms
[2026-05-06T01:04:41.895+0100][22.175s][info][gc,cpu         ] GC(329) User=0.00s Sys=0.00s Real=0.00s
[2026-05-06T01:04:41.924+0100][22.203s][info][gc,start       ] GC(330) Pause Young (Allocation Failure)
[2026-05-06T01:04:41.924+0100][22.204s][info][gc,heap        ] GC(330) DefNew: 150866K(196288K)->1K(196288K) Eden: 150865K(174528K)->0K(174528K) From: 1K(21760K)->1K(21760K)
[2026-05-06T01:04:41.924+0100][22.204s][info][gc,heap        ] GC(330) Tenured: 203743K(435968K)->203743K(435968K)
[2026-05-06T01:04:41.924+0100][22.204s][info][gc,metaspace   ] GC(330) Metaspace: 19105K(19520K)->19105K(19520K) NonClass: 16875K(17088K)->16875K(17088K) Class: 2230K(2432K)->2230K(2432K)
[2026-05-06T01:04:41.924+0100][22.204s][info][gc             ] GC(330) Pause Young (Allocation Failure) 346M->198M(617M) 0.198ms
[2026-05-06T01:04:41.924+0100][22.204s][info][gc,cpu         ] GC(330) User=0.00s Sys=0.00s Real=0.00s
[2026-05-06T01:04:41.955+0100][22.234s][info][gc,start       ] GC(331) Pause Young (Allocation Failure)
[2026-05-06T01:04:41.955+0100][22.235s][info][gc,heap        ] GC(331) DefNew: 150867K(196288K)->1K(196288K) Eden: 150866K(174528K)->0K(174528K) From: 1K(21760K)->1K(21760K)
[2026-05-06T01:04:41.955+0100][22.235s][info][gc,heap        ] GC(331) Tenured: 203743K(435968K)->203743K(435968K)
[2026-05-06T01:04:41.955+0100][22.235s][info][gc,metaspace   ] GC(331) Metaspace: 19105K(19520K)->19105K(19520K) NonClass: 16875K(17088K)->16875K(17088K) Class: 2230K(2432K)->2230K(2432K)
[2026-05-06T01:04:41.955+0100][22.235s][info][gc             ] GC(331) Pause Young (Allocation Failure) 346M->198M(617M) 0.209ms
[2026-05-06T01:04:41.955+0100][22.235s][info][gc,cpu         ] GC(331) User=0.00s Sys=0.00s Real=0.00s
[2026-05-06T01:04:41.987+0100][22.267s][info][gc,start       ] GC(332) Pause Young (Allocation Failure)
[2026-05-06T01:04:41.987+0100][22.267s][info][gc,heap        ] GC(332) DefNew: 150868K(196288K)->1K(196288K) Eden: 150867K(174528K)->0K(174528K) From: 1K(21760K)->1K(21760K)
[2026-05-06T01:04:41.987+0100][22.267s][info][gc,heap        ] GC(332) Tenured: 203743K(435968K)->203743K(435968K)
[2026-05-06T01:04:41.987+0100][22.267s][info][gc,metaspace   ] GC(332) Metaspace: 19105K(19520K)->19105K(19520K) NonClass: 16875K(17088K)->16875K(17088K) Class: 2230K(2432K)->2230K(2432K)
[2026-05-06T01:04:41.987+0100][22.267s][info][gc             ] GC(332) Pause Young (Allocation Failure) 346M->198M(617M) 0.216ms
[2026-05-06T01:04:41.987+0100][22.267s][info][gc,cpu         ] GC(332) User=0.00s Sys=0.00s Real=0.00s
[2026-05-06T01:04:42.017+0100][22.296s][info][gc,start       ] GC(333) Pause Young (Allocation Failure)
[2026-05-06T01:04:42.017+0100][22.297s][info][gc,heap        ] GC(333) DefNew: 150868K(196288K)->1K(196288K) Eden: 150867K(174528K)->0K(174528K) From: 1K(21760K)->1K(21760K)
[2026-05-06T01:04:42.017+0100][22.297s][info][gc,heap        ] GC(333) Tenured: 203743K(435968K)->203743K(435968K)
[2026-05-06T01:04:42.017+0100][22.297s][info][gc,metaspace   ] GC(333) Metaspace: 19105K(19520K)->19105K(19520K) NonClass: 16875K(17088K)->16875K(17088K) Class: 2230K(2432K)->2230K(2432K)
[2026-05-06T01:04:42.017+0100][22.297s][info][gc             ] GC(333) Pause Young (Allocation Failure) 346M->198M(617M) 0.216ms
[2026-05-06T01:04:42.017+0100][22.297s][info][gc,cpu         ] GC(333) User=0.00s Sys=0.00s Real=0.00s
[2026-05-06T01:04:42.047+0100][22.327s][info][gc,start       ] GC(334) Pause Young (Allocation Failure)
[2026-05-06T01:04:42.047+0100][22.327s][info][gc,heap        ] GC(334) DefNew: 150869K(196288K)->1K(196288K) Eden: 150867K(174528K)->0K(174528K) From: 1K(21760K)->1K(21760K)
[2026-05-06T01:04:42.047+0100][22.327s][info][gc,heap        ] GC(334) Tenured: 203743K(435968K)->203743K(435968K)
[2026-05-06T01:04:42.047+0100][22.327s][info][gc,metaspace   ] GC(334) Metaspace: 19105K(19520K)->19105K(19520K) NonClass: 16875K(17088K)->16875K(17088K) Class: 2230K(2432K)->2230K(2432K)
[2026-05-06T01:04:42.047+0100][22.327s][info][gc             ] GC(334) Pause Young (Allocation Failure) 346M->198M(617M) 0.207ms
[2026-05-06T01:04:42.047+0100][22.327s][info][gc,cpu         ] GC(334) User=0.00s Sys=0.00s Real=0.00s
[2026-05-06T01:04:42.076+0100][22.356s][info][gc,start       ] GC(335) Pause Young (Allocation Failure)
[2026-05-06T01:04:42.076+0100][22.356s][info][gc,heap        ] GC(335) DefNew: 174529K(196288K)->15K(196288K) Eden: 174528K(174528K)->0K(174528K) From: 1K(21760K)->15K(21760K)
[2026-05-06T01:04:42.076+0100][22.356s][info][gc,heap        ] GC(335) Tenured: 203743K(435968K)->203743K(435968K)
[2026-05-06T01:04:42.076+0100][22.356s][info][gc,metaspace   ] GC(335) Metaspace: 19106K(19520K)->19106K(19520K) NonClass: 16875K(17088K)->16875K(17088K) Class: 2230K(2432K)->2230K(2432K)
[2026-05-06T01:04:42.076+0100][22.356s][info][gc             ] GC(335) Pause Young (Allocation Failure) 369M->198M(617M) 0.291ms
[2026-05-06T01:04:42.076+0100][22.356s][info][gc,cpu         ] GC(335) User=0.00s Sys=0.00s Real=0.00s
[2026-05-06T01:04:42.083+0100][22.363s][info][gc,start       ] GC(336) Pause Young (Allocation Failure)
[2026-05-06T01:04:42.083+0100][22.363s][info][gc,heap        ] GC(336) DefNew: 29449K(196288K)->8K(196288K) Eden: 29433K(174528K)->0K(174528K) From: 15K(21760K)->8K(21760K)
[2026-05-06T01:04:42.083+0100][22.363s][info][gc,heap        ] GC(336) Tenured: 203743K(435968K)->203743K(435968K)
[2026-05-06T01:04:42.083+0100][22.363s][info][gc,metaspace   ] GC(336) Metaspace: 19106K(19520K)->19106K(19520K) NonClass: 16875K(17088K)->16875K(17088K) Class: 2230K(2432K)->2230K(2432K)
[2026-05-06T01:04:42.083+0100][22.363s][info][gc             ] GC(336) Pause Young (Allocation Failure) 227M->198M(617M) 0.266ms
[2026-05-06T01:04:42.083+0100][22.363s][info][gc,cpu         ] GC(336) User=0.00s Sys=0.00s Real=0.00s
[2026-05-06T01:04:42.104+0100][22.384s][info][gc,start       ] GC(337) Pause Young (Allocation Failure)
[2026-05-06T01:04:42.104+0100][22.384s][info][gc,heap        ] GC(337) DefNew: 174536K(196288K)->5K(196288K) Eden: 174528K(174528K)->0K(174528K) From: 8K(21760K)->5K(21760K)
[2026-05-06T01:04:42.104+0100][22.384s][info][gc,heap        ] GC(337) Tenured: 203743K(435968K)->203743K(435968K)
[2026-05-06T01:04:42.104+0100][22.384s][info][gc,metaspace   ] GC(337) Metaspace: 19106K(19520K)->19106K(19520K) NonClass: 16875K(17088K)->16875K(17088K) Class: 2230K(2432K)->2230K(2432K)
[2026-05-06T01:04:42.104+0100][22.384s][info][gc             ] GC(337) Pause Young (Allocation Failure) 369M->198M(617M) 0.276ms
[2026-05-06T01:04:42.104+0100][22.384s][info][gc,cpu         ] GC(337) User=0.00s Sys=0.00s Real=0.00s
[2026-05-06T01:04:42.149+0100][22.429s][info][gc,start       ] GC(338) Pause Young (Allocation Failure)
[2026-05-06T01:04:42.150+0100][22.429s][info][gc,heap        ] GC(338) DefNew: 161682K(196288K)->8K(196288K) Eden: 161676K(174528K)->0K(174528K) From: 5K(21760K)->8K(21760K)
[2026-05-06T01:04:42.150+0100][22.429s][info][gc,heap        ] GC(338) Tenured: 203743K(435968K)->203743K(435968K)
[2026-05-06T01:04:42.150+0100][22.429s][info][gc,metaspace   ] GC(338) Metaspace: 19106K(19520K)->19106K(19520K) NonClass: 16875K(17088K)->16875K(17088K) Class: 2230K(2432K)->2230K(2432K)
[2026-05-06T01:04:42.150+0100][22.429s][info][gc             ] GC(338) Pause Young (Allocation Failure) 356M->198M(617M) 0.323ms
[2026-05-06T01:04:42.150+0100][22.429s][info][gc,cpu         ] GC(338) User=0.00s Sys=0.00s Real=0.01s
[2026-05-06T01:04:42.175+0100][22.455s][info][gc,start       ] GC(339) Pause Full (System.gc())
[2026-05-06T01:04:42.175+0100][22.455s][info][gc,phases,start] GC(339) Phase 1: Mark live objects
[2026-05-06T01:04:42.182+0100][22.462s][info][gc,phases      ] GC(339) Phase 1: Mark live objects 6.601ms
[2026-05-06T01:04:42.182+0100][22.462s][info][gc,phases,start] GC(339) Phase 2: Compute new object addresses
[2026-05-06T01:04:42.184+0100][22.463s][info][gc,phases      ] GC(339) Phase 2: Compute new object addresses 1.613ms
[2026-05-06T01:04:42.184+0100][22.463s][info][gc,phases,start] GC(339) Phase 3: Adjust pointers
[2026-05-06T01:04:42.188+0100][22.468s][info][gc,phases      ] GC(339) Phase 3: Adjust pointers 4.551ms
[2026-05-06T01:04:42.188+0100][22.468s][info][gc,phases,start] GC(339) Phase 4: Move objects
[2026-05-06T01:04:42.188+0100][22.468s][info][gc,phases      ] GC(339) Phase 4: Move objects 0.009ms
[2026-05-06T01:04:42.188+0100][22.468s][info][gc,heap        ] GC(339) DefNew: 153365K(196288K)->0K(196288K) Eden: 153357K(174528K)->0K(174528K) From: 8K(21760K)->0K(21760K)
[2026-05-06T01:04:42.188+0100][22.468s][info][gc,heap        ] GC(339) Tenured: 203743K(435968K)->203751K(435968K)
[2026-05-06T01:04:42.188+0100][22.468s][info][gc,metaspace   ] GC(339) Metaspace: 19106K(19520K)->19106K(19520K) NonClass: 16875K(17088K)->16875K(17088K) Class: 2230K(2432K)->2230K(2432K)
[2026-05-06T01:04:42.188+0100][22.468s][info][gc             ] GC(339) Pause Full (System.gc()) 348M->198M(617M) 12.972ms
[2026-05-06T01:04:42.188+0100][22.468s][info][gc,cpu         ] GC(339) User=0.02s Sys=0.00s Real=0.01s
[2026-05-06T01:04:42.238+0100][22.517s][info][gc,start       ] GC(340) Pause Young (Allocation Failure)
[2026-05-06T01:04:42.238+0100][22.518s][info][gc,heap        ] GC(340) DefNew: 159844K(196288K)->8K(196288K) Eden: 159844K(174528K)->0K(174528K) From: 0K(21760K)->8K(21760K)
[2026-05-06T01:04:42.238+0100][22.518s][info][gc,heap        ] GC(340) Tenured: 203751K(435968K)->203751K(435968K)
[2026-05-06T01:04:42.238+0100][22.518s][info][gc,metaspace   ] GC(340) Metaspace: 19106K(19520K)->19106K(19520K) NonClass: 16875K(17088K)->16875K(17088K) Class: 2230K(2432K)->2230K(2432K)
[2026-05-06T01:04:42.238+0100][22.518s][info][gc             ] GC(340) Pause Young (Allocation Failure) 355M->198M(617M) 0.301ms
[2026-05-06T01:04:42.238+0100][22.518s][info][gc,cpu         ] GC(340) User=0.00s Sys=0.00s Real=0.00s
[2026-05-06T01:04:42.268+0100][22.548s][info][gc,start       ] GC(341) Pause Young (Allocation Failure)
[2026-05-06T01:04:42.269+0100][22.548s][info][gc,heap        ] GC(341) DefNew: 156460K(196288K)->8K(196288K) Eden: 156452K(174528K)->0K(174528K) From: 8K(21760K)->8K(21760K)
[2026-05-06T01:04:42.269+0100][22.548s][info][gc,heap        ] GC(341) Tenured: 203751K(435968K)->203751K(435968K)
[2026-05-06T01:04:42.269+0100][22.548s][info][gc,metaspace   ] GC(341) Metaspace: 19106K(19520K)->19106K(19520K) NonClass: 16875K(17088K)->16875K(17088K) Class: 2230K(2432K)->2230K(2432K)
[2026-05-06T01:04:42.269+0100][22.548s][info][gc             ] GC(341) Pause Young (Allocation Failure) 351M->198M(617M) 0.260ms
[2026-05-06T01:04:42.269+0100][22.548s][info][gc,cpu         ] GC(341) User=0.00s Sys=0.00s Real=0.00s
[2026-05-06T01:04:42.298+0100][22.578s][info][gc,start       ] GC(342) Pause Young (Allocation Failure)
[2026-05-06T01:04:42.298+0100][22.578s][info][gc,heap        ] GC(342) DefNew: 156134K(196288K)->8K(196288K) Eden: 156126K(174528K)->0K(174528K) From: 8K(21760K)->8K(21760K)
[2026-05-06T01:04:42.298+0100][22.578s][info][gc,heap        ] GC(342) Tenured: 203751K(435968K)->203751K(435968K)
[2026-05-06T01:04:42.298+0100][22.578s][info][gc,metaspace   ] GC(342) Metaspace: 19106K(19520K)->19106K(19520K) NonClass: 16875K(17088K)->16875K(17088K) Class: 2230K(2432K)->2230K(2432K)
[2026-05-06T01:04:42.298+0100][22.578s][info][gc             ] GC(342) Pause Young (Allocation Failure) 351M->198M(617M) 0.240ms
[2026-05-06T01:04:42.298+0100][22.578s][info][gc,cpu         ] GC(342) User=0.00s Sys=0.00s Real=0.00s
[2026-05-06T01:04:42.327+0100][22.606s][info][gc,start       ] GC(343) Pause Young (Allocation Failure)
[2026-05-06T01:04:42.327+0100][22.606s][info][gc,heap        ] GC(343) DefNew: 155976K(196288K)->8K(196288K) Eden: 155968K(174528K)->0K(174528K) From: 8K(21760K)->8K(21760K)
[2026-05-06T01:04:42.327+0100][22.606s][info][gc,heap        ] GC(343) Tenured: 203751K(435968K)->203751K(435968K)
[2026-05-06T01:04:42.327+0100][22.606s][info][gc,metaspace   ] GC(343) Metaspace: 19106K(19520K)->19106K(19520K) NonClass: 16875K(17088K)->16875K(17088K) Class: 2230K(2432K)->2230K(2432K)
[2026-05-06T01:04:42.327+0100][22.606s][info][gc             ] GC(343) Pause Young (Allocation Failure) 351M->198M(617M) 0.189ms
[2026-05-06T01:04:42.327+0100][22.606s][info][gc,cpu         ] GC(343) User=0.00s Sys=0.00s Real=0.00s
[2026-05-06T01:04:42.353+0100][22.633s][info][gc,start       ] GC(344) Pause Young (Allocation Failure)
[2026-05-06T01:04:42.353+0100][22.633s][info][gc,heap        ] GC(344) DefNew: 155698K(196288K)->8K(196288K) Eden: 155690K(174528K)->0K(174528K) From: 8K(21760K)->8K(21760K)
[2026-05-06T01:04:42.353+0100][22.633s][info][gc,heap        ] GC(344) Tenured: 203751K(435968K)->203751K(435968K)
[2026-05-06T01:04:42.353+0100][22.633s][info][gc,metaspace   ] GC(344) Metaspace: 19106K(19520K)->19106K(19520K) NonClass: 16875K(17088K)->16875K(17088K) Class: 2230K(2432K)->2230K(2432K)
[2026-05-06T01:04:42.353+0100][22.633s][info][gc             ] GC(344) Pause Young (Allocation Failure) 351M->198M(617M) 0.180ms
[2026-05-06T01:04:42.353+0100][22.633s][info][gc,cpu         ] GC(344) User=0.00s Sys=0.00s Real=0.00s
[2026-05-06T01:04:42.380+0100][22.659s][info][gc,start       ] GC(345) Pause Young (Allocation Failure)
[2026-05-06T01:04:42.380+0100][22.659s][info][gc,heap        ] GC(345) DefNew: 155562K(196288K)->8K(196288K) Eden: 155554K(174528K)->0K(174528K) From: 8K(21760K)->8K(21760K)
[2026-05-06T01:04:42.380+0100][22.659s][info][gc,heap        ] GC(345) Tenured: 203751K(435968K)->203751K(435968K)
[2026-05-06T01:04:42.380+0100][22.659s][info][gc,metaspace   ] GC(345) Metaspace: 19106K(19520K)->19106K(19520K) NonClass: 16875K(17088K)->16875K(17088K) Class: 2230K(2432K)->2230K(2432K)
[2026-05-06T01:04:42.380+0100][22.659s][info][gc             ] GC(345) Pause Young (Allocation Failure) 350M->198M(617M) 0.171ms
[2026-05-06T01:04:42.380+0100][22.659s][info][gc,cpu         ] GC(345) User=0.00s Sys=0.00s Real=0.00s
[2026-05-06T01:04:42.407+0100][22.687s][info][gc,start       ] GC(346) Pause Young (Allocation Failure)
[2026-05-06T01:04:42.407+0100][22.687s][info][gc,heap        ] GC(346) DefNew: 155570K(196288K)->8K(196288K) Eden: 155562K(174528K)->0K(174528K) From: 8K(21760K)->8K(21760K)
[2026-05-06T01:04:42.407+0100][22.687s][info][gc,heap        ] GC(346) Tenured: 203751K(435968K)->203751K(435968K)
[2026-05-06T01:04:42.407+0100][22.687s][info][gc,metaspace   ] GC(346) Metaspace: 19106K(19520K)->19106K(19520K) NonClass: 16875K(17088K)->16875K(17088K) Class: 2230K(2432K)->2230K(2432K)
[2026-05-06T01:04:42.407+0100][22.687s][info][gc             ] GC(346) Pause Young (Allocation Failure) 350M->198M(617M) 0.156ms
[2026-05-06T01:04:42.407+0100][22.687s][info][gc,cpu         ] GC(346) User=0.00s Sys=0.00s Real=0.00s
[2026-05-06T01:04:42.433+0100][22.713s][info][gc,start       ] GC(347) Pause Young (Allocation Failure)
[2026-05-06T01:04:42.433+0100][22.713s][info][gc,heap        ] GC(347) DefNew: 155575K(196288K)->8K(196288K) Eden: 155567K(174528K)->0K(174528K) From: 8K(21760K)->8K(21760K)
[2026-05-06T01:04:42.433+0100][22.713s][info][gc,heap        ] GC(347) Tenured: 203751K(435968K)->203751K(435968K)
[2026-05-06T01:04:42.433+0100][22.713s][info][gc,metaspace   ] GC(347) Metaspace: 19106K(19520K)->19106K(19520K) NonClass: 16875K(17088K)->16875K(17088K) Class: 2230K(2432K)->2230K(2432K)
[2026-05-06T01:04:42.433+0100][22.713s][info][gc             ] GC(347) Pause Young (Allocation Failure) 350M->198M(617M) 0.154ms
[2026-05-06T01:04:42.433+0100][22.713s][info][gc,cpu         ] GC(347) User=0.00s Sys=0.00s Real=0.00s
[2026-05-06T01:04:42.461+0100][22.741s][info][gc,start       ] GC(348) Pause Young (Allocation Failure)
[2026-05-06T01:04:42.461+0100][22.741s][info][gc,heap        ] GC(348) DefNew: 155578K(196288K)->8K(196288K) Eden: 155570K(174528K)->0K(174528K) From: 8K(21760K)->8K(21760K)
[2026-05-06T01:04:42.461+0100][22.741s][info][gc,heap        ] GC(348) Tenured: 203751K(435968K)->203751K(435968K)
[2026-05-06T01:04:42.461+0100][22.741s][info][gc,metaspace   ] GC(348) Metaspace: 19106K(19520K)->19106K(19520K) NonClass: 16875K(17088K)->16875K(17088K) Class: 2230K(2432K)->2230K(2432K)
[2026-05-06T01:04:42.461+0100][22.741s][info][gc             ] GC(348) Pause Young (Allocation Failure) 350M->198M(617M) 0.163ms
[2026-05-06T01:04:42.461+0100][22.741s][info][gc,cpu         ] GC(348) User=0.00s Sys=0.00s Real=0.00s
[2026-05-06T01:04:42.489+0100][22.769s][info][gc,start       ] GC(349) Pause Young (Allocation Failure)
[2026-05-06T01:04:42.489+0100][22.769s][info][gc,heap        ] GC(349) DefNew: 155580K(196288K)->8K(196288K) Eden: 155572K(174528K)->0K(174528K) From: 8K(21760K)->8K(21760K)
[2026-05-06T01:04:42.489+0100][22.769s][info][gc,heap        ] GC(349) Tenured: 203751K(435968K)->203751K(435968K)
[2026-05-06T01:04:42.489+0100][22.769s][info][gc,metaspace   ] GC(349) Metaspace: 19106K(19520K)->19106K(19520K) NonClass: 16875K(17088K)->16875K(17088K) Class: 2230K(2432K)->2230K(2432K)
[2026-05-06T01:04:42.489+0100][22.769s][info][gc             ] GC(349) Pause Young (Allocation Failure) 350M->198M(617M) 0.224ms
[2026-05-06T01:04:42.489+0100][22.769s][info][gc,cpu         ] GC(349) User=0.00s Sys=0.00s Real=0.00s
[2026-05-06T01:04:42.517+0100][22.796s][info][gc,start       ] GC(350) Pause Young (Allocation Failure)
[2026-05-06T01:04:42.517+0100][22.797s][info][gc,heap        ] GC(350) DefNew: 155581K(196288K)->8K(196288K) Eden: 155573K(174528K)->0K(174528K) From: 8K(21760K)->8K(21760K)
[2026-05-06T01:04:42.517+0100][22.797s][info][gc,heap        ] GC(350) Tenured: 203751K(435968K)->203751K(435968K)
[2026-05-06T01:04:42.517+0100][22.797s][info][gc,metaspace   ] GC(350) Metaspace: 19106K(19520K)->19106K(19520K) NonClass: 16875K(17088K)->16875K(17088K) Class: 2230K(2432K)->2230K(2432K)
[2026-05-06T01:04:42.517+0100][22.797s][info][gc             ] GC(350) Pause Young (Allocation Failure) 350M->198M(617M) 0.220ms
[2026-05-06T01:04:42.517+0100][22.797s][info][gc,cpu         ] GC(350) User=0.00s Sys=0.00s Real=0.00s
[2026-05-06T01:04:42.545+0100][22.824s][info][gc,start       ] GC(351) Pause Young (Allocation Failure)
[2026-05-06T01:04:42.545+0100][22.824s][info][gc,heap        ] GC(351) DefNew: 155582K(196288K)->8K(196288K) Eden: 155574K(174528K)->0K(174528K) From: 8K(21760K)->8K(21760K)
[2026-05-06T01:04:42.545+0100][22.824s][info][gc,heap        ] GC(351) Tenured: 203751K(435968K)->203751K(435968K)
[2026-05-06T01:04:42.545+0100][22.824s][info][gc,metaspace   ] GC(351) Metaspace: 19106K(19520K)->19106K(19520K) NonClass: 16875K(17088K)->16875K(17088K) Class: 2230K(2432K)->2230K(2432K)
[2026-05-06T01:04:42.545+0100][22.825s][info][gc             ] GC(351) Pause Young (Allocation Failure) 350M->198M(617M) 0.169ms
[2026-05-06T01:04:42.545+0100][22.825s][info][gc,cpu         ] GC(351) User=0.00s Sys=0.00s Real=0.00s
[2026-05-06T01:04:42.564+0100][22.844s][info][gc,start       ] GC(352) Pause Full (System.gc())
[2026-05-06T01:04:42.564+0100][22.844s][info][gc,phases,start] GC(352) Phase 1: Mark live objects
[2026-05-06T01:04:42.570+0100][22.849s][info][gc,phases      ] GC(352) Phase 1: Mark live objects 5.661ms
[2026-05-06T01:04:42.570+0100][22.849s][info][gc,phases,start] GC(352) Phase 2: Compute new object addresses
[2026-05-06T01:04:42.571+0100][22.851s][info][gc,phases      ] GC(352) Phase 2: Compute new object addresses 1.457ms
[2026-05-06T01:04:42.571+0100][22.851s][info][gc,phases,start] GC(352) Phase 3: Adjust pointers
[2026-05-06T01:04:42.576+0100][22.856s][info][gc,phases      ] GC(352) Phase 3: Adjust pointers 4.784ms
[2026-05-06T01:04:42.576+0100][22.856s][info][gc,phases,start] GC(352) Phase 4: Move objects
[2026-05-06T01:04:42.576+0100][22.856s][info][gc,phases      ] GC(352) Phase 4: Move objects 0.008ms
[2026-05-06T01:04:42.576+0100][22.856s][info][gc,heap        ] GC(352) DefNew: 152372K(196288K)->0K(196352K) Eden: 152364K(174528K)->0K(174592K) From: 8K(21760K)->0K(21760K)
[2026-05-06T01:04:42.576+0100][22.856s][info][gc,heap        ] GC(352) Tenured: 203751K(435968K)->203741K(435968K)
[2026-05-06T01:04:42.576+0100][22.856s][info][gc,metaspace   ] GC(352) Metaspace: 19106K(19520K)->19106K(19520K) NonClass: 16875K(17088K)->16875K(17088K) Class: 2230K(2432K)->2230K(2432K)
[2026-05-06T01:04:42.576+0100][22.856s][info][gc             ] GC(352) Pause Full (System.gc()) 347M->198M(617M) 12.081ms
[2026-05-06T01:04:42.576+0100][22.856s][info][gc,cpu         ] GC(352) User=0.01s Sys=0.00s Real=0.01s
[2026-05-06T01:04:42.642+0100][22.921s][info][gc,start       ] GC(353) Pause Young (Allocation Failure)
[2026-05-06T01:04:42.642+0100][22.922s][info][gc,heap        ] GC(353) DefNew: 158160K(196352K)->8K(196352K) Eden: 158160K(174592K)->0K(174592K) From: 0K(21760K)->8K(21760K)
[2026-05-06T01:04:42.642+0100][22.922s][info][gc,heap        ] GC(353) Tenured: 203741K(435968K)->203741K(435968K)
[2026-05-06T01:04:42.642+0100][22.922s][info][gc,metaspace   ] GC(353) Metaspace: 19106K(19520K)->19106K(19520K) NonClass: 16875K(17088K)->16875K(17088K) Class: 2230K(2432K)->2230K(2432K)
[2026-05-06T01:04:42.642+0100][22.922s][info][gc             ] GC(353) Pause Young (Allocation Failure) 353M->198M(617M) 0.635ms
[2026-05-06T01:04:42.642+0100][22.922s][info][gc,cpu         ] GC(353) User=0.00s Sys=0.00s Real=0.00s
[2026-05-06T01:04:42.693+0100][22.973s][info][gc,start       ] GC(354) Pause Young (Allocation Failure)
[2026-05-06T01:04:42.693+0100][22.973s][info][gc,heap        ] GC(354) DefNew: 155583K(196352K)->8K(196352K) Eden: 155575K(174592K)->0K(174592K) From: 8K(21760K)->8K(21760K)
[2026-05-06T01:04:42.693+0100][22.973s][info][gc,heap        ] GC(354) Tenured: 203741K(435968K)->203741K(435968K)
[2026-05-06T01:04:42.693+0100][22.973s][info][gc,metaspace   ] GC(354) Metaspace: 19106K(19520K)->19106K(19520K) NonClass: 16875K(17088K)->16875K(17088K) Class: 2230K(2432K)->2230K(2432K)
[2026-05-06T01:04:42.693+0100][22.973s][info][gc             ] GC(354) Pause Young (Allocation Failure) 350M->198M(617M) 0.270ms
[2026-05-06T01:04:42.694+0100][22.973s][info][gc,cpu         ] GC(354) User=0.00s Sys=0.00s Real=0.00s
[2026-05-06T01:04:42.744+0100][23.023s][info][gc,start       ] GC(355) Pause Young (Allocation Failure)
[2026-05-06T01:04:42.744+0100][23.024s][info][gc,heap        ] GC(355) DefNew: 155584K(196352K)->8K(196352K) Eden: 155576K(174592K)->0K(174592K) From: 8K(21760K)->8K(21760K)
[2026-05-06T01:04:42.744+0100][23.024s][info][gc,heap        ] GC(355) Tenured: 203741K(435968K)->203741K(435968K)
[2026-05-06T01:04:42.744+0100][23.024s][info][gc,metaspace   ] GC(355) Metaspace: 19106K(19520K)->19106K(19520K) NonClass: 16875K(17088K)->16875K(17088K) Class: 2230K(2432K)->2230K(2432K)
[2026-05-06T01:04:42.744+0100][23.024s][info][gc             ] GC(355) Pause Young (Allocation Failure) 350M->198M(617M) 0.320ms
[2026-05-06T01:04:42.744+0100][23.024s][info][gc,cpu         ] GC(355) User=0.00s Sys=0.00s Real=0.00s
[2026-05-06T01:04:42.794+0100][23.073s][info][gc,start       ] GC(356) Pause Young (Allocation Failure)
[2026-05-06T01:04:42.794+0100][23.074s][info][gc,heap        ] GC(356) DefNew: 155585K(196352K)->8K(196352K) Eden: 155577K(174592K)->0K(174592K) From: 8K(21760K)->8K(21760K)
[2026-05-06T01:04:42.794+0100][23.074s][info][gc,heap        ] GC(356) Tenured: 203741K(435968K)->203741K(435968K)
[2026-05-06T01:04:42.794+0100][23.074s][info][gc,metaspace   ] GC(356) Metaspace: 19106K(19520K)->19106K(19520K) NonClass: 16875K(17088K)->16875K(17088K) Class: 2230K(2432K)->2230K(2432K)
[2026-05-06T01:04:42.794+0100][23.074s][info][gc             ] GC(356) Pause Young (Allocation Failure) 350M->198M(617M) 0.300ms
[2026-05-06T01:04:42.794+0100][23.074s][info][gc,cpu         ] GC(356) User=0.00s Sys=0.00s Real=0.00s
[2026-05-06T01:04:42.833+0100][23.113s][info][gc,start       ] GC(357) Pause Young (Allocation Failure)
[2026-05-06T01:04:42.833+0100][23.113s][info][gc,heap        ] GC(357) DefNew: 155585K(196352K)->8K(196352K) Eden: 155577K(174592K)->0K(174592K) From: 8K(21760K)->8K(21760K)
[2026-05-06T01:04:42.833+0100][23.113s][info][gc,heap        ] GC(357) Tenured: 203741K(435968K)->203741K(435968K)
[2026-05-06T01:04:42.833+0100][23.113s][info][gc,metaspace   ] GC(357) Metaspace: 19106K(19520K)->19106K(19520K) NonClass: 16875K(17088K)->16875K(17088K) Class: 2230K(2432K)->2230K(2432K)
[2026-05-06T01:04:42.833+0100][23.113s][info][gc             ] GC(357) Pause Young (Allocation Failure) 350M->198M(617M) 0.267ms
[2026-05-06T01:04:42.833+0100][23.113s][info][gc,cpu         ] GC(357) User=0.00s Sys=0.00s Real=0.00s
[2026-05-06T01:04:42.872+0100][23.152s][info][gc,start       ] GC(358) Pause Young (Allocation Failure)
[2026-05-06T01:04:42.872+0100][23.152s][info][gc,heap        ] GC(358) DefNew: 155586K(196352K)->8K(196352K) Eden: 155578K(174592K)->0K(174592K) From: 8K(21760K)->8K(21760K)
[2026-05-06T01:04:42.872+0100][23.152s][info][gc,heap        ] GC(358) Tenured: 203741K(435968K)->203741K(435968K)
[2026-05-06T01:04:42.872+0100][23.152s][info][gc,metaspace   ] GC(358) Metaspace: 19106K(19520K)->19106K(19520K) NonClass: 16875K(17088K)->16875K(17088K) Class: 2230K(2432K)->2230K(2432K)
[2026-05-06T01:04:42.872+0100][23.152s][info][gc             ] GC(358) Pause Young (Allocation Failure) 350M->198M(617M) 0.257ms
[2026-05-06T01:04:42.872+0100][23.152s][info][gc,cpu         ] GC(358) User=0.00s Sys=0.00s Real=0.00s
[2026-05-06T01:04:42.904+0100][23.184s][info][gc,start       ] GC(359) Pause Young (Allocation Failure)
[2026-05-06T01:04:42.904+0100][23.184s][info][gc,heap        ] GC(359) DefNew: 155586K(196352K)->8K(196352K) Eden: 155578K(174592K)->0K(174592K) From: 8K(21760K)->8K(21760K)
[2026-05-06T01:04:42.904+0100][23.184s][info][gc,heap        ] GC(359) Tenured: 203741K(435968K)->203741K(435968K)
[2026-05-06T01:04:42.904+0100][23.184s][info][gc,metaspace   ] GC(359) Metaspace: 19106K(19520K)->19106K(19520K) NonClass: 16875K(17088K)->16875K(17088K) Class: 2230K(2432K)->2230K(2432K)
[2026-05-06T01:04:42.904+0100][23.184s][info][gc             ] GC(359) Pause Young (Allocation Failure) 350M->198M(617M) 0.241ms
[2026-05-06T01:04:42.904+0100][23.184s][info][gc,cpu         ] GC(359) User=0.00s Sys=0.00s Real=0.00s
[2026-05-06T01:04:42.937+0100][23.217s][info][gc,start       ] GC(360) Pause Young (Allocation Failure)
[2026-05-06T01:04:42.937+0100][23.217s][info][gc,heap        ] GC(360) DefNew: 155586K(196352K)->8K(196352K) Eden: 155578K(174592K)->0K(174592K) From: 8K(21760K)->8K(21760K)
[2026-05-06T01:04:42.937+0100][23.217s][info][gc,heap        ] GC(360) Tenured: 203741K(435968K)->203741K(435968K)
[2026-05-06T01:04:42.937+0100][23.217s][info][gc,metaspace   ] GC(360) Metaspace: 19106K(19520K)->19106K(19520K) NonClass: 16875K(17088K)->16875K(17088K) Class: 2230K(2432K)->2230K(2432K)
[2026-05-06T01:04:42.937+0100][23.217s][info][gc             ] GC(360) Pause Young (Allocation Failure) 350M->198M(617M) 0.259ms
[2026-05-06T01:04:42.937+0100][23.217s][info][gc,cpu         ] GC(360) User=0.00s Sys=0.00s Real=0.00s
[2026-05-06T01:04:42.977+0100][23.257s][info][gc,start       ] GC(361) Pause Young (Allocation Failure)
[2026-05-06T01:04:42.977+0100][23.257s][info][gc,heap        ] GC(361) DefNew: 155586K(196352K)->8K(196352K) Eden: 155578K(174592K)->0K(174592K) From: 8K(21760K)->8K(21760K)
[2026-05-06T01:04:42.977+0100][23.257s][info][gc,heap        ] GC(361) Tenured: 203741K(435968K)->203741K(435968K)
[2026-05-06T01:04:42.977+0100][23.257s][info][gc,metaspace   ] GC(361) Metaspace: 19106K(19520K)->19106K(19520K) NonClass: 16875K(17088K)->16875K(17088K) Class: 2230K(2432K)->2230K(2432K)
[2026-05-06T01:04:42.977+0100][23.257s][info][gc             ] GC(361) Pause Young (Allocation Failure) 350M->198M(617M) 0.356ms
[2026-05-06T01:04:42.977+0100][23.257s][info][gc,cpu         ] GC(361) User=0.00s Sys=0.00s Real=0.00s
[2026-05-06T01:04:43.010+0100][23.289s][info][gc,start       ] GC(362) Pause Young (Allocation Failure)
[2026-05-06T01:04:43.010+0100][23.290s][info][gc,heap        ] GC(362) DefNew: 152374K(196352K)->1K(196352K) Eden: 152366K(174592K)->0K(174592K) From: 8K(21760K)->1K(21760K)
[2026-05-06T01:04:43.010+0100][23.290s][info][gc,heap        ] GC(362) Tenured: 203741K(435968K)->203741K(435968K)
[2026-05-06T01:04:43.010+0100][23.290s][info][gc,metaspace   ] GC(362) Metaspace: 19106K(19520K)->19106K(19520K) NonClass: 16875K(17088K)->16875K(17088K) Class: 2230K(2432K)->2230K(2432K)
[2026-05-06T01:04:43.010+0100][23.290s][info][gc             ] GC(362) Pause Young (Allocation Failure) 347M->198M(617M) 0.228ms
[2026-05-06T01:04:43.010+0100][23.290s][info][gc,cpu         ] GC(362) User=0.00s Sys=0.00s Real=0.00s
[2026-05-06T01:04:43.045+0100][23.325s][info][gc,start       ] GC(363) Pause Young (Allocation Failure)
[2026-05-06T01:04:43.045+0100][23.325s][info][gc,heap        ] GC(363) DefNew: 150791K(196352K)->1K(196352K) Eden: 150790K(174592K)->0K(174592K) From: 1K(21760K)->1K(21760K)
[2026-05-06T01:04:43.045+0100][23.325s][info][gc,heap        ] GC(363) Tenured: 203741K(435968K)->203741K(435968K)
[2026-05-06T01:04:43.045+0100][23.325s][info][gc,metaspace   ] GC(363) Metaspace: 19106K(19520K)->19106K(19520K) NonClass: 16875K(17088K)->16875K(17088K) Class: 2230K(2432K)->2230K(2432K)
[2026-05-06T01:04:43.045+0100][23.325s][info][gc             ] GC(363) Pause Young (Allocation Failure) 346M->198M(617M) 0.229ms
[2026-05-06T01:04:43.045+0100][23.325s][info][gc,cpu         ] GC(363) User=0.00s Sys=0.00s Real=0.00s
[2026-05-06T01:04:43.080+0100][23.360s][info][gc,start       ] GC(364) Pause Young (Allocation Failure)
[2026-05-06T01:04:43.081+0100][23.360s][info][gc,heap        ] GC(364) DefNew: 150820K(196352K)->1K(196352K) Eden: 150818K(174592K)->0K(174592K) From: 1K(21760K)->1K(21760K)
[2026-05-06T01:04:43.081+0100][23.360s][info][gc,heap        ] GC(364) Tenured: 203741K(435968K)->203741K(435968K)
[2026-05-06T01:04:43.081+0100][23.360s][info][gc,metaspace   ] GC(364) Metaspace: 19106K(19520K)->19106K(19520K) NonClass: 16875K(17088K)->16875K(17088K) Class: 2230K(2432K)->2230K(2432K)
[2026-05-06T01:04:43.081+0100][23.360s][info][gc             ] GC(364) Pause Young (Allocation Failure) 346M->198M(617M) 0.217ms
[2026-05-06T01:04:43.081+0100][23.360s][info][gc,cpu         ] GC(364) User=0.00s Sys=0.00s Real=0.00s
[2026-05-06T01:04:43.101+0100][23.381s][info][gc,start       ] GC(365) Pause Full (System.gc())
[2026-05-06T01:04:43.101+0100][23.381s][info][gc,phases,start] GC(365) Phase 1: Mark live objects
[2026-05-06T01:04:43.107+0100][23.387s][info][gc,phases      ] GC(365) Phase 1: Mark live objects 6.225ms
[2026-05-06T01:04:43.107+0100][23.387s][info][gc,phases,start] GC(365) Phase 2: Compute new object addresses
[2026-05-06T01:04:43.109+0100][23.389s][info][gc,phases      ] GC(365) Phase 2: Compute new object addresses 1.576ms
[2026-05-06T01:04:43.109+0100][23.389s][info][gc,phases,start] GC(365) Phase 3: Adjust pointers
[2026-05-06T01:04:43.114+0100][23.393s][info][gc,phases      ] GC(365) Phase 3: Adjust pointers 4.777ms
[2026-05-06T01:04:43.114+0100][23.393s][info][gc,phases,start] GC(365) Phase 4: Move objects
[2026-05-06T01:04:43.114+0100][23.394s][info][gc,phases      ] GC(365) Phase 4: Move objects 0.022ms
[2026-05-06T01:04:43.114+0100][23.394s][info][gc,heap        ] GC(365) DefNew: 150838K(196352K)->0K(196288K) Eden: 150837K(174592K)->0K(174528K) From: 1K(21760K)->0K(21760K)
[2026-05-06T01:04:43.114+0100][23.394s][info][gc,heap        ] GC(365) Tenured: 203741K(435968K)->203741K(435968K)
[2026-05-06T01:04:43.114+0100][23.394s][info][gc,metaspace   ] GC(365) Metaspace: 19106K(19520K)->19106K(19520K) NonClass: 16875K(17088K)->16875K(17088K) Class: 2230K(2432K)->2230K(2432K)
[2026-05-06T01:04:43.114+0100][23.394s][info][gc             ] GC(365) Pause Full (System.gc()) 346M->198M(617M) 12.949ms
[2026-05-06T01:04:43.114+0100][23.394s][info][gc,cpu         ] GC(365) User=0.02s Sys=0.00s Real=0.01s
[2026-05-06T01:04:43.165+0100][23.444s][info][gc,start       ] GC(366) Pause Young (Allocation Failure)
[2026-05-06T01:04:43.165+0100][23.445s][info][gc,heap        ] GC(366) DefNew: 150847K(196288K)->1K(196288K) Eden: 150847K(174528K)->0K(174528K) From: 0K(21760K)->1K(21760K)
[2026-05-06T01:04:43.165+0100][23.445s][info][gc,heap        ] GC(366) Tenured: 203741K(435968K)->203741K(435968K)
[2026-05-06T01:04:43.165+0100][23.445s][info][gc,metaspace   ] GC(366) Metaspace: 19106K(19520K)->19106K(19520K) NonClass: 16875K(17088K)->16875K(17088K) Class: 2230K(2432K)->2230K(2432K)
[2026-05-06T01:04:43.165+0100][23.445s][info][gc             ] GC(366) Pause Young (Allocation Failure) 346M->198M(617M) 0.221ms
[2026-05-06T01:04:43.165+0100][23.445s][info][gc,cpu         ] GC(366) User=0.00s Sys=0.00s Real=0.00s
[2026-05-06T01:04:43.199+0100][23.479s][info][gc,start       ] GC(367) Pause Young (Allocation Failure)
[2026-05-06T01:04:43.199+0100][23.479s][info][gc,heap        ] GC(367) DefNew: 150856K(196288K)->1K(196288K) Eden: 150854K(174528K)->0K(174528K) From: 1K(21760K)->1K(21760K)
[2026-05-06T01:04:43.199+0100][23.479s][info][gc,heap        ] GC(367) Tenured: 203741K(435968K)->203741K(435968K)
[2026-05-06T01:04:43.199+0100][23.479s][info][gc,metaspace   ] GC(367) Metaspace: 19106K(19520K)->19106K(19520K) NonClass: 16875K(17088K)->16875K(17088K) Class: 2230K(2432K)->2230K(2432K)
[2026-05-06T01:04:43.199+0100][23.479s][info][gc             ] GC(367) Pause Young (Allocation Failure) 346M->198M(617M) 0.233ms
[2026-05-06T01:04:43.199+0100][23.479s][info][gc,cpu         ] GC(367) User=0.00s Sys=0.00s Real=0.00s
[2026-05-06T01:04:43.233+0100][23.513s][info][gc,start       ] GC(368) Pause Young (Allocation Failure)
[2026-05-06T01:04:43.233+0100][23.513s][info][gc,heap        ] GC(368) DefNew: 150861K(196288K)->1K(196288K) Eden: 150860K(174528K)->0K(174528K) From: 1K(21760K)->1K(21760K)
[2026-05-06T01:04:43.233+0100][23.513s][info][gc,heap        ] GC(368) Tenured: 203741K(435968K)->203741K(435968K)
[2026-05-06T01:04:43.233+0100][23.513s][info][gc,metaspace   ] GC(368) Metaspace: 19106K(19520K)->19106K(19520K) NonClass: 16875K(17088K)->16875K(17088K) Class: 2230K(2432K)->2230K(2432K)
[2026-05-06T01:04:43.233+0100][23.513s][info][gc             ] GC(368) Pause Young (Allocation Failure) 346M->198M(617M) 0.205ms
[2026-05-06T01:04:43.233+0100][23.513s][info][gc,cpu         ] GC(368) User=0.00s Sys=0.00s Real=0.00s
[2026-05-06T01:04:43.278+0100][23.558s][info][gc,start       ] GC(369) Pause Young (Allocation Failure)
[2026-05-06T01:04:43.278+0100][23.558s][info][gc,heap        ] GC(369) DefNew: 150864K(196288K)->1K(196288K) Eden: 150863K(174528K)->0K(174528K) From: 1K(21760K)->1K(21760K)
[2026-05-06T01:04:43.278+0100][23.558s][info][gc,heap        ] GC(369) Tenured: 203741K(435968K)->203741K(435968K)
[2026-05-06T01:04:43.278+0100][23.558s][info][gc,metaspace   ] GC(369) Metaspace: 19106K(19520K)->19106K(19520K) NonClass: 16875K(17088K)->16875K(17088K) Class: 2230K(2432K)->2230K(2432K)
[2026-05-06T01:04:43.278+0100][23.558s][info][gc             ] GC(369) Pause Young (Allocation Failure) 346M->198M(617M) 0.230ms
[2026-05-06T01:04:43.278+0100][23.558s][info][gc,cpu         ] GC(369) User=0.00s Sys=0.00s Real=0.00s
[2026-05-06T01:04:43.324+0100][23.604s][info][gc,start       ] GC(370) Pause Young (Allocation Failure)
[2026-05-06T01:04:43.324+0100][23.604s][info][gc,heap        ] GC(370) DefNew: 150866K(196288K)->1K(196288K) Eden: 150865K(174528K)->0K(174528K) From: 1K(21760K)->1K(21760K)
[2026-05-06T01:04:43.324+0100][23.604s][info][gc,heap        ] GC(370) Tenured: 203741K(435968K)->203741K(435968K)
[2026-05-06T01:04:43.324+0100][23.604s][info][gc,metaspace   ] GC(370) Metaspace: 19106K(19520K)->19106K(19520K) NonClass: 16875K(17088K)->16875K(17088K) Class: 2230K(2432K)->2230K(2432K)
[2026-05-06T01:04:43.325+0100][23.604s][info][gc             ] GC(370) Pause Young (Allocation Failure) 346M->198M(617M) 0.276ms
[2026-05-06T01:04:43.325+0100][23.604s][info][gc,cpu         ] GC(370) User=0.00s Sys=0.00s Real=0.00s
[2026-05-06T01:04:43.363+0100][23.643s][info][gc,start       ] GC(371) Pause Young (Allocation Failure)
[2026-05-06T01:04:43.363+0100][23.643s][info][gc,heap        ] GC(371) DefNew: 150867K(196288K)->1K(196288K) Eden: 150866K(174528K)->0K(174528K) From: 1K(21760K)->1K(21760K)
[2026-05-06T01:04:43.363+0100][23.643s][info][gc,heap        ] GC(371) Tenured: 203741K(435968K)->203741K(435968K)
[2026-05-06T01:04:43.363+0100][23.643s][info][gc,metaspace   ] GC(371) Metaspace: 19106K(19520K)->19106K(19520K) NonClass: 16875K(17088K)->16875K(17088K) Class: 2230K(2432K)->2230K(2432K)
[2026-05-06T01:04:43.363+0100][23.643s][info][gc             ] GC(371) Pause Young (Allocation Failure) 346M->198M(617M) 0.418ms
[2026-05-06T01:04:43.364+0100][23.643s][info][gc,cpu         ] GC(371) User=0.00s Sys=0.00s Real=0.00s
[2026-05-06T01:04:43.401+0100][23.681s][info][gc,start       ] GC(372) Pause Young (Allocation Failure)
[2026-05-06T01:04:43.401+0100][23.681s][info][gc,heap        ] GC(372) DefNew: 150868K(196288K)->1K(196288K) Eden: 150867K(174528K)->0K(174528K) From: 1K(21760K)->1K(21760K)
[2026-05-06T01:04:43.402+0100][23.681s][info][gc,heap        ] GC(372) Tenured: 203741K(435968K)->203741K(435968K)
[2026-05-06T01:04:43.402+0100][23.681s][info][gc,metaspace   ] GC(372) Metaspace: 19106K(19520K)->19106K(19520K) NonClass: 16875K(17088K)->16875K(17088K) Class: 2230K(2432K)->2230K(2432K)
[2026-05-06T01:04:43.402+0100][23.681s][info][gc             ] GC(372) Pause Young (Allocation Failure) 346M->198M(617M) 0.233ms
[2026-05-06T01:04:43.402+0100][23.681s][info][gc,cpu         ] GC(372) User=0.00s Sys=0.00s Real=0.00s
[2026-05-06T01:04:43.434+0100][23.714s][info][gc,start       ] GC(373) Pause Young (Allocation Failure)
[2026-05-06T01:04:43.434+0100][23.714s][info][gc,heap        ] GC(373) DefNew: 150869K(196288K)->1K(196288K) Eden: 150867K(174528K)->0K(174528K) From: 1K(21760K)->1K(21760K)
[2026-05-06T01:04:43.434+0100][23.714s][info][gc,heap        ] GC(373) Tenured: 203741K(435968K)->203741K(435968K)
[2026-05-06T01:04:43.434+0100][23.714s][info][gc,metaspace   ] GC(373) Metaspace: 19106K(19520K)->19106K(19520K) NonClass: 16875K(17088K)->16875K(17088K) Class: 2230K(2432K)->2230K(2432K)
[2026-05-06T01:04:43.434+0100][23.714s][info][gc             ] GC(373) Pause Young (Allocation Failure) 346M->198M(617M) 0.207ms
[2026-05-06T01:04:43.434+0100][23.714s][info][gc,cpu         ] GC(373) User=0.00s Sys=0.00s Real=0.00s
[2026-05-06T01:04:43.463+0100][23.742s][info][gc,start       ] GC(374) Pause Young (Allocation Failure)
[2026-05-06T01:04:43.463+0100][23.743s][info][gc,heap        ] GC(374) DefNew: 150869K(196288K)->1K(196288K) Eden: 150868K(174528K)->0K(174528K) From: 1K(21760K)->1K(21760K)
[2026-05-06T01:04:43.463+0100][23.743s][info][gc,heap        ] GC(374) Tenured: 203741K(435968K)->203741K(435968K)
[2026-05-06T01:04:43.463+0100][23.743s][info][gc,metaspace   ] GC(374) Metaspace: 19106K(19520K)->19106K(19520K) NonClass: 16875K(17088K)->16875K(17088K) Class: 2230K(2432K)->2230K(2432K)
[2026-05-06T01:04:43.463+0100][23.743s][info][gc             ] GC(374) Pause Young (Allocation Failure) 346M->198M(617M) 0.208ms
[2026-05-06T01:04:43.463+0100][23.743s][info][gc,cpu         ] GC(374) User=0.00s Sys=0.00s Real=0.00s
[2026-05-06T01:04:43.485+0100][23.765s][info][gc,start       ] GC(375) Pause Young (Allocation Failure)
[2026-05-06T01:04:43.486+0100][23.766s][info][gc,heap        ] GC(375) DefNew: 174529K(196288K)->15K(196288K) Eden: 174528K(174528K)->0K(174528K) From: 1K(21760K)->15K(21760K)
[2026-05-06T01:04:43.486+0100][23.766s][info][gc,heap        ] GC(375) Tenured: 203741K(435968K)->203741K(435968K)
[2026-05-06T01:04:43.486+0100][23.766s][info][gc,metaspace   ] GC(375) Metaspace: 19106K(19520K)->19106K(19520K) NonClass: 16875K(17088K)->16875K(17088K) Class: 2230K(2432K)->2230K(2432K)
[2026-05-06T01:04:43.486+0100][23.766s][info][gc             ] GC(375) Pause Young (Allocation Failure) 369M->198M(617M) 0.351ms
[2026-05-06T01:04:43.486+0100][23.766s][info][gc,cpu         ] GC(375) User=0.00s Sys=0.00s Real=0.00s
[2026-05-06T01:04:43.492+0100][23.772s][info][gc,start       ] GC(376) Pause Young (Allocation Failure)
[2026-05-06T01:04:43.492+0100][23.772s][info][gc,heap        ] GC(376) DefNew: 37599K(196288K)->10K(196288K) Eden: 37583K(174528K)->0K(174528K) From: 15K(21760K)->10K(21760K)
[2026-05-06T01:04:43.492+0100][23.772s][info][gc,heap        ] GC(376) Tenured: 203741K(435968K)->203741K(435968K)
[2026-05-06T01:04:43.492+0100][23.772s][info][gc,metaspace   ] GC(376) Metaspace: 19106K(19520K)->19106K(19520K) NonClass: 16875K(17088K)->16875K(17088K) Class: 2230K(2432K)->2230K(2432K)
[2026-05-06T01:04:43.492+0100][23.772s][info][gc             ] GC(376) Pause Young (Allocation Failure) 235M->198M(617M) 0.230ms
[2026-05-06T01:04:43.492+0100][23.772s][info][gc,cpu         ] GC(376) User=0.00s Sys=0.00s Real=0.00s
[2026-05-06T01:04:43.508+0100][23.788s][info][gc,start       ] GC(377) Pause Young (Allocation Failure)
[2026-05-06T01:04:43.514+0100][23.793s][info][gc,heap        ] GC(377) DefNew: 174538K(196288K)->11K(196288K) Eden: 174528K(174528K)->0K(174528K) From: 10K(21760K)->11K(21760K)
[2026-05-06T01:04:43.514+0100][23.793s][info][gc,heap        ] GC(377) Tenured: 203741K(435968K)->351197K(435968K)
[2026-05-06T01:04:43.514+0100][23.793s][info][gc,metaspace   ] GC(377) Metaspace: 19106K(19520K)->19106K(19520K) NonClass: 16875K(17088K)->16875K(17088K) Class: 2230K(2432K)->2230K(2432K)
[2026-05-06T01:04:43.514+0100][23.793s][info][gc             ] GC(377) Pause Young (Allocation Failure) 369M->342M(617M) 5.245ms
[2026-05-06T01:04:43.514+0100][23.793s][info][gc,cpu         ] GC(377) User=0.00s Sys=0.01s Real=0.01s
[2026-05-06T01:04:43.524+0100][23.804s][info][gc,start       ] GC(378) Pause Young (Allocation Failure)
[2026-05-06T01:04:43.524+0100][23.804s][info][gc,heap        ] GC(378) DefNew: 32436K(196288K)->10K(196288K) Eden: 32424K(174528K)->0K(174528K) From: 11K(21760K)->10K(21760K)
[2026-05-06T01:04:43.524+0100][23.804s][info][gc,heap        ] GC(378) Tenured: 351197K(435968K)->351197K(435968K)
[2026-05-06T01:04:43.524+0100][23.804s][info][gc,metaspace   ] GC(378) Metaspace: 19106K(19520K)->19106K(19520K) NonClass: 16875K(17088K)->16875K(17088K) Class: 2230K(2432K)->2230K(2432K)
[2026-05-06T01:04:43.524+0100][23.804s][info][gc             ] GC(378) Pause Young (Allocation Failure) 374M->342M(617M) 0.248ms
[2026-05-06T01:04:43.524+0100][23.804s][info][gc,cpu         ] GC(378) User=0.00s Sys=0.00s Real=0.00s
[2026-05-06T01:04:43.550+0100][23.829s][info][gc,start       ] GC(379) Pause Young (Allocation Failure)
[2026-05-06T01:04:43.550+0100][23.830s][info][gc,heap        ] GC(379) DefNew: 160867K(196288K)->10K(196288K) Eden: 160856K(174528K)->0K(174528K) From: 10K(21760K)->10K(21760K)
[2026-05-06T01:04:43.550+0100][23.830s][info][gc,heap        ] GC(379) Tenured: 351197K(435968K)->351197K(435968K)
[2026-05-06T01:04:43.550+0100][23.830s][info][gc,metaspace   ] GC(379) Metaspace: 19106K(19520K)->19106K(19520K) NonClass: 16875K(17088K)->16875K(17088K) Class: 2230K(2432K)->2230K(2432K)
[2026-05-06T01:04:43.550+0100][23.830s][info][gc             ] GC(379) Pause Young (Allocation Failure) 500M->342M(617M) 0.271ms
[2026-05-06T01:04:43.550+0100][23.830s][info][gc,cpu         ] GC(379) User=0.00s Sys=0.00s Real=0.00s
[2026-05-06T01:04:43.567+0100][23.847s][info][gc,start       ] GC(380) Pause Full (System.gc())
[2026-05-06T01:04:43.567+0100][23.847s][info][gc,phases,start] GC(380) Phase 1: Mark live objects
[2026-05-06T01:04:43.573+0100][23.852s][info][gc,phases      ] GC(380) Phase 1: Mark live objects 5.516ms
[2026-05-06T01:04:43.573+0100][23.852s][info][gc,phases,start] GC(380) Phase 2: Compute new object addresses
[2026-05-06T01:04:43.574+0100][23.854s][info][gc,phases      ] GC(380) Phase 2: Compute new object addresses 1.465ms
[2026-05-06T01:04:43.574+0100][23.854s][info][gc,phases,start] GC(380) Phase 3: Adjust pointers
[2026-05-06T01:04:43.578+0100][23.858s][info][gc,phases      ] GC(380) Phase 3: Adjust pointers 4.092ms
[2026-05-06T01:04:43.578+0100][23.858s][info][gc,phases,start] GC(380) Phase 4: Move objects
[2026-05-06T01:04:43.578+0100][23.858s][info][gc,phases      ] GC(380) Phase 4: Move objects 0.007ms
[2026-05-06T01:04:43.578+0100][23.858s][info][gc,heap        ] GC(380) DefNew: 152958K(196288K)->0K(196352K) Eden: 152948K(174528K)->0K(174592K) From: 10K(21760K)->0K(21760K)
[2026-05-06T01:04:43.578+0100][23.858s][info][gc,heap        ] GC(380) Tenured: 351197K(435968K)->203752K(435968K)
[2026-05-06T01:04:43.578+0100][23.858s][info][gc,metaspace   ] GC(380) Metaspace: 19106K(19520K)->19106K(19520K) NonClass: 16875K(17088K)->16875K(17088K) Class: 2230K(2432K)->2230K(2432K)
[2026-05-06T01:04:43.578+0100][23.858s][info][gc             ] GC(380) Pause Full (System.gc()) 492M->198M(617M) 11.228ms
[2026-05-06T01:04:43.578+0100][23.858s][info][gc,cpu         ] GC(380) User=0.01s Sys=0.00s Real=0.01s
[2026-05-06T01:04:43.615+0100][23.895s][info][gc,start       ] GC(381) Pause Young (Allocation Failure)
[2026-05-06T01:04:43.615+0100][23.895s][info][gc,heap        ] GC(381) DefNew: 159593K(196352K)->10K(196352K) Eden: 159593K(174592K)->0K(174592K) From: 0K(21760K)->10K(21760K)
[2026-05-06T01:04:43.615+0100][23.895s][info][gc,heap        ] GC(381) Tenured: 203752K(435968K)->203752K(435968K)
[2026-05-06T01:04:43.615+0100][23.895s][info][gc,metaspace   ] GC(381) Metaspace: 19106K(19520K)->19106K(19520K) NonClass: 16875K(17088K)->16875K(17088K) Class: 2230K(2432K)->2230K(2432K)
[2026-05-06T01:04:43.615+0100][23.895s][info][gc             ] GC(381) Pause Young (Allocation Failure) 354M->198M(617M) 0.249ms
[2026-05-06T01:04:43.615+0100][23.895s][info][gc,cpu         ] GC(381) User=0.00s Sys=0.00s Real=0.00s
[2026-05-06T01:04:43.641+0100][23.921s][info][gc,start       ] GC(382) Pause Young (Allocation Failure)
[2026-05-06T01:04:43.641+0100][23.921s][info][gc,heap        ] GC(382) DefNew: 156070K(196352K)->10K(196352K) Eden: 156059K(174592K)->0K(174592K) From: 10K(21760K)->10K(21760K)
[2026-05-06T01:04:43.641+0100][23.921s][info][gc,heap        ] GC(382) Tenured: 203752K(435968K)->203752K(435968K)
[2026-05-06T01:04:43.641+0100][23.921s][info][gc,metaspace   ] GC(382) Metaspace: 19106K(19520K)->19106K(19520K) NonClass: 16875K(17088K)->16875K(17088K) Class: 2230K(2432K)->2230K(2432K)
[2026-05-06T01:04:43.641+0100][23.921s][info][gc             ] GC(382) Pause Young (Allocation Failure) 351M->198M(617M) 0.213ms
[2026-05-06T01:04:43.641+0100][23.921s][info][gc,cpu         ] GC(382) User=0.00s Sys=0.00s Real=0.00s
[2026-05-06T01:04:43.668+0100][23.948s][info][gc,start       ] GC(383) Pause Young (Allocation Failure)
[2026-05-06T01:04:43.668+0100][23.948s][info][gc,heap        ] GC(383) DefNew: 155978K(196352K)->10K(196352K) Eden: 155967K(174592K)->0K(174592K) From: 10K(21760K)->10K(21760K)
[2026-05-06T01:04:43.668+0100][23.948s][info][gc,heap        ] GC(383) Tenured: 203752K(435968K)->203752K(435968K)
[2026-05-06T01:04:43.668+0100][23.948s][info][gc,metaspace   ] GC(383) Metaspace: 19106K(19520K)->19106K(19520K) NonClass: 16875K(17088K)->16875K(17088K) Class: 2230K(2432K)->2230K(2432K)
[2026-05-06T01:04:43.668+0100][23.948s][info][gc             ] GC(383) Pause Young (Allocation Failure) 351M->198M(617M) 0.220ms
[2026-05-06T01:04:43.668+0100][23.948s][info][gc,cpu         ] GC(383) User=0.00s Sys=0.00s Real=0.00s
[2026-05-06T01:04:43.695+0100][23.975s][info][gc,start       ] GC(384) Pause Young (Allocation Failure)
[2026-05-06T01:04:43.695+0100][23.975s][info][gc,heap        ] GC(384) DefNew: 155993K(196352K)->10K(196352K) Eden: 155983K(174592K)->0K(174592K) From: 10K(21760K)->10K(21760K)
[2026-05-06T01:04:43.695+0100][23.975s][info][gc,heap        ] GC(384) Tenured: 203752K(435968K)->203752K(435968K)
[2026-05-06T01:04:43.695+0100][23.975s][info][gc,metaspace   ] GC(384) Metaspace: 19106K(19520K)->19106K(19520K) NonClass: 16875K(17088K)->16875K(17088K) Class: 2230K(2432K)->2230K(2432K)
[2026-05-06T01:04:43.695+0100][23.975s][info][gc             ] GC(384) Pause Young (Allocation Failure) 351M->198M(617M) 0.173ms
[2026-05-06T01:04:43.695+0100][23.975s][info][gc,cpu         ] GC(384) User=0.00s Sys=0.00s Real=0.00s
[2026-05-06T01:04:43.721+0100][24.000s][info][gc,start       ] GC(385) Pause Young (Allocation Failure)
[2026-05-06T01:04:43.721+0100][24.001s][info][gc,heap        ] GC(385) DefNew: 155798K(196352K)->10K(196352K) Eden: 155787K(174592K)->0K(174592K) From: 10K(21760K)->10K(21760K)
[2026-05-06T01:04:43.721+0100][24.001s][info][gc,heap        ] GC(385) Tenured: 203752K(435968K)->203752K(435968K)
[2026-05-06T01:04:43.721+0100][24.001s][info][gc,metaspace   ] GC(385) Metaspace: 19106K(19520K)->19106K(19520K) NonClass: 16875K(17088K)->16875K(17088K) Class: 2230K(2432K)->2230K(2432K)
[2026-05-06T01:04:43.721+0100][24.001s][info][gc             ] GC(385) Pause Young (Allocation Failure) 351M->198M(617M) 0.190ms
[2026-05-06T01:04:43.721+0100][24.001s][info][gc,cpu         ] GC(385) User=0.00s Sys=0.00s Real=0.00s
[2026-05-06T01:04:43.747+0100][24.027s][info][gc,start       ] GC(386) Pause Young (Allocation Failure)
[2026-05-06T01:04:43.747+0100][24.027s][info][gc,heap        ] GC(386) DefNew: 155704K(196352K)->10K(196352K) Eden: 155693K(174592K)->0K(174592K) From: 10K(21760K)->10K(21760K)
[2026-05-06T01:04:43.747+0100][24.027s][info][gc,heap        ] GC(386) Tenured: 203752K(435968K)->203752K(435968K)
[2026-05-06T01:04:43.747+0100][24.027s][info][gc,metaspace   ] GC(386) Metaspace: 19106K(19520K)->19106K(19520K) NonClass: 16875K(17088K)->16875K(17088K) Class: 2230K(2432K)->2230K(2432K)
[2026-05-06T01:04:43.747+0100][24.027s][info][gc             ] GC(386) Pause Young (Allocation Failure) 351M->198M(617M) 0.183ms
[2026-05-06T01:04:43.747+0100][24.027s][info][gc,cpu         ] GC(386) User=0.00s Sys=0.00s Real=0.00s
[2026-05-06T01:04:43.775+0100][24.054s][info][gc,start       ] GC(387) Pause Young (Allocation Failure)
[2026-05-06T01:04:43.775+0100][24.055s][info][gc,heap        ] GC(387) DefNew: 155710K(196352K)->10K(196352K) Eden: 155699K(174592K)->0K(174592K) From: 10K(21760K)->10K(21760K)
[2026-05-06T01:04:43.775+0100][24.055s][info][gc,heap        ] GC(387) Tenured: 203752K(435968K)->203752K(435968K)
[2026-05-06T01:04:43.775+0100][24.055s][info][gc,metaspace   ] GC(387) Metaspace: 19106K(19520K)->19106K(19520K) NonClass: 16875K(17088K)->16875K(17088K) Class: 2230K(2432K)->2230K(2432K)
[2026-05-06T01:04:43.775+0100][24.055s][info][gc             ] GC(387) Pause Young (Allocation Failure) 351M->198M(617M) 0.187ms
[2026-05-06T01:04:43.775+0100][24.055s][info][gc,cpu         ] GC(387) User=0.00s Sys=0.00s Real=0.00s
[2026-05-06T01:04:43.805+0100][24.085s][info][gc,start       ] GC(388) Pause Young (Allocation Failure)
[2026-05-06T01:04:43.805+0100][24.085s][info][gc,heap        ] GC(388) DefNew: 155713K(196352K)->10K(196352K) Eden: 155702K(174592K)->0K(174592K) From: 10K(21760K)->10K(21760K)
[2026-05-06T01:04:43.805+0100][24.085s][info][gc,heap        ] GC(388) Tenured: 203752K(435968K)->203752K(435968K)
[2026-05-06T01:04:43.805+0100][24.085s][info][gc,metaspace   ] GC(388) Metaspace: 19106K(19520K)->19106K(19520K) NonClass: 16875K(17088K)->16875K(17088K) Class: 2230K(2432K)->2230K(2432K)
[2026-05-06T01:04:43.805+0100][24.085s][info][gc             ] GC(388) Pause Young (Allocation Failure) 351M->198M(617M) 0.236ms
[2026-05-06T01:04:43.805+0100][24.085s][info][gc,cpu         ] GC(388) User=0.00s Sys=0.00s Real=0.00s
[2026-05-06T01:04:43.834+0100][24.114s][info][gc,start       ] GC(389) Pause Young (Allocation Failure)
[2026-05-06T01:04:43.834+0100][24.114s][info][gc,heap        ] GC(389) DefNew: 155716K(196352K)->10K(196352K) Eden: 155705K(174592K)->0K(174592K) From: 10K(21760K)->10K(21760K)
[2026-05-06T01:04:43.834+0100][24.114s][info][gc,heap        ] GC(389) Tenured: 203752K(435968K)->203752K(435968K)
[2026-05-06T01:04:43.834+0100][24.114s][info][gc,metaspace   ] GC(389) Metaspace: 19106K(19520K)->19106K(19520K) NonClass: 16875K(17088K)->16875K(17088K) Class: 2230K(2432K)->2230K(2432K)
[2026-05-06T01:04:43.834+0100][24.114s][info][gc             ] GC(389) Pause Young (Allocation Failure) 351M->198M(617M) 0.232ms
[2026-05-06T01:04:43.834+0100][24.114s][info][gc,cpu         ] GC(389) User=0.00s Sys=0.00s Real=0.00s
[2026-05-06T01:04:43.860+0100][24.139s][info][gc,start       ] GC(390) Pause Young (Allocation Failure)
[2026-05-06T01:04:43.860+0100][24.139s][info][gc,heap        ] GC(390) DefNew: 155717K(196352K)->10K(196352K) Eden: 155707K(174592K)->0K(174592K) From: 10K(21760K)->10K(21760K)
[2026-05-06T01:04:43.860+0100][24.139s][info][gc,heap        ] GC(390) Tenured: 203752K(435968K)->203752K(435968K)
[2026-05-06T01:04:43.860+0100][24.140s][info][gc,metaspace   ] GC(390) Metaspace: 19106K(19520K)->19106K(19520K) NonClass: 16875K(17088K)->16875K(17088K) Class: 2230K(2432K)->2230K(2432K)
[2026-05-06T01:04:43.860+0100][24.140s][info][gc             ] GC(390) Pause Young (Allocation Failure) 351M->198M(617M) 0.210ms
[2026-05-06T01:04:43.860+0100][24.140s][info][gc,cpu         ] GC(390) User=0.00s Sys=0.00s Real=0.00s
[2026-05-06T01:04:43.888+0100][24.168s][info][gc,start       ] GC(391) Pause Young (Allocation Failure)
[2026-05-06T01:04:43.888+0100][24.168s][info][gc,heap        ] GC(391) DefNew: 155719K(196352K)->10K(196352K) Eden: 155708K(174592K)->0K(174592K) From: 10K(21760K)->10K(21760K)
[2026-05-06T01:04:43.888+0100][24.168s][info][gc,heap        ] GC(391) Tenured: 203752K(435968K)->203752K(435968K)
[2026-05-06T01:04:43.888+0100][24.168s][info][gc,metaspace   ] GC(391) Metaspace: 19106K(19520K)->19106K(19520K) NonClass: 16875K(17088K)->16875K(17088K) Class: 2230K(2432K)->2230K(2432K)
[2026-05-06T01:04:43.888+0100][24.168s][info][gc             ] GC(391) Pause Young (Allocation Failure) 351M->198M(617M) 0.221ms
[2026-05-06T01:04:43.888+0100][24.168s][info][gc,cpu         ] GC(391) User=0.00s Sys=0.00s Real=0.00s
[2026-05-06T01:04:43.914+0100][24.194s][info][gc,start       ] GC(392) Pause Young (Allocation Failure)
[2026-05-06T01:04:43.914+0100][24.194s][info][gc,heap        ] GC(392) DefNew: 155719K(196352K)->10K(196352K) Eden: 155708K(174592K)->0K(174592K) From: 10K(21760K)->10K(21760K)
[2026-05-06T01:04:43.914+0100][24.194s][info][gc,heap        ] GC(392) Tenured: 203752K(435968K)->203752K(435968K)
[2026-05-06T01:04:43.914+0100][24.194s][info][gc,metaspace   ] GC(392) Metaspace: 19106K(19520K)->19106K(19520K) NonClass: 16875K(17088K)->16875K(17088K) Class: 2230K(2432K)->2230K(2432K)
[2026-05-06T01:04:43.914+0100][24.194s][info][gc             ] GC(392) Pause Young (Allocation Failure) 351M->198M(617M) 0.179ms
[2026-05-06T01:04:43.914+0100][24.194s][info][gc,cpu         ] GC(392) User=0.00s Sys=0.00s Real=0.00s
[2026-05-06T01:04:43.931+0100][24.211s][info][gc,start       ] GC(393) Pause Full (System.gc())
[2026-05-06T01:04:43.931+0100][24.211s][info][gc,phases,start] GC(393) Phase 1: Mark live objects
[2026-05-06T01:04:43.936+0100][24.216s][info][gc,phases      ] GC(393) Phase 1: Mark live objects 5.214ms
[2026-05-06T01:04:43.937+0100][24.216s][info][gc,phases,start] GC(393) Phase 2: Compute new object addresses
[2026-05-06T01:04:43.938+0100][24.218s][info][gc,phases      ] GC(393) Phase 2: Compute new object addresses 1.431ms
[2026-05-06T01:04:43.938+0100][24.218s][info][gc,phases,start] GC(393) Phase 3: Adjust pointers
[2026-05-06T01:04:43.942+0100][24.222s][info][gc,phases      ] GC(393) Phase 3: Adjust pointers 3.869ms
[2026-05-06T01:04:43.942+0100][24.222s][info][gc,phases,start] GC(393) Phase 4: Move objects
[2026-05-06T01:04:43.942+0100][24.222s][info][gc,phases      ] GC(393) Phase 4: Move objects 0.006ms
[2026-05-06T01:04:43.942+0100][24.222s][info][gc,heap        ] GC(393) DefNew: 152417K(196352K)->0K(196288K) Eden: 152406K(174592K)->0K(174528K) From: 10K(21760K)->0K(21760K)
[2026-05-06T01:04:43.942+0100][24.222s][info][gc,heap        ] GC(393) Tenured: 203752K(435968K)->203755K(435968K)
[2026-05-06T01:04:43.942+0100][24.222s][info][gc,metaspace   ] GC(393) Metaspace: 19106K(19520K)->19106K(19520K) NonClass: 16875K(17088K)->16875K(17088K) Class: 2230K(2432K)->2230K(2432K)
[2026-05-06T01:04:43.942+0100][24.222s][info][gc             ] GC(393) Pause Full (System.gc()) 347M->198M(617M) 10.628ms
[2026-05-06T01:04:43.942+0100][24.222s][info][gc,cpu         ] GC(393) User=0.01s Sys=0.00s Real=0.01s
[2026-05-06T01:04:43.980+0100][24.259s][info][gc,start       ] GC(394) Pause Young (Allocation Failure)
[2026-05-06T01:04:43.980+0100][24.260s][info][gc,heap        ] GC(394) DefNew: 160127K(196288K)->10K(196288K) Eden: 160127K(174528K)->0K(174528K) From: 0K(21760K)->10K(21760K)
[2026-05-06T01:04:43.980+0100][24.260s][info][gc,heap        ] GC(394) Tenured: 203755K(435968K)->203755K(435968K)
[2026-05-06T01:04:43.980+0100][24.260s][info][gc,metaspace   ] GC(394) Metaspace: 19106K(19520K)->19106K(19520K) NonClass: 16875K(17088K)->16875K(17088K) Class: 2230K(2432K)->2230K(2432K)
[2026-05-06T01:04:43.980+0100][24.260s][info][gc             ] GC(394) Pause Young (Allocation Failure) 355M->198M(617M) 0.231ms
[2026-05-06T01:04:43.980+0100][24.260s][info][gc,cpu         ] GC(394) User=0.00s Sys=0.00s Real=0.00s
[2026-05-06T01:04:44.008+0100][24.288s][info][gc,start       ] GC(395) Pause Young (Allocation Failure)
[2026-05-06T01:04:44.008+0100][24.288s][info][gc,heap        ] GC(395) DefNew: 157089K(196288K)->10K(196288K) Eden: 157078K(174528K)->0K(174528K) From: 10K(21760K)->10K(21760K)
[2026-05-06T01:04:44.008+0100][24.288s][info][gc,heap        ] GC(395) Tenured: 203755K(435968K)->203755K(435968K)
[2026-05-06T01:04:44.008+0100][24.288s][info][gc,metaspace   ] GC(395) Metaspace: 19106K(19520K)->19106K(19520K) NonClass: 16875K(17088K)->16875K(17088K) Class: 2230K(2432K)->2230K(2432K)
[2026-05-06T01:04:44.008+0100][24.288s][info][gc             ] GC(395) Pause Young (Allocation Failure) 352M->198M(617M) 0.174ms
[2026-05-06T01:04:44.008+0100][24.288s][info][gc,cpu         ] GC(395) User=0.00s Sys=0.00s Real=0.00s
[2026-05-06T01:04:44.035+0100][24.315s][info][gc,start       ] GC(396) Pause Young (Allocation Failure)
[2026-05-06T01:04:44.035+0100][24.315s][info][gc,heap        ] GC(396) DefNew: 156487K(196288K)->10K(196288K) Eden: 156476K(174528K)->0K(174528K) From: 10K(21760K)->10K(21760K)
[2026-05-06T01:04:44.035+0100][24.315s][info][gc,heap        ] GC(396) Tenured: 203755K(435968K)->203755K(435968K)
[2026-05-06T01:04:44.035+0100][24.315s][info][gc,metaspace   ] GC(396) Metaspace: 19106K(19520K)->19106K(19520K) NonClass: 16875K(17088K)->16875K(17088K) Class: 2230K(2432K)->2230K(2432K)
[2026-05-06T01:04:44.036+0100][24.315s][info][gc             ] GC(396) Pause Young (Allocation Failure) 351M->198M(617M) 0.181ms
[2026-05-06T01:04:44.036+0100][24.315s][info][gc,cpu         ] GC(396) User=0.00s Sys=0.00s Real=0.00s
[2026-05-06T01:04:44.065+0100][24.345s][info][gc,start       ] GC(397) Pause Young (Allocation Failure)
[2026-05-06T01:04:44.065+0100][24.345s][info][gc,heap        ] GC(397) DefNew: 156122K(196288K)->10K(196288K) Eden: 156112K(174528K)->0K(174528K) From: 10K(21760K)->10K(21760K)
[2026-05-06T01:04:44.065+0100][24.345s][info][gc,heap        ] GC(397) Tenured: 203755K(435968K)->203755K(435968K)
[2026-05-06T01:04:44.065+0100][24.345s][info][gc,metaspace   ] GC(397) Metaspace: 19106K(19520K)->19106K(19520K) NonClass: 16875K(17088K)->16875K(17088K) Class: 2230K(2432K)->2230K(2432K)
[2026-05-06T01:04:44.065+0100][24.345s][info][gc             ] GC(397) Pause Young (Allocation Failure) 351M->198M(617M) 0.243ms
[2026-05-06T01:04:44.065+0100][24.345s][info][gc,cpu         ] GC(397) User=0.00s Sys=0.00s Real=0.00s
[2026-05-06T01:04:44.093+0100][24.372s][info][gc,start       ] GC(398) Pause Young (Allocation Failure)
[2026-05-06T01:04:44.093+0100][24.373s][info][gc,heap        ] GC(398) DefNew: 156010K(196288K)->10K(196288K) Eden: 155999K(174528K)->0K(174528K) From: 10K(21760K)->10K(21760K)
[2026-05-06T01:04:44.093+0100][24.373s][info][gc,heap        ] GC(398) Tenured: 203755K(435968K)->203755K(435968K)
[2026-05-06T01:04:44.093+0100][24.373s][info][gc,metaspace   ] GC(398) Metaspace: 19106K(19520K)->19106K(19520K) NonClass: 16875K(17088K)->16875K(17088K) Class: 2230K(2432K)->2230K(2432K)
[2026-05-06T01:04:44.093+0100][24.373s][info][gc             ] GC(398) Pause Young (Allocation Failure) 351M->198M(617M) 0.231ms
[2026-05-06T01:04:44.093+0100][24.373s][info][gc,cpu         ] GC(398) User=0.00s Sys=0.00s Real=0.00s
[2026-05-06T01:04:44.119+0100][24.399s][info][gc,start       ] GC(399) Pause Young (Allocation Failure)
[2026-05-06T01:04:44.120+0100][24.399s][info][gc,heap        ] GC(399) DefNew: 156013K(196288K)->10K(196288K) Eden: 156002K(174528K)->0K(174528K) From: 10K(21760K)->10K(21760K)
[2026-05-06T01:04:44.120+0100][24.399s][info][gc,heap        ] GC(399) Tenured: 203755K(435968K)->203755K(435968K)
[2026-05-06T01:04:44.120+0100][24.399s][info][gc,metaspace   ] GC(399) Metaspace: 19106K(19520K)->19106K(19520K) NonClass: 16875K(17088K)->16875K(17088K) Class: 2230K(2432K)->2230K(2432K)
[2026-05-06T01:04:44.120+0100][24.399s][info][gc             ] GC(399) Pause Young (Allocation Failure) 351M->198M(617M) 0.221ms
[2026-05-06T01:04:44.120+0100][24.399s][info][gc,cpu         ] GC(399) User=0.00s Sys=0.00s Real=0.01s
[2026-05-06T01:04:44.147+0100][24.427s][info][gc,start       ] GC(400) Pause Young (Allocation Failure)
[2026-05-06T01:04:44.147+0100][24.427s][info][gc,heap        ] GC(400) DefNew: 155810K(196288K)->10K(196288K) Eden: 155799K(174528K)->0K(174528K) From: 10K(21760K)->10K(21760K)
[2026-05-06T01:04:44.147+0100][24.427s][info][gc,heap        ] GC(400) Tenured: 203755K(435968K)->203755K(435968K)
[2026-05-06T01:04:44.147+0100][24.427s][info][gc,metaspace   ] GC(400) Metaspace: 19106K(19520K)->19106K(19520K) NonClass: 16875K(17088K)->16875K(17088K) Class: 2230K(2432K)->2230K(2432K)
[2026-05-06T01:04:44.147+0100][24.427s][info][gc             ] GC(400) Pause Young (Allocation Failure) 351M->198M(617M) 0.181ms
[2026-05-06T01:04:44.147+0100][24.427s][info][gc,cpu         ] GC(400) User=0.00s Sys=0.00s Real=0.00s
[2026-05-06T01:04:44.173+0100][24.453s][info][gc,start       ] GC(401) Pause Young (Allocation Failure)
[2026-05-06T01:04:44.173+0100][24.453s][info][gc,heap        ] GC(401) DefNew: 155710K(196288K)->10K(196288K) Eden: 155699K(174528K)->0K(174528K) From: 10K(21760K)->10K(21760K)
[2026-05-06T01:04:44.173+0100][24.453s][info][gc,heap        ] GC(401) Tenured: 203755K(435968K)->203755K(435968K)
[2026-05-06T01:04:44.173+0100][24.453s][info][gc,metaspace   ] GC(401) Metaspace: 19106K(19520K)->19106K(19520K) NonClass: 16875K(17088K)->16875K(17088K) Class: 2230K(2432K)->2230K(2432K)
[2026-05-06T01:04:44.173+0100][24.453s][info][gc             ] GC(401) Pause Young (Allocation Failure) 351M->198M(617M) 0.189ms
[2026-05-06T01:04:44.173+0100][24.453s][info][gc,cpu         ] GC(401) User=0.00s Sys=0.00s Real=0.00s
[2026-05-06T01:04:44.203+0100][24.483s][info][gc,start       ] GC(402) Pause Young (Allocation Failure)
[2026-05-06T01:04:44.203+0100][24.483s][info][gc,heap        ] GC(402) DefNew: 155712K(196288K)->10K(196288K) Eden: 155701K(174528K)->0K(174528K) From: 10K(21760K)->10K(21760K)
[2026-05-06T01:04:44.203+0100][24.483s][info][gc,heap        ] GC(402) Tenured: 203755K(435968K)->203755K(435968K)
[2026-05-06T01:04:44.203+0100][24.483s][info][gc,metaspace   ] GC(402) Metaspace: 19106K(19520K)->19106K(19520K) NonClass: 16875K(17088K)->16875K(17088K) Class: 2230K(2432K)->2230K(2432K)
[2026-05-06T01:04:44.203+0100][24.483s][info][gc             ] GC(402) Pause Young (Allocation Failure) 351M->198M(617M) 0.211ms
[2026-05-06T01:04:44.203+0100][24.483s][info][gc,cpu         ] GC(402) User=0.00s Sys=0.00s Real=0.00s
[2026-05-06T01:04:44.229+0100][24.509s][info][gc,start       ] GC(403) Pause Young (Allocation Failure)
[2026-05-06T01:04:44.229+0100][24.509s][info][gc,heap        ] GC(403) DefNew: 155182K(196288K)->2K(196288K) Eden: 155171K(174528K)->0K(174528K) From: 10K(21760K)->2K(21760K)
[2026-05-06T01:04:44.229+0100][24.509s][info][gc,heap        ] GC(403) Tenured: 203755K(435968K)->203755K(435968K)
[2026-05-06T01:04:44.229+0100][24.509s][info][gc,metaspace   ] GC(403) Metaspace: 19106K(19520K)->19106K(19520K) NonClass: 16875K(17088K)->16875K(17088K) Class: 2230K(2432K)->2230K(2432K)
[2026-05-06T01:04:44.229+0100][24.509s][info][gc             ] GC(403) Pause Young (Allocation Failure) 350M->198M(617M) 0.218ms
[2026-05-06T01:04:44.229+0100][24.509s][info][gc,cpu         ] GC(403) User=0.00s Sys=0.00s Real=0.00s
[2026-05-06T01:04:44.254+0100][24.534s][info][gc,start       ] GC(404) Pause Young (Allocation Failure)
[2026-05-06T01:04:44.254+0100][24.534s][info][gc,heap        ] GC(404) DefNew: 153642K(196288K)->2K(196288K) Eden: 153639K(174528K)->0K(174528K) From: 2K(21760K)->2K(21760K)
[2026-05-06T01:04:44.254+0100][24.534s][info][gc,heap        ] GC(404) Tenured: 203755K(435968K)->203755K(435968K)
[2026-05-06T01:04:44.254+0100][24.534s][info][gc,metaspace   ] GC(404) Metaspace: 19106K(19520K)->19106K(19520K) NonClass: 16875K(17088K)->16875K(17088K) Class: 2230K(2432K)->2230K(2432K)
[2026-05-06T01:04:44.254+0100][24.534s][info][gc             ] GC(404) Pause Young (Allocation Failure) 349M->198M(617M) 0.209ms
[2026-05-06T01:04:44.254+0100][24.534s][info][gc,cpu         ] GC(404) User=0.00s Sys=0.00s Real=0.00s
[2026-05-06T01:04:44.279+0100][24.558s][info][gc,start       ] GC(405) Pause Young (Allocation Failure)
[2026-05-06T01:04:44.279+0100][24.558s][info][gc,heap        ] GC(405) DefNew: 153685K(196288K)->2K(196288K) Eden: 153682K(174528K)->0K(174528K) From: 2K(21760K)->2K(21760K)
[2026-05-06T01:04:44.279+0100][24.558s][info][gc,heap        ] GC(405) Tenured: 203755K(435968K)->203755K(435968K)
[2026-05-06T01:04:44.279+0100][24.558s][info][gc,metaspace   ] GC(405) Metaspace: 19106K(19520K)->19106K(19520K) NonClass: 16875K(17088K)->16875K(17088K) Class: 2230K(2432K)->2230K(2432K)
[2026-05-06T01:04:44.279+0100][24.558s][info][gc             ] GC(405) Pause Young (Allocation Failure) 349M->198M(617M) 0.163ms
[2026-05-06T01:04:44.279+0100][24.558s][info][gc,cpu         ] GC(405) User=0.00s Sys=0.00s Real=0.00s
[2026-05-06T01:04:44.294+0100][24.574s][info][gc,start       ] GC(406) Pause Full (System.gc())
[2026-05-06T01:04:44.294+0100][24.574s][info][gc,phases,start] GC(406) Phase 1: Mark live objects
[2026-05-06T01:04:44.299+0100][24.579s][info][gc,phases      ] GC(406) Phase 1: Mark live objects 5.221ms
[2026-05-06T01:04:44.299+0100][24.579s][info][gc,phases,start] GC(406) Phase 2: Compute new object addresses
[2026-05-06T01:04:44.301+0100][24.581s][info][gc,phases      ] GC(406) Phase 2: Compute new object addresses 1.396ms
[2026-05-06T01:04:44.301+0100][24.581s][info][gc,phases,start] GC(406) Phase 3: Adjust pointers
[2026-05-06T01:04:44.305+0100][24.585s][info][gc,phases      ] GC(406) Phase 3: Adjust pointers 4.001ms
[2026-05-06T01:04:44.305+0100][24.585s][info][gc,phases,start] GC(406) Phase 4: Move objects
[2026-05-06T01:04:44.305+0100][24.585s][info][gc,phases      ] GC(406) Phase 4: Move objects 0.004ms
[2026-05-06T01:04:44.305+0100][24.585s][info][gc,heap        ] GC(406) DefNew: 150950K(196288K)->0K(196288K) Eden: 150947K(174528K)->0K(174528K) From: 2K(21760K)->0K(21760K)
[2026-05-06T01:04:44.305+0100][24.585s][info][gc,heap        ] GC(406) Tenured: 203755K(435968K)->203735K(435968K)
[2026-05-06T01:04:44.305+0100][24.585s][info][gc,metaspace   ] GC(406) Metaspace: 19106K(19520K)->19106K(19520K) NonClass: 16875K(17088K)->16875K(17088K) Class: 2230K(2432K)->2230K(2432K)
[2026-05-06T01:04:44.305+0100][24.585s][info][gc             ] GC(406) Pause Full (System.gc()) 346M->198M(617M) 10.726ms
[2026-05-06T01:04:44.305+0100][24.585s][info][gc,cpu         ] GC(406) User=0.01s Sys=0.00s Real=0.01s
[2026-05-06T01:04:44.338+0100][24.618s][info][gc,start       ] GC(407) Pause Young (Allocation Failure)
[2026-05-06T01:04:44.338+0100][24.618s][info][gc,heap        ] GC(407) DefNew: 156439K(196288K)->2K(196288K) Eden: 156439K(174528K)->0K(174528K) From: 0K(21760K)->2K(21760K)
[2026-05-06T01:04:44.338+0100][24.618s][info][gc,heap        ] GC(407) Tenured: 203735K(435968K)->203735K(435968K)
[2026-05-06T01:04:44.338+0100][24.618s][info][gc,metaspace   ] GC(407) Metaspace: 19106K(19520K)->19106K(19520K) NonClass: 16875K(17088K)->16875K(17088K) Class: 2230K(2432K)->2230K(2432K)
[2026-05-06T01:04:44.338+0100][24.618s][info][gc             ] GC(407) Pause Young (Allocation Failure) 351M->198M(617M) 0.174ms
[2026-05-06T01:04:44.338+0100][24.618s][info][gc,cpu         ] GC(407) User=0.00s Sys=0.00s Real=0.00s
[2026-05-06T01:04:44.362+0100][24.642s][info][gc,start       ] GC(408) Pause Young (Allocation Failure)
[2026-05-06T01:04:44.362+0100][24.642s][info][gc,heap        ] GC(408) DefNew: 153605K(196288K)->2K(196288K) Eden: 153602K(174528K)->0K(174528K) From: 2K(21760K)->2K(21760K)
[2026-05-06T01:04:44.362+0100][24.642s][info][gc,heap        ] GC(408) Tenured: 203735K(435968K)->203735K(435968K)
[2026-05-06T01:04:44.362+0100][24.642s][info][gc,metaspace   ] GC(408) Metaspace: 19106K(19520K)->19106K(19520K) NonClass: 16875K(17088K)->16875K(17088K) Class: 2230K(2432K)->2230K(2432K)
[2026-05-06T01:04:44.362+0100][24.642s][info][gc             ] GC(408) Pause Young (Allocation Failure) 348M->198M(617M) 0.167ms
[2026-05-06T01:04:44.362+0100][24.642s][info][gc,cpu         ] GC(408) User=0.00s Sys=0.00s Real=0.00s
[2026-05-06T01:04:44.387+0100][24.666s][info][gc,start       ] GC(409) Pause Young (Allocation Failure)
[2026-05-06T01:04:44.387+0100][24.666s][info][gc,heap        ] GC(409) DefNew: 153606K(196288K)->2K(196288K) Eden: 153603K(174528K)->0K(174528K) From: 2K(21760K)->2K(21760K)
[2026-05-06T01:04:44.387+0100][24.666s][info][gc,heap        ] GC(409) Tenured: 203735K(435968K)->203735K(435968K)
[2026-05-06T01:04:44.387+0100][24.666s][info][gc,metaspace   ] GC(409) Metaspace: 19107K(19520K)->19107K(19520K) NonClass: 16877K(17088K)->16877K(17088K) Class: 2230K(2432K)->2230K(2432K)
[2026-05-06T01:04:44.387+0100][24.666s][info][gc             ] GC(409) Pause Young (Allocation Failure) 348M->198M(617M) 0.139ms
[2026-05-06T01:04:44.387+0100][24.666s][info][gc,cpu         ] GC(409) User=0.00s Sys=0.00s Real=0.00s
[2026-05-06T01:04:44.411+0100][24.691s][info][gc,start       ] GC(410) Pause Young (Allocation Failure)
[2026-05-06T01:04:44.411+0100][24.691s][info][gc,heap        ] GC(410) DefNew: 153619K(196288K)->2K(196288K) Eden: 153617K(174528K)->0K(174528K) From: 2K(21760K)->2K(21760K)
[2026-05-06T01:04:44.411+0100][24.691s][info][gc,heap        ] GC(410) Tenured: 203735K(435968K)->203735K(435968K)
[2026-05-06T01:04:44.411+0100][24.691s][info][gc,metaspace   ] GC(410) Metaspace: 19107K(19520K)->19107K(19520K) NonClass: 16877K(17088K)->16877K(17088K) Class: 2230K(2432K)->2230K(2432K)
[2026-05-06T01:04:44.411+0100][24.691s][info][gc             ] GC(410) Pause Young (Allocation Failure) 348M->198M(617M) 0.145ms
[2026-05-06T01:04:44.411+0100][24.691s][info][gc,cpu         ] GC(410) User=0.00s Sys=0.00s Real=0.00s
[2026-05-06T01:04:44.436+0100][24.715s][info][gc,start       ] GC(411) Pause Young (Allocation Failure)
[2026-05-06T01:04:44.436+0100][24.716s][info][gc,heap        ] GC(411) DefNew: 153605K(196288K)->2K(196288K) Eden: 153603K(174528K)->0K(174528K) From: 2K(21760K)->2K(21760K)
[2026-05-06T01:04:44.436+0100][24.716s][info][gc,heap        ] GC(411) Tenured: 203735K(435968K)->203735K(435968K)
[2026-05-06T01:04:44.436+0100][24.716s][info][gc,metaspace   ] GC(411) Metaspace: 19107K(19520K)->19107K(19520K) NonClass: 16877K(17088K)->16877K(17088K) Class: 2230K(2432K)->2230K(2432K)
[2026-05-06T01:04:44.436+0100][24.716s][info][gc             ] GC(411) Pause Young (Allocation Failure) 348M->198M(617M) 0.138ms
[2026-05-06T01:04:44.436+0100][24.716s][info][gc,cpu         ] GC(411) User=0.00s Sys=0.01s Real=0.00s
[2026-05-06T01:04:44.460+0100][24.740s][info][gc,start       ] GC(412) Pause Young (Allocation Failure)
[2026-05-06T01:04:44.460+0100][24.740s][info][gc,heap        ] GC(412) DefNew: 153621K(196288K)->2K(196288K) Eden: 153619K(174528K)->0K(174528K) From: 2K(21760K)->2K(21760K)
[2026-05-06T01:04:44.460+0100][24.740s][info][gc,heap        ] GC(412) Tenured: 203735K(435968K)->203735K(435968K)
[2026-05-06T01:04:44.460+0100][24.740s][info][gc,metaspace   ] GC(412) Metaspace: 19107K(19520K)->19107K(19520K) NonClass: 16877K(17088K)->16877K(17088K) Class: 2230K(2432K)->2230K(2432K)
[2026-05-06T01:04:44.460+0100][24.740s][info][gc             ] GC(412) Pause Young (Allocation Failure) 348M->198M(617M) 0.139ms
[2026-05-06T01:04:44.460+0100][24.740s][info][gc,cpu         ] GC(412) User=0.00s Sys=0.00s Real=0.00s
[2026-05-06T01:04:44.484+0100][24.764s][info][gc,start       ] GC(413) Pause Young (Allocation Failure)
[2026-05-06T01:04:44.485+0100][24.764s][info][gc,heap        ] GC(413) DefNew: 153611K(196288K)->2K(196288K) Eden: 153609K(174528K)->0K(174528K) From: 2K(21760K)->2K(21760K)
[2026-05-06T01:04:44.485+0100][24.764s][info][gc,heap        ] GC(413) Tenured: 203735K(435968K)->203735K(435968K)
[2026-05-06T01:04:44.485+0100][24.764s][info][gc,metaspace   ] GC(413) Metaspace: 19107K(19520K)->19107K(19520K) NonClass: 16877K(17088K)->16877K(17088K) Class: 2230K(2432K)->2230K(2432K)
[2026-05-06T01:04:44.485+0100][24.764s][info][gc             ] GC(413) Pause Young (Allocation Failure) 348M->198M(617M) 0.146ms
[2026-05-06T01:04:44.485+0100][24.764s][info][gc,cpu         ] GC(413) User=0.00s Sys=0.00s Real=0.00s
[2026-05-06T01:04:44.509+0100][24.788s][info][gc,start       ] GC(414) Pause Young (Allocation Failure)
[2026-05-06T01:04:44.509+0100][24.788s][info][gc,heap        ] GC(414) DefNew: 153643K(196288K)->2K(196288K) Eden: 153641K(174528K)->0K(174528K) From: 2K(21760K)->2K(21760K)
[2026-05-06T01:04:44.509+0100][24.788s][info][gc,heap        ] GC(414) Tenured: 203735K(435968K)->203735K(435968K)
[2026-05-06T01:04:44.509+0100][24.788s][info][gc,metaspace   ] GC(414) Metaspace: 19108K(19520K)->19108K(19520K) NonClass: 16877K(17088K)->16877K(17088K) Class: 2230K(2432K)->2230K(2432K)
[2026-05-06T01:04:44.509+0100][24.788s][info][gc             ] GC(414) Pause Young (Allocation Failure) 349M->198M(617M) 0.137ms
[2026-05-06T01:04:44.509+0100][24.788s][info][gc,cpu         ] GC(414) User=0.00s Sys=0.00s Real=0.00s
[2026-05-06T01:04:44.533+0100][24.812s][info][gc,start       ] GC(415) Pause Young (Allocation Failure)
[2026-05-06T01:04:44.533+0100][24.813s][info][gc,heap        ] GC(415) DefNew: 153613K(196288K)->2K(196288K) Eden: 153611K(174528K)->0K(174528K) From: 2K(21760K)->2K(21760K)
[2026-05-06T01:04:44.533+0100][24.813s][info][gc,heap        ] GC(415) Tenured: 203735K(435968K)->203735K(435968K)
[2026-05-06T01:04:44.533+0100][24.813s][info][gc,metaspace   ] GC(415) Metaspace: 19108K(19520K)->19108K(19520K) NonClass: 16877K(17088K)->16877K(17088K) Class: 2230K(2432K)->2230K(2432K)
[2026-05-06T01:04:44.533+0100][24.813s][info][gc             ] GC(415) Pause Young (Allocation Failure) 348M->198M(617M) 0.149ms
[2026-05-06T01:04:44.533+0100][24.813s][info][gc,cpu         ] GC(415) User=0.00s Sys=0.00s Real=0.00s
[2026-05-06T01:04:44.558+0100][24.837s][info][gc,start       ] GC(416) Pause Young (Allocation Failure)
[2026-05-06T01:04:44.558+0100][24.838s][info][gc,heap        ] GC(416) DefNew: 151620K(196288K)->2K(196288K) Eden: 151618K(174528K)->0K(174528K) From: 2K(21760K)->2K(21760K)
[2026-05-06T01:04:44.558+0100][24.838s][info][gc,heap        ] GC(416) Tenured: 203735K(435968K)->203735K(435968K)
[2026-05-06T01:04:44.558+0100][24.838s][info][gc,metaspace   ] GC(416) Metaspace: 19109K(19520K)->19109K(19520K) NonClass: 16879K(17088K)->16879K(17088K) Class: 2230K(2432K)->2230K(2432K)
[2026-05-06T01:04:44.558+0100][24.838s][info][gc             ] GC(416) Pause Young (Allocation Failure) 347M->198M(617M) 0.177ms
[2026-05-06T01:04:44.558+0100][24.838s][info][gc,cpu         ] GC(416) User=0.00s Sys=0.00s Real=0.00s
[2026-05-06T01:04:44.583+0100][24.862s][info][gc,start       ] GC(417) Pause Young (Allocation Failure)
[2026-05-06T01:04:44.583+0100][24.863s][info][gc,heap        ] GC(417) DefNew: 151550K(196288K)->2K(196288K) Eden: 151548K(174528K)->0K(174528K) From: 2K(21760K)->2K(21760K)
[2026-05-06T01:04:44.583+0100][24.863s][info][gc,heap        ] GC(417) Tenured: 203735K(435968K)->203735K(435968K)
[2026-05-06T01:04:44.583+0100][24.863s][info][gc,metaspace   ] GC(417) Metaspace: 19109K(19520K)->19109K(19520K) NonClass: 16879K(17088K)->16879K(17088K) Class: 2230K(2432K)->2230K(2432K)
[2026-05-06T01:04:44.583+0100][24.863s][info][gc             ] GC(417) Pause Young (Allocation Failure) 346M->198M(617M) 0.179ms
[2026-05-06T01:04:44.583+0100][24.863s][info][gc,cpu         ] GC(417) User=0.00s Sys=0.00s Real=0.00s
[2026-05-06T01:04:44.607+0100][24.887s][info][gc,start       ] GC(418) Pause Young (Allocation Failure)
[2026-05-06T01:04:44.607+0100][24.887s][info][gc,heap        ] GC(418) DefNew: 151560K(196288K)->2K(196288K) Eden: 151558K(174528K)->0K(174528K) From: 2K(21760K)->2K(21760K)
[2026-05-06T01:04:44.607+0100][24.887s][info][gc,heap        ] GC(418) Tenured: 203735K(435968K)->203735K(435968K)
[2026-05-06T01:04:44.607+0100][24.887s][info][gc,metaspace   ] GC(418) Metaspace: 19109K(19520K)->19109K(19520K) NonClass: 16879K(17088K)->16879K(17088K) Class: 2230K(2432K)->2230K(2432K)
[2026-05-06T01:04:44.607+0100][24.887s][info][gc             ] GC(418) Pause Young (Allocation Failure) 346M->198M(617M) 0.148ms
[2026-05-06T01:04:44.607+0100][24.887s][info][gc,cpu         ] GC(418) User=0.00s Sys=0.00s Real=0.00s
[2026-05-06T01:04:44.623+0100][24.902s][info][gc,start       ] GC(419) Pause Full (System.gc())
[2026-05-06T01:04:44.623+0100][24.902s][info][gc,phases,start] GC(419) Phase 1: Mark live objects
[2026-05-06T01:04:44.628+0100][24.908s][info][gc,phases      ] GC(419) Phase 1: Mark live objects 5.290ms
[2026-05-06T01:04:44.628+0100][24.908s][info][gc,phases,start] GC(419) Phase 2: Compute new object addresses
[2026-05-06T01:04:44.629+0100][24.909s][info][gc,phases      ] GC(419) Phase 2: Compute new object addresses 1.430ms
[2026-05-06T01:04:44.629+0100][24.909s][info][gc,phases,start] GC(419) Phase 3: Adjust pointers
[2026-05-06T01:04:44.633+0100][24.913s][info][gc,phases      ] GC(419) Phase 3: Adjust pointers 4.035ms
[2026-05-06T01:04:44.633+0100][24.913s][info][gc,phases,start] GC(419) Phase 4: Move objects
[2026-05-06T01:04:44.633+0100][24.913s][info][gc,phases      ] GC(419) Phase 4: Move objects 0.004ms
[2026-05-06T01:04:44.633+0100][24.913s][info][gc,heap        ] GC(419) DefNew: 150890K(196288K)->0K(196288K) Eden: 150888K(174528K)->0K(174528K) From: 2K(21760K)->0K(21760K)
[2026-05-06T01:04:44.633+0100][24.913s][info][gc,heap        ] GC(419) Tenured: 203735K(435968K)->203735K(435968K)
[2026-05-06T01:04:44.633+0100][24.913s][info][gc,metaspace   ] GC(419) Metaspace: 19109K(19520K)->19109K(19520K) NonClass: 16879K(17088K)->16879K(17088K) Class: 2230K(2432K)->2230K(2432K)
[2026-05-06T01:04:44.633+0100][24.913s][info][gc             ] GC(419) Pause Full (System.gc()) 346M->198M(617M) 10.850ms
[2026-05-06T01:04:44.633+0100][24.913s][info][gc,cpu         ] GC(419) User=0.01s Sys=0.00s Real=0.01s
[2026-05-06T01:04:44.668+0100][24.948s][info][gc,start       ] GC(420) Pause Young (Allocation Failure)
[2026-05-06T01:04:44.668+0100][24.948s][info][gc,heap        ] GC(420) DefNew: 152246K(196288K)->2K(196288K) Eden: 152246K(174528K)->0K(174528K) From: 0K(21760K)->2K(21760K)
[2026-05-06T01:04:44.668+0100][24.948s][info][gc,heap        ] GC(420) Tenured: 203735K(435968K)->203735K(435968K)
[2026-05-06T01:04:44.668+0100][24.948s][info][gc,metaspace   ] GC(420) Metaspace: 19109K(19520K)->19109K(19520K) NonClass: 16879K(17088K)->16879K(17088K) Class: 2230K(2432K)->2230K(2432K)
[2026-05-06T01:04:44.668+0100][24.948s][info][gc             ] GC(420) Pause Young (Allocation Failure) 347M->198M(617M) 0.188ms
[2026-05-06T01:04:44.668+0100][24.948s][info][gc,cpu         ] GC(420) User=0.00s Sys=0.00s Real=0.00s
[2026-05-06T01:04:44.694+0100][24.973s][info][gc,start       ] GC(421) Pause Young (Allocation Failure)
[2026-05-06T01:04:44.694+0100][24.973s][info][gc,heap        ] GC(421) DefNew: 151573K(196288K)->2K(196288K) Eden: 151571K(174528K)->0K(174528K) From: 2K(21760K)->2K(21760K)
[2026-05-06T01:04:44.694+0100][24.973s][info][gc,heap        ] GC(421) Tenured: 203735K(435968K)->203735K(435968K)
[2026-05-06T01:04:44.694+0100][24.973s][info][gc,metaspace   ] GC(421) Metaspace: 19109K(19520K)->19109K(19520K) NonClass: 16879K(17088K)->16879K(17088K) Class: 2230K(2432K)->2230K(2432K)
[2026-05-06T01:04:44.694+0100][24.973s][info][gc             ] GC(421) Pause Young (Allocation Failure) 346M->198M(617M) 0.203ms
[2026-05-06T01:04:44.694+0100][24.973s][info][gc,cpu         ] GC(421) User=0.00s Sys=0.00s Real=0.00s
[2026-05-06T01:04:44.719+0100][24.998s][info][gc,start       ] GC(422) Pause Young (Allocation Failure)
[2026-05-06T01:04:44.719+0100][24.998s][info][gc,heap        ] GC(422) DefNew: 151572K(196288K)->2K(196288K) Eden: 151570K(174528K)->0K(174528K) From: 2K(21760K)->2K(21760K)
[2026-05-06T01:04:44.719+0100][24.998s][info][gc,heap        ] GC(422) Tenured: 203735K(435968K)->203735K(435968K)
[2026-05-06T01:04:44.719+0100][24.998s][info][gc,metaspace   ] GC(422) Metaspace: 19109K(19520K)->19109K(19520K) NonClass: 16879K(17088K)->16879K(17088K) Class: 2230K(2432K)->2230K(2432K)
[2026-05-06T01:04:44.719+0100][24.998s][info][gc             ] GC(422) Pause Young (Allocation Failure) 346M->198M(617M) 0.175ms
[2026-05-06T01:04:44.719+0100][24.998s][info][gc,cpu         ] GC(422) User=0.00s Sys=0.00s Real=0.00s
[2026-05-06T01:04:44.744+0100][25.024s][info][gc,start       ] GC(423) Pause Young (Allocation Failure)
[2026-05-06T01:04:44.744+0100][25.024s][info][gc,heap        ] GC(423) DefNew: 151575K(196288K)->2K(196288K) Eden: 151572K(174528K)->0K(174528K) From: 2K(21760K)->2K(21760K)
[2026-05-06T01:04:44.744+0100][25.024s][info][gc,heap        ] GC(423) Tenured: 203735K(435968K)->203735K(435968K)
[2026-05-06T01:04:44.744+0100][25.024s][info][gc,metaspace   ] GC(423) Metaspace: 19109K(19520K)->19109K(19520K) NonClass: 16879K(17088K)->16879K(17088K) Class: 2230K(2432K)->2230K(2432K)
[2026-05-06T01:04:44.744+0100][25.024s][info][gc             ] GC(423) Pause Young (Allocation Failure) 346M->198M(617M) 0.171ms
[2026-05-06T01:04:44.744+0100][25.024s][info][gc,cpu         ] GC(423) User=0.00s Sys=0.00s Real=0.00s
[2026-05-06T01:04:44.769+0100][25.049s][info][gc,start       ] GC(424) Pause Young (Allocation Failure)
[2026-05-06T01:04:44.769+0100][25.049s][info][gc,heap        ] GC(424) DefNew: 151574K(196288K)->2K(196288K) Eden: 151572K(174528K)->0K(174528K) From: 2K(21760K)->2K(21760K)
[2026-05-06T01:04:44.769+0100][25.049s][info][gc,heap        ] GC(424) Tenured: 203735K(435968K)->203735K(435968K)
[2026-05-06T01:04:44.769+0100][25.049s][info][gc,metaspace   ] GC(424) Metaspace: 19109K(19520K)->19109K(19520K) NonClass: 16879K(17088K)->16879K(17088K) Class: 2230K(2432K)->2230K(2432K)
[2026-05-06T01:04:44.769+0100][25.049s][info][gc             ] GC(424) Pause Young (Allocation Failure) 346M->198M(617M) 0.166ms
[2026-05-06T01:04:44.769+0100][25.049s][info][gc,cpu         ] GC(424) User=0.00s Sys=0.00s Real=0.00s
[2026-05-06T01:04:44.794+0100][25.074s][info][gc,start       ] GC(425) Pause Young (Allocation Failure)
[2026-05-06T01:04:44.794+0100][25.074s][info][gc,heap        ] GC(425) DefNew: 151577K(196288K)->2K(196288K) Eden: 151575K(174528K)->0K(174528K) From: 2K(21760K)->2K(21760K)
[2026-05-06T01:04:44.794+0100][25.074s][info][gc,heap        ] GC(425) Tenured: 203735K(435968K)->203735K(435968K)
[2026-05-06T01:04:44.794+0100][25.074s][info][gc,metaspace   ] GC(425) Metaspace: 19109K(19520K)->19109K(19520K) NonClass: 16879K(17088K)->16879K(17088K) Class: 2230K(2432K)->2230K(2432K)
[2026-05-06T01:04:44.794+0100][25.074s][info][gc             ] GC(425) Pause Young (Allocation Failure) 346M->198M(617M) 0.144ms
[2026-05-06T01:04:44.794+0100][25.074s][info][gc,cpu         ] GC(425) User=0.00s Sys=0.00s Real=0.00s
[2026-05-06T01:04:44.819+0100][25.098s][info][gc,start       ] GC(426) Pause Young (Allocation Failure)
[2026-05-06T01:04:44.819+0100][25.099s][info][gc,heap        ] GC(426) DefNew: 151571K(196288K)->2K(196288K) Eden: 151568K(174528K)->0K(174528K) From: 2K(21760K)->2K(21760K)
[2026-05-06T01:04:44.819+0100][25.099s][info][gc,heap        ] GC(426) Tenured: 203735K(435968K)->203735K(435968K)
[2026-05-06T01:04:44.819+0100][25.099s][info][gc,metaspace   ] GC(426) Metaspace: 19109K(19520K)->19109K(19520K) NonClass: 16879K(17088K)->16879K(17088K) Class: 2230K(2432K)->2230K(2432K)
[2026-05-06T01:04:44.819+0100][25.099s][info][gc             ] GC(426) Pause Young (Allocation Failure) 346M->198M(617M) 0.134ms
[2026-05-06T01:04:44.819+0100][25.099s][info][gc,cpu         ] GC(426) User=0.00s Sys=0.00s Real=0.00s
[2026-05-06T01:04:44.844+0100][25.124s][info][gc,start       ] GC(427) Pause Young (Allocation Failure)
[2026-05-06T01:04:44.844+0100][25.124s][info][gc,heap        ] GC(427) DefNew: 151581K(196288K)->2K(196288K) Eden: 151579K(174528K)->0K(174528K) From: 2K(21760K)->2K(21760K)
[2026-05-06T01:04:44.844+0100][25.124s][info][gc,heap        ] GC(427) Tenured: 203735K(435968K)->203735K(435968K)
[2026-05-06T01:04:44.844+0100][25.124s][info][gc,metaspace   ] GC(427) Metaspace: 19109K(19520K)->19109K(19520K) NonClass: 16879K(17088K)->16879K(17088K) Class: 2230K(2432K)->2230K(2432K)
[2026-05-06T01:04:44.844+0100][25.124s][info][gc             ] GC(427) Pause Young (Allocation Failure) 346M->198M(617M) 0.172ms
[2026-05-06T01:04:44.844+0100][25.124s][info][gc,cpu         ] GC(427) User=0.00s Sys=0.00s Real=0.00s
[2026-05-06T01:04:44.869+0100][25.148s][info][gc,start       ] GC(428) Pause Young (Allocation Failure)
[2026-05-06T01:04:44.869+0100][25.148s][info][gc,heap        ] GC(428) DefNew: 151579K(196288K)->2K(196288K) Eden: 151577K(174528K)->0K(174528K) From: 2K(21760K)->2K(21760K)
[2026-05-06T01:04:44.869+0100][25.148s][info][gc,heap        ] GC(428) Tenured: 203735K(435968K)->203735K(435968K)
[2026-05-06T01:04:44.869+0100][25.148s][info][gc,metaspace   ] GC(428) Metaspace: 19109K(19520K)->19109K(19520K) NonClass: 16879K(17088K)->16879K(17088K) Class: 2230K(2432K)->2230K(2432K)
[2026-05-06T01:04:44.869+0100][25.148s][info][gc             ] GC(428) Pause Young (Allocation Failure) 346M->198M(617M) 0.142ms
[2026-05-06T01:04:44.869+0100][25.148s][info][gc,cpu         ] GC(428) User=0.00s Sys=0.00s Real=0.00s
[2026-05-06T01:04:44.895+0100][25.174s][info][gc,start       ] GC(429) Pause Young (Allocation Failure)
[2026-05-06T01:04:44.895+0100][25.175s][info][gc,heap        ] GC(429) DefNew: 151064K(196288K)->2K(196288K) Eden: 151062K(174528K)->0K(174528K) From: 2K(21760K)->2K(21760K)
[2026-05-06T01:04:44.895+0100][25.175s][info][gc,heap        ] GC(429) Tenured: 203735K(435968K)->203735K(435968K)
[2026-05-06T01:04:44.895+0100][25.175s][info][gc,metaspace   ] GC(429) Metaspace: 19109K(19520K)->19109K(19520K) NonClass: 16879K(17088K)->16879K(17088K) Class: 2230K(2432K)->2230K(2432K)
[2026-05-06T01:04:44.895+0100][25.175s][info][gc             ] GC(429) Pause Young (Allocation Failure) 346M->198M(617M) 0.229ms
[2026-05-06T01:04:44.895+0100][25.175s][info][gc,cpu         ] GC(429) User=0.00s Sys=0.00s Real=0.00s
[2026-05-06T01:04:44.924+0100][25.204s][info][gc,start       ] GC(430) Pause Young (Allocation Failure)
[2026-05-06T01:04:44.924+0100][25.204s][info][gc,heap        ] GC(430) DefNew: 151047K(196288K)->2K(196288K) Eden: 151044K(174528K)->0K(174528K) From: 2K(21760K)->2K(21760K)
[2026-05-06T01:04:44.924+0100][25.204s][info][gc,heap        ] GC(430) Tenured: 203735K(435968K)->203735K(435968K)
[2026-05-06T01:04:44.924+0100][25.204s][info][gc,metaspace   ] GC(430) Metaspace: 19109K(19520K)->19109K(19520K) NonClass: 16879K(17088K)->16879K(17088K) Class: 2230K(2432K)->2230K(2432K)
[2026-05-06T01:04:44.924+0100][25.204s][info][gc             ] GC(430) Pause Young (Allocation Failure) 346M->198M(617M) 0.208ms
[2026-05-06T01:04:44.924+0100][25.204s][info][gc,cpu         ] GC(430) User=0.00s Sys=0.00s Real=0.00s
[2026-05-06T01:04:44.952+0100][25.231s][info][gc,start       ] GC(431) Pause Young (Allocation Failure)
[2026-05-06T01:04:44.952+0100][25.231s][info][gc,heap        ] GC(431) DefNew: 151049K(196288K)->2K(196288K) Eden: 151046K(174528K)->0K(174528K) From: 2K(21760K)->2K(21760K)
[2026-05-06T01:04:44.952+0100][25.231s][info][gc,heap        ] GC(431) Tenured: 203735K(435968K)->203735K(435968K)
[2026-05-06T01:04:44.952+0100][25.231s][info][gc,metaspace   ] GC(431) Metaspace: 19109K(19520K)->19109K(19520K) NonClass: 16879K(17088K)->16879K(17088K) Class: 2230K(2432K)->2230K(2432K)
[2026-05-06T01:04:44.952+0100][25.231s][info][gc             ] GC(431) Pause Young (Allocation Failure) 346M->198M(617M) 0.215ms
[2026-05-06T01:04:44.952+0100][25.231s][info][gc,cpu         ] GC(431) User=0.00s Sys=0.00s Real=0.00s
[2026-05-06T01:04:44.971+0100][25.250s][info][gc,start       ] GC(432) Pause Full (System.gc())
[2026-05-06T01:04:44.971+0100][25.250s][info][gc,phases,start] GC(432) Phase 1: Mark live objects
[2026-05-06T01:04:44.977+0100][25.256s][info][gc,phases      ] GC(432) Phase 1: Mark live objects 5.998ms
[2026-05-06T01:04:44.977+0100][25.256s][info][gc,phases,start] GC(432) Phase 2: Compute new object addresses
[2026-05-06T01:04:44.978+0100][25.258s][info][gc,phases      ] GC(432) Phase 2: Compute new object addresses 1.611ms
[2026-05-06T01:04:44.978+0100][25.258s][info][gc,phases,start] GC(432) Phase 3: Adjust pointers
[2026-05-06T01:04:44.982+0100][25.262s][info][gc,phases      ] GC(432) Phase 3: Adjust pointers 4.068ms
[2026-05-06T01:04:44.982+0100][25.262s][info][gc,phases,start] GC(432) Phase 4: Move objects
[2026-05-06T01:04:44.982+0100][25.262s][info][gc,phases      ] GC(432) Phase 4: Move objects 0.005ms
[2026-05-06T01:04:44.982+0100][25.262s][info][gc,heap        ] GC(432) DefNew: 150893K(196288K)->0K(196288K) Eden: 150890K(174528K)->0K(174528K) From: 2K(21760K)->0K(21760K)
[2026-05-06T01:04:44.982+0100][25.262s][info][gc,heap        ] GC(432) Tenured: 203735K(435968K)->203736K(435968K)
[2026-05-06T01:04:44.982+0100][25.262s][info][gc,metaspace   ] GC(432) Metaspace: 19109K(19520K)->19109K(19520K) NonClass: 16879K(17088K)->16879K(17088K) Class: 2230K(2432K)->2230K(2432K)
[2026-05-06T01:04:44.982+0100][25.262s][info][gc             ] GC(432) Pause Full (System.gc()) 346M->198M(617M) 11.844ms
[2026-05-06T01:04:44.982+0100][25.262s][info][gc,cpu         ] GC(432) User=0.01s Sys=0.00s Real=0.01s
[2026-05-06T01:04:45.020+0100][25.300s][info][gc,start       ] GC(433) Pause Young (Allocation Failure)
[2026-05-06T01:04:45.020+0100][25.300s][info][gc,heap        ] GC(433) DefNew: 151221K(196288K)->2K(196288K) Eden: 151221K(174528K)->0K(174528K) From: 0K(21760K)->2K(21760K)
[2026-05-06T01:04:45.020+0100][25.300s][info][gc,heap        ] GC(433) Tenured: 203736K(435968K)->203736K(435968K)
[2026-05-06T01:04:45.020+0100][25.300s][info][gc,metaspace   ] GC(433) Metaspace: 19109K(19520K)->19109K(19520K) NonClass: 16879K(17088K)->16879K(17088K) Class: 2230K(2432K)->2230K(2432K)
[2026-05-06T01:04:45.020+0100][25.300s][info][gc             ] GC(433) Pause Young (Allocation Failure) 346M->198M(617M) 0.222ms
[2026-05-06T01:04:45.020+0100][25.300s][info][gc,cpu         ] GC(433) User=0.00s Sys=0.00s Real=0.00s
[2026-05-06T01:04:45.049+0100][25.329s][info][gc,start       ] GC(434) Pause Young (Allocation Failure)
[2026-05-06T01:04:45.049+0100][25.329s][info][gc,heap        ] GC(434) DefNew: 151052K(196288K)->2K(196288K) Eden: 151049K(174528K)->0K(174528K) From: 2K(21760K)->2K(21760K)
[2026-05-06T01:04:45.049+0100][25.329s][info][gc,heap        ] GC(434) Tenured: 203736K(435968K)->203736K(435968K)
[2026-05-06T01:04:45.049+0100][25.329s][info][gc,metaspace   ] GC(434) Metaspace: 19109K(19520K)->19109K(19520K) NonClass: 16879K(17088K)->16879K(17088K) Class: 2230K(2432K)->2230K(2432K)
[2026-05-06T01:04:45.049+0100][25.329s][info][gc             ] GC(434) Pause Young (Allocation Failure) 346M->198M(617M) 0.203ms
[2026-05-06T01:04:45.049+0100][25.329s][info][gc,cpu         ] GC(434) User=0.00s Sys=0.00s Real=0.00s
[2026-05-06T01:04:45.078+0100][25.358s][info][gc,start       ] GC(435) Pause Young (Allocation Failure)
[2026-05-06T01:04:45.079+0100][25.358s][info][gc,heap        ] GC(435) DefNew: 151050K(196288K)->2K(196288K) Eden: 151048K(174528K)->0K(174528K) From: 2K(21760K)->2K(21760K)
[2026-05-06T01:04:45.079+0100][25.358s][info][gc,heap        ] GC(435) Tenured: 203736K(435968K)->203736K(435968K)
[2026-05-06T01:04:45.079+0100][25.358s][info][gc,metaspace   ] GC(435) Metaspace: 19109K(19520K)->19109K(19520K) NonClass: 16879K(17088K)->16879K(17088K) Class: 2230K(2432K)->2230K(2432K)
[2026-05-06T01:04:45.079+0100][25.358s][info][gc             ] GC(435) Pause Young (Allocation Failure) 346M->198M(617M) 0.229ms
[2026-05-06T01:04:45.079+0100][25.358s][info][gc,cpu         ] GC(435) User=0.00s Sys=0.00s Real=0.00s
[2026-05-06T01:04:45.106+0100][25.386s][info][gc,start       ] GC(436) Pause Young (Allocation Failure)
[2026-05-06T01:04:45.106+0100][25.386s][info][gc,heap        ] GC(436) DefNew: 151058K(196288K)->2K(196288K) Eden: 151056K(174528K)->0K(174528K) From: 2K(21760K)->2K(21760K)
[2026-05-06T01:04:45.106+0100][25.386s][info][gc,heap        ] GC(436) Tenured: 203736K(435968K)->203736K(435968K)
[2026-05-06T01:04:45.106+0100][25.386s][info][gc,metaspace   ] GC(436) Metaspace: 19109K(19520K)->19109K(19520K) NonClass: 16879K(17088K)->16879K(17088K) Class: 2230K(2432K)->2230K(2432K)
[2026-05-06T01:04:45.106+0100][25.386s][info][gc             ] GC(436) Pause Young (Allocation Failure) 346M->198M(617M) 0.217ms
[2026-05-06T01:04:45.106+0100][25.386s][info][gc,cpu         ] GC(436) User=0.00s Sys=0.00s Real=0.00s
[2026-05-06T01:04:45.132+0100][25.412s][info][gc,start       ] GC(437) Pause Young (Allocation Failure)
[2026-05-06T01:04:45.133+0100][25.412s][info][gc,heap        ] GC(437) DefNew: 151051K(196288K)->2K(196288K) Eden: 151049K(174528K)->0K(174528K) From: 2K(21760K)->2K(21760K)
[2026-05-06T01:04:45.133+0100][25.412s][info][gc,heap        ] GC(437) Tenured: 203736K(435968K)->203736K(435968K)
[2026-05-06T01:04:45.133+0100][25.412s][info][gc,metaspace   ] GC(437) Metaspace: 19109K(19520K)->19109K(19520K) NonClass: 16879K(17088K)->16879K(17088K) Class: 2230K(2432K)->2230K(2432K)
[2026-05-06T01:04:45.133+0100][25.412s][info][gc             ] GC(437) Pause Young (Allocation Failure) 346M->198M(617M) 0.209ms
[2026-05-06T01:04:45.133+0100][25.412s][info][gc,cpu         ] GC(437) User=0.00s Sys=0.00s Real=0.00s
[2026-05-06T01:04:45.158+0100][25.437s][info][gc,start       ] GC(438) Pause Young (Allocation Failure)
[2026-05-06T01:04:45.158+0100][25.438s][info][gc,heap        ] GC(438) DefNew: 151054K(196288K)->2K(196288K) Eden: 151052K(174528K)->0K(174528K) From: 2K(21760K)->2K(21760K)
[2026-05-06T01:04:45.158+0100][25.438s][info][gc,heap        ] GC(438) Tenured: 203736K(435968K)->203736K(435968K)
[2026-05-06T01:04:45.158+0100][25.438s][info][gc,metaspace   ] GC(438) Metaspace: 19109K(19520K)->19109K(19520K) NonClass: 16879K(17088K)->16879K(17088K) Class: 2230K(2432K)->2230K(2432K)
[2026-05-06T01:04:45.158+0100][25.438s][info][gc             ] GC(438) Pause Young (Allocation Failure) 346M->198M(617M) 0.165ms
[2026-05-06T01:04:45.158+0100][25.438s][info][gc,cpu         ] GC(438) User=0.00s Sys=0.00s Real=0.00s
[2026-05-06T01:04:45.183+0100][25.463s][info][gc,start       ] GC(439) Pause Young (Allocation Failure)
[2026-05-06T01:04:45.184+0100][25.463s][info][gc,heap        ] GC(439) DefNew: 151053K(196288K)->2K(196288K) Eden: 151051K(174528K)->0K(174528K) From: 2K(21760K)->2K(21760K)
[2026-05-06T01:04:45.184+0100][25.463s][info][gc,heap        ] GC(439) Tenured: 203736K(435968K)->203736K(435968K)
[2026-05-06T01:04:45.184+0100][25.463s][info][gc,metaspace   ] GC(439) Metaspace: 19109K(19520K)->19109K(19520K) NonClass: 16879K(17088K)->16879K(17088K) Class: 2230K(2432K)->2230K(2432K)
[2026-05-06T01:04:45.184+0100][25.463s][info][gc             ] GC(439) Pause Young (Allocation Failure) 346M->198M(617M) 0.135ms
[2026-05-06T01:04:45.184+0100][25.463s][info][gc,cpu         ] GC(439) User=0.00s Sys=0.00s Real=0.00s
[2026-05-06T01:04:45.209+0100][25.488s][info][gc,start       ] GC(440) Pause Young (Allocation Failure)
[2026-05-06T01:04:45.209+0100][25.488s][info][gc,heap        ] GC(440) DefNew: 151057K(196288K)->2K(196288K) Eden: 151055K(174528K)->0K(174528K) From: 2K(21760K)->2K(21760K)
[2026-05-06T01:04:45.209+0100][25.488s][info][gc,heap        ] GC(440) Tenured: 203736K(435968K)->203736K(435968K)
[2026-05-06T01:04:45.209+0100][25.488s][info][gc,metaspace   ] GC(440) Metaspace: 19109K(19520K)->19109K(19520K) NonClass: 16879K(17088K)->16879K(17088K) Class: 2230K(2432K)->2230K(2432K)
[2026-05-06T01:04:45.209+0100][25.488s][info][gc             ] GC(440) Pause Young (Allocation Failure) 346M->198M(617M) 0.140ms
[2026-05-06T01:04:45.209+0100][25.488s][info][gc,cpu         ] GC(440) User=0.00s Sys=0.00s Real=0.00s
[2026-05-06T01:04:45.234+0100][25.514s][info][gc,start       ] GC(441) Pause Young (Allocation Failure)
[2026-05-06T01:04:45.234+0100][25.514s][info][gc,heap        ] GC(441) DefNew: 151051K(196288K)->2K(196288K) Eden: 151049K(174528K)->0K(174528K) From: 2K(21760K)->2K(21760K)
[2026-05-06T01:04:45.234+0100][25.514s][info][gc,heap        ] GC(441) Tenured: 203736K(435968K)->203736K(435968K)
[2026-05-06T01:04:45.234+0100][25.514s][info][gc,metaspace   ] GC(441) Metaspace: 19109K(19520K)->19109K(19520K) NonClass: 16879K(17088K)->16879K(17088K) Class: 2230K(2432K)->2230K(2432K)
[2026-05-06T01:04:45.234+0100][25.514s][info][gc             ] GC(441) Pause Young (Allocation Failure) 346M->198M(617M) 0.145ms
[2026-05-06T01:04:45.234+0100][25.514s][info][gc,cpu         ] GC(441) User=0.00s Sys=0.00s Real=0.00s
[2026-05-06T01:04:45.764+0100][26.043s][info][gc,start       ] GC(442) Pause Young (Allocation Failure)
[2026-05-06T01:04:45.765+0100][26.045s][info][gc,heap        ] GC(442) DefNew: 174530K(196288K)->3238K(196288K) Eden: 174528K(174528K)->0K(174528K) From: 2K(21760K)->3238K(21760K)
[2026-05-06T01:04:45.765+0100][26.045s][info][gc,heap        ] GC(442) Tenured: 203736K(435968K)->203736K(435968K)
[2026-05-06T01:04:45.765+0100][26.045s][info][gc,metaspace   ] GC(442) Metaspace: 23358K(23744K)->23358K(23744K) NonClass: 20696K(20928K)->20696K(20928K) Class: 2662K(2816K)->2662K(2816K)
[2026-05-06T01:04:45.765+0100][26.045s][info][gc             ] GC(442) Pause Young (Allocation Failure) 369M->202M(617M) 1.453ms
[2026-05-06T01:04:45.765+0100][26.045s][info][gc,cpu         ] GC(442) User=0.00s Sys=0.00s Real=0.00s
[2026-05-06T01:04:45.995+0100][26.275s][info][gc,heap,exit   ] Heap
[2026-05-06T01:04:45.995+0100][26.275s][info][gc,heap,exit   ]  def new generation   total 196288K, used 91164K [0x0000000700000000, 0x000000070d4f0000, 0x0000000755550000)
[2026-05-06T01:04:45.995+0100][26.275s][info][gc,heap,exit   ]   eden space 174528K,  50% used [0x0000000700000000, 0x00000007055dd648, 0x000000070aa70000)
[2026-05-06T01:04:45.995+0100][26.275s][info][gc,heap,exit   ]   from space 21760K,  14% used [0x000000070aa70000, 0x000000070ad99bc8, 0x000000070bfb0000)
[2026-05-06T01:04:45.995+0100][26.275s][info][gc,heap,exit   ]   to   space 21760K,   0% used [0x000000070bfb0000, 0x000000070bfb0000, 0x000000070d4f0000)
[2026-05-06T01:04:45.995+0100][26.275s][info][gc,heap,exit   ]  tenured generation   total 435968K, used 203736K [0x0000000755550000, 0x000000076ff10000, 0x0000000800000000)
[2026-05-06T01:04:45.995+0100][26.275s][info][gc,heap,exit   ]    the space 435968K,  46% used [0x0000000755550000, 0x0000000761c46038, 0x0000000761c46200, 0x000000076ff10000)
[2026-05-06T01:04:45.995+0100][26.275s][info][gc,heap,exit   ]  Metaspace       used 23816K, committed 24192K, reserved 1114112K
[2026-05-06T01:04:45.995+0100][26.275s][info][gc,heap,exit   ]   class space    used 2692K, committed 2880K, reserved 1048576K
