[2026-05-06T01:33:04.715+0100][0.004s][info][gc,init] CardTable entry size: 512
[2026-05-06T01:33:04.715+0100][0.004s][info][gc     ] Using Serial
[2026-05-06T01:33:04.715+0100][0.005s][info][gc,init] Version: 21.0.6+7-LTS (release)
[2026-05-06T01:33:04.715+0100][0.005s][info][gc,init] CPUs: 11 total, 11 available
[2026-05-06T01:33:04.715+0100][0.005s][info][gc,init] Memory: 18432M
[2026-05-06T01:33:04.716+0100][0.005s][info][gc,init] Large Page Support: Disabled
[2026-05-06T01:33:04.716+0100][0.005s][info][gc,init] NUMA Support: Disabled
[2026-05-06T01:33:04.716+0100][0.005s][info][gc,init] Compressed Oops: Enabled (Zero based)
[2026-05-06T01:33:04.716+0100][0.005s][info][gc,init] Heap Min Capacity: 8M
[2026-05-06T01:33:04.716+0100][0.005s][info][gc,init] Heap Initial Capacity: 288M
[2026-05-06T01:33:04.716+0100][0.005s][info][gc,init] Heap Max Capacity: 4G
[2026-05-06T01:33:04.716+0100][0.005s][info][gc,init] Pre-touch: Disabled
[2026-05-06T01:33:04.719+0100][0.008s][info][gc,metaspace] CDS archive(s) mapped at: [0x0000007000000000-0x0000007000c90000-0x0000007000c90000), size 13172736, SharedBaseAddress: 0x0000007000000000, ArchiveRelocationMode: 1.
[2026-05-06T01:33:04.719+0100][0.008s][info][gc,metaspace] Compressed class space mapped at: 0x0000007001000000-0x0000007041000000, reserved size: 1073741824
[2026-05-06T01:33:04.719+0100][0.008s][info][gc,metaspace] Narrow klass base: 0x0000007000000000, Narrow klass shift: 0, Narrow klass range: 0x100000000
[2026-05-06T01:33:05.379+0100][0.668s][info][gc,start    ] GC(0) Pause Young (Allocation Failure)
[2026-05-06T01:33:05.386+0100][0.675s][info][gc,heap     ] GC(0) DefNew: 78720K(88512K)->6514K(88512K) Eden: 78720K(78720K)->0K(78720K) From: 0K(9792K)->6514K(9792K)
[2026-05-06T01:33:05.386+0100][0.675s][info][gc,heap     ] GC(0) Tenured: 1055K(196608K)->1055K(196608K)
[2026-05-06T01:33:05.386+0100][0.675s][info][gc,metaspace] GC(0) Metaspace: 13902K(14144K)->13902K(14144K) NonClass: 12220K(12352K)->12220K(12352K) Class: 1682K(1792K)->1682K(1792K)
[2026-05-06T01:33:05.386+0100][0.675s][info][gc          ] GC(0) Pause Young (Allocation Failure) 77M->7M(278M) 7.137ms
[2026-05-06T01:33:05.386+0100][0.675s][info][gc,cpu      ] GC(0) User=0.01s Sys=0.00s Real=0.01s
[2026-05-06T01:33:05.608+0100][0.897s][info][gc,start    ] GC(1) Pause Young (Allocation Failure)
[2026-05-06T01:33:05.617+0100][0.906s][info][gc,heap     ] GC(1) DefNew: 85234K(88512K)->9791K(88512K) Eden: 78720K(78720K)->0K(78720K) From: 6514K(9792K)->9791K(9792K)
[2026-05-06T01:33:05.617+0100][0.906s][info][gc,heap     ] GC(1) Tenured: 1055K(196608K)->15832K(196608K)
[2026-05-06T01:33:05.617+0100][0.906s][info][gc,metaspace] GC(1) Metaspace: 17816K(18240K)->17816K(18240K) NonClass: 15713K(15936K)->15713K(15936K) Class: 2102K(2304K)->2102K(2304K)
[2026-05-06T01:33:05.617+0100][0.906s][info][gc          ] GC(1) Pause Young (Allocation Failure) 84M->25M(278M) 9.467ms
[2026-05-06T01:33:05.617+0100][0.906s][info][gc,cpu      ] GC(1) User=0.02s Sys=0.00s Real=0.01s
[2026-05-06T01:33:05.667+0100][0.956s][info][gc,start    ] GC(2) Pause Young (Allocation Failure)
[2026-05-06T01:33:05.671+0100][0.960s][info][gc,heap     ] GC(2) DefNew: 88511K(88512K)->26K(88512K) Eden: 78720K(78720K)->0K(78720K) From: 9791K(9792K)->26K(9792K)
[2026-05-06T01:33:05.671+0100][0.960s][info][gc,heap     ] GC(2) Tenured: 15832K(196608K)->53271K(196608K)
[2026-05-06T01:33:05.671+0100][0.960s][info][gc,metaspace] GC(2) Metaspace: 17816K(18240K)->17816K(18240K) NonClass: 15713K(15936K)->15713K(15936K) Class: 2102K(2304K)->2102K(2304K)
[2026-05-06T01:33:05.671+0100][0.960s][info][gc          ] GC(2) Pause Young (Allocation Failure) 101M->52M(278M) 4.131ms
[2026-05-06T01:33:05.671+0100][0.960s][info][gc,cpu      ] GC(2) User=0.00s Sys=0.00s Real=0.01s
[2026-05-06T01:33:05.712+0100][1.001s][info][gc,start    ] GC(3) Pause Young (Allocation Failure)
[2026-05-06T01:33:05.715+0100][1.004s][info][gc,heap     ] GC(3) DefNew: 78746K(88512K)->1K(88512K) Eden: 78720K(78720K)->0K(78720K) From: 26K(9792K)->1K(9792K)
[2026-05-06T01:33:05.715+0100][1.004s][info][gc,heap     ] GC(3) Tenured: 53271K(196608K)->90135K(196608K)
[2026-05-06T01:33:05.715+0100][1.004s][info][gc,metaspace] GC(3) Metaspace: 17817K(18240K)->17817K(18240K) NonClass: 15714K(15936K)->15714K(15936K) Class: 2102K(2304K)->2102K(2304K)
[2026-05-06T01:33:05.715+0100][1.004s][info][gc          ] GC(3) Pause Young (Allocation Failure) 128M->88M(278M) 2.815ms
[2026-05-06T01:33:05.715+0100][1.004s][info][gc,cpu      ] GC(3) User=0.00s Sys=0.00s Real=0.00s
[2026-05-06T01:33:05.761+0100][1.050s][info][gc,start    ] GC(4) Pause Young (Allocation Failure)
[2026-05-06T01:33:05.761+0100][1.050s][info][gc,heap     ] GC(4) DefNew: 78721K(88512K)->0K(88512K) Eden: 78720K(78720K)->0K(78720K) From: 1K(9792K)->0K(9792K)
[2026-05-06T01:33:05.761+0100][1.050s][info][gc,heap     ] GC(4) Tenured: 90135K(196608K)->90135K(196608K)
[2026-05-06T01:33:05.761+0100][1.050s][info][gc,metaspace] GC(4) Metaspace: 17817K(18240K)->17817K(18240K) NonClass: 15714K(15936K)->15714K(15936K) Class: 2102K(2304K)->2102K(2304K)
[2026-05-06T01:33:05.761+0100][1.050s][info][gc          ] GC(4) Pause Young (Allocation Failure) 164M->88M(278M) 0.172ms
[2026-05-06T01:33:05.761+0100][1.050s][info][gc,cpu      ] GC(4) User=0.00s Sys=0.00s Real=0.00s
[2026-05-06T01:33:05.809+0100][1.098s][info][gc,start    ] GC(5) Pause Young (Allocation Failure)
[2026-05-06T01:33:05.809+0100][1.098s][info][gc,heap     ] GC(5) DefNew: 78720K(88512K)->0K(88512K) Eden: 78720K(78720K)->0K(78720K) From: 0K(9792K)->0K(9792K)
[2026-05-06T01:33:05.809+0100][1.098s][info][gc,heap     ] GC(5) Tenured: 90135K(196608K)->90135K(196608K)
[2026-05-06T01:33:05.809+0100][1.098s][info][gc,metaspace] GC(5) Metaspace: 17817K(18240K)->17817K(18240K) NonClass: 15714K(15936K)->15714K(15936K) Class: 2102K(2304K)->2102K(2304K)
[2026-05-06T01:33:05.809+0100][1.098s][info][gc          ] GC(5) Pause Young (Allocation Failure) 164M->88M(278M) 0.179ms
[2026-05-06T01:33:05.809+0100][1.098s][info][gc,cpu      ] GC(5) User=0.01s Sys=0.00s Real=0.00s
[2026-05-06T01:33:05.832+0100][1.121s][info][gc,start    ] GC(6) Pause Young (Allocation Failure)
[2026-05-06T01:33:05.832+0100][1.121s][info][gc          ] GC(6) Pause Young (Allocation Failure) 123M->88M(278M) 0.233ms
[2026-05-06T01:33:05.832+0100][1.121s][info][gc,cpu      ] GC(6) User=0.00s Sys=0.00s Real=0.00s
[2026-05-06T01:33:05.832+0100][1.121s][info][gc,start    ] GC(7) Pause Full (Allocation Failure)
[2026-05-06T01:33:05.832+0100][1.121s][info][gc,phases,start] GC(7) Phase 1: Mark live objects
[2026-05-06T01:33:05.838+0100][1.127s][info][gc,phases      ] GC(7) Phase 1: Mark live objects 5.727ms
[2026-05-06T01:33:05.838+0100][1.127s][info][gc,phases,start] GC(7) Phase 2: Compute new object addresses
[2026-05-06T01:33:05.840+0100][1.129s][info][gc,phases      ] GC(7) Phase 2: Compute new object addresses 1.419ms
[2026-05-06T01:33:05.840+0100][1.129s][info][gc,phases,start] GC(7) Phase 3: Adjust pointers
[2026-05-06T01:33:05.844+0100][1.133s][info][gc,phases      ] GC(7) Phase 3: Adjust pointers 4.036ms
[2026-05-06T01:33:05.844+0100][1.133s][info][gc,phases,start] GC(7) Phase 4: Move objects
[2026-05-06T01:33:05.845+0100][1.134s][info][gc,phases      ] GC(7) Phase 4: Move objects 1.631ms
[2026-05-06T01:33:05.845+0100][1.134s][info][gc,heap        ] GC(7) DefNew: 36409K(88512K)->0K(88576K) Eden: 36408K(78720K)->0K(78784K) From: 0K(9792K)->0K(9792K)
[2026-05-06T01:33:05.845+0100][1.134s][info][gc,heap        ] GC(7) Tenured: 90135K(196608K)->62502K(196608K)
[2026-05-06T01:33:05.845+0100][1.134s][info][gc,metaspace   ] GC(7) Metaspace: 17817K(18240K)->17817K(18240K) NonClass: 15714K(15936K)->15714K(15936K) Class: 2102K(2304K)->2102K(2304K)
[2026-05-06T01:33:05.845+0100][1.134s][info][gc             ] GC(7) Pause Full (Allocation Failure) 88M->61M(278M) 13.030ms
[2026-05-06T01:33:05.845+0100][1.134s][info][gc,cpu         ] GC(7) User=0.01s Sys=0.00s Real=0.01s
[2026-05-06T01:33:05.974+0100][1.263s][info][gc,start       ] GC(8) Pause Young (Allocation Failure)
[2026-05-06T01:33:05.974+0100][1.263s][info][gc,heap        ] GC(8) DefNew: 78784K(88576K)->29K(88576K) Eden: 78784K(78784K)->0K(78784K) From: 0K(9792K)->29K(9792K)
[2026-05-06T01:33:05.974+0100][1.263s][info][gc,heap        ] GC(8) Tenured: 173094K(196608K)->173094K(196608K)
[2026-05-06T01:33:05.974+0100][1.263s][info][gc,metaspace   ] GC(8) Metaspace: 17817K(18240K)->17817K(18240K) NonClass: 15714K(15936K)->15714K(15936K) Class: 2102K(2304K)->2102K(2304K)
[2026-05-06T01:33:05.974+0100][1.263s][info][gc             ] GC(8) Pause Young (Allocation Failure) 245M->169M(278M) 0.357ms
[2026-05-06T01:33:05.974+0100][1.263s][info][gc,cpu         ] GC(8) User=0.00s Sys=0.00s Real=0.00s
[2026-05-06T01:33:06.027+0100][1.316s][info][gc,start       ] GC(9) Pause Young (Allocation Failure)
[2026-05-06T01:33:06.028+0100][1.317s][info][gc             ] GC(9) Pause Young (Allocation Failure) 202M->169M(278M) 0.180ms
[2026-05-06T01:33:06.028+0100][1.317s][info][gc,cpu         ] GC(9) User=0.00s Sys=0.00s Real=0.00s
[2026-05-06T01:33:06.028+0100][1.317s][info][gc,start       ] GC(10) Pause Full (Allocation Failure)
[2026-05-06T01:33:06.028+0100][1.317s][info][gc,phases,start] GC(10) Phase 1: Mark live objects
[2026-05-06T01:33:06.033+0100][1.322s][info][gc,phases      ] GC(10) Phase 1: Mark live objects 5.773ms
[2026-05-06T01:33:06.033+0100][1.322s][info][gc,phases,start] GC(10) Phase 2: Compute new object addresses
[2026-05-06T01:33:06.035+0100][1.324s][info][gc,phases      ] GC(10) Phase 2: Compute new object addresses 1.426ms
[2026-05-06T01:33:06.035+0100][1.324s][info][gc,phases,start] GC(10) Phase 3: Adjust pointers
[2026-05-06T01:33:06.039+0100][1.328s][info][gc,phases      ] GC(10) Phase 3: Adjust pointers 3.801ms
[2026-05-06T01:33:06.039+0100][1.328s][info][gc,phases,start] GC(10) Phase 4: Move objects
[2026-05-06T01:33:06.039+0100][1.328s][info][gc,phases      ] GC(10) Phase 4: Move objects 0.007ms
[2026-05-06T01:33:06.039+0100][1.328s][info][gc,heap        ] GC(10) DefNew: 34242K(88576K)->0K(129920K) Eden: 34212K(78784K)->0K(115520K) From: 29K(9792K)->0K(14400K)
[2026-05-06T01:33:06.039+0100][1.328s][info][gc,heap        ] GC(10) Tenured: 173094K(196608K)->173099K(288512K)
[2026-05-06T01:33:06.039+0100][1.328s][info][gc,metaspace   ] GC(10) Metaspace: 17817K(18240K)->17817K(18240K) NonClass: 15714K(15936K)->15714K(15936K) Class: 2102K(2304K)->2102K(2304K)
[2026-05-06T01:33:06.039+0100][1.328s][info][gc             ] GC(10) Pause Full (Allocation Failure) 169M->169M(408M) 11.156ms
[2026-05-06T01:33:06.039+0100][1.328s][info][gc,cpu         ] GC(10) User=0.01s Sys=0.00s Real=0.01s
[2026-05-06T01:33:06.178+0100][1.467s][info][gc,start       ] GC(11) Pause Young (Allocation Failure)
[2026-05-06T01:33:06.178+0100][1.467s][info][gc,heap        ] GC(11) DefNew: 115520K(129920K)->0K(129920K) Eden: 115520K(115520K)->0K(115520K) From: 0K(14400K)->0K(14400K)
[2026-05-06T01:33:06.178+0100][1.467s][info][gc,heap        ] GC(11) Tenured: 320555K(435984K)->320555K(435984K)
[2026-05-06T01:33:06.178+0100][1.467s][info][gc,metaspace   ] GC(11) Metaspace: 17817K(18240K)->17817K(18240K) NonClass: 15714K(15936K)->15714K(15936K) Class: 2102K(2304K)->2102K(2304K)
[2026-05-06T01:33:06.178+0100][1.467s][info][gc             ] GC(11) Pause Young (Allocation Failure) 425M->313M(552M) 0.259ms
[2026-05-06T01:33:06.178+0100][1.467s][info][gc,cpu         ] GC(11) User=0.00s Sys=0.00s Real=0.00s
[2026-05-06T01:33:06.307+0100][1.596s][info][gc,start       ] GC(12) Pause Young (Allocation Failure)
[2026-05-06T01:33:06.307+0100][1.596s][info][gc,heap        ] GC(12) DefNew: 115520K(129920K)->0K(129920K) Eden: 115520K(115520K)->0K(115520K) From: 0K(14400K)->0K(14400K)
[2026-05-06T01:33:06.307+0100][1.596s][info][gc,heap        ] GC(12) Tenured: 320555K(435984K)->320555K(435984K)
[2026-05-06T01:33:06.307+0100][1.596s][info][gc,metaspace   ] GC(12) Metaspace: 17817K(18240K)->17817K(18240K) NonClass: 15714K(15936K)->15714K(15936K) Class: 2102K(2304K)->2102K(2304K)
[2026-05-06T01:33:06.307+0100][1.596s][info][gc             ] GC(12) Pause Young (Allocation Failure) 425M->313M(552M) 0.205ms
[2026-05-06T01:33:06.307+0100][1.596s][info][gc,cpu         ] GC(12) User=0.00s Sys=0.00s Real=0.00s
[2026-05-06T01:33:06.437+0100][1.726s][info][gc,start       ] GC(13) Pause Young (Allocation Failure)
[2026-05-06T01:33:06.437+0100][1.726s][info][gc,heap        ] GC(13) DefNew: 115520K(129920K)->0K(129920K) Eden: 115520K(115520K)->0K(115520K) From: 0K(14400K)->0K(14400K)
[2026-05-06T01:33:06.437+0100][1.726s][info][gc,heap        ] GC(13) Tenured: 320555K(435984K)->320555K(435984K)
[2026-05-06T01:33:06.437+0100][1.726s][info][gc,metaspace   ] GC(13) Metaspace: 17817K(18240K)->17817K(18240K) NonClass: 15714K(15936K)->15714K(15936K) Class: 2102K(2304K)->2102K(2304K)
[2026-05-06T01:33:06.437+0100][1.726s][info][gc             ] GC(13) Pause Young (Allocation Failure) 425M->313M(552M) 0.215ms
[2026-05-06T01:33:06.437+0100][1.726s][info][gc,cpu         ] GC(13) User=0.00s Sys=0.00s Real=0.00s
[2026-05-06T01:33:06.566+0100][1.855s][info][gc,start       ] GC(14) Pause Young (Allocation Failure)
[2026-05-06T01:33:06.566+0100][1.855s][info][gc,heap        ] GC(14) DefNew: 115520K(129920K)->0K(129920K) Eden: 115520K(115520K)->0K(115520K) From: 0K(14400K)->0K(14400K)
[2026-05-06T01:33:06.566+0100][1.855s][info][gc,heap        ] GC(14) Tenured: 320555K(435984K)->320555K(435984K)
[2026-05-06T01:33:06.566+0100][1.855s][info][gc,metaspace   ] GC(14) Metaspace: 17817K(18240K)->17817K(18240K) NonClass: 15714K(15936K)->15714K(15936K) Class: 2102K(2304K)->2102K(2304K)
[2026-05-06T01:33:06.566+0100][1.855s][info][gc             ] GC(14) Pause Young (Allocation Failure) 425M->313M(552M) 0.213ms
[2026-05-06T01:33:06.566+0100][1.855s][info][gc,cpu         ] GC(14) User=0.00s Sys=0.00s Real=0.00s
[2026-05-06T01:33:06.695+0100][1.984s][info][gc,start       ] GC(15) Pause Young (Allocation Failure)
[2026-05-06T01:33:06.695+0100][1.984s][info][gc,heap        ] GC(15) DefNew: 115520K(129920K)->0K(129920K) Eden: 115520K(115520K)->0K(115520K) From: 0K(14400K)->0K(14400K)
[2026-05-06T01:33:06.695+0100][1.984s][info][gc,heap        ] GC(15) Tenured: 320555K(435984K)->320555K(435984K)
[2026-05-06T01:33:06.695+0100][1.984s][info][gc,metaspace   ] GC(15) Metaspace: 17817K(18240K)->17817K(18240K) NonClass: 15714K(15936K)->15714K(15936K) Class: 2102K(2304K)->2102K(2304K)
[2026-05-06T01:33:06.695+0100][1.984s][info][gc             ] GC(15) Pause Young (Allocation Failure) 425M->313M(552M) 0.208ms
[2026-05-06T01:33:06.695+0100][1.984s][info][gc,cpu         ] GC(15) User=0.00s Sys=0.00s Real=0.00s
[2026-05-06T01:33:06.824+0100][2.113s][info][gc,start       ] GC(16) Pause Young (Allocation Failure)
[2026-05-06T01:33:06.824+0100][2.113s][info][gc,heap        ] GC(16) DefNew: 115520K(129920K)->0K(129920K) Eden: 115520K(115520K)->0K(115520K) From: 0K(14400K)->0K(14400K)
[2026-05-06T01:33:06.824+0100][2.113s][info][gc,heap        ] GC(16) Tenured: 320555K(435984K)->320555K(435984K)
[2026-05-06T01:33:06.824+0100][2.113s][info][gc,metaspace   ] GC(16) Metaspace: 17817K(18240K)->17817K(18240K) NonClass: 15714K(15936K)->15714K(15936K) Class: 2102K(2304K)->2102K(2304K)
[2026-05-06T01:33:06.824+0100][2.113s][info][gc             ] GC(16) Pause Young (Allocation Failure) 425M->313M(552M) 0.187ms
[2026-05-06T01:33:06.824+0100][2.113s][info][gc,cpu         ] GC(16) User=0.00s Sys=0.00s Real=0.00s
[2026-05-06T01:33:06.953+0100][2.242s][info][gc,start       ] GC(17) Pause Young (Allocation Failure)
[2026-05-06T01:33:06.954+0100][2.243s][info][gc,heap        ] GC(17) DefNew: 115520K(129920K)->0K(129920K) Eden: 115520K(115520K)->0K(115520K) From: 0K(14400K)->0K(14400K)
[2026-05-06T01:33:06.954+0100][2.243s][info][gc,heap        ] GC(17) Tenured: 320555K(435984K)->320555K(435984K)
[2026-05-06T01:33:06.954+0100][2.243s][info][gc,metaspace   ] GC(17) Metaspace: 17817K(18240K)->17817K(18240K) NonClass: 15714K(15936K)->15714K(15936K) Class: 2102K(2304K)->2102K(2304K)
[2026-05-06T01:33:06.954+0100][2.243s][info][gc             ] GC(17) Pause Young (Allocation Failure) 425M->313M(552M) 0.213ms
[2026-05-06T01:33:06.954+0100][2.243s][info][gc,cpu         ] GC(17) User=0.00s Sys=0.00s Real=0.00s
[2026-05-06T01:33:07.065+0100][2.354s][info][gc,start       ] GC(18) Pause Full (System.gc())
[2026-05-06T01:33:07.065+0100][2.354s][info][gc,phases,start] GC(18) Phase 1: Mark live objects
[2026-05-06T01:33:07.070+0100][2.359s][info][gc,phases      ] GC(18) Phase 1: Mark live objects 5.117ms
[2026-05-06T01:33:07.070+0100][2.359s][info][gc,phases,start] GC(18) Phase 2: Compute new object addresses
[2026-05-06T01:33:07.075+0100][2.364s][info][gc,phases      ] GC(18) Phase 2: Compute new object addresses 5.494ms
[2026-05-06T01:33:07.076+0100][2.365s][info][gc,phases,start] GC(18) Phase 3: Adjust pointers
[2026-05-06T01:33:07.079+0100][2.368s][info][gc,phases      ] GC(18) Phase 3: Adjust pointers 3.885ms
[2026-05-06T01:33:07.079+0100][2.368s][info][gc,phases,start] GC(18) Phase 4: Move objects
[2026-05-06T01:33:07.085+0100][2.374s][info][gc,phases      ] GC(18) Phase 4: Move objects 5.692ms
[2026-05-06T01:33:07.085+0100][2.374s][info][gc,heap        ] GC(18) DefNew: 80044K(129920K)->0K(196288K) Eden: 80044K(115520K)->0K(174528K) From: 0K(14400K)->0K(21760K)
[2026-05-06T01:33:07.085+0100][2.374s][info][gc,heap        ] GC(18) Tenured: 320555K(435984K)->210016K(435984K)
[2026-05-06T01:33:07.085+0100][2.374s][info][gc,metaspace   ] GC(18) Metaspace: 18265K(18560K)->18265K(18560K) NonClass: 16098K(16256K)->16098K(16256K) Class: 2166K(2304K)->2166K(2304K)
[2026-05-06T01:33:07.085+0100][2.374s][info][gc             ] GC(18) Pause Full (System.gc()) 391M->205M(617M) 20.434ms
[2026-05-06T01:33:07.085+0100][2.374s][info][gc,cpu         ] GC(18) User=0.02s Sys=0.00s Real=0.02s
[2026-05-06T01:33:07.115+0100][2.404s][info][gc,start       ] GC(19) Pause Full (System.gc())
[2026-05-06T01:33:07.115+0100][2.404s][info][gc,phases,start] GC(19) Phase 1: Mark live objects
[2026-05-06T01:33:07.120+0100][2.409s][info][gc,phases      ] GC(19) Phase 1: Mark live objects 5.013ms
[2026-05-06T01:33:07.120+0100][2.409s][info][gc,phases,start] GC(19) Phase 2: Compute new object addresses
[2026-05-06T01:33:07.122+0100][2.411s][info][gc,phases      ] GC(19) Phase 2: Compute new object addresses 1.594ms
[2026-05-06T01:33:07.122+0100][2.411s][info][gc,phases,start] GC(19) Phase 3: Adjust pointers
[2026-05-06T01:33:07.126+0100][2.415s][info][gc,phases      ] GC(19) Phase 3: Adjust pointers 4.050ms
[2026-05-06T01:33:07.126+0100][2.415s][info][gc,phases,start] GC(19) Phase 4: Move objects
[2026-05-06T01:33:07.132+0100][2.421s][info][gc,phases      ] GC(19) Phase 4: Move objects 6.008ms
[2026-05-06T01:33:07.132+0100][2.421s][info][gc,heap        ] GC(19) DefNew: 16416K(196288K)->0K(196288K) Eden: 16416K(174528K)->0K(174528K) From: 0K(21760K)->0K(21760K)
[2026-05-06T01:33:07.132+0100][2.421s][info][gc,heap        ] GC(19) Tenured: 210016K(435984K)->203701K(435984K)
[2026-05-06T01:33:07.132+0100][2.421s][info][gc,metaspace   ] GC(19) Metaspace: 18581K(18944K)->18581K(18944K) NonClass: 16366K(16576K)->16366K(16576K) Class: 2214K(2368K)->2214K(2368K)
[2026-05-06T01:33:07.132+0100][2.421s][info][gc             ] GC(19) Pause Full (System.gc()) 221M->198M(617M) 16.913ms
[2026-05-06T01:33:07.132+0100][2.421s][info][gc,cpu         ] GC(19) User=0.02s Sys=0.00s Real=0.02s
[2026-05-06T01:33:07.153+0100][2.442s][info][gc,start       ] GC(20) Pause Full (System.gc())
[2026-05-06T01:33:07.153+0100][2.442s][info][gc,phases,start] GC(20) Phase 1: Mark live objects
[2026-05-06T01:33:07.158+0100][2.447s][info][gc,phases      ] GC(20) Phase 1: Mark live objects 5.299ms
[2026-05-06T01:33:07.158+0100][2.447s][info][gc,phases,start] GC(20) Phase 2: Compute new object addresses
[2026-05-06T01:33:07.160+0100][2.449s][info][gc,phases      ] GC(20) Phase 2: Compute new object addresses 1.530ms
[2026-05-06T01:33:07.160+0100][2.449s][info][gc,phases,start] GC(20) Phase 3: Adjust pointers
[2026-05-06T01:33:07.164+0100][2.453s][info][gc,phases      ] GC(20) Phase 3: Adjust pointers 3.951ms
[2026-05-06T01:33:07.164+0100][2.453s][info][gc,phases,start] GC(20) Phase 4: Move objects
[2026-05-06T01:33:07.164+0100][2.453s][info][gc,phases      ] GC(20) Phase 4: Move objects 0.012ms
[2026-05-06T01:33:07.164+0100][2.453s][info][gc,heap        ] GC(20) DefNew: 23399K(196288K)->0K(196288K) Eden: 23399K(174528K)->0K(174528K) From: 0K(21760K)->0K(21760K)
[2026-05-06T01:33:07.164+0100][2.453s][info][gc,heap        ] GC(20) Tenured: 203701K(435984K)->203720K(435984K)
[2026-05-06T01:33:07.164+0100][2.453s][info][gc,metaspace   ] GC(20) Metaspace: 18678K(19008K)->18678K(19008K) NonClass: 16450K(16640K)->16450K(16640K) Class: 2227K(2368K)->2227K(2368K)
[2026-05-06T01:33:07.164+0100][2.453s][info][gc             ] GC(20) Pause Full (System.gc()) 221M->198M(617M) 10.956ms
[2026-05-06T01:33:07.164+0100][2.453s][info][gc,cpu         ] GC(20) User=0.02s Sys=0.00s Real=0.01s
[2026-05-06T01:33:07.184+0100][2.473s][info][gc,start       ] GC(21) Pause Full (System.gc())
[2026-05-06T01:33:07.184+0100][2.473s][info][gc,phases,start] GC(21) Phase 1: Mark live objects
[2026-05-06T01:33:07.189+0100][2.478s][info][gc,phases      ] GC(21) Phase 1: Mark live objects 5.111ms
[2026-05-06T01:33:07.189+0100][2.478s][info][gc,phases,start] GC(21) Phase 2: Compute new object addresses
[2026-05-06T01:33:07.191+0100][2.480s][info][gc,phases      ] GC(21) Phase 2: Compute new object addresses 1.554ms
[2026-05-06T01:33:07.191+0100][2.480s][info][gc,phases,start] GC(21) Phase 3: Adjust pointers
[2026-05-06T01:33:07.195+0100][2.484s][info][gc,phases      ] GC(21) Phase 3: Adjust pointers 3.765ms
[2026-05-06T01:33:07.195+0100][2.484s][info][gc,phases,start] GC(21) Phase 4: Move objects
[2026-05-06T01:33:07.195+0100][2.484s][info][gc,phases      ] GC(21) Phase 4: Move objects 0.007ms
[2026-05-06T01:33:07.195+0100][2.484s][info][gc,heap        ] GC(21) DefNew: 35627K(196288K)->0K(196288K) Eden: 35627K(174528K)->0K(174528K) From: 0K(21760K)->0K(21760K)
[2026-05-06T01:33:07.195+0100][2.484s][info][gc,heap        ] GC(21) Tenured: 203720K(435984K)->203730K(435984K)
[2026-05-06T01:33:07.195+0100][2.484s][info][gc,metaspace   ] GC(21) Metaspace: 18800K(19136K)->18800K(19136K) NonClass: 16560K(16768K)->16560K(16768K) Class: 2240K(2368K)->2240K(2368K)
[2026-05-06T01:33:07.195+0100][2.484s][info][gc             ] GC(21) Pause Full (System.gc()) 233M->198M(617M) 10.586ms
[2026-05-06T01:33:07.195+0100][2.484s][info][gc,cpu         ] GC(21) User=0.01s Sys=0.00s Real=0.01s
[2026-05-06T01:33:07.208+0100][2.497s][info][gc,start       ] GC(22) Pause Full (System.gc())
[2026-05-06T01:33:07.208+0100][2.497s][info][gc,phases,start] GC(22) Phase 1: Mark live objects
[2026-05-06T01:33:07.213+0100][2.502s][info][gc,phases      ] GC(22) Phase 1: Mark live objects 5.038ms
[2026-05-06T01:33:07.213+0100][2.502s][info][gc,phases,start] GC(22) Phase 2: Compute new object addresses
[2026-05-06T01:33:07.215+0100][2.504s][info][gc,phases      ] GC(22) Phase 2: Compute new object addresses 1.519ms
[2026-05-06T01:33:07.215+0100][2.504s][info][gc,phases,start] GC(22) Phase 3: Adjust pointers
[2026-05-06T01:33:07.218+0100][2.507s][info][gc,phases      ] GC(22) Phase 3: Adjust pointers 3.867ms
[2026-05-06T01:33:07.219+0100][2.508s][info][gc,phases,start] GC(22) Phase 4: Move objects
[2026-05-06T01:33:07.219+0100][2.508s][info][gc,phases      ] GC(22) Phase 4: Move objects 0.005ms
[2026-05-06T01:33:07.219+0100][2.508s][info][gc,heap        ] GC(22) DefNew: 30388K(196288K)->0K(196288K) Eden: 30388K(174528K)->0K(174528K) From: 0K(21760K)->0K(21760K)
[2026-05-06T01:33:07.219+0100][2.508s][info][gc,heap        ] GC(22) Tenured: 203730K(435984K)->203730K(435984K)
[2026-05-06T01:33:07.219+0100][2.508s][info][gc,metaspace   ] GC(22) Metaspace: 18802K(19136K)->18802K(19136K) NonClass: 16562K(16768K)->16562K(16768K) Class: 2240K(2368K)->2240K(2368K)
[2026-05-06T01:33:07.219+0100][2.508s][info][gc             ] GC(22) Pause Full (System.gc()) 228M->198M(617M) 10.569ms
[2026-05-06T01:33:07.219+0100][2.508s][info][gc,cpu         ] GC(22) User=0.01s Sys=0.00s Real=0.01s
[2026-05-06T01:33:07.227+0100][2.516s][info][gc,start       ] GC(23) Pause Full (System.gc())
[2026-05-06T01:33:07.227+0100][2.516s][info][gc,phases,start] GC(23) Phase 1: Mark live objects
[2026-05-06T01:33:07.232+0100][2.521s][info][gc,phases      ] GC(23) Phase 1: Mark live objects 5.111ms
[2026-05-06T01:33:07.232+0100][2.521s][info][gc,phases,start] GC(23) Phase 2: Compute new object addresses
[2026-05-06T01:33:07.234+0100][2.523s][info][gc,phases      ] GC(23) Phase 2: Compute new object addresses 1.610ms
[2026-05-06T01:33:07.234+0100][2.523s][info][gc,phases,start] GC(23) Phase 3: Adjust pointers
[2026-05-06T01:33:07.238+0100][2.527s][info][gc,phases      ] GC(23) Phase 3: Adjust pointers 4.484ms
[2026-05-06T01:33:07.238+0100][2.527s][info][gc,phases,start] GC(23) Phase 4: Move objects
[2026-05-06T01:33:07.244+0100][2.533s][info][gc,phases      ] GC(23) Phase 4: Move objects 5.386ms
[2026-05-06T01:33:07.244+0100][2.533s][info][gc,heap        ] GC(23) DefNew: 22923K(196288K)->0K(196288K) Eden: 22923K(174528K)->0K(174528K) From: 0K(21760K)->0K(21760K)
[2026-05-06T01:33:07.244+0100][2.533s][info][gc,heap        ] GC(23) Tenured: 203730K(435984K)->203724K(435984K)
[2026-05-06T01:33:07.244+0100][2.533s][info][gc,metaspace   ] GC(23) Metaspace: 18804K(19136K)->18804K(19136K) NonClass: 16564K(16768K)->16564K(16768K) Class: 2240K(2368K)->2240K(2368K)
[2026-05-06T01:33:07.244+0100][2.533s][info][gc             ] GC(23) Pause Full (System.gc()) 221M->198M(617M) 16.799ms
[2026-05-06T01:33:07.244+0100][2.533s][info][gc,cpu         ] GC(23) User=0.02s Sys=0.00s Real=0.02s
[2026-05-06T01:33:07.253+0100][2.542s][info][gc,start       ] GC(24) Pause Full (System.gc())
[2026-05-06T01:33:07.253+0100][2.542s][info][gc,phases,start] GC(24) Phase 1: Mark live objects
[2026-05-06T01:33:07.258+0100][2.547s][info][gc,phases      ] GC(24) Phase 1: Mark live objects 4.986ms
[2026-05-06T01:33:07.258+0100][2.547s][info][gc,phases,start] GC(24) Phase 2: Compute new object addresses
[2026-05-06T01:33:07.259+0100][2.548s][info][gc,phases      ] GC(24) Phase 2: Compute new object addresses 1.442ms
[2026-05-06T01:33:07.259+0100][2.548s][info][gc,phases,start] GC(24) Phase 3: Adjust pointers
[2026-05-06T01:33:07.263+0100][2.552s][info][gc,phases      ] GC(24) Phase 3: Adjust pointers 3.834ms
[2026-05-06T01:33:07.263+0100][2.552s][info][gc,phases,start] GC(24) Phase 4: Move objects
[2026-05-06T01:33:07.263+0100][2.552s][info][gc,phases      ] GC(24) Phase 4: Move objects 0.006ms
[2026-05-06T01:33:07.263+0100][2.552s][info][gc,heap        ] GC(24) DefNew: 61340K(196288K)->0K(196288K) Eden: 61340K(174528K)->0K(174528K) From: 0K(21760K)->0K(21760K)
[2026-05-06T01:33:07.263+0100][2.552s][info][gc,heap        ] GC(24) Tenured: 203724K(435984K)->203726K(435984K)
[2026-05-06T01:33:07.263+0100][2.552s][info][gc,metaspace   ] GC(24) Metaspace: 18808K(19136K)->18808K(19136K) NonClass: 16568K(16768K)->16568K(16768K) Class: 2240K(2368K)->2240K(2368K)
[2026-05-06T01:33:07.263+0100][2.552s][info][gc             ] GC(24) Pause Full (System.gc()) 258M->198M(617M) 10.392ms
[2026-05-06T01:33:07.263+0100][2.552s][info][gc,cpu         ] GC(24) User=0.01s Sys=0.00s Real=0.01s
[2026-05-06T01:33:07.272+0100][2.561s][info][gc,start       ] GC(25) Pause Full (System.gc())
[2026-05-06T01:33:07.272+0100][2.561s][info][gc,phases,start] GC(25) Phase 1: Mark live objects
[2026-05-06T01:33:07.277+0100][2.566s][info][gc,phases      ] GC(25) Phase 1: Mark live objects 5.108ms
[2026-05-06T01:33:07.277+0100][2.566s][info][gc,phases,start] GC(25) Phase 2: Compute new object addresses
[2026-05-06T01:33:07.279+0100][2.568s][info][gc,phases      ] GC(25) Phase 2: Compute new object addresses 1.490ms
[2026-05-06T01:33:07.279+0100][2.568s][info][gc,phases,start] GC(25) Phase 3: Adjust pointers
[2026-05-06T01:33:07.283+0100][2.572s][info][gc,phases      ] GC(25) Phase 3: Adjust pointers 4.128ms
[2026-05-06T01:33:07.283+0100][2.572s][info][gc,phases,start] GC(25) Phase 4: Move objects
[2026-05-06T01:33:07.283+0100][2.572s][info][gc,phases      ] GC(25) Phase 4: Move objects 0.005ms
[2026-05-06T01:33:07.283+0100][2.572s][info][gc,heap        ] GC(25) DefNew: 35736K(196288K)->0K(196288K) Eden: 35736K(174528K)->0K(174528K) From: 0K(21760K)->0K(21760K)
[2026-05-06T01:33:07.283+0100][2.572s][info][gc,heap        ] GC(25) Tenured: 203726K(435984K)->203727K(435984K)
[2026-05-06T01:33:07.283+0100][2.572s][info][gc,metaspace   ] GC(25) Metaspace: 18821K(19136K)->18821K(19136K) NonClass: 16580K(16768K)->16580K(16768K) Class: 2240K(2368K)->2240K(2368K)
[2026-05-06T01:33:07.283+0100][2.572s][info][gc             ] GC(25) Pause Full (System.gc()) 233M->198M(617M) 10.891ms
[2026-05-06T01:33:07.283+0100][2.572s][info][gc,cpu         ] GC(25) User=0.01s Sys=0.00s Real=0.01s
[2026-05-06T01:33:07.290+0100][2.579s][info][gc,start       ] GC(26) Pause Full (System.gc())
[2026-05-06T01:33:07.290+0100][2.579s][info][gc,phases,start] GC(26) Phase 1: Mark live objects
[2026-05-06T01:33:07.295+0100][2.584s][info][gc,phases      ] GC(26) Phase 1: Mark live objects 5.186ms
[2026-05-06T01:33:07.295+0100][2.584s][info][gc,phases,start] GC(26) Phase 2: Compute new object addresses
[2026-05-06T01:33:07.297+0100][2.586s][info][gc,phases      ] GC(26) Phase 2: Compute new object addresses 1.579ms
[2026-05-06T01:33:07.297+0100][2.586s][info][gc,phases,start] GC(26) Phase 3: Adjust pointers
[2026-05-06T01:33:07.301+0100][2.590s][info][gc,phases      ] GC(26) Phase 3: Adjust pointers 4.059ms
[2026-05-06T01:33:07.301+0100][2.590s][info][gc,phases,start] GC(26) Phase 4: Move objects
[2026-05-06T01:33:07.301+0100][2.590s][info][gc,phases      ] GC(26) Phase 4: Move objects 0.006ms
[2026-05-06T01:33:07.301+0100][2.590s][info][gc,heap        ] GC(26) DefNew: 33401K(196288K)->0K(196288K) Eden: 33401K(174528K)->0K(174528K) From: 0K(21760K)->0K(21760K)
[2026-05-06T01:33:07.301+0100][2.590s][info][gc,heap        ] GC(26) Tenured: 203727K(435984K)->203730K(435984K)
[2026-05-06T01:33:07.301+0100][2.590s][info][gc,metaspace   ] GC(26) Metaspace: 18844K(19136K)->18844K(19136K) NonClass: 16603K(16768K)->16603K(16768K) Class: 2240K(2368K)->2240K(2368K)
[2026-05-06T01:33:07.301+0100][2.590s][info][gc             ] GC(26) Pause Full (System.gc()) 231M->198M(617M) 10.981ms
[2026-05-06T01:33:07.301+0100][2.590s][info][gc,cpu         ] GC(26) User=0.02s Sys=0.00s Real=0.01s
[2026-05-06T01:33:07.308+0100][2.597s][info][gc,start       ] GC(27) Pause Full (System.gc())
[2026-05-06T01:33:07.308+0100][2.597s][info][gc,phases,start] GC(27) Phase 1: Mark live objects
[2026-05-06T01:33:07.313+0100][2.602s][info][gc,phases      ] GC(27) Phase 1: Mark live objects 5.070ms
[2026-05-06T01:33:07.314+0100][2.603s][info][gc,phases,start] GC(27) Phase 2: Compute new object addresses
[2026-05-06T01:33:07.315+0100][2.604s][info][gc,phases      ] GC(27) Phase 2: Compute new object addresses 1.524ms
[2026-05-06T01:33:07.315+0100][2.604s][info][gc,phases,start] GC(27) Phase 3: Adjust pointers
[2026-05-06T01:33:07.319+0100][2.608s][info][gc,phases      ] GC(27) Phase 3: Adjust pointers 3.921ms
[2026-05-06T01:33:07.319+0100][2.608s][info][gc,phases,start] GC(27) Phase 4: Move objects
[2026-05-06T01:33:07.319+0100][2.608s][info][gc,phases      ] GC(27) Phase 4: Move objects 0.006ms
[2026-05-06T01:33:07.319+0100][2.608s][info][gc,heap        ] GC(27) DefNew: 79983K(196288K)->0K(196288K) Eden: 79983K(174528K)->0K(174528K) From: 0K(21760K)->0K(21760K)
[2026-05-06T01:33:07.319+0100][2.608s][info][gc,heap        ] GC(27) Tenured: 203730K(435984K)->203724K(435984K)
[2026-05-06T01:33:07.319+0100][2.608s][info][gc,metaspace   ] GC(27) Metaspace: 18862K(19200K)->18862K(19200K) NonClass: 16622K(16832K)->16622K(16832K) Class: 2240K(2368K)->2240K(2368K)
[2026-05-06T01:33:07.319+0100][2.608s][info][gc             ] GC(27) Pause Full (System.gc()) 277M->198M(617M) 10.671ms
[2026-05-06T01:33:07.319+0100][2.608s][info][gc,cpu         ] GC(27) User=0.02s Sys=0.00s Real=0.01s
[2026-05-06T01:33:07.327+0100][2.616s][info][gc,start       ] GC(28) Pause Full (System.gc())
[2026-05-06T01:33:07.327+0100][2.616s][info][gc,phases,start] GC(28) Phase 1: Mark live objects
[2026-05-06T01:33:07.332+0100][2.621s][info][gc,phases      ] GC(28) Phase 1: Mark live objects 5.207ms
[2026-05-06T01:33:07.332+0100][2.621s][info][gc,phases,start] GC(28) Phase 2: Compute new object addresses
[2026-05-06T01:33:07.334+0100][2.623s][info][gc,phases      ] GC(28) Phase 2: Compute new object addresses 1.604ms
[2026-05-06T01:33:07.334+0100][2.623s][info][gc,phases,start] GC(28) Phase 3: Adjust pointers
[2026-05-06T01:33:07.338+0100][2.627s][info][gc,phases      ] GC(28) Phase 3: Adjust pointers 4.162ms
[2026-05-06T01:33:07.338+0100][2.627s][info][gc,phases,start] GC(28) Phase 4: Move objects
[2026-05-06T01:33:07.338+0100][2.627s][info][gc,phases      ] GC(28) Phase 4: Move objects 0.007ms
[2026-05-06T01:33:07.338+0100][2.627s][info][gc,heap        ] GC(28) DefNew: 60190K(196288K)->0K(196288K) Eden: 60190K(174528K)->0K(174528K) From: 0K(21760K)->0K(21760K)
[2026-05-06T01:33:07.338+0100][2.627s][info][gc,heap        ] GC(28) Tenured: 203724K(435984K)->203724K(435984K)
[2026-05-06T01:33:07.338+0100][2.627s][info][gc,metaspace   ] GC(28) Metaspace: 18881K(19200K)->18881K(19200K) NonClass: 16641K(16832K)->16641K(16832K) Class: 2240K(2368K)->2240K(2368K)
[2026-05-06T01:33:07.338+0100][2.627s][info][gc             ] GC(28) Pause Full (System.gc()) 257M->198M(617M) 11.127ms
[2026-05-06T01:33:07.338+0100][2.627s][info][gc,cpu         ] GC(28) User=0.01s Sys=0.00s Real=0.01s
[2026-05-06T01:33:07.347+0100][2.636s][info][gc,start       ] GC(29) Pause Full (System.gc())
[2026-05-06T01:33:07.347+0100][2.636s][info][gc,phases,start] GC(29) Phase 1: Mark live objects
[2026-05-06T01:33:07.352+0100][2.641s][info][gc,phases      ] GC(29) Phase 1: Mark live objects 5.162ms
[2026-05-06T01:33:07.352+0100][2.641s][info][gc,phases,start] GC(29) Phase 2: Compute new object addresses
[2026-05-06T01:33:07.354+0100][2.643s][info][gc,phases      ] GC(29) Phase 2: Compute new object addresses 1.477ms
[2026-05-06T01:33:07.354+0100][2.643s][info][gc,phases,start] GC(29) Phase 3: Adjust pointers
[2026-05-06T01:33:07.357+0100][2.646s][info][gc,phases      ] GC(29) Phase 3: Adjust pointers 3.835ms
[2026-05-06T01:33:07.358+0100][2.647s][info][gc,phases,start] GC(29) Phase 4: Move objects
[2026-05-06T01:33:07.358+0100][2.647s][info][gc,phases      ] GC(29) Phase 4: Move objects 0.007ms
[2026-05-06T01:33:07.358+0100][2.647s][info][gc,heap        ] GC(29) DefNew: 54357K(196288K)->0K(196288K) Eden: 54357K(174528K)->0K(174528K) From: 0K(21760K)->0K(21760K)
[2026-05-06T01:33:07.358+0100][2.647s][info][gc,heap        ] GC(29) Tenured: 203724K(435984K)->203730K(435984K)
[2026-05-06T01:33:07.358+0100][2.647s][info][gc,metaspace   ] GC(29) Metaspace: 18895K(19200K)->18895K(19200K) NonClass: 16655K(16832K)->16655K(16832K) Class: 2240K(2368K)->2240K(2368K)
[2026-05-06T01:33:07.358+0100][2.647s][info][gc             ] GC(29) Pause Full (System.gc()) 252M->198M(617M) 10.637ms
[2026-05-06T01:33:07.358+0100][2.647s][info][gc,cpu         ] GC(29) User=0.01s Sys=0.00s Real=0.01s
[2026-05-06T01:33:07.366+0100][2.655s][info][gc,start       ] GC(30) Pause Full (System.gc())
[2026-05-06T01:33:07.366+0100][2.655s][info][gc,phases,start] GC(30) Phase 1: Mark live objects
[2026-05-06T01:33:07.372+0100][2.661s][info][gc,phases      ] GC(30) Phase 1: Mark live objects 5.453ms
[2026-05-06T01:33:07.372+0100][2.661s][info][gc,phases,start] GC(30) Phase 2: Compute new object addresses
[2026-05-06T01:33:07.374+0100][2.663s][info][gc,phases      ] GC(30) Phase 2: Compute new object addresses 1.608ms
[2026-05-06T01:33:07.374+0100][2.663s][info][gc,phases,start] GC(30) Phase 3: Adjust pointers
[2026-05-06T01:33:07.378+0100][2.667s][info][gc,phases      ] GC(30) Phase 3: Adjust pointers 4.140ms
[2026-05-06T01:33:07.378+0100][2.667s][info][gc,phases,start] GC(30) Phase 4: Move objects
[2026-05-06T01:33:07.378+0100][2.667s][info][gc,phases      ] GC(30) Phase 4: Move objects 0.009ms
[2026-05-06T01:33:07.378+0100][2.667s][info][gc,heap        ] GC(30) DefNew: 110286K(196288K)->0K(196288K) Eden: 110286K(174528K)->0K(174528K) From: 0K(21760K)->0K(21760K)
[2026-05-06T01:33:07.378+0100][2.667s][info][gc,heap        ] GC(30) Tenured: 203730K(435984K)->203734K(435984K)
[2026-05-06T01:33:07.378+0100][2.667s][info][gc,metaspace   ] GC(30) Metaspace: 18933K(19264K)->18933K(19264K) NonClass: 16692K(16896K)->16692K(16896K) Class: 2240K(2368K)->2240K(2368K)
[2026-05-06T01:33:07.378+0100][2.667s][info][gc             ] GC(30) Pause Full (System.gc()) 306M->198M(617M) 11.383ms
[2026-05-06T01:33:07.378+0100][2.667s][info][gc,cpu         ] GC(30) User=0.01s Sys=0.00s Real=0.01s
[2026-05-06T01:33:07.387+0100][2.676s][info][gc,start       ] GC(31) Pause Full (System.gc())
[2026-05-06T01:33:07.387+0100][2.676s][info][gc,phases,start] GC(31) Phase 1: Mark live objects
[2026-05-06T01:33:07.392+0100][2.681s][info][gc,phases      ] GC(31) Phase 1: Mark live objects 5.278ms
[2026-05-06T01:33:07.393+0100][2.682s][info][gc,phases,start] GC(31) Phase 2: Compute new object addresses
[2026-05-06T01:33:07.394+0100][2.683s][info][gc,phases      ] GC(31) Phase 2: Compute new object addresses 1.682ms
[2026-05-06T01:33:07.394+0100][2.683s][info][gc,phases,start] GC(31) Phase 3: Adjust pointers
[2026-05-06T01:33:07.398+0100][2.687s][info][gc,phases      ] GC(31) Phase 3: Adjust pointers 4.178ms
[2026-05-06T01:33:07.398+0100][2.687s][info][gc,phases,start] GC(31) Phase 4: Move objects
[2026-05-06T01:33:07.398+0100][2.687s][info][gc,phases      ] GC(31) Phase 4: Move objects 0.015ms
[2026-05-06T01:33:07.398+0100][2.687s][info][gc,heap        ] GC(31) DefNew: 70821K(196288K)->0K(196288K) Eden: 70821K(174528K)->0K(174528K) From: 0K(21760K)->0K(21760K)
[2026-05-06T01:33:07.398+0100][2.687s][info][gc,heap        ] GC(31) Tenured: 203734K(435984K)->203722K(435984K)
[2026-05-06T01:33:07.398+0100][2.687s][info][gc,metaspace   ] GC(31) Metaspace: 18950K(19264K)->18950K(19264K) NonClass: 16710K(16896K)->16710K(16896K) Class: 2240K(2368K)->2240K(2368K)
[2026-05-06T01:33:07.398+0100][2.687s][info][gc             ] GC(31) Pause Full (System.gc()) 268M->198M(617M) 11.324ms
[2026-05-06T01:33:07.399+0100][2.688s][info][gc,cpu         ] GC(31) User=0.01s Sys=0.00s Real=0.01s
[2026-05-06T01:33:07.409+0100][2.698s][info][gc,start       ] GC(32) Pause Full (System.gc())
[2026-05-06T01:33:07.409+0100][2.698s][info][gc,phases,start] GC(32) Phase 1: Mark live objects
[2026-05-06T01:33:07.414+0100][2.703s][info][gc,phases      ] GC(32) Phase 1: Mark live objects 5.204ms
[2026-05-06T01:33:07.414+0100][2.703s][info][gc,phases,start] GC(32) Phase 2: Compute new object addresses
[2026-05-06T01:33:07.415+0100][2.704s][info][gc,phases      ] GC(32) Phase 2: Compute new object addresses 1.458ms
[2026-05-06T01:33:07.415+0100][2.704s][info][gc,phases,start] GC(32) Phase 3: Adjust pointers
[2026-05-06T01:33:07.419+0100][2.708s][info][gc,phases      ] GC(32) Phase 3: Adjust pointers 3.861ms
[2026-05-06T01:33:07.419+0100][2.708s][info][gc,phases,start] GC(32) Phase 4: Move objects
[2026-05-06T01:33:07.419+0100][2.708s][info][gc,phases      ] GC(32) Phase 4: Move objects 0.008ms
[2026-05-06T01:33:07.419+0100][2.708s][info][gc,heap        ] GC(32) DefNew: 41104K(196288K)->0K(196288K) Eden: 41104K(174528K)->0K(174528K) From: 0K(21760K)->0K(21760K)
[2026-05-06T01:33:07.419+0100][2.708s][info][gc,heap        ] GC(32) Tenured: 203722K(435984K)->203725K(435984K)
[2026-05-06T01:33:07.419+0100][2.708s][info][gc,metaspace   ] GC(32) Metaspace: 18956K(19264K)->18956K(19264K) NonClass: 16716K(16896K)->16716K(16896K) Class: 2240K(2368K)->2240K(2368K)
[2026-05-06T01:33:07.419+0100][2.708s][info][gc             ] GC(32) Pause Full (System.gc()) 239M->198M(617M) 10.683ms
[2026-05-06T01:33:07.419+0100][2.708s][info][gc,cpu         ] GC(32) User=0.01s Sys=0.00s Real=0.01s
[2026-05-06T01:33:07.430+0100][2.719s][info][gc,start       ] GC(33) Pause Full (System.gc())
[2026-05-06T01:33:07.430+0100][2.719s][info][gc,phases,start] GC(33) Phase 1: Mark live objects
[2026-05-06T01:33:07.435+0100][2.724s][info][gc,phases      ] GC(33) Phase 1: Mark live objects 5.439ms
[2026-05-06T01:33:07.435+0100][2.724s][info][gc,phases,start] GC(33) Phase 2: Compute new object addresses
[2026-05-06T01:33:07.437+0100][2.726s][info][gc,phases      ] GC(33) Phase 2: Compute new object addresses 1.672ms
[2026-05-06T01:33:07.437+0100][2.726s][info][gc,phases,start] GC(33) Phase 3: Adjust pointers
[2026-05-06T01:33:07.441+0100][2.730s][info][gc,phases      ] GC(33) Phase 3: Adjust pointers 4.039ms
[2026-05-06T01:33:07.441+0100][2.730s][info][gc,phases,start] GC(33) Phase 4: Move objects
[2026-05-06T01:33:07.441+0100][2.730s][info][gc,phases      ] GC(33) Phase 4: Move objects 0.019ms
[2026-05-06T01:33:07.441+0100][2.730s][info][gc,heap        ] GC(33) DefNew: 137205K(196288K)->0K(196352K) Eden: 137205K(174528K)->0K(174592K) From: 0K(21760K)->0K(21760K)
[2026-05-06T01:33:07.441+0100][2.730s][info][gc,heap        ] GC(33) Tenured: 203725K(435984K)->203731K(435984K)
[2026-05-06T01:33:07.441+0100][2.730s][info][gc,metaspace   ] GC(33) Metaspace: 18981K(19264K)->18981K(19264K) NonClass: 16741K(16896K)->16741K(16896K) Class: 2240K(2368K)->2240K(2368K)
[2026-05-06T01:33:07.441+0100][2.730s][info][gc             ] GC(33) Pause Full (System.gc()) 332M->198M(617M) 11.334ms
[2026-05-06T01:33:07.441+0100][2.730s][info][gc,cpu         ] GC(33) User=0.01s Sys=0.00s Real=0.01s
[2026-05-06T01:33:07.451+0100][2.740s][info][gc,start       ] GC(34) Pause Full (System.gc())
[2026-05-06T01:33:07.451+0100][2.740s][info][gc,phases,start] GC(34) Phase 1: Mark live objects
[2026-05-06T01:33:07.456+0100][2.745s][info][gc,phases      ] GC(34) Phase 1: Mark live objects 5.148ms
[2026-05-06T01:33:07.456+0100][2.745s][info][gc,phases,start] GC(34) Phase 2: Compute new object addresses
[2026-05-06T01:33:07.457+0100][2.746s][info][gc,phases      ] GC(34) Phase 2: Compute new object addresses 1.506ms
[2026-05-06T01:33:07.457+0100][2.746s][info][gc,phases,start] GC(34) Phase 3: Adjust pointers
[2026-05-06T01:33:07.461+0100][2.750s][info][gc,phases      ] GC(34) Phase 3: Adjust pointers 3.821ms
[2026-05-06T01:33:07.461+0100][2.750s][info][gc,phases,start] GC(34) Phase 4: Move objects
[2026-05-06T01:33:07.461+0100][2.750s][info][gc,phases      ] GC(34) Phase 4: Move objects 0.006ms
[2026-05-06T01:33:07.461+0100][2.750s][info][gc,heap        ] GC(34) DefNew: 79635K(196352K)->0K(196288K) Eden: 79635K(174592K)->0K(174528K) From: 0K(21760K)->0K(21760K)
[2026-05-06T01:33:07.461+0100][2.750s][info][gc,heap        ] GC(34) Tenured: 203731K(435984K)->203731K(435984K)
[2026-05-06T01:33:07.461+0100][2.750s][info][gc,metaspace   ] GC(34) Metaspace: 18988K(19264K)->18988K(19264K) NonClass: 16748K(16896K)->16748K(16896K) Class: 2240K(2368K)->2240K(2368K)
[2026-05-06T01:33:07.461+0100][2.750s][info][gc             ] GC(34) Pause Full (System.gc()) 276M->198M(617M) 10.641ms
[2026-05-06T01:33:07.461+0100][2.750s][info][gc,cpu         ] GC(34) User=0.01s Sys=0.00s Real=0.01s
[2026-05-06T01:33:07.475+0100][2.764s][info][gc,start       ] GC(35) Pause Full (System.gc())
[2026-05-06T01:33:07.475+0100][2.764s][info][gc,phases,start] GC(35) Phase 1: Mark live objects
[2026-05-06T01:33:07.480+0100][2.769s][info][gc,phases      ] GC(35) Phase 1: Mark live objects 5.202ms
[2026-05-06T01:33:07.480+0100][2.769s][info][gc,phases,start] GC(35) Phase 2: Compute new object addresses
[2026-05-06T01:33:07.481+0100][2.770s][info][gc,phases      ] GC(35) Phase 2: Compute new object addresses 1.569ms
[2026-05-06T01:33:07.481+0100][2.770s][info][gc,phases,start] GC(35) Phase 3: Adjust pointers
[2026-05-06T01:33:07.486+0100][2.775s][info][gc,phases      ] GC(35) Phase 3: Adjust pointers 4.126ms
[2026-05-06T01:33:07.486+0100][2.775s][info][gc,phases,start] GC(35) Phase 4: Move objects
[2026-05-06T01:33:07.486+0100][2.775s][info][gc,phases      ] GC(35) Phase 4: Move objects 0.007ms
[2026-05-06T01:33:07.486+0100][2.775s][info][gc,heap        ] GC(35) DefNew: 54386K(196288K)->0K(196288K) Eden: 54386K(174528K)->0K(174528K) From: 0K(21760K)->0K(21760K)
[2026-05-06T01:33:07.486+0100][2.775s][info][gc,heap        ] GC(35) Tenured: 203731K(435984K)->203728K(435984K)
[2026-05-06T01:33:07.486+0100][2.775s][info][gc,metaspace   ] GC(35) Metaspace: 18992K(19328K)->18992K(19328K) NonClass: 16752K(16960K)->16752K(16960K) Class: 2240K(2368K)->2240K(2368K)
[2026-05-06T01:33:07.486+0100][2.775s][info][gc             ] GC(35) Pause Full (System.gc()) 252M->198M(617M) 11.067ms
[2026-05-06T01:33:07.486+0100][2.775s][info][gc,cpu         ] GC(35) User=0.01s Sys=0.00s Real=0.01s
[2026-05-06T01:33:07.496+0100][2.785s][info][gc,start       ] GC(36) Pause Full (System.gc())
[2026-05-06T01:33:07.496+0100][2.785s][info][gc,phases,start] GC(36) Phase 1: Mark live objects
[2026-05-06T01:33:07.501+0100][2.790s][info][gc,phases      ] GC(36) Phase 1: Mark live objects 5.097ms
[2026-05-06T01:33:07.501+0100][2.790s][info][gc,phases,start] GC(36) Phase 2: Compute new object addresses
[2026-05-06T01:33:07.502+0100][2.791s][info][gc,phases      ] GC(36) Phase 2: Compute new object addresses 1.552ms
[2026-05-06T01:33:07.502+0100][2.791s][info][gc,phases,start] GC(36) Phase 3: Adjust pointers
[2026-05-06T01:33:07.507+0100][2.796s][info][gc,phases      ] GC(36) Phase 3: Adjust pointers 4.166ms
[2026-05-06T01:33:07.507+0100][2.796s][info][gc,phases,start] GC(36) Phase 4: Move objects
[2026-05-06T01:33:07.507+0100][2.796s][info][gc,phases      ] GC(36) Phase 4: Move objects 0.007ms
[2026-05-06T01:33:07.507+0100][2.796s][info][gc,heap        ] GC(36) DefNew: 161360K(196288K)->0K(196352K) Eden: 161360K(174528K)->0K(174592K) From: 0K(21760K)->0K(21760K)
[2026-05-06T01:33:07.507+0100][2.796s][info][gc,heap        ] GC(36) Tenured: 203728K(435984K)->203736K(435984K)
[2026-05-06T01:33:07.507+0100][2.796s][info][gc,metaspace   ] GC(36) Metaspace: 18996K(19328K)->18996K(19328K) NonClass: 16755K(16960K)->16755K(16960K) Class: 2240K(2368K)->2240K(2368K)
[2026-05-06T01:33:07.507+0100][2.796s][info][gc             ] GC(36) Pause Full (System.gc()) 356M->198M(617M) 10.992ms
[2026-05-06T01:33:07.507+0100][2.796s][info][gc,cpu         ] GC(36) User=0.01s Sys=0.00s Real=0.01s
[2026-05-06T01:33:07.536+0100][2.825s][info][gc,start       ] GC(37) Pause Full (System.gc())
[2026-05-06T01:33:07.536+0100][2.825s][info][gc,phases,start] GC(37) Phase 1: Mark live objects
[2026-05-06T01:33:07.541+0100][2.830s][info][gc,phases      ] GC(37) Phase 1: Mark live objects 5.385ms
[2026-05-06T01:33:07.541+0100][2.830s][info][gc,phases,start] GC(37) Phase 2: Compute new object addresses
[2026-05-06T01:33:07.543+0100][2.832s][info][gc,phases      ] GC(37) Phase 2: Compute new object addresses 1.601ms
[2026-05-06T01:33:07.543+0100][2.832s][info][gc,phases,start] GC(37) Phase 3: Adjust pointers
[2026-05-06T01:33:07.547+0100][2.836s][info][gc,phases      ] GC(37) Phase 3: Adjust pointers 3.878ms
[2026-05-06T01:33:07.547+0100][2.836s][info][gc,phases,start] GC(37) Phase 4: Move objects
[2026-05-06T01:33:07.547+0100][2.836s][info][gc,phases      ] GC(37) Phase 4: Move objects 0.005ms
[2026-05-06T01:33:07.547+0100][2.836s][info][gc,heap        ] GC(37) DefNew: 88777K(196352K)->0K(196288K) Eden: 88777K(174592K)->0K(174528K) From: 0K(21760K)->0K(21760K)
[2026-05-06T01:33:07.547+0100][2.836s][info][gc,heap        ] GC(37) Tenured: 203736K(435984K)->203745K(435984K)
[2026-05-06T01:33:07.547+0100][2.836s][info][gc,metaspace   ] GC(37) Metaspace: 19020K(19392K)->19020K(19392K) NonClass: 16780K(17024K)->16780K(17024K) Class: 2240K(2368K)->2240K(2368K)
[2026-05-06T01:33:07.547+0100][2.836s][info][gc             ] GC(37) Pause Full (System.gc()) 285M->198M(617M) 11.003ms
[2026-05-06T01:33:07.547+0100][2.836s][info][gc,cpu         ] GC(37) User=0.01s Sys=0.00s Real=0.01s
[2026-05-06T01:33:07.563+0100][2.852s][info][gc,start       ] GC(38) Pause Full (System.gc())
[2026-05-06T01:33:07.563+0100][2.852s][info][gc,phases,start] GC(38) Phase 1: Mark live objects
[2026-05-06T01:33:07.568+0100][2.857s][info][gc,phases      ] GC(38) Phase 1: Mark live objects 5.204ms
[2026-05-06T01:33:07.568+0100][2.857s][info][gc,phases,start] GC(38) Phase 2: Compute new object addresses
[2026-05-06T01:33:07.570+0100][2.859s][info][gc,phases      ] GC(38) Phase 2: Compute new object addresses 1.662ms
[2026-05-06T01:33:07.570+0100][2.859s][info][gc,phases,start] GC(38) Phase 3: Adjust pointers
[2026-05-06T01:33:07.574+0100][2.863s][info][gc,phases      ] GC(38) Phase 3: Adjust pointers 4.108ms
[2026-05-06T01:33:07.574+0100][2.863s][info][gc,phases,start] GC(38) Phase 4: Move objects
[2026-05-06T01:33:07.574+0100][2.863s][info][gc,phases      ] GC(38) Phase 4: Move objects 0.007ms
[2026-05-06T01:33:07.574+0100][2.863s][info][gc,heap        ] GC(38) DefNew: 14090K(196288K)->0K(196288K) Eden: 14090K(174528K)->0K(174528K) From: 0K(21760K)->0K(21760K)
[2026-05-06T01:33:07.574+0100][2.863s][info][gc,heap        ] GC(38) Tenured: 203745K(435984K)->203745K(435984K)
[2026-05-06T01:33:07.574+0100][2.863s][info][gc,metaspace   ] GC(38) Metaspace: 19041K(19392K)->19041K(19392K) NonClass: 16801K(17024K)->16801K(17024K) Class: 2240K(2368K)->2240K(2368K)
[2026-05-06T01:33:07.574+0100][2.863s][info][gc             ] GC(38) Pause Full (System.gc()) 212M->198M(617M) 11.142ms
[2026-05-06T01:33:07.574+0100][2.863s][info][gc,cpu         ] GC(38) User=0.02s Sys=0.00s Real=0.01s
[2026-05-06T01:33:07.580+0100][2.869s][info][gc,start       ] GC(39) Pause Full (System.gc())
[2026-05-06T01:33:07.580+0100][2.869s][info][gc,phases,start] GC(39) Phase 1: Mark live objects
[2026-05-06T01:33:07.585+0100][2.874s][info][gc,phases      ] GC(39) Phase 1: Mark live objects 4.999ms
[2026-05-06T01:33:07.585+0100][2.874s][info][gc,phases,start] GC(39) Phase 2: Compute new object addresses
[2026-05-06T01:33:07.586+0100][2.875s][info][gc,phases      ] GC(39) Phase 2: Compute new object addresses 1.463ms
[2026-05-06T01:33:07.586+0100][2.875s][info][gc,phases,start] GC(39) Phase 3: Adjust pointers
[2026-05-06T01:33:07.590+0100][2.879s][info][gc,phases      ] GC(39) Phase 3: Adjust pointers 4.286ms
[2026-05-06T01:33:07.590+0100][2.879s][info][gc,phases,start] GC(39) Phase 4: Move objects
[2026-05-06T01:33:07.596+0100][2.885s][info][gc,phases      ] GC(39) Phase 4: Move objects 5.486ms
[2026-05-06T01:33:07.596+0100][2.885s][info][gc,heap        ] GC(39) DefNew: 14092K(196288K)->0K(196288K) Eden: 14092K(174528K)->0K(174528K) From: 0K(21760K)->0K(21760K)
[2026-05-06T01:33:07.596+0100][2.885s][info][gc,heap        ] GC(39) Tenured: 203745K(435984K)->203732K(435984K)
[2026-05-06T01:33:07.596+0100][2.885s][info][gc,metaspace   ] GC(39) Metaspace: 19043K(19392K)->19043K(19392K) NonClass: 16803K(17024K)->16803K(17024K) Class: 2240K(2368K)->2240K(2368K)
[2026-05-06T01:33:07.596+0100][2.885s][info][gc             ] GC(39) Pause Full (System.gc()) 212M->198M(617M) 16.437ms
[2026-05-06T01:33:07.596+0100][2.885s][info][gc,cpu         ] GC(39) User=0.01s Sys=0.01s Real=0.01s
[2026-05-06T01:33:07.623+0100][2.912s][info][gc,start       ] GC(40) Pause Full (System.gc())
[2026-05-06T01:33:07.623+0100][2.912s][info][gc,phases,start] GC(40) Phase 1: Mark live objects
[2026-05-06T01:33:07.628+0100][2.917s][info][gc,phases      ] GC(40) Phase 1: Mark live objects 5.156ms
[2026-05-06T01:33:07.628+0100][2.917s][info][gc,phases,start] GC(40) Phase 2: Compute new object addresses
[2026-05-06T01:33:07.630+0100][2.919s][info][gc,phases      ] GC(40) Phase 2: Compute new object addresses 1.443ms
[2026-05-06T01:33:07.630+0100][2.919s][info][gc,phases,start] GC(40) Phase 3: Adjust pointers
[2026-05-06T01:33:07.634+0100][2.923s][info][gc,phases      ] GC(40) Phase 3: Adjust pointers 3.806ms
[2026-05-06T01:33:07.634+0100][2.923s][info][gc,phases,start] GC(40) Phase 4: Move objects
[2026-05-06T01:33:07.634+0100][2.923s][info][gc,phases      ] GC(40) Phase 4: Move objects 0.004ms
[2026-05-06T01:33:07.634+0100][2.923s][info][gc,heap        ] GC(40) DefNew: 35436K(196288K)->0K(196288K) Eden: 35436K(174528K)->0K(174528K) From: 0K(21760K)->0K(21760K)
[2026-05-06T01:33:07.634+0100][2.923s][info][gc,heap        ] GC(40) Tenured: 203732K(435984K)->203732K(435984K)
[2026-05-06T01:33:07.634+0100][2.923s][info][gc,metaspace   ] GC(40) Metaspace: 19043K(19392K)->19043K(19392K) NonClass: 16803K(17024K)->16803K(17024K) Class: 2240K(2368K)->2240K(2368K)
[2026-05-06T01:33:07.634+0100][2.923s][info][gc             ] GC(40) Pause Full (System.gc()) 233M->198M(617M) 10.525ms
[2026-05-06T01:33:07.634+0100][2.923s][info][gc,cpu         ] GC(40) User=0.01s Sys=0.00s Real=0.01s
[2026-05-06T01:33:07.735+0100][3.024s][info][gc,start       ] GC(41) Pause Full (System.gc())
[2026-05-06T01:33:07.735+0100][3.024s][info][gc,phases,start] GC(41) Phase 1: Mark live objects
[2026-05-06T01:33:07.740+0100][3.029s][info][gc,phases      ] GC(41) Phase 1: Mark live objects 5.080ms
[2026-05-06T01:33:07.740+0100][3.029s][info][gc,phases,start] GC(41) Phase 2: Compute new object addresses
[2026-05-06T01:33:07.742+0100][3.031s][info][gc,phases      ] GC(41) Phase 2: Compute new object addresses 1.402ms
[2026-05-06T01:33:07.742+0100][3.031s][info][gc,phases,start] GC(41) Phase 3: Adjust pointers
[2026-05-06T01:33:07.746+0100][3.035s][info][gc,phases      ] GC(41) Phase 3: Adjust pointers 3.856ms
[2026-05-06T01:33:07.746+0100][3.035s][info][gc,phases,start] GC(41) Phase 4: Move objects
[2026-05-06T01:33:07.746+0100][3.035s][info][gc,phases      ] GC(41) Phase 4: Move objects 0.005ms
[2026-05-06T01:33:07.746+0100][3.035s][info][gc,heap        ] GC(41) DefNew: 106225K(196288K)->0K(196288K) Eden: 106225K(174528K)->0K(174528K) From: 0K(21760K)->0K(21760K)
[2026-05-06T01:33:07.746+0100][3.035s][info][gc,heap        ] GC(41) Tenured: 203732K(435984K)->203732K(435984K)
[2026-05-06T01:33:07.746+0100][3.035s][info][gc,metaspace   ] GC(41) Metaspace: 19043K(19392K)->19043K(19392K) NonClass: 16803K(17024K)->16803K(17024K) Class: 2240K(2368K)->2240K(2368K)
[2026-05-06T01:33:07.746+0100][3.035s][info][gc             ] GC(41) Pause Full (System.gc()) 302M->198M(617M) 10.459ms
[2026-05-06T01:33:07.746+0100][3.035s][info][gc,cpu         ] GC(41) User=0.01s Sys=0.00s Real=0.01s
[2026-05-06T01:33:07.847+0100][3.136s][info][gc,start       ] GC(42) Pause Full (System.gc())
[2026-05-06T01:33:07.847+0100][3.136s][info][gc,phases,start] GC(42) Phase 1: Mark live objects
[2026-05-06T01:33:07.852+0100][3.141s][info][gc,phases      ] GC(42) Phase 1: Mark live objects 5.117ms
[2026-05-06T01:33:07.852+0100][3.141s][info][gc,phases,start] GC(42) Phase 2: Compute new object addresses
[2026-05-06T01:33:07.853+0100][3.142s][info][gc,phases      ] GC(42) Phase 2: Compute new object addresses 1.412ms
[2026-05-06T01:33:07.853+0100][3.142s][info][gc,phases,start] GC(42) Phase 3: Adjust pointers
[2026-05-06T01:33:07.857+0100][3.146s][info][gc,phases      ] GC(42) Phase 3: Adjust pointers 3.806ms
[2026-05-06T01:33:07.857+0100][3.146s][info][gc,phases,start] GC(42) Phase 4: Move objects
[2026-05-06T01:33:07.857+0100][3.146s][info][gc,phases      ] GC(42) Phase 4: Move objects 0.006ms
[2026-05-06T01:33:07.857+0100][3.146s][info][gc,heap        ] GC(42) DefNew: 108861K(196288K)->0K(196288K) Eden: 108861K(174528K)->0K(174528K) From: 0K(21760K)->0K(21760K)
[2026-05-06T01:33:07.857+0100][3.146s][info][gc,heap        ] GC(42) Tenured: 203732K(435984K)->203734K(435984K)
[2026-05-06T01:33:07.857+0100][3.146s][info][gc,metaspace   ] GC(42) Metaspace: 19043K(19392K)->19043K(19392K) NonClass: 16803K(17024K)->16803K(17024K) Class: 2240K(2368K)->2240K(2368K)
[2026-05-06T01:33:07.857+0100][3.146s][info][gc             ] GC(42) Pause Full (System.gc()) 305M->198M(617M) 10.491ms
[2026-05-06T01:33:07.857+0100][3.146s][info][gc,cpu         ] GC(42) User=0.01s Sys=0.00s Real=0.01s
[2026-05-06T01:33:07.959+0100][3.248s][info][gc,start       ] GC(43) Pause Full (System.gc())
[2026-05-06T01:33:07.959+0100][3.248s][info][gc,phases,start] GC(43) Phase 1: Mark live objects
[2026-05-06T01:33:07.964+0100][3.253s][info][gc,phases      ] GC(43) Phase 1: Mark live objects 5.144ms
[2026-05-06T01:33:07.964+0100][3.253s][info][gc,phases,start] GC(43) Phase 2: Compute new object addresses
[2026-05-06T01:33:07.966+0100][3.255s][info][gc,phases      ] GC(43) Phase 2: Compute new object addresses 1.423ms
[2026-05-06T01:33:07.966+0100][3.255s][info][gc,phases,start] GC(43) Phase 3: Adjust pointers
[2026-05-06T01:33:07.969+0100][3.258s][info][gc,phases      ] GC(43) Phase 3: Adjust pointers 3.778ms
[2026-05-06T01:33:07.969+0100][3.258s][info][gc,phases,start] GC(43) Phase 4: Move objects
[2026-05-06T01:33:07.969+0100][3.258s][info][gc,phases      ] GC(43) Phase 4: Move objects 0.020ms
[2026-05-06T01:33:07.969+0100][3.258s][info][gc,heap        ] GC(43) DefNew: 116749K(196288K)->0K(196288K) Eden: 116749K(174528K)->0K(174528K) From: 0K(21760K)->0K(21760K)
[2026-05-06T01:33:07.969+0100][3.258s][info][gc,heap        ] GC(43) Tenured: 203734K(435984K)->203734K(435984K)
[2026-05-06T01:33:07.969+0100][3.258s][info][gc,metaspace   ] GC(43) Metaspace: 19044K(19392K)->19044K(19392K) NonClass: 16804K(17024K)->16804K(17024K) Class: 2240K(2368K)->2240K(2368K)
[2026-05-06T01:33:07.970+0100][3.258s][info][gc             ] GC(43) Pause Full (System.gc()) 312M->198M(617M) 10.514ms
[2026-05-06T01:33:07.970+0100][3.259s][info][gc,cpu         ] GC(43) User=0.01s Sys=0.00s Real=0.02s
[2026-05-06T01:33:08.062+0100][3.351s][info][gc,start       ] GC(44) Pause Full (System.gc())
[2026-05-06T01:33:08.062+0100][3.351s][info][gc,phases,start] GC(44) Phase 1: Mark live objects
[2026-05-06T01:33:08.067+0100][3.356s][info][gc,phases      ] GC(44) Phase 1: Mark live objects 5.520ms
[2026-05-06T01:33:08.067+0100][3.356s][info][gc,phases,start] GC(44) Phase 2: Compute new object addresses
[2026-05-06T01:33:08.069+0100][3.358s][info][gc,phases      ] GC(44) Phase 2: Compute new object addresses 1.569ms
[2026-05-06T01:33:08.069+0100][3.358s][info][gc,phases,start] GC(44) Phase 3: Adjust pointers
[2026-05-06T01:33:08.073+0100][3.362s][info][gc,phases      ] GC(44) Phase 3: Adjust pointers 4.180ms
[2026-05-06T01:33:08.073+0100][3.362s][info][gc,phases,start] GC(44) Phase 4: Move objects
[2026-05-06T01:33:08.073+0100][3.362s][info][gc,phases      ] GC(44) Phase 4: Move objects 0.009ms
[2026-05-06T01:33:08.073+0100][3.362s][info][gc,heap        ] GC(44) DefNew: 116673K(196288K)->0K(196288K) Eden: 116673K(174528K)->0K(174528K) From: 0K(21760K)->0K(21760K)
[2026-05-06T01:33:08.073+0100][3.362s][info][gc,heap        ] GC(44) Tenured: 203734K(435984K)->203734K(435984K)
[2026-05-06T01:33:08.073+0100][3.362s][info][gc,metaspace   ] GC(44) Metaspace: 19047K(19392K)->19047K(19392K) NonClass: 16807K(17024K)->16807K(17024K) Class: 2240K(2368K)->2240K(2368K)
[2026-05-06T01:33:08.073+0100][3.362s][info][gc             ] GC(44) Pause Full (System.gc()) 312M->198M(617M) 11.474ms
[2026-05-06T01:33:08.073+0100][3.362s][info][gc,cpu         ] GC(44) User=0.01s Sys=0.00s Real=0.01s
[2026-05-06T01:33:08.128+0100][3.417s][info][gc,start       ] GC(45) Pause Full (System.gc())
[2026-05-06T01:33:08.128+0100][3.417s][info][gc,phases,start] GC(45) Phase 1: Mark live objects
[2026-05-06T01:33:08.133+0100][3.422s][info][gc,phases      ] GC(45) Phase 1: Mark live objects 5.227ms
[2026-05-06T01:33:08.133+0100][3.422s][info][gc,phases,start] GC(45) Phase 2: Compute new object addresses
[2026-05-06T01:33:08.135+0100][3.424s][info][gc,phases      ] GC(45) Phase 2: Compute new object addresses 1.404ms
[2026-05-06T01:33:08.135+0100][3.424s][info][gc,phases,start] GC(45) Phase 3: Adjust pointers
[2026-05-06T01:33:08.139+0100][3.428s][info][gc,phases      ] GC(45) Phase 3: Adjust pointers 3.997ms
[2026-05-06T01:33:08.139+0100][3.428s][info][gc,phases,start] GC(45) Phase 4: Move objects
[2026-05-06T01:33:08.139+0100][3.428s][info][gc,phases      ] GC(45) Phase 4: Move objects 0.008ms
[2026-05-06T01:33:08.139+0100][3.428s][info][gc,heap        ] GC(45) DefNew: 115104K(196288K)->0K(196288K) Eden: 115104K(174528K)->0K(174528K) From: 0K(21760K)->0K(21760K)
[2026-05-06T01:33:08.139+0100][3.428s][info][gc,heap        ] GC(45) Tenured: 203734K(435984K)->203737K(435984K)
[2026-05-06T01:33:08.139+0100][3.428s][info][gc,metaspace   ] GC(45) Metaspace: 19048K(19392K)->19048K(19392K) NonClass: 16808K(17024K)->16808K(17024K) Class: 2240K(2368K)->2240K(2368K)
[2026-05-06T01:33:08.139+0100][3.428s][info][gc             ] GC(45) Pause Full (System.gc()) 311M->198M(617M) 10.803ms
[2026-05-06T01:33:08.139+0100][3.428s][info][gc,cpu         ] GC(45) User=0.01s Sys=0.00s Real=0.01s
[2026-05-06T01:33:08.193+0100][3.482s][info][gc,start       ] GC(46) Pause Full (System.gc())
[2026-05-06T01:33:08.193+0100][3.482s][info][gc,phases,start] GC(46) Phase 1: Mark live objects
[2026-05-06T01:33:08.198+0100][3.487s][info][gc,phases      ] GC(46) Phase 1: Mark live objects 5.157ms
[2026-05-06T01:33:08.198+0100][3.487s][info][gc,phases,start] GC(46) Phase 2: Compute new object addresses
[2026-05-06T01:33:08.200+0100][3.489s][info][gc,phases      ] GC(46) Phase 2: Compute new object addresses 1.433ms
[2026-05-06T01:33:08.200+0100][3.489s][info][gc,phases,start] GC(46) Phase 3: Adjust pointers
[2026-05-06T01:33:08.204+0100][3.492s][info][gc,phases      ] GC(46) Phase 3: Adjust pointers 3.804ms
[2026-05-06T01:33:08.204+0100][3.493s][info][gc,phases,start] GC(46) Phase 4: Move objects
[2026-05-06T01:33:08.204+0100][3.493s][info][gc,phases      ] GC(46) Phase 4: Move objects 0.005ms
[2026-05-06T01:33:08.204+0100][3.493s][info][gc,heap        ] GC(46) DefNew: 139691K(196288K)->0K(196288K) Eden: 139691K(174528K)->0K(174528K) From: 0K(21760K)->0K(21760K)
[2026-05-06T01:33:08.204+0100][3.493s][info][gc,heap        ] GC(46) Tenured: 203737K(435984K)->203739K(435984K)
[2026-05-06T01:33:08.204+0100][3.493s][info][gc,metaspace   ] GC(46) Metaspace: 19050K(19392K)->19050K(19392K) NonClass: 16810K(17024K)->16810K(17024K) Class: 2240K(2368K)->2240K(2368K)
[2026-05-06T01:33:08.204+0100][3.493s][info][gc             ] GC(46) Pause Full (System.gc()) 335M->198M(617M) 10.539ms
[2026-05-06T01:33:08.204+0100][3.493s][info][gc,cpu         ] GC(46) User=0.01s Sys=0.00s Real=0.01s
[2026-05-06T01:33:08.252+0100][3.541s][info][gc,start       ] GC(47) Pause Full (System.gc())
[2026-05-06T01:33:08.252+0100][3.541s][info][gc,phases,start] GC(47) Phase 1: Mark live objects
[2026-05-06T01:33:08.257+0100][3.546s][info][gc,phases      ] GC(47) Phase 1: Mark live objects 5.328ms
[2026-05-06T01:33:08.257+0100][3.546s][info][gc,phases,start] GC(47) Phase 2: Compute new object addresses
[2026-05-06T01:33:08.258+0100][3.547s][info][gc,phases      ] GC(47) Phase 2: Compute new object addresses 1.464ms
[2026-05-06T01:33:08.258+0100][3.547s][info][gc,phases,start] GC(47) Phase 3: Adjust pointers
[2026-05-06T01:33:08.262+0100][3.551s][info][gc,phases      ] GC(47) Phase 3: Adjust pointers 3.906ms
[2026-05-06T01:33:08.262+0100][3.551s][info][gc,phases,start] GC(47) Phase 4: Move objects
[2026-05-06T01:33:08.262+0100][3.551s][info][gc,phases      ] GC(47) Phase 4: Move objects 0.005ms
[2026-05-06T01:33:08.262+0100][3.551s][info][gc,heap        ] GC(47) DefNew: 132593K(196288K)->0K(196288K) Eden: 132593K(174528K)->0K(174528K) From: 0K(21760K)->0K(21760K)
[2026-05-06T01:33:08.262+0100][3.551s][info][gc,heap        ] GC(47) Tenured: 203739K(435984K)->203733K(435984K)
[2026-05-06T01:33:08.262+0100][3.551s][info][gc,metaspace   ] GC(47) Metaspace: 19051K(19392K)->19051K(19392K) NonClass: 16811K(17024K)->16811K(17024K) Class: 2240K(2368K)->2240K(2368K)
[2026-05-06T01:33:08.262+0100][3.551s][info][gc             ] GC(47) Pause Full (System.gc()) 328M->198M(617M) 10.852ms
[2026-05-06T01:33:08.262+0100][3.551s][info][gc,cpu         ] GC(47) User=0.01s Sys=0.00s Real=0.01s
[2026-05-06T01:33:08.292+0100][3.581s][info][gc,start       ] GC(48) Pause Full (System.gc())
[2026-05-06T01:33:08.292+0100][3.581s][info][gc,phases,start] GC(48) Phase 1: Mark live objects
[2026-05-06T01:33:08.298+0100][3.587s][info][gc,phases      ] GC(48) Phase 1: Mark live objects 5.465ms
[2026-05-06T01:33:08.298+0100][3.587s][info][gc,phases,start] GC(48) Phase 2: Compute new object addresses
[2026-05-06T01:33:08.299+0100][3.588s][info][gc,phases      ] GC(48) Phase 2: Compute new object addresses 1.431ms
[2026-05-06T01:33:08.299+0100][3.588s][info][gc,phases,start] GC(48) Phase 3: Adjust pointers
[2026-05-06T01:33:08.303+0100][3.592s][info][gc,phases      ] GC(48) Phase 3: Adjust pointers 3.956ms
[2026-05-06T01:33:08.303+0100][3.592s][info][gc,phases,start] GC(48) Phase 4: Move objects
[2026-05-06T01:33:08.303+0100][3.592s][info][gc,phases      ] GC(48) Phase 4: Move objects 0.006ms
[2026-05-06T01:33:08.303+0100][3.592s][info][gc,heap        ] GC(48) DefNew: 129072K(196288K)->0K(196288K) Eden: 129072K(174528K)->0K(174528K) From: 0K(21760K)->0K(21760K)
[2026-05-06T01:33:08.303+0100][3.592s][info][gc,heap        ] GC(48) Tenured: 203733K(435984K)->203736K(435984K)
[2026-05-06T01:33:08.303+0100][3.592s][info][gc,metaspace   ] GC(48) Metaspace: 19051K(19392K)->19051K(19392K) NonClass: 16811K(17024K)->16811K(17024K) Class: 2240K(2368K)->2240K(2368K)
[2026-05-06T01:33:08.303+0100][3.592s][info][gc             ] GC(48) Pause Full (System.gc()) 325M->198M(617M) 11.011ms
[2026-05-06T01:33:08.303+0100][3.592s][info][gc,cpu         ] GC(48) User=0.01s Sys=0.00s Real=0.01s
[2026-05-06T01:33:08.334+0100][3.623s][info][gc,start       ] GC(49) Pause Full (System.gc())
[2026-05-06T01:33:08.334+0100][3.623s][info][gc,phases,start] GC(49) Phase 1: Mark live objects
[2026-05-06T01:33:08.340+0100][3.629s][info][gc,phases      ] GC(49) Phase 1: Mark live objects 5.482ms
[2026-05-06T01:33:08.340+0100][3.629s][info][gc,phases,start] GC(49) Phase 2: Compute new object addresses
[2026-05-06T01:33:08.341+0100][3.630s][info][gc,phases      ] GC(49) Phase 2: Compute new object addresses 1.448ms
[2026-05-06T01:33:08.341+0100][3.630s][info][gc,phases,start] GC(49) Phase 3: Adjust pointers
[2026-05-06T01:33:08.345+0100][3.634s][info][gc,phases      ] GC(49) Phase 3: Adjust pointers 3.992ms
[2026-05-06T01:33:08.345+0100][3.634s][info][gc,phases,start] GC(49) Phase 4: Move objects
[2026-05-06T01:33:08.345+0100][3.634s][info][gc,phases      ] GC(49) Phase 4: Move objects 0.005ms
[2026-05-06T01:33:08.345+0100][3.634s][info][gc,heap        ] GC(49) DefNew: 171302K(196288K)->0K(196288K) Eden: 171302K(174528K)->0K(174528K) From: 0K(21760K)->0K(21760K)
[2026-05-06T01:33:08.345+0100][3.634s][info][gc,heap        ] GC(49) Tenured: 203736K(435984K)->203738K(435984K)
[2026-05-06T01:33:08.345+0100][3.634s][info][gc,metaspace   ] GC(49) Metaspace: 19052K(19392K)->19052K(19392K) NonClass: 16812K(17024K)->16812K(17024K) Class: 2240K(2368K)->2240K(2368K)
[2026-05-06T01:33:08.345+0100][3.634s][info][gc             ] GC(49) Pause Full (System.gc()) 366M->198M(617M) 11.061ms
[2026-05-06T01:33:08.345+0100][3.634s][info][gc,cpu         ] GC(49) User=0.01s Sys=0.00s Real=0.01s
[2026-05-06T01:33:08.375+0100][3.664s][info][gc,start       ] GC(50) Pause Full (System.gc())
[2026-05-06T01:33:08.375+0100][3.664s][info][gc,phases,start] GC(50) Phase 1: Mark live objects
[2026-05-06T01:33:08.380+0100][3.669s][info][gc,phases      ] GC(50) Phase 1: Mark live objects 5.509ms
[2026-05-06T01:33:08.380+0100][3.669s][info][gc,phases,start] GC(50) Phase 2: Compute new object addresses
[2026-05-06T01:33:08.382+0100][3.671s][info][gc,phases      ] GC(50) Phase 2: Compute new object addresses 1.548ms
[2026-05-06T01:33:08.382+0100][3.671s][info][gc,phases,start] GC(50) Phase 3: Adjust pointers
[2026-05-06T01:33:08.386+0100][3.675s][info][gc,phases      ] GC(50) Phase 3: Adjust pointers 3.906ms
[2026-05-06T01:33:08.386+0100][3.675s][info][gc,phases,start] GC(50) Phase 4: Move objects
[2026-05-06T01:33:08.386+0100][3.675s][info][gc,phases      ] GC(50) Phase 4: Move objects 0.011ms
[2026-05-06T01:33:08.386+0100][3.675s][info][gc,heap        ] GC(50) DefNew: 156188K(196288K)->0K(196288K) Eden: 156188K(174528K)->0K(174528K) From: 0K(21760K)->0K(21760K)
[2026-05-06T01:33:08.386+0100][3.675s][info][gc,heap        ] GC(50) Tenured: 203738K(435984K)->203739K(435984K)
[2026-05-06T01:33:08.386+0100][3.675s][info][gc,metaspace   ] GC(50) Metaspace: 19062K(19456K)->19062K(19456K) NonClass: 16822K(17088K)->16822K(17088K) Class: 2240K(2368K)->2240K(2368K)
[2026-05-06T01:33:08.386+0100][3.675s][info][gc             ] GC(50) Pause Full (System.gc()) 351M->198M(617M) 11.124ms
[2026-05-06T01:33:08.386+0100][3.675s][info][gc,cpu         ] GC(50) User=0.01s Sys=0.00s Real=0.01s
[2026-05-06T01:33:08.412+0100][3.701s][info][gc,start       ] GC(51) Pause Full (System.gc())
[2026-05-06T01:33:08.412+0100][3.701s][info][gc,phases,start] GC(51) Phase 1: Mark live objects
[2026-05-06T01:33:08.418+0100][3.707s][info][gc,phases      ] GC(51) Phase 1: Mark live objects 5.498ms
[2026-05-06T01:33:08.418+0100][3.707s][info][gc,phases,start] GC(51) Phase 2: Compute new object addresses
[2026-05-06T01:33:08.419+0100][3.708s][info][gc,phases      ] GC(51) Phase 2: Compute new object addresses 1.528ms
[2026-05-06T01:33:08.419+0100][3.708s][info][gc,phases,start] GC(51) Phase 3: Adjust pointers
[2026-05-06T01:33:08.423+0100][3.712s][info][gc,phases      ] GC(51) Phase 3: Adjust pointers 4.003ms
[2026-05-06T01:33:08.423+0100][3.712s][info][gc,phases,start] GC(51) Phase 4: Move objects
[2026-05-06T01:33:08.423+0100][3.712s][info][gc,phases      ] GC(51) Phase 4: Move objects 0.017ms
[2026-05-06T01:33:08.423+0100][3.712s][info][gc,heap        ] GC(51) DefNew: 135757K(196288K)->0K(196288K) Eden: 135757K(174528K)->0K(174528K) From: 0K(21760K)->0K(21760K)
[2026-05-06T01:33:08.423+0100][3.712s][info][gc,heap        ] GC(51) Tenured: 203739K(435984K)->203740K(435984K)
[2026-05-06T01:33:08.423+0100][3.712s][info][gc,metaspace   ] GC(51) Metaspace: 19074K(19456K)->19074K(19456K) NonClass: 16834K(17088K)->16834K(17088K) Class: 2240K(2368K)->2240K(2368K)
[2026-05-06T01:33:08.424+0100][3.712s][info][gc             ] GC(51) Pause Full (System.gc()) 331M->198M(617M) 11.216ms
[2026-05-06T01:33:08.424+0100][3.712s][info][gc,cpu         ] GC(51) User=0.01s Sys=0.00s Real=0.01s
[2026-05-06T01:33:08.447+0100][3.736s][info][gc,start       ] GC(52) Pause Young (Allocation Failure)
[2026-05-06T01:33:08.447+0100][3.736s][info][gc,heap        ] GC(52) DefNew: 174528K(196288K)->11K(196288K) Eden: 174528K(174528K)->0K(174528K) From: 0K(21760K)->11K(21760K)
[2026-05-06T01:33:08.447+0100][3.736s][info][gc,heap        ] GC(52) Tenured: 203740K(435984K)->203740K(435984K)
[2026-05-06T01:33:08.447+0100][3.736s][info][gc,metaspace   ] GC(52) Metaspace: 19076K(19456K)->19076K(19456K) NonClass: 16836K(17088K)->16836K(17088K) Class: 2240K(2368K)->2240K(2368K)
[2026-05-06T01:33:08.447+0100][3.736s][info][gc             ] GC(52) Pause Young (Allocation Failure) 369M->198M(617M) 0.264ms
[2026-05-06T01:33:08.447+0100][3.736s][info][gc,cpu         ] GC(52) User=0.00s Sys=0.00s Real=0.00s
[2026-05-06T01:33:08.451+0100][3.740s][info][gc,start       ] GC(53) Pause Full (System.gc())
[2026-05-06T01:33:08.451+0100][3.740s][info][gc,phases,start] GC(53) Phase 1: Mark live objects
[2026-05-06T01:33:08.456+0100][3.745s][info][gc,phases      ] GC(53) Phase 1: Mark live objects 5.633ms
[2026-05-06T01:33:08.456+0100][3.745s][info][gc,phases,start] GC(53) Phase 2: Compute new object addresses
[2026-05-06T01:33:08.458+0100][3.747s][info][gc,phases      ] GC(53) Phase 2: Compute new object addresses 1.469ms
[2026-05-06T01:33:08.458+0100][3.747s][info][gc,phases,start] GC(53) Phase 3: Adjust pointers
[2026-05-06T01:33:08.462+0100][3.751s][info][gc,phases      ] GC(53) Phase 3: Adjust pointers 3.940ms
[2026-05-06T01:33:08.462+0100][3.751s][info][gc,phases,start] GC(53) Phase 4: Move objects
[2026-05-06T01:33:08.462+0100][3.751s][info][gc,phases      ] GC(53) Phase 4: Move objects 0.006ms
[2026-05-06T01:33:08.462+0100][3.751s][info][gc,heap        ] GC(53) DefNew: 29786K(196288K)->0K(196288K) Eden: 29775K(174528K)->0K(174528K) From: 11K(21760K)->0K(21760K)
[2026-05-06T01:33:08.462+0100][3.751s][info][gc,heap        ] GC(53) Tenured: 203740K(435984K)->203745K(435984K)
[2026-05-06T01:33:08.462+0100][3.751s][info][gc,metaspace   ] GC(53) Metaspace: 19076K(19456K)->19076K(19456K) NonClass: 16836K(17088K)->16836K(17088K) Class: 2240K(2368K)->2240K(2368K)
[2026-05-06T01:33:08.462+0100][3.751s][info][gc             ] GC(53) Pause Full (System.gc()) 228M->198M(617M) 11.184ms
[2026-05-06T01:33:08.462+0100][3.751s][info][gc,cpu         ] GC(53) User=0.01s Sys=0.00s Real=0.01s
[2026-05-06T01:33:08.495+0100][3.784s][info][gc,start       ] GC(54) Pause Full (System.gc())
[2026-05-06T01:33:08.495+0100][3.784s][info][gc,phases,start] GC(54) Phase 1: Mark live objects
[2026-05-06T01:33:08.501+0100][3.790s][info][gc,phases      ] GC(54) Phase 1: Mark live objects 5.957ms
[2026-05-06T01:33:08.501+0100][3.790s][info][gc,phases,start] GC(54) Phase 2: Compute new object addresses
[2026-05-06T01:33:08.502+0100][3.791s][info][gc,phases      ] GC(54) Phase 2: Compute new object addresses 1.655ms
[2026-05-06T01:33:08.502+0100][3.791s][info][gc,phases,start] GC(54) Phase 3: Adjust pointers
[2026-05-06T01:33:08.507+0100][3.796s][info][gc,phases      ] GC(54) Phase 3: Adjust pointers 4.438ms
[2026-05-06T01:33:08.507+0100][3.796s][info][gc,phases,start] GC(54) Phase 4: Move objects
[2026-05-06T01:33:08.507+0100][3.796s][info][gc,phases      ] GC(54) Phase 4: Move objects 0.006ms
[2026-05-06T01:33:08.507+0100][3.796s][info][gc,heap        ] GC(54) DefNew: 167024K(196288K)->0K(196288K) Eden: 167024K(174528K)->0K(174528K) From: 0K(21760K)->0K(21760K)
[2026-05-06T01:33:08.507+0100][3.796s][info][gc,heap        ] GC(54) Tenured: 203745K(435984K)->203745K(435984K)
[2026-05-06T01:33:08.507+0100][3.796s][info][gc,metaspace   ] GC(54) Metaspace: 19084K(19456K)->19084K(19456K) NonClass: 16844K(17088K)->16844K(17088K) Class: 2240K(2368K)->2240K(2368K)
[2026-05-06T01:33:08.507+0100][3.796s][info][gc             ] GC(54) Pause Full (System.gc()) 362M->198M(617M) 12.243ms
[2026-05-06T01:33:08.507+0100][3.796s][info][gc,cpu         ] GC(54) User=0.01s Sys=0.00s Real=0.01s
[2026-05-06T01:33:08.534+0100][3.823s][info][gc,start       ] GC(55) Pause Full (System.gc())
[2026-05-06T01:33:08.534+0100][3.823s][info][gc,phases,start] GC(55) Phase 1: Mark live objects
[2026-05-06T01:33:08.540+0100][3.829s][info][gc,phases      ] GC(55) Phase 1: Mark live objects 6.006ms
[2026-05-06T01:33:08.540+0100][3.829s][info][gc,phases,start] GC(55) Phase 2: Compute new object addresses
[2026-05-06T01:33:08.542+0100][3.831s][info][gc,phases      ] GC(55) Phase 2: Compute new object addresses 1.519ms
[2026-05-06T01:33:08.542+0100][3.831s][info][gc,phases,start] GC(55) Phase 3: Adjust pointers
[2026-05-06T01:33:08.546+0100][3.835s][info][gc,phases      ] GC(55) Phase 3: Adjust pointers 4.019ms
[2026-05-06T01:33:08.546+0100][3.835s][info][gc,phases,start] GC(55) Phase 4: Move objects
[2026-05-06T01:33:08.546+0100][3.835s][info][gc,phases      ] GC(55) Phase 4: Move objects 0.009ms
[2026-05-06T01:33:08.546+0100][3.835s][info][gc,heap        ] GC(55) DefNew: 136398K(196288K)->0K(196288K) Eden: 136398K(174528K)->0K(174528K) From: 0K(21760K)->0K(21760K)
[2026-05-06T01:33:08.546+0100][3.835s][info][gc,heap        ] GC(55) Tenured: 203745K(435984K)->203751K(435984K)
[2026-05-06T01:33:08.546+0100][3.835s][info][gc,metaspace   ] GC(55) Metaspace: 19084K(19456K)->19084K(19456K) NonClass: 16844K(17088K)->16844K(17088K) Class: 2240K(2368K)->2240K(2368K)
[2026-05-06T01:33:08.546+0100][3.835s][info][gc             ] GC(55) Pause Full (System.gc()) 332M->198M(617M) 11.712ms
[2026-05-06T01:33:08.546+0100][3.835s][info][gc,cpu         ] GC(55) User=0.01s Sys=0.00s Real=0.01s
[2026-05-06T01:33:08.569+0100][3.858s][info][gc,start       ] GC(56) Pause Young (Allocation Failure)
[2026-05-06T01:33:08.569+0100][3.858s][info][gc,heap        ] GC(56) DefNew: 171936K(196288K)->9K(196288K) Eden: 171936K(174528K)->0K(174528K) From: 0K(21760K)->9K(21760K)
[2026-05-06T01:33:08.569+0100][3.858s][info][gc,heap        ] GC(56) Tenured: 203751K(435984K)->203751K(435984K)
[2026-05-06T01:33:08.569+0100][3.858s][info][gc,metaspace   ] GC(56) Metaspace: 19085K(19456K)->19085K(19456K) NonClass: 16845K(17088K)->16845K(17088K) Class: 2240K(2368K)->2240K(2368K)
[2026-05-06T01:33:08.569+0100][3.858s][info][gc             ] GC(56) Pause Young (Allocation Failure) 366M->198M(617M) 0.236ms
[2026-05-06T01:33:08.569+0100][3.858s][info][gc,cpu         ] GC(56) User=0.00s Sys=0.00s Real=0.00s
[2026-05-06T01:33:08.572+0100][3.861s][info][gc,start       ] GC(57) Pause Full (System.gc())
[2026-05-06T01:33:08.572+0100][3.861s][info][gc,phases,start] GC(57) Phase 1: Mark live objects
[2026-05-06T01:33:08.578+0100][3.867s][info][gc,phases      ] GC(57) Phase 1: Mark live objects 5.586ms
[2026-05-06T01:33:08.578+0100][3.867s][info][gc,phases,start] GC(57) Phase 2: Compute new object addresses
[2026-05-06T01:33:08.580+0100][3.868s][info][gc,phases      ] GC(57) Phase 2: Compute new object addresses 1.485ms
[2026-05-06T01:33:08.580+0100][3.869s][info][gc,phases,start] GC(57) Phase 3: Adjust pointers
[2026-05-06T01:33:08.584+0100][3.873s][info][gc,phases      ] GC(57) Phase 3: Adjust pointers 4.008ms
[2026-05-06T01:33:08.584+0100][3.873s][info][gc,phases,start] GC(57) Phase 4: Move objects
[2026-05-06T01:33:08.584+0100][3.873s][info][gc,phases      ] GC(57) Phase 4: Move objects 0.007ms
[2026-05-06T01:33:08.584+0100][3.873s][info][gc,heap        ] GC(57) DefNew: 26428K(196288K)->0K(196352K) Eden: 26419K(174528K)->0K(174592K) From: 9K(21760K)->0K(21760K)
[2026-05-06T01:33:08.584+0100][3.873s][info][gc,heap        ] GC(57) Tenured: 203751K(435984K)->203742K(435984K)
[2026-05-06T01:33:08.584+0100][3.873s][info][gc,metaspace   ] GC(57) Metaspace: 19085K(19456K)->19085K(19456K) NonClass: 16845K(17088K)->16845K(17088K) Class: 2240K(2368K)->2240K(2368K)
[2026-05-06T01:33:08.584+0100][3.873s][info][gc             ] GC(57) Pause Full (System.gc()) 224M->198M(617M) 11.219ms
[2026-05-06T01:33:08.584+0100][3.873s][info][gc,cpu         ] GC(57) User=0.02s Sys=0.00s Real=0.01s
[2026-05-06T01:33:08.610+0100][3.899s][info][gc,start       ] GC(58) Pause Full (System.gc())
[2026-05-06T01:33:08.610+0100][3.899s][info][gc,phases,start] GC(58) Phase 1: Mark live objects
[2026-05-06T01:33:08.615+0100][3.904s][info][gc,phases      ] GC(58) Phase 1: Mark live objects 5.531ms
[2026-05-06T01:33:08.615+0100][3.904s][info][gc,phases,start] GC(58) Phase 2: Compute new object addresses
[2026-05-06T01:33:08.617+0100][3.906s][info][gc,phases      ] GC(58) Phase 2: Compute new object addresses 1.572ms
[2026-05-06T01:33:08.617+0100][3.906s][info][gc,phases,start] GC(58) Phase 3: Adjust pointers
[2026-05-06T01:33:08.621+0100][3.910s][info][gc,phases      ] GC(58) Phase 3: Adjust pointers 3.939ms
[2026-05-06T01:33:08.621+0100][3.910s][info][gc,phases,start] GC(58) Phase 4: Move objects
[2026-05-06T01:33:08.621+0100][3.910s][info][gc,phases      ] GC(58) Phase 4: Move objects 0.004ms
[2026-05-06T01:33:08.621+0100][3.910s][info][gc,heap        ] GC(58) DefNew: 155100K(196352K)->0K(196288K) Eden: 155100K(174592K)->0K(174528K) From: 0K(21760K)->0K(21760K)
[2026-05-06T01:33:08.621+0100][3.910s][info][gc,heap        ] GC(58) Tenured: 203742K(435984K)->203742K(435984K)
[2026-05-06T01:33:08.621+0100][3.910s][info][gc,metaspace   ] GC(58) Metaspace: 19086K(19456K)->19086K(19456K) NonClass: 16846K(17088K)->16846K(17088K) Class: 2240K(2368K)->2240K(2368K)
[2026-05-06T01:33:08.621+0100][3.910s][info][gc             ] GC(58) Pause Full (System.gc()) 350M->198M(617M) 11.201ms
[2026-05-06T01:33:08.621+0100][3.910s][info][gc,cpu         ] GC(58) User=0.01s Sys=0.00s Real=0.01s
[2026-05-06T01:33:08.645+0100][3.934s][info][gc,start       ] GC(59) Pause Full (System.gc())
[2026-05-06T01:33:08.645+0100][3.934s][info][gc,phases,start] GC(59) Phase 1: Mark live objects
[2026-05-06T01:33:08.651+0100][3.940s][info][gc,phases      ] GC(59) Phase 1: Mark live objects 5.561ms
[2026-05-06T01:33:08.651+0100][3.940s][info][gc,phases,start] GC(59) Phase 2: Compute new object addresses
[2026-05-06T01:33:08.652+0100][3.941s][info][gc,phases      ] GC(59) Phase 2: Compute new object addresses 1.555ms
[2026-05-06T01:33:08.652+0100][3.941s][info][gc,phases,start] GC(59) Phase 3: Adjust pointers
[2026-05-06T01:33:08.656+0100][3.945s][info][gc,phases      ] GC(59) Phase 3: Adjust pointers 4.018ms
[2026-05-06T01:33:08.656+0100][3.945s][info][gc,phases,start] GC(59) Phase 4: Move objects
[2026-05-06T01:33:08.656+0100][3.945s][info][gc,phases      ] GC(59) Phase 4: Move objects 0.006ms
[2026-05-06T01:33:08.656+0100][3.945s][info][gc,heap        ] GC(59) DefNew: 135538K(196288K)->0K(196352K) Eden: 135538K(174528K)->0K(174592K) From: 0K(21760K)->0K(21760K)
[2026-05-06T01:33:08.657+0100][3.945s][info][gc,heap        ] GC(59) Tenured: 203742K(435984K)->203752K(435984K)
[2026-05-06T01:33:08.657+0100][3.945s][info][gc,metaspace   ] GC(59) Metaspace: 19089K(19456K)->19089K(19456K) NonClass: 16849K(17088K)->16849K(17088K) Class: 2240K(2368K)->2240K(2368K)
[2026-05-06T01:33:08.657+0100][3.945s][info][gc             ] GC(59) Pause Full (System.gc()) 331M->198M(617M) 11.307ms
[2026-05-06T01:33:08.657+0100][3.946s][info][gc,cpu         ] GC(59) User=0.01s Sys=0.00s Real=0.01s
[2026-05-06T01:33:08.681+0100][3.970s][info][gc,start       ] GC(60) Pause Young (Allocation Failure)
[2026-05-06T01:33:08.681+0100][3.970s][info][gc,heap        ] GC(60) DefNew: 174592K(196352K)->22K(196352K) Eden: 174592K(174592K)->0K(174592K) From: 0K(21760K)->22K(21760K)
[2026-05-06T01:33:08.681+0100][3.970s][info][gc,heap        ] GC(60) Tenured: 203752K(435984K)->203752K(435984K)
[2026-05-06T01:33:08.681+0100][3.970s][info][gc,metaspace   ] GC(60) Metaspace: 19093K(19456K)->19093K(19456K) NonClass: 16853K(17088K)->16853K(17088K) Class: 2240K(2368K)->2240K(2368K)
[2026-05-06T01:33:08.681+0100][3.970s][info][gc             ] GC(60) Pause Young (Allocation Failure) 369M->198M(617M) 0.264ms
[2026-05-06T01:33:08.681+0100][3.970s][info][gc,cpu         ] GC(60) User=0.00s Sys=0.00s Real=0.00s
[2026-05-06T01:33:08.683+0100][3.972s][info][gc,start       ] GC(61) Pause Full (System.gc())
[2026-05-06T01:33:08.683+0100][3.972s][info][gc,phases,start] GC(61) Phase 1: Mark live objects
[2026-05-06T01:33:08.688+0100][3.977s][info][gc,phases      ] GC(61) Phase 1: Mark live objects 5.718ms
[2026-05-06T01:33:08.688+0100][3.977s][info][gc,phases,start] GC(61) Phase 2: Compute new object addresses
[2026-05-06T01:33:08.690+0100][3.979s][info][gc,phases      ] GC(61) Phase 2: Compute new object addresses 1.520ms
[2026-05-06T01:33:08.690+0100][3.979s][info][gc,phases,start] GC(61) Phase 3: Adjust pointers
[2026-05-06T01:33:08.694+0100][3.983s][info][gc,phases      ] GC(61) Phase 3: Adjust pointers 4.008ms
[2026-05-06T01:33:08.694+0100][3.983s][info][gc,phases,start] GC(61) Phase 4: Move objects
[2026-05-06T01:33:08.694+0100][3.983s][info][gc,phases      ] GC(61) Phase 4: Move objects 0.007ms
[2026-05-06T01:33:08.694+0100][3.983s][info][gc,heap        ] GC(61) DefNew: 14056K(196352K)->0K(196352K) Eden: 14034K(174592K)->0K(174592K) From: 22K(21760K)->0K(21760K)
[2026-05-06T01:33:08.694+0100][3.983s][info][gc,heap        ] GC(61) Tenured: 203752K(435984K)->203760K(435984K)
[2026-05-06T01:33:08.694+0100][3.983s][info][gc,metaspace   ] GC(61) Metaspace: 19093K(19456K)->19093K(19456K) NonClass: 16853K(17088K)->16853K(17088K) Class: 2240K(2368K)->2240K(2368K)
[2026-05-06T01:33:08.694+0100][3.983s][info][gc             ] GC(61) Pause Full (System.gc()) 212M->198M(617M) 11.375ms
[2026-05-06T01:33:08.694+0100][3.983s][info][gc,cpu         ] GC(61) User=0.01s Sys=0.00s Real=0.01s
[2026-05-06T01:33:08.719+0100][4.008s][info][gc,start       ] GC(62) Pause Full (System.gc())
[2026-05-06T01:33:08.719+0100][4.008s][info][gc,phases,start] GC(62) Phase 1: Mark live objects
[2026-05-06T01:33:08.725+0100][4.014s][info][gc,phases      ] GC(62) Phase 1: Mark live objects 5.442ms
[2026-05-06T01:33:08.725+0100][4.014s][info][gc,phases,start] GC(62) Phase 2: Compute new object addresses
[2026-05-06T01:33:08.727+0100][4.016s][info][gc,phases      ] GC(62) Phase 2: Compute new object addresses 1.893ms
[2026-05-06T01:33:08.727+0100][4.016s][info][gc,phases,start] GC(62) Phase 3: Adjust pointers
[2026-05-06T01:33:08.731+0100][4.020s][info][gc,phases      ] GC(62) Phase 3: Adjust pointers 4.044ms
[2026-05-06T01:33:08.731+0100][4.020s][info][gc,phases,start] GC(62) Phase 4: Move objects
[2026-05-06T01:33:08.731+0100][4.020s][info][gc,phases      ] GC(62) Phase 4: Move objects 0.006ms
[2026-05-06T01:33:08.731+0100][4.020s][info][gc,heap        ] GC(62) DefNew: 162968K(196352K)->0K(196288K) Eden: 162968K(174592K)->0K(174528K) From: 0K(21760K)->0K(21760K)
[2026-05-06T01:33:08.731+0100][4.020s][info][gc,heap        ] GC(62) Tenured: 203760K(435984K)->203735K(435984K)
[2026-05-06T01:33:08.731+0100][4.020s][info][gc,metaspace   ] GC(62) Metaspace: 19093K(19456K)->19093K(19456K) NonClass: 16853K(17088K)->16853K(17088K) Class: 2240K(2368K)->2240K(2368K)
[2026-05-06T01:33:08.731+0100][4.020s][info][gc             ] GC(62) Pause Full (System.gc()) 358M->198M(617M) 11.559ms
[2026-05-06T01:33:08.731+0100][4.020s][info][gc,cpu         ] GC(62) User=0.01s Sys=0.00s Real=0.02s
[2026-05-06T01:33:08.753+0100][4.042s][info][gc,start       ] GC(63) Pause Full (System.gc())
[2026-05-06T01:33:08.753+0100][4.042s][info][gc,phases,start] GC(63) Phase 1: Mark live objects
[2026-05-06T01:33:08.759+0100][4.048s][info][gc,phases      ] GC(63) Phase 1: Mark live objects 5.488ms
[2026-05-06T01:33:08.759+0100][4.048s][info][gc,phases,start] GC(63) Phase 2: Compute new object addresses
[2026-05-06T01:33:08.761+0100][4.050s][info][gc,phases      ] GC(63) Phase 2: Compute new object addresses 2.263ms
[2026-05-06T01:33:08.761+0100][4.050s][info][gc,phases,start] GC(63) Phase 3: Adjust pointers
[2026-05-06T01:33:08.765+0100][4.054s][info][gc,phases      ] GC(63) Phase 3: Adjust pointers 4.074ms
[2026-05-06T01:33:08.765+0100][4.054s][info][gc,phases,start] GC(63) Phase 4: Move objects
[2026-05-06T01:33:08.765+0100][4.054s][info][gc,phases      ] GC(63) Phase 4: Move objects 0.005ms
[2026-05-06T01:33:08.765+0100][4.054s][info][gc,heap        ] GC(63) DefNew: 114707K(196288K)->0K(196288K) Eden: 114707K(174528K)->0K(174528K) From: 0K(21760K)->0K(21760K)
[2026-05-06T01:33:08.765+0100][4.054s][info][gc,heap        ] GC(63) Tenured: 203735K(435984K)->203735K(435984K)
[2026-05-06T01:33:08.765+0100][4.054s][info][gc,metaspace   ] GC(63) Metaspace: 19093K(19456K)->19093K(19456K) NonClass: 16853K(17088K)->16853K(17088K) Class: 2240K(2368K)->2240K(2368K)
[2026-05-06T01:33:08.765+0100][4.054s][info][gc             ] GC(63) Pause Full (System.gc()) 310M->198M(617M) 12.004ms
[2026-05-06T01:33:08.765+0100][4.054s][info][gc,cpu         ] GC(63) User=0.02s Sys=0.00s Real=0.01s
[2026-05-06T01:33:08.786+0100][4.075s][info][gc,start       ] GC(64) Pause Full (System.gc())
[2026-05-06T01:33:08.786+0100][4.075s][info][gc,phases,start] GC(64) Phase 1: Mark live objects
[2026-05-06T01:33:08.792+0100][4.081s][info][gc,phases      ] GC(64) Phase 1: Mark live objects 5.491ms
[2026-05-06T01:33:08.792+0100][4.081s][info][gc,phases,start] GC(64) Phase 2: Compute new object addresses
[2026-05-06T01:33:08.794+0100][4.082s][info][gc,phases      ] GC(64) Phase 2: Compute new object addresses 1.651ms
[2026-05-06T01:33:08.794+0100][4.082s][info][gc,phases,start] GC(64) Phase 3: Adjust pointers
[2026-05-06T01:33:08.798+0100][4.087s][info][gc,phases      ] GC(64) Phase 3: Adjust pointers 4.058ms
[2026-05-06T01:33:08.798+0100][4.087s][info][gc,phases,start] GC(64) Phase 4: Move objects
[2026-05-06T01:33:08.798+0100][4.087s][info][gc,phases      ] GC(64) Phase 4: Move objects 0.006ms
[2026-05-06T01:33:08.798+0100][4.087s][info][gc,heap        ] GC(64) DefNew: 110137K(196288K)->0K(196288K) Eden: 110137K(174528K)->0K(174528K) From: 0K(21760K)->0K(21760K)
[2026-05-06T01:33:08.798+0100][4.087s][info][gc,heap        ] GC(64) Tenured: 203735K(435984K)->203736K(435984K)
[2026-05-06T01:33:08.798+0100][4.087s][info][gc,metaspace   ] GC(64) Metaspace: 19105K(19456K)->19105K(19456K) NonClass: 16865K(17088K)->16865K(17088K) Class: 2240K(2368K)->2240K(2368K)
[2026-05-06T01:33:08.798+0100][4.087s][info][gc             ] GC(64) Pause Full (System.gc()) 306M->198M(617M) 11.371ms
[2026-05-06T01:33:08.798+0100][4.087s][info][gc,cpu         ] GC(64) User=0.01s Sys=0.00s Real=0.01s
[2026-05-06T01:33:08.901+0100][4.190s][info][gc,start       ] GC(65) Pause Young (Allocation Failure)
[2026-05-06T01:33:08.902+0100][4.191s][info][gc,heap        ] GC(65) DefNew: 158293K(196288K)->1K(196288K) Eden: 158293K(174528K)->0K(174528K) From: 0K(21760K)->1K(21760K)
[2026-05-06T01:33:08.902+0100][4.191s][info][gc,heap        ] GC(65) Tenured: 203736K(435984K)->203736K(435984K)
[2026-05-06T01:33:08.902+0100][4.191s][info][gc,metaspace   ] GC(65) Metaspace: 19105K(19456K)->19105K(19456K) NonClass: 16865K(17088K)->16865K(17088K) Class: 2240K(2368K)->2240K(2368K)
[2026-05-06T01:33:08.902+0100][4.191s][info][gc             ] GC(65) Pause Young (Allocation Failure) 353M->198M(617M) 0.206ms
[2026-05-06T01:33:08.902+0100][4.191s][info][gc,cpu         ] GC(65) User=0.00s Sys=0.00s Real=0.00s
[2026-05-06T01:33:08.922+0100][4.211s][info][gc,start       ] GC(66) Pause Full (System.gc())
[2026-05-06T01:33:08.922+0100][4.211s][info][gc,phases,start] GC(66) Phase 1: Mark live objects
[2026-05-06T01:33:08.927+0100][4.216s][info][gc,phases      ] GC(66) Phase 1: Mark live objects 5.107ms
[2026-05-06T01:33:08.927+0100][4.216s][info][gc,phases,start] GC(66) Phase 2: Compute new object addresses
[2026-05-06T01:33:08.928+0100][4.217s][info][gc,phases      ] GC(66) Phase 2: Compute new object addresses 1.395ms
[2026-05-06T01:33:08.928+0100][4.217s][info][gc,phases,start] GC(66) Phase 3: Adjust pointers
[2026-05-06T01:33:08.932+0100][4.221s][info][gc,phases      ] GC(66) Phase 3: Adjust pointers 3.830ms
[2026-05-06T01:33:08.932+0100][4.221s][info][gc,phases,start] GC(66) Phase 4: Move objects
[2026-05-06T01:33:08.932+0100][4.221s][info][gc,phases      ] GC(66) Phase 4: Move objects 0.004ms
[2026-05-06T01:33:08.932+0100][4.221s][info][gc,heap        ] GC(66) DefNew: 39914K(196288K)->0K(196288K) Eden: 39913K(174528K)->0K(174528K) From: 1K(21760K)->0K(21760K)
[2026-05-06T01:33:08.932+0100][4.221s][info][gc,heap        ] GC(66) Tenured: 203736K(435984K)->203736K(435984K)
[2026-05-06T01:33:08.932+0100][4.221s][info][gc,metaspace   ] GC(66) Metaspace: 19105K(19456K)->19105K(19456K) NonClass: 16865K(17088K)->16865K(17088K) Class: 2240K(2368K)->2240K(2368K)
[2026-05-06T01:33:08.932+0100][4.221s][info][gc             ] GC(66) Pause Full (System.gc()) 237M->198M(617M) 10.430ms
[2026-05-06T01:33:08.932+0100][4.221s][info][gc,cpu         ] GC(66) User=0.01s Sys=0.00s Real=0.01s
[2026-05-06T01:33:09.089+0100][4.378s][info][gc,start       ] GC(67) Pause Young (Allocation Failure)
[2026-05-06T01:33:09.089+0100][4.378s][info][gc,heap        ] GC(67) DefNew: 150505K(196288K)->1K(196288K) Eden: 150505K(174528K)->0K(174528K) From: 0K(21760K)->1K(21760K)
[2026-05-06T01:33:09.089+0100][4.378s][info][gc,heap        ] GC(67) Tenured: 203736K(435984K)->203736K(435984K)
[2026-05-06T01:33:09.089+0100][4.378s][info][gc,metaspace   ] GC(67) Metaspace: 19105K(19456K)->19105K(19456K) NonClass: 16865K(17088K)->16865K(17088K) Class: 2240K(2368K)->2240K(2368K)
[2026-05-06T01:33:09.089+0100][4.378s][info][gc             ] GC(67) Pause Young (Allocation Failure) 345M->198M(617M) 0.217ms
[2026-05-06T01:33:09.089+0100][4.378s][info][gc,cpu         ] GC(67) User=0.00s Sys=0.00s Real=0.00s
[2026-05-06T01:33:09.232+0100][4.521s][info][gc,start       ] GC(68) Pause Young (Allocation Failure)
[2026-05-06T01:33:09.232+0100][4.521s][info][gc,heap        ] GC(68) DefNew: 150636K(196288K)->1K(196288K) Eden: 150634K(174528K)->0K(174528K) From: 1K(21760K)->1K(21760K)
[2026-05-06T01:33:09.232+0100][4.521s][info][gc,heap        ] GC(68) Tenured: 203736K(435984K)->203736K(435984K)
[2026-05-06T01:33:09.232+0100][4.521s][info][gc,metaspace   ] GC(68) Metaspace: 19105K(19456K)->19105K(19456K) NonClass: 16865K(17088K)->16865K(17088K) Class: 2240K(2368K)->2240K(2368K)
[2026-05-06T01:33:09.232+0100][4.521s][info][gc             ] GC(68) Pause Young (Allocation Failure) 346M->198M(617M) 0.198ms
[2026-05-06T01:33:09.232+0100][4.521s][info][gc,cpu         ] GC(68) User=0.00s Sys=0.00s Real=0.00s
[2026-05-06T01:33:09.374+0100][4.663s][info][gc,start       ] GC(69) Pause Young (Allocation Failure)
[2026-05-06T01:33:09.374+0100][4.663s][info][gc,heap        ] GC(69) DefNew: 150719K(196288K)->2K(196288K) Eden: 150718K(174528K)->0K(174528K) From: 1K(21760K)->2K(21760K)
[2026-05-06T01:33:09.374+0100][4.663s][info][gc,heap        ] GC(69) Tenured: 203736K(435984K)->203736K(435984K)
[2026-05-06T01:33:09.374+0100][4.663s][info][gc,metaspace   ] GC(69) Metaspace: 19105K(19456K)->19105K(19456K) NonClass: 16865K(17088K)->16865K(17088K) Class: 2240K(2368K)->2240K(2368K)
[2026-05-06T01:33:09.374+0100][4.663s][info][gc             ] GC(69) Pause Young (Allocation Failure) 346M->198M(617M) 0.212ms
[2026-05-06T01:33:09.374+0100][4.663s][info][gc,cpu         ] GC(69) User=0.00s Sys=0.00s Real=0.00s
[2026-05-06T01:33:09.395+0100][4.684s][info][gc,start       ] GC(70) Pause Full (System.gc())
[2026-05-06T01:33:09.395+0100][4.684s][info][gc,phases,start] GC(70) Phase 1: Mark live objects
[2026-05-06T01:33:09.401+0100][4.689s][info][gc,phases      ] GC(70) Phase 1: Mark live objects 5.114ms
[2026-05-06T01:33:09.401+0100][4.689s][info][gc,phases,start] GC(70) Phase 2: Compute new object addresses
[2026-05-06T01:33:09.402+0100][4.691s][info][gc,phases      ] GC(70) Phase 2: Compute new object addresses 1.393ms
[2026-05-06T01:33:09.402+0100][4.691s][info][gc,phases,start] GC(70) Phase 3: Adjust pointers
[2026-05-06T01:33:09.406+0100][4.695s][info][gc,phases      ] GC(70) Phase 3: Adjust pointers 4.036ms
[2026-05-06T01:33:09.406+0100][4.695s][info][gc,phases,start] GC(70) Phase 4: Move objects
[2026-05-06T01:33:09.406+0100][4.695s][info][gc,phases      ] GC(70) Phase 4: Move objects 0.006ms
[2026-05-06T01:33:09.406+0100][4.695s][info][gc,heap        ] GC(70) DefNew: 40182K(196288K)->0K(196288K) Eden: 40179K(174528K)->0K(174528K) From: 2K(21760K)->0K(21760K)
[2026-05-06T01:33:09.406+0100][4.695s][info][gc,heap        ] GC(70) Tenured: 203736K(435984K)->203736K(435984K)
[2026-05-06T01:33:09.406+0100][4.695s][info][gc,metaspace   ] GC(70) Metaspace: 19105K(19456K)->19105K(19456K) NonClass: 16865K(17088K)->16865K(17088K) Class: 2240K(2368K)->2240K(2368K)
[2026-05-06T01:33:09.406+0100][4.695s][info][gc             ] GC(70) Pause Full (System.gc()) 238M->198M(617M) 10.717ms
[2026-05-06T01:33:09.406+0100][4.695s][info][gc,cpu         ] GC(70) User=0.01s Sys=0.00s Real=0.01s
[2026-05-06T01:33:09.565+0100][4.854s][info][gc,start       ] GC(71) Pause Young (Allocation Failure)
[2026-05-06T01:33:09.565+0100][4.854s][info][gc,heap        ] GC(71) DefNew: 150771K(196288K)->2K(196288K) Eden: 150771K(174528K)->0K(174528K) From: 0K(21760K)->2K(21760K)
[2026-05-06T01:33:09.565+0100][4.854s][info][gc,heap        ] GC(71) Tenured: 203736K(435984K)->203736K(435984K)
[2026-05-06T01:33:09.565+0100][4.854s][info][gc,metaspace   ] GC(71) Metaspace: 19105K(19456K)->19105K(19456K) NonClass: 16865K(17088K)->16865K(17088K) Class: 2240K(2368K)->2240K(2368K)
[2026-05-06T01:33:09.565+0100][4.854s][info][gc             ] GC(71) Pause Young (Allocation Failure) 346M->198M(617M) 0.187ms
[2026-05-06T01:33:09.565+0100][4.854s][info][gc,cpu         ] GC(71) User=0.00s Sys=0.00s Real=0.00s
[2026-05-06T01:33:09.707+0100][4.996s][info][gc,start       ] GC(72) Pause Young (Allocation Failure)
[2026-05-06T01:33:09.707+0100][4.996s][info][gc,heap        ] GC(72) DefNew: 150808K(196288K)->2K(196288K) Eden: 150806K(174528K)->0K(174528K) From: 2K(21760K)->2K(21760K)
[2026-05-06T01:33:09.707+0100][4.996s][info][gc,heap        ] GC(72) Tenured: 203736K(435984K)->203736K(435984K)
[2026-05-06T01:33:09.707+0100][4.996s][info][gc,metaspace   ] GC(72) Metaspace: 19105K(19456K)->19105K(19456K) NonClass: 16865K(17088K)->16865K(17088K) Class: 2240K(2368K)->2240K(2368K)
[2026-05-06T01:33:09.707+0100][4.996s][info][gc             ] GC(72) Pause Young (Allocation Failure) 346M->198M(617M) 0.190ms
[2026-05-06T01:33:09.707+0100][4.996s][info][gc,cpu         ] GC(72) User=0.00s Sys=0.00s Real=0.00s
[2026-05-06T01:33:09.851+0100][5.140s][info][gc,start       ] GC(73) Pause Young (Allocation Failure)
[2026-05-06T01:33:09.852+0100][5.141s][info][gc,heap        ] GC(73) DefNew: 161305K(196288K)->3K(196288K) Eden: 161303K(174528K)->0K(174528K) From: 2K(21760K)->3K(21760K)
[2026-05-06T01:33:09.852+0100][5.141s][info][gc,heap        ] GC(73) Tenured: 203736K(435984K)->203736K(435984K)
[2026-05-06T01:33:09.852+0100][5.141s][info][gc,metaspace   ] GC(73) Metaspace: 19105K(19456K)->19105K(19456K) NonClass: 16865K(17088K)->16865K(17088K) Class: 2240K(2368K)->2240K(2368K)
[2026-05-06T01:33:09.852+0100][5.141s][info][gc             ] GC(73) Pause Young (Allocation Failure) 356M->198M(617M) 0.251ms
[2026-05-06T01:33:09.852+0100][5.141s][info][gc,cpu         ] GC(73) User=0.01s Sys=0.00s Real=0.00s
[2026-05-06T01:33:09.872+0100][5.161s][info][gc,start       ] GC(74) Pause Full (System.gc())
[2026-05-06T01:33:09.872+0100][5.161s][info][gc,phases,start] GC(74) Phase 1: Mark live objects
[2026-05-06T01:33:09.877+0100][5.166s][info][gc,phases      ] GC(74) Phase 1: Mark live objects 5.110ms
[2026-05-06T01:33:09.877+0100][5.166s][info][gc,phases,start] GC(74) Phase 2: Compute new object addresses
[2026-05-06T01:33:09.879+0100][5.168s][info][gc,phases      ] GC(74) Phase 2: Compute new object addresses 1.466ms
[2026-05-06T01:33:09.879+0100][5.168s][info][gc,phases,start] GC(74) Phase 3: Adjust pointers
[2026-05-06T01:33:09.883+0100][5.172s][info][gc,phases      ] GC(74) Phase 3: Adjust pointers 4.203ms
[2026-05-06T01:33:09.883+0100][5.172s][info][gc,phases,start] GC(74) Phase 4: Move objects
[2026-05-06T01:33:09.883+0100][5.172s][info][gc,phases      ] GC(74) Phase 4: Move objects 0.006ms
[2026-05-06T01:33:09.883+0100][5.172s][info][gc,heap        ] GC(74) DefNew: 41921K(196288K)->0K(196288K) Eden: 41918K(174528K)->0K(174528K) From: 3K(21760K)->0K(21760K)
[2026-05-06T01:33:09.883+0100][5.172s][info][gc,heap        ] GC(74) Tenured: 203736K(435984K)->203737K(435984K)
[2026-05-06T01:33:09.883+0100][5.172s][info][gc,metaspace   ] GC(74) Metaspace: 19105K(19456K)->19105K(19456K) NonClass: 16865K(17088K)->16865K(17088K) Class: 2240K(2368K)->2240K(2368K)
[2026-05-06T01:33:09.883+0100][5.172s][info][gc             ] GC(74) Pause Full (System.gc()) 239M->198M(617M) 10.924ms
[2026-05-06T01:33:09.883+0100][5.172s][info][gc,cpu         ] GC(74) User=0.01s Sys=0.00s Real=0.01s
[2026-05-06T01:33:10.042+0100][5.331s][info][gc,start       ] GC(75) Pause Young (Allocation Failure)
[2026-05-06T01:33:10.042+0100][5.331s][info][gc,heap        ] GC(75) DefNew: 161241K(196288K)->3K(196288K) Eden: 161241K(174528K)->0K(174528K) From: 0K(21760K)->3K(21760K)
[2026-05-06T01:33:10.042+0100][5.331s][info][gc,heap        ] GC(75) Tenured: 203737K(435984K)->203737K(435984K)
[2026-05-06T01:33:10.042+0100][5.331s][info][gc,metaspace   ] GC(75) Metaspace: 19106K(19456K)->19106K(19456K) NonClass: 16866K(17088K)->16866K(17088K) Class: 2240K(2368K)->2240K(2368K)
[2026-05-06T01:33:10.042+0100][5.331s][info][gc             ] GC(75) Pause Young (Allocation Failure) 356M->198M(617M) 0.236ms
[2026-05-06T01:33:10.042+0100][5.331s][info][gc,cpu         ] GC(75) User=0.00s Sys=0.00s Real=0.00s
[2026-05-06T01:33:10.186+0100][5.474s][info][gc,start       ] GC(76) Pause Young (Allocation Failure)
[2026-05-06T01:33:10.186+0100][5.475s][info][gc,heap        ] GC(76) DefNew: 158585K(196288K)->3K(196288K) Eden: 158581K(174528K)->0K(174528K) From: 3K(21760K)->3K(21760K)
[2026-05-06T01:33:10.186+0100][5.475s][info][gc,heap        ] GC(76) Tenured: 203737K(435984K)->203737K(435984K)
[2026-05-06T01:33:10.186+0100][5.475s][info][gc,metaspace   ] GC(76) Metaspace: 19106K(19456K)->19106K(19456K) NonClass: 16866K(17088K)->16866K(17088K) Class: 2240K(2368K)->2240K(2368K)
[2026-05-06T01:33:10.186+0100][5.475s][info][gc             ] GC(76) Pause Young (Allocation Failure) 353M->198M(617M) 0.224ms
[2026-05-06T01:33:10.186+0100][5.475s][info][gc,cpu         ] GC(76) User=0.00s Sys=0.00s Real=0.00s
[2026-05-06T01:33:10.329+0100][5.618s][info][gc,start       ] GC(77) Pause Young (Allocation Failure)
[2026-05-06T01:33:10.329+0100][5.618s][info][gc,heap        ] GC(77) DefNew: 158577K(196288K)->3K(196288K) Eden: 158574K(174528K)->0K(174528K) From: 3K(21760K)->3K(21760K)
[2026-05-06T01:33:10.329+0100][5.618s][info][gc,heap        ] GC(77) Tenured: 203737K(435984K)->203737K(435984K)
[2026-05-06T01:33:10.329+0100][5.618s][info][gc,metaspace   ] GC(77) Metaspace: 19106K(19456K)->19106K(19456K) NonClass: 16866K(17088K)->16866K(17088K) Class: 2240K(2368K)->2240K(2368K)
[2026-05-06T01:33:10.329+0100][5.618s][info][gc             ] GC(77) Pause Young (Allocation Failure) 353M->198M(617M) 0.213ms
[2026-05-06T01:33:10.329+0100][5.618s][info][gc,cpu         ] GC(77) User=0.00s Sys=0.00s Real=0.00s
[2026-05-06T01:33:10.350+0100][5.639s][info][gc,start       ] GC(78) Pause Full (System.gc())
[2026-05-06T01:33:10.350+0100][5.639s][info][gc,phases,start] GC(78) Phase 1: Mark live objects
[2026-05-06T01:33:10.355+0100][5.644s][info][gc,phases      ] GC(78) Phase 1: Mark live objects 5.117ms
[2026-05-06T01:33:10.355+0100][5.644s][info][gc,phases,start] GC(78) Phase 2: Compute new object addresses
[2026-05-06T01:33:10.356+0100][5.645s][info][gc,phases      ] GC(78) Phase 2: Compute new object addresses 1.392ms
[2026-05-06T01:33:10.356+0100][5.645s][info][gc,phases,start] GC(78) Phase 3: Adjust pointers
[2026-05-06T01:33:10.360+0100][5.649s][info][gc,phases      ] GC(78) Phase 3: Adjust pointers 3.724ms
[2026-05-06T01:33:10.360+0100][5.649s][info][gc,phases,start] GC(78) Phase 4: Move objects
[2026-05-06T01:33:10.360+0100][5.649s][info][gc,phases      ] GC(78) Phase 4: Move objects 0.006ms
[2026-05-06T01:33:10.360+0100][5.649s][info][gc,heap        ] GC(78) DefNew: 40995K(196288K)->0K(196288K) Eden: 40992K(174528K)->0K(174528K) From: 3K(21760K)->0K(21760K)
[2026-05-06T01:33:10.360+0100][5.649s][info][gc,heap        ] GC(78) Tenured: 203737K(435984K)->203740K(435984K)
[2026-05-06T01:33:10.360+0100][5.649s][info][gc,metaspace   ] GC(78) Metaspace: 19106K(19456K)->19106K(19456K) NonClass: 16866K(17088K)->16866K(17088K) Class: 2240K(2368K)->2240K(2368K)
[2026-05-06T01:33:10.360+0100][5.649s][info][gc             ] GC(78) Pause Full (System.gc()) 238M->198M(617M) 10.357ms
[2026-05-06T01:33:10.360+0100][5.649s][info][gc,cpu         ] GC(78) User=0.01s Sys=0.00s Real=0.01s
[2026-05-06T01:33:10.517+0100][5.806s][info][gc,start       ] GC(79) Pause Young (Allocation Failure)
[2026-05-06T01:33:10.518+0100][5.807s][info][gc,heap        ] GC(79) DefNew: 159443K(196288K)->3K(196288K) Eden: 159443K(174528K)->0K(174528K) From: 0K(21760K)->3K(21760K)
[2026-05-06T01:33:10.518+0100][5.807s][info][gc,heap        ] GC(79) Tenured: 203740K(435984K)->203740K(435984K)
[2026-05-06T01:33:10.518+0100][5.807s][info][gc,metaspace   ] GC(79) Metaspace: 19106K(19456K)->19106K(19456K) NonClass: 16866K(17088K)->16866K(17088K) Class: 2240K(2368K)->2240K(2368K)
[2026-05-06T01:33:10.518+0100][5.807s][info][gc             ] GC(79) Pause Young (Allocation Failure) 354M->198M(617M) 0.227ms
[2026-05-06T01:33:10.518+0100][5.807s][info][gc,cpu         ] GC(79) User=0.00s Sys=0.00s Real=0.00s
[2026-05-06T01:33:10.660+0100][5.949s][info][gc,start       ] GC(80) Pause Young (Allocation Failure)
[2026-05-06T01:33:10.660+0100][5.949s][info][gc,heap        ] GC(80) DefNew: 158563K(196288K)->3K(196288K) Eden: 158559K(174528K)->0K(174528K) From: 3K(21760K)->3K(21760K)
[2026-05-06T01:33:10.660+0100][5.949s][info][gc,heap        ] GC(80) Tenured: 203740K(435984K)->203740K(435984K)
[2026-05-06T01:33:10.660+0100][5.949s][info][gc,metaspace   ] GC(80) Metaspace: 19106K(19456K)->19106K(19456K) NonClass: 16866K(17088K)->16866K(17088K) Class: 2240K(2368K)->2240K(2368K)
[2026-05-06T01:33:10.660+0100][5.949s][info][gc             ] GC(80) Pause Young (Allocation Failure) 353M->198M(617M) 0.202ms
[2026-05-06T01:33:10.660+0100][5.949s][info][gc,cpu         ] GC(80) User=0.00s Sys=0.00s Real=0.00s
[2026-05-06T01:33:10.761+0100][6.050s][info][gc,start       ] GC(81) Pause Young (Allocation Failure)
[2026-05-06T01:33:10.761+0100][6.050s][info][gc,heap        ] GC(81) DefNew: 153324K(196288K)->2K(196288K) Eden: 153321K(174528K)->0K(174528K) From: 3K(21760K)->2K(21760K)
[2026-05-06T01:33:10.761+0100][6.050s][info][gc,heap        ] GC(81) Tenured: 203740K(435984K)->203740K(435984K)
[2026-05-06T01:33:10.761+0100][6.050s][info][gc,metaspace   ] GC(81) Metaspace: 19107K(19456K)->19107K(19456K) NonClass: 16867K(17088K)->16867K(17088K) Class: 2240K(2368K)->2240K(2368K)
[2026-05-06T01:33:10.761+0100][6.050s][info][gc             ] GC(81) Pause Young (Allocation Failure) 348M->198M(617M) 0.198ms
[2026-05-06T01:33:10.761+0100][6.050s][info][gc,cpu         ] GC(81) User=0.00s Sys=0.00s Real=0.00s
[2026-05-06T01:33:10.772+0100][6.061s][info][gc,start       ] GC(82) Pause Full (System.gc())
[2026-05-06T01:33:10.772+0100][6.061s][info][gc,phases,start] GC(82) Phase 1: Mark live objects
[2026-05-06T01:33:10.777+0100][6.066s][info][gc,phases      ] GC(82) Phase 1: Mark live objects 5.333ms
[2026-05-06T01:33:10.777+0100][6.066s][info][gc,phases,start] GC(82) Phase 2: Compute new object addresses
[2026-05-06T01:33:10.778+0100][6.067s][info][gc,phases      ] GC(82) Phase 2: Compute new object addresses 1.410ms
[2026-05-06T01:33:10.778+0100][6.067s][info][gc,phases,start] GC(82) Phase 3: Adjust pointers
[2026-05-06T01:33:10.782+0100][6.071s][info][gc,phases      ] GC(82) Phase 3: Adjust pointers 3.792ms
[2026-05-06T01:33:10.782+0100][6.071s][info][gc,phases,start] GC(82) Phase 4: Move objects
[2026-05-06T01:33:10.782+0100][6.071s][info][gc,phases      ] GC(82) Phase 4: Move objects 0.005ms
[2026-05-06T01:33:10.782+0100][6.071s][info][gc,heap        ] GC(82) DefNew: 40151K(196288K)->0K(196288K) Eden: 40149K(174528K)->0K(174528K) From: 2K(21760K)->0K(21760K)
[2026-05-06T01:33:10.782+0100][6.071s][info][gc,heap        ] GC(82) Tenured: 203740K(435984K)->203740K(435984K)
[2026-05-06T01:33:10.782+0100][6.071s][info][gc,metaspace   ] GC(82) Metaspace: 19107K(19456K)->19107K(19456K) NonClass: 16867K(17088K)->16867K(17088K) Class: 2240K(2368K)->2240K(2368K)
[2026-05-06T01:33:10.782+0100][6.071s][info][gc             ] GC(82) Pause Full (System.gc()) 238M->198M(617M) 10.643ms
[2026-05-06T01:33:10.782+0100][6.071s][info][gc,cpu         ] GC(82) User=0.01s Sys=0.00s Real=0.01s
[2026-05-06T01:33:10.863+0100][6.152s][info][gc,start       ] GC(83) Pause Young (Allocation Failure)
[2026-05-06T01:33:10.863+0100][6.152s][info][gc,heap        ] GC(83) DefNew: 150741K(196288K)->2K(196288K) Eden: 150741K(174528K)->0K(174528K) From: 0K(21760K)->2K(21760K)
[2026-05-06T01:33:10.863+0100][6.152s][info][gc,heap        ] GC(83) Tenured: 203740K(435984K)->203740K(435984K)
[2026-05-06T01:33:10.863+0100][6.152s][info][gc,metaspace   ] GC(83) Metaspace: 19107K(19456K)->19107K(19456K) NonClass: 16867K(17088K)->16867K(17088K) Class: 2240K(2368K)->2240K(2368K)
[2026-05-06T01:33:10.863+0100][6.152s][info][gc             ] GC(83) Pause Young (Allocation Failure) 346M->198M(617M) 0.179ms
[2026-05-06T01:33:10.863+0100][6.152s][info][gc,cpu         ] GC(83) User=0.00s Sys=0.00s Real=0.00s
[2026-05-06T01:33:10.936+0100][6.225s][info][gc,start       ] GC(84) Pause Young (Allocation Failure)
[2026-05-06T01:33:10.936+0100][6.225s][info][gc,heap        ] GC(84) DefNew: 150788K(196288K)->2K(196288K) Eden: 150786K(174528K)->0K(174528K) From: 2K(21760K)->2K(21760K)
[2026-05-06T01:33:10.936+0100][6.225s][info][gc,heap        ] GC(84) Tenured: 203740K(435984K)->203740K(435984K)
[2026-05-06T01:33:10.936+0100][6.225s][info][gc,metaspace   ] GC(84) Metaspace: 19107K(19456K)->19107K(19456K) NonClass: 16867K(17088K)->16867K(17088K) Class: 2240K(2368K)->2240K(2368K)
[2026-05-06T01:33:10.936+0100][6.225s][info][gc             ] GC(84) Pause Young (Allocation Failure) 346M->198M(617M) 0.158ms
[2026-05-06T01:33:10.936+0100][6.225s][info][gc,cpu         ] GC(84) User=0.00s Sys=0.00s Real=0.00s
[2026-05-06T01:33:11.010+0100][6.299s][info][gc,start       ] GC(85) Pause Young (Allocation Failure)
[2026-05-06T01:33:11.010+0100][6.299s][info][gc,heap        ] GC(85) DefNew: 171767K(196288K)->4K(196288K) Eden: 171765K(174528K)->0K(174528K) From: 2K(21760K)->4K(21760K)
[2026-05-06T01:33:11.010+0100][6.299s][info][gc,heap        ] GC(85) Tenured: 203740K(435984K)->203740K(435984K)
[2026-05-06T01:33:11.010+0100][6.299s][info][gc,metaspace   ] GC(85) Metaspace: 19107K(19456K)->19107K(19456K) NonClass: 16867K(17088K)->16867K(17088K) Class: 2240K(2368K)->2240K(2368K)
[2026-05-06T01:33:11.010+0100][6.299s][info][gc             ] GC(85) Pause Young (Allocation Failure) 366M->198M(617M) 0.242ms
[2026-05-06T01:33:11.010+0100][6.299s][info][gc,cpu         ] GC(85) User=0.00s Sys=0.01s Real=0.00s
[2026-05-06T01:33:11.021+0100][6.310s][info][gc,start       ] GC(86) Pause Full (System.gc())
[2026-05-06T01:33:11.021+0100][6.310s][info][gc,phases,start] GC(86) Phase 1: Mark live objects
[2026-05-06T01:33:11.026+0100][6.315s][info][gc,phases      ] GC(86) Phase 1: Mark live objects 5.299ms
[2026-05-06T01:33:11.026+0100][6.315s][info][gc,phases,start] GC(86) Phase 2: Compute new object addresses
[2026-05-06T01:33:11.028+0100][6.317s][info][gc,phases      ] GC(86) Phase 2: Compute new object addresses 1.413ms
[2026-05-06T01:33:11.028+0100][6.317s][info][gc,phases,start] GC(86) Phase 3: Adjust pointers
[2026-05-06T01:33:11.032+0100][6.320s][info][gc,phases      ] GC(86) Phase 3: Adjust pointers 3.763ms
[2026-05-06T01:33:11.032+0100][6.320s][info][gc,phases,start] GC(86) Phase 4: Move objects
[2026-05-06T01:33:11.032+0100][6.321s][info][gc,phases      ] GC(86) Phase 4: Move objects 0.007ms
[2026-05-06T01:33:11.032+0100][6.321s][info][gc,heap        ] GC(86) DefNew: 43591K(196288K)->0K(196288K) Eden: 43587K(174528K)->0K(174528K) From: 4K(21760K)->0K(21760K)
[2026-05-06T01:33:11.032+0100][6.321s][info][gc,heap        ] GC(86) Tenured: 203740K(435984K)->203739K(435984K)
[2026-05-06T01:33:11.032+0100][6.321s][info][gc,metaspace   ] GC(86) Metaspace: 19107K(19456K)->19107K(19456K) NonClass: 16867K(17088K)->16867K(17088K) Class: 2240K(2368K)->2240K(2368K)
[2026-05-06T01:33:11.032+0100][6.321s][info][gc             ] GC(86) Pause Full (System.gc()) 241M->198M(617M) 10.597ms
[2026-05-06T01:33:11.032+0100][6.321s][info][gc,cpu         ] GC(86) User=0.01s Sys=0.00s Real=0.01s
[2026-05-06T01:33:11.113+0100][6.402s][info][gc,start       ] GC(87) Pause Young (Allocation Failure)
[2026-05-06T01:33:11.113+0100][6.402s][info][gc,heap        ] GC(87) DefNew: 171642K(196288K)->4K(196288K) Eden: 171642K(174528K)->0K(174528K) From: 0K(21760K)->4K(21760K)
[2026-05-06T01:33:11.113+0100][6.402s][info][gc,heap        ] GC(87) Tenured: 203739K(435984K)->203739K(435984K)
[2026-05-06T01:33:11.113+0100][6.402s][info][gc,metaspace   ] GC(87) Metaspace: 19107K(19456K)->19107K(19456K) NonClass: 16867K(17088K)->16867K(17088K) Class: 2240K(2368K)->2240K(2368K)
[2026-05-06T01:33:11.113+0100][6.402s][info][gc             ] GC(87) Pause Young (Allocation Failure) 366M->198M(617M) 0.212ms
[2026-05-06T01:33:11.113+0100][6.402s][info][gc,cpu         ] GC(87) User=0.00s Sys=0.00s Real=0.00s
[2026-05-06T01:33:11.187+0100][6.476s][info][gc,start       ] GC(88) Pause Young (Allocation Failure)
[2026-05-06T01:33:11.187+0100][6.476s][info][gc,heap        ] GC(88) DefNew: 166326K(196288K)->4K(196288K) Eden: 166322K(174528K)->0K(174528K) From: 4K(21760K)->4K(21760K)
[2026-05-06T01:33:11.187+0100][6.476s][info][gc,heap        ] GC(88) Tenured: 203739K(435984K)->203739K(435984K)
[2026-05-06T01:33:11.187+0100][6.476s][info][gc,metaspace   ] GC(88) Metaspace: 19107K(19456K)->19107K(19456K) NonClass: 16867K(17088K)->16867K(17088K) Class: 2240K(2368K)->2240K(2368K)
[2026-05-06T01:33:11.187+0100][6.476s][info][gc             ] GC(88) Pause Young (Allocation Failure) 361M->198M(617M) 0.168ms
[2026-05-06T01:33:11.187+0100][6.476s][info][gc,cpu         ] GC(88) User=0.00s Sys=0.00s Real=0.00s
[2026-05-06T01:33:11.261+0100][6.550s][info][gc,start       ] GC(89) Pause Young (Allocation Failure)
[2026-05-06T01:33:11.261+0100][6.550s][info][gc,heap        ] GC(89) DefNew: 161653K(196288K)->4K(196288K) Eden: 161649K(174528K)->0K(174528K) From: 4K(21760K)->4K(21760K)
[2026-05-06T01:33:11.261+0100][6.550s][info][gc,heap        ] GC(89) Tenured: 203739K(435984K)->203739K(435984K)
[2026-05-06T01:33:11.261+0100][6.550s][info][gc,metaspace   ] GC(89) Metaspace: 19108K(19456K)->19108K(19456K) NonClass: 16868K(17088K)->16868K(17088K) Class: 2240K(2368K)->2240K(2368K)
[2026-05-06T01:33:11.261+0100][6.550s][info][gc             ] GC(89) Pause Young (Allocation Failure) 356M->198M(617M) 0.236ms
[2026-05-06T01:33:11.261+0100][6.550s][info][gc,cpu         ] GC(89) User=0.00s Sys=0.00s Real=0.00s
[2026-05-06T01:33:11.271+0100][6.560s][info][gc,start       ] GC(90) Pause Full (System.gc())
[2026-05-06T01:33:11.272+0100][6.560s][info][gc,phases,start] GC(90) Phase 1: Mark live objects
[2026-05-06T01:33:11.277+0100][6.566s][info][gc,phases      ] GC(90) Phase 1: Mark live objects 5.355ms
[2026-05-06T01:33:11.277+0100][6.566s][info][gc,phases,start] GC(90) Phase 2: Compute new object addresses
[2026-05-06T01:33:11.278+0100][6.567s][info][gc,phases      ] GC(90) Phase 2: Compute new object addresses 1.398ms
[2026-05-06T01:33:11.278+0100][6.567s][info][gc,phases,start] GC(90) Phase 3: Adjust pointers
[2026-05-06T01:33:11.282+0100][6.571s][info][gc,phases      ] GC(90) Phase 3: Adjust pointers 3.796ms
[2026-05-06T01:33:11.282+0100][6.571s][info][gc,phases,start] GC(90) Phase 4: Move objects
[2026-05-06T01:33:11.282+0100][6.571s][info][gc,phases      ] GC(90) Phase 4: Move objects 0.006ms
[2026-05-06T01:33:11.282+0100][6.571s][info][gc,heap        ] GC(90) DefNew: 41182K(196288K)->0K(196288K) Eden: 41177K(174528K)->0K(174528K) From: 4K(21760K)->0K(21760K)
[2026-05-06T01:33:11.282+0100][6.571s][info][gc,heap        ] GC(90) Tenured: 203739K(435984K)->203741K(435984K)
[2026-05-06T01:33:11.282+0100][6.571s][info][gc,metaspace   ] GC(90) Metaspace: 19108K(19456K)->19108K(19456K) NonClass: 16868K(17088K)->16868K(17088K) Class: 2240K(2368K)->2240K(2368K)
[2026-05-06T01:33:11.282+0100][6.571s][info][gc             ] GC(90) Pause Full (System.gc()) 239M->198M(617M) 10.682ms
[2026-05-06T01:33:11.282+0100][6.571s][info][gc,cpu         ] GC(90) User=0.01s Sys=0.00s Real=0.01s
[2026-05-06T01:33:11.363+0100][6.652s][info][gc,start       ] GC(91) Pause Young (Allocation Failure)
[2026-05-06T01:33:11.363+0100][6.652s][info][gc,heap        ] GC(91) DefNew: 162833K(196288K)->4K(196288K) Eden: 162833K(174528K)->0K(174528K) From: 0K(21760K)->4K(21760K)
[2026-05-06T01:33:11.363+0100][6.652s][info][gc,heap        ] GC(91) Tenured: 203741K(435984K)->203741K(435984K)
[2026-05-06T01:33:11.363+0100][6.652s][info][gc,metaspace   ] GC(91) Metaspace: 19109K(19456K)->19109K(19456K) NonClass: 16869K(17088K)->16869K(17088K) Class: 2240K(2368K)->2240K(2368K)
[2026-05-06T01:33:11.363+0100][6.652s][info][gc             ] GC(91) Pause Young (Allocation Failure) 357M->198M(617M) 0.200ms
[2026-05-06T01:33:11.363+0100][6.652s][info][gc,cpu         ] GC(91) User=0.00s Sys=0.00s Real=0.00s
[2026-05-06T01:33:11.436+0100][6.725s][info][gc,start       ] GC(92) Pause Young (Allocation Failure)
[2026-05-06T01:33:11.436+0100][6.725s][info][gc,heap        ] GC(92) DefNew: 161093K(196288K)->4K(196288K) Eden: 161089K(174528K)->0K(174528K) From: 4K(21760K)->4K(21760K)
[2026-05-06T01:33:11.436+0100][6.725s][info][gc,heap        ] GC(92) Tenured: 203741K(435984K)->203741K(435984K)
[2026-05-06T01:33:11.436+0100][6.725s][info][gc,metaspace   ] GC(92) Metaspace: 19109K(19456K)->19109K(19456K) NonClass: 16869K(17088K)->16869K(17088K) Class: 2240K(2368K)->2240K(2368K)
[2026-05-06T01:33:11.436+0100][6.725s][info][gc             ] GC(92) Pause Young (Allocation Failure) 356M->198M(617M) 0.204ms
[2026-05-06T01:33:11.436+0100][6.725s][info][gc,cpu         ] GC(92) User=0.00s Sys=0.00s Real=0.00s
[2026-05-06T01:33:11.490+0100][6.779s][info][gc,start       ] GC(93) Pause Young (Allocation Failure)
[2026-05-06T01:33:11.490+0100][6.779s][info][gc,heap        ] GC(93) DefNew: 154121K(196288K)->2K(196288K) Eden: 154117K(174528K)->0K(174528K) From: 4K(21760K)->2K(21760K)
[2026-05-06T01:33:11.490+0100][6.779s][info][gc,heap        ] GC(93) Tenured: 203741K(435984K)->203741K(435984K)
[2026-05-06T01:33:11.490+0100][6.779s][info][gc,metaspace   ] GC(93) Metaspace: 19110K(19456K)->19110K(19456K) NonClass: 16869K(17088K)->16869K(17088K) Class: 2240K(2368K)->2240K(2368K)
[2026-05-06T01:33:11.490+0100][6.779s][info][gc             ] GC(93) Pause Young (Allocation Failure) 349M->198M(617M) 0.233ms
[2026-05-06T01:33:11.490+0100][6.779s][info][gc,cpu         ] GC(93) User=0.00s Sys=0.00s Real=0.00s
[2026-05-06T01:33:11.495+0100][6.784s][info][gc,start       ] GC(94) Pause Full (System.gc())
[2026-05-06T01:33:11.495+0100][6.784s][info][gc,phases,start] GC(94) Phase 1: Mark live objects
[2026-05-06T01:33:11.501+0100][6.790s][info][gc,phases      ] GC(94) Phase 1: Mark live objects 5.227ms
[2026-05-06T01:33:11.501+0100][6.790s][info][gc,phases,start] GC(94) Phase 2: Compute new object addresses
[2026-05-06T01:33:11.502+0100][6.791s][info][gc,phases      ] GC(94) Phase 2: Compute new object addresses 1.394ms
[2026-05-06T01:33:11.502+0100][6.791s][info][gc,phases,start] GC(94) Phase 3: Adjust pointers
[2026-05-06T01:33:11.506+0100][6.795s][info][gc,phases      ] GC(94) Phase 3: Adjust pointers 4.027ms
[2026-05-06T01:33:11.506+0100][6.795s][info][gc,phases,start] GC(94) Phase 4: Move objects
[2026-05-06T01:33:11.506+0100][6.795s][info][gc,phases      ] GC(94) Phase 4: Move objects 0.005ms
[2026-05-06T01:33:11.506+0100][6.795s][info][gc,heap        ] GC(94) DefNew: 40094K(196288K)->0K(196288K) Eden: 40092K(174528K)->0K(174528K) From: 2K(21760K)->0K(21760K)
[2026-05-06T01:33:11.506+0100][6.795s][info][gc,heap        ] GC(94) Tenured: 203741K(435984K)->203741K(435984K)
[2026-05-06T01:33:11.506+0100][6.795s][info][gc,metaspace   ] GC(94) Metaspace: 19110K(19456K)->19110K(19456K) NonClass: 16869K(17088K)->16869K(17088K) Class: 2240K(2368K)->2240K(2368K)
[2026-05-06T01:33:11.506+0100][6.795s][info][gc             ] GC(94) Pause Full (System.gc()) 238M->198M(617M) 10.766ms
[2026-05-06T01:33:11.506+0100][6.795s][info][gc,cpu         ] GC(94) User=0.01s Sys=0.00s Real=0.01s
[2026-05-06T01:33:11.551+0100][6.839s][info][gc,start       ] GC(95) Pause Young (Allocation Failure)
[2026-05-06T01:33:11.551+0100][6.840s][info][gc,heap        ] GC(95) DefNew: 150684K(196288K)->2K(196288K) Eden: 150684K(174528K)->0K(174528K) From: 0K(21760K)->2K(21760K)
[2026-05-06T01:33:11.551+0100][6.840s][info][gc,heap        ] GC(95) Tenured: 203741K(435984K)->203741K(435984K)
[2026-05-06T01:33:11.551+0100][6.840s][info][gc,metaspace   ] GC(95) Metaspace: 19110K(19456K)->19110K(19456K) NonClass: 16869K(17088K)->16869K(17088K) Class: 2240K(2368K)->2240K(2368K)
[2026-05-06T01:33:11.551+0100][6.840s][info][gc             ] GC(95) Pause Young (Allocation Failure) 346M->198M(617M) 0.203ms
[2026-05-06T01:33:11.551+0100][6.840s][info][gc,cpu         ] GC(95) User=0.00s Sys=0.00s Real=0.00s
[2026-05-06T01:33:11.591+0100][6.880s][info][gc,start       ] GC(96) Pause Young (Allocation Failure)
[2026-05-06T01:33:11.591+0100][6.880s][info][gc,heap        ] GC(96) DefNew: 150752K(196288K)->2K(196288K) Eden: 150750K(174528K)->0K(174528K) From: 2K(21760K)->2K(21760K)
[2026-05-06T01:33:11.591+0100][6.880s][info][gc,heap        ] GC(96) Tenured: 203741K(435984K)->203741K(435984K)
[2026-05-06T01:33:11.591+0100][6.880s][info][gc,metaspace   ] GC(96) Metaspace: 19110K(19456K)->19110K(19456K) NonClass: 16869K(17088K)->16869K(17088K) Class: 2240K(2368K)->2240K(2368K)
[2026-05-06T01:33:11.591+0100][6.880s][info][gc             ] GC(96) Pause Young (Allocation Failure) 346M->198M(617M) 0.220ms
[2026-05-06T01:33:11.591+0100][6.880s][info][gc,cpu         ] GC(96) User=0.00s Sys=0.00s Real=0.00s
[2026-05-06T01:33:11.621+0100][6.910s][info][gc,start       ] GC(97) Pause Young (Allocation Failure)
[2026-05-06T01:33:11.622+0100][6.910s][info][gc,heap        ] GC(97) DefNew: 141863K(196288K)->5K(196288K) Eden: 141861K(174528K)->0K(174528K) From: 2K(21760K)->5K(21760K)
[2026-05-06T01:33:11.622+0100][6.910s][info][gc,heap        ] GC(97) Tenured: 203741K(435984K)->203741K(435984K)
[2026-05-06T01:33:11.622+0100][6.910s][info][gc,metaspace   ] GC(97) Metaspace: 19121K(19456K)->19121K(19456K) NonClass: 16881K(17088K)->16881K(17088K) Class: 2240K(2368K)->2240K(2368K)
[2026-05-06T01:33:11.622+0100][6.910s][info][gc             ] GC(97) Pause Young (Allocation Failure) 337M->198M(617M) 0.257ms
[2026-05-06T01:33:11.622+0100][6.911s][info][gc,cpu         ] GC(97) User=0.00s Sys=0.00s Real=0.00s
[2026-05-06T01:33:11.637+0100][6.926s][info][gc,start       ] GC(98) Pause Full (System.gc())
[2026-05-06T01:33:11.637+0100][6.926s][info][gc,phases,start] GC(98) Phase 1: Mark live objects
[2026-05-06T01:33:11.642+0100][6.931s][info][gc,phases      ] GC(98) Phase 1: Mark live objects 5.481ms
[2026-05-06T01:33:11.643+0100][6.931s][info][gc,phases,start] GC(98) Phase 2: Compute new object addresses
[2026-05-06T01:33:11.644+0100][6.933s][info][gc,phases      ] GC(98) Phase 2: Compute new object addresses 1.450ms
[2026-05-06T01:33:11.644+0100][6.933s][info][gc,phases,start] GC(98) Phase 3: Adjust pointers
[2026-05-06T01:33:11.648+0100][6.937s][info][gc,phases      ] GC(98) Phase 3: Adjust pointers 3.935ms
[2026-05-06T01:33:11.648+0100][6.937s][info][gc,phases,start] GC(98) Phase 4: Move objects
[2026-05-06T01:33:11.648+0100][6.937s][info][gc,phases      ] GC(98) Phase 4: Move objects 0.006ms
[2026-05-06T01:33:11.648+0100][6.937s][info][gc,heap        ] GC(98) DefNew: 88494K(196288K)->0K(196288K) Eden: 88489K(174528K)->0K(174528K) From: 5K(21760K)->0K(21760K)
[2026-05-06T01:33:11.648+0100][6.937s][info][gc,heap        ] GC(98) Tenured: 203741K(435984K)->203744K(435984K)
[2026-05-06T01:33:11.648+0100][6.937s][info][gc,metaspace   ] GC(98) Metaspace: 19121K(19456K)->19121K(19456K) NonClass: 16881K(17088K)->16881K(17088K) Class: 2240K(2368K)->2240K(2368K)
[2026-05-06T01:33:11.648+0100][6.937s][info][gc             ] GC(98) Pause Full (System.gc()) 285M->198M(617M) 11.006ms
[2026-05-06T01:33:11.648+0100][6.937s][info][gc,cpu         ] GC(98) User=0.01s Sys=0.00s Real=0.01s
[2026-05-06T01:33:11.692+0100][6.981s][info][gc,start       ] GC(99) Pause Young (Allocation Failure)
[2026-05-06T01:33:11.692+0100][6.981s][info][gc,heap        ] GC(99) DefNew: 174376K(196288K)->5K(196288K) Eden: 174376K(174528K)->0K(174528K) From: 0K(21760K)->5K(21760K)
[2026-05-06T01:33:11.692+0100][6.981s][info][gc,heap        ] GC(99) Tenured: 203744K(435984K)->203744K(435984K)
[2026-05-06T01:33:11.692+0100][6.981s][info][gc,metaspace   ] GC(99) Metaspace: 19121K(19456K)->19121K(19456K) NonClass: 16881K(17088K)->16881K(17088K) Class: 2240K(2368K)->2240K(2368K)
[2026-05-06T01:33:11.692+0100][6.981s][info][gc             ] GC(99) Pause Young (Allocation Failure) 369M->198M(617M) 0.214ms
[2026-05-06T01:33:11.692+0100][6.981s][info][gc,cpu         ] GC(99) User=0.00s Sys=0.00s Real=0.00s
[2026-05-06T01:33:11.731+0100][7.020s][info][gc,start       ] GC(100) Pause Young (Allocation Failure)
[2026-05-06T01:33:11.731+0100][7.020s][info][gc,heap        ] GC(100) DefNew: 166781K(196288K)->5K(196288K) Eden: 166775K(174528K)->0K(174528K) From: 5K(21760K)->5K(21760K)
[2026-05-06T01:33:11.731+0100][7.020s][info][gc,heap        ] GC(100) Tenured: 203744K(435984K)->203744K(435984K)
[2026-05-06T01:33:11.731+0100][7.020s][info][gc,metaspace   ] GC(100) Metaspace: 19121K(19456K)->19121K(19456K) NonClass: 16881K(17088K)->16881K(17088K) Class: 2240K(2368K)->2240K(2368K)
[2026-05-06T01:33:11.731+0100][7.020s][info][gc             ] GC(100) Pause Young (Allocation Failure) 361M->198M(617M) 0.191ms
[2026-05-06T01:33:11.731+0100][7.020s][info][gc,cpu         ] GC(100) User=0.00s Sys=0.00s Real=0.00s
[2026-05-06T01:33:11.771+0100][7.060s][info][gc,start       ] GC(101) Pause Young (Allocation Failure)
[2026-05-06T01:33:11.771+0100][7.060s][info][gc,heap        ] GC(101) DefNew: 166224K(196288K)->5K(196288K) Eden: 166219K(174528K)->0K(174528K) From: 5K(21760K)->5K(21760K)
[2026-05-06T01:33:11.771+0100][7.060s][info][gc,heap        ] GC(101) Tenured: 203744K(435984K)->203744K(435984K)
[2026-05-06T01:33:11.771+0100][7.060s][info][gc,metaspace   ] GC(101) Metaspace: 19121K(19456K)->19121K(19456K) NonClass: 16881K(17088K)->16881K(17088K) Class: 2240K(2368K)->2240K(2368K)
[2026-05-06T01:33:11.771+0100][7.060s][info][gc             ] GC(101) Pause Young (Allocation Failure) 361M->198M(617M) 0.207ms
[2026-05-06T01:33:11.771+0100][7.060s][info][gc,cpu         ] GC(101) User=0.00s Sys=0.00s Real=0.00s
[2026-05-06T01:33:11.777+0100][7.066s][info][gc,start       ] GC(102) Pause Full (System.gc())
[2026-05-06T01:33:11.777+0100][7.066s][info][gc,phases,start] GC(102) Phase 1: Mark live objects
[2026-05-06T01:33:11.782+0100][7.071s][info][gc,phases      ] GC(102) Phase 1: Mark live objects 5.143ms
[2026-05-06T01:33:11.782+0100][7.071s][info][gc,phases,start] GC(102) Phase 2: Compute new object addresses
[2026-05-06T01:33:11.783+0100][7.072s][info][gc,phases      ] GC(102) Phase 2: Compute new object addresses 1.389ms
[2026-05-06T01:33:11.783+0100][7.072s][info][gc,phases,start] GC(102) Phase 3: Adjust pointers
[2026-05-06T01:33:11.787+0100][7.076s][info][gc,phases      ] GC(102) Phase 3: Adjust pointers 3.837ms
[2026-05-06T01:33:11.787+0100][7.076s][info][gc,phases,start] GC(102) Phase 4: Move objects
[2026-05-06T01:33:11.787+0100][7.076s][info][gc,phases      ] GC(102) Phase 4: Move objects 0.006ms
[2026-05-06T01:33:11.787+0100][7.076s][info][gc,heap        ] GC(102) DefNew: 41674K(196288K)->0K(196288K) Eden: 41669K(174528K)->0K(174528K) From: 5K(21760K)->0K(21760K)
[2026-05-06T01:33:11.787+0100][7.076s][info][gc,heap        ] GC(102) Tenured: 203744K(435984K)->203740K(435984K)
[2026-05-06T01:33:11.787+0100][7.076s][info][gc,metaspace   ] GC(102) Metaspace: 19121K(19456K)->19121K(19456K) NonClass: 16881K(17088K)->16881K(17088K) Class: 2240K(2368K)->2240K(2368K)
[2026-05-06T01:33:11.787+0100][7.076s][info][gc             ] GC(102) Pause Full (System.gc()) 239M->198M(617M) 10.472ms
[2026-05-06T01:33:11.787+0100][7.076s][info][gc,cpu         ] GC(102) User=0.01s Sys=0.00s Real=0.01s
[2026-05-06T01:33:11.831+0100][7.119s][info][gc,start       ] GC(103) Pause Young (Allocation Failure)
[2026-05-06T01:33:11.831+0100][7.120s][info][gc,heap        ] GC(103) DefNew: 166244K(196288K)->5K(196288K) Eden: 166244K(174528K)->0K(174528K) From: 0K(21760K)->5K(21760K)
[2026-05-06T01:33:11.831+0100][7.120s][info][gc,heap        ] GC(103) Tenured: 203740K(435984K)->203740K(435984K)
[2026-05-06T01:33:11.831+0100][7.120s][info][gc,metaspace   ] GC(103) Metaspace: 19124K(19456K)->19124K(19456K) NonClass: 16884K(17088K)->16884K(17088K) Class: 2240K(2368K)->2240K(2368K)
[2026-05-06T01:33:11.831+0100][7.120s][info][gc             ] GC(103) Pause Young (Allocation Failure) 361M->198M(617M) 0.244ms
[2026-05-06T01:33:11.831+0100][7.120s][info][gc,cpu         ] GC(103) User=0.00s Sys=0.00s Real=0.00s
[2026-05-06T01:33:11.870+0100][7.159s][info][gc,start       ] GC(104) Pause Young (Allocation Failure)
[2026-05-06T01:33:11.870+0100][7.159s][info][gc,heap        ] GC(104) DefNew: 163116K(196288K)->5K(196288K) Eden: 163111K(174528K)->0K(174528K) From: 5K(21760K)->5K(21760K)
[2026-05-06T01:33:11.870+0100][7.159s][info][gc,heap        ] GC(104) Tenured: 203740K(435984K)->203740K(435984K)
[2026-05-06T01:33:11.870+0100][7.159s][info][gc,metaspace   ] GC(104) Metaspace: 19124K(19456K)->19124K(19456K) NonClass: 16884K(17088K)->16884K(17088K) Class: 2240K(2368K)->2240K(2368K)
[2026-05-06T01:33:11.870+0100][7.159s][info][gc             ] GC(104) Pause Young (Allocation Failure) 358M->198M(617M) 0.163ms
[2026-05-06T01:33:11.870+0100][7.159s][info][gc,cpu         ] GC(104) User=0.00s Sys=0.00s Real=0.00s
[2026-05-06T01:33:11.905+0100][7.194s][info][gc,start       ] GC(105) Pause Young (Allocation Failure)
[2026-05-06T01:33:11.905+0100][7.194s][info][gc,heap        ] GC(105) DefNew: 154756K(196288K)->2K(196288K) Eden: 154750K(174528K)->0K(174528K) From: 5K(21760K)->2K(21760K)
[2026-05-06T01:33:11.905+0100][7.194s][info][gc,heap        ] GC(105) Tenured: 203740K(435984K)->203740K(435984K)
[2026-05-06T01:33:11.905+0100][7.194s][info][gc,metaspace   ] GC(105) Metaspace: 19124K(19456K)->19124K(19456K) NonClass: 16884K(17088K)->16884K(17088K) Class: 2240K(2368K)->2240K(2368K)
[2026-05-06T01:33:11.905+0100][7.194s][info][gc             ] GC(105) Pause Young (Allocation Failure) 350M->198M(617M) 0.220ms
[2026-05-06T01:33:11.905+0100][7.194s][info][gc,cpu         ] GC(105) User=0.00s Sys=0.00s Real=0.00s
[2026-05-06T01:33:11.910+0100][7.199s][info][gc,start       ] GC(106) Pause Full (System.gc())
[2026-05-06T01:33:11.910+0100][7.199s][info][gc,phases,start] GC(106) Phase 1: Mark live objects
[2026-05-06T01:33:11.915+0100][7.204s][info][gc,phases      ] GC(106) Phase 1: Mark live objects 5.146ms
[2026-05-06T01:33:11.915+0100][7.204s][info][gc,phases,start] GC(106) Phase 2: Compute new object addresses
[2026-05-06T01:33:11.916+0100][7.205s][info][gc,phases      ] GC(106) Phase 2: Compute new object addresses 1.407ms
[2026-05-06T01:33:11.916+0100][7.205s][info][gc,phases,start] GC(106) Phase 3: Adjust pointers
[2026-05-06T01:33:11.920+0100][7.209s][info][gc,phases      ] GC(106) Phase 3: Adjust pointers 3.786ms
[2026-05-06T01:33:11.920+0100][7.209s][info][gc,phases,start] GC(106) Phase 4: Move objects
[2026-05-06T01:33:11.920+0100][7.209s][info][gc,phases      ] GC(106) Phase 4: Move objects 0.004ms
[2026-05-06T01:33:11.920+0100][7.209s][info][gc,heap        ] GC(106) DefNew: 40046K(196288K)->0K(196288K) Eden: 40044K(174528K)->0K(174528K) From: 2K(21760K)->0K(21760K)
[2026-05-06T01:33:11.920+0100][7.209s][info][gc,heap        ] GC(106) Tenured: 203740K(435984K)->203740K(435984K)
[2026-05-06T01:33:11.920+0100][7.209s][info][gc,metaspace   ] GC(106) Metaspace: 19124K(19456K)->19124K(19456K) NonClass: 16884K(17088K)->16884K(17088K) Class: 2240K(2368K)->2240K(2368K)
[2026-05-06T01:33:11.920+0100][7.209s][info][gc             ] GC(106) Pause Full (System.gc()) 238M->198M(617M) 10.451ms
[2026-05-06T01:33:11.920+0100][7.209s][info][gc,cpu         ] GC(106) User=0.01s Sys=0.00s Real=0.01s
[2026-05-06T01:33:11.955+0100][7.244s][info][gc,start       ] GC(107) Pause Young (Allocation Failure)
[2026-05-06T01:33:11.956+0100][7.244s][info][gc,heap        ] GC(107) DefNew: 150636K(196288K)->2K(196288K) Eden: 150636K(174528K)->0K(174528K) From: 0K(21760K)->2K(21760K)
[2026-05-06T01:33:11.956+0100][7.244s][info][gc,heap        ] GC(107) Tenured: 203740K(435984K)->203740K(435984K)
[2026-05-06T01:33:11.956+0100][7.244s][info][gc,metaspace   ] GC(107) Metaspace: 19125K(19456K)->19125K(19456K) NonClass: 16885K(17088K)->16885K(17088K) Class: 2240K(2368K)->2240K(2368K)
[2026-05-06T01:33:11.956+0100][7.244s][info][gc             ] GC(107) Pause Young (Allocation Failure) 346M->198M(617M) 0.184ms
[2026-05-06T01:33:11.956+0100][7.244s][info][gc,cpu         ] GC(107) User=0.00s Sys=0.00s Real=0.00s
[2026-05-06T01:33:11.987+0100][7.276s][info][gc,start       ] GC(108) Pause Young (Allocation Failure)
[2026-05-06T01:33:11.987+0100][7.276s][info][gc,heap        ] GC(108) DefNew: 150721K(196288K)->2K(196288K) Eden: 150719K(174528K)->0K(174528K) From: 2K(21760K)->2K(21760K)
[2026-05-06T01:33:11.987+0100][7.276s][info][gc,heap        ] GC(108) Tenured: 203740K(435984K)->203740K(435984K)
[2026-05-06T01:33:11.987+0100][7.276s][info][gc,metaspace   ] GC(108) Metaspace: 19125K(19456K)->19125K(19456K) NonClass: 16885K(17088K)->16885K(17088K) Class: 2240K(2368K)->2240K(2368K)
[2026-05-06T01:33:11.987+0100][7.276s][info][gc             ] GC(108) Pause Young (Allocation Failure) 346M->198M(617M) 0.166ms
[2026-05-06T01:33:11.988+0100][7.276s][info][gc,cpu         ] GC(108) User=0.00s Sys=0.00s Real=0.00s
[2026-05-06T01:33:12.012+0100][7.301s][info][gc,start       ] GC(109) Pause Young (Allocation Failure)
[2026-05-06T01:33:12.012+0100][7.301s][info][gc,heap        ] GC(109) DefNew: 141852K(196288K)->7K(196288K) Eden: 141850K(174528K)->0K(174528K) From: 2K(21760K)->7K(21760K)
[2026-05-06T01:33:12.012+0100][7.301s][info][gc,heap        ] GC(109) Tenured: 203740K(435984K)->203740K(435984K)
[2026-05-06T01:33:12.012+0100][7.301s][info][gc,metaspace   ] GC(109) Metaspace: 19125K(19456K)->19125K(19456K) NonClass: 16885K(17088K)->16885K(17088K) Class: 2240K(2368K)->2240K(2368K)
[2026-05-06T01:33:12.012+0100][7.301s][info][gc             ] GC(109) Pause Young (Allocation Failure) 337M->198M(617M) 0.209ms
[2026-05-06T01:33:12.012+0100][7.301s][info][gc,cpu         ] GC(109) User=0.00s Sys=0.00s Real=0.00s
[2026-05-06T01:33:12.025+0100][7.314s][info][gc,start       ] GC(110) Pause Full (System.gc())
[2026-05-06T01:33:12.025+0100][7.314s][info][gc,phases,start] GC(110) Phase 1: Mark live objects
[2026-05-06T01:33:12.031+0100][7.319s][info][gc,phases      ] GC(110) Phase 1: Mark live objects 5.208ms
[2026-05-06T01:33:12.031+0100][7.319s][info][gc,phases,start] GC(110) Phase 2: Compute new object addresses
[2026-05-06T01:33:12.032+0100][7.321s][info][gc,phases      ] GC(110) Phase 2: Compute new object addresses 1.432ms
[2026-05-06T01:33:12.032+0100][7.321s][info][gc,phases,start] GC(110) Phase 3: Adjust pointers
[2026-05-06T01:33:12.036+0100][7.325s][info][gc,phases      ] GC(110) Phase 3: Adjust pointers 3.883ms
[2026-05-06T01:33:12.036+0100][7.325s][info][gc,phases,start] GC(110) Phase 4: Move objects
[2026-05-06T01:33:12.036+0100][7.325s][info][gc,phases      ] GC(110) Phase 4: Move objects 0.006ms
[2026-05-06T01:33:12.036+0100][7.325s][info][gc,heap        ] GC(110) DefNew: 90815K(196288K)->0K(196288K) Eden: 90808K(174528K)->0K(174528K) From: 7K(21760K)->0K(21760K)
[2026-05-06T01:33:12.036+0100][7.325s][info][gc,heap        ] GC(110) Tenured: 203740K(435984K)->203745K(435984K)
[2026-05-06T01:33:12.036+0100][7.325s][info][gc,metaspace   ] GC(110) Metaspace: 19125K(19456K)->19125K(19456K) NonClass: 16885K(17088K)->16885K(17088K) Class: 2240K(2368K)->2240K(2368K)
[2026-05-06T01:33:12.036+0100][7.325s][info][gc             ] GC(110) Pause Full (System.gc()) 287M->198M(617M) 10.652ms
[2026-05-06T01:33:12.036+0100][7.325s][info][gc,cpu         ] GC(110) User=0.01s Sys=0.00s Real=0.01s
[2026-05-06T01:33:12.063+0100][7.352s][info][gc,start       ] GC(111) Pause Young (Allocation Failure)
[2026-05-06T01:33:12.063+0100][7.352s][info][gc,heap        ] GC(111) DefNew: 138596K(196288K)->7K(196288K) Eden: 138596K(174528K)->0K(174528K) From: 0K(21760K)->7K(21760K)
[2026-05-06T01:33:12.063+0100][7.352s][info][gc,heap        ] GC(111) Tenured: 203745K(435984K)->203745K(435984K)
[2026-05-06T01:33:12.063+0100][7.352s][info][gc,metaspace   ] GC(111) Metaspace: 19125K(19456K)->19125K(19456K) NonClass: 16885K(17088K)->16885K(17088K) Class: 2240K(2368K)->2240K(2368K)
[2026-05-06T01:33:12.063+0100][7.352s][info][gc             ] GC(111) Pause Young (Allocation Failure) 334M->198M(617M) 0.231ms
[2026-05-06T01:33:12.063+0100][7.352s][info][gc,cpu         ] GC(111) User=0.00s Sys=0.00s Real=0.00s
[2026-05-06T01:33:12.095+0100][7.384s][info][gc,start       ] GC(112) Pause Young (Allocation Failure)
[2026-05-06T01:33:12.095+0100][7.384s][info][gc,heap        ] GC(112) DefNew: 169179K(196288K)->7K(196288K) Eden: 169172K(174528K)->0K(174528K) From: 7K(21760K)->7K(21760K)
[2026-05-06T01:33:12.095+0100][7.384s][info][gc,heap        ] GC(112) Tenured: 203745K(435984K)->203745K(435984K)
[2026-05-06T01:33:12.095+0100][7.384s][info][gc,metaspace   ] GC(112) Metaspace: 19125K(19456K)->19125K(19456K) NonClass: 16885K(17088K)->16885K(17088K) Class: 2240K(2368K)->2240K(2368K)
[2026-05-06T01:33:12.095+0100][7.384s][info][gc             ] GC(112) Pause Young (Allocation Failure) 364M->198M(617M) 0.172ms
[2026-05-06T01:33:12.095+0100][7.384s][info][gc,cpu         ] GC(112) User=0.00s Sys=0.00s Real=0.00s
[2026-05-06T01:33:12.127+0100][7.416s][info][gc,start       ] GC(113) Pause Young (Allocation Failure)
[2026-05-06T01:33:12.127+0100][7.416s][info][gc,heap        ] GC(113) DefNew: 168420K(196288K)->7K(196288K) Eden: 168413K(174528K)->0K(174528K) From: 7K(21760K)->7K(21760K)
[2026-05-06T01:33:12.127+0100][7.416s][info][gc,heap        ] GC(113) Tenured: 203745K(435984K)->203745K(435984K)
[2026-05-06T01:33:12.127+0100][7.416s][info][gc,metaspace   ] GC(113) Metaspace: 19125K(19456K)->19125K(19456K) NonClass: 16885K(17088K)->16885K(17088K) Class: 2240K(2368K)->2240K(2368K)
[2026-05-06T01:33:12.127+0100][7.416s][info][gc             ] GC(113) Pause Young (Allocation Failure) 363M->198M(617M) 0.189ms
[2026-05-06T01:33:12.127+0100][7.416s][info][gc,cpu         ] GC(113) User=0.00s Sys=0.00s Real=0.00s
[2026-05-06T01:33:12.140+0100][7.429s][info][gc,start       ] GC(114) Pause Full (System.gc())
[2026-05-06T01:33:12.140+0100][7.429s][info][gc,phases,start] GC(114) Phase 1: Mark live objects
[2026-05-06T01:33:12.145+0100][7.434s][info][gc,phases      ] GC(114) Phase 1: Mark live objects 5.294ms
[2026-05-06T01:33:12.145+0100][7.434s][info][gc,phases,start] GC(114) Phase 2: Compute new object addresses
[2026-05-06T01:33:12.147+0100][7.436s][info][gc,phases      ] GC(114) Phase 2: Compute new object addresses 1.405ms
[2026-05-06T01:33:12.147+0100][7.436s][info][gc,phases,start] GC(114) Phase 3: Adjust pointers
[2026-05-06T01:33:12.151+0100][7.440s][info][gc,phases      ] GC(114) Phase 3: Adjust pointers 3.990ms
[2026-05-06T01:33:12.151+0100][7.440s][info][gc,phases,start] GC(114) Phase 4: Move objects
[2026-05-06T01:33:12.151+0100][7.440s][info][gc,phases      ] GC(114) Phase 4: Move objects 0.005ms
[2026-05-06T01:33:12.151+0100][7.440s][info][gc,heap        ] GC(114) DefNew: 82231K(196288K)->0K(196288K) Eden: 82224K(174528K)->0K(174528K) From: 7K(21760K)->0K(21760K)
[2026-05-06T01:33:12.151+0100][7.440s][info][gc,heap        ] GC(114) Tenured: 203745K(435984K)->203749K(435984K)
[2026-05-06T01:33:12.151+0100][7.440s][info][gc,metaspace   ] GC(114) Metaspace: 19125K(19456K)->19125K(19456K) NonClass: 16885K(17088K)->16885K(17088K) Class: 2240K(2368K)->2240K(2368K)
[2026-05-06T01:33:12.151+0100][7.440s][info][gc             ] GC(114) Pause Full (System.gc()) 279M->198M(617M) 10.810ms
[2026-05-06T01:33:12.151+0100][7.440s][info][gc,cpu         ] GC(114) User=0.01s Sys=0.00s Real=0.01s
[2026-05-06T01:33:12.186+0100][7.475s][info][gc,start       ] GC(115) Pause Young (Allocation Failure)
[2026-05-06T01:33:12.186+0100][7.475s][info][gc,heap        ] GC(115) DefNew: 172190K(196288K)->7K(196288K) Eden: 172190K(174528K)->0K(174528K) From: 0K(21760K)->7K(21760K)
[2026-05-06T01:33:12.186+0100][7.475s][info][gc,heap        ] GC(115) Tenured: 203749K(435984K)->203749K(435984K)
[2026-05-06T01:33:12.186+0100][7.475s][info][gc,metaspace   ] GC(115) Metaspace: 19125K(19456K)->19125K(19456K) NonClass: 16885K(17088K)->16885K(17088K) Class: 2240K(2368K)->2240K(2368K)
[2026-05-06T01:33:12.186+0100][7.475s][info][gc             ] GC(115) Pause Young (Allocation Failure) 367M->198M(617M) 0.215ms
[2026-05-06T01:33:12.186+0100][7.475s][info][gc,cpu         ] GC(115) User=0.00s Sys=0.00s Real=0.00s
[2026-05-06T01:33:12.218+0100][7.507s][info][gc,start       ] GC(116) Pause Young (Allocation Failure)
[2026-05-06T01:33:12.218+0100][7.507s][info][gc,heap        ] GC(116) DefNew: 166450K(196288K)->7K(196288K) Eden: 166443K(174528K)->0K(174528K) From: 7K(21760K)->7K(21760K)
[2026-05-06T01:33:12.218+0100][7.507s][info][gc,heap        ] GC(116) Tenured: 203749K(435984K)->203749K(435984K)
[2026-05-06T01:33:12.218+0100][7.507s][info][gc,metaspace   ] GC(116) Metaspace: 19125K(19456K)->19125K(19456K) NonClass: 16885K(17088K)->16885K(17088K) Class: 2240K(2368K)->2240K(2368K)
[2026-05-06T01:33:12.218+0100][7.507s][info][gc             ] GC(116) Pause Young (Allocation Failure) 361M->198M(617M) 0.167ms
[2026-05-06T01:33:12.218+0100][7.507s][info][gc,cpu         ] GC(116) User=0.00s Sys=0.00s Real=0.00s
[2026-05-06T01:33:12.249+0100][7.538s][info][gc,start       ] GC(117) Pause Young (Allocation Failure)
[2026-05-06T01:33:12.249+0100][7.538s][info][gc,heap        ] GC(117) DefNew: 155739K(196288K)->2K(196288K) Eden: 155731K(174528K)->0K(174528K) From: 7K(21760K)->2K(21760K)
[2026-05-06T01:33:12.249+0100][7.538s][info][gc,heap        ] GC(117) Tenured: 203749K(435984K)->203749K(435984K)
[2026-05-06T01:33:12.249+0100][7.538s][info][gc,metaspace   ] GC(117) Metaspace: 19125K(19456K)->19125K(19456K) NonClass: 16885K(17088K)->16885K(17088K) Class: 2240K(2368K)->2240K(2368K)
[2026-05-06T01:33:12.249+0100][7.538s][info][gc             ] GC(117) Pause Young (Allocation Failure) 351M->198M(617M) 0.223ms
[2026-05-06T01:33:12.249+0100][7.538s][info][gc,cpu         ] GC(117) User=0.00s Sys=0.00s Real=0.00s
[2026-05-06T01:33:12.254+0100][7.543s][info][gc,start       ] GC(118) Pause Full (System.gc())
[2026-05-06T01:33:12.254+0100][7.543s][info][gc,phases,start] GC(118) Phase 1: Mark live objects
[2026-05-06T01:33:12.259+0100][7.548s][info][gc,phases      ] GC(118) Phase 1: Mark live objects 5.086ms
[2026-05-06T01:33:12.259+0100][7.548s][info][gc,phases,start] GC(118) Phase 2: Compute new object addresses
[2026-05-06T01:33:12.260+0100][7.549s][info][gc,phases      ] GC(118) Phase 2: Compute new object addresses 1.424ms
[2026-05-06T01:33:12.260+0100][7.549s][info][gc,phases,start] GC(118) Phase 3: Adjust pointers
[2026-05-06T01:33:12.264+0100][7.553s][info][gc,phases      ] GC(118) Phase 3: Adjust pointers 3.769ms
[2026-05-06T01:33:12.264+0100][7.553s][info][gc,phases,start] GC(118) Phase 4: Move objects
[2026-05-06T01:33:12.264+0100][7.553s][info][gc,phases      ] GC(118) Phase 4: Move objects 0.004ms
[2026-05-06T01:33:12.264+0100][7.553s][info][gc,heap        ] GC(118) DefNew: 39993K(196288K)->0K(196288K) Eden: 39991K(174528K)->0K(174528K) From: 2K(21760K)->0K(21760K)
[2026-05-06T01:33:12.264+0100][7.553s][info][gc,heap        ] GC(118) Tenured: 203749K(435984K)->203737K(435984K)
[2026-05-06T01:33:12.264+0100][7.553s][info][gc,metaspace   ] GC(118) Metaspace: 19125K(19456K)->19125K(19456K) NonClass: 16885K(17088K)->16885K(17088K) Class: 2240K(2368K)->2240K(2368K)
[2026-05-06T01:33:12.264+0100][7.553s][info][gc             ] GC(118) Pause Full (System.gc()) 238M->198M(617M) 10.370ms
[2026-05-06T01:33:12.264+0100][7.553s][info][gc,cpu         ] GC(118) User=0.01s Sys=0.00s Real=0.01s
[2026-05-06T01:33:12.297+0100][7.586s][info][gc,start       ] GC(119) Pause Young (Allocation Failure)
[2026-05-06T01:33:12.297+0100][7.586s][info][gc,heap        ] GC(119) DefNew: 150583K(196288K)->2K(196288K) Eden: 150583K(174528K)->0K(174528K) From: 0K(21760K)->2K(21760K)
[2026-05-06T01:33:12.297+0100][7.586s][info][gc,heap        ] GC(119) Tenured: 203737K(435984K)->203737K(435984K)
[2026-05-06T01:33:12.297+0100][7.586s][info][gc,metaspace   ] GC(119) Metaspace: 19125K(19456K)->19125K(19456K) NonClass: 16885K(17088K)->16885K(17088K) Class: 2240K(2368K)->2240K(2368K)
[2026-05-06T01:33:12.297+0100][7.586s][info][gc             ] GC(119) Pause Young (Allocation Failure) 346M->198M(617M) 0.162ms
[2026-05-06T01:33:12.297+0100][7.586s][info][gc,cpu         ] GC(119) User=0.00s Sys=0.00s Real=0.00s
[2026-05-06T01:33:12.329+0100][7.618s][info][gc,start       ] GC(120) Pause Young (Allocation Failure)
[2026-05-06T01:33:12.329+0100][7.618s][info][gc,heap        ] GC(120) DefNew: 150687K(196288K)->2K(196288K) Eden: 150685K(174528K)->0K(174528K) From: 2K(21760K)->2K(21760K)
[2026-05-06T01:33:12.329+0100][7.618s][info][gc,heap        ] GC(120) Tenured: 203737K(435984K)->203737K(435984K)
[2026-05-06T01:33:12.329+0100][7.618s][info][gc,metaspace   ] GC(120) Metaspace: 19125K(19456K)->19125K(19456K) NonClass: 16885K(17088K)->16885K(17088K) Class: 2240K(2368K)->2240K(2368K)
[2026-05-06T01:33:12.329+0100][7.618s][info][gc             ] GC(120) Pause Young (Allocation Failure) 346M->198M(617M) 0.189ms
[2026-05-06T01:33:12.329+0100][7.618s][info][gc,cpu         ] GC(120) User=0.00s Sys=0.00s Real=0.00s
[2026-05-06T01:33:12.352+0100][7.641s][info][gc,start       ] GC(121) Pause Young (Allocation Failure)
[2026-05-06T01:33:12.352+0100][7.641s][info][gc,heap        ] GC(121) DefNew: 152308K(196288K)->9K(196288K) Eden: 152306K(174528K)->0K(174528K) From: 2K(21760K)->9K(21760K)
[2026-05-06T01:33:12.352+0100][7.641s][info][gc,heap        ] GC(121) Tenured: 203737K(435984K)->203737K(435984K)
[2026-05-06T01:33:12.352+0100][7.641s][info][gc,metaspace   ] GC(121) Metaspace: 19125K(19456K)->19125K(19456K) NonClass: 16885K(17088K)->16885K(17088K) Class: 2240K(2368K)->2240K(2368K)
[2026-05-06T01:33:12.352+0100][7.641s][info][gc             ] GC(121) Pause Young (Allocation Failure) 347M->198M(617M) 0.224ms
[2026-05-06T01:33:12.352+0100][7.641s][info][gc,cpu         ] GC(121) User=0.00s Sys=0.00s Real=0.00s
[2026-05-06T01:33:12.365+0100][7.654s][info][gc,start       ] GC(122) Pause Full (System.gc())
[2026-05-06T01:33:12.365+0100][7.654s][info][gc,phases,start] GC(122) Phase 1: Mark live objects
[2026-05-06T01:33:12.370+0100][7.659s][info][gc,phases      ] GC(122) Phase 1: Mark live objects 5.119ms
[2026-05-06T01:33:12.370+0100][7.659s][info][gc,phases,start] GC(122) Phase 2: Compute new object addresses
[2026-05-06T01:33:12.371+0100][7.660s][info][gc,phases      ] GC(122) Phase 2: Compute new object addresses 1.446ms
[2026-05-06T01:33:12.371+0100][7.660s][info][gc,phases,start] GC(122) Phase 3: Adjust pointers
[2026-05-06T01:33:12.375+0100][7.664s][info][gc,phases      ] GC(122) Phase 3: Adjust pointers 3.835ms
[2026-05-06T01:33:12.375+0100][7.664s][info][gc,phases,start] GC(122) Phase 4: Move objects
[2026-05-06T01:33:12.375+0100][7.664s][info][gc,phases      ] GC(122) Phase 4: Move objects 0.006ms
[2026-05-06T01:33:12.375+0100][7.664s][info][gc,heap        ] GC(122) DefNew: 92777K(196288K)->0K(196352K) Eden: 92768K(174528K)->0K(174592K) From: 9K(21760K)->0K(21760K)
[2026-05-06T01:33:12.375+0100][7.664s][info][gc,heap        ] GC(122) Tenured: 203737K(435984K)->203744K(435984K)
[2026-05-06T01:33:12.375+0100][7.664s][info][gc,metaspace   ] GC(122) Metaspace: 19125K(19456K)->19125K(19456K) NonClass: 16885K(17088K)->16885K(17088K) Class: 2240K(2368K)->2240K(2368K)
[2026-05-06T01:33:12.375+0100][7.664s][info][gc             ] GC(122) Pause Full (System.gc()) 289M->198M(617M) 10.538ms
[2026-05-06T01:33:12.375+0100][7.664s][info][gc,cpu         ] GC(122) User=0.01s Sys=0.00s Real=0.01s
[2026-05-06T01:33:12.408+0100][7.696s][info][gc,start       ] GC(123) Pause Young (Allocation Failure)
[2026-05-06T01:33:12.408+0100][7.697s][info][gc,heap        ] GC(123) DefNew: 174592K(196352K)->9K(196352K) Eden: 174592K(174592K)->0K(174592K) From: 0K(21760K)->9K(21760K)
[2026-05-06T01:33:12.408+0100][7.697s][info][gc,heap        ] GC(123) Tenured: 203744K(435984K)->203744K(435984K)
[2026-05-06T01:33:12.408+0100][7.697s][info][gc,metaspace   ] GC(123) Metaspace: 19125K(19456K)->19125K(19456K) NonClass: 16885K(17088K)->16885K(17088K) Class: 2240K(2368K)->2240K(2368K)
[2026-05-06T01:33:12.408+0100][7.697s][info][gc             ] GC(123) Pause Young (Allocation Failure) 369M->198M(617M) 0.297ms
[2026-05-06T01:33:12.408+0100][7.697s][info][gc,cpu         ] GC(123) User=0.00s Sys=0.00s Real=0.00s
[2026-05-06T01:33:12.440+0100][7.729s][info][gc,start       ] GC(124) Pause Young (Allocation Failure)
[2026-05-06T01:33:12.441+0100][7.730s][info][gc,heap        ] GC(124) DefNew: 174601K(196352K)->9K(196352K) Eden: 174592K(174592K)->0K(174592K) From: 9K(21760K)->9K(21760K)
[2026-05-06T01:33:12.441+0100][7.730s][info][gc,heap        ] GC(124) Tenured: 203744K(435984K)->203744K(435984K)
[2026-05-06T01:33:12.441+0100][7.730s][info][gc,metaspace   ] GC(124) Metaspace: 19125K(19456K)->19125K(19456K) NonClass: 16885K(17088K)->16885K(17088K) Class: 2240K(2368K)->2240K(2368K)
[2026-05-06T01:33:12.441+0100][7.730s][info][gc             ] GC(124) Pause Young (Allocation Failure) 369M->198M(617M) 0.267ms
[2026-05-06T01:33:12.441+0100][7.730s][info][gc,cpu         ] GC(124) User=0.00s Sys=0.00s Real=0.00s
[2026-05-06T01:33:12.473+0100][7.762s][info][gc,start       ] GC(125) Pause Young (Allocation Failure)
[2026-05-06T01:33:12.473+0100][7.762s][info][gc,heap        ] GC(125) DefNew: 174601K(196352K)->11K(196352K) Eden: 174592K(174592K)->0K(174592K) From: 9K(21760K)->11K(21760K)
[2026-05-06T01:33:12.473+0100][7.762s][info][gc,heap        ] GC(125) Tenured: 203744K(435984K)->203744K(435984K)
[2026-05-06T01:33:12.473+0100][7.762s][info][gc,metaspace   ] GC(125) Metaspace: 19126K(19456K)->19126K(19456K) NonClass: 16886K(17088K)->16886K(17088K) Class: 2240K(2368K)->2240K(2368K)
[2026-05-06T01:33:12.473+0100][7.762s][info][gc             ] GC(125) Pause Young (Allocation Failure) 369M->198M(617M) 0.222ms
[2026-05-06T01:33:12.473+0100][7.762s][info][gc,cpu         ] GC(125) User=0.00s Sys=0.00s Real=0.00s
[2026-05-06T01:33:12.480+0100][7.769s][info][gc,start       ] GC(126) Pause Full (System.gc())
[2026-05-06T01:33:12.480+0100][7.769s][info][gc,phases,start] GC(126) Phase 1: Mark live objects
[2026-05-06T01:33:12.485+0100][7.774s][info][gc,phases      ] GC(126) Phase 1: Mark live objects 5.218ms
[2026-05-06T01:33:12.485+0100][7.774s][info][gc,phases,start] GC(126) Phase 2: Compute new object addresses
[2026-05-06T01:33:12.487+0100][7.776s][info][gc,phases      ] GC(126) Phase 2: Compute new object addresses 1.401ms
[2026-05-06T01:33:12.487+0100][7.776s][info][gc,phases,start] GC(126) Phase 3: Adjust pointers
[2026-05-06T01:33:12.490+0100][7.779s][info][gc,phases      ] GC(126) Phase 3: Adjust pointers 3.814ms
[2026-05-06T01:33:12.491+0100][7.779s][info][gc,phases,start] GC(126) Phase 4: Move objects
[2026-05-06T01:33:12.491+0100][7.779s][info][gc,phases      ] GC(126) Phase 4: Move objects 0.006ms
[2026-05-06T01:33:12.491+0100][7.779s][info][gc,heap        ] GC(126) DefNew: 44573K(196352K)->0K(196352K) Eden: 44562K(174592K)->0K(174592K) From: 11K(21760K)->0K(21760K)
[2026-05-06T01:33:12.491+0100][7.779s][info][gc,heap        ] GC(126) Tenured: 203744K(435984K)->203750K(435984K)
[2026-05-06T01:33:12.491+0100][7.779s][info][gc,metaspace   ] GC(126) Metaspace: 19126K(19456K)->19126K(19456K) NonClass: 16886K(17088K)->16886K(17088K) Class: 2240K(2368K)->2240K(2368K)
[2026-05-06T01:33:12.491+0100][7.779s][info][gc             ] GC(126) Pause Full (System.gc()) 242M->198M(617M) 10.565ms
[2026-05-06T01:33:12.491+0100][7.779s][info][gc,cpu         ] GC(126) User=0.01s Sys=0.00s Real=0.01s
[2026-05-06T01:33:12.515+0100][7.804s][info][gc,start       ] GC(127) Pause Young (Allocation Failure)
[2026-05-06T01:33:12.516+0100][7.805s][info][gc,heap        ] GC(127) DefNew: 139026K(196352K)->9K(196352K) Eden: 139026K(174592K)->0K(174592K) From: 0K(21760K)->9K(21760K)
[2026-05-06T01:33:12.516+0100][7.805s][info][gc,heap        ] GC(127) Tenured: 203750K(435984K)->203750K(435984K)
[2026-05-06T01:33:12.516+0100][7.805s][info][gc,metaspace   ] GC(127) Metaspace: 19126K(19456K)->19126K(19456K) NonClass: 16886K(17088K)->16886K(17088K) Class: 2240K(2368K)->2240K(2368K)
[2026-05-06T01:33:12.516+0100][7.805s][info][gc             ] GC(127) Pause Young (Allocation Failure) 334M->198M(617M) 0.208ms
[2026-05-06T01:33:12.516+0100][7.805s][info][gc,cpu         ] GC(127) User=0.00s Sys=0.00s Real=0.00s
[2026-05-06T01:33:12.547+0100][7.835s][info][gc,start       ] GC(128) Pause Young (Allocation Failure)
[2026-05-06T01:33:12.547+0100][7.836s][info][gc,heap        ] GC(128) DefNew: 170213K(196352K)->9K(196352K) Eden: 170204K(174592K)->0K(174592K) From: 9K(21760K)->9K(21760K)
[2026-05-06T01:33:12.547+0100][7.836s][info][gc,heap        ] GC(128) Tenured: 203750K(435984K)->203750K(435984K)
[2026-05-06T01:33:12.547+0100][7.836s][info][gc,metaspace   ] GC(128) Metaspace: 19126K(19456K)->19126K(19456K) NonClass: 16886K(17088K)->16886K(17088K) Class: 2240K(2368K)->2240K(2368K)
[2026-05-06T01:33:12.547+0100][7.836s][info][gc             ] GC(128) Pause Young (Allocation Failure) 365M->198M(617M) 0.224ms
[2026-05-06T01:33:12.547+0100][7.836s][info][gc,cpu         ] GC(128) User=0.00s Sys=0.00s Real=0.00s
[2026-05-06T01:33:12.577+0100][7.866s][info][gc,start       ] GC(129) Pause Young (Allocation Failure)
[2026-05-06T01:33:12.577+0100][7.866s][info][gc,heap        ] GC(129) DefNew: 160240K(196352K)->2K(196352K) Eden: 160231K(174592K)->0K(174592K) From: 9K(21760K)->2K(21760K)
[2026-05-06T01:33:12.577+0100][7.866s][info][gc,heap        ] GC(129) Tenured: 203750K(435984K)->203750K(435984K)
[2026-05-06T01:33:12.577+0100][7.866s][info][gc,metaspace   ] GC(129) Metaspace: 19126K(19456K)->19126K(19456K) NonClass: 16886K(17088K)->16886K(17088K) Class: 2240K(2368K)->2240K(2368K)
[2026-05-06T01:33:12.577+0100][7.866s][info][gc             ] GC(129) Pause Young (Allocation Failure) 355M->198M(617M) 0.187ms
[2026-05-06T01:33:12.577+0100][7.866s][info][gc,cpu         ] GC(129) User=0.00s Sys=0.00s Real=0.00s
[2026-05-06T01:33:12.589+0100][7.878s][info][gc,start       ] GC(130) Pause Full (System.gc())
[2026-05-06T01:33:12.589+0100][7.878s][info][gc,phases,start] GC(130) Phase 1: Mark live objects
[2026-05-06T01:33:12.594+0100][7.883s][info][gc,phases      ] GC(130) Phase 1: Mark live objects 5.206ms
[2026-05-06T01:33:12.594+0100][7.883s][info][gc,phases,start] GC(130) Phase 2: Compute new object addresses
[2026-05-06T01:33:12.596+0100][7.885s][info][gc,phases      ] GC(130) Phase 2: Compute new object addresses 1.411ms
[2026-05-06T01:33:12.596+0100][7.885s][info][gc,phases,start] GC(130) Phase 3: Adjust pointers
[2026-05-06T01:33:12.600+0100][7.889s][info][gc,phases      ] GC(130) Phase 3: Adjust pointers 3.921ms
[2026-05-06T01:33:12.600+0100][7.889s][info][gc,phases,start] GC(130) Phase 4: Move objects
[2026-05-06T01:33:12.600+0100][7.889s][info][gc,phases      ] GC(130) Phase 4: Move objects 0.005ms
[2026-05-06T01:33:12.600+0100][7.889s][info][gc,heap        ] GC(130) DefNew: 76764K(196352K)->0K(196288K) Eden: 76762K(174592K)->0K(174528K) From: 2K(21760K)->0K(21760K)
[2026-05-06T01:33:12.600+0100][7.889s][info][gc,heap        ] GC(130) Tenured: 203750K(435984K)->203751K(435984K)
[2026-05-06T01:33:12.600+0100][7.889s][info][gc,metaspace   ] GC(130) Metaspace: 19126K(19456K)->19126K(19456K) NonClass: 16886K(17088K)->16886K(17088K) Class: 2240K(2368K)->2240K(2368K)
[2026-05-06T01:33:12.600+0100][7.889s][info][gc             ] GC(130) Pause Full (System.gc()) 273M->198M(617M) 10.699ms
[2026-05-06T01:33:12.600+0100][7.889s][info][gc,cpu         ] GC(130) User=0.01s Sys=0.00s Real=0.02s
[2026-05-06T01:33:12.629+0100][7.918s][info][gc,start       ] GC(131) Pause Young (Allocation Failure)
[2026-05-06T01:33:12.630+0100][7.919s][info][gc,heap        ] GC(131) DefNew: 150489K(196288K)->2K(196288K) Eden: 150489K(174528K)->0K(174528K) From: 0K(21760K)->2K(21760K)
[2026-05-06T01:33:12.630+0100][7.919s][info][gc,heap        ] GC(131) Tenured: 203751K(435984K)->203751K(435984K)
[2026-05-06T01:33:12.630+0100][7.919s][info][gc,metaspace   ] GC(131) Metaspace: 19126K(19456K)->19126K(19456K) NonClass: 16886K(17088K)->16886K(17088K) Class: 2240K(2368K)->2240K(2368K)
[2026-05-06T01:33:12.630+0100][7.919s][info][gc             ] GC(131) Pause Young (Allocation Failure) 345M->198M(617M) 0.195ms
[2026-05-06T01:33:12.630+0100][7.919s][info][gc,cpu         ] GC(131) User=0.00s Sys=0.00s Real=0.01s
[2026-05-06T01:33:12.656+0100][7.945s][info][gc,start       ] GC(132) Pause Young (Allocation Failure)
[2026-05-06T01:33:12.656+0100][7.945s][info][gc,heap        ] GC(132) DefNew: 150627K(196288K)->2K(196288K) Eden: 150625K(174528K)->0K(174528K) From: 2K(21760K)->2K(21760K)
[2026-05-06T01:33:12.656+0100][7.945s][info][gc,heap        ] GC(132) Tenured: 203751K(435984K)->203751K(435984K)
[2026-05-06T01:33:12.656+0100][7.945s][info][gc,metaspace   ] GC(132) Metaspace: 19126K(19456K)->19126K(19456K) NonClass: 16886K(17088K)->16886K(17088K) Class: 2240K(2368K)->2240K(2368K)
[2026-05-06T01:33:12.656+0100][7.945s][info][gc             ] GC(132) Pause Young (Allocation Failure) 346M->198M(617M) 0.164ms
[2026-05-06T01:33:12.656+0100][7.945s][info][gc,cpu         ] GC(132) User=0.00s Sys=0.00s Real=0.00s
[2026-05-06T01:33:12.676+0100][7.965s][info][gc,start       ] GC(133) Pause Young (Allocation Failure)
[2026-05-06T01:33:12.676+0100][7.965s][info][gc,heap        ] GC(133) DefNew: 151117K(196288K)->11K(196288K) Eden: 151115K(174528K)->0K(174528K) From: 2K(21760K)->11K(21760K)
[2026-05-06T01:33:12.676+0100][7.965s][info][gc,heap        ] GC(133) Tenured: 203751K(435984K)->203751K(435984K)
[2026-05-06T01:33:12.676+0100][7.965s][info][gc,metaspace   ] GC(133) Metaspace: 19126K(19456K)->19126K(19456K) NonClass: 16886K(17088K)->16886K(17088K) Class: 2240K(2368K)->2240K(2368K)
[2026-05-06T01:33:12.676+0100][7.965s][info][gc             ] GC(133) Pause Young (Allocation Failure) 346M->198M(617M) 0.223ms
[2026-05-06T01:33:12.676+0100][7.965s][info][gc,cpu         ] GC(133) User=0.00s Sys=0.00s Real=0.00s
[2026-05-06T01:33:12.688+0100][7.977s][info][gc,start       ] GC(134) Pause Full (System.gc())
[2026-05-06T01:33:12.688+0100][7.977s][info][gc,phases,start] GC(134) Phase 1: Mark live objects
[2026-05-06T01:33:12.693+0100][7.982s][info][gc,phases      ] GC(134) Phase 1: Mark live objects 5.234ms
[2026-05-06T01:33:12.693+0100][7.982s][info][gc,phases,start] GC(134) Phase 2: Compute new object addresses
[2026-05-06T01:33:12.695+0100][7.984s][info][gc,phases      ] GC(134) Phase 2: Compute new object addresses 1.403ms
[2026-05-06T01:33:12.695+0100][7.984s][info][gc,phases,start] GC(134) Phase 3: Adjust pointers
[2026-05-06T01:33:12.698+0100][7.987s][info][gc,phases      ] GC(134) Phase 3: Adjust pointers 3.827ms
[2026-05-06T01:33:12.699+0100][7.987s][info][gc,phases,start] GC(134) Phase 4: Move objects
[2026-05-06T01:33:12.699+0100][7.987s][info][gc,phases      ] GC(134) Phase 4: Move objects 0.006ms
[2026-05-06T01:33:12.699+0100][7.987s][info][gc,heap        ] GC(134) DefNew: 93059K(196288K)->0K(196352K) Eden: 93047K(174528K)->0K(174592K) From: 11K(21760K)->0K(21760K)
[2026-05-06T01:33:12.699+0100][7.987s][info][gc,heap        ] GC(134) Tenured: 203751K(435984K)->203747K(435984K)
[2026-05-06T01:33:12.699+0100][7.987s][info][gc,metaspace   ] GC(134) Metaspace: 19126K(19456K)->19126K(19456K) NonClass: 16886K(17088K)->16886K(17088K) Class: 2240K(2368K)->2240K(2368K)
[2026-05-06T01:33:12.699+0100][7.987s][info][gc             ] GC(134) Pause Full (System.gc()) 289M->198M(617M) 10.598ms
[2026-05-06T01:33:12.699+0100][7.987s][info][gc,cpu         ] GC(134) User=0.01s Sys=0.00s Real=0.01s
[2026-05-06T01:33:12.721+0100][8.010s][info][gc,start       ] GC(135) Pause Young (Allocation Failure)
[2026-05-06T01:33:12.722+0100][8.010s][info][gc,heap        ] GC(135) DefNew: 138553K(196352K)->11K(196352K) Eden: 138553K(174592K)->0K(174592K) From: 0K(21760K)->11K(21760K)
[2026-05-06T01:33:12.722+0100][8.010s][info][gc,heap        ] GC(135) Tenured: 203747K(435984K)->203747K(435984K)
[2026-05-06T01:33:12.722+0100][8.010s][info][gc,metaspace   ] GC(135) Metaspace: 19126K(19456K)->19126K(19456K) NonClass: 16886K(17088K)->16886K(17088K) Class: 2240K(2368K)->2240K(2368K)
[2026-05-06T01:33:12.722+0100][8.010s][info][gc             ] GC(135) Pause Young (Allocation Failure) 334M->198M(617M) 0.230ms
[2026-05-06T01:33:12.722+0100][8.010s][info][gc,cpu         ] GC(135) User=0.00s Sys=0.00s Real=0.00s
[2026-05-06T01:33:12.748+0100][8.037s][info][gc,start       ] GC(136) Pause Young (Allocation Failure)
[2026-05-06T01:33:12.749+0100][8.038s][info][gc,heap        ] GC(136) DefNew: 171830K(196352K)->11K(196352K) Eden: 171818K(174592K)->0K(174592K) From: 11K(21760K)->11K(21760K)
[2026-05-06T01:33:12.749+0100][8.038s][info][gc,heap        ] GC(136) Tenured: 203747K(435984K)->203747K(435984K)
[2026-05-06T01:33:12.749+0100][8.038s][info][gc,metaspace   ] GC(136) Metaspace: 19126K(19456K)->19126K(19456K) NonClass: 16886K(17088K)->16886K(17088K) Class: 2240K(2368K)->2240K(2368K)
[2026-05-06T01:33:12.749+0100][8.038s][info][gc             ] GC(136) Pause Young (Allocation Failure) 366M->198M(617M) 0.182ms
[2026-05-06T01:33:12.749+0100][8.038s][info][gc,cpu         ] GC(136) User=0.00s Sys=0.00s Real=0.00s
[2026-05-06T01:33:12.776+0100][8.065s][info][gc,start       ] GC(137) Pause Young (Allocation Failure)
[2026-05-06T01:33:12.776+0100][8.065s][info][gc,heap        ] GC(137) DefNew: 168746K(196352K)->11K(196352K) Eden: 168734K(174592K)->0K(174592K) From: 11K(21760K)->11K(21760K)
[2026-05-06T01:33:12.776+0100][8.065s][info][gc,heap        ] GC(137) Tenured: 203747K(435984K)->203747K(435984K)
[2026-05-06T01:33:12.776+0100][8.065s][info][gc,metaspace   ] GC(137) Metaspace: 19127K(19456K)->19127K(19456K) NonClass: 16887K(17088K)->16887K(17088K) Class: 2240K(2368K)->2240K(2368K)
[2026-05-06T01:33:12.776+0100][8.065s][info][gc             ] GC(137) Pause Young (Allocation Failure) 363M->198M(617M) 0.202ms
[2026-05-06T01:33:12.776+0100][8.065s][info][gc,cpu         ] GC(137) User=0.00s Sys=0.00s Real=0.00s
[2026-05-06T01:33:12.787+0100][8.076s][info][gc,start       ] GC(138) Pause Full (System.gc())
[2026-05-06T01:33:12.787+0100][8.076s][info][gc,phases,start] GC(138) Phase 1: Mark live objects
[2026-05-06T01:33:12.792+0100][8.081s][info][gc,phases      ] GC(138) Phase 1: Mark live objects 5.137ms
[2026-05-06T01:33:12.792+0100][8.081s][info][gc,phases,start] GC(138) Phase 2: Compute new object addresses
[2026-05-06T01:33:12.794+0100][8.083s][info][gc,phases      ] GC(138) Phase 2: Compute new object addresses 1.426ms
[2026-05-06T01:33:12.794+0100][8.083s][info][gc,phases,start] GC(138) Phase 3: Adjust pointers
[2026-05-06T01:33:12.798+0100][8.087s][info][gc,phases      ] GC(138) Phase 3: Adjust pointers 3.852ms
[2026-05-06T01:33:12.798+0100][8.087s][info][gc,phases,start] GC(138) Phase 4: Move objects
[2026-05-06T01:33:12.798+0100][8.087s][info][gc,phases      ] GC(138) Phase 4: Move objects 0.006ms
[2026-05-06T01:33:12.798+0100][8.087s][info][gc,heap        ] GC(138) DefNew: 82445K(196352K)->0K(196352K) Eden: 82433K(174592K)->0K(174592K) From: 11K(21760K)->0K(21760K)
[2026-05-06T01:33:12.798+0100][8.087s][info][gc,heap        ] GC(138) Tenured: 203747K(435984K)->203757K(435984K)
[2026-05-06T01:33:12.798+0100][8.087s][info][gc,metaspace   ] GC(138) Metaspace: 19127K(19456K)->19127K(19456K) NonClass: 16887K(17088K)->16887K(17088K) Class: 2240K(2368K)->2240K(2368K)
[2026-05-06T01:33:12.798+0100][8.087s][info][gc             ] GC(138) Pause Full (System.gc()) 279M->198M(617M) 10.533ms
[2026-05-06T01:33:12.798+0100][8.087s][info][gc,cpu         ] GC(138) User=0.01s Sys=0.00s Real=0.01s
[2026-05-06T01:33:12.829+0100][8.118s][info][gc,start       ] GC(139) Pause Young (Allocation Failure)
[2026-05-06T01:33:12.829+0100][8.118s][info][gc,heap        ] GC(139) DefNew: 172621K(196352K)->11K(196352K) Eden: 172621K(174592K)->0K(174592K) From: 0K(21760K)->11K(21760K)
[2026-05-06T01:33:12.829+0100][8.118s][info][gc,heap        ] GC(139) Tenured: 203757K(435984K)->203757K(435984K)
[2026-05-06T01:33:12.829+0100][8.118s][info][gc,metaspace   ] GC(139) Metaspace: 19127K(19456K)->19127K(19456K) NonClass: 16887K(17088K)->16887K(17088K) Class: 2240K(2368K)->2240K(2368K)
[2026-05-06T01:33:12.829+0100][8.118s][info][gc             ] GC(139) Pause Young (Allocation Failure) 367M->198M(617M) 0.252ms
[2026-05-06T01:33:12.829+0100][8.118s][info][gc,cpu         ] GC(139) User=0.00s Sys=0.00s Real=0.00s
[2026-05-06T01:33:12.858+0100][8.147s][info][gc,start       ] GC(140) Pause Young (Allocation Failure)
[2026-05-06T01:33:12.858+0100][8.147s][info][gc,heap        ] GC(140) DefNew: 166336K(196352K)->12K(196352K) Eden: 166324K(174592K)->0K(174592K) From: 11K(21760K)->12K(21760K)
[2026-05-06T01:33:12.858+0100][8.147s][info][gc,heap        ] GC(140) Tenured: 203757K(435984K)->203757K(435984K)
[2026-05-06T01:33:12.858+0100][8.147s][info][gc,metaspace   ] GC(140) Metaspace: 19127K(19456K)->19127K(19456K) NonClass: 16887K(17088K)->16887K(17088K) Class: 2240K(2368K)->2240K(2368K)
[2026-05-06T01:33:12.858+0100][8.147s][info][gc             ] GC(140) Pause Young (Allocation Failure) 361M->198M(617M) 0.202ms
[2026-05-06T01:33:12.859+0100][8.147s][info][gc,cpu         ] GC(140) User=0.00s Sys=0.00s Real=0.00s
[2026-05-06T01:33:12.885+0100][8.174s][info][gc,start       ] GC(141) Pause Young (Allocation Failure)
[2026-05-06T01:33:12.885+0100][8.174s][info][gc,heap        ] GC(141) DefNew: 159743K(196352K)->2K(196352K) Eden: 159731K(174592K)->0K(174592K) From: 12K(21760K)->2K(21760K)
[2026-05-06T01:33:12.885+0100][8.174s][info][gc,heap        ] GC(141) Tenured: 203757K(435984K)->203757K(435984K)
[2026-05-06T01:33:12.885+0100][8.174s][info][gc,metaspace   ] GC(141) Metaspace: 19129K(19520K)->19129K(19520K) NonClass: 16888K(17152K)->16888K(17152K) Class: 2240K(2368K)->2240K(2368K)
[2026-05-06T01:33:12.885+0100][8.174s][info][gc             ] GC(141) Pause Young (Allocation Failure) 354M->198M(617M) 0.265ms
[2026-05-06T01:33:12.885+0100][8.174s][info][gc,cpu         ] GC(141) User=0.00s Sys=0.00s Real=0.00s
[2026-05-06T01:33:12.889+0100][8.178s][info][gc,start       ] GC(142) Pause Full (System.gc())
[2026-05-06T01:33:12.889+0100][8.178s][info][gc,phases,start] GC(142) Phase 1: Mark live objects
[2026-05-06T01:33:12.894+0100][8.183s][info][gc,phases      ] GC(142) Phase 1: Mark live objects 5.201ms
[2026-05-06T01:33:12.894+0100][8.183s][info][gc,phases,start] GC(142) Phase 2: Compute new object addresses
[2026-05-06T01:33:12.896+0100][8.185s][info][gc,phases      ] GC(142) Phase 2: Compute new object addresses 1.400ms
[2026-05-06T01:33:12.896+0100][8.185s][info][gc,phases,start] GC(142) Phase 3: Adjust pointers
[2026-05-06T01:33:12.900+0100][8.189s][info][gc,phases      ] GC(142) Phase 3: Adjust pointers 3.856ms
[2026-05-06T01:33:12.900+0100][8.189s][info][gc,phases,start] GC(142) Phase 4: Move objects
[2026-05-06T01:33:12.900+0100][8.189s][info][gc,phases      ] GC(142) Phase 4: Move objects 0.008ms
[2026-05-06T01:33:12.900+0100][8.189s][info][gc,heap        ] GC(142) DefNew: 40285K(196352K)->0K(196288K) Eden: 40282K(174592K)->0K(174528K) From: 2K(21760K)->0K(21760K)
[2026-05-06T01:33:12.900+0100][8.189s][info][gc,heap        ] GC(142) Tenured: 203757K(435984K)->203757K(435984K)
[2026-05-06T01:33:12.900+0100][8.189s][info][gc,metaspace   ] GC(142) Metaspace: 19129K(19520K)->19129K(19520K) NonClass: 16888K(17152K)->16888K(17152K) Class: 2240K(2368K)->2240K(2368K)
[2026-05-06T01:33:12.900+0100][8.189s][info][gc             ] GC(142) Pause Full (System.gc()) 238M->198M(617M) 10.591ms
[2026-05-06T01:33:12.900+0100][8.189s][info][gc,cpu         ] GC(142) User=0.01s Sys=0.00s Real=0.02s
[2026-05-06T01:33:12.927+0100][8.216s][info][gc,start       ] GC(143) Pause Young (Allocation Failure)
[2026-05-06T01:33:12.927+0100][8.216s][info][gc,heap        ] GC(143) DefNew: 157033K(196288K)->2K(196288K) Eden: 157033K(174528K)->0K(174528K) From: 0K(21760K)->2K(21760K)
[2026-05-06T01:33:12.927+0100][8.216s][info][gc,heap        ] GC(143) Tenured: 203757K(435984K)->203757K(435984K)
[2026-05-06T01:33:12.927+0100][8.216s][info][gc,metaspace   ] GC(143) Metaspace: 19131K(19520K)->19131K(19520K) NonClass: 16891K(17152K)->16891K(17152K) Class: 2240K(2368K)->2240K(2368K)
[2026-05-06T01:33:12.927+0100][8.216s][info][gc             ] GC(143) Pause Young (Allocation Failure) 352M->198M(617M) 0.193ms
[2026-05-06T01:33:12.927+0100][8.216s][info][gc,cpu         ] GC(143) User=0.00s Sys=0.00s Real=0.00s
[2026-05-06T01:33:12.952+0100][8.241s][info][gc,start       ] GC(144) Pause Young (Allocation Failure)
[2026-05-06T01:33:12.952+0100][8.241s][info][gc,heap        ] GC(144) DefNew: 155874K(196288K)->2K(196288K) Eden: 155871K(174528K)->0K(174528K) From: 2K(21760K)->2K(21760K)
[2026-05-06T01:33:12.952+0100][8.241s][info][gc,heap        ] GC(144) Tenured: 203757K(435984K)->203757K(435984K)
[2026-05-06T01:33:12.952+0100][8.241s][info][gc,metaspace   ] GC(144) Metaspace: 19131K(19520K)->19131K(19520K) NonClass: 16891K(17152K)->16891K(17152K) Class: 2240K(2368K)->2240K(2368K)
[2026-05-06T01:33:12.952+0100][8.241s][info][gc             ] GC(144) Pause Young (Allocation Failure) 351M->198M(617M) 0.192ms
[2026-05-06T01:33:12.952+0100][8.241s][info][gc,cpu         ] GC(144) User=0.00s Sys=0.00s Real=0.00s
[2026-05-06T01:33:12.979+0100][8.267s][info][gc,start       ] GC(145) Pause Young (Allocation Failure)
[2026-05-06T01:33:12.979+0100][8.268s][info][gc,heap        ] GC(145) DefNew: 153071K(196288K)->2K(196288K) Eden: 153069K(174528K)->0K(174528K) From: 2K(21760K)->2K(21760K)
[2026-05-06T01:33:12.979+0100][8.268s][info][gc,heap        ] GC(145) Tenured: 203757K(435984K)->203757K(435984K)
[2026-05-06T01:33:12.979+0100][8.268s][info][gc,metaspace   ] GC(145) Metaspace: 19136K(19520K)->19136K(19520K) NonClass: 16896K(17152K)->16896K(17152K) Class: 2240K(2368K)->2240K(2368K)
[2026-05-06T01:33:12.979+0100][8.268s][info][gc             ] GC(145) Pause Young (Allocation Failure) 348M->198M(617M) 0.206ms
[2026-05-06T01:33:12.979+0100][8.268s][info][gc,cpu         ] GC(145) User=0.00s Sys=0.00s Real=0.00s
[2026-05-06T01:33:12.983+0100][8.272s][info][gc,start       ] GC(146) Pause Full (System.gc())
[2026-05-06T01:33:12.983+0100][8.272s][info][gc,phases,start] GC(146) Phase 1: Mark live objects
[2026-05-06T01:33:12.988+0100][8.277s][info][gc,phases      ] GC(146) Phase 1: Mark live objects 5.216ms
[2026-05-06T01:33:12.988+0100][8.277s][info][gc,phases,start] GC(146) Phase 2: Compute new object addresses
[2026-05-06T01:33:12.990+0100][8.278s][info][gc,phases      ] GC(146) Phase 2: Compute new object addresses 1.427ms
[2026-05-06T01:33:12.990+0100][8.278s][info][gc,phases,start] GC(146) Phase 3: Adjust pointers
[2026-05-06T01:33:12.993+0100][8.282s][info][gc,phases      ] GC(146) Phase 3: Adjust pointers 3.770ms
[2026-05-06T01:33:12.993+0100][8.282s][info][gc,phases,start] GC(146) Phase 4: Move objects
[2026-05-06T01:33:12.993+0100][8.282s][info][gc,phases      ] GC(146) Phase 4: Move objects 0.004ms
[2026-05-06T01:33:12.993+0100][8.282s][info][gc,heap        ] GC(146) DefNew: 40280K(196288K)->0K(196288K) Eden: 40278K(174528K)->0K(174528K) From: 2K(21760K)->0K(21760K)
[2026-05-06T01:33:12.993+0100][8.282s][info][gc,heap        ] GC(146) Tenured: 203757K(435984K)->203757K(435984K)
[2026-05-06T01:33:12.993+0100][8.282s][info][gc,metaspace   ] GC(146) Metaspace: 19136K(19520K)->19136K(19520K) NonClass: 16896K(17152K)->16896K(17152K) Class: 2240K(2368K)->2240K(2368K)
[2026-05-06T01:33:12.993+0100][8.282s][info][gc             ] GC(146) Pause Full (System.gc()) 238M->198M(617M) 10.512ms
[2026-05-06T01:33:12.993+0100][8.282s][info][gc,cpu         ] GC(146) User=0.01s Sys=0.00s Real=0.01s
[2026-05-06T01:33:13.021+0100][8.310s][info][gc,start       ] GC(147) Pause Young (Allocation Failure)
[2026-05-06T01:33:13.021+0100][8.310s][info][gc,heap        ] GC(147) DefNew: 152392K(196288K)->2K(196288K) Eden: 152392K(174528K)->0K(174528K) From: 0K(21760K)->2K(21760K)
[2026-05-06T01:33:13.021+0100][8.310s][info][gc,heap        ] GC(147) Tenured: 203757K(435984K)->203757K(435984K)
[2026-05-06T01:33:13.021+0100][8.310s][info][gc,metaspace   ] GC(147) Metaspace: 19136K(19520K)->19136K(19520K) NonClass: 16896K(17152K)->16896K(17152K) Class: 2240K(2368K)->2240K(2368K)
[2026-05-06T01:33:13.021+0100][8.310s][info][gc             ] GC(147) Pause Young (Allocation Failure) 347M->198M(617M) 0.198ms
[2026-05-06T01:33:13.021+0100][8.310s][info][gc,cpu         ] GC(147) User=0.00s Sys=0.00s Real=0.00s
[2026-05-06T01:33:13.048+0100][8.336s][info][gc,start       ] GC(148) Pause Young (Allocation Failure)
[2026-05-06T01:33:13.048+0100][8.337s][info][gc,heap        ] GC(148) DefNew: 152127K(196288K)->2K(196288K) Eden: 152125K(174528K)->0K(174528K) From: 2K(21760K)->2K(21760K)
[2026-05-06T01:33:13.048+0100][8.337s][info][gc,heap        ] GC(148) Tenured: 203757K(435984K)->203757K(435984K)
[2026-05-06T01:33:13.048+0100][8.337s][info][gc,metaspace   ] GC(148) Metaspace: 19136K(19520K)->19136K(19520K) NonClass: 16896K(17152K)->16896K(17152K) Class: 2240K(2368K)->2240K(2368K)
[2026-05-06T01:33:13.048+0100][8.337s][info][gc             ] GC(148) Pause Young (Allocation Failure) 347M->198M(617M) 0.225ms
[2026-05-06T01:33:13.048+0100][8.337s][info][gc,cpu         ] GC(148) User=0.00s Sys=0.00s Real=0.00s
[2026-05-06T01:33:13.077+0100][8.366s][info][gc,start       ] GC(149) Pause Young (Allocation Failure)
[2026-05-06T01:33:13.077+0100][8.366s][info][gc,heap        ] GC(149) DefNew: 151432K(196288K)->2K(196288K) Eden: 151430K(174528K)->0K(174528K) From: 2K(21760K)->2K(21760K)
[2026-05-06T01:33:13.077+0100][8.366s][info][gc,heap        ] GC(149) Tenured: 203757K(435984K)->203757K(435984K)
[2026-05-06T01:33:13.077+0100][8.366s][info][gc,metaspace   ] GC(149) Metaspace: 19139K(19520K)->19139K(19520K) NonClass: 16899K(17152K)->16899K(17152K) Class: 2240K(2368K)->2240K(2368K)
[2026-05-06T01:33:13.077+0100][8.366s][info][gc             ] GC(149) Pause Young (Allocation Failure) 346M->198M(617M) 0.218ms
[2026-05-06T01:33:13.077+0100][8.366s][info][gc,cpu         ] GC(149) User=0.00s Sys=0.00s Real=0.00s
[2026-05-06T01:33:13.082+0100][8.371s][info][gc,start       ] GC(150) Pause Full (System.gc())
[2026-05-06T01:33:13.082+0100][8.371s][info][gc,phases,start] GC(150) Phase 1: Mark live objects
[2026-05-06T01:33:13.088+0100][8.377s][info][gc,phases      ] GC(150) Phase 1: Mark live objects 5.541ms
[2026-05-06T01:33:13.088+0100][8.377s][info][gc,phases,start] GC(150) Phase 2: Compute new object addresses
[2026-05-06T01:33:13.089+0100][8.378s][info][gc,phases      ] GC(150) Phase 2: Compute new object addresses 1.499ms
[2026-05-06T01:33:13.089+0100][8.378s][info][gc,phases,start] GC(150) Phase 3: Adjust pointers
[2026-05-06T01:33:13.093+0100][8.382s][info][gc,phases      ] GC(150) Phase 3: Adjust pointers 4.155ms
[2026-05-06T01:33:13.093+0100][8.382s][info][gc,phases,start] GC(150) Phase 4: Move objects
[2026-05-06T01:33:13.093+0100][8.382s][info][gc,phases      ] GC(150) Phase 4: Move objects 0.005ms
[2026-05-06T01:33:13.093+0100][8.382s][info][gc,heap        ] GC(150) DefNew: 40279K(196288K)->0K(196288K) Eden: 40276K(174528K)->0K(174528K) From: 2K(21760K)->0K(21760K)
[2026-05-06T01:33:13.093+0100][8.382s][info][gc,heap        ] GC(150) Tenured: 203757K(435984K)->203739K(435984K)
[2026-05-06T01:33:13.093+0100][8.382s][info][gc,metaspace   ] GC(150) Metaspace: 19139K(19520K)->19139K(19520K) NonClass: 16899K(17152K)->16899K(17152K) Class: 2240K(2368K)->2240K(2368K)
[2026-05-06T01:33:13.093+0100][8.382s][info][gc             ] GC(150) Pause Full (System.gc()) 238M->198M(617M) 11.353ms
[2026-05-06T01:33:13.093+0100][8.382s][info][gc,cpu         ] GC(150) User=0.01s Sys=0.00s Real=0.01s
[2026-05-06T01:33:13.125+0100][8.414s][info][gc,start       ] GC(151) Pause Young (Allocation Failure)
[2026-05-06T01:33:13.125+0100][8.414s][info][gc,heap        ] GC(151) DefNew: 151262K(196288K)->2K(196288K) Eden: 151262K(174528K)->0K(174528K) From: 0K(21760K)->2K(21760K)
[2026-05-06T01:33:13.125+0100][8.414s][info][gc,heap        ] GC(151) Tenured: 203739K(435984K)->203739K(435984K)
[2026-05-06T01:33:13.125+0100][8.414s][info][gc,metaspace   ] GC(151) Metaspace: 19139K(19520K)->19139K(19520K) NonClass: 16899K(17152K)->16899K(17152K) Class: 2240K(2368K)->2240K(2368K)
[2026-05-06T01:33:13.125+0100][8.414s][info][gc             ] GC(151) Pause Young (Allocation Failure) 346M->198M(617M) 0.209ms
[2026-05-06T01:33:13.125+0100][8.414s][info][gc,cpu         ] GC(151) User=0.00s Sys=0.00s Real=0.00s
[2026-05-06T01:33:13.152+0100][8.441s][info][gc,start       ] GC(152) Pause Young (Allocation Failure)
[2026-05-06T01:33:13.152+0100][8.441s][info][gc,heap        ] GC(152) DefNew: 151199K(196288K)->2K(196288K) Eden: 151196K(174528K)->0K(174528K) From: 2K(21760K)->2K(21760K)
[2026-05-06T01:33:13.152+0100][8.441s][info][gc,heap        ] GC(152) Tenured: 203739K(435984K)->203739K(435984K)
[2026-05-06T01:33:13.152+0100][8.441s][info][gc,metaspace   ] GC(152) Metaspace: 19139K(19520K)->19139K(19520K) NonClass: 16899K(17152K)->16899K(17152K) Class: 2240K(2368K)->2240K(2368K)
[2026-05-06T01:33:13.152+0100][8.441s][info][gc             ] GC(152) Pause Young (Allocation Failure) 346M->198M(617M) 0.196ms
[2026-05-06T01:33:13.152+0100][8.441s][info][gc,cpu         ] GC(152) User=0.00s Sys=0.00s Real=0.00s
[2026-05-06T01:33:13.226+0100][8.515s][info][gc,start       ] GC(153) Pause Young (Allocation Failure)
[2026-05-06T01:33:13.226+0100][8.515s][info][gc,heap        ] GC(153) DefNew: 77222K(196288K)->1K(196288K) Eden: 77220K(174528K)->0K(174528K) From: 2K(21760K)->1K(21760K)
[2026-05-06T01:33:13.226+0100][8.515s][info][gc,heap        ] GC(153) Tenured: 203739K(435984K)->203739K(435984K)
[2026-05-06T01:33:13.226+0100][8.515s][info][gc,metaspace   ] GC(153) Metaspace: 19139K(19520K)->19139K(19520K) NonClass: 16899K(17152K)->16899K(17152K) Class: 2240K(2368K)->2240K(2368K)
[2026-05-06T01:33:13.226+0100][8.515s][info][gc             ] GC(153) Pause Young (Allocation Failure) 274M->198M(617M) 0.212ms
[2026-05-06T01:33:13.226+0100][8.515s][info][gc,cpu         ] GC(153) User=0.01s Sys=0.00s Real=0.00s
[2026-05-06T01:33:13.380+0100][8.669s][info][gc,start       ] GC(154) Pause Young (Allocation Failure)
[2026-05-06T01:33:13.381+0100][8.670s][info][gc,heap        ] GC(154) DefNew: 150840K(196288K)->1K(196288K) Eden: 150839K(174528K)->0K(174528K) From: 1K(21760K)->1K(21760K)
[2026-05-06T01:33:13.381+0100][8.670s][info][gc,heap        ] GC(154) Tenured: 203739K(435984K)->203739K(435984K)
[2026-05-06T01:33:13.381+0100][8.670s][info][gc,metaspace   ] GC(154) Metaspace: 19139K(19520K)->19139K(19520K) NonClass: 16899K(17152K)->16899K(17152K) Class: 2240K(2368K)->2240K(2368K)
[2026-05-06T01:33:13.381+0100][8.670s][info][gc             ] GC(154) Pause Young (Allocation Failure) 346M->198M(617M) 0.270ms
[2026-05-06T01:33:13.381+0100][8.670s][info][gc,cpu         ] GC(154) User=0.00s Sys=0.00s Real=0.00s
[2026-05-06T01:33:13.551+0100][8.840s][info][gc,start       ] GC(155) Pause Young (Allocation Failure)
[2026-05-06T01:33:13.552+0100][8.840s][info][gc,heap        ] GC(155) DefNew: 150850K(196288K)->1K(196288K) Eden: 150849K(174528K)->0K(174528K) From: 1K(21760K)->1K(21760K)
[2026-05-06T01:33:13.552+0100][8.841s][info][gc,heap        ] GC(155) Tenured: 203739K(435984K)->203739K(435984K)
[2026-05-06T01:33:13.552+0100][8.841s][info][gc,metaspace   ] GC(155) Metaspace: 19139K(19520K)->19139K(19520K) NonClass: 16899K(17152K)->16899K(17152K) Class: 2240K(2368K)->2240K(2368K)
[2026-05-06T01:33:13.552+0100][8.841s][info][gc             ] GC(155) Pause Young (Allocation Failure) 346M->198M(617M) 0.246ms
[2026-05-06T01:33:13.552+0100][8.841s][info][gc,cpu         ] GC(155) User=0.00s Sys=0.00s Real=0.00s
[2026-05-06T01:33:13.646+0100][8.935s][info][gc,start       ] GC(156) Pause Full (System.gc())
[2026-05-06T01:33:13.646+0100][8.935s][info][gc,phases,start] GC(156) Phase 1: Mark live objects
[2026-05-06T01:33:13.653+0100][8.942s][info][gc,phases      ] GC(156) Phase 1: Mark live objects 6.828ms
[2026-05-06T01:33:13.653+0100][8.942s][info][gc,phases,start] GC(156) Phase 2: Compute new object addresses
[2026-05-06T01:33:13.655+0100][8.944s][info][gc,phases      ] GC(156) Phase 2: Compute new object addresses 1.604ms
[2026-05-06T01:33:13.655+0100][8.944s][info][gc,phases,start] GC(156) Phase 3: Adjust pointers
[2026-05-06T01:33:13.660+0100][8.949s][info][gc,phases      ] GC(156) Phase 3: Adjust pointers 4.966ms
[2026-05-06T01:33:13.660+0100][8.949s][info][gc,phases,start] GC(156) Phase 4: Move objects
[2026-05-06T01:33:13.660+0100][8.949s][info][gc,phases      ] GC(156) Phase 4: Move objects 0.013ms
[2026-05-06T01:33:13.660+0100][8.949s][info][gc,heap        ] GC(156) DefNew: 150857K(196288K)->0K(196288K) Eden: 150855K(174528K)->0K(174528K) From: 1K(21760K)->0K(21760K)
[2026-05-06T01:33:13.660+0100][8.949s][info][gc,heap        ] GC(156) Tenured: 203739K(435984K)->203739K(435984K)
[2026-05-06T01:33:13.660+0100][8.949s][info][gc,metaspace   ] GC(156) Metaspace: 19139K(19520K)->19139K(19520K) NonClass: 16899K(17152K)->16899K(17152K) Class: 2240K(2368K)->2240K(2368K)
[2026-05-06T01:33:13.660+0100][8.949s][info][gc             ] GC(156) Pause Full (System.gc()) 346M->198M(617M) 13.704ms
[2026-05-06T01:33:13.660+0100][8.949s][info][gc,cpu         ] GC(156) User=0.01s Sys=0.01s Real=0.02s
[2026-05-06T01:33:13.885+0100][9.174s][info][gc,start       ] GC(157) Pause Young (Allocation Failure)
[2026-05-06T01:33:13.885+0100][9.174s][info][gc,heap        ] GC(157) DefNew: 150860K(196288K)->1K(196288K) Eden: 150860K(174528K)->0K(174528K) From: 0K(21760K)->1K(21760K)
[2026-05-06T01:33:13.885+0100][9.174s][info][gc,heap        ] GC(157) Tenured: 203739K(435984K)->203739K(435984K)
[2026-05-06T01:33:13.885+0100][9.174s][info][gc,metaspace   ] GC(157) Metaspace: 19139K(19520K)->19139K(19520K) NonClass: 16899K(17152K)->16899K(17152K) Class: 2240K(2368K)->2240K(2368K)
[2026-05-06T01:33:13.886+0100][9.174s][info][gc             ] GC(157) Pause Young (Allocation Failure) 346M->198M(617M) 0.223ms
[2026-05-06T01:33:13.886+0100][9.174s][info][gc,cpu         ] GC(157) User=0.00s Sys=0.00s Real=0.00s
[2026-05-06T01:33:14.033+0100][9.322s][info][gc,start       ] GC(158) Pause Young (Allocation Failure)
[2026-05-06T01:33:14.034+0100][9.322s][info][gc,heap        ] GC(158) DefNew: 150864K(196288K)->1K(196288K) Eden: 150862K(174528K)->0K(174528K) From: 1K(21760K)->1K(21760K)
[2026-05-06T01:33:14.034+0100][9.322s][info][gc,heap        ] GC(158) Tenured: 203739K(435984K)->203739K(435984K)
[2026-05-06T01:33:14.034+0100][9.322s][info][gc,metaspace   ] GC(158) Metaspace: 19139K(19520K)->19139K(19520K) NonClass: 16899K(17152K)->16899K(17152K) Class: 2240K(2368K)->2240K(2368K)
[2026-05-06T01:33:14.034+0100][9.322s][info][gc             ] GC(158) Pause Young (Allocation Failure) 346M->198M(617M) 0.218ms
[2026-05-06T01:33:14.034+0100][9.322s][info][gc,cpu         ] GC(158) User=0.00s Sys=0.00s Real=0.00s
[2026-05-06T01:33:14.181+0100][9.470s][info][gc,start       ] GC(159) Pause Young (Allocation Failure)
[2026-05-06T01:33:14.181+0100][9.470s][info][gc,heap        ] GC(159) DefNew: 150865K(196288K)->1K(196288K) Eden: 150864K(174528K)->0K(174528K) From: 1K(21760K)->1K(21760K)
[2026-05-06T01:33:14.181+0100][9.470s][info][gc,heap        ] GC(159) Tenured: 203739K(435984K)->203739K(435984K)
[2026-05-06T01:33:14.181+0100][9.470s][info][gc,metaspace   ] GC(159) Metaspace: 19139K(19520K)->19139K(19520K) NonClass: 16899K(17152K)->16899K(17152K) Class: 2240K(2368K)->2240K(2368K)
[2026-05-06T01:33:14.181+0100][9.470s][info][gc             ] GC(159) Pause Young (Allocation Failure) 346M->198M(617M) 0.211ms
[2026-05-06T01:33:14.181+0100][9.470s][info][gc,cpu         ] GC(159) User=0.00s Sys=0.00s Real=0.00s
[2026-05-06T01:33:14.327+0100][9.615s][info][gc,start       ] GC(160) Pause Young (Allocation Failure)
[2026-05-06T01:33:14.327+0100][9.616s][info][gc,heap        ] GC(160) DefNew: 150866K(196288K)->1K(196288K) Eden: 150865K(174528K)->0K(174528K) From: 1K(21760K)->1K(21760K)
[2026-05-06T01:33:14.327+0100][9.616s][info][gc,heap        ] GC(160) Tenured: 203739K(435984K)->203739K(435984K)
[2026-05-06T01:33:14.327+0100][9.616s][info][gc,metaspace   ] GC(160) Metaspace: 19139K(19520K)->19139K(19520K) NonClass: 16899K(17152K)->16899K(17152K) Class: 2240K(2368K)->2240K(2368K)
[2026-05-06T01:33:14.327+0100][9.616s][info][gc             ] GC(160) Pause Young (Allocation Failure) 346M->198M(617M) 0.218ms
[2026-05-06T01:33:14.327+0100][9.616s][info][gc,cpu         ] GC(160) User=0.00s Sys=0.00s Real=0.00s
[2026-05-06T01:33:14.474+0100][9.762s][info][gc,start       ] GC(161) Pause Young (Allocation Failure)
[2026-05-06T01:33:14.474+0100][9.763s][info][gc,heap        ] GC(161) DefNew: 150867K(196288K)->1K(196288K) Eden: 150866K(174528K)->0K(174528K) From: 1K(21760K)->1K(21760K)
[2026-05-06T01:33:14.474+0100][9.763s][info][gc,heap        ] GC(161) Tenured: 203739K(435984K)->203739K(435984K)
[2026-05-06T01:33:14.474+0100][9.763s][info][gc,metaspace   ] GC(161) Metaspace: 19139K(19520K)->19139K(19520K) NonClass: 16899K(17152K)->16899K(17152K) Class: 2240K(2368K)->2240K(2368K)
[2026-05-06T01:33:14.474+0100][9.763s][info][gc             ] GC(161) Pause Young (Allocation Failure) 346M->198M(617M) 0.248ms
[2026-05-06T01:33:14.474+0100][9.763s][info][gc,cpu         ] GC(161) User=0.00s Sys=0.00s Real=0.00s
[2026-05-06T01:33:14.619+0100][9.908s][info][gc,start       ] GC(162) Pause Young (Allocation Failure)
[2026-05-06T01:33:14.619+0100][9.908s][info][gc,heap        ] GC(162) DefNew: 150868K(196288K)->1K(196288K) Eden: 150866K(174528K)->0K(174528K) From: 1K(21760K)->1K(21760K)
[2026-05-06T01:33:14.619+0100][9.908s][info][gc,heap        ] GC(162) Tenured: 203739K(435984K)->203739K(435984K)
[2026-05-06T01:33:14.619+0100][9.908s][info][gc,metaspace   ] GC(162) Metaspace: 19139K(19520K)->19139K(19520K) NonClass: 16899K(17152K)->16899K(17152K) Class: 2240K(2368K)->2240K(2368K)
[2026-05-06T01:33:14.619+0100][9.908s][info][gc             ] GC(162) Pause Young (Allocation Failure) 346M->198M(617M) 0.213ms
[2026-05-06T01:33:14.619+0100][9.908s][info][gc,cpu         ] GC(162) User=0.00s Sys=0.00s Real=0.00s
[2026-05-06T01:33:14.764+0100][10.053s][info][gc,start       ] GC(163) Pause Young (Allocation Failure)
[2026-05-06T01:33:14.764+0100][10.053s][info][gc,heap        ] GC(163) DefNew: 150868K(196288K)->1K(196288K) Eden: 150867K(174528K)->0K(174528K) From: 1K(21760K)->1K(21760K)
[2026-05-06T01:33:14.764+0100][10.053s][info][gc,heap        ] GC(163) Tenured: 203739K(435984K)->203739K(435984K)
[2026-05-06T01:33:14.764+0100][10.053s][info][gc,metaspace   ] GC(163) Metaspace: 19139K(19520K)->19139K(19520K) NonClass: 16899K(17152K)->16899K(17152K) Class: 2240K(2368K)->2240K(2368K)
[2026-05-06T01:33:14.764+0100][10.053s][info][gc             ] GC(163) Pause Young (Allocation Failure) 346M->198M(617M) 0.216ms
[2026-05-06T01:33:14.764+0100][10.053s][info][gc,cpu         ] GC(163) User=0.00s Sys=0.00s Real=0.00s
[2026-05-06T01:33:14.910+0100][10.198s][info][gc,start       ] GC(164) Pause Young (Allocation Failure)
[2026-05-06T01:33:14.910+0100][10.199s][info][gc,heap        ] GC(164) DefNew: 150868K(196288K)->1K(196288K) Eden: 150867K(174528K)->0K(174528K) From: 1K(21760K)->1K(21760K)
[2026-05-06T01:33:14.910+0100][10.199s][info][gc,heap        ] GC(164) Tenured: 203739K(435984K)->203739K(435984K)
[2026-05-06T01:33:14.910+0100][10.199s][info][gc,metaspace   ] GC(164) Metaspace: 19139K(19520K)->19139K(19520K) NonClass: 16899K(17152K)->16899K(17152K) Class: 2240K(2368K)->2240K(2368K)
[2026-05-06T01:33:14.910+0100][10.199s][info][gc             ] GC(164) Pause Young (Allocation Failure) 346M->198M(617M) 0.218ms
[2026-05-06T01:33:14.910+0100][10.199s][info][gc,cpu         ] GC(164) User=0.00s Sys=0.00s Real=0.00s
[2026-05-06T01:33:15.054+0100][10.343s][info][gc,start       ] GC(165) Pause Young (Allocation Failure)
[2026-05-06T01:33:15.054+0100][10.343s][info][gc,heap        ] GC(165) DefNew: 150868K(196288K)->1K(196288K) Eden: 150867K(174528K)->0K(174528K) From: 1K(21760K)->1K(21760K)
[2026-05-06T01:33:15.054+0100][10.343s][info][gc,heap        ] GC(165) Tenured: 203739K(435984K)->203739K(435984K)
[2026-05-06T01:33:15.054+0100][10.343s][info][gc,metaspace   ] GC(165) Metaspace: 19139K(19520K)->19139K(19520K) NonClass: 16899K(17152K)->16899K(17152K) Class: 2240K(2368K)->2240K(2368K)
[2026-05-06T01:33:15.054+0100][10.343s][info][gc             ] GC(165) Pause Young (Allocation Failure) 346M->198M(617M) 0.150ms
[2026-05-06T01:33:15.054+0100][10.343s][info][gc,cpu         ] GC(165) User=0.00s Sys=0.00s Real=0.00s
[2026-05-06T01:33:15.199+0100][10.488s][info][gc,start       ] GC(166) Pause Young (Allocation Failure)
[2026-05-06T01:33:15.200+0100][10.488s][info][gc,heap        ] GC(166) DefNew: 150868K(196288K)->2K(196288K) Eden: 150867K(174528K)->0K(174528K) From: 1K(21760K)->2K(21760K)
[2026-05-06T01:33:15.200+0100][10.488s][info][gc,heap        ] GC(166) Tenured: 203739K(435984K)->203739K(435984K)
[2026-05-06T01:33:15.200+0100][10.488s][info][gc,metaspace   ] GC(166) Metaspace: 19139K(19520K)->19139K(19520K) NonClass: 16899K(17152K)->16899K(17152K) Class: 2240K(2368K)->2240K(2368K)
[2026-05-06T01:33:15.200+0100][10.488s][info][gc             ] GC(166) Pause Young (Allocation Failure) 346M->198M(617M) 0.212ms
[2026-05-06T01:33:15.200+0100][10.488s][info][gc,cpu         ] GC(166) User=0.00s Sys=0.00s Real=0.01s
[2026-05-06T01:33:15.344+0100][10.633s][info][gc,start       ] GC(167) Pause Young (Allocation Failure)
[2026-05-06T01:33:15.344+0100][10.633s][info][gc,heap        ] GC(167) DefNew: 150869K(196288K)->2K(196288K) Eden: 150867K(174528K)->0K(174528K) From: 2K(21760K)->2K(21760K)
[2026-05-06T01:33:15.344+0100][10.633s][info][gc,heap        ] GC(167) Tenured: 203739K(435984K)->203739K(435984K)
[2026-05-06T01:33:15.344+0100][10.633s][info][gc,metaspace   ] GC(167) Metaspace: 19139K(19520K)->19139K(19520K) NonClass: 16899K(17152K)->16899K(17152K) Class: 2240K(2368K)->2240K(2368K)
[2026-05-06T01:33:15.344+0100][10.633s][info][gc             ] GC(167) Pause Young (Allocation Failure) 346M->198M(617M) 0.259ms
[2026-05-06T01:33:15.344+0100][10.633s][info][gc,cpu         ] GC(167) User=0.00s Sys=0.00s Real=0.00s
[2026-05-06T01:33:15.490+0100][10.779s][info][gc,start       ] GC(168) Pause Young (Allocation Failure)
[2026-05-06T01:33:15.490+0100][10.779s][info][gc,heap        ] GC(168) DefNew: 150869K(196288K)->2K(196288K) Eden: 150867K(174528K)->0K(174528K) From: 2K(21760K)->2K(21760K)
[2026-05-06T01:33:15.490+0100][10.779s][info][gc,heap        ] GC(168) Tenured: 203739K(435984K)->203739K(435984K)
[2026-05-06T01:33:15.490+0100][10.779s][info][gc,metaspace   ] GC(168) Metaspace: 19139K(19520K)->19139K(19520K) NonClass: 16899K(17152K)->16899K(17152K) Class: 2240K(2368K)->2240K(2368K)
[2026-05-06T01:33:15.490+0100][10.779s][info][gc             ] GC(168) Pause Young (Allocation Failure) 346M->198M(617M) 0.218ms
[2026-05-06T01:33:15.490+0100][10.779s][info][gc,cpu         ] GC(168) User=0.00s Sys=0.00s Real=0.00s
[2026-05-06T01:33:15.572+0100][10.860s][info][gc,start       ] GC(169) Pause Full (System.gc())
[2026-05-06T01:33:15.572+0100][10.860s][info][gc,phases,start] GC(169) Phase 1: Mark live objects
[2026-05-06T01:33:15.577+0100][10.866s][info][gc,phases      ] GC(169) Phase 1: Mark live objects 5.289ms
[2026-05-06T01:33:15.577+0100][10.866s][info][gc,phases,start] GC(169) Phase 2: Compute new object addresses
[2026-05-06T01:33:15.578+0100][10.867s][info][gc,phases      ] GC(169) Phase 2: Compute new object addresses 1.383ms
[2026-05-06T01:33:15.578+0100][10.867s][info][gc,phases,start] GC(169) Phase 3: Adjust pointers
[2026-05-06T01:33:15.582+0100][10.871s][info][gc,phases      ] GC(169) Phase 3: Adjust pointers 3.811ms
[2026-05-06T01:33:15.582+0100][10.871s][info][gc,phases,start] GC(169) Phase 4: Move objects
[2026-05-06T01:33:15.582+0100][10.871s][info][gc,phases      ] GC(169) Phase 4: Move objects 0.004ms
[2026-05-06T01:33:15.582+0100][10.871s][info][gc,heap        ] GC(169) DefNew: 150869K(196288K)->0K(196288K) Eden: 150867K(174528K)->0K(174528K) From: 2K(21760K)->0K(21760K)
[2026-05-06T01:33:15.582+0100][10.871s][info][gc,heap        ] GC(169) Tenured: 203739K(435984K)->203739K(435984K)
[2026-05-06T01:33:15.582+0100][10.871s][info][gc,metaspace   ] GC(169) Metaspace: 19139K(19520K)->19139K(19520K) NonClass: 16899K(17152K)->16899K(17152K) Class: 2240K(2368K)->2240K(2368K)
[2026-05-06T01:33:15.582+0100][10.871s][info][gc             ] GC(169) Pause Full (System.gc()) 346M->198M(617M) 10.612ms
[2026-05-06T01:33:15.582+0100][10.871s][info][gc,cpu         ] GC(169) User=0.01s Sys=0.00s Real=0.01s
[2026-05-06T01:33:15.790+0100][11.079s][info][gc,start       ] GC(170) Pause Young (Allocation Failure)
[2026-05-06T01:33:15.790+0100][11.079s][info][gc,heap        ] GC(170) DefNew: 150867K(196288K)->2K(196288K) Eden: 150867K(174528K)->0K(174528K) From: 0K(21760K)->2K(21760K)
[2026-05-06T01:33:15.790+0100][11.079s][info][gc,heap        ] GC(170) Tenured: 203739K(435984K)->203739K(435984K)
[2026-05-06T01:33:15.790+0100][11.079s][info][gc,metaspace   ] GC(170) Metaspace: 19139K(19520K)->19139K(19520K) NonClass: 16899K(17152K)->16899K(17152K) Class: 2240K(2368K)->2240K(2368K)
[2026-05-06T01:33:15.790+0100][11.079s][info][gc             ] GC(170) Pause Young (Allocation Failure) 346M->198M(617M) 0.210ms
[2026-05-06T01:33:15.790+0100][11.079s][info][gc,cpu         ] GC(170) User=0.00s Sys=0.00s Real=0.00s
[2026-05-06T01:33:15.934+0100][11.223s][info][gc,start       ] GC(171) Pause Young (Allocation Failure)
[2026-05-06T01:33:15.934+0100][11.223s][info][gc,heap        ] GC(171) DefNew: 150869K(196288K)->2K(196288K) Eden: 150867K(174528K)->0K(174528K) From: 2K(21760K)->2K(21760K)
[2026-05-06T01:33:15.934+0100][11.223s][info][gc,heap        ] GC(171) Tenured: 203739K(435984K)->203739K(435984K)
[2026-05-06T01:33:15.934+0100][11.223s][info][gc,metaspace   ] GC(171) Metaspace: 19139K(19520K)->19139K(19520K) NonClass: 16899K(17152K)->16899K(17152K) Class: 2240K(2368K)->2240K(2368K)
[2026-05-06T01:33:15.934+0100][11.223s][info][gc             ] GC(171) Pause Young (Allocation Failure) 346M->198M(617M) 0.189ms
[2026-05-06T01:33:15.934+0100][11.223s][info][gc,cpu         ] GC(171) User=0.00s Sys=0.00s Real=0.00s
[2026-05-06T01:33:16.078+0100][11.367s][info][gc,start       ] GC(172) Pause Young (Allocation Failure)
[2026-05-06T01:33:16.078+0100][11.367s][info][gc,heap        ] GC(172) DefNew: 150869K(196288K)->2K(196288K) Eden: 150867K(174528K)->0K(174528K) From: 2K(21760K)->2K(21760K)
[2026-05-06T01:33:16.078+0100][11.367s][info][gc,heap        ] GC(172) Tenured: 203739K(435984K)->203739K(435984K)
[2026-05-06T01:33:16.078+0100][11.367s][info][gc,metaspace   ] GC(172) Metaspace: 19139K(19520K)->19139K(19520K) NonClass: 16899K(17152K)->16899K(17152K) Class: 2240K(2368K)->2240K(2368K)
[2026-05-06T01:33:16.078+0100][11.367s][info][gc             ] GC(172) Pause Young (Allocation Failure) 346M->198M(617M) 0.193ms
[2026-05-06T01:33:16.078+0100][11.367s][info][gc,cpu         ] GC(172) User=0.00s Sys=0.00s Real=0.00s
[2026-05-06T01:33:16.222+0100][11.510s][info][gc,start       ] GC(173) Pause Young (Allocation Failure)
[2026-05-06T01:33:16.222+0100][11.511s][info][gc,heap        ] GC(173) DefNew: 150870K(196288K)->2K(196288K) Eden: 150867K(174528K)->0K(174528K) From: 2K(21760K)->2K(21760K)
[2026-05-06T01:33:16.222+0100][11.511s][info][gc,heap        ] GC(173) Tenured: 203739K(435984K)->203739K(435984K)
[2026-05-06T01:33:16.222+0100][11.511s][info][gc,metaspace   ] GC(173) Metaspace: 19139K(19520K)->19139K(19520K) NonClass: 16899K(17152K)->16899K(17152K) Class: 2240K(2368K)->2240K(2368K)
[2026-05-06T01:33:16.222+0100][11.511s][info][gc             ] GC(173) Pause Young (Allocation Failure) 346M->198M(617M) 0.195ms
[2026-05-06T01:33:16.222+0100][11.511s][info][gc,cpu         ] GC(173) User=0.00s Sys=0.00s Real=0.00s
[2026-05-06T01:33:16.365+0100][11.654s][info][gc,start       ] GC(174) Pause Young (Allocation Failure)
[2026-05-06T01:33:16.365+0100][11.654s][info][gc,heap        ] GC(174) DefNew: 150869K(196288K)->2K(196288K) Eden: 150867K(174528K)->0K(174528K) From: 2K(21760K)->2K(21760K)
[2026-05-06T01:33:16.365+0100][11.654s][info][gc,heap        ] GC(174) Tenured: 203739K(435984K)->203739K(435984K)
[2026-05-06T01:33:16.365+0100][11.654s][info][gc,metaspace   ] GC(174) Metaspace: 19139K(19520K)->19139K(19520K) NonClass: 16899K(17152K)->16899K(17152K) Class: 2240K(2368K)->2240K(2368K)
[2026-05-06T01:33:16.365+0100][11.654s][info][gc             ] GC(174) Pause Young (Allocation Failure) 346M->198M(617M) 0.171ms
[2026-05-06T01:33:16.365+0100][11.654s][info][gc,cpu         ] GC(174) User=0.00s Sys=0.00s Real=0.00s
[2026-05-06T01:33:16.509+0100][11.798s][info][gc,start       ] GC(175) Pause Young (Allocation Failure)
[2026-05-06T01:33:16.509+0100][11.798s][info][gc,heap        ] GC(175) DefNew: 150869K(196288K)->2K(196288K) Eden: 150867K(174528K)->0K(174528K) From: 2K(21760K)->2K(21760K)
[2026-05-06T01:33:16.509+0100][11.798s][info][gc,heap        ] GC(175) Tenured: 203739K(435984K)->203739K(435984K)
[2026-05-06T01:33:16.509+0100][11.798s][info][gc,metaspace   ] GC(175) Metaspace: 19139K(19520K)->19139K(19520K) NonClass: 16899K(17152K)->16899K(17152K) Class: 2240K(2368K)->2240K(2368K)
[2026-05-06T01:33:16.509+0100][11.798s][info][gc             ] GC(175) Pause Young (Allocation Failure) 346M->198M(617M) 0.210ms
[2026-05-06T01:33:16.509+0100][11.798s][info][gc,cpu         ] GC(175) User=0.01s Sys=0.00s Real=0.00s
[2026-05-06T01:33:16.656+0100][11.945s][info][gc,start       ] GC(176) Pause Young (Allocation Failure)
[2026-05-06T01:33:16.657+0100][11.946s][info][gc,heap        ] GC(176) DefNew: 150869K(196288K)->2K(196288K) Eden: 150867K(174528K)->0K(174528K) From: 2K(21760K)->2K(21760K)
[2026-05-06T01:33:16.657+0100][11.946s][info][gc,heap        ] GC(176) Tenured: 203739K(435984K)->203739K(435984K)
[2026-05-06T01:33:16.657+0100][11.946s][info][gc,metaspace   ] GC(176) Metaspace: 19139K(19520K)->19139K(19520K) NonClass: 16899K(17152K)->16899K(17152K) Class: 2240K(2368K)->2240K(2368K)
[2026-05-06T01:33:16.657+0100][11.946s][info][gc             ] GC(176) Pause Young (Allocation Failure) 346M->198M(617M) 0.216ms
[2026-05-06T01:33:16.657+0100][11.946s][info][gc,cpu         ] GC(176) User=0.00s Sys=0.00s Real=0.00s
[2026-05-06T01:33:16.800+0100][12.089s][info][gc,start       ] GC(177) Pause Young (Allocation Failure)
[2026-05-06T01:33:16.800+0100][12.089s][info][gc,heap        ] GC(177) DefNew: 150869K(196288K)->2K(196288K) Eden: 150867K(174528K)->0K(174528K) From: 2K(21760K)->2K(21760K)
[2026-05-06T01:33:16.800+0100][12.089s][info][gc,heap        ] GC(177) Tenured: 203739K(435984K)->203739K(435984K)
[2026-05-06T01:33:16.800+0100][12.089s][info][gc,metaspace   ] GC(177) Metaspace: 19139K(19520K)->19139K(19520K) NonClass: 16899K(17152K)->16899K(17152K) Class: 2240K(2368K)->2240K(2368K)
[2026-05-06T01:33:16.800+0100][12.089s][info][gc             ] GC(177) Pause Young (Allocation Failure) 346M->198M(617M) 0.192ms
[2026-05-06T01:33:16.800+0100][12.089s][info][gc,cpu         ] GC(177) User=0.00s Sys=0.00s Real=0.00s
[2026-05-06T01:33:16.946+0100][12.235s][info][gc,start       ] GC(178) Pause Young (Allocation Failure)
[2026-05-06T01:33:16.946+0100][12.235s][info][gc,heap        ] GC(178) DefNew: 150869K(196288K)->2K(196288K) Eden: 150867K(174528K)->0K(174528K) From: 2K(21760K)->2K(21760K)
[2026-05-06T01:33:16.946+0100][12.235s][info][gc,heap        ] GC(178) Tenured: 203739K(435984K)->203739K(435984K)
[2026-05-06T01:33:16.946+0100][12.235s][info][gc,metaspace   ] GC(178) Metaspace: 19139K(19520K)->19139K(19520K) NonClass: 16899K(17152K)->16899K(17152K) Class: 2240K(2368K)->2240K(2368K)
[2026-05-06T01:33:16.946+0100][12.235s][info][gc             ] GC(178) Pause Young (Allocation Failure) 346M->198M(617M) 0.223ms
[2026-05-06T01:33:16.946+0100][12.235s][info][gc,cpu         ] GC(178) User=0.00s Sys=0.00s Real=0.00s
[2026-05-06T01:33:17.105+0100][12.394s][info][gc,start       ] GC(179) Pause Young (Allocation Failure)
[2026-05-06T01:33:17.105+0100][12.394s][info][gc,heap        ] GC(179) DefNew: 154361K(196288K)->3K(196288K) Eden: 154359K(174528K)->0K(174528K) From: 2K(21760K)->3K(21760K)
[2026-05-06T01:33:17.105+0100][12.394s][info][gc,heap        ] GC(179) Tenured: 203739K(435984K)->203739K(435984K)
[2026-05-06T01:33:17.105+0100][12.394s][info][gc,metaspace   ] GC(179) Metaspace: 19141K(19520K)->19141K(19520K) NonClass: 16901K(17152K)->16901K(17152K) Class: 2240K(2368K)->2240K(2368K)
[2026-05-06T01:33:17.105+0100][12.394s][info][gc             ] GC(179) Pause Young (Allocation Failure) 349M->198M(617M) 0.261ms
[2026-05-06T01:33:17.105+0100][12.394s][info][gc,cpu         ] GC(179) User=0.00s Sys=0.00s Real=0.00s
[2026-05-06T01:33:17.254+0100][12.543s][info][gc,start       ] GC(180) Pause Young (Allocation Failure)
[2026-05-06T01:33:17.255+0100][12.544s][info][gc,heap        ] GC(180) DefNew: 156081K(196288K)->3K(196288K) Eden: 156077K(174528K)->0K(174528K) From: 3K(21760K)->3K(21760K)
[2026-05-06T01:33:17.255+0100][12.544s][info][gc,heap        ] GC(180) Tenured: 203739K(435984K)->203739K(435984K)
[2026-05-06T01:33:17.255+0100][12.544s][info][gc,metaspace   ] GC(180) Metaspace: 19141K(19520K)->19141K(19520K) NonClass: 16901K(17152K)->16901K(17152K) Class: 2240K(2368K)->2240K(2368K)
[2026-05-06T01:33:17.255+0100][12.544s][info][gc             ] GC(180) Pause Young (Allocation Failure) 351M->198M(617M) 0.234ms
[2026-05-06T01:33:17.255+0100][12.544s][info][gc,cpu         ] GC(180) User=0.00s Sys=0.00s Real=0.00s
[2026-05-06T01:33:17.400+0100][12.689s][info][gc,start       ] GC(181) Pause Young (Allocation Failure)
[2026-05-06T01:33:17.401+0100][12.689s][info][gc,heap        ] GC(181) DefNew: 154305K(196288K)->3K(196288K) Eden: 154302K(174528K)->0K(174528K) From: 3K(21760K)->3K(21760K)
[2026-05-06T01:33:17.401+0100][12.689s][info][gc,heap        ] GC(181) Tenured: 203739K(435984K)->203739K(435984K)
[2026-05-06T01:33:17.401+0100][12.689s][info][gc,metaspace   ] GC(181) Metaspace: 19141K(19520K)->19141K(19520K) NonClass: 16901K(17152K)->16901K(17152K) Class: 2240K(2368K)->2240K(2368K)
[2026-05-06T01:33:17.401+0100][12.689s][info][gc             ] GC(181) Pause Young (Allocation Failure) 349M->198M(617M) 0.217ms
[2026-05-06T01:33:17.401+0100][12.689s][info][gc,cpu         ] GC(181) User=0.00s Sys=0.00s Real=0.00s
[2026-05-06T01:33:17.482+0100][12.771s][info][gc,start       ] GC(182) Pause Full (System.gc())
[2026-05-06T01:33:17.482+0100][12.771s][info][gc,phases,start] GC(182) Phase 1: Mark live objects
[2026-05-06T01:33:17.488+0100][12.777s][info][gc,phases      ] GC(182) Phase 1: Mark live objects 5.699ms
[2026-05-06T01:33:17.488+0100][12.777s][info][gc,phases,start] GC(182) Phase 2: Compute new object addresses
[2026-05-06T01:33:17.489+0100][12.778s][info][gc,phases      ] GC(182) Phase 2: Compute new object addresses 1.425ms
[2026-05-06T01:33:17.489+0100][12.778s][info][gc,phases,start] GC(182) Phase 3: Adjust pointers
[2026-05-06T01:33:17.493+0100][12.782s][info][gc,phases      ] GC(182) Phase 3: Adjust pointers 3.758ms
[2026-05-06T01:33:17.493+0100][12.782s][info][gc,phases,start] GC(182) Phase 4: Move objects
[2026-05-06T01:33:17.493+0100][12.782s][info][gc,phases      ] GC(182) Phase 4: Move objects 0.005ms
[2026-05-06T01:33:17.493+0100][12.782s][info][gc,heap        ] GC(182) DefNew: 151680K(196288K)->0K(196288K) Eden: 151676K(174528K)->0K(174528K) From: 3K(21760K)->0K(21760K)
[2026-05-06T01:33:17.493+0100][12.782s][info][gc,heap        ] GC(182) Tenured: 203739K(435984K)->203741K(435984K)
[2026-05-06T01:33:17.493+0100][12.782s][info][gc,metaspace   ] GC(182) Metaspace: 19141K(19520K)->19141K(19520K) NonClass: 16901K(17152K)->16901K(17152K) Class: 2240K(2368K)->2240K(2368K)
[2026-05-06T01:33:17.493+0100][12.782s][info][gc             ] GC(182) Pause Full (System.gc()) 347M->198M(617M) 11.001ms
[2026-05-06T01:33:17.493+0100][12.782s][info][gc,cpu         ] GC(182) User=0.01s Sys=0.00s Real=0.01s
[2026-05-06T01:33:17.702+0100][12.991s][info][gc,start       ] GC(183) Pause Young (Allocation Failure)
[2026-05-06T01:33:17.702+0100][12.991s][info][gc,heap        ] GC(183) DefNew: 154312K(196288K)->3K(196288K) Eden: 154312K(174528K)->0K(174528K) From: 0K(21760K)->3K(21760K)
[2026-05-06T01:33:17.702+0100][12.991s][info][gc,heap        ] GC(183) Tenured: 203741K(435984K)->203741K(435984K)
[2026-05-06T01:33:17.702+0100][12.991s][info][gc,metaspace   ] GC(183) Metaspace: 19141K(19520K)->19141K(19520K) NonClass: 16901K(17152K)->16901K(17152K) Class: 2240K(2368K)->2240K(2368K)
[2026-05-06T01:33:17.702+0100][12.991s][info][gc             ] GC(183) Pause Young (Allocation Failure) 349M->198M(617M) 0.217ms
[2026-05-06T01:33:17.702+0100][12.991s][info][gc,cpu         ] GC(183) User=0.00s Sys=0.00s Real=0.00s
[2026-05-06T01:33:17.847+0100][13.136s][info][gc,start       ] GC(184) Pause Young (Allocation Failure)
[2026-05-06T01:33:17.848+0100][13.137s][info][gc,heap        ] GC(184) DefNew: 153432K(196288K)->3K(196288K) Eden: 153428K(174528K)->0K(174528K) From: 3K(21760K)->3K(21760K)
[2026-05-06T01:33:17.848+0100][13.137s][info][gc,heap        ] GC(184) Tenured: 203741K(435984K)->203741K(435984K)
[2026-05-06T01:33:17.848+0100][13.137s][info][gc,metaspace   ] GC(184) Metaspace: 19141K(19520K)->19141K(19520K) NonClass: 16901K(17152K)->16901K(17152K) Class: 2240K(2368K)->2240K(2368K)
[2026-05-06T01:33:17.848+0100][13.137s][info][gc             ] GC(184) Pause Young (Allocation Failure) 348M->198M(617M) 0.211ms
[2026-05-06T01:33:17.848+0100][13.137s][info][gc,cpu         ] GC(184) User=0.00s Sys=0.00s Real=0.00s
[2026-05-06T01:33:17.992+0100][13.281s][info][gc,start       ] GC(185) Pause Young (Allocation Failure)
[2026-05-06T01:33:17.992+0100][13.281s][info][gc,heap        ] GC(185) DefNew: 153432K(196288K)->3K(196288K) Eden: 153429K(174528K)->0K(174528K) From: 3K(21760K)->3K(21760K)
[2026-05-06T01:33:17.992+0100][13.281s][info][gc,heap        ] GC(185) Tenured: 203741K(435984K)->203741K(435984K)
[2026-05-06T01:33:17.992+0100][13.281s][info][gc,metaspace   ] GC(185) Metaspace: 19141K(19520K)->19141K(19520K) NonClass: 16901K(17152K)->16901K(17152K) Class: 2240K(2368K)->2240K(2368K)
[2026-05-06T01:33:17.992+0100][13.281s][info][gc             ] GC(185) Pause Young (Allocation Failure) 348M->198M(617M) 0.160ms
[2026-05-06T01:33:17.992+0100][13.281s][info][gc,cpu         ] GC(185) User=0.00s Sys=0.00s Real=0.00s
[2026-05-06T01:33:18.140+0100][13.429s][info][gc,start       ] GC(186) Pause Young (Allocation Failure)
[2026-05-06T01:33:18.140+0100][13.429s][info][gc,heap        ] GC(186) DefNew: 153433K(196288K)->3K(196288K) Eden: 153429K(174528K)->0K(174528K) From: 3K(21760K)->3K(21760K)
[2026-05-06T01:33:18.140+0100][13.429s][info][gc,heap        ] GC(186) Tenured: 203741K(435984K)->203741K(435984K)
[2026-05-06T01:33:18.140+0100][13.429s][info][gc,metaspace   ] GC(186) Metaspace: 19141K(19520K)->19141K(19520K) NonClass: 16901K(17152K)->16901K(17152K) Class: 2240K(2368K)->2240K(2368K)
[2026-05-06T01:33:18.140+0100][13.429s][info][gc             ] GC(186) Pause Young (Allocation Failure) 348M->198M(617M) 0.251ms
[2026-05-06T01:33:18.140+0100][13.429s][info][gc,cpu         ] GC(186) User=0.00s Sys=0.00s Real=0.00s
[2026-05-06T01:33:18.285+0100][13.574s][info][gc,start       ] GC(187) Pause Young (Allocation Failure)
[2026-05-06T01:33:18.285+0100][13.574s][info][gc,heap        ] GC(187) DefNew: 153433K(196288K)->3K(196288K) Eden: 153429K(174528K)->0K(174528K) From: 3K(21760K)->3K(21760K)
[2026-05-06T01:33:18.285+0100][13.574s][info][gc,heap        ] GC(187) Tenured: 203741K(435984K)->203741K(435984K)
[2026-05-06T01:33:18.285+0100][13.574s][info][gc,metaspace   ] GC(187) Metaspace: 19141K(19520K)->19141K(19520K) NonClass: 16901K(17152K)->16901K(17152K) Class: 2240K(2368K)->2240K(2368K)
[2026-05-06T01:33:18.285+0100][13.574s][info][gc             ] GC(187) Pause Young (Allocation Failure) 348M->198M(617M) 0.225ms
[2026-05-06T01:33:18.285+0100][13.574s][info][gc,cpu         ] GC(187) User=0.00s Sys=0.00s Real=0.00s
[2026-05-06T01:33:18.430+0100][13.719s][info][gc,start       ] GC(188) Pause Young (Allocation Failure)
[2026-05-06T01:33:18.430+0100][13.719s][info][gc,heap        ] GC(188) DefNew: 153433K(196288K)->3K(196288K) Eden: 153429K(174528K)->0K(174528K) From: 3K(21760K)->3K(21760K)
[2026-05-06T01:33:18.430+0100][13.719s][info][gc,heap        ] GC(188) Tenured: 203741K(435984K)->203741K(435984K)
[2026-05-06T01:33:18.430+0100][13.719s][info][gc,metaspace   ] GC(188) Metaspace: 19141K(19520K)->19141K(19520K) NonClass: 16901K(17152K)->16901K(17152K) Class: 2240K(2368K)->2240K(2368K)
[2026-05-06T01:33:18.430+0100][13.719s][info][gc             ] GC(188) Pause Young (Allocation Failure) 348M->198M(617M) 0.205ms
[2026-05-06T01:33:18.430+0100][13.719s][info][gc,cpu         ] GC(188) User=0.00s Sys=0.00s Real=0.00s
[2026-05-06T01:33:18.574+0100][13.863s][info][gc,start       ] GC(189) Pause Young (Allocation Failure)
[2026-05-06T01:33:18.575+0100][13.863s][info][gc,heap        ] GC(189) DefNew: 153433K(196288K)->3K(196288K) Eden: 153429K(174528K)->0K(174528K) From: 3K(21760K)->3K(21760K)
[2026-05-06T01:33:18.575+0100][13.863s][info][gc,heap        ] GC(189) Tenured: 203741K(435984K)->203741K(435984K)
[2026-05-06T01:33:18.575+0100][13.863s][info][gc,metaspace   ] GC(189) Metaspace: 19141K(19520K)->19141K(19520K) NonClass: 16901K(17152K)->16901K(17152K) Class: 2240K(2368K)->2240K(2368K)
[2026-05-06T01:33:18.575+0100][13.863s][info][gc             ] GC(189) Pause Young (Allocation Failure) 348M->198M(617M) 0.195ms
[2026-05-06T01:33:18.575+0100][13.863s][info][gc,cpu         ] GC(189) User=0.00s Sys=0.00s Real=0.00s
[2026-05-06T01:33:18.720+0100][14.009s][info][gc,start       ] GC(190) Pause Young (Allocation Failure)
[2026-05-06T01:33:18.721+0100][14.009s][info][gc,heap        ] GC(190) DefNew: 153433K(196288K)->3K(196288K) Eden: 153429K(174528K)->0K(174528K) From: 3K(21760K)->3K(21760K)
[2026-05-06T01:33:18.721+0100][14.009s][info][gc,heap        ] GC(190) Tenured: 203741K(435984K)->203741K(435984K)
[2026-05-06T01:33:18.721+0100][14.009s][info][gc,metaspace   ] GC(190) Metaspace: 19141K(19520K)->19141K(19520K) NonClass: 16901K(17152K)->16901K(17152K) Class: 2240K(2368K)->2240K(2368K)
[2026-05-06T01:33:18.721+0100][14.010s][info][gc             ] GC(190) Pause Young (Allocation Failure) 348M->198M(617M) 0.235ms
[2026-05-06T01:33:18.721+0100][14.010s][info][gc,cpu         ] GC(190) User=0.00s Sys=0.00s Real=0.00s
[2026-05-06T01:33:18.865+0100][14.154s][info][gc,start       ] GC(191) Pause Young (Allocation Failure)
[2026-05-06T01:33:18.866+0100][14.154s][info][gc,heap        ] GC(191) DefNew: 153433K(196288K)->3K(196288K) Eden: 153429K(174528K)->0K(174528K) From: 3K(21760K)->3K(21760K)
[2026-05-06T01:33:18.866+0100][14.154s][info][gc,heap        ] GC(191) Tenured: 203741K(435984K)->203741K(435984K)
[2026-05-06T01:33:18.866+0100][14.154s][info][gc,metaspace   ] GC(191) Metaspace: 19141K(19520K)->19141K(19520K) NonClass: 16901K(17152K)->16901K(17152K) Class: 2240K(2368K)->2240K(2368K)
[2026-05-06T01:33:18.866+0100][14.154s][info][gc             ] GC(191) Pause Young (Allocation Failure) 348M->198M(617M) 0.205ms
[2026-05-06T01:33:18.866+0100][14.154s][info][gc,cpu         ] GC(191) User=0.00s Sys=0.00s Real=0.00s
[2026-05-06T01:33:19.011+0100][14.299s][info][gc,start       ] GC(192) Pause Young (Allocation Failure)
[2026-05-06T01:33:19.011+0100][14.300s][info][gc,heap        ] GC(192) DefNew: 153433K(196288K)->3K(196288K) Eden: 153429K(174528K)->0K(174528K) From: 3K(21760K)->3K(21760K)
[2026-05-06T01:33:19.011+0100][14.300s][info][gc,heap        ] GC(192) Tenured: 203741K(435984K)->203741K(435984K)
[2026-05-06T01:33:19.011+0100][14.300s][info][gc,metaspace   ] GC(192) Metaspace: 19143K(19520K)->19143K(19520K) NonClass: 16902K(17152K)->16902K(17152K) Class: 2240K(2368K)->2240K(2368K)
[2026-05-06T01:33:19.011+0100][14.300s][info][gc             ] GC(192) Pause Young (Allocation Failure) 348M->198M(617M) 0.220ms
[2026-05-06T01:33:19.011+0100][14.300s][info][gc,cpu         ] GC(192) User=0.00s Sys=0.00s Real=0.00s
[2026-05-06T01:33:19.155+0100][14.444s][info][gc,start       ] GC(193) Pause Young (Allocation Failure)
[2026-05-06T01:33:19.155+0100][14.444s][info][gc,heap        ] GC(193) DefNew: 153433K(196288K)->3K(196288K) Eden: 153429K(174528K)->0K(174528K) From: 3K(21760K)->3K(21760K)
[2026-05-06T01:33:19.155+0100][14.444s][info][gc,heap        ] GC(193) Tenured: 203741K(435984K)->203741K(435984K)
[2026-05-06T01:33:19.155+0100][14.444s][info][gc,metaspace   ] GC(193) Metaspace: 19143K(19520K)->19143K(19520K) NonClass: 16902K(17152K)->16902K(17152K) Class: 2240K(2368K)->2240K(2368K)
[2026-05-06T01:33:19.155+0100][14.444s][info][gc             ] GC(193) Pause Young (Allocation Failure) 348M->198M(617M) 0.202ms
[2026-05-06T01:33:19.155+0100][14.444s][info][gc,cpu         ] GC(193) User=0.00s Sys=0.00s Real=0.00s
[2026-05-06T01:33:19.300+0100][14.589s][info][gc,start       ] GC(194) Pause Young (Allocation Failure)
[2026-05-06T01:33:19.300+0100][14.589s][info][gc,heap        ] GC(194) DefNew: 153433K(196288K)->3K(196288K) Eden: 153429K(174528K)->0K(174528K) From: 3K(21760K)->3K(21760K)
[2026-05-06T01:33:19.300+0100][14.589s][info][gc,heap        ] GC(194) Tenured: 203741K(435984K)->203741K(435984K)
[2026-05-06T01:33:19.300+0100][14.589s][info][gc,metaspace   ] GC(194) Metaspace: 19143K(19520K)->19143K(19520K) NonClass: 16902K(17152K)->16902K(17152K) Class: 2240K(2368K)->2240K(2368K)
[2026-05-06T01:33:19.300+0100][14.589s][info][gc             ] GC(194) Pause Young (Allocation Failure) 348M->198M(617M) 0.213ms
[2026-05-06T01:33:19.300+0100][14.589s][info][gc,cpu         ] GC(194) User=0.00s Sys=0.00s Real=0.00s
[2026-05-06T01:33:19.381+0100][14.670s][info][gc,start       ] GC(195) Pause Full (System.gc())
[2026-05-06T01:33:19.381+0100][14.670s][info][gc,phases,start] GC(195) Phase 1: Mark live objects
[2026-05-06T01:33:19.387+0100][14.675s][info][gc,phases      ] GC(195) Phase 1: Mark live objects 5.124ms
[2026-05-06T01:33:19.387+0100][14.675s][info][gc,phases,start] GC(195) Phase 2: Compute new object addresses
[2026-05-06T01:33:19.388+0100][14.677s][info][gc,phases      ] GC(195) Phase 2: Compute new object addresses 1.402ms
[2026-05-06T01:33:19.388+0100][14.677s][info][gc,phases,start] GC(195) Phase 3: Adjust pointers
[2026-05-06T01:33:19.392+0100][14.681s][info][gc,phases      ] GC(195) Phase 3: Adjust pointers 3.755ms
[2026-05-06T01:33:19.392+0100][14.681s][info][gc,phases,start] GC(195) Phase 4: Move objects
[2026-05-06T01:33:19.392+0100][14.681s][info][gc,phases      ] GC(195) Phase 4: Move objects 0.005ms
[2026-05-06T01:33:19.392+0100][14.681s][info][gc,heap        ] GC(195) DefNew: 151687K(196288K)->0K(196288K) Eden: 151683K(174528K)->0K(174528K) From: 3K(21760K)->0K(21760K)
[2026-05-06T01:33:19.392+0100][14.681s][info][gc,heap        ] GC(195) Tenured: 203741K(435984K)->203741K(435984K)
[2026-05-06T01:33:19.392+0100][14.681s][info][gc,metaspace   ] GC(195) Metaspace: 19143K(19520K)->19143K(19520K) NonClass: 16902K(17152K)->16902K(17152K) Class: 2240K(2368K)->2240K(2368K)
[2026-05-06T01:33:19.392+0100][14.681s][info][gc             ] GC(195) Pause Full (System.gc()) 347M->198M(617M) 10.394ms
[2026-05-06T01:33:19.392+0100][14.681s][info][gc,cpu         ] GC(195) User=0.01s Sys=0.00s Real=0.01s
[2026-05-06T01:33:19.598+0100][14.887s][info][gc,start       ] GC(196) Pause Young (Allocation Failure)
[2026-05-06T01:33:19.599+0100][14.887s][info][gc,heap        ] GC(196) DefNew: 154316K(196288K)->3K(196288K) Eden: 154316K(174528K)->0K(174528K) From: 0K(21760K)->3K(21760K)
[2026-05-06T01:33:19.599+0100][14.887s][info][gc,heap        ] GC(196) Tenured: 203741K(435984K)->203741K(435984K)
[2026-05-06T01:33:19.599+0100][14.887s][info][gc,metaspace   ] GC(196) Metaspace: 19143K(19520K)->19143K(19520K) NonClass: 16902K(17152K)->16902K(17152K) Class: 2240K(2368K)->2240K(2368K)
[2026-05-06T01:33:19.599+0100][14.887s][info][gc             ] GC(196) Pause Young (Allocation Failure) 349M->198M(617M) 0.234ms
[2026-05-06T01:33:19.599+0100][14.887s][info][gc,cpu         ] GC(196) User=0.00s Sys=0.00s Real=0.00s
[2026-05-06T01:33:19.744+0100][15.033s][info][gc,start       ] GC(197) Pause Young (Allocation Failure)
[2026-05-06T01:33:19.744+0100][15.033s][info][gc,heap        ] GC(197) DefNew: 153435K(196288K)->3K(196288K) Eden: 153431K(174528K)->0K(174528K) From: 3K(21760K)->3K(21760K)
[2026-05-06T01:33:19.744+0100][15.033s][info][gc,heap        ] GC(197) Tenured: 203741K(435984K)->203741K(435984K)
[2026-05-06T01:33:19.744+0100][15.033s][info][gc,metaspace   ] GC(197) Metaspace: 19143K(19520K)->19143K(19520K) NonClass: 16902K(17152K)->16902K(17152K) Class: 2240K(2368K)->2240K(2368K)
[2026-05-06T01:33:19.744+0100][15.033s][info][gc             ] GC(197) Pause Young (Allocation Failure) 348M->198M(617M) 0.165ms
[2026-05-06T01:33:19.744+0100][15.033s][info][gc,cpu         ] GC(197) User=0.00s Sys=0.00s Real=0.00s
[2026-05-06T01:33:19.889+0100][15.177s][info][gc,start       ] GC(198) Pause Young (Allocation Failure)
[2026-05-06T01:33:19.889+0100][15.178s][info][gc,heap        ] GC(198) DefNew: 153434K(196288K)->3K(196288K) Eden: 153431K(174528K)->0K(174528K) From: 3K(21760K)->3K(21760K)
[2026-05-06T01:33:19.889+0100][15.178s][info][gc,heap        ] GC(198) Tenured: 203741K(435984K)->203741K(435984K)
[2026-05-06T01:33:19.889+0100][15.178s][info][gc,metaspace   ] GC(198) Metaspace: 19143K(19520K)->19143K(19520K) NonClass: 16902K(17152K)->16902K(17152K) Class: 2240K(2368K)->2240K(2368K)
[2026-05-06T01:33:19.889+0100][15.178s][info][gc             ] GC(198) Pause Young (Allocation Failure) 348M->198M(617M) 0.190ms
[2026-05-06T01:33:19.889+0100][15.178s][info][gc,cpu         ] GC(198) User=0.00s Sys=0.00s Real=0.00s
[2026-05-06T01:33:20.033+0100][15.322s][info][gc,start       ] GC(199) Pause Young (Allocation Failure)
[2026-05-06T01:33:20.033+0100][15.322s][info][gc,heap        ] GC(199) DefNew: 153434K(196288K)->3K(196288K) Eden: 153430K(174528K)->0K(174528K) From: 3K(21760K)->3K(21760K)
[2026-05-06T01:33:20.033+0100][15.322s][info][gc,heap        ] GC(199) Tenured: 203741K(435984K)->203741K(435984K)
[2026-05-06T01:33:20.033+0100][15.322s][info][gc,metaspace   ] GC(199) Metaspace: 19143K(19520K)->19143K(19520K) NonClass: 16902K(17152K)->16902K(17152K) Class: 2240K(2368K)->2240K(2368K)
[2026-05-06T01:33:20.033+0100][15.322s][info][gc             ] GC(199) Pause Young (Allocation Failure) 348M->198M(617M) 0.228ms
[2026-05-06T01:33:20.033+0100][15.322s][info][gc,cpu         ] GC(199) User=0.00s Sys=0.00s Real=0.00s
[2026-05-06T01:33:20.177+0100][15.466s][info][gc,start       ] GC(200) Pause Young (Allocation Failure)
[2026-05-06T01:33:20.177+0100][15.466s][info][gc,heap        ] GC(200) DefNew: 153433K(196288K)->3K(196288K) Eden: 153430K(174528K)->0K(174528K) From: 3K(21760K)->3K(21760K)
[2026-05-06T01:33:20.177+0100][15.466s][info][gc,heap        ] GC(200) Tenured: 203741K(435984K)->203741K(435984K)
[2026-05-06T01:33:20.177+0100][15.466s][info][gc,metaspace   ] GC(200) Metaspace: 19143K(19520K)->19143K(19520K) NonClass: 16902K(17152K)->16902K(17152K) Class: 2240K(2368K)->2240K(2368K)
[2026-05-06T01:33:20.177+0100][15.466s][info][gc             ] GC(200) Pause Young (Allocation Failure) 348M->198M(617M) 0.215ms
[2026-05-06T01:33:20.177+0100][15.466s][info][gc,cpu         ] GC(200) User=0.00s Sys=0.00s Real=0.00s
[2026-05-06T01:33:20.321+0100][15.610s][info][gc,start       ] GC(201) Pause Young (Allocation Failure)
[2026-05-06T01:33:20.322+0100][15.610s][info][gc,heap        ] GC(201) DefNew: 153433K(196288K)->3K(196288K) Eden: 153430K(174528K)->0K(174528K) From: 3K(21760K)->3K(21760K)
[2026-05-06T01:33:20.322+0100][15.610s][info][gc,heap        ] GC(201) Tenured: 203741K(435984K)->203741K(435984K)
[2026-05-06T01:33:20.322+0100][15.610s][info][gc,metaspace   ] GC(201) Metaspace: 19143K(19520K)->19143K(19520K) NonClass: 16902K(17152K)->16902K(17152K) Class: 2240K(2368K)->2240K(2368K)
[2026-05-06T01:33:20.322+0100][15.610s][info][gc             ] GC(201) Pause Young (Allocation Failure) 348M->198M(617M) 0.199ms
[2026-05-06T01:33:20.322+0100][15.610s][info][gc,cpu         ] GC(201) User=0.00s Sys=0.00s Real=0.00s
[2026-05-06T01:33:20.466+0100][15.755s][info][gc,start       ] GC(202) Pause Young (Allocation Failure)
[2026-05-06T01:33:20.466+0100][15.755s][info][gc,heap        ] GC(202) DefNew: 153433K(196288K)->3K(196288K) Eden: 153429K(174528K)->0K(174528K) From: 3K(21760K)->3K(21760K)
[2026-05-06T01:33:20.466+0100][15.755s][info][gc,heap        ] GC(202) Tenured: 203741K(435984K)->203741K(435984K)
[2026-05-06T01:33:20.466+0100][15.755s][info][gc,metaspace   ] GC(202) Metaspace: 19143K(19520K)->19143K(19520K) NonClass: 16902K(17152K)->16902K(17152K) Class: 2240K(2368K)->2240K(2368K)
[2026-05-06T01:33:20.466+0100][15.755s][info][gc             ] GC(202) Pause Young (Allocation Failure) 348M->198M(617M) 0.187ms
[2026-05-06T01:33:20.466+0100][15.755s][info][gc,cpu         ] GC(202) User=0.00s Sys=0.00s Real=0.00s
[2026-05-06T01:33:20.610+0100][15.899s][info][gc,start       ] GC(203) Pause Young (Allocation Failure)
[2026-05-06T01:33:20.610+0100][15.899s][info][gc,heap        ] GC(203) DefNew: 153433K(196288K)->3K(196288K) Eden: 153429K(174528K)->0K(174528K) From: 3K(21760K)->3K(21760K)
[2026-05-06T01:33:20.610+0100][15.899s][info][gc,heap        ] GC(203) Tenured: 203741K(435984K)->203741K(435984K)
[2026-05-06T01:33:20.610+0100][15.899s][info][gc,metaspace   ] GC(203) Metaspace: 19143K(19520K)->19143K(19520K) NonClass: 16902K(17152K)->16902K(17152K) Class: 2240K(2368K)->2240K(2368K)
[2026-05-06T01:33:20.610+0100][15.899s][info][gc             ] GC(203) Pause Young (Allocation Failure) 348M->198M(617M) 0.167ms
[2026-05-06T01:33:20.610+0100][15.899s][info][gc,cpu         ] GC(203) User=0.00s Sys=0.00s Real=0.00s
[2026-05-06T01:33:20.754+0100][16.043s][info][gc,start       ] GC(204) Pause Young (Allocation Failure)
[2026-05-06T01:33:20.754+0100][16.043s][info][gc,heap        ] GC(204) DefNew: 153433K(196288K)->3K(196288K) Eden: 153429K(174528K)->0K(174528K) From: 3K(21760K)->3K(21760K)
[2026-05-06T01:33:20.754+0100][16.043s][info][gc,heap        ] GC(204) Tenured: 203741K(435984K)->203741K(435984K)
[2026-05-06T01:33:20.754+0100][16.043s][info][gc,metaspace   ] GC(204) Metaspace: 19143K(19520K)->19143K(19520K) NonClass: 16902K(17152K)->16902K(17152K) Class: 2240K(2368K)->2240K(2368K)
[2026-05-06T01:33:20.754+0100][16.043s][info][gc             ] GC(204) Pause Young (Allocation Failure) 348M->198M(617M) 0.146ms
[2026-05-06T01:33:20.754+0100][16.043s][info][gc,cpu         ] GC(204) User=0.00s Sys=0.00s Real=0.00s
[2026-05-06T01:33:20.868+0100][16.157s][info][gc,start       ] GC(205) Pause Young (Allocation Failure)
[2026-05-06T01:33:20.868+0100][16.157s][info][gc,heap        ] GC(205) DefNew: 151687K(196288K)->2K(196288K) Eden: 151683K(174528K)->0K(174528K) From: 3K(21760K)->2K(21760K)
[2026-05-06T01:33:20.868+0100][16.157s][info][gc,heap        ] GC(205) Tenured: 203741K(435984K)->203741K(435984K)
[2026-05-06T01:33:20.868+0100][16.157s][info][gc,metaspace   ] GC(205) Metaspace: 19143K(19520K)->19143K(19520K) NonClass: 16902K(17152K)->16902K(17152K) Class: 2240K(2368K)->2240K(2368K)
[2026-05-06T01:33:20.868+0100][16.157s][info][gc             ] GC(205) Pause Young (Allocation Failure) 347M->198M(617M) 0.200ms
[2026-05-06T01:33:20.868+0100][16.157s][info][gc,cpu         ] GC(205) User=0.00s Sys=0.00s Real=0.00s
[2026-05-06T01:33:20.943+0100][16.232s][info][gc,start       ] GC(206) Pause Young (Allocation Failure)
[2026-05-06T01:33:20.943+0100][16.232s][info][gc,heap        ] GC(206) DefNew: 150826K(196288K)->2K(196288K) Eden: 150824K(174528K)->0K(174528K) From: 2K(21760K)->2K(21760K)
[2026-05-06T01:33:20.943+0100][16.232s][info][gc,heap        ] GC(206) Tenured: 203741K(435984K)->203741K(435984K)
[2026-05-06T01:33:20.943+0100][16.232s][info][gc,metaspace   ] GC(206) Metaspace: 19143K(19520K)->19143K(19520K) NonClass: 16902K(17152K)->16902K(17152K) Class: 2240K(2368K)->2240K(2368K)
[2026-05-06T01:33:20.943+0100][16.232s][info][gc             ] GC(206) Pause Young (Allocation Failure) 346M->198M(617M) 0.203ms
[2026-05-06T01:33:20.943+0100][16.232s][info][gc,cpu         ] GC(206) User=0.00s Sys=0.00s Real=0.00s
[2026-05-06T01:33:21.025+0100][16.314s][info][gc,start       ] GC(207) Pause Young (Allocation Failure)
[2026-05-06T01:33:21.025+0100][16.314s][info][gc,heap        ] GC(207) DefNew: 150842K(196288K)->2K(196288K) Eden: 150839K(174528K)->0K(174528K) From: 2K(21760K)->2K(21760K)
[2026-05-06T01:33:21.026+0100][16.314s][info][gc,heap        ] GC(207) Tenured: 203741K(435984K)->203741K(435984K)
[2026-05-06T01:33:21.026+0100][16.314s][info][gc,metaspace   ] GC(207) Metaspace: 19143K(19520K)->19143K(19520K) NonClass: 16902K(17152K)->16902K(17152K) Class: 2240K(2368K)->2240K(2368K)
[2026-05-06T01:33:21.026+0100][16.314s][info][gc             ] GC(207) Pause Young (Allocation Failure) 346M->198M(617M) 0.229ms
[2026-05-06T01:33:21.026+0100][16.314s][info][gc,cpu         ] GC(207) User=0.01s Sys=0.00s Real=0.00s
[2026-05-06T01:33:21.071+0100][16.360s][info][gc,start       ] GC(208) Pause Full (System.gc())
[2026-05-06T01:33:21.071+0100][16.360s][info][gc,phases,start] GC(208) Phase 1: Mark live objects
[2026-05-06T01:33:21.077+0100][16.366s][info][gc,phases      ] GC(208) Phase 1: Mark live objects 5.733ms
[2026-05-06T01:33:21.077+0100][16.366s][info][gc,phases,start] GC(208) Phase 2: Compute new object addresses
[2026-05-06T01:33:21.078+0100][16.367s][info][gc,phases      ] GC(208) Phase 2: Compute new object addresses 1.555ms
[2026-05-06T01:33:21.078+0100][16.367s][info][gc,phases,start] GC(208) Phase 3: Adjust pointers
[2026-05-06T01:33:21.083+0100][16.371s][info][gc,phases      ] GC(208) Phase 3: Adjust pointers 4.197ms
[2026-05-06T01:33:21.083+0100][16.371s][info][gc,phases,start] GC(208) Phase 4: Move objects
[2026-05-06T01:33:21.083+0100][16.371s][info][gc,phases      ] GC(208) Phase 4: Move objects 0.009ms
[2026-05-06T01:33:21.083+0100][16.371s][info][gc,heap        ] GC(208) DefNew: 150852K(196288K)->0K(196288K) Eden: 150849K(174528K)->0K(174528K) From: 2K(21760K)->0K(21760K)
[2026-05-06T01:33:21.083+0100][16.371s][info][gc,heap        ] GC(208) Tenured: 203741K(435984K)->203742K(435984K)
[2026-05-06T01:33:21.083+0100][16.371s][info][gc,metaspace   ] GC(208) Metaspace: 19143K(19520K)->19143K(19520K) NonClass: 16902K(17152K)->16902K(17152K) Class: 2240K(2368K)->2240K(2368K)
[2026-05-06T01:33:21.083+0100][16.371s][info][gc             ] GC(208) Pause Full (System.gc()) 346M->198M(617M) 11.713ms
[2026-05-06T01:33:21.083+0100][16.371s][info][gc,cpu         ] GC(208) User=0.01s Sys=0.00s Real=0.01s
[2026-05-06T01:33:21.196+0100][16.485s][info][gc,start       ] GC(209) Pause Young (Allocation Failure)
[2026-05-06T01:33:21.196+0100][16.485s][info][gc,heap        ] GC(209) DefNew: 150856K(196288K)->2K(196288K) Eden: 150856K(174528K)->0K(174528K) From: 0K(21760K)->2K(21760K)
[2026-05-06T01:33:21.196+0100][16.485s][info][gc,heap        ] GC(209) Tenured: 203742K(435984K)->203742K(435984K)
[2026-05-06T01:33:21.196+0100][16.485s][info][gc,metaspace   ] GC(209) Metaspace: 19143K(19520K)->19143K(19520K) NonClass: 16902K(17152K)->16902K(17152K) Class: 2240K(2368K)->2240K(2368K)
[2026-05-06T01:33:21.196+0100][16.485s][info][gc             ] GC(209) Pause Young (Allocation Failure) 346M->198M(617M) 0.203ms
[2026-05-06T01:33:21.196+0100][16.485s][info][gc,cpu         ] GC(209) User=0.00s Sys=0.00s Real=0.00s
[2026-05-06T01:33:21.270+0100][16.559s][info][gc,start       ] GC(210) Pause Young (Allocation Failure)
[2026-05-06T01:33:21.270+0100][16.559s][info][gc,heap        ] GC(210) DefNew: 150862K(196288K)->2K(196288K) Eden: 150860K(174528K)->0K(174528K) From: 2K(21760K)->2K(21760K)
[2026-05-06T01:33:21.270+0100][16.559s][info][gc,heap        ] GC(210) Tenured: 203742K(435984K)->203742K(435984K)
[2026-05-06T01:33:21.270+0100][16.559s][info][gc,metaspace   ] GC(210) Metaspace: 19143K(19520K)->19143K(19520K) NonClass: 16902K(17152K)->16902K(17152K) Class: 2240K(2368K)->2240K(2368K)
[2026-05-06T01:33:21.270+0100][16.559s][info][gc             ] GC(210) Pause Young (Allocation Failure) 346M->198M(617M) 0.240ms
[2026-05-06T01:33:21.270+0100][16.559s][info][gc,cpu         ] GC(210) User=0.00s Sys=0.00s Real=0.00s
[2026-05-06T01:33:21.346+0100][16.635s][info][gc,start       ] GC(211) Pause Young (Allocation Failure)
[2026-05-06T01:33:21.346+0100][16.635s][info][gc,heap        ] GC(211) DefNew: 150865K(196288K)->2K(196288K) Eden: 150863K(174528K)->0K(174528K) From: 2K(21760K)->2K(21760K)
[2026-05-06T01:33:21.346+0100][16.635s][info][gc,heap        ] GC(211) Tenured: 203742K(435984K)->203742K(435984K)
[2026-05-06T01:33:21.346+0100][16.635s][info][gc,metaspace   ] GC(211) Metaspace: 19143K(19520K)->19143K(19520K) NonClass: 16902K(17152K)->16902K(17152K) Class: 2240K(2368K)->2240K(2368K)
[2026-05-06T01:33:21.346+0100][16.635s][info][gc             ] GC(211) Pause Young (Allocation Failure) 346M->198M(617M) 0.197ms
[2026-05-06T01:33:21.346+0100][16.635s][info][gc,cpu         ] GC(211) User=0.00s Sys=0.00s Real=0.00s
[2026-05-06T01:33:21.420+0100][16.709s][info][gc,start       ] GC(212) Pause Young (Allocation Failure)
[2026-05-06T01:33:21.420+0100][16.709s][info][gc,heap        ] GC(212) DefNew: 150866K(196288K)->2K(196288K) Eden: 150864K(174528K)->0K(174528K) From: 2K(21760K)->2K(21760K)
[2026-05-06T01:33:21.420+0100][16.709s][info][gc,heap        ] GC(212) Tenured: 203742K(435984K)->203742K(435984K)
[2026-05-06T01:33:21.420+0100][16.709s][info][gc,metaspace   ] GC(212) Metaspace: 19143K(19520K)->19143K(19520K) NonClass: 16902K(17152K)->16902K(17152K) Class: 2240K(2368K)->2240K(2368K)
[2026-05-06T01:33:21.421+0100][16.709s][info][gc             ] GC(212) Pause Young (Allocation Failure) 346M->198M(617M) 0.205ms
[2026-05-06T01:33:21.421+0100][16.709s][info][gc,cpu         ] GC(212) User=0.00s Sys=0.00s Real=0.00s
[2026-05-06T01:33:21.494+0100][16.783s][info][gc,start       ] GC(213) Pause Young (Allocation Failure)
[2026-05-06T01:33:21.494+0100][16.783s][info][gc,heap        ] GC(213) DefNew: 150868K(196288K)->2K(196288K) Eden: 150865K(174528K)->0K(174528K) From: 2K(21760K)->2K(21760K)
[2026-05-06T01:33:21.494+0100][16.783s][info][gc,heap        ] GC(213) Tenured: 203742K(435984K)->203742K(435984K)
[2026-05-06T01:33:21.494+0100][16.783s][info][gc,metaspace   ] GC(213) Metaspace: 19144K(19520K)->19144K(19520K) NonClass: 16904K(17152K)->16904K(17152K) Class: 2240K(2368K)->2240K(2368K)
[2026-05-06T01:33:21.494+0100][16.783s][info][gc             ] GC(213) Pause Young (Allocation Failure) 346M->198M(617M) 0.172ms
[2026-05-06T01:33:21.494+0100][16.783s][info][gc,cpu         ] GC(213) User=0.00s Sys=0.00s Real=0.00s
[2026-05-06T01:33:21.568+0100][16.857s][info][gc,start       ] GC(214) Pause Young (Allocation Failure)
[2026-05-06T01:33:21.568+0100][16.857s][info][gc,heap        ] GC(214) DefNew: 150868K(196288K)->1K(196288K) Eden: 150866K(174528K)->0K(174528K) From: 2K(21760K)->1K(21760K)
[2026-05-06T01:33:21.568+0100][16.857s][info][gc,heap        ] GC(214) Tenured: 203742K(435984K)->203742K(435984K)
[2026-05-06T01:33:21.568+0100][16.857s][info][gc,metaspace   ] GC(214) Metaspace: 19144K(19520K)->19144K(19520K) NonClass: 16904K(17152K)->16904K(17152K) Class: 2240K(2368K)->2240K(2368K)
[2026-05-06T01:33:21.568+0100][16.857s][info][gc             ] GC(214) Pause Young (Allocation Failure) 346M->198M(617M) 0.156ms
[2026-05-06T01:33:21.568+0100][16.857s][info][gc,cpu         ] GC(214) User=0.00s Sys=0.00s Real=0.00s
[2026-05-06T01:33:21.643+0100][16.932s][info][gc,start       ] GC(215) Pause Young (Allocation Failure)
[2026-05-06T01:33:21.643+0100][16.932s][info][gc,heap        ] GC(215) DefNew: 150868K(196288K)->1K(196288K) Eden: 150867K(174528K)->0K(174528K) From: 1K(21760K)->1K(21760K)
[2026-05-06T01:33:21.643+0100][16.932s][info][gc,heap        ] GC(215) Tenured: 203742K(435984K)->203742K(435984K)
[2026-05-06T01:33:21.643+0100][16.932s][info][gc,metaspace   ] GC(215) Metaspace: 19144K(19520K)->19144K(19520K) NonClass: 16904K(17152K)->16904K(17152K) Class: 2240K(2368K)->2240K(2368K)
[2026-05-06T01:33:21.643+0100][16.932s][info][gc             ] GC(215) Pause Young (Allocation Failure) 346M->198M(617M) 0.206ms
[2026-05-06T01:33:21.643+0100][16.932s][info][gc,cpu         ] GC(215) User=0.01s Sys=0.00s Real=0.00s
[2026-05-06T01:33:21.719+0100][17.008s][info][gc,start       ] GC(216) Pause Young (Allocation Failure)
[2026-05-06T01:33:21.719+0100][17.008s][info][gc,heap        ] GC(216) DefNew: 150868K(196288K)->1K(196288K) Eden: 150867K(174528K)->0K(174528K) From: 1K(21760K)->1K(21760K)
[2026-05-06T01:33:21.719+0100][17.008s][info][gc,heap        ] GC(216) Tenured: 203742K(435984K)->203742K(435984K)
[2026-05-06T01:33:21.719+0100][17.008s][info][gc,metaspace   ] GC(216) Metaspace: 19144K(19520K)->19144K(19520K) NonClass: 16904K(17152K)->16904K(17152K) Class: 2240K(2368K)->2240K(2368K)
[2026-05-06T01:33:21.719+0100][17.008s][info][gc             ] GC(216) Pause Young (Allocation Failure) 346M->198M(617M) 0.208ms
[2026-05-06T01:33:21.719+0100][17.008s][info][gc,cpu         ] GC(216) User=0.00s Sys=0.00s Real=0.00s
[2026-05-06T01:33:21.794+0100][17.083s][info][gc,start       ] GC(217) Pause Young (Allocation Failure)
[2026-05-06T01:33:21.794+0100][17.083s][info][gc,heap        ] GC(217) DefNew: 150868K(196288K)->1K(196288K) Eden: 150867K(174528K)->0K(174528K) From: 1K(21760K)->1K(21760K)
[2026-05-06T01:33:21.794+0100][17.083s][info][gc,heap        ] GC(217) Tenured: 203742K(435984K)->203742K(435984K)
[2026-05-06T01:33:21.794+0100][17.083s][info][gc,metaspace   ] GC(217) Metaspace: 19144K(19520K)->19144K(19520K) NonClass: 16904K(17152K)->16904K(17152K) Class: 2240K(2368K)->2240K(2368K)
[2026-05-06T01:33:21.794+0100][17.083s][info][gc             ] GC(217) Pause Young (Allocation Failure) 346M->198M(617M) 0.197ms
[2026-05-06T01:33:21.794+0100][17.083s][info][gc,cpu         ] GC(217) User=0.00s Sys=0.00s Real=0.00s
[2026-05-06T01:33:21.870+0100][17.158s][info][gc,start       ] GC(218) Pause Young (Allocation Failure)
[2026-05-06T01:33:21.870+0100][17.159s][info][gc,heap        ] GC(218) DefNew: 157851K(196288K)->4K(196288K) Eden: 157850K(174528K)->0K(174528K) From: 1K(21760K)->4K(21760K)
[2026-05-06T01:33:21.870+0100][17.159s][info][gc,heap        ] GC(218) Tenured: 203742K(435984K)->203742K(435984K)
[2026-05-06T01:33:21.870+0100][17.159s][info][gc,metaspace   ] GC(218) Metaspace: 19144K(19520K)->19144K(19520K) NonClass: 16904K(17152K)->16904K(17152K) Class: 2240K(2368K)->2240K(2368K)
[2026-05-06T01:33:21.870+0100][17.159s][info][gc             ] GC(218) Pause Young (Allocation Failure) 353M->198M(617M) 0.232ms
[2026-05-06T01:33:21.870+0100][17.159s][info][gc,cpu         ] GC(218) User=0.00s Sys=0.00s Real=0.00s
[2026-05-06T01:33:21.944+0100][17.233s][info][gc,start       ] GC(219) Pause Young (Allocation Failure)
[2026-05-06T01:33:21.945+0100][17.233s][info][gc,heap        ] GC(219) DefNew: 157802K(196288K)->4K(196288K) Eden: 157798K(174528K)->0K(174528K) From: 4K(21760K)->4K(21760K)
[2026-05-06T01:33:21.945+0100][17.233s][info][gc,heap        ] GC(219) Tenured: 203742K(435984K)->203742K(435984K)
[2026-05-06T01:33:21.945+0100][17.233s][info][gc,metaspace   ] GC(219) Metaspace: 19144K(19520K)->19144K(19520K) NonClass: 16904K(17152K)->16904K(17152K) Class: 2240K(2368K)->2240K(2368K)
[2026-05-06T01:33:21.945+0100][17.233s][info][gc             ] GC(219) Pause Young (Allocation Failure) 353M->198M(617M) 0.180ms
[2026-05-06T01:33:21.945+0100][17.233s][info][gc,cpu         ] GC(219) User=0.00s Sys=0.00s Real=0.00s
[2026-05-06T01:33:22.019+0100][17.308s][info][gc,start       ] GC(220) Pause Young (Allocation Failure)
[2026-05-06T01:33:22.019+0100][17.308s][info][gc,heap        ] GC(220) DefNew: 156023K(196288K)->4K(196288K) Eden: 156018K(174528K)->0K(174528K) From: 4K(21760K)->4K(21760K)
[2026-05-06T01:33:22.019+0100][17.308s][info][gc,heap        ] GC(220) Tenured: 203742K(435984K)->203742K(435984K)
[2026-05-06T01:33:22.019+0100][17.308s][info][gc,metaspace   ] GC(220) Metaspace: 19144K(19520K)->19144K(19520K) NonClass: 16904K(17152K)->16904K(17152K) Class: 2240K(2368K)->2240K(2368K)
[2026-05-06T01:33:22.019+0100][17.308s][info][gc             ] GC(220) Pause Young (Allocation Failure) 351M->198M(617M) 0.179ms
[2026-05-06T01:33:22.019+0100][17.308s][info][gc,cpu         ] GC(220) User=0.00s Sys=0.00s Real=0.00s
[2026-05-06T01:33:22.061+0100][17.350s][info][gc,start       ] GC(221) Pause Full (System.gc())
[2026-05-06T01:33:22.061+0100][17.350s][info][gc,phases,start] GC(221) Phase 1: Mark live objects
[2026-05-06T01:33:22.067+0100][17.355s][info][gc,phases      ] GC(221) Phase 1: Mark live objects 5.616ms
[2026-05-06T01:33:22.067+0100][17.355s][info][gc,phases,start] GC(221) Phase 2: Compute new object addresses
[2026-05-06T01:33:22.068+0100][17.357s][info][gc,phases      ] GC(221) Phase 2: Compute new object addresses 1.381ms
[2026-05-06T01:33:22.068+0100][17.357s][info][gc,phases,start] GC(221) Phase 3: Adjust pointers
[2026-05-06T01:33:22.072+0100][17.361s][info][gc,phases      ] GC(221) Phase 3: Adjust pointers 3.830ms
[2026-05-06T01:33:22.072+0100][17.361s][info][gc,phases,start] GC(221) Phase 4: Move objects
[2026-05-06T01:33:22.072+0100][17.361s][info][gc,phases      ] GC(221) Phase 4: Move objects 0.013ms
[2026-05-06T01:33:22.072+0100][17.361s][info][gc,heap        ] GC(221) DefNew: 152521K(196288K)->0K(196288K) Eden: 152517K(174528K)->0K(174528K) From: 4K(21760K)->0K(21760K)
[2026-05-06T01:33:22.072+0100][17.361s][info][gc,heap        ] GC(221) Tenured: 203742K(435984K)->203744K(435984K)
[2026-05-06T01:33:22.072+0100][17.361s][info][gc,metaspace   ] GC(221) Metaspace: 19144K(19520K)->19144K(19520K) NonClass: 16904K(17152K)->16904K(17152K) Class: 2240K(2368K)->2240K(2368K)
[2026-05-06T01:33:22.072+0100][17.361s][info][gc             ] GC(221) Pause Full (System.gc()) 347M->198M(617M) 10.942ms
[2026-05-06T01:33:22.072+0100][17.361s][info][gc,cpu         ] GC(221) User=0.01s Sys=0.00s Real=0.01s
[2026-05-06T01:33:22.179+0100][17.468s][info][gc,start       ] GC(222) Pause Young (Allocation Failure)
[2026-05-06T01:33:22.179+0100][17.468s][info][gc,heap        ] GC(222) DefNew: 156585K(196288K)->4K(196288K) Eden: 156585K(174528K)->0K(174528K) From: 0K(21760K)->4K(21760K)
[2026-05-06T01:33:22.179+0100][17.468s][info][gc,heap        ] GC(222) Tenured: 203744K(435984K)->203744K(435984K)
[2026-05-06T01:33:22.179+0100][17.468s][info][gc,metaspace   ] GC(222) Metaspace: 19144K(19520K)->19144K(19520K) NonClass: 16904K(17152K)->16904K(17152K) Class: 2240K(2368K)->2240K(2368K)
[2026-05-06T01:33:22.179+0100][17.468s][info][gc             ] GC(222) Pause Young (Allocation Failure) 351M->198M(617M) 0.228ms
[2026-05-06T01:33:22.179+0100][17.468s][info][gc,cpu         ] GC(222) User=0.00s Sys=0.00s Real=0.00s
[2026-05-06T01:33:22.253+0100][17.542s][info][gc,start       ] GC(223) Pause Young (Allocation Failure)
[2026-05-06T01:33:22.253+0100][17.542s][info][gc,heap        ] GC(223) DefNew: 154272K(196288K)->4K(196288K) Eden: 154267K(174528K)->0K(174528K) From: 4K(21760K)->4K(21760K)
[2026-05-06T01:33:22.253+0100][17.542s][info][gc,heap        ] GC(223) Tenured: 203744K(435984K)->203744K(435984K)
[2026-05-06T01:33:22.253+0100][17.542s][info][gc,metaspace   ] GC(223) Metaspace: 19144K(19520K)->19144K(19520K) NonClass: 16904K(17152K)->16904K(17152K) Class: 2240K(2368K)->2240K(2368K)
[2026-05-06T01:33:22.253+0100][17.542s][info][gc             ] GC(223) Pause Young (Allocation Failure) 349M->198M(617M) 0.172ms
[2026-05-06T01:33:22.253+0100][17.542s][info][gc,cpu         ] GC(223) User=0.00s Sys=0.00s Real=0.00s
[2026-05-06T01:33:22.328+0100][17.617s][info][gc,start       ] GC(224) Pause Young (Allocation Failure)
[2026-05-06T01:33:22.328+0100][17.617s][info][gc,heap        ] GC(224) DefNew: 154278K(196288K)->4K(196288K) Eden: 154274K(174528K)->0K(174528K) From: 4K(21760K)->4K(21760K)
[2026-05-06T01:33:22.328+0100][17.617s][info][gc,heap        ] GC(224) Tenured: 203744K(435984K)->203744K(435984K)
[2026-05-06T01:33:22.328+0100][17.617s][info][gc,metaspace   ] GC(224) Metaspace: 19144K(19520K)->19144K(19520K) NonClass: 16904K(17152K)->16904K(17152K) Class: 2240K(2368K)->2240K(2368K)
[2026-05-06T01:33:22.328+0100][17.617s][info][gc             ] GC(224) Pause Young (Allocation Failure) 349M->198M(617M) 0.171ms
[2026-05-06T01:33:22.328+0100][17.617s][info][gc,cpu         ] GC(224) User=0.00s Sys=0.00s Real=0.00s
[2026-05-06T01:33:22.403+0100][17.691s][info][gc,start       ] GC(225) Pause Young (Allocation Failure)
[2026-05-06T01:33:22.403+0100][17.692s][info][gc,heap        ] GC(225) DefNew: 154282K(196288K)->4K(196288K) Eden: 154277K(174528K)->0K(174528K) From: 4K(21760K)->4K(21760K)
[2026-05-06T01:33:22.403+0100][17.692s][info][gc,heap        ] GC(225) Tenured: 203744K(435984K)->203744K(435984K)
[2026-05-06T01:33:22.403+0100][17.692s][info][gc,metaspace   ] GC(225) Metaspace: 19144K(19520K)->19144K(19520K) NonClass: 16904K(17152K)->16904K(17152K) Class: 2240K(2368K)->2240K(2368K)
[2026-05-06T01:33:22.403+0100][17.692s][info][gc             ] GC(225) Pause Young (Allocation Failure) 349M->198M(617M) 0.189ms
[2026-05-06T01:33:22.403+0100][17.692s][info][gc,cpu         ] GC(225) User=0.00s Sys=0.00s Real=0.00s
[2026-05-06T01:33:22.479+0100][17.768s][info][gc,start       ] GC(226) Pause Young (Allocation Failure)
[2026-05-06T01:33:22.479+0100][17.768s][info][gc,heap        ] GC(226) DefNew: 154284K(196288K)->4K(196288K) Eden: 154280K(174528K)->0K(174528K) From: 4K(21760K)->4K(21760K)
[2026-05-06T01:33:22.479+0100][17.768s][info][gc,heap        ] GC(226) Tenured: 203744K(435984K)->203744K(435984K)
[2026-05-06T01:33:22.479+0100][17.768s][info][gc,metaspace   ] GC(226) Metaspace: 19144K(19520K)->19144K(19520K) NonClass: 16904K(17152K)->16904K(17152K) Class: 2240K(2368K)->2240K(2368K)
[2026-05-06T01:33:22.479+0100][17.768s][info][gc             ] GC(226) Pause Young (Allocation Failure) 349M->198M(617M) 0.217ms
[2026-05-06T01:33:22.479+0100][17.768s][info][gc,cpu         ] GC(226) User=0.00s Sys=0.00s Real=0.00s
[2026-05-06T01:33:22.560+0100][17.849s][info][gc,start       ] GC(227) Pause Young (Allocation Failure)
[2026-05-06T01:33:22.560+0100][17.849s][info][gc,heap        ] GC(227) DefNew: 154286K(196288K)->3K(196288K) Eden: 154282K(174528K)->0K(174528K) From: 4K(21760K)->3K(21760K)
[2026-05-06T01:33:22.561+0100][17.849s][info][gc,heap        ] GC(227) Tenured: 203744K(435984K)->203744K(435984K)
[2026-05-06T01:33:22.561+0100][17.849s][info][gc,metaspace   ] GC(227) Metaspace: 19144K(19520K)->19144K(19520K) NonClass: 16904K(17152K)->16904K(17152K) Class: 2240K(2368K)->2240K(2368K)
[2026-05-06T01:33:22.561+0100][17.849s][info][gc             ] GC(227) Pause Young (Allocation Failure) 349M->198M(617M) 0.237ms
[2026-05-06T01:33:22.561+0100][17.849s][info][gc,cpu         ] GC(227) User=0.00s Sys=0.00s Real=0.00s
[2026-05-06T01:33:22.638+0100][17.926s][info][gc,start       ] GC(228) Pause Young (Allocation Failure)
[2026-05-06T01:33:22.638+0100][17.926s][info][gc,heap        ] GC(228) DefNew: 154286K(196288K)->3K(196288K) Eden: 154283K(174528K)->0K(174528K) From: 3K(21760K)->3K(21760K)
[2026-05-06T01:33:22.638+0100][17.926s][info][gc,heap        ] GC(228) Tenured: 203744K(435984K)->203744K(435984K)
[2026-05-06T01:33:22.638+0100][17.926s][info][gc,metaspace   ] GC(228) Metaspace: 19144K(19520K)->19144K(19520K) NonClass: 16904K(17152K)->16904K(17152K) Class: 2240K(2368K)->2240K(2368K)
[2026-05-06T01:33:22.638+0100][17.926s][info][gc             ] GC(228) Pause Young (Allocation Failure) 349M->198M(617M) 0.222ms
[2026-05-06T01:33:22.638+0100][17.926s][info][gc,cpu         ] GC(228) User=0.00s Sys=0.00s Real=0.00s
[2026-05-06T01:33:22.713+0100][18.001s][info][gc,start       ] GC(229) Pause Young (Allocation Failure)
[2026-05-06T01:33:22.713+0100][18.002s][info][gc,heap        ] GC(229) DefNew: 154286K(196288K)->3K(196288K) Eden: 154283K(174528K)->0K(174528K) From: 3K(21760K)->3K(21760K)
[2026-05-06T01:33:22.713+0100][18.002s][info][gc,heap        ] GC(229) Tenured: 203744K(435984K)->203744K(435984K)
[2026-05-06T01:33:22.713+0100][18.002s][info][gc,metaspace   ] GC(229) Metaspace: 19144K(19520K)->19144K(19520K) NonClass: 16904K(17152K)->16904K(17152K) Class: 2240K(2368K)->2240K(2368K)
[2026-05-06T01:33:22.713+0100][18.002s][info][gc             ] GC(229) Pause Young (Allocation Failure) 349M->198M(617M) 0.241ms
[2026-05-06T01:33:22.713+0100][18.002s][info][gc,cpu         ] GC(229) User=0.00s Sys=0.00s Real=0.00s
[2026-05-06T01:33:22.787+0100][18.076s][info][gc,start       ] GC(230) Pause Young (Allocation Failure)
[2026-05-06T01:33:22.787+0100][18.076s][info][gc,heap        ] GC(230) DefNew: 154287K(196288K)->3K(196288K) Eden: 154284K(174528K)->0K(174528K) From: 3K(21760K)->3K(21760K)
[2026-05-06T01:33:22.787+0100][18.076s][info][gc,heap        ] GC(230) Tenured: 203744K(435984K)->203744K(435984K)
[2026-05-06T01:33:22.787+0100][18.076s][info][gc,metaspace   ] GC(230) Metaspace: 19144K(19520K)->19144K(19520K) NonClass: 16904K(17152K)->16904K(17152K) Class: 2240K(2368K)->2240K(2368K)
[2026-05-06T01:33:22.787+0100][18.076s][info][gc             ] GC(230) Pause Young (Allocation Failure) 349M->198M(617M) 0.183ms
[2026-05-06T01:33:22.787+0100][18.076s][info][gc,cpu         ] GC(230) User=0.00s Sys=0.00s Real=0.00s
[2026-05-06T01:33:22.862+0100][18.151s][info][gc,start       ] GC(231) Pause Young (Allocation Failure)
[2026-05-06T01:33:22.863+0100][18.151s][info][gc,heap        ] GC(231) DefNew: 154287K(196288K)->4K(196288K) Eden: 154284K(174528K)->0K(174528K) From: 3K(21760K)->4K(21760K)
[2026-05-06T01:33:22.863+0100][18.151s][info][gc,heap        ] GC(231) Tenured: 203744K(435984K)->203744K(435984K)
[2026-05-06T01:33:22.863+0100][18.151s][info][gc,metaspace   ] GC(231) Metaspace: 19144K(19520K)->19144K(19520K) NonClass: 16904K(17152K)->16904K(17152K) Class: 2240K(2368K)->2240K(2368K)
[2026-05-06T01:33:22.863+0100][18.151s][info][gc             ] GC(231) Pause Young (Allocation Failure) 349M->198M(617M) 0.208ms
[2026-05-06T01:33:22.863+0100][18.151s][info][gc,cpu         ] GC(231) User=0.00s Sys=0.00s Real=0.00s
[2026-05-06T01:33:22.948+0100][18.237s][info][gc,start       ] GC(232) Pause Young (Allocation Failure)
[2026-05-06T01:33:22.948+0100][18.237s][info][gc,heap        ] GC(232) DefNew: 154288K(196288K)->4K(196288K) Eden: 154284K(174528K)->0K(174528K) From: 4K(21760K)->4K(21760K)
[2026-05-06T01:33:22.948+0100][18.237s][info][gc,heap        ] GC(232) Tenured: 203744K(435984K)->203744K(435984K)
[2026-05-06T01:33:22.948+0100][18.237s][info][gc,metaspace   ] GC(232) Metaspace: 19144K(19520K)->19144K(19520K) NonClass: 16904K(17152K)->16904K(17152K) Class: 2240K(2368K)->2240K(2368K)
[2026-05-06T01:33:22.948+0100][18.237s][info][gc             ] GC(232) Pause Young (Allocation Failure) 349M->198M(617M) 0.307ms
[2026-05-06T01:33:22.948+0100][18.237s][info][gc,cpu         ] GC(232) User=0.00s Sys=0.00s Real=0.00s
[2026-05-06T01:33:23.028+0100][18.316s][info][gc,start       ] GC(233) Pause Young (Allocation Failure)
[2026-05-06T01:33:23.028+0100][18.317s][info][gc,heap        ] GC(233) DefNew: 154288K(196288K)->4K(196288K) Eden: 154284K(174528K)->0K(174528K) From: 4K(21760K)->4K(21760K)
[2026-05-06T01:33:23.028+0100][18.317s][info][gc,heap        ] GC(233) Tenured: 203744K(435984K)->203744K(435984K)
[2026-05-06T01:33:23.028+0100][18.317s][info][gc,metaspace   ] GC(233) Metaspace: 19144K(19520K)->19144K(19520K) NonClass: 16904K(17152K)->16904K(17152K) Class: 2240K(2368K)->2240K(2368K)
[2026-05-06T01:33:23.028+0100][18.317s][info][gc             ] GC(233) Pause Young (Allocation Failure) 349M->198M(617M) 0.315ms
[2026-05-06T01:33:23.028+0100][18.317s][info][gc,cpu         ] GC(233) User=0.00s Sys=0.00s Real=0.00s
[2026-05-06T01:33:23.154+0100][18.442s][info][gc,start       ] GC(234) Pause Full (System.gc())
[2026-05-06T01:33:23.154+0100][18.442s][info][gc,phases,start] GC(234) Phase 1: Mark live objects
[2026-05-06T01:33:23.170+0100][18.459s][info][gc,phases      ] GC(234) Phase 1: Mark live objects 16.469ms
[2026-05-06T01:33:23.170+0100][18.459s][info][gc,phases,start] GC(234) Phase 2: Compute new object addresses
[2026-05-06T01:33:23.173+0100][18.461s][info][gc,phases      ] GC(234) Phase 2: Compute new object addresses 2.385ms
[2026-05-06T01:33:23.173+0100][18.461s][info][gc,phases,start] GC(234) Phase 3: Adjust pointers
[2026-05-06T01:33:23.179+0100][18.468s][info][gc,phases      ] GC(234) Phase 3: Adjust pointers 6.914ms
[2026-05-06T01:33:23.180+0100][18.468s][info][gc,phases,start] GC(234) Phase 4: Move objects
[2026-05-06T01:33:23.180+0100][18.468s][info][gc,phases      ] GC(234) Phase 4: Move objects 0.009ms
[2026-05-06T01:33:23.180+0100][18.468s][info][gc,heap        ] GC(234) DefNew: 151959K(196288K)->0K(196288K) Eden: 151955K(174528K)->0K(174528K) From: 4K(21760K)->0K(21760K)
[2026-05-06T01:33:23.180+0100][18.468s][info][gc,heap        ] GC(234) Tenured: 203744K(435984K)->203747K(435984K)
[2026-05-06T01:33:23.180+0100][18.468s][info][gc,metaspace   ] GC(234) Metaspace: 19144K(19520K)->19144K(19520K) NonClass: 16904K(17152K)->16904K(17152K) Class: 2240K(2368K)->2240K(2368K)
[2026-05-06T01:33:23.180+0100][18.468s][info][gc             ] GC(234) Pause Full (System.gc()) 347M->198M(617M) 26.148ms
[2026-05-06T01:33:23.180+0100][18.468s][info][gc,cpu         ] GC(234) User=0.02s Sys=0.00s Real=0.03s
[2026-05-06T01:33:23.303+0100][18.592s][info][gc,start       ] GC(235) Pause Young (Allocation Failure)
[2026-05-06T01:33:23.303+0100][18.592s][info][gc,heap        ] GC(235) DefNew: 155468K(196288K)->4K(196288K) Eden: 155468K(174528K)->0K(174528K) From: 0K(21760K)->4K(21760K)
[2026-05-06T01:33:23.303+0100][18.592s][info][gc,heap        ] GC(235) Tenured: 203747K(435984K)->203747K(435984K)
[2026-05-06T01:33:23.303+0100][18.592s][info][gc,metaspace   ] GC(235) Metaspace: 19144K(19520K)->19144K(19520K) NonClass: 16904K(17152K)->16904K(17152K) Class: 2240K(2368K)->2240K(2368K)
[2026-05-06T01:33:23.303+0100][18.592s][info][gc             ] GC(235) Pause Young (Allocation Failure) 350M->198M(617M) 0.257ms
[2026-05-06T01:33:23.303+0100][18.592s][info][gc,cpu         ] GC(235) User=0.00s Sys=0.00s Real=0.00s
[2026-05-06T01:33:23.387+0100][18.676s][info][gc,start       ] GC(236) Pause Young (Allocation Failure)
[2026-05-06T01:33:23.387+0100][18.676s][info][gc,heap        ] GC(236) DefNew: 154291K(196288K)->4K(196288K) Eden: 154287K(174528K)->0K(174528K) From: 4K(21760K)->4K(21760K)
[2026-05-06T01:33:23.388+0100][18.676s][info][gc,heap        ] GC(236) Tenured: 203747K(435984K)->203747K(435984K)
[2026-05-06T01:33:23.388+0100][18.676s][info][gc,metaspace   ] GC(236) Metaspace: 19144K(19520K)->19144K(19520K) NonClass: 16904K(17152K)->16904K(17152K) Class: 2240K(2368K)->2240K(2368K)
[2026-05-06T01:33:23.388+0100][18.676s][info][gc             ] GC(236) Pause Young (Allocation Failure) 349M->198M(617M) 0.276ms
[2026-05-06T01:33:23.388+0100][18.676s][info][gc,cpu         ] GC(236) User=0.00s Sys=0.00s Real=0.00s
[2026-05-06T01:33:23.470+0100][18.759s][info][gc,start       ] GC(237) Pause Young (Allocation Failure)
[2026-05-06T01:33:23.470+0100][18.759s][info][gc,heap        ] GC(237) DefNew: 154290K(196288K)->4K(196288K) Eden: 154286K(174528K)->0K(174528K) From: 4K(21760K)->4K(21760K)
[2026-05-06T01:33:23.470+0100][18.759s][info][gc,heap        ] GC(237) Tenured: 203747K(435984K)->203747K(435984K)
[2026-05-06T01:33:23.470+0100][18.759s][info][gc,metaspace   ] GC(237) Metaspace: 19144K(19520K)->19144K(19520K) NonClass: 16904K(17152K)->16904K(17152K) Class: 2240K(2368K)->2240K(2368K)
[2026-05-06T01:33:23.470+0100][18.759s][info][gc             ] GC(237) Pause Young (Allocation Failure) 349M->198M(617M) 0.284ms
[2026-05-06T01:33:23.470+0100][18.759s][info][gc,cpu         ] GC(237) User=0.00s Sys=0.00s Real=0.00s
[2026-05-06T01:33:23.550+0100][18.839s][info][gc,start       ] GC(238) Pause Young (Allocation Failure)
[2026-05-06T01:33:23.551+0100][18.839s][info][gc,heap        ] GC(238) DefNew: 154290K(196288K)->4K(196288K) Eden: 154286K(174528K)->0K(174528K) From: 4K(21760K)->4K(21760K)
[2026-05-06T01:33:23.551+0100][18.839s][info][gc,heap        ] GC(238) Tenured: 203747K(435984K)->203747K(435984K)
[2026-05-06T01:33:23.551+0100][18.839s][info][gc,metaspace   ] GC(238) Metaspace: 19144K(19520K)->19144K(19520K) NonClass: 16904K(17152K)->16904K(17152K) Class: 2240K(2368K)->2240K(2368K)
[2026-05-06T01:33:23.551+0100][18.839s][info][gc             ] GC(238) Pause Young (Allocation Failure) 349M->198M(617M) 0.242ms
[2026-05-06T01:33:23.551+0100][18.839s][info][gc,cpu         ] GC(238) User=0.00s Sys=0.00s Real=0.00s
[2026-05-06T01:33:23.627+0100][18.916s][info][gc,start       ] GC(239) Pause Young (Allocation Failure)
[2026-05-06T01:33:23.627+0100][18.916s][info][gc,heap        ] GC(239) DefNew: 154289K(196288K)->4K(196288K) Eden: 154285K(174528K)->0K(174528K) From: 4K(21760K)->4K(21760K)
[2026-05-06T01:33:23.627+0100][18.916s][info][gc,heap        ] GC(239) Tenured: 203747K(435984K)->203747K(435984K)
[2026-05-06T01:33:23.627+0100][18.916s][info][gc,metaspace   ] GC(239) Metaspace: 19149K(19520K)->19149K(19520K) NonClass: 16909K(17152K)->16909K(17152K) Class: 2240K(2368K)->2240K(2368K)
[2026-05-06T01:33:23.627+0100][18.916s][info][gc             ] GC(239) Pause Young (Allocation Failure) 349M->198M(617M) 0.243ms
[2026-05-06T01:33:23.628+0100][18.916s][info][gc,cpu         ] GC(239) User=0.00s Sys=0.00s Real=0.00s
[2026-05-06T01:33:23.705+0100][18.994s][info][gc,start       ] GC(240) Pause Young (Allocation Failure)
[2026-05-06T01:33:23.705+0100][18.994s][info][gc,heap        ] GC(240) DefNew: 154289K(196288K)->3K(196288K) Eden: 154285K(174528K)->0K(174528K) From: 4K(21760K)->3K(21760K)
[2026-05-06T01:33:23.705+0100][18.994s][info][gc,heap        ] GC(240) Tenured: 203747K(435984K)->203747K(435984K)
[2026-05-06T01:33:23.705+0100][18.994s][info][gc,metaspace   ] GC(240) Metaspace: 19150K(19520K)->19150K(19520K) NonClass: 16910K(17152K)->16910K(17152K) Class: 2240K(2368K)->2240K(2368K)
[2026-05-06T01:33:23.705+0100][18.994s][info][gc             ] GC(240) Pause Young (Allocation Failure) 349M->198M(617M) 0.264ms
[2026-05-06T01:33:23.705+0100][18.994s][info][gc,cpu         ] GC(240) User=0.00s Sys=0.00s Real=0.00s
[2026-05-06T01:33:23.781+0100][19.070s][info][gc,start       ] GC(241) Pause Young (Allocation Failure)
[2026-05-06T01:33:23.781+0100][19.070s][info][gc,heap        ] GC(241) DefNew: 154288K(196288K)->3K(196288K) Eden: 154285K(174528K)->0K(174528K) From: 3K(21760K)->3K(21760K)
[2026-05-06T01:33:23.781+0100][19.070s][info][gc,heap        ] GC(241) Tenured: 203747K(435984K)->203747K(435984K)
[2026-05-06T01:33:23.781+0100][19.070s][info][gc,metaspace   ] GC(241) Metaspace: 19150K(19520K)->19150K(19520K) NonClass: 16910K(17152K)->16910K(17152K) Class: 2240K(2368K)->2240K(2368K)
[2026-05-06T01:33:23.781+0100][19.070s][info][gc             ] GC(241) Pause Young (Allocation Failure) 349M->198M(617M) 0.296ms
[2026-05-06T01:33:23.781+0100][19.070s][info][gc,cpu         ] GC(241) User=0.00s Sys=0.00s Real=0.00s
[2026-05-06T01:33:23.862+0100][19.151s][info][gc,start       ] GC(242) Pause Young (Allocation Failure)
[2026-05-06T01:33:23.862+0100][19.151s][info][gc,heap        ] GC(242) DefNew: 154288K(196288K)->3K(196288K) Eden: 154285K(174528K)->0K(174528K) From: 3K(21760K)->3K(21760K)
[2026-05-06T01:33:23.862+0100][19.151s][info][gc,heap        ] GC(242) Tenured: 203747K(435984K)->203747K(435984K)
[2026-05-06T01:33:23.862+0100][19.151s][info][gc,metaspace   ] GC(242) Metaspace: 19150K(19520K)->19150K(19520K) NonClass: 16910K(17152K)->16910K(17152K) Class: 2240K(2368K)->2240K(2368K)
[2026-05-06T01:33:23.862+0100][19.151s][info][gc             ] GC(242) Pause Young (Allocation Failure) 349M->198M(617M) 0.236ms
[2026-05-06T01:33:23.862+0100][19.151s][info][gc,cpu         ] GC(242) User=0.00s Sys=0.00s Real=0.00s
[2026-05-06T01:33:23.939+0100][19.228s][info][gc,start       ] GC(243) Pause Young (Allocation Failure)
[2026-05-06T01:33:23.939+0100][19.228s][info][gc,heap        ] GC(243) DefNew: 154288K(196288K)->3K(196288K) Eden: 154284K(174528K)->0K(174528K) From: 3K(21760K)->3K(21760K)
[2026-05-06T01:33:23.939+0100][19.228s][info][gc,heap        ] GC(243) Tenured: 203747K(435984K)->203747K(435984K)
[2026-05-06T01:33:23.939+0100][19.228s][info][gc,metaspace   ] GC(243) Metaspace: 19150K(19520K)->19150K(19520K) NonClass: 16910K(17152K)->16910K(17152K) Class: 2240K(2368K)->2240K(2368K)
[2026-05-06T01:33:23.940+0100][19.228s][info][gc             ] GC(243) Pause Young (Allocation Failure) 349M->198M(617M) 0.217ms
[2026-05-06T01:33:23.940+0100][19.228s][info][gc,cpu         ] GC(243) User=0.00s Sys=0.00s Real=0.01s
[2026-05-06T01:33:24.005+0100][19.294s][info][gc,start       ] GC(244) Pause Young (Allocation Failure)
[2026-05-06T01:33:24.005+0100][19.294s][info][gc,heap        ] GC(244) DefNew: 151958K(196288K)->1K(196288K) Eden: 151955K(174528K)->0K(174528K) From: 3K(21760K)->1K(21760K)
[2026-05-06T01:33:24.005+0100][19.294s][info][gc,heap        ] GC(244) Tenured: 203747K(435984K)->203747K(435984K)
[2026-05-06T01:33:24.005+0100][19.294s][info][gc,metaspace   ] GC(244) Metaspace: 19160K(19520K)->19160K(19520K) NonClass: 16920K(17152K)->16920K(17152K) Class: 2240K(2368K)->2240K(2368K)
[2026-05-06T01:33:24.005+0100][19.294s][info][gc             ] GC(244) Pause Young (Allocation Failure) 347M->198M(617M) 0.256ms
[2026-05-06T01:33:24.005+0100][19.294s][info][gc,cpu         ] GC(244) User=0.00s Sys=0.00s Real=0.00s
[2026-05-06T01:33:24.049+0100][19.338s][info][gc,start       ] GC(245) Pause Young (Allocation Failure)
[2026-05-06T01:33:24.049+0100][19.338s][info][gc,heap        ] GC(245) DefNew: 150811K(196288K)->1K(196288K) Eden: 150810K(174528K)->0K(174528K) From: 1K(21760K)->1K(21760K)
[2026-05-06T01:33:24.049+0100][19.338s][info][gc,heap        ] GC(245) Tenured: 203747K(435984K)->203747K(435984K)
[2026-05-06T01:33:24.049+0100][19.338s][info][gc,metaspace   ] GC(245) Metaspace: 19160K(19520K)->19160K(19520K) NonClass: 16920K(17152K)->16920K(17152K) Class: 2240K(2368K)->2240K(2368K)
[2026-05-06T01:33:24.049+0100][19.338s][info][gc             ] GC(245) Pause Young (Allocation Failure) 346M->198M(617M) 0.223ms
[2026-05-06T01:33:24.049+0100][19.338s][info][gc,cpu         ] GC(245) User=0.00s Sys=0.00s Real=0.00s
[2026-05-06T01:33:24.091+0100][19.380s][info][gc,start       ] GC(246) Pause Young (Allocation Failure)
[2026-05-06T01:33:24.092+0100][19.380s][info][gc,heap        ] GC(246) DefNew: 150832K(196288K)->1K(196288K) Eden: 150830K(174528K)->0K(174528K) From: 1K(21760K)->1K(21760K)
[2026-05-06T01:33:24.092+0100][19.380s][info][gc,heap        ] GC(246) Tenured: 203747K(435984K)->203747K(435984K)
[2026-05-06T01:33:24.092+0100][19.380s][info][gc,metaspace   ] GC(246) Metaspace: 19160K(19520K)->19160K(19520K) NonClass: 16920K(17152K)->16920K(17152K) Class: 2240K(2368K)->2240K(2368K)
[2026-05-06T01:33:24.092+0100][19.380s][info][gc             ] GC(246) Pause Young (Allocation Failure) 346M->198M(617M) 0.223ms
[2026-05-06T01:33:24.092+0100][19.380s][info][gc,cpu         ] GC(246) User=0.00s Sys=0.00s Real=0.00s
[2026-05-06T01:33:24.115+0100][19.404s][info][gc,start       ] GC(247) Pause Full (System.gc())
[2026-05-06T01:33:24.115+0100][19.404s][info][gc,phases,start] GC(247) Phase 1: Mark live objects
[2026-05-06T01:33:24.121+0100][19.410s][info][gc,phases      ] GC(247) Phase 1: Mark live objects 5.562ms
[2026-05-06T01:33:24.121+0100][19.410s][info][gc,phases,start] GC(247) Phase 2: Compute new object addresses
[2026-05-06T01:33:24.122+0100][19.411s][info][gc,phases      ] GC(247) Phase 2: Compute new object addresses 1.512ms
[2026-05-06T01:33:24.122+0100][19.411s][info][gc,phases,start] GC(247) Phase 3: Adjust pointers
[2026-05-06T01:33:24.127+0100][19.416s][info][gc,phases      ] GC(247) Phase 3: Adjust pointers 4.384ms
[2026-05-06T01:33:24.127+0100][19.416s][info][gc,phases,start] GC(247) Phase 4: Move objects
[2026-05-06T01:33:24.127+0100][19.416s][info][gc,phases      ] GC(247) Phase 4: Move objects 0.007ms
[2026-05-06T01:33:24.127+0100][19.416s][info][gc,heap        ] GC(247) DefNew: 150845K(196288K)->0K(196288K) Eden: 150844K(174528K)->0K(174528K) From: 1K(21760K)->0K(21760K)
[2026-05-06T01:33:24.127+0100][19.416s][info][gc,heap        ] GC(247) Tenured: 203747K(435984K)->203740K(435984K)
[2026-05-06T01:33:24.127+0100][19.416s][info][gc,metaspace   ] GC(247) Metaspace: 19160K(19520K)->19160K(19520K) NonClass: 16920K(17152K)->16920K(17152K) Class: 2240K(2368K)->2240K(2368K)
[2026-05-06T01:33:24.127+0100][19.416s][info][gc             ] GC(247) Pause Full (System.gc()) 346M->198M(617M) 11.666ms
[2026-05-06T01:33:24.127+0100][19.416s][info][gc,cpu         ] GC(247) User=0.01s Sys=0.00s Real=0.01s
[2026-05-06T01:33:24.192+0100][19.480s][info][gc,start       ] GC(248) Pause Young (Allocation Failure)
[2026-05-06T01:33:24.192+0100][19.481s][info][gc,heap        ] GC(248) DefNew: 150852K(196288K)->1K(196288K) Eden: 150852K(174528K)->0K(174528K) From: 0K(21760K)->1K(21760K)
[2026-05-06T01:33:24.192+0100][19.481s][info][gc,heap        ] GC(248) Tenured: 203740K(435984K)->203740K(435984K)
[2026-05-06T01:33:24.192+0100][19.481s][info][gc,metaspace   ] GC(248) Metaspace: 19160K(19520K)->19160K(19520K) NonClass: 16920K(17152K)->16920K(17152K) Class: 2240K(2368K)->2240K(2368K)
[2026-05-06T01:33:24.192+0100][19.481s][info][gc             ] GC(248) Pause Young (Allocation Failure) 346M->198M(617M) 0.222ms
[2026-05-06T01:33:24.192+0100][19.481s][info][gc,cpu         ] GC(248) User=0.00s Sys=0.00s Real=0.00s
[2026-05-06T01:33:24.233+0100][19.522s][info][gc,start       ] GC(249) Pause Young (Allocation Failure)
[2026-05-06T01:33:24.234+0100][19.522s][info][gc,heap        ] GC(249) DefNew: 150859K(196288K)->1K(196288K) Eden: 150858K(174528K)->0K(174528K) From: 1K(21760K)->1K(21760K)
[2026-05-06T01:33:24.234+0100][19.522s][info][gc,heap        ] GC(249) Tenured: 203740K(435984K)->203740K(435984K)
[2026-05-06T01:33:24.234+0100][19.522s][info][gc,metaspace   ] GC(249) Metaspace: 19160K(19520K)->19160K(19520K) NonClass: 16920K(17152K)->16920K(17152K) Class: 2240K(2368K)->2240K(2368K)
[2026-05-06T01:33:24.234+0100][19.522s][info][gc             ] GC(249) Pause Young (Allocation Failure) 346M->198M(617M) 0.224ms
[2026-05-06T01:33:24.234+0100][19.522s][info][gc,cpu         ] GC(249) User=0.00s Sys=0.00s Real=0.00s
[2026-05-06T01:33:24.276+0100][19.565s][info][gc,start       ] GC(250) Pause Young (Allocation Failure)
[2026-05-06T01:33:24.276+0100][19.565s][info][gc,heap        ] GC(250) DefNew: 150862K(196288K)->1K(196288K) Eden: 150861K(174528K)->0K(174528K) From: 1K(21760K)->1K(21760K)
[2026-05-06T01:33:24.276+0100][19.565s][info][gc,heap        ] GC(250) Tenured: 203740K(435984K)->203740K(435984K)
[2026-05-06T01:33:24.276+0100][19.565s][info][gc,metaspace   ] GC(250) Metaspace: 19160K(19520K)->19160K(19520K) NonClass: 16920K(17152K)->16920K(17152K) Class: 2240K(2368K)->2240K(2368K)
[2026-05-06T01:33:24.276+0100][19.565s][info][gc             ] GC(250) Pause Young (Allocation Failure) 346M->198M(617M) 0.222ms
[2026-05-06T01:33:24.276+0100][19.565s][info][gc,cpu         ] GC(250) User=0.00s Sys=0.00s Real=0.00s
[2026-05-06T01:33:24.316+0100][19.604s][info][gc,start       ] GC(251) Pause Young (Allocation Failure)
[2026-05-06T01:33:24.316+0100][19.604s][info][gc,heap        ] GC(251) DefNew: 150865K(196288K)->1K(196288K) Eden: 150863K(174528K)->0K(174528K) From: 1K(21760K)->1K(21760K)
[2026-05-06T01:33:24.316+0100][19.604s][info][gc,heap        ] GC(251) Tenured: 203740K(435984K)->203740K(435984K)
[2026-05-06T01:33:24.316+0100][19.604s][info][gc,metaspace   ] GC(251) Metaspace: 19160K(19520K)->19160K(19520K) NonClass: 16920K(17152K)->16920K(17152K) Class: 2240K(2368K)->2240K(2368K)
[2026-05-06T01:33:24.316+0100][19.604s][info][gc             ] GC(251) Pause Young (Allocation Failure) 346M->198M(617M) 0.185ms
[2026-05-06T01:33:24.316+0100][19.604s][info][gc,cpu         ] GC(251) User=0.00s Sys=0.00s Real=0.00s
[2026-05-06T01:33:24.354+0100][19.643s][info][gc,start       ] GC(252) Pause Young (Allocation Failure)
[2026-05-06T01:33:24.354+0100][19.643s][info][gc,heap        ] GC(252) DefNew: 150866K(196288K)->1K(196288K) Eden: 150865K(174528K)->0K(174528K) From: 1K(21760K)->1K(21760K)
[2026-05-06T01:33:24.354+0100][19.643s][info][gc,heap        ] GC(252) Tenured: 203740K(435984K)->203740K(435984K)
[2026-05-06T01:33:24.354+0100][19.643s][info][gc,metaspace   ] GC(252) Metaspace: 19160K(19520K)->19160K(19520K) NonClass: 16920K(17152K)->16920K(17152K) Class: 2240K(2368K)->2240K(2368K)
[2026-05-06T01:33:24.354+0100][19.643s][info][gc             ] GC(252) Pause Young (Allocation Failure) 346M->198M(617M) 0.197ms
[2026-05-06T01:33:24.354+0100][19.643s][info][gc,cpu         ] GC(252) User=0.00s Sys=0.00s Real=0.00s
[2026-05-06T01:33:24.393+0100][19.682s][info][gc,start       ] GC(253) Pause Young (Allocation Failure)
[2026-05-06T01:33:24.393+0100][19.682s][info][gc,heap        ] GC(253) DefNew: 150867K(196288K)->1K(196288K) Eden: 150866K(174528K)->0K(174528K) From: 1K(21760K)->1K(21760K)
[2026-05-06T01:33:24.393+0100][19.682s][info][gc,heap        ] GC(253) Tenured: 203740K(435984K)->203740K(435984K)
[2026-05-06T01:33:24.393+0100][19.682s][info][gc,metaspace   ] GC(253) Metaspace: 19160K(19520K)->19160K(19520K) NonClass: 16920K(17152K)->16920K(17152K) Class: 2240K(2368K)->2240K(2368K)
[2026-05-06T01:33:24.393+0100][19.682s][info][gc             ] GC(253) Pause Young (Allocation Failure) 346M->198M(617M) 0.198ms
[2026-05-06T01:33:24.393+0100][19.682s][info][gc,cpu         ] GC(253) User=0.00s Sys=0.00s Real=0.00s
[2026-05-06T01:33:24.432+0100][19.721s][info][gc,start       ] GC(254) Pause Young (Allocation Failure)
[2026-05-06T01:33:24.433+0100][19.721s][info][gc,heap        ] GC(254) DefNew: 150868K(196288K)->1K(196288K) Eden: 150866K(174528K)->0K(174528K) From: 1K(21760K)->1K(21760K)
[2026-05-06T01:33:24.433+0100][19.721s][info][gc,heap        ] GC(254) Tenured: 203740K(435984K)->203740K(435984K)
[2026-05-06T01:33:24.433+0100][19.721s][info][gc,metaspace   ] GC(254) Metaspace: 19160K(19520K)->19160K(19520K) NonClass: 16920K(17152K)->16920K(17152K) Class: 2240K(2368K)->2240K(2368K)
[2026-05-06T01:33:24.433+0100][19.721s][info][gc             ] GC(254) Pause Young (Allocation Failure) 346M->198M(617M) 0.201ms
[2026-05-06T01:33:24.433+0100][19.721s][info][gc,cpu         ] GC(254) User=0.00s Sys=0.00s Real=0.00s
[2026-05-06T01:33:24.471+0100][19.760s][info][gc,start       ] GC(255) Pause Young (Allocation Failure)
[2026-05-06T01:33:24.472+0100][19.760s][info][gc,heap        ] GC(255) DefNew: 150868K(196288K)->1K(196288K) Eden: 150867K(174528K)->0K(174528K) From: 1K(21760K)->1K(21760K)
[2026-05-06T01:33:24.472+0100][19.760s][info][gc,heap        ] GC(255) Tenured: 203740K(435984K)->203740K(435984K)
[2026-05-06T01:33:24.472+0100][19.760s][info][gc,metaspace   ] GC(255) Metaspace: 19160K(19520K)->19160K(19520K) NonClass: 16920K(17152K)->16920K(17152K) Class: 2240K(2368K)->2240K(2368K)
[2026-05-06T01:33:24.472+0100][19.760s][info][gc             ] GC(255) Pause Young (Allocation Failure) 346M->198M(617M) 0.198ms
[2026-05-06T01:33:24.472+0100][19.760s][info][gc,cpu         ] GC(255) User=0.00s Sys=0.00s Real=0.00s
[2026-05-06T01:33:24.510+0100][19.799s][info][gc,start       ] GC(256) Pause Young (Allocation Failure)
[2026-05-06T01:33:24.510+0100][19.799s][info][gc,heap        ] GC(256) DefNew: 150868K(196288K)->1K(196288K) Eden: 150867K(174528K)->0K(174528K) From: 1K(21760K)->1K(21760K)
[2026-05-06T01:33:24.510+0100][19.799s][info][gc,heap        ] GC(256) Tenured: 203740K(435984K)->203740K(435984K)
[2026-05-06T01:33:24.510+0100][19.799s][info][gc,metaspace   ] GC(256) Metaspace: 19160K(19520K)->19160K(19520K) NonClass: 16920K(17152K)->16920K(17152K) Class: 2240K(2368K)->2240K(2368K)
[2026-05-06T01:33:24.510+0100][19.799s][info][gc             ] GC(256) Pause Young (Allocation Failure) 346M->198M(617M) 0.149ms
[2026-05-06T01:33:24.510+0100][19.799s][info][gc,cpu         ] GC(256) User=0.00s Sys=0.00s Real=0.00s
[2026-05-06T01:33:24.549+0100][19.838s][info][gc,start       ] GC(257) Pause Young (Allocation Failure)
[2026-05-06T01:33:24.549+0100][19.838s][info][gc,heap        ] GC(257) DefNew: 164835K(196288K)->4K(196288K) Eden: 164833K(174528K)->0K(174528K) From: 1K(21760K)->4K(21760K)
[2026-05-06T01:33:24.549+0100][19.838s][info][gc,heap        ] GC(257) Tenured: 203740K(435984K)->203740K(435984K)
[2026-05-06T01:33:24.549+0100][19.838s][info][gc,metaspace   ] GC(257) Metaspace: 19160K(19520K)->19160K(19520K) NonClass: 16920K(17152K)->16920K(17152K) Class: 2240K(2368K)->2240K(2368K)
[2026-05-06T01:33:24.549+0100][19.838s][info][gc             ] GC(257) Pause Young (Allocation Failure) 359M->198M(617M) 0.222ms
[2026-05-06T01:33:24.549+0100][19.838s][info][gc,cpu         ] GC(257) User=0.00s Sys=0.00s Real=0.00s
[2026-05-06T01:33:24.589+0100][19.877s][info][gc,start       ] GC(258) Pause Young (Allocation Failure)
[2026-05-06T01:33:24.589+0100][19.878s][info][gc,heap        ] GC(258) DefNew: 164737K(196288K)->4K(196288K) Eden: 164732K(174528K)->0K(174528K) From: 4K(21760K)->4K(21760K)
[2026-05-06T01:33:24.589+0100][19.878s][info][gc,heap        ] GC(258) Tenured: 203740K(435984K)->203740K(435984K)
[2026-05-06T01:33:24.589+0100][19.878s][info][gc,metaspace   ] GC(258) Metaspace: 19160K(19520K)->19160K(19520K) NonClass: 16920K(17152K)->16920K(17152K) Class: 2240K(2368K)->2240K(2368K)
[2026-05-06T01:33:24.589+0100][19.878s][info][gc             ] GC(258) Pause Young (Allocation Failure) 359M->198M(617M) 0.232ms
[2026-05-06T01:33:24.589+0100][19.878s][info][gc,cpu         ] GC(258) User=0.00s Sys=0.00s Real=0.00s
[2026-05-06T01:33:24.629+0100][19.917s][info][gc,start       ] GC(259) Pause Young (Allocation Failure)
[2026-05-06T01:33:24.629+0100][19.918s][info][gc,heap        ] GC(259) DefNew: 158855K(196288K)->4K(196288K) Eden: 158850K(174528K)->0K(174528K) From: 4K(21760K)->4K(21760K)
[2026-05-06T01:33:24.629+0100][19.918s][info][gc,heap        ] GC(259) Tenured: 203740K(435984K)->203740K(435984K)
[2026-05-06T01:33:24.629+0100][19.918s][info][gc,metaspace   ] GC(259) Metaspace: 19160K(19520K)->19160K(19520K) NonClass: 16920K(17152K)->16920K(17152K) Class: 2240K(2368K)->2240K(2368K)
[2026-05-06T01:33:24.629+0100][19.918s][info][gc             ] GC(259) Pause Young (Allocation Failure) 354M->198M(617M) 0.223ms
[2026-05-06T01:33:24.629+0100][19.918s][info][gc,cpu         ] GC(259) User=0.00s Sys=0.00s Real=0.00s
[2026-05-06T01:33:24.651+0100][19.940s][info][gc,start       ] GC(260) Pause Full (System.gc())
[2026-05-06T01:33:24.651+0100][19.940s][info][gc,phases,start] GC(260) Phase 1: Mark live objects
[2026-05-06T01:33:24.657+0100][19.946s][info][gc,phases      ] GC(260) Phase 1: Mark live objects 5.388ms
[2026-05-06T01:33:24.657+0100][19.946s][info][gc,phases,start] GC(260) Phase 2: Compute new object addresses
[2026-05-06T01:33:24.658+0100][19.947s][info][gc,phases      ] GC(260) Phase 2: Compute new object addresses 1.421ms
[2026-05-06T01:33:24.658+0100][19.947s][info][gc,phases,start] GC(260) Phase 3: Adjust pointers
[2026-05-06T01:33:24.662+0100][19.951s][info][gc,phases      ] GC(260) Phase 3: Adjust pointers 4.004ms
[2026-05-06T01:33:24.662+0100][19.951s][info][gc,phases,start] GC(260) Phase 4: Move objects
[2026-05-06T01:33:24.662+0100][19.951s][info][gc,phases      ] GC(260) Phase 4: Move objects 0.006ms
[2026-05-06T01:33:24.662+0100][19.951s][info][gc,heap        ] GC(260) DefNew: 153031K(196288K)->0K(196288K) Eden: 153027K(174528K)->0K(174528K) From: 4K(21760K)->0K(21760K)
[2026-05-06T01:33:24.662+0100][19.951s][info][gc,heap        ] GC(260) Tenured: 203740K(435984K)->203744K(435984K)
[2026-05-06T01:33:24.662+0100][19.951s][info][gc,metaspace   ] GC(260) Metaspace: 19160K(19520K)->19160K(19520K) NonClass: 16920K(17152K)->16920K(17152K) Class: 2240K(2368K)->2240K(2368K)
[2026-05-06T01:33:24.662+0100][19.951s][info][gc             ] GC(260) Pause Full (System.gc()) 348M->198M(617M) 10.960ms
[2026-05-06T01:33:24.662+0100][19.951s][info][gc,cpu         ] GC(260) User=0.01s Sys=0.00s Real=0.01s
[2026-05-06T01:33:24.718+0100][20.007s][info][gc,start       ] GC(261) Pause Young (Allocation Failure)
[2026-05-06T01:33:24.719+0100][20.007s][info][gc,heap        ] GC(261) DefNew: 159243K(196288K)->4K(196288K) Eden: 159243K(174528K)->0K(174528K) From: 0K(21760K)->4K(21760K)
[2026-05-06T01:33:24.719+0100][20.007s][info][gc,heap        ] GC(261) Tenured: 203744K(435984K)->203744K(435984K)
[2026-05-06T01:33:24.719+0100][20.007s][info][gc,metaspace   ] GC(261) Metaspace: 19160K(19520K)->19160K(19520K) NonClass: 16920K(17152K)->16920K(17152K) Class: 2240K(2368K)->2240K(2368K)
[2026-05-06T01:33:24.719+0100][20.007s][info][gc             ] GC(261) Pause Young (Allocation Failure) 354M->198M(617M) 0.222ms
[2026-05-06T01:33:24.719+0100][20.007s][info][gc,cpu         ] GC(261) User=0.00s Sys=0.00s Real=0.00s
[2026-05-06T01:33:24.757+0100][20.046s][info][gc,start       ] GC(262) Pause Young (Allocation Failure)
[2026-05-06T01:33:24.758+0100][20.046s][info][gc,heap        ] GC(262) DefNew: 155269K(196288K)->4K(196288K) Eden: 155264K(174528K)->0K(174528K) From: 4K(21760K)->4K(21760K)
[2026-05-06T01:33:24.758+0100][20.046s][info][gc,heap        ] GC(262) Tenured: 203744K(435984K)->203744K(435984K)
[2026-05-06T01:33:24.758+0100][20.046s][info][gc,metaspace   ] GC(262) Metaspace: 19160K(19520K)->19160K(19520K) NonClass: 16920K(17152K)->16920K(17152K) Class: 2240K(2368K)->2240K(2368K)
[2026-05-06T01:33:24.758+0100][20.046s][info][gc             ] GC(262) Pause Young (Allocation Failure) 350M->198M(617M) 0.217ms
[2026-05-06T01:33:24.758+0100][20.046s][info][gc,cpu         ] GC(262) User=0.00s Sys=0.00s Real=0.00s
[2026-05-06T01:33:24.796+0100][20.085s][info][gc,start       ] GC(263) Pause Young (Allocation Failure)
[2026-05-06T01:33:24.796+0100][20.085s][info][gc,heap        ] GC(263) DefNew: 154937K(196288K)->4K(196288K) Eden: 154932K(174528K)->0K(174528K) From: 4K(21760K)->4K(21760K)
[2026-05-06T01:33:24.796+0100][20.085s][info][gc,heap        ] GC(263) Tenured: 203744K(435984K)->203744K(435984K)
[2026-05-06T01:33:24.796+0100][20.085s][info][gc,metaspace   ] GC(263) Metaspace: 19160K(19520K)->19160K(19520K) NonClass: 16920K(17152K)->16920K(17152K) Class: 2240K(2368K)->2240K(2368K)
[2026-05-06T01:33:24.796+0100][20.085s][info][gc             ] GC(263) Pause Young (Allocation Failure) 350M->198M(617M) 0.163ms
[2026-05-06T01:33:24.796+0100][20.085s][info][gc,cpu         ] GC(263) User=0.00s Sys=0.00s Real=0.00s
[2026-05-06T01:33:24.835+0100][20.124s][info][gc,start       ] GC(264) Pause Young (Allocation Failure)
[2026-05-06T01:33:24.835+0100][20.124s][info][gc,heap        ] GC(264) DefNew: 154950K(196288K)->4K(196288K) Eden: 154946K(174528K)->0K(174528K) From: 4K(21760K)->4K(21760K)
[2026-05-06T01:33:24.835+0100][20.124s][info][gc,heap        ] GC(264) Tenured: 203744K(435984K)->203744K(435984K)
[2026-05-06T01:33:24.835+0100][20.124s][info][gc,metaspace   ] GC(264) Metaspace: 19160K(19520K)->19160K(19520K) NonClass: 16920K(17152K)->16920K(17152K) Class: 2240K(2368K)->2240K(2368K)
[2026-05-06T01:33:24.835+0100][20.124s][info][gc             ] GC(264) Pause Young (Allocation Failure) 350M->198M(617M) 0.199ms
[2026-05-06T01:33:24.835+0100][20.124s][info][gc,cpu         ] GC(264) User=0.00s Sys=0.00s Real=0.00s
[2026-05-06T01:33:24.875+0100][20.164s][info][gc,start       ] GC(265) Pause Young (Allocation Failure)
[2026-05-06T01:33:24.875+0100][20.164s][info][gc,heap        ] GC(265) DefNew: 154959K(196288K)->4K(196288K) Eden: 154954K(174528K)->0K(174528K) From: 4K(21760K)->4K(21760K)
[2026-05-06T01:33:24.875+0100][20.164s][info][gc,heap        ] GC(265) Tenured: 203744K(435984K)->203744K(435984K)
[2026-05-06T01:33:24.875+0100][20.164s][info][gc,metaspace   ] GC(265) Metaspace: 19160K(19520K)->19160K(19520K) NonClass: 16920K(17152K)->16920K(17152K) Class: 2240K(2368K)->2240K(2368K)
[2026-05-06T01:33:24.875+0100][20.164s][info][gc             ] GC(265) Pause Young (Allocation Failure) 350M->198M(617M) 0.230ms
[2026-05-06T01:33:24.875+0100][20.164s][info][gc,cpu         ] GC(265) User=0.00s Sys=0.00s Real=0.00s
[2026-05-06T01:33:24.915+0100][20.203s][info][gc,start       ] GC(266) Pause Young (Allocation Failure)
[2026-05-06T01:33:24.915+0100][20.203s][info][gc,heap        ] GC(266) DefNew: 154964K(196288K)->4K(196288K) Eden: 154960K(174528K)->0K(174528K) From: 4K(21760K)->4K(21760K)
[2026-05-06T01:33:24.915+0100][20.203s][info][gc,heap        ] GC(266) Tenured: 203744K(435984K)->203744K(435984K)
[2026-05-06T01:33:24.915+0100][20.203s][info][gc,metaspace   ] GC(266) Metaspace: 19160K(19520K)->19160K(19520K) NonClass: 16920K(17152K)->16920K(17152K) Class: 2240K(2368K)->2240K(2368K)
[2026-05-06T01:33:24.915+0100][20.203s][info][gc             ] GC(266) Pause Young (Allocation Failure) 350M->198M(617M) 0.220ms
[2026-05-06T01:33:24.915+0100][20.203s][info][gc,cpu         ] GC(266) User=0.00s Sys=0.00s Real=0.00s
[2026-05-06T01:33:24.954+0100][20.243s][info][gc,start       ] GC(267) Pause Young (Allocation Failure)
[2026-05-06T01:33:24.954+0100][20.243s][info][gc,heap        ] GC(267) DefNew: 154968K(196288K)->4K(196288K) Eden: 154964K(174528K)->0K(174528K) From: 4K(21760K)->4K(21760K)
[2026-05-06T01:33:24.954+0100][20.243s][info][gc,heap        ] GC(267) Tenured: 203744K(435984K)->203744K(435984K)
[2026-05-06T01:33:24.954+0100][20.243s][info][gc,metaspace   ] GC(267) Metaspace: 19160K(19520K)->19160K(19520K) NonClass: 16920K(17152K)->16920K(17152K) Class: 2240K(2368K)->2240K(2368K)
[2026-05-06T01:33:24.954+0100][20.243s][info][gc             ] GC(267) Pause Young (Allocation Failure) 350M->198M(617M) 0.215ms
[2026-05-06T01:33:24.954+0100][20.243s][info][gc,cpu         ] GC(267) User=0.00s Sys=0.00s Real=0.00s
[2026-05-06T01:33:24.994+0100][20.283s][info][gc,start       ] GC(268) Pause Young (Allocation Failure)
[2026-05-06T01:33:24.994+0100][20.283s][info][gc,heap        ] GC(268) DefNew: 154970K(196288K)->4K(196288K) Eden: 154966K(174528K)->0K(174528K) From: 4K(21760K)->4K(21760K)
[2026-05-06T01:33:24.994+0100][20.283s][info][gc,heap        ] GC(268) Tenured: 203744K(435984K)->203744K(435984K)
[2026-05-06T01:33:24.994+0100][20.283s][info][gc,metaspace   ] GC(268) Metaspace: 19160K(19520K)->19160K(19520K) NonClass: 16920K(17152K)->16920K(17152K) Class: 2240K(2368K)->2240K(2368K)
[2026-05-06T01:33:24.994+0100][20.283s][info][gc             ] GC(268) Pause Young (Allocation Failure) 350M->198M(617M) 0.248ms
[2026-05-06T01:33:24.994+0100][20.283s][info][gc,cpu         ] GC(268) User=0.00s Sys=0.00s Real=0.00s
[2026-05-06T01:33:25.036+0100][20.324s][info][gc,start       ] GC(269) Pause Young (Allocation Failure)
[2026-05-06T01:33:25.036+0100][20.325s][info][gc,heap        ] GC(269) DefNew: 154972K(196288K)->4K(196288K) Eden: 154967K(174528K)->0K(174528K) From: 4K(21760K)->4K(21760K)
[2026-05-06T01:33:25.036+0100][20.325s][info][gc,heap        ] GC(269) Tenured: 203744K(435984K)->203744K(435984K)
[2026-05-06T01:33:25.036+0100][20.325s][info][gc,metaspace   ] GC(269) Metaspace: 19160K(19520K)->19160K(19520K) NonClass: 16920K(17152K)->16920K(17152K) Class: 2240K(2368K)->2240K(2368K)
[2026-05-06T01:33:25.036+0100][20.325s][info][gc             ] GC(269) Pause Young (Allocation Failure) 350M->198M(617M) 0.229ms
[2026-05-06T01:33:25.036+0100][20.325s][info][gc,cpu         ] GC(269) User=0.00s Sys=0.00s Real=0.00s
[2026-05-06T01:33:25.075+0100][20.364s][info][gc,start       ] GC(270) Pause Young (Allocation Failure)
[2026-05-06T01:33:25.075+0100][20.364s][info][gc,heap        ] GC(270) DefNew: 154972K(196288K)->4K(196288K) Eden: 154968K(174528K)->0K(174528K) From: 4K(21760K)->4K(21760K)
[2026-05-06T01:33:25.075+0100][20.364s][info][gc,heap        ] GC(270) Tenured: 203744K(435984K)->203744K(435984K)
[2026-05-06T01:33:25.075+0100][20.364s][info][gc,metaspace   ] GC(270) Metaspace: 19160K(19520K)->19160K(19520K) NonClass: 16920K(17152K)->16920K(17152K) Class: 2240K(2368K)->2240K(2368K)
[2026-05-06T01:33:25.075+0100][20.364s][info][gc             ] GC(270) Pause Young (Allocation Failure) 350M->198M(617M) 0.211ms
[2026-05-06T01:33:25.075+0100][20.364s][info][gc,cpu         ] GC(270) User=0.00s Sys=0.00s Real=0.00s
[2026-05-06T01:33:25.114+0100][20.403s][info][gc,start       ] GC(271) Pause Young (Allocation Failure)
[2026-05-06T01:33:25.114+0100][20.403s][info][gc,heap        ] GC(271) DefNew: 154973K(196288K)->4K(196288K) Eden: 154969K(174528K)->0K(174528K) From: 4K(21760K)->4K(21760K)
[2026-05-06T01:33:25.114+0100][20.403s][info][gc,heap        ] GC(271) Tenured: 203744K(435984K)->203744K(435984K)
[2026-05-06T01:33:25.114+0100][20.403s][info][gc,metaspace   ] GC(271) Metaspace: 19160K(19520K)->19160K(19520K) NonClass: 16920K(17152K)->16920K(17152K) Class: 2240K(2368K)->2240K(2368K)
[2026-05-06T01:33:25.114+0100][20.403s][info][gc             ] GC(271) Pause Young (Allocation Failure) 350M->198M(617M) 0.195ms
[2026-05-06T01:33:25.114+0100][20.403s][info][gc,cpu         ] GC(271) User=0.00s Sys=0.00s Real=0.00s
[2026-05-06T01:33:25.154+0100][20.442s][info][gc,start       ] GC(272) Pause Young (Allocation Failure)
[2026-05-06T01:33:25.154+0100][20.443s][info][gc,heap        ] GC(272) DefNew: 154974K(196288K)->4K(196288K) Eden: 154969K(174528K)->0K(174528K) From: 4K(21760K)->4K(21760K)
[2026-05-06T01:33:25.154+0100][20.443s][info][gc,heap        ] GC(272) Tenured: 203744K(435984K)->203744K(435984K)
[2026-05-06T01:33:25.154+0100][20.443s][info][gc,metaspace   ] GC(272) Metaspace: 19160K(19520K)->19160K(19520K) NonClass: 16920K(17152K)->16920K(17152K) Class: 2240K(2368K)->2240K(2368K)
[2026-05-06T01:33:25.154+0100][20.443s][info][gc             ] GC(272) Pause Young (Allocation Failure) 350M->198M(617M) 0.231ms
[2026-05-06T01:33:25.154+0100][20.443s][info][gc,cpu         ] GC(272) User=0.00s Sys=0.00s Real=0.00s
[2026-05-06T01:33:25.177+0100][20.466s][info][gc,start       ] GC(273) Pause Full (System.gc())
[2026-05-06T01:33:25.177+0100][20.466s][info][gc,phases,start] GC(273) Phase 1: Mark live objects
[2026-05-06T01:33:25.182+0100][20.471s][info][gc,phases      ] GC(273) Phase 1: Mark live objects 5.471ms
[2026-05-06T01:33:25.182+0100][20.471s][info][gc,phases,start] GC(273) Phase 2: Compute new object addresses
[2026-05-06T01:33:25.184+0100][20.473s][info][gc,phases      ] GC(273) Phase 2: Compute new object addresses 1.487ms
[2026-05-06T01:33:25.184+0100][20.473s][info][gc,phases,start] GC(273) Phase 3: Adjust pointers
[2026-05-06T01:33:25.188+0100][20.477s][info][gc,phases      ] GC(273) Phase 3: Adjust pointers 4.054ms
[2026-05-06T01:33:25.188+0100][20.477s][info][gc,phases,start] GC(273) Phase 4: Move objects
[2026-05-06T01:33:25.188+0100][20.477s][info][gc,phases      ] GC(273) Phase 4: Move objects 0.008ms
[2026-05-06T01:33:25.188+0100][20.477s][info][gc,heap        ] GC(273) DefNew: 152177K(196288K)->0K(196288K) Eden: 152173K(174528K)->0K(174528K) From: 4K(21760K)->0K(21760K)
[2026-05-06T01:33:25.188+0100][20.477s][info][gc,heap        ] GC(273) Tenured: 203744K(435984K)->203747K(435984K)
[2026-05-06T01:33:25.188+0100][20.477s][info][gc,metaspace   ] GC(273) Metaspace: 19160K(19520K)->19160K(19520K) NonClass: 16920K(17152K)->16920K(17152K) Class: 2240K(2368K)->2240K(2368K)
[2026-05-06T01:33:25.188+0100][20.477s][info][gc             ] GC(273) Pause Full (System.gc()) 347M->198M(617M) 11.193ms
[2026-05-06T01:33:25.188+0100][20.477s][info][gc,cpu         ] GC(273) User=0.01s Sys=0.00s Real=0.01s
[2026-05-06T01:33:25.246+0100][20.534s][info][gc,start       ] GC(274) Pause Young (Allocation Failure)
[2026-05-06T01:33:25.246+0100][20.534s][info][gc,heap        ] GC(274) DefNew: 156845K(196288K)->4K(196288K) Eden: 156845K(174528K)->0K(174528K) From: 0K(21760K)->4K(21760K)
[2026-05-06T01:33:25.246+0100][20.534s][info][gc,heap        ] GC(274) Tenured: 203747K(435984K)->203747K(435984K)
[2026-05-06T01:33:25.246+0100][20.534s][info][gc,metaspace   ] GC(274) Metaspace: 19160K(19520K)->19160K(19520K) NonClass: 16920K(17152K)->16920K(17152K) Class: 2240K(2368K)->2240K(2368K)
[2026-05-06T01:33:25.246+0100][20.534s][info][gc             ] GC(274) Pause Young (Allocation Failure) 352M->198M(617M) 0.213ms
[2026-05-06T01:33:25.246+0100][20.534s][info][gc,cpu         ] GC(274) User=0.00s Sys=0.00s Real=0.00s
[2026-05-06T01:33:25.285+0100][20.574s][info][gc,start       ] GC(275) Pause Young (Allocation Failure)
[2026-05-06T01:33:25.285+0100][20.574s][info][gc,heap        ] GC(275) DefNew: 154974K(196288K)->4K(196288K) Eden: 154970K(174528K)->0K(174528K) From: 4K(21760K)->4K(21760K)
[2026-05-06T01:33:25.285+0100][20.574s][info][gc,heap        ] GC(275) Tenured: 203747K(435984K)->203747K(435984K)
[2026-05-06T01:33:25.285+0100][20.574s][info][gc,metaspace   ] GC(275) Metaspace: 19160K(19520K)->19160K(19520K) NonClass: 16920K(17152K)->16920K(17152K) Class: 2240K(2368K)->2240K(2368K)
[2026-05-06T01:33:25.285+0100][20.574s][info][gc             ] GC(275) Pause Young (Allocation Failure) 350M->198M(617M) 0.209ms
[2026-05-06T01:33:25.285+0100][20.574s][info][gc,cpu         ] GC(275) User=0.00s Sys=0.00s Real=0.00s
[2026-05-06T01:33:25.324+0100][20.613s][info][gc,start       ] GC(276) Pause Young (Allocation Failure)
[2026-05-06T01:33:25.324+0100][20.613s][info][gc,heap        ] GC(276) DefNew: 154974K(196288K)->4K(196288K) Eden: 154970K(174528K)->0K(174528K) From: 4K(21760K)->4K(21760K)
[2026-05-06T01:33:25.324+0100][20.613s][info][gc,heap        ] GC(276) Tenured: 203747K(435984K)->203747K(435984K)
[2026-05-06T01:33:25.324+0100][20.613s][info][gc,metaspace   ] GC(276) Metaspace: 19160K(19520K)->19160K(19520K) NonClass: 16920K(17152K)->16920K(17152K) Class: 2240K(2368K)->2240K(2368K)
[2026-05-06T01:33:25.324+0100][20.613s][info][gc             ] GC(276) Pause Young (Allocation Failure) 350M->198M(617M) 0.163ms
[2026-05-06T01:33:25.324+0100][20.613s][info][gc,cpu         ] GC(276) User=0.00s Sys=0.00s Real=0.00s
[2026-05-06T01:33:25.363+0100][20.652s][info][gc,start       ] GC(277) Pause Young (Allocation Failure)
[2026-05-06T01:33:25.363+0100][20.652s][info][gc,heap        ] GC(277) DefNew: 154974K(196288K)->4K(196288K) Eden: 154970K(174528K)->0K(174528K) From: 4K(21760K)->4K(21760K)
[2026-05-06T01:33:25.363+0100][20.652s][info][gc,heap        ] GC(277) Tenured: 203747K(435984K)->203747K(435984K)
[2026-05-06T01:33:25.363+0100][20.652s][info][gc,metaspace   ] GC(277) Metaspace: 19160K(19520K)->19160K(19520K) NonClass: 16920K(17152K)->16920K(17152K) Class: 2240K(2368K)->2240K(2368K)
[2026-05-06T01:33:25.363+0100][20.652s][info][gc             ] GC(277) Pause Young (Allocation Failure) 350M->198M(617M) 0.140ms
[2026-05-06T01:33:25.363+0100][20.652s][info][gc,cpu         ] GC(277) User=0.00s Sys=0.00s Real=0.00s
[2026-05-06T01:33:25.404+0100][20.693s][info][gc,start       ] GC(278) Pause Young (Allocation Failure)
[2026-05-06T01:33:25.404+0100][20.693s][info][gc,heap        ] GC(278) DefNew: 154974K(196288K)->4K(196288K) Eden: 154970K(174528K)->0K(174528K) From: 4K(21760K)->4K(21760K)
[2026-05-06T01:33:25.404+0100][20.693s][info][gc,heap        ] GC(278) Tenured: 203747K(435984K)->203747K(435984K)
[2026-05-06T01:33:25.404+0100][20.693s][info][gc,metaspace   ] GC(278) Metaspace: 19160K(19520K)->19160K(19520K) NonClass: 16920K(17152K)->16920K(17152K) Class: 2240K(2368K)->2240K(2368K)
[2026-05-06T01:33:25.404+0100][20.693s][info][gc             ] GC(278) Pause Young (Allocation Failure) 350M->198M(617M) 0.143ms
[2026-05-06T01:33:25.404+0100][20.693s][info][gc,cpu         ] GC(278) User=0.00s Sys=0.00s Real=0.00s
[2026-05-06T01:33:25.443+0100][20.732s][info][gc,start       ] GC(279) Pause Young (Allocation Failure)
[2026-05-06T01:33:25.443+0100][20.732s][info][gc,heap        ] GC(279) DefNew: 154974K(196288K)->4K(196288K) Eden: 154970K(174528K)->0K(174528K) From: 4K(21760K)->4K(21760K)
[2026-05-06T01:33:25.443+0100][20.732s][info][gc,heap        ] GC(279) Tenured: 203747K(435984K)->203747K(435984K)
[2026-05-06T01:33:25.443+0100][20.732s][info][gc,metaspace   ] GC(279) Metaspace: 19160K(19520K)->19160K(19520K) NonClass: 16920K(17152K)->16920K(17152K) Class: 2240K(2368K)->2240K(2368K)
[2026-05-06T01:33:25.443+0100][20.732s][info][gc             ] GC(279) Pause Young (Allocation Failure) 350M->198M(617M) 0.151ms
[2026-05-06T01:33:25.443+0100][20.732s][info][gc,cpu         ] GC(279) User=0.00s Sys=0.00s Real=0.00s
[2026-05-06T01:33:25.481+0100][20.770s][info][gc,start       ] GC(280) Pause Young (Allocation Failure)
[2026-05-06T01:33:25.482+0100][20.770s][info][gc,heap        ] GC(280) DefNew: 154974K(196288K)->4K(196288K) Eden: 154970K(174528K)->0K(174528K) From: 4K(21760K)->4K(21760K)
[2026-05-06T01:33:25.482+0100][20.770s][info][gc,heap        ] GC(280) Tenured: 203747K(435984K)->203747K(435984K)
[2026-05-06T01:33:25.482+0100][20.770s][info][gc,metaspace   ] GC(280) Metaspace: 19160K(19520K)->19160K(19520K) NonClass: 16920K(17152K)->16920K(17152K) Class: 2240K(2368K)->2240K(2368K)
[2026-05-06T01:33:25.482+0100][20.770s][info][gc             ] GC(280) Pause Young (Allocation Failure) 350M->198M(617M) 0.163ms
[2026-05-06T01:33:25.482+0100][20.770s][info][gc,cpu         ] GC(280) User=0.00s Sys=0.00s Real=0.00s
[2026-05-06T01:33:25.520+0100][20.809s][info][gc,start       ] GC(281) Pause Young (Allocation Failure)
[2026-05-06T01:33:25.521+0100][20.809s][info][gc,heap        ] GC(281) DefNew: 154974K(196288K)->4K(196288K) Eden: 154970K(174528K)->0K(174528K) From: 4K(21760K)->4K(21760K)
[2026-05-06T01:33:25.521+0100][20.809s][info][gc,heap        ] GC(281) Tenured: 203747K(435984K)->203747K(435984K)
[2026-05-06T01:33:25.521+0100][20.809s][info][gc,metaspace   ] GC(281) Metaspace: 19160K(19520K)->19160K(19520K) NonClass: 16920K(17152K)->16920K(17152K) Class: 2240K(2368K)->2240K(2368K)
[2026-05-06T01:33:25.521+0100][20.809s][info][gc             ] GC(281) Pause Young (Allocation Failure) 350M->198M(617M) 0.168ms
[2026-05-06T01:33:25.521+0100][20.809s][info][gc,cpu         ] GC(281) User=0.00s Sys=0.00s Real=0.00s
[2026-05-06T01:33:25.561+0100][20.850s][info][gc,start       ] GC(282) Pause Young (Allocation Failure)
[2026-05-06T01:33:25.561+0100][20.850s][info][gc,heap        ] GC(282) DefNew: 154974K(196288K)->4K(196288K) Eden: 154970K(174528K)->0K(174528K) From: 4K(21760K)->4K(21760K)
[2026-05-06T01:33:25.561+0100][20.850s][info][gc,heap        ] GC(282) Tenured: 203747K(435984K)->203747K(435984K)
[2026-05-06T01:33:25.561+0100][20.850s][info][gc,metaspace   ] GC(282) Metaspace: 19160K(19520K)->19160K(19520K) NonClass: 16920K(17152K)->16920K(17152K) Class: 2240K(2368K)->2240K(2368K)
[2026-05-06T01:33:25.561+0100][20.850s][info][gc             ] GC(282) Pause Young (Allocation Failure) 350M->198M(617M) 0.241ms
[2026-05-06T01:33:25.561+0100][20.850s][info][gc,cpu         ] GC(282) User=0.00s Sys=0.00s Real=0.00s
[2026-05-06T01:33:25.598+0100][20.886s][info][gc,start       ] GC(283) Pause Young (Allocation Failure)
[2026-05-06T01:33:25.598+0100][20.887s][info][gc,heap        ] GC(283) DefNew: 152178K(196288K)->1K(196288K) Eden: 152173K(174528K)->0K(174528K) From: 4K(21760K)->1K(21760K)
[2026-05-06T01:33:25.598+0100][20.887s][info][gc,heap        ] GC(283) Tenured: 203747K(435984K)->203747K(435984K)
[2026-05-06T01:33:25.598+0100][20.887s][info][gc,metaspace   ] GC(283) Metaspace: 19160K(19520K)->19160K(19520K) NonClass: 16920K(17152K)->16920K(17152K) Class: 2240K(2368K)->2240K(2368K)
[2026-05-06T01:33:25.598+0100][20.887s][info][gc             ] GC(283) Pause Young (Allocation Failure) 347M->198M(617M) 0.233ms
[2026-05-06T01:33:25.598+0100][20.887s][info][gc,cpu         ] GC(283) User=0.00s Sys=0.00s Real=0.00s
[2026-05-06T01:33:25.629+0100][20.918s][info][gc,start       ] GC(284) Pause Young (Allocation Failure)
[2026-05-06T01:33:25.629+0100][20.918s][info][gc,heap        ] GC(284) DefNew: 150799K(196288K)->1K(196288K) Eden: 150798K(174528K)->0K(174528K) From: 1K(21760K)->1K(21760K)
[2026-05-06T01:33:25.629+0100][20.918s][info][gc,heap        ] GC(284) Tenured: 203747K(435984K)->203747K(435984K)
[2026-05-06T01:33:25.629+0100][20.918s][info][gc,metaspace   ] GC(284) Metaspace: 19160K(19520K)->19160K(19520K) NonClass: 16920K(17152K)->16920K(17152K) Class: 2240K(2368K)->2240K(2368K)
[2026-05-06T01:33:25.629+0100][20.918s][info][gc             ] GC(284) Pause Young (Allocation Failure) 346M->198M(617M) 0.229ms
[2026-05-06T01:33:25.629+0100][20.918s][info][gc,cpu         ] GC(284) User=0.00s Sys=0.00s Real=0.00s
[2026-05-06T01:33:25.659+0100][20.948s][info][gc,start       ] GC(285) Pause Young (Allocation Failure)
[2026-05-06T01:33:25.660+0100][20.948s][info][gc,heap        ] GC(285) DefNew: 150824K(196288K)->1K(196288K) Eden: 150823K(174528K)->0K(174528K) From: 1K(21760K)->1K(21760K)
[2026-05-06T01:33:25.660+0100][20.948s][info][gc,heap        ] GC(285) Tenured: 203747K(435984K)->203747K(435984K)
[2026-05-06T01:33:25.660+0100][20.948s][info][gc,metaspace   ] GC(285) Metaspace: 19160K(19520K)->19160K(19520K) NonClass: 16920K(17152K)->16920K(17152K) Class: 2240K(2368K)->2240K(2368K)
[2026-05-06T01:33:25.660+0100][20.948s][info][gc             ] GC(285) Pause Young (Allocation Failure) 346M->198M(617M) 0.222ms
[2026-05-06T01:33:25.660+0100][20.948s][info][gc,cpu         ] GC(285) User=0.00s Sys=0.00s Real=0.01s
[2026-05-06T01:33:25.680+0100][20.968s][info][gc,start       ] GC(286) Pause Full (System.gc())
[2026-05-06T01:33:25.680+0100][20.968s][info][gc,phases,start] GC(286) Phase 1: Mark live objects
[2026-05-06T01:33:25.685+0100][20.974s][info][gc,phases      ] GC(286) Phase 1: Mark live objects 5.270ms
[2026-05-06T01:33:25.685+0100][20.974s][info][gc,phases,start] GC(286) Phase 2: Compute new object addresses
[2026-05-06T01:33:25.686+0100][20.975s][info][gc,phases      ] GC(286) Phase 2: Compute new object addresses 1.435ms
[2026-05-06T01:33:25.686+0100][20.975s][info][gc,phases,start] GC(286) Phase 3: Adjust pointers
[2026-05-06T01:33:25.690+0100][20.979s][info][gc,phases      ] GC(286) Phase 3: Adjust pointers 3.892ms
[2026-05-06T01:33:25.690+0100][20.979s][info][gc,phases,start] GC(286) Phase 4: Move objects
[2026-05-06T01:33:25.690+0100][20.979s][info][gc,phases      ] GC(286) Phase 4: Move objects 0.004ms
[2026-05-06T01:33:25.690+0100][20.979s][info][gc,heap        ] GC(286) DefNew: 150840K(196288K)->0K(196288K) Eden: 150839K(174528K)->0K(174528K) From: 1K(21760K)->0K(21760K)
[2026-05-06T01:33:25.690+0100][20.979s][info][gc,heap        ] GC(286) Tenured: 203747K(435984K)->203748K(435984K)
[2026-05-06T01:33:25.690+0100][20.979s][info][gc,metaspace   ] GC(286) Metaspace: 19160K(19520K)->19160K(19520K) NonClass: 16920K(17152K)->16920K(17152K) Class: 2240K(2368K)->2240K(2368K)
[2026-05-06T01:33:25.690+0100][20.979s][info][gc             ] GC(286) Pause Full (System.gc()) 346M->198M(617M) 10.733ms
[2026-05-06T01:33:25.690+0100][20.979s][info][gc,cpu         ] GC(286) User=0.01s Sys=0.00s Real=0.01s
[2026-05-06T01:33:25.733+0100][21.022s][info][gc,start       ] GC(287) Pause Young (Allocation Failure)
[2026-05-06T01:33:25.733+0100][21.022s][info][gc,heap        ] GC(287) DefNew: 150849K(196288K)->1K(196288K) Eden: 150849K(174528K)->0K(174528K) From: 0K(21760K)->1K(21760K)
[2026-05-06T01:33:25.733+0100][21.022s][info][gc,heap        ] GC(287) Tenured: 203748K(435984K)->203748K(435984K)
[2026-05-06T01:33:25.733+0100][21.022s][info][gc,metaspace   ] GC(287) Metaspace: 19160K(19520K)->19160K(19520K) NonClass: 16920K(17152K)->16920K(17152K) Class: 2240K(2368K)->2240K(2368K)
[2026-05-06T01:33:25.733+0100][21.022s][info][gc             ] GC(287) Pause Young (Allocation Failure) 346M->198M(617M) 0.196ms
[2026-05-06T01:33:25.733+0100][21.022s][info][gc,cpu         ] GC(287) User=0.00s Sys=0.00s Real=0.00s
[2026-05-06T01:33:25.765+0100][21.054s][info][gc,start       ] GC(288) Pause Young (Allocation Failure)
[2026-05-06T01:33:25.765+0100][21.054s][info][gc,heap        ] GC(288) DefNew: 150857K(196288K)->1K(196288K) Eden: 150856K(174528K)->0K(174528K) From: 1K(21760K)->1K(21760K)
[2026-05-06T01:33:25.765+0100][21.054s][info][gc,heap        ] GC(288) Tenured: 203748K(435984K)->203748K(435984K)
[2026-05-06T01:33:25.765+0100][21.054s][info][gc,metaspace   ] GC(288) Metaspace: 19160K(19520K)->19160K(19520K) NonClass: 16920K(17152K)->16920K(17152K) Class: 2240K(2368K)->2240K(2368K)
[2026-05-06T01:33:25.765+0100][21.054s][info][gc             ] GC(288) Pause Young (Allocation Failure) 346M->198M(617M) 0.198ms
[2026-05-06T01:33:25.765+0100][21.054s][info][gc,cpu         ] GC(288) User=0.00s Sys=0.00s Real=0.00s
[2026-05-06T01:33:25.797+0100][21.086s][info][gc,start       ] GC(289) Pause Young (Allocation Failure)
[2026-05-06T01:33:25.798+0100][21.086s][info][gc,heap        ] GC(289) DefNew: 150861K(196288K)->1K(196288K) Eden: 150860K(174528K)->0K(174528K) From: 1K(21760K)->1K(21760K)
[2026-05-06T01:33:25.798+0100][21.086s][info][gc,heap        ] GC(289) Tenured: 203748K(435984K)->203748K(435984K)
[2026-05-06T01:33:25.798+0100][21.086s][info][gc,metaspace   ] GC(289) Metaspace: 19160K(19520K)->19160K(19520K) NonClass: 16920K(17152K)->16920K(17152K) Class: 2240K(2368K)->2240K(2368K)
[2026-05-06T01:33:25.798+0100][21.086s][info][gc             ] GC(289) Pause Young (Allocation Failure) 346M->198M(617M) 0.171ms
[2026-05-06T01:33:25.798+0100][21.086s][info][gc,cpu         ] GC(289) User=0.00s Sys=0.00s Real=0.00s
[2026-05-06T01:33:25.829+0100][21.118s][info][gc,start       ] GC(290) Pause Young (Allocation Failure)
[2026-05-06T01:33:25.830+0100][21.118s][info][gc,heap        ] GC(290) DefNew: 150864K(196288K)->1K(196288K) Eden: 150863K(174528K)->0K(174528K) From: 1K(21760K)->1K(21760K)
[2026-05-06T01:33:25.830+0100][21.118s][info][gc,heap        ] GC(290) Tenured: 203748K(435984K)->203748K(435984K)
[2026-05-06T01:33:25.830+0100][21.118s][info][gc,metaspace   ] GC(290) Metaspace: 19160K(19520K)->19160K(19520K) NonClass: 16920K(17152K)->16920K(17152K) Class: 2240K(2368K)->2240K(2368K)
[2026-05-06T01:33:25.830+0100][21.118s][info][gc             ] GC(290) Pause Young (Allocation Failure) 346M->198M(617M) 0.223ms
[2026-05-06T01:33:25.830+0100][21.118s][info][gc,cpu         ] GC(290) User=0.00s Sys=0.00s Real=0.01s
[2026-05-06T01:33:25.861+0100][21.150s][info][gc,start       ] GC(291) Pause Young (Allocation Failure)
[2026-05-06T01:33:25.861+0100][21.150s][info][gc,heap        ] GC(291) DefNew: 150866K(196288K)->1K(196288K) Eden: 150865K(174528K)->0K(174528K) From: 1K(21760K)->1K(21760K)
[2026-05-06T01:33:25.861+0100][21.150s][info][gc,heap        ] GC(291) Tenured: 203748K(435984K)->203748K(435984K)
[2026-05-06T01:33:25.861+0100][21.150s][info][gc,metaspace   ] GC(291) Metaspace: 19160K(19520K)->19160K(19520K) NonClass: 16920K(17152K)->16920K(17152K) Class: 2240K(2368K)->2240K(2368K)
[2026-05-06T01:33:25.861+0100][21.150s][info][gc             ] GC(291) Pause Young (Allocation Failure) 346M->198M(617M) 0.214ms
[2026-05-06T01:33:25.861+0100][21.150s][info][gc,cpu         ] GC(291) User=0.00s Sys=0.00s Real=0.00s
[2026-05-06T01:33:25.894+0100][21.183s][info][gc,start       ] GC(292) Pause Young (Allocation Failure)
[2026-05-06T01:33:25.895+0100][21.183s][info][gc,heap        ] GC(292) DefNew: 150867K(196288K)->1K(196288K) Eden: 150866K(174528K)->0K(174528K) From: 1K(21760K)->1K(21760K)
[2026-05-06T01:33:25.895+0100][21.183s][info][gc,heap        ] GC(292) Tenured: 203748K(435984K)->203748K(435984K)
[2026-05-06T01:33:25.895+0100][21.183s][info][gc,metaspace   ] GC(292) Metaspace: 19160K(19520K)->19160K(19520K) NonClass: 16920K(17152K)->16920K(17152K) Class: 2240K(2368K)->2240K(2368K)
[2026-05-06T01:33:25.895+0100][21.183s][info][gc             ] GC(292) Pause Young (Allocation Failure) 346M->198M(617M) 0.235ms
[2026-05-06T01:33:25.895+0100][21.183s][info][gc,cpu         ] GC(292) User=0.00s Sys=0.00s Real=0.00s
[2026-05-06T01:33:25.928+0100][21.217s][info][gc,start       ] GC(293) Pause Young (Allocation Failure)
[2026-05-06T01:33:25.928+0100][21.217s][info][gc,heap        ] GC(293) DefNew: 150868K(196288K)->1K(196288K) Eden: 150867K(174528K)->0K(174528K) From: 1K(21760K)->1K(21760K)
[2026-05-06T01:33:25.928+0100][21.217s][info][gc,heap        ] GC(293) Tenured: 203748K(435984K)->203748K(435984K)
[2026-05-06T01:33:25.928+0100][21.217s][info][gc,metaspace   ] GC(293) Metaspace: 19160K(19520K)->19160K(19520K) NonClass: 16920K(17152K)->16920K(17152K) Class: 2240K(2368K)->2240K(2368K)
[2026-05-06T01:33:25.928+0100][21.217s][info][gc             ] GC(293) Pause Young (Allocation Failure) 346M->198M(617M) 0.206ms
[2026-05-06T01:33:25.928+0100][21.217s][info][gc,cpu         ] GC(293) User=0.00s Sys=0.00s Real=0.00s
[2026-05-06T01:33:25.960+0100][21.248s][info][gc,start       ] GC(294) Pause Young (Allocation Failure)
[2026-05-06T01:33:25.960+0100][21.248s][info][gc,heap        ] GC(294) DefNew: 150868K(196288K)->1K(196288K) Eden: 150867K(174528K)->0K(174528K) From: 1K(21760K)->1K(21760K)
[2026-05-06T01:33:25.960+0100][21.248s][info][gc,heap        ] GC(294) Tenured: 203748K(435984K)->203748K(435984K)
[2026-05-06T01:33:25.960+0100][21.248s][info][gc,metaspace   ] GC(294) Metaspace: 19160K(19520K)->19160K(19520K) NonClass: 16920K(17152K)->16920K(17152K) Class: 2240K(2368K)->2240K(2368K)
[2026-05-06T01:33:25.960+0100][21.248s][info][gc             ] GC(294) Pause Young (Allocation Failure) 346M->198M(617M) 0.185ms
[2026-05-06T01:33:25.960+0100][21.249s][info][gc,cpu         ] GC(294) User=0.00s Sys=0.00s Real=0.00s
[2026-05-06T01:33:25.993+0100][21.281s][info][gc,start       ] GC(295) Pause Young (Allocation Failure)
[2026-05-06T01:33:25.993+0100][21.282s][info][gc,heap        ] GC(295) DefNew: 150868K(196288K)->1K(196288K) Eden: 150867K(174528K)->0K(174528K) From: 1K(21760K)->1K(21760K)
[2026-05-06T01:33:25.993+0100][21.282s][info][gc,heap        ] GC(295) Tenured: 203748K(435984K)->203748K(435984K)
[2026-05-06T01:33:25.993+0100][21.282s][info][gc,metaspace   ] GC(295) Metaspace: 19160K(19520K)->19160K(19520K) NonClass: 16920K(17152K)->16920K(17152K) Class: 2240K(2368K)->2240K(2368K)
[2026-05-06T01:33:25.993+0100][21.282s][info][gc             ] GC(295) Pause Young (Allocation Failure) 346M->198M(617M) 0.230ms
[2026-05-06T01:33:25.993+0100][21.282s][info][gc,cpu         ] GC(295) User=0.00s Sys=0.00s Real=0.00s
[2026-05-06T01:33:26.027+0100][21.316s][info][gc,start       ] GC(296) Pause Young (Allocation Failure)
[2026-05-06T01:33:26.028+0100][21.316s][info][gc,heap        ] GC(296) DefNew: 174529K(196288K)->13K(196288K) Eden: 174528K(174528K)->0K(174528K) From: 1K(21760K)->13K(21760K)
[2026-05-06T01:33:26.028+0100][21.316s][info][gc,heap        ] GC(296) Tenured: 203748K(435984K)->203748K(435984K)
[2026-05-06T01:33:26.028+0100][21.316s][info][gc,metaspace   ] GC(296) Metaspace: 19165K(19520K)->19165K(19520K) NonClass: 16925K(17152K)->16925K(17152K) Class: 2240K(2368K)->2240K(2368K)
[2026-05-06T01:33:26.028+0100][21.316s][info][gc             ] GC(296) Pause Young (Allocation Failure) 369M->198M(617M) 0.280ms
[2026-05-06T01:33:26.028+0100][21.316s][info][gc,cpu         ] GC(296) User=0.00s Sys=0.00s Real=0.00s
[2026-05-06T01:33:26.074+0100][21.363s][info][gc,start       ] GC(297) Pause Young (Allocation Failure)
[2026-05-06T01:33:26.075+0100][21.363s][info][gc,heap        ] GC(297) DefNew: 173418K(196288K)->6K(196288K) Eden: 173404K(174528K)->0K(174528K) From: 13K(21760K)->6K(21760K)
[2026-05-06T01:33:26.075+0100][21.363s][info][gc,heap        ] GC(297) Tenured: 203748K(435984K)->203748K(435984K)
[2026-05-06T01:33:26.075+0100][21.363s][info][gc,metaspace   ] GC(297) Metaspace: 19165K(19520K)->19165K(19520K) NonClass: 16925K(17152K)->16925K(17152K) Class: 2240K(2368K)->2240K(2368K)
[2026-05-06T01:33:26.075+0100][21.363s][info][gc             ] GC(297) Pause Young (Allocation Failure) 368M->198M(617M) 0.235ms
[2026-05-06T01:33:26.075+0100][21.363s][info][gc,cpu         ] GC(297) User=0.00s Sys=0.00s Real=0.00s
[2026-05-06T01:33:26.105+0100][21.394s][info][gc,start       ] GC(298) Pause Young (Allocation Failure)
[2026-05-06T01:33:26.105+0100][21.394s][info][gc,heap        ] GC(298) DefNew: 158767K(196288K)->6K(196288K) Eden: 158760K(174528K)->0K(174528K) From: 6K(21760K)->6K(21760K)
[2026-05-06T01:33:26.105+0100][21.394s][info][gc,heap        ] GC(298) Tenured: 203748K(435984K)->203748K(435984K)
[2026-05-06T01:33:26.105+0100][21.394s][info][gc,metaspace   ] GC(298) Metaspace: 19165K(19520K)->19165K(19520K) NonClass: 16925K(17152K)->16925K(17152K) Class: 2240K(2368K)->2240K(2368K)
[2026-05-06T01:33:26.105+0100][21.394s][info][gc             ] GC(298) Pause Young (Allocation Failure) 354M->198M(617M) 0.229ms
[2026-05-06T01:33:26.105+0100][21.394s][info][gc,cpu         ] GC(298) User=0.00s Sys=0.00s Real=0.00s
[2026-05-06T01:33:26.125+0100][21.413s][info][gc,start       ] GC(299) Pause Full (System.gc())
[2026-05-06T01:33:26.125+0100][21.413s][info][gc,phases,start] GC(299) Phase 1: Mark live objects
[2026-05-06T01:33:26.130+0100][21.418s][info][gc,phases      ] GC(299) Phase 1: Mark live objects 5.153ms
[2026-05-06T01:33:26.130+0100][21.419s][info][gc,phases,start] GC(299) Phase 2: Compute new object addresses
[2026-05-06T01:33:26.131+0100][21.420s][info][gc,phases      ] GC(299) Phase 2: Compute new object addresses 1.407ms
[2026-05-06T01:33:26.131+0100][21.420s][info][gc,phases,start] GC(299) Phase 3: Adjust pointers
[2026-05-06T01:33:26.135+0100][21.424s][info][gc,phases      ] GC(299) Phase 3: Adjust pointers 3.767ms
[2026-05-06T01:33:26.135+0100][21.424s][info][gc,phases,start] GC(299) Phase 4: Move objects
[2026-05-06T01:33:26.135+0100][21.424s][info][gc,phases      ] GC(299) Phase 4: Move objects 0.006ms
[2026-05-06T01:33:26.135+0100][21.424s][info][gc,heap        ] GC(299) DefNew: 152973K(196288K)->0K(196288K) Eden: 152966K(174528K)->0K(174528K) From: 6K(21760K)->0K(21760K)
[2026-05-06T01:33:26.135+0100][21.424s][info][gc,heap        ] GC(299) Tenured: 203748K(435984K)->203746K(435984K)
[2026-05-06T01:33:26.135+0100][21.424s][info][gc,metaspace   ] GC(299) Metaspace: 19165K(19520K)->19165K(19520K) NonClass: 16925K(17152K)->16925K(17152K) Class: 2240K(2368K)->2240K(2368K)
[2026-05-06T01:33:26.135+0100][21.424s][info][gc             ] GC(299) Pause Full (System.gc()) 348M->198M(617M) 10.464ms
[2026-05-06T01:33:26.135+0100][21.424s][info][gc,cpu         ] GC(299) User=0.02s Sys=0.00s Real=0.01s
[2026-05-06T01:33:26.179+0100][21.467s][info][gc,start       ] GC(300) Pause Young (Allocation Failure)
[2026-05-06T01:33:26.179+0100][21.468s][info][gc,heap        ] GC(300) DefNew: 160021K(196288K)->6K(196288K) Eden: 160021K(174528K)->0K(174528K) From: 0K(21760K)->6K(21760K)
[2026-05-06T01:33:26.179+0100][21.468s][info][gc,heap        ] GC(300) Tenured: 203746K(435984K)->203746K(435984K)
[2026-05-06T01:33:26.179+0100][21.468s][info][gc,metaspace   ] GC(300) Metaspace: 19165K(19520K)->19165K(19520K) NonClass: 16925K(17152K)->16925K(17152K) Class: 2240K(2368K)->2240K(2368K)
[2026-05-06T01:33:26.179+0100][21.468s][info][gc             ] GC(300) Pause Young (Allocation Failure) 355M->198M(617M) 0.251ms
[2026-05-06T01:33:26.179+0100][21.468s][info][gc,cpu         ] GC(300) User=0.00s Sys=0.00s Real=0.00s
[2026-05-06T01:33:26.210+0100][21.499s][info][gc,start       ] GC(301) Pause Young (Allocation Failure)
[2026-05-06T01:33:26.210+0100][21.499s][info][gc,heap        ] GC(301) DefNew: 156192K(196288K)->6K(196288K) Eden: 156185K(174528K)->0K(174528K) From: 6K(21760K)->6K(21760K)
[2026-05-06T01:33:26.210+0100][21.499s][info][gc,heap        ] GC(301) Tenured: 203746K(435984K)->203746K(435984K)
[2026-05-06T01:33:26.210+0100][21.499s][info][gc,metaspace   ] GC(301) Metaspace: 19165K(19520K)->19165K(19520K) NonClass: 16925K(17152K)->16925K(17152K) Class: 2240K(2368K)->2240K(2368K)
[2026-05-06T01:33:26.210+0100][21.499s][info][gc             ] GC(301) Pause Young (Allocation Failure) 351M->198M(617M) 0.235ms
[2026-05-06T01:33:26.210+0100][21.499s][info][gc,cpu         ] GC(301) User=0.00s Sys=0.00s Real=0.00s
[2026-05-06T01:33:26.241+0100][21.529s][info][gc,start       ] GC(302) Pause Young (Allocation Failure)
[2026-05-06T01:33:26.241+0100][21.530s][info][gc,heap        ] GC(302) DefNew: 155964K(196288K)->6K(196288K) Eden: 155957K(174528K)->0K(174528K) From: 6K(21760K)->6K(21760K)
[2026-05-06T01:33:26.241+0100][21.530s][info][gc,heap        ] GC(302) Tenured: 203746K(435984K)->203746K(435984K)
[2026-05-06T01:33:26.241+0100][21.530s][info][gc,metaspace   ] GC(302) Metaspace: 19165K(19520K)->19165K(19520K) NonClass: 16925K(17152K)->16925K(17152K) Class: 2240K(2368K)->2240K(2368K)
[2026-05-06T01:33:26.241+0100][21.530s][info][gc             ] GC(302) Pause Young (Allocation Failure) 351M->198M(617M) 0.202ms
[2026-05-06T01:33:26.241+0100][21.530s][info][gc,cpu         ] GC(302) User=0.00s Sys=0.00s Real=0.00s
[2026-05-06T01:33:26.272+0100][21.560s][info][gc,start       ] GC(303) Pause Young (Allocation Failure)
[2026-05-06T01:33:26.272+0100][21.560s][info][gc,heap        ] GC(303) DefNew: 155591K(196288K)->6K(196288K) Eden: 155584K(174528K)->0K(174528K) From: 6K(21760K)->6K(21760K)
[2026-05-06T01:33:26.272+0100][21.560s][info][gc,heap        ] GC(303) Tenured: 203746K(435984K)->203746K(435984K)
[2026-05-06T01:33:26.272+0100][21.560s][info][gc,metaspace   ] GC(303) Metaspace: 19165K(19520K)->19165K(19520K) NonClass: 16925K(17152K)->16925K(17152K) Class: 2240K(2368K)->2240K(2368K)
[2026-05-06T01:33:26.272+0100][21.560s][info][gc             ] GC(303) Pause Young (Allocation Failure) 350M->198M(617M) 0.190ms
[2026-05-06T01:33:26.272+0100][21.560s][info][gc,cpu         ] GC(303) User=0.00s Sys=0.00s Real=0.00s
[2026-05-06T01:33:26.304+0100][21.593s][info][gc,start       ] GC(304) Pause Young (Allocation Failure)
[2026-05-06T01:33:26.304+0100][21.593s][info][gc,heap        ] GC(304) DefNew: 155410K(196288K)->6K(196288K) Eden: 155403K(174528K)->0K(174528K) From: 6K(21760K)->6K(21760K)
[2026-05-06T01:33:26.304+0100][21.593s][info][gc,heap        ] GC(304) Tenured: 203746K(435984K)->203746K(435984K)
[2026-05-06T01:33:26.304+0100][21.593s][info][gc,metaspace   ] GC(304) Metaspace: 19165K(19520K)->19165K(19520K) NonClass: 16925K(17152K)->16925K(17152K) Class: 2240K(2368K)->2240K(2368K)
[2026-05-06T01:33:26.304+0100][21.593s][info][gc             ] GC(304) Pause Young (Allocation Failure) 350M->198M(617M) 0.204ms
[2026-05-06T01:33:26.304+0100][21.593s][info][gc,cpu         ] GC(304) User=0.00s Sys=0.00s Real=0.00s
[2026-05-06T01:33:26.335+0100][21.624s][info][gc,start       ] GC(305) Pause Young (Allocation Failure)
[2026-05-06T01:33:26.335+0100][21.624s][info][gc,heap        ] GC(305) DefNew: 155419K(196288K)->6K(196288K) Eden: 155413K(174528K)->0K(174528K) From: 6K(21760K)->6K(21760K)
[2026-05-06T01:33:26.335+0100][21.624s][info][gc,heap        ] GC(305) Tenured: 203746K(435984K)->203746K(435984K)
[2026-05-06T01:33:26.335+0100][21.624s][info][gc,metaspace   ] GC(305) Metaspace: 19165K(19520K)->19165K(19520K) NonClass: 16925K(17152K)->16925K(17152K) Class: 2240K(2368K)->2240K(2368K)
[2026-05-06T01:33:26.335+0100][21.624s][info][gc             ] GC(305) Pause Young (Allocation Failure) 350M->198M(617M) 0.176ms
[2026-05-06T01:33:26.335+0100][21.624s][info][gc,cpu         ] GC(305) User=0.00s Sys=0.00s Real=0.00s
[2026-05-06T01:33:26.366+0100][21.655s][info][gc,start       ] GC(306) Pause Young (Allocation Failure)
[2026-05-06T01:33:26.367+0100][21.655s][info][gc,heap        ] GC(306) DefNew: 155425K(196288K)->6K(196288K) Eden: 155419K(174528K)->0K(174528K) From: 6K(21760K)->6K(21760K)
[2026-05-06T01:33:26.367+0100][21.655s][info][gc,heap        ] GC(306) Tenured: 203746K(435984K)->203746K(435984K)
[2026-05-06T01:33:26.367+0100][21.655s][info][gc,metaspace   ] GC(306) Metaspace: 19165K(19520K)->19165K(19520K) NonClass: 16925K(17152K)->16925K(17152K) Class: 2240K(2368K)->2240K(2368K)
[2026-05-06T01:33:26.367+0100][21.655s][info][gc             ] GC(306) Pause Young (Allocation Failure) 350M->198M(617M) 0.210ms
[2026-05-06T01:33:26.367+0100][21.655s][info][gc,cpu         ] GC(306) User=0.00s Sys=0.00s Real=0.00s
[2026-05-06T01:33:26.397+0100][21.686s][info][gc,start       ] GC(307) Pause Young (Allocation Failure)
[2026-05-06T01:33:26.398+0100][21.686s][info][gc,heap        ] GC(307) DefNew: 155429K(196288K)->6K(196288K) Eden: 155423K(174528K)->0K(174528K) From: 6K(21760K)->6K(21760K)
[2026-05-06T01:33:26.398+0100][21.686s][info][gc,heap        ] GC(307) Tenured: 203746K(435984K)->203746K(435984K)
[2026-05-06T01:33:26.398+0100][21.686s][info][gc,metaspace   ] GC(307) Metaspace: 19165K(19520K)->19165K(19520K) NonClass: 16925K(17152K)->16925K(17152K) Class: 2240K(2368K)->2240K(2368K)
[2026-05-06T01:33:26.398+0100][21.686s][info][gc             ] GC(307) Pause Young (Allocation Failure) 350M->198M(617M) 0.171ms
[2026-05-06T01:33:26.398+0100][21.686s][info][gc,cpu         ] GC(307) User=0.00s Sys=0.00s Real=0.00s
[2026-05-06T01:33:26.428+0100][21.717s][info][gc,start       ] GC(308) Pause Young (Allocation Failure)
[2026-05-06T01:33:26.428+0100][21.717s][info][gc,heap        ] GC(308) DefNew: 155432K(196288K)->6K(196288K) Eden: 155425K(174528K)->0K(174528K) From: 6K(21760K)->6K(21760K)
[2026-05-06T01:33:26.428+0100][21.717s][info][gc,heap        ] GC(308) Tenured: 203746K(435984K)->203746K(435984K)
[2026-05-06T01:33:26.428+0100][21.717s][info][gc,metaspace   ] GC(308) Metaspace: 19165K(19520K)->19165K(19520K) NonClass: 16925K(17152K)->16925K(17152K) Class: 2240K(2368K)->2240K(2368K)
[2026-05-06T01:33:26.428+0100][21.717s][info][gc             ] GC(308) Pause Young (Allocation Failure) 350M->198M(617M) 0.175ms
[2026-05-06T01:33:26.428+0100][21.717s][info][gc,cpu         ] GC(308) User=0.00s Sys=0.00s Real=0.00s
[2026-05-06T01:33:26.460+0100][21.748s][info][gc,start       ] GC(309) Pause Young (Allocation Failure)
[2026-05-06T01:33:26.460+0100][21.748s][info][gc,heap        ] GC(309) DefNew: 155433K(196288K)->6K(196288K) Eden: 155427K(174528K)->0K(174528K) From: 6K(21760K)->6K(21760K)
[2026-05-06T01:33:26.460+0100][21.748s][info][gc,heap        ] GC(309) Tenured: 203746K(435984K)->203746K(435984K)
[2026-05-06T01:33:26.460+0100][21.748s][info][gc,metaspace   ] GC(309) Metaspace: 19175K(19520K)->19175K(19520K) NonClass: 16935K(17152K)->16935K(17152K) Class: 2240K(2368K)->2240K(2368K)
[2026-05-06T01:33:26.460+0100][21.748s][info][gc             ] GC(309) Pause Young (Allocation Failure) 350M->198M(617M) 0.196ms
[2026-05-06T01:33:26.460+0100][21.748s][info][gc,cpu         ] GC(309) User=0.00s Sys=0.00s Real=0.00s
[2026-05-06T01:33:26.491+0100][21.779s][info][gc,start       ] GC(310) Pause Young (Allocation Failure)
[2026-05-06T01:33:26.491+0100][21.779s][info][gc,heap        ] GC(310) DefNew: 155434K(196288K)->6K(196288K) Eden: 155428K(174528K)->0K(174528K) From: 6K(21760K)->6K(21760K)
[2026-05-06T01:33:26.491+0100][21.779s][info][gc,heap        ] GC(310) Tenured: 203746K(435984K)->203746K(435984K)
[2026-05-06T01:33:26.491+0100][21.779s][info][gc,metaspace   ] GC(310) Metaspace: 19175K(19520K)->19175K(19520K) NonClass: 16935K(17152K)->16935K(17152K) Class: 2240K(2368K)->2240K(2368K)
[2026-05-06T01:33:26.491+0100][21.779s][info][gc             ] GC(310) Pause Young (Allocation Failure) 350M->198M(617M) 0.216ms
[2026-05-06T01:33:26.491+0100][21.779s][info][gc,cpu         ] GC(310) User=0.00s Sys=0.00s Real=0.00s
[2026-05-06T01:33:26.521+0100][21.810s][info][gc,start       ] GC(311) Pause Young (Allocation Failure)
[2026-05-06T01:33:26.522+0100][21.810s][info][gc,heap        ] GC(311) DefNew: 155435K(196288K)->6K(196288K) Eden: 155429K(174528K)->0K(174528K) From: 6K(21760K)->6K(21760K)
[2026-05-06T01:33:26.522+0100][21.810s][info][gc,heap        ] GC(311) Tenured: 203746K(435984K)->203746K(435984K)
[2026-05-06T01:33:26.522+0100][21.810s][info][gc,metaspace   ] GC(311) Metaspace: 19175K(19520K)->19175K(19520K) NonClass: 16935K(17152K)->16935K(17152K) Class: 2240K(2368K)->2240K(2368K)
[2026-05-06T01:33:26.522+0100][21.810s][info][gc             ] GC(311) Pause Young (Allocation Failure) 350M->198M(617M) 0.177ms
[2026-05-06T01:33:26.522+0100][21.810s][info][gc,cpu         ] GC(311) User=0.00s Sys=0.00s Real=0.00s
[2026-05-06T01:33:26.541+0100][21.829s][info][gc,start       ] GC(312) Pause Full (System.gc())
[2026-05-06T01:33:26.541+0100][21.829s][info][gc,phases,start] GC(312) Phase 1: Mark live objects
[2026-05-06T01:33:26.546+0100][21.835s][info][gc,phases      ] GC(312) Phase 1: Mark live objects 5.243ms
[2026-05-06T01:33:26.546+0100][21.835s][info][gc,phases,start] GC(312) Phase 2: Compute new object addresses
[2026-05-06T01:33:26.547+0100][21.836s][info][gc,phases      ] GC(312) Phase 2: Compute new object addresses 1.405ms
[2026-05-06T01:33:26.547+0100][21.836s][info][gc,phases,start] GC(312) Phase 3: Adjust pointers
[2026-05-06T01:33:26.551+0100][21.840s][info][gc,phases      ] GC(312) Phase 3: Adjust pointers 3.890ms
[2026-05-06T01:33:26.551+0100][21.840s][info][gc,phases,start] GC(312) Phase 4: Move objects
[2026-05-06T01:33:26.551+0100][21.840s][info][gc,phases      ] GC(312) Phase 4: Move objects 0.005ms
[2026-05-06T01:33:26.551+0100][21.840s][info][gc,heap        ] GC(312) DefNew: 152325K(196288K)->0K(196288K) Eden: 152318K(174528K)->0K(174528K) From: 6K(21760K)->0K(21760K)
[2026-05-06T01:33:26.551+0100][21.840s][info][gc,heap        ] GC(312) Tenured: 203746K(435984K)->203749K(435984K)
[2026-05-06T01:33:26.551+0100][21.840s][info][gc,metaspace   ] GC(312) Metaspace: 19175K(19520K)->19175K(19520K) NonClass: 16935K(17152K)->16935K(17152K) Class: 2240K(2368K)->2240K(2368K)
[2026-05-06T01:33:26.551+0100][21.840s][info][gc             ] GC(312) Pause Full (System.gc()) 347M->198M(617M) 10.641ms
[2026-05-06T01:33:26.551+0100][21.840s][info][gc,cpu         ] GC(312) User=0.01s Sys=0.00s Real=0.01s
[2026-05-06T01:33:26.594+0100][21.882s][info][gc,start       ] GC(313) Pause Young (Allocation Failure)
[2026-05-06T01:33:26.594+0100][21.883s][info][gc,heap        ] GC(313) DefNew: 158418K(196288K)->6K(196288K) Eden: 158418K(174528K)->0K(174528K) From: 0K(21760K)->6K(21760K)
[2026-05-06T01:33:26.594+0100][21.883s][info][gc,heap        ] GC(313) Tenured: 203749K(435984K)->203749K(435984K)
[2026-05-06T01:33:26.594+0100][21.883s][info][gc,metaspace   ] GC(313) Metaspace: 19175K(19520K)->19175K(19520K) NonClass: 16935K(17152K)->16935K(17152K) Class: 2240K(2368K)->2240K(2368K)
[2026-05-06T01:33:26.594+0100][21.883s][info][gc             ] GC(313) Pause Young (Allocation Failure) 353M->198M(617M) 0.174ms
[2026-05-06T01:33:26.594+0100][21.883s][info][gc,cpu         ] GC(313) User=0.00s Sys=0.00s Real=0.00s
[2026-05-06T01:33:26.625+0100][21.914s][info][gc,start       ] GC(314) Pause Young (Allocation Failure)
[2026-05-06T01:33:26.625+0100][21.914s][info][gc,heap        ] GC(314) DefNew: 156011K(196288K)->6K(196288K) Eden: 156005K(174528K)->0K(174528K) From: 6K(21760K)->6K(21760K)
[2026-05-06T01:33:26.625+0100][21.914s][info][gc,heap        ] GC(314) Tenured: 203749K(435984K)->203749K(435984K)
[2026-05-06T01:33:26.625+0100][21.914s][info][gc,metaspace   ] GC(314) Metaspace: 19175K(19520K)->19175K(19520K) NonClass: 16935K(17152K)->16935K(17152K) Class: 2240K(2368K)->2240K(2368K)
[2026-05-06T01:33:26.625+0100][21.914s][info][gc             ] GC(314) Pause Young (Allocation Failure) 351M->198M(617M) 0.154ms
[2026-05-06T01:33:26.625+0100][21.914s][info][gc,cpu         ] GC(314) User=0.00s Sys=0.00s Real=0.00s
[2026-05-06T01:33:26.656+0100][21.944s][info][gc,start       ] GC(315) Pause Young (Allocation Failure)
[2026-05-06T01:33:26.656+0100][21.945s][info][gc,heap        ] GC(315) DefNew: 155621K(196288K)->6K(196288K) Eden: 155615K(174528K)->0K(174528K) From: 6K(21760K)->6K(21760K)
[2026-05-06T01:33:26.656+0100][21.945s][info][gc,heap        ] GC(315) Tenured: 203749K(435984K)->203749K(435984K)
[2026-05-06T01:33:26.656+0100][21.945s][info][gc,metaspace   ] GC(315) Metaspace: 19175K(19520K)->19175K(19520K) NonClass: 16935K(17152K)->16935K(17152K) Class: 2240K(2368K)->2240K(2368K)
[2026-05-06T01:33:26.656+0100][21.945s][info][gc             ] GC(315) Pause Young (Allocation Failure) 350M->198M(617M) 0.154ms
[2026-05-06T01:33:26.656+0100][21.945s][info][gc,cpu         ] GC(315) User=0.00s Sys=0.00s Real=0.00s
[2026-05-06T01:33:26.686+0100][21.975s][info][gc,start       ] GC(316) Pause Young (Allocation Failure)
[2026-05-06T01:33:26.687+0100][21.975s][info][gc,heap        ] GC(316) DefNew: 155429K(196288K)->6K(196288K) Eden: 155423K(174528K)->0K(174528K) From: 6K(21760K)->6K(21760K)
[2026-05-06T01:33:26.687+0100][21.975s][info][gc,heap        ] GC(316) Tenured: 203749K(435984K)->203749K(435984K)
[2026-05-06T01:33:26.687+0100][21.975s][info][gc,metaspace   ] GC(316) Metaspace: 19175K(19520K)->19175K(19520K) NonClass: 16935K(17152K)->16935K(17152K) Class: 2240K(2368K)->2240K(2368K)
[2026-05-06T01:33:26.687+0100][21.975s][info][gc             ] GC(316) Pause Young (Allocation Failure) 350M->198M(617M) 0.149ms
[2026-05-06T01:33:26.687+0100][21.975s][info][gc,cpu         ] GC(316) User=0.00s Sys=0.00s Real=0.00s
[2026-05-06T01:33:26.717+0100][22.006s][info][gc,start       ] GC(317) Pause Young (Allocation Failure)
[2026-05-06T01:33:26.717+0100][22.006s][info][gc,heap        ] GC(317) DefNew: 155432K(196288K)->6K(196288K) Eden: 155425K(174528K)->0K(174528K) From: 6K(21760K)->6K(21760K)
[2026-05-06T01:33:26.717+0100][22.006s][info][gc,heap        ] GC(317) Tenured: 203749K(435984K)->203749K(435984K)
[2026-05-06T01:33:26.717+0100][22.006s][info][gc,metaspace   ] GC(317) Metaspace: 19175K(19520K)->19175K(19520K) NonClass: 16935K(17152K)->16935K(17152K) Class: 2240K(2368K)->2240K(2368K)
[2026-05-06T01:33:26.717+0100][22.006s][info][gc             ] GC(317) Pause Young (Allocation Failure) 350M->198M(617M) 0.144ms
[2026-05-06T01:33:26.717+0100][22.006s][info][gc,cpu         ] GC(317) User=0.00s Sys=0.00s Real=0.00s
[2026-05-06T01:33:26.748+0100][22.037s][info][gc,start       ] GC(318) Pause Young (Allocation Failure)
[2026-05-06T01:33:26.748+0100][22.037s][info][gc,heap        ] GC(318) DefNew: 155433K(196288K)->6K(196288K) Eden: 155427K(174528K)->0K(174528K) From: 6K(21760K)->6K(21760K)
[2026-05-06T01:33:26.748+0100][22.037s][info][gc,heap        ] GC(318) Tenured: 203749K(435984K)->203749K(435984K)
[2026-05-06T01:33:26.748+0100][22.037s][info][gc,metaspace   ] GC(318) Metaspace: 19175K(19520K)->19175K(19520K) NonClass: 16935K(17152K)->16935K(17152K) Class: 2240K(2368K)->2240K(2368K)
[2026-05-06T01:33:26.748+0100][22.037s][info][gc             ] GC(318) Pause Young (Allocation Failure) 350M->198M(617M) 0.158ms
[2026-05-06T01:33:26.748+0100][22.037s][info][gc,cpu         ] GC(318) User=0.00s Sys=0.00s Real=0.00s
[2026-05-06T01:33:26.780+0100][22.069s][info][gc,start       ] GC(319) Pause Young (Allocation Failure)
[2026-05-06T01:33:26.780+0100][22.069s][info][gc,heap        ] GC(319) DefNew: 155434K(196288K)->6K(196288K) Eden: 155428K(174528K)->0K(174528K) From: 6K(21760K)->6K(21760K)
[2026-05-06T01:33:26.780+0100][22.069s][info][gc,heap        ] GC(319) Tenured: 203749K(435984K)->203749K(435984K)
[2026-05-06T01:33:26.780+0100][22.069s][info][gc,metaspace   ] GC(319) Metaspace: 19175K(19520K)->19175K(19520K) NonClass: 16935K(17152K)->16935K(17152K) Class: 2240K(2368K)->2240K(2368K)
[2026-05-06T01:33:26.780+0100][22.069s][info][gc             ] GC(319) Pause Young (Allocation Failure) 350M->198M(617M) 0.292ms
[2026-05-06T01:33:26.780+0100][22.069s][info][gc,cpu         ] GC(319) User=0.00s Sys=0.00s Real=0.00s
[2026-05-06T01:33:26.811+0100][22.100s][info][gc,start       ] GC(320) Pause Young (Allocation Failure)
[2026-05-06T01:33:26.812+0100][22.100s][info][gc,heap        ] GC(320) DefNew: 155435K(196288K)->6K(196288K) Eden: 155428K(174528K)->0K(174528K) From: 6K(21760K)->6K(21760K)
[2026-05-06T01:33:26.812+0100][22.100s][info][gc,heap        ] GC(320) Tenured: 203749K(435984K)->203749K(435984K)
[2026-05-06T01:33:26.812+0100][22.100s][info][gc,metaspace   ] GC(320) Metaspace: 19175K(19520K)->19175K(19520K) NonClass: 16935K(17152K)->16935K(17152K) Class: 2240K(2368K)->2240K(2368K)
[2026-05-06T01:33:26.812+0100][22.100s][info][gc             ] GC(320) Pause Young (Allocation Failure) 350M->198M(617M) 0.190ms
[2026-05-06T01:33:26.812+0100][22.100s][info][gc,cpu         ] GC(320) User=0.00s Sys=0.00s Real=0.00s
[2026-05-06T01:33:26.842+0100][22.131s][info][gc,start       ] GC(321) Pause Young (Allocation Failure)
[2026-05-06T01:33:26.842+0100][22.131s][info][gc,heap        ] GC(321) DefNew: 155435K(196288K)->6K(196288K) Eden: 155429K(174528K)->0K(174528K) From: 6K(21760K)->6K(21760K)
[2026-05-06T01:33:26.842+0100][22.131s][info][gc,heap        ] GC(321) Tenured: 203749K(435984K)->203749K(435984K)
[2026-05-06T01:33:26.842+0100][22.131s][info][gc,metaspace   ] GC(321) Metaspace: 19175K(19520K)->19175K(19520K) NonClass: 16935K(17152K)->16935K(17152K) Class: 2240K(2368K)->2240K(2368K)
[2026-05-06T01:33:26.842+0100][22.131s][info][gc             ] GC(321) Pause Young (Allocation Failure) 350M->198M(617M) 0.168ms
[2026-05-06T01:33:26.842+0100][22.131s][info][gc,cpu         ] GC(321) User=0.00s Sys=0.00s Real=0.00s
[2026-05-06T01:33:26.875+0100][22.164s][info][gc,start       ] GC(322) Pause Young (Allocation Failure)
[2026-05-06T01:33:26.876+0100][22.164s][info][gc,heap        ] GC(322) DefNew: 152325K(196288K)->1K(196288K) Eden: 152318K(174528K)->0K(174528K) From: 6K(21760K)->1K(21760K)
[2026-05-06T01:33:26.876+0100][22.164s][info][gc,heap        ] GC(322) Tenured: 203749K(435984K)->203749K(435984K)
[2026-05-06T01:33:26.876+0100][22.164s][info][gc,metaspace   ] GC(322) Metaspace: 19175K(19520K)->19175K(19520K) NonClass: 16935K(17152K)->16935K(17152K) Class: 2240K(2368K)->2240K(2368K)
[2026-05-06T01:33:26.876+0100][22.164s][info][gc             ] GC(322) Pause Young (Allocation Failure) 347M->198M(617M) 0.212ms
[2026-05-06T01:33:26.876+0100][22.164s][info][gc,cpu         ] GC(322) User=0.00s Sys=0.00s Real=0.00s
[2026-05-06T01:33:26.903+0100][22.192s][info][gc,start       ] GC(323) Pause Young (Allocation Failure)
[2026-05-06T01:33:26.903+0100][22.192s][info][gc,heap        ] GC(323) DefNew: 150792K(196288K)->1K(196288K) Eden: 150791K(174528K)->0K(174528K) From: 1K(21760K)->1K(21760K)
[2026-05-06T01:33:26.903+0100][22.192s][info][gc,heap        ] GC(323) Tenured: 203749K(435984K)->203749K(435984K)
[2026-05-06T01:33:26.903+0100][22.192s][info][gc,metaspace   ] GC(323) Metaspace: 19175K(19520K)->19175K(19520K) NonClass: 16935K(17152K)->16935K(17152K) Class: 2240K(2368K)->2240K(2368K)
[2026-05-06T01:33:26.903+0100][22.192s][info][gc             ] GC(323) Pause Young (Allocation Failure) 346M->198M(617M) 0.180ms
[2026-05-06T01:33:26.903+0100][22.192s][info][gc,cpu         ] GC(323) User=0.00s Sys=0.00s Real=0.00s
[2026-05-06T01:33:26.932+0100][22.220s][info][gc,start       ] GC(324) Pause Young (Allocation Failure)
[2026-05-06T01:33:26.932+0100][22.221s][info][gc,heap        ] GC(324) DefNew: 150820K(196288K)->1K(196288K) Eden: 150818K(174528K)->0K(174528K) From: 1K(21760K)->1K(21760K)
[2026-05-06T01:33:26.932+0100][22.221s][info][gc,heap        ] GC(324) Tenured: 203749K(435984K)->203749K(435984K)
[2026-05-06T01:33:26.932+0100][22.221s][info][gc,metaspace   ] GC(324) Metaspace: 19175K(19520K)->19175K(19520K) NonClass: 16935K(17152K)->16935K(17152K) Class: 2240K(2368K)->2240K(2368K)
[2026-05-06T01:33:26.932+0100][22.221s][info][gc             ] GC(324) Pause Young (Allocation Failure) 346M->198M(617M) 0.188ms
[2026-05-06T01:33:26.932+0100][22.221s][info][gc,cpu         ] GC(324) User=0.00s Sys=0.00s Real=0.00s
[2026-05-06T01:33:26.950+0100][22.239s][info][gc,start       ] GC(325) Pause Full (System.gc())
[2026-05-06T01:33:26.950+0100][22.239s][info][gc,phases,start] GC(325) Phase 1: Mark live objects
[2026-05-06T01:33:26.955+0100][22.244s][info][gc,phases      ] GC(325) Phase 1: Mark live objects 5.183ms
[2026-05-06T01:33:26.955+0100][22.244s][info][gc,phases,start] GC(325) Phase 2: Compute new object addresses
[2026-05-06T01:33:26.957+0100][22.245s][info][gc,phases      ] GC(325) Phase 2: Compute new object addresses 1.397ms
[2026-05-06T01:33:26.957+0100][22.245s][info][gc,phases,start] GC(325) Phase 3: Adjust pointers
[2026-05-06T01:33:26.961+0100][22.249s][info][gc,phases      ] GC(325) Phase 3: Adjust pointers 3.853ms
[2026-05-06T01:33:26.961+0100][22.249s][info][gc,phases,start] GC(325) Phase 4: Move objects
[2026-05-06T01:33:26.961+0100][22.249s][info][gc,phases      ] GC(325) Phase 4: Move objects 0.009ms
[2026-05-06T01:33:26.961+0100][22.249s][info][gc,heap        ] GC(325) DefNew: 150837K(196288K)->0K(196288K) Eden: 150836K(174528K)->0K(174528K) From: 1K(21760K)->0K(21760K)
[2026-05-06T01:33:26.961+0100][22.249s][info][gc,heap        ] GC(325) Tenured: 203749K(435984K)->203750K(435984K)
[2026-05-06T01:33:26.961+0100][22.249s][info][gc,metaspace   ] GC(325) Metaspace: 19175K(19520K)->19175K(19520K) NonClass: 16935K(17152K)->16935K(17152K) Class: 2240K(2368K)->2240K(2368K)
[2026-05-06T01:33:26.961+0100][22.249s][info][gc             ] GC(325) Pause Full (System.gc()) 346M->198M(617M) 10.547ms
[2026-05-06T01:33:26.961+0100][22.249s][info][gc,cpu         ] GC(325) User=0.01s Sys=0.00s Real=0.01s
[2026-05-06T01:33:26.998+0100][22.286s][info][gc,start       ] GC(326) Pause Young (Allocation Failure)
[2026-05-06T01:33:26.998+0100][22.286s][info][gc,heap        ] GC(326) DefNew: 150848K(196288K)->1K(196288K) Eden: 150848K(174528K)->0K(174528K) From: 0K(21760K)->1K(21760K)
[2026-05-06T01:33:26.998+0100][22.286s][info][gc,heap        ] GC(326) Tenured: 203750K(435984K)->203750K(435984K)
[2026-05-06T01:33:26.998+0100][22.286s][info][gc,metaspace   ] GC(326) Metaspace: 19175K(19520K)->19175K(19520K) NonClass: 16935K(17152K)->16935K(17152K) Class: 2240K(2368K)->2240K(2368K)
[2026-05-06T01:33:26.998+0100][22.287s][info][gc             ] GC(326) Pause Young (Allocation Failure) 346M->198M(617M) 0.168ms
[2026-05-06T01:33:26.998+0100][22.287s][info][gc,cpu         ] GC(326) User=0.00s Sys=0.00s Real=0.00s
[2026-05-06T01:33:27.024+0100][22.313s][info][gc,start       ] GC(327) Pause Young (Allocation Failure)
[2026-05-06T01:33:27.024+0100][22.313s][info][gc,heap        ] GC(327) DefNew: 150856K(196288K)->1K(196288K) Eden: 150855K(174528K)->0K(174528K) From: 1K(21760K)->1K(21760K)
[2026-05-06T01:33:27.024+0100][22.313s][info][gc,heap        ] GC(327) Tenured: 203750K(435984K)->203750K(435984K)
[2026-05-06T01:33:27.024+0100][22.313s][info][gc,metaspace   ] GC(327) Metaspace: 19175K(19520K)->19175K(19520K) NonClass: 16935K(17152K)->16935K(17152K) Class: 2240K(2368K)->2240K(2368K)
[2026-05-06T01:33:27.024+0100][22.313s][info][gc             ] GC(327) Pause Young (Allocation Failure) 346M->198M(617M) 0.130ms
[2026-05-06T01:33:27.024+0100][22.313s][info][gc,cpu         ] GC(327) User=0.00s Sys=0.00s Real=0.00s
[2026-05-06T01:33:27.050+0100][22.339s][info][gc,start       ] GC(328) Pause Young (Allocation Failure)
[2026-05-06T01:33:27.051+0100][22.339s][info][gc,heap        ] GC(328) DefNew: 150861K(196288K)->1K(196288K) Eden: 150860K(174528K)->0K(174528K) From: 1K(21760K)->1K(21760K)
[2026-05-06T01:33:27.051+0100][22.339s][info][gc,heap        ] GC(328) Tenured: 203750K(435984K)->203750K(435984K)
[2026-05-06T01:33:27.051+0100][22.339s][info][gc,metaspace   ] GC(328) Metaspace: 19175K(19520K)->19175K(19520K) NonClass: 16935K(17152K)->16935K(17152K) Class: 2240K(2368K)->2240K(2368K)
[2026-05-06T01:33:27.051+0100][22.339s][info][gc             ] GC(328) Pause Young (Allocation Failure) 346M->198M(617M) 0.116ms
[2026-05-06T01:33:27.051+0100][22.339s][info][gc,cpu         ] GC(328) User=0.00s Sys=0.00s Real=0.00s
[2026-05-06T01:33:27.077+0100][22.366s][info][gc,start       ] GC(329) Pause Young (Allocation Failure)
[2026-05-06T01:33:27.077+0100][22.366s][info][gc,heap        ] GC(329) DefNew: 150864K(196288K)->1K(196288K) Eden: 150863K(174528K)->0K(174528K) From: 1K(21760K)->1K(21760K)
[2026-05-06T01:33:27.077+0100][22.366s][info][gc,heap        ] GC(329) Tenured: 203750K(435984K)->203750K(435984K)
[2026-05-06T01:33:27.077+0100][22.366s][info][gc,metaspace   ] GC(329) Metaspace: 19175K(19520K)->19175K(19520K) NonClass: 16935K(17152K)->16935K(17152K) Class: 2240K(2368K)->2240K(2368K)
[2026-05-06T01:33:27.077+0100][22.366s][info][gc             ] GC(329) Pause Young (Allocation Failure) 346M->198M(617M) 0.139ms
[2026-05-06T01:33:27.077+0100][22.366s][info][gc,cpu         ] GC(329) User=0.00s Sys=0.00s Real=0.00s
[2026-05-06T01:33:27.106+0100][22.394s][info][gc,start       ] GC(330) Pause Young (Allocation Failure)
[2026-05-06T01:33:27.106+0100][22.395s][info][gc,heap        ] GC(330) DefNew: 150866K(196288K)->1K(196288K) Eden: 150865K(174528K)->0K(174528K) From: 1K(21760K)->1K(21760K)
[2026-05-06T01:33:27.106+0100][22.395s][info][gc,heap        ] GC(330) Tenured: 203750K(435984K)->203750K(435984K)
[2026-05-06T01:33:27.106+0100][22.395s][info][gc,metaspace   ] GC(330) Metaspace: 19175K(19520K)->19175K(19520K) NonClass: 16935K(17152K)->16935K(17152K) Class: 2240K(2368K)->2240K(2368K)
[2026-05-06T01:33:27.106+0100][22.395s][info][gc             ] GC(330) Pause Young (Allocation Failure) 346M->198M(617M) 0.190ms
[2026-05-06T01:33:27.106+0100][22.395s][info][gc,cpu         ] GC(330) User=0.00s Sys=0.00s Real=0.00s
[2026-05-06T01:33:27.134+0100][22.423s][info][gc,start       ] GC(331) Pause Young (Allocation Failure)
[2026-05-06T01:33:27.134+0100][22.423s][info][gc,heap        ] GC(331) DefNew: 150867K(196288K)->1K(196288K) Eden: 150866K(174528K)->0K(174528K) From: 1K(21760K)->1K(21760K)
[2026-05-06T01:33:27.134+0100][22.423s][info][gc,heap        ] GC(331) Tenured: 203750K(435984K)->203750K(435984K)
[2026-05-06T01:33:27.134+0100][22.423s][info][gc,metaspace   ] GC(331) Metaspace: 19175K(19520K)->19175K(19520K) NonClass: 16935K(17152K)->16935K(17152K) Class: 2240K(2368K)->2240K(2368K)
[2026-05-06T01:33:27.134+0100][22.423s][info][gc             ] GC(331) Pause Young (Allocation Failure) 346M->198M(617M) 0.204ms
[2026-05-06T01:33:27.134+0100][22.423s][info][gc,cpu         ] GC(331) User=0.00s Sys=0.00s Real=0.00s
[2026-05-06T01:33:27.164+0100][22.452s][info][gc,start       ] GC(332) Pause Young (Allocation Failure)
[2026-05-06T01:33:27.164+0100][22.453s][info][gc,heap        ] GC(332) DefNew: 150868K(196288K)->1K(196288K) Eden: 150867K(174528K)->0K(174528K) From: 1K(21760K)->1K(21760K)
[2026-05-06T01:33:27.164+0100][22.453s][info][gc,heap        ] GC(332) Tenured: 203750K(435984K)->203750K(435984K)
[2026-05-06T01:33:27.164+0100][22.453s][info][gc,metaspace   ] GC(332) Metaspace: 19175K(19520K)->19175K(19520K) NonClass: 16935K(17152K)->16935K(17152K) Class: 2240K(2368K)->2240K(2368K)
[2026-05-06T01:33:27.164+0100][22.453s][info][gc             ] GC(332) Pause Young (Allocation Failure) 346M->198M(617M) 0.206ms
[2026-05-06T01:33:27.164+0100][22.453s][info][gc,cpu         ] GC(332) User=0.00s Sys=0.00s Real=0.00s
[2026-05-06T01:33:27.192+0100][22.480s][info][gc,start       ] GC(333) Pause Young (Allocation Failure)
[2026-05-06T01:33:27.192+0100][22.481s][info][gc,heap        ] GC(333) DefNew: 150868K(196288K)->1K(196288K) Eden: 150867K(174528K)->0K(174528K) From: 1K(21760K)->1K(21760K)
[2026-05-06T01:33:27.192+0100][22.481s][info][gc,heap        ] GC(333) Tenured: 203750K(435984K)->203750K(435984K)
[2026-05-06T01:33:27.192+0100][22.481s][info][gc,metaspace   ] GC(333) Metaspace: 19175K(19520K)->19175K(19520K) NonClass: 16935K(17152K)->16935K(17152K) Class: 2240K(2368K)->2240K(2368K)
[2026-05-06T01:33:27.192+0100][22.481s][info][gc             ] GC(333) Pause Young (Allocation Failure) 346M->198M(617M) 0.204ms
[2026-05-06T01:33:27.192+0100][22.481s][info][gc,cpu         ] GC(333) User=0.00s Sys=0.00s Real=0.00s
[2026-05-06T01:33:27.220+0100][22.509s][info][gc,start       ] GC(334) Pause Young (Allocation Failure)
[2026-05-06T01:33:27.220+0100][22.509s][info][gc,heap        ] GC(334) DefNew: 150869K(196288K)->1K(196288K) Eden: 150867K(174528K)->0K(174528K) From: 1K(21760K)->1K(21760K)
[2026-05-06T01:33:27.220+0100][22.509s][info][gc,heap        ] GC(334) Tenured: 203750K(435984K)->203750K(435984K)
[2026-05-06T01:33:27.220+0100][22.509s][info][gc,metaspace   ] GC(334) Metaspace: 19175K(19520K)->19175K(19520K) NonClass: 16935K(17152K)->16935K(17152K) Class: 2240K(2368K)->2240K(2368K)
[2026-05-06T01:33:27.220+0100][22.509s][info][gc             ] GC(334) Pause Young (Allocation Failure) 346M->198M(617M) 0.216ms
[2026-05-06T01:33:27.220+0100][22.509s][info][gc,cpu         ] GC(334) User=0.00s Sys=0.00s Real=0.00s
[2026-05-06T01:33:27.248+0100][22.537s][info][gc,start       ] GC(335) Pause Young (Allocation Failure)
[2026-05-06T01:33:27.248+0100][22.537s][info][gc,heap        ] GC(335) DefNew: 174529K(196288K)->13K(196288K) Eden: 174528K(174528K)->0K(174528K) From: 1K(21760K)->13K(21760K)
[2026-05-06T01:33:27.248+0100][22.537s][info][gc,heap        ] GC(335) Tenured: 203750K(435984K)->203750K(435984K)
[2026-05-06T01:33:27.248+0100][22.537s][info][gc,metaspace   ] GC(335) Metaspace: 19175K(19520K)->19175K(19520K) NonClass: 16935K(17152K)->16935K(17152K) Class: 2240K(2368K)->2240K(2368K)
[2026-05-06T01:33:27.248+0100][22.537s][info][gc             ] GC(335) Pause Young (Allocation Failure) 369M->198M(617M) 0.278ms
[2026-05-06T01:33:27.248+0100][22.537s][info][gc,cpu         ] GC(335) User=0.00s Sys=0.00s Real=0.00s
[2026-05-06T01:33:27.280+0100][22.569s][info][gc,start       ] GC(336) Pause Young (Allocation Failure)
[2026-05-06T01:33:27.281+0100][22.569s][info][gc,heap        ] GC(336) DefNew: 174541K(196288K)->5K(196288K) Eden: 174528K(174528K)->0K(174528K) From: 13K(21760K)->5K(21760K)
[2026-05-06T01:33:27.281+0100][22.569s][info][gc,heap        ] GC(336) Tenured: 203750K(435984K)->203750K(435984K)
[2026-05-06T01:33:27.281+0100][22.569s][info][gc,metaspace   ] GC(336) Metaspace: 19175K(19520K)->19175K(19520K) NonClass: 16935K(17152K)->16935K(17152K) Class: 2240K(2368K)->2240K(2368K)
[2026-05-06T01:33:27.281+0100][22.569s][info][gc             ] GC(336) Pause Young (Allocation Failure) 369M->198M(617M) 0.333ms
[2026-05-06T01:33:27.281+0100][22.569s][info][gc,cpu         ] GC(336) User=0.00s Sys=0.00s Real=0.00s
[2026-05-06T01:33:27.317+0100][22.606s][info][gc,start       ] GC(337) Pause Young (Allocation Failure)
[2026-05-06T01:33:27.317+0100][22.606s][info][gc,heap        ] GC(337) DefNew: 174533K(196288K)->8K(196288K) Eden: 174528K(174528K)->0K(174528K) From: 5K(21760K)->8K(21760K)
[2026-05-06T01:33:27.317+0100][22.606s][info][gc,heap        ] GC(337) Tenured: 203750K(435984K)->203750K(435984K)
[2026-05-06T01:33:27.317+0100][22.606s][info][gc,metaspace   ] GC(337) Metaspace: 19175K(19520K)->19175K(19520K) NonClass: 16935K(17152K)->16935K(17152K) Class: 2240K(2368K)->2240K(2368K)
[2026-05-06T01:33:27.317+0100][22.606s][info][gc             ] GC(337) Pause Young (Allocation Failure) 369M->198M(617M) 0.269ms
[2026-05-06T01:33:27.317+0100][22.606s][info][gc,cpu         ] GC(337) User=0.00s Sys=0.00s Real=0.00s
[2026-05-06T01:33:27.335+0100][22.623s][info][gc,start       ] GC(338) Pause Full (System.gc())
[2026-05-06T01:33:27.335+0100][22.623s][info][gc,phases,start] GC(338) Phase 1: Mark live objects
[2026-05-06T01:33:27.340+0100][22.629s][info][gc,phases      ] GC(338) Phase 1: Mark live objects 5.776ms
[2026-05-06T01:33:27.340+0100][22.629s][info][gc,phases,start] GC(338) Phase 2: Compute new object addresses
[2026-05-06T01:33:27.342+0100][22.631s][info][gc,phases      ] GC(338) Phase 2: Compute new object addresses 1.508ms
[2026-05-06T01:33:27.342+0100][22.631s][info][gc,phases,start] GC(338) Phase 3: Adjust pointers
[2026-05-06T01:33:27.346+0100][22.635s][info][gc,phases      ] GC(338) Phase 3: Adjust pointers 4.417ms
[2026-05-06T01:33:27.346+0100][22.635s][info][gc,phases,start] GC(338) Phase 4: Move objects
[2026-05-06T01:33:27.346+0100][22.635s][info][gc,phases      ] GC(338) Phase 4: Move objects 0.012ms
[2026-05-06T01:33:27.346+0100][22.635s][info][gc,heap        ] GC(338) DefNew: 156940K(196288K)->0K(196352K) Eden: 156932K(174528K)->0K(174592K) From: 8K(21760K)->0K(21760K)
[2026-05-06T01:33:27.346+0100][22.635s][info][gc,heap        ] GC(338) Tenured: 203750K(435984K)->203757K(435984K)
[2026-05-06T01:33:27.346+0100][22.635s][info][gc,metaspace   ] GC(338) Metaspace: 19175K(19520K)->19175K(19520K) NonClass: 16935K(17152K)->16935K(17152K) Class: 2240K(2368K)->2240K(2368K)
[2026-05-06T01:33:27.346+0100][22.635s][info][gc             ] GC(338) Pause Full (System.gc()) 352M->198M(617M) 11.905ms
[2026-05-06T01:33:27.346+0100][22.635s][info][gc,cpu         ] GC(338) User=0.01s Sys=0.00s Real=0.01s
[2026-05-06T01:33:27.389+0100][22.678s][info][gc,start       ] GC(339) Pause Young (Allocation Failure)
[2026-05-06T01:33:27.390+0100][22.678s][info][gc,heap        ] GC(339) DefNew: 164391K(196352K)->8K(196352K) Eden: 164391K(174592K)->0K(174592K) From: 0K(21760K)->8K(21760K)
[2026-05-06T01:33:27.390+0100][22.678s][info][gc,heap        ] GC(339) Tenured: 203757K(435984K)->203757K(435984K)
[2026-05-06T01:33:27.390+0100][22.678s][info][gc,metaspace   ] GC(339) Metaspace: 19175K(19520K)->19175K(19520K) NonClass: 16935K(17152K)->16935K(17152K) Class: 2240K(2368K)->2240K(2368K)
[2026-05-06T01:33:27.390+0100][22.678s][info][gc             ] GC(339) Pause Young (Allocation Failure) 359M->198M(617M) 0.292ms
[2026-05-06T01:33:27.390+0100][22.678s][info][gc,cpu         ] GC(339) User=0.00s Sys=0.00s Real=0.01s
[2026-05-06T01:33:27.416+0100][22.705s][info][gc,start       ] GC(340) Pause Young (Allocation Failure)
[2026-05-06T01:33:27.417+0100][22.705s][info][gc,heap        ] GC(340) DefNew: 156860K(196352K)->8K(196352K) Eden: 156852K(174592K)->0K(174592K) From: 8K(21760K)->8K(21760K)
[2026-05-06T01:33:27.417+0100][22.705s][info][gc,heap        ] GC(340) Tenured: 203757K(435984K)->203757K(435984K)
[2026-05-06T01:33:27.417+0100][22.705s][info][gc,metaspace   ] GC(340) Metaspace: 19175K(19520K)->19175K(19520K) NonClass: 16935K(17152K)->16935K(17152K) Class: 2240K(2368K)->2240K(2368K)
[2026-05-06T01:33:27.417+0100][22.705s][info][gc             ] GC(340) Pause Young (Allocation Failure) 352M->198M(617M) 0.275ms
[2026-05-06T01:33:27.417+0100][22.705s][info][gc,cpu         ] GC(340) User=0.00s Sys=0.00s Real=0.00s
[2026-05-06T01:33:27.446+0100][22.735s][info][gc,start       ] GC(341) Pause Young (Allocation Failure)
[2026-05-06T01:33:27.446+0100][22.735s][info][gc,heap        ] GC(341) DefNew: 156429K(196352K)->8K(196352K) Eden: 156421K(174592K)->0K(174592K) From: 8K(21760K)->8K(21760K)
[2026-05-06T01:33:27.446+0100][22.735s][info][gc,heap        ] GC(341) Tenured: 203757K(435984K)->203757K(435984K)
[2026-05-06T01:33:27.446+0100][22.735s][info][gc,metaspace   ] GC(341) Metaspace: 19175K(19520K)->19175K(19520K) NonClass: 16935K(17152K)->16935K(17152K) Class: 2240K(2368K)->2240K(2368K)
[2026-05-06T01:33:27.446+0100][22.735s][info][gc             ] GC(341) Pause Young (Allocation Failure) 351M->198M(617M) 0.296ms
[2026-05-06T01:33:27.446+0100][22.735s][info][gc,cpu         ] GC(341) User=0.00s Sys=0.00s Real=0.00s
[2026-05-06T01:33:27.480+0100][22.769s][info][gc,start       ] GC(342) Pause Young (Allocation Failure)
[2026-05-06T01:33:27.481+0100][22.770s][info][gc,heap        ] GC(342) DefNew: 156115K(196352K)->8K(196352K) Eden: 156107K(174592K)->0K(174592K) From: 8K(21760K)->8K(21760K)
[2026-05-06T01:33:27.481+0100][22.770s][info][gc,heap        ] GC(342) Tenured: 203757K(435984K)->203757K(435984K)
[2026-05-06T01:33:27.481+0100][22.770s][info][gc,metaspace   ] GC(342) Metaspace: 19175K(19520K)->19175K(19520K) NonClass: 16935K(17152K)->16935K(17152K) Class: 2240K(2368K)->2240K(2368K)
[2026-05-06T01:33:27.481+0100][22.770s][info][gc             ] GC(342) Pause Young (Allocation Failure) 351M->198M(617M) 0.587ms
[2026-05-06T01:33:27.481+0100][22.770s][info][gc,cpu         ] GC(342) User=0.00s Sys=0.00s Real=0.00s
[2026-05-06T01:33:27.518+0100][22.807s][info][gc,start       ] GC(343) Pause Young (Allocation Failure)
[2026-05-06T01:33:27.518+0100][22.807s][info][gc,heap        ] GC(343) DefNew: 155965K(196352K)->8K(196352K) Eden: 155957K(174592K)->0K(174592K) From: 8K(21760K)->8K(21760K)
[2026-05-06T01:33:27.519+0100][22.807s][info][gc,heap        ] GC(343) Tenured: 203757K(435984K)->203757K(435984K)
[2026-05-06T01:33:27.519+0100][22.807s][info][gc,metaspace   ] GC(343) Metaspace: 19175K(19520K)->19175K(19520K) NonClass: 16935K(17152K)->16935K(17152K) Class: 2240K(2368K)->2240K(2368K)
[2026-05-06T01:33:27.519+0100][22.807s][info][gc             ] GC(343) Pause Young (Allocation Failure) 351M->198M(617M) 0.280ms
[2026-05-06T01:33:27.519+0100][22.807s][info][gc,cpu         ] GC(343) User=0.00s Sys=0.00s Real=0.00s
[2026-05-06T01:33:27.549+0100][22.837s][info][gc,start       ] GC(344) Pause Young (Allocation Failure)
[2026-05-06T01:33:27.549+0100][22.838s][info][gc,heap        ] GC(344) DefNew: 155692K(196352K)->8K(196352K) Eden: 155684K(174592K)->0K(174592K) From: 8K(21760K)->8K(21760K)
[2026-05-06T01:33:27.549+0100][22.838s][info][gc,heap        ] GC(344) Tenured: 203757K(435984K)->203757K(435984K)
[2026-05-06T01:33:27.549+0100][22.838s][info][gc,metaspace   ] GC(344) Metaspace: 19175K(19520K)->19175K(19520K) NonClass: 16935K(17152K)->16935K(17152K) Class: 2240K(2368K)->2240K(2368K)
[2026-05-06T01:33:27.549+0100][22.838s][info][gc             ] GC(344) Pause Young (Allocation Failure) 351M->198M(617M) 0.268ms
[2026-05-06T01:33:27.549+0100][22.838s][info][gc,cpu         ] GC(344) User=0.00s Sys=0.00s Real=0.00s
[2026-05-06T01:33:27.578+0100][22.867s][info][gc,start       ] GC(345) Pause Young (Allocation Failure)
[2026-05-06T01:33:27.579+0100][22.867s][info][gc,heap        ] GC(345) DefNew: 155560K(196352K)->8K(196352K) Eden: 155551K(174592K)->0K(174592K) From: 8K(21760K)->8K(21760K)
[2026-05-06T01:33:27.579+0100][22.867s][info][gc,heap        ] GC(345) Tenured: 203757K(435984K)->203757K(435984K)
[2026-05-06T01:33:27.579+0100][22.867s][info][gc,metaspace   ] GC(345) Metaspace: 19175K(19520K)->19175K(19520K) NonClass: 16935K(17152K)->16935K(17152K) Class: 2240K(2368K)->2240K(2368K)
[2026-05-06T01:33:27.579+0100][22.867s][info][gc             ] GC(345) Pause Young (Allocation Failure) 350M->198M(617M) 0.273ms
[2026-05-06T01:33:27.579+0100][22.867s][info][gc,cpu         ] GC(345) User=0.00s Sys=0.00s Real=0.00s
[2026-05-06T01:33:27.614+0100][22.903s][info][gc,start       ] GC(346) Pause Young (Allocation Failure)
[2026-05-06T01:33:27.614+0100][22.903s][info][gc,heap        ] GC(346) DefNew: 155569K(196352K)->8K(196352K) Eden: 155561K(174592K)->0K(174592K) From: 8K(21760K)->8K(21760K)
[2026-05-06T01:33:27.614+0100][22.903s][info][gc,heap        ] GC(346) Tenured: 203757K(435984K)->203757K(435984K)
[2026-05-06T01:33:27.614+0100][22.903s][info][gc,metaspace   ] GC(346) Metaspace: 19175K(19520K)->19175K(19520K) NonClass: 16935K(17152K)->16935K(17152K) Class: 2240K(2368K)->2240K(2368K)
[2026-05-06T01:33:27.614+0100][22.903s][info][gc             ] GC(346) Pause Young (Allocation Failure) 350M->198M(617M) 0.272ms
[2026-05-06T01:33:27.614+0100][22.903s][info][gc,cpu         ] GC(346) User=0.00s Sys=0.00s Real=0.00s
[2026-05-06T01:33:27.643+0100][22.932s][info][gc,start       ] GC(347) Pause Young (Allocation Failure)
[2026-05-06T01:33:27.643+0100][22.932s][info][gc,heap        ] GC(347) DefNew: 155575K(196352K)->8K(196352K) Eden: 155567K(174592K)->0K(174592K) From: 8K(21760K)->8K(21760K)
[2026-05-06T01:33:27.644+0100][22.932s][info][gc,heap        ] GC(347) Tenured: 203757K(435984K)->203757K(435984K)
[2026-05-06T01:33:27.644+0100][22.932s][info][gc,metaspace   ] GC(347) Metaspace: 19175K(19520K)->19175K(19520K) NonClass: 16935K(17152K)->16935K(17152K) Class: 2240K(2368K)->2240K(2368K)
[2026-05-06T01:33:27.644+0100][22.932s][info][gc             ] GC(347) Pause Young (Allocation Failure) 350M->198M(617M) 0.305ms
[2026-05-06T01:33:27.644+0100][22.932s][info][gc,cpu         ] GC(347) User=0.00s Sys=0.00s Real=0.00s
[2026-05-06T01:33:27.673+0100][22.962s][info][gc,start       ] GC(348) Pause Young (Allocation Failure)
[2026-05-06T01:33:27.674+0100][22.962s][info][gc,heap        ] GC(348) DefNew: 155579K(196352K)->8K(196352K) Eden: 155571K(174592K)->0K(174592K) From: 8K(21760K)->8K(21760K)
[2026-05-06T01:33:27.674+0100][22.962s][info][gc,heap        ] GC(348) Tenured: 203757K(435984K)->203757K(435984K)
[2026-05-06T01:33:27.674+0100][22.962s][info][gc,metaspace   ] GC(348) Metaspace: 19175K(19520K)->19175K(19520K) NonClass: 16935K(17152K)->16935K(17152K) Class: 2240K(2368K)->2240K(2368K)
[2026-05-06T01:33:27.674+0100][22.962s][info][gc             ] GC(348) Pause Young (Allocation Failure) 350M->198M(617M) 0.511ms
[2026-05-06T01:33:27.674+0100][22.962s][info][gc,cpu         ] GC(348) User=0.00s Sys=0.00s Real=0.00s
[2026-05-06T01:33:27.701+0100][22.990s][info][gc,start       ] GC(349) Pause Young (Allocation Failure)
[2026-05-06T01:33:27.701+0100][22.990s][info][gc,heap        ] GC(349) DefNew: 155582K(196352K)->8K(196352K) Eden: 155574K(174592K)->0K(174592K) From: 8K(21760K)->8K(21760K)
[2026-05-06T01:33:27.701+0100][22.990s][info][gc,heap        ] GC(349) Tenured: 203757K(435984K)->203757K(435984K)
[2026-05-06T01:33:27.701+0100][22.990s][info][gc,metaspace   ] GC(349) Metaspace: 19175K(19520K)->19175K(19520K) NonClass: 16935K(17152K)->16935K(17152K) Class: 2240K(2368K)->2240K(2368K)
[2026-05-06T01:33:27.701+0100][22.990s][info][gc             ] GC(349) Pause Young (Allocation Failure) 350M->198M(617M) 0.272ms
[2026-05-06T01:33:27.701+0100][22.990s][info][gc,cpu         ] GC(349) User=0.00s Sys=0.00s Real=0.00s
[2026-05-06T01:33:27.729+0100][23.018s][info][gc,start       ] GC(350) Pause Young (Allocation Failure)
[2026-05-06T01:33:27.729+0100][23.018s][info][gc,heap        ] GC(350) DefNew: 155584K(196352K)->8K(196352K) Eden: 155575K(174592K)->0K(174592K) From: 8K(21760K)->8K(21760K)
[2026-05-06T01:33:27.729+0100][23.018s][info][gc,heap        ] GC(350) Tenured: 203757K(435984K)->203757K(435984K)
[2026-05-06T01:33:27.729+0100][23.018s][info][gc,metaspace   ] GC(350) Metaspace: 19175K(19520K)->19175K(19520K) NonClass: 16935K(17152K)->16935K(17152K) Class: 2240K(2368K)->2240K(2368K)
[2026-05-06T01:33:27.729+0100][23.018s][info][gc             ] GC(350) Pause Young (Allocation Failure) 350M->198M(617M) 0.256ms
[2026-05-06T01:33:27.729+0100][23.018s][info][gc,cpu         ] GC(350) User=0.00s Sys=0.00s Real=0.00s
[2026-05-06T01:33:27.746+0100][23.034s][info][gc,start       ] GC(351) Pause Full (System.gc())
[2026-05-06T01:33:27.746+0100][23.034s][info][gc,phases,start] GC(351) Phase 1: Mark live objects
[2026-05-06T01:33:27.751+0100][23.040s][info][gc,phases      ] GC(351) Phase 1: Mark live objects 5.416ms
[2026-05-06T01:33:27.751+0100][23.040s][info][gc,phases,start] GC(351) Phase 2: Compute new object addresses
[2026-05-06T01:33:27.753+0100][23.041s][info][gc,phases      ] GC(351) Phase 2: Compute new object addresses 1.470ms
[2026-05-06T01:33:27.753+0100][23.041s][info][gc,phases,start] GC(351) Phase 3: Adjust pointers
[2026-05-06T01:33:27.757+0100][23.045s][info][gc,phases      ] GC(351) Phase 3: Adjust pointers 4.127ms
[2026-05-06T01:33:27.757+0100][23.045s][info][gc,phases,start] GC(351) Phase 4: Move objects
[2026-05-06T01:33:27.757+0100][23.045s][info][gc,phases      ] GC(351) Phase 4: Move objects 0.006ms
[2026-05-06T01:33:27.757+0100][23.045s][info][gc,heap        ] GC(351) DefNew: 152373K(196352K)->0K(196352K) Eden: 152364K(174592K)->0K(174592K) From: 8K(21760K)->0K(21760K)
[2026-05-06T01:33:27.757+0100][23.045s][info][gc,heap        ] GC(351) Tenured: 203757K(435984K)->203748K(435984K)
[2026-05-06T01:33:27.757+0100][23.045s][info][gc,metaspace   ] GC(351) Metaspace: 19175K(19520K)->19175K(19520K) NonClass: 16935K(17152K)->16935K(17152K) Class: 2240K(2368K)->2240K(2368K)
[2026-05-06T01:33:27.757+0100][23.045s][info][gc             ] GC(351) Pause Full (System.gc()) 347M->198M(617M) 11.153ms
[2026-05-06T01:33:27.757+0100][23.045s][info][gc,cpu         ] GC(351) User=0.01s Sys=0.00s Real=0.01s
[2026-05-06T01:33:27.797+0100][23.085s][info][gc,start       ] GC(352) Pause Young (Allocation Failure)
[2026-05-06T01:33:27.797+0100][23.086s][info][gc,heap        ] GC(352) DefNew: 157970K(196352K)->8K(196352K) Eden: 157970K(174592K)->0K(174592K) From: 0K(21760K)->8K(21760K)
[2026-05-06T01:33:27.797+0100][23.086s][info][gc,heap        ] GC(352) Tenured: 203748K(435984K)->203748K(435984K)
[2026-05-06T01:33:27.797+0100][23.086s][info][gc,metaspace   ] GC(352) Metaspace: 19175K(19520K)->19175K(19520K) NonClass: 16935K(17152K)->16935K(17152K) Class: 2240K(2368K)->2240K(2368K)
[2026-05-06T01:33:27.797+0100][23.086s][info][gc             ] GC(352) Pause Young (Allocation Failure) 353M->198M(617M) 0.218ms
[2026-05-06T01:33:27.797+0100][23.086s][info][gc,cpu         ] GC(352) User=0.00s Sys=0.00s Real=0.00s
[2026-05-06T01:33:27.824+0100][23.112s][info][gc,start       ] GC(353) Pause Young (Allocation Failure)
[2026-05-06T01:33:27.824+0100][23.113s][info][gc,heap        ] GC(353) DefNew: 155584K(196352K)->8K(196352K) Eden: 155576K(174592K)->0K(174592K) From: 8K(21760K)->8K(21760K)
[2026-05-06T01:33:27.824+0100][23.113s][info][gc,heap        ] GC(353) Tenured: 203748K(435984K)->203748K(435984K)
[2026-05-06T01:33:27.824+0100][23.113s][info][gc,metaspace   ] GC(353) Metaspace: 19175K(19520K)->19175K(19520K) NonClass: 16935K(17152K)->16935K(17152K) Class: 2240K(2368K)->2240K(2368K)
[2026-05-06T01:33:27.824+0100][23.113s][info][gc             ] GC(353) Pause Young (Allocation Failure) 350M->198M(617M) 0.243ms
[2026-05-06T01:33:27.824+0100][23.113s][info][gc,cpu         ] GC(353) User=0.00s Sys=0.00s Real=0.00s
[2026-05-06T01:33:27.853+0100][23.142s][info][gc,start       ] GC(354) Pause Young (Allocation Failure)
[2026-05-06T01:33:27.853+0100][23.142s][info][gc,heap        ] GC(354) DefNew: 155585K(196352K)->8K(196352K) Eden: 155577K(174592K)->0K(174592K) From: 8K(21760K)->8K(21760K)
[2026-05-06T01:33:27.854+0100][23.142s][info][gc,heap        ] GC(354) Tenured: 203748K(435984K)->203748K(435984K)
[2026-05-06T01:33:27.854+0100][23.142s][info][gc,metaspace   ] GC(354) Metaspace: 19175K(19520K)->19175K(19520K) NonClass: 16935K(17152K)->16935K(17152K) Class: 2240K(2368K)->2240K(2368K)
[2026-05-06T01:33:27.854+0100][23.142s][info][gc             ] GC(354) Pause Young (Allocation Failure) 350M->198M(617M) 0.341ms
[2026-05-06T01:33:27.854+0100][23.142s][info][gc,cpu         ] GC(354) User=0.00s Sys=0.00s Real=0.00s
[2026-05-06T01:33:27.882+0100][23.171s][info][gc,start       ] GC(355) Pause Young (Allocation Failure)
[2026-05-06T01:33:27.883+0100][23.171s][info][gc,heap        ] GC(355) DefNew: 155585K(196352K)->8K(196352K) Eden: 155577K(174592K)->0K(174592K) From: 8K(21760K)->8K(21760K)
[2026-05-06T01:33:27.883+0100][23.171s][info][gc,heap        ] GC(355) Tenured: 203748K(435984K)->203748K(435984K)
[2026-05-06T01:33:27.883+0100][23.171s][info][gc,metaspace   ] GC(355) Metaspace: 19175K(19520K)->19175K(19520K) NonClass: 16935K(17152K)->16935K(17152K) Class: 2240K(2368K)->2240K(2368K)
[2026-05-06T01:33:27.883+0100][23.171s][info][gc             ] GC(355) Pause Young (Allocation Failure) 350M->198M(617M) 0.234ms
[2026-05-06T01:33:27.883+0100][23.171s][info][gc,cpu         ] GC(355) User=0.00s Sys=0.00s Real=0.00s
[2026-05-06T01:33:27.913+0100][23.201s][info][gc,start       ] GC(356) Pause Young (Allocation Failure)
[2026-05-06T01:33:27.913+0100][23.201s][info][gc,heap        ] GC(356) DefNew: 155586K(196352K)->8K(196352K) Eden: 155578K(174592K)->0K(174592K) From: 8K(21760K)->8K(21760K)
[2026-05-06T01:33:27.913+0100][23.201s][info][gc,heap        ] GC(356) Tenured: 203748K(435984K)->203748K(435984K)
[2026-05-06T01:33:27.913+0100][23.201s][info][gc,metaspace   ] GC(356) Metaspace: 19175K(19520K)->19175K(19520K) NonClass: 16935K(17152K)->16935K(17152K) Class: 2240K(2368K)->2240K(2368K)
[2026-05-06T01:33:27.913+0100][23.201s][info][gc             ] GC(356) Pause Young (Allocation Failure) 350M->198M(617M) 0.245ms
[2026-05-06T01:33:27.913+0100][23.201s][info][gc,cpu         ] GC(356) User=0.00s Sys=0.00s Real=0.00s
[2026-05-06T01:33:27.942+0100][23.231s][info][gc,start       ] GC(357) Pause Young (Allocation Failure)
[2026-05-06T01:33:27.942+0100][23.231s][info][gc,heap        ] GC(357) DefNew: 155586K(196352K)->8K(196352K) Eden: 155578K(174592K)->0K(174592K) From: 8K(21760K)->8K(21760K)
[2026-05-06T01:33:27.942+0100][23.231s][info][gc,heap        ] GC(357) Tenured: 203748K(435984K)->203748K(435984K)
[2026-05-06T01:33:27.942+0100][23.231s][info][gc,metaspace   ] GC(357) Metaspace: 19175K(19520K)->19175K(19520K) NonClass: 16935K(17152K)->16935K(17152K) Class: 2240K(2368K)->2240K(2368K)
[2026-05-06T01:33:27.942+0100][23.231s][info][gc             ] GC(357) Pause Young (Allocation Failure) 350M->198M(617M) 0.249ms
[2026-05-06T01:33:27.942+0100][23.231s][info][gc,cpu         ] GC(357) User=0.00s Sys=0.00s Real=0.00s
[2026-05-06T01:33:27.971+0100][23.260s][info][gc,start       ] GC(358) Pause Young (Allocation Failure)
[2026-05-06T01:33:27.972+0100][23.260s][info][gc,heap        ] GC(358) DefNew: 155586K(196352K)->8K(196352K) Eden: 155578K(174592K)->0K(174592K) From: 8K(21760K)->8K(21760K)
[2026-05-06T01:33:27.972+0100][23.260s][info][gc,heap        ] GC(358) Tenured: 203748K(435984K)->203748K(435984K)
[2026-05-06T01:33:27.972+0100][23.260s][info][gc,metaspace   ] GC(358) Metaspace: 19175K(19520K)->19175K(19520K) NonClass: 16935K(17152K)->16935K(17152K) Class: 2240K(2368K)->2240K(2368K)
[2026-05-06T01:33:27.972+0100][23.260s][info][gc             ] GC(358) Pause Young (Allocation Failure) 350M->198M(617M) 0.260ms
[2026-05-06T01:33:27.972+0100][23.260s][info][gc,cpu         ] GC(358) User=0.00s Sys=0.00s Real=0.00s
[2026-05-06T01:33:28.002+0100][23.291s][info][gc,start       ] GC(359) Pause Young (Allocation Failure)
[2026-05-06T01:33:28.002+0100][23.291s][info][gc,heap        ] GC(359) DefNew: 155586K(196352K)->8K(196352K) Eden: 155578K(174592K)->0K(174592K) From: 8K(21760K)->8K(21760K)
[2026-05-06T01:33:28.002+0100][23.291s][info][gc,heap        ] GC(359) Tenured: 203748K(435984K)->203748K(435984K)
[2026-05-06T01:33:28.002+0100][23.291s][info][gc,metaspace   ] GC(359) Metaspace: 19175K(19520K)->19175K(19520K) NonClass: 16935K(17152K)->16935K(17152K) Class: 2240K(2368K)->2240K(2368K)
[2026-05-06T01:33:28.002+0100][23.291s][info][gc             ] GC(359) Pause Young (Allocation Failure) 350M->198M(617M) 0.268ms
[2026-05-06T01:33:28.002+0100][23.291s][info][gc,cpu         ] GC(359) User=0.00s Sys=0.00s Real=0.00s
[2026-05-06T01:33:28.032+0100][23.320s][info][gc,start       ] GC(360) Pause Young (Allocation Failure)
[2026-05-06T01:33:28.032+0100][23.321s][info][gc,heap        ] GC(360) DefNew: 155586K(196352K)->8K(196352K) Eden: 155578K(174592K)->0K(174592K) From: 8K(21760K)->8K(21760K)
[2026-05-06T01:33:28.032+0100][23.321s][info][gc,heap        ] GC(360) Tenured: 203748K(435984K)->203748K(435984K)
[2026-05-06T01:33:28.032+0100][23.321s][info][gc,metaspace   ] GC(360) Metaspace: 19175K(19520K)->19175K(19520K) NonClass: 16935K(17152K)->16935K(17152K) Class: 2240K(2368K)->2240K(2368K)
[2026-05-06T01:33:28.032+0100][23.321s][info][gc             ] GC(360) Pause Young (Allocation Failure) 350M->198M(617M) 0.225ms
[2026-05-06T01:33:28.032+0100][23.321s][info][gc,cpu         ] GC(360) User=0.00s Sys=0.00s Real=0.00s
[2026-05-06T01:33:28.062+0100][23.351s][info][gc,start       ] GC(361) Pause Young (Allocation Failure)
[2026-05-06T01:33:28.062+0100][23.351s][info][gc,heap        ] GC(361) DefNew: 152374K(196352K)->1K(196352K) Eden: 152366K(174592K)->0K(174592K) From: 8K(21760K)->1K(21760K)
[2026-05-06T01:33:28.062+0100][23.351s][info][gc,heap        ] GC(361) Tenured: 203748K(435984K)->203748K(435984K)
[2026-05-06T01:33:28.062+0100][23.351s][info][gc,metaspace   ] GC(361) Metaspace: 19176K(19520K)->19176K(19520K) NonClass: 16935K(17152K)->16935K(17152K) Class: 2240K(2368K)->2240K(2368K)
[2026-05-06T01:33:28.062+0100][23.351s][info][gc             ] GC(361) Pause Young (Allocation Failure) 347M->198M(617M) 0.259ms
[2026-05-06T01:33:28.062+0100][23.351s][info][gc,cpu         ] GC(361) User=0.00s Sys=0.00s Real=0.00s
[2026-05-06T01:33:28.092+0100][23.381s][info][gc,start       ] GC(362) Pause Young (Allocation Failure)
[2026-05-06T01:33:28.092+0100][23.381s][info][gc,heap        ] GC(362) DefNew: 150791K(196352K)->1K(196352K) Eden: 150790K(174592K)->0K(174592K) From: 1K(21760K)->1K(21760K)
[2026-05-06T01:33:28.092+0100][23.381s][info][gc,heap        ] GC(362) Tenured: 203748K(435984K)->203748K(435984K)
[2026-05-06T01:33:28.092+0100][23.381s][info][gc,metaspace   ] GC(362) Metaspace: 19176K(19520K)->19176K(19520K) NonClass: 16935K(17152K)->16935K(17152K) Class: 2240K(2368K)->2240K(2368K)
[2026-05-06T01:33:28.092+0100][23.381s][info][gc             ] GC(362) Pause Young (Allocation Failure) 346M->198M(617M) 0.216ms
[2026-05-06T01:33:28.092+0100][23.381s][info][gc,cpu         ] GC(362) User=0.00s Sys=0.00s Real=0.00s
[2026-05-06T01:33:28.127+0100][23.415s][info][gc,start       ] GC(363) Pause Young (Allocation Failure)
[2026-05-06T01:33:28.127+0100][23.415s][info][gc,heap        ] GC(363) DefNew: 150820K(196352K)->1K(196352K) Eden: 150818K(174592K)->0K(174592K) From: 1K(21760K)->1K(21760K)
[2026-05-06T01:33:28.127+0100][23.415s][info][gc,heap        ] GC(363) Tenured: 203748K(435984K)->203748K(435984K)
[2026-05-06T01:33:28.127+0100][23.415s][info][gc,metaspace   ] GC(363) Metaspace: 19176K(19520K)->19176K(19520K) NonClass: 16935K(17152K)->16935K(17152K) Class: 2240K(2368K)->2240K(2368K)
[2026-05-06T01:33:28.127+0100][23.416s][info][gc             ] GC(363) Pause Young (Allocation Failure) 346M->198M(617M) 0.201ms
[2026-05-06T01:33:28.127+0100][23.416s][info][gc,cpu         ] GC(363) User=0.00s Sys=0.00s Real=0.00s
[2026-05-06T01:33:28.144+0100][23.433s][info][gc,start       ] GC(364) Pause Full (System.gc())
[2026-05-06T01:33:28.144+0100][23.433s][info][gc,phases,start] GC(364) Phase 1: Mark live objects
[2026-05-06T01:33:28.149+0100][23.438s][info][gc,phases      ] GC(364) Phase 1: Mark live objects 5.340ms
[2026-05-06T01:33:28.150+0100][23.438s][info][gc,phases,start] GC(364) Phase 2: Compute new object addresses
[2026-05-06T01:33:28.151+0100][23.440s][info][gc,phases      ] GC(364) Phase 2: Compute new object addresses 1.418ms
[2026-05-06T01:33:28.151+0100][23.440s][info][gc,phases,start] GC(364) Phase 3: Adjust pointers
[2026-05-06T01:33:28.155+0100][23.444s][info][gc,phases      ] GC(364) Phase 3: Adjust pointers 3.961ms
[2026-05-06T01:33:28.155+0100][23.444s][info][gc,phases,start] GC(364) Phase 4: Move objects
[2026-05-06T01:33:28.155+0100][23.444s][info][gc,phases      ] GC(364) Phase 4: Move objects 0.004ms
[2026-05-06T01:33:28.155+0100][23.444s][info][gc,heap        ] GC(364) DefNew: 150838K(196352K)->0K(196288K) Eden: 150837K(174592K)->0K(174528K) From: 1K(21760K)->0K(21760K)
[2026-05-06T01:33:28.155+0100][23.444s][info][gc,heap        ] GC(364) Tenured: 203748K(435984K)->203748K(435984K)
[2026-05-06T01:33:28.155+0100][23.444s][info][gc,metaspace   ] GC(364) Metaspace: 19176K(19520K)->19176K(19520K) NonClass: 16935K(17152K)->16935K(17152K) Class: 2240K(2368K)->2240K(2368K)
[2026-05-06T01:33:28.155+0100][23.444s][info][gc             ] GC(364) Pause Full (System.gc()) 346M->198M(617M) 10.841ms
[2026-05-06T01:33:28.155+0100][23.444s][info][gc,cpu         ] GC(364) User=0.01s Sys=0.00s Real=0.01s
[2026-05-06T01:33:28.193+0100][23.482s][info][gc,start       ] GC(365) Pause Young (Allocation Failure)
[2026-05-06T01:33:28.193+0100][23.482s][info][gc,heap        ] GC(365) DefNew: 150847K(196288K)->1K(196288K) Eden: 150847K(174528K)->0K(174528K) From: 0K(21760K)->1K(21760K)
[2026-05-06T01:33:28.193+0100][23.482s][info][gc,heap        ] GC(365) Tenured: 203748K(435984K)->203748K(435984K)
[2026-05-06T01:33:28.193+0100][23.482s][info][gc,metaspace   ] GC(365) Metaspace: 19176K(19520K)->19176K(19520K) NonClass: 16935K(17152K)->16935K(17152K) Class: 2240K(2368K)->2240K(2368K)
[2026-05-06T01:33:28.193+0100][23.482s][info][gc             ] GC(365) Pause Young (Allocation Failure) 346M->198M(617M) 0.184ms
[2026-05-06T01:33:28.193+0100][23.482s][info][gc,cpu         ] GC(365) User=0.00s Sys=0.00s Real=0.00s
[2026-05-06T01:33:28.221+0100][23.510s][info][gc,start       ] GC(366) Pause Young (Allocation Failure)
[2026-05-06T01:33:28.221+0100][23.510s][info][gc,heap        ] GC(366) DefNew: 150856K(196288K)->1K(196288K) Eden: 150854K(174528K)->0K(174528K) From: 1K(21760K)->1K(21760K)
[2026-05-06T01:33:28.221+0100][23.510s][info][gc,heap        ] GC(366) Tenured: 203748K(435984K)->203748K(435984K)
[2026-05-06T01:33:28.221+0100][23.510s][info][gc,metaspace   ] GC(366) Metaspace: 19176K(19520K)->19176K(19520K) NonClass: 16935K(17152K)->16935K(17152K) Class: 2240K(2368K)->2240K(2368K)
[2026-05-06T01:33:28.221+0100][23.510s][info][gc             ] GC(366) Pause Young (Allocation Failure) 346M->198M(617M) 0.173ms
[2026-05-06T01:33:28.221+0100][23.510s][info][gc,cpu         ] GC(366) User=0.00s Sys=0.00s Real=0.00s
[2026-05-06T01:33:28.249+0100][23.538s][info][gc,start       ] GC(367) Pause Young (Allocation Failure)
[2026-05-06T01:33:28.249+0100][23.538s][info][gc,heap        ] GC(367) DefNew: 150861K(196288K)->1K(196288K) Eden: 150860K(174528K)->0K(174528K) From: 1K(21760K)->1K(21760K)
[2026-05-06T01:33:28.249+0100][23.538s][info][gc,heap        ] GC(367) Tenured: 203748K(435984K)->203748K(435984K)
[2026-05-06T01:33:28.249+0100][23.538s][info][gc,metaspace   ] GC(367) Metaspace: 19176K(19520K)->19176K(19520K) NonClass: 16935K(17152K)->16935K(17152K) Class: 2240K(2368K)->2240K(2368K)
[2026-05-06T01:33:28.249+0100][23.538s][info][gc             ] GC(367) Pause Young (Allocation Failure) 346M->198M(617M) 0.170ms
[2026-05-06T01:33:28.249+0100][23.538s][info][gc,cpu         ] GC(367) User=0.00s Sys=0.00s Real=0.00s
[2026-05-06T01:33:28.275+0100][23.564s][info][gc,start       ] GC(368) Pause Young (Allocation Failure)
[2026-05-06T01:33:28.275+0100][23.564s][info][gc,heap        ] GC(368) DefNew: 150864K(196288K)->1K(196288K) Eden: 150863K(174528K)->0K(174528K) From: 1K(21760K)->1K(21760K)
[2026-05-06T01:33:28.275+0100][23.564s][info][gc,heap        ] GC(368) Tenured: 203748K(435984K)->203748K(435984K)
[2026-05-06T01:33:28.275+0100][23.564s][info][gc,metaspace   ] GC(368) Metaspace: 19176K(19520K)->19176K(19520K) NonClass: 16935K(17152K)->16935K(17152K) Class: 2240K(2368K)->2240K(2368K)
[2026-05-06T01:33:28.275+0100][23.564s][info][gc             ] GC(368) Pause Young (Allocation Failure) 346M->198M(617M) 0.192ms
[2026-05-06T01:33:28.275+0100][23.564s][info][gc,cpu         ] GC(368) User=0.00s Sys=0.00s Real=0.00s
[2026-05-06T01:33:28.301+0100][23.590s][info][gc,start       ] GC(369) Pause Young (Allocation Failure)
[2026-05-06T01:33:28.301+0100][23.590s][info][gc,heap        ] GC(369) DefNew: 150866K(196288K)->1K(196288K) Eden: 150865K(174528K)->0K(174528K) From: 1K(21760K)->1K(21760K)
[2026-05-06T01:33:28.301+0100][23.590s][info][gc,heap        ] GC(369) Tenured: 203748K(435984K)->203748K(435984K)
[2026-05-06T01:33:28.301+0100][23.590s][info][gc,metaspace   ] GC(369) Metaspace: 19176K(19520K)->19176K(19520K) NonClass: 16935K(17152K)->16935K(17152K) Class: 2240K(2368K)->2240K(2368K)
[2026-05-06T01:33:28.301+0100][23.590s][info][gc             ] GC(369) Pause Young (Allocation Failure) 346M->198M(617M) 0.167ms
[2026-05-06T01:33:28.301+0100][23.590s][info][gc,cpu         ] GC(369) User=0.00s Sys=0.00s Real=0.00s
[2026-05-06T01:33:28.329+0100][23.618s][info][gc,start       ] GC(370) Pause Young (Allocation Failure)
[2026-05-06T01:33:28.329+0100][23.618s][info][gc,heap        ] GC(370) DefNew: 150867K(196288K)->1K(196288K) Eden: 150866K(174528K)->0K(174528K) From: 1K(21760K)->1K(21760K)
[2026-05-06T01:33:28.329+0100][23.618s][info][gc,heap        ] GC(370) Tenured: 203748K(435984K)->203748K(435984K)
[2026-05-06T01:33:28.329+0100][23.618s][info][gc,metaspace   ] GC(370) Metaspace: 19176K(19520K)->19176K(19520K) NonClass: 16935K(17152K)->16935K(17152K) Class: 2240K(2368K)->2240K(2368K)
[2026-05-06T01:33:28.329+0100][23.618s][info][gc             ] GC(370) Pause Young (Allocation Failure) 346M->198M(617M) 0.217ms
[2026-05-06T01:33:28.329+0100][23.618s][info][gc,cpu         ] GC(370) User=0.00s Sys=0.00s Real=0.00s
[2026-05-06T01:33:28.355+0100][23.644s][info][gc,start       ] GC(371) Pause Young (Allocation Failure)
[2026-05-06T01:33:28.355+0100][23.644s][info][gc,heap        ] GC(371) DefNew: 150868K(196288K)->1K(196288K) Eden: 150867K(174528K)->0K(174528K) From: 1K(21760K)->1K(21760K)
[2026-05-06T01:33:28.355+0100][23.644s][info][gc,heap        ] GC(371) Tenured: 203748K(435984K)->203748K(435984K)
[2026-05-06T01:33:28.355+0100][23.644s][info][gc,metaspace   ] GC(371) Metaspace: 19176K(19520K)->19176K(19520K) NonClass: 16935K(17152K)->16935K(17152K) Class: 2240K(2368K)->2240K(2368K)
[2026-05-06T01:33:28.355+0100][23.644s][info][gc             ] GC(371) Pause Young (Allocation Failure) 346M->198M(617M) 0.164ms
[2026-05-06T01:33:28.355+0100][23.644s][info][gc,cpu         ] GC(371) User=0.00s Sys=0.00s Real=0.00s
[2026-05-06T01:33:28.382+0100][23.671s][info][gc,start       ] GC(372) Pause Young (Allocation Failure)
[2026-05-06T01:33:28.382+0100][23.671s][info][gc,heap        ] GC(372) DefNew: 150869K(196288K)->1K(196288K) Eden: 150867K(174528K)->0K(174528K) From: 1K(21760K)->1K(21760K)
[2026-05-06T01:33:28.382+0100][23.671s][info][gc,heap        ] GC(372) Tenured: 203748K(435984K)->203748K(435984K)
[2026-05-06T01:33:28.382+0100][23.671s][info][gc,metaspace   ] GC(372) Metaspace: 19176K(19520K)->19176K(19520K) NonClass: 16935K(17152K)->16935K(17152K) Class: 2240K(2368K)->2240K(2368K)
[2026-05-06T01:33:28.382+0100][23.671s][info][gc             ] GC(372) Pause Young (Allocation Failure) 346M->198M(617M) 0.153ms
[2026-05-06T01:33:28.382+0100][23.671s][info][gc,cpu         ] GC(372) User=0.00s Sys=0.00s Real=0.00s
[2026-05-06T01:33:28.410+0100][23.698s][info][gc,start       ] GC(373) Pause Young (Allocation Failure)
[2026-05-06T01:33:28.410+0100][23.698s][info][gc,heap        ] GC(373) DefNew: 150869K(196288K)->1K(196288K) Eden: 150868K(174528K)->0K(174528K) From: 1K(21760K)->1K(21760K)
[2026-05-06T01:33:28.410+0100][23.698s][info][gc,heap        ] GC(373) Tenured: 203748K(435984K)->203748K(435984K)
[2026-05-06T01:33:28.410+0100][23.698s][info][gc,metaspace   ] GC(373) Metaspace: 19176K(19520K)->19176K(19520K) NonClass: 16935K(17152K)->16935K(17152K) Class: 2240K(2368K)->2240K(2368K)
[2026-05-06T01:33:28.410+0100][23.698s][info][gc             ] GC(373) Pause Young (Allocation Failure) 346M->198M(617M) 0.152ms
[2026-05-06T01:33:28.410+0100][23.698s][info][gc,cpu         ] GC(373) User=0.00s Sys=0.00s Real=0.00s
[2026-05-06T01:33:28.434+0100][23.723s][info][gc,start       ] GC(374) Pause Young (Allocation Failure)
[2026-05-06T01:33:28.434+0100][23.723s][info][gc,heap        ] GC(374) DefNew: 174529K(196288K)->14K(196288K) Eden: 174528K(174528K)->0K(174528K) From: 1K(21760K)->14K(21760K)
[2026-05-06T01:33:28.434+0100][23.723s][info][gc,heap        ] GC(374) Tenured: 203748K(435984K)->203748K(435984K)
[2026-05-06T01:33:28.434+0100][23.723s][info][gc,metaspace   ] GC(374) Metaspace: 19176K(19520K)->19176K(19520K) NonClass: 16935K(17152K)->16935K(17152K) Class: 2240K(2368K)->2240K(2368K)
[2026-05-06T01:33:28.434+0100][23.723s][info][gc             ] GC(374) Pause Young (Allocation Failure) 369M->198M(617M) 0.237ms
[2026-05-06T01:33:28.434+0100][23.723s][info][gc,cpu         ] GC(374) User=0.00s Sys=0.00s Real=0.00s
[2026-05-06T01:33:28.440+0100][23.729s][info][gc,start       ] GC(375) Pause Young (Allocation Failure)
[2026-05-06T01:33:28.441+0100][23.729s][info][gc,heap        ] GC(375) DefNew: 32943K(196288K)->10K(196288K) Eden: 32929K(174528K)->0K(174528K) From: 14K(21760K)->10K(21760K)
[2026-05-06T01:33:28.441+0100][23.729s][info][gc,heap        ] GC(375) Tenured: 203748K(435984K)->203748K(435984K)
[2026-05-06T01:33:28.441+0100][23.729s][info][gc,metaspace   ] GC(375) Metaspace: 19176K(19520K)->19176K(19520K) NonClass: 16935K(17152K)->16935K(17152K) Class: 2240K(2368K)->2240K(2368K)
[2026-05-06T01:33:28.441+0100][23.729s][info][gc             ] GC(375) Pause Young (Allocation Failure) 231M->198M(617M) 0.186ms
[2026-05-06T01:33:28.441+0100][23.729s][info][gc,cpu         ] GC(375) User=0.00s Sys=0.00s Real=0.00s
[2026-05-06T01:33:28.456+0100][23.745s][info][gc,start       ] GC(376) Pause Young (Allocation Failure)
[2026-05-06T01:33:28.462+0100][23.750s][info][gc,heap        ] GC(376) DefNew: 174538K(196288K)->11K(196288K) Eden: 174528K(174528K)->0K(174528K) From: 10K(21760K)->11K(21760K)
[2026-05-06T01:33:28.462+0100][23.750s][info][gc,heap        ] GC(376) Tenured: 203748K(435984K)->351204K(435984K)
[2026-05-06T01:33:28.462+0100][23.750s][info][gc,metaspace   ] GC(376) Metaspace: 19176K(19520K)->19176K(19520K) NonClass: 16935K(17152K)->16935K(17152K) Class: 2240K(2368K)->2240K(2368K)
[2026-05-06T01:33:28.462+0100][23.750s][info][gc             ] GC(376) Pause Young (Allocation Failure) 369M->342M(617M) 5.275ms
[2026-05-06T01:33:28.462+0100][23.750s][info][gc,cpu         ] GC(376) User=0.01s Sys=0.00s Real=0.01s
[2026-05-06T01:33:28.471+0100][23.759s][info][gc,start       ] GC(377) Pause Young (Allocation Failure)
[2026-05-06T01:33:28.471+0100][23.759s][info][gc,heap        ] GC(377) DefNew: 28334K(196288K)->10K(196288K) Eden: 28323K(174528K)->0K(174528K) From: 11K(21760K)->10K(21760K)
[2026-05-06T01:33:28.471+0100][23.759s][info][gc,heap        ] GC(377) Tenured: 351204K(435984K)->351204K(435984K)
[2026-05-06T01:33:28.471+0100][23.759s][info][gc,metaspace   ] GC(377) Metaspace: 19176K(19520K)->19176K(19520K) NonClass: 16935K(17152K)->16935K(17152K) Class: 2240K(2368K)->2240K(2368K)
[2026-05-06T01:33:28.471+0100][23.759s][info][gc             ] GC(377) Pause Young (Allocation Failure) 370M->342M(617M) 0.254ms
[2026-05-06T01:33:28.471+0100][23.759s][info][gc,cpu         ] GC(377) User=0.00s Sys=0.00s Real=0.00s
[2026-05-06T01:33:28.497+0100][23.785s][info][gc,start       ] GC(378) Pause Young (Allocation Failure)
[2026-05-06T01:33:28.497+0100][23.786s][info][gc,heap        ] GC(378) DefNew: 160509K(196288K)->10K(196288K) Eden: 160498K(174528K)->0K(174528K) From: 10K(21760K)->10K(21760K)
[2026-05-06T01:33:28.497+0100][23.786s][info][gc,heap        ] GC(378) Tenured: 351204K(435984K)->351204K(435984K)
[2026-05-06T01:33:28.497+0100][23.786s][info][gc,metaspace   ] GC(378) Metaspace: 19176K(19520K)->19176K(19520K) NonClass: 16935K(17152K)->16935K(17152K) Class: 2240K(2368K)->2240K(2368K)
[2026-05-06T01:33:28.497+0100][23.786s][info][gc             ] GC(378) Pause Young (Allocation Failure) 499M->342M(617M) 0.232ms
[2026-05-06T01:33:28.497+0100][23.786s][info][gc,cpu         ] GC(378) User=0.00s Sys=0.00s Real=0.00s
[2026-05-06T01:33:28.513+0100][23.802s][info][gc,start       ] GC(379) Pause Full (System.gc())
[2026-05-06T01:33:28.513+0100][23.802s][info][gc,phases,start] GC(379) Phase 1: Mark live objects
[2026-05-06T01:33:28.518+0100][23.807s][info][gc,phases      ] GC(379) Phase 1: Mark live objects 5.456ms
[2026-05-06T01:33:28.518+0100][23.807s][info][gc,phases,start] GC(379) Phase 2: Compute new object addresses
[2026-05-06T01:33:28.520+0100][23.809s][info][gc,phases      ] GC(379) Phase 2: Compute new object addresses 1.442ms
[2026-05-06T01:33:28.520+0100][23.809s][info][gc,phases,start] GC(379) Phase 3: Adjust pointers
[2026-05-06T01:33:28.524+0100][23.812s][info][gc,phases      ] GC(379) Phase 3: Adjust pointers 3.897ms
[2026-05-06T01:33:28.524+0100][23.812s][info][gc,phases,start] GC(379) Phase 4: Move objects
[2026-05-06T01:33:28.524+0100][23.812s][info][gc,phases      ] GC(379) Phase 4: Move objects 0.006ms
[2026-05-06T01:33:28.524+0100][23.813s][info][gc,heap        ] GC(379) DefNew: 152782K(196288K)->0K(196352K) Eden: 152771K(174528K)->0K(174592K) From: 10K(21760K)->0K(21760K)
[2026-05-06T01:33:28.524+0100][23.813s][info][gc,heap        ] GC(379) Tenured: 351204K(435984K)->203757K(435984K)
[2026-05-06T01:33:28.524+0100][23.813s][info][gc,metaspace   ] GC(379) Metaspace: 19176K(19520K)->19176K(19520K) NonClass: 16935K(17152K)->16935K(17152K) Class: 2240K(2368K)->2240K(2368K)
[2026-05-06T01:33:28.524+0100][23.813s][info][gc             ] GC(379) Pause Full (System.gc()) 492M->198M(617M) 10.952ms
[2026-05-06T01:33:28.524+0100][23.813s][info][gc,cpu         ] GC(379) User=0.02s Sys=0.00s Real=0.01s
[2026-05-06T01:33:28.561+0100][23.850s][info][gc,start       ] GC(380) Pause Young (Allocation Failure)
[2026-05-06T01:33:28.561+0100][23.850s][info][gc,heap        ] GC(380) DefNew: 159312K(196352K)->10K(196352K) Eden: 159312K(174592K)->0K(174592K) From: 0K(21760K)->10K(21760K)
[2026-05-06T01:33:28.561+0100][23.850s][info][gc,heap        ] GC(380) Tenured: 203757K(435984K)->203757K(435984K)
[2026-05-06T01:33:28.561+0100][23.850s][info][gc,metaspace   ] GC(380) Metaspace: 19176K(19520K)->19176K(19520K) NonClass: 16935K(17152K)->16935K(17152K) Class: 2240K(2368K)->2240K(2368K)
[2026-05-06T01:33:28.561+0100][23.850s][info][gc             ] GC(380) Pause Young (Allocation Failure) 354M->198M(617M) 0.238ms
[2026-05-06T01:33:28.561+0100][23.850s][info][gc,cpu         ] GC(380) User=0.00s Sys=0.00s Real=0.00s
[2026-05-06T01:33:28.588+0100][23.877s][info][gc,start       ] GC(381) Pause Young (Allocation Failure)
[2026-05-06T01:33:28.589+0100][23.877s][info][gc,heap        ] GC(381) DefNew: 156074K(196352K)->10K(196352K) Eden: 156063K(174592K)->0K(174592K) From: 10K(21760K)->10K(21760K)
[2026-05-06T01:33:28.589+0100][23.877s][info][gc,heap        ] GC(381) Tenured: 203757K(435984K)->203757K(435984K)
[2026-05-06T01:33:28.589+0100][23.877s][info][gc,metaspace   ] GC(381) Metaspace: 19176K(19520K)->19176K(19520K) NonClass: 16935K(17152K)->16935K(17152K) Class: 2240K(2368K)->2240K(2368K)
[2026-05-06T01:33:28.589+0100][23.877s][info][gc             ] GC(381) Pause Young (Allocation Failure) 351M->198M(617M) 0.222ms
[2026-05-06T01:33:28.589+0100][23.877s][info][gc,cpu         ] GC(381) User=0.00s Sys=0.00s Real=0.00s
[2026-05-06T01:33:28.615+0100][23.904s][info][gc,start       ] GC(382) Pause Young (Allocation Failure)
[2026-05-06T01:33:28.615+0100][23.904s][info][gc,heap        ] GC(382) DefNew: 155980K(196352K)->10K(196352K) Eden: 155969K(174592K)->0K(174592K) From: 10K(21760K)->10K(21760K)
[2026-05-06T01:33:28.615+0100][23.904s][info][gc,heap        ] GC(382) Tenured: 203757K(435984K)->203757K(435984K)
[2026-05-06T01:33:28.615+0100][23.904s][info][gc,metaspace   ] GC(382) Metaspace: 19176K(19520K)->19176K(19520K) NonClass: 16935K(17152K)->16935K(17152K) Class: 2240K(2368K)->2240K(2368K)
[2026-05-06T01:33:28.615+0100][23.904s][info][gc             ] GC(382) Pause Young (Allocation Failure) 351M->198M(617M) 0.203ms
[2026-05-06T01:33:28.615+0100][23.904s][info][gc,cpu         ] GC(382) User=0.00s Sys=0.00s Real=0.00s
[2026-05-06T01:33:28.643+0100][23.932s][info][gc,start       ] GC(383) Pause Young (Allocation Failure)
[2026-05-06T01:33:28.643+0100][23.932s][info][gc,heap        ] GC(383) DefNew: 155995K(196352K)->10K(196352K) Eden: 155984K(174592K)->0K(174592K) From: 10K(21760K)->10K(21760K)
[2026-05-06T01:33:28.643+0100][23.932s][info][gc,heap        ] GC(383) Tenured: 203757K(435984K)->203757K(435984K)
[2026-05-06T01:33:28.643+0100][23.932s][info][gc,metaspace   ] GC(383) Metaspace: 19176K(19520K)->19176K(19520K) NonClass: 16935K(17152K)->16935K(17152K) Class: 2240K(2368K)->2240K(2368K)
[2026-05-06T01:33:28.643+0100][23.932s][info][gc             ] GC(383) Pause Young (Allocation Failure) 351M->198M(617M) 0.238ms
[2026-05-06T01:33:28.643+0100][23.932s][info][gc,cpu         ] GC(383) User=0.00s Sys=0.00s Real=0.00s
[2026-05-06T01:33:28.670+0100][23.958s][info][gc,start       ] GC(384) Pause Young (Allocation Failure)
[2026-05-06T01:33:28.670+0100][23.959s][info][gc,heap        ] GC(384) DefNew: 155799K(196352K)->10K(196352K) Eden: 155788K(174592K)->0K(174592K) From: 10K(21760K)->10K(21760K)
[2026-05-06T01:33:28.670+0100][23.959s][info][gc,heap        ] GC(384) Tenured: 203757K(435984K)->203757K(435984K)
[2026-05-06T01:33:28.670+0100][23.959s][info][gc,metaspace   ] GC(384) Metaspace: 19176K(19520K)->19176K(19520K) NonClass: 16935K(17152K)->16935K(17152K) Class: 2240K(2368K)->2240K(2368K)
[2026-05-06T01:33:28.670+0100][23.959s][info][gc             ] GC(384) Pause Young (Allocation Failure) 351M->198M(617M) 0.252ms
[2026-05-06T01:33:28.670+0100][23.959s][info][gc,cpu         ] GC(384) User=0.00s Sys=0.00s Real=0.00s
[2026-05-06T01:33:28.695+0100][23.983s][info][gc,start       ] GC(385) Pause Young (Allocation Failure)
[2026-05-06T01:33:28.695+0100][23.983s][info][gc,heap        ] GC(385) DefNew: 155704K(196352K)->10K(196352K) Eden: 155693K(174592K)->0K(174592K) From: 10K(21760K)->10K(21760K)
[2026-05-06T01:33:28.695+0100][23.983s][info][gc,heap        ] GC(385) Tenured: 203757K(435984K)->203757K(435984K)
[2026-05-06T01:33:28.695+0100][23.983s][info][gc,metaspace   ] GC(385) Metaspace: 19176K(19520K)->19176K(19520K) NonClass: 16935K(17152K)->16935K(17152K) Class: 2240K(2368K)->2240K(2368K)
[2026-05-06T01:33:28.695+0100][23.983s][info][gc             ] GC(385) Pause Young (Allocation Failure) 351M->198M(617M) 0.187ms
[2026-05-06T01:33:28.695+0100][23.983s][info][gc,cpu         ] GC(385) User=0.00s Sys=0.00s Real=0.00s
[2026-05-06T01:33:28.721+0100][24.009s][info][gc,start       ] GC(386) Pause Young (Allocation Failure)
[2026-05-06T01:33:28.721+0100][24.009s][info][gc,heap        ] GC(386) DefNew: 155710K(196352K)->10K(196352K) Eden: 155699K(174592K)->0K(174592K) From: 10K(21760K)->10K(21760K)
[2026-05-06T01:33:28.721+0100][24.009s][info][gc,heap        ] GC(386) Tenured: 203757K(435984K)->203757K(435984K)
[2026-05-06T01:33:28.721+0100][24.010s][info][gc,metaspace   ] GC(386) Metaspace: 19176K(19520K)->19176K(19520K) NonClass: 16935K(17152K)->16935K(17152K) Class: 2240K(2368K)->2240K(2368K)
[2026-05-06T01:33:28.721+0100][24.010s][info][gc             ] GC(386) Pause Young (Allocation Failure) 351M->198M(617M) 0.221ms
[2026-05-06T01:33:28.721+0100][24.010s][info][gc,cpu         ] GC(386) User=0.00s Sys=0.00s Real=0.00s
[2026-05-06T01:33:28.748+0100][24.037s][info][gc,start       ] GC(387) Pause Young (Allocation Failure)
[2026-05-06T01:33:28.748+0100][24.037s][info][gc,heap        ] GC(387) DefNew: 155714K(196352K)->10K(196352K) Eden: 155703K(174592K)->0K(174592K) From: 10K(21760K)->10K(21760K)
[2026-05-06T01:33:28.748+0100][24.037s][info][gc,heap        ] GC(387) Tenured: 203757K(435984K)->203757K(435984K)
[2026-05-06T01:33:28.748+0100][24.037s][info][gc,metaspace   ] GC(387) Metaspace: 19176K(19520K)->19176K(19520K) NonClass: 16935K(17152K)->16935K(17152K) Class: 2240K(2368K)->2240K(2368K)
[2026-05-06T01:33:28.748+0100][24.037s][info][gc             ] GC(387) Pause Young (Allocation Failure) 351M->198M(617M) 0.219ms
[2026-05-06T01:33:28.748+0100][24.037s][info][gc,cpu         ] GC(387) User=0.00s Sys=0.00s Real=0.00s
[2026-05-06T01:33:28.775+0100][24.063s][info][gc,start       ] GC(388) Pause Young (Allocation Failure)
[2026-05-06T01:33:28.775+0100][24.064s][info][gc,heap        ] GC(388) DefNew: 155716K(196352K)->10K(196352K) Eden: 155705K(174592K)->0K(174592K) From: 10K(21760K)->10K(21760K)
[2026-05-06T01:33:28.775+0100][24.064s][info][gc,heap        ] GC(388) Tenured: 203757K(435984K)->203757K(435984K)
[2026-05-06T01:33:28.775+0100][24.064s][info][gc,metaspace   ] GC(388) Metaspace: 19176K(19520K)->19176K(19520K) NonClass: 16935K(17152K)->16935K(17152K) Class: 2240K(2368K)->2240K(2368K)
[2026-05-06T01:33:28.775+0100][24.064s][info][gc             ] GC(388) Pause Young (Allocation Failure) 351M->198M(617M) 0.209ms
[2026-05-06T01:33:28.775+0100][24.064s][info][gc,cpu         ] GC(388) User=0.00s Sys=0.00s Real=0.00s
[2026-05-06T01:33:28.801+0100][24.090s][info][gc,start       ] GC(389) Pause Young (Allocation Failure)
[2026-05-06T01:33:28.802+0100][24.090s][info][gc,heap        ] GC(389) DefNew: 155718K(196352K)->10K(196352K) Eden: 155707K(174592K)->0K(174592K) From: 10K(21760K)->10K(21760K)
[2026-05-06T01:33:28.802+0100][24.090s][info][gc,heap        ] GC(389) Tenured: 203757K(435984K)->203757K(435984K)
[2026-05-06T01:33:28.802+0100][24.090s][info][gc,metaspace   ] GC(389) Metaspace: 19176K(19520K)->19176K(19520K) NonClass: 16935K(17152K)->16935K(17152K) Class: 2240K(2368K)->2240K(2368K)
[2026-05-06T01:33:28.802+0100][24.090s][info][gc             ] GC(389) Pause Young (Allocation Failure) 351M->198M(617M) 0.203ms
[2026-05-06T01:33:28.802+0100][24.090s][info][gc,cpu         ] GC(389) User=0.00s Sys=0.00s Real=0.00s
[2026-05-06T01:33:28.828+0100][24.117s][info][gc,start       ] GC(390) Pause Young (Allocation Failure)
[2026-05-06T01:33:28.828+0100][24.117s][info][gc,heap        ] GC(390) DefNew: 155719K(196352K)->10K(196352K) Eden: 155708K(174592K)->0K(174592K) From: 10K(21760K)->10K(21760K)
[2026-05-06T01:33:28.828+0100][24.117s][info][gc,heap        ] GC(390) Tenured: 203757K(435984K)->203757K(435984K)
[2026-05-06T01:33:28.828+0100][24.117s][info][gc,metaspace   ] GC(390) Metaspace: 19176K(19520K)->19176K(19520K) NonClass: 16935K(17152K)->16935K(17152K) Class: 2240K(2368K)->2240K(2368K)
[2026-05-06T01:33:28.828+0100][24.117s][info][gc             ] GC(390) Pause Young (Allocation Failure) 351M->198M(617M) 0.216ms
[2026-05-06T01:33:28.828+0100][24.117s][info][gc,cpu         ] GC(390) User=0.00s Sys=0.00s Real=0.00s
[2026-05-06T01:33:28.855+0100][24.143s][info][gc,start       ] GC(391) Pause Young (Allocation Failure)
[2026-05-06T01:33:28.855+0100][24.144s][info][gc,heap        ] GC(391) DefNew: 155719K(196352K)->10K(196352K) Eden: 155708K(174592K)->0K(174592K) From: 10K(21760K)->10K(21760K)
[2026-05-06T01:33:28.855+0100][24.144s][info][gc,heap        ] GC(391) Tenured: 203757K(435984K)->203757K(435984K)
[2026-05-06T01:33:28.855+0100][24.144s][info][gc,metaspace   ] GC(391) Metaspace: 19176K(19520K)->19176K(19520K) NonClass: 16935K(17152K)->16935K(17152K) Class: 2240K(2368K)->2240K(2368K)
[2026-05-06T01:33:28.855+0100][24.144s][info][gc             ] GC(391) Pause Young (Allocation Failure) 351M->198M(617M) 0.205ms
[2026-05-06T01:33:28.855+0100][24.144s][info][gc,cpu         ] GC(391) User=0.00s Sys=0.00s Real=0.00s
[2026-05-06T01:33:28.870+0100][24.159s][info][gc,start       ] GC(392) Pause Full (System.gc())
[2026-05-06T01:33:28.870+0100][24.159s][info][gc,phases,start] GC(392) Phase 1: Mark live objects
[2026-05-06T01:33:28.875+0100][24.164s][info][gc,phases      ] GC(392) Phase 1: Mark live objects 5.108ms
[2026-05-06T01:33:28.875+0100][24.164s][info][gc,phases,start] GC(392) Phase 2: Compute new object addresses
[2026-05-06T01:33:28.877+0100][24.166s][info][gc,phases      ] GC(392) Phase 2: Compute new object addresses 1.474ms
[2026-05-06T01:33:28.877+0100][24.166s][info][gc,phases,start] GC(392) Phase 3: Adjust pointers
[2026-05-06T01:33:28.881+0100][24.170s][info][gc,phases      ] GC(392) Phase 3: Adjust pointers 4.247ms
[2026-05-06T01:33:28.881+0100][24.170s][info][gc,phases,start] GC(392) Phase 4: Move objects
[2026-05-06T01:33:28.881+0100][24.170s][info][gc,phases      ] GC(392) Phase 4: Move objects 0.007ms
[2026-05-06T01:33:28.881+0100][24.170s][info][gc,heap        ] GC(392) DefNew: 152417K(196352K)->0K(196352K) Eden: 152406K(174592K)->0K(174592K) From: 10K(21760K)->0K(21760K)
[2026-05-06T01:33:28.881+0100][24.170s][info][gc,heap        ] GC(392) Tenured: 203757K(435984K)->203766K(435984K)
[2026-05-06T01:33:28.881+0100][24.170s][info][gc,metaspace   ] GC(392) Metaspace: 19176K(19520K)->19176K(19520K) NonClass: 16935K(17152K)->16935K(17152K) Class: 2240K(2368K)->2240K(2368K)
[2026-05-06T01:33:28.881+0100][24.170s][info][gc             ] GC(392) Pause Full (System.gc()) 347M->198M(617M) 10.957ms
[2026-05-06T01:33:28.881+0100][24.170s][info][gc,cpu         ] GC(392) User=0.01s Sys=0.00s Real=0.01s
[2026-05-06T01:33:28.927+0100][24.215s][info][gc,start       ] GC(393) Pause Young (Allocation Failure)
[2026-05-06T01:33:28.927+0100][24.215s][info][gc,heap        ] GC(393) DefNew: 158261K(196352K)->10K(196352K) Eden: 158261K(174592K)->0K(174592K) From: 0K(21760K)->10K(21760K)
[2026-05-06T01:33:28.927+0100][24.215s][info][gc,heap        ] GC(393) Tenured: 203766K(435984K)->203766K(435984K)
[2026-05-06T01:33:28.927+0100][24.215s][info][gc,metaspace   ] GC(393) Metaspace: 19176K(19520K)->19176K(19520K) NonClass: 16935K(17152K)->16935K(17152K) Class: 2240K(2368K)->2240K(2368K)
[2026-05-06T01:33:28.927+0100][24.215s][info][gc             ] GC(393) Pause Young (Allocation Failure) 353M->199M(617M) 0.256ms
[2026-05-06T01:33:28.927+0100][24.215s][info][gc,cpu         ] GC(393) User=0.00s Sys=0.00s Real=0.00s
[2026-05-06T01:33:28.951+0100][24.240s][info][gc,start       ] GC(394) Pause Young (Allocation Failure)
[2026-05-06T01:33:28.951+0100][24.240s][info][gc,heap        ] GC(394) DefNew: 155717K(196352K)->10K(196352K) Eden: 155706K(174592K)->0K(174592K) From: 10K(21760K)->10K(21760K)
[2026-05-06T01:33:28.951+0100][24.240s][info][gc,heap        ] GC(394) Tenured: 203766K(435984K)->203766K(435984K)
[2026-05-06T01:33:28.951+0100][24.240s][info][gc,metaspace   ] GC(394) Metaspace: 19176K(19520K)->19176K(19520K) NonClass: 16936K(17152K)->16936K(17152K) Class: 2240K(2368K)->2240K(2368K)
[2026-05-06T01:33:28.951+0100][24.240s][info][gc             ] GC(394) Pause Young (Allocation Failure) 351M->199M(617M) 0.175ms
[2026-05-06T01:33:28.951+0100][24.240s][info][gc,cpu         ] GC(394) User=0.00s Sys=0.00s Real=0.00s
[2026-05-06T01:33:28.977+0100][24.265s][info][gc,start       ] GC(395) Pause Young (Allocation Failure)
[2026-05-06T01:33:28.977+0100][24.265s][info][gc,heap        ] GC(395) DefNew: 155718K(196352K)->10K(196352K) Eden: 155707K(174592K)->0K(174592K) From: 10K(21760K)->10K(21760K)
[2026-05-06T01:33:28.977+0100][24.265s][info][gc,heap        ] GC(395) Tenured: 203766K(435984K)->203766K(435984K)
[2026-05-06T01:33:28.977+0100][24.265s][info][gc,metaspace   ] GC(395) Metaspace: 19176K(19520K)->19176K(19520K) NonClass: 16936K(17152K)->16936K(17152K) Class: 2240K(2368K)->2240K(2368K)
[2026-05-06T01:33:28.977+0100][24.266s][info][gc             ] GC(395) Pause Young (Allocation Failure) 351M->199M(617M) 0.162ms
[2026-05-06T01:33:28.977+0100][24.266s][info][gc,cpu         ] GC(395) User=0.00s Sys=0.00s Real=0.00s
[2026-05-06T01:33:29.001+0100][24.290s][info][gc,start       ] GC(396) Pause Young (Allocation Failure)
[2026-05-06T01:33:29.002+0100][24.290s][info][gc,heap        ] GC(396) DefNew: 155719K(196352K)->10K(196352K) Eden: 155708K(174592K)->0K(174592K) From: 10K(21760K)->10K(21760K)
[2026-05-06T01:33:29.002+0100][24.290s][info][gc,heap        ] GC(396) Tenured: 203766K(435984K)->203766K(435984K)
[2026-05-06T01:33:29.002+0100][24.290s][info][gc,metaspace   ] GC(396) Metaspace: 19176K(19520K)->19176K(19520K) NonClass: 16936K(17152K)->16936K(17152K) Class: 2240K(2368K)->2240K(2368K)
[2026-05-06T01:33:29.002+0100][24.290s][info][gc             ] GC(396) Pause Young (Allocation Failure) 351M->199M(617M) 0.178ms
[2026-05-06T01:33:29.002+0100][24.290s][info][gc,cpu         ] GC(396) User=0.00s Sys=0.00s Real=0.00s
[2026-05-06T01:33:29.028+0100][24.317s][info][gc,start       ] GC(397) Pause Young (Allocation Failure)
[2026-05-06T01:33:29.028+0100][24.317s][info][gc,heap        ] GC(397) DefNew: 155719K(196352K)->11K(196352K) Eden: 155708K(174592K)->0K(174592K) From: 10K(21760K)->11K(21760K)
[2026-05-06T01:33:29.028+0100][24.317s][info][gc,heap        ] GC(397) Tenured: 203766K(435984K)->203766K(435984K)
[2026-05-06T01:33:29.028+0100][24.317s][info][gc,metaspace   ] GC(397) Metaspace: 19176K(19520K)->19176K(19520K) NonClass: 16936K(17152K)->16936K(17152K) Class: 2240K(2368K)->2240K(2368K)
[2026-05-06T01:33:29.028+0100][24.317s][info][gc             ] GC(397) Pause Young (Allocation Failure) 351M->199M(617M) 0.155ms
[2026-05-06T01:33:29.028+0100][24.317s][info][gc,cpu         ] GC(397) User=0.00s Sys=0.00s Real=0.00s
[2026-05-06T01:33:29.054+0100][24.343s][info][gc,start       ] GC(398) Pause Young (Allocation Failure)
[2026-05-06T01:33:29.055+0100][24.343s][info][gc,heap        ] GC(398) DefNew: 155720K(196352K)->11K(196352K) Eden: 155709K(174592K)->0K(174592K) From: 11K(21760K)->11K(21760K)
[2026-05-06T01:33:29.055+0100][24.343s][info][gc,heap        ] GC(398) Tenured: 203766K(435984K)->203766K(435984K)
[2026-05-06T01:33:29.055+0100][24.343s][info][gc,metaspace   ] GC(398) Metaspace: 19176K(19520K)->19176K(19520K) NonClass: 16936K(17152K)->16936K(17152K) Class: 2240K(2368K)->2240K(2368K)
[2026-05-06T01:33:29.055+0100][24.343s][info][gc             ] GC(398) Pause Young (Allocation Failure) 351M->199M(617M) 0.195ms
[2026-05-06T01:33:29.055+0100][24.343s][info][gc,cpu         ] GC(398) User=0.00s Sys=0.00s Real=0.00s
[2026-05-06T01:33:29.081+0100][24.370s][info][gc,start       ] GC(399) Pause Young (Allocation Failure)
[2026-05-06T01:33:29.082+0100][24.370s][info][gc,heap        ] GC(399) DefNew: 155720K(196352K)->11K(196352K) Eden: 155709K(174592K)->0K(174592K) From: 11K(21760K)->11K(21760K)
[2026-05-06T01:33:29.082+0100][24.370s][info][gc,heap        ] GC(399) Tenured: 203766K(435984K)->203766K(435984K)
[2026-05-06T01:33:29.082+0100][24.370s][info][gc,metaspace   ] GC(399) Metaspace: 19176K(19520K)->19176K(19520K) NonClass: 16936K(17152K)->16936K(17152K) Class: 2240K(2368K)->2240K(2368K)
[2026-05-06T01:33:29.082+0100][24.370s][info][gc             ] GC(399) Pause Young (Allocation Failure) 351M->199M(617M) 0.188ms
[2026-05-06T01:33:29.082+0100][24.370s][info][gc,cpu         ] GC(399) User=0.00s Sys=0.00s Real=0.00s
[2026-05-06T01:33:29.106+0100][24.394s][info][gc,start       ] GC(400) Pause Young (Allocation Failure)
[2026-05-06T01:33:29.106+0100][24.395s][info][gc,heap        ] GC(400) DefNew: 155720K(196352K)->11K(196352K) Eden: 155709K(174592K)->0K(174592K) From: 11K(21760K)->11K(21760K)
[2026-05-06T01:33:29.106+0100][24.395s][info][gc,heap        ] GC(400) Tenured: 203766K(435984K)->203766K(435984K)
[2026-05-06T01:33:29.106+0100][24.395s][info][gc,metaspace   ] GC(400) Metaspace: 19176K(19520K)->19176K(19520K) NonClass: 16936K(17152K)->16936K(17152K) Class: 2240K(2368K)->2240K(2368K)
[2026-05-06T01:33:29.106+0100][24.395s][info][gc             ] GC(400) Pause Young (Allocation Failure) 351M->199M(617M) 0.155ms
[2026-05-06T01:33:29.106+0100][24.395s][info][gc,cpu         ] GC(400) User=0.00s Sys=0.00s Real=0.00s
[2026-05-06T01:33:29.131+0100][24.419s][info][gc,start       ] GC(401) Pause Young (Allocation Failure)
[2026-05-06T01:33:29.131+0100][24.419s][info][gc,heap        ] GC(401) DefNew: 155720K(196352K)->11K(196352K) Eden: 155709K(174592K)->0K(174592K) From: 11K(21760K)->11K(21760K)
[2026-05-06T01:33:29.131+0100][24.419s][info][gc,heap        ] GC(401) Tenured: 203766K(435984K)->203766K(435984K)
[2026-05-06T01:33:29.131+0100][24.419s][info][gc,metaspace   ] GC(401) Metaspace: 19176K(19520K)->19176K(19520K) NonClass: 16936K(17152K)->16936K(17152K) Class: 2240K(2368K)->2240K(2368K)
[2026-05-06T01:33:29.131+0100][24.419s][info][gc             ] GC(401) Pause Young (Allocation Failure) 351M->199M(617M) 0.177ms
[2026-05-06T01:33:29.131+0100][24.419s][info][gc,cpu         ] GC(401) User=0.00s Sys=0.00s Real=0.00s
[2026-05-06T01:33:29.157+0100][24.445s][info][gc,start       ] GC(402) Pause Young (Allocation Failure)
[2026-05-06T01:33:29.157+0100][24.446s][info][gc,heap        ] GC(402) DefNew: 155140K(196352K)->2K(196352K) Eden: 155129K(174592K)->0K(174592K) From: 11K(21760K)->2K(21760K)
[2026-05-06T01:33:29.157+0100][24.446s][info][gc,heap        ] GC(402) Tenured: 203766K(435984K)->203766K(435984K)
[2026-05-06T01:33:29.157+0100][24.446s][info][gc,metaspace   ] GC(402) Metaspace: 19176K(19520K)->19176K(19520K) NonClass: 16936K(17152K)->16936K(17152K) Class: 2240K(2368K)->2240K(2368K)
[2026-05-06T01:33:29.157+0100][24.446s][info][gc             ] GC(402) Pause Young (Allocation Failure) 350M->198M(617M) 0.210ms
[2026-05-06T01:33:29.157+0100][24.446s][info][gc,cpu         ] GC(402) User=0.00s Sys=0.00s Real=0.00s
[2026-05-06T01:33:29.184+0100][24.473s][info][gc,start       ] GC(403) Pause Young (Allocation Failure)
[2026-05-06T01:33:29.185+0100][24.473s][info][gc,heap        ] GC(403) DefNew: 153681K(196352K)->2K(196352K) Eden: 153679K(174592K)->0K(174592K) From: 2K(21760K)->2K(21760K)
[2026-05-06T01:33:29.185+0100][24.473s][info][gc,heap        ] GC(403) Tenured: 203766K(435984K)->203766K(435984K)
[2026-05-06T01:33:29.185+0100][24.473s][info][gc,metaspace   ] GC(403) Metaspace: 19176K(19520K)->19176K(19520K) NonClass: 16936K(17152K)->16936K(17152K) Class: 2240K(2368K)->2240K(2368K)
[2026-05-06T01:33:29.185+0100][24.473s][info][gc             ] GC(403) Pause Young (Allocation Failure) 349M->198M(617M) 0.222ms
[2026-05-06T01:33:29.185+0100][24.473s][info][gc,cpu         ] GC(403) User=0.00s Sys=0.00s Real=0.00s
[2026-05-06T01:33:29.212+0100][24.501s][info][gc,start       ] GC(404) Pause Young (Allocation Failure)
[2026-05-06T01:33:29.212+0100][24.501s][info][gc,heap        ] GC(404) DefNew: 153624K(196352K)->2K(196352K) Eden: 153622K(174592K)->0K(174592K) From: 2K(21760K)->2K(21760K)
[2026-05-06T01:33:29.212+0100][24.501s][info][gc,heap        ] GC(404) Tenured: 203766K(435984K)->203766K(435984K)
[2026-05-06T01:33:29.212+0100][24.501s][info][gc,metaspace   ] GC(404) Metaspace: 19176K(19520K)->19176K(19520K) NonClass: 16936K(17152K)->16936K(17152K) Class: 2240K(2368K)->2240K(2368K)
[2026-05-06T01:33:29.212+0100][24.501s][info][gc             ] GC(404) Pause Young (Allocation Failure) 349M->198M(617M) 0.220ms
[2026-05-06T01:33:29.212+0100][24.501s][info][gc,cpu         ] GC(404) User=0.00s Sys=0.00s Real=0.00s
[2026-05-06T01:33:29.229+0100][24.517s][info][gc,start       ] GC(405) Pause Full (System.gc())
[2026-05-06T01:33:29.229+0100][24.517s][info][gc,phases,start] GC(405) Phase 1: Mark live objects
[2026-05-06T01:33:29.234+0100][24.523s][info][gc,phases      ] GC(405) Phase 1: Mark live objects 5.479ms
[2026-05-06T01:33:29.234+0100][24.523s][info][gc,phases,start] GC(405) Phase 2: Compute new object addresses
[2026-05-06T01:33:29.236+0100][24.524s][info][gc,phases      ] GC(405) Phase 2: Compute new object addresses 1.506ms
[2026-05-06T01:33:29.236+0100][24.524s][info][gc,phases,start] GC(405) Phase 3: Adjust pointers
[2026-05-06T01:33:29.240+0100][24.529s][info][gc,phases      ] GC(405) Phase 3: Adjust pointers 4.155ms
[2026-05-06T01:33:29.240+0100][24.529s][info][gc,phases,start] GC(405) Phase 4: Move objects
[2026-05-06T01:33:29.240+0100][24.529s][info][gc,phases      ] GC(405) Phase 4: Move objects 0.006ms
[2026-05-06T01:33:29.240+0100][24.529s][info][gc,heap        ] GC(405) DefNew: 150947K(196352K)->0K(196288K) Eden: 150944K(174592K)->0K(174528K) From: 2K(21760K)->0K(21760K)
[2026-05-06T01:33:29.240+0100][24.529s][info][gc,heap        ] GC(405) Tenured: 203766K(435984K)->203742K(435984K)
[2026-05-06T01:33:29.240+0100][24.529s][info][gc,metaspace   ] GC(405) Metaspace: 19176K(19520K)->19176K(19520K) NonClass: 16936K(17152K)->16936K(17152K) Class: 2240K(2368K)->2240K(2368K)
[2026-05-06T01:33:29.240+0100][24.529s][info][gc             ] GC(405) Pause Full (System.gc()) 346M->198M(617M) 11.301ms
[2026-05-06T01:33:29.240+0100][24.529s][info][gc,cpu         ] GC(405) User=0.01s Sys=0.00s Real=0.02s
[2026-05-06T01:33:29.280+0100][24.569s][info][gc,start       ] GC(406) Pause Young (Allocation Failure)
[2026-05-06T01:33:29.280+0100][24.569s][info][gc,heap        ] GC(406) DefNew: 156435K(196288K)->2K(196288K) Eden: 156435K(174528K)->0K(174528K) From: 0K(21760K)->2K(21760K)
[2026-05-06T01:33:29.280+0100][24.569s][info][gc,heap        ] GC(406) Tenured: 203742K(435984K)->203742K(435984K)
[2026-05-06T01:33:29.280+0100][24.569s][info][gc,metaspace   ] GC(406) Metaspace: 19180K(19520K)->19180K(19520K) NonClass: 16940K(17152K)->16940K(17152K) Class: 2240K(2368K)->2240K(2368K)
[2026-05-06T01:33:29.280+0100][24.569s][info][gc             ] GC(406) Pause Young (Allocation Failure) 351M->198M(617M) 0.214ms
[2026-05-06T01:33:29.280+0100][24.569s][info][gc,cpu         ] GC(406) User=0.00s Sys=0.00s Real=0.00s
[2026-05-06T01:33:29.310+0100][24.598s][info][gc,start       ] GC(407) Pause Young (Allocation Failure)
[2026-05-06T01:33:29.310+0100][24.598s][info][gc,heap        ] GC(407) DefNew: 153584K(196288K)->2K(196288K) Eden: 153582K(174528K)->0K(174528K) From: 2K(21760K)->2K(21760K)
[2026-05-06T01:33:29.310+0100][24.598s][info][gc,heap        ] GC(407) Tenured: 203742K(435984K)->203742K(435984K)
[2026-05-06T01:33:29.310+0100][24.598s][info][gc,metaspace   ] GC(407) Metaspace: 19180K(19520K)->19180K(19520K) NonClass: 16940K(17152K)->16940K(17152K) Class: 2240K(2368K)->2240K(2368K)
[2026-05-06T01:33:29.310+0100][24.598s][info][gc             ] GC(407) Pause Young (Allocation Failure) 348M->198M(617M) 0.224ms
[2026-05-06T01:33:29.310+0100][24.598s][info][gc,cpu         ] GC(407) User=0.00s Sys=0.00s Real=0.00s
[2026-05-06T01:33:29.342+0100][24.630s][info][gc,start       ] GC(408) Pause Young (Allocation Failure)
[2026-05-06T01:33:29.342+0100][24.630s][info][gc,heap        ] GC(408) DefNew: 153619K(196288K)->2K(196288K) Eden: 153617K(174528K)->0K(174528K) From: 2K(21760K)->2K(21760K)
[2026-05-06T01:33:29.342+0100][24.630s][info][gc,heap        ] GC(408) Tenured: 203742K(435984K)->203742K(435984K)
[2026-05-06T01:33:29.342+0100][24.630s][info][gc,metaspace   ] GC(408) Metaspace: 19181K(19520K)->19181K(19520K) NonClass: 16941K(17152K)->16941K(17152K) Class: 2240K(2368K)->2240K(2368K)
[2026-05-06T01:33:29.342+0100][24.630s][info][gc             ] GC(408) Pause Young (Allocation Failure) 348M->198M(617M) 0.215ms
[2026-05-06T01:33:29.342+0100][24.630s][info][gc,cpu         ] GC(408) User=0.00s Sys=0.00s Real=0.00s
[2026-05-06T01:33:29.369+0100][24.658s][info][gc,start       ] GC(409) Pause Young (Allocation Failure)
[2026-05-06T01:33:29.370+0100][24.658s][info][gc,heap        ] GC(409) DefNew: 153621K(196288K)->2K(196288K) Eden: 153618K(174528K)->0K(174528K) From: 2K(21760K)->2K(21760K)
[2026-05-06T01:33:29.370+0100][24.658s][info][gc,heap        ] GC(409) Tenured: 203742K(435984K)->203742K(435984K)
[2026-05-06T01:33:29.370+0100][24.658s][info][gc,metaspace   ] GC(409) Metaspace: 19181K(19520K)->19181K(19520K) NonClass: 16941K(17152K)->16941K(17152K) Class: 2240K(2368K)->2240K(2368K)
[2026-05-06T01:33:29.370+0100][24.658s][info][gc             ] GC(409) Pause Young (Allocation Failure) 348M->198M(617M) 0.229ms
[2026-05-06T01:33:29.370+0100][24.658s][info][gc,cpu         ] GC(409) User=0.00s Sys=0.00s Real=0.01s
[2026-05-06T01:33:29.396+0100][24.685s][info][gc,start       ] GC(410) Pause Young (Allocation Failure)
[2026-05-06T01:33:29.397+0100][24.685s][info][gc,heap        ] GC(410) DefNew: 153620K(196288K)->2K(196288K) Eden: 153618K(174528K)->0K(174528K) From: 2K(21760K)->2K(21760K)
[2026-05-06T01:33:29.397+0100][24.685s][info][gc,heap        ] GC(410) Tenured: 203742K(435984K)->203742K(435984K)
[2026-05-06T01:33:29.397+0100][24.685s][info][gc,metaspace   ] GC(410) Metaspace: 19181K(19520K)->19181K(19520K) NonClass: 16941K(17152K)->16941K(17152K) Class: 2240K(2368K)->2240K(2368K)
[2026-05-06T01:33:29.397+0100][24.685s][info][gc             ] GC(410) Pause Young (Allocation Failure) 348M->198M(617M) 0.228ms
[2026-05-06T01:33:29.397+0100][24.685s][info][gc,cpu         ] GC(410) User=0.00s Sys=0.00s Real=0.00s
[2026-05-06T01:33:29.424+0100][24.713s][info][gc,start       ] GC(411) Pause Young (Allocation Failure)
[2026-05-06T01:33:29.424+0100][24.713s][info][gc,heap        ] GC(411) DefNew: 153613K(196288K)->2K(196288K) Eden: 153611K(174528K)->0K(174528K) From: 2K(21760K)->2K(21760K)
[2026-05-06T01:33:29.425+0100][24.713s][info][gc,heap        ] GC(411) Tenured: 203742K(435984K)->203742K(435984K)
[2026-05-06T01:33:29.425+0100][24.713s][info][gc,metaspace   ] GC(411) Metaspace: 19181K(19520K)->19181K(19520K) NonClass: 16941K(17152K)->16941K(17152K) Class: 2240K(2368K)->2240K(2368K)
[2026-05-06T01:33:29.425+0100][24.713s][info][gc             ] GC(411) Pause Young (Allocation Failure) 348M->198M(617M) 0.245ms
[2026-05-06T01:33:29.425+0100][24.713s][info][gc,cpu         ] GC(411) User=0.00s Sys=0.00s Real=0.00s
[2026-05-06T01:33:29.453+0100][24.742s][info][gc,start       ] GC(412) Pause Young (Allocation Failure)
[2026-05-06T01:33:29.453+0100][24.742s][info][gc,heap        ] GC(412) DefNew: 153609K(196288K)->2K(196288K) Eden: 153607K(174528K)->0K(174528K) From: 2K(21760K)->2K(21760K)
[2026-05-06T01:33:29.453+0100][24.742s][info][gc,heap        ] GC(412) Tenured: 203742K(435984K)->203742K(435984K)
[2026-05-06T01:33:29.453+0100][24.742s][info][gc,metaspace   ] GC(412) Metaspace: 19181K(19520K)->19181K(19520K) NonClass: 16941K(17152K)->16941K(17152K) Class: 2240K(2368K)->2240K(2368K)
[2026-05-06T01:33:29.453+0100][24.742s][info][gc             ] GC(412) Pause Young (Allocation Failure) 348M->198M(617M) 0.241ms
[2026-05-06T01:33:29.453+0100][24.742s][info][gc,cpu         ] GC(412) User=0.00s Sys=0.00s Real=0.00s
[2026-05-06T01:33:29.480+0100][24.769s][info][gc,start       ] GC(413) Pause Young (Allocation Failure)
[2026-05-06T01:33:29.480+0100][24.769s][info][gc,heap        ] GC(413) DefNew: 153607K(196288K)->2K(196288K) Eden: 153605K(174528K)->0K(174528K) From: 2K(21760K)->2K(21760K)
[2026-05-06T01:33:29.480+0100][24.769s][info][gc,heap        ] GC(413) Tenured: 203742K(435984K)->203742K(435984K)
[2026-05-06T01:33:29.480+0100][24.769s][info][gc,metaspace   ] GC(413) Metaspace: 19182K(19520K)->19182K(19520K) NonClass: 16941K(17152K)->16941K(17152K) Class: 2240K(2368K)->2240K(2368K)
[2026-05-06T01:33:29.480+0100][24.769s][info][gc             ] GC(413) Pause Young (Allocation Failure) 348M->198M(617M) 0.236ms
[2026-05-06T01:33:29.480+0100][24.769s][info][gc,cpu         ] GC(413) User=0.00s Sys=0.00s Real=0.00s
[2026-05-06T01:33:29.507+0100][24.795s][info][gc,start       ] GC(414) Pause Young (Allocation Failure)
[2026-05-06T01:33:29.507+0100][24.796s][info][gc,heap        ] GC(414) DefNew: 153636K(196288K)->2K(196288K) Eden: 153634K(174528K)->0K(174528K) From: 2K(21760K)->2K(21760K)
[2026-05-06T01:33:29.507+0100][24.796s][info][gc,heap        ] GC(414) Tenured: 203742K(435984K)->203742K(435984K)
[2026-05-06T01:33:29.507+0100][24.796s][info][gc,metaspace   ] GC(414) Metaspace: 19182K(19520K)->19182K(19520K) NonClass: 16941K(17152K)->16941K(17152K) Class: 2240K(2368K)->2240K(2368K)
[2026-05-06T01:33:29.507+0100][24.796s][info][gc             ] GC(414) Pause Young (Allocation Failure) 349M->198M(617M) 0.217ms
[2026-05-06T01:33:29.507+0100][24.796s][info][gc,cpu         ] GC(414) User=0.00s Sys=0.00s Real=0.00s
[2026-05-06T01:33:29.532+0100][24.821s][info][gc,start       ] GC(415) Pause Young (Allocation Failure)
[2026-05-06T01:33:29.533+0100][24.821s][info][gc,heap        ] GC(415) DefNew: 151611K(196288K)->2K(196288K) Eden: 151609K(174528K)->0K(174528K) From: 2K(21760K)->2K(21760K)
[2026-05-06T01:33:29.533+0100][24.821s][info][gc,heap        ] GC(415) Tenured: 203742K(435984K)->203742K(435984K)
[2026-05-06T01:33:29.533+0100][24.821s][info][gc,metaspace   ] GC(415) Metaspace: 19183K(19520K)->19183K(19520K) NonClass: 16943K(17152K)->16943K(17152K) Class: 2240K(2368K)->2240K(2368K)
[2026-05-06T01:33:29.533+0100][24.821s][info][gc             ] GC(415) Pause Young (Allocation Failure) 347M->198M(617M) 0.214ms
[2026-05-06T01:33:29.533+0100][24.821s][info][gc,cpu         ] GC(415) User=0.00s Sys=0.00s Real=0.00s
[2026-05-06T01:33:29.560+0100][24.848s][info][gc,start       ] GC(416) Pause Young (Allocation Failure)
[2026-05-06T01:33:29.560+0100][24.848s][info][gc,heap        ] GC(416) DefNew: 151561K(196288K)->2K(196288K) Eden: 151559K(174528K)->0K(174528K) From: 2K(21760K)->2K(21760K)
[2026-05-06T01:33:29.560+0100][24.849s][info][gc,heap        ] GC(416) Tenured: 203742K(435984K)->203742K(435984K)
[2026-05-06T01:33:29.560+0100][24.849s][info][gc,metaspace   ] GC(416) Metaspace: 19183K(19520K)->19183K(19520K) NonClass: 16943K(17152K)->16943K(17152K) Class: 2240K(2368K)->2240K(2368K)
[2026-05-06T01:33:29.560+0100][24.849s][info][gc             ] GC(416) Pause Young (Allocation Failure) 346M->198M(617M) 0.221ms
[2026-05-06T01:33:29.560+0100][24.849s][info][gc,cpu         ] GC(416) User=0.00s Sys=0.00s Real=0.00s
[2026-05-06T01:33:29.587+0100][24.876s][info][gc,start       ] GC(417) Pause Young (Allocation Failure)
[2026-05-06T01:33:29.587+0100][24.876s][info][gc,heap        ] GC(417) DefNew: 151586K(196288K)->2K(196288K) Eden: 151584K(174528K)->0K(174528K) From: 2K(21760K)->2K(21760K)
[2026-05-06T01:33:29.587+0100][24.876s][info][gc,heap        ] GC(417) Tenured: 203742K(435984K)->203742K(435984K)
[2026-05-06T01:33:29.587+0100][24.876s][info][gc,metaspace   ] GC(417) Metaspace: 19183K(19520K)->19183K(19520K) NonClass: 16943K(17152K)->16943K(17152K) Class: 2240K(2368K)->2240K(2368K)
[2026-05-06T01:33:29.587+0100][24.876s][info][gc             ] GC(417) Pause Young (Allocation Failure) 347M->198M(617M) 0.205ms
[2026-05-06T01:33:29.587+0100][24.876s][info][gc,cpu         ] GC(417) User=0.00s Sys=0.00s Real=0.00s
[2026-05-06T01:33:29.604+0100][24.893s][info][gc,start       ] GC(418) Pause Full (System.gc())
[2026-05-06T01:33:29.604+0100][24.893s][info][gc,phases,start] GC(418) Phase 1: Mark live objects
[2026-05-06T01:33:29.610+0100][24.898s][info][gc,phases      ] GC(418) Phase 1: Mark live objects 5.548ms
[2026-05-06T01:33:29.610+0100][24.898s][info][gc,phases,start] GC(418) Phase 2: Compute new object addresses
[2026-05-06T01:33:29.611+0100][24.900s][info][gc,phases      ] GC(418) Phase 2: Compute new object addresses 1.595ms
[2026-05-06T01:33:29.611+0100][24.900s][info][gc,phases,start] GC(418) Phase 3: Adjust pointers
[2026-05-06T01:33:29.616+0100][24.904s][info][gc,phases      ] GC(418) Phase 3: Adjust pointers 4.377ms
[2026-05-06T01:33:29.616+0100][24.905s][info][gc,phases,start] GC(418) Phase 4: Move objects
[2026-05-06T01:33:29.616+0100][24.905s][info][gc,phases      ] GC(418) Phase 4: Move objects 0.010ms
[2026-05-06T01:33:29.616+0100][24.905s][info][gc,heap        ] GC(418) DefNew: 150896K(196288K)->0K(196288K) Eden: 150894K(174528K)->0K(174528K) From: 2K(21760K)->0K(21760K)
[2026-05-06T01:33:29.616+0100][24.905s][info][gc,heap        ] GC(418) Tenured: 203742K(435984K)->203742K(435984K)
[2026-05-06T01:33:29.616+0100][24.905s][info][gc,metaspace   ] GC(418) Metaspace: 19183K(19520K)->19183K(19520K) NonClass: 16943K(17152K)->16943K(17152K) Class: 2240K(2368K)->2240K(2368K)
[2026-05-06T01:33:29.616+0100][24.905s][info][gc             ] GC(418) Pause Full (System.gc()) 346M->198M(617M) 11.750ms
[2026-05-06T01:33:29.616+0100][24.905s][info][gc,cpu         ] GC(418) User=0.01s Sys=0.00s Real=0.01s
[2026-05-06T01:33:29.651+0100][24.940s][info][gc,start       ] GC(419) Pause Young (Allocation Failure)
[2026-05-06T01:33:29.651+0100][24.940s][info][gc,heap        ] GC(419) DefNew: 152250K(196288K)->2K(196288K) Eden: 152250K(174528K)->0K(174528K) From: 0K(21760K)->2K(21760K)
[2026-05-06T01:33:29.651+0100][24.940s][info][gc,heap        ] GC(419) Tenured: 203742K(435984K)->203742K(435984K)
[2026-05-06T01:33:29.651+0100][24.940s][info][gc,metaspace   ] GC(419) Metaspace: 19183K(19520K)->19183K(19520K) NonClass: 16943K(17152K)->16943K(17152K) Class: 2240K(2368K)->2240K(2368K)
[2026-05-06T01:33:29.651+0100][24.940s][info][gc             ] GC(419) Pause Young (Allocation Failure) 347M->198M(617M) 0.214ms
[2026-05-06T01:33:29.651+0100][24.940s][info][gc,cpu         ] GC(419) User=0.00s Sys=0.00s Real=0.00s
[2026-05-06T01:33:29.675+0100][24.964s][info][gc,start       ] GC(420) Pause Young (Allocation Failure)
[2026-05-06T01:33:29.676+0100][24.964s][info][gc,heap        ] GC(420) DefNew: 151567K(196288K)->2K(196288K) Eden: 151565K(174528K)->0K(174528K) From: 2K(21760K)->2K(21760K)
[2026-05-06T01:33:29.676+0100][24.964s][info][gc,heap        ] GC(420) Tenured: 203742K(435984K)->203742K(435984K)
[2026-05-06T01:33:29.676+0100][24.964s][info][gc,metaspace   ] GC(420) Metaspace: 19183K(19520K)->19183K(19520K) NonClass: 16943K(17152K)->16943K(17152K) Class: 2240K(2368K)->2240K(2368K)
[2026-05-06T01:33:29.676+0100][24.964s][info][gc             ] GC(420) Pause Young (Allocation Failure) 346M->198M(617M) 0.161ms
[2026-05-06T01:33:29.676+0100][24.964s][info][gc,cpu         ] GC(420) User=0.00s Sys=0.00s Real=0.00s
[2026-05-06T01:33:29.700+0100][24.989s][info][gc,start       ] GC(421) Pause Young (Allocation Failure)
[2026-05-06T01:33:29.700+0100][24.989s][info][gc,heap        ] GC(421) DefNew: 151574K(196288K)->2K(196288K) Eden: 151572K(174528K)->0K(174528K) From: 2K(21760K)->2K(21760K)
[2026-05-06T01:33:29.700+0100][24.989s][info][gc,heap        ] GC(421) Tenured: 203742K(435984K)->203742K(435984K)
[2026-05-06T01:33:29.700+0100][24.989s][info][gc,metaspace   ] GC(421) Metaspace: 19183K(19520K)->19183K(19520K) NonClass: 16943K(17152K)->16943K(17152K) Class: 2240K(2368K)->2240K(2368K)
[2026-05-06T01:33:29.700+0100][24.989s][info][gc             ] GC(421) Pause Young (Allocation Failure) 346M->198M(617M) 0.141ms
[2026-05-06T01:33:29.700+0100][24.989s][info][gc,cpu         ] GC(421) User=0.00s Sys=0.00s Real=0.00s
[2026-05-06T01:33:29.725+0100][25.014s][info][gc,start       ] GC(422) Pause Young (Allocation Failure)
[2026-05-06T01:33:29.725+0100][25.014s][info][gc,heap        ] GC(422) DefNew: 151579K(196288K)->2K(196288K) Eden: 151577K(174528K)->0K(174528K) From: 2K(21760K)->2K(21760K)
[2026-05-06T01:33:29.725+0100][25.014s][info][gc,heap        ] GC(422) Tenured: 203742K(435984K)->203742K(435984K)
[2026-05-06T01:33:29.725+0100][25.014s][info][gc,metaspace   ] GC(422) Metaspace: 19183K(19520K)->19183K(19520K) NonClass: 16943K(17152K)->16943K(17152K) Class: 2240K(2368K)->2240K(2368K)
[2026-05-06T01:33:29.725+0100][25.014s][info][gc             ] GC(422) Pause Young (Allocation Failure) 346M->198M(617M) 0.179ms
[2026-05-06T01:33:29.725+0100][25.014s][info][gc,cpu         ] GC(422) User=0.00s Sys=0.00s Real=0.00s
[2026-05-06T01:33:29.750+0100][25.038s][info][gc,start       ] GC(423) Pause Young (Allocation Failure)
[2026-05-06T01:33:29.750+0100][25.038s][info][gc,heap        ] GC(423) DefNew: 151575K(196288K)->2K(196288K) Eden: 151573K(174528K)->0K(174528K) From: 2K(21760K)->2K(21760K)
[2026-05-06T01:33:29.750+0100][25.038s][info][gc,heap        ] GC(423) Tenured: 203742K(435984K)->203742K(435984K)
[2026-05-06T01:33:29.750+0100][25.038s][info][gc,metaspace   ] GC(423) Metaspace: 19183K(19520K)->19183K(19520K) NonClass: 16943K(17152K)->16943K(17152K) Class: 2240K(2368K)->2240K(2368K)
[2026-05-06T01:33:29.750+0100][25.038s][info][gc             ] GC(423) Pause Young (Allocation Failure) 346M->198M(617M) 0.132ms
[2026-05-06T01:33:29.750+0100][25.038s][info][gc,cpu         ] GC(423) User=0.00s Sys=0.00s Real=0.00s
[2026-05-06T01:33:29.774+0100][25.063s][info][gc,start       ] GC(424) Pause Young (Allocation Failure)
[2026-05-06T01:33:29.774+0100][25.063s][info][gc,heap        ] GC(424) DefNew: 151571K(196288K)->2K(196288K) Eden: 151569K(174528K)->0K(174528K) From: 2K(21760K)->2K(21760K)
[2026-05-06T01:33:29.774+0100][25.063s][info][gc,heap        ] GC(424) Tenured: 203742K(435984K)->203742K(435984K)
[2026-05-06T01:33:29.774+0100][25.063s][info][gc,metaspace   ] GC(424) Metaspace: 19183K(19520K)->19183K(19520K) NonClass: 16943K(17152K)->16943K(17152K) Class: 2240K(2368K)->2240K(2368K)
[2026-05-06T01:33:29.774+0100][25.063s][info][gc             ] GC(424) Pause Young (Allocation Failure) 346M->198M(617M) 0.140ms
[2026-05-06T01:33:29.774+0100][25.063s][info][gc,cpu         ] GC(424) User=0.00s Sys=0.00s Real=0.00s
[2026-05-06T01:33:29.798+0100][25.087s][info][gc,start       ] GC(425) Pause Young (Allocation Failure)
[2026-05-06T01:33:29.798+0100][25.087s][info][gc,heap        ] GC(425) DefNew: 151578K(196288K)->2K(196288K) Eden: 151576K(174528K)->0K(174528K) From: 2K(21760K)->2K(21760K)
[2026-05-06T01:33:29.798+0100][25.087s][info][gc,heap        ] GC(425) Tenured: 203742K(435984K)->203742K(435984K)
[2026-05-06T01:33:29.798+0100][25.087s][info][gc,metaspace   ] GC(425) Metaspace: 19183K(19520K)->19183K(19520K) NonClass: 16943K(17152K)->16943K(17152K) Class: 2240K(2368K)->2240K(2368K)
[2026-05-06T01:33:29.798+0100][25.087s][info][gc             ] GC(425) Pause Young (Allocation Failure) 346M->198M(617M) 0.131ms
[2026-05-06T01:33:29.798+0100][25.087s][info][gc,cpu         ] GC(425) User=0.00s Sys=0.00s Real=0.00s
[2026-05-06T01:33:29.824+0100][25.113s][info][gc,start       ] GC(426) Pause Young (Allocation Failure)
[2026-05-06T01:33:29.824+0100][25.113s][info][gc,heap        ] GC(426) DefNew: 151576K(196288K)->2K(196288K) Eden: 151574K(174528K)->0K(174528K) From: 2K(21760K)->2K(21760K)
[2026-05-06T01:33:29.824+0100][25.113s][info][gc,heap        ] GC(426) Tenured: 203742K(435984K)->203742K(435984K)
[2026-05-06T01:33:29.824+0100][25.113s][info][gc,metaspace   ] GC(426) Metaspace: 19183K(19520K)->19183K(19520K) NonClass: 16943K(17152K)->16943K(17152K) Class: 2240K(2368K)->2240K(2368K)
[2026-05-06T01:33:29.824+0100][25.113s][info][gc             ] GC(426) Pause Young (Allocation Failure) 346M->198M(617M) 0.236ms
[2026-05-06T01:33:29.824+0100][25.113s][info][gc,cpu         ] GC(426) User=0.00s Sys=0.00s Real=0.00s
[2026-05-06T01:33:29.850+0100][25.139s][info][gc,start       ] GC(427) Pause Young (Allocation Failure)
[2026-05-06T01:33:29.851+0100][25.139s][info][gc,heap        ] GC(427) DefNew: 151580K(196288K)->2K(196288K) Eden: 151578K(174528K)->0K(174528K) From: 2K(21760K)->2K(21760K)
[2026-05-06T01:33:29.851+0100][25.139s][info][gc,heap        ] GC(427) Tenured: 203742K(435984K)->203742K(435984K)
[2026-05-06T01:33:29.851+0100][25.139s][info][gc,metaspace   ] GC(427) Metaspace: 19183K(19520K)->19183K(19520K) NonClass: 16943K(17152K)->16943K(17152K) Class: 2240K(2368K)->2240K(2368K)
[2026-05-06T01:33:29.851+0100][25.139s][info][gc             ] GC(427) Pause Young (Allocation Failure) 346M->198M(617M) 0.216ms
[2026-05-06T01:33:29.851+0100][25.139s][info][gc,cpu         ] GC(427) User=0.00s Sys=0.00s Real=0.00s
[2026-05-06T01:33:29.878+0100][25.166s][info][gc,start       ] GC(428) Pause Young (Allocation Failure)
[2026-05-06T01:33:29.878+0100][25.166s][info][gc,heap        ] GC(428) DefNew: 151071K(196288K)->2K(196288K) Eden: 151069K(174528K)->0K(174528K) From: 2K(21760K)->2K(21760K)
[2026-05-06T01:33:29.878+0100][25.166s][info][gc,heap        ] GC(428) Tenured: 203742K(435984K)->203742K(435984K)
[2026-05-06T01:33:29.878+0100][25.166s][info][gc,metaspace   ] GC(428) Metaspace: 19183K(19520K)->19183K(19520K) NonClass: 16943K(17152K)->16943K(17152K) Class: 2240K(2368K)->2240K(2368K)
[2026-05-06T01:33:29.878+0100][25.166s][info][gc             ] GC(428) Pause Young (Allocation Failure) 346M->198M(617M) 0.198ms
[2026-05-06T01:33:29.878+0100][25.166s][info][gc,cpu         ] GC(428) User=0.00s Sys=0.00s Real=0.00s
[2026-05-06T01:33:29.905+0100][25.194s][info][gc,start       ] GC(429) Pause Young (Allocation Failure)
[2026-05-06T01:33:29.906+0100][25.194s][info][gc,heap        ] GC(429) DefNew: 151048K(196288K)->2K(196288K) Eden: 151045K(174528K)->0K(174528K) From: 2K(21760K)->2K(21760K)
[2026-05-06T01:33:29.906+0100][25.194s][info][gc,heap        ] GC(429) Tenured: 203742K(435984K)->203742K(435984K)
[2026-05-06T01:33:29.906+0100][25.194s][info][gc,metaspace   ] GC(429) Metaspace: 19183K(19520K)->19183K(19520K) NonClass: 16943K(17152K)->16943K(17152K) Class: 2240K(2368K)->2240K(2368K)
[2026-05-06T01:33:29.906+0100][25.194s][info][gc             ] GC(429) Pause Young (Allocation Failure) 346M->198M(617M) 0.212ms
[2026-05-06T01:33:29.906+0100][25.194s][info][gc,cpu         ] GC(429) User=0.00s Sys=0.00s Real=0.00s
[2026-05-06T01:33:29.935+0100][25.223s][info][gc,start       ] GC(430) Pause Young (Allocation Failure)
[2026-05-06T01:33:29.935+0100][25.223s][info][gc,heap        ] GC(430) DefNew: 151050K(196288K)->2K(196288K) Eden: 151047K(174528K)->0K(174528K) From: 2K(21760K)->2K(21760K)
[2026-05-06T01:33:29.935+0100][25.223s][info][gc,heap        ] GC(430) Tenured: 203742K(435984K)->203742K(435984K)
[2026-05-06T01:33:29.935+0100][25.223s][info][gc,metaspace   ] GC(430) Metaspace: 19183K(19520K)->19183K(19520K) NonClass: 16943K(17152K)->16943K(17152K) Class: 2240K(2368K)->2240K(2368K)
[2026-05-06T01:33:29.935+0100][25.223s][info][gc             ] GC(430) Pause Young (Allocation Failure) 346M->198M(617M) 0.199ms
[2026-05-06T01:33:29.935+0100][25.223s][info][gc,cpu         ] GC(430) User=0.00s Sys=0.00s Real=0.00s
[2026-05-06T01:33:29.953+0100][25.241s][info][gc,start       ] GC(431) Pause Full (System.gc())
[2026-05-06T01:33:29.953+0100][25.241s][info][gc,phases,start] GC(431) Phase 1: Mark live objects
[2026-05-06T01:33:29.959+0100][25.247s][info][gc,phases      ] GC(431) Phase 1: Mark live objects 5.987ms
[2026-05-06T01:33:29.959+0100][25.247s][info][gc,phases,start] GC(431) Phase 2: Compute new object addresses
[2026-05-06T01:33:29.960+0100][25.249s][info][gc,phases      ] GC(431) Phase 2: Compute new object addresses 1.633ms
[2026-05-06T01:33:29.960+0100][25.249s][info][gc,phases,start] GC(431) Phase 3: Adjust pointers
[2026-05-06T01:33:29.965+0100][25.254s][info][gc,phases      ] GC(431) Phase 3: Adjust pointers 4.449ms
[2026-05-06T01:33:29.965+0100][25.254s][info][gc,phases,start] GC(431) Phase 4: Move objects
[2026-05-06T01:33:29.965+0100][25.254s][info][gc,phases      ] GC(431) Phase 4: Move objects 0.005ms
[2026-05-06T01:33:29.965+0100][25.254s][info][gc,heap        ] GC(431) DefNew: 150893K(196288K)->0K(196288K) Eden: 150890K(174528K)->0K(174528K) From: 2K(21760K)->0K(21760K)
[2026-05-06T01:33:29.965+0100][25.254s][info][gc,heap        ] GC(431) Tenured: 203742K(435984K)->203742K(435984K)
[2026-05-06T01:33:29.965+0100][25.254s][info][gc,metaspace   ] GC(431) Metaspace: 19183K(19520K)->19183K(19520K) NonClass: 16943K(17152K)->16943K(17152K) Class: 2240K(2368K)->2240K(2368K)
[2026-05-06T01:33:29.965+0100][25.254s][info][gc             ] GC(431) Pause Full (System.gc()) 346M->198M(617M) 12.280ms
[2026-05-06T01:33:29.965+0100][25.254s][info][gc,cpu         ] GC(431) User=0.01s Sys=0.00s Real=0.01s
[2026-05-06T01:33:30.003+0100][25.292s][info][gc,start       ] GC(432) Pause Young (Allocation Failure)
[2026-05-06T01:33:30.004+0100][25.292s][info][gc,heap        ] GC(432) DefNew: 151223K(196288K)->2K(196288K) Eden: 151223K(174528K)->0K(174528K) From: 0K(21760K)->2K(21760K)
[2026-05-06T01:33:30.004+0100][25.292s][info][gc,heap        ] GC(432) Tenured: 203742K(435984K)->203742K(435984K)
[2026-05-06T01:33:30.004+0100][25.292s][info][gc,metaspace   ] GC(432) Metaspace: 19183K(19520K)->19183K(19520K) NonClass: 16943K(17152K)->16943K(17152K) Class: 2240K(2368K)->2240K(2368K)
[2026-05-06T01:33:30.004+0100][25.292s][info][gc             ] GC(432) Pause Young (Allocation Failure) 346M->198M(617M) 0.229ms
[2026-05-06T01:33:30.004+0100][25.292s][info][gc,cpu         ] GC(432) User=0.00s Sys=0.00s Real=0.00s
[2026-05-06T01:33:30.032+0100][25.321s][info][gc,start       ] GC(433) Pause Young (Allocation Failure)
[2026-05-06T01:33:30.032+0100][25.321s][info][gc,heap        ] GC(433) DefNew: 151056K(196288K)->2K(196288K) Eden: 151054K(174528K)->0K(174528K) From: 2K(21760K)->2K(21760K)
[2026-05-06T01:33:30.032+0100][25.321s][info][gc,heap        ] GC(433) Tenured: 203742K(435984K)->203742K(435984K)
[2026-05-06T01:33:30.032+0100][25.321s][info][gc,metaspace   ] GC(433) Metaspace: 19183K(19520K)->19183K(19520K) NonClass: 16943K(17152K)->16943K(17152K) Class: 2240K(2368K)->2240K(2368K)
[2026-05-06T01:33:30.032+0100][25.321s][info][gc             ] GC(433) Pause Young (Allocation Failure) 346M->198M(617M) 0.264ms
[2026-05-06T01:33:30.032+0100][25.321s][info][gc,cpu         ] GC(433) User=0.00s Sys=0.00s Real=0.00s
[2026-05-06T01:33:30.060+0100][25.348s][info][gc,start       ] GC(434) Pause Young (Allocation Failure)
[2026-05-06T01:33:30.060+0100][25.349s][info][gc,heap        ] GC(434) DefNew: 151061K(196288K)->2K(196288K) Eden: 151059K(174528K)->0K(174528K) From: 2K(21760K)->2K(21760K)
[2026-05-06T01:33:30.060+0100][25.349s][info][gc,heap        ] GC(434) Tenured: 203742K(435984K)->203742K(435984K)
[2026-05-06T01:33:30.060+0100][25.349s][info][gc,metaspace   ] GC(434) Metaspace: 19183K(19520K)->19183K(19520K) NonClass: 16943K(17152K)->16943K(17152K) Class: 2240K(2368K)->2240K(2368K)
[2026-05-06T01:33:30.060+0100][25.349s][info][gc             ] GC(434) Pause Young (Allocation Failure) 346M->198M(617M) 0.223ms
[2026-05-06T01:33:30.060+0100][25.349s][info][gc,cpu         ] GC(434) User=0.00s Sys=0.00s Real=0.00s
[2026-05-06T01:33:30.086+0100][25.375s][info][gc,start       ] GC(435) Pause Young (Allocation Failure)
[2026-05-06T01:33:30.086+0100][25.375s][info][gc,heap        ] GC(435) DefNew: 151054K(196288K)->2K(196288K) Eden: 151052K(174528K)->0K(174528K) From: 2K(21760K)->2K(21760K)
[2026-05-06T01:33:30.086+0100][25.375s][info][gc,heap        ] GC(435) Tenured: 203742K(435984K)->203742K(435984K)
[2026-05-06T01:33:30.086+0100][25.375s][info][gc,metaspace   ] GC(435) Metaspace: 19183K(19520K)->19183K(19520K) NonClass: 16943K(17152K)->16943K(17152K) Class: 2240K(2368K)->2240K(2368K)
[2026-05-06T01:33:30.086+0100][25.375s][info][gc             ] GC(435) Pause Young (Allocation Failure) 346M->198M(617M) 0.199ms
[2026-05-06T01:33:30.086+0100][25.375s][info][gc,cpu         ] GC(435) User=0.00s Sys=0.00s Real=0.00s
[2026-05-06T01:33:30.114+0100][25.403s][info][gc,start       ] GC(436) Pause Young (Allocation Failure)
[2026-05-06T01:33:30.114+0100][25.403s][info][gc,heap        ] GC(436) DefNew: 151053K(196288K)->2K(196288K) Eden: 151051K(174528K)->0K(174528K) From: 2K(21760K)->2K(21760K)
[2026-05-06T01:33:30.114+0100][25.403s][info][gc,heap        ] GC(436) Tenured: 203742K(435984K)->203742K(435984K)
[2026-05-06T01:33:30.114+0100][25.403s][info][gc,metaspace   ] GC(436) Metaspace: 19183K(19520K)->19183K(19520K) NonClass: 16943K(17152K)->16943K(17152K) Class: 2240K(2368K)->2240K(2368K)
[2026-05-06T01:33:30.114+0100][25.403s][info][gc             ] GC(436) Pause Young (Allocation Failure) 346M->198M(617M) 0.221ms
[2026-05-06T01:33:30.114+0100][25.403s][info][gc,cpu         ] GC(436) User=0.00s Sys=0.00s Real=0.00s
[2026-05-06T01:33:30.140+0100][25.429s][info][gc,start       ] GC(437) Pause Young (Allocation Failure)
[2026-05-06T01:33:30.140+0100][25.429s][info][gc,heap        ] GC(437) DefNew: 151058K(196288K)->2K(196288K) Eden: 151056K(174528K)->0K(174528K) From: 2K(21760K)->2K(21760K)
[2026-05-06T01:33:30.140+0100][25.429s][info][gc,heap        ] GC(437) Tenured: 203742K(435984K)->203742K(435984K)
[2026-05-06T01:33:30.140+0100][25.429s][info][gc,metaspace   ] GC(437) Metaspace: 19183K(19520K)->19183K(19520K) NonClass: 16943K(17152K)->16943K(17152K) Class: 2240K(2368K)->2240K(2368K)
[2026-05-06T01:33:30.140+0100][25.429s][info][gc             ] GC(437) Pause Young (Allocation Failure) 346M->198M(617M) 0.171ms
[2026-05-06T01:33:30.140+0100][25.429s][info][gc,cpu         ] GC(437) User=0.00s Sys=0.00s Real=0.00s
[2026-05-06T01:33:30.166+0100][25.454s][info][gc,start       ] GC(438) Pause Young (Allocation Failure)
[2026-05-06T01:33:30.166+0100][25.454s][info][gc,heap        ] GC(438) DefNew: 151060K(196288K)->2K(196288K) Eden: 151058K(174528K)->0K(174528K) From: 2K(21760K)->2K(21760K)
[2026-05-06T01:33:30.166+0100][25.454s][info][gc,heap        ] GC(438) Tenured: 203742K(435984K)->203742K(435984K)
[2026-05-06T01:33:30.166+0100][25.454s][info][gc,metaspace   ] GC(438) Metaspace: 19183K(19520K)->19183K(19520K) NonClass: 16943K(17152K)->16943K(17152K) Class: 2240K(2368K)->2240K(2368K)
[2026-05-06T01:33:30.166+0100][25.454s][info][gc             ] GC(438) Pause Young (Allocation Failure) 346M->198M(617M) 0.143ms
[2026-05-06T01:33:30.166+0100][25.454s][info][gc,cpu         ] GC(438) User=0.00s Sys=0.00s Real=0.00s
[2026-05-06T01:33:30.192+0100][25.480s][info][gc,start       ] GC(439) Pause Young (Allocation Failure)
[2026-05-06T01:33:30.192+0100][25.480s][info][gc,heap        ] GC(439) DefNew: 151053K(196288K)->2K(196288K) Eden: 151051K(174528K)->0K(174528K) From: 2K(21760K)->2K(21760K)
[2026-05-06T01:33:30.192+0100][25.480s][info][gc,heap        ] GC(439) Tenured: 203742K(435984K)->203742K(435984K)
[2026-05-06T01:33:30.192+0100][25.480s][info][gc,metaspace   ] GC(439) Metaspace: 19183K(19520K)->19183K(19520K) NonClass: 16943K(17152K)->16943K(17152K) Class: 2240K(2368K)->2240K(2368K)
[2026-05-06T01:33:30.192+0100][25.480s][info][gc             ] GC(439) Pause Young (Allocation Failure) 346M->198M(617M) 0.173ms
[2026-05-06T01:33:30.192+0100][25.480s][info][gc,cpu         ] GC(439) User=0.00s Sys=0.00s Real=0.00s
[2026-05-06T01:33:30.218+0100][25.506s][info][gc,start       ] GC(440) Pause Young (Allocation Failure)
[2026-05-06T01:33:30.218+0100][25.507s][info][gc,heap        ] GC(440) DefNew: 151052K(196288K)->2K(196288K) Eden: 151050K(174528K)->0K(174528K) From: 2K(21760K)->2K(21760K)
[2026-05-06T01:33:30.218+0100][25.507s][info][gc,heap        ] GC(440) Tenured: 203742K(435984K)->203742K(435984K)
[2026-05-06T01:33:30.218+0100][25.507s][info][gc,metaspace   ] GC(440) Metaspace: 19183K(19520K)->19183K(19520K) NonClass: 16943K(17152K)->16943K(17152K) Class: 2240K(2368K)->2240K(2368K)
[2026-05-06T01:33:30.218+0100][25.507s][info][gc             ] GC(440) Pause Young (Allocation Failure) 346M->198M(617M) 0.201ms
[2026-05-06T01:33:30.218+0100][25.507s][info][gc,cpu         ] GC(440) User=0.00s Sys=0.00s Real=0.00s
[2026-05-06T01:33:30.783+0100][26.071s][info][gc,start       ] GC(441) Pause Young (Allocation Failure)
[2026-05-06T01:33:30.784+0100][26.073s][info][gc,heap        ] GC(441) DefNew: 174530K(196288K)->3325K(196288K) Eden: 174528K(174528K)->0K(174528K) From: 2K(21760K)->3325K(21760K)
[2026-05-06T01:33:30.784+0100][26.073s][info][gc,heap        ] GC(441) Tenured: 203742K(435984K)->203742K(435984K)
[2026-05-06T01:33:30.784+0100][26.073s][info][gc,metaspace   ] GC(441) Metaspace: 23586K(24064K)->23586K(24064K) NonClass: 20897K(21120K)->20897K(21120K) Class: 2689K(2944K)->2689K(2944K)
[2026-05-06T01:33:30.784+0100][26.073s][info][gc             ] GC(441) Pause Young (Allocation Failure) 369M->202M(617M) 1.725ms
[2026-05-06T01:33:30.784+0100][26.073s][info][gc,cpu         ] GC(441) User=0.00s Sys=0.00s Real=0.00s
[2026-05-06T01:33:31.085+0100][26.374s][info][gc,heap,exit   ] Heap
[2026-05-06T01:33:31.085+0100][26.374s][info][gc,heap,exit   ]  def new generation   total 196288K, used 110503K [0x0000000300800000, 0x000000030dcf0000, 0x0000000355d50000)
[2026-05-06T01:33:31.085+0100][26.374s][info][gc,heap,exit   ]   eden space 174528K,  61% used [0x0000000300800000, 0x00000003070aa670, 0x000000030b270000)
[2026-05-06T01:33:31.085+0100][26.374s][info][gc,heap,exit   ]   from space 21760K,  15% used [0x000000030b270000, 0x000000030b5af788, 0x000000030c7b0000)
[2026-05-06T01:33:31.085+0100][26.374s][info][gc,heap,exit   ]   to   space 21760K,   0% used [0x000000030c7b0000, 0x000000030c7b0000, 0x000000030dcf0000)
[2026-05-06T01:33:31.085+0100][26.374s][info][gc,heap,exit   ]  tenured generation   total 435984K, used 203742K [0x0000000355d50000, 0x0000000370714000, 0x0000000400800000)
[2026-05-06T01:33:31.085+0100][26.374s][info][gc,heap,exit   ]    the space 435984K,  46% used [0x0000000355d50000, 0x0000000362447bc8, 0x0000000362447c00, 0x0000000370714000)
[2026-05-06T01:33:31.085+0100][26.374s][info][gc,heap,exit   ]  Metaspace       used 24016K, committed 24448K, reserved 1114112K
[2026-05-06T01:33:31.085+0100][26.374s][info][gc,heap,exit   ]   class space    used 2722K, committed 2944K, reserved 1048576K
