[2026-05-06T01:32:09.450+0100][0.004s][info][gc,init] CardTable entry size: 512
[2026-05-06T01:32:09.450+0100][0.004s][info][gc     ] Using G1
[2026-05-06T01:32:09.451+0100][0.005s][info][gc,init] Version: 21.0.6+7-LTS (release)
[2026-05-06T01:32:09.451+0100][0.005s][info][gc,init] CPUs: 11 total, 11 available
[2026-05-06T01:32:09.451+0100][0.005s][info][gc,init] Memory: 18432M
[2026-05-06T01:32:09.451+0100][0.005s][info][gc,init] Large Page Support: Disabled
[2026-05-06T01:32:09.451+0100][0.005s][info][gc,init] NUMA Support: Disabled
[2026-05-06T01:32:09.451+0100][0.005s][info][gc,init] Compressed Oops: Enabled (Zero based)
[2026-05-06T01:32:09.451+0100][0.005s][info][gc,init] Heap Region Size: 2M
[2026-05-06T01:32:09.451+0100][0.005s][info][gc,init] Heap Min Capacity: 8M
[2026-05-06T01:32:09.451+0100][0.005s][info][gc,init] Heap Initial Capacity: 288M
[2026-05-06T01:32:09.451+0100][0.005s][info][gc,init] Heap Max Capacity: 4G
[2026-05-06T01:32:09.451+0100][0.005s][info][gc,init] Pre-touch: Disabled
[2026-05-06T01:32:09.451+0100][0.005s][info][gc,init] Parallel Workers: 9
[2026-05-06T01:32:09.451+0100][0.005s][info][gc,init] Concurrent Workers: 2
[2026-05-06T01:32:09.451+0100][0.005s][info][gc,init] Concurrent Refinement Workers: 9
[2026-05-06T01:32:09.451+0100][0.005s][info][gc,init] Periodic GC: Disabled
[2026-05-06T01:32:09.454+0100][0.008s][info][gc,metaspace] CDS archive(s) mapped at: [0x000000b800000000-0x000000b800c90000-0x000000b800c90000), size 13172736, SharedBaseAddress: 0x000000b800000000, ArchiveRelocationMode: 1.
[2026-05-06T01:32:09.454+0100][0.008s][info][gc,metaspace] Compressed class space mapped at: 0x000000b801000000-0x000000b841000000, reserved size: 1073741824
[2026-05-06T01:32:09.454+0100][0.008s][info][gc,metaspace] Narrow klass base: 0x000000b800000000, Narrow klass shift: 0, Narrow klass range: 0x100000000
[2026-05-06T01:32:09.807+0100][0.361s][info][gc,start    ] GC(0) Pause Young (Normal) (G1 Evacuation Pause)
[2026-05-06T01:32:09.807+0100][0.361s][info][gc,task     ] GC(0) Using 6 workers of 9 for evacuation
[2026-05-06T01:32:09.808+0100][0.362s][info][gc,phases   ] GC(0)   Pre Evacuate Collection Set: 0.1ms
[2026-05-06T01:32:09.808+0100][0.362s][info][gc,phases   ] GC(0)   Merge Heap Roots: 0.0ms
[2026-05-06T01:32:09.808+0100][0.362s][info][gc,phases   ] GC(0)   Evacuate Collection Set: 0.7ms
[2026-05-06T01:32:09.808+0100][0.362s][info][gc,phases   ] GC(0)   Post Evacuate Collection Set: 0.1ms
[2026-05-06T01:32:09.808+0100][0.362s][info][gc,phases   ] GC(0)   Other: 0.2ms
[2026-05-06T01:32:09.808+0100][0.362s][info][gc,heap     ] GC(0) Eden regions: 11->0(27)
[2026-05-06T01:32:09.808+0100][0.362s][info][gc,heap     ] GC(0) Survivor regions: 0->2(2)
[2026-05-06T01:32:09.808+0100][0.362s][info][gc,heap     ] GC(0) Old regions: 1->1
[2026-05-06T01:32:09.808+0100][0.362s][info][gc,heap     ] GC(0) Humongous regions: 0->0
[2026-05-06T01:32:09.808+0100][0.362s][info][gc,metaspace] GC(0) Metaspace: 5620K(5824K)->5620K(5824K) NonClass: 4964K(5056K)->4964K(5056K) Class: 655K(768K)->655K(768K)
[2026-05-06T01:32:09.808+0100][0.362s][info][gc          ] GC(0) Pause Young (Normal) (G1 Evacuation Pause) 23M->4M(290M) 1.207ms
[2026-05-06T01:32:09.808+0100][0.362s][info][gc,cpu      ] GC(0) User=0.00s Sys=0.00s Real=0.00s
[2026-05-06T01:32:10.106+0100][0.660s][info][gc,start    ] GC(1) Pause Young (Normal) (G1 Evacuation Pause)
[2026-05-06T01:32:10.106+0100][0.660s][info][gc,task     ] GC(1) Using 6 workers of 9 for evacuation
[2026-05-06T01:32:10.109+0100][0.663s][info][gc,phases   ] GC(1)   Pre Evacuate Collection Set: 0.0ms
[2026-05-06T01:32:10.109+0100][0.663s][info][gc,phases   ] GC(1)   Merge Heap Roots: 0.0ms
[2026-05-06T01:32:10.109+0100][0.663s][info][gc,phases   ] GC(1)   Evacuate Collection Set: 2.0ms
[2026-05-06T01:32:10.109+0100][0.663s][info][gc,phases   ] GC(1)   Post Evacuate Collection Set: 0.3ms
[2026-05-06T01:32:10.109+0100][0.663s][info][gc,phases   ] GC(1)   Other: 0.0ms
[2026-05-06T01:32:10.109+0100][0.663s][info][gc,heap     ] GC(1) Eden regions: 27->0(82)
[2026-05-06T01:32:10.109+0100][0.663s][info][gc,heap     ] GC(1) Survivor regions: 2->4(4)
[2026-05-06T01:32:10.109+0100][0.663s][info][gc,heap     ] GC(1) Old regions: 1->1
[2026-05-06T01:32:10.109+0100][0.663s][info][gc,heap     ] GC(1) Humongous regions: 0->0
[2026-05-06T01:32:10.109+0100][0.663s][info][gc,metaspace] GC(1) Metaspace: 14859K(15168K)->14859K(15168K) NonClass: 13063K(13248K)->13063K(13248K) Class: 1795K(1920K)->1795K(1920K)
[2026-05-06T01:32:10.109+0100][0.663s][info][gc          ] GC(1) Pause Young (Normal) (G1 Evacuation Pause) 58M->8M(290M) 2.602ms
[2026-05-06T01:32:10.109+0100][0.663s][info][gc,cpu      ] GC(1) User=0.01s Sys=0.00s Real=0.00s
[2026-05-06T01:32:10.396+0100][0.950s][info][gc,start    ] GC(2) Pause Young (Normal) (G1 Evacuation Pause)
[2026-05-06T01:32:10.396+0100][0.950s][info][gc,task     ] GC(2) Using 6 workers of 9 for evacuation
[2026-05-06T01:32:10.398+0100][0.953s][info][gc,phases   ] GC(2)   Pre Evacuate Collection Set: 0.1ms
[2026-05-06T01:32:10.398+0100][0.953s][info][gc,phases   ] GC(2)   Merge Heap Roots: 0.1ms
[2026-05-06T01:32:10.398+0100][0.953s][info][gc,phases   ] GC(2)   Evacuate Collection Set: 2.0ms
[2026-05-06T01:32:10.399+0100][0.953s][info][gc,phases   ] GC(2)   Post Evacuate Collection Set: 0.3ms
[2026-05-06T01:32:10.399+0100][0.953s][info][gc,phases   ] GC(2)   Other: 0.0ms
[2026-05-06T01:32:10.399+0100][0.953s][info][gc,heap     ] GC(2) Eden regions: 82->0(80)
[2026-05-06T01:32:10.399+0100][0.953s][info][gc,heap     ] GC(2) Survivor regions: 4->6(11)
[2026-05-06T01:32:10.399+0100][0.953s][info][gc,heap     ] GC(2) Old regions: 1->1
[2026-05-06T01:32:10.399+0100][0.953s][info][gc,heap     ] GC(2) Humongous regions: 40->37
[2026-05-06T01:32:10.399+0100][0.953s][info][gc,metaspace] GC(2) Metaspace: 17820K(18240K)->17820K(18240K) NonClass: 15715K(15936K)->15715K(15936K) Class: 2104K(2304K)->2104K(2304K)
[2026-05-06T01:32:10.399+0100][0.953s][info][gc          ] GC(2) Pause Young (Normal) (G1 Evacuation Pause) 252M->85M(290M) 2.611ms
[2026-05-06T01:32:10.399+0100][0.953s][info][gc,cpu      ] GC(2) User=0.01s Sys=0.01s Real=0.00s
[2026-05-06T01:32:10.524+0100][1.078s][info][gc,start    ] GC(3) Pause Young (Normal) (G1 Evacuation Pause)
[2026-05-06T01:32:10.524+0100][1.078s][info][gc,task     ] GC(3) Using 6 workers of 9 for evacuation
[2026-05-06T01:32:10.526+0100][1.080s][info][gc,phases   ] GC(3)   Pre Evacuate Collection Set: 0.1ms
[2026-05-06T01:32:10.526+0100][1.080s][info][gc,phases   ] GC(3)   Merge Heap Roots: 0.0ms
[2026-05-06T01:32:10.526+0100][1.080s][info][gc,phases   ] GC(3)   Evacuate Collection Set: 1.7ms
[2026-05-06T01:32:10.526+0100][1.081s][info][gc,phases   ] GC(3)   Post Evacuate Collection Set: 0.3ms
[2026-05-06T01:32:10.526+0100][1.081s][info][gc,phases   ] GC(3)   Other: 0.0ms
[2026-05-06T01:32:10.526+0100][1.081s][info][gc,heap     ] GC(3) Eden regions: 80->0(80)
[2026-05-06T01:32:10.526+0100][1.081s][info][gc,heap     ] GC(3) Survivor regions: 6->6(11)
[2026-05-06T01:32:10.526+0100][1.081s][info][gc,heap     ] GC(3) Old regions: 1->1
[2026-05-06T01:32:10.526+0100][1.081s][info][gc,heap     ] GC(3) Humongous regions: 37->37
[2026-05-06T01:32:10.526+0100][1.081s][info][gc,metaspace] GC(3) Metaspace: 17822K(18240K)->17822K(18240K) NonClass: 15717K(15936K)->15717K(15936K) Class: 2104K(2304K)->2104K(2304K)
[2026-05-06T01:32:10.527+0100][1.081s][info][gc          ] GC(3) Pause Young (Normal) (G1 Evacuation Pause) 245M->86M(290M) 2.233ms
[2026-05-06T01:32:10.527+0100][1.081s][info][gc,cpu      ] GC(3) User=0.01s Sys=0.00s Real=0.00s
[2026-05-06T01:32:10.537+0100][1.091s][info][gc,start    ] GC(4) Pause Young (Concurrent Start) (G1 Humongous Allocation)
[2026-05-06T01:32:10.537+0100][1.091s][info][gc,task     ] GC(4) Using 6 workers of 9 for evacuation
[2026-05-06T01:32:10.539+0100][1.093s][info][gc,phases   ] GC(4)   Pre Evacuate Collection Set: 0.1ms
[2026-05-06T01:32:10.539+0100][1.093s][info][gc,phases   ] GC(4)   Merge Heap Roots: 0.0ms
[2026-05-06T01:32:10.539+0100][1.093s][info][gc,phases   ] GC(4)   Evacuate Collection Set: 1.5ms
[2026-05-06T01:32:10.539+0100][1.093s][info][gc,phases   ] GC(4)   Post Evacuate Collection Set: 0.3ms
[2026-05-06T01:32:10.539+0100][1.093s][info][gc,phases   ] GC(4)   Other: 0.0ms
[2026-05-06T01:32:10.539+0100][1.093s][info][gc,heap     ] GC(4) Eden regions: 7->0(80)
[2026-05-06T01:32:10.539+0100][1.093s][info][gc,heap     ] GC(4) Survivor regions: 6->6(11)
[2026-05-06T01:32:10.539+0100][1.093s][info][gc,heap     ] GC(4) Old regions: 1->1
[2026-05-06T01:32:10.539+0100][1.093s][info][gc,heap     ] GC(4) Humongous regions: 37->23
[2026-05-06T01:32:10.539+0100][1.093s][info][gc,metaspace] GC(4) Metaspace: 17822K(18240K)->17822K(18240K) NonClass: 15717K(15936K)->15717K(15936K) Class: 2104K(2304K)->2104K(2304K)
[2026-05-06T01:32:10.539+0100][1.093s][info][gc          ] GC(4) Pause Young (Concurrent Start) (G1 Humongous Allocation) 99M->58M(290M) 2.118ms
[2026-05-06T01:32:10.539+0100][1.093s][info][gc,cpu      ] GC(4) User=0.01s Sys=0.00s Real=0.00s
[2026-05-06T01:32:10.539+0100][1.093s][info][gc          ] GC(5) Concurrent Undo Cycle
[2026-05-06T01:32:10.539+0100][1.093s][info][gc,marking  ] GC(5) Concurrent Clear Claimed Marks
[2026-05-06T01:32:10.539+0100][1.093s][info][gc,marking  ] GC(5) Concurrent Clear Claimed Marks 0.013ms
[2026-05-06T01:32:10.539+0100][1.093s][info][gc,marking  ] GC(5) Concurrent Cleanup for Next Mark
[2026-05-06T01:32:10.539+0100][1.093s][info][gc,marking  ] GC(5) Concurrent Cleanup for Next Mark 0.016ms
[2026-05-06T01:32:10.539+0100][1.093s][info][gc          ] GC(5) Concurrent Undo Cycle 0.062ms
[2026-05-06T01:32:10.712+0100][1.266s][info][gc,start    ] GC(6) Pause Young (Concurrent Start) (G1 Humongous Allocation)
[2026-05-06T01:32:10.712+0100][1.266s][info][gc,task     ] GC(6) Using 6 workers of 9 for evacuation
[2026-05-06T01:32:10.715+0100][1.269s][info][gc,phases   ] GC(6)   Pre Evacuate Collection Set: 0.1ms
[2026-05-06T01:32:10.715+0100][1.269s][info][gc,phases   ] GC(6)   Merge Heap Roots: 0.0ms
[2026-05-06T01:32:10.715+0100][1.269s][info][gc,phases   ] GC(6)   Evacuate Collection Set: 1.8ms
[2026-05-06T01:32:10.715+0100][1.269s][info][gc,phases   ] GC(6)   Post Evacuate Collection Set: 0.4ms
[2026-05-06T01:32:10.715+0100][1.269s][info][gc,phases   ] GC(6)   Other: 0.0ms
[2026-05-06T01:32:10.715+0100][1.269s][info][gc,heap     ] GC(6) Eden regions: 55->0(47)
[2026-05-06T01:32:10.715+0100][1.269s][info][gc,heap     ] GC(6) Survivor regions: 6->6(11)
[2026-05-06T01:32:10.715+0100][1.269s][info][gc,heap     ] GC(6) Old regions: 1->1
[2026-05-06T01:32:10.715+0100][1.269s][info][gc,heap     ] GC(6) Humongous regions: 78->78
[2026-05-06T01:32:10.715+0100][1.269s][info][gc,metaspace] GC(6) Metaspace: 17822K(18240K)->17822K(18240K) NonClass: 15717K(15936K)->15717K(15936K) Class: 2104K(2304K)->2104K(2304K)
[2026-05-06T01:32:10.715+0100][1.269s][info][gc          ] GC(6) Pause Young (Concurrent Start) (G1 Humongous Allocation) 278M->168M(292M) 2.437ms
[2026-05-06T01:32:10.715+0100][1.269s][info][gc,cpu      ] GC(6) User=0.01s Sys=0.00s Real=0.00s
[2026-05-06T01:32:10.715+0100][1.269s][info][gc          ] GC(7) Concurrent Mark Cycle
[2026-05-06T01:32:10.715+0100][1.269s][info][gc,marking  ] GC(7) Concurrent Scan Root Regions
[2026-05-06T01:32:10.716+0100][1.270s][info][gc,marking  ] GC(7) Concurrent Scan Root Regions 1.553ms
[2026-05-06T01:32:10.716+0100][1.270s][info][gc,marking  ] GC(7) Concurrent Mark
[2026-05-06T01:32:10.716+0100][1.270s][info][gc,marking  ] GC(7) Concurrent Mark From Roots
[2026-05-06T01:32:10.716+0100][1.270s][info][gc,task     ] GC(7) Using 2 workers of 2 for marking
[2026-05-06T01:32:10.717+0100][1.271s][info][gc,marking  ] GC(7) Concurrent Mark From Roots 0.646ms
[2026-05-06T01:32:10.717+0100][1.271s][info][gc,marking  ] GC(7) Concurrent Preclean
[2026-05-06T01:32:10.717+0100][1.271s][info][gc,marking  ] GC(7) Concurrent Preclean 0.006ms
[2026-05-06T01:32:10.755+0100][1.309s][info][gc,start    ] GC(7) Pause Remark
[2026-05-06T01:32:10.756+0100][1.310s][info][gc          ] GC(7) Pause Remark 314M->314M(528M) 1.263ms
[2026-05-06T01:32:10.756+0100][1.310s][info][gc,cpu      ] GC(7) User=0.00s Sys=0.00s Real=0.00s
[2026-05-06T01:32:10.756+0100][1.310s][info][gc,marking  ] GC(7) Concurrent Mark 39.392ms
[2026-05-06T01:32:10.756+0100][1.310s][info][gc,marking  ] GC(7) Concurrent Rebuild Remembered Sets and Scrub Regions
[2026-05-06T01:32:10.756+0100][1.310s][info][gc,marking  ] GC(7) Concurrent Rebuild Remembered Sets and Scrub Regions 0.277ms
[2026-05-06T01:32:10.756+0100][1.310s][info][gc,start    ] GC(7) Pause Cleanup
[2026-05-06T01:32:10.756+0100][1.310s][info][gc          ] GC(7) Pause Cleanup 315M->315M(528M) 0.032ms
[2026-05-06T01:32:10.756+0100][1.310s][info][gc,cpu      ] GC(7) User=0.00s Sys=0.00s Real=0.00s
[2026-05-06T01:32:10.756+0100][1.310s][info][gc,marking  ] GC(7) Concurrent Clear Claimed Marks
[2026-05-06T01:32:10.756+0100][1.310s][info][gc,marking  ] GC(7) Concurrent Clear Claimed Marks 0.019ms
[2026-05-06T01:32:10.756+0100][1.310s][info][gc,marking  ] GC(7) Concurrent Cleanup for Next Mark
[2026-05-06T01:32:10.757+0100][1.311s][info][gc,marking  ] GC(7) Concurrent Cleanup for Next Mark 0.480ms
[2026-05-06T01:32:10.757+0100][1.311s][info][gc          ] GC(7) Concurrent Mark Cycle 41.900ms
[2026-05-06T01:32:10.879+0100][1.433s][info][gc,start    ] GC(8) Pause Young (Prepare Mixed) (G1 Evacuation Pause)
[2026-05-06T01:32:10.879+0100][1.433s][info][gc,task     ] GC(8) Using 9 workers of 9 for evacuation
[2026-05-06T01:32:10.881+0100][1.435s][info][gc,phases   ] GC(8)   Pre Evacuate Collection Set: 0.1ms
[2026-05-06T01:32:10.881+0100][1.435s][info][gc,phases   ] GC(8)   Merge Heap Roots: 0.0ms
[2026-05-06T01:32:10.881+0100][1.435s][info][gc,phases   ] GC(8)   Evacuate Collection Set: 1.4ms
[2026-05-06T01:32:10.881+0100][1.435s][info][gc,phases   ] GC(8)   Post Evacuate Collection Set: 0.4ms
[2026-05-06T01:32:10.881+0100][1.435s][info][gc,phases   ] GC(8)   Other: 0.0ms
[2026-05-06T01:32:10.881+0100][1.435s][info][gc,heap     ] GC(8) Eden regions: 47->0(90)
[2026-05-06T01:32:10.881+0100][1.435s][info][gc,heap     ] GC(8) Survivor regions: 6->2(7)
[2026-05-06T01:32:10.881+0100][1.435s][info][gc,heap     ] GC(8) Old regions: 1->5
[2026-05-06T01:32:10.881+0100][1.435s][info][gc,heap     ] GC(8) Humongous regions: 151->151
[2026-05-06T01:32:10.881+0100][1.435s][info][gc,metaspace] GC(8) Metaspace: 17822K(18240K)->17822K(18240K) NonClass: 15717K(15936K)->15717K(15936K) Class: 2104K(2304K)->2104K(2304K)
[2026-05-06T01:32:10.881+0100][1.435s][info][gc          ] GC(8) Pause Young (Prepare Mixed) (G1 Evacuation Pause) 408M->313M(528M) 2.067ms
[2026-05-06T01:32:10.881+0100][1.435s][info][gc,cpu      ] GC(8) User=0.01s Sys=0.01s Real=0.01s
[2026-05-06T01:32:11.110+0100][1.664s][info][gc,start    ] GC(9) Pause Young (Mixed) (G1 Evacuation Pause)
[2026-05-06T01:32:11.110+0100][1.664s][info][gc,task     ] GC(9) Using 9 workers of 9 for evacuation
[2026-05-06T01:32:11.112+0100][1.666s][info][gc,phases   ] GC(9)   Pre Evacuate Collection Set: 0.1ms
[2026-05-06T01:32:11.112+0100][1.666s][info][gc,phases   ] GC(9)   Merge Heap Roots: 0.0ms
[2026-05-06T01:32:11.112+0100][1.666s][info][gc,phases   ] GC(9)   Evacuate Collection Set: 1.1ms
[2026-05-06T01:32:11.112+0100][1.666s][info][gc,phases   ] GC(9)   Post Evacuate Collection Set: 0.2ms
[2026-05-06T01:32:11.112+0100][1.666s][info][gc,phases   ] GC(9)   Other: 0.0ms
[2026-05-06T01:32:11.112+0100][1.666s][info][gc,heap     ] GC(9) Eden regions: 90->0(90)
[2026-05-06T01:32:11.112+0100][1.666s][info][gc,heap     ] GC(9) Survivor regions: 2->2(12)
[2026-05-06T01:32:11.112+0100][1.666s][info][gc,heap     ] GC(9) Old regions: 5->5
[2026-05-06T01:32:11.112+0100][1.666s][info][gc,heap     ] GC(9) Humongous regions: 151->151
[2026-05-06T01:32:11.112+0100][1.666s][info][gc,metaspace] GC(9) Metaspace: 17822K(18240K)->17822K(18240K) NonClass: 15717K(15936K)->15717K(15936K) Class: 2104K(2304K)->2104K(2304K)
[2026-05-06T01:32:11.112+0100][1.666s][info][gc          ] GC(9) Pause Young (Mixed) (G1 Evacuation Pause) 493M->314M(528M) 1.551ms
[2026-05-06T01:32:11.112+0100][1.666s][info][gc,cpu      ] GC(9) User=0.00s Sys=0.01s Real=0.00s
[2026-05-06T01:32:11.324+0100][1.878s][info][gc,start    ] GC(10) Pause Young (Concurrent Start) (G1 Evacuation Pause)
[2026-05-06T01:32:11.324+0100][1.878s][info][gc,task     ] GC(10) Using 9 workers of 9 for evacuation
[2026-05-06T01:32:11.325+0100][1.879s][info][gc,phases   ] GC(10)   Pre Evacuate Collection Set: 0.1ms
[2026-05-06T01:32:11.325+0100][1.879s][info][gc,phases   ] GC(10)   Merge Heap Roots: 0.0ms
[2026-05-06T01:32:11.325+0100][1.879s][info][gc,phases   ] GC(10)   Evacuate Collection Set: 0.5ms
[2026-05-06T01:32:11.325+0100][1.879s][info][gc,phases   ] GC(10)   Post Evacuate Collection Set: 0.2ms
[2026-05-06T01:32:11.325+0100][1.879s][info][gc,phases   ] GC(10)   Other: 0.0ms
[2026-05-06T01:32:11.325+0100][1.879s][info][gc,heap     ] GC(10) Eden regions: 90->0(90)
[2026-05-06T01:32:11.325+0100][1.879s][info][gc,heap     ] GC(10) Survivor regions: 2->2(12)
[2026-05-06T01:32:11.325+0100][1.879s][info][gc,heap     ] GC(10) Old regions: 5->5
[2026-05-06T01:32:11.325+0100][1.879s][info][gc,heap     ] GC(10) Humongous regions: 151->151
[2026-05-06T01:32:11.325+0100][1.879s][info][gc,metaspace] GC(10) Metaspace: 17822K(18240K)->17822K(18240K) NonClass: 15717K(15936K)->15717K(15936K) Class: 2104K(2304K)->2104K(2304K)
[2026-05-06T01:32:11.325+0100][1.879s][info][gc          ] GC(10) Pause Young (Concurrent Start) (G1 Evacuation Pause) 494M->314M(528M) 0.931ms
[2026-05-06T01:32:11.325+0100][1.879s][info][gc,cpu      ] GC(10) User=0.01s Sys=0.00s Real=0.00s
[2026-05-06T01:32:11.325+0100][1.879s][info][gc          ] GC(11) Concurrent Mark Cycle
[2026-05-06T01:32:11.325+0100][1.879s][info][gc,marking  ] GC(11) Concurrent Scan Root Regions
[2026-05-06T01:32:11.326+0100][1.880s][info][gc,marking  ] GC(11) Concurrent Scan Root Regions 0.494ms
[2026-05-06T01:32:11.326+0100][1.880s][info][gc,marking  ] GC(11) Concurrent Mark
[2026-05-06T01:32:11.326+0100][1.880s][info][gc,marking  ] GC(11) Concurrent Mark From Roots
[2026-05-06T01:32:11.326+0100][1.880s][info][gc,task     ] GC(11) Using 2 workers of 2 for marking
[2026-05-06T01:32:11.328+0100][1.882s][info][gc,marking  ] GC(11) Concurrent Mark From Roots 2.605ms
[2026-05-06T01:32:11.328+0100][1.882s][info][gc,marking  ] GC(11) Concurrent Preclean
[2026-05-06T01:32:11.328+0100][1.882s][info][gc,marking  ] GC(11) Concurrent Preclean 0.008ms
[2026-05-06T01:32:11.328+0100][1.882s][info][gc,start    ] GC(11) Pause Remark
[2026-05-06T01:32:11.329+0100][1.884s][info][gc          ] GC(11) Pause Remark 317M->317M(528M) 1.048ms
[2026-05-06T01:32:11.330+0100][1.884s][info][gc,cpu      ] GC(11) User=0.00s Sys=0.00s Real=0.01s
[2026-05-06T01:32:11.330+0100][1.884s][info][gc,marking  ] GC(11) Concurrent Mark 3.743ms
[2026-05-06T01:32:11.330+0100][1.884s][info][gc,marking  ] GC(11) Concurrent Rebuild Remembered Sets and Scrub Regions
[2026-05-06T01:32:11.331+0100][1.885s][info][gc,marking  ] GC(11) Concurrent Rebuild Remembered Sets and Scrub Regions 1.439ms
[2026-05-06T01:32:11.331+0100][1.885s][info][gc,start    ] GC(11) Pause Cleanup
[2026-05-06T01:32:11.331+0100][1.885s][info][gc          ] GC(11) Pause Cleanup 318M->318M(528M) 0.058ms
[2026-05-06T01:32:11.331+0100][1.885s][info][gc,cpu      ] GC(11) User=0.00s Sys=0.00s Real=0.00s
[2026-05-06T01:32:11.331+0100][1.885s][info][gc,marking  ] GC(11) Concurrent Clear Claimed Marks
[2026-05-06T01:32:11.331+0100][1.885s][info][gc,marking  ] GC(11) Concurrent Clear Claimed Marks 0.013ms
[2026-05-06T01:32:11.331+0100][1.885s][info][gc,marking  ] GC(11) Concurrent Cleanup for Next Mark
[2026-05-06T01:32:11.331+0100][1.885s][info][gc,marking  ] GC(11) Concurrent Cleanup for Next Mark 0.330ms
[2026-05-06T01:32:11.331+0100][1.885s][info][gc          ] GC(11) Concurrent Mark Cycle 6.191ms
[2026-05-06T01:32:11.538+0100][2.092s][info][gc,start    ] GC(12) Pause Young (Prepare Mixed) (G1 Evacuation Pause)
[2026-05-06T01:32:11.538+0100][2.092s][info][gc,task     ] GC(12) Using 9 workers of 9 for evacuation
[2026-05-06T01:32:11.539+0100][2.093s][info][gc,phases   ] GC(12)   Pre Evacuate Collection Set: 0.1ms
[2026-05-06T01:32:11.539+0100][2.093s][info][gc,phases   ] GC(12)   Merge Heap Roots: 0.0ms
[2026-05-06T01:32:11.539+0100][2.093s][info][gc,phases   ] GC(12)   Evacuate Collection Set: 0.4ms
[2026-05-06T01:32:11.539+0100][2.093s][info][gc,phases   ] GC(12)   Post Evacuate Collection Set: 0.4ms
[2026-05-06T01:32:11.539+0100][2.093s][info][gc,phases   ] GC(12)   Other: 0.0ms
[2026-05-06T01:32:11.539+0100][2.093s][info][gc,heap     ] GC(12) Eden regions: 90->0(245)
[2026-05-06T01:32:11.539+0100][2.093s][info][gc,heap     ] GC(12) Survivor regions: 2->2(12)
[2026-05-06T01:32:11.539+0100][2.093s][info][gc,heap     ] GC(12) Old regions: 5->5
[2026-05-06T01:32:11.539+0100][2.093s][info][gc,heap     ] GC(12) Humongous regions: 151->151
[2026-05-06T01:32:11.539+0100][2.093s][info][gc,metaspace] GC(12) Metaspace: 17822K(18240K)->17822K(18240K) NonClass: 15717K(15936K)->15717K(15936K) Class: 2104K(2304K)->2104K(2304K)
[2026-05-06T01:32:11.539+0100][2.093s][info][gc          ] GC(12) Pause Young (Prepare Mixed) (G1 Evacuation Pause) 494M->314M(854M) 1.194ms
[2026-05-06T01:32:11.539+0100][2.093s][info][gc,cpu      ] GC(12) User=0.00s Sys=0.01s Real=0.00s
[2026-05-06T01:32:11.868+0100][2.422s][info][gc,start    ] GC(13) Pause Full (System.gc())
[2026-05-06T01:32:11.868+0100][2.422s][info][gc,task     ] GC(13) Using 9 workers of 9 for full compaction
[2026-05-06T01:32:11.868+0100][2.422s][info][gc,phases,start] GC(13) Phase 1: Mark live objects
[2026-05-06T01:32:11.872+0100][2.426s][info][gc,phases      ] GC(13) Phase 1: Mark live objects 4.144ms
[2026-05-06T01:32:11.872+0100][2.426s][info][gc,phases,start] GC(13) Phase 2: Prepare compaction
[2026-05-06T01:32:11.873+0100][2.427s][info][gc,phases      ] GC(13) Phase 2: Prepare compaction 0.514ms
[2026-05-06T01:32:11.873+0100][2.427s][info][gc,phases,start] GC(13) Phase 3: Adjust pointers
[2026-05-06T01:32:11.874+0100][2.428s][info][gc,phases      ] GC(13) Phase 3: Adjust pointers 1.745ms
[2026-05-06T01:32:11.874+0100][2.428s][info][gc,phases,start] GC(13) Phase 4: Compact heap
[2026-05-06T01:32:11.875+0100][2.429s][info][gc,phases      ] GC(13) Phase 4: Compact heap 0.433ms
[2026-05-06T01:32:11.875+0100][2.429s][info][gc,phases,start] GC(13) Phase 5: Reset Metadata
[2026-05-06T01:32:11.875+0100][2.429s][info][gc,phases      ] GC(13) Phase 5: Reset Metadata 0.353ms
[2026-05-06T01:32:11.876+0100][2.430s][info][gc,heap        ] GC(13) Eden regions: 118->0(204)
[2026-05-06T01:32:11.876+0100][2.430s][info][gc,heap        ] GC(13) Survivor regions: 2->0(12)
[2026-05-06T01:32:11.876+0100][2.430s][info][gc,heap        ] GC(13) Old regions: 5->6
[2026-05-06T01:32:11.876+0100][2.430s][info][gc,heap        ] GC(13) Humongous regions: 151->96
[2026-05-06T01:32:11.876+0100][2.430s][info][gc,metaspace   ] GC(13) Metaspace: 18269K(18560K)->18269K(18560K) NonClass: 16101K(16256K)->16101K(16256K) Class: 2168K(2304K)->2168K(2304K)
[2026-05-06T01:32:11.876+0100][2.430s][info][gc             ] GC(13) Pause Full (System.gc()) 548M->203M(680M) 8.368ms
[2026-05-06T01:32:11.876+0100][2.430s][info][gc,cpu         ] GC(13) User=0.03s Sys=0.02s Real=0.01s
[2026-05-06T01:32:11.908+0100][2.462s][info][gc,start       ] GC(14) Pause Full (System.gc())
[2026-05-06T01:32:11.908+0100][2.462s][info][gc,task        ] GC(14) Using 9 workers of 9 for full compaction
[2026-05-06T01:32:11.908+0100][2.462s][info][gc,phases,start] GC(14) Phase 1: Mark live objects
[2026-05-06T01:32:11.910+0100][2.464s][info][gc,phases      ] GC(14) Phase 1: Mark live objects 2.378ms
[2026-05-06T01:32:11.910+0100][2.464s][info][gc,phases,start] GC(14) Phase 2: Prepare compaction
[2026-05-06T01:32:11.911+0100][2.465s][info][gc,phases      ] GC(14) Phase 2: Prepare compaction 0.301ms
[2026-05-06T01:32:11.911+0100][2.465s][info][gc,phases,start] GC(14) Phase 3: Adjust pointers
[2026-05-06T01:32:11.912+0100][2.466s][info][gc,phases      ] GC(14) Phase 3: Adjust pointers 1.577ms
[2026-05-06T01:32:11.912+0100][2.466s][info][gc,phases,start] GC(14) Phase 4: Compact heap
[2026-05-06T01:32:11.913+0100][2.467s][info][gc,phases      ] GC(14) Phase 4: Compact heap 0.443ms
[2026-05-06T01:32:11.913+0100][2.467s][info][gc,phases,start] GC(14) Phase 5: Reset Metadata
[2026-05-06T01:32:11.913+0100][2.467s][info][gc,phases      ] GC(14) Phase 5: Reset Metadata 0.433ms
[2026-05-06T01:32:11.914+0100][2.468s][info][gc,heap        ] GC(14) Eden regions: 8->0(204)
[2026-05-06T01:32:11.914+0100][2.468s][info][gc,heap        ] GC(14) Survivor regions: 0->0(12)
[2026-05-06T01:32:11.914+0100][2.468s][info][gc,heap        ] GC(14) Old regions: 6->9
[2026-05-06T01:32:11.914+0100][2.468s][info][gc,heap        ] GC(14) Humongous regions: 96->96
[2026-05-06T01:32:11.914+0100][2.468s][info][gc,metaspace   ] GC(14) Metaspace: 18600K(18944K)->18600K(18944K) NonClass: 16383K(16576K)->16383K(16576K) Class: 2216K(2368K)->2216K(2368K)
[2026-05-06T01:32:11.914+0100][2.468s][info][gc             ] GC(14) Pause Full (System.gc()) 217M->203M(680M) 5.973ms
[2026-05-06T01:32:11.914+0100][2.468s][info][gc,cpu         ] GC(14) User=0.02s Sys=0.01s Real=0.01s
[2026-05-06T01:32:11.941+0100][2.495s][info][gc,start       ] GC(15) Pause Full (System.gc())
[2026-05-06T01:32:11.942+0100][2.496s][info][gc,task        ] GC(15) Using 9 workers of 9 for full compaction
[2026-05-06T01:32:11.942+0100][2.496s][info][gc,phases,start] GC(15) Phase 1: Mark live objects
[2026-05-06T01:32:11.945+0100][2.499s][info][gc,phases      ] GC(15) Phase 1: Mark live objects 3.294ms
[2026-05-06T01:32:11.945+0100][2.499s][info][gc,phases,start] GC(15) Phase 2: Prepare compaction
[2026-05-06T01:32:11.945+0100][2.499s][info][gc,phases      ] GC(15) Phase 2: Prepare compaction 0.324ms
[2026-05-06T01:32:11.945+0100][2.499s][info][gc,phases,start] GC(15) Phase 3: Adjust pointers
[2026-05-06T01:32:11.947+0100][2.501s][info][gc,phases      ] GC(15) Phase 3: Adjust pointers 1.548ms
[2026-05-06T01:32:11.947+0100][2.501s][info][gc,phases,start] GC(15) Phase 4: Compact heap
[2026-05-06T01:32:11.947+0100][2.501s][info][gc,phases      ] GC(15) Phase 4: Compact heap 0.276ms
[2026-05-06T01:32:11.947+0100][2.501s][info][gc,phases,start] GC(15) Phase 5: Reset Metadata
[2026-05-06T01:32:11.947+0100][2.501s][info][gc,phases      ] GC(15) Phase 5: Reset Metadata 0.350ms
[2026-05-06T01:32:11.948+0100][2.502s][info][gc,heap        ] GC(15) Eden regions: 8->0(204)
[2026-05-06T01:32:11.948+0100][2.502s][info][gc,heap        ] GC(15) Survivor regions: 0->0(12)
[2026-05-06T01:32:11.948+0100][2.502s][info][gc,heap        ] GC(15) Old regions: 9->9
[2026-05-06T01:32:11.948+0100][2.502s][info][gc,heap        ] GC(15) Humongous regions: 96->96
[2026-05-06T01:32:11.948+0100][2.502s][info][gc,metaspace   ] GC(15) Metaspace: 18696K(19008K)->18696K(19008K) NonClass: 16467K(16640K)->16467K(16640K) Class: 2229K(2368K)->2229K(2368K)
[2026-05-06T01:32:11.948+0100][2.502s][info][gc             ] GC(15) Pause Full (System.gc()) 217M->203M(680M) 6.523ms
[2026-05-06T01:32:11.948+0100][2.502s][info][gc,cpu         ] GC(15) User=0.02s Sys=0.01s Real=0.00s
[2026-05-06T01:32:11.969+0100][2.523s][info][gc,start       ] GC(16) Pause Full (System.gc())
[2026-05-06T01:32:11.969+0100][2.523s][info][gc,task        ] GC(16) Using 9 workers of 9 for full compaction
[2026-05-06T01:32:11.969+0100][2.523s][info][gc,phases,start] GC(16) Phase 1: Mark live objects
[2026-05-06T01:32:11.972+0100][2.526s][info][gc,phases      ] GC(16) Phase 1: Mark live objects 2.701ms
[2026-05-06T01:32:11.972+0100][2.526s][info][gc,phases,start] GC(16) Phase 2: Prepare compaction
[2026-05-06T01:32:11.972+0100][2.526s][info][gc,phases      ] GC(16) Phase 2: Prepare compaction 0.294ms
[2026-05-06T01:32:11.972+0100][2.526s][info][gc,phases,start] GC(16) Phase 3: Adjust pointers
[2026-05-06T01:32:11.973+0100][2.527s][info][gc,phases      ] GC(16) Phase 3: Adjust pointers 1.588ms
[2026-05-06T01:32:11.973+0100][2.527s][info][gc,phases,start] GC(16) Phase 4: Compact heap
[2026-05-06T01:32:11.974+0100][2.528s][info][gc,phases      ] GC(16) Phase 4: Compact heap 0.260ms
[2026-05-06T01:32:11.974+0100][2.528s][info][gc,phases,start] GC(16) Phase 5: Reset Metadata
[2026-05-06T01:32:11.974+0100][2.528s][info][gc,phases      ] GC(16) Phase 5: Reset Metadata 0.349ms
[2026-05-06T01:32:11.974+0100][2.529s][info][gc,heap        ] GC(16) Eden regions: 11->0(204)
[2026-05-06T01:32:11.975+0100][2.529s][info][gc,heap        ] GC(16) Survivor regions: 0->0(12)
[2026-05-06T01:32:11.975+0100][2.529s][info][gc,heap        ] GC(16) Old regions: 9->10
[2026-05-06T01:32:11.975+0100][2.529s][info][gc,heap        ] GC(16) Humongous regions: 96->96
[2026-05-06T01:32:11.975+0100][2.529s][info][gc,metaspace   ] GC(16) Metaspace: 18817K(19136K)->18817K(19136K) NonClass: 16575K(16768K)->16575K(16768K) Class: 2241K(2368K)->2241K(2368K)
[2026-05-06T01:32:11.975+0100][2.529s][info][gc             ] GC(16) Pause Full (System.gc()) 223M->203M(680M) 5.818ms
[2026-05-06T01:32:11.975+0100][2.529s][info][gc,cpu         ] GC(16) User=0.03s Sys=0.01s Real=0.01s
[2026-05-06T01:32:11.988+0100][2.542s][info][gc,start       ] GC(17) Pause Full (System.gc())
[2026-05-06T01:32:11.988+0100][2.542s][info][gc,task        ] GC(17) Using 9 workers of 9 for full compaction
[2026-05-06T01:32:11.988+0100][2.542s][info][gc,phases,start] GC(17) Phase 1: Mark live objects
[2026-05-06T01:32:11.990+0100][2.544s][info][gc,phases      ] GC(17) Phase 1: Mark live objects 2.290ms
[2026-05-06T01:32:11.990+0100][2.544s][info][gc,phases,start] GC(17) Phase 2: Prepare compaction
[2026-05-06T01:32:11.991+0100][2.545s][info][gc,phases      ] GC(17) Phase 2: Prepare compaction 0.286ms
[2026-05-06T01:32:11.991+0100][2.545s][info][gc,phases,start] GC(17) Phase 3: Adjust pointers
[2026-05-06T01:32:11.992+0100][2.546s][info][gc,phases      ] GC(17) Phase 3: Adjust pointers 1.370ms
[2026-05-06T01:32:11.992+0100][2.546s][info][gc,phases,start] GC(17) Phase 4: Compact heap
[2026-05-06T01:32:11.992+0100][2.546s][info][gc,phases      ] GC(17) Phase 4: Compact heap 0.266ms
[2026-05-06T01:32:11.992+0100][2.546s][info][gc,phases,start] GC(17) Phase 5: Reset Metadata
[2026-05-06T01:32:11.993+0100][2.547s][info][gc,phases      ] GC(17) Phase 5: Reset Metadata 0.353ms
[2026-05-06T01:32:11.993+0100][2.547s][info][gc,heap        ] GC(17) Eden regions: 10->0(204)
[2026-05-06T01:32:11.993+0100][2.547s][info][gc,heap        ] GC(17) Survivor regions: 0->0(12)
[2026-05-06T01:32:11.993+0100][2.547s][info][gc,heap        ] GC(17) Old regions: 10->10
[2026-05-06T01:32:11.993+0100][2.547s][info][gc,heap        ] GC(17) Humongous regions: 96->96
[2026-05-06T01:32:11.993+0100][2.547s][info][gc,metaspace   ] GC(17) Metaspace: 18819K(19136K)->18819K(19136K) NonClass: 16577K(16768K)->16577K(16768K) Class: 2241K(2368K)->2241K(2368K)
[2026-05-06T01:32:11.993+0100][2.547s][info][gc             ] GC(17) Pause Full (System.gc()) 222M->203M(680M) 5.145ms
[2026-05-06T01:32:11.993+0100][2.547s][info][gc,cpu         ] GC(17) User=0.02s Sys=0.00s Real=0.01s
[2026-05-06T01:32:12.002+0100][2.556s][info][gc,start       ] GC(18) Pause Full (System.gc())
[2026-05-06T01:32:12.002+0100][2.556s][info][gc,task        ] GC(18) Using 9 workers of 9 for full compaction
[2026-05-06T01:32:12.002+0100][2.556s][info][gc,phases,start] GC(18) Phase 1: Mark live objects
[2026-05-06T01:32:12.005+0100][2.559s][info][gc,phases      ] GC(18) Phase 1: Mark live objects 3.467ms
[2026-05-06T01:32:12.005+0100][2.559s][info][gc,phases,start] GC(18) Phase 2: Prepare compaction
[2026-05-06T01:32:12.006+0100][2.560s][info][gc,phases      ] GC(18) Phase 2: Prepare compaction 0.283ms
[2026-05-06T01:32:12.006+0100][2.560s][info][gc,phases,start] GC(18) Phase 3: Adjust pointers
[2026-05-06T01:32:12.007+0100][2.561s][info][gc,phases      ] GC(18) Phase 3: Adjust pointers 1.367ms
[2026-05-06T01:32:12.007+0100][2.561s][info][gc,phases,start] GC(18) Phase 4: Compact heap
[2026-05-06T01:32:12.007+0100][2.561s][info][gc,phases      ] GC(18) Phase 4: Compact heap 0.288ms
[2026-05-06T01:32:12.007+0100][2.561s][info][gc,phases,start] GC(18) Phase 5: Reset Metadata
[2026-05-06T01:32:12.008+0100][2.562s][info][gc,phases      ] GC(18) Phase 5: Reset Metadata 0.339ms
[2026-05-06T01:32:12.008+0100][2.562s][info][gc,heap        ] GC(18) Eden regions: 8->0(204)
[2026-05-06T01:32:12.008+0100][2.562s][info][gc,heap        ] GC(18) Survivor regions: 0->0(12)
[2026-05-06T01:32:12.008+0100][2.562s][info][gc,heap        ] GC(18) Old regions: 10->10
[2026-05-06T01:32:12.008+0100][2.562s][info][gc,heap        ] GC(18) Humongous regions: 96->96
[2026-05-06T01:32:12.008+0100][2.562s][info][gc,metaspace   ] GC(18) Metaspace: 18821K(19136K)->18821K(19136K) NonClass: 16579K(16768K)->16579K(16768K) Class: 2241K(2368K)->2241K(2368K)
[2026-05-06T01:32:12.008+0100][2.562s][info][gc             ] GC(18) Pause Full (System.gc()) 218M->203M(680M) 6.387ms
[2026-05-06T01:32:12.008+0100][2.562s][info][gc,cpu         ] GC(18) User=0.02s Sys=0.00s Real=0.00s
[2026-05-06T01:32:12.017+0100][2.571s][info][gc,start       ] GC(19) Pause Full (System.gc())
[2026-05-06T01:32:12.017+0100][2.571s][info][gc,task        ] GC(19) Using 9 workers of 9 for full compaction
[2026-05-06T01:32:12.017+0100][2.571s][info][gc,phases,start] GC(19) Phase 1: Mark live objects
[2026-05-06T01:32:12.020+0100][2.574s][info][gc,phases      ] GC(19) Phase 1: Mark live objects 2.223ms
[2026-05-06T01:32:12.020+0100][2.574s][info][gc,phases,start] GC(19) Phase 2: Prepare compaction
[2026-05-06T01:32:12.020+0100][2.574s][info][gc,phases      ] GC(19) Phase 2: Prepare compaction 0.283ms
[2026-05-06T01:32:12.020+0100][2.574s][info][gc,phases,start] GC(19) Phase 3: Adjust pointers
[2026-05-06T01:32:12.021+0100][2.575s][info][gc,phases      ] GC(19) Phase 3: Adjust pointers 1.455ms
[2026-05-06T01:32:12.022+0100][2.576s][info][gc,phases,start] GC(19) Phase 4: Compact heap
[2026-05-06T01:32:12.022+0100][2.576s][info][gc,phases      ] GC(19) Phase 4: Compact heap 0.307ms
[2026-05-06T01:32:12.022+0100][2.576s][info][gc,phases,start] GC(19) Phase 5: Reset Metadata
[2026-05-06T01:32:12.022+0100][2.576s][info][gc,phases      ] GC(19) Phase 5: Reset Metadata 0.356ms
[2026-05-06T01:32:12.023+0100][2.577s][info][gc,heap        ] GC(19) Eden regions: 14->0(204)
[2026-05-06T01:32:12.023+0100][2.577s][info][gc,heap        ] GC(19) Survivor regions: 0->0(12)
[2026-05-06T01:32:12.023+0100][2.577s][info][gc,heap        ] GC(19) Old regions: 10->11
[2026-05-06T01:32:12.023+0100][2.577s][info][gc,heap        ] GC(19) Humongous regions: 96->96
[2026-05-06T01:32:12.023+0100][2.577s][info][gc,metaspace   ] GC(19) Metaspace: 18826K(19136K)->18826K(19136K) NonClass: 16584K(16768K)->16584K(16768K) Class: 2241K(2368K)->2241K(2368K)
[2026-05-06T01:32:12.023+0100][2.577s][info][gc             ] GC(19) Pause Full (System.gc()) 231M->203M(680M) 5.436ms
[2026-05-06T01:32:12.023+0100][2.577s][info][gc,cpu         ] GC(19) User=0.02s Sys=0.01s Real=0.01s
[2026-05-06T01:32:12.032+0100][2.586s][info][gc,start       ] GC(20) Pause Full (System.gc())
[2026-05-06T01:32:12.032+0100][2.586s][info][gc,task        ] GC(20) Using 9 workers of 9 for full compaction
[2026-05-06T01:32:12.032+0100][2.586s][info][gc,phases,start] GC(20) Phase 1: Mark live objects
[2026-05-06T01:32:12.034+0100][2.588s][info][gc,phases      ] GC(20) Phase 1: Mark live objects 2.230ms
[2026-05-06T01:32:12.034+0100][2.588s][info][gc,phases,start] GC(20) Phase 2: Prepare compaction
[2026-05-06T01:32:12.034+0100][2.588s][info][gc,phases      ] GC(20) Phase 2: Prepare compaction 0.298ms
[2026-05-06T01:32:12.034+0100][2.588s][info][gc,phases,start] GC(20) Phase 3: Adjust pointers
[2026-05-06T01:32:12.036+0100][2.590s][info][gc,phases      ] GC(20) Phase 3: Adjust pointers 1.354ms
[2026-05-06T01:32:12.036+0100][2.590s][info][gc,phases,start] GC(20) Phase 4: Compact heap
[2026-05-06T01:32:12.036+0100][2.590s][info][gc,phases      ] GC(20) Phase 4: Compact heap 0.263ms
[2026-05-06T01:32:12.036+0100][2.590s][info][gc,phases,start] GC(20) Phase 5: Reset Metadata
[2026-05-06T01:32:12.036+0100][2.590s][info][gc,phases      ] GC(20) Phase 5: Reset Metadata 0.342ms
[2026-05-06T01:32:12.037+0100][2.591s][info][gc,heap        ] GC(20) Eden regions: 14->0(204)
[2026-05-06T01:32:12.037+0100][2.591s][info][gc,heap        ] GC(20) Survivor regions: 0->0(12)
[2026-05-06T01:32:12.037+0100][2.591s][info][gc,heap        ] GC(20) Old regions: 11->10
[2026-05-06T01:32:12.037+0100][2.591s][info][gc,heap        ] GC(20) Humongous regions: 96->96
[2026-05-06T01:32:12.037+0100][2.591s][info][gc,metaspace   ] GC(20) Metaspace: 18837K(19136K)->18837K(19136K) NonClass: 16596K(16768K)->16596K(16768K) Class: 2241K(2368K)->2241K(2368K)
[2026-05-06T01:32:12.037+0100][2.591s][info][gc             ] GC(20) Pause Full (System.gc()) 229M->203M(680M) 5.163ms
[2026-05-06T01:32:12.037+0100][2.591s][info][gc,cpu         ] GC(20) User=0.02s Sys=0.00s Real=0.00s
[2026-05-06T01:32:12.045+0100][2.599s][info][gc,start       ] GC(21) Pause Full (System.gc())
[2026-05-06T01:32:12.045+0100][2.599s][info][gc,task        ] GC(21) Using 9 workers of 9 for full compaction
[2026-05-06T01:32:12.045+0100][2.599s][info][gc,phases,start] GC(21) Phase 1: Mark live objects
[2026-05-06T01:32:12.047+0100][2.601s][info][gc,phases      ] GC(21) Phase 1: Mark live objects 2.245ms
[2026-05-06T01:32:12.047+0100][2.601s][info][gc,phases,start] GC(21) Phase 2: Prepare compaction
[2026-05-06T01:32:12.047+0100][2.601s][info][gc,phases      ] GC(21) Phase 2: Prepare compaction 0.288ms
[2026-05-06T01:32:12.047+0100][2.601s][info][gc,phases,start] GC(21) Phase 3: Adjust pointers
[2026-05-06T01:32:12.049+0100][2.603s][info][gc,phases      ] GC(21) Phase 3: Adjust pointers 1.359ms
[2026-05-06T01:32:12.049+0100][2.603s][info][gc,phases,start] GC(21) Phase 4: Compact heap
[2026-05-06T01:32:12.049+0100][2.603s][info][gc,phases      ] GC(21) Phase 4: Compact heap 0.261ms
[2026-05-06T01:32:12.049+0100][2.603s][info][gc,phases,start] GC(21) Phase 5: Reset Metadata
[2026-05-06T01:32:12.049+0100][2.603s][info][gc,phases      ] GC(21) Phase 5: Reset Metadata 0.367ms
[2026-05-06T01:32:12.050+0100][2.604s][info][gc,heap        ] GC(21) Eden regions: 11->0(204)
[2026-05-06T01:32:12.050+0100][2.604s][info][gc,heap        ] GC(21) Survivor regions: 0->0(12)
[2026-05-06T01:32:12.050+0100][2.604s][info][gc,heap        ] GC(21) Old regions: 10->11
[2026-05-06T01:32:12.050+0100][2.604s][info][gc,heap        ] GC(21) Humongous regions: 96->96
[2026-05-06T01:32:12.050+0100][2.604s][info][gc,metaspace   ] GC(21) Metaspace: 18859K(19200K)->18859K(19200K) NonClass: 16617K(16832K)->16617K(16832K) Class: 2241K(2368K)->2241K(2368K)
[2026-05-06T01:32:12.050+0100][2.604s][info][gc             ] GC(21) Pause Full (System.gc()) 223M->203M(680M) 5.154ms
[2026-05-06T01:32:12.050+0100][2.604s][info][gc,cpu         ] GC(21) User=0.02s Sys=0.00s Real=0.01s
[2026-05-06T01:32:12.057+0100][2.611s][info][gc,start       ] GC(22) Pause Full (System.gc())
[2026-05-06T01:32:12.057+0100][2.611s][info][gc,task        ] GC(22) Using 9 workers of 9 for full compaction
[2026-05-06T01:32:12.057+0100][2.611s][info][gc,phases,start] GC(22) Phase 1: Mark live objects
[2026-05-06T01:32:12.060+0100][2.614s][info][gc,phases      ] GC(22) Phase 1: Mark live objects 2.479ms
[2026-05-06T01:32:12.060+0100][2.614s][info][gc,phases,start] GC(22) Phase 2: Prepare compaction
[2026-05-06T01:32:12.060+0100][2.614s][info][gc,phases      ] GC(22) Phase 2: Prepare compaction 0.322ms
[2026-05-06T01:32:12.060+0100][2.614s][info][gc,phases,start] GC(22) Phase 3: Adjust pointers
[2026-05-06T01:32:12.062+0100][2.616s][info][gc,phases      ] GC(22) Phase 3: Adjust pointers 1.411ms
[2026-05-06T01:32:12.062+0100][2.616s][info][gc,phases,start] GC(22) Phase 4: Compact heap
[2026-05-06T01:32:12.062+0100][2.616s][info][gc,phases      ] GC(22) Phase 4: Compact heap 0.246ms
[2026-05-06T01:32:12.062+0100][2.616s][info][gc,phases,start] GC(22) Phase 5: Reset Metadata
[2026-05-06T01:32:12.062+0100][2.616s][info][gc,phases      ] GC(22) Phase 5: Reset Metadata 0.352ms
[2026-05-06T01:32:12.063+0100][2.617s][info][gc,heap        ] GC(22) Eden regions: 29->0(204)
[2026-05-06T01:32:12.063+0100][2.617s][info][gc,heap        ] GC(22) Survivor regions: 0->0(12)
[2026-05-06T01:32:12.063+0100][2.617s][info][gc,heap        ] GC(22) Old regions: 11->11
[2026-05-06T01:32:12.063+0100][2.617s][info][gc,heap        ] GC(22) Humongous regions: 96->96
[2026-05-06T01:32:12.063+0100][2.617s][info][gc,metaspace   ] GC(22) Metaspace: 18886K(19200K)->18886K(19200K) NonClass: 16644K(16832K)->16644K(16832K) Class: 2241K(2368K)->2241K(2368K)
[2026-05-06T01:32:12.063+0100][2.617s][info][gc             ] GC(22) Pause Full (System.gc()) 259M->203M(680M) 5.406ms
[2026-05-06T01:32:12.063+0100][2.617s][info][gc,cpu         ] GC(22) User=0.02s Sys=0.00s Real=0.01s
[2026-05-06T01:32:12.071+0100][2.625s][info][gc,start       ] GC(23) Pause Full (System.gc())
[2026-05-06T01:32:12.071+0100][2.625s][info][gc,task        ] GC(23) Using 9 workers of 9 for full compaction
[2026-05-06T01:32:12.071+0100][2.625s][info][gc,phases,start] GC(23) Phase 1: Mark live objects
[2026-05-06T01:32:12.074+0100][2.628s][info][gc,phases      ] GC(23) Phase 1: Mark live objects 2.739ms
[2026-05-06T01:32:12.074+0100][2.628s][info][gc,phases,start] GC(23) Phase 2: Prepare compaction
[2026-05-06T01:32:12.074+0100][2.628s][info][gc,phases      ] GC(23) Phase 2: Prepare compaction 0.339ms
[2026-05-06T01:32:12.074+0100][2.628s][info][gc,phases,start] GC(23) Phase 3: Adjust pointers
[2026-05-06T01:32:12.076+0100][2.630s][info][gc,phases      ] GC(23) Phase 3: Adjust pointers 1.492ms
[2026-05-06T01:32:12.076+0100][2.630s][info][gc,phases,start] GC(23) Phase 4: Compact heap
[2026-05-06T01:32:12.076+0100][2.630s][info][gc,phases      ] GC(23) Phase 4: Compact heap 0.251ms
[2026-05-06T01:32:12.076+0100][2.630s][info][gc,phases,start] GC(23) Phase 5: Reset Metadata
[2026-05-06T01:32:12.076+0100][2.630s][info][gc,phases      ] GC(23) Phase 5: Reset Metadata 0.323ms
[2026-05-06T01:32:12.077+0100][2.631s][info][gc,heap        ] GC(23) Eden regions: 24->0(204)
[2026-05-06T01:32:12.077+0100][2.631s][info][gc,heap        ] GC(23) Survivor regions: 0->0(12)
[2026-05-06T01:32:12.077+0100][2.631s][info][gc,heap        ] GC(23) Old regions: 11->11
[2026-05-06T01:32:12.077+0100][2.631s][info][gc,heap        ] GC(23) Humongous regions: 96->96
[2026-05-06T01:32:12.077+0100][2.631s][info][gc,metaspace   ] GC(23) Metaspace: 18906K(19200K)->18906K(19200K) NonClass: 16664K(16832K)->16664K(16832K) Class: 2241K(2368K)->2241K(2368K)
[2026-05-06T01:32:12.077+0100][2.631s][info][gc             ] GC(23) Pause Full (System.gc()) 250M->203M(680M) 5.724ms
[2026-05-06T01:32:12.077+0100][2.631s][info][gc,cpu         ] GC(23) User=0.02s Sys=0.00s Real=0.00s
[2026-05-06T01:32:12.087+0100][2.641s][info][gc,start       ] GC(24) Pause Full (System.gc())
[2026-05-06T01:32:12.087+0100][2.641s][info][gc,task        ] GC(24) Using 9 workers of 9 for full compaction
[2026-05-06T01:32:12.087+0100][2.641s][info][gc,phases,start] GC(24) Phase 1: Mark live objects
[2026-05-06T01:32:12.089+0100][2.643s][info][gc,phases      ] GC(24) Phase 1: Mark live objects 2.179ms
[2026-05-06T01:32:12.089+0100][2.643s][info][gc,phases,start] GC(24) Phase 2: Prepare compaction
[2026-05-06T01:32:12.090+0100][2.644s][info][gc,phases      ] GC(24) Phase 2: Prepare compaction 0.284ms
[2026-05-06T01:32:12.090+0100][2.644s][info][gc,phases,start] GC(24) Phase 3: Adjust pointers
[2026-05-06T01:32:12.091+0100][2.645s][info][gc,phases      ] GC(24) Phase 3: Adjust pointers 1.475ms
[2026-05-06T01:32:12.091+0100][2.645s][info][gc,phases,start] GC(24) Phase 4: Compact heap
[2026-05-06T01:32:12.092+0100][2.646s][info][gc,phases      ] GC(24) Phase 4: Compact heap 0.298ms
[2026-05-06T01:32:12.092+0100][2.646s][info][gc,phases,start] GC(24) Phase 5: Reset Metadata
[2026-05-06T01:32:12.092+0100][2.646s][info][gc,phases      ] GC(24) Phase 5: Reset Metadata 0.346ms
[2026-05-06T01:32:12.092+0100][2.646s][info][gc,heap        ] GC(24) Eden regions: 17->0(204)
[2026-05-06T01:32:12.092+0100][2.646s][info][gc,heap        ] GC(24) Survivor regions: 0->0(12)
[2026-05-06T01:32:12.092+0100][2.646s][info][gc,heap        ] GC(24) Old regions: 11->11
[2026-05-06T01:32:12.092+0100][2.646s][info][gc,heap        ] GC(24) Humongous regions: 96->96
[2026-05-06T01:32:12.092+0100][2.646s][info][gc,metaspace   ] GC(24) Metaspace: 18922K(19264K)->18922K(19264K) NonClass: 16681K(16896K)->16681K(16896K) Class: 2241K(2368K)->2241K(2368K)
[2026-05-06T01:32:12.092+0100][2.646s][info][gc             ] GC(24) Pause Full (System.gc()) 236M->203M(680M) 5.248ms
[2026-05-06T01:32:12.092+0100][2.646s][info][gc,cpu         ] GC(24) User=0.02s Sys=0.01s Real=0.01s
[2026-05-06T01:32:12.102+0100][2.656s][info][gc,start       ] GC(25) Pause Full (System.gc())
[2026-05-06T01:32:12.102+0100][2.656s][info][gc,task        ] GC(25) Using 9 workers of 9 for full compaction
[2026-05-06T01:32:12.102+0100][2.656s][info][gc,phases,start] GC(25) Phase 1: Mark live objects
[2026-05-06T01:32:12.104+0100][2.658s][info][gc,phases      ] GC(25) Phase 1: Mark live objects 2.303ms
[2026-05-06T01:32:12.104+0100][2.658s][info][gc,phases,start] GC(25) Phase 2: Prepare compaction
[2026-05-06T01:32:12.105+0100][2.659s][info][gc,phases      ] GC(25) Phase 2: Prepare compaction 0.322ms
[2026-05-06T01:32:12.105+0100][2.659s][info][gc,phases,start] GC(25) Phase 3: Adjust pointers
[2026-05-06T01:32:12.106+0100][2.660s][info][gc,phases      ] GC(25) Phase 3: Adjust pointers 1.594ms
[2026-05-06T01:32:12.106+0100][2.660s][info][gc,phases,start] GC(25) Phase 4: Compact heap
[2026-05-06T01:32:12.107+0100][2.661s][info][gc,phases      ] GC(25) Phase 4: Compact heap 0.366ms
[2026-05-06T01:32:12.107+0100][2.661s][info][gc,phases,start] GC(25) Phase 5: Reset Metadata
[2026-05-06T01:32:12.107+0100][2.661s][info][gc,phases      ] GC(25) Phase 5: Reset Metadata 0.373ms
[2026-05-06T01:32:12.107+0100][2.661s][info][gc,heap        ] GC(25) Eden regions: 56->0(204)
[2026-05-06T01:32:12.107+0100][2.661s][info][gc,heap        ] GC(25) Survivor regions: 0->0(12)
[2026-05-06T01:32:12.107+0100][2.661s][info][gc,heap        ] GC(25) Old regions: 11->11
[2026-05-06T01:32:12.107+0100][2.661s][info][gc,heap        ] GC(25) Humongous regions: 96->96
[2026-05-06T01:32:12.107+0100][2.661s][info][gc,metaspace   ] GC(25) Metaspace: 18948K(19264K)->18948K(19264K) NonClass: 16707K(16896K)->16707K(16896K) Class: 2241K(2368K)->2241K(2368K)
[2026-05-06T01:32:12.107+0100][2.662s][info][gc             ] GC(25) Pause Full (System.gc()) 314M->203M(680M) 5.676ms
[2026-05-06T01:32:12.108+0100][2.662s][info][gc,cpu         ] GC(25) User=0.02s Sys=0.01s Real=0.00s
[2026-05-06T01:32:12.117+0100][2.671s][info][gc,start       ] GC(26) Pause Full (System.gc())
[2026-05-06T01:32:12.117+0100][2.671s][info][gc,task        ] GC(26) Using 9 workers of 9 for full compaction
[2026-05-06T01:32:12.117+0100][2.671s][info][gc,phases,start] GC(26) Phase 1: Mark live objects
[2026-05-06T01:32:12.119+0100][2.673s][info][gc,phases      ] GC(26) Phase 1: Mark live objects 2.241ms
[2026-05-06T01:32:12.119+0100][2.673s][info][gc,phases,start] GC(26) Phase 2: Prepare compaction
[2026-05-06T01:32:12.119+0100][2.673s][info][gc,phases      ] GC(26) Phase 2: Prepare compaction 0.300ms
[2026-05-06T01:32:12.119+0100][2.673s][info][gc,phases,start] GC(26) Phase 3: Adjust pointers
[2026-05-06T01:32:12.121+0100][2.675s][info][gc,phases      ] GC(26) Phase 3: Adjust pointers 1.707ms
[2026-05-06T01:32:12.121+0100][2.675s][info][gc,phases,start] GC(26) Phase 4: Compact heap
[2026-05-06T01:32:12.121+0100][2.675s][info][gc,phases      ] GC(26) Phase 4: Compact heap 0.305ms
[2026-05-06T01:32:12.121+0100][2.675s][info][gc,phases,start] GC(26) Phase 5: Reset Metadata
[2026-05-06T01:32:12.122+0100][2.676s][info][gc,phases      ] GC(26) Phase 5: Reset Metadata 0.343ms
[2026-05-06T01:32:12.122+0100][2.676s][info][gc,heap        ] GC(26) Eden regions: 45->0(204)
[2026-05-06T01:32:12.122+0100][2.676s][info][gc,heap        ] GC(26) Survivor regions: 0->0(12)
[2026-05-06T01:32:12.122+0100][2.676s][info][gc,heap        ] GC(26) Old regions: 11->11
[2026-05-06T01:32:12.122+0100][2.676s][info][gc,heap        ] GC(26) Humongous regions: 96->96
[2026-05-06T01:32:12.122+0100][2.676s][info][gc,metaspace   ] GC(26) Metaspace: 18970K(19264K)->18970K(19264K) NonClass: 16728K(16896K)->16728K(16896K) Class: 2241K(2368K)->2241K(2368K)
[2026-05-06T01:32:12.122+0100][2.676s][info][gc             ] GC(26) Pause Full (System.gc()) 291M->203M(680M) 5.565ms
[2026-05-06T01:32:12.122+0100][2.676s][info][gc,cpu         ] GC(26) User=0.02s Sys=0.00s Real=0.01s
[2026-05-06T01:32:12.132+0100][2.686s][info][gc,start       ] GC(27) Pause Full (System.gc())
[2026-05-06T01:32:12.133+0100][2.687s][info][gc,task        ] GC(27) Using 9 workers of 9 for full compaction
[2026-05-06T01:32:12.133+0100][2.687s][info][gc,phases,start] GC(27) Phase 1: Mark live objects
[2026-05-06T01:32:12.136+0100][2.690s][info][gc,phases      ] GC(27) Phase 1: Mark live objects 3.336ms
[2026-05-06T01:32:12.136+0100][2.690s][info][gc,phases,start] GC(27) Phase 2: Prepare compaction
[2026-05-06T01:32:12.136+0100][2.690s][info][gc,phases      ] GC(27) Phase 2: Prepare compaction 0.305ms
[2026-05-06T01:32:12.136+0100][2.690s][info][gc,phases,start] GC(27) Phase 3: Adjust pointers
[2026-05-06T01:32:12.138+0100][2.692s][info][gc,phases      ] GC(27) Phase 3: Adjust pointers 1.681ms
[2026-05-06T01:32:12.138+0100][2.692s][info][gc,phases,start] GC(27) Phase 4: Compact heap
[2026-05-06T01:32:12.138+0100][2.692s][info][gc,phases      ] GC(27) Phase 4: Compact heap 0.304ms
[2026-05-06T01:32:12.138+0100][2.692s][info][gc,phases,start] GC(27) Phase 5: Reset Metadata
[2026-05-06T01:32:12.139+0100][2.693s][info][gc,phases      ] GC(27) Phase 5: Reset Metadata 0.338ms
[2026-05-06T01:32:12.139+0100][2.693s][info][gc,heap        ] GC(27) Eden regions: 22->0(204)
[2026-05-06T01:32:12.139+0100][2.693s][info][gc,heap        ] GC(27) Survivor regions: 0->0(12)
[2026-05-06T01:32:12.139+0100][2.693s][info][gc,heap        ] GC(27) Old regions: 11->12
[2026-05-06T01:32:12.139+0100][2.693s][info][gc,heap        ] GC(27) Humongous regions: 96->96
[2026-05-06T01:32:12.139+0100][2.693s][info][gc,metaspace   ] GC(27) Metaspace: 18975K(19264K)->18975K(19264K) NonClass: 16733K(16896K)->16733K(16896K) Class: 2241K(2368K)->2241K(2368K)
[2026-05-06T01:32:12.139+0100][2.693s][info][gc             ] GC(27) Pause Full (System.gc()) 245M->203M(680M) 6.727ms
[2026-05-06T01:32:12.139+0100][2.693s][info][gc,cpu         ] GC(27) User=0.02s Sys=0.01s Real=0.00s
[2026-05-06T01:32:12.149+0100][2.703s][info][gc,start       ] GC(28) Pause Full (System.gc())
[2026-05-06T01:32:12.149+0100][2.703s][info][gc,task        ] GC(28) Using 9 workers of 9 for full compaction
[2026-05-06T01:32:12.149+0100][2.703s][info][gc,phases,start] GC(28) Phase 1: Mark live objects
[2026-05-06T01:32:12.151+0100][2.705s][info][gc,phases      ] GC(28) Phase 1: Mark live objects 2.726ms
[2026-05-06T01:32:12.151+0100][2.705s][info][gc,phases,start] GC(28) Phase 2: Prepare compaction
[2026-05-06T01:32:12.152+0100][2.706s][info][gc,phases      ] GC(28) Phase 2: Prepare compaction 0.326ms
[2026-05-06T01:32:12.152+0100][2.706s][info][gc,phases,start] GC(28) Phase 3: Adjust pointers
[2026-05-06T01:32:12.153+0100][2.707s][info][gc,phases      ] GC(28) Phase 3: Adjust pointers 1.697ms
[2026-05-06T01:32:12.154+0100][2.708s][info][gc,phases,start] GC(28) Phase 4: Compact heap
[2026-05-06T01:32:12.154+0100][2.708s][info][gc,phases      ] GC(28) Phase 4: Compact heap 0.312ms
[2026-05-06T01:32:12.154+0100][2.708s][info][gc,phases,start] GC(28) Phase 5: Reset Metadata
[2026-05-06T01:32:12.154+0100][2.708s][info][gc,phases      ] GC(28) Phase 5: Reset Metadata 0.343ms
[2026-05-06T01:32:12.155+0100][2.709s][info][gc,heap        ] GC(28) Eden regions: 78->0(204)
[2026-05-06T01:32:12.155+0100][2.709s][info][gc,heap        ] GC(28) Survivor regions: 0->0(12)
[2026-05-06T01:32:12.155+0100][2.709s][info][gc,heap        ] GC(28) Old regions: 12->12
[2026-05-06T01:32:12.155+0100][2.709s][info][gc,heap        ] GC(28) Humongous regions: 96->96
[2026-05-06T01:32:12.155+0100][2.709s][info][gc,metaspace   ] GC(28) Metaspace: 18999K(19328K)->18999K(19328K) NonClass: 16757K(16960K)->16757K(16960K) Class: 2241K(2368K)->2241K(2368K)
[2026-05-06T01:32:12.155+0100][2.709s][info][gc             ] GC(28) Pause Full (System.gc()) 358M->203M(680M) 6.162ms
[2026-05-06T01:32:12.155+0100][2.709s][info][gc,cpu         ] GC(28) User=0.02s Sys=0.01s Real=0.01s
[2026-05-06T01:32:12.165+0100][2.719s][info][gc,start       ] GC(29) Pause Full (System.gc())
[2026-05-06T01:32:12.165+0100][2.719s][info][gc,task        ] GC(29) Using 9 workers of 9 for full compaction
[2026-05-06T01:32:12.165+0100][2.719s][info][gc,phases,start] GC(29) Phase 1: Mark live objects
[2026-05-06T01:32:12.168+0100][2.722s][info][gc,phases      ] GC(29) Phase 1: Mark live objects 2.179ms
[2026-05-06T01:32:12.168+0100][2.722s][info][gc,phases,start] GC(29) Phase 2: Prepare compaction
[2026-05-06T01:32:12.168+0100][2.722s][info][gc,phases      ] GC(29) Phase 2: Prepare compaction 0.343ms
[2026-05-06T01:32:12.168+0100][2.722s][info][gc,phases,start] GC(29) Phase 3: Adjust pointers
[2026-05-06T01:32:12.170+0100][2.724s][info][gc,phases      ] GC(29) Phase 3: Adjust pointers 1.807ms
[2026-05-06T01:32:12.170+0100][2.724s][info][gc,phases,start] GC(29) Phase 4: Compact heap
[2026-05-06T01:32:12.170+0100][2.724s][info][gc,phases      ] GC(29) Phase 4: Compact heap 0.342ms
[2026-05-06T01:32:12.170+0100][2.724s][info][gc,phases,start] GC(29) Phase 5: Reset Metadata
[2026-05-06T01:32:12.171+0100][2.725s][info][gc,phases      ] GC(29) Phase 5: Reset Metadata 0.360ms
[2026-05-06T01:32:12.171+0100][2.725s][info][gc,heap        ] GC(29) Eden regions: 62->0(204)
[2026-05-06T01:32:12.171+0100][2.725s][info][gc,heap        ] GC(29) Survivor regions: 0->0(12)
[2026-05-06T01:32:12.171+0100][2.725s][info][gc,heap        ] GC(29) Old regions: 12->11
[2026-05-06T01:32:12.171+0100][2.725s][info][gc,heap        ] GC(29) Humongous regions: 96->96
[2026-05-06T01:32:12.171+0100][2.725s][info][gc,metaspace   ] GC(29) Metaspace: 19004K(19328K)->19004K(19328K) NonClass: 16763K(16960K)->16763K(16960K) Class: 2241K(2368K)->2241K(2368K)
[2026-05-06T01:32:12.171+0100][2.725s][info][gc             ] GC(29) Pause Full (System.gc()) 325M->203M(680M) 5.851ms
[2026-05-06T01:32:12.171+0100][2.725s][info][gc,cpu         ] GC(29) User=0.02s Sys=0.00s Real=0.01s
[2026-05-06T01:32:12.184+0100][2.738s][info][gc,start       ] GC(30) Pause Full (System.gc())
[2026-05-06T01:32:12.184+0100][2.738s][info][gc,task        ] GC(30) Using 9 workers of 9 for full compaction
[2026-05-06T01:32:12.184+0100][2.738s][info][gc,phases,start] GC(30) Phase 1: Mark live objects
[2026-05-06T01:32:12.186+0100][2.740s][info][gc,phases      ] GC(30) Phase 1: Mark live objects 2.163ms
[2026-05-06T01:32:12.186+0100][2.740s][info][gc,phases,start] GC(30) Phase 2: Prepare compaction
[2026-05-06T01:32:12.187+0100][2.741s][info][gc,phases      ] GC(30) Phase 2: Prepare compaction 0.307ms
[2026-05-06T01:32:12.187+0100][2.741s][info][gc,phases,start] GC(30) Phase 3: Adjust pointers
[2026-05-06T01:32:12.188+0100][2.742s][info][gc,phases      ] GC(30) Phase 3: Adjust pointers 1.660ms
[2026-05-06T01:32:12.188+0100][2.742s][info][gc,phases,start] GC(30) Phase 4: Compact heap
[2026-05-06T01:32:12.189+0100][2.743s][info][gc,phases      ] GC(30) Phase 4: Compact heap 0.274ms
[2026-05-06T01:32:12.189+0100][2.743s][info][gc,phases,start] GC(30) Phase 5: Reset Metadata
[2026-05-06T01:32:12.189+0100][2.743s][info][gc,phases      ] GC(30) Phase 5: Reset Metadata 0.348ms
[2026-05-06T01:32:12.189+0100][2.743s][info][gc,heap        ] GC(30) Eden regions: 29->0(204)
[2026-05-06T01:32:12.190+0100][2.744s][info][gc,heap        ] GC(30) Survivor regions: 0->0(12)
[2026-05-06T01:32:12.190+0100][2.744s][info][gc,heap        ] GC(30) Old regions: 11->12
[2026-05-06T01:32:12.190+0100][2.744s][info][gc,heap        ] GC(30) Humongous regions: 96->96
[2026-05-06T01:32:12.190+0100][2.744s][info][gc,metaspace   ] GC(30) Metaspace: 19009K(19328K)->19009K(19328K) NonClass: 16767K(16960K)->16767K(16960K) Class: 2241K(2368K)->2241K(2368K)
[2026-05-06T01:32:12.190+0100][2.744s][info][gc             ] GC(30) Pause Full (System.gc()) 260M->203M(680M) 5.507ms
[2026-05-06T01:32:12.190+0100][2.744s][info][gc,cpu         ] GC(30) User=0.02s Sys=0.00s Real=0.01s
[2026-05-06T01:32:12.200+0100][2.754s][info][gc,start       ] GC(31) Pause Full (System.gc())
[2026-05-06T01:32:12.200+0100][2.754s][info][gc,task        ] GC(31) Using 9 workers of 9 for full compaction
[2026-05-06T01:32:12.200+0100][2.754s][info][gc,phases,start] GC(31) Phase 1: Mark live objects
[2026-05-06T01:32:12.202+0100][2.756s][info][gc,phases      ] GC(31) Phase 1: Mark live objects 2.191ms
[2026-05-06T01:32:12.202+0100][2.756s][info][gc,phases,start] GC(31) Phase 2: Prepare compaction
[2026-05-06T01:32:12.202+0100][2.756s][info][gc,phases      ] GC(31) Phase 2: Prepare compaction 0.337ms
[2026-05-06T01:32:12.202+0100][2.756s][info][gc,phases,start] GC(31) Phase 3: Adjust pointers
[2026-05-06T01:32:12.204+0100][2.758s][info][gc,phases      ] GC(31) Phase 3: Adjust pointers 1.618ms
[2026-05-06T01:32:12.204+0100][2.758s][info][gc,phases,start] GC(31) Phase 4: Compact heap
[2026-05-06T01:32:12.204+0100][2.758s][info][gc,phases      ] GC(31) Phase 4: Compact heap 0.301ms
[2026-05-06T01:32:12.204+0100][2.758s][info][gc,phases,start] GC(31) Phase 5: Reset Metadata
[2026-05-06T01:32:12.205+0100][2.759s][info][gc,phases      ] GC(31) Phase 5: Reset Metadata 0.330ms
[2026-05-06T01:32:12.205+0100][2.759s][info][gc,heap        ] GC(31) Eden regions: 112->0(204)
[2026-05-06T01:32:12.205+0100][2.759s][info][gc,heap        ] GC(31) Survivor regions: 0->0(12)
[2026-05-06T01:32:12.205+0100][2.759s][info][gc,heap        ] GC(31) Old regions: 12->12
[2026-05-06T01:32:12.205+0100][2.759s][info][gc,heap        ] GC(31) Humongous regions: 96->96
[2026-05-06T01:32:12.205+0100][2.759s][info][gc,metaspace   ] GC(31) Metaspace: 19012K(19328K)->19012K(19328K) NonClass: 16771K(16960K)->16771K(16960K) Class: 2241K(2368K)->2241K(2368K)
[2026-05-06T01:32:12.205+0100][2.759s][info][gc             ] GC(31) Pause Full (System.gc()) 426M->203M(680M) 5.416ms
[2026-05-06T01:32:12.205+0100][2.759s][info][gc,cpu         ] GC(31) User=0.01s Sys=0.01s Real=0.00s
[2026-05-06T01:32:12.235+0100][2.789s][info][gc,start       ] GC(32) Pause Full (System.gc())
[2026-05-06T01:32:12.235+0100][2.789s][info][gc,task        ] GC(32) Using 9 workers of 9 for full compaction
[2026-05-06T01:32:12.235+0100][2.789s][info][gc,phases,start] GC(32) Phase 1: Mark live objects
[2026-05-06T01:32:12.237+0100][2.791s][info][gc,phases      ] GC(32) Phase 1: Mark live objects 2.293ms
[2026-05-06T01:32:12.237+0100][2.791s][info][gc,phases,start] GC(32) Phase 2: Prepare compaction
[2026-05-06T01:32:12.237+0100][2.791s][info][gc,phases      ] GC(32) Phase 2: Prepare compaction 0.304ms
[2026-05-06T01:32:12.237+0100][2.791s][info][gc,phases,start] GC(32) Phase 3: Adjust pointers
[2026-05-06T01:32:12.239+0100][2.793s][info][gc,phases      ] GC(32) Phase 3: Adjust pointers 1.662ms
[2026-05-06T01:32:12.239+0100][2.793s][info][gc,phases,start] GC(32) Phase 4: Compact heap
[2026-05-06T01:32:12.239+0100][2.793s][info][gc,phases      ] GC(32) Phase 4: Compact heap 0.344ms
[2026-05-06T01:32:12.239+0100][2.793s][info][gc,phases,start] GC(32) Phase 5: Reset Metadata
[2026-05-06T01:32:12.240+0100][2.794s][info][gc,phases      ] GC(32) Phase 5: Reset Metadata 0.345ms
[2026-05-06T01:32:12.240+0100][2.794s][info][gc,heap        ] GC(32) Eden regions: 65->0(204)
[2026-05-06T01:32:12.240+0100][2.794s][info][gc,heap        ] GC(32) Survivor regions: 0->0(12)
[2026-05-06T01:32:12.240+0100][2.794s][info][gc,heap        ] GC(32) Old regions: 12->11
[2026-05-06T01:32:12.240+0100][2.794s][info][gc,heap        ] GC(32) Humongous regions: 96->96
[2026-05-06T01:32:12.240+0100][2.794s][info][gc,metaspace   ] GC(32) Metaspace: 19040K(19392K)->19040K(19392K) NonClass: 16798K(17024K)->16798K(17024K) Class: 2241K(2368K)->2241K(2368K)
[2026-05-06T01:32:12.240+0100][2.794s][info][gc             ] GC(32) Pause Full (System.gc()) 332M->203M(680M) 5.578ms
[2026-05-06T01:32:12.240+0100][2.794s][info][gc,cpu         ] GC(32) User=0.02s Sys=0.01s Real=0.01s
[2026-05-06T01:32:12.267+0100][2.821s][info][gc,start       ] GC(33) Pause Full (System.gc())
[2026-05-06T01:32:12.267+0100][2.821s][info][gc,task        ] GC(33) Using 9 workers of 9 for full compaction
[2026-05-06T01:32:12.267+0100][2.821s][info][gc,phases,start] GC(33) Phase 1: Mark live objects
[2026-05-06T01:32:12.269+0100][2.823s][info][gc,phases      ] GC(33) Phase 1: Mark live objects 2.099ms
[2026-05-06T01:32:12.269+0100][2.823s][info][gc,phases,start] GC(33) Phase 2: Prepare compaction
[2026-05-06T01:32:12.269+0100][2.823s][info][gc,phases      ] GC(33) Phase 2: Prepare compaction 0.309ms
[2026-05-06T01:32:12.269+0100][2.823s][info][gc,phases,start] GC(33) Phase 3: Adjust pointers
[2026-05-06T01:32:12.271+0100][2.825s][info][gc,phases      ] GC(33) Phase 3: Adjust pointers 1.622ms
[2026-05-06T01:32:12.271+0100][2.825s][info][gc,phases,start] GC(33) Phase 4: Compact heap
[2026-05-06T01:32:12.271+0100][2.825s][info][gc,phases      ] GC(33) Phase 4: Compact heap 0.272ms
[2026-05-06T01:32:12.271+0100][2.825s][info][gc,phases,start] GC(33) Phase 5: Reset Metadata
[2026-05-06T01:32:12.272+0100][2.826s][info][gc,phases      ] GC(33) Phase 5: Reset Metadata 0.341ms
[2026-05-06T01:32:12.272+0100][2.826s][info][gc,heap        ] GC(33) Eden regions: 10->0(204)
[2026-05-06T01:32:12.272+0100][2.826s][info][gc,heap        ] GC(33) Survivor regions: 0->0(12)
[2026-05-06T01:32:12.272+0100][2.826s][info][gc,heap        ] GC(33) Old regions: 11->11
[2026-05-06T01:32:12.272+0100][2.826s][info][gc,heap        ] GC(33) Humongous regions: 96->96
[2026-05-06T01:32:12.272+0100][2.826s][info][gc,metaspace   ] GC(33) Metaspace: 19066K(19456K)->19066K(19456K) NonClass: 16824K(17088K)->16824K(17088K) Class: 2241K(2368K)->2241K(2368K)
[2026-05-06T01:32:12.272+0100][2.826s][info][gc             ] GC(33) Pause Full (System.gc()) 222M->203M(680M) 5.238ms
[2026-05-06T01:32:12.272+0100][2.826s][info][gc,cpu         ] GC(33) User=0.02s Sys=0.00s Real=0.01s
[2026-05-06T01:32:12.278+0100][2.832s][info][gc,start       ] GC(34) Pause Full (System.gc())
[2026-05-06T01:32:12.278+0100][2.832s][info][gc,task        ] GC(34) Using 9 workers of 9 for full compaction
[2026-05-06T01:32:12.278+0100][2.832s][info][gc,phases,start] GC(34) Phase 1: Mark live objects
[2026-05-06T01:32:12.280+0100][2.834s][info][gc,phases      ] GC(34) Phase 1: Mark live objects 2.197ms
[2026-05-06T01:32:12.280+0100][2.834s][info][gc,phases,start] GC(34) Phase 2: Prepare compaction
[2026-05-06T01:32:12.280+0100][2.834s][info][gc,phases      ] GC(34) Phase 2: Prepare compaction 0.295ms
[2026-05-06T01:32:12.280+0100][2.834s][info][gc,phases,start] GC(34) Phase 3: Adjust pointers
[2026-05-06T01:32:12.282+0100][2.836s][info][gc,phases      ] GC(34) Phase 3: Adjust pointers 1.758ms
[2026-05-06T01:32:12.282+0100][2.836s][info][gc,phases,start] GC(34) Phase 4: Compact heap
[2026-05-06T01:32:12.282+0100][2.836s][info][gc,phases      ] GC(34) Phase 4: Compact heap 0.260ms
[2026-05-06T01:32:12.282+0100][2.836s][info][gc,phases,start] GC(34) Phase 5: Reset Metadata
[2026-05-06T01:32:12.282+0100][2.836s][info][gc,phases      ] GC(34) Phase 5: Reset Metadata 0.349ms
[2026-05-06T01:32:12.283+0100][2.837s][info][gc,heap        ] GC(34) Eden regions: 10->0(204)
[2026-05-06T01:32:12.283+0100][2.837s][info][gc,heap        ] GC(34) Survivor regions: 0->0(12)
[2026-05-06T01:32:12.283+0100][2.837s][info][gc,heap        ] GC(34) Old regions: 11->11
[2026-05-06T01:32:12.283+0100][2.837s][info][gc,heap        ] GC(34) Humongous regions: 96->96
[2026-05-06T01:32:12.283+0100][2.837s][info][gc,metaspace   ] GC(34) Metaspace: 19069K(19456K)->19069K(19456K) NonClass: 16827K(17088K)->16827K(17088K) Class: 2241K(2368K)->2241K(2368K)
[2026-05-06T01:32:12.283+0100][2.837s][info][gc             ] GC(34) Pause Full (System.gc()) 221M->203M(680M) 5.432ms
[2026-05-06T01:32:12.283+0100][2.837s][info][gc,cpu         ] GC(34) User=0.02s Sys=0.00s Real=0.01s
[2026-05-06T01:32:12.310+0100][2.864s][info][gc,start       ] GC(35) Pause Full (System.gc())
[2026-05-06T01:32:12.310+0100][2.864s][info][gc,task        ] GC(35) Using 9 workers of 9 for full compaction
[2026-05-06T01:32:12.310+0100][2.864s][info][gc,phases,start] GC(35) Phase 1: Mark live objects
[2026-05-06T01:32:12.313+0100][2.867s][info][gc,phases      ] GC(35) Phase 1: Mark live objects 2.342ms
[2026-05-06T01:32:12.313+0100][2.867s][info][gc,phases,start] GC(35) Phase 2: Prepare compaction
[2026-05-06T01:32:12.313+0100][2.867s][info][gc,phases      ] GC(35) Phase 2: Prepare compaction 0.286ms
[2026-05-06T01:32:12.313+0100][2.867s][info][gc,phases,start] GC(35) Phase 3: Adjust pointers
[2026-05-06T01:32:12.314+0100][2.868s][info][gc,phases      ] GC(35) Phase 3: Adjust pointers 1.559ms
[2026-05-06T01:32:12.314+0100][2.868s][info][gc,phases,start] GC(35) Phase 4: Compact heap
[2026-05-06T01:32:12.315+0100][2.869s][info][gc,phases      ] GC(35) Phase 4: Compact heap 0.283ms
[2026-05-06T01:32:12.315+0100][2.869s][info][gc,phases,start] GC(35) Phase 5: Reset Metadata
[2026-05-06T01:32:12.315+0100][2.869s][info][gc,phases      ] GC(35) Phase 5: Reset Metadata 0.342ms
[2026-05-06T01:32:12.316+0100][2.870s][info][gc,heap        ] GC(35) Eden regions: 7->0(204)
[2026-05-06T01:32:12.316+0100][2.870s][info][gc,heap        ] GC(35) Survivor regions: 0->0(12)
[2026-05-06T01:32:12.316+0100][2.870s][info][gc,heap        ] GC(35) Old regions: 11->11
[2026-05-06T01:32:12.316+0100][2.870s][info][gc,heap        ] GC(35) Humongous regions: 108->96
[2026-05-06T01:32:12.316+0100][2.870s][info][gc,metaspace   ] GC(35) Metaspace: 19069K(19456K)->19069K(19456K) NonClass: 16827K(17088K)->16827K(17088K) Class: 2241K(2368K)->2241K(2368K)
[2026-05-06T01:32:12.316+0100][2.870s][info][gc             ] GC(35) Pause Full (System.gc()) 239M->203M(680M) 5.405ms
[2026-05-06T01:32:12.316+0100][2.870s][info][gc,cpu         ] GC(35) User=0.02s Sys=0.01s Real=0.00s
[2026-05-06T01:32:12.404+0100][2.958s][info][gc,start       ] GC(36) Pause Young (Concurrent Start) (G1 Humongous Allocation)
[2026-05-06T01:32:12.404+0100][2.958s][info][gc,task        ] GC(36) Using 9 workers of 9 for evacuation
[2026-05-06T01:32:12.404+0100][2.958s][info][gc,phases      ] GC(36)   Pre Evacuate Collection Set: 0.1ms
[2026-05-06T01:32:12.404+0100][2.958s][info][gc,phases      ] GC(36)   Merge Heap Roots: 0.0ms
[2026-05-06T01:32:12.404+0100][2.958s][info][gc,phases      ] GC(36)   Evacuate Collection Set: 0.2ms
[2026-05-06T01:32:12.404+0100][2.958s][info][gc,phases      ] GC(36)   Post Evacuate Collection Set: 0.2ms
[2026-05-06T01:32:12.404+0100][2.958s][info][gc,phases      ] GC(36)   Other: 0.0ms
[2026-05-06T01:32:12.404+0100][2.958s][info][gc,heap        ] GC(36) Eden regions: 1->0(203)
[2026-05-06T01:32:12.404+0100][2.958s][info][gc,heap        ] GC(36) Survivor regions: 0->1(26)
[2026-05-06T01:32:12.404+0100][2.958s][info][gc,heap        ] GC(36) Old regions: 11->11
[2026-05-06T01:32:12.404+0100][2.958s][info][gc,heap        ] GC(36) Humongous regions: 140->96
[2026-05-06T01:32:12.404+0100][2.958s][info][gc,metaspace   ] GC(36) Metaspace: 19069K(19456K)->19069K(19456K) NonClass: 16827K(17088K)->16827K(17088K) Class: 2241K(2368K)->2241K(2368K)
[2026-05-06T01:32:12.404+0100][2.958s][info][gc             ] GC(36) Pause Young (Concurrent Start) (G1 Humongous Allocation) 292M->203M(680M) 0.630ms
[2026-05-06T01:32:12.404+0100][2.958s][info][gc,cpu         ] GC(36) User=0.00s Sys=0.00s Real=0.00s
[2026-05-06T01:32:12.404+0100][2.958s][info][gc             ] GC(37) Concurrent Undo Cycle
[2026-05-06T01:32:12.404+0100][2.958s][info][gc,marking     ] GC(37) Concurrent Clear Claimed Marks
[2026-05-06T01:32:12.404+0100][2.958s][info][gc,marking     ] GC(37) Concurrent Clear Claimed Marks 0.021ms
[2026-05-06T01:32:12.404+0100][2.958s][info][gc,marking     ] GC(37) Concurrent Cleanup for Next Mark
[2026-05-06T01:32:12.404+0100][2.958s][info][gc,marking     ] GC(37) Concurrent Cleanup for Next Mark 0.053ms
[2026-05-06T01:32:12.404+0100][2.958s][info][gc             ] GC(37) Concurrent Undo Cycle 0.166ms
[2026-05-06T01:32:12.418+0100][2.972s][info][gc,start       ] GC(38) Pause Full (System.gc())
[2026-05-06T01:32:12.418+0100][2.972s][info][gc,task        ] GC(38) Using 9 workers of 9 for full compaction
[2026-05-06T01:32:12.418+0100][2.972s][info][gc,phases,start] GC(38) Phase 1: Mark live objects
[2026-05-06T01:32:12.421+0100][2.975s][info][gc,phases      ] GC(38) Phase 1: Mark live objects 2.230ms
[2026-05-06T01:32:12.421+0100][2.975s][info][gc,phases,start] GC(38) Phase 2: Prepare compaction
[2026-05-06T01:32:12.421+0100][2.975s][info][gc,phases      ] GC(38) Phase 2: Prepare compaction 0.333ms
[2026-05-06T01:32:12.421+0100][2.975s][info][gc,phases,start] GC(38) Phase 3: Adjust pointers
[2026-05-06T01:32:12.423+0100][2.977s][info][gc,phases      ] GC(38) Phase 3: Adjust pointers 1.606ms
[2026-05-06T01:32:12.423+0100][2.977s][info][gc,phases,start] GC(38) Phase 4: Compact heap
[2026-05-06T01:32:12.423+0100][2.977s][info][gc,phases      ] GC(38) Phase 4: Compact heap 0.285ms
[2026-05-06T01:32:12.423+0100][2.977s][info][gc,phases,start] GC(38) Phase 5: Reset Metadata
[2026-05-06T01:32:12.423+0100][2.977s][info][gc,phases      ] GC(38) Phase 5: Reset Metadata 0.323ms
[2026-05-06T01:32:12.424+0100][2.978s][info][gc,heap        ] GC(38) Eden regions: 1->0(204)
[2026-05-06T01:32:12.424+0100][2.978s][info][gc,heap        ] GC(38) Survivor regions: 1->0(26)
[2026-05-06T01:32:12.424+0100][2.978s][info][gc,heap        ] GC(38) Old regions: 11->11
[2026-05-06T01:32:12.424+0100][2.978s][info][gc,heap        ] GC(38) Humongous regions: 104->96
[2026-05-06T01:32:12.424+0100][2.978s][info][gc,metaspace   ] GC(38) Metaspace: 19069K(19456K)->19069K(19456K) NonClass: 16827K(17088K)->16827K(17088K) Class: 2241K(2368K)->2241K(2368K)
[2026-05-06T01:32:12.424+0100][2.978s][info][gc             ] GC(38) Pause Full (System.gc()) 220M->203M(680M) 5.362ms
[2026-05-06T01:32:12.424+0100][2.978s][info][gc,cpu         ] GC(38) User=0.02s Sys=0.00s Real=0.01s
[2026-05-06T01:32:12.515+0100][3.069s][info][gc,start       ] GC(39) Pause Young (Concurrent Start) (G1 Humongous Allocation)
[2026-05-06T01:32:12.515+0100][3.069s][info][gc,task        ] GC(39) Using 9 workers of 9 for evacuation
[2026-05-06T01:32:12.516+0100][3.070s][info][gc,phases      ] GC(39)   Pre Evacuate Collection Set: 0.1ms
[2026-05-06T01:32:12.516+0100][3.070s][info][gc,phases      ] GC(39)   Merge Heap Roots: 0.0ms
[2026-05-06T01:32:12.516+0100][3.070s][info][gc,phases      ] GC(39)   Evacuate Collection Set: 0.2ms
[2026-05-06T01:32:12.516+0100][3.070s][info][gc,phases      ] GC(39)   Post Evacuate Collection Set: 0.1ms
[2026-05-06T01:32:12.516+0100][3.070s][info][gc,phases      ] GC(39)   Other: 0.0ms
[2026-05-06T01:32:12.516+0100][3.070s][info][gc,heap        ] GC(39) Eden regions: 2->0(203)
[2026-05-06T01:32:12.516+0100][3.070s][info][gc,heap        ] GC(39) Survivor regions: 0->1(26)
[2026-05-06T01:32:12.516+0100][3.070s][info][gc,heap        ] GC(39) Old regions: 11->11
[2026-05-06T01:32:12.516+0100][3.070s][info][gc,heap        ] GC(39) Humongous regions: 140->96
[2026-05-06T01:32:12.516+0100][3.070s][info][gc,metaspace   ] GC(39) Metaspace: 19069K(19456K)->19069K(19456K) NonClass: 16827K(17088K)->16827K(17088K) Class: 2241K(2368K)->2241K(2368K)
[2026-05-06T01:32:12.516+0100][3.070s][info][gc             ] GC(39) Pause Young (Concurrent Start) (G1 Humongous Allocation) 294M->203M(680M) 0.574ms
[2026-05-06T01:32:12.516+0100][3.070s][info][gc,cpu         ] GC(39) User=0.01s Sys=0.00s Real=0.00s
[2026-05-06T01:32:12.516+0100][3.070s][info][gc             ] GC(40) Concurrent Undo Cycle
[2026-05-06T01:32:12.516+0100][3.070s][info][gc,marking     ] GC(40) Concurrent Clear Claimed Marks
[2026-05-06T01:32:12.516+0100][3.070s][info][gc,marking     ] GC(40) Concurrent Clear Claimed Marks 0.009ms
[2026-05-06T01:32:12.516+0100][3.070s][info][gc,marking     ] GC(40) Concurrent Cleanup for Next Mark
[2026-05-06T01:32:12.516+0100][3.070s][info][gc,marking     ] GC(40) Concurrent Cleanup for Next Mark 0.029ms
[2026-05-06T01:32:12.516+0100][3.070s][info][gc             ] GC(40) Concurrent Undo Cycle 0.075ms
[2026-05-06T01:32:12.530+0100][3.084s][info][gc,start       ] GC(41) Pause Full (System.gc())
[2026-05-06T01:32:12.530+0100][3.084s][info][gc,task        ] GC(41) Using 9 workers of 9 for full compaction
[2026-05-06T01:32:12.530+0100][3.084s][info][gc,phases,start] GC(41) Phase 1: Mark live objects
[2026-05-06T01:32:12.533+0100][3.087s][info][gc,phases      ] GC(41) Phase 1: Mark live objects 3.296ms
[2026-05-06T01:32:12.533+0100][3.087s][info][gc,phases,start] GC(41) Phase 2: Prepare compaction
[2026-05-06T01:32:12.533+0100][3.087s][info][gc,phases      ] GC(41) Phase 2: Prepare compaction 0.298ms
[2026-05-06T01:32:12.533+0100][3.087s][info][gc,phases,start] GC(41) Phase 3: Adjust pointers
[2026-05-06T01:32:12.535+0100][3.089s][info][gc,phases      ] GC(41) Phase 3: Adjust pointers 1.506ms
[2026-05-06T01:32:12.535+0100][3.089s][info][gc,phases,start] GC(41) Phase 4: Compact heap
[2026-05-06T01:32:12.535+0100][3.089s][info][gc,phases      ] GC(41) Phase 4: Compact heap 0.245ms
[2026-05-06T01:32:12.535+0100][3.089s][info][gc,phases,start] GC(41) Phase 5: Reset Metadata
[2026-05-06T01:32:12.535+0100][3.089s][info][gc,phases      ] GC(41) Phase 5: Reset Metadata 0.323ms
[2026-05-06T01:32:12.536+0100][3.090s][info][gc,heap        ] GC(41) Eden regions: 1->0(204)
[2026-05-06T01:32:12.536+0100][3.090s][info][gc,heap        ] GC(41) Survivor regions: 1->0(26)
[2026-05-06T01:32:12.536+0100][3.090s][info][gc,heap        ] GC(41) Old regions: 11->12
[2026-05-06T01:32:12.536+0100][3.090s][info][gc,heap        ] GC(41) Humongous regions: 104->96
[2026-05-06T01:32:12.536+0100][3.090s][info][gc,metaspace   ] GC(41) Metaspace: 19069K(19456K)->19069K(19456K) NonClass: 16827K(17088K)->16827K(17088K) Class: 2241K(2368K)->2241K(2368K)
[2026-05-06T01:32:12.536+0100][3.090s][info][gc             ] GC(41) Pause Full (System.gc()) 221M->203M(680M) 6.246ms
[2026-05-06T01:32:12.536+0100][3.090s][info][gc,cpu         ] GC(41) User=0.02s Sys=0.01s Real=0.00s
[2026-05-06T01:32:12.629+0100][3.183s][info][gc,start       ] GC(42) Pause Young (Concurrent Start) (G1 Humongous Allocation)
[2026-05-06T01:32:12.629+0100][3.183s][info][gc,task        ] GC(42) Using 9 workers of 9 for evacuation
[2026-05-06T01:32:12.630+0100][3.184s][info][gc,phases      ] GC(42)   Pre Evacuate Collection Set: 0.1ms
[2026-05-06T01:32:12.630+0100][3.184s][info][gc,phases      ] GC(42)   Merge Heap Roots: 0.0ms
[2026-05-06T01:32:12.630+0100][3.184s][info][gc,phases      ] GC(42)   Evacuate Collection Set: 0.2ms
[2026-05-06T01:32:12.630+0100][3.184s][info][gc,phases      ] GC(42)   Post Evacuate Collection Set: 0.1ms
[2026-05-06T01:32:12.630+0100][3.184s][info][gc,phases      ] GC(42)   Other: 0.0ms
[2026-05-06T01:32:12.630+0100][3.184s][info][gc,heap        ] GC(42) Eden regions: 7->0(203)
[2026-05-06T01:32:12.630+0100][3.184s][info][gc,heap        ] GC(42) Survivor regions: 0->1(26)
[2026-05-06T01:32:12.630+0100][3.184s][info][gc,heap        ] GC(42) Old regions: 12->12
[2026-05-06T01:32:12.630+0100][3.184s][info][gc,heap        ] GC(42) Humongous regions: 140->96
[2026-05-06T01:32:12.630+0100][3.184s][info][gc,metaspace   ] GC(42) Metaspace: 19071K(19456K)->19071K(19456K) NonClass: 16829K(17088K)->16829K(17088K) Class: 2241K(2368K)->2241K(2368K)
[2026-05-06T01:32:12.630+0100][3.184s][info][gc             ] GC(42) Pause Young (Concurrent Start) (G1 Humongous Allocation) 304M->203M(680M) 0.530ms
[2026-05-06T01:32:12.630+0100][3.184s][info][gc,cpu         ] GC(42) User=0.01s Sys=0.00s Real=0.01s
[2026-05-06T01:32:12.630+0100][3.184s][info][gc             ] GC(43) Concurrent Undo Cycle
[2026-05-06T01:32:12.630+0100][3.184s][info][gc,marking     ] GC(43) Concurrent Clear Claimed Marks
[2026-05-06T01:32:12.630+0100][3.184s][info][gc,marking     ] GC(43) Concurrent Clear Claimed Marks 0.009ms
[2026-05-06T01:32:12.630+0100][3.184s][info][gc,marking     ] GC(43) Concurrent Cleanup for Next Mark
[2026-05-06T01:32:12.630+0100][3.184s][info][gc,marking     ] GC(43) Concurrent Cleanup for Next Mark 0.038ms
[2026-05-06T01:32:12.630+0100][3.184s][info][gc             ] GC(43) Concurrent Undo Cycle 0.089ms
[2026-05-06T01:32:12.643+0100][3.197s][info][gc,start       ] GC(44) Pause Full (System.gc())
[2026-05-06T01:32:12.643+0100][3.197s][info][gc,task        ] GC(44) Using 9 workers of 9 for full compaction
[2026-05-06T01:32:12.643+0100][3.197s][info][gc,phases,start] GC(44) Phase 1: Mark live objects
[2026-05-06T01:32:12.646+0100][3.200s][info][gc,phases      ] GC(44) Phase 1: Mark live objects 2.241ms
[2026-05-06T01:32:12.646+0100][3.200s][info][gc,phases,start] GC(44) Phase 2: Prepare compaction
[2026-05-06T01:32:12.646+0100][3.200s][info][gc,phases      ] GC(44) Phase 2: Prepare compaction 0.281ms
[2026-05-06T01:32:12.646+0100][3.200s][info][gc,phases,start] GC(44) Phase 3: Adjust pointers
[2026-05-06T01:32:12.647+0100][3.201s][info][gc,phases      ] GC(44) Phase 3: Adjust pointers 1.521ms
[2026-05-06T01:32:12.647+0100][3.201s][info][gc,phases,start] GC(44) Phase 4: Compact heap
[2026-05-06T01:32:12.648+0100][3.202s][info][gc,phases      ] GC(44) Phase 4: Compact heap 0.240ms
[2026-05-06T01:32:12.648+0100][3.202s][info][gc,phases,start] GC(44) Phase 5: Reset Metadata
[2026-05-06T01:32:12.648+0100][3.202s][info][gc,phases      ] GC(44) Phase 5: Reset Metadata 0.313ms
[2026-05-06T01:32:12.649+0100][3.203s][info][gc,heap        ] GC(44) Eden regions: 1->0(204)
[2026-05-06T01:32:12.649+0100][3.203s][info][gc,heap        ] GC(44) Survivor regions: 1->0(26)
[2026-05-06T01:32:12.649+0100][3.203s][info][gc,heap        ] GC(44) Old regions: 12->12
[2026-05-06T01:32:12.649+0100][3.203s][info][gc,heap        ] GC(44) Humongous regions: 104->96
[2026-05-06T01:32:12.649+0100][3.203s][info][gc,metaspace   ] GC(44) Metaspace: 19071K(19456K)->19071K(19456K) NonClass: 16829K(17088K)->16829K(17088K) Class: 2241K(2368K)->2241K(2368K)
[2026-05-06T01:32:12.649+0100][3.203s][info][gc             ] GC(44) Pause Full (System.gc()) 221M->203M(680M) 5.218ms
[2026-05-06T01:32:12.649+0100][3.203s][info][gc,cpu         ] GC(44) User=0.02s Sys=0.00s Real=0.00s
[2026-05-06T01:32:12.730+0100][3.284s][info][gc,start       ] GC(45) Pause Young (Concurrent Start) (G1 Humongous Allocation)
[2026-05-06T01:32:12.730+0100][3.284s][info][gc,task        ] GC(45) Using 9 workers of 9 for evacuation
[2026-05-06T01:32:12.731+0100][3.285s][info][gc,phases      ] GC(45)   Pre Evacuate Collection Set: 0.1ms
[2026-05-06T01:32:12.731+0100][3.285s][info][gc,phases      ] GC(45)   Merge Heap Roots: 0.0ms
[2026-05-06T01:32:12.731+0100][3.285s][info][gc,phases      ] GC(45)   Evacuate Collection Set: 0.1ms
[2026-05-06T01:32:12.731+0100][3.285s][info][gc,phases      ] GC(45)   Post Evacuate Collection Set: 0.8ms
[2026-05-06T01:32:12.731+0100][3.285s][info][gc,phases      ] GC(45)   Other: 0.0ms
[2026-05-06T01:32:12.731+0100][3.285s][info][gc,heap        ] GC(45) Eden regions: 6->0(556)
[2026-05-06T01:32:12.731+0100][3.285s][info][gc,heap        ] GC(45) Survivor regions: 0->1(26)
[2026-05-06T01:32:12.731+0100][3.285s][info][gc,heap        ] GC(45) Old regions: 12->12
[2026-05-06T01:32:12.731+0100][3.285s][info][gc,heap        ] GC(45) Humongous regions: 140->96
[2026-05-06T01:32:12.731+0100][3.285s][info][gc,metaspace   ] GC(45) Metaspace: 19075K(19456K)->19075K(19456K) NonClass: 16833K(17088K)->16833K(17088K) Class: 2241K(2368K)->2241K(2368K)
[2026-05-06T01:32:12.731+0100][3.285s][info][gc             ] GC(45) Pause Young (Concurrent Start) (G1 Humongous Allocation) 303M->203M(1858M) 1.180ms
[2026-05-06T01:32:12.731+0100][3.285s][info][gc,cpu         ] GC(45) User=0.00s Sys=0.01s Real=0.00s
[2026-05-06T01:32:12.731+0100][3.285s][info][gc             ] GC(46) Concurrent Undo Cycle
[2026-05-06T01:32:12.731+0100][3.285s][info][gc,marking     ] GC(46) Concurrent Clear Claimed Marks
[2026-05-06T01:32:12.731+0100][3.285s][info][gc,marking     ] GC(46) Concurrent Clear Claimed Marks 0.008ms
[2026-05-06T01:32:12.731+0100][3.285s][info][gc,marking     ] GC(46) Concurrent Cleanup for Next Mark
[2026-05-06T01:32:12.731+0100][3.285s][info][gc,marking     ] GC(46) Concurrent Cleanup for Next Mark 0.062ms
[2026-05-06T01:32:12.731+0100][3.285s][info][gc             ] GC(46) Concurrent Undo Cycle 0.100ms
[2026-05-06T01:32:12.739+0100][3.293s][info][gc,start       ] GC(47) Pause Full (System.gc())
[2026-05-06T01:32:12.739+0100][3.293s][info][gc,task        ] GC(47) Using 9 workers of 9 for full compaction
[2026-05-06T01:32:12.739+0100][3.293s][info][gc,phases,start] GC(47) Phase 1: Mark live objects
[2026-05-06T01:32:12.741+0100][3.295s][info][gc,phases      ] GC(47) Phase 1: Mark live objects 2.394ms
[2026-05-06T01:32:12.741+0100][3.295s][info][gc,phases,start] GC(47) Phase 2: Prepare compaction
[2026-05-06T01:32:12.741+0100][3.295s][info][gc,phases      ] GC(47) Phase 2: Prepare compaction 0.328ms
[2026-05-06T01:32:12.741+0100][3.295s][info][gc,phases,start] GC(47) Phase 3: Adjust pointers
[2026-05-06T01:32:12.743+0100][3.297s][info][gc,phases      ] GC(47) Phase 3: Adjust pointers 1.530ms
[2026-05-06T01:32:12.743+0100][3.297s][info][gc,phases,start] GC(47) Phase 4: Compact heap
[2026-05-06T01:32:12.743+0100][3.297s][info][gc,phases      ] GC(47) Phase 4: Compact heap 0.264ms
[2026-05-06T01:32:12.743+0100][3.297s][info][gc,phases,start] GC(47) Phase 5: Reset Metadata
[2026-05-06T01:32:12.744+0100][3.298s][info][gc,phases      ] GC(47) Phase 5: Reset Metadata 0.354ms
[2026-05-06T01:32:12.745+0100][3.299s][info][gc,heap        ] GC(47) Eden regions: 1->0(224)
[2026-05-06T01:32:12.745+0100][3.299s][info][gc,heap        ] GC(47) Survivor regions: 1->0(26)
[2026-05-06T01:32:12.745+0100][3.299s][info][gc,heap        ] GC(47) Old regions: 12->12
[2026-05-06T01:32:12.745+0100][3.299s][info][gc,heap        ] GC(47) Humongous regions: 104->100
[2026-05-06T01:32:12.745+0100][3.299s][info][gc,metaspace   ] GC(47) Metaspace: 19075K(19456K)->19075K(19456K) NonClass: 16833K(17088K)->16833K(17088K) Class: 2241K(2368K)->2241K(2368K)
[2026-05-06T01:32:12.745+0100][3.299s][info][gc             ] GC(47) Pause Full (System.gc()) 220M->211M(748M) 6.846ms
[2026-05-06T01:32:12.746+0100][3.300s][info][gc,cpu         ] GC(47) User=0.02s Sys=0.01s Real=0.01s
[2026-05-06T01:32:12.804+0100][3.358s][info][gc,start       ] GC(48) Pause Full (System.gc())
[2026-05-06T01:32:12.804+0100][3.358s][info][gc,task        ] GC(48) Using 9 workers of 9 for full compaction
[2026-05-06T01:32:12.804+0100][3.358s][info][gc,phases,start] GC(48) Phase 1: Mark live objects
[2026-05-06T01:32:12.806+0100][3.360s][info][gc,phases      ] GC(48) Phase 1: Mark live objects 2.240ms
[2026-05-06T01:32:12.806+0100][3.360s][info][gc,phases,start] GC(48) Phase 2: Prepare compaction
[2026-05-06T01:32:12.806+0100][3.360s][info][gc,phases      ] GC(48) Phase 2: Prepare compaction 0.288ms
[2026-05-06T01:32:12.806+0100][3.360s][info][gc,phases,start] GC(48) Phase 3: Adjust pointers
[2026-05-06T01:32:12.808+0100][3.362s][info][gc,phases      ] GC(48) Phase 3: Adjust pointers 1.482ms
[2026-05-06T01:32:12.808+0100][3.362s][info][gc,phases,start] GC(48) Phase 4: Compact heap
[2026-05-06T01:32:12.808+0100][3.362s][info][gc,phases      ] GC(48) Phase 4: Compact heap 0.261ms
[2026-05-06T01:32:12.808+0100][3.362s][info][gc,phases,start] GC(48) Phase 5: Reset Metadata
[2026-05-06T01:32:12.808+0100][3.362s][info][gc,phases      ] GC(48) Phase 5: Reset Metadata 0.311ms
[2026-05-06T01:32:12.809+0100][3.363s][info][gc,heap        ] GC(48) Eden regions: 4->0(216)
[2026-05-06T01:32:12.809+0100][3.363s][info][gc,heap        ] GC(48) Survivor regions: 0->0(26)
[2026-05-06T01:32:12.809+0100][3.363s][info][gc,heap        ] GC(48) Old regions: 12->12
[2026-05-06T01:32:12.809+0100][3.363s][info][gc,heap        ] GC(48) Humongous regions: 152->96
[2026-05-06T01:32:12.809+0100][3.363s][info][gc,metaspace   ] GC(48) Metaspace: 19075K(19456K)->19075K(19456K) NonClass: 16833K(17088K)->16833K(17088K) Class: 2241K(2368K)->2241K(2368K)
[2026-05-06T01:32:12.809+0100][3.363s][info][gc             ] GC(48) Pause Full (System.gc()) 322M->203M(720M) 5.196ms
[2026-05-06T01:32:12.809+0100][3.363s][info][gc,cpu         ] GC(48) User=0.02s Sys=0.01s Real=0.00s
[2026-05-06T01:32:12.866+0100][3.420s][info][gc,start       ] GC(49) Pause Full (System.gc())
[2026-05-06T01:32:12.866+0100][3.420s][info][gc,task        ] GC(49) Using 9 workers of 9 for full compaction
[2026-05-06T01:32:12.866+0100][3.420s][info][gc,phases,start] GC(49) Phase 1: Mark live objects
[2026-05-06T01:32:12.869+0100][3.423s][info][gc,phases      ] GC(49) Phase 1: Mark live objects 3.366ms
[2026-05-06T01:32:12.869+0100][3.423s][info][gc,phases,start] GC(49) Phase 2: Prepare compaction
[2026-05-06T01:32:12.870+0100][3.424s][info][gc,phases      ] GC(49) Phase 2: Prepare compaction 0.304ms
[2026-05-06T01:32:12.870+0100][3.424s][info][gc,phases,start] GC(49) Phase 3: Adjust pointers
[2026-05-06T01:32:12.871+0100][3.425s][info][gc,phases      ] GC(49) Phase 3: Adjust pointers 1.576ms
[2026-05-06T01:32:12.871+0100][3.425s][info][gc,phases,start] GC(49) Phase 4: Compact heap
[2026-05-06T01:32:12.872+0100][3.426s][info][gc,phases      ] GC(49) Phase 4: Compact heap 0.311ms
[2026-05-06T01:32:12.872+0100][3.426s][info][gc,phases,start] GC(49) Phase 5: Reset Metadata
[2026-05-06T01:32:12.872+0100][3.426s][info][gc,phases      ] GC(49) Phase 5: Reset Metadata 0.361ms
[2026-05-06T01:32:12.873+0100][3.427s][info][gc,heap        ] GC(49) Eden regions: 15->0(216)
[2026-05-06T01:32:12.873+0100][3.427s][info][gc,heap        ] GC(49) Survivor regions: 0->0(26)
[2026-05-06T01:32:12.873+0100][3.427s][info][gc,heap        ] GC(49) Old regions: 12->12
[2026-05-06T01:32:12.873+0100][3.427s][info][gc,heap        ] GC(49) Humongous regions: 148->96
[2026-05-06T01:32:12.873+0100][3.427s][info][gc,metaspace   ] GC(49) Metaspace: 19077K(19456K)->19077K(19456K) NonClass: 16835K(17088K)->16835K(17088K) Class: 2241K(2368K)->2241K(2368K)
[2026-05-06T01:32:12.873+0100][3.427s][info][gc             ] GC(49) Pause Full (System.gc()) 336M->203M(720M) 6.650ms
[2026-05-06T01:32:12.873+0100][3.427s][info][gc,cpu         ] GC(49) User=0.02s Sys=0.01s Real=0.01s
[2026-05-06T01:32:12.924+0100][3.478s][info][gc,start       ] GC(50) Pause Full (System.gc())
[2026-05-06T01:32:12.924+0100][3.478s][info][gc,task        ] GC(50) Using 9 workers of 9 for full compaction
[2026-05-06T01:32:12.924+0100][3.478s][info][gc,phases,start] GC(50) Phase 1: Mark live objects
[2026-05-06T01:32:12.927+0100][3.481s][info][gc,phases      ] GC(50) Phase 1: Mark live objects 3.040ms
[2026-05-06T01:32:12.927+0100][3.481s][info][gc,phases,start] GC(50) Phase 2: Prepare compaction
[2026-05-06T01:32:12.928+0100][3.482s][info][gc,phases      ] GC(50) Phase 2: Prepare compaction 0.313ms
[2026-05-06T01:32:12.928+0100][3.482s][info][gc,phases,start] GC(50) Phase 3: Adjust pointers
[2026-05-06T01:32:12.929+0100][3.483s][info][gc,phases      ] GC(50) Phase 3: Adjust pointers 1.649ms
[2026-05-06T01:32:12.929+0100][3.483s][info][gc,phases,start] GC(50) Phase 4: Compact heap
[2026-05-06T01:32:12.930+0100][3.484s][info][gc,phases      ] GC(50) Phase 4: Compact heap 0.245ms
[2026-05-06T01:32:12.930+0100][3.484s][info][gc,phases,start] GC(50) Phase 5: Reset Metadata
[2026-05-06T01:32:12.930+0100][3.484s][info][gc,phases      ] GC(50) Phase 5: Reset Metadata 0.328ms
[2026-05-06T01:32:12.930+0100][3.484s][info][gc,heap        ] GC(50) Eden regions: 12->0(216)
[2026-05-06T01:32:12.930+0100][3.484s][info][gc,heap        ] GC(50) Survivor regions: 0->0(26)
[2026-05-06T01:32:12.930+0100][3.484s][info][gc,heap        ] GC(50) Old regions: 12->12
[2026-05-06T01:32:12.930+0100][3.484s][info][gc,heap        ] GC(50) Humongous regions: 148->96
[2026-05-06T01:32:12.930+0100][3.484s][info][gc,metaspace   ] GC(50) Metaspace: 19079K(19456K)->19079K(19456K) NonClass: 16837K(17088K)->16837K(17088K) Class: 2241K(2368K)->2241K(2368K)
[2026-05-06T01:32:12.930+0100][3.484s][info][gc             ] GC(50) Pause Full (System.gc()) 330M->203M(720M) 6.209ms
[2026-05-06T01:32:12.930+0100][3.484s][info][gc,cpu         ] GC(50) User=0.03s Sys=0.01s Real=0.01s
[2026-05-06T01:32:12.963+0100][3.517s][info][gc,start       ] GC(51) Pause Full (System.gc())
[2026-05-06T01:32:12.963+0100][3.517s][info][gc,task        ] GC(51) Using 9 workers of 9 for full compaction
[2026-05-06T01:32:12.963+0100][3.517s][info][gc,phases,start] GC(51) Phase 1: Mark live objects
[2026-05-06T01:32:12.966+0100][3.520s][info][gc,phases      ] GC(51) Phase 1: Mark live objects 2.364ms
[2026-05-06T01:32:12.966+0100][3.520s][info][gc,phases,start] GC(51) Phase 2: Prepare compaction
[2026-05-06T01:32:12.966+0100][3.520s][info][gc,phases      ] GC(51) Phase 2: Prepare compaction 0.314ms
[2026-05-06T01:32:12.966+0100][3.520s][info][gc,phases,start] GC(51) Phase 3: Adjust pointers
[2026-05-06T01:32:12.968+0100][3.522s][info][gc,phases      ] GC(51) Phase 3: Adjust pointers 1.717ms
[2026-05-06T01:32:12.968+0100][3.522s][info][gc,phases,start] GC(51) Phase 4: Compact heap
[2026-05-06T01:32:12.968+0100][3.522s][info][gc,phases      ] GC(51) Phase 4: Compact heap 0.312ms
[2026-05-06T01:32:12.968+0100][3.522s][info][gc,phases,start] GC(51) Phase 5: Reset Metadata
[2026-05-06T01:32:12.968+0100][3.522s][info][gc,phases      ] GC(51) Phase 5: Reset Metadata 0.407ms
[2026-05-06T01:32:12.969+0100][3.523s][info][gc,heap        ] GC(51) Eden regions: 7->0(216)
[2026-05-06T01:32:12.969+0100][3.523s][info][gc,heap        ] GC(51) Survivor regions: 0->0(26)
[2026-05-06T01:32:12.969+0100][3.523s][info][gc,heap        ] GC(51) Old regions: 12->12
[2026-05-06T01:32:12.969+0100][3.523s][info][gc,heap        ] GC(51) Humongous regions: 148->96
[2026-05-06T01:32:12.969+0100][3.523s][info][gc,metaspace   ] GC(51) Metaspace: 19080K(19456K)->19080K(19456K) NonClass: 16838K(17088K)->16838K(17088K) Class: 2241K(2368K)->2241K(2368K)
[2026-05-06T01:32:12.969+0100][3.523s][info][gc             ] GC(51) Pause Full (System.gc()) 320M->203M(720M) 5.872ms
[2026-05-06T01:32:12.969+0100][3.523s][info][gc,cpu         ] GC(51) User=0.02s Sys=0.01s Real=0.00s
[2026-05-06T01:32:13.001+0100][3.555s][info][gc,start       ] GC(52) Pause Full (System.gc())
[2026-05-06T01:32:13.001+0100][3.555s][info][gc,task        ] GC(52) Using 9 workers of 9 for full compaction
[2026-05-06T01:32:13.001+0100][3.555s][info][gc,phases,start] GC(52) Phase 1: Mark live objects
[2026-05-06T01:32:13.004+0100][3.558s][info][gc,phases      ] GC(52) Phase 1: Mark live objects 3.041ms
[2026-05-06T01:32:13.004+0100][3.558s][info][gc,phases,start] GC(52) Phase 2: Prepare compaction
[2026-05-06T01:32:13.005+0100][3.559s][info][gc,phases      ] GC(52) Phase 2: Prepare compaction 0.323ms
[2026-05-06T01:32:13.005+0100][3.559s][info][gc,phases,start] GC(52) Phase 3: Adjust pointers
[2026-05-06T01:32:13.007+0100][3.561s][info][gc,phases      ] GC(52) Phase 3: Adjust pointers 2.065ms
[2026-05-06T01:32:13.007+0100][3.561s][info][gc,phases,start] GC(52) Phase 4: Compact heap
[2026-05-06T01:32:13.007+0100][3.561s][info][gc,phases      ] GC(52) Phase 4: Compact heap 0.278ms
[2026-05-06T01:32:13.007+0100][3.561s][info][gc,phases,start] GC(52) Phase 5: Reset Metadata
[2026-05-06T01:32:13.008+0100][3.561s][info][gc,phases      ] GC(52) Phase 5: Reset Metadata 0.353ms
[2026-05-06T01:32:13.008+0100][3.562s][info][gc,heap        ] GC(52) Eden regions: 28->0(216)
[2026-05-06T01:32:13.008+0100][3.562s][info][gc,heap        ] GC(52) Survivor regions: 0->0(26)
[2026-05-06T01:32:13.008+0100][3.562s][info][gc,heap        ] GC(52) Old regions: 12->12
[2026-05-06T01:32:13.008+0100][3.562s][info][gc,heap        ] GC(52) Humongous regions: 148->96
[2026-05-06T01:32:13.008+0100][3.562s][info][gc,metaspace   ] GC(52) Metaspace: 19082K(19456K)->19082K(19456K) NonClass: 16840K(17088K)->16840K(17088K) Class: 2241K(2368K)->2241K(2368K)
[2026-05-06T01:32:13.008+0100][3.562s][info][gc             ] GC(52) Pause Full (System.gc()) 363M->203M(720M) 6.918ms
[2026-05-06T01:32:13.008+0100][3.562s][info][gc,cpu         ] GC(52) User=0.02s Sys=0.01s Real=0.00s
[2026-05-06T01:32:13.044+0100][3.598s][info][gc,start       ] GC(53) Pause Full (System.gc())
[2026-05-06T01:32:13.044+0100][3.598s][info][gc,task        ] GC(53) Using 9 workers of 9 for full compaction
[2026-05-06T01:32:13.044+0100][3.598s][info][gc,phases,start] GC(53) Phase 1: Mark live objects
[2026-05-06T01:32:13.047+0100][3.601s][info][gc,phases      ] GC(53) Phase 1: Mark live objects 3.357ms
[2026-05-06T01:32:13.047+0100][3.601s][info][gc,phases,start] GC(53) Phase 2: Prepare compaction
[2026-05-06T01:32:13.048+0100][3.602s][info][gc,phases      ] GC(53) Phase 2: Prepare compaction 0.320ms
[2026-05-06T01:32:13.048+0100][3.602s][info][gc,phases,start] GC(53) Phase 3: Adjust pointers
[2026-05-06T01:32:13.049+0100][3.603s][info][gc,phases      ] GC(53) Phase 3: Adjust pointers 1.716ms
[2026-05-06T01:32:13.049+0100][3.603s][info][gc,phases,start] GC(53) Phase 4: Compact heap
[2026-05-06T01:32:13.050+0100][3.604s][info][gc,phases      ] GC(53) Phase 4: Compact heap 0.279ms
[2026-05-06T01:32:13.050+0100][3.604s][info][gc,phases,start] GC(53) Phase 5: Reset Metadata
[2026-05-06T01:32:13.050+0100][3.604s][info][gc,phases      ] GC(53) Phase 5: Reset Metadata 0.356ms
[2026-05-06T01:32:13.051+0100][3.605s][info][gc,heap        ] GC(53) Eden regions: 22->0(216)
[2026-05-06T01:32:13.051+0100][3.605s][info][gc,heap        ] GC(53) Survivor regions: 0->0(26)
[2026-05-06T01:32:13.051+0100][3.605s][info][gc,heap        ] GC(53) Old regions: 12->12
[2026-05-06T01:32:13.051+0100][3.605s][info][gc,heap        ] GC(53) Humongous regions: 148->96
[2026-05-06T01:32:13.051+0100][3.605s][info][gc,metaspace   ] GC(53) Metaspace: 19083K(19456K)->19083K(19456K) NonClass: 16841K(17088K)->16841K(17088K) Class: 2241K(2368K)->2241K(2368K)
[2026-05-06T01:32:13.051+0100][3.605s][info][gc             ] GC(53) Pause Full (System.gc()) 350M->203M(720M) 6.940ms
[2026-05-06T01:32:13.051+0100][3.605s][info][gc,cpu         ] GC(53) User=0.03s Sys=0.01s Real=0.01s
[2026-05-06T01:32:13.080+0100][3.634s][info][gc,start       ] GC(54) Pause Full (System.gc())
[2026-05-06T01:32:13.080+0100][3.634s][info][gc,task        ] GC(54) Using 9 workers of 9 for full compaction
[2026-05-06T01:32:13.080+0100][3.634s][info][gc,phases,start] GC(54) Phase 1: Mark live objects
[2026-05-06T01:32:13.082+0100][3.636s][info][gc,phases      ] GC(54) Phase 1: Mark live objects 2.395ms
[2026-05-06T01:32:13.082+0100][3.636s][info][gc,phases,start] GC(54) Phase 2: Prepare compaction
[2026-05-06T01:32:13.083+0100][3.637s][info][gc,phases      ] GC(54) Phase 2: Prepare compaction 0.320ms
[2026-05-06T01:32:13.083+0100][3.637s][info][gc,phases,start] GC(54) Phase 3: Adjust pointers
[2026-05-06T01:32:13.084+0100][3.638s][info][gc,phases      ] GC(54) Phase 3: Adjust pointers 1.633ms
[2026-05-06T01:32:13.084+0100][3.638s][info][gc,phases,start] GC(54) Phase 4: Compact heap
[2026-05-06T01:32:13.084+0100][3.638s][info][gc,phases      ] GC(54) Phase 4: Compact heap 0.248ms
[2026-05-06T01:32:13.084+0100][3.638s][info][gc,phases,start] GC(54) Phase 5: Reset Metadata
[2026-05-06T01:32:13.085+0100][3.639s][info][gc,phases      ] GC(54) Phase 5: Reset Metadata 0.322ms
[2026-05-06T01:32:13.085+0100][3.639s][info][gc,heap        ] GC(54) Eden regions: 13->0(216)
[2026-05-06T01:32:13.085+0100][3.639s][info][gc,heap        ] GC(54) Survivor regions: 0->0(26)
[2026-05-06T01:32:13.085+0100][3.639s][info][gc,heap        ] GC(54) Old regions: 12->12
[2026-05-06T01:32:13.085+0100][3.639s][info][gc,heap        ] GC(54) Humongous regions: 148->96
[2026-05-06T01:32:13.085+0100][3.639s][info][gc,metaspace   ] GC(54) Metaspace: 19095K(19456K)->19095K(19456K) NonClass: 16853K(17088K)->16853K(17088K) Class: 2241K(2368K)->2241K(2368K)
[2026-05-06T01:32:13.085+0100][3.639s][info][gc             ] GC(54) Pause Full (System.gc()) 332M->203M(720M) 5.537ms
[2026-05-06T01:32:13.085+0100][3.639s][info][gc,cpu         ] GC(54) User=0.02s Sys=0.00s Real=0.00s
[2026-05-06T01:32:13.114+0100][3.668s][info][gc,start       ] GC(55) Pause Full (System.gc())
[2026-05-06T01:32:13.114+0100][3.668s][info][gc,task        ] GC(55) Using 9 workers of 9 for full compaction
[2026-05-06T01:32:13.114+0100][3.668s][info][gc,phases,start] GC(55) Phase 1: Mark live objects
[2026-05-06T01:32:13.116+0100][3.670s][info][gc,phases      ] GC(55) Phase 1: Mark live objects 2.421ms
[2026-05-06T01:32:13.116+0100][3.670s][info][gc,phases,start] GC(55) Phase 2: Prepare compaction
[2026-05-06T01:32:13.117+0100][3.671s][info][gc,phases      ] GC(55) Phase 2: Prepare compaction 0.322ms
[2026-05-06T01:32:13.117+0100][3.671s][info][gc,phases,start] GC(55) Phase 3: Adjust pointers
[2026-05-06T01:32:13.119+0100][3.673s][info][gc,phases      ] GC(55) Phase 3: Adjust pointers 2.092ms
[2026-05-06T01:32:13.119+0100][3.673s][info][gc,phases,start] GC(55) Phase 4: Compact heap
[2026-05-06T01:32:13.119+0100][3.673s][info][gc,phases      ] GC(55) Phase 4: Compact heap 0.319ms
[2026-05-06T01:32:13.119+0100][3.673s][info][gc,phases,start] GC(55) Phase 5: Reset Metadata
[2026-05-06T01:32:13.119+0100][3.673s][info][gc,phases      ] GC(55) Phase 5: Reset Metadata 0.331ms
[2026-05-06T01:32:13.120+0100][3.674s][info][gc,heap        ] GC(55) Eden regions: 56->0(216)
[2026-05-06T01:32:13.120+0100][3.674s][info][gc,heap        ] GC(55) Survivor regions: 0->0(26)
[2026-05-06T01:32:13.120+0100][3.674s][info][gc,heap        ] GC(55) Old regions: 12->12
[2026-05-06T01:32:13.120+0100][3.674s][info][gc,heap        ] GC(55) Humongous regions: 148->96
[2026-05-06T01:32:13.120+0100][3.674s][info][gc,metaspace   ] GC(55) Metaspace: 19097K(19456K)->19097K(19456K) NonClass: 16855K(17088K)->16855K(17088K) Class: 2241K(2368K)->2241K(2368K)
[2026-05-06T01:32:13.120+0100][3.674s][info][gc             ] GC(55) Pause Full (System.gc()) 419M->203M(720M) 6.198ms
[2026-05-06T01:32:13.120+0100][3.674s][info][gc,cpu         ] GC(55) User=0.02s Sys=0.01s Real=0.01s
[2026-05-06T01:32:13.148+0100][3.702s][info][gc,start       ] GC(56) Pause Full (System.gc())
[2026-05-06T01:32:13.148+0100][3.702s][info][gc,task        ] GC(56) Using 9 workers of 9 for full compaction
[2026-05-06T01:32:13.148+0100][3.702s][info][gc,phases,start] GC(56) Phase 1: Mark live objects
[2026-05-06T01:32:13.152+0100][3.706s][info][gc,phases      ] GC(56) Phase 1: Mark live objects 3.404ms
[2026-05-06T01:32:13.152+0100][3.706s][info][gc,phases,start] GC(56) Phase 2: Prepare compaction
[2026-05-06T01:32:13.152+0100][3.706s][info][gc,phases      ] GC(56) Phase 2: Prepare compaction 0.333ms
[2026-05-06T01:32:13.152+0100][3.706s][info][gc,phases,start] GC(56) Phase 3: Adjust pointers
[2026-05-06T01:32:13.154+0100][3.708s][info][gc,phases      ] GC(56) Phase 3: Adjust pointers 1.690ms
[2026-05-06T01:32:13.154+0100][3.708s][info][gc,phases,start] GC(56) Phase 4: Compact heap
[2026-05-06T01:32:13.154+0100][3.708s][info][gc,phases      ] GC(56) Phase 4: Compact heap 0.313ms
[2026-05-06T01:32:13.154+0100][3.708s][info][gc,phases,start] GC(56) Phase 5: Reset Metadata
[2026-05-06T01:32:13.154+0100][3.708s][info][gc,phases      ] GC(56) Phase 5: Reset Metadata 0.330ms
[2026-05-06T01:32:13.155+0100][3.709s][info][gc,heap        ] GC(56) Eden regions: 44->0(216)
[2026-05-06T01:32:13.155+0100][3.709s][info][gc,heap        ] GC(56) Survivor regions: 0->0(26)
[2026-05-06T01:32:13.155+0100][3.709s][info][gc,heap        ] GC(56) Old regions: 12->12
[2026-05-06T01:32:13.155+0100][3.709s][info][gc,heap        ] GC(56) Humongous regions: 148->96
[2026-05-06T01:32:13.155+0100][3.709s][info][gc,metaspace   ] GC(56) Metaspace: 19106K(19456K)->19106K(19456K) NonClass: 16864K(17088K)->16864K(17088K) Class: 2241K(2368K)->2241K(2368K)
[2026-05-06T01:32:13.155+0100][3.709s][info][gc             ] GC(56) Pause Full (System.gc()) 395M->203M(720M) 6.699ms
[2026-05-06T01:32:13.155+0100][3.709s][info][gc,cpu         ] GC(56) User=0.03s Sys=0.01s Real=0.01s
[2026-05-06T01:32:13.182+0100][3.736s][info][gc,start       ] GC(57) Pause Full (System.gc())
[2026-05-06T01:32:13.182+0100][3.736s][info][gc,task        ] GC(57) Using 9 workers of 9 for full compaction
[2026-05-06T01:32:13.182+0100][3.736s][info][gc,phases,start] GC(57) Phase 1: Mark live objects
[2026-05-06T01:32:13.185+0100][3.739s][info][gc,phases      ] GC(57) Phase 1: Mark live objects 2.824ms
[2026-05-06T01:32:13.185+0100][3.739s][info][gc,phases,start] GC(57) Phase 2: Prepare compaction
[2026-05-06T01:32:13.186+0100][3.740s][info][gc,phases      ] GC(57) Phase 2: Prepare compaction 0.299ms
[2026-05-06T01:32:13.186+0100][3.740s][info][gc,phases,start] GC(57) Phase 3: Adjust pointers
[2026-05-06T01:32:13.188+0100][3.742s][info][gc,phases      ] GC(57) Phase 3: Adjust pointers 1.896ms
[2026-05-06T01:32:13.188+0100][3.742s][info][gc,phases,start] GC(57) Phase 4: Compact heap
[2026-05-06T01:32:13.188+0100][3.742s][info][gc,phases      ] GC(57) Phase 4: Compact heap 0.303ms
[2026-05-06T01:32:13.188+0100][3.742s][info][gc,phases,start] GC(57) Phase 5: Reset Metadata
[2026-05-06T01:32:13.188+0100][3.742s][info][gc,phases      ] GC(57) Phase 5: Reset Metadata 0.342ms
[2026-05-06T01:32:13.189+0100][3.743s][info][gc,heap        ] GC(57) Eden regions: 17->0(216)
[2026-05-06T01:32:13.189+0100][3.743s][info][gc,heap        ] GC(57) Survivor regions: 0->0(26)
[2026-05-06T01:32:13.189+0100][3.743s][info][gc,heap        ] GC(57) Old regions: 12->12
[2026-05-06T01:32:13.189+0100][3.743s][info][gc,heap        ] GC(57) Humongous regions: 148->96
[2026-05-06T01:32:13.189+0100][3.743s][info][gc,metaspace   ] GC(57) Metaspace: 19106K(19456K)->19106K(19456K) NonClass: 16864K(17088K)->16864K(17088K) Class: 2241K(2368K)->2241K(2368K)
[2026-05-06T01:32:13.189+0100][3.743s][info][gc             ] GC(57) Pause Full (System.gc()) 341M->203M(720M) 6.364ms
[2026-05-06T01:32:13.189+0100][3.743s][info][gc,cpu         ] GC(57) User=0.02s Sys=0.00s Real=0.00s
[2026-05-06T01:32:13.216+0100][3.770s][info][gc,start       ] GC(58) Pause Full (System.gc())
[2026-05-06T01:32:13.216+0100][3.770s][info][gc,task        ] GC(58) Using 9 workers of 9 for full compaction
[2026-05-06T01:32:13.216+0100][3.770s][info][gc,phases,start] GC(58) Phase 1: Mark live objects
[2026-05-06T01:32:13.218+0100][3.772s][info][gc,phases      ] GC(58) Phase 1: Mark live objects 2.409ms
[2026-05-06T01:32:13.218+0100][3.772s][info][gc,phases,start] GC(58) Phase 2: Prepare compaction
[2026-05-06T01:32:13.219+0100][3.773s][info][gc,phases      ] GC(58) Phase 2: Prepare compaction 0.362ms
[2026-05-06T01:32:13.219+0100][3.773s][info][gc,phases,start] GC(58) Phase 3: Adjust pointers
[2026-05-06T01:32:13.221+0100][3.775s][info][gc,phases      ] GC(58) Phase 3: Adjust pointers 1.851ms
[2026-05-06T01:32:13.221+0100][3.775s][info][gc,phases,start] GC(58) Phase 4: Compact heap
[2026-05-06T01:32:13.221+0100][3.775s][info][gc,phases      ] GC(58) Phase 4: Compact heap 0.301ms
[2026-05-06T01:32:13.221+0100][3.775s][info][gc,phases,start] GC(58) Phase 5: Reset Metadata
[2026-05-06T01:32:13.221+0100][3.775s][info][gc,phases      ] GC(58) Phase 5: Reset Metadata 0.340ms
[2026-05-06T01:32:13.222+0100][3.776s][info][gc,heap        ] GC(58) Eden regions: 74->0(216)
[2026-05-06T01:32:13.222+0100][3.776s][info][gc,heap        ] GC(58) Survivor regions: 0->0(26)
[2026-05-06T01:32:13.222+0100][3.776s][info][gc,heap        ] GC(58) Old regions: 12->12
[2026-05-06T01:32:13.222+0100][3.776s][info][gc,heap        ] GC(58) Humongous regions: 148->96
[2026-05-06T01:32:13.222+0100][3.776s][info][gc,metaspace   ] GC(58) Metaspace: 19106K(19456K)->19106K(19456K) NonClass: 16865K(17088K)->16865K(17088K) Class: 2241K(2368K)->2241K(2368K)
[2026-05-06T01:32:13.222+0100][3.776s][info][gc             ] GC(58) Pause Full (System.gc()) 455M->203M(720M) 5.996ms
[2026-05-06T01:32:13.222+0100][3.776s][info][gc,cpu         ] GC(58) User=0.02s Sys=0.01s Real=0.01s
[2026-05-06T01:32:13.249+0100][3.803s][info][gc,start       ] GC(59) Pause Full (System.gc())
[2026-05-06T01:32:13.249+0100][3.803s][info][gc,task        ] GC(59) Using 9 workers of 9 for full compaction
[2026-05-06T01:32:13.250+0100][3.804s][info][gc,phases,start] GC(59) Phase 1: Mark live objects
[2026-05-06T01:32:13.252+0100][3.806s][info][gc,phases      ] GC(59) Phase 1: Mark live objects 2.487ms
[2026-05-06T01:32:13.252+0100][3.806s][info][gc,phases,start] GC(59) Phase 2: Prepare compaction
[2026-05-06T01:32:13.252+0100][3.806s][info][gc,phases      ] GC(59) Phase 2: Prepare compaction 0.356ms
[2026-05-06T01:32:13.252+0100][3.806s][info][gc,phases,start] GC(59) Phase 3: Adjust pointers
[2026-05-06T01:32:13.254+0100][3.808s][info][gc,phases      ] GC(59) Phase 3: Adjust pointers 1.834ms
[2026-05-06T01:32:13.254+0100][3.808s][info][gc,phases,start] GC(59) Phase 4: Compact heap
[2026-05-06T01:32:13.255+0100][3.809s][info][gc,phases      ] GC(59) Phase 4: Compact heap 0.301ms
[2026-05-06T01:32:13.255+0100][3.809s][info][gc,phases,start] GC(59) Phase 5: Reset Metadata
[2026-05-06T01:32:13.255+0100][3.809s][info][gc,phases      ] GC(59) Phase 5: Reset Metadata 0.336ms
[2026-05-06T01:32:13.255+0100][3.809s][info][gc,heap        ] GC(59) Eden regions: 60->0(216)
[2026-05-06T01:32:13.255+0100][3.809s][info][gc,heap        ] GC(59) Survivor regions: 0->0(26)
[2026-05-06T01:32:13.255+0100][3.809s][info][gc,heap        ] GC(59) Old regions: 12->12
[2026-05-06T01:32:13.255+0100][3.809s][info][gc,heap        ] GC(59) Humongous regions: 148->96
[2026-05-06T01:32:13.255+0100][3.809s][info][gc,metaspace   ] GC(59) Metaspace: 19107K(19456K)->19107K(19456K) NonClass: 16865K(17088K)->16865K(17088K) Class: 2241K(2368K)->2241K(2368K)
[2026-05-06T01:32:13.256+0100][3.809s][info][gc             ] GC(59) Pause Full (System.gc()) 426M->203M(720M) 6.030ms
[2026-05-06T01:32:13.256+0100][3.810s][info][gc,cpu         ] GC(59) User=0.02s Sys=0.01s Real=0.01s
[2026-05-06T01:32:13.282+0100][3.836s][info][gc,start       ] GC(60) Pause Full (System.gc())
[2026-05-06T01:32:13.282+0100][3.836s][info][gc,task        ] GC(60) Using 9 workers of 9 for full compaction
[2026-05-06T01:32:13.283+0100][3.837s][info][gc,phases,start] GC(60) Phase 1: Mark live objects
[2026-05-06T01:32:13.285+0100][3.839s][info][gc,phases      ] GC(60) Phase 1: Mark live objects 2.395ms
[2026-05-06T01:32:13.285+0100][3.839s][info][gc,phases,start] GC(60) Phase 2: Prepare compaction
[2026-05-06T01:32:13.285+0100][3.839s][info][gc,phases      ] GC(60) Phase 2: Prepare compaction 0.383ms
[2026-05-06T01:32:13.285+0100][3.839s][info][gc,phases,start] GC(60) Phase 3: Adjust pointers
[2026-05-06T01:32:13.287+0100][3.841s][info][gc,phases      ] GC(60) Phase 3: Adjust pointers 1.933ms
[2026-05-06T01:32:13.287+0100][3.841s][info][gc,phases,start] GC(60) Phase 4: Compact heap
[2026-05-06T01:32:13.288+0100][3.842s][info][gc,phases      ] GC(60) Phase 4: Compact heap 0.291ms
[2026-05-06T01:32:13.288+0100][3.842s][info][gc,phases,start] GC(60) Phase 5: Reset Metadata
[2026-05-06T01:32:13.288+0100][3.842s][info][gc,phases      ] GC(60) Phase 5: Reset Metadata 0.365ms
[2026-05-06T01:32:13.289+0100][3.843s][info][gc,heap        ] GC(60) Eden regions: 25->0(216)
[2026-05-06T01:32:13.289+0100][3.843s][info][gc,heap        ] GC(60) Survivor regions: 0->0(26)
[2026-05-06T01:32:13.289+0100][3.843s][info][gc,heap        ] GC(60) Old regions: 12->12
[2026-05-06T01:32:13.289+0100][3.843s][info][gc,heap        ] GC(60) Humongous regions: 148->96
[2026-05-06T01:32:13.289+0100][3.843s][info][gc,metaspace   ] GC(60) Metaspace: 19110K(19456K)->19110K(19456K) NonClass: 16868K(17088K)->16868K(17088K) Class: 2241K(2368K)->2241K(2368K)
[2026-05-06T01:32:13.289+0100][3.843s][info][gc             ] GC(60) Pause Full (System.gc()) 356M->203M(720M) 6.180ms
[2026-05-06T01:32:13.289+0100][3.843s][info][gc,cpu         ] GC(60) User=0.02s Sys=0.01s Real=0.00s
[2026-05-06T01:32:13.316+0100][3.870s][info][gc,start       ] GC(61) Pause Full (System.gc())
[2026-05-06T01:32:13.316+0100][3.870s][info][gc,task        ] GC(61) Using 9 workers of 9 for full compaction
[2026-05-06T01:32:13.316+0100][3.870s][info][gc,phases,start] GC(61) Phase 1: Mark live objects
[2026-05-06T01:32:13.318+0100][3.872s][info][gc,phases      ] GC(61) Phase 1: Mark live objects 2.506ms
[2026-05-06T01:32:13.318+0100][3.872s][info][gc,phases,start] GC(61) Phase 2: Prepare compaction
[2026-05-06T01:32:13.319+0100][3.873s][info][gc,phases      ] GC(61) Phase 2: Prepare compaction 0.363ms
[2026-05-06T01:32:13.319+0100][3.873s][info][gc,phases,start] GC(61) Phase 3: Adjust pointers
[2026-05-06T01:32:13.321+0100][3.875s][info][gc,phases      ] GC(61) Phase 3: Adjust pointers 1.952ms
[2026-05-06T01:32:13.321+0100][3.875s][info][gc,phases,start] GC(61) Phase 4: Compact heap
[2026-05-06T01:32:13.321+0100][3.875s][info][gc,phases      ] GC(61) Phase 4: Compact heap 0.291ms
[2026-05-06T01:32:13.321+0100][3.875s][info][gc,phases,start] GC(61) Phase 5: Reset Metadata
[2026-05-06T01:32:13.321+0100][3.875s][info][gc,phases      ] GC(61) Phase 5: Reset Metadata 0.332ms
[2026-05-06T01:32:13.322+0100][3.876s][info][gc,heap        ] GC(61) Eden regions: 110->0(216)
[2026-05-06T01:32:13.322+0100][3.876s][info][gc,heap        ] GC(61) Survivor regions: 0->0(26)
[2026-05-06T01:32:13.322+0100][3.876s][info][gc,heap        ] GC(61) Old regions: 12->12
[2026-05-06T01:32:13.322+0100][3.876s][info][gc,heap        ] GC(61) Humongous regions: 148->96
[2026-05-06T01:32:13.322+0100][3.876s][info][gc,metaspace   ] GC(61) Metaspace: 19113K(19456K)->19113K(19456K) NonClass: 16871K(17088K)->16871K(17088K) Class: 2241K(2368K)->2241K(2368K)
[2026-05-06T01:32:13.322+0100][3.876s][info][gc             ] GC(61) Pause Full (System.gc()) 526M->203M(720M) 6.145ms
[2026-05-06T01:32:13.322+0100][3.876s][info][gc,cpu         ] GC(61) User=0.02s Sys=0.01s Real=0.01s
[2026-05-06T01:32:13.348+0100][3.902s][info][gc,start       ] GC(62) Pause Full (System.gc())
[2026-05-06T01:32:13.348+0100][3.902s][info][gc,task        ] GC(62) Using 9 workers of 9 for full compaction
[2026-05-06T01:32:13.348+0100][3.902s][info][gc,phases,start] GC(62) Phase 1: Mark live objects
[2026-05-06T01:32:13.351+0100][3.905s][info][gc,phases      ] GC(62) Phase 1: Mark live objects 2.742ms
[2026-05-06T01:32:13.351+0100][3.905s][info][gc,phases,start] GC(62) Phase 2: Prepare compaction
[2026-05-06T01:32:13.351+0100][3.905s][info][gc,phases      ] GC(62) Phase 2: Prepare compaction 0.348ms
[2026-05-06T01:32:13.351+0100][3.905s][info][gc,phases,start] GC(62) Phase 3: Adjust pointers
[2026-05-06T01:32:13.353+0100][3.907s][info][gc,phases      ] GC(62) Phase 3: Adjust pointers 1.908ms
[2026-05-06T01:32:13.353+0100][3.907s][info][gc,phases,start] GC(62) Phase 4: Compact heap
[2026-05-06T01:32:13.353+0100][3.907s][info][gc,phases      ] GC(62) Phase 4: Compact heap 0.269ms
[2026-05-06T01:32:13.353+0100][3.907s][info][gc,phases,start] GC(62) Phase 5: Reset Metadata
[2026-05-06T01:32:13.354+0100][3.907s][info][gc,phases      ] GC(62) Phase 5: Reset Metadata 0.331ms
[2026-05-06T01:32:13.354+0100][3.908s][info][gc,heap        ] GC(62) Eden regions: 61->0(216)
[2026-05-06T01:32:13.354+0100][3.908s][info][gc,heap        ] GC(62) Survivor regions: 0->0(26)
[2026-05-06T01:32:13.354+0100][3.908s][info][gc,heap        ] GC(62) Old regions: 12->12
[2026-05-06T01:32:13.354+0100][3.908s][info][gc,heap        ] GC(62) Humongous regions: 148->96
[2026-05-06T01:32:13.354+0100][3.908s][info][gc,metaspace   ] GC(62) Metaspace: 19114K(19456K)->19114K(19456K) NonClass: 16872K(17088K)->16872K(17088K) Class: 2241K(2368K)->2241K(2368K)
[2026-05-06T01:32:13.354+0100][3.908s][info][gc             ] GC(62) Pause Full (System.gc()) 428M->203M(720M) 6.316ms
[2026-05-06T01:32:13.354+0100][3.908s][info][gc,cpu         ] GC(62) User=0.03s Sys=0.01s Real=0.01s
[2026-05-06T01:32:13.377+0100][3.931s][info][gc,start       ] GC(63) Pause Full (System.gc())
[2026-05-06T01:32:13.377+0100][3.931s][info][gc,task        ] GC(63) Using 9 workers of 9 for full compaction
[2026-05-06T01:32:13.377+0100][3.931s][info][gc,phases,start] GC(63) Phase 1: Mark live objects
[2026-05-06T01:32:13.380+0100][3.934s][info][gc,phases      ] GC(63) Phase 1: Mark live objects 2.249ms
[2026-05-06T01:32:13.380+0100][3.934s][info][gc,phases,start] GC(63) Phase 2: Prepare compaction
[2026-05-06T01:32:13.380+0100][3.934s][info][gc,phases      ] GC(63) Phase 2: Prepare compaction 0.312ms
[2026-05-06T01:32:13.380+0100][3.934s][info][gc,phases,start] GC(63) Phase 3: Adjust pointers
[2026-05-06T01:32:13.382+0100][3.936s][info][gc,phases      ] GC(63) Phase 3: Adjust pointers 1.884ms
[2026-05-06T01:32:13.382+0100][3.936s][info][gc,phases,start] GC(63) Phase 4: Compact heap
[2026-05-06T01:32:13.382+0100][3.936s][info][gc,phases      ] GC(63) Phase 4: Compact heap 0.291ms
[2026-05-06T01:32:13.382+0100][3.936s][info][gc,phases,start] GC(63) Phase 5: Reset Metadata
[2026-05-06T01:32:13.383+0100][3.937s][info][gc,phases      ] GC(63) Phase 5: Reset Metadata 0.362ms
[2026-05-06T01:32:13.383+0100][3.937s][info][gc,heap        ] GC(63) Eden regions: 6->0(216)
[2026-05-06T01:32:13.383+0100][3.937s][info][gc,heap        ] GC(63) Survivor regions: 0->0(26)
[2026-05-06T01:32:13.383+0100][3.937s][info][gc,heap        ] GC(63) Old regions: 12->12
[2026-05-06T01:32:13.383+0100][3.937s][info][gc,heap        ] GC(63) Humongous regions: 148->96
[2026-05-06T01:32:13.383+0100][3.937s][info][gc,metaspace   ] GC(63) Metaspace: 19115K(19456K)->19115K(19456K) NonClass: 16873K(17088K)->16873K(17088K) Class: 2241K(2368K)->2241K(2368K)
[2026-05-06T01:32:13.383+0100][3.937s][info][gc             ] GC(63) Pause Full (System.gc()) 317M->203M(720M) 5.796ms
[2026-05-06T01:32:13.383+0100][3.937s][info][gc,cpu         ] GC(63) User=0.02s Sys=0.00s Real=0.01s
[2026-05-06T01:32:13.404+0100][3.958s][info][gc,start       ] GC(64) Pause Full (System.gc())
[2026-05-06T01:32:13.404+0100][3.958s][info][gc,task        ] GC(64) Using 9 workers of 9 for full compaction
[2026-05-06T01:32:13.404+0100][3.958s][info][gc,phases,start] GC(64) Phase 1: Mark live objects
[2026-05-06T01:32:13.407+0100][3.961s][info][gc,phases      ] GC(64) Phase 1: Mark live objects 2.237ms
[2026-05-06T01:32:13.407+0100][3.961s][info][gc,phases,start] GC(64) Phase 2: Prepare compaction
[2026-05-06T01:32:13.407+0100][3.961s][info][gc,phases      ] GC(64) Phase 2: Prepare compaction 0.304ms
[2026-05-06T01:32:13.407+0100][3.961s][info][gc,phases,start] GC(64) Phase 3: Adjust pointers
[2026-05-06T01:32:13.409+0100][3.963s][info][gc,phases      ] GC(64) Phase 3: Adjust pointers 1.803ms
[2026-05-06T01:32:13.409+0100][3.963s][info][gc,phases,start] GC(64) Phase 4: Compact heap
[2026-05-06T01:32:13.409+0100][3.963s][info][gc,phases      ] GC(64) Phase 4: Compact heap 0.258ms
[2026-05-06T01:32:13.409+0100][3.963s][info][gc,phases,start] GC(64) Phase 5: Reset Metadata
[2026-05-06T01:32:13.409+0100][3.963s][info][gc,phases      ] GC(64) Phase 5: Reset Metadata 0.329ms
[2026-05-06T01:32:13.410+0100][3.964s][info][gc,heap        ] GC(64) Eden regions: 5->0(216)
[2026-05-06T01:32:13.410+0100][3.964s][info][gc,heap        ] GC(64) Survivor regions: 0->0(26)
[2026-05-06T01:32:13.410+0100][3.964s][info][gc,heap        ] GC(64) Old regions: 12->12
[2026-05-06T01:32:13.410+0100][3.964s][info][gc,heap        ] GC(64) Humongous regions: 148->96
[2026-05-06T01:32:13.410+0100][3.964s][info][gc,metaspace   ] GC(64) Metaspace: 19127K(19456K)->19127K(19456K) NonClass: 16885K(17088K)->16885K(17088K) Class: 2241K(2368K)->2241K(2368K)
[2026-05-06T01:32:13.410+0100][3.964s][info][gc             ] GC(64) Pause Full (System.gc()) 315M->203M(720M) 5.596ms
[2026-05-06T01:32:13.410+0100][3.964s][info][gc,cpu         ] GC(64) User=0.03s Sys=0.01s Real=0.01s
[2026-05-06T01:32:13.444+0100][3.998s][info][gc,start       ] GC(65) Pause Young (Concurrent Start) (G1 Humongous Allocation)
[2026-05-06T01:32:13.444+0100][3.998s][info][gc,task        ] GC(65) Using 9 workers of 9 for evacuation
[2026-05-06T01:32:13.444+0100][3.998s][info][gc,phases      ] GC(65)   Pre Evacuate Collection Set: 0.1ms
[2026-05-06T01:32:13.444+0100][3.998s][info][gc,phases      ] GC(65)   Merge Heap Roots: 0.0ms
[2026-05-06T01:32:13.444+0100][3.998s][info][gc,phases      ] GC(65)   Evacuate Collection Set: 0.2ms
[2026-05-06T01:32:13.444+0100][3.998s][info][gc,phases      ] GC(65)   Post Evacuate Collection Set: 0.1ms
[2026-05-06T01:32:13.444+0100][3.998s][info][gc,phases      ] GC(65)   Other: 0.0ms
[2026-05-06T01:32:13.444+0100][3.998s][info][gc,heap        ] GC(65) Eden regions: 4->0(215)
[2026-05-06T01:32:13.444+0100][3.998s][info][gc,heap        ] GC(65) Survivor regions: 0->1(27)
[2026-05-06T01:32:13.444+0100][3.998s][info][gc,heap        ] GC(65) Old regions: 12->12
[2026-05-06T01:32:13.444+0100][3.998s][info][gc,heap        ] GC(65) Humongous regions: 136->96
[2026-05-06T01:32:13.444+0100][3.998s][info][gc,metaspace   ] GC(65) Metaspace: 19127K(19456K)->19127K(19456K) NonClass: 16885K(17088K)->16885K(17088K) Class: 2241K(2368K)->2241K(2368K)
[2026-05-06T01:32:13.444+0100][3.998s][info][gc             ] GC(65) Pause Young (Concurrent Start) (G1 Humongous Allocation) 290M->203M(720M) 0.561ms
[2026-05-06T01:32:13.444+0100][3.998s][info][gc,cpu         ] GC(65) User=0.00s Sys=0.00s Real=0.00s
[2026-05-06T01:32:13.444+0100][3.998s][info][gc             ] GC(66) Concurrent Undo Cycle
[2026-05-06T01:32:13.444+0100][3.998s][info][gc,marking     ] GC(66) Concurrent Clear Claimed Marks
[2026-05-06T01:32:13.444+0100][3.998s][info][gc,marking     ] GC(66) Concurrent Clear Claimed Marks 0.009ms
[2026-05-06T01:32:13.444+0100][3.998s][info][gc,marking     ] GC(66) Concurrent Cleanup for Next Mark
[2026-05-06T01:32:13.444+0100][3.998s][info][gc,marking     ] GC(66) Concurrent Cleanup for Next Mark 0.033ms
[2026-05-06T01:32:13.444+0100][3.998s][info][gc             ] GC(66) Concurrent Undo Cycle 0.072ms
[2026-05-06T01:32:13.514+0100][4.068s][info][gc,start       ] GC(67) Pause Young (Concurrent Start) (G1 Humongous Allocation)
[2026-05-06T01:32:13.514+0100][4.068s][info][gc,task        ] GC(67) Using 9 workers of 9 for evacuation
[2026-05-06T01:32:13.514+0100][4.068s][info][gc,phases      ] GC(67)   Pre Evacuate Collection Set: 0.1ms
[2026-05-06T01:32:13.514+0100][4.068s][info][gc,phases      ] GC(67)   Merge Heap Roots: 0.0ms
[2026-05-06T01:32:13.514+0100][4.068s][info][gc,phases      ] GC(67)   Evacuate Collection Set: 0.1ms
[2026-05-06T01:32:13.514+0100][4.068s][info][gc,phases      ] GC(67)   Post Evacuate Collection Set: 0.1ms
[2026-05-06T01:32:13.514+0100][4.068s][info][gc,phases      ] GC(67)   Other: 0.0ms
[2026-05-06T01:32:13.514+0100][4.068s][info][gc,heap        ] GC(67) Eden regions: 1->0(215)
[2026-05-06T01:32:13.514+0100][4.068s][info][gc,heap        ] GC(67) Survivor regions: 1->1(27)
[2026-05-06T01:32:13.514+0100][4.068s][info][gc,heap        ] GC(67) Old regions: 12->12
[2026-05-06T01:32:13.514+0100][4.068s][info][gc,heap        ] GC(67) Humongous regions: 134->96
[2026-05-06T01:32:13.514+0100][4.068s][info][gc,metaspace   ] GC(67) Metaspace: 19127K(19456K)->19127K(19456K) NonClass: 16885K(17088K)->16885K(17088K) Class: 2241K(2368K)->2241K(2368K)
[2026-05-06T01:32:13.514+0100][4.068s][info][gc             ] GC(67) Pause Young (Concurrent Start) (G1 Humongous Allocation) 280M->203M(720M) 0.499ms
[2026-05-06T01:32:13.514+0100][4.068s][info][gc,cpu         ] GC(67) User=0.00s Sys=0.00s Real=0.00s
[2026-05-06T01:32:13.514+0100][4.068s][info][gc             ] GC(68) Concurrent Undo Cycle
[2026-05-06T01:32:13.514+0100][4.068s][info][gc,marking     ] GC(68) Concurrent Clear Claimed Marks
[2026-05-06T01:32:13.514+0100][4.068s][info][gc,marking     ] GC(68) Concurrent Clear Claimed Marks 0.007ms
[2026-05-06T01:32:13.514+0100][4.068s][info][gc,marking     ] GC(68) Concurrent Cleanup for Next Mark
[2026-05-06T01:32:13.514+0100][4.068s][info][gc,marking     ] GC(68) Concurrent Cleanup for Next Mark 0.029ms
[2026-05-06T01:32:13.514+0100][4.068s][info][gc             ] GC(68) Concurrent Undo Cycle 0.061ms
[2026-05-06T01:32:13.534+0100][4.088s][info][gc,start       ] GC(69) Pause Full (System.gc())
[2026-05-06T01:32:13.534+0100][4.088s][info][gc,task        ] GC(69) Using 9 workers of 9 for full compaction
[2026-05-06T01:32:13.534+0100][4.088s][info][gc,phases,start] GC(69) Phase 1: Mark live objects
[2026-05-06T01:32:13.536+0100][4.090s][info][gc,phases      ] GC(69) Phase 1: Mark live objects 2.342ms
[2026-05-06T01:32:13.536+0100][4.090s][info][gc,phases,start] GC(69) Phase 2: Prepare compaction
[2026-05-06T01:32:13.537+0100][4.091s][info][gc,phases      ] GC(69) Phase 2: Prepare compaction 0.286ms
[2026-05-06T01:32:13.537+0100][4.091s][info][gc,phases,start] GC(69) Phase 3: Adjust pointers
[2026-05-06T01:32:13.538+0100][4.092s][info][gc,phases      ] GC(69) Phase 3: Adjust pointers 1.691ms
[2026-05-06T01:32:13.538+0100][4.092s][info][gc,phases,start] GC(69) Phase 4: Compact heap
[2026-05-06T01:32:13.539+0100][4.092s][info][gc,phases      ] GC(69) Phase 4: Compact heap 0.242ms
[2026-05-06T01:32:13.539+0100][4.093s][info][gc,phases,start] GC(69) Phase 5: Reset Metadata
[2026-05-06T01:32:13.539+0100][4.093s][info][gc,phases      ] GC(69) Phase 5: Reset Metadata 0.318ms
[2026-05-06T01:32:13.539+0100][4.093s][info][gc,heap        ] GC(69) Eden regions: 1->0(216)
[2026-05-06T01:32:13.539+0100][4.093s][info][gc,heap        ] GC(69) Survivor regions: 1->0(27)
[2026-05-06T01:32:13.539+0100][4.093s][info][gc,heap        ] GC(69) Old regions: 12->12
[2026-05-06T01:32:13.539+0100][4.093s][info][gc,heap        ] GC(69) Humongous regions: 115->96
[2026-05-06T01:32:13.539+0100][4.093s][info][gc,metaspace   ] GC(69) Metaspace: 19127K(19456K)->19127K(19456K) NonClass: 16885K(17088K)->16885K(17088K) Class: 2241K(2368K)->2241K(2368K)
[2026-05-06T01:32:13.539+0100][4.093s][info][gc             ] GC(69) Pause Full (System.gc()) 242M->203M(720M) 5.455ms
[2026-05-06T01:32:13.539+0100][4.093s][info][gc,cpu         ] GC(69) User=0.02s Sys=0.01s Real=0.00s
[2026-05-06T01:32:13.624+0100][4.178s][info][gc,start       ] GC(70) Pause Young (Concurrent Start) (G1 Humongous Allocation)
[2026-05-06T01:32:13.624+0100][4.178s][info][gc,task        ] GC(70) Using 9 workers of 9 for evacuation
[2026-05-06T01:32:13.624+0100][4.178s][info][gc,phases      ] GC(70)   Pre Evacuate Collection Set: 0.1ms
[2026-05-06T01:32:13.624+0100][4.178s][info][gc,phases      ] GC(70)   Merge Heap Roots: 0.0ms
[2026-05-06T01:32:13.624+0100][4.178s][info][gc,phases      ] GC(70)   Evacuate Collection Set: 0.2ms
[2026-05-06T01:32:13.624+0100][4.178s][info][gc,phases      ] GC(70)   Post Evacuate Collection Set: 0.1ms
[2026-05-06T01:32:13.624+0100][4.178s][info][gc,phases      ] GC(70)   Other: 0.0ms
[2026-05-06T01:32:13.624+0100][4.178s][info][gc,heap        ] GC(70) Eden regions: 1->0(215)
[2026-05-06T01:32:13.624+0100][4.178s][info][gc,heap        ] GC(70) Survivor regions: 0->1(27)
[2026-05-06T01:32:13.624+0100][4.178s][info][gc,heap        ] GC(70) Old regions: 12->12
[2026-05-06T01:32:13.624+0100][4.178s][info][gc,heap        ] GC(70) Humongous regions: 134->96
[2026-05-06T01:32:13.624+0100][4.178s][info][gc,metaspace   ] GC(70) Metaspace: 19127K(19456K)->19127K(19456K) NonClass: 16885K(17088K)->16885K(17088K) Class: 2241K(2368K)->2241K(2368K)
[2026-05-06T01:32:13.624+0100][4.178s][info][gc             ] GC(70) Pause Young (Concurrent Start) (G1 Humongous Allocation) 280M->203M(720M) 0.562ms
[2026-05-06T01:32:13.624+0100][4.178s][info][gc,cpu         ] GC(70) User=0.00s Sys=0.00s Real=0.00s
[2026-05-06T01:32:13.624+0100][4.178s][info][gc             ] GC(71) Concurrent Undo Cycle
[2026-05-06T01:32:13.624+0100][4.178s][info][gc,marking     ] GC(71) Concurrent Clear Claimed Marks
[2026-05-06T01:32:13.624+0100][4.178s][info][gc,marking     ] GC(71) Concurrent Clear Claimed Marks 0.007ms
[2026-05-06T01:32:13.624+0100][4.178s][info][gc,marking     ] GC(71) Concurrent Cleanup for Next Mark
[2026-05-06T01:32:13.624+0100][4.178s][info][gc,marking     ] GC(71) Concurrent Cleanup for Next Mark 0.032ms
[2026-05-06T01:32:13.624+0100][4.178s][info][gc             ] GC(71) Concurrent Undo Cycle 0.061ms
[2026-05-06T01:32:13.694+0100][4.248s][info][gc,start       ] GC(72) Pause Young (Concurrent Start) (G1 Humongous Allocation)
[2026-05-06T01:32:13.694+0100][4.248s][info][gc,task        ] GC(72) Using 9 workers of 9 for evacuation
[2026-05-06T01:32:13.695+0100][4.249s][info][gc,phases      ] GC(72)   Pre Evacuate Collection Set: 0.1ms
[2026-05-06T01:32:13.695+0100][4.249s][info][gc,phases      ] GC(72)   Merge Heap Roots: 0.0ms
[2026-05-06T01:32:13.695+0100][4.249s][info][gc,phases      ] GC(72)   Evacuate Collection Set: 0.1ms
[2026-05-06T01:32:13.695+0100][4.249s][info][gc,phases      ] GC(72)   Post Evacuate Collection Set: 0.1ms
[2026-05-06T01:32:13.695+0100][4.249s][info][gc,phases      ] GC(72)   Other: 0.0ms
[2026-05-06T01:32:13.695+0100][4.249s][info][gc,heap        ] GC(72) Eden regions: 1->0(215)
[2026-05-06T01:32:13.695+0100][4.249s][info][gc,heap        ] GC(72) Survivor regions: 1->1(27)
[2026-05-06T01:32:13.695+0100][4.249s][info][gc,heap        ] GC(72) Old regions: 12->12
[2026-05-06T01:32:13.695+0100][4.249s][info][gc,heap        ] GC(72) Humongous regions: 134->96
[2026-05-06T01:32:13.695+0100][4.249s][info][gc,metaspace   ] GC(72) Metaspace: 19127K(19456K)->19127K(19456K) NonClass: 16885K(17088K)->16885K(17088K) Class: 2241K(2368K)->2241K(2368K)
[2026-05-06T01:32:13.695+0100][4.249s][info][gc             ] GC(72) Pause Young (Concurrent Start) (G1 Humongous Allocation) 280M->203M(720M) 0.446ms
[2026-05-06T01:32:13.695+0100][4.249s][info][gc,cpu         ] GC(72) User=0.00s Sys=0.00s Real=0.00s
[2026-05-06T01:32:13.695+0100][4.249s][info][gc             ] GC(73) Concurrent Undo Cycle
[2026-05-06T01:32:13.695+0100][4.249s][info][gc,marking     ] GC(73) Concurrent Clear Claimed Marks
[2026-05-06T01:32:13.695+0100][4.249s][info][gc,marking     ] GC(73) Concurrent Clear Claimed Marks 0.007ms
[2026-05-06T01:32:13.695+0100][4.249s][info][gc,marking     ] GC(73) Concurrent Cleanup for Next Mark
[2026-05-06T01:32:13.695+0100][4.249s][info][gc,marking     ] GC(73) Concurrent Cleanup for Next Mark 0.032ms
[2026-05-06T01:32:13.695+0100][4.249s][info][gc             ] GC(73) Concurrent Undo Cycle 0.062ms
[2026-05-06T01:32:13.764+0100][4.318s][info][gc,start       ] GC(74) Pause Young (Concurrent Start) (G1 Humongous Allocation)
[2026-05-06T01:32:13.764+0100][4.318s][info][gc,task        ] GC(74) Using 9 workers of 9 for evacuation
[2026-05-06T01:32:13.765+0100][4.319s][info][gc,phases      ] GC(74)   Pre Evacuate Collection Set: 0.1ms
[2026-05-06T01:32:13.765+0100][4.319s][info][gc,phases      ] GC(74)   Merge Heap Roots: 0.0ms
[2026-05-06T01:32:13.765+0100][4.319s][info][gc,phases      ] GC(74)   Evacuate Collection Set: 0.1ms
[2026-05-06T01:32:13.765+0100][4.319s][info][gc,phases      ] GC(74)   Post Evacuate Collection Set: 0.1ms
[2026-05-06T01:32:13.765+0100][4.319s][info][gc,phases      ] GC(74)   Other: 0.0ms
[2026-05-06T01:32:13.765+0100][4.319s][info][gc,heap        ] GC(74) Eden regions: 1->0(215)
[2026-05-06T01:32:13.765+0100][4.319s][info][gc,heap        ] GC(74) Survivor regions: 1->1(27)
[2026-05-06T01:32:13.765+0100][4.319s][info][gc,heap        ] GC(74) Old regions: 12->12
[2026-05-06T01:32:13.765+0100][4.319s][info][gc,heap        ] GC(74) Humongous regions: 134->96
[2026-05-06T01:32:13.765+0100][4.319s][info][gc,metaspace   ] GC(74) Metaspace: 19127K(19456K)->19127K(19456K) NonClass: 16885K(17088K)->16885K(17088K) Class: 2241K(2368K)->2241K(2368K)
[2026-05-06T01:32:13.765+0100][4.319s][info][gc             ] GC(74) Pause Young (Concurrent Start) (G1 Humongous Allocation) 280M->203M(720M) 0.492ms
[2026-05-06T01:32:13.765+0100][4.319s][info][gc,cpu         ] GC(74) User=0.00s Sys=0.00s Real=0.00s
[2026-05-06T01:32:13.765+0100][4.319s][info][gc             ] GC(75) Concurrent Undo Cycle
[2026-05-06T01:32:13.765+0100][4.319s][info][gc,marking     ] GC(75) Concurrent Clear Claimed Marks
[2026-05-06T01:32:13.765+0100][4.319s][info][gc,marking     ] GC(75) Concurrent Clear Claimed Marks 0.007ms
[2026-05-06T01:32:13.765+0100][4.319s][info][gc,marking     ] GC(75) Concurrent Cleanup for Next Mark
[2026-05-06T01:32:13.765+0100][4.319s][info][gc,marking     ] GC(75) Concurrent Cleanup for Next Mark 0.036ms
[2026-05-06T01:32:13.765+0100][4.319s][info][gc             ] GC(75) Concurrent Undo Cycle 0.066ms
[2026-05-06T01:32:13.834+0100][4.388s][info][gc,start       ] GC(76) Pause Young (Concurrent Start) (G1 Humongous Allocation)
[2026-05-06T01:32:13.834+0100][4.388s][info][gc,task        ] GC(76) Using 9 workers of 9 for evacuation
[2026-05-06T01:32:13.834+0100][4.388s][info][gc,phases      ] GC(76)   Pre Evacuate Collection Set: 0.1ms
[2026-05-06T01:32:13.834+0100][4.388s][info][gc,phases      ] GC(76)   Merge Heap Roots: 0.0ms
[2026-05-06T01:32:13.834+0100][4.388s][info][gc,phases      ] GC(76)   Evacuate Collection Set: 0.2ms
[2026-05-06T01:32:13.834+0100][4.388s][info][gc,phases      ] GC(76)   Post Evacuate Collection Set: 0.1ms
[2026-05-06T01:32:13.834+0100][4.388s][info][gc,phases      ] GC(76)   Other: 0.0ms
[2026-05-06T01:32:13.834+0100][4.388s][info][gc,heap        ] GC(76) Eden regions: 1->0(215)
[2026-05-06T01:32:13.834+0100][4.388s][info][gc,heap        ] GC(76) Survivor regions: 1->1(27)
[2026-05-06T01:32:13.834+0100][4.388s][info][gc,heap        ] GC(76) Old regions: 12->12
[2026-05-06T01:32:13.834+0100][4.388s][info][gc,heap        ] GC(76) Humongous regions: 134->96
[2026-05-06T01:32:13.834+0100][4.388s][info][gc,metaspace   ] GC(76) Metaspace: 19127K(19456K)->19127K(19456K) NonClass: 16885K(17088K)->16885K(17088K) Class: 2241K(2368K)->2241K(2368K)
[2026-05-06T01:32:13.834+0100][4.388s][info][gc             ] GC(76) Pause Young (Concurrent Start) (G1 Humongous Allocation) 280M->203M(720M) 0.511ms
[2026-05-06T01:32:13.834+0100][4.388s][info][gc,cpu         ] GC(76) User=0.00s Sys=0.00s Real=0.00s
[2026-05-06T01:32:13.834+0100][4.388s][info][gc             ] GC(77) Concurrent Undo Cycle
[2026-05-06T01:32:13.834+0100][4.388s][info][gc,marking     ] GC(77) Concurrent Clear Claimed Marks
[2026-05-06T01:32:13.834+0100][4.388s][info][gc,marking     ] GC(77) Concurrent Clear Claimed Marks 0.007ms
[2026-05-06T01:32:13.834+0100][4.388s][info][gc,marking     ] GC(77) Concurrent Cleanup for Next Mark
[2026-05-06T01:32:13.834+0100][4.388s][info][gc,marking     ] GC(77) Concurrent Cleanup for Next Mark 0.028ms
[2026-05-06T01:32:13.834+0100][4.388s][info][gc             ] GC(77) Concurrent Undo Cycle 0.072ms
[2026-05-06T01:32:13.904+0100][4.458s][info][gc,start       ] GC(78) Pause Young (Concurrent Start) (G1 Humongous Allocation)
[2026-05-06T01:32:13.904+0100][4.458s][info][gc,task        ] GC(78) Using 9 workers of 9 for evacuation
[2026-05-06T01:32:13.905+0100][4.459s][info][gc,phases      ] GC(78)   Pre Evacuate Collection Set: 0.1ms
[2026-05-06T01:32:13.905+0100][4.459s][info][gc,phases      ] GC(78)   Merge Heap Roots: 0.0ms
[2026-05-06T01:32:13.905+0100][4.459s][info][gc,phases      ] GC(78)   Evacuate Collection Set: 0.2ms
[2026-05-06T01:32:13.905+0100][4.459s][info][gc,phases      ] GC(78)   Post Evacuate Collection Set: 0.1ms
[2026-05-06T01:32:13.905+0100][4.459s][info][gc,phases      ] GC(78)   Other: 0.0ms
[2026-05-06T01:32:13.905+0100][4.459s][info][gc,heap        ] GC(78) Eden regions: 1->0(215)
[2026-05-06T01:32:13.905+0100][4.459s][info][gc,heap        ] GC(78) Survivor regions: 1->1(27)
[2026-05-06T01:32:13.905+0100][4.459s][info][gc,heap        ] GC(78) Old regions: 12->12
[2026-05-06T01:32:13.905+0100][4.459s][info][gc,heap        ] GC(78) Humongous regions: 134->96
[2026-05-06T01:32:13.905+0100][4.459s][info][gc,metaspace   ] GC(78) Metaspace: 19127K(19456K)->19127K(19456K) NonClass: 16885K(17088K)->16885K(17088K) Class: 2241K(2368K)->2241K(2368K)
[2026-05-06T01:32:13.905+0100][4.459s][info][gc             ] GC(78) Pause Young (Concurrent Start) (G1 Humongous Allocation) 280M->203M(720M) 0.528ms
[2026-05-06T01:32:13.905+0100][4.459s][info][gc,cpu         ] GC(78) User=0.00s Sys=0.01s Real=0.00s
[2026-05-06T01:32:13.905+0100][4.459s][info][gc             ] GC(79) Concurrent Undo Cycle
[2026-05-06T01:32:13.905+0100][4.459s][info][gc,marking     ] GC(79) Concurrent Clear Claimed Marks
[2026-05-06T01:32:13.905+0100][4.459s][info][gc,marking     ] GC(79) Concurrent Clear Claimed Marks 0.007ms
[2026-05-06T01:32:13.905+0100][4.459s][info][gc,marking     ] GC(79) Concurrent Cleanup for Next Mark
[2026-05-06T01:32:13.905+0100][4.459s][info][gc,marking     ] GC(79) Concurrent Cleanup for Next Mark 0.027ms
[2026-05-06T01:32:13.905+0100][4.459s][info][gc             ] GC(79) Concurrent Undo Cycle 0.061ms
[2026-05-06T01:32:13.983+0100][4.537s][info][gc,start       ] GC(80) Pause Young (Concurrent Start) (G1 Humongous Allocation)
[2026-05-06T01:32:13.983+0100][4.537s][info][gc,task        ] GC(80) Using 9 workers of 9 for evacuation
[2026-05-06T01:32:13.983+0100][4.537s][info][gc,phases      ] GC(80)   Pre Evacuate Collection Set: 0.1ms
[2026-05-06T01:32:13.983+0100][4.537s][info][gc,phases      ] GC(80)   Merge Heap Roots: 0.0ms
[2026-05-06T01:32:13.983+0100][4.537s][info][gc,phases      ] GC(80)   Evacuate Collection Set: 0.1ms
[2026-05-06T01:32:13.983+0100][4.537s][info][gc,phases      ] GC(80)   Post Evacuate Collection Set: 0.1ms
[2026-05-06T01:32:13.983+0100][4.537s][info][gc,phases      ] GC(80)   Other: 0.0ms
[2026-05-06T01:32:13.983+0100][4.537s][info][gc,heap        ] GC(80) Eden regions: 1->0(215)
[2026-05-06T01:32:13.983+0100][4.537s][info][gc,heap        ] GC(80) Survivor regions: 1->1(27)
[2026-05-06T01:32:13.983+0100][4.537s][info][gc,heap        ] GC(80) Old regions: 12->12
[2026-05-06T01:32:13.983+0100][4.537s][info][gc,heap        ] GC(80) Humongous regions: 134->96
[2026-05-06T01:32:13.983+0100][4.537s][info][gc,metaspace   ] GC(80) Metaspace: 19127K(19456K)->19127K(19456K) NonClass: 16885K(17088K)->16885K(17088K) Class: 2241K(2368K)->2241K(2368K)
[2026-05-06T01:32:13.983+0100][4.537s][info][gc             ] GC(80) Pause Young (Concurrent Start) (G1 Humongous Allocation) 280M->203M(720M) 0.523ms
[2026-05-06T01:32:13.983+0100][4.537s][info][gc,cpu         ] GC(80) User=0.00s Sys=0.00s Real=0.00s
[2026-05-06T01:32:13.983+0100][4.537s][info][gc             ] GC(81) Concurrent Undo Cycle
[2026-05-06T01:32:13.983+0100][4.537s][info][gc,marking     ] GC(81) Concurrent Clear Claimed Marks
[2026-05-06T01:32:13.983+0100][4.537s][info][gc,marking     ] GC(81) Concurrent Clear Claimed Marks 0.007ms
[2026-05-06T01:32:13.983+0100][4.537s][info][gc,marking     ] GC(81) Concurrent Cleanup for Next Mark
[2026-05-06T01:32:13.983+0100][4.537s][info][gc,marking     ] GC(81) Concurrent Cleanup for Next Mark 0.027ms
[2026-05-06T01:32:13.983+0100][4.537s][info][gc             ] GC(81) Concurrent Undo Cycle 0.077ms
[2026-05-06T01:32:14.006+0100][4.560s][info][gc,start       ] GC(82) Pause Full (System.gc())
[2026-05-06T01:32:14.006+0100][4.560s][info][gc,task        ] GC(82) Using 9 workers of 9 for full compaction
[2026-05-06T01:32:14.006+0100][4.560s][info][gc,phases,start] GC(82) Phase 1: Mark live objects
[2026-05-06T01:32:14.009+0100][4.563s][info][gc,phases      ] GC(82) Phase 1: Mark live objects 2.289ms
[2026-05-06T01:32:14.009+0100][4.563s][info][gc,phases,start] GC(82) Phase 2: Prepare compaction
[2026-05-06T01:32:14.009+0100][4.563s][info][gc,phases      ] GC(82) Phase 2: Prepare compaction 0.311ms
[2026-05-06T01:32:14.009+0100][4.563s][info][gc,phases,start] GC(82) Phase 3: Adjust pointers
[2026-05-06T01:32:14.011+0100][4.565s][info][gc,phases      ] GC(82) Phase 3: Adjust pointers 1.725ms
[2026-05-06T01:32:14.011+0100][4.565s][info][gc,phases,start] GC(82) Phase 4: Compact heap
[2026-05-06T01:32:14.011+0100][4.565s][info][gc,phases      ] GC(82) Phase 4: Compact heap 0.251ms
[2026-05-06T01:32:14.011+0100][4.565s][info][gc,phases,start] GC(82) Phase 5: Reset Metadata
[2026-05-06T01:32:14.011+0100][4.565s][info][gc,phases      ] GC(82) Phase 5: Reset Metadata 0.326ms
[2026-05-06T01:32:14.012+0100][4.566s][info][gc,heap        ] GC(82) Eden regions: 1->0(216)
[2026-05-06T01:32:14.012+0100][4.566s][info][gc,heap        ] GC(82) Survivor regions: 1->0(27)
[2026-05-06T01:32:14.012+0100][4.566s][info][gc,heap        ] GC(82) Old regions: 12->12
[2026-05-06T01:32:14.012+0100][4.566s][info][gc,heap        ] GC(82) Humongous regions: 115->96
[2026-05-06T01:32:14.012+0100][4.566s][info][gc,metaspace   ] GC(82) Metaspace: 19127K(19456K)->19127K(19456K) NonClass: 16885K(17088K)->16885K(17088K) Class: 2241K(2368K)->2241K(2368K)
[2026-05-06T01:32:14.012+0100][4.566s][info][gc             ] GC(82) Pause Full (System.gc()) 242M->203M(720M) 5.504ms
[2026-05-06T01:32:14.012+0100][4.566s][info][gc,cpu         ] GC(82) User=0.02s Sys=0.00s Real=0.01s
[2026-05-06T01:32:14.103+0100][4.657s][info][gc,start       ] GC(83) Pause Young (Concurrent Start) (G1 Humongous Allocation)
[2026-05-06T01:32:14.103+0100][4.657s][info][gc,task        ] GC(83) Using 9 workers of 9 for evacuation
[2026-05-06T01:32:14.104+0100][4.658s][info][gc,phases      ] GC(83)   Pre Evacuate Collection Set: 0.1ms
[2026-05-06T01:32:14.104+0100][4.658s][info][gc,phases      ] GC(83)   Merge Heap Roots: 0.0ms
[2026-05-06T01:32:14.104+0100][4.658s][info][gc,phases      ] GC(83)   Evacuate Collection Set: 0.2ms
[2026-05-06T01:32:14.104+0100][4.658s][info][gc,phases      ] GC(83)   Post Evacuate Collection Set: 0.1ms
[2026-05-06T01:32:14.104+0100][4.658s][info][gc,phases      ] GC(83)   Other: 0.0ms
[2026-05-06T01:32:14.104+0100][4.658s][info][gc,heap        ] GC(83) Eden regions: 1->0(215)
[2026-05-06T01:32:14.104+0100][4.658s][info][gc,heap        ] GC(83) Survivor regions: 0->1(27)
[2026-05-06T01:32:14.104+0100][4.658s][info][gc,heap        ] GC(83) Old regions: 12->12
[2026-05-06T01:32:14.104+0100][4.658s][info][gc,heap        ] GC(83) Humongous regions: 134->96
[2026-05-06T01:32:14.104+0100][4.658s][info][gc,metaspace   ] GC(83) Metaspace: 19127K(19456K)->19127K(19456K) NonClass: 16885K(17088K)->16885K(17088K) Class: 2241K(2368K)->2241K(2368K)
[2026-05-06T01:32:14.104+0100][4.658s][info][gc             ] GC(83) Pause Young (Concurrent Start) (G1 Humongous Allocation) 280M->203M(720M) 0.508ms
[2026-05-06T01:32:14.104+0100][4.658s][info][gc,cpu         ] GC(83) User=0.00s Sys=0.00s Real=0.00s
[2026-05-06T01:32:14.104+0100][4.658s][info][gc             ] GC(84) Concurrent Undo Cycle
[2026-05-06T01:32:14.104+0100][4.658s][info][gc,marking     ] GC(84) Concurrent Clear Claimed Marks
[2026-05-06T01:32:14.104+0100][4.658s][info][gc,marking     ] GC(84) Concurrent Clear Claimed Marks 0.007ms
[2026-05-06T01:32:14.104+0100][4.658s][info][gc,marking     ] GC(84) Concurrent Cleanup for Next Mark
[2026-05-06T01:32:14.104+0100][4.658s][info][gc,marking     ] GC(84) Concurrent Cleanup for Next Mark 0.034ms
[2026-05-06T01:32:14.104+0100][4.658s][info][gc             ] GC(84) Concurrent Undo Cycle 0.069ms
[2026-05-06T01:32:14.181+0100][4.735s][info][gc,start       ] GC(85) Pause Young (Concurrent Start) (G1 Humongous Allocation)
[2026-05-06T01:32:14.181+0100][4.735s][info][gc,task        ] GC(85) Using 9 workers of 9 for evacuation
[2026-05-06T01:32:14.181+0100][4.735s][info][gc,phases      ] GC(85)   Pre Evacuate Collection Set: 0.1ms
[2026-05-06T01:32:14.181+0100][4.735s][info][gc,phases      ] GC(85)   Merge Heap Roots: 0.0ms
[2026-05-06T01:32:14.181+0100][4.735s][info][gc,phases      ] GC(85)   Evacuate Collection Set: 0.2ms
[2026-05-06T01:32:14.182+0100][4.735s][info][gc,phases      ] GC(85)   Post Evacuate Collection Set: 0.1ms
[2026-05-06T01:32:14.182+0100][4.735s][info][gc,phases      ] GC(85)   Other: 0.0ms
[2026-05-06T01:32:14.182+0100][4.735s][info][gc,heap        ] GC(85) Eden regions: 1->0(215)
[2026-05-06T01:32:14.182+0100][4.735s][info][gc,heap        ] GC(85) Survivor regions: 1->1(27)
[2026-05-06T01:32:14.182+0100][4.735s][info][gc,heap        ] GC(85) Old regions: 12->12
[2026-05-06T01:32:14.182+0100][4.735s][info][gc,heap        ] GC(85) Humongous regions: 134->96
[2026-05-06T01:32:14.182+0100][4.736s][info][gc,metaspace   ] GC(85) Metaspace: 19127K(19456K)->19127K(19456K) NonClass: 16885K(17088K)->16885K(17088K) Class: 2241K(2368K)->2241K(2368K)
[2026-05-06T01:32:14.182+0100][4.736s][info][gc             ] GC(85) Pause Young (Concurrent Start) (G1 Humongous Allocation) 280M->203M(720M) 0.572ms
[2026-05-06T01:32:14.182+0100][4.736s][info][gc,cpu         ] GC(85) User=0.00s Sys=0.01s Real=0.00s
[2026-05-06T01:32:14.182+0100][4.736s][info][gc             ] GC(86) Concurrent Undo Cycle
[2026-05-06T01:32:14.182+0100][4.736s][info][gc,marking     ] GC(86) Concurrent Clear Claimed Marks
[2026-05-06T01:32:14.182+0100][4.736s][info][gc,marking     ] GC(86) Concurrent Clear Claimed Marks 0.007ms
[2026-05-06T01:32:14.182+0100][4.736s][info][gc,marking     ] GC(86) Concurrent Cleanup for Next Mark
[2026-05-06T01:32:14.182+0100][4.736s][info][gc,marking     ] GC(86) Concurrent Cleanup for Next Mark 0.028ms
[2026-05-06T01:32:14.182+0100][4.736s][info][gc             ] GC(86) Concurrent Undo Cycle 0.062ms
[2026-05-06T01:32:14.259+0100][4.813s][info][gc,start       ] GC(87) Pause Young (Concurrent Start) (G1 Humongous Allocation)
[2026-05-06T01:32:14.259+0100][4.813s][info][gc,task        ] GC(87) Using 9 workers of 9 for evacuation
[2026-05-06T01:32:14.259+0100][4.813s][info][gc,phases      ] GC(87)   Pre Evacuate Collection Set: 0.1ms
[2026-05-06T01:32:14.259+0100][4.813s][info][gc,phases      ] GC(87)   Merge Heap Roots: 0.0ms
[2026-05-06T01:32:14.259+0100][4.813s][info][gc,phases      ] GC(87)   Evacuate Collection Set: 0.1ms
[2026-05-06T01:32:14.259+0100][4.813s][info][gc,phases      ] GC(87)   Post Evacuate Collection Set: 0.1ms
[2026-05-06T01:32:14.259+0100][4.813s][info][gc,phases      ] GC(87)   Other: 0.0ms
[2026-05-06T01:32:14.259+0100][4.813s][info][gc,heap        ] GC(87) Eden regions: 1->0(215)
[2026-05-06T01:32:14.259+0100][4.813s][info][gc,heap        ] GC(87) Survivor regions: 1->1(27)
[2026-05-06T01:32:14.259+0100][4.813s][info][gc,heap        ] GC(87) Old regions: 12->12
[2026-05-06T01:32:14.259+0100][4.813s][info][gc,heap        ] GC(87) Humongous regions: 134->96
[2026-05-06T01:32:14.259+0100][4.813s][info][gc,metaspace   ] GC(87) Metaspace: 19127K(19456K)->19127K(19456K) NonClass: 16885K(17088K)->16885K(17088K) Class: 2241K(2368K)->2241K(2368K)
[2026-05-06T01:32:14.259+0100][4.813s][info][gc             ] GC(87) Pause Young (Concurrent Start) (G1 Humongous Allocation) 280M->203M(720M) 0.480ms
[2026-05-06T01:32:14.259+0100][4.813s][info][gc,cpu         ] GC(87) User=0.00s Sys=0.00s Real=0.00s
[2026-05-06T01:32:14.259+0100][4.813s][info][gc             ] GC(88) Concurrent Undo Cycle
[2026-05-06T01:32:14.259+0100][4.813s][info][gc,marking     ] GC(88) Concurrent Clear Claimed Marks
[2026-05-06T01:32:14.259+0100][4.813s][info][gc,marking     ] GC(88) Concurrent Clear Claimed Marks 0.011ms
[2026-05-06T01:32:14.259+0100][4.813s][info][gc,marking     ] GC(88) Concurrent Cleanup for Next Mark
[2026-05-06T01:32:14.259+0100][4.813s][info][gc,marking     ] GC(88) Concurrent Cleanup for Next Mark 0.026ms
[2026-05-06T01:32:14.259+0100][4.813s][info][gc             ] GC(88) Concurrent Undo Cycle 0.064ms
[2026-05-06T01:32:14.335+0100][4.889s][info][gc,start       ] GC(89) Pause Young (Concurrent Start) (G1 Humongous Allocation)
[2026-05-06T01:32:14.335+0100][4.889s][info][gc,task        ] GC(89) Using 9 workers of 9 for evacuation
[2026-05-06T01:32:14.336+0100][4.890s][info][gc,phases      ] GC(89)   Pre Evacuate Collection Set: 0.1ms
[2026-05-06T01:32:14.336+0100][4.890s][info][gc,phases      ] GC(89)   Merge Heap Roots: 0.0ms
[2026-05-06T01:32:14.336+0100][4.890s][info][gc,phases      ] GC(89)   Evacuate Collection Set: 0.1ms
[2026-05-06T01:32:14.336+0100][4.890s][info][gc,phases      ] GC(89)   Post Evacuate Collection Set: 0.1ms
[2026-05-06T01:32:14.336+0100][4.890s][info][gc,phases      ] GC(89)   Other: 0.0ms
[2026-05-06T01:32:14.336+0100][4.890s][info][gc,heap        ] GC(89) Eden regions: 1->0(215)
[2026-05-06T01:32:14.336+0100][4.890s][info][gc,heap        ] GC(89) Survivor regions: 1->1(27)
[2026-05-06T01:32:14.336+0100][4.890s][info][gc,heap        ] GC(89) Old regions: 12->12
[2026-05-06T01:32:14.336+0100][4.890s][info][gc,heap        ] GC(89) Humongous regions: 134->96
[2026-05-06T01:32:14.336+0100][4.890s][info][gc,metaspace   ] GC(89) Metaspace: 19127K(19456K)->19127K(19456K) NonClass: 16885K(17088K)->16885K(17088K) Class: 2241K(2368K)->2241K(2368K)
[2026-05-06T01:32:14.336+0100][4.890s][info][gc             ] GC(89) Pause Young (Concurrent Start) (G1 Humongous Allocation) 280M->203M(720M) 0.492ms
[2026-05-06T01:32:14.336+0100][4.890s][info][gc,cpu         ] GC(89) User=0.00s Sys=0.00s Real=0.00s
[2026-05-06T01:32:14.336+0100][4.890s][info][gc             ] GC(90) Concurrent Undo Cycle
[2026-05-06T01:32:14.336+0100][4.890s][info][gc,marking     ] GC(90) Concurrent Clear Claimed Marks
[2026-05-06T01:32:14.336+0100][4.890s][info][gc,marking     ] GC(90) Concurrent Clear Claimed Marks 0.007ms
[2026-05-06T01:32:14.336+0100][4.890s][info][gc,marking     ] GC(90) Concurrent Cleanup for Next Mark
[2026-05-06T01:32:14.336+0100][4.890s][info][gc,marking     ] GC(90) Concurrent Cleanup for Next Mark 0.029ms
[2026-05-06T01:32:14.336+0100][4.890s][info][gc             ] GC(90) Concurrent Undo Cycle 0.065ms
[2026-05-06T01:32:14.412+0100][4.966s][info][gc,start       ] GC(91) Pause Young (Concurrent Start) (G1 Humongous Allocation)
[2026-05-06T01:32:14.412+0100][4.966s][info][gc,task        ] GC(91) Using 9 workers of 9 for evacuation
[2026-05-06T01:32:14.413+0100][4.967s][info][gc,phases      ] GC(91)   Pre Evacuate Collection Set: 0.1ms
[2026-05-06T01:32:14.413+0100][4.967s][info][gc,phases      ] GC(91)   Merge Heap Roots: 0.0ms
[2026-05-06T01:32:14.413+0100][4.967s][info][gc,phases      ] GC(91)   Evacuate Collection Set: 0.2ms
[2026-05-06T01:32:14.413+0100][4.967s][info][gc,phases      ] GC(91)   Post Evacuate Collection Set: 0.1ms
[2026-05-06T01:32:14.413+0100][4.967s][info][gc,phases      ] GC(91)   Other: 0.0ms
[2026-05-06T01:32:14.413+0100][4.967s][info][gc,heap        ] GC(91) Eden regions: 1->0(215)
[2026-05-06T01:32:14.413+0100][4.967s][info][gc,heap        ] GC(91) Survivor regions: 1->1(27)
[2026-05-06T01:32:14.413+0100][4.967s][info][gc,heap        ] GC(91) Old regions: 12->12
[2026-05-06T01:32:14.413+0100][4.967s][info][gc,heap        ] GC(91) Humongous regions: 134->96
[2026-05-06T01:32:14.413+0100][4.967s][info][gc,metaspace   ] GC(91) Metaspace: 19127K(19456K)->19127K(19456K) NonClass: 16885K(17088K)->16885K(17088K) Class: 2241K(2368K)->2241K(2368K)
[2026-05-06T01:32:14.413+0100][4.967s][info][gc             ] GC(91) Pause Young (Concurrent Start) (G1 Humongous Allocation) 281M->203M(720M) 0.564ms
[2026-05-06T01:32:14.413+0100][4.967s][info][gc,cpu         ] GC(91) User=0.00s Sys=0.00s Real=0.00s
[2026-05-06T01:32:14.413+0100][4.967s][info][gc             ] GC(92) Concurrent Undo Cycle
[2026-05-06T01:32:14.413+0100][4.967s][info][gc,marking     ] GC(92) Concurrent Clear Claimed Marks
[2026-05-06T01:32:14.413+0100][4.967s][info][gc,marking     ] GC(92) Concurrent Clear Claimed Marks 0.013ms
[2026-05-06T01:32:14.413+0100][4.967s][info][gc,marking     ] GC(92) Concurrent Cleanup for Next Mark
[2026-05-06T01:32:14.413+0100][4.967s][info][gc,marking     ] GC(92) Concurrent Cleanup for Next Mark 0.039ms
[2026-05-06T01:32:14.413+0100][4.967s][info][gc             ] GC(92) Concurrent Undo Cycle 0.080ms
[2026-05-06T01:32:14.489+0100][5.043s][info][gc,start       ] GC(93) Pause Young (Concurrent Start) (G1 Humongous Allocation)
[2026-05-06T01:32:14.489+0100][5.043s][info][gc,task        ] GC(93) Using 9 workers of 9 for evacuation
[2026-05-06T01:32:14.489+0100][5.043s][info][gc,phases      ] GC(93)   Pre Evacuate Collection Set: 0.1ms
[2026-05-06T01:32:14.489+0100][5.043s][info][gc,phases      ] GC(93)   Merge Heap Roots: 0.0ms
[2026-05-06T01:32:14.489+0100][5.043s][info][gc,phases      ] GC(93)   Evacuate Collection Set: 0.2ms
[2026-05-06T01:32:14.489+0100][5.043s][info][gc,phases      ] GC(93)   Post Evacuate Collection Set: 0.1ms
[2026-05-06T01:32:14.489+0100][5.043s][info][gc,phases      ] GC(93)   Other: 0.0ms
[2026-05-06T01:32:14.489+0100][5.043s][info][gc,heap        ] GC(93) Eden regions: 2->0(215)
[2026-05-06T01:32:14.489+0100][5.043s][info][gc,heap        ] GC(93) Survivor regions: 1->1(27)
[2026-05-06T01:32:14.489+0100][5.043s][info][gc,heap        ] GC(93) Old regions: 12->12
[2026-05-06T01:32:14.489+0100][5.043s][info][gc,heap        ] GC(93) Humongous regions: 134->96
[2026-05-06T01:32:14.489+0100][5.043s][info][gc,metaspace   ] GC(93) Metaspace: 19127K(19456K)->19127K(19456K) NonClass: 16885K(17088K)->16885K(17088K) Class: 2241K(2368K)->2241K(2368K)
[2026-05-06T01:32:14.489+0100][5.043s][info][gc             ] GC(93) Pause Young (Concurrent Start) (G1 Humongous Allocation) 283M->203M(720M) 0.539ms
[2026-05-06T01:32:14.489+0100][5.043s][info][gc,cpu         ] GC(93) User=0.00s Sys=0.00s Real=0.00s
[2026-05-06T01:32:14.489+0100][5.043s][info][gc             ] GC(94) Concurrent Undo Cycle
[2026-05-06T01:32:14.489+0100][5.043s][info][gc,marking     ] GC(94) Concurrent Clear Claimed Marks
[2026-05-06T01:32:14.489+0100][5.043s][info][gc,marking     ] GC(94) Concurrent Clear Claimed Marks 0.007ms
[2026-05-06T01:32:14.489+0100][5.043s][info][gc,marking     ] GC(94) Concurrent Cleanup for Next Mark
[2026-05-06T01:32:14.489+0100][5.043s][info][gc,marking     ] GC(94) Concurrent Cleanup for Next Mark 0.038ms
[2026-05-06T01:32:14.489+0100][5.043s][info][gc             ] GC(94) Concurrent Undo Cycle 0.076ms
[2026-05-06T01:32:14.513+0100][5.067s][info][gc,start       ] GC(95) Pause Full (System.gc())
[2026-05-06T01:32:14.513+0100][5.067s][info][gc,task        ] GC(95) Using 9 workers of 9 for full compaction
[2026-05-06T01:32:14.513+0100][5.067s][info][gc,phases,start] GC(95) Phase 1: Mark live objects
[2026-05-06T01:32:14.515+0100][5.069s][info][gc,phases      ] GC(95) Phase 1: Mark live objects 2.299ms
[2026-05-06T01:32:14.515+0100][5.069s][info][gc,phases,start] GC(95) Phase 2: Prepare compaction
[2026-05-06T01:32:14.516+0100][5.070s][info][gc,phases      ] GC(95) Phase 2: Prepare compaction 0.299ms
[2026-05-06T01:32:14.516+0100][5.070s][info][gc,phases,start] GC(95) Phase 3: Adjust pointers
[2026-05-06T01:32:14.518+0100][5.072s][info][gc,phases      ] GC(95) Phase 3: Adjust pointers 1.848ms
[2026-05-06T01:32:14.518+0100][5.072s][info][gc,phases,start] GC(95) Phase 4: Compact heap
[2026-05-06T01:32:14.518+0100][5.072s][info][gc,phases      ] GC(95) Phase 4: Compact heap 0.253ms
[2026-05-06T01:32:14.518+0100][5.072s][info][gc,phases,start] GC(95) Phase 5: Reset Metadata
[2026-05-06T01:32:14.518+0100][5.072s][info][gc,phases      ] GC(95) Phase 5: Reset Metadata 0.322ms
[2026-05-06T01:32:14.519+0100][5.073s][info][gc,heap        ] GC(95) Eden regions: 1->0(216)
[2026-05-06T01:32:14.519+0100][5.073s][info][gc,heap        ] GC(95) Survivor regions: 1->0(27)
[2026-05-06T01:32:14.519+0100][5.073s][info][gc,heap        ] GC(95) Old regions: 12->12
[2026-05-06T01:32:14.519+0100][5.073s][info][gc,heap        ] GC(95) Humongous regions: 115->96
[2026-05-06T01:32:14.519+0100][5.073s][info][gc,metaspace   ] GC(95) Metaspace: 19127K(19456K)->19127K(19456K) NonClass: 16885K(17088K)->16885K(17088K) Class: 2241K(2368K)->2241K(2368K)
[2026-05-06T01:32:14.519+0100][5.073s][info][gc             ] GC(95) Pause Full (System.gc()) 243M->203M(720M) 5.626ms
[2026-05-06T01:32:14.519+0100][5.073s][info][gc,cpu         ] GC(95) User=0.02s Sys=0.01s Real=0.00s
[2026-05-06T01:32:14.609+0100][5.163s][info][gc,start       ] GC(96) Pause Young (Concurrent Start) (G1 Humongous Allocation)
[2026-05-06T01:32:14.609+0100][5.163s][info][gc,task        ] GC(96) Using 9 workers of 9 for evacuation
[2026-05-06T01:32:14.610+0100][5.163s][info][gc,phases      ] GC(96)   Pre Evacuate Collection Set: 0.1ms
[2026-05-06T01:32:14.610+0100][5.163s][info][gc,phases      ] GC(96)   Merge Heap Roots: 0.0ms
[2026-05-06T01:32:14.610+0100][5.163s][info][gc,phases      ] GC(96)   Evacuate Collection Set: 0.2ms
[2026-05-06T01:32:14.610+0100][5.163s][info][gc,phases      ] GC(96)   Post Evacuate Collection Set: 0.1ms
[2026-05-06T01:32:14.610+0100][5.163s][info][gc,phases      ] GC(96)   Other: 0.0ms
[2026-05-06T01:32:14.610+0100][5.164s][info][gc,heap        ] GC(96) Eden regions: 2->0(215)
[2026-05-06T01:32:14.610+0100][5.164s][info][gc,heap        ] GC(96) Survivor regions: 0->1(27)
[2026-05-06T01:32:14.610+0100][5.164s][info][gc,heap        ] GC(96) Old regions: 12->12
[2026-05-06T01:32:14.610+0100][5.164s][info][gc,heap        ] GC(96) Humongous regions: 134->96
[2026-05-06T01:32:14.610+0100][5.164s][info][gc,metaspace   ] GC(96) Metaspace: 19127K(19456K)->19127K(19456K) NonClass: 16885K(17088K)->16885K(17088K) Class: 2241K(2368K)->2241K(2368K)
[2026-05-06T01:32:14.610+0100][5.164s][info][gc             ] GC(96) Pause Young (Concurrent Start) (G1 Humongous Allocation) 283M->203M(720M) 0.491ms
[2026-05-06T01:32:14.610+0100][5.164s][info][gc,cpu         ] GC(96) User=0.00s Sys=0.00s Real=0.01s
[2026-05-06T01:32:14.610+0100][5.164s][info][gc             ] GC(97) Concurrent Undo Cycle
[2026-05-06T01:32:14.610+0100][5.164s][info][gc,marking     ] GC(97) Concurrent Clear Claimed Marks
[2026-05-06T01:32:14.610+0100][5.164s][info][gc,marking     ] GC(97) Concurrent Clear Claimed Marks 0.007ms
[2026-05-06T01:32:14.610+0100][5.164s][info][gc,marking     ] GC(97) Concurrent Cleanup for Next Mark
[2026-05-06T01:32:14.610+0100][5.164s][info][gc,marking     ] GC(97) Concurrent Cleanup for Next Mark 0.038ms
[2026-05-06T01:32:14.610+0100][5.164s][info][gc             ] GC(97) Concurrent Undo Cycle 0.071ms
[2026-05-06T01:32:14.685+0100][5.239s][info][gc,start       ] GC(98) Pause Young (Concurrent Start) (G1 Humongous Allocation)
[2026-05-06T01:32:14.685+0100][5.239s][info][gc,task        ] GC(98) Using 9 workers of 9 for evacuation
[2026-05-06T01:32:14.686+0100][5.240s][info][gc,phases      ] GC(98)   Pre Evacuate Collection Set: 0.1ms
[2026-05-06T01:32:14.686+0100][5.240s][info][gc,phases      ] GC(98)   Merge Heap Roots: 0.0ms
[2026-05-06T01:32:14.686+0100][5.240s][info][gc,phases      ] GC(98)   Evacuate Collection Set: 0.1ms
[2026-05-06T01:32:14.686+0100][5.240s][info][gc,phases      ] GC(98)   Post Evacuate Collection Set: 0.1ms
[2026-05-06T01:32:14.686+0100][5.240s][info][gc,phases      ] GC(98)   Other: 0.0ms
[2026-05-06T01:32:14.686+0100][5.240s][info][gc,heap        ] GC(98) Eden regions: 2->0(215)
[2026-05-06T01:32:14.686+0100][5.240s][info][gc,heap        ] GC(98) Survivor regions: 1->1(27)
[2026-05-06T01:32:14.686+0100][5.240s][info][gc,heap        ] GC(98) Old regions: 12->12
[2026-05-06T01:32:14.686+0100][5.240s][info][gc,heap        ] GC(98) Humongous regions: 134->96
[2026-05-06T01:32:14.686+0100][5.240s][info][gc,metaspace   ] GC(98) Metaspace: 19127K(19456K)->19127K(19456K) NonClass: 16885K(17088K)->16885K(17088K) Class: 2241K(2368K)->2241K(2368K)
[2026-05-06T01:32:14.686+0100][5.240s][info][gc             ] GC(98) Pause Young (Concurrent Start) (G1 Humongous Allocation) 282M->203M(720M) 0.495ms
[2026-05-06T01:32:14.686+0100][5.240s][info][gc,cpu         ] GC(98) User=0.00s Sys=0.00s Real=0.00s
[2026-05-06T01:32:14.686+0100][5.240s][info][gc             ] GC(99) Concurrent Undo Cycle
[2026-05-06T01:32:14.686+0100][5.240s][info][gc,marking     ] GC(99) Concurrent Clear Claimed Marks
[2026-05-06T01:32:14.686+0100][5.240s][info][gc,marking     ] GC(99) Concurrent Clear Claimed Marks 0.007ms
[2026-05-06T01:32:14.686+0100][5.240s][info][gc,marking     ] GC(99) Concurrent Cleanup for Next Mark
[2026-05-06T01:32:14.686+0100][5.240s][info][gc,marking     ] GC(99) Concurrent Cleanup for Next Mark 0.021ms
[2026-05-06T01:32:14.686+0100][5.240s][info][gc             ] GC(99) Concurrent Undo Cycle 0.052ms
[2026-05-06T01:32:14.761+0100][5.315s][info][gc,start       ] GC(100) Pause Young (Concurrent Start) (G1 Humongous Allocation)
[2026-05-06T01:32:14.762+0100][5.315s][info][gc,task        ] GC(100) Using 9 workers of 9 for evacuation
[2026-05-06T01:32:14.762+0100][5.316s][info][gc,phases      ] GC(100)   Pre Evacuate Collection Set: 0.1ms
[2026-05-06T01:32:14.762+0100][5.316s][info][gc,phases      ] GC(100)   Merge Heap Roots: 0.0ms
[2026-05-06T01:32:14.762+0100][5.316s][info][gc,phases      ] GC(100)   Evacuate Collection Set: 0.1ms
[2026-05-06T01:32:14.762+0100][5.316s][info][gc,phases      ] GC(100)   Post Evacuate Collection Set: 0.1ms
[2026-05-06T01:32:14.762+0100][5.316s][info][gc,phases      ] GC(100)   Other: 0.0ms
[2026-05-06T01:32:14.762+0100][5.316s][info][gc,heap        ] GC(100) Eden regions: 2->0(215)
[2026-05-06T01:32:14.762+0100][5.316s][info][gc,heap        ] GC(100) Survivor regions: 1->1(27)
[2026-05-06T01:32:14.762+0100][5.316s][info][gc,heap        ] GC(100) Old regions: 12->12
[2026-05-06T01:32:14.762+0100][5.316s][info][gc,heap        ] GC(100) Humongous regions: 134->96
[2026-05-06T01:32:14.762+0100][5.316s][info][gc,metaspace   ] GC(100) Metaspace: 19127K(19456K)->19127K(19456K) NonClass: 16885K(17088K)->16885K(17088K) Class: 2241K(2368K)->2241K(2368K)
[2026-05-06T01:32:14.762+0100][5.316s][info][gc             ] GC(100) Pause Young (Concurrent Start) (G1 Humongous Allocation) 283M->203M(720M) 0.499ms
[2026-05-06T01:32:14.762+0100][5.316s][info][gc,cpu         ] GC(100) User=0.00s Sys=0.00s Real=0.00s
[2026-05-06T01:32:14.762+0100][5.316s][info][gc             ] GC(101) Concurrent Undo Cycle
[2026-05-06T01:32:14.762+0100][5.316s][info][gc,marking     ] GC(101) Concurrent Clear Claimed Marks
[2026-05-06T01:32:14.762+0100][5.316s][info][gc,marking     ] GC(101) Concurrent Clear Claimed Marks 0.012ms
[2026-05-06T01:32:14.762+0100][5.316s][info][gc,marking     ] GC(101) Concurrent Cleanup for Next Mark
[2026-05-06T01:32:14.762+0100][5.316s][info][gc,marking     ] GC(101) Concurrent Cleanup for Next Mark 0.029ms
[2026-05-06T01:32:14.762+0100][5.316s][info][gc             ] GC(101) Concurrent Undo Cycle 0.069ms
[2026-05-06T01:32:14.838+0100][5.392s][info][gc,start       ] GC(102) Pause Young (Concurrent Start) (G1 Humongous Allocation)
[2026-05-06T01:32:14.838+0100][5.392s][info][gc,task        ] GC(102) Using 9 workers of 9 for evacuation
[2026-05-06T01:32:14.838+0100][5.392s][info][gc,phases      ] GC(102)   Pre Evacuate Collection Set: 0.1ms
[2026-05-06T01:32:14.838+0100][5.392s][info][gc,phases      ] GC(102)   Merge Heap Roots: 0.0ms
[2026-05-06T01:32:14.838+0100][5.392s][info][gc,phases      ] GC(102)   Evacuate Collection Set: 0.1ms
[2026-05-06T01:32:14.838+0100][5.392s][info][gc,phases      ] GC(102)   Post Evacuate Collection Set: 0.1ms
[2026-05-06T01:32:14.838+0100][5.392s][info][gc,phases      ] GC(102)   Other: 0.0ms
[2026-05-06T01:32:14.838+0100][5.392s][info][gc,heap        ] GC(102) Eden regions: 2->0(215)
[2026-05-06T01:32:14.838+0100][5.392s][info][gc,heap        ] GC(102) Survivor regions: 1->1(27)
[2026-05-06T01:32:14.838+0100][5.392s][info][gc,heap        ] GC(102) Old regions: 12->12
[2026-05-06T01:32:14.838+0100][5.392s][info][gc,heap        ] GC(102) Humongous regions: 134->96
[2026-05-06T01:32:14.838+0100][5.392s][info][gc,metaspace   ] GC(102) Metaspace: 19127K(19456K)->19127K(19456K) NonClass: 16885K(17088K)->16885K(17088K) Class: 2241K(2368K)->2241K(2368K)
[2026-05-06T01:32:14.838+0100][5.392s][info][gc             ] GC(102) Pause Young (Concurrent Start) (G1 Humongous Allocation) 283M->203M(720M) 0.462ms
[2026-05-06T01:32:14.838+0100][5.392s][info][gc,cpu         ] GC(102) User=0.00s Sys=0.00s Real=0.00s
[2026-05-06T01:32:14.838+0100][5.392s][info][gc             ] GC(103) Concurrent Undo Cycle
[2026-05-06T01:32:14.838+0100][5.392s][info][gc,marking     ] GC(103) Concurrent Clear Claimed Marks
[2026-05-06T01:32:14.838+0100][5.392s][info][gc,marking     ] GC(103) Concurrent Clear Claimed Marks 0.006ms
[2026-05-06T01:32:14.838+0100][5.392s][info][gc,marking     ] GC(103) Concurrent Cleanup for Next Mark
[2026-05-06T01:32:14.838+0100][5.392s][info][gc,marking     ] GC(103) Concurrent Cleanup for Next Mark 0.029ms
[2026-05-06T01:32:14.838+0100][5.392s][info][gc             ] GC(103) Concurrent Undo Cycle 0.059ms
[2026-05-06T01:32:14.914+0100][5.468s][info][gc,start       ] GC(104) Pause Young (Concurrent Start) (G1 Humongous Allocation)
[2026-05-06T01:32:14.914+0100][5.468s][info][gc,task        ] GC(104) Using 9 workers of 9 for evacuation
[2026-05-06T01:32:14.914+0100][5.468s][info][gc,phases      ] GC(104)   Pre Evacuate Collection Set: 0.1ms
[2026-05-06T01:32:14.914+0100][5.468s][info][gc,phases      ] GC(104)   Merge Heap Roots: 0.0ms
[2026-05-06T01:32:14.914+0100][5.468s][info][gc,phases      ] GC(104)   Evacuate Collection Set: 0.2ms
[2026-05-06T01:32:14.914+0100][5.468s][info][gc,phases      ] GC(104)   Post Evacuate Collection Set: 0.1ms
[2026-05-06T01:32:14.914+0100][5.468s][info][gc,phases      ] GC(104)   Other: 0.0ms
[2026-05-06T01:32:14.914+0100][5.468s][info][gc,heap        ] GC(104) Eden regions: 2->0(215)
[2026-05-06T01:32:14.914+0100][5.468s][info][gc,heap        ] GC(104) Survivor regions: 1->1(27)
[2026-05-06T01:32:14.914+0100][5.468s][info][gc,heap        ] GC(104) Old regions: 12->12
[2026-05-06T01:32:14.914+0100][5.468s][info][gc,heap        ] GC(104) Humongous regions: 134->96
[2026-05-06T01:32:14.914+0100][5.468s][info][gc,metaspace   ] GC(104) Metaspace: 19127K(19456K)->19127K(19456K) NonClass: 16885K(17088K)->16885K(17088K) Class: 2241K(2368K)->2241K(2368K)
[2026-05-06T01:32:14.914+0100][5.468s][info][gc             ] GC(104) Pause Young (Concurrent Start) (G1 Humongous Allocation) 283M->203M(720M) 0.496ms
[2026-05-06T01:32:14.914+0100][5.468s][info][gc,cpu         ] GC(104) User=0.00s Sys=0.00s Real=0.00s
[2026-05-06T01:32:14.914+0100][5.468s][info][gc             ] GC(105) Concurrent Undo Cycle
[2026-05-06T01:32:14.914+0100][5.468s][info][gc,marking     ] GC(105) Concurrent Clear Claimed Marks
[2026-05-06T01:32:14.914+0100][5.468s][info][gc,marking     ] GC(105) Concurrent Clear Claimed Marks 0.007ms
[2026-05-06T01:32:14.914+0100][5.468s][info][gc,marking     ] GC(105) Concurrent Cleanup for Next Mark
[2026-05-06T01:32:14.914+0100][5.468s][info][gc,marking     ] GC(105) Concurrent Cleanup for Next Mark 0.026ms
[2026-05-06T01:32:14.914+0100][5.468s][info][gc             ] GC(105) Concurrent Undo Cycle 0.062ms
[2026-05-06T01:32:14.990+0100][5.544s][info][gc,start       ] GC(106) Pause Young (Concurrent Start) (G1 Humongous Allocation)
[2026-05-06T01:32:14.990+0100][5.544s][info][gc,task        ] GC(106) Using 9 workers of 9 for evacuation
[2026-05-06T01:32:14.990+0100][5.544s][info][gc,phases      ] GC(106)   Pre Evacuate Collection Set: 0.1ms
[2026-05-06T01:32:14.990+0100][5.544s][info][gc,phases      ] GC(106)   Merge Heap Roots: 0.0ms
[2026-05-06T01:32:14.990+0100][5.544s][info][gc,phases      ] GC(106)   Evacuate Collection Set: 0.1ms
[2026-05-06T01:32:14.990+0100][5.544s][info][gc,phases      ] GC(106)   Post Evacuate Collection Set: 0.1ms
[2026-05-06T01:32:14.990+0100][5.544s][info][gc,phases      ] GC(106)   Other: 0.0ms
[2026-05-06T01:32:14.990+0100][5.544s][info][gc,heap        ] GC(106) Eden regions: 2->0(215)
[2026-05-06T01:32:14.990+0100][5.544s][info][gc,heap        ] GC(106) Survivor regions: 1->1(27)
[2026-05-06T01:32:14.990+0100][5.544s][info][gc,heap        ] GC(106) Old regions: 12->12
[2026-05-06T01:32:14.990+0100][5.544s][info][gc,heap        ] GC(106) Humongous regions: 134->96
[2026-05-06T01:32:14.990+0100][5.544s][info][gc,metaspace   ] GC(106) Metaspace: 19127K(19456K)->19127K(19456K) NonClass: 16885K(17088K)->16885K(17088K) Class: 2241K(2368K)->2241K(2368K)
[2026-05-06T01:32:14.990+0100][5.544s][info][gc             ] GC(106) Pause Young (Concurrent Start) (G1 Humongous Allocation) 283M->203M(720M) 0.498ms
[2026-05-06T01:32:14.990+0100][5.544s][info][gc,cpu         ] GC(106) User=0.00s Sys=0.00s Real=0.00s
[2026-05-06T01:32:14.990+0100][5.544s][info][gc             ] GC(107) Concurrent Undo Cycle
[2026-05-06T01:32:14.990+0100][5.544s][info][gc,marking     ] GC(107) Concurrent Clear Claimed Marks
[2026-05-06T01:32:14.990+0100][5.544s][info][gc,marking     ] GC(107) Concurrent Clear Claimed Marks 0.007ms
[2026-05-06T01:32:14.990+0100][5.544s][info][gc,marking     ] GC(107) Concurrent Cleanup for Next Mark
[2026-05-06T01:32:14.991+0100][5.544s][info][gc,marking     ] GC(107) Concurrent Cleanup for Next Mark 0.030ms
[2026-05-06T01:32:14.991+0100][5.544s][info][gc             ] GC(107) Concurrent Undo Cycle 0.062ms
[2026-05-06T01:32:15.014+0100][5.568s][info][gc,start       ] GC(108) Pause Full (System.gc())
[2026-05-06T01:32:15.014+0100][5.568s][info][gc,task        ] GC(108) Using 9 workers of 9 for full compaction
[2026-05-06T01:32:15.014+0100][5.568s][info][gc,phases,start] GC(108) Phase 1: Mark live objects
[2026-05-06T01:32:15.016+0100][5.570s][info][gc,phases      ] GC(108) Phase 1: Mark live objects 2.227ms
[2026-05-06T01:32:15.016+0100][5.570s][info][gc,phases,start] GC(108) Phase 2: Prepare compaction
[2026-05-06T01:32:15.017+0100][5.571s][info][gc,phases      ] GC(108) Phase 2: Prepare compaction 0.305ms
[2026-05-06T01:32:15.017+0100][5.571s][info][gc,phases,start] GC(108) Phase 3: Adjust pointers
[2026-05-06T01:32:15.018+0100][5.572s][info][gc,phases      ] GC(108) Phase 3: Adjust pointers 1.648ms
[2026-05-06T01:32:15.018+0100][5.572s][info][gc,phases,start] GC(108) Phase 4: Compact heap
[2026-05-06T01:32:15.019+0100][5.572s][info][gc,phases      ] GC(108) Phase 4: Compact heap 0.256ms
[2026-05-06T01:32:15.019+0100][5.572s][info][gc,phases,start] GC(108) Phase 5: Reset Metadata
[2026-05-06T01:32:15.019+0100][5.573s][info][gc,phases      ] GC(108) Phase 5: Reset Metadata 0.319ms
[2026-05-06T01:32:15.019+0100][5.573s][info][gc,heap        ] GC(108) Eden regions: 1->0(216)
[2026-05-06T01:32:15.019+0100][5.573s][info][gc,heap        ] GC(108) Survivor regions: 1->0(27)
[2026-05-06T01:32:15.019+0100][5.573s][info][gc,heap        ] GC(108) Old regions: 12->12
[2026-05-06T01:32:15.019+0100][5.573s][info][gc,heap        ] GC(108) Humongous regions: 115->96
[2026-05-06T01:32:15.019+0100][5.573s][info][gc,metaspace   ] GC(108) Metaspace: 19127K(19456K)->19127K(19456K) NonClass: 16885K(17088K)->16885K(17088K) Class: 2241K(2368K)->2241K(2368K)
[2026-05-06T01:32:15.019+0100][5.573s][info][gc             ] GC(108) Pause Full (System.gc()) 243M->203M(720M) 5.328ms
[2026-05-06T01:32:15.019+0100][5.573s][info][gc,cpu         ] GC(108) User=0.02s Sys=0.01s Real=0.00s
[2026-05-06T01:32:15.110+0100][5.664s][info][gc,start       ] GC(109) Pause Young (Concurrent Start) (G1 Humongous Allocation)
[2026-05-06T01:32:15.110+0100][5.664s][info][gc,task        ] GC(109) Using 9 workers of 9 for evacuation
[2026-05-06T01:32:15.110+0100][5.664s][info][gc,phases      ] GC(109)   Pre Evacuate Collection Set: 0.1ms
[2026-05-06T01:32:15.110+0100][5.664s][info][gc,phases      ] GC(109)   Merge Heap Roots: 0.0ms
[2026-05-06T01:32:15.110+0100][5.664s][info][gc,phases      ] GC(109)   Evacuate Collection Set: 0.1ms
[2026-05-06T01:32:15.110+0100][5.664s][info][gc,phases      ] GC(109)   Post Evacuate Collection Set: 0.1ms
[2026-05-06T01:32:15.110+0100][5.664s][info][gc,phases      ] GC(109)   Other: 0.0ms
[2026-05-06T01:32:15.110+0100][5.664s][info][gc,heap        ] GC(109) Eden regions: 2->0(215)
[2026-05-06T01:32:15.110+0100][5.664s][info][gc,heap        ] GC(109) Survivor regions: 0->1(27)
[2026-05-06T01:32:15.110+0100][5.664s][info][gc,heap        ] GC(109) Old regions: 12->12
[2026-05-06T01:32:15.110+0100][5.664s][info][gc,heap        ] GC(109) Humongous regions: 134->96
[2026-05-06T01:32:15.110+0100][5.664s][info][gc,metaspace   ] GC(109) Metaspace: 19127K(19456K)->19127K(19456K) NonClass: 16885K(17088K)->16885K(17088K) Class: 2241K(2368K)->2241K(2368K)
[2026-05-06T01:32:15.110+0100][5.664s][info][gc             ] GC(109) Pause Young (Concurrent Start) (G1 Humongous Allocation) 283M->203M(720M) 0.486ms
[2026-05-06T01:32:15.110+0100][5.664s][info][gc             ] GC(110) Concurrent Undo Cycle
[2026-05-06T01:32:15.110+0100][5.664s][info][gc,cpu         ] GC(109) User=0.00s Sys=0.00s Real=0.00s
[2026-05-06T01:32:15.110+0100][5.664s][info][gc,marking     ] GC(110) Concurrent Clear Claimed Marks
[2026-05-06T01:32:15.110+0100][5.664s][info][gc,marking     ] GC(110) Concurrent Clear Claimed Marks 0.007ms
[2026-05-06T01:32:15.110+0100][5.664s][info][gc,marking     ] GC(110) Concurrent Cleanup for Next Mark
[2026-05-06T01:32:15.110+0100][5.664s][info][gc,marking     ] GC(110) Concurrent Cleanup for Next Mark 0.024ms
[2026-05-06T01:32:15.110+0100][5.664s][info][gc             ] GC(110) Concurrent Undo Cycle 0.059ms
[2026-05-06T01:32:15.186+0100][5.740s][info][gc,start       ] GC(111) Pause Young (Concurrent Start) (G1 Humongous Allocation)
[2026-05-06T01:32:15.186+0100][5.740s][info][gc,task        ] GC(111) Using 9 workers of 9 for evacuation
[2026-05-06T01:32:15.186+0100][5.740s][info][gc,phases      ] GC(111)   Pre Evacuate Collection Set: 0.1ms
[2026-05-06T01:32:15.186+0100][5.740s][info][gc,phases      ] GC(111)   Merge Heap Roots: 0.0ms
[2026-05-06T01:32:15.186+0100][5.740s][info][gc,phases      ] GC(111)   Evacuate Collection Set: 0.1ms
[2026-05-06T01:32:15.186+0100][5.740s][info][gc,phases      ] GC(111)   Post Evacuate Collection Set: 0.1ms
[2026-05-06T01:32:15.186+0100][5.740s][info][gc,phases      ] GC(111)   Other: 0.0ms
[2026-05-06T01:32:15.186+0100][5.740s][info][gc,heap        ] GC(111) Eden regions: 2->0(215)
[2026-05-06T01:32:15.186+0100][5.740s][info][gc,heap        ] GC(111) Survivor regions: 1->1(27)
[2026-05-06T01:32:15.186+0100][5.740s][info][gc,heap        ] GC(111) Old regions: 12->12
[2026-05-06T01:32:15.186+0100][5.740s][info][gc,heap        ] GC(111) Humongous regions: 134->96
[2026-05-06T01:32:15.186+0100][5.740s][info][gc,metaspace   ] GC(111) Metaspace: 19127K(19456K)->19127K(19456K) NonClass: 16885K(17088K)->16885K(17088K) Class: 2241K(2368K)->2241K(2368K)
[2026-05-06T01:32:15.186+0100][5.740s][info][gc             ] GC(111) Pause Young (Concurrent Start) (G1 Humongous Allocation) 283M->203M(720M) 0.489ms
[2026-05-06T01:32:15.186+0100][5.740s][info][gc,cpu         ] GC(111) User=0.00s Sys=0.00s Real=0.00s
[2026-05-06T01:32:15.186+0100][5.740s][info][gc             ] GC(112) Concurrent Undo Cycle
[2026-05-06T01:32:15.186+0100][5.740s][info][gc,marking     ] GC(112) Concurrent Clear Claimed Marks
[2026-05-06T01:32:15.186+0100][5.740s][info][gc,marking     ] GC(112) Concurrent Clear Claimed Marks 0.006ms
[2026-05-06T01:32:15.186+0100][5.740s][info][gc,marking     ] GC(112) Concurrent Cleanup for Next Mark
[2026-05-06T01:32:15.186+0100][5.740s][info][gc,marking     ] GC(112) Concurrent Cleanup for Next Mark 0.033ms
[2026-05-06T01:32:15.186+0100][5.740s][info][gc             ] GC(112) Concurrent Undo Cycle 0.064ms
[2026-05-06T01:32:15.262+0100][5.816s][info][gc,start       ] GC(113) Pause Young (Concurrent Start) (G1 Humongous Allocation)
[2026-05-06T01:32:15.262+0100][5.816s][info][gc,task        ] GC(113) Using 9 workers of 9 for evacuation
[2026-05-06T01:32:15.263+0100][5.817s][info][gc,phases      ] GC(113)   Pre Evacuate Collection Set: 0.1ms
[2026-05-06T01:32:15.263+0100][5.817s][info][gc,phases      ] GC(113)   Merge Heap Roots: 0.0ms
[2026-05-06T01:32:15.263+0100][5.817s][info][gc,phases      ] GC(113)   Evacuate Collection Set: 0.1ms
[2026-05-06T01:32:15.263+0100][5.817s][info][gc,phases      ] GC(113)   Post Evacuate Collection Set: 0.1ms
[2026-05-06T01:32:15.263+0100][5.817s][info][gc,phases      ] GC(113)   Other: 0.0ms
[2026-05-06T01:32:15.263+0100][5.817s][info][gc,heap        ] GC(113) Eden regions: 2->0(215)
[2026-05-06T01:32:15.263+0100][5.817s][info][gc,heap        ] GC(113) Survivor regions: 1->1(27)
[2026-05-06T01:32:15.263+0100][5.817s][info][gc,heap        ] GC(113) Old regions: 12->12
[2026-05-06T01:32:15.263+0100][5.817s][info][gc,heap        ] GC(113) Humongous regions: 134->96
[2026-05-06T01:32:15.263+0100][5.817s][info][gc,metaspace   ] GC(113) Metaspace: 19127K(19456K)->19127K(19456K) NonClass: 16885K(17088K)->16885K(17088K) Class: 2241K(2368K)->2241K(2368K)
[2026-05-06T01:32:15.263+0100][5.817s][info][gc             ] GC(113) Pause Young (Concurrent Start) (G1 Humongous Allocation) 283M->203M(720M) 0.478ms
[2026-05-06T01:32:15.263+0100][5.817s][info][gc,cpu         ] GC(113) User=0.00s Sys=0.00s Real=0.00s
[2026-05-06T01:32:15.263+0100][5.817s][info][gc             ] GC(114) Concurrent Undo Cycle
[2026-05-06T01:32:15.263+0100][5.817s][info][gc,marking     ] GC(114) Concurrent Clear Claimed Marks
[2026-05-06T01:32:15.263+0100][5.817s][info][gc,marking     ] GC(114) Concurrent Clear Claimed Marks 0.007ms
[2026-05-06T01:32:15.263+0100][5.817s][info][gc,marking     ] GC(114) Concurrent Cleanup for Next Mark
[2026-05-06T01:32:15.263+0100][5.817s][info][gc,marking     ] GC(114) Concurrent Cleanup for Next Mark 0.037ms
[2026-05-06T01:32:15.263+0100][5.817s][info][gc             ] GC(114) Concurrent Undo Cycle 0.069ms
[2026-05-06T01:32:15.338+0100][5.892s][info][gc,start       ] GC(115) Pause Young (Concurrent Start) (G1 Humongous Allocation)
[2026-05-06T01:32:15.339+0100][5.892s][info][gc,task        ] GC(115) Using 9 workers of 9 for evacuation
[2026-05-06T01:32:15.339+0100][5.893s][info][gc,phases      ] GC(115)   Pre Evacuate Collection Set: 0.1ms
[2026-05-06T01:32:15.339+0100][5.893s][info][gc,phases      ] GC(115)   Merge Heap Roots: 0.0ms
[2026-05-06T01:32:15.339+0100][5.893s][info][gc,phases      ] GC(115)   Evacuate Collection Set: 0.1ms
[2026-05-06T01:32:15.339+0100][5.893s][info][gc,phases      ] GC(115)   Post Evacuate Collection Set: 0.1ms
[2026-05-06T01:32:15.339+0100][5.893s][info][gc,phases      ] GC(115)   Other: 0.0ms
[2026-05-06T01:32:15.339+0100][5.893s][info][gc,heap        ] GC(115) Eden regions: 2->0(215)
[2026-05-06T01:32:15.339+0100][5.893s][info][gc,heap        ] GC(115) Survivor regions: 1->1(27)
[2026-05-06T01:32:15.339+0100][5.893s][info][gc,heap        ] GC(115) Old regions: 12->12
[2026-05-06T01:32:15.339+0100][5.893s][info][gc,heap        ] GC(115) Humongous regions: 134->96
[2026-05-06T01:32:15.339+0100][5.893s][info][gc,metaspace   ] GC(115) Metaspace: 19127K(19456K)->19127K(19456K) NonClass: 16885K(17088K)->16885K(17088K) Class: 2241K(2368K)->2241K(2368K)
[2026-05-06T01:32:15.339+0100][5.893s][info][gc             ] GC(115) Pause Young (Concurrent Start) (G1 Humongous Allocation) 283M->203M(720M) 0.481ms
[2026-05-06T01:32:15.339+0100][5.893s][info][gc,cpu         ] GC(115) User=0.00s Sys=0.00s Real=0.00s
[2026-05-06T01:32:15.339+0100][5.893s][info][gc             ] GC(116) Concurrent Undo Cycle
[2026-05-06T01:32:15.339+0100][5.893s][info][gc,marking     ] GC(116) Concurrent Clear Claimed Marks
[2026-05-06T01:32:15.339+0100][5.893s][info][gc,marking     ] GC(116) Concurrent Clear Claimed Marks 0.007ms
[2026-05-06T01:32:15.339+0100][5.893s][info][gc,marking     ] GC(116) Concurrent Cleanup for Next Mark
[2026-05-06T01:32:15.339+0100][5.893s][info][gc,marking     ] GC(116) Concurrent Cleanup for Next Mark 0.030ms
[2026-05-06T01:32:15.339+0100][5.893s][info][gc             ] GC(116) Concurrent Undo Cycle 0.070ms
[2026-05-06T01:32:15.409+0100][5.963s][info][gc,start       ] GC(117) Pause Young (Concurrent Start) (G1 Humongous Allocation)
[2026-05-06T01:32:15.409+0100][5.963s][info][gc,task        ] GC(117) Using 9 workers of 9 for evacuation
[2026-05-06T01:32:15.409+0100][5.963s][info][gc,phases      ] GC(117)   Pre Evacuate Collection Set: 0.1ms
[2026-05-06T01:32:15.409+0100][5.963s][info][gc,phases      ] GC(117)   Merge Heap Roots: 0.0ms
[2026-05-06T01:32:15.409+0100][5.963s][info][gc,phases      ] GC(117)   Evacuate Collection Set: 0.2ms
[2026-05-06T01:32:15.409+0100][5.963s][info][gc,phases      ] GC(117)   Post Evacuate Collection Set: 0.1ms
[2026-05-06T01:32:15.409+0100][5.963s][info][gc,phases      ] GC(117)   Other: 0.0ms
[2026-05-06T01:32:15.409+0100][5.963s][info][gc,heap        ] GC(117) Eden regions: 2->0(215)
[2026-05-06T01:32:15.409+0100][5.963s][info][gc,heap        ] GC(117) Survivor regions: 1->1(27)
[2026-05-06T01:32:15.409+0100][5.963s][info][gc,heap        ] GC(117) Old regions: 12->12
[2026-05-06T01:32:15.409+0100][5.963s][info][gc,heap        ] GC(117) Humongous regions: 134->96
[2026-05-06T01:32:15.409+0100][5.963s][info][gc,metaspace   ] GC(117) Metaspace: 19127K(19456K)->19127K(19456K) NonClass: 16885K(17088K)->16885K(17088K) Class: 2241K(2368K)->2241K(2368K)
[2026-05-06T01:32:15.409+0100][5.963s][info][gc             ] GC(117) Pause Young (Concurrent Start) (G1 Humongous Allocation) 282M->203M(720M) 0.490ms
[2026-05-06T01:32:15.409+0100][5.963s][info][gc,cpu         ] GC(117) User=0.00s Sys=0.00s Real=0.00s
[2026-05-06T01:32:15.409+0100][5.963s][info][gc             ] GC(118) Concurrent Undo Cycle
[2026-05-06T01:32:15.409+0100][5.963s][info][gc,marking     ] GC(118) Concurrent Clear Claimed Marks
[2026-05-06T01:32:15.409+0100][5.963s][info][gc,marking     ] GC(118) Concurrent Clear Claimed Marks 0.006ms
[2026-05-06T01:32:15.409+0100][5.963s][info][gc,marking     ] GC(118) Concurrent Cleanup for Next Mark
[2026-05-06T01:32:15.409+0100][5.963s][info][gc,marking     ] GC(118) Concurrent Cleanup for Next Mark 0.032ms
[2026-05-06T01:32:15.409+0100][5.963s][info][gc             ] GC(118) Concurrent Undo Cycle 0.061ms
[2026-05-06T01:32:15.449+0100][6.003s][info][gc,start       ] GC(119) Pause Young (Concurrent Start) (G1 Humongous Allocation)
[2026-05-06T01:32:15.449+0100][6.003s][info][gc,task        ] GC(119) Using 9 workers of 9 for evacuation
[2026-05-06T01:32:15.450+0100][6.004s][info][gc,phases      ] GC(119)   Pre Evacuate Collection Set: 0.1ms
[2026-05-06T01:32:15.450+0100][6.004s][info][gc,phases      ] GC(119)   Merge Heap Roots: 0.0ms
[2026-05-06T01:32:15.450+0100][6.004s][info][gc,phases      ] GC(119)   Evacuate Collection Set: 0.2ms
[2026-05-06T01:32:15.450+0100][6.004s][info][gc,phases      ] GC(119)   Post Evacuate Collection Set: 0.1ms
[2026-05-06T01:32:15.450+0100][6.004s][info][gc,phases      ] GC(119)   Other: 0.0ms
[2026-05-06T01:32:15.450+0100][6.004s][info][gc,heap        ] GC(119) Eden regions: 1->0(215)
[2026-05-06T01:32:15.450+0100][6.004s][info][gc,heap        ] GC(119) Survivor regions: 1->1(27)
[2026-05-06T01:32:15.450+0100][6.004s][info][gc,heap        ] GC(119) Old regions: 12->12
[2026-05-06T01:32:15.450+0100][6.004s][info][gc,heap        ] GC(119) Humongous regions: 134->96
[2026-05-06T01:32:15.450+0100][6.004s][info][gc,metaspace   ] GC(119) Metaspace: 19127K(19456K)->19127K(19456K) NonClass: 16886K(17088K)->16886K(17088K) Class: 2241K(2368K)->2241K(2368K)
[2026-05-06T01:32:15.450+0100][6.004s][info][gc             ] GC(119) Pause Young (Concurrent Start) (G1 Humongous Allocation) 280M->203M(720M) 0.530ms
[2026-05-06T01:32:15.450+0100][6.004s][info][gc,cpu         ] GC(119) User=0.00s Sys=0.00s Real=0.01s
[2026-05-06T01:32:15.450+0100][6.004s][info][gc             ] GC(120) Concurrent Undo Cycle
[2026-05-06T01:32:15.450+0100][6.004s][info][gc,marking     ] GC(120) Concurrent Clear Claimed Marks
[2026-05-06T01:32:15.450+0100][6.004s][info][gc,marking     ] GC(120) Concurrent Clear Claimed Marks 0.007ms
[2026-05-06T01:32:15.450+0100][6.004s][info][gc,marking     ] GC(120) Concurrent Cleanup for Next Mark
[2026-05-06T01:32:15.450+0100][6.004s][info][gc,marking     ] GC(120) Concurrent Cleanup for Next Mark 0.030ms
[2026-05-06T01:32:15.450+0100][6.004s][info][gc             ] GC(120) Concurrent Undo Cycle 0.065ms
[2026-05-06T01:32:15.462+0100][6.016s][info][gc,start       ] GC(121) Pause Full (System.gc())
[2026-05-06T01:32:15.462+0100][6.016s][info][gc,task        ] GC(121) Using 9 workers of 9 for full compaction
[2026-05-06T01:32:15.462+0100][6.016s][info][gc,phases,start] GC(121) Phase 1: Mark live objects
[2026-05-06T01:32:15.465+0100][6.019s][info][gc,phases      ] GC(121) Phase 1: Mark live objects 3.452ms
[2026-05-06T01:32:15.465+0100][6.019s][info][gc,phases,start] GC(121) Phase 2: Prepare compaction
[2026-05-06T01:32:15.466+0100][6.020s][info][gc,phases      ] GC(121) Phase 2: Prepare compaction 0.275ms
[2026-05-06T01:32:15.466+0100][6.020s][info][gc,phases,start] GC(121) Phase 3: Adjust pointers
[2026-05-06T01:32:15.467+0100][6.021s][info][gc,phases      ] GC(121) Phase 3: Adjust pointers 1.703ms
[2026-05-06T01:32:15.467+0100][6.021s][info][gc,phases,start] GC(121) Phase 4: Compact heap
[2026-05-06T01:32:15.468+0100][6.022s][info][gc,phases      ] GC(121) Phase 4: Compact heap 0.309ms
[2026-05-06T01:32:15.468+0100][6.022s][info][gc,phases,start] GC(121) Phase 5: Reset Metadata
[2026-05-06T01:32:15.468+0100][6.022s][info][gc,phases      ] GC(121) Phase 5: Reset Metadata 0.325ms
[2026-05-06T01:32:15.469+0100][6.022s][info][gc,heap        ] GC(121) Eden regions: 1->0(216)
[2026-05-06T01:32:15.469+0100][6.023s][info][gc,heap        ] GC(121) Survivor regions: 1->0(27)
[2026-05-06T01:32:15.469+0100][6.023s][info][gc,heap        ] GC(121) Old regions: 12->12
[2026-05-06T01:32:15.469+0100][6.023s][info][gc,heap        ] GC(121) Humongous regions: 115->96
[2026-05-06T01:32:15.469+0100][6.023s][info][gc,metaspace   ] GC(121) Metaspace: 19127K(19456K)->19127K(19456K) NonClass: 16886K(17088K)->16886K(17088K) Class: 2241K(2368K)->2241K(2368K)
[2026-05-06T01:32:15.469+0100][6.023s][info][gc             ] GC(121) Pause Full (System.gc()) 242M->203M(720M) 6.694ms
[2026-05-06T01:32:15.469+0100][6.023s][info][gc,cpu         ] GC(121) User=0.02s Sys=0.01s Real=0.00s
[2026-05-06T01:32:15.517+0100][6.070s][info][gc,start       ] GC(122) Pause Young (Concurrent Start) (G1 Humongous Allocation)
[2026-05-06T01:32:15.517+0100][6.071s][info][gc,task        ] GC(122) Using 9 workers of 9 for evacuation
[2026-05-06T01:32:15.517+0100][6.071s][info][gc,phases      ] GC(122)   Pre Evacuate Collection Set: 0.1ms
[2026-05-06T01:32:15.517+0100][6.071s][info][gc,phases      ] GC(122)   Merge Heap Roots: 0.0ms
[2026-05-06T01:32:15.517+0100][6.071s][info][gc,phases      ] GC(122)   Evacuate Collection Set: 0.2ms
[2026-05-06T01:32:15.517+0100][6.071s][info][gc,phases      ] GC(122)   Post Evacuate Collection Set: 0.1ms
[2026-05-06T01:32:15.517+0100][6.071s][info][gc,phases      ] GC(122)   Other: 0.0ms
[2026-05-06T01:32:15.517+0100][6.071s][info][gc,heap        ] GC(122) Eden regions: 1->0(215)
[2026-05-06T01:32:15.517+0100][6.071s][info][gc,heap        ] GC(122) Survivor regions: 0->1(27)
[2026-05-06T01:32:15.517+0100][6.071s][info][gc,heap        ] GC(122) Old regions: 12->12
[2026-05-06T01:32:15.517+0100][6.071s][info][gc,heap        ] GC(122) Humongous regions: 134->96
[2026-05-06T01:32:15.517+0100][6.071s][info][gc,metaspace   ] GC(122) Metaspace: 19127K(19456K)->19127K(19456K) NonClass: 16886K(17088K)->16886K(17088K) Class: 2241K(2368K)->2241K(2368K)
[2026-05-06T01:32:15.517+0100][6.071s][info][gc             ] GC(122) Pause Young (Concurrent Start) (G1 Humongous Allocation) 280M->203M(720M) 0.498ms
[2026-05-06T01:32:15.517+0100][6.071s][info][gc,cpu         ] GC(122) User=0.00s Sys=0.00s Real=0.00s
[2026-05-06T01:32:15.517+0100][6.071s][info][gc             ] GC(123) Concurrent Undo Cycle
[2026-05-06T01:32:15.517+0100][6.071s][info][gc,marking     ] GC(123) Concurrent Clear Claimed Marks
[2026-05-06T01:32:15.517+0100][6.071s][info][gc,marking     ] GC(123) Concurrent Clear Claimed Marks 0.007ms
[2026-05-06T01:32:15.517+0100][6.071s][info][gc,marking     ] GC(123) Concurrent Cleanup for Next Mark
[2026-05-06T01:32:15.517+0100][6.071s][info][gc,marking     ] GC(123) Concurrent Cleanup for Next Mark 0.033ms
[2026-05-06T01:32:15.517+0100][6.071s][info][gc             ] GC(123) Concurrent Undo Cycle 0.063ms
[2026-05-06T01:32:15.557+0100][6.111s][info][gc,start       ] GC(124) Pause Young (Concurrent Start) (G1 Humongous Allocation)
[2026-05-06T01:32:15.557+0100][6.111s][info][gc,task        ] GC(124) Using 9 workers of 9 for evacuation
[2026-05-06T01:32:15.557+0100][6.111s][info][gc,phases      ] GC(124)   Pre Evacuate Collection Set: 0.1ms
[2026-05-06T01:32:15.557+0100][6.111s][info][gc,phases      ] GC(124)   Merge Heap Roots: 0.0ms
[2026-05-06T01:32:15.557+0100][6.111s][info][gc,phases      ] GC(124)   Evacuate Collection Set: 0.1ms
[2026-05-06T01:32:15.557+0100][6.111s][info][gc,phases      ] GC(124)   Post Evacuate Collection Set: 0.1ms
[2026-05-06T01:32:15.557+0100][6.111s][info][gc,phases      ] GC(124)   Other: 0.0ms
[2026-05-06T01:32:15.557+0100][6.111s][info][gc,heap        ] GC(124) Eden regions: 1->0(215)
[2026-05-06T01:32:15.557+0100][6.111s][info][gc,heap        ] GC(124) Survivor regions: 1->1(27)
[2026-05-06T01:32:15.557+0100][6.111s][info][gc,heap        ] GC(124) Old regions: 12->12
[2026-05-06T01:32:15.557+0100][6.111s][info][gc,heap        ] GC(124) Humongous regions: 134->96
[2026-05-06T01:32:15.557+0100][6.111s][info][gc,metaspace   ] GC(124) Metaspace: 19127K(19456K)->19127K(19456K) NonClass: 16886K(17088K)->16886K(17088K) Class: 2241K(2368K)->2241K(2368K)
[2026-05-06T01:32:15.557+0100][6.111s][info][gc             ] GC(124) Pause Young (Concurrent Start) (G1 Humongous Allocation) 280M->203M(720M) 0.488ms
[2026-05-06T01:32:15.557+0100][6.111s][info][gc,cpu         ] GC(124) User=0.00s Sys=0.00s Real=0.00s
[2026-05-06T01:32:15.557+0100][6.111s][info][gc             ] GC(125) Concurrent Undo Cycle
[2026-05-06T01:32:15.557+0100][6.111s][info][gc,marking     ] GC(125) Concurrent Clear Claimed Marks
[2026-05-06T01:32:15.557+0100][6.111s][info][gc,marking     ] GC(125) Concurrent Clear Claimed Marks 0.008ms
[2026-05-06T01:32:15.557+0100][6.111s][info][gc,marking     ] GC(125) Concurrent Cleanup for Next Mark
[2026-05-06T01:32:15.557+0100][6.111s][info][gc,marking     ] GC(125) Concurrent Cleanup for Next Mark 0.036ms
[2026-05-06T01:32:15.557+0100][6.111s][info][gc             ] GC(125) Concurrent Undo Cycle 0.068ms
[2026-05-06T01:32:15.598+0100][6.152s][info][gc,start       ] GC(126) Pause Young (Concurrent Start) (G1 Humongous Allocation)
[2026-05-06T01:32:15.598+0100][6.152s][info][gc,task        ] GC(126) Using 9 workers of 9 for evacuation
[2026-05-06T01:32:15.599+0100][6.153s][info][gc,phases      ] GC(126)   Pre Evacuate Collection Set: 0.1ms
[2026-05-06T01:32:15.599+0100][6.153s][info][gc,phases      ] GC(126)   Merge Heap Roots: 0.0ms
[2026-05-06T01:32:15.599+0100][6.153s][info][gc,phases      ] GC(126)   Evacuate Collection Set: 0.2ms
[2026-05-06T01:32:15.599+0100][6.153s][info][gc,phases      ] GC(126)   Post Evacuate Collection Set: 0.1ms
[2026-05-06T01:32:15.599+0100][6.153s][info][gc,phases      ] GC(126)   Other: 0.0ms
[2026-05-06T01:32:15.599+0100][6.153s][info][gc,heap        ] GC(126) Eden regions: 1->0(215)
[2026-05-06T01:32:15.599+0100][6.153s][info][gc,heap        ] GC(126) Survivor regions: 1->1(27)
[2026-05-06T01:32:15.599+0100][6.153s][info][gc,heap        ] GC(126) Old regions: 12->12
[2026-05-06T01:32:15.599+0100][6.153s][info][gc,heap        ] GC(126) Humongous regions: 134->96
[2026-05-06T01:32:15.599+0100][6.153s][info][gc,metaspace   ] GC(126) Metaspace: 19127K(19456K)->19127K(19456K) NonClass: 16886K(17088K)->16886K(17088K) Class: 2241K(2368K)->2241K(2368K)
[2026-05-06T01:32:15.599+0100][6.153s][info][gc             ] GC(126) Pause Young (Concurrent Start) (G1 Humongous Allocation) 280M->203M(720M) 0.497ms
[2026-05-06T01:32:15.599+0100][6.153s][info][gc,cpu         ] GC(126) User=0.00s Sys=0.00s Real=0.00s
[2026-05-06T01:32:15.599+0100][6.153s][info][gc             ] GC(127) Concurrent Undo Cycle
[2026-05-06T01:32:15.599+0100][6.153s][info][gc,marking     ] GC(127) Concurrent Clear Claimed Marks
[2026-05-06T01:32:15.599+0100][6.153s][info][gc,marking     ] GC(127) Concurrent Clear Claimed Marks 0.007ms
[2026-05-06T01:32:15.599+0100][6.153s][info][gc,marking     ] GC(127) Concurrent Cleanup for Next Mark
[2026-05-06T01:32:15.599+0100][6.153s][info][gc,marking     ] GC(127) Concurrent Cleanup for Next Mark 0.030ms
[2026-05-06T01:32:15.599+0100][6.153s][info][gc             ] GC(127) Concurrent Undo Cycle 0.059ms
[2026-05-06T01:32:15.639+0100][6.193s][info][gc,start       ] GC(128) Pause Young (Concurrent Start) (G1 Humongous Allocation)
[2026-05-06T01:32:15.639+0100][6.193s][info][gc,task        ] GC(128) Using 9 workers of 9 for evacuation
[2026-05-06T01:32:15.639+0100][6.193s][info][gc,phases      ] GC(128)   Pre Evacuate Collection Set: 0.1ms
[2026-05-06T01:32:15.639+0100][6.193s][info][gc,phases      ] GC(128)   Merge Heap Roots: 0.0ms
[2026-05-06T01:32:15.639+0100][6.193s][info][gc,phases      ] GC(128)   Evacuate Collection Set: 0.2ms
[2026-05-06T01:32:15.639+0100][6.193s][info][gc,phases      ] GC(128)   Post Evacuate Collection Set: 0.1ms
[2026-05-06T01:32:15.639+0100][6.193s][info][gc,phases      ] GC(128)   Other: 0.0ms
[2026-05-06T01:32:15.639+0100][6.193s][info][gc,heap        ] GC(128) Eden regions: 1->0(215)
[2026-05-06T01:32:15.639+0100][6.193s][info][gc,heap        ] GC(128) Survivor regions: 1->1(27)
[2026-05-06T01:32:15.639+0100][6.193s][info][gc,heap        ] GC(128) Old regions: 12->12
[2026-05-06T01:32:15.639+0100][6.193s][info][gc,heap        ] GC(128) Humongous regions: 134->96
[2026-05-06T01:32:15.639+0100][6.193s][info][gc,metaspace   ] GC(128) Metaspace: 19127K(19456K)->19127K(19456K) NonClass: 16886K(17088K)->16886K(17088K) Class: 2241K(2368K)->2241K(2368K)
[2026-05-06T01:32:15.639+0100][6.193s][info][gc             ] GC(128) Pause Young (Concurrent Start) (G1 Humongous Allocation) 280M->203M(720M) 0.522ms
[2026-05-06T01:32:15.639+0100][6.193s][info][gc,cpu         ] GC(128) User=0.00s Sys=0.00s Real=0.00s
[2026-05-06T01:32:15.639+0100][6.193s][info][gc             ] GC(129) Concurrent Undo Cycle
[2026-05-06T01:32:15.639+0100][6.193s][info][gc,marking     ] GC(129) Concurrent Clear Claimed Marks
[2026-05-06T01:32:15.639+0100][6.193s][info][gc,marking     ] GC(129) Concurrent Clear Claimed Marks 0.006ms
[2026-05-06T01:32:15.640+0100][6.193s][info][gc,marking     ] GC(129) Concurrent Cleanup for Next Mark
[2026-05-06T01:32:15.640+0100][6.193s][info][gc,marking     ] GC(129) Concurrent Cleanup for Next Mark 0.041ms
[2026-05-06T01:32:15.640+0100][6.193s][info][gc             ] GC(129) Concurrent Undo Cycle 0.070ms
[2026-05-06T01:32:15.680+0100][6.234s][info][gc,start       ] GC(130) Pause Young (Concurrent Start) (G1 Humongous Allocation)
[2026-05-06T01:32:15.680+0100][6.234s][info][gc,task        ] GC(130) Using 9 workers of 9 for evacuation
[2026-05-06T01:32:15.680+0100][6.234s][info][gc,phases      ] GC(130)   Pre Evacuate Collection Set: 0.1ms
[2026-05-06T01:32:15.680+0100][6.234s][info][gc,phases      ] GC(130)   Merge Heap Roots: 0.0ms
[2026-05-06T01:32:15.680+0100][6.234s][info][gc,phases      ] GC(130)   Evacuate Collection Set: 0.1ms
[2026-05-06T01:32:15.680+0100][6.234s][info][gc,phases      ] GC(130)   Post Evacuate Collection Set: 0.1ms
[2026-05-06T01:32:15.680+0100][6.234s][info][gc,phases      ] GC(130)   Other: 0.0ms
[2026-05-06T01:32:15.680+0100][6.234s][info][gc,heap        ] GC(130) Eden regions: 2->0(215)
[2026-05-06T01:32:15.680+0100][6.234s][info][gc,heap        ] GC(130) Survivor regions: 1->1(27)
[2026-05-06T01:32:15.680+0100][6.234s][info][gc,heap        ] GC(130) Old regions: 12->12
[2026-05-06T01:32:15.680+0100][6.234s][info][gc,heap        ] GC(130) Humongous regions: 134->96
[2026-05-06T01:32:15.680+0100][6.234s][info][gc,metaspace   ] GC(130) Metaspace: 19127K(19456K)->19127K(19456K) NonClass: 16886K(17088K)->16886K(17088K) Class: 2241K(2368K)->2241K(2368K)
[2026-05-06T01:32:15.680+0100][6.234s][info][gc             ] GC(130) Pause Young (Concurrent Start) (G1 Humongous Allocation) 282M->203M(720M) 0.464ms
[2026-05-06T01:32:15.680+0100][6.234s][info][gc,cpu         ] GC(130) User=0.00s Sys=0.01s Real=0.00s
[2026-05-06T01:32:15.680+0100][6.234s][info][gc             ] GC(131) Concurrent Undo Cycle
[2026-05-06T01:32:15.680+0100][6.234s][info][gc,marking     ] GC(131) Concurrent Clear Claimed Marks
[2026-05-06T01:32:15.680+0100][6.234s][info][gc,marking     ] GC(131) Concurrent Clear Claimed Marks 0.006ms
[2026-05-06T01:32:15.680+0100][6.234s][info][gc,marking     ] GC(131) Concurrent Cleanup for Next Mark
[2026-05-06T01:32:15.680+0100][6.234s][info][gc,marking     ] GC(131) Concurrent Cleanup for Next Mark 0.035ms
[2026-05-06T01:32:15.680+0100][6.234s][info][gc             ] GC(131) Concurrent Undo Cycle 0.063ms
[2026-05-06T01:32:15.720+0100][6.274s][info][gc,start       ] GC(132) Pause Young (Concurrent Start) (G1 Humongous Allocation)
[2026-05-06T01:32:15.720+0100][6.274s][info][gc,task        ] GC(132) Using 9 workers of 9 for evacuation
[2026-05-06T01:32:15.721+0100][6.275s][info][gc,phases      ] GC(132)   Pre Evacuate Collection Set: 0.1ms
[2026-05-06T01:32:15.721+0100][6.275s][info][gc,phases      ] GC(132)   Merge Heap Roots: 0.0ms
[2026-05-06T01:32:15.721+0100][6.275s][info][gc,phases      ] GC(132)   Evacuate Collection Set: 0.1ms
[2026-05-06T01:32:15.721+0100][6.275s][info][gc,phases      ] GC(132)   Post Evacuate Collection Set: 0.1ms
[2026-05-06T01:32:15.721+0100][6.275s][info][gc,phases      ] GC(132)   Other: 0.0ms
[2026-05-06T01:32:15.721+0100][6.275s][info][gc,heap        ] GC(132) Eden regions: 4->0(215)
[2026-05-06T01:32:15.721+0100][6.275s][info][gc,heap        ] GC(132) Survivor regions: 1->1(27)
[2026-05-06T01:32:15.721+0100][6.275s][info][gc,heap        ] GC(132) Old regions: 12->12
[2026-05-06T01:32:15.721+0100][6.275s][info][gc,heap        ] GC(132) Humongous regions: 134->96
[2026-05-06T01:32:15.721+0100][6.275s][info][gc,metaspace   ] GC(132) Metaspace: 19127K(19456K)->19127K(19456K) NonClass: 16886K(17088K)->16886K(17088K) Class: 2241K(2368K)->2241K(2368K)
[2026-05-06T01:32:15.721+0100][6.275s][info][gc             ] GC(132) Pause Young (Concurrent Start) (G1 Humongous Allocation) 286M->203M(720M) 0.521ms
[2026-05-06T01:32:15.721+0100][6.275s][info][gc,cpu         ] GC(132) User=0.00s Sys=0.00s Real=0.00s
[2026-05-06T01:32:15.721+0100][6.275s][info][gc             ] GC(133) Concurrent Undo Cycle
[2026-05-06T01:32:15.721+0100][6.275s][info][gc,marking     ] GC(133) Concurrent Clear Claimed Marks
[2026-05-06T01:32:15.721+0100][6.275s][info][gc,marking     ] GC(133) Concurrent Clear Claimed Marks 0.007ms
[2026-05-06T01:32:15.721+0100][6.275s][info][gc,marking     ] GC(133) Concurrent Cleanup for Next Mark
[2026-05-06T01:32:15.721+0100][6.275s][info][gc,marking     ] GC(133) Concurrent Cleanup for Next Mark 0.025ms
[2026-05-06T01:32:15.721+0100][6.275s][info][gc             ] GC(133) Concurrent Undo Cycle 0.055ms
[2026-05-06T01:32:15.733+0100][6.287s][info][gc,start       ] GC(134) Pause Full (System.gc())
[2026-05-06T01:32:15.733+0100][6.287s][info][gc,task        ] GC(134) Using 9 workers of 9 for full compaction
[2026-05-06T01:32:15.733+0100][6.287s][info][gc,phases,start] GC(134) Phase 1: Mark live objects
[2026-05-06T01:32:15.735+0100][6.289s][info][gc,phases      ] GC(134) Phase 1: Mark live objects 2.219ms
[2026-05-06T01:32:15.736+0100][6.289s][info][gc,phases,start] GC(134) Phase 2: Prepare compaction
[2026-05-06T01:32:15.736+0100][6.290s][info][gc,phases      ] GC(134) Phase 2: Prepare compaction 0.307ms
[2026-05-06T01:32:15.736+0100][6.290s][info][gc,phases,start] GC(134) Phase 3: Adjust pointers
[2026-05-06T01:32:15.737+0100][6.291s][info][gc,phases      ] GC(134) Phase 3: Adjust pointers 1.638ms
[2026-05-06T01:32:15.737+0100][6.291s][info][gc,phases,start] GC(134) Phase 4: Compact heap
[2026-05-06T01:32:15.738+0100][6.292s][info][gc,phases      ] GC(134) Phase 4: Compact heap 0.292ms
[2026-05-06T01:32:15.738+0100][6.292s][info][gc,phases,start] GC(134) Phase 5: Reset Metadata
[2026-05-06T01:32:15.738+0100][6.292s][info][gc,phases      ] GC(134) Phase 5: Reset Metadata 0.323ms
[2026-05-06T01:32:15.739+0100][6.293s][info][gc,heap        ] GC(134) Eden regions: 2->0(216)
[2026-05-06T01:32:15.739+0100][6.293s][info][gc,heap        ] GC(134) Survivor regions: 1->0(27)
[2026-05-06T01:32:15.739+0100][6.293s][info][gc,heap        ] GC(134) Old regions: 12->12
[2026-05-06T01:32:15.739+0100][6.293s][info][gc,heap        ] GC(134) Humongous regions: 115->96
[2026-05-06T01:32:15.739+0100][6.293s][info][gc,metaspace   ] GC(134) Metaspace: 19127K(19456K)->19127K(19456K) NonClass: 16886K(17088K)->16886K(17088K) Class: 2241K(2368K)->2241K(2368K)
[2026-05-06T01:32:15.739+0100][6.293s][info][gc             ] GC(134) Pause Full (System.gc()) 244M->203M(720M) 5.404ms
[2026-05-06T01:32:15.739+0100][6.293s][info][gc,cpu         ] GC(134) User=0.02s Sys=0.00s Real=0.00s
[2026-05-06T01:32:15.785+0100][6.339s][info][gc,start       ] GC(135) Pause Young (Concurrent Start) (G1 Humongous Allocation)
[2026-05-06T01:32:15.786+0100][6.339s][info][gc,task        ] GC(135) Using 9 workers of 9 for evacuation
[2026-05-06T01:32:15.786+0100][6.340s][info][gc,phases      ] GC(135)   Pre Evacuate Collection Set: 0.1ms
[2026-05-06T01:32:15.786+0100][6.340s][info][gc,phases      ] GC(135)   Merge Heap Roots: 0.0ms
[2026-05-06T01:32:15.786+0100][6.340s][info][gc,phases      ] GC(135)   Evacuate Collection Set: 0.2ms
[2026-05-06T01:32:15.786+0100][6.340s][info][gc,phases      ] GC(135)   Post Evacuate Collection Set: 0.1ms
[2026-05-06T01:32:15.786+0100][6.340s][info][gc,phases      ] GC(135)   Other: 0.0ms
[2026-05-06T01:32:15.786+0100][6.340s][info][gc,heap        ] GC(135) Eden regions: 5->0(215)
[2026-05-06T01:32:15.786+0100][6.340s][info][gc,heap        ] GC(135) Survivor regions: 0->1(27)
[2026-05-06T01:32:15.786+0100][6.340s][info][gc,heap        ] GC(135) Old regions: 12->12
[2026-05-06T01:32:15.786+0100][6.340s][info][gc,heap        ] GC(135) Humongous regions: 134->96
[2026-05-06T01:32:15.786+0100][6.340s][info][gc,metaspace   ] GC(135) Metaspace: 19127K(19456K)->19127K(19456K) NonClass: 16886K(17088K)->16886K(17088K) Class: 2241K(2368K)->2241K(2368K)
[2026-05-06T01:32:15.786+0100][6.340s][info][gc             ] GC(135) Pause Young (Concurrent Start) (G1 Humongous Allocation) 288M->203M(720M) 0.490ms
[2026-05-06T01:32:15.786+0100][6.340s][info][gc,cpu         ] GC(135) User=0.00s Sys=0.00s Real=0.00s
[2026-05-06T01:32:15.786+0100][6.340s][info][gc             ] GC(136) Concurrent Undo Cycle
[2026-05-06T01:32:15.786+0100][6.340s][info][gc,marking     ] GC(136) Concurrent Clear Claimed Marks
[2026-05-06T01:32:15.786+0100][6.340s][info][gc,marking     ] GC(136) Concurrent Clear Claimed Marks 0.013ms
[2026-05-06T01:32:15.786+0100][6.340s][info][gc,marking     ] GC(136) Concurrent Cleanup for Next Mark
[2026-05-06T01:32:15.786+0100][6.340s][info][gc,marking     ] GC(136) Concurrent Cleanup for Next Mark 0.028ms
[2026-05-06T01:32:15.786+0100][6.340s][info][gc             ] GC(136) Concurrent Undo Cycle 0.075ms
[2026-05-06T01:32:15.825+0100][6.379s][info][gc,start       ] GC(137) Pause Young (Concurrent Start) (G1 Humongous Allocation)
[2026-05-06T01:32:15.825+0100][6.379s][info][gc,task        ] GC(137) Using 9 workers of 9 for evacuation
[2026-05-06T01:32:15.826+0100][6.380s][info][gc,phases      ] GC(137)   Pre Evacuate Collection Set: 0.1ms
[2026-05-06T01:32:15.826+0100][6.380s][info][gc,phases      ] GC(137)   Merge Heap Roots: 0.0ms
[2026-05-06T01:32:15.826+0100][6.380s][info][gc,phases      ] GC(137)   Evacuate Collection Set: 0.1ms
[2026-05-06T01:32:15.826+0100][6.380s][info][gc,phases      ] GC(137)   Post Evacuate Collection Set: 0.1ms
[2026-05-06T01:32:15.826+0100][6.380s][info][gc,phases      ] GC(137)   Other: 0.0ms
[2026-05-06T01:32:15.826+0100][6.380s][info][gc,heap        ] GC(137) Eden regions: 3->0(215)
[2026-05-06T01:32:15.826+0100][6.380s][info][gc,heap        ] GC(137) Survivor regions: 1->1(27)
[2026-05-06T01:32:15.826+0100][6.380s][info][gc,heap        ] GC(137) Old regions: 12->12
[2026-05-06T01:32:15.826+0100][6.380s][info][gc,heap        ] GC(137) Humongous regions: 134->96
[2026-05-06T01:32:15.826+0100][6.380s][info][gc,metaspace   ] GC(137) Metaspace: 19127K(19456K)->19127K(19456K) NonClass: 16886K(17088K)->16886K(17088K) Class: 2241K(2368K)->2241K(2368K)
[2026-05-06T01:32:15.826+0100][6.380s][info][gc             ] GC(137) Pause Young (Concurrent Start) (G1 Humongous Allocation) 285M->203M(720M) 0.491ms
[2026-05-06T01:32:15.826+0100][6.380s][info][gc,cpu         ] GC(137) User=0.00s Sys=0.00s Real=0.00s
[2026-05-06T01:32:15.826+0100][6.380s][info][gc             ] GC(138) Concurrent Undo Cycle
[2026-05-06T01:32:15.826+0100][6.380s][info][gc,marking     ] GC(138) Concurrent Clear Claimed Marks
[2026-05-06T01:32:15.826+0100][6.380s][info][gc,marking     ] GC(138) Concurrent Clear Claimed Marks 0.006ms
[2026-05-06T01:32:15.826+0100][6.380s][info][gc,marking     ] GC(138) Concurrent Cleanup for Next Mark
[2026-05-06T01:32:15.826+0100][6.380s][info][gc,marking     ] GC(138) Concurrent Cleanup for Next Mark 0.039ms
[2026-05-06T01:32:15.826+0100][6.380s][info][gc             ] GC(138) Concurrent Undo Cycle 0.070ms
[2026-05-06T01:32:15.865+0100][6.419s][info][gc,start       ] GC(139) Pause Young (Concurrent Start) (G1 Humongous Allocation)
[2026-05-06T01:32:15.865+0100][6.419s][info][gc,task        ] GC(139) Using 9 workers of 9 for evacuation
[2026-05-06T01:32:15.865+0100][6.419s][info][gc,phases      ] GC(139)   Pre Evacuate Collection Set: 0.1ms
[2026-05-06T01:32:15.865+0100][6.419s][info][gc,phases      ] GC(139)   Merge Heap Roots: 0.0ms
[2026-05-06T01:32:15.865+0100][6.419s][info][gc,phases      ] GC(139)   Evacuate Collection Set: 0.1ms
[2026-05-06T01:32:15.865+0100][6.419s][info][gc,phases      ] GC(139)   Post Evacuate Collection Set: 0.1ms
[2026-05-06T01:32:15.865+0100][6.419s][info][gc,phases      ] GC(139)   Other: 0.0ms
[2026-05-06T01:32:15.865+0100][6.419s][info][gc,heap        ] GC(139) Eden regions: 4->0(215)
[2026-05-06T01:32:15.865+0100][6.419s][info][gc,heap        ] GC(139) Survivor regions: 1->1(27)
[2026-05-06T01:32:15.865+0100][6.419s][info][gc,heap        ] GC(139) Old regions: 12->12
[2026-05-06T01:32:15.865+0100][6.419s][info][gc,heap        ] GC(139) Humongous regions: 134->96
[2026-05-06T01:32:15.865+0100][6.419s][info][gc,metaspace   ] GC(139) Metaspace: 19127K(19456K)->19127K(19456K) NonClass: 16886K(17088K)->16886K(17088K) Class: 2241K(2368K)->2241K(2368K)
[2026-05-06T01:32:15.865+0100][6.419s][info][gc             ] GC(139) Pause Young (Concurrent Start) (G1 Humongous Allocation) 286M->203M(720M) 0.425ms
[2026-05-06T01:32:15.865+0100][6.419s][info][gc,cpu         ] GC(139) User=0.00s Sys=0.00s Real=0.00s
[2026-05-06T01:32:15.865+0100][6.419s][info][gc             ] GC(140) Concurrent Undo Cycle
[2026-05-06T01:32:15.865+0100][6.419s][info][gc,marking     ] GC(140) Concurrent Clear Claimed Marks
[2026-05-06T01:32:15.865+0100][6.419s][info][gc,marking     ] GC(140) Concurrent Clear Claimed Marks 0.006ms
[2026-05-06T01:32:15.865+0100][6.419s][info][gc,marking     ] GC(140) Concurrent Cleanup for Next Mark
[2026-05-06T01:32:15.865+0100][6.419s][info][gc,marking     ] GC(140) Concurrent Cleanup for Next Mark 0.023ms
[2026-05-06T01:32:15.866+0100][6.419s][info][gc             ] GC(140) Concurrent Undo Cycle 0.057ms
[2026-05-06T01:32:15.905+0100][6.459s][info][gc,start       ] GC(141) Pause Young (Concurrent Start) (G1 Humongous Allocation)
[2026-05-06T01:32:15.905+0100][6.459s][info][gc,task        ] GC(141) Using 9 workers of 9 for evacuation
[2026-05-06T01:32:15.905+0100][6.459s][info][gc,phases      ] GC(141)   Pre Evacuate Collection Set: 0.1ms
[2026-05-06T01:32:15.905+0100][6.459s][info][gc,phases      ] GC(141)   Merge Heap Roots: 0.0ms
[2026-05-06T01:32:15.905+0100][6.459s][info][gc,phases      ] GC(141)   Evacuate Collection Set: 0.1ms
[2026-05-06T01:32:15.905+0100][6.459s][info][gc,phases      ] GC(141)   Post Evacuate Collection Set: 0.1ms
[2026-05-06T01:32:15.905+0100][6.459s][info][gc,phases      ] GC(141)   Other: 0.0ms
[2026-05-06T01:32:15.905+0100][6.459s][info][gc,heap        ] GC(141) Eden regions: 4->0(215)
[2026-05-06T01:32:15.905+0100][6.459s][info][gc,heap        ] GC(141) Survivor regions: 1->1(27)
[2026-05-06T01:32:15.905+0100][6.459s][info][gc,heap        ] GC(141) Old regions: 12->12
[2026-05-06T01:32:15.905+0100][6.459s][info][gc,heap        ] GC(141) Humongous regions: 134->96
[2026-05-06T01:32:15.905+0100][6.459s][info][gc,metaspace   ] GC(141) Metaspace: 19127K(19456K)->19127K(19456K) NonClass: 16886K(17088K)->16886K(17088K) Class: 2241K(2368K)->2241K(2368K)
[2026-05-06T01:32:15.905+0100][6.459s][info][gc             ] GC(141) Pause Young (Concurrent Start) (G1 Humongous Allocation) 286M->203M(720M) 0.488ms
[2026-05-06T01:32:15.905+0100][6.459s][info][gc,cpu         ] GC(141) User=0.00s Sys=0.00s Real=0.00s
[2026-05-06T01:32:15.905+0100][6.459s][info][gc             ] GC(142) Concurrent Undo Cycle
[2026-05-06T01:32:15.905+0100][6.459s][info][gc,marking     ] GC(142) Concurrent Clear Claimed Marks
[2026-05-06T01:32:15.905+0100][6.459s][info][gc,marking     ] GC(142) Concurrent Clear Claimed Marks 0.007ms
[2026-05-06T01:32:15.905+0100][6.459s][info][gc,marking     ] GC(142) Concurrent Cleanup for Next Mark
[2026-05-06T01:32:15.905+0100][6.459s][info][gc,marking     ] GC(142) Concurrent Cleanup for Next Mark 0.029ms
[2026-05-06T01:32:15.905+0100][6.459s][info][gc             ] GC(142) Concurrent Undo Cycle 0.059ms
[2026-05-06T01:32:15.945+0100][6.499s][info][gc,start       ] GC(143) Pause Young (Concurrent Start) (G1 Humongous Allocation)
[2026-05-06T01:32:15.945+0100][6.499s][info][gc,task        ] GC(143) Using 9 workers of 9 for evacuation
[2026-05-06T01:32:15.946+0100][6.500s][info][gc,phases      ] GC(143)   Pre Evacuate Collection Set: 0.1ms
[2026-05-06T01:32:15.946+0100][6.500s][info][gc,phases      ] GC(143)   Merge Heap Roots: 0.0ms
[2026-05-06T01:32:15.946+0100][6.500s][info][gc,phases      ] GC(143)   Evacuate Collection Set: 0.2ms
[2026-05-06T01:32:15.946+0100][6.500s][info][gc,phases      ] GC(143)   Post Evacuate Collection Set: 0.1ms
[2026-05-06T01:32:15.946+0100][6.500s][info][gc,phases      ] GC(143)   Other: 0.0ms
[2026-05-06T01:32:15.946+0100][6.500s][info][gc,heap        ] GC(143) Eden regions: 4->0(215)
[2026-05-06T01:32:15.946+0100][6.500s][info][gc,heap        ] GC(143) Survivor regions: 1->1(27)
[2026-05-06T01:32:15.946+0100][6.500s][info][gc,heap        ] GC(143) Old regions: 12->12
[2026-05-06T01:32:15.946+0100][6.500s][info][gc,heap        ] GC(143) Humongous regions: 134->96
[2026-05-06T01:32:15.946+0100][6.500s][info][gc,metaspace   ] GC(143) Metaspace: 19138K(19520K)->19138K(19520K) NonClass: 16897K(17152K)->16897K(17152K) Class: 2241K(2368K)->2241K(2368K)
[2026-05-06T01:32:15.946+0100][6.500s][info][gc             ] GC(143) Pause Young (Concurrent Start) (G1 Humongous Allocation) 286M->203M(720M) 0.523ms
[2026-05-06T01:32:15.946+0100][6.500s][info][gc,cpu         ] GC(143) User=0.00s Sys=0.00s Real=0.00s
[2026-05-06T01:32:15.946+0100][6.500s][info][gc             ] GC(144) Concurrent Undo Cycle
[2026-05-06T01:32:15.946+0100][6.500s][info][gc,marking     ] GC(144) Concurrent Clear Claimed Marks
[2026-05-06T01:32:15.946+0100][6.500s][info][gc,marking     ] GC(144) Concurrent Clear Claimed Marks 0.007ms
[2026-05-06T01:32:15.946+0100][6.500s][info][gc,marking     ] GC(144) Concurrent Cleanup for Next Mark
[2026-05-06T01:32:15.946+0100][6.500s][info][gc,marking     ] GC(144) Concurrent Cleanup for Next Mark 0.028ms
[2026-05-06T01:32:15.946+0100][6.500s][info][gc             ] GC(144) Concurrent Undo Cycle 0.062ms
[2026-05-06T01:32:15.985+0100][6.539s][info][gc,start       ] GC(145) Pause Young (Concurrent Start) (G1 Humongous Allocation)
[2026-05-06T01:32:15.985+0100][6.539s][info][gc,task        ] GC(145) Using 9 workers of 9 for evacuation
[2026-05-06T01:32:15.986+0100][6.540s][info][gc,phases      ] GC(145)   Pre Evacuate Collection Set: 0.1ms
[2026-05-06T01:32:15.986+0100][6.540s][info][gc,phases      ] GC(145)   Merge Heap Roots: 0.0ms
[2026-05-06T01:32:15.986+0100][6.540s][info][gc,phases      ] GC(145)   Evacuate Collection Set: 0.2ms
[2026-05-06T01:32:15.986+0100][6.540s][info][gc,phases      ] GC(145)   Post Evacuate Collection Set: 0.1ms
[2026-05-06T01:32:15.986+0100][6.540s][info][gc,phases      ] GC(145)   Other: 0.0ms
[2026-05-06T01:32:15.986+0100][6.540s][info][gc,heap        ] GC(145) Eden regions: 4->0(215)
[2026-05-06T01:32:15.986+0100][6.540s][info][gc,heap        ] GC(145) Survivor regions: 1->1(27)
[2026-05-06T01:32:15.986+0100][6.540s][info][gc,heap        ] GC(145) Old regions: 12->12
[2026-05-06T01:32:15.986+0100][6.540s][info][gc,heap        ] GC(145) Humongous regions: 134->96
[2026-05-06T01:32:15.986+0100][6.540s][info][gc,metaspace   ] GC(145) Metaspace: 19138K(19520K)->19138K(19520K) NonClass: 16897K(17152K)->16897K(17152K) Class: 2241K(2368K)->2241K(2368K)
[2026-05-06T01:32:15.986+0100][6.540s][info][gc             ] GC(145) Pause Young (Concurrent Start) (G1 Humongous Allocation) 286M->203M(720M) 0.497ms
[2026-05-06T01:32:15.986+0100][6.540s][info][gc,cpu         ] GC(145) User=0.00s Sys=0.00s Real=0.00s
[2026-05-06T01:32:15.986+0100][6.540s][info][gc             ] GC(146) Concurrent Undo Cycle
[2026-05-06T01:32:15.986+0100][6.540s][info][gc,marking     ] GC(146) Concurrent Clear Claimed Marks
[2026-05-06T01:32:15.986+0100][6.540s][info][gc,marking     ] GC(146) Concurrent Clear Claimed Marks 0.007ms
[2026-05-06T01:32:15.986+0100][6.540s][info][gc,marking     ] GC(146) Concurrent Cleanup for Next Mark
[2026-05-06T01:32:15.986+0100][6.540s][info][gc,marking     ] GC(146) Concurrent Cleanup for Next Mark 0.034ms
[2026-05-06T01:32:15.986+0100][6.540s][info][gc             ] GC(146) Concurrent Undo Cycle 0.069ms
[2026-05-06T01:32:15.998+0100][6.552s][info][gc,start       ] GC(147) Pause Full (System.gc())
[2026-05-06T01:32:15.998+0100][6.552s][info][gc,task        ] GC(147) Using 9 workers of 9 for full compaction
[2026-05-06T01:32:15.998+0100][6.552s][info][gc,phases,start] GC(147) Phase 1: Mark live objects
[2026-05-06T01:32:16.001+0100][6.555s][info][gc,phases      ] GC(147) Phase 1: Mark live objects 2.678ms
[2026-05-06T01:32:16.001+0100][6.555s][info][gc,phases,start] GC(147) Phase 2: Prepare compaction
[2026-05-06T01:32:16.001+0100][6.555s][info][gc,phases      ] GC(147) Phase 2: Prepare compaction 0.304ms
[2026-05-06T01:32:16.001+0100][6.555s][info][gc,phases,start] GC(147) Phase 3: Adjust pointers
[2026-05-06T01:32:16.003+0100][6.557s][info][gc,phases      ] GC(147) Phase 3: Adjust pointers 1.732ms
[2026-05-06T01:32:16.003+0100][6.557s][info][gc,phases,start] GC(147) Phase 4: Compact heap
[2026-05-06T01:32:16.003+0100][6.557s][info][gc,phases      ] GC(147) Phase 4: Compact heap 0.269ms
[2026-05-06T01:32:16.003+0100][6.557s][info][gc,phases,start] GC(147) Phase 5: Reset Metadata
[2026-05-06T01:32:16.003+0100][6.557s][info][gc,phases      ] GC(147) Phase 5: Reset Metadata 0.318ms
[2026-05-06T01:32:16.004+0100][6.558s][info][gc,heap        ] GC(147) Eden regions: 2->0(216)
[2026-05-06T01:32:16.004+0100][6.558s][info][gc,heap        ] GC(147) Survivor regions: 1->0(27)
[2026-05-06T01:32:16.004+0100][6.558s][info][gc,heap        ] GC(147) Old regions: 12->12
[2026-05-06T01:32:16.004+0100][6.558s][info][gc,heap        ] GC(147) Humongous regions: 115->96
[2026-05-06T01:32:16.004+0100][6.558s][info][gc,metaspace   ] GC(147) Metaspace: 19138K(19520K)->19138K(19520K) NonClass: 16897K(17152K)->16897K(17152K) Class: 2241K(2368K)->2241K(2368K)
[2026-05-06T01:32:16.004+0100][6.558s][info][gc             ] GC(147) Pause Full (System.gc()) 244M->203M(720M) 5.863ms
[2026-05-06T01:32:16.004+0100][6.558s][info][gc,cpu         ] GC(147) User=0.02s Sys=0.01s Real=0.01s
[2026-05-06T01:32:16.051+0100][6.605s][info][gc,start       ] GC(148) Pause Young (Concurrent Start) (G1 Humongous Allocation)
[2026-05-06T01:32:16.051+0100][6.605s][info][gc,task        ] GC(148) Using 9 workers of 9 for evacuation
[2026-05-06T01:32:16.051+0100][6.605s][info][gc,phases      ] GC(148)   Pre Evacuate Collection Set: 0.1ms
[2026-05-06T01:32:16.051+0100][6.605s][info][gc,phases      ] GC(148)   Merge Heap Roots: 0.0ms
[2026-05-06T01:32:16.051+0100][6.605s][info][gc,phases      ] GC(148)   Evacuate Collection Set: 0.2ms
[2026-05-06T01:32:16.051+0100][6.605s][info][gc,phases      ] GC(148)   Post Evacuate Collection Set: 0.1ms
[2026-05-06T01:32:16.051+0100][6.605s][info][gc,phases      ] GC(148)   Other: 0.0ms
[2026-05-06T01:32:16.051+0100][6.605s][info][gc,heap        ] GC(148) Eden regions: 5->0(215)
[2026-05-06T01:32:16.051+0100][6.605s][info][gc,heap        ] GC(148) Survivor regions: 0->1(27)
[2026-05-06T01:32:16.051+0100][6.605s][info][gc,heap        ] GC(148) Old regions: 12->12
[2026-05-06T01:32:16.051+0100][6.605s][info][gc,heap        ] GC(148) Humongous regions: 134->96
[2026-05-06T01:32:16.051+0100][6.605s][info][gc,metaspace   ] GC(148) Metaspace: 19138K(19520K)->19138K(19520K) NonClass: 16897K(17152K)->16897K(17152K) Class: 2241K(2368K)->2241K(2368K)
[2026-05-06T01:32:16.051+0100][6.605s][info][gc             ] GC(148) Pause Young (Concurrent Start) (G1 Humongous Allocation) 288M->203M(720M) 0.523ms
[2026-05-06T01:32:16.051+0100][6.605s][info][gc,cpu         ] GC(148) User=0.00s Sys=0.00s Real=0.00s
[2026-05-06T01:32:16.051+0100][6.605s][info][gc             ] GC(149) Concurrent Undo Cycle
[2026-05-06T01:32:16.051+0100][6.605s][info][gc,marking     ] GC(149) Concurrent Clear Claimed Marks
[2026-05-06T01:32:16.051+0100][6.605s][info][gc,marking     ] GC(149) Concurrent Clear Claimed Marks 0.007ms
[2026-05-06T01:32:16.051+0100][6.605s][info][gc,marking     ] GC(149) Concurrent Cleanup for Next Mark
[2026-05-06T01:32:16.051+0100][6.605s][info][gc,marking     ] GC(149) Concurrent Cleanup for Next Mark 0.025ms
[2026-05-06T01:32:16.051+0100][6.605s][info][gc             ] GC(149) Concurrent Undo Cycle 0.057ms
[2026-05-06T01:32:16.090+0100][6.644s][info][gc,start       ] GC(150) Pause Young (Concurrent Start) (G1 Humongous Allocation)
[2026-05-06T01:32:16.090+0100][6.644s][info][gc,task        ] GC(150) Using 9 workers of 9 for evacuation
[2026-05-06T01:32:16.091+0100][6.645s][info][gc,phases      ] GC(150)   Pre Evacuate Collection Set: 0.1ms
[2026-05-06T01:32:16.091+0100][6.645s][info][gc,phases      ] GC(150)   Merge Heap Roots: 0.0ms
[2026-05-06T01:32:16.091+0100][6.645s][info][gc,phases      ] GC(150)   Evacuate Collection Set: 0.1ms
[2026-05-06T01:32:16.091+0100][6.645s][info][gc,phases      ] GC(150)   Post Evacuate Collection Set: 0.1ms
[2026-05-06T01:32:16.091+0100][6.645s][info][gc,phases      ] GC(150)   Other: 0.0ms
[2026-05-06T01:32:16.091+0100][6.645s][info][gc,heap        ] GC(150) Eden regions: 3->0(215)
[2026-05-06T01:32:16.091+0100][6.645s][info][gc,heap        ] GC(150) Survivor regions: 1->1(27)
[2026-05-06T01:32:16.091+0100][6.645s][info][gc,heap        ] GC(150) Old regions: 12->12
[2026-05-06T01:32:16.091+0100][6.645s][info][gc,heap        ] GC(150) Humongous regions: 134->96
[2026-05-06T01:32:16.091+0100][6.645s][info][gc,metaspace   ] GC(150) Metaspace: 19138K(19520K)->19138K(19520K) NonClass: 16897K(17152K)->16897K(17152K) Class: 2241K(2368K)->2241K(2368K)
[2026-05-06T01:32:16.091+0100][6.645s][info][gc             ] GC(150) Pause Young (Concurrent Start) (G1 Humongous Allocation) 285M->203M(720M) 0.478ms
[2026-05-06T01:32:16.091+0100][6.645s][info][gc,cpu         ] GC(150) User=0.00s Sys=0.00s Real=0.00s
[2026-05-06T01:32:16.091+0100][6.645s][info][gc             ] GC(151) Concurrent Undo Cycle
[2026-05-06T01:32:16.091+0100][6.645s][info][gc,marking     ] GC(151) Concurrent Clear Claimed Marks
[2026-05-06T01:32:16.091+0100][6.645s][info][gc,marking     ] GC(151) Concurrent Clear Claimed Marks 0.007ms
[2026-05-06T01:32:16.091+0100][6.645s][info][gc,marking     ] GC(151) Concurrent Cleanup for Next Mark
[2026-05-06T01:32:16.091+0100][6.645s][info][gc,marking     ] GC(151) Concurrent Cleanup for Next Mark 0.028ms
[2026-05-06T01:32:16.091+0100][6.645s][info][gc             ] GC(151) Concurrent Undo Cycle 0.062ms
[2026-05-06T01:32:16.130+0100][6.684s][info][gc,start       ] GC(152) Pause Young (Concurrent Start) (G1 Humongous Allocation)
[2026-05-06T01:32:16.130+0100][6.684s][info][gc,task        ] GC(152) Using 9 workers of 9 for evacuation
[2026-05-06T01:32:16.131+0100][6.685s][info][gc,phases      ] GC(152)   Pre Evacuate Collection Set: 0.1ms
[2026-05-06T01:32:16.131+0100][6.685s][info][gc,phases      ] GC(152)   Merge Heap Roots: 0.0ms
[2026-05-06T01:32:16.131+0100][6.685s][info][gc,phases      ] GC(152)   Evacuate Collection Set: 0.1ms
[2026-05-06T01:32:16.131+0100][6.685s][info][gc,phases      ] GC(152)   Post Evacuate Collection Set: 0.1ms
[2026-05-06T01:32:16.131+0100][6.685s][info][gc,phases      ] GC(152)   Other: 0.0ms
[2026-05-06T01:32:16.131+0100][6.685s][info][gc,heap        ] GC(152) Eden regions: 4->0(215)
[2026-05-06T01:32:16.131+0100][6.685s][info][gc,heap        ] GC(152) Survivor regions: 1->1(27)
[2026-05-06T01:32:16.131+0100][6.685s][info][gc,heap        ] GC(152) Old regions: 12->12
[2026-05-06T01:32:16.131+0100][6.685s][info][gc,heap        ] GC(152) Humongous regions: 134->96
[2026-05-06T01:32:16.131+0100][6.685s][info][gc,metaspace   ] GC(152) Metaspace: 19138K(19520K)->19138K(19520K) NonClass: 16897K(17152K)->16897K(17152K) Class: 2241K(2368K)->2241K(2368K)
[2026-05-06T01:32:16.131+0100][6.685s][info][gc             ] GC(152) Pause Young (Concurrent Start) (G1 Humongous Allocation) 286M->203M(720M) 0.456ms
[2026-05-06T01:32:16.131+0100][6.685s][info][gc,cpu         ] GC(152) User=0.00s Sys=0.00s Real=0.00s
[2026-05-06T01:32:16.131+0100][6.685s][info][gc             ] GC(153) Concurrent Undo Cycle
[2026-05-06T01:32:16.131+0100][6.685s][info][gc,marking     ] GC(153) Concurrent Clear Claimed Marks
[2026-05-06T01:32:16.131+0100][6.685s][info][gc,marking     ] GC(153) Concurrent Clear Claimed Marks 0.006ms
[2026-05-06T01:32:16.131+0100][6.685s][info][gc,marking     ] GC(153) Concurrent Cleanup for Next Mark
[2026-05-06T01:32:16.131+0100][6.685s][info][gc,marking     ] GC(153) Concurrent Cleanup for Next Mark 0.030ms
[2026-05-06T01:32:16.131+0100][6.685s][info][gc             ] GC(153) Concurrent Undo Cycle 0.061ms
[2026-05-06T01:32:16.170+0100][6.724s][info][gc,start       ] GC(154) Pause Young (Concurrent Start) (G1 Humongous Allocation)
[2026-05-06T01:32:16.170+0100][6.724s][info][gc,task        ] GC(154) Using 9 workers of 9 for evacuation
[2026-05-06T01:32:16.170+0100][6.724s][info][gc,phases      ] GC(154)   Pre Evacuate Collection Set: 0.1ms
[2026-05-06T01:32:16.170+0100][6.724s][info][gc,phases      ] GC(154)   Merge Heap Roots: 0.0ms
[2026-05-06T01:32:16.170+0100][6.724s][info][gc,phases      ] GC(154)   Evacuate Collection Set: 0.1ms
[2026-05-06T01:32:16.171+0100][6.724s][info][gc,phases      ] GC(154)   Post Evacuate Collection Set: 0.1ms
[2026-05-06T01:32:16.171+0100][6.724s][info][gc,phases      ] GC(154)   Other: 0.0ms
[2026-05-06T01:32:16.171+0100][6.724s][info][gc,heap        ] GC(154) Eden regions: 4->0(215)
[2026-05-06T01:32:16.171+0100][6.724s][info][gc,heap        ] GC(154) Survivor regions: 1->1(27)
[2026-05-06T01:32:16.171+0100][6.724s][info][gc,heap        ] GC(154) Old regions: 12->12
[2026-05-06T01:32:16.171+0100][6.724s][info][gc,heap        ] GC(154) Humongous regions: 134->96
[2026-05-06T01:32:16.171+0100][6.724s][info][gc,metaspace   ] GC(154) Metaspace: 19138K(19520K)->19138K(19520K) NonClass: 16897K(17152K)->16897K(17152K) Class: 2241K(2368K)->2241K(2368K)
[2026-05-06T01:32:16.171+0100][6.724s][info][gc             ] GC(154) Pause Young (Concurrent Start) (G1 Humongous Allocation) 286M->203M(720M) 0.449ms
[2026-05-06T01:32:16.171+0100][6.724s][info][gc,cpu         ] GC(154) User=0.00s Sys=0.00s Real=0.00s
[2026-05-06T01:32:16.171+0100][6.724s][info][gc             ] GC(155) Concurrent Undo Cycle
[2026-05-06T01:32:16.171+0100][6.724s][info][gc,marking     ] GC(155) Concurrent Clear Claimed Marks
[2026-05-06T01:32:16.171+0100][6.725s][info][gc,marking     ] GC(155) Concurrent Clear Claimed Marks 0.006ms
[2026-05-06T01:32:16.171+0100][6.725s][info][gc,marking     ] GC(155) Concurrent Cleanup for Next Mark
[2026-05-06T01:32:16.171+0100][6.725s][info][gc,marking     ] GC(155) Concurrent Cleanup for Next Mark 0.031ms
[2026-05-06T01:32:16.171+0100][6.725s][info][gc             ] GC(155) Concurrent Undo Cycle 0.062ms
[2026-05-06T01:32:16.207+0100][6.761s][info][gc,start       ] GC(156) Pause Young (Concurrent Start) (G1 Humongous Allocation)
[2026-05-06T01:32:16.207+0100][6.761s][info][gc,task        ] GC(156) Using 9 workers of 9 for evacuation
[2026-05-06T01:32:16.207+0100][6.761s][info][gc,phases      ] GC(156)   Pre Evacuate Collection Set: 0.1ms
[2026-05-06T01:32:16.207+0100][6.761s][info][gc,phases      ] GC(156)   Merge Heap Roots: 0.0ms
[2026-05-06T01:32:16.207+0100][6.761s][info][gc,phases      ] GC(156)   Evacuate Collection Set: 0.1ms
[2026-05-06T01:32:16.207+0100][6.761s][info][gc,phases      ] GC(156)   Post Evacuate Collection Set: 0.1ms
[2026-05-06T01:32:16.207+0100][6.761s][info][gc,phases      ] GC(156)   Other: 0.0ms
[2026-05-06T01:32:16.207+0100][6.761s][info][gc,heap        ] GC(156) Eden regions: 3->0(215)
[2026-05-06T01:32:16.207+0100][6.761s][info][gc,heap        ] GC(156) Survivor regions: 1->1(27)
[2026-05-06T01:32:16.207+0100][6.761s][info][gc,heap        ] GC(156) Old regions: 12->12
[2026-05-06T01:32:16.207+0100][6.761s][info][gc,heap        ] GC(156) Humongous regions: 134->96
[2026-05-06T01:32:16.207+0100][6.761s][info][gc,metaspace   ] GC(156) Metaspace: 19139K(19520K)->19139K(19520K) NonClass: 16898K(17152K)->16898K(17152K) Class: 2241K(2368K)->2241K(2368K)
[2026-05-06T01:32:16.207+0100][6.761s][info][gc             ] GC(156) Pause Young (Concurrent Start) (G1 Humongous Allocation) 284M->203M(720M) 0.425ms
[2026-05-06T01:32:16.207+0100][6.761s][info][gc,cpu         ] GC(156) User=0.00s Sys=0.00s Real=0.00s
[2026-05-06T01:32:16.207+0100][6.761s][info][gc             ] GC(157) Concurrent Undo Cycle
[2026-05-06T01:32:16.207+0100][6.761s][info][gc,marking     ] GC(157) Concurrent Clear Claimed Marks
[2026-05-06T01:32:16.207+0100][6.761s][info][gc,marking     ] GC(157) Concurrent Clear Claimed Marks 0.007ms
[2026-05-06T01:32:16.207+0100][6.761s][info][gc,marking     ] GC(157) Concurrent Cleanup for Next Mark
[2026-05-06T01:32:16.207+0100][6.761s][info][gc,marking     ] GC(157) Concurrent Cleanup for Next Mark 0.030ms
[2026-05-06T01:32:16.207+0100][6.761s][info][gc             ] GC(157) Concurrent Undo Cycle 0.064ms
[2026-05-06T01:32:16.229+0100][6.783s][info][gc,start       ] GC(158) Pause Young (Concurrent Start) (G1 Humongous Allocation)
[2026-05-06T01:32:16.229+0100][6.783s][info][gc,task        ] GC(158) Using 9 workers of 9 for evacuation
[2026-05-06T01:32:16.229+0100][6.783s][info][gc,phases      ] GC(158)   Pre Evacuate Collection Set: 0.1ms
[2026-05-06T01:32:16.229+0100][6.783s][info][gc,phases      ] GC(158)   Merge Heap Roots: 0.0ms
[2026-05-06T01:32:16.229+0100][6.783s][info][gc,phases      ] GC(158)   Evacuate Collection Set: 0.2ms
[2026-05-06T01:32:16.229+0100][6.783s][info][gc,phases      ] GC(158)   Post Evacuate Collection Set: 0.1ms
[2026-05-06T01:32:16.229+0100][6.783s][info][gc,phases      ] GC(158)   Other: 0.0ms
[2026-05-06T01:32:16.229+0100][6.783s][info][gc,heap        ] GC(158) Eden regions: 1->0(215)
[2026-05-06T01:32:16.229+0100][6.783s][info][gc,heap        ] GC(158) Survivor regions: 1->1(27)
[2026-05-06T01:32:16.229+0100][6.783s][info][gc,heap        ] GC(158) Old regions: 12->12
[2026-05-06T01:32:16.229+0100][6.783s][info][gc,heap        ] GC(158) Humongous regions: 134->96
[2026-05-06T01:32:16.229+0100][6.783s][info][gc,metaspace   ] GC(158) Metaspace: 19139K(19520K)->19139K(19520K) NonClass: 16898K(17152K)->16898K(17152K) Class: 2241K(2368K)->2241K(2368K)
[2026-05-06T01:32:16.229+0100][6.783s][info][gc             ] GC(158) Pause Young (Concurrent Start) (G1 Humongous Allocation) 280M->203M(720M) 0.489ms
[2026-05-06T01:32:16.229+0100][6.783s][info][gc,cpu         ] GC(158) User=0.00s Sys=0.00s Real=0.00s
[2026-05-06T01:32:16.229+0100][6.783s][info][gc             ] GC(159) Concurrent Undo Cycle
[2026-05-06T01:32:16.229+0100][6.783s][info][gc,marking     ] GC(159) Concurrent Clear Claimed Marks
[2026-05-06T01:32:16.229+0100][6.783s][info][gc,marking     ] GC(159) Concurrent Clear Claimed Marks 0.007ms
[2026-05-06T01:32:16.229+0100][6.783s][info][gc,marking     ] GC(159) Concurrent Cleanup for Next Mark
[2026-05-06T01:32:16.229+0100][6.783s][info][gc,marking     ] GC(159) Concurrent Cleanup for Next Mark 0.023ms
[2026-05-06T01:32:16.229+0100][6.783s][info][gc             ] GC(159) Concurrent Undo Cycle 0.054ms
[2026-05-06T01:32:16.236+0100][6.790s][info][gc,start       ] GC(160) Pause Full (System.gc())
[2026-05-06T01:32:16.236+0100][6.790s][info][gc,task        ] GC(160) Using 9 workers of 9 for full compaction
[2026-05-06T01:32:16.236+0100][6.790s][info][gc,phases,start] GC(160) Phase 1: Mark live objects
[2026-05-06T01:32:16.238+0100][6.792s][info][gc,phases      ] GC(160) Phase 1: Mark live objects 2.289ms
[2026-05-06T01:32:16.238+0100][6.792s][info][gc,phases,start] GC(160) Phase 2: Prepare compaction
[2026-05-06T01:32:16.239+0100][6.792s][info][gc,phases      ] GC(160) Phase 2: Prepare compaction 0.324ms
[2026-05-06T01:32:16.239+0100][6.792s][info][gc,phases,start] GC(160) Phase 3: Adjust pointers
[2026-05-06T01:32:16.240+0100][6.794s][info][gc,phases      ] GC(160) Phase 3: Adjust pointers 1.797ms
[2026-05-06T01:32:16.240+0100][6.794s][info][gc,phases,start] GC(160) Phase 4: Compact heap
[2026-05-06T01:32:16.241+0100][6.795s][info][gc,phases      ] GC(160) Phase 4: Compact heap 0.252ms
[2026-05-06T01:32:16.241+0100][6.795s][info][gc,phases,start] GC(160) Phase 5: Reset Metadata
[2026-05-06T01:32:16.241+0100][6.795s][info][gc,phases      ] GC(160) Phase 5: Reset Metadata 0.322ms
[2026-05-06T01:32:16.241+0100][6.795s][info][gc,heap        ] GC(160) Eden regions: 1->0(216)
[2026-05-06T01:32:16.241+0100][6.795s][info][gc,heap        ] GC(160) Survivor regions: 1->0(27)
[2026-05-06T01:32:16.241+0100][6.795s][info][gc,heap        ] GC(160) Old regions: 12->12
[2026-05-06T01:32:16.241+0100][6.795s][info][gc,heap        ] GC(160) Humongous regions: 115->96
[2026-05-06T01:32:16.241+0100][6.795s][info][gc,metaspace   ] GC(160) Metaspace: 19139K(19520K)->19139K(19520K) NonClass: 16898K(17152K)->16898K(17152K) Class: 2241K(2368K)->2241K(2368K)
[2026-05-06T01:32:16.241+0100][6.795s][info][gc             ] GC(160) Pause Full (System.gc()) 242M->203M(720M) 5.623ms
[2026-05-06T01:32:16.241+0100][6.795s][info][gc,cpu         ] GC(160) User=0.02s Sys=0.00s Real=0.01s
[2026-05-06T01:32:16.267+0100][6.821s][info][gc,start       ] GC(161) Pause Young (Concurrent Start) (G1 Humongous Allocation)
[2026-05-06T01:32:16.267+0100][6.821s][info][gc,task        ] GC(161) Using 9 workers of 9 for evacuation
[2026-05-06T01:32:16.267+0100][6.821s][info][gc,phases      ] GC(161)   Pre Evacuate Collection Set: 0.1ms
[2026-05-06T01:32:16.267+0100][6.821s][info][gc,phases      ] GC(161)   Merge Heap Roots: 0.0ms
[2026-05-06T01:32:16.267+0100][6.821s][info][gc,phases      ] GC(161)   Evacuate Collection Set: 0.2ms
[2026-05-06T01:32:16.267+0100][6.821s][info][gc,phases      ] GC(161)   Post Evacuate Collection Set: 0.1ms
[2026-05-06T01:32:16.267+0100][6.821s][info][gc,phases      ] GC(161)   Other: 0.0ms
[2026-05-06T01:32:16.267+0100][6.821s][info][gc,heap        ] GC(161) Eden regions: 1->0(215)
[2026-05-06T01:32:16.267+0100][6.821s][info][gc,heap        ] GC(161) Survivor regions: 0->1(27)
[2026-05-06T01:32:16.267+0100][6.821s][info][gc,heap        ] GC(161) Old regions: 12->12
[2026-05-06T01:32:16.267+0100][6.821s][info][gc,heap        ] GC(161) Humongous regions: 134->96
[2026-05-06T01:32:16.267+0100][6.821s][info][gc,metaspace   ] GC(161) Metaspace: 19139K(19520K)->19139K(19520K) NonClass: 16898K(17152K)->16898K(17152K) Class: 2241K(2368K)->2241K(2368K)
[2026-05-06T01:32:16.267+0100][6.821s][info][gc             ] GC(161) Pause Young (Concurrent Start) (G1 Humongous Allocation) 280M->203M(720M) 0.490ms
[2026-05-06T01:32:16.267+0100][6.821s][info][gc,cpu         ] GC(161) User=0.00s Sys=0.00s Real=0.00s
[2026-05-06T01:32:16.267+0100][6.821s][info][gc             ] GC(162) Concurrent Undo Cycle
[2026-05-06T01:32:16.267+0100][6.821s][info][gc,marking     ] GC(162) Concurrent Clear Claimed Marks
[2026-05-06T01:32:16.267+0100][6.821s][info][gc,marking     ] GC(162) Concurrent Clear Claimed Marks 0.005ms
[2026-05-06T01:32:16.267+0100][6.821s][info][gc,marking     ] GC(162) Concurrent Cleanup for Next Mark
[2026-05-06T01:32:16.267+0100][6.821s][info][gc,marking     ] GC(162) Concurrent Cleanup for Next Mark 0.025ms
[2026-05-06T01:32:16.267+0100][6.821s][info][gc             ] GC(162) Concurrent Undo Cycle 0.069ms
[2026-05-06T01:32:16.288+0100][6.842s][info][gc,start       ] GC(163) Pause Young (Concurrent Start) (G1 Humongous Allocation)
[2026-05-06T01:32:16.288+0100][6.842s][info][gc,task        ] GC(163) Using 9 workers of 9 for evacuation
[2026-05-06T01:32:16.289+0100][6.843s][info][gc,phases      ] GC(163)   Pre Evacuate Collection Set: 0.1ms
[2026-05-06T01:32:16.289+0100][6.843s][info][gc,phases      ] GC(163)   Merge Heap Roots: 0.0ms
[2026-05-06T01:32:16.289+0100][6.843s][info][gc,phases      ] GC(163)   Evacuate Collection Set: 0.1ms
[2026-05-06T01:32:16.289+0100][6.843s][info][gc,phases      ] GC(163)   Post Evacuate Collection Set: 0.1ms
[2026-05-06T01:32:16.289+0100][6.843s][info][gc,phases      ] GC(163)   Other: 0.0ms
[2026-05-06T01:32:16.289+0100][6.843s][info][gc,heap        ] GC(163) Eden regions: 1->0(215)
[2026-05-06T01:32:16.289+0100][6.843s][info][gc,heap        ] GC(163) Survivor regions: 1->1(27)
[2026-05-06T01:32:16.289+0100][6.843s][info][gc,heap        ] GC(163) Old regions: 12->12
[2026-05-06T01:32:16.289+0100][6.843s][info][gc,heap        ] GC(163) Humongous regions: 134->96
[2026-05-06T01:32:16.289+0100][6.843s][info][gc,metaspace   ] GC(163) Metaspace: 19139K(19520K)->19139K(19520K) NonClass: 16898K(17152K)->16898K(17152K) Class: 2241K(2368K)->2241K(2368K)
[2026-05-06T01:32:16.289+0100][6.843s][info][gc             ] GC(163) Pause Young (Concurrent Start) (G1 Humongous Allocation) 280M->203M(720M) 0.435ms
[2026-05-06T01:32:16.289+0100][6.843s][info][gc,cpu         ] GC(163) User=0.00s Sys=0.00s Real=0.00s
[2026-05-06T01:32:16.289+0100][6.843s][info][gc             ] GC(164) Concurrent Undo Cycle
[2026-05-06T01:32:16.289+0100][6.843s][info][gc,marking     ] GC(164) Concurrent Clear Claimed Marks
[2026-05-06T01:32:16.289+0100][6.843s][info][gc,marking     ] GC(164) Concurrent Clear Claimed Marks 0.005ms
[2026-05-06T01:32:16.289+0100][6.843s][info][gc,marking     ] GC(164) Concurrent Cleanup for Next Mark
[2026-05-06T01:32:16.289+0100][6.843s][info][gc,marking     ] GC(164) Concurrent Cleanup for Next Mark 0.035ms
[2026-05-06T01:32:16.289+0100][6.843s][info][gc             ] GC(164) Concurrent Undo Cycle 0.063ms
[2026-05-06T01:32:16.310+0100][6.864s][info][gc,start       ] GC(165) Pause Young (Concurrent Start) (G1 Humongous Allocation)
[2026-05-06T01:32:16.310+0100][6.864s][info][gc,task        ] GC(165) Using 9 workers of 9 for evacuation
[2026-05-06T01:32:16.310+0100][6.864s][info][gc,phases      ] GC(165)   Pre Evacuate Collection Set: 0.1ms
[2026-05-06T01:32:16.310+0100][6.864s][info][gc,phases      ] GC(165)   Merge Heap Roots: 0.0ms
[2026-05-06T01:32:16.310+0100][6.864s][info][gc,phases      ] GC(165)   Evacuate Collection Set: 0.1ms
[2026-05-06T01:32:16.310+0100][6.864s][info][gc,phases      ] GC(165)   Post Evacuate Collection Set: 0.1ms
[2026-05-06T01:32:16.310+0100][6.864s][info][gc,phases      ] GC(165)   Other: 0.0ms
[2026-05-06T01:32:16.310+0100][6.864s][info][gc,heap        ] GC(165) Eden regions: 1->0(215)
[2026-05-06T01:32:16.310+0100][6.864s][info][gc,heap        ] GC(165) Survivor regions: 1->1(27)
[2026-05-06T01:32:16.310+0100][6.864s][info][gc,heap        ] GC(165) Old regions: 12->12
[2026-05-06T01:32:16.310+0100][6.864s][info][gc,heap        ] GC(165) Humongous regions: 134->96
[2026-05-06T01:32:16.310+0100][6.864s][info][gc,metaspace   ] GC(165) Metaspace: 19139K(19520K)->19139K(19520K) NonClass: 16898K(17152K)->16898K(17152K) Class: 2241K(2368K)->2241K(2368K)
[2026-05-06T01:32:16.310+0100][6.864s][info][gc             ] GC(165) Pause Young (Concurrent Start) (G1 Humongous Allocation) 280M->203M(720M) 0.442ms
[2026-05-06T01:32:16.310+0100][6.864s][info][gc,cpu         ] GC(165) User=0.00s Sys=0.00s Real=0.00s
[2026-05-06T01:32:16.310+0100][6.864s][info][gc             ] GC(166) Concurrent Undo Cycle
[2026-05-06T01:32:16.310+0100][6.864s][info][gc,marking     ] GC(166) Concurrent Clear Claimed Marks
[2026-05-06T01:32:16.310+0100][6.864s][info][gc,marking     ] GC(166) Concurrent Clear Claimed Marks 0.007ms
[2026-05-06T01:32:16.310+0100][6.864s][info][gc,marking     ] GC(166) Concurrent Cleanup for Next Mark
[2026-05-06T01:32:16.310+0100][6.864s][info][gc,marking     ] GC(166) Concurrent Cleanup for Next Mark 0.039ms
[2026-05-06T01:32:16.310+0100][6.864s][info][gc             ] GC(166) Concurrent Undo Cycle 0.070ms
[2026-05-06T01:32:16.331+0100][6.885s][info][gc,start       ] GC(167) Pause Young (Concurrent Start) (G1 Humongous Allocation)
[2026-05-06T01:32:16.331+0100][6.885s][info][gc,task        ] GC(167) Using 9 workers of 9 for evacuation
[2026-05-06T01:32:16.331+0100][6.885s][info][gc,phases      ] GC(167)   Pre Evacuate Collection Set: 0.1ms
[2026-05-06T01:32:16.331+0100][6.885s][info][gc,phases      ] GC(167)   Merge Heap Roots: 0.0ms
[2026-05-06T01:32:16.331+0100][6.885s][info][gc,phases      ] GC(167)   Evacuate Collection Set: 0.1ms
[2026-05-06T01:32:16.331+0100][6.885s][info][gc,phases      ] GC(167)   Post Evacuate Collection Set: 0.1ms
[2026-05-06T01:32:16.331+0100][6.885s][info][gc,phases      ] GC(167)   Other: 0.0ms
[2026-05-06T01:32:16.331+0100][6.885s][info][gc,heap        ] GC(167) Eden regions: 1->0(215)
[2026-05-06T01:32:16.331+0100][6.885s][info][gc,heap        ] GC(167) Survivor regions: 1->1(27)
[2026-05-06T01:32:16.331+0100][6.885s][info][gc,heap        ] GC(167) Old regions: 12->12
[2026-05-06T01:32:16.331+0100][6.885s][info][gc,heap        ] GC(167) Humongous regions: 134->96
[2026-05-06T01:32:16.331+0100][6.885s][info][gc,metaspace   ] GC(167) Metaspace: 19139K(19520K)->19139K(19520K) NonClass: 16898K(17152K)->16898K(17152K) Class: 2241K(2368K)->2241K(2368K)
[2026-05-06T01:32:16.331+0100][6.885s][info][gc             ] GC(167) Pause Young (Concurrent Start) (G1 Humongous Allocation) 280M->203M(720M) 0.420ms
[2026-05-06T01:32:16.331+0100][6.885s][info][gc,cpu         ] GC(167) User=0.00s Sys=0.00s Real=0.00s
[2026-05-06T01:32:16.332+0100][6.885s][info][gc             ] GC(168) Concurrent Undo Cycle
[2026-05-06T01:32:16.332+0100][6.885s][info][gc,marking     ] GC(168) Concurrent Clear Claimed Marks
[2026-05-06T01:32:16.332+0100][6.885s][info][gc,marking     ] GC(168) Concurrent Clear Claimed Marks 0.006ms
[2026-05-06T01:32:16.332+0100][6.885s][info][gc,marking     ] GC(168) Concurrent Cleanup for Next Mark
[2026-05-06T01:32:16.332+0100][6.885s][info][gc,marking     ] GC(168) Concurrent Cleanup for Next Mark 0.030ms
[2026-05-06T01:32:16.332+0100][6.885s][info][gc             ] GC(168) Concurrent Undo Cycle 0.057ms
[2026-05-06T01:32:16.353+0100][6.907s][info][gc,start       ] GC(169) Pause Young (Concurrent Start) (G1 Humongous Allocation)
[2026-05-06T01:32:16.353+0100][6.907s][info][gc,task        ] GC(169) Using 9 workers of 9 for evacuation
[2026-05-06T01:32:16.353+0100][6.907s][info][gc,phases      ] GC(169)   Pre Evacuate Collection Set: 0.1ms
[2026-05-06T01:32:16.353+0100][6.907s][info][gc,phases      ] GC(169)   Merge Heap Roots: 0.0ms
[2026-05-06T01:32:16.353+0100][6.907s][info][gc,phases      ] GC(169)   Evacuate Collection Set: 0.2ms
[2026-05-06T01:32:16.353+0100][6.907s][info][gc,phases      ] GC(169)   Post Evacuate Collection Set: 0.2ms
[2026-05-06T01:32:16.353+0100][6.907s][info][gc,phases      ] GC(169)   Other: 0.0ms
[2026-05-06T01:32:16.353+0100][6.907s][info][gc,heap        ] GC(169) Eden regions: 3->0(255)
[2026-05-06T01:32:16.353+0100][6.907s][info][gc,heap        ] GC(169) Survivor regions: 1->1(27)
[2026-05-06T01:32:16.353+0100][6.907s][info][gc,heap        ] GC(169) Old regions: 12->12
[2026-05-06T01:32:16.353+0100][6.907s][info][gc,heap        ] GC(169) Humongous regions: 134->96
[2026-05-06T01:32:16.353+0100][6.907s][info][gc,metaspace   ] GC(169) Metaspace: 19147K(19520K)->19147K(19520K) NonClass: 16905K(17152K)->16905K(17152K) Class: 2241K(2368K)->2241K(2368K)
[2026-05-06T01:32:16.353+0100][6.907s][info][gc             ] GC(169) Pause Young (Concurrent Start) (G1 Humongous Allocation) 284M->203M(856M) 0.539ms
[2026-05-06T01:32:16.353+0100][6.907s][info][gc,cpu         ] GC(169) User=0.00s Sys=0.00s Real=0.00s
[2026-05-06T01:32:16.353+0100][6.907s][info][gc             ] GC(170) Concurrent Undo Cycle
[2026-05-06T01:32:16.353+0100][6.907s][info][gc,marking     ] GC(170) Concurrent Clear Claimed Marks
[2026-05-06T01:32:16.353+0100][6.907s][info][gc,marking     ] GC(170) Concurrent Clear Claimed Marks 0.009ms
[2026-05-06T01:32:16.353+0100][6.907s][info][gc,marking     ] GC(170) Concurrent Cleanup for Next Mark
[2026-05-06T01:32:16.353+0100][6.907s][info][gc,marking     ] GC(170) Concurrent Cleanup for Next Mark 0.036ms
[2026-05-06T01:32:16.353+0100][6.907s][info][gc             ] GC(170) Concurrent Undo Cycle 0.072ms
[2026-05-06T01:32:16.381+0100][6.935s][info][gc,start       ] GC(171) Pause Full (System.gc())
[2026-05-06T01:32:16.381+0100][6.935s][info][gc,task        ] GC(171) Using 9 workers of 9 for full compaction
[2026-05-06T01:32:16.381+0100][6.935s][info][gc,phases,start] GC(171) Phase 1: Mark live objects
[2026-05-06T01:32:16.384+0100][6.938s][info][gc,phases      ] GC(171) Phase 1: Mark live objects 2.280ms
[2026-05-06T01:32:16.384+0100][6.938s][info][gc,phases,start] GC(171) Phase 2: Prepare compaction
[2026-05-06T01:32:16.384+0100][6.938s][info][gc,phases      ] GC(171) Phase 2: Prepare compaction 0.305ms
[2026-05-06T01:32:16.384+0100][6.938s][info][gc,phases,start] GC(171) Phase 3: Adjust pointers
[2026-05-06T01:32:16.386+0100][6.940s][info][gc,phases      ] GC(171) Phase 3: Adjust pointers 1.789ms
[2026-05-06T01:32:16.386+0100][6.940s][info][gc,phases,start] GC(171) Phase 4: Compact heap
[2026-05-06T01:32:16.386+0100][6.940s][info][gc,phases      ] GC(171) Phase 4: Compact heap 0.276ms
[2026-05-06T01:32:16.386+0100][6.940s][info][gc,phases,start] GC(171) Phase 5: Reset Metadata
[2026-05-06T01:32:16.386+0100][6.940s][info][gc,phases      ] GC(171) Phase 5: Reset Metadata 0.350ms
[2026-05-06T01:32:16.387+0100][6.941s][info][gc,heap        ] GC(171) Eden regions: 7->0(216)
[2026-05-06T01:32:16.387+0100][6.941s][info][gc,heap        ] GC(171) Survivor regions: 1->0(27)
[2026-05-06T01:32:16.387+0100][6.941s][info][gc,heap        ] GC(171) Old regions: 12->12
[2026-05-06T01:32:16.387+0100][6.941s][info][gc,heap        ] GC(171) Humongous regions: 153->96
[2026-05-06T01:32:16.387+0100][6.941s][info][gc,metaspace   ] GC(171) Metaspace: 19147K(19520K)->19147K(19520K) NonClass: 16905K(17152K)->16905K(17152K) Class: 2241K(2368K)->2241K(2368K)
[2026-05-06T01:32:16.387+0100][6.941s][info][gc             ] GC(171) Pause Full (System.gc()) 330M->203M(720M) 5.800ms
[2026-05-06T01:32:16.387+0100][6.941s][info][gc,cpu         ] GC(171) User=0.02s Sys=0.00s Real=0.00s
[2026-05-06T01:32:16.412+0100][6.966s][info][gc,start       ] GC(172) Pause Young (Concurrent Start) (G1 Humongous Allocation)
[2026-05-06T01:32:16.412+0100][6.966s][info][gc,task        ] GC(172) Using 9 workers of 9 for evacuation
[2026-05-06T01:32:16.413+0100][6.967s][info][gc,phases      ] GC(172)   Pre Evacuate Collection Set: 0.1ms
[2026-05-06T01:32:16.413+0100][6.967s][info][gc,phases      ] GC(172)   Merge Heap Roots: 0.0ms
[2026-05-06T01:32:16.413+0100][6.967s][info][gc,phases      ] GC(172)   Evacuate Collection Set: 0.1ms
[2026-05-06T01:32:16.413+0100][6.967s][info][gc,phases      ] GC(172)   Post Evacuate Collection Set: 0.1ms
[2026-05-06T01:32:16.413+0100][6.967s][info][gc,phases      ] GC(172)   Other: 0.0ms
[2026-05-06T01:32:16.413+0100][6.967s][info][gc,heap        ] GC(172) Eden regions: 8->0(215)
[2026-05-06T01:32:16.413+0100][6.967s][info][gc,heap        ] GC(172) Survivor regions: 0->1(27)
[2026-05-06T01:32:16.413+0100][6.967s][info][gc,heap        ] GC(172) Old regions: 12->12
[2026-05-06T01:32:16.413+0100][6.967s][info][gc,heap        ] GC(172) Humongous regions: 134->96
[2026-05-06T01:32:16.413+0100][6.967s][info][gc,metaspace   ] GC(172) Metaspace: 19147K(19520K)->19147K(19520K) NonClass: 16905K(17152K)->16905K(17152K) Class: 2241K(2368K)->2241K(2368K)
[2026-05-06T01:32:16.413+0100][6.967s][info][gc             ] GC(172) Pause Young (Concurrent Start) (G1 Humongous Allocation) 294M->203M(720M) 0.498ms
[2026-05-06T01:32:16.413+0100][6.967s][info][gc,cpu         ] GC(172) User=0.00s Sys=0.00s Real=0.00s
[2026-05-06T01:32:16.413+0100][6.967s][info][gc             ] GC(173) Concurrent Undo Cycle
[2026-05-06T01:32:16.413+0100][6.967s][info][gc,marking     ] GC(173) Concurrent Clear Claimed Marks
[2026-05-06T01:32:16.413+0100][6.967s][info][gc,marking     ] GC(173) Concurrent Clear Claimed Marks 0.007ms
[2026-05-06T01:32:16.413+0100][6.967s][info][gc,marking     ] GC(173) Concurrent Cleanup for Next Mark
[2026-05-06T01:32:16.413+0100][6.967s][info][gc,marking     ] GC(173) Concurrent Cleanup for Next Mark 0.028ms
[2026-05-06T01:32:16.413+0100][6.967s][info][gc             ] GC(173) Concurrent Undo Cycle 0.062ms
[2026-05-06T01:32:16.433+0100][6.987s][info][gc,start       ] GC(174) Pause Young (Concurrent Start) (G1 Humongous Allocation)
[2026-05-06T01:32:16.433+0100][6.987s][info][gc,task        ] GC(174) Using 9 workers of 9 for evacuation
[2026-05-06T01:32:16.434+0100][6.988s][info][gc,phases      ] GC(174)   Pre Evacuate Collection Set: 0.1ms
[2026-05-06T01:32:16.434+0100][6.988s][info][gc,phases      ] GC(174)   Merge Heap Roots: 0.0ms
[2026-05-06T01:32:16.434+0100][6.988s][info][gc,phases      ] GC(174)   Evacuate Collection Set: 0.1ms
[2026-05-06T01:32:16.434+0100][6.988s][info][gc,phases      ] GC(174)   Post Evacuate Collection Set: 0.1ms
[2026-05-06T01:32:16.434+0100][6.988s][info][gc,phases      ] GC(174)   Other: 0.0ms
[2026-05-06T01:32:16.434+0100][6.988s][info][gc,heap        ] GC(174) Eden regions: 6->0(215)
[2026-05-06T01:32:16.434+0100][6.988s][info][gc,heap        ] GC(174) Survivor regions: 1->1(27)
[2026-05-06T01:32:16.434+0100][6.988s][info][gc,heap        ] GC(174) Old regions: 12->12
[2026-05-06T01:32:16.434+0100][6.988s][info][gc,heap        ] GC(174) Humongous regions: 134->96
[2026-05-06T01:32:16.434+0100][6.988s][info][gc,metaspace   ] GC(174) Metaspace: 19147K(19520K)->19147K(19520K) NonClass: 16905K(17152K)->16905K(17152K) Class: 2241K(2368K)->2241K(2368K)
[2026-05-06T01:32:16.434+0100][6.988s][info][gc             ] GC(174) Pause Young (Concurrent Start) (G1 Humongous Allocation) 290M->203M(720M) 0.436ms
[2026-05-06T01:32:16.434+0100][6.988s][info][gc,cpu         ] GC(174) User=0.00s Sys=0.00s Real=0.00s
[2026-05-06T01:32:16.434+0100][6.988s][info][gc             ] GC(175) Concurrent Undo Cycle
[2026-05-06T01:32:16.434+0100][6.988s][info][gc,marking     ] GC(175) Concurrent Clear Claimed Marks
[2026-05-06T01:32:16.434+0100][6.988s][info][gc,marking     ] GC(175) Concurrent Clear Claimed Marks 0.008ms
[2026-05-06T01:32:16.434+0100][6.988s][info][gc,marking     ] GC(175) Concurrent Cleanup for Next Mark
[2026-05-06T01:32:16.434+0100][6.988s][info][gc,marking     ] GC(175) Concurrent Cleanup for Next Mark 0.030ms
[2026-05-06T01:32:16.434+0100][6.988s][info][gc             ] GC(175) Concurrent Undo Cycle 0.061ms
[2026-05-06T01:32:16.455+0100][7.009s][info][gc,start       ] GC(176) Pause Young (Concurrent Start) (G1 Humongous Allocation)
[2026-05-06T01:32:16.455+0100][7.009s][info][gc,task        ] GC(176) Using 9 workers of 9 for evacuation
[2026-05-06T01:32:16.455+0100][7.009s][info][gc,phases      ] GC(176)   Pre Evacuate Collection Set: 0.1ms
[2026-05-06T01:32:16.455+0100][7.009s][info][gc,phases      ] GC(176)   Merge Heap Roots: 0.0ms
[2026-05-06T01:32:16.455+0100][7.009s][info][gc,phases      ] GC(176)   Evacuate Collection Set: 0.2ms
[2026-05-06T01:32:16.455+0100][7.009s][info][gc,phases      ] GC(176)   Post Evacuate Collection Set: 0.1ms
[2026-05-06T01:32:16.455+0100][7.009s][info][gc,phases      ] GC(176)   Other: 0.0ms
[2026-05-06T01:32:16.455+0100][7.009s][info][gc,heap        ] GC(176) Eden regions: 7->0(215)
[2026-05-06T01:32:16.455+0100][7.009s][info][gc,heap        ] GC(176) Survivor regions: 1->1(27)
[2026-05-06T01:32:16.455+0100][7.009s][info][gc,heap        ] GC(176) Old regions: 12->12
[2026-05-06T01:32:16.455+0100][7.009s][info][gc,heap        ] GC(176) Humongous regions: 134->96
[2026-05-06T01:32:16.455+0100][7.009s][info][gc,metaspace   ] GC(176) Metaspace: 19147K(19520K)->19147K(19520K) NonClass: 16905K(17152K)->16905K(17152K) Class: 2241K(2368K)->2241K(2368K)
[2026-05-06T01:32:16.455+0100][7.009s][info][gc             ] GC(176) Pause Young (Concurrent Start) (G1 Humongous Allocation) 292M->203M(720M) 0.509ms
[2026-05-06T01:32:16.455+0100][7.009s][info][gc,cpu         ] GC(176) User=0.00s Sys=0.00s Real=0.00s
[2026-05-06T01:32:16.455+0100][7.009s][info][gc             ] GC(177) Concurrent Undo Cycle
[2026-05-06T01:32:16.455+0100][7.009s][info][gc,marking     ] GC(177) Concurrent Clear Claimed Marks
[2026-05-06T01:32:16.455+0100][7.009s][info][gc,marking     ] GC(177) Concurrent Clear Claimed Marks 0.016ms
[2026-05-06T01:32:16.455+0100][7.009s][info][gc,marking     ] GC(177) Concurrent Cleanup for Next Mark
[2026-05-06T01:32:16.455+0100][7.009s][info][gc,marking     ] GC(177) Concurrent Cleanup for Next Mark 0.029ms
[2026-05-06T01:32:16.455+0100][7.009s][info][gc             ] GC(177) Concurrent Undo Cycle 0.070ms
[2026-05-06T01:32:16.476+0100][7.030s][info][gc,start       ] GC(178) Pause Young (Concurrent Start) (G1 Humongous Allocation)
[2026-05-06T01:32:16.476+0100][7.030s][info][gc,task        ] GC(178) Using 9 workers of 9 for evacuation
[2026-05-06T01:32:16.476+0100][7.030s][info][gc,phases      ] GC(178)   Pre Evacuate Collection Set: 0.1ms
[2026-05-06T01:32:16.476+0100][7.030s][info][gc,phases      ] GC(178)   Merge Heap Roots: 0.0ms
[2026-05-06T01:32:16.476+0100][7.030s][info][gc,phases      ] GC(178)   Evacuate Collection Set: 0.1ms
[2026-05-06T01:32:16.476+0100][7.030s][info][gc,phases      ] GC(178)   Post Evacuate Collection Set: 0.1ms
[2026-05-06T01:32:16.476+0100][7.030s][info][gc,phases      ] GC(178)   Other: 0.0ms
[2026-05-06T01:32:16.476+0100][7.030s][info][gc,heap        ] GC(178) Eden regions: 7->0(215)
[2026-05-06T01:32:16.476+0100][7.030s][info][gc,heap        ] GC(178) Survivor regions: 1->1(27)
[2026-05-06T01:32:16.476+0100][7.030s][info][gc,heap        ] GC(178) Old regions: 12->12
[2026-05-06T01:32:16.476+0100][7.030s][info][gc,heap        ] GC(178) Humongous regions: 134->96
[2026-05-06T01:32:16.476+0100][7.030s][info][gc,metaspace   ] GC(178) Metaspace: 19147K(19520K)->19147K(19520K) NonClass: 16905K(17152K)->16905K(17152K) Class: 2241K(2368K)->2241K(2368K)
[2026-05-06T01:32:16.476+0100][7.030s][info][gc             ] GC(178) Pause Young (Concurrent Start) (G1 Humongous Allocation) 292M->203M(720M) 0.445ms
[2026-05-06T01:32:16.476+0100][7.030s][info][gc,cpu         ] GC(178) User=0.00s Sys=0.00s Real=0.00s
[2026-05-06T01:32:16.476+0100][7.030s][info][gc             ] GC(179) Concurrent Undo Cycle
[2026-05-06T01:32:16.476+0100][7.030s][info][gc,marking     ] GC(179) Concurrent Clear Claimed Marks
[2026-05-06T01:32:16.476+0100][7.030s][info][gc,marking     ] GC(179) Concurrent Clear Claimed Marks 0.007ms
[2026-05-06T01:32:16.476+0100][7.030s][info][gc,marking     ] GC(179) Concurrent Cleanup for Next Mark
[2026-05-06T01:32:16.476+0100][7.030s][info][gc,marking     ] GC(179) Concurrent Cleanup for Next Mark 0.023ms
[2026-05-06T01:32:16.476+0100][7.030s][info][gc             ] GC(179) Concurrent Undo Cycle 0.052ms
[2026-05-06T01:32:16.498+0100][7.051s][info][gc,start       ] GC(180) Pause Young (Concurrent Start) (G1 Humongous Allocation)
[2026-05-06T01:32:16.498+0100][7.051s][info][gc,task        ] GC(180) Using 9 workers of 9 for evacuation
[2026-05-06T01:32:16.498+0100][7.052s][info][gc,phases      ] GC(180)   Pre Evacuate Collection Set: 0.1ms
[2026-05-06T01:32:16.498+0100][7.052s][info][gc,phases      ] GC(180)   Merge Heap Roots: 0.0ms
[2026-05-06T01:32:16.498+0100][7.052s][info][gc,phases      ] GC(180)   Evacuate Collection Set: 0.1ms
[2026-05-06T01:32:16.498+0100][7.052s][info][gc,phases      ] GC(180)   Post Evacuate Collection Set: 0.1ms
[2026-05-06T01:32:16.498+0100][7.052s][info][gc,phases      ] GC(180)   Other: 0.0ms
[2026-05-06T01:32:16.498+0100][7.052s][info][gc,heap        ] GC(180) Eden regions: 7->0(215)
[2026-05-06T01:32:16.498+0100][7.052s][info][gc,heap        ] GC(180) Survivor regions: 1->1(27)
[2026-05-06T01:32:16.498+0100][7.052s][info][gc,heap        ] GC(180) Old regions: 12->12
[2026-05-06T01:32:16.498+0100][7.052s][info][gc,heap        ] GC(180) Humongous regions: 134->96
[2026-05-06T01:32:16.498+0100][7.052s][info][gc,metaspace   ] GC(180) Metaspace: 19147K(19520K)->19147K(19520K) NonClass: 16905K(17152K)->16905K(17152K) Class: 2241K(2368K)->2241K(2368K)
[2026-05-06T01:32:16.498+0100][7.052s][info][gc             ] GC(180) Pause Young (Concurrent Start) (G1 Humongous Allocation) 292M->203M(720M) 0.456ms
[2026-05-06T01:32:16.498+0100][7.052s][info][gc,cpu         ] GC(180) User=0.00s Sys=0.00s Real=0.00s
[2026-05-06T01:32:16.498+0100][7.052s][info][gc             ] GC(181) Concurrent Undo Cycle
[2026-05-06T01:32:16.498+0100][7.052s][info][gc,marking     ] GC(181) Concurrent Clear Claimed Marks
[2026-05-06T01:32:16.498+0100][7.052s][info][gc,marking     ] GC(181) Concurrent Clear Claimed Marks 0.007ms
[2026-05-06T01:32:16.498+0100][7.052s][info][gc,marking     ] GC(181) Concurrent Cleanup for Next Mark
[2026-05-06T01:32:16.498+0100][7.052s][info][gc,marking     ] GC(181) Concurrent Cleanup for Next Mark 0.036ms
[2026-05-06T01:32:16.498+0100][7.052s][info][gc             ] GC(181) Concurrent Undo Cycle 0.072ms
[2026-05-06T01:32:16.520+0100][7.074s][info][gc,start       ] GC(182) Pause Young (Concurrent Start) (G1 Humongous Allocation)
[2026-05-06T01:32:16.520+0100][7.074s][info][gc,task        ] GC(182) Using 9 workers of 9 for evacuation
[2026-05-06T01:32:16.520+0100][7.074s][info][gc,phases      ] GC(182)   Pre Evacuate Collection Set: 0.1ms
[2026-05-06T01:32:16.520+0100][7.074s][info][gc,phases      ] GC(182)   Merge Heap Roots: 0.0ms
[2026-05-06T01:32:16.520+0100][7.074s][info][gc,phases      ] GC(182)   Evacuate Collection Set: 0.2ms
[2026-05-06T01:32:16.520+0100][7.074s][info][gc,phases      ] GC(182)   Post Evacuate Collection Set: 0.1ms
[2026-05-06T01:32:16.520+0100][7.074s][info][gc,phases      ] GC(182)   Other: 0.0ms
[2026-05-06T01:32:16.520+0100][7.074s][info][gc,heap        ] GC(182) Eden regions: 7->0(215)
[2026-05-06T01:32:16.520+0100][7.074s][info][gc,heap        ] GC(182) Survivor regions: 1->1(27)
[2026-05-06T01:32:16.520+0100][7.074s][info][gc,heap        ] GC(182) Old regions: 12->12
[2026-05-06T01:32:16.520+0100][7.074s][info][gc,heap        ] GC(182) Humongous regions: 134->96
[2026-05-06T01:32:16.520+0100][7.074s][info][gc,metaspace   ] GC(182) Metaspace: 19147K(19520K)->19147K(19520K) NonClass: 16905K(17152K)->16905K(17152K) Class: 2241K(2368K)->2241K(2368K)
[2026-05-06T01:32:16.520+0100][7.074s][info][gc             ] GC(182) Pause Young (Concurrent Start) (G1 Humongous Allocation) 292M->203M(720M) 0.553ms
[2026-05-06T01:32:16.520+0100][7.074s][info][gc,cpu         ] GC(182) User=0.00s Sys=0.00s Real=0.00s
[2026-05-06T01:32:16.520+0100][7.074s][info][gc             ] GC(183) Concurrent Undo Cycle
[2026-05-06T01:32:16.520+0100][7.074s][info][gc,marking     ] GC(183) Concurrent Clear Claimed Marks
[2026-05-06T01:32:16.520+0100][7.074s][info][gc,marking     ] GC(183) Concurrent Clear Claimed Marks 0.007ms
[2026-05-06T01:32:16.520+0100][7.074s][info][gc,marking     ] GC(183) Concurrent Cleanup for Next Mark
[2026-05-06T01:32:16.520+0100][7.074s][info][gc,marking     ] GC(183) Concurrent Cleanup for Next Mark 0.028ms
[2026-05-06T01:32:16.520+0100][7.074s][info][gc             ] GC(183) Concurrent Undo Cycle 0.062ms
[2026-05-06T01:32:16.527+0100][7.081s][info][gc,start       ] GC(184) Pause Full (System.gc())
[2026-05-06T01:32:16.527+0100][7.081s][info][gc,task        ] GC(184) Using 9 workers of 9 for full compaction
[2026-05-06T01:32:16.527+0100][7.081s][info][gc,phases,start] GC(184) Phase 1: Mark live objects
[2026-05-06T01:32:16.529+0100][7.083s][info][gc,phases      ] GC(184) Phase 1: Mark live objects 2.252ms
[2026-05-06T01:32:16.529+0100][7.083s][info][gc,phases,start] GC(184) Phase 2: Prepare compaction
[2026-05-06T01:32:16.529+0100][7.083s][info][gc,phases      ] GC(184) Phase 2: Prepare compaction 0.333ms
[2026-05-06T01:32:16.529+0100][7.083s][info][gc,phases,start] GC(184) Phase 3: Adjust pointers
[2026-05-06T01:32:16.531+0100][7.085s][info][gc,phases      ] GC(184) Phase 3: Adjust pointers 1.682ms
[2026-05-06T01:32:16.531+0100][7.085s][info][gc,phases,start] GC(184) Phase 4: Compact heap
[2026-05-06T01:32:16.531+0100][7.085s][info][gc,phases      ] GC(184) Phase 4: Compact heap 0.266ms
[2026-05-06T01:32:16.531+0100][7.085s][info][gc,phases,start] GC(184) Phase 5: Reset Metadata
[2026-05-06T01:32:16.532+0100][7.086s][info][gc,phases      ] GC(184) Phase 5: Reset Metadata 0.354ms
[2026-05-06T01:32:16.532+0100][7.086s][info][gc,heap        ] GC(184) Eden regions: 3->0(216)
[2026-05-06T01:32:16.532+0100][7.086s][info][gc,heap        ] GC(184) Survivor regions: 1->0(27)
[2026-05-06T01:32:16.532+0100][7.086s][info][gc,heap        ] GC(184) Old regions: 12->12
[2026-05-06T01:32:16.532+0100][7.086s][info][gc,heap        ] GC(184) Humongous regions: 115->96
[2026-05-06T01:32:16.532+0100][7.086s][info][gc,metaspace   ] GC(184) Metaspace: 19147K(19520K)->19147K(19520K) NonClass: 16905K(17152K)->16905K(17152K) Class: 2241K(2368K)->2241K(2368K)
[2026-05-06T01:32:16.532+0100][7.086s][info][gc             ] GC(184) Pause Full (System.gc()) 246M->203M(720M) 5.508ms
[2026-05-06T01:32:16.532+0100][7.086s][info][gc,cpu         ] GC(184) User=0.02s Sys=0.01s Real=0.01s
[2026-05-06T01:32:16.557+0100][7.111s][info][gc,start       ] GC(185) Pause Young (Concurrent Start) (G1 Humongous Allocation)
[2026-05-06T01:32:16.557+0100][7.111s][info][gc,task        ] GC(185) Using 9 workers of 9 for evacuation
[2026-05-06T01:32:16.558+0100][7.112s][info][gc,phases      ] GC(185)   Pre Evacuate Collection Set: 0.1ms
[2026-05-06T01:32:16.558+0100][7.112s][info][gc,phases      ] GC(185)   Merge Heap Roots: 0.0ms
[2026-05-06T01:32:16.558+0100][7.112s][info][gc,phases      ] GC(185)   Evacuate Collection Set: 0.2ms
[2026-05-06T01:32:16.558+0100][7.112s][info][gc,phases      ] GC(185)   Post Evacuate Collection Set: 0.1ms
[2026-05-06T01:32:16.558+0100][7.112s][info][gc,phases      ] GC(185)   Other: 0.0ms
[2026-05-06T01:32:16.558+0100][7.112s][info][gc,heap        ] GC(185) Eden regions: 9->0(215)
[2026-05-06T01:32:16.558+0100][7.112s][info][gc,heap        ] GC(185) Survivor regions: 0->1(27)
[2026-05-06T01:32:16.558+0100][7.112s][info][gc,heap        ] GC(185) Old regions: 12->12
[2026-05-06T01:32:16.558+0100][7.112s][info][gc,heap        ] GC(185) Humongous regions: 134->96
[2026-05-06T01:32:16.558+0100][7.112s][info][gc,metaspace   ] GC(185) Metaspace: 19149K(19520K)->19149K(19520K) NonClass: 16907K(17152K)->16907K(17152K) Class: 2241K(2368K)->2241K(2368K)
[2026-05-06T01:32:16.558+0100][7.112s][info][gc             ] GC(185) Pause Young (Concurrent Start) (G1 Humongous Allocation) 296M->203M(720M) 0.551ms
[2026-05-06T01:32:16.558+0100][7.112s][info][gc,cpu         ] GC(185) User=0.00s Sys=0.00s Real=0.00s
[2026-05-06T01:32:16.558+0100][7.112s][info][gc             ] GC(186) Concurrent Undo Cycle
[2026-05-06T01:32:16.558+0100][7.112s][info][gc,marking     ] GC(186) Concurrent Clear Claimed Marks
[2026-05-06T01:32:16.558+0100][7.112s][info][gc,marking     ] GC(186) Concurrent Clear Claimed Marks 0.007ms
[2026-05-06T01:32:16.558+0100][7.112s][info][gc,marking     ] GC(186) Concurrent Cleanup for Next Mark
[2026-05-06T01:32:16.558+0100][7.112s][info][gc,marking     ] GC(186) Concurrent Cleanup for Next Mark 0.032ms
[2026-05-06T01:32:16.558+0100][7.112s][info][gc             ] GC(186) Concurrent Undo Cycle 0.063ms
[2026-05-06T01:32:16.579+0100][7.133s][info][gc,start       ] GC(187) Pause Young (Concurrent Start) (G1 Humongous Allocation)
[2026-05-06T01:32:16.579+0100][7.133s][info][gc,task        ] GC(187) Using 9 workers of 9 for evacuation
[2026-05-06T01:32:16.579+0100][7.133s][info][gc,phases      ] GC(187)   Pre Evacuate Collection Set: 0.1ms
[2026-05-06T01:32:16.579+0100][7.133s][info][gc,phases      ] GC(187)   Merge Heap Roots: 0.0ms
[2026-05-06T01:32:16.579+0100][7.133s][info][gc,phases      ] GC(187)   Evacuate Collection Set: 0.1ms
[2026-05-06T01:32:16.579+0100][7.133s][info][gc,phases      ] GC(187)   Post Evacuate Collection Set: 0.1ms
[2026-05-06T01:32:16.579+0100][7.133s][info][gc,phases      ] GC(187)   Other: 0.0ms
[2026-05-06T01:32:16.579+0100][7.133s][info][gc,heap        ] GC(187) Eden regions: 6->0(215)
[2026-05-06T01:32:16.579+0100][7.133s][info][gc,heap        ] GC(187) Survivor regions: 1->1(27)
[2026-05-06T01:32:16.579+0100][7.133s][info][gc,heap        ] GC(187) Old regions: 12->12
[2026-05-06T01:32:16.579+0100][7.133s][info][gc,heap        ] GC(187) Humongous regions: 134->96
[2026-05-06T01:32:16.579+0100][7.133s][info][gc,metaspace   ] GC(187) Metaspace: 19150K(19520K)->19150K(19520K) NonClass: 16908K(17152K)->16908K(17152K) Class: 2241K(2368K)->2241K(2368K)
[2026-05-06T01:32:16.579+0100][7.133s][info][gc             ] GC(187) Pause Young (Concurrent Start) (G1 Humongous Allocation) 290M->203M(720M) 0.508ms
[2026-05-06T01:32:16.579+0100][7.133s][info][gc,cpu         ] GC(187) User=0.00s Sys=0.00s Real=0.00s
[2026-05-06T01:32:16.579+0100][7.133s][info][gc             ] GC(188) Concurrent Undo Cycle
[2026-05-06T01:32:16.579+0100][7.133s][info][gc,marking     ] GC(188) Concurrent Clear Claimed Marks
[2026-05-06T01:32:16.579+0100][7.133s][info][gc,marking     ] GC(188) Concurrent Clear Claimed Marks 0.007ms
[2026-05-06T01:32:16.579+0100][7.133s][info][gc,marking     ] GC(188) Concurrent Cleanup for Next Mark
[2026-05-06T01:32:16.579+0100][7.133s][info][gc,marking     ] GC(188) Concurrent Cleanup for Next Mark 0.033ms
[2026-05-06T01:32:16.579+0100][7.133s][info][gc             ] GC(188) Concurrent Undo Cycle 0.063ms
[2026-05-06T01:32:16.600+0100][7.154s][info][gc,start       ] GC(189) Pause Young (Concurrent Start) (G1 Humongous Allocation)
[2026-05-06T01:32:16.600+0100][7.154s][info][gc,task        ] GC(189) Using 9 workers of 9 for evacuation
[2026-05-06T01:32:16.600+0100][7.154s][info][gc,phases      ] GC(189)   Pre Evacuate Collection Set: 0.1ms
[2026-05-06T01:32:16.600+0100][7.154s][info][gc,phases      ] GC(189)   Merge Heap Roots: 0.0ms
[2026-05-06T01:32:16.600+0100][7.154s][info][gc,phases      ] GC(189)   Evacuate Collection Set: 0.1ms
[2026-05-06T01:32:16.600+0100][7.154s][info][gc,phases      ] GC(189)   Post Evacuate Collection Set: 0.1ms
[2026-05-06T01:32:16.600+0100][7.154s][info][gc,phases      ] GC(189)   Other: 0.0ms
[2026-05-06T01:32:16.600+0100][7.154s][info][gc,heap        ] GC(189) Eden regions: 7->0(215)
[2026-05-06T01:32:16.600+0100][7.154s][info][gc,heap        ] GC(189) Survivor regions: 1->1(27)
[2026-05-06T01:32:16.600+0100][7.154s][info][gc,heap        ] GC(189) Old regions: 12->12
[2026-05-06T01:32:16.600+0100][7.154s][info][gc,heap        ] GC(189) Humongous regions: 134->96
[2026-05-06T01:32:16.600+0100][7.154s][info][gc,metaspace   ] GC(189) Metaspace: 19150K(19520K)->19150K(19520K) NonClass: 16908K(17152K)->16908K(17152K) Class: 2241K(2368K)->2241K(2368K)
[2026-05-06T01:32:16.600+0100][7.154s][info][gc             ] GC(189) Pause Young (Concurrent Start) (G1 Humongous Allocation) 292M->203M(720M) 0.444ms
[2026-05-06T01:32:16.600+0100][7.154s][info][gc,cpu         ] GC(189) User=0.00s Sys=0.00s Real=0.00s
[2026-05-06T01:32:16.600+0100][7.154s][info][gc             ] GC(190) Concurrent Undo Cycle
[2026-05-06T01:32:16.600+0100][7.154s][info][gc,marking     ] GC(190) Concurrent Clear Claimed Marks
[2026-05-06T01:32:16.600+0100][7.154s][info][gc,marking     ] GC(190) Concurrent Clear Claimed Marks 0.006ms
[2026-05-06T01:32:16.600+0100][7.154s][info][gc,marking     ] GC(190) Concurrent Cleanup for Next Mark
[2026-05-06T01:32:16.600+0100][7.154s][info][gc,marking     ] GC(190) Concurrent Cleanup for Next Mark 0.039ms
[2026-05-06T01:32:16.600+0100][7.154s][info][gc             ] GC(190) Concurrent Undo Cycle 0.073ms
[2026-05-06T01:32:16.621+0100][7.175s][info][gc,start       ] GC(191) Pause Young (Concurrent Start) (G1 Humongous Allocation)
[2026-05-06T01:32:16.621+0100][7.175s][info][gc,task        ] GC(191) Using 9 workers of 9 for evacuation
[2026-05-06T01:32:16.622+0100][7.175s][info][gc,phases      ] GC(191)   Pre Evacuate Collection Set: 0.1ms
[2026-05-06T01:32:16.622+0100][7.176s][info][gc,phases      ] GC(191)   Merge Heap Roots: 0.0ms
[2026-05-06T01:32:16.622+0100][7.176s][info][gc,phases      ] GC(191)   Evacuate Collection Set: 0.1ms
[2026-05-06T01:32:16.622+0100][7.176s][info][gc,phases      ] GC(191)   Post Evacuate Collection Set: 0.1ms
[2026-05-06T01:32:16.622+0100][7.176s][info][gc,phases      ] GC(191)   Other: 0.0ms
[2026-05-06T01:32:16.622+0100][7.176s][info][gc,heap        ] GC(191) Eden regions: 7->0(215)
[2026-05-06T01:32:16.622+0100][7.176s][info][gc,heap        ] GC(191) Survivor regions: 1->1(27)
[2026-05-06T01:32:16.622+0100][7.176s][info][gc,heap        ] GC(191) Old regions: 12->12
[2026-05-06T01:32:16.622+0100][7.176s][info][gc,heap        ] GC(191) Humongous regions: 134->96
[2026-05-06T01:32:16.622+0100][7.176s][info][gc,metaspace   ] GC(191) Metaspace: 19150K(19520K)->19150K(19520K) NonClass: 16908K(17152K)->16908K(17152K) Class: 2241K(2368K)->2241K(2368K)
[2026-05-06T01:32:16.622+0100][7.176s][info][gc             ] GC(191) Pause Young (Concurrent Start) (G1 Humongous Allocation) 292M->203M(720M) 0.446ms
[2026-05-06T01:32:16.622+0100][7.176s][info][gc,cpu         ] GC(191) User=0.00s Sys=0.01s Real=0.00s
[2026-05-06T01:32:16.622+0100][7.176s][info][gc             ] GC(192) Concurrent Undo Cycle
[2026-05-06T01:32:16.622+0100][7.176s][info][gc,marking     ] GC(192) Concurrent Clear Claimed Marks
[2026-05-06T01:32:16.622+0100][7.176s][info][gc,marking     ] GC(192) Concurrent Clear Claimed Marks 0.006ms
[2026-05-06T01:32:16.622+0100][7.176s][info][gc,marking     ] GC(192) Concurrent Cleanup for Next Mark
[2026-05-06T01:32:16.622+0100][7.176s][info][gc,marking     ] GC(192) Concurrent Cleanup for Next Mark 0.035ms
[2026-05-06T01:32:16.622+0100][7.176s][info][gc             ] GC(192) Concurrent Undo Cycle 0.065ms
[2026-05-06T01:32:16.642+0100][7.196s][info][gc,start       ] GC(193) Pause Young (Concurrent Start) (G1 Humongous Allocation)
[2026-05-06T01:32:16.642+0100][7.196s][info][gc,task        ] GC(193) Using 9 workers of 9 for evacuation
[2026-05-06T01:32:16.642+0100][7.196s][info][gc,phases      ] GC(193)   Pre Evacuate Collection Set: 0.1ms
[2026-05-06T01:32:16.642+0100][7.196s][info][gc,phases      ] GC(193)   Merge Heap Roots: 0.0ms
[2026-05-06T01:32:16.642+0100][7.196s][info][gc,phases      ] GC(193)   Evacuate Collection Set: 0.1ms
[2026-05-06T01:32:16.642+0100][7.196s][info][gc,phases      ] GC(193)   Post Evacuate Collection Set: 0.2ms
[2026-05-06T01:32:16.642+0100][7.196s][info][gc,phases      ] GC(193)   Other: 0.0ms
[2026-05-06T01:32:16.642+0100][7.196s][info][gc,heap        ] GC(193) Eden regions: 5->0(258)
[2026-05-06T01:32:16.642+0100][7.196s][info][gc,heap        ] GC(193) Survivor regions: 1->1(27)
[2026-05-06T01:32:16.642+0100][7.196s][info][gc,heap        ] GC(193) Old regions: 12->12
[2026-05-06T01:32:16.642+0100][7.196s][info][gc,heap        ] GC(193) Humongous regions: 134->96
[2026-05-06T01:32:16.642+0100][7.196s][info][gc,metaspace   ] GC(193) Metaspace: 19150K(19520K)->19150K(19520K) NonClass: 16908K(17152K)->16908K(17152K) Class: 2241K(2368K)->2241K(2368K)
[2026-05-06T01:32:16.642+0100][7.196s][info][gc             ] GC(193) Pause Young (Concurrent Start) (G1 Humongous Allocation) 288M->203M(864M) 0.459ms
[2026-05-06T01:32:16.642+0100][7.196s][info][gc,cpu         ] GC(193) User=0.00s Sys=0.00s Real=0.00s
[2026-05-06T01:32:16.642+0100][7.196s][info][gc             ] GC(194) Concurrent Undo Cycle
[2026-05-06T01:32:16.642+0100][7.196s][info][gc,marking     ] GC(194) Concurrent Clear Claimed Marks
[2026-05-06T01:32:16.642+0100][7.196s][info][gc,marking     ] GC(194) Concurrent Clear Claimed Marks 0.006ms
[2026-05-06T01:32:16.642+0100][7.196s][info][gc,marking     ] GC(194) Concurrent Cleanup for Next Mark
[2026-05-06T01:32:16.642+0100][7.196s][info][gc,marking     ] GC(194) Concurrent Cleanup for Next Mark 0.038ms
[2026-05-06T01:32:16.642+0100][7.196s][info][gc             ] GC(194) Concurrent Undo Cycle 0.072ms
[2026-05-06T01:32:16.665+0100][7.219s][info][gc,start       ] GC(195) Pause Full (System.gc())
[2026-05-06T01:32:16.665+0100][7.219s][info][gc,task        ] GC(195) Using 9 workers of 9 for full compaction
[2026-05-06T01:32:16.665+0100][7.219s][info][gc,phases,start] GC(195) Phase 1: Mark live objects
[2026-05-06T01:32:16.667+0100][7.221s][info][gc,phases      ] GC(195) Phase 1: Mark live objects 2.300ms
[2026-05-06T01:32:16.667+0100][7.221s][info][gc,phases,start] GC(195) Phase 2: Prepare compaction
[2026-05-06T01:32:16.668+0100][7.222s][info][gc,phases      ] GC(195) Phase 2: Prepare compaction 0.307ms
[2026-05-06T01:32:16.668+0100][7.222s][info][gc,phases,start] GC(195) Phase 3: Adjust pointers
[2026-05-06T01:32:16.669+0100][7.223s][info][gc,phases      ] GC(195) Phase 3: Adjust pointers 1.726ms
[2026-05-06T01:32:16.669+0100][7.223s][info][gc,phases,start] GC(195) Phase 4: Compact heap
[2026-05-06T01:32:16.670+0100][7.224s][info][gc,phases      ] GC(195) Phase 4: Compact heap 0.248ms
[2026-05-06T01:32:16.670+0100][7.224s][info][gc,phases,start] GC(195) Phase 5: Reset Metadata
[2026-05-06T01:32:16.670+0100][7.224s][info][gc,phases      ] GC(195) Phase 5: Reset Metadata 0.325ms
[2026-05-06T01:32:16.671+0100][7.225s][info][gc,heap        ] GC(195) Eden regions: 1->0(216)
[2026-05-06T01:32:16.671+0100][7.225s][info][gc,heap        ] GC(195) Survivor regions: 1->0(27)
[2026-05-06T01:32:16.671+0100][7.225s][info][gc,heap        ] GC(195) Old regions: 12->12
[2026-05-06T01:32:16.671+0100][7.225s][info][gc,heap        ] GC(195) Humongous regions: 153->96
[2026-05-06T01:32:16.671+0100][7.225s][info][gc,metaspace   ] GC(195) Metaspace: 19150K(19520K)->19150K(19520K) NonClass: 16908K(17152K)->16908K(17152K) Class: 2241K(2368K)->2241K(2368K)
[2026-05-06T01:32:16.671+0100][7.225s][info][gc             ] GC(195) Pause Full (System.gc()) 318M->203M(720M) 5.723ms
[2026-05-06T01:32:16.671+0100][7.225s][info][gc,cpu         ] GC(195) User=0.02s Sys=0.01s Real=0.01s
[2026-05-06T01:32:16.691+0100][7.245s][info][gc,start       ] GC(196) Pause Young (Concurrent Start) (G1 Humongous Allocation)
[2026-05-06T01:32:16.691+0100][7.245s][info][gc,task        ] GC(196) Using 9 workers of 9 for evacuation
[2026-05-06T01:32:16.691+0100][7.245s][info][gc,phases      ] GC(196)   Pre Evacuate Collection Set: 0.1ms
[2026-05-06T01:32:16.691+0100][7.245s][info][gc,phases      ] GC(196)   Merge Heap Roots: 0.0ms
[2026-05-06T01:32:16.691+0100][7.245s][info][gc,phases      ] GC(196)   Evacuate Collection Set: 0.1ms
[2026-05-06T01:32:16.692+0100][7.245s][info][gc,phases      ] GC(196)   Post Evacuate Collection Set: 0.1ms
[2026-05-06T01:32:16.692+0100][7.245s][info][gc,phases      ] GC(196)   Other: 0.0ms
[2026-05-06T01:32:16.692+0100][7.245s][info][gc,heap        ] GC(196) Eden regions: 1->0(215)
[2026-05-06T01:32:16.692+0100][7.245s][info][gc,heap        ] GC(196) Survivor regions: 0->1(27)
[2026-05-06T01:32:16.692+0100][7.245s][info][gc,heap        ] GC(196) Old regions: 12->12
[2026-05-06T01:32:16.692+0100][7.245s][info][gc,heap        ] GC(196) Humongous regions: 134->96
[2026-05-06T01:32:16.692+0100][7.245s][info][gc,metaspace   ] GC(196) Metaspace: 19150K(19520K)->19150K(19520K) NonClass: 16908K(17152K)->16908K(17152K) Class: 2241K(2368K)->2241K(2368K)
[2026-05-06T01:32:16.692+0100][7.245s][info][gc             ] GC(196) Pause Young (Concurrent Start) (G1 Humongous Allocation) 280M->203M(720M) 0.488ms
[2026-05-06T01:32:16.692+0100][7.245s][info][gc,cpu         ] GC(196) User=0.01s Sys=0.00s Real=0.00s
[2026-05-06T01:32:16.692+0100][7.245s][info][gc             ] GC(197) Concurrent Undo Cycle
[2026-05-06T01:32:16.692+0100][7.246s][info][gc,marking     ] GC(197) Concurrent Clear Claimed Marks
[2026-05-06T01:32:16.692+0100][7.246s][info][gc,marking     ] GC(197) Concurrent Clear Claimed Marks 0.007ms
[2026-05-06T01:32:16.692+0100][7.246s][info][gc,marking     ] GC(197) Concurrent Cleanup for Next Mark
[2026-05-06T01:32:16.692+0100][7.246s][info][gc,marking     ] GC(197) Concurrent Cleanup for Next Mark 0.029ms
[2026-05-06T01:32:16.692+0100][7.246s][info][gc             ] GC(197) Concurrent Undo Cycle 0.070ms
[2026-05-06T01:32:16.709+0100][7.263s][info][gc,start       ] GC(198) Pause Young (Concurrent Start) (G1 Humongous Allocation)
[2026-05-06T01:32:16.709+0100][7.263s][info][gc,task        ] GC(198) Using 9 workers of 9 for evacuation
[2026-05-06T01:32:16.709+0100][7.263s][info][gc,phases      ] GC(198)   Pre Evacuate Collection Set: 0.1ms
[2026-05-06T01:32:16.709+0100][7.263s][info][gc,phases      ] GC(198)   Merge Heap Roots: 0.0ms
[2026-05-06T01:32:16.709+0100][7.263s][info][gc,phases      ] GC(198)   Evacuate Collection Set: 0.1ms
[2026-05-06T01:32:16.709+0100][7.263s][info][gc,phases      ] GC(198)   Post Evacuate Collection Set: 0.1ms
[2026-05-06T01:32:16.709+0100][7.263s][info][gc,phases      ] GC(198)   Other: 0.0ms
[2026-05-06T01:32:16.709+0100][7.263s][info][gc,heap        ] GC(198) Eden regions: 1->0(215)
[2026-05-06T01:32:16.709+0100][7.263s][info][gc,heap        ] GC(198) Survivor regions: 1->1(27)
[2026-05-06T01:32:16.709+0100][7.263s][info][gc,heap        ] GC(198) Old regions: 12->12
[2026-05-06T01:32:16.709+0100][7.263s][info][gc,heap        ] GC(198) Humongous regions: 134->96
[2026-05-06T01:32:16.709+0100][7.263s][info][gc,metaspace   ] GC(198) Metaspace: 19150K(19520K)->19150K(19520K) NonClass: 16908K(17152K)->16908K(17152K) Class: 2241K(2368K)->2241K(2368K)
[2026-05-06T01:32:16.709+0100][7.263s][info][gc             ] GC(198) Pause Young (Concurrent Start) (G1 Humongous Allocation) 280M->203M(720M) 0.475ms
[2026-05-06T01:32:16.709+0100][7.263s][info][gc,cpu         ] GC(198) User=0.00s Sys=0.00s Real=0.00s
[2026-05-06T01:32:16.709+0100][7.263s][info][gc             ] GC(199) Concurrent Undo Cycle
[2026-05-06T01:32:16.709+0100][7.263s][info][gc,marking     ] GC(199) Concurrent Clear Claimed Marks
[2026-05-06T01:32:16.709+0100][7.263s][info][gc,marking     ] GC(199) Concurrent Clear Claimed Marks 0.007ms
[2026-05-06T01:32:16.709+0100][7.263s][info][gc,marking     ] GC(199) Concurrent Cleanup for Next Mark
[2026-05-06T01:32:16.709+0100][7.263s][info][gc,marking     ] GC(199) Concurrent Cleanup for Next Mark 0.039ms
[2026-05-06T01:32:16.709+0100][7.263s][info][gc             ] GC(199) Concurrent Undo Cycle 0.067ms
[2026-05-06T01:32:16.726+0100][7.280s][info][gc,start       ] GC(200) Pause Young (Concurrent Start) (G1 Humongous Allocation)
[2026-05-06T01:32:16.726+0100][7.280s][info][gc,task        ] GC(200) Using 9 workers of 9 for evacuation
[2026-05-06T01:32:16.727+0100][7.280s][info][gc,phases      ] GC(200)   Pre Evacuate Collection Set: 0.1ms
[2026-05-06T01:32:16.727+0100][7.280s][info][gc,phases      ] GC(200)   Merge Heap Roots: 0.0ms
[2026-05-06T01:32:16.727+0100][7.280s][info][gc,phases      ] GC(200)   Evacuate Collection Set: 0.1ms
[2026-05-06T01:32:16.727+0100][7.280s][info][gc,phases      ] GC(200)   Post Evacuate Collection Set: 0.1ms
[2026-05-06T01:32:16.727+0100][7.280s][info][gc,phases      ] GC(200)   Other: 0.0ms
[2026-05-06T01:32:16.727+0100][7.280s][info][gc,heap        ] GC(200) Eden regions: 1->0(215)
[2026-05-06T01:32:16.727+0100][7.281s][info][gc,heap        ] GC(200) Survivor regions: 1->1(27)
[2026-05-06T01:32:16.727+0100][7.281s][info][gc,heap        ] GC(200) Old regions: 12->12
[2026-05-06T01:32:16.727+0100][7.281s][info][gc,heap        ] GC(200) Humongous regions: 134->96
[2026-05-06T01:32:16.727+0100][7.281s][info][gc,metaspace   ] GC(200) Metaspace: 19150K(19520K)->19150K(19520K) NonClass: 16908K(17152K)->16908K(17152K) Class: 2241K(2368K)->2241K(2368K)
[2026-05-06T01:32:16.727+0100][7.281s][info][gc             ] GC(200) Pause Young (Concurrent Start) (G1 Humongous Allocation) 280M->203M(720M) 0.418ms
[2026-05-06T01:32:16.727+0100][7.281s][info][gc,cpu         ] GC(200) User=0.00s Sys=0.00s Real=0.00s
[2026-05-06T01:32:16.727+0100][7.281s][info][gc             ] GC(201) Concurrent Undo Cycle
[2026-05-06T01:32:16.727+0100][7.281s][info][gc,marking     ] GC(201) Concurrent Clear Claimed Marks
[2026-05-06T01:32:16.727+0100][7.281s][info][gc,marking     ] GC(201) Concurrent Clear Claimed Marks 0.006ms
[2026-05-06T01:32:16.727+0100][7.281s][info][gc,marking     ] GC(201) Concurrent Cleanup for Next Mark
[2026-05-06T01:32:16.727+0100][7.281s][info][gc,marking     ] GC(201) Concurrent Cleanup for Next Mark 0.033ms
[2026-05-06T01:32:16.727+0100][7.281s][info][gc             ] GC(201) Concurrent Undo Cycle 0.061ms
[2026-05-06T01:32:16.744+0100][7.298s][info][gc,start       ] GC(202) Pause Young (Concurrent Start) (G1 Humongous Allocation)
[2026-05-06T01:32:16.744+0100][7.298s][info][gc,task        ] GC(202) Using 9 workers of 9 for evacuation
[2026-05-06T01:32:16.744+0100][7.298s][info][gc,phases      ] GC(202)   Pre Evacuate Collection Set: 0.1ms
[2026-05-06T01:32:16.744+0100][7.298s][info][gc,phases      ] GC(202)   Merge Heap Roots: 0.0ms
[2026-05-06T01:32:16.744+0100][7.298s][info][gc,phases      ] GC(202)   Evacuate Collection Set: 0.1ms
[2026-05-06T01:32:16.744+0100][7.298s][info][gc,phases      ] GC(202)   Post Evacuate Collection Set: 0.1ms
[2026-05-06T01:32:16.744+0100][7.298s][info][gc,phases      ] GC(202)   Other: 0.0ms
[2026-05-06T01:32:16.744+0100][7.298s][info][gc,heap        ] GC(202) Eden regions: 1->0(215)
[2026-05-06T01:32:16.744+0100][7.298s][info][gc,heap        ] GC(202) Survivor regions: 1->1(27)
[2026-05-06T01:32:16.744+0100][7.298s][info][gc,heap        ] GC(202) Old regions: 12->12
[2026-05-06T01:32:16.744+0100][7.298s][info][gc,heap        ] GC(202) Humongous regions: 134->96
[2026-05-06T01:32:16.744+0100][7.298s][info][gc,metaspace   ] GC(202) Metaspace: 19150K(19520K)->19150K(19520K) NonClass: 16908K(17152K)->16908K(17152K) Class: 2241K(2368K)->2241K(2368K)
[2026-05-06T01:32:16.744+0100][7.298s][info][gc             ] GC(202) Pause Young (Concurrent Start) (G1 Humongous Allocation) 280M->203M(720M) 0.445ms
[2026-05-06T01:32:16.744+0100][7.298s][info][gc,cpu         ] GC(202) User=0.00s Sys=0.00s Real=0.00s
[2026-05-06T01:32:16.744+0100][7.298s][info][gc             ] GC(203) Concurrent Undo Cycle
[2026-05-06T01:32:16.744+0100][7.298s][info][gc,marking     ] GC(203) Concurrent Clear Claimed Marks
[2026-05-06T01:32:16.744+0100][7.298s][info][gc,marking     ] GC(203) Concurrent Clear Claimed Marks 0.007ms
[2026-05-06T01:32:16.744+0100][7.298s][info][gc,marking     ] GC(203) Concurrent Cleanup for Next Mark
[2026-05-06T01:32:16.744+0100][7.298s][info][gc,marking     ] GC(203) Concurrent Cleanup for Next Mark 0.029ms
[2026-05-06T01:32:16.744+0100][7.298s][info][gc             ] GC(203) Concurrent Undo Cycle 0.057ms
[2026-05-06T01:32:16.761+0100][7.315s][info][gc,start       ] GC(204) Pause Young (Concurrent Start) (G1 Humongous Allocation)
[2026-05-06T01:32:16.762+0100][7.315s][info][gc,task        ] GC(204) Using 9 workers of 9 for evacuation
[2026-05-06T01:32:16.762+0100][7.316s][info][gc,phases      ] GC(204)   Pre Evacuate Collection Set: 0.1ms
[2026-05-06T01:32:16.762+0100][7.316s][info][gc,phases      ] GC(204)   Merge Heap Roots: 0.0ms
[2026-05-06T01:32:16.762+0100][7.316s][info][gc,phases      ] GC(204)   Evacuate Collection Set: 0.1ms
[2026-05-06T01:32:16.762+0100][7.316s][info][gc,phases      ] GC(204)   Post Evacuate Collection Set: 0.1ms
[2026-05-06T01:32:16.762+0100][7.316s][info][gc,phases      ] GC(204)   Other: 0.0ms
[2026-05-06T01:32:16.762+0100][7.316s][info][gc,heap        ] GC(204) Eden regions: 5->0(215)
[2026-05-06T01:32:16.762+0100][7.316s][info][gc,heap        ] GC(204) Survivor regions: 1->1(27)
[2026-05-06T01:32:16.762+0100][7.316s][info][gc,heap        ] GC(204) Old regions: 12->12
[2026-05-06T01:32:16.762+0100][7.316s][info][gc,heap        ] GC(204) Humongous regions: 134->96
[2026-05-06T01:32:16.762+0100][7.316s][info][gc,metaspace   ] GC(204) Metaspace: 19150K(19520K)->19150K(19520K) NonClass: 16908K(17152K)->16908K(17152K) Class: 2241K(2368K)->2241K(2368K)
[2026-05-06T01:32:16.762+0100][7.316s][info][gc             ] GC(204) Pause Young (Concurrent Start) (G1 Humongous Allocation) 288M->203M(720M) 0.445ms
[2026-05-06T01:32:16.762+0100][7.316s][info][gc,cpu         ] GC(204) User=0.00s Sys=0.00s Real=0.00s
[2026-05-06T01:32:16.762+0100][7.316s][info][gc             ] GC(205) Concurrent Undo Cycle
[2026-05-06T01:32:16.762+0100][7.316s][info][gc,marking     ] GC(205) Concurrent Clear Claimed Marks
[2026-05-06T01:32:16.762+0100][7.316s][info][gc,marking     ] GC(205) Concurrent Clear Claimed Marks 0.011ms
[2026-05-06T01:32:16.762+0100][7.316s][info][gc,marking     ] GC(205) Concurrent Cleanup for Next Mark
[2026-05-06T01:32:16.762+0100][7.316s][info][gc,marking     ] GC(205) Concurrent Cleanup for Next Mark 0.035ms
[2026-05-06T01:32:16.762+0100][7.316s][info][gc             ] GC(205) Concurrent Undo Cycle 0.075ms
[2026-05-06T01:32:16.779+0100][7.333s][info][gc,start       ] GC(206) Pause Young (Concurrent Start) (G1 Humongous Allocation)
[2026-05-06T01:32:16.779+0100][7.333s][info][gc,task        ] GC(206) Using 9 workers of 9 for evacuation
[2026-05-06T01:32:16.780+0100][7.333s][info][gc,phases      ] GC(206)   Pre Evacuate Collection Set: 0.1ms
[2026-05-06T01:32:16.780+0100][7.333s][info][gc,phases      ] GC(206)   Merge Heap Roots: 0.0ms
[2026-05-06T01:32:16.780+0100][7.334s][info][gc,phases      ] GC(206)   Evacuate Collection Set: 0.2ms
[2026-05-06T01:32:16.780+0100][7.334s][info][gc,phases      ] GC(206)   Post Evacuate Collection Set: 0.1ms
[2026-05-06T01:32:16.780+0100][7.334s][info][gc,phases      ] GC(206)   Other: 0.0ms
[2026-05-06T01:32:16.780+0100][7.334s][info][gc,heap        ] GC(206) Eden regions: 13->0(215)
[2026-05-06T01:32:16.780+0100][7.334s][info][gc,heap        ] GC(206) Survivor regions: 1->1(27)
[2026-05-06T01:32:16.780+0100][7.334s][info][gc,heap        ] GC(206) Old regions: 12->12
[2026-05-06T01:32:16.780+0100][7.334s][info][gc,heap        ] GC(206) Humongous regions: 134->96
[2026-05-06T01:32:16.780+0100][7.334s][info][gc,metaspace   ] GC(206) Metaspace: 19150K(19520K)->19150K(19520K) NonClass: 16908K(17152K)->16908K(17152K) Class: 2241K(2368K)->2241K(2368K)
[2026-05-06T01:32:16.780+0100][7.334s][info][gc             ] GC(206) Pause Young (Concurrent Start) (G1 Humongous Allocation) 304M->203M(720M) 0.496ms
[2026-05-06T01:32:16.780+0100][7.334s][info][gc,cpu         ] GC(206) User=0.00s Sys=0.00s Real=0.01s
[2026-05-06T01:32:16.780+0100][7.334s][info][gc             ] GC(207) Concurrent Undo Cycle
[2026-05-06T01:32:16.780+0100][7.334s][info][gc,marking     ] GC(207) Concurrent Clear Claimed Marks
[2026-05-06T01:32:16.780+0100][7.334s][info][gc,marking     ] GC(207) Concurrent Clear Claimed Marks 0.007ms
[2026-05-06T01:32:16.780+0100][7.334s][info][gc,marking     ] GC(207) Concurrent Cleanup for Next Mark
[2026-05-06T01:32:16.780+0100][7.334s][info][gc,marking     ] GC(207) Concurrent Cleanup for Next Mark 0.040ms
[2026-05-06T01:32:16.780+0100][7.334s][info][gc             ] GC(207) Concurrent Undo Cycle 0.077ms
[2026-05-06T01:32:16.785+0100][7.339s][info][gc,start       ] GC(208) Pause Full (System.gc())
[2026-05-06T01:32:16.785+0100][7.339s][info][gc,task        ] GC(208) Using 9 workers of 9 for full compaction
[2026-05-06T01:32:16.785+0100][7.339s][info][gc,phases,start] GC(208) Phase 1: Mark live objects
[2026-05-06T01:32:16.787+0100][7.341s][info][gc,phases      ] GC(208) Phase 1: Mark live objects 2.279ms
[2026-05-06T01:32:16.787+0100][7.341s][info][gc,phases,start] GC(208) Phase 2: Prepare compaction
[2026-05-06T01:32:16.788+0100][7.342s][info][gc,phases      ] GC(208) Phase 2: Prepare compaction 0.300ms
[2026-05-06T01:32:16.788+0100][7.342s][info][gc,phases,start] GC(208) Phase 3: Adjust pointers
[2026-05-06T01:32:16.789+0100][7.343s][info][gc,phases      ] GC(208) Phase 3: Adjust pointers 1.799ms
[2026-05-06T01:32:16.789+0100][7.343s][info][gc,phases,start] GC(208) Phase 4: Compact heap
[2026-05-06T01:32:16.790+0100][7.344s][info][gc,phases      ] GC(208) Phase 4: Compact heap 0.255ms
[2026-05-06T01:32:16.790+0100][7.344s][info][gc,phases,start] GC(208) Phase 5: Reset Metadata
[2026-05-06T01:32:16.790+0100][7.344s][info][gc,phases      ] GC(208) Phase 5: Reset Metadata 0.323ms
[2026-05-06T01:32:16.790+0100][7.344s][info][gc,heap        ] GC(208) Eden regions: 5->0(216)
[2026-05-06T01:32:16.790+0100][7.344s][info][gc,heap        ] GC(208) Survivor regions: 1->0(27)
[2026-05-06T01:32:16.790+0100][7.344s][info][gc,heap        ] GC(208) Old regions: 12->12
[2026-05-06T01:32:16.790+0100][7.344s][info][gc,heap        ] GC(208) Humongous regions: 115->96
[2026-05-06T01:32:16.791+0100][7.344s][info][gc,metaspace   ] GC(208) Metaspace: 19150K(19520K)->19150K(19520K) NonClass: 16908K(17152K)->16908K(17152K) Class: 2241K(2368K)->2241K(2368K)
[2026-05-06T01:32:16.791+0100][7.344s][info][gc             ] GC(208) Pause Full (System.gc()) 250M->203M(720M) 5.526ms
[2026-05-06T01:32:16.791+0100][7.344s][info][gc,cpu         ] GC(208) User=0.02s Sys=0.01s Real=0.01s
[2026-05-06T01:32:16.811+0100][7.365s][info][gc,start       ] GC(209) Pause Young (Concurrent Start) (G1 Humongous Allocation)
[2026-05-06T01:32:16.811+0100][7.365s][info][gc,task        ] GC(209) Using 9 workers of 9 for evacuation
[2026-05-06T01:32:16.811+0100][7.365s][info][gc,phases      ] GC(209)   Pre Evacuate Collection Set: 0.1ms
[2026-05-06T01:32:16.811+0100][7.365s][info][gc,phases      ] GC(209)   Merge Heap Roots: 0.0ms
[2026-05-06T01:32:16.811+0100][7.365s][info][gc,phases      ] GC(209)   Evacuate Collection Set: 0.1ms
[2026-05-06T01:32:16.811+0100][7.365s][info][gc,phases      ] GC(209)   Post Evacuate Collection Set: 0.1ms
[2026-05-06T01:32:16.811+0100][7.365s][info][gc,phases      ] GC(209)   Other: 0.0ms
[2026-05-06T01:32:16.811+0100][7.365s][info][gc,heap        ] GC(209) Eden regions: 16->0(215)
[2026-05-06T01:32:16.811+0100][7.365s][info][gc,heap        ] GC(209) Survivor regions: 0->1(27)
[2026-05-06T01:32:16.811+0100][7.365s][info][gc,heap        ] GC(209) Old regions: 12->12
[2026-05-06T01:32:16.811+0100][7.365s][info][gc,heap        ] GC(209) Humongous regions: 134->96
[2026-05-06T01:32:16.811+0100][7.365s][info][gc,metaspace   ] GC(209) Metaspace: 19150K(19520K)->19150K(19520K) NonClass: 16908K(17152K)->16908K(17152K) Class: 2241K(2368K)->2241K(2368K)
[2026-05-06T01:32:16.811+0100][7.365s][info][gc             ] GC(209) Pause Young (Concurrent Start) (G1 Humongous Allocation) 310M->203M(720M) 0.500ms
[2026-05-06T01:32:16.811+0100][7.365s][info][gc             ] GC(210) Concurrent Undo Cycle
[2026-05-06T01:32:16.811+0100][7.365s][info][gc,cpu         ] GC(209) User=0.00s Sys=0.00s Real=0.00s
[2026-05-06T01:32:16.811+0100][7.365s][info][gc,marking     ] GC(210) Concurrent Clear Claimed Marks
[2026-05-06T01:32:16.811+0100][7.365s][info][gc,marking     ] GC(210) Concurrent Clear Claimed Marks 0.008ms
[2026-05-06T01:32:16.811+0100][7.365s][info][gc,marking     ] GC(210) Concurrent Cleanup for Next Mark
[2026-05-06T01:32:16.811+0100][7.365s][info][gc,marking     ] GC(210) Concurrent Cleanup for Next Mark 0.040ms
[2026-05-06T01:32:16.811+0100][7.365s][info][gc             ] GC(210) Concurrent Undo Cycle 0.074ms
[2026-05-06T01:32:16.828+0100][7.382s][info][gc,start       ] GC(211) Pause Young (Concurrent Start) (G1 Humongous Allocation)
[2026-05-06T01:32:16.828+0100][7.382s][info][gc,task        ] GC(211) Using 9 workers of 9 for evacuation
[2026-05-06T01:32:16.829+0100][7.382s][info][gc,phases      ] GC(211)   Pre Evacuate Collection Set: 0.1ms
[2026-05-06T01:32:16.829+0100][7.382s][info][gc,phases      ] GC(211)   Merge Heap Roots: 0.0ms
[2026-05-06T01:32:16.829+0100][7.382s][info][gc,phases      ] GC(211)   Evacuate Collection Set: 0.1ms
[2026-05-06T01:32:16.829+0100][7.382s][info][gc,phases      ] GC(211)   Post Evacuate Collection Set: 0.1ms
[2026-05-06T01:32:16.829+0100][7.382s][info][gc,phases      ] GC(211)   Other: 0.0ms
[2026-05-06T01:32:16.829+0100][7.382s][info][gc,heap        ] GC(211) Eden regions: 11->0(215)
[2026-05-06T01:32:16.829+0100][7.382s][info][gc,heap        ] GC(211) Survivor regions: 1->1(27)
[2026-05-06T01:32:16.829+0100][7.382s][info][gc,heap        ] GC(211) Old regions: 12->12
[2026-05-06T01:32:16.829+0100][7.382s][info][gc,heap        ] GC(211) Humongous regions: 134->96
[2026-05-06T01:32:16.829+0100][7.382s][info][gc,metaspace   ] GC(211) Metaspace: 19150K(19520K)->19150K(19520K) NonClass: 16908K(17152K)->16908K(17152K) Class: 2241K(2368K)->2241K(2368K)
[2026-05-06T01:32:16.829+0100][7.382s][info][gc             ] GC(211) Pause Young (Concurrent Start) (G1 Humongous Allocation) 301M->203M(720M) 0.490ms
[2026-05-06T01:32:16.829+0100][7.382s][info][gc,cpu         ] GC(211) User=0.00s Sys=0.00s Real=0.00s
[2026-05-06T01:32:16.829+0100][7.383s][info][gc             ] GC(212) Concurrent Undo Cycle
[2026-05-06T01:32:16.829+0100][7.383s][info][gc,marking     ] GC(212) Concurrent Clear Claimed Marks
[2026-05-06T01:32:16.829+0100][7.383s][info][gc,marking     ] GC(212) Concurrent Clear Claimed Marks 0.008ms
[2026-05-06T01:32:16.829+0100][7.383s][info][gc,marking     ] GC(212) Concurrent Cleanup for Next Mark
[2026-05-06T01:32:16.829+0100][7.383s][info][gc,marking     ] GC(212) Concurrent Cleanup for Next Mark 0.024ms
[2026-05-06T01:32:16.829+0100][7.383s][info][gc             ] GC(212) Concurrent Undo Cycle 0.057ms
[2026-05-06T01:32:16.846+0100][7.400s][info][gc,start       ] GC(213) Pause Young (Concurrent Start) (G1 Humongous Allocation)
[2026-05-06T01:32:16.846+0100][7.400s][info][gc,task        ] GC(213) Using 9 workers of 9 for evacuation
[2026-05-06T01:32:16.846+0100][7.400s][info][gc,phases      ] GC(213)   Pre Evacuate Collection Set: 0.1ms
[2026-05-06T01:32:16.846+0100][7.400s][info][gc,phases      ] GC(213)   Merge Heap Roots: 0.0ms
[2026-05-06T01:32:16.846+0100][7.400s][info][gc,phases      ] GC(213)   Evacuate Collection Set: 0.1ms
[2026-05-06T01:32:16.846+0100][7.400s][info][gc,phases      ] GC(213)   Post Evacuate Collection Set: 0.1ms
[2026-05-06T01:32:16.846+0100][7.400s][info][gc,phases      ] GC(213)   Other: 0.0ms
[2026-05-06T01:32:16.846+0100][7.400s][info][gc,heap        ] GC(213) Eden regions: 13->0(215)
[2026-05-06T01:32:16.846+0100][7.400s][info][gc,heap        ] GC(213) Survivor regions: 1->1(27)
[2026-05-06T01:32:16.846+0100][7.400s][info][gc,heap        ] GC(213) Old regions: 12->12
[2026-05-06T01:32:16.846+0100][7.400s][info][gc,heap        ] GC(213) Humongous regions: 134->96
[2026-05-06T01:32:16.846+0100][7.400s][info][gc,metaspace   ] GC(213) Metaspace: 19150K(19520K)->19150K(19520K) NonClass: 16908K(17152K)->16908K(17152K) Class: 2241K(2368K)->2241K(2368K)
[2026-05-06T01:32:16.846+0100][7.400s][info][gc             ] GC(213) Pause Young (Concurrent Start) (G1 Humongous Allocation) 304M->203M(720M) 0.482ms
[2026-05-06T01:32:16.846+0100][7.400s][info][gc,cpu         ] GC(213) User=0.00s Sys=0.01s Real=0.00s
[2026-05-06T01:32:16.846+0100][7.400s][info][gc             ] GC(214) Concurrent Undo Cycle
[2026-05-06T01:32:16.846+0100][7.400s][info][gc,marking     ] GC(214) Concurrent Clear Claimed Marks
[2026-05-06T01:32:16.846+0100][7.400s][info][gc,marking     ] GC(214) Concurrent Clear Claimed Marks 0.007ms
[2026-05-06T01:32:16.846+0100][7.400s][info][gc,marking     ] GC(214) Concurrent Cleanup for Next Mark
[2026-05-06T01:32:16.846+0100][7.400s][info][gc,marking     ] GC(214) Concurrent Cleanup for Next Mark 0.038ms
[2026-05-06T01:32:16.846+0100][7.400s][info][gc             ] GC(214) Concurrent Undo Cycle 0.069ms
[2026-05-06T01:32:16.863+0100][7.417s][info][gc,start       ] GC(215) Pause Young (Concurrent Start) (G1 Humongous Allocation)
[2026-05-06T01:32:16.863+0100][7.417s][info][gc,task        ] GC(215) Using 9 workers of 9 for evacuation
[2026-05-06T01:32:16.864+0100][7.418s][info][gc,phases      ] GC(215)   Pre Evacuate Collection Set: 0.1ms
[2026-05-06T01:32:16.864+0100][7.418s][info][gc,phases      ] GC(215)   Merge Heap Roots: 0.0ms
[2026-05-06T01:32:16.864+0100][7.418s][info][gc,phases      ] GC(215)   Evacuate Collection Set: 0.2ms
[2026-05-06T01:32:16.864+0100][7.418s][info][gc,phases      ] GC(215)   Post Evacuate Collection Set: 0.1ms
[2026-05-06T01:32:16.864+0100][7.418s][info][gc,phases      ] GC(215)   Other: 0.0ms
[2026-05-06T01:32:16.864+0100][7.418s][info][gc,heap        ] GC(215) Eden regions: 13->0(215)
[2026-05-06T01:32:16.864+0100][7.418s][info][gc,heap        ] GC(215) Survivor regions: 1->1(27)
[2026-05-06T01:32:16.864+0100][7.418s][info][gc,heap        ] GC(215) Old regions: 12->12
[2026-05-06T01:32:16.864+0100][7.418s][info][gc,heap        ] GC(215) Humongous regions: 134->96
[2026-05-06T01:32:16.864+0100][7.418s][info][gc,metaspace   ] GC(215) Metaspace: 19150K(19520K)->19150K(19520K) NonClass: 16908K(17152K)->16908K(17152K) Class: 2241K(2368K)->2241K(2368K)
[2026-05-06T01:32:16.864+0100][7.418s][info][gc             ] GC(215) Pause Young (Concurrent Start) (G1 Humongous Allocation) 304M->203M(720M) 0.531ms
[2026-05-06T01:32:16.864+0100][7.418s][info][gc,cpu         ] GC(215) User=0.00s Sys=0.00s Real=0.00s
[2026-05-06T01:32:16.864+0100][7.418s][info][gc             ] GC(216) Concurrent Undo Cycle
[2026-05-06T01:32:16.864+0100][7.418s][info][gc,marking     ] GC(216) Concurrent Clear Claimed Marks
[2026-05-06T01:32:16.864+0100][7.418s][info][gc,marking     ] GC(216) Concurrent Clear Claimed Marks 0.007ms
[2026-05-06T01:32:16.864+0100][7.418s][info][gc,marking     ] GC(216) Concurrent Cleanup for Next Mark
[2026-05-06T01:32:16.864+0100][7.418s][info][gc,marking     ] GC(216) Concurrent Cleanup for Next Mark 0.032ms
[2026-05-06T01:32:16.864+0100][7.418s][info][gc             ] GC(216) Concurrent Undo Cycle 0.063ms
[2026-05-06T01:32:16.881+0100][7.435s][info][gc,start       ] GC(217) Pause Young (Concurrent Start) (G1 Humongous Allocation)
[2026-05-06T01:32:16.881+0100][7.435s][info][gc,task        ] GC(217) Using 9 workers of 9 for evacuation
[2026-05-06T01:32:16.882+0100][7.436s][info][gc,phases      ] GC(217)   Pre Evacuate Collection Set: 0.1ms
[2026-05-06T01:32:16.882+0100][7.436s][info][gc,phases      ] GC(217)   Merge Heap Roots: 0.0ms
[2026-05-06T01:32:16.882+0100][7.436s][info][gc,phases      ] GC(217)   Evacuate Collection Set: 0.2ms
[2026-05-06T01:32:16.882+0100][7.436s][info][gc,phases      ] GC(217)   Post Evacuate Collection Set: 0.2ms
[2026-05-06T01:32:16.882+0100][7.436s][info][gc,phases      ] GC(217)   Other: 0.0ms
[2026-05-06T01:32:16.882+0100][7.436s][info][gc,heap        ] GC(217) Eden regions: 10->0(281)
[2026-05-06T01:32:16.882+0100][7.436s][info][gc,heap        ] GC(217) Survivor regions: 1->1(27)
[2026-05-06T01:32:16.882+0100][7.436s][info][gc,heap        ] GC(217) Old regions: 12->12
[2026-05-06T01:32:16.882+0100][7.436s][info][gc,heap        ] GC(217) Humongous regions: 134->96
[2026-05-06T01:32:16.882+0100][7.436s][info][gc,metaspace   ] GC(217) Metaspace: 19150K(19520K)->19150K(19520K) NonClass: 16908K(17152K)->16908K(17152K) Class: 2241K(2368K)->2241K(2368K)
[2026-05-06T01:32:16.882+0100][7.436s][info][gc             ] GC(217) Pause Young (Concurrent Start) (G1 Humongous Allocation) 299M->203M(942M) 0.621ms
[2026-05-06T01:32:16.882+0100][7.436s][info][gc,cpu         ] GC(217) User=0.00s Sys=0.00s Real=0.00s
[2026-05-06T01:32:16.882+0100][7.436s][info][gc             ] GC(218) Concurrent Undo Cycle
[2026-05-06T01:32:16.882+0100][7.436s][info][gc,marking     ] GC(218) Concurrent Clear Claimed Marks
[2026-05-06T01:32:16.882+0100][7.436s][info][gc,marking     ] GC(218) Concurrent Clear Claimed Marks 0.006ms
[2026-05-06T01:32:16.882+0100][7.436s][info][gc,marking     ] GC(218) Concurrent Cleanup for Next Mark
[2026-05-06T01:32:16.882+0100][7.436s][info][gc,marking     ] GC(218) Concurrent Cleanup for Next Mark 0.034ms
[2026-05-06T01:32:16.882+0100][7.436s][info][gc             ] GC(218) Concurrent Undo Cycle 0.064ms
[2026-05-06T01:32:16.905+0100][7.459s][info][gc,start       ] GC(219) Pause Full (System.gc())
[2026-05-06T01:32:16.905+0100][7.459s][info][gc,task        ] GC(219) Using 9 workers of 9 for full compaction
[2026-05-06T01:32:16.905+0100][7.459s][info][gc,phases,start] GC(219) Phase 1: Mark live objects
[2026-05-06T01:32:16.908+0100][7.462s][info][gc,phases      ] GC(219) Phase 1: Mark live objects 2.745ms
[2026-05-06T01:32:16.908+0100][7.462s][info][gc,phases,start] GC(219) Phase 2: Prepare compaction
[2026-05-06T01:32:16.909+0100][7.462s][info][gc,phases      ] GC(219) Phase 2: Prepare compaction 0.309ms
[2026-05-06T01:32:16.909+0100][7.462s][info][gc,phases,start] GC(219) Phase 3: Adjust pointers
[2026-05-06T01:32:16.910+0100][7.464s][info][gc,phases      ] GC(219) Phase 3: Adjust pointers 1.731ms
[2026-05-06T01:32:16.910+0100][7.464s][info][gc,phases,start] GC(219) Phase 4: Compact heap
[2026-05-06T01:32:16.911+0100][7.464s][info][gc,phases      ] GC(219) Phase 4: Compact heap 0.260ms
[2026-05-06T01:32:16.911+0100][7.465s][info][gc,phases,start] GC(219) Phase 5: Reset Metadata
[2026-05-06T01:32:16.911+0100][7.465s][info][gc,phases      ] GC(219) Phase 5: Reset Metadata 0.343ms
[2026-05-06T01:32:16.912+0100][7.466s][info][gc,heap        ] GC(219) Eden regions: 11->0(216)
[2026-05-06T01:32:16.912+0100][7.466s][info][gc,heap        ] GC(219) Survivor regions: 1->0(27)
[2026-05-06T01:32:16.912+0100][7.466s][info][gc,heap        ] GC(219) Old regions: 12->12
[2026-05-06T01:32:16.912+0100][7.466s][info][gc,heap        ] GC(219) Humongous regions: 153->96
[2026-05-06T01:32:16.912+0100][7.466s][info][gc,metaspace   ] GC(219) Metaspace: 19150K(19520K)->19150K(19520K) NonClass: 16908K(17152K)->16908K(17152K) Class: 2241K(2368K)->2241K(2368K)
[2026-05-06T01:32:16.912+0100][7.466s][info][gc             ] GC(219) Pause Full (System.gc()) 339M->203M(720M) 6.263ms
[2026-05-06T01:32:16.912+0100][7.466s][info][gc,cpu         ] GC(219) User=0.02s Sys=0.01s Real=0.01s
[2026-05-06T01:32:16.932+0100][7.486s][info][gc,start       ] GC(220) Pause Young (Concurrent Start) (G1 Humongous Allocation)
[2026-05-06T01:32:16.932+0100][7.486s][info][gc,task        ] GC(220) Using 9 workers of 9 for evacuation
[2026-05-06T01:32:16.932+0100][7.486s][info][gc,phases      ] GC(220)   Pre Evacuate Collection Set: 0.1ms
[2026-05-06T01:32:16.932+0100][7.486s][info][gc,phases      ] GC(220)   Merge Heap Roots: 0.0ms
[2026-05-06T01:32:16.932+0100][7.486s][info][gc,phases      ] GC(220)   Evacuate Collection Set: 0.2ms
[2026-05-06T01:32:16.932+0100][7.486s][info][gc,phases      ] GC(220)   Post Evacuate Collection Set: 0.1ms
[2026-05-06T01:32:16.932+0100][7.486s][info][gc,phases      ] GC(220)   Other: 0.0ms
[2026-05-06T01:32:16.932+0100][7.486s][info][gc,heap        ] GC(220) Eden regions: 15->0(215)
[2026-05-06T01:32:16.932+0100][7.486s][info][gc,heap        ] GC(220) Survivor regions: 0->1(27)
[2026-05-06T01:32:16.932+0100][7.486s][info][gc,heap        ] GC(220) Old regions: 12->12
[2026-05-06T01:32:16.932+0100][7.486s][info][gc,heap        ] GC(220) Humongous regions: 134->96
[2026-05-06T01:32:16.932+0100][7.486s][info][gc,metaspace   ] GC(220) Metaspace: 19150K(19520K)->19150K(19520K) NonClass: 16908K(17152K)->16908K(17152K) Class: 2241K(2368K)->2241K(2368K)
[2026-05-06T01:32:16.932+0100][7.486s][info][gc             ] GC(220) Pause Young (Concurrent Start) (G1 Humongous Allocation) 309M->203M(720M) 0.510ms
[2026-05-06T01:32:16.932+0100][7.486s][info][gc,cpu         ] GC(220) User=0.00s Sys=0.01s Real=0.00s
[2026-05-06T01:32:16.932+0100][7.486s][info][gc             ] GC(221) Concurrent Undo Cycle
[2026-05-06T01:32:16.932+0100][7.486s][info][gc,marking     ] GC(221) Concurrent Clear Claimed Marks
[2026-05-06T01:32:16.932+0100][7.486s][info][gc,marking     ] GC(221) Concurrent Clear Claimed Marks 0.006ms
[2026-05-06T01:32:16.932+0100][7.486s][info][gc,marking     ] GC(221) Concurrent Cleanup for Next Mark
[2026-05-06T01:32:16.932+0100][7.486s][info][gc,marking     ] GC(221) Concurrent Cleanup for Next Mark 0.037ms
[2026-05-06T01:32:16.932+0100][7.486s][info][gc             ] GC(221) Concurrent Undo Cycle 0.068ms
[2026-05-06T01:32:16.949+0100][7.503s][info][gc,start       ] GC(222) Pause Young (Concurrent Start) (G1 Humongous Allocation)
[2026-05-06T01:32:16.949+0100][7.503s][info][gc,task        ] GC(222) Using 9 workers of 9 for evacuation
[2026-05-06T01:32:16.950+0100][7.504s][info][gc,phases      ] GC(222)   Pre Evacuate Collection Set: 0.1ms
[2026-05-06T01:32:16.950+0100][7.504s][info][gc,phases      ] GC(222)   Merge Heap Roots: 0.0ms
[2026-05-06T01:32:16.950+0100][7.504s][info][gc,phases      ] GC(222)   Evacuate Collection Set: 0.1ms
[2026-05-06T01:32:16.950+0100][7.504s][info][gc,phases      ] GC(222)   Post Evacuate Collection Set: 0.1ms
[2026-05-06T01:32:16.950+0100][7.504s][info][gc,phases      ] GC(222)   Other: 0.0ms
[2026-05-06T01:32:16.950+0100][7.504s][info][gc,heap        ] GC(222) Eden regions: 11->0(215)
[2026-05-06T01:32:16.950+0100][7.504s][info][gc,heap        ] GC(222) Survivor regions: 1->1(27)
[2026-05-06T01:32:16.950+0100][7.504s][info][gc,heap        ] GC(222) Old regions: 12->12
[2026-05-06T01:32:16.950+0100][7.504s][info][gc,heap        ] GC(222) Humongous regions: 134->96
[2026-05-06T01:32:16.950+0100][7.504s][info][gc,metaspace   ] GC(222) Metaspace: 19150K(19520K)->19150K(19520K) NonClass: 16908K(17152K)->16908K(17152K) Class: 2241K(2368K)->2241K(2368K)
[2026-05-06T01:32:16.950+0100][7.504s][info][gc             ] GC(222) Pause Young (Concurrent Start) (G1 Humongous Allocation) 301M->203M(720M) 0.453ms
[2026-05-06T01:32:16.950+0100][7.504s][info][gc,cpu         ] GC(222) User=0.00s Sys=0.00s Real=0.01s
[2026-05-06T01:32:16.950+0100][7.504s][info][gc             ] GC(223) Concurrent Undo Cycle
[2026-05-06T01:32:16.950+0100][7.504s][info][gc,marking     ] GC(223) Concurrent Clear Claimed Marks
[2026-05-06T01:32:16.950+0100][7.504s][info][gc,marking     ] GC(223) Concurrent Clear Claimed Marks 0.007ms
[2026-05-06T01:32:16.950+0100][7.504s][info][gc,marking     ] GC(223) Concurrent Cleanup for Next Mark
[2026-05-06T01:32:16.950+0100][7.504s][info][gc,marking     ] GC(223) Concurrent Cleanup for Next Mark 0.035ms
[2026-05-06T01:32:16.950+0100][7.504s][info][gc             ] GC(223) Concurrent Undo Cycle 0.067ms
[2026-05-06T01:32:16.967+0100][7.520s][info][gc,start       ] GC(224) Pause Young (Concurrent Start) (G1 Humongous Allocation)
[2026-05-06T01:32:16.967+0100][7.520s][info][gc,task        ] GC(224) Using 9 workers of 9 for evacuation
[2026-05-06T01:32:16.967+0100][7.521s][info][gc,phases      ] GC(224)   Pre Evacuate Collection Set: 0.1ms
[2026-05-06T01:32:16.967+0100][7.521s][info][gc,phases      ] GC(224)   Merge Heap Roots: 0.0ms
[2026-05-06T01:32:16.967+0100][7.521s][info][gc,phases      ] GC(224)   Evacuate Collection Set: 0.1ms
[2026-05-06T01:32:16.967+0100][7.521s][info][gc,phases      ] GC(224)   Post Evacuate Collection Set: 0.1ms
[2026-05-06T01:32:16.967+0100][7.521s][info][gc,phases      ] GC(224)   Other: 0.0ms
[2026-05-06T01:32:16.967+0100][7.521s][info][gc,heap        ] GC(224) Eden regions: 13->0(215)
[2026-05-06T01:32:16.967+0100][7.521s][info][gc,heap        ] GC(224) Survivor regions: 1->1(27)
[2026-05-06T01:32:16.967+0100][7.521s][info][gc,heap        ] GC(224) Old regions: 12->12
[2026-05-06T01:32:16.967+0100][7.521s][info][gc,heap        ] GC(224) Humongous regions: 134->96
[2026-05-06T01:32:16.967+0100][7.521s][info][gc,metaspace   ] GC(224) Metaspace: 19150K(19520K)->19150K(19520K) NonClass: 16908K(17152K)->16908K(17152K) Class: 2241K(2368K)->2241K(2368K)
[2026-05-06T01:32:16.967+0100][7.521s][info][gc             ] GC(224) Pause Young (Concurrent Start) (G1 Humongous Allocation) 304M->203M(720M) 0.455ms
[2026-05-06T01:32:16.967+0100][7.521s][info][gc,cpu         ] GC(224) User=0.00s Sys=0.00s Real=0.00s
[2026-05-06T01:32:16.967+0100][7.521s][info][gc             ] GC(225) Concurrent Undo Cycle
[2026-05-06T01:32:16.967+0100][7.521s][info][gc,marking     ] GC(225) Concurrent Clear Claimed Marks
[2026-05-06T01:32:16.967+0100][7.521s][info][gc,marking     ] GC(225) Concurrent Clear Claimed Marks 0.007ms
[2026-05-06T01:32:16.967+0100][7.521s][info][gc,marking     ] GC(225) Concurrent Cleanup for Next Mark
[2026-05-06T01:32:16.967+0100][7.521s][info][gc,marking     ] GC(225) Concurrent Cleanup for Next Mark 0.036ms
[2026-05-06T01:32:16.967+0100][7.521s][info][gc             ] GC(225) Concurrent Undo Cycle 0.064ms
[2026-05-06T01:32:16.984+0100][7.538s][info][gc,start       ] GC(226) Pause Young (Concurrent Start) (G1 Humongous Allocation)
[2026-05-06T01:32:16.984+0100][7.538s][info][gc,task        ] GC(226) Using 9 workers of 9 for evacuation
[2026-05-06T01:32:16.985+0100][7.538s][info][gc,phases      ] GC(226)   Pre Evacuate Collection Set: 0.1ms
[2026-05-06T01:32:16.985+0100][7.538s][info][gc,phases      ] GC(226)   Merge Heap Roots: 0.0ms
[2026-05-06T01:32:16.985+0100][7.539s][info][gc,phases      ] GC(226)   Evacuate Collection Set: 0.2ms
[2026-05-06T01:32:16.985+0100][7.539s][info][gc,phases      ] GC(226)   Post Evacuate Collection Set: 0.1ms
[2026-05-06T01:32:16.985+0100][7.539s][info][gc,phases      ] GC(226)   Other: 0.0ms
[2026-05-06T01:32:16.985+0100][7.539s][info][gc,heap        ] GC(226) Eden regions: 10->0(215)
[2026-05-06T01:32:16.985+0100][7.539s][info][gc,heap        ] GC(226) Survivor regions: 1->1(27)
[2026-05-06T01:32:16.985+0100][7.539s][info][gc,heap        ] GC(226) Old regions: 12->12
[2026-05-06T01:32:16.985+0100][7.539s][info][gc,heap        ] GC(226) Humongous regions: 134->96
[2026-05-06T01:32:16.985+0100][7.539s][info][gc,metaspace   ] GC(226) Metaspace: 19150K(19520K)->19150K(19520K) NonClass: 16908K(17152K)->16908K(17152K) Class: 2241K(2368K)->2241K(2368K)
[2026-05-06T01:32:16.985+0100][7.539s][info][gc             ] GC(226) Pause Young (Concurrent Start) (G1 Humongous Allocation) 299M->203M(720M) 0.466ms
[2026-05-06T01:32:16.985+0100][7.539s][info][gc,cpu         ] GC(226) User=0.00s Sys=0.00s Real=0.00s
[2026-05-06T01:32:16.985+0100][7.539s][info][gc             ] GC(227) Concurrent Undo Cycle
[2026-05-06T01:32:16.985+0100][7.539s][info][gc,marking     ] GC(227) Concurrent Clear Claimed Marks
[2026-05-06T01:32:16.985+0100][7.539s][info][gc,marking     ] GC(227) Concurrent Clear Claimed Marks 0.005ms
[2026-05-06T01:32:16.985+0100][7.539s][info][gc,marking     ] GC(227) Concurrent Cleanup for Next Mark
[2026-05-06T01:32:16.985+0100][7.539s][info][gc,marking     ] GC(227) Concurrent Cleanup for Next Mark 0.026ms
[2026-05-06T01:32:16.985+0100][7.539s][info][gc             ] GC(227) Concurrent Undo Cycle 0.060ms
[2026-05-06T01:32:17.003+0100][7.557s][info][gc,start       ] GC(228) Pause Young (Concurrent Start) (G1 Humongous Allocation)
[2026-05-06T01:32:17.003+0100][7.557s][info][gc,task        ] GC(228) Using 9 workers of 9 for evacuation
[2026-05-06T01:32:17.003+0100][7.557s][info][gc,phases      ] GC(228)   Pre Evacuate Collection Set: 0.1ms
[2026-05-06T01:32:17.003+0100][7.557s][info][gc,phases      ] GC(228)   Merge Heap Roots: 0.0ms
[2026-05-06T01:32:17.003+0100][7.557s][info][gc,phases      ] GC(228)   Evacuate Collection Set: 0.1ms
[2026-05-06T01:32:17.003+0100][7.557s][info][gc,phases      ] GC(228)   Post Evacuate Collection Set: 0.1ms
[2026-05-06T01:32:17.003+0100][7.557s][info][gc,phases      ] GC(228)   Other: 0.0ms
[2026-05-06T01:32:17.003+0100][7.557s][info][gc,heap        ] GC(228) Eden regions: 6->0(215)
[2026-05-06T01:32:17.003+0100][7.557s][info][gc,heap        ] GC(228) Survivor regions: 1->1(27)
[2026-05-06T01:32:17.003+0100][7.557s][info][gc,heap        ] GC(228) Old regions: 12->12
[2026-05-06T01:32:17.003+0100][7.557s][info][gc,heap        ] GC(228) Humongous regions: 134->96
[2026-05-06T01:32:17.003+0100][7.557s][info][gc,metaspace   ] GC(228) Metaspace: 19150K(19520K)->19150K(19520K) NonClass: 16908K(17152K)->16908K(17152K) Class: 2241K(2368K)->2241K(2368K)
[2026-05-06T01:32:17.003+0100][7.557s][info][gc             ] GC(228) Pause Young (Concurrent Start) (G1 Humongous Allocation) 291M->203M(720M) 0.432ms
[2026-05-06T01:32:17.003+0100][7.557s][info][gc,cpu         ] GC(228) User=0.00s Sys=0.00s Real=0.00s
[2026-05-06T01:32:17.003+0100][7.557s][info][gc             ] GC(229) Concurrent Undo Cycle
[2026-05-06T01:32:17.004+0100][7.557s][info][gc,marking     ] GC(229) Concurrent Clear Claimed Marks
[2026-05-06T01:32:17.004+0100][7.557s][info][gc,marking     ] GC(229) Concurrent Clear Claimed Marks 0.007ms
[2026-05-06T01:32:17.004+0100][7.557s][info][gc,marking     ] GC(229) Concurrent Cleanup for Next Mark
[2026-05-06T01:32:17.004+0100][7.557s][info][gc,marking     ] GC(229) Concurrent Cleanup for Next Mark 0.031ms
[2026-05-06T01:32:17.004+0100][7.557s][info][gc             ] GC(229) Concurrent Undo Cycle 0.072ms
[2026-05-06T01:32:17.020+0100][7.574s][info][gc,start       ] GC(230) Pause Young (Concurrent Start) (G1 Humongous Allocation)
[2026-05-06T01:32:17.020+0100][7.574s][info][gc,task        ] GC(230) Using 9 workers of 9 for evacuation
[2026-05-06T01:32:17.021+0100][7.575s][info][gc,phases      ] GC(230)   Pre Evacuate Collection Set: 0.1ms
[2026-05-06T01:32:17.021+0100][7.575s][info][gc,phases      ] GC(230)   Merge Heap Roots: 0.0ms
[2026-05-06T01:32:17.021+0100][7.575s][info][gc,phases      ] GC(230)   Evacuate Collection Set: 0.2ms
[2026-05-06T01:32:17.021+0100][7.575s][info][gc,phases      ] GC(230)   Post Evacuate Collection Set: 0.1ms
[2026-05-06T01:32:17.021+0100][7.575s][info][gc,phases      ] GC(230)   Other: 0.0ms
[2026-05-06T01:32:17.021+0100][7.575s][info][gc,heap        ] GC(230) Eden regions: 1->0(215)
[2026-05-06T01:32:17.021+0100][7.575s][info][gc,heap        ] GC(230) Survivor regions: 1->1(27)
[2026-05-06T01:32:17.021+0100][7.575s][info][gc,heap        ] GC(230) Old regions: 12->12
[2026-05-06T01:32:17.021+0100][7.575s][info][gc,heap        ] GC(230) Humongous regions: 134->96
[2026-05-06T01:32:17.021+0100][7.575s][info][gc,metaspace   ] GC(230) Metaspace: 19150K(19520K)->19150K(19520K) NonClass: 16908K(17152K)->16908K(17152K) Class: 2241K(2368K)->2241K(2368K)
[2026-05-06T01:32:17.021+0100][7.575s][info][gc             ] GC(230) Pause Young (Concurrent Start) (G1 Humongous Allocation) 280M->203M(720M) 0.511ms
[2026-05-06T01:32:17.021+0100][7.575s][info][gc,cpu         ] GC(230) User=0.00s Sys=0.00s Real=0.00s
[2026-05-06T01:32:17.021+0100][7.575s][info][gc             ] GC(231) Concurrent Undo Cycle
[2026-05-06T01:32:17.021+0100][7.575s][info][gc,marking     ] GC(231) Concurrent Clear Claimed Marks
[2026-05-06T01:32:17.021+0100][7.575s][info][gc,marking     ] GC(231) Concurrent Clear Claimed Marks 0.011ms
[2026-05-06T01:32:17.021+0100][7.575s][info][gc,marking     ] GC(231) Concurrent Cleanup for Next Mark
[2026-05-06T01:32:17.021+0100][7.575s][info][gc,marking     ] GC(231) Concurrent Cleanup for Next Mark 0.029ms
[2026-05-06T01:32:17.021+0100][7.575s][info][gc             ] GC(231) Concurrent Undo Cycle 0.068ms
[2026-05-06T01:32:17.026+0100][7.580s][info][gc,start       ] GC(232) Pause Full (System.gc())
[2026-05-06T01:32:17.026+0100][7.580s][info][gc,task        ] GC(232) Using 9 workers of 9 for full compaction
[2026-05-06T01:32:17.026+0100][7.580s][info][gc,phases,start] GC(232) Phase 1: Mark live objects
[2026-05-06T01:32:17.028+0100][7.582s][info][gc,phases      ] GC(232) Phase 1: Mark live objects 2.237ms
[2026-05-06T01:32:17.028+0100][7.582s][info][gc,phases,start] GC(232) Phase 2: Prepare compaction
[2026-05-06T01:32:17.029+0100][7.583s][info][gc,phases      ] GC(232) Phase 2: Prepare compaction 0.338ms
[2026-05-06T01:32:17.029+0100][7.583s][info][gc,phases,start] GC(232) Phase 3: Adjust pointers
[2026-05-06T01:32:17.030+0100][7.584s][info][gc,phases      ] GC(232) Phase 3: Adjust pointers 1.748ms
[2026-05-06T01:32:17.031+0100][7.584s][info][gc,phases,start] GC(232) Phase 4: Compact heap
[2026-05-06T01:32:17.031+0100][7.585s][info][gc,phases      ] GC(232) Phase 4: Compact heap 0.280ms
[2026-05-06T01:32:17.031+0100][7.585s][info][gc,phases,start] GC(232) Phase 5: Reset Metadata
[2026-05-06T01:32:17.031+0100][7.585s][info][gc,phases      ] GC(232) Phase 5: Reset Metadata 0.362ms
[2026-05-06T01:32:17.032+0100][7.586s][info][gc,heap        ] GC(232) Eden regions: 1->0(216)
[2026-05-06T01:32:17.032+0100][7.586s][info][gc,heap        ] GC(232) Survivor regions: 1->0(27)
[2026-05-06T01:32:17.032+0100][7.586s][info][gc,heap        ] GC(232) Old regions: 12->12
[2026-05-06T01:32:17.032+0100][7.586s][info][gc,heap        ] GC(232) Humongous regions: 115->96
[2026-05-06T01:32:17.032+0100][7.586s][info][gc,metaspace   ] GC(232) Metaspace: 19150K(19520K)->19150K(19520K) NonClass: 16908K(17152K)->16908K(17152K) Class: 2241K(2368K)->2241K(2368K)
[2026-05-06T01:32:17.032+0100][7.586s][info][gc             ] GC(232) Pause Full (System.gc()) 242M->203M(720M) 5.579ms
[2026-05-06T01:32:17.032+0100][7.586s][info][gc,cpu         ] GC(232) User=0.02s Sys=0.01s Real=0.01s
[2026-05-06T01:32:17.051+0100][7.605s][info][gc,start       ] GC(233) Pause Young (Concurrent Start) (G1 Humongous Allocation)
[2026-05-06T01:32:17.051+0100][7.605s][info][gc,task        ] GC(233) Using 9 workers of 9 for evacuation
[2026-05-06T01:32:17.051+0100][7.605s][info][gc,phases      ] GC(233)   Pre Evacuate Collection Set: 0.1ms
[2026-05-06T01:32:17.051+0100][7.605s][info][gc,phases      ] GC(233)   Merge Heap Roots: 0.0ms
[2026-05-06T01:32:17.051+0100][7.605s][info][gc,phases      ] GC(233)   Evacuate Collection Set: 0.2ms
[2026-05-06T01:32:17.051+0100][7.605s][info][gc,phases      ] GC(233)   Post Evacuate Collection Set: 0.1ms
[2026-05-06T01:32:17.051+0100][7.605s][info][gc,phases      ] GC(233)   Other: 0.0ms
[2026-05-06T01:32:17.051+0100][7.605s][info][gc,heap        ] GC(233) Eden regions: 1->0(215)
[2026-05-06T01:32:17.051+0100][7.605s][info][gc,heap        ] GC(233) Survivor regions: 0->1(27)
[2026-05-06T01:32:17.051+0100][7.605s][info][gc,heap        ] GC(233) Old regions: 12->12
[2026-05-06T01:32:17.051+0100][7.605s][info][gc,heap        ] GC(233) Humongous regions: 134->96
[2026-05-06T01:32:17.051+0100][7.605s][info][gc,metaspace   ] GC(233) Metaspace: 19150K(19520K)->19150K(19520K) NonClass: 16908K(17152K)->16908K(17152K) Class: 2241K(2368K)->2241K(2368K)
[2026-05-06T01:32:17.051+0100][7.605s][info][gc             ] GC(233) Pause Young (Concurrent Start) (G1 Humongous Allocation) 280M->203M(720M) 0.547ms
[2026-05-06T01:32:17.051+0100][7.605s][info][gc,cpu         ] GC(233) User=0.00s Sys=0.00s Real=0.00s
[2026-05-06T01:32:17.051+0100][7.605s][info][gc             ] GC(234) Concurrent Undo Cycle
[2026-05-06T01:32:17.051+0100][7.605s][info][gc,marking     ] GC(234) Concurrent Clear Claimed Marks
[2026-05-06T01:32:17.051+0100][7.605s][info][gc,marking     ] GC(234) Concurrent Clear Claimed Marks 0.006ms
[2026-05-06T01:32:17.051+0100][7.605s][info][gc,marking     ] GC(234) Concurrent Cleanup for Next Mark
[2026-05-06T01:32:17.051+0100][7.605s][info][gc,marking     ] GC(234) Concurrent Cleanup for Next Mark 0.038ms
[2026-05-06T01:32:17.051+0100][7.605s][info][gc             ] GC(234) Concurrent Undo Cycle 0.069ms
[2026-05-06T01:32:17.067+0100][7.621s][info][gc,start       ] GC(235) Pause Young (Concurrent Start) (G1 Humongous Allocation)
[2026-05-06T01:32:17.067+0100][7.621s][info][gc,task        ] GC(235) Using 9 workers of 9 for evacuation
[2026-05-06T01:32:17.067+0100][7.621s][info][gc,phases      ] GC(235)   Pre Evacuate Collection Set: 0.1ms
[2026-05-06T01:32:17.068+0100][7.621s][info][gc,phases      ] GC(235)   Merge Heap Roots: 0.0ms
[2026-05-06T01:32:17.068+0100][7.621s][info][gc,phases      ] GC(235)   Evacuate Collection Set: 0.1ms
[2026-05-06T01:32:17.068+0100][7.621s][info][gc,phases      ] GC(235)   Post Evacuate Collection Set: 0.1ms
[2026-05-06T01:32:17.068+0100][7.621s][info][gc,phases      ] GC(235)   Other: 0.0ms
[2026-05-06T01:32:17.068+0100][7.621s][info][gc,heap        ] GC(235) Eden regions: 1->0(215)
[2026-05-06T01:32:17.068+0100][7.621s][info][gc,heap        ] GC(235) Survivor regions: 1->1(27)
[2026-05-06T01:32:17.068+0100][7.621s][info][gc,heap        ] GC(235) Old regions: 12->12
[2026-05-06T01:32:17.068+0100][7.621s][info][gc,heap        ] GC(235) Humongous regions: 134->96
[2026-05-06T01:32:17.068+0100][7.621s][info][gc,metaspace   ] GC(235) Metaspace: 19150K(19520K)->19150K(19520K) NonClass: 16908K(17152K)->16908K(17152K) Class: 2241K(2368K)->2241K(2368K)
[2026-05-06T01:32:17.068+0100][7.621s][info][gc             ] GC(235) Pause Young (Concurrent Start) (G1 Humongous Allocation) 280M->203M(720M) 0.479ms
[2026-05-06T01:32:17.068+0100][7.621s][info][gc,cpu         ] GC(235) User=0.00s Sys=0.00s Real=0.00s
[2026-05-06T01:32:17.068+0100][7.621s][info][gc             ] GC(236) Concurrent Undo Cycle
[2026-05-06T01:32:17.068+0100][7.622s][info][gc,marking     ] GC(236) Concurrent Clear Claimed Marks
[2026-05-06T01:32:17.068+0100][7.622s][info][gc,marking     ] GC(236) Concurrent Clear Claimed Marks 0.009ms
[2026-05-06T01:32:17.068+0100][7.622s][info][gc,marking     ] GC(236) Concurrent Cleanup for Next Mark
[2026-05-06T01:32:17.068+0100][7.622s][info][gc,marking     ] GC(236) Concurrent Cleanup for Next Mark 0.032ms
[2026-05-06T01:32:17.068+0100][7.622s][info][gc             ] GC(236) Concurrent Undo Cycle 0.077ms
[2026-05-06T01:32:17.084+0100][7.638s][info][gc,start       ] GC(237) Pause Young (Concurrent Start) (G1 Humongous Allocation)
[2026-05-06T01:32:17.084+0100][7.638s][info][gc,task        ] GC(237) Using 9 workers of 9 for evacuation
[2026-05-06T01:32:17.084+0100][7.638s][info][gc,phases      ] GC(237)   Pre Evacuate Collection Set: 0.1ms
[2026-05-06T01:32:17.084+0100][7.638s][info][gc,phases      ] GC(237)   Merge Heap Roots: 0.0ms
[2026-05-06T01:32:17.084+0100][7.638s][info][gc,phases      ] GC(237)   Evacuate Collection Set: 0.1ms
[2026-05-06T01:32:17.084+0100][7.638s][info][gc,phases      ] GC(237)   Post Evacuate Collection Set: 0.1ms
[2026-05-06T01:32:17.084+0100][7.638s][info][gc,phases      ] GC(237)   Other: 0.0ms
[2026-05-06T01:32:17.084+0100][7.638s][info][gc,heap        ] GC(237) Eden regions: 1->0(215)
[2026-05-06T01:32:17.084+0100][7.638s][info][gc,heap        ] GC(237) Survivor regions: 1->1(27)
[2026-05-06T01:32:17.084+0100][7.638s][info][gc,heap        ] GC(237) Old regions: 12->12
[2026-05-06T01:32:17.084+0100][7.638s][info][gc,heap        ] GC(237) Humongous regions: 134->96
[2026-05-06T01:32:17.084+0100][7.638s][info][gc,metaspace   ] GC(237) Metaspace: 19150K(19520K)->19150K(19520K) NonClass: 16908K(17152K)->16908K(17152K) Class: 2241K(2368K)->2241K(2368K)
[2026-05-06T01:32:17.084+0100][7.638s][info][gc             ] GC(237) Pause Young (Concurrent Start) (G1 Humongous Allocation) 280M->203M(720M) 0.427ms
[2026-05-06T01:32:17.084+0100][7.638s][info][gc,cpu         ] GC(237) User=0.00s Sys=0.00s Real=0.00s
[2026-05-06T01:32:17.084+0100][7.638s][info][gc             ] GC(238) Concurrent Undo Cycle
[2026-05-06T01:32:17.084+0100][7.638s][info][gc,marking     ] GC(238) Concurrent Clear Claimed Marks
[2026-05-06T01:32:17.084+0100][7.638s][info][gc,marking     ] GC(238) Concurrent Clear Claimed Marks 0.007ms
[2026-05-06T01:32:17.084+0100][7.638s][info][gc,marking     ] GC(238) Concurrent Cleanup for Next Mark
[2026-05-06T01:32:17.084+0100][7.638s][info][gc,marking     ] GC(238) Concurrent Cleanup for Next Mark 0.037ms
[2026-05-06T01:32:17.084+0100][7.638s][info][gc             ] GC(238) Concurrent Undo Cycle 0.070ms
[2026-05-06T01:32:17.101+0100][7.655s][info][gc,start       ] GC(239) Pause Young (Concurrent Start) (G1 Humongous Allocation)
[2026-05-06T01:32:17.101+0100][7.655s][info][gc,task        ] GC(239) Using 9 workers of 9 for evacuation
[2026-05-06T01:32:17.101+0100][7.655s][info][gc,phases      ] GC(239)   Pre Evacuate Collection Set: 0.1ms
[2026-05-06T01:32:17.101+0100][7.655s][info][gc,phases      ] GC(239)   Merge Heap Roots: 0.0ms
[2026-05-06T01:32:17.101+0100][7.655s][info][gc,phases      ] GC(239)   Evacuate Collection Set: 0.2ms
[2026-05-06T01:32:17.101+0100][7.655s][info][gc,phases      ] GC(239)   Post Evacuate Collection Set: 0.1ms
[2026-05-06T01:32:17.101+0100][7.655s][info][gc,phases      ] GC(239)   Other: 0.0ms
[2026-05-06T01:32:17.101+0100][7.655s][info][gc,heap        ] GC(239) Eden regions: 1->0(215)
[2026-05-06T01:32:17.101+0100][7.655s][info][gc,heap        ] GC(239) Survivor regions: 1->1(27)
[2026-05-06T01:32:17.101+0100][7.655s][info][gc,heap        ] GC(239) Old regions: 12->12
[2026-05-06T01:32:17.101+0100][7.655s][info][gc,heap        ] GC(239) Humongous regions: 134->96
[2026-05-06T01:32:17.101+0100][7.655s][info][gc,metaspace   ] GC(239) Metaspace: 19150K(19520K)->19150K(19520K) NonClass: 16908K(17152K)->16908K(17152K) Class: 2241K(2368K)->2241K(2368K)
[2026-05-06T01:32:17.101+0100][7.655s][info][gc             ] GC(239) Pause Young (Concurrent Start) (G1 Humongous Allocation) 280M->203M(720M) 0.486ms
[2026-05-06T01:32:17.101+0100][7.655s][info][gc,cpu         ] GC(239) User=0.00s Sys=0.00s Real=0.00s
[2026-05-06T01:32:17.101+0100][7.655s][info][gc             ] GC(240) Concurrent Undo Cycle
[2026-05-06T01:32:17.101+0100][7.655s][info][gc,marking     ] GC(240) Concurrent Clear Claimed Marks
[2026-05-06T01:32:17.101+0100][7.655s][info][gc,marking     ] GC(240) Concurrent Clear Claimed Marks 0.006ms
[2026-05-06T01:32:17.101+0100][7.655s][info][gc,marking     ] GC(240) Concurrent Cleanup for Next Mark
[2026-05-06T01:32:17.101+0100][7.655s][info][gc,marking     ] GC(240) Concurrent Cleanup for Next Mark 0.037ms
[2026-05-06T01:32:17.101+0100][7.655s][info][gc             ] GC(240) Concurrent Undo Cycle 0.070ms
[2026-05-06T01:32:17.118+0100][7.671s][info][gc,start       ] GC(241) Pause Young (Concurrent Start) (G1 Humongous Allocation)
[2026-05-06T01:32:17.118+0100][7.671s][info][gc,task        ] GC(241) Using 9 workers of 9 for evacuation
[2026-05-06T01:32:17.118+0100][7.672s][info][gc,phases      ] GC(241)   Pre Evacuate Collection Set: 0.1ms
[2026-05-06T01:32:17.118+0100][7.672s][info][gc,phases      ] GC(241)   Merge Heap Roots: 0.0ms
[2026-05-06T01:32:17.118+0100][7.672s][info][gc,phases      ] GC(241)   Evacuate Collection Set: 0.2ms
[2026-05-06T01:32:17.118+0100][7.672s][info][gc,phases      ] GC(241)   Post Evacuate Collection Set: 0.2ms
[2026-05-06T01:32:17.118+0100][7.672s][info][gc,phases      ] GC(241)   Other: 0.0ms
[2026-05-06T01:32:17.118+0100][7.672s][info][gc,heap        ] GC(241) Eden regions: 6->0(284)
[2026-05-06T01:32:17.118+0100][7.672s][info][gc,heap        ] GC(241) Survivor regions: 1->1(27)
[2026-05-06T01:32:17.118+0100][7.672s][info][gc,heap        ] GC(241) Old regions: 12->12
[2026-05-06T01:32:17.118+0100][7.672s][info][gc,heap        ] GC(241) Humongous regions: 134->96
[2026-05-06T01:32:17.118+0100][7.672s][info][gc,metaspace   ] GC(241) Metaspace: 19150K(19520K)->19150K(19520K) NonClass: 16908K(17152K)->16908K(17152K) Class: 2241K(2368K)->2241K(2368K)
[2026-05-06T01:32:17.118+0100][7.672s][info][gc             ] GC(241) Pause Young (Concurrent Start) (G1 Humongous Allocation) 291M->203M(950M) 0.627ms
[2026-05-06T01:32:17.118+0100][7.672s][info][gc,cpu         ] GC(241) User=0.00s Sys=0.00s Real=0.00s
[2026-05-06T01:32:17.118+0100][7.672s][info][gc             ] GC(242) Concurrent Undo Cycle
[2026-05-06T01:32:17.118+0100][7.672s][info][gc,marking     ] GC(242) Concurrent Clear Claimed Marks
[2026-05-06T01:32:17.118+0100][7.672s][info][gc,marking     ] GC(242) Concurrent Clear Claimed Marks 0.011ms
[2026-05-06T01:32:17.118+0100][7.672s][info][gc,marking     ] GC(242) Concurrent Cleanup for Next Mark
[2026-05-06T01:32:17.118+0100][7.672s][info][gc,marking     ] GC(242) Concurrent Cleanup for Next Mark 0.029ms
[2026-05-06T01:32:17.118+0100][7.672s][info][gc             ] GC(242) Concurrent Undo Cycle 0.065ms
[2026-05-06T01:32:17.139+0100][7.693s][info][gc,start       ] GC(243) Pause Full (System.gc())
[2026-05-06T01:32:17.139+0100][7.693s][info][gc,task        ] GC(243) Using 9 workers of 9 for full compaction
[2026-05-06T01:32:17.139+0100][7.693s][info][gc,phases,start] GC(243) Phase 1: Mark live objects
[2026-05-06T01:32:17.142+0100][7.696s][info][gc,phases      ] GC(243) Phase 1: Mark live objects 2.372ms
[2026-05-06T01:32:17.142+0100][7.696s][info][gc,phases,start] GC(243) Phase 2: Prepare compaction
[2026-05-06T01:32:17.142+0100][7.696s][info][gc,phases      ] GC(243) Phase 2: Prepare compaction 0.336ms
[2026-05-06T01:32:17.142+0100][7.696s][info][gc,phases,start] GC(243) Phase 3: Adjust pointers
[2026-05-06T01:32:17.144+0100][7.698s][info][gc,phases      ] GC(243) Phase 3: Adjust pointers 1.639ms
[2026-05-06T01:32:17.144+0100][7.698s][info][gc,phases,start] GC(243) Phase 4: Compact heap
[2026-05-06T01:32:17.144+0100][7.698s][info][gc,phases      ] GC(243) Phase 4: Compact heap 0.262ms
[2026-05-06T01:32:17.144+0100][7.698s][info][gc,phases,start] GC(243) Phase 5: Reset Metadata
[2026-05-06T01:32:17.144+0100][7.698s][info][gc,phases      ] GC(243) Phase 5: Reset Metadata 0.326ms
[2026-05-06T01:32:17.145+0100][7.699s][info][gc,heap        ] GC(243) Eden regions: 17->0(216)
[2026-05-06T01:32:17.145+0100][7.699s][info][gc,heap        ] GC(243) Survivor regions: 1->0(27)
[2026-05-06T01:32:17.145+0100][7.699s][info][gc,heap        ] GC(243) Old regions: 12->12
[2026-05-06T01:32:17.145+0100][7.699s][info][gc,heap        ] GC(243) Humongous regions: 153->96
[2026-05-06T01:32:17.145+0100][7.699s][info][gc,metaspace   ] GC(243) Metaspace: 19150K(19520K)->19150K(19520K) NonClass: 16908K(17152K)->16908K(17152K) Class: 2241K(2368K)->2241K(2368K)
[2026-05-06T01:32:17.145+0100][7.699s][info][gc             ] GC(243) Pause Full (System.gc()) 351M->203M(720M) 5.809ms
[2026-05-06T01:32:17.145+0100][7.699s][info][gc,cpu         ] GC(243) User=0.02s Sys=0.00s Real=0.01s
[2026-05-06T01:32:17.163+0100][7.717s][info][gc,start       ] GC(244) Pause Young (Concurrent Start) (G1 Humongous Allocation)
[2026-05-06T01:32:17.163+0100][7.717s][info][gc,task        ] GC(244) Using 9 workers of 9 for evacuation
[2026-05-06T01:32:17.164+0100][7.718s][info][gc,phases      ] GC(244)   Pre Evacuate Collection Set: 0.1ms
[2026-05-06T01:32:17.164+0100][7.718s][info][gc,phases      ] GC(244)   Merge Heap Roots: 0.0ms
[2026-05-06T01:32:17.164+0100][7.718s][info][gc,phases      ] GC(244)   Evacuate Collection Set: 0.1ms
[2026-05-06T01:32:17.164+0100][7.718s][info][gc,phases      ] GC(244)   Post Evacuate Collection Set: 0.1ms
[2026-05-06T01:32:17.164+0100][7.718s][info][gc,phases      ] GC(244)   Other: 0.0ms
[2026-05-06T01:32:17.164+0100][7.718s][info][gc,heap        ] GC(244) Eden regions: 21->0(215)
[2026-05-06T01:32:17.164+0100][7.718s][info][gc,heap        ] GC(244) Survivor regions: 0->1(27)
[2026-05-06T01:32:17.164+0100][7.718s][info][gc,heap        ] GC(244) Old regions: 12->12
[2026-05-06T01:32:17.164+0100][7.718s][info][gc,heap        ] GC(244) Humongous regions: 134->96
[2026-05-06T01:32:17.164+0100][7.718s][info][gc,metaspace   ] GC(244) Metaspace: 19150K(19520K)->19150K(19520K) NonClass: 16908K(17152K)->16908K(17152K) Class: 2241K(2368K)->2241K(2368K)
[2026-05-06T01:32:17.164+0100][7.718s][info][gc             ] GC(244) Pause Young (Concurrent Start) (G1 Humongous Allocation) 321M->203M(720M) 0.503ms
[2026-05-06T01:32:17.164+0100][7.718s][info][gc,cpu         ] GC(244) User=0.01s Sys=0.00s Real=0.00s
[2026-05-06T01:32:17.164+0100][7.718s][info][gc             ] GC(245) Concurrent Undo Cycle
[2026-05-06T01:32:17.164+0100][7.718s][info][gc,marking     ] GC(245) Concurrent Clear Claimed Marks
[2026-05-06T01:32:17.164+0100][7.718s][info][gc,marking     ] GC(245) Concurrent Clear Claimed Marks 0.007ms
[2026-05-06T01:32:17.164+0100][7.718s][info][gc,marking     ] GC(245) Concurrent Cleanup for Next Mark
[2026-05-06T01:32:17.164+0100][7.718s][info][gc,marking     ] GC(245) Concurrent Cleanup for Next Mark 0.027ms
[2026-05-06T01:32:17.164+0100][7.718s][info][gc             ] GC(245) Concurrent Undo Cycle 0.065ms
[2026-05-06T01:32:17.179+0100][7.733s][info][gc,start       ] GC(246) Pause Young (Concurrent Start) (G1 Humongous Allocation)
[2026-05-06T01:32:17.179+0100][7.733s][info][gc,task        ] GC(246) Using 9 workers of 9 for evacuation
[2026-05-06T01:32:17.180+0100][7.734s][info][gc,phases      ] GC(246)   Pre Evacuate Collection Set: 0.1ms
[2026-05-06T01:32:17.180+0100][7.734s][info][gc,phases      ] GC(246)   Merge Heap Roots: 0.0ms
[2026-05-06T01:32:17.180+0100][7.734s][info][gc,phases      ] GC(246)   Evacuate Collection Set: 0.1ms
[2026-05-06T01:32:17.180+0100][7.734s][info][gc,phases      ] GC(246)   Post Evacuate Collection Set: 0.1ms
[2026-05-06T01:32:17.180+0100][7.734s][info][gc,phases      ] GC(246)   Other: 0.0ms
[2026-05-06T01:32:17.180+0100][7.734s][info][gc,heap        ] GC(246) Eden regions: 15->0(215)
[2026-05-06T01:32:17.180+0100][7.734s][info][gc,heap        ] GC(246) Survivor regions: 1->1(27)
[2026-05-06T01:32:17.180+0100][7.734s][info][gc,heap        ] GC(246) Old regions: 12->12
[2026-05-06T01:32:17.180+0100][7.734s][info][gc,heap        ] GC(246) Humongous regions: 134->96
[2026-05-06T01:32:17.180+0100][7.734s][info][gc,metaspace   ] GC(246) Metaspace: 19150K(19520K)->19150K(19520K) NonClass: 16908K(17152K)->16908K(17152K) Class: 2241K(2368K)->2241K(2368K)
[2026-05-06T01:32:17.180+0100][7.734s][info][gc             ] GC(246) Pause Young (Concurrent Start) (G1 Humongous Allocation) 309M->203M(720M) 0.484ms
[2026-05-06T01:32:17.180+0100][7.734s][info][gc,cpu         ] GC(246) User=0.00s Sys=0.00s Real=0.01s
[2026-05-06T01:32:17.180+0100][7.734s][info][gc             ] GC(247) Concurrent Undo Cycle
[2026-05-06T01:32:17.180+0100][7.734s][info][gc,marking     ] GC(247) Concurrent Clear Claimed Marks
[2026-05-06T01:32:17.180+0100][7.734s][info][gc,marking     ] GC(247) Concurrent Clear Claimed Marks 0.007ms
[2026-05-06T01:32:17.180+0100][7.734s][info][gc,marking     ] GC(247) Concurrent Cleanup for Next Mark
[2026-05-06T01:32:17.180+0100][7.734s][info][gc,marking     ] GC(247) Concurrent Cleanup for Next Mark 0.030ms
[2026-05-06T01:32:17.180+0100][7.734s][info][gc             ] GC(247) Concurrent Undo Cycle 0.068ms
[2026-05-06T01:32:17.195+0100][7.749s][info][gc,start       ] GC(248) Pause Young (Concurrent Start) (G1 Humongous Allocation)
[2026-05-06T01:32:17.195+0100][7.749s][info][gc,task        ] GC(248) Using 9 workers of 9 for evacuation
[2026-05-06T01:32:17.196+0100][7.750s][info][gc,phases      ] GC(248)   Pre Evacuate Collection Set: 0.1ms
[2026-05-06T01:32:17.196+0100][7.750s][info][gc,phases      ] GC(248)   Merge Heap Roots: 0.0ms
[2026-05-06T01:32:17.196+0100][7.750s][info][gc,phases      ] GC(248)   Evacuate Collection Set: 0.1ms
[2026-05-06T01:32:17.196+0100][7.750s][info][gc,phases      ] GC(248)   Post Evacuate Collection Set: 0.1ms
[2026-05-06T01:32:17.196+0100][7.750s][info][gc,phases      ] GC(248)   Other: 0.0ms
[2026-05-06T01:32:17.196+0100][7.750s][info][gc,heap        ] GC(248) Eden regions: 14->0(215)
[2026-05-06T01:32:17.196+0100][7.750s][info][gc,heap        ] GC(248) Survivor regions: 1->1(27)
[2026-05-06T01:32:17.196+0100][7.750s][info][gc,heap        ] GC(248) Old regions: 12->12
[2026-05-06T01:32:17.196+0100][7.750s][info][gc,heap        ] GC(248) Humongous regions: 134->96
[2026-05-06T01:32:17.196+0100][7.750s][info][gc,metaspace   ] GC(248) Metaspace: 19150K(19520K)->19150K(19520K) NonClass: 16908K(17152K)->16908K(17152K) Class: 2241K(2368K)->2241K(2368K)
[2026-05-06T01:32:17.196+0100][7.750s][info][gc             ] GC(248) Pause Young (Concurrent Start) (G1 Humongous Allocation) 305M->203M(720M) 0.464ms
[2026-05-06T01:32:17.196+0100][7.750s][info][gc,cpu         ] GC(248) User=0.00s Sys=0.01s Real=0.00s
[2026-05-06T01:32:17.196+0100][7.750s][info][gc             ] GC(249) Concurrent Undo Cycle
[2026-05-06T01:32:17.196+0100][7.750s][info][gc,marking     ] GC(249) Concurrent Clear Claimed Marks
[2026-05-06T01:32:17.196+0100][7.750s][info][gc,marking     ] GC(249) Concurrent Clear Claimed Marks 0.007ms
[2026-05-06T01:32:17.196+0100][7.750s][info][gc,marking     ] GC(249) Concurrent Cleanup for Next Mark
[2026-05-06T01:32:17.196+0100][7.750s][info][gc,marking     ] GC(249) Concurrent Cleanup for Next Mark 0.037ms
[2026-05-06T01:32:17.196+0100][7.750s][info][gc             ] GC(249) Concurrent Undo Cycle 0.067ms
[2026-05-06T01:32:17.212+0100][7.766s][info][gc,start       ] GC(250) Pause Young (Concurrent Start) (G1 Humongous Allocation)
[2026-05-06T01:32:17.212+0100][7.766s][info][gc,task        ] GC(250) Using 9 workers of 9 for evacuation
[2026-05-06T01:32:17.212+0100][7.766s][info][gc,phases      ] GC(250)   Pre Evacuate Collection Set: 0.1ms
[2026-05-06T01:32:17.212+0100][7.766s][info][gc,phases      ] GC(250)   Merge Heap Roots: 0.0ms
[2026-05-06T01:32:17.212+0100][7.766s][info][gc,phases      ] GC(250)   Evacuate Collection Set: 0.2ms
[2026-05-06T01:32:17.212+0100][7.766s][info][gc,phases      ] GC(250)   Post Evacuate Collection Set: 0.1ms
[2026-05-06T01:32:17.212+0100][7.766s][info][gc,phases      ] GC(250)   Other: 0.0ms
[2026-05-06T01:32:17.212+0100][7.766s][info][gc,heap        ] GC(250) Eden regions: 12->0(215)
[2026-05-06T01:32:17.212+0100][7.766s][info][gc,heap        ] GC(250) Survivor regions: 1->1(27)
[2026-05-06T01:32:17.212+0100][7.766s][info][gc,heap        ] GC(250) Old regions: 12->12
[2026-05-06T01:32:17.212+0100][7.766s][info][gc,heap        ] GC(250) Humongous regions: 134->96
[2026-05-06T01:32:17.212+0100][7.766s][info][gc,metaspace   ] GC(250) Metaspace: 19150K(19520K)->19150K(19520K) NonClass: 16908K(17152K)->16908K(17152K) Class: 2241K(2368K)->2241K(2368K)
[2026-05-06T01:32:17.212+0100][7.766s][info][gc             ] GC(250) Pause Young (Concurrent Start) (G1 Humongous Allocation) 301M->203M(720M) 0.487ms
[2026-05-06T01:32:17.212+0100][7.766s][info][gc,cpu         ] GC(250) User=0.00s Sys=0.00s Real=0.00s
[2026-05-06T01:32:17.212+0100][7.766s][info][gc             ] GC(251) Concurrent Undo Cycle
[2026-05-06T01:32:17.212+0100][7.766s][info][gc,marking     ] GC(251) Concurrent Clear Claimed Marks
[2026-05-06T01:32:17.212+0100][7.766s][info][gc,marking     ] GC(251) Concurrent Clear Claimed Marks 0.007ms
[2026-05-06T01:32:17.212+0100][7.766s][info][gc,marking     ] GC(251) Concurrent Cleanup for Next Mark
[2026-05-06T01:32:17.212+0100][7.766s][info][gc,marking     ] GC(251) Concurrent Cleanup for Next Mark 0.032ms
[2026-05-06T01:32:17.212+0100][7.766s][info][gc             ] GC(251) Concurrent Undo Cycle 0.079ms
[2026-05-06T01:32:17.229+0100][7.783s][info][gc,start       ] GC(252) Pause Young (Concurrent Start) (G1 Humongous Allocation)
[2026-05-06T01:32:17.229+0100][7.783s][info][gc,task        ] GC(252) Using 9 workers of 9 for evacuation
[2026-05-06T01:32:17.230+0100][7.784s][info][gc,phases      ] GC(252)   Pre Evacuate Collection Set: 0.1ms
[2026-05-06T01:32:17.230+0100][7.784s][info][gc,phases      ] GC(252)   Merge Heap Roots: 0.0ms
[2026-05-06T01:32:17.230+0100][7.784s][info][gc,phases      ] GC(252)   Evacuate Collection Set: 0.1ms
[2026-05-06T01:32:17.230+0100][7.784s][info][gc,phases      ] GC(252)   Post Evacuate Collection Set: 0.1ms
[2026-05-06T01:32:17.230+0100][7.784s][info][gc,phases      ] GC(252)   Other: 0.0ms
[2026-05-06T01:32:17.230+0100][7.784s][info][gc,heap        ] GC(252) Eden regions: 12->0(215)
[2026-05-06T01:32:17.230+0100][7.784s][info][gc,heap        ] GC(252) Survivor regions: 1->1(27)
[2026-05-06T01:32:17.230+0100][7.784s][info][gc,heap        ] GC(252) Old regions: 12->12
[2026-05-06T01:32:17.230+0100][7.784s][info][gc,heap        ] GC(252) Humongous regions: 134->96
[2026-05-06T01:32:17.230+0100][7.784s][info][gc,metaspace   ] GC(252) Metaspace: 19151K(19520K)->19151K(19520K) NonClass: 16910K(17152K)->16910K(17152K) Class: 2241K(2368K)->2241K(2368K)
[2026-05-06T01:32:17.230+0100][7.784s][info][gc             ] GC(252) Pause Young (Concurrent Start) (G1 Humongous Allocation) 301M->203M(720M) 0.473ms
[2026-05-06T01:32:17.230+0100][7.784s][info][gc,cpu         ] GC(252) User=0.00s Sys=0.00s Real=0.01s
[2026-05-06T01:32:17.230+0100][7.784s][info][gc             ] GC(253) Concurrent Undo Cycle
[2026-05-06T01:32:17.230+0100][7.784s][info][gc,marking     ] GC(253) Concurrent Clear Claimed Marks
[2026-05-06T01:32:17.230+0100][7.784s][info][gc,marking     ] GC(253) Concurrent Clear Claimed Marks 0.007ms
[2026-05-06T01:32:17.230+0100][7.784s][info][gc,marking     ] GC(253) Concurrent Cleanup for Next Mark
[2026-05-06T01:32:17.230+0100][7.784s][info][gc,marking     ] GC(253) Concurrent Cleanup for Next Mark 0.030ms
[2026-05-06T01:32:17.230+0100][7.784s][info][gc             ] GC(253) Concurrent Undo Cycle 0.064ms
[2026-05-06T01:32:17.247+0100][7.801s][info][gc,start       ] GC(254) Pause Young (Concurrent Start) (G1 Humongous Allocation)
[2026-05-06T01:32:17.247+0100][7.801s][info][gc,task        ] GC(254) Using 9 workers of 9 for evacuation
[2026-05-06T01:32:17.247+0100][7.801s][info][gc,phases      ] GC(254)   Pre Evacuate Collection Set: 0.1ms
[2026-05-06T01:32:17.247+0100][7.801s][info][gc,phases      ] GC(254)   Merge Heap Roots: 0.0ms
[2026-05-06T01:32:17.247+0100][7.801s][info][gc,phases      ] GC(254)   Evacuate Collection Set: 0.2ms
[2026-05-06T01:32:17.247+0100][7.801s][info][gc,phases      ] GC(254)   Post Evacuate Collection Set: 0.1ms
[2026-05-06T01:32:17.247+0100][7.801s][info][gc,phases      ] GC(254)   Other: 0.0ms
[2026-05-06T01:32:17.247+0100][7.801s][info][gc,heap        ] GC(254) Eden regions: 12->0(215)
[2026-05-06T01:32:17.247+0100][7.801s][info][gc,heap        ] GC(254) Survivor regions: 1->1(27)
[2026-05-06T01:32:17.247+0100][7.801s][info][gc,heap        ] GC(254) Old regions: 12->12
[2026-05-06T01:32:17.247+0100][7.801s][info][gc,heap        ] GC(254) Humongous regions: 134->96
[2026-05-06T01:32:17.247+0100][7.801s][info][gc,metaspace   ] GC(254) Metaspace: 19151K(19520K)->19151K(19520K) NonClass: 16910K(17152K)->16910K(17152K) Class: 2241K(2368K)->2241K(2368K)
[2026-05-06T01:32:17.247+0100][7.801s][info][gc             ] GC(254) Pause Young (Concurrent Start) (G1 Humongous Allocation) 301M->203M(720M) 0.516ms
[2026-05-06T01:32:17.247+0100][7.801s][info][gc,cpu         ] GC(254) User=0.00s Sys=0.00s Real=0.00s
[2026-05-06T01:32:17.247+0100][7.801s][info][gc             ] GC(255) Concurrent Undo Cycle
[2026-05-06T01:32:17.247+0100][7.801s][info][gc,marking     ] GC(255) Concurrent Clear Claimed Marks
[2026-05-06T01:32:17.247+0100][7.801s][info][gc,marking     ] GC(255) Concurrent Clear Claimed Marks 0.007ms
[2026-05-06T01:32:17.247+0100][7.801s][info][gc,marking     ] GC(255) Concurrent Cleanup for Next Mark
[2026-05-06T01:32:17.247+0100][7.801s][info][gc,marking     ] GC(255) Concurrent Cleanup for Next Mark 0.030ms
[2026-05-06T01:32:17.247+0100][7.801s][info][gc             ] GC(255) Concurrent Undo Cycle 0.068ms
[2026-05-06T01:32:17.253+0100][7.806s][info][gc,start       ] GC(256) Pause Full (System.gc())
[2026-05-06T01:32:17.253+0100][7.806s][info][gc,task        ] GC(256) Using 9 workers of 9 for full compaction
[2026-05-06T01:32:17.253+0100][7.807s][info][gc,phases,start] GC(256) Phase 1: Mark live objects
[2026-05-06T01:32:17.255+0100][7.809s][info][gc,phases      ] GC(256) Phase 1: Mark live objects 2.319ms
[2026-05-06T01:32:17.255+0100][7.809s][info][gc,phases,start] GC(256) Phase 2: Prepare compaction
[2026-05-06T01:32:17.255+0100][7.809s][info][gc,phases      ] GC(256) Phase 2: Prepare compaction 0.308ms
[2026-05-06T01:32:17.255+0100][7.809s][info][gc,phases,start] GC(256) Phase 3: Adjust pointers
[2026-05-06T01:32:17.257+0100][7.811s][info][gc,phases      ] GC(256) Phase 3: Adjust pointers 1.641ms
[2026-05-06T01:32:17.257+0100][7.811s][info][gc,phases,start] GC(256) Phase 4: Compact heap
[2026-05-06T01:32:17.257+0100][7.811s][info][gc,phases      ] GC(256) Phase 4: Compact heap 0.250ms
[2026-05-06T01:32:17.257+0100][7.811s][info][gc,phases,start] GC(256) Phase 5: Reset Metadata
[2026-05-06T01:32:17.257+0100][7.811s][info][gc,phases      ] GC(256) Phase 5: Reset Metadata 0.327ms
[2026-05-06T01:32:17.258+0100][7.812s][info][gc,heap        ] GC(256) Eden regions: 4->0(216)
[2026-05-06T01:32:17.258+0100][7.812s][info][gc,heap        ] GC(256) Survivor regions: 1->0(27)
[2026-05-06T01:32:17.258+0100][7.812s][info][gc,heap        ] GC(256) Old regions: 12->12
[2026-05-06T01:32:17.258+0100][7.812s][info][gc,heap        ] GC(256) Humongous regions: 115->96
[2026-05-06T01:32:17.258+0100][7.812s][info][gc,metaspace   ] GC(256) Metaspace: 19151K(19520K)->19151K(19520K) NonClass: 16910K(17152K)->16910K(17152K) Class: 2241K(2368K)->2241K(2368K)
[2026-05-06T01:32:17.258+0100][7.812s][info][gc             ] GC(256) Pause Full (System.gc()) 249M->203M(720M) 5.463ms
[2026-05-06T01:32:17.258+0100][7.812s][info][gc,cpu         ] GC(256) User=0.03s Sys=0.00s Real=0.00s
[2026-05-06T01:32:17.277+0100][7.831s][info][gc,start       ] GC(257) Pause Young (Concurrent Start) (G1 Humongous Allocation)
[2026-05-06T01:32:17.277+0100][7.831s][info][gc,task        ] GC(257) Using 9 workers of 9 for evacuation
[2026-05-06T01:32:17.278+0100][7.832s][info][gc,phases      ] GC(257)   Pre Evacuate Collection Set: 0.1ms
[2026-05-06T01:32:17.278+0100][7.832s][info][gc,phases      ] GC(257)   Merge Heap Roots: 0.0ms
[2026-05-06T01:32:17.278+0100][7.832s][info][gc,phases      ] GC(257)   Evacuate Collection Set: 0.2ms
[2026-05-06T01:32:17.278+0100][7.832s][info][gc,phases      ] GC(257)   Post Evacuate Collection Set: 0.1ms
[2026-05-06T01:32:17.278+0100][7.832s][info][gc,phases      ] GC(257)   Other: 0.0ms
[2026-05-06T01:32:17.278+0100][7.832s][info][gc,heap        ] GC(257) Eden regions: 12->0(215)
[2026-05-06T01:32:17.278+0100][7.832s][info][gc,heap        ] GC(257) Survivor regions: 0->1(27)
[2026-05-06T01:32:17.278+0100][7.832s][info][gc,heap        ] GC(257) Old regions: 12->12
[2026-05-06T01:32:17.278+0100][7.832s][info][gc,heap        ] GC(257) Humongous regions: 134->96
[2026-05-06T01:32:17.278+0100][7.832s][info][gc,metaspace   ] GC(257) Metaspace: 19151K(19520K)->19151K(19520K) NonClass: 16910K(17152K)->16910K(17152K) Class: 2241K(2368K)->2241K(2368K)
[2026-05-06T01:32:17.278+0100][7.832s][info][gc             ] GC(257) Pause Young (Concurrent Start) (G1 Humongous Allocation) 301M->203M(720M) 0.522ms
[2026-05-06T01:32:17.278+0100][7.832s][info][gc,cpu         ] GC(257) User=0.00s Sys=0.00s Real=0.00s
[2026-05-06T01:32:17.278+0100][7.832s][info][gc             ] GC(258) Concurrent Undo Cycle
[2026-05-06T01:32:17.278+0100][7.832s][info][gc,marking     ] GC(258) Concurrent Clear Claimed Marks
[2026-05-06T01:32:17.278+0100][7.832s][info][gc,marking     ] GC(258) Concurrent Clear Claimed Marks 0.007ms
[2026-05-06T01:32:17.278+0100][7.832s][info][gc,marking     ] GC(258) Concurrent Cleanup for Next Mark
[2026-05-06T01:32:17.278+0100][7.832s][info][gc,marking     ] GC(258) Concurrent Cleanup for Next Mark 0.022ms
[2026-05-06T01:32:17.278+0100][7.832s][info][gc             ] GC(258) Concurrent Undo Cycle 0.055ms
[2026-05-06T01:32:17.295+0100][7.849s][info][gc,start       ] GC(259) Pause Young (Concurrent Start) (G1 Humongous Allocation)
[2026-05-06T01:32:17.295+0100][7.849s][info][gc,task        ] GC(259) Using 9 workers of 9 for evacuation
[2026-05-06T01:32:17.295+0100][7.849s][info][gc,phases      ] GC(259)   Pre Evacuate Collection Set: 0.1ms
[2026-05-06T01:32:17.295+0100][7.849s][info][gc,phases      ] GC(259)   Merge Heap Roots: 0.0ms
[2026-05-06T01:32:17.295+0100][7.849s][info][gc,phases      ] GC(259)   Evacuate Collection Set: 0.2ms
[2026-05-06T01:32:17.295+0100][7.849s][info][gc,phases      ] GC(259)   Post Evacuate Collection Set: 0.1ms
[2026-05-06T01:32:17.295+0100][7.849s][info][gc,phases      ] GC(259)   Other: 0.0ms
[2026-05-06T01:32:17.295+0100][7.849s][info][gc,heap        ] GC(259) Eden regions: 12->0(215)
[2026-05-06T01:32:17.295+0100][7.849s][info][gc,heap        ] GC(259) Survivor regions: 1->1(27)
[2026-05-06T01:32:17.295+0100][7.849s][info][gc,heap        ] GC(259) Old regions: 12->12
[2026-05-06T01:32:17.295+0100][7.849s][info][gc,heap        ] GC(259) Humongous regions: 134->96
[2026-05-06T01:32:17.295+0100][7.849s][info][gc,metaspace   ] GC(259) Metaspace: 19151K(19520K)->19151K(19520K) NonClass: 16910K(17152K)->16910K(17152K) Class: 2241K(2368K)->2241K(2368K)
[2026-05-06T01:32:17.295+0100][7.849s][info][gc             ] GC(259) Pause Young (Concurrent Start) (G1 Humongous Allocation) 301M->203M(720M) 0.551ms
[2026-05-06T01:32:17.295+0100][7.849s][info][gc,cpu         ] GC(259) User=0.00s Sys=0.00s Real=0.00s
[2026-05-06T01:32:17.295+0100][7.849s][info][gc             ] GC(260) Concurrent Undo Cycle
[2026-05-06T01:32:17.295+0100][7.849s][info][gc,marking     ] GC(260) Concurrent Clear Claimed Marks
[2026-05-06T01:32:17.295+0100][7.849s][info][gc,marking     ] GC(260) Concurrent Clear Claimed Marks 0.007ms
[2026-05-06T01:32:17.295+0100][7.849s][info][gc,marking     ] GC(260) Concurrent Cleanup for Next Mark
[2026-05-06T01:32:17.295+0100][7.849s][info][gc,marking     ] GC(260) Concurrent Cleanup for Next Mark 0.026ms
[2026-05-06T01:32:17.295+0100][7.849s][info][gc             ] GC(260) Concurrent Undo Cycle 0.061ms
[2026-05-06T01:32:17.311+0100][7.864s][info][gc,start       ] GC(261) Pause Young (Concurrent Start) (G1 Humongous Allocation)
[2026-05-06T01:32:17.311+0100][7.865s][info][gc,task        ] GC(261) Using 9 workers of 9 for evacuation
[2026-05-06T01:32:17.311+0100][7.865s][info][gc,phases      ] GC(261)   Pre Evacuate Collection Set: 0.1ms
[2026-05-06T01:32:17.311+0100][7.865s][info][gc,phases      ] GC(261)   Merge Heap Roots: 0.0ms
[2026-05-06T01:32:17.311+0100][7.865s][info][gc,phases      ] GC(261)   Evacuate Collection Set: 0.2ms
[2026-05-06T01:32:17.311+0100][7.865s][info][gc,phases      ] GC(261)   Post Evacuate Collection Set: 0.1ms
[2026-05-06T01:32:17.311+0100][7.865s][info][gc,phases      ] GC(261)   Other: 0.0ms
[2026-05-06T01:32:17.311+0100][7.865s][info][gc,heap        ] GC(261) Eden regions: 12->0(215)
[2026-05-06T01:32:17.311+0100][7.865s][info][gc,heap        ] GC(261) Survivor regions: 1->1(27)
[2026-05-06T01:32:17.311+0100][7.865s][info][gc,heap        ] GC(261) Old regions: 12->12
[2026-05-06T01:32:17.311+0100][7.865s][info][gc,heap        ] GC(261) Humongous regions: 134->96
[2026-05-06T01:32:17.311+0100][7.865s][info][gc,metaspace   ] GC(261) Metaspace: 19151K(19520K)->19151K(19520K) NonClass: 16910K(17152K)->16910K(17152K) Class: 2241K(2368K)->2241K(2368K)
[2026-05-06T01:32:17.311+0100][7.865s][info][gc             ] GC(261) Pause Young (Concurrent Start) (G1 Humongous Allocation) 301M->203M(720M) 0.530ms
[2026-05-06T01:32:17.311+0100][7.865s][info][gc,cpu         ] GC(261) User=0.01s Sys=0.01s Real=0.00s
[2026-05-06T01:32:17.311+0100][7.865s][info][gc             ] GC(262) Concurrent Undo Cycle
[2026-05-06T01:32:17.311+0100][7.865s][info][gc,marking     ] GC(262) Concurrent Clear Claimed Marks
[2026-05-06T01:32:17.311+0100][7.865s][info][gc,marking     ] GC(262) Concurrent Clear Claimed Marks 0.006ms
[2026-05-06T01:32:17.311+0100][7.865s][info][gc,marking     ] GC(262) Concurrent Cleanup for Next Mark
[2026-05-06T01:32:17.311+0100][7.865s][info][gc,marking     ] GC(262) Concurrent Cleanup for Next Mark 0.033ms
[2026-05-06T01:32:17.311+0100][7.865s][info][gc             ] GC(262) Concurrent Undo Cycle 0.060ms
[2026-05-06T01:32:17.328+0100][7.881s][info][gc,start       ] GC(263) Pause Young (Concurrent Start) (G1 Humongous Allocation)
[2026-05-06T01:32:17.328+0100][7.882s][info][gc,task        ] GC(263) Using 9 workers of 9 for evacuation
[2026-05-06T01:32:17.328+0100][7.882s][info][gc,phases      ] GC(263)   Pre Evacuate Collection Set: 0.1ms
[2026-05-06T01:32:17.328+0100][7.882s][info][gc,phases      ] GC(263)   Merge Heap Roots: 0.0ms
[2026-05-06T01:32:17.328+0100][7.882s][info][gc,phases      ] GC(263)   Evacuate Collection Set: 0.2ms
[2026-05-06T01:32:17.328+0100][7.882s][info][gc,phases      ] GC(263)   Post Evacuate Collection Set: 0.1ms
[2026-05-06T01:32:17.328+0100][7.882s][info][gc,phases      ] GC(263)   Other: 0.0ms
[2026-05-06T01:32:17.328+0100][7.882s][info][gc,heap        ] GC(263) Eden regions: 12->0(215)
[2026-05-06T01:32:17.328+0100][7.882s][info][gc,heap        ] GC(263) Survivor regions: 1->1(27)
[2026-05-06T01:32:17.328+0100][7.882s][info][gc,heap        ] GC(263) Old regions: 12->12
[2026-05-06T01:32:17.328+0100][7.882s][info][gc,heap        ] GC(263) Humongous regions: 134->96
[2026-05-06T01:32:17.328+0100][7.882s][info][gc,metaspace   ] GC(263) Metaspace: 19151K(19520K)->19151K(19520K) NonClass: 16910K(17152K)->16910K(17152K) Class: 2241K(2368K)->2241K(2368K)
[2026-05-06T01:32:17.328+0100][7.882s][info][gc             ] GC(263) Pause Young (Concurrent Start) (G1 Humongous Allocation) 301M->203M(720M) 0.530ms
[2026-05-06T01:32:17.328+0100][7.882s][info][gc,cpu         ] GC(263) User=0.01s Sys=0.00s Real=0.00s
[2026-05-06T01:32:17.328+0100][7.882s][info][gc             ] GC(264) Concurrent Undo Cycle
[2026-05-06T01:32:17.328+0100][7.882s][info][gc,marking     ] GC(264) Concurrent Clear Claimed Marks
[2026-05-06T01:32:17.328+0100][7.882s][info][gc,marking     ] GC(264) Concurrent Clear Claimed Marks 0.007ms
[2026-05-06T01:32:17.328+0100][7.882s][info][gc,marking     ] GC(264) Concurrent Cleanup for Next Mark
[2026-05-06T01:32:17.328+0100][7.882s][info][gc,marking     ] GC(264) Concurrent Cleanup for Next Mark 0.030ms
[2026-05-06T01:32:17.328+0100][7.882s][info][gc             ] GC(264) Concurrent Undo Cycle 0.063ms
[2026-05-06T01:32:17.344+0100][7.898s][info][gc,start       ] GC(265) Pause Young (Concurrent Start) (G1 Humongous Allocation)
[2026-05-06T01:32:17.344+0100][7.898s][info][gc,task        ] GC(265) Using 9 workers of 9 for evacuation
[2026-05-06T01:32:17.345+0100][7.898s][info][gc,phases      ] GC(265)   Pre Evacuate Collection Set: 0.1ms
[2026-05-06T01:32:17.345+0100][7.898s][info][gc,phases      ] GC(265)   Merge Heap Roots: 0.0ms
[2026-05-06T01:32:17.345+0100][7.898s][info][gc,phases      ] GC(265)   Evacuate Collection Set: 0.1ms
[2026-05-06T01:32:17.345+0100][7.898s][info][gc,phases      ] GC(265)   Post Evacuate Collection Set: 0.2ms
[2026-05-06T01:32:17.345+0100][7.898s][info][gc,phases      ] GC(265)   Other: 0.0ms
[2026-05-06T01:32:17.345+0100][7.898s][info][gc,heap        ] GC(265) Eden regions: 8->0(289)
[2026-05-06T01:32:17.345+0100][7.898s][info][gc,heap        ] GC(265) Survivor regions: 1->1(27)
[2026-05-06T01:32:17.345+0100][7.898s][info][gc,heap        ] GC(265) Old regions: 12->12
[2026-05-06T01:32:17.345+0100][7.898s][info][gc,heap        ] GC(265) Humongous regions: 134->96
[2026-05-06T01:32:17.345+0100][7.898s][info][gc,metaspace   ] GC(265) Metaspace: 19151K(19520K)->19151K(19520K) NonClass: 16910K(17152K)->16910K(17152K) Class: 2241K(2368K)->2241K(2368K)
[2026-05-06T01:32:17.345+0100][7.898s][info][gc             ] GC(265) Pause Young (Concurrent Start) (G1 Humongous Allocation) 294M->203M(968M) 0.596ms
[2026-05-06T01:32:17.345+0100][7.898s][info][gc,cpu         ] GC(265) User=0.00s Sys=0.00s Real=0.00s
[2026-05-06T01:32:17.345+0100][7.899s][info][gc             ] GC(266) Concurrent Undo Cycle
[2026-05-06T01:32:17.345+0100][7.899s][info][gc,marking     ] GC(266) Concurrent Clear Claimed Marks
[2026-05-06T01:32:17.345+0100][7.899s][info][gc,marking     ] GC(266) Concurrent Clear Claimed Marks 0.006ms
[2026-05-06T01:32:17.345+0100][7.899s][info][gc,marking     ] GC(266) Concurrent Cleanup for Next Mark
[2026-05-06T01:32:17.345+0100][7.899s][info][gc,marking     ] GC(266) Concurrent Cleanup for Next Mark 0.026ms
[2026-05-06T01:32:17.345+0100][7.899s][info][gc             ] GC(266) Concurrent Undo Cycle 0.059ms
[2026-05-06T01:32:17.364+0100][7.918s][info][gc,start       ] GC(267) Pause Full (System.gc())
[2026-05-06T01:32:17.364+0100][7.918s][info][gc,task        ] GC(267) Using 9 workers of 9 for full compaction
[2026-05-06T01:32:17.364+0100][7.918s][info][gc,phases,start] GC(267) Phase 1: Mark live objects
[2026-05-06T01:32:17.366+0100][7.920s][info][gc,phases      ] GC(267) Phase 1: Mark live objects 2.228ms
[2026-05-06T01:32:17.367+0100][7.920s][info][gc,phases,start] GC(267) Phase 2: Prepare compaction
[2026-05-06T01:32:17.367+0100][7.921s][info][gc,phases      ] GC(267) Phase 2: Prepare compaction 0.288ms
[2026-05-06T01:32:17.367+0100][7.921s][info][gc,phases,start] GC(267) Phase 3: Adjust pointers
[2026-05-06T01:32:17.368+0100][7.922s][info][gc,phases      ] GC(267) Phase 3: Adjust pointers 1.553ms
[2026-05-06T01:32:17.368+0100][7.922s][info][gc,phases,start] GC(267) Phase 4: Compact heap
[2026-05-06T01:32:17.369+0100][7.923s][info][gc,phases      ] GC(267) Phase 4: Compact heap 0.287ms
[2026-05-06T01:32:17.369+0100][7.923s][info][gc,phases,start] GC(267) Phase 5: Reset Metadata
[2026-05-06T01:32:17.369+0100][7.923s][info][gc,phases      ] GC(267) Phase 5: Reset Metadata 0.360ms
[2026-05-06T01:32:17.370+0100][7.924s][info][gc,heap        ] GC(267) Eden regions: 1->0(216)
[2026-05-06T01:32:17.370+0100][7.924s][info][gc,heap        ] GC(267) Survivor regions: 1->0(27)
[2026-05-06T01:32:17.370+0100][7.924s][info][gc,heap        ] GC(267) Old regions: 12->12
[2026-05-06T01:32:17.370+0100][7.924s][info][gc,heap        ] GC(267) Humongous regions: 153->96
[2026-05-06T01:32:17.370+0100][7.924s][info][gc,metaspace   ] GC(267) Metaspace: 19151K(19520K)->19151K(19520K) NonClass: 16910K(17152K)->16910K(17152K) Class: 2241K(2368K)->2241K(2368K)
[2026-05-06T01:32:17.370+0100][7.924s][info][gc             ] GC(267) Pause Full (System.gc()) 318M->203M(720M) 5.597ms
[2026-05-06T01:32:17.370+0100][7.924s][info][gc,cpu         ] GC(267) User=0.02s Sys=0.00s Real=0.01s
[2026-05-06T01:32:17.387+0100][7.941s][info][gc,start       ] GC(268) Pause Young (Concurrent Start) (G1 Humongous Allocation)
[2026-05-06T01:32:17.387+0100][7.941s][info][gc,task        ] GC(268) Using 9 workers of 9 for evacuation
[2026-05-06T01:32:17.387+0100][7.941s][info][gc,phases      ] GC(268)   Pre Evacuate Collection Set: 0.1ms
[2026-05-06T01:32:17.387+0100][7.941s][info][gc,phases      ] GC(268)   Merge Heap Roots: 0.0ms
[2026-05-06T01:32:17.387+0100][7.941s][info][gc,phases      ] GC(268)   Evacuate Collection Set: 0.2ms
[2026-05-06T01:32:17.387+0100][7.941s][info][gc,phases      ] GC(268)   Post Evacuate Collection Set: 0.1ms
[2026-05-06T01:32:17.387+0100][7.941s][info][gc,phases      ] GC(268)   Other: 0.0ms
[2026-05-06T01:32:17.387+0100][7.941s][info][gc,heap        ] GC(268) Eden regions: 1->0(215)
[2026-05-06T01:32:17.387+0100][7.941s][info][gc,heap        ] GC(268) Survivor regions: 0->1(27)
[2026-05-06T01:32:17.387+0100][7.941s][info][gc,heap        ] GC(268) Old regions: 12->12
[2026-05-06T01:32:17.387+0100][7.941s][info][gc,heap        ] GC(268) Humongous regions: 134->96
[2026-05-06T01:32:17.387+0100][7.941s][info][gc,metaspace   ] GC(268) Metaspace: 19151K(19520K)->19151K(19520K) NonClass: 16910K(17152K)->16910K(17152K) Class: 2241K(2368K)->2241K(2368K)
[2026-05-06T01:32:17.387+0100][7.941s][info][gc             ] GC(268) Pause Young (Concurrent Start) (G1 Humongous Allocation) 280M->203M(720M) 0.523ms
[2026-05-06T01:32:17.387+0100][7.941s][info][gc,cpu         ] GC(268) User=0.01s Sys=0.00s Real=0.00s
[2026-05-06T01:32:17.387+0100][7.941s][info][gc             ] GC(269) Concurrent Undo Cycle
[2026-05-06T01:32:17.387+0100][7.941s][info][gc,marking     ] GC(269) Concurrent Clear Claimed Marks
[2026-05-06T01:32:17.387+0100][7.941s][info][gc,marking     ] GC(269) Concurrent Clear Claimed Marks 0.005ms
[2026-05-06T01:32:17.388+0100][7.941s][info][gc,marking     ] GC(269) Concurrent Cleanup for Next Mark
[2026-05-06T01:32:17.388+0100][7.941s][info][gc,marking     ] GC(269) Concurrent Cleanup for Next Mark 0.026ms
[2026-05-06T01:32:17.388+0100][7.941s][info][gc             ] GC(269) Concurrent Undo Cycle 0.058ms
[2026-05-06T01:32:17.402+0100][7.956s][info][gc,start       ] GC(270) Pause Young (Concurrent Start) (G1 Humongous Allocation)
[2026-05-06T01:32:17.402+0100][7.956s][info][gc,task        ] GC(270) Using 9 workers of 9 for evacuation
[2026-05-06T01:32:17.402+0100][7.956s][info][gc,phases      ] GC(270)   Pre Evacuate Collection Set: 0.1ms
[2026-05-06T01:32:17.402+0100][7.956s][info][gc,phases      ] GC(270)   Merge Heap Roots: 0.0ms
[2026-05-06T01:32:17.402+0100][7.956s][info][gc,phases      ] GC(270)   Evacuate Collection Set: 0.1ms
[2026-05-06T01:32:17.402+0100][7.956s][info][gc,phases      ] GC(270)   Post Evacuate Collection Set: 0.1ms
[2026-05-06T01:32:17.402+0100][7.956s][info][gc,phases      ] GC(270)   Other: 0.0ms
[2026-05-06T01:32:17.402+0100][7.956s][info][gc,heap        ] GC(270) Eden regions: 1->0(215)
[2026-05-06T01:32:17.402+0100][7.956s][info][gc,heap        ] GC(270) Survivor regions: 1->1(27)
[2026-05-06T01:32:17.402+0100][7.956s][info][gc,heap        ] GC(270) Old regions: 12->12
[2026-05-06T01:32:17.402+0100][7.956s][info][gc,heap        ] GC(270) Humongous regions: 134->96
[2026-05-06T01:32:17.402+0100][7.956s][info][gc,metaspace   ] GC(270) Metaspace: 19151K(19520K)->19151K(19520K) NonClass: 16910K(17152K)->16910K(17152K) Class: 2241K(2368K)->2241K(2368K)
[2026-05-06T01:32:17.402+0100][7.956s][info][gc             ] GC(270) Pause Young (Concurrent Start) (G1 Humongous Allocation) 280M->203M(720M) 0.451ms
[2026-05-06T01:32:17.402+0100][7.956s][info][gc,cpu         ] GC(270) User=0.00s Sys=0.00s Real=0.00s
[2026-05-06T01:32:17.402+0100][7.956s][info][gc             ] GC(271) Concurrent Undo Cycle
[2026-05-06T01:32:17.402+0100][7.956s][info][gc,marking     ] GC(271) Concurrent Clear Claimed Marks
[2026-05-06T01:32:17.402+0100][7.956s][info][gc,marking     ] GC(271) Concurrent Clear Claimed Marks 0.006ms
[2026-05-06T01:32:17.402+0100][7.956s][info][gc,marking     ] GC(271) Concurrent Cleanup for Next Mark
[2026-05-06T01:32:17.402+0100][7.956s][info][gc,marking     ] GC(271) Concurrent Cleanup for Next Mark 0.036ms
[2026-05-06T01:32:17.402+0100][7.956s][info][gc             ] GC(271) Concurrent Undo Cycle 0.065ms
[2026-05-06T01:32:17.416+0100][7.970s][info][gc,start       ] GC(272) Pause Young (Concurrent Start) (G1 Humongous Allocation)
[2026-05-06T01:32:17.416+0100][7.970s][info][gc,task        ] GC(272) Using 9 workers of 9 for evacuation
[2026-05-06T01:32:17.417+0100][7.971s][info][gc,phases      ] GC(272)   Pre Evacuate Collection Set: 0.1ms
[2026-05-06T01:32:17.417+0100][7.971s][info][gc,phases      ] GC(272)   Merge Heap Roots: 0.0ms
[2026-05-06T01:32:17.417+0100][7.971s][info][gc,phases      ] GC(272)   Evacuate Collection Set: 0.1ms
[2026-05-06T01:32:17.417+0100][7.971s][info][gc,phases      ] GC(272)   Post Evacuate Collection Set: 0.1ms
[2026-05-06T01:32:17.417+0100][7.971s][info][gc,phases      ] GC(272)   Other: 0.0ms
[2026-05-06T01:32:17.417+0100][7.971s][info][gc,heap        ] GC(272) Eden regions: 1->0(215)
[2026-05-06T01:32:17.417+0100][7.971s][info][gc,heap        ] GC(272) Survivor regions: 1->1(27)
[2026-05-06T01:32:17.417+0100][7.971s][info][gc,heap        ] GC(272) Old regions: 12->12
[2026-05-06T01:32:17.417+0100][7.971s][info][gc,heap        ] GC(272) Humongous regions: 134->96
[2026-05-06T01:32:17.417+0100][7.971s][info][gc,metaspace   ] GC(272) Metaspace: 19151K(19520K)->19151K(19520K) NonClass: 16910K(17152K)->16910K(17152K) Class: 2241K(2368K)->2241K(2368K)
[2026-05-06T01:32:17.417+0100][7.971s][info][gc             ] GC(272) Pause Young (Concurrent Start) (G1 Humongous Allocation) 280M->203M(720M) 0.475ms
[2026-05-06T01:32:17.417+0100][7.971s][info][gc,cpu         ] GC(272) User=0.00s Sys=0.00s Real=0.00s
[2026-05-06T01:32:17.417+0100][7.971s][info][gc             ] GC(273) Concurrent Undo Cycle
[2026-05-06T01:32:17.417+0100][7.971s][info][gc,marking     ] GC(273) Concurrent Clear Claimed Marks
[2026-05-06T01:32:17.417+0100][7.971s][info][gc,marking     ] GC(273) Concurrent Clear Claimed Marks 0.006ms
[2026-05-06T01:32:17.417+0100][7.971s][info][gc,marking     ] GC(273) Concurrent Cleanup for Next Mark
[2026-05-06T01:32:17.417+0100][7.971s][info][gc,marking     ] GC(273) Concurrent Cleanup for Next Mark 0.026ms
[2026-05-06T01:32:17.417+0100][7.971s][info][gc             ] GC(273) Concurrent Undo Cycle 0.060ms
[2026-05-06T01:32:17.431+0100][7.985s][info][gc,start       ] GC(274) Pause Young (Concurrent Start) (G1 Humongous Allocation)
[2026-05-06T01:32:17.431+0100][7.985s][info][gc,task        ] GC(274) Using 9 workers of 9 for evacuation
[2026-05-06T01:32:17.432+0100][7.986s][info][gc,phases      ] GC(274)   Pre Evacuate Collection Set: 0.1ms
[2026-05-06T01:32:17.432+0100][7.986s][info][gc,phases      ] GC(274)   Merge Heap Roots: 0.0ms
[2026-05-06T01:32:17.432+0100][7.986s][info][gc,phases      ] GC(274)   Evacuate Collection Set: 0.1ms
[2026-05-06T01:32:17.432+0100][7.986s][info][gc,phases      ] GC(274)   Post Evacuate Collection Set: 0.1ms
[2026-05-06T01:32:17.432+0100][7.986s][info][gc,phases      ] GC(274)   Other: 0.0ms
[2026-05-06T01:32:17.432+0100][7.986s][info][gc,heap        ] GC(274) Eden regions: 1->0(215)
[2026-05-06T01:32:17.432+0100][7.986s][info][gc,heap        ] GC(274) Survivor regions: 1->1(27)
[2026-05-06T01:32:17.432+0100][7.986s][info][gc,heap        ] GC(274) Old regions: 12->12
[2026-05-06T01:32:17.432+0100][7.986s][info][gc,heap        ] GC(274) Humongous regions: 134->96
[2026-05-06T01:32:17.432+0100][7.986s][info][gc,metaspace   ] GC(274) Metaspace: 19151K(19520K)->19151K(19520K) NonClass: 16910K(17152K)->16910K(17152K) Class: 2241K(2368K)->2241K(2368K)
[2026-05-06T01:32:17.432+0100][7.986s][info][gc             ] GC(274) Pause Young (Concurrent Start) (G1 Humongous Allocation) 280M->203M(720M) 0.444ms
[2026-05-06T01:32:17.432+0100][7.986s][info][gc,cpu         ] GC(274) User=0.00s Sys=0.00s Real=0.00s
[2026-05-06T01:32:17.432+0100][7.986s][info][gc             ] GC(275) Concurrent Undo Cycle
[2026-05-06T01:32:17.432+0100][7.986s][info][gc,marking     ] GC(275) Concurrent Clear Claimed Marks
[2026-05-06T01:32:17.432+0100][7.986s][info][gc,marking     ] GC(275) Concurrent Clear Claimed Marks 0.005ms
[2026-05-06T01:32:17.432+0100][7.986s][info][gc,marking     ] GC(275) Concurrent Cleanup for Next Mark
[2026-05-06T01:32:17.432+0100][7.986s][info][gc,marking     ] GC(275) Concurrent Cleanup for Next Mark 0.038ms
[2026-05-06T01:32:17.432+0100][7.986s][info][gc             ] GC(275) Concurrent Undo Cycle 0.064ms
[2026-05-06T01:32:17.446+0100][8.000s][info][gc,start       ] GC(276) Pause Young (Concurrent Start) (G1 Humongous Allocation)
[2026-05-06T01:32:17.446+0100][8.000s][info][gc,task        ] GC(276) Using 9 workers of 9 for evacuation
[2026-05-06T01:32:17.446+0100][8.000s][info][gc,phases      ] GC(276)   Pre Evacuate Collection Set: 0.1ms
[2026-05-06T01:32:17.446+0100][8.000s][info][gc,phases      ] GC(276)   Merge Heap Roots: 0.0ms
[2026-05-06T01:32:17.447+0100][8.000s][info][gc,phases      ] GC(276)   Evacuate Collection Set: 0.1ms
[2026-05-06T01:32:17.447+0100][8.000s][info][gc,phases      ] GC(276)   Post Evacuate Collection Set: 0.1ms
[2026-05-06T01:32:17.447+0100][8.000s][info][gc,phases      ] GC(276)   Other: 0.0ms
[2026-05-06T01:32:17.447+0100][8.000s][info][gc,heap        ] GC(276) Eden regions: 9->0(215)
[2026-05-06T01:32:17.447+0100][8.000s][info][gc,heap        ] GC(276) Survivor regions: 1->1(27)
[2026-05-06T01:32:17.447+0100][8.000s][info][gc,heap        ] GC(276) Old regions: 12->12
[2026-05-06T01:32:17.447+0100][8.000s][info][gc,heap        ] GC(276) Humongous regions: 134->96
[2026-05-06T01:32:17.447+0100][8.000s][info][gc,metaspace   ] GC(276) Metaspace: 19151K(19520K)->19151K(19520K) NonClass: 16910K(17152K)->16910K(17152K) Class: 2241K(2368K)->2241K(2368K)
[2026-05-06T01:32:17.447+0100][8.000s][info][gc             ] GC(276) Pause Young (Concurrent Start) (G1 Humongous Allocation) 296M->203M(720M) 0.511ms
[2026-05-06T01:32:17.447+0100][8.000s][info][gc,cpu         ] GC(276) User=0.00s Sys=0.00s Real=0.00s
[2026-05-06T01:32:17.447+0100][8.000s][info][gc             ] GC(277) Concurrent Undo Cycle
[2026-05-06T01:32:17.447+0100][8.000s][info][gc,marking     ] GC(277) Concurrent Clear Claimed Marks
[2026-05-06T01:32:17.447+0100][8.000s][info][gc,marking     ] GC(277) Concurrent Clear Claimed Marks 0.007ms
[2026-05-06T01:32:17.447+0100][8.000s][info][gc,marking     ] GC(277) Concurrent Cleanup for Next Mark
[2026-05-06T01:32:17.447+0100][8.001s][info][gc,marking     ] GC(277) Concurrent Cleanup for Next Mark 0.034ms
[2026-05-06T01:32:17.447+0100][8.001s][info][gc             ] GC(277) Concurrent Undo Cycle 0.066ms
[2026-05-06T01:32:17.461+0100][8.015s][info][gc,start       ] GC(278) Pause Young (Concurrent Start) (G1 Humongous Allocation)
[2026-05-06T01:32:17.461+0100][8.015s][info][gc,task        ] GC(278) Using 9 workers of 9 for evacuation
[2026-05-06T01:32:17.462+0100][8.016s][info][gc,phases      ] GC(278)   Pre Evacuate Collection Set: 0.1ms
[2026-05-06T01:32:17.462+0100][8.016s][info][gc,phases      ] GC(278)   Merge Heap Roots: 0.0ms
[2026-05-06T01:32:17.462+0100][8.016s][info][gc,phases      ] GC(278)   Evacuate Collection Set: 0.2ms
[2026-05-06T01:32:17.462+0100][8.016s][info][gc,phases      ] GC(278)   Post Evacuate Collection Set: 0.1ms
[2026-05-06T01:32:17.462+0100][8.016s][info][gc,phases      ] GC(278)   Other: 0.0ms
[2026-05-06T01:32:17.462+0100][8.016s][info][gc,heap        ] GC(278) Eden regions: 25->0(215)
[2026-05-06T01:32:17.462+0100][8.016s][info][gc,heap        ] GC(278) Survivor regions: 1->1(27)
[2026-05-06T01:32:17.462+0100][8.016s][info][gc,heap        ] GC(278) Old regions: 12->12
[2026-05-06T01:32:17.462+0100][8.016s][info][gc,heap        ] GC(278) Humongous regions: 134->96
[2026-05-06T01:32:17.462+0100][8.016s][info][gc,metaspace   ] GC(278) Metaspace: 19151K(19520K)->19151K(19520K) NonClass: 16910K(17152K)->16910K(17152K) Class: 2241K(2368K)->2241K(2368K)
[2026-05-06T01:32:17.462+0100][8.016s][info][gc             ] GC(278) Pause Young (Concurrent Start) (G1 Humongous Allocation) 328M->203M(720M) 0.572ms
[2026-05-06T01:32:17.462+0100][8.016s][info][gc,cpu         ] GC(278) User=0.00s Sys=0.00s Real=0.00s
[2026-05-06T01:32:17.462+0100][8.016s][info][gc             ] GC(279) Concurrent Undo Cycle
[2026-05-06T01:32:17.462+0100][8.016s][info][gc,marking     ] GC(279) Concurrent Clear Claimed Marks
[2026-05-06T01:32:17.462+0100][8.016s][info][gc,marking     ] GC(279) Concurrent Clear Claimed Marks 0.007ms
[2026-05-06T01:32:17.462+0100][8.016s][info][gc,marking     ] GC(279) Concurrent Cleanup for Next Mark
[2026-05-06T01:32:17.462+0100][8.016s][info][gc,marking     ] GC(279) Concurrent Cleanup for Next Mark 0.038ms
[2026-05-06T01:32:17.462+0100][8.016s][info][gc             ] GC(279) Concurrent Undo Cycle 0.072ms
[2026-05-06T01:32:17.467+0100][8.021s][info][gc,start       ] GC(280) Pause Full (System.gc())
[2026-05-06T01:32:17.467+0100][8.021s][info][gc,task        ] GC(280) Using 9 workers of 9 for full compaction
[2026-05-06T01:32:17.467+0100][8.021s][info][gc,phases,start] GC(280) Phase 1: Mark live objects
[2026-05-06T01:32:17.470+0100][8.024s][info][gc,phases      ] GC(280) Phase 1: Mark live objects 2.443ms
[2026-05-06T01:32:17.470+0100][8.024s][info][gc,phases,start] GC(280) Phase 2: Prepare compaction
[2026-05-06T01:32:17.470+0100][8.024s][info][gc,phases      ] GC(280) Phase 2: Prepare compaction 0.321ms
[2026-05-06T01:32:17.470+0100][8.024s][info][gc,phases,start] GC(280) Phase 3: Adjust pointers
[2026-05-06T01:32:17.472+0100][8.026s][info][gc,phases      ] GC(280) Phase 3: Adjust pointers 1.707ms
[2026-05-06T01:32:17.472+0100][8.026s][info][gc,phases,start] GC(280) Phase 4: Compact heap
[2026-05-06T01:32:17.472+0100][8.026s][info][gc,phases      ] GC(280) Phase 4: Compact heap 0.265ms
[2026-05-06T01:32:17.472+0100][8.026s][info][gc,phases,start] GC(280) Phase 5: Reset Metadata
[2026-05-06T01:32:17.472+0100][8.026s][info][gc,phases      ] GC(280) Phase 5: Reset Metadata 0.322ms
[2026-05-06T01:32:17.473+0100][8.027s][info][gc,heap        ] GC(280) Eden regions: 9->0(216)
[2026-05-06T01:32:17.473+0100][8.027s][info][gc,heap        ] GC(280) Survivor regions: 1->0(27)
[2026-05-06T01:32:17.473+0100][8.027s][info][gc,heap        ] GC(280) Old regions: 12->12
[2026-05-06T01:32:17.473+0100][8.027s][info][gc,heap        ] GC(280) Humongous regions: 115->96
[2026-05-06T01:32:17.473+0100][8.027s][info][gc,metaspace   ] GC(280) Metaspace: 19151K(19520K)->19151K(19520K) NonClass: 16910K(17152K)->16910K(17152K) Class: 2241K(2368K)->2241K(2368K)
[2026-05-06T01:32:17.473+0100][8.027s][info][gc             ] GC(280) Pause Full (System.gc()) 258M->203M(720M) 5.674ms
[2026-05-06T01:32:17.473+0100][8.027s][info][gc,cpu         ] GC(280) User=0.02s Sys=0.01s Real=0.01s
[2026-05-06T01:32:17.498+0100][8.052s][info][gc,start       ] GC(281) Pause Young (Concurrent Start) (G1 Humongous Allocation)
[2026-05-06T01:32:17.498+0100][8.052s][info][gc,task        ] GC(281) Using 9 workers of 9 for evacuation
[2026-05-06T01:32:17.499+0100][8.053s][info][gc,phases      ] GC(281)   Pre Evacuate Collection Set: 0.1ms
[2026-05-06T01:32:17.499+0100][8.053s][info][gc,phases      ] GC(281)   Merge Heap Roots: 0.0ms
[2026-05-06T01:32:17.499+0100][8.053s][info][gc,phases      ] GC(281)   Evacuate Collection Set: 0.2ms
[2026-05-06T01:32:17.499+0100][8.053s][info][gc,phases      ] GC(281)   Post Evacuate Collection Set: 0.4ms
[2026-05-06T01:32:17.499+0100][8.053s][info][gc,phases      ] GC(281)   Other: 0.0ms
[2026-05-06T01:32:17.499+0100][8.053s][info][gc,heap        ] GC(281) Eden regions: 17->0(488)
[2026-05-06T01:32:17.499+0100][8.053s][info][gc,heap        ] GC(281) Survivor regions: 0->1(27)
[2026-05-06T01:32:17.499+0100][8.053s][info][gc,heap        ] GC(281) Old regions: 12->12
[2026-05-06T01:32:17.499+0100][8.053s][info][gc,heap        ] GC(281) Humongous regions: 134->96
[2026-05-06T01:32:17.499+0100][8.053s][info][gc,metaspace   ] GC(281) Metaspace: 19151K(19520K)->19151K(19520K) NonClass: 16910K(17152K)->16910K(17152K) Class: 2241K(2368K)->2241K(2368K)
[2026-05-06T01:32:17.499+0100][8.053s][info][gc             ] GC(281) Pause Young (Concurrent Start) (G1 Humongous Allocation) 313M->203M(1632M) 0.860ms
[2026-05-06T01:32:17.499+0100][8.053s][info][gc,cpu         ] GC(281) User=0.00s Sys=0.00s Real=0.00s
[2026-05-06T01:32:17.499+0100][8.053s][info][gc             ] GC(282) Concurrent Undo Cycle
[2026-05-06T01:32:17.499+0100][8.053s][info][gc,marking     ] GC(282) Concurrent Clear Claimed Marks
[2026-05-06T01:32:17.499+0100][8.053s][info][gc,marking     ] GC(282) Concurrent Clear Claimed Marks 0.009ms
[2026-05-06T01:32:17.499+0100][8.053s][info][gc,marking     ] GC(282) Concurrent Cleanup for Next Mark
[2026-05-06T01:32:17.499+0100][8.053s][info][gc,marking     ] GC(282) Concurrent Cleanup for Next Mark 0.067ms
[2026-05-06T01:32:17.499+0100][8.053s][info][gc             ] GC(282) Concurrent Undo Cycle 0.110ms
[2026-05-06T01:32:17.584+0100][8.138s][info][gc,start       ] GC(283) Pause Full (System.gc())
[2026-05-06T01:32:17.584+0100][8.138s][info][gc,task        ] GC(283) Using 9 workers of 9 for full compaction
[2026-05-06T01:32:17.584+0100][8.138s][info][gc,phases,start] GC(283) Phase 1: Mark live objects
[2026-05-06T01:32:17.587+0100][8.140s][info][gc,phases      ] GC(283) Phase 1: Mark live objects 2.225ms
[2026-05-06T01:32:17.587+0100][8.140s][info][gc,phases,start] GC(283) Phase 2: Prepare compaction
[2026-05-06T01:32:17.587+0100][8.141s][info][gc,phases      ] GC(283) Phase 2: Prepare compaction 0.419ms
[2026-05-06T01:32:17.587+0100][8.141s][info][gc,phases,start] GC(283) Phase 3: Adjust pointers
[2026-05-06T01:32:17.589+0100][8.143s][info][gc,phases      ] GC(283) Phase 3: Adjust pointers 1.725ms
[2026-05-06T01:32:17.589+0100][8.143s][info][gc,phases,start] GC(283) Phase 4: Compact heap
[2026-05-06T01:32:17.589+0100][8.143s][info][gc,phases      ] GC(283) Phase 4: Compact heap 0.310ms
[2026-05-06T01:32:17.589+0100][8.143s][info][gc,phases,start] GC(283) Phase 5: Reset Metadata
[2026-05-06T01:32:17.589+0100][8.143s][info][gc,phases      ] GC(283) Phase 5: Reset Metadata 0.406ms
[2026-05-06T01:32:17.591+0100][8.145s][info][gc,heap        ] GC(283) Eden regions: 86->0(216)
[2026-05-06T01:32:17.591+0100][8.145s][info][gc,heap        ] GC(283) Survivor regions: 1->0(27)
[2026-05-06T01:32:17.591+0100][8.145s][info][gc,heap        ] GC(283) Old regions: 12->12
[2026-05-06T01:32:17.591+0100][8.145s][info][gc,heap        ] GC(283) Humongous regions: 305->96
[2026-05-06T01:32:17.591+0100][8.145s][info][gc,metaspace   ] GC(283) Metaspace: 19152K(19520K)->19152K(19520K) NonClass: 16910K(17152K)->16910K(17152K) Class: 2241K(2368K)->2241K(2368K)
[2026-05-06T01:32:17.591+0100][8.145s][info][gc             ] GC(283) Pause Full (System.gc()) 792M->203M(720M) 6.711ms
[2026-05-06T01:32:17.591+0100][8.145s][info][gc,cpu         ] GC(283) User=0.02s Sys=0.01s Real=0.01s
[2026-05-06T01:32:17.608+0100][8.162s][info][gc,start       ] GC(284) Pause Young (Concurrent Start) (G1 Humongous Allocation)
[2026-05-06T01:32:17.608+0100][8.162s][info][gc,task        ] GC(284) Using 9 workers of 9 for evacuation
[2026-05-06T01:32:17.609+0100][8.162s][info][gc,phases      ] GC(284)   Pre Evacuate Collection Set: 0.1ms
[2026-05-06T01:32:17.609+0100][8.162s][info][gc,phases      ] GC(284)   Merge Heap Roots: 0.0ms
[2026-05-06T01:32:17.609+0100][8.162s][info][gc,phases      ] GC(284)   Evacuate Collection Set: 0.2ms
[2026-05-06T01:32:17.609+0100][8.162s][info][gc,phases      ] GC(284)   Post Evacuate Collection Set: 0.1ms
[2026-05-06T01:32:17.609+0100][8.162s][info][gc,phases      ] GC(284)   Other: 0.0ms
[2026-05-06T01:32:17.609+0100][8.162s][info][gc,heap        ] GC(284) Eden regions: 19->0(215)
[2026-05-06T01:32:17.609+0100][8.162s][info][gc,heap        ] GC(284) Survivor regions: 0->1(27)
[2026-05-06T01:32:17.609+0100][8.162s][info][gc,heap        ] GC(284) Old regions: 12->12
[2026-05-06T01:32:17.609+0100][8.162s][info][gc,heap        ] GC(284) Humongous regions: 134->96
[2026-05-06T01:32:17.609+0100][8.162s][info][gc,metaspace   ] GC(284) Metaspace: 19153K(19520K)->19153K(19520K) NonClass: 16911K(17152K)->16911K(17152K) Class: 2241K(2368K)->2241K(2368K)
[2026-05-06T01:32:17.609+0100][8.162s][info][gc             ] GC(284) Pause Young (Concurrent Start) (G1 Humongous Allocation) 317M->203M(720M) 0.548ms
[2026-05-06T01:32:17.609+0100][8.163s][info][gc,cpu         ] GC(284) User=0.00s Sys=0.00s Real=0.00s
[2026-05-06T01:32:17.609+0100][8.163s][info][gc             ] GC(285) Concurrent Undo Cycle
[2026-05-06T01:32:17.609+0100][8.163s][info][gc,marking     ] GC(285) Concurrent Clear Claimed Marks
[2026-05-06T01:32:17.609+0100][8.163s][info][gc,marking     ] GC(285) Concurrent Clear Claimed Marks 0.008ms
[2026-05-06T01:32:17.609+0100][8.163s][info][gc,marking     ] GC(285) Concurrent Cleanup for Next Mark
[2026-05-06T01:32:17.609+0100][8.163s][info][gc,marking     ] GC(285) Concurrent Cleanup for Next Mark 0.039ms
[2026-05-06T01:32:17.609+0100][8.163s][info][gc             ] GC(285) Concurrent Undo Cycle 0.077ms
[2026-05-06T01:32:17.623+0100][8.177s][info][gc,start       ] GC(286) Pause Young (Concurrent Start) (G1 Humongous Allocation)
[2026-05-06T01:32:17.623+0100][8.177s][info][gc,task        ] GC(286) Using 9 workers of 9 for evacuation
[2026-05-06T01:32:17.623+0100][8.177s][info][gc,phases      ] GC(286)   Pre Evacuate Collection Set: 0.1ms
[2026-05-06T01:32:17.623+0100][8.177s][info][gc,phases      ] GC(286)   Merge Heap Roots: 0.0ms
[2026-05-06T01:32:17.623+0100][8.177s][info][gc,phases      ] GC(286)   Evacuate Collection Set: 0.2ms
[2026-05-06T01:32:17.623+0100][8.177s][info][gc,phases      ] GC(286)   Post Evacuate Collection Set: 0.1ms
[2026-05-06T01:32:17.623+0100][8.177s][info][gc,phases      ] GC(286)   Other: 0.0ms
[2026-05-06T01:32:17.623+0100][8.177s][info][gc,heap        ] GC(286) Eden regions: 13->0(215)
[2026-05-06T01:32:17.623+0100][8.177s][info][gc,heap        ] GC(286) Survivor regions: 1->1(27)
[2026-05-06T01:32:17.623+0100][8.177s][info][gc,heap        ] GC(286) Old regions: 12->12
[2026-05-06T01:32:17.623+0100][8.177s][info][gc,heap        ] GC(286) Humongous regions: 134->96
[2026-05-06T01:32:17.623+0100][8.177s][info][gc,metaspace   ] GC(286) Metaspace: 19153K(19520K)->19153K(19520K) NonClass: 16911K(17152K)->16911K(17152K) Class: 2241K(2368K)->2241K(2368K)
[2026-05-06T01:32:17.623+0100][8.177s][info][gc             ] GC(286) Pause Young (Concurrent Start) (G1 Humongous Allocation) 304M->203M(720M) 0.493ms
[2026-05-06T01:32:17.623+0100][8.177s][info][gc,cpu         ] GC(286) User=0.00s Sys=0.00s Real=0.00s
[2026-05-06T01:32:17.623+0100][8.177s][info][gc             ] GC(287) Concurrent Undo Cycle
[2026-05-06T01:32:17.624+0100][8.177s][info][gc,marking     ] GC(287) Concurrent Clear Claimed Marks
[2026-05-06T01:32:17.624+0100][8.177s][info][gc,marking     ] GC(287) Concurrent Clear Claimed Marks 0.007ms
[2026-05-06T01:32:17.624+0100][8.177s][info][gc,marking     ] GC(287) Concurrent Cleanup for Next Mark
[2026-05-06T01:32:17.624+0100][8.177s][info][gc,marking     ] GC(287) Concurrent Cleanup for Next Mark 0.031ms
[2026-05-06T01:32:17.624+0100][8.177s][info][gc             ] GC(287) Concurrent Undo Cycle 0.064ms
[2026-05-06T01:32:17.637+0100][8.191s][info][gc,start       ] GC(288) Pause Young (Concurrent Start) (G1 Humongous Allocation)
[2026-05-06T01:32:17.637+0100][8.191s][info][gc,task        ] GC(288) Using 9 workers of 9 for evacuation
[2026-05-06T01:32:17.638+0100][8.192s][info][gc,phases      ] GC(288)   Pre Evacuate Collection Set: 0.1ms
[2026-05-06T01:32:17.638+0100][8.192s][info][gc,phases      ] GC(288)   Merge Heap Roots: 0.0ms
[2026-05-06T01:32:17.638+0100][8.192s][info][gc,phases      ] GC(288)   Evacuate Collection Set: 0.1ms
[2026-05-06T01:32:17.638+0100][8.192s][info][gc,phases      ] GC(288)   Post Evacuate Collection Set: 0.1ms
[2026-05-06T01:32:17.638+0100][8.192s][info][gc,phases      ] GC(288)   Other: 0.0ms
[2026-05-06T01:32:17.638+0100][8.192s][info][gc,heap        ] GC(288) Eden regions: 13->0(215)
[2026-05-06T01:32:17.638+0100][8.192s][info][gc,heap        ] GC(288) Survivor regions: 1->1(27)
[2026-05-06T01:32:17.638+0100][8.192s][info][gc,heap        ] GC(288) Old regions: 12->12
[2026-05-06T01:32:17.638+0100][8.192s][info][gc,heap        ] GC(288) Humongous regions: 134->96
[2026-05-06T01:32:17.638+0100][8.192s][info][gc,metaspace   ] GC(288) Metaspace: 19153K(19520K)->19153K(19520K) NonClass: 16911K(17152K)->16911K(17152K) Class: 2241K(2368K)->2241K(2368K)
[2026-05-06T01:32:17.638+0100][8.192s][info][gc             ] GC(288) Pause Young (Concurrent Start) (G1 Humongous Allocation) 304M->203M(720M) 0.469ms
[2026-05-06T01:32:17.638+0100][8.192s][info][gc,cpu         ] GC(288) User=0.01s Sys=0.01s Real=0.00s
[2026-05-06T01:32:17.638+0100][8.192s][info][gc             ] GC(289) Concurrent Undo Cycle
[2026-05-06T01:32:17.638+0100][8.192s][info][gc,marking     ] GC(289) Concurrent Clear Claimed Marks
[2026-05-06T01:32:17.638+0100][8.192s][info][gc,marking     ] GC(289) Concurrent Clear Claimed Marks 0.008ms
[2026-05-06T01:32:17.638+0100][8.192s][info][gc,marking     ] GC(289) Concurrent Cleanup for Next Mark
[2026-05-06T01:32:17.638+0100][8.192s][info][gc,marking     ] GC(289) Concurrent Cleanup for Next Mark 0.036ms
[2026-05-06T01:32:17.638+0100][8.192s][info][gc             ] GC(289) Concurrent Undo Cycle 0.089ms
[2026-05-06T01:32:17.654+0100][8.207s][info][gc,start       ] GC(290) Pause Young (Concurrent Start) (G1 Humongous Allocation)
[2026-05-06T01:32:17.654+0100][8.207s][info][gc,task        ] GC(290) Using 9 workers of 9 for evacuation
[2026-05-06T01:32:17.654+0100][8.208s][info][gc,phases      ] GC(290)   Pre Evacuate Collection Set: 0.1ms
[2026-05-06T01:32:17.654+0100][8.208s][info][gc,phases      ] GC(290)   Merge Heap Roots: 0.0ms
[2026-05-06T01:32:17.654+0100][8.208s][info][gc,phases      ] GC(290)   Evacuate Collection Set: 0.2ms
[2026-05-06T01:32:17.654+0100][8.208s][info][gc,phases      ] GC(290)   Post Evacuate Collection Set: 0.1ms
[2026-05-06T01:32:17.654+0100][8.208s][info][gc,phases      ] GC(290)   Other: 0.0ms
[2026-05-06T01:32:17.654+0100][8.208s][info][gc,heap        ] GC(290) Eden regions: 13->0(215)
[2026-05-06T01:32:17.654+0100][8.208s][info][gc,heap        ] GC(290) Survivor regions: 1->1(27)
[2026-05-06T01:32:17.654+0100][8.208s][info][gc,heap        ] GC(290) Old regions: 12->12
[2026-05-06T01:32:17.654+0100][8.208s][info][gc,heap        ] GC(290) Humongous regions: 134->96
[2026-05-06T01:32:17.654+0100][8.208s][info][gc,metaspace   ] GC(290) Metaspace: 19153K(19520K)->19153K(19520K) NonClass: 16911K(17152K)->16911K(17152K) Class: 2241K(2368K)->2241K(2368K)
[2026-05-06T01:32:17.654+0100][8.208s][info][gc             ] GC(290) Pause Young (Concurrent Start) (G1 Humongous Allocation) 304M->203M(720M) 0.526ms
[2026-05-06T01:32:17.654+0100][8.208s][info][gc,cpu         ] GC(290) User=0.00s Sys=0.00s Real=0.00s
[2026-05-06T01:32:17.654+0100][8.208s][info][gc             ] GC(291) Concurrent Undo Cycle
[2026-05-06T01:32:17.654+0100][8.208s][info][gc,marking     ] GC(291) Concurrent Clear Claimed Marks
[2026-05-06T01:32:17.654+0100][8.208s][info][gc,marking     ] GC(291) Concurrent Clear Claimed Marks 0.009ms
[2026-05-06T01:32:17.654+0100][8.208s][info][gc,marking     ] GC(291) Concurrent Cleanup for Next Mark
[2026-05-06T01:32:17.654+0100][8.208s][info][gc,marking     ] GC(291) Concurrent Cleanup for Next Mark 0.034ms
[2026-05-06T01:32:17.654+0100][8.208s][info][gc             ] GC(291) Concurrent Undo Cycle 0.075ms
[2026-05-06T01:32:17.671+0100][8.225s][info][gc,start       ] GC(292) Pause Young (Concurrent Start) (G1 Humongous Allocation)
[2026-05-06T01:32:17.671+0100][8.225s][info][gc,task        ] GC(292) Using 9 workers of 9 for evacuation
[2026-05-06T01:32:17.672+0100][8.225s][info][gc,phases      ] GC(292)   Pre Evacuate Collection Set: 0.1ms
[2026-05-06T01:32:17.672+0100][8.225s][info][gc,phases      ] GC(292)   Merge Heap Roots: 0.0ms
[2026-05-06T01:32:17.672+0100][8.225s][info][gc,phases      ] GC(292)   Evacuate Collection Set: 0.1ms
[2026-05-06T01:32:17.672+0100][8.225s][info][gc,phases      ] GC(292)   Post Evacuate Collection Set: 0.1ms
[2026-05-06T01:32:17.672+0100][8.225s][info][gc,phases      ] GC(292)   Other: 0.0ms
[2026-05-06T01:32:17.672+0100][8.225s][info][gc,heap        ] GC(292) Eden regions: 13->0(215)
[2026-05-06T01:32:17.672+0100][8.225s][info][gc,heap        ] GC(292) Survivor regions: 1->1(27)
[2026-05-06T01:32:17.672+0100][8.226s][info][gc,heap        ] GC(292) Old regions: 12->12
[2026-05-06T01:32:17.672+0100][8.226s][info][gc,heap        ] GC(292) Humongous regions: 134->96
[2026-05-06T01:32:17.672+0100][8.226s][info][gc,metaspace   ] GC(292) Metaspace: 19153K(19520K)->19153K(19520K) NonClass: 16911K(17152K)->16911K(17152K) Class: 2241K(2368K)->2241K(2368K)
[2026-05-06T01:32:17.672+0100][8.226s][info][gc             ] GC(292) Pause Young (Concurrent Start) (G1 Humongous Allocation) 303M->203M(720M) 0.450ms
[2026-05-06T01:32:17.672+0100][8.226s][info][gc,cpu         ] GC(292) User=0.00s Sys=0.00s Real=0.00s
[2026-05-06T01:32:17.672+0100][8.226s][info][gc             ] GC(293) Concurrent Undo Cycle
[2026-05-06T01:32:17.672+0100][8.226s][info][gc,marking     ] GC(293) Concurrent Clear Claimed Marks
[2026-05-06T01:32:17.672+0100][8.226s][info][gc,marking     ] GC(293) Concurrent Clear Claimed Marks 0.007ms
[2026-05-06T01:32:17.672+0100][8.226s][info][gc,marking     ] GC(293) Concurrent Cleanup for Next Mark
[2026-05-06T01:32:17.672+0100][8.226s][info][gc,marking     ] GC(293) Concurrent Cleanup for Next Mark 0.027ms
[2026-05-06T01:32:17.672+0100][8.226s][info][gc             ] GC(293) Concurrent Undo Cycle 0.068ms
[2026-05-06T01:32:17.686+0100][8.240s][info][gc,start       ] GC(294) Pause Young (Concurrent Start) (G1 Humongous Allocation)
[2026-05-06T01:32:17.686+0100][8.240s][info][gc,task        ] GC(294) Using 9 workers of 9 for evacuation
[2026-05-06T01:32:17.687+0100][8.241s][info][gc,phases      ] GC(294)   Pre Evacuate Collection Set: 0.1ms
[2026-05-06T01:32:17.687+0100][8.241s][info][gc,phases      ] GC(294)   Merge Heap Roots: 0.0ms
[2026-05-06T01:32:17.687+0100][8.241s][info][gc,phases      ] GC(294)   Evacuate Collection Set: 0.2ms
[2026-05-06T01:32:17.687+0100][8.241s][info][gc,phases      ] GC(294)   Post Evacuate Collection Set: 0.1ms
[2026-05-06T01:32:17.687+0100][8.241s][info][gc,phases      ] GC(294)   Other: 0.0ms
[2026-05-06T01:32:17.687+0100][8.241s][info][gc,heap        ] GC(294) Eden regions: 5->0(215)
[2026-05-06T01:32:17.687+0100][8.241s][info][gc,heap        ] GC(294) Survivor regions: 1->1(27)
[2026-05-06T01:32:17.687+0100][8.241s][info][gc,heap        ] GC(294) Old regions: 12->12
[2026-05-06T01:32:17.687+0100][8.241s][info][gc,heap        ] GC(294) Humongous regions: 134->96
[2026-05-06T01:32:17.687+0100][8.241s][info][gc,metaspace   ] GC(294) Metaspace: 19153K(19520K)->19153K(19520K) NonClass: 16911K(17152K)->16911K(17152K) Class: 2241K(2368K)->2241K(2368K)
[2026-05-06T01:32:17.687+0100][8.241s][info][gc             ] GC(294) Pause Young (Concurrent Start) (G1 Humongous Allocation) 287M->203M(720M) 0.527ms
[2026-05-06T01:32:17.687+0100][8.241s][info][gc,cpu         ] GC(294) User=0.00s Sys=0.00s Real=0.00s
[2026-05-06T01:32:17.687+0100][8.241s][info][gc             ] GC(295) Concurrent Undo Cycle
[2026-05-06T01:32:17.687+0100][8.241s][info][gc,marking     ] GC(295) Concurrent Clear Claimed Marks
[2026-05-06T01:32:17.687+0100][8.241s][info][gc,marking     ] GC(295) Concurrent Clear Claimed Marks 0.008ms
[2026-05-06T01:32:17.687+0100][8.241s][info][gc,marking     ] GC(295) Concurrent Cleanup for Next Mark
[2026-05-06T01:32:17.687+0100][8.241s][info][gc,marking     ] GC(295) Concurrent Cleanup for Next Mark 0.028ms
[2026-05-06T01:32:17.687+0100][8.241s][info][gc             ] GC(295) Concurrent Undo Cycle 0.065ms
[2026-05-06T01:32:17.691+0100][8.245s][info][gc,start       ] GC(296) Pause Full (System.gc())
[2026-05-06T01:32:17.691+0100][8.245s][info][gc,task        ] GC(296) Using 9 workers of 9 for full compaction
[2026-05-06T01:32:17.691+0100][8.245s][info][gc,phases,start] GC(296) Phase 1: Mark live objects
[2026-05-06T01:32:17.693+0100][8.247s][info][gc,phases      ] GC(296) Phase 1: Mark live objects 2.263ms
[2026-05-06T01:32:17.693+0100][8.247s][info][gc,phases,start] GC(296) Phase 2: Prepare compaction
[2026-05-06T01:32:17.694+0100][8.248s][info][gc,phases      ] GC(296) Phase 2: Prepare compaction 0.286ms
[2026-05-06T01:32:17.694+0100][8.248s][info][gc,phases,start] GC(296) Phase 3: Adjust pointers
[2026-05-06T01:32:17.695+0100][8.249s][info][gc,phases      ] GC(296) Phase 3: Adjust pointers 1.623ms
[2026-05-06T01:32:17.695+0100][8.249s][info][gc,phases,start] GC(296) Phase 4: Compact heap
[2026-05-06T01:32:17.696+0100][8.250s][info][gc,phases      ] GC(296) Phase 4: Compact heap 0.267ms
[2026-05-06T01:32:17.696+0100][8.250s][info][gc,phases,start] GC(296) Phase 5: Reset Metadata
[2026-05-06T01:32:17.696+0100][8.250s][info][gc,phases      ] GC(296) Phase 5: Reset Metadata 0.328ms
[2026-05-06T01:32:17.696+0100][8.250s][info][gc,heap        ] GC(296) Eden regions: 4->0(216)
[2026-05-06T01:32:17.696+0100][8.250s][info][gc,heap        ] GC(296) Survivor regions: 1->0(27)
[2026-05-06T01:32:17.696+0100][8.250s][info][gc,heap        ] GC(296) Old regions: 12->12
[2026-05-06T01:32:17.696+0100][8.250s][info][gc,heap        ] GC(296) Humongous regions: 115->96
[2026-05-06T01:32:17.696+0100][8.250s][info][gc,metaspace   ] GC(296) Metaspace: 19153K(19520K)->19153K(19520K) NonClass: 16911K(17152K)->16911K(17152K) Class: 2241K(2368K)->2241K(2368K)
[2026-05-06T01:32:17.697+0100][8.250s][info][gc             ] GC(296) Pause Full (System.gc()) 248M->203M(720M) 5.364ms
[2026-05-06T01:32:17.697+0100][8.250s][info][gc,cpu         ] GC(296) User=0.02s Sys=0.00s Real=0.00s
[2026-05-06T01:32:17.712+0100][8.266s][info][gc,start       ] GC(297) Pause Young (Concurrent Start) (G1 Humongous Allocation)
[2026-05-06T01:32:17.712+0100][8.266s][info][gc,task        ] GC(297) Using 9 workers of 9 for evacuation
[2026-05-06T01:32:17.712+0100][8.266s][info][gc,phases      ] GC(297)   Pre Evacuate Collection Set: 0.1ms
[2026-05-06T01:32:17.712+0100][8.266s][info][gc,phases      ] GC(297)   Merge Heap Roots: 0.0ms
[2026-05-06T01:32:17.712+0100][8.266s][info][gc,phases      ] GC(297)   Evacuate Collection Set: 0.1ms
[2026-05-06T01:32:17.712+0100][8.266s][info][gc,phases      ] GC(297)   Post Evacuate Collection Set: 0.1ms
[2026-05-06T01:32:17.712+0100][8.266s][info][gc,phases      ] GC(297)   Other: 0.0ms
[2026-05-06T01:32:17.712+0100][8.266s][info][gc,heap        ] GC(297) Eden regions: 5->0(215)
[2026-05-06T01:32:17.712+0100][8.266s][info][gc,heap        ] GC(297) Survivor regions: 0->1(27)
[2026-05-06T01:32:17.712+0100][8.266s][info][gc,heap        ] GC(297) Old regions: 12->12
[2026-05-06T01:32:17.712+0100][8.266s][info][gc,heap        ] GC(297) Humongous regions: 134->96
[2026-05-06T01:32:17.712+0100][8.266s][info][gc,metaspace   ] GC(297) Metaspace: 19158K(19520K)->19158K(19520K) NonClass: 16916K(17152K)->16916K(17152K) Class: 2241K(2368K)->2241K(2368K)
[2026-05-06T01:32:17.712+0100][8.266s][info][gc             ] GC(297) Pause Young (Concurrent Start) (G1 Humongous Allocation) 289M->203M(720M) 0.511ms
[2026-05-06T01:32:17.712+0100][8.266s][info][gc,cpu         ] GC(297) User=0.00s Sys=0.00s Real=0.00s
[2026-05-06T01:32:17.712+0100][8.266s][info][gc             ] GC(298) Concurrent Undo Cycle
[2026-05-06T01:32:17.712+0100][8.266s][info][gc,marking     ] GC(298) Concurrent Clear Claimed Marks
[2026-05-06T01:32:17.712+0100][8.266s][info][gc,marking     ] GC(298) Concurrent Clear Claimed Marks 0.008ms
[2026-05-06T01:32:17.712+0100][8.266s][info][gc,marking     ] GC(298) Concurrent Cleanup for Next Mark
[2026-05-06T01:32:17.712+0100][8.266s][info][gc,marking     ] GC(298) Concurrent Cleanup for Next Mark 0.030ms
[2026-05-06T01:32:17.712+0100][8.266s][info][gc             ] GC(298) Concurrent Undo Cycle 0.065ms
[2026-05-06T01:32:17.725+0100][8.279s][info][gc,start       ] GC(299) Pause Young (Concurrent Start) (G1 Humongous Allocation)
[2026-05-06T01:32:17.725+0100][8.279s][info][gc,task        ] GC(299) Using 9 workers of 9 for evacuation
[2026-05-06T01:32:17.725+0100][8.279s][info][gc,phases      ] GC(299)   Pre Evacuate Collection Set: 0.1ms
[2026-05-06T01:32:17.725+0100][8.279s][info][gc,phases      ] GC(299)   Merge Heap Roots: 0.0ms
[2026-05-06T01:32:17.725+0100][8.279s][info][gc,phases      ] GC(299)   Evacuate Collection Set: 0.1ms
[2026-05-06T01:32:17.725+0100][8.279s][info][gc,phases      ] GC(299)   Post Evacuate Collection Set: 0.1ms
[2026-05-06T01:32:17.725+0100][8.279s][info][gc,phases      ] GC(299)   Other: 0.0ms
[2026-05-06T01:32:17.725+0100][8.279s][info][gc,heap        ] GC(299) Eden regions: 4->0(215)
[2026-05-06T01:32:17.725+0100][8.279s][info][gc,heap        ] GC(299) Survivor regions: 1->1(27)
[2026-05-06T01:32:17.725+0100][8.279s][info][gc,heap        ] GC(299) Old regions: 12->12
[2026-05-06T01:32:17.725+0100][8.279s][info][gc,heap        ] GC(299) Humongous regions: 134->96
[2026-05-06T01:32:17.725+0100][8.279s][info][gc,metaspace   ] GC(299) Metaspace: 19158K(19520K)->19158K(19520K) NonClass: 16916K(17152K)->16916K(17152K) Class: 2241K(2368K)->2241K(2368K)
[2026-05-06T01:32:17.725+0100][8.279s][info][gc             ] GC(299) Pause Young (Concurrent Start) (G1 Humongous Allocation) 287M->203M(720M) 0.479ms
[2026-05-06T01:32:17.725+0100][8.279s][info][gc,cpu         ] GC(299) User=0.00s Sys=0.00s Real=0.00s
[2026-05-06T01:32:17.725+0100][8.279s][info][gc             ] GC(300) Concurrent Undo Cycle
[2026-05-06T01:32:17.725+0100][8.279s][info][gc,marking     ] GC(300) Concurrent Clear Claimed Marks
[2026-05-06T01:32:17.725+0100][8.279s][info][gc,marking     ] GC(300) Concurrent Clear Claimed Marks 0.006ms
[2026-05-06T01:32:17.725+0100][8.279s][info][gc,marking     ] GC(300) Concurrent Cleanup for Next Mark
[2026-05-06T01:32:17.725+0100][8.279s][info][gc,marking     ] GC(300) Concurrent Cleanup for Next Mark 0.031ms
[2026-05-06T01:32:17.725+0100][8.279s][info][gc             ] GC(300) Concurrent Undo Cycle 0.066ms
[2026-05-06T01:32:17.738+0100][8.292s][info][gc,start       ] GC(301) Pause Young (Concurrent Start) (G1 Humongous Allocation)
[2026-05-06T01:32:17.738+0100][8.292s][info][gc,task        ] GC(301) Using 9 workers of 9 for evacuation
[2026-05-06T01:32:17.738+0100][8.292s][info][gc,phases      ] GC(301)   Pre Evacuate Collection Set: 0.1ms
[2026-05-06T01:32:17.738+0100][8.292s][info][gc,phases      ] GC(301)   Merge Heap Roots: 0.0ms
[2026-05-06T01:32:17.738+0100][8.292s][info][gc,phases      ] GC(301)   Evacuate Collection Set: 0.1ms
[2026-05-06T01:32:17.738+0100][8.292s][info][gc,phases      ] GC(301)   Post Evacuate Collection Set: 0.1ms
[2026-05-06T01:32:17.738+0100][8.292s][info][gc,phases      ] GC(301)   Other: 0.0ms
[2026-05-06T01:32:17.738+0100][8.292s][info][gc,heap        ] GC(301) Eden regions: 5->0(215)
[2026-05-06T01:32:17.738+0100][8.292s][info][gc,heap        ] GC(301) Survivor regions: 1->1(27)
[2026-05-06T01:32:17.738+0100][8.292s][info][gc,heap        ] GC(301) Old regions: 12->12
[2026-05-06T01:32:17.738+0100][8.292s][info][gc,heap        ] GC(301) Humongous regions: 134->96
[2026-05-06T01:32:17.738+0100][8.292s][info][gc,metaspace   ] GC(301) Metaspace: 19158K(19520K)->19158K(19520K) NonClass: 16916K(17152K)->16916K(17152K) Class: 2241K(2368K)->2241K(2368K)
[2026-05-06T01:32:17.739+0100][8.292s][info][gc             ] GC(301) Pause Young (Concurrent Start) (G1 Humongous Allocation) 288M->203M(720M) 0.436ms
[2026-05-06T01:32:17.739+0100][8.292s][info][gc,cpu         ] GC(301) User=0.00s Sys=0.00s Real=0.00s
[2026-05-06T01:32:17.739+0100][8.292s][info][gc             ] GC(302) Concurrent Undo Cycle
[2026-05-06T01:32:17.739+0100][8.292s][info][gc,marking     ] GC(302) Concurrent Clear Claimed Marks
[2026-05-06T01:32:17.739+0100][8.292s][info][gc,marking     ] GC(302) Concurrent Clear Claimed Marks 0.006ms
[2026-05-06T01:32:17.739+0100][8.292s][info][gc,marking     ] GC(302) Concurrent Cleanup for Next Mark
[2026-05-06T01:32:17.739+0100][8.292s][info][gc,marking     ] GC(302) Concurrent Cleanup for Next Mark 0.024ms
[2026-05-06T01:32:17.739+0100][8.293s][info][gc             ] GC(302) Concurrent Undo Cycle 0.072ms
[2026-05-06T01:32:17.751+0100][8.305s][info][gc,start       ] GC(303) Pause Young (Concurrent Start) (G1 Humongous Allocation)
[2026-05-06T01:32:17.751+0100][8.305s][info][gc,task        ] GC(303) Using 9 workers of 9 for evacuation
[2026-05-06T01:32:17.751+0100][8.305s][info][gc,phases      ] GC(303)   Pre Evacuate Collection Set: 0.1ms
[2026-05-06T01:32:17.751+0100][8.305s][info][gc,phases      ] GC(303)   Merge Heap Roots: 0.0ms
[2026-05-06T01:32:17.751+0100][8.305s][info][gc,phases      ] GC(303)   Evacuate Collection Set: 0.1ms
[2026-05-06T01:32:17.751+0100][8.305s][info][gc,phases      ] GC(303)   Post Evacuate Collection Set: 0.1ms
[2026-05-06T01:32:17.751+0100][8.305s][info][gc,phases      ] GC(303)   Other: 0.0ms
[2026-05-06T01:32:17.751+0100][8.305s][info][gc,heap        ] GC(303) Eden regions: 5->0(215)
[2026-05-06T01:32:17.751+0100][8.305s][info][gc,heap        ] GC(303) Survivor regions: 1->1(27)
[2026-05-06T01:32:17.751+0100][8.305s][info][gc,heap        ] GC(303) Old regions: 12->12
[2026-05-06T01:32:17.751+0100][8.305s][info][gc,heap        ] GC(303) Humongous regions: 134->96
[2026-05-06T01:32:17.751+0100][8.305s][info][gc,metaspace   ] GC(303) Metaspace: 19158K(19520K)->19158K(19520K) NonClass: 16916K(17152K)->16916K(17152K) Class: 2241K(2368K)->2241K(2368K)
[2026-05-06T01:32:17.751+0100][8.305s][info][gc             ] GC(303) Pause Young (Concurrent Start) (G1 Humongous Allocation) 288M->203M(720M) 0.425ms
[2026-05-06T01:32:17.751+0100][8.305s][info][gc,cpu         ] GC(303) User=0.00s Sys=0.00s Real=0.00s
[2026-05-06T01:32:17.751+0100][8.305s][info][gc             ] GC(304) Concurrent Undo Cycle
[2026-05-06T01:32:17.751+0100][8.305s][info][gc,marking     ] GC(304) Concurrent Clear Claimed Marks
[2026-05-06T01:32:17.751+0100][8.305s][info][gc,marking     ] GC(304) Concurrent Clear Claimed Marks 0.008ms
[2026-05-06T01:32:17.751+0100][8.305s][info][gc,marking     ] GC(304) Concurrent Cleanup for Next Mark
[2026-05-06T01:32:17.751+0100][8.305s][info][gc,marking     ] GC(304) Concurrent Cleanup for Next Mark 0.031ms
[2026-05-06T01:32:17.751+0100][8.305s][info][gc             ] GC(304) Concurrent Undo Cycle 0.066ms
[2026-05-06T01:32:17.764+0100][8.318s][info][gc,start       ] GC(305) Pause Young (Concurrent Start) (G1 Humongous Allocation)
[2026-05-06T01:32:17.764+0100][8.318s][info][gc,task        ] GC(305) Using 9 workers of 9 for evacuation
[2026-05-06T01:32:17.765+0100][8.319s][info][gc,phases      ] GC(305)   Pre Evacuate Collection Set: 0.1ms
[2026-05-06T01:32:17.765+0100][8.319s][info][gc,phases      ] GC(305)   Merge Heap Roots: 0.0ms
[2026-05-06T01:32:17.765+0100][8.319s][info][gc,phases      ] GC(305)   Evacuate Collection Set: 0.1ms
[2026-05-06T01:32:17.765+0100][8.319s][info][gc,phases      ] GC(305)   Post Evacuate Collection Set: 0.3ms
[2026-05-06T01:32:17.765+0100][8.319s][info][gc,phases      ] GC(305)   Other: 0.0ms
[2026-05-06T01:32:17.765+0100][8.319s][info][gc,heap        ] GC(305) Eden regions: 5->0(305)
[2026-05-06T01:32:17.765+0100][8.319s][info][gc,heap        ] GC(305) Survivor regions: 1->1(27)
[2026-05-06T01:32:17.765+0100][8.319s][info][gc,heap        ] GC(305) Old regions: 12->12
[2026-05-06T01:32:17.765+0100][8.319s][info][gc,heap        ] GC(305) Humongous regions: 134->96
[2026-05-06T01:32:17.765+0100][8.319s][info][gc,metaspace   ] GC(305) Metaspace: 19162K(19520K)->19162K(19520K) NonClass: 16921K(17152K)->16921K(17152K) Class: 2241K(2368K)->2241K(2368K)
[2026-05-06T01:32:17.765+0100][8.319s][info][gc             ] GC(305) Pause Young (Concurrent Start) (G1 Humongous Allocation) 288M->203M(1020M) 0.609ms
[2026-05-06T01:32:17.765+0100][8.319s][info][gc,cpu         ] GC(305) User=0.01s Sys=0.00s Real=0.00s
[2026-05-06T01:32:17.765+0100][8.319s][info][gc             ] GC(306) Concurrent Undo Cycle
[2026-05-06T01:32:17.765+0100][8.319s][info][gc,marking     ] GC(306) Concurrent Clear Claimed Marks
[2026-05-06T01:32:17.765+0100][8.319s][info][gc,marking     ] GC(306) Concurrent Clear Claimed Marks 0.007ms
[2026-05-06T01:32:17.765+0100][8.319s][info][gc,marking     ] GC(306) Concurrent Cleanup for Next Mark
[2026-05-06T01:32:17.765+0100][8.319s][info][gc,marking     ] GC(306) Concurrent Cleanup for Next Mark 0.039ms
[2026-05-06T01:32:17.765+0100][8.319s][info][gc             ] GC(306) Concurrent Undo Cycle 0.070ms
[2026-05-06T01:32:17.783+0100][8.337s][info][gc,start       ] GC(307) Pause Full (System.gc())
[2026-05-06T01:32:17.783+0100][8.337s][info][gc,task        ] GC(307) Using 9 workers of 9 for full compaction
[2026-05-06T01:32:17.783+0100][8.337s][info][gc,phases,start] GC(307) Phase 1: Mark live objects
[2026-05-06T01:32:17.785+0100][8.339s][info][gc,phases      ] GC(307) Phase 1: Mark live objects 2.323ms
[2026-05-06T01:32:17.785+0100][8.339s][info][gc,phases,start] GC(307) Phase 2: Prepare compaction
[2026-05-06T01:32:17.785+0100][8.339s][info][gc,phases      ] GC(307) Phase 2: Prepare compaction 0.291ms
[2026-05-06T01:32:17.785+0100][8.339s][info][gc,phases,start] GC(307) Phase 3: Adjust pointers
[2026-05-06T01:32:17.787+0100][8.341s][info][gc,phases      ] GC(307) Phase 3: Adjust pointers 1.616ms
[2026-05-06T01:32:17.787+0100][8.341s][info][gc,phases,start] GC(307) Phase 4: Compact heap
[2026-05-06T01:32:17.787+0100][8.341s][info][gc,phases      ] GC(307) Phase 4: Compact heap 0.325ms
[2026-05-06T01:32:17.787+0100][8.341s][info][gc,phases,start] GC(307) Phase 5: Reset Metadata
[2026-05-06T01:32:17.788+0100][8.342s][info][gc,phases      ] GC(307) Phase 5: Reset Metadata 0.353ms
[2026-05-06T01:32:17.788+0100][8.342s][info][gc,heap        ] GC(307) Eden regions: 4->0(216)
[2026-05-06T01:32:17.789+0100][8.342s][info][gc,heap        ] GC(307) Survivor regions: 1->0(27)
[2026-05-06T01:32:17.789+0100][8.342s][info][gc,heap        ] GC(307) Old regions: 12->12
[2026-05-06T01:32:17.789+0100][8.342s][info][gc,heap        ] GC(307) Humongous regions: 153->96
[2026-05-06T01:32:17.789+0100][8.342s][info][gc,metaspace   ] GC(307) Metaspace: 19162K(19520K)->19162K(19520K) NonClass: 16921K(17152K)->16921K(17152K) Class: 2241K(2368K)->2241K(2368K)
[2026-05-06T01:32:17.789+0100][8.342s][info][gc             ] GC(307) Pause Full (System.gc()) 324M->203M(720M) 5.852ms
[2026-05-06T01:32:17.789+0100][8.342s][info][gc,cpu         ] GC(307) User=0.02s Sys=0.00s Real=0.00s
[2026-05-06T01:32:17.804+0100][8.358s][info][gc,start       ] GC(308) Pause Young (Concurrent Start) (G1 Humongous Allocation)
[2026-05-06T01:32:17.804+0100][8.358s][info][gc,task        ] GC(308) Using 9 workers of 9 for evacuation
[2026-05-06T01:32:17.804+0100][8.358s][info][gc,phases      ] GC(308)   Pre Evacuate Collection Set: 0.1ms
[2026-05-06T01:32:17.804+0100][8.358s][info][gc,phases      ] GC(308)   Merge Heap Roots: 0.0ms
[2026-05-06T01:32:17.805+0100][8.358s][info][gc,phases      ] GC(308)   Evacuate Collection Set: 0.2ms
[2026-05-06T01:32:17.805+0100][8.358s][info][gc,phases      ] GC(308)   Post Evacuate Collection Set: 0.1ms
[2026-05-06T01:32:17.805+0100][8.358s][info][gc,phases      ] GC(308)   Other: 0.0ms
[2026-05-06T01:32:17.805+0100][8.358s][info][gc,heap        ] GC(308) Eden regions: 6->0(215)
[2026-05-06T01:32:17.805+0100][8.358s][info][gc,heap        ] GC(308) Survivor regions: 0->1(27)
[2026-05-06T01:32:17.805+0100][8.358s][info][gc,heap        ] GC(308) Old regions: 12->12
[2026-05-06T01:32:17.805+0100][8.358s][info][gc,heap        ] GC(308) Humongous regions: 134->96
[2026-05-06T01:32:17.805+0100][8.358s][info][gc,metaspace   ] GC(308) Metaspace: 19163K(19520K)->19163K(19520K) NonClass: 16921K(17152K)->16921K(17152K) Class: 2241K(2368K)->2241K(2368K)
[2026-05-06T01:32:17.805+0100][8.358s][info][gc             ] GC(308) Pause Young (Concurrent Start) (G1 Humongous Allocation) 290M->203M(720M) 0.567ms
[2026-05-06T01:32:17.805+0100][8.358s][info][gc,cpu         ] GC(308) User=0.00s Sys=0.00s Real=0.00s
[2026-05-06T01:32:17.805+0100][8.358s][info][gc             ] GC(309) Concurrent Undo Cycle
[2026-05-06T01:32:17.805+0100][8.358s][info][gc,marking     ] GC(309) Concurrent Clear Claimed Marks
[2026-05-06T01:32:17.805+0100][8.358s][info][gc,marking     ] GC(309) Concurrent Clear Claimed Marks 0.006ms
[2026-05-06T01:32:17.805+0100][8.358s][info][gc,marking     ] GC(309) Concurrent Cleanup for Next Mark
[2026-05-06T01:32:17.805+0100][8.359s][info][gc,marking     ] GC(309) Concurrent Cleanup for Next Mark 0.029ms
[2026-05-06T01:32:17.805+0100][8.359s][info][gc             ] GC(309) Concurrent Undo Cycle 0.061ms
[2026-05-06T01:32:17.817+0100][8.371s][info][gc,start       ] GC(310) Pause Young (Concurrent Start) (G1 Humongous Allocation)
[2026-05-06T01:32:17.818+0100][8.371s][info][gc,task        ] GC(310) Using 9 workers of 9 for evacuation
[2026-05-06T01:32:17.818+0100][8.372s][info][gc,phases      ] GC(310)   Pre Evacuate Collection Set: 0.1ms
[2026-05-06T01:32:17.818+0100][8.372s][info][gc,phases      ] GC(310)   Merge Heap Roots: 0.0ms
[2026-05-06T01:32:17.818+0100][8.372s][info][gc,phases      ] GC(310)   Evacuate Collection Set: 0.2ms
[2026-05-06T01:32:17.818+0100][8.372s][info][gc,phases      ] GC(310)   Post Evacuate Collection Set: 0.1ms
[2026-05-06T01:32:17.818+0100][8.372s][info][gc,phases      ] GC(310)   Other: 0.0ms
[2026-05-06T01:32:17.818+0100][8.372s][info][gc,heap        ] GC(310) Eden regions: 4->0(215)
[2026-05-06T01:32:17.818+0100][8.372s][info][gc,heap        ] GC(310) Survivor regions: 1->1(27)
[2026-05-06T01:32:17.818+0100][8.372s][info][gc,heap        ] GC(310) Old regions: 12->12
[2026-05-06T01:32:17.818+0100][8.372s][info][gc,heap        ] GC(310) Humongous regions: 134->96
[2026-05-06T01:32:17.818+0100][8.372s][info][gc,metaspace   ] GC(310) Metaspace: 19163K(19520K)->19163K(19520K) NonClass: 16921K(17152K)->16921K(17152K) Class: 2241K(2368K)->2241K(2368K)
[2026-05-06T01:32:17.818+0100][8.372s][info][gc             ] GC(310) Pause Young (Concurrent Start) (G1 Humongous Allocation) 285M->203M(720M) 0.514ms
[2026-05-06T01:32:17.818+0100][8.372s][info][gc,cpu         ] GC(310) User=0.01s Sys=0.00s Real=0.00s
[2026-05-06T01:32:17.818+0100][8.372s][info][gc             ] GC(311) Concurrent Undo Cycle
[2026-05-06T01:32:17.818+0100][8.372s][info][gc,marking     ] GC(311) Concurrent Clear Claimed Marks
[2026-05-06T01:32:17.818+0100][8.372s][info][gc,marking     ] GC(311) Concurrent Clear Claimed Marks 0.007ms
[2026-05-06T01:32:17.818+0100][8.372s][info][gc,marking     ] GC(311) Concurrent Cleanup for Next Mark
[2026-05-06T01:32:17.818+0100][8.372s][info][gc,marking     ] GC(311) Concurrent Cleanup for Next Mark 0.029ms
[2026-05-06T01:32:17.818+0100][8.372s][info][gc             ] GC(311) Concurrent Undo Cycle 0.062ms
[2026-05-06T01:32:17.831+0100][8.385s][info][gc,start       ] GC(312) Pause Young (Concurrent Start) (G1 Humongous Allocation)
[2026-05-06T01:32:17.831+0100][8.385s][info][gc,task        ] GC(312) Using 9 workers of 9 for evacuation
[2026-05-06T01:32:17.832+0100][8.385s][info][gc,phases      ] GC(312)   Pre Evacuate Collection Set: 0.1ms
[2026-05-06T01:32:17.832+0100][8.385s][info][gc,phases      ] GC(312)   Merge Heap Roots: 0.0ms
[2026-05-06T01:32:17.832+0100][8.385s][info][gc,phases      ] GC(312)   Evacuate Collection Set: 0.2ms
[2026-05-06T01:32:17.832+0100][8.385s][info][gc,phases      ] GC(312)   Post Evacuate Collection Set: 0.1ms
[2026-05-06T01:32:17.832+0100][8.385s][info][gc,phases      ] GC(312)   Other: 0.0ms
[2026-05-06T01:32:17.832+0100][8.385s][info][gc,heap        ] GC(312) Eden regions: 4->0(215)
[2026-05-06T01:32:17.832+0100][8.385s][info][gc,heap        ] GC(312) Survivor regions: 1->1(27)
[2026-05-06T01:32:17.832+0100][8.385s][info][gc,heap        ] GC(312) Old regions: 12->12
[2026-05-06T01:32:17.832+0100][8.386s][info][gc,heap        ] GC(312) Humongous regions: 134->96
[2026-05-06T01:32:17.832+0100][8.386s][info][gc,metaspace   ] GC(312) Metaspace: 19163K(19520K)->19163K(19520K) NonClass: 16921K(17152K)->16921K(17152K) Class: 2241K(2368K)->2241K(2368K)
[2026-05-06T01:32:17.832+0100][8.386s][info][gc             ] GC(312) Pause Young (Concurrent Start) (G1 Humongous Allocation) 286M->203M(720M) 0.527ms
[2026-05-06T01:32:17.832+0100][8.386s][info][gc,cpu         ] GC(312) User=0.00s Sys=0.00s Real=0.00s
[2026-05-06T01:32:17.832+0100][8.386s][info][gc             ] GC(313) Concurrent Undo Cycle
[2026-05-06T01:32:17.832+0100][8.386s][info][gc,marking     ] GC(313) Concurrent Clear Claimed Marks
[2026-05-06T01:32:17.832+0100][8.386s][info][gc,marking     ] GC(313) Concurrent Clear Claimed Marks 0.007ms
[2026-05-06T01:32:17.832+0100][8.386s][info][gc,marking     ] GC(313) Concurrent Cleanup for Next Mark
[2026-05-06T01:32:17.832+0100][8.386s][info][gc,marking     ] GC(313) Concurrent Cleanup for Next Mark 0.029ms
[2026-05-06T01:32:17.832+0100][8.386s][info][gc             ] GC(313) Concurrent Undo Cycle 0.063ms
[2026-05-06T01:32:17.846+0100][8.400s][info][gc,start       ] GC(314) Pause Young (Concurrent Start) (G1 Humongous Allocation)
[2026-05-06T01:32:17.846+0100][8.400s][info][gc,task        ] GC(314) Using 9 workers of 9 for evacuation
[2026-05-06T01:32:17.846+0100][8.400s][info][gc,phases      ] GC(314)   Pre Evacuate Collection Set: 0.1ms
[2026-05-06T01:32:17.846+0100][8.400s][info][gc,phases      ] GC(314)   Merge Heap Roots: 0.0ms
[2026-05-06T01:32:17.846+0100][8.400s][info][gc,phases      ] GC(314)   Evacuate Collection Set: 0.2ms
[2026-05-06T01:32:17.847+0100][8.400s][info][gc,phases      ] GC(314)   Post Evacuate Collection Set: 0.3ms
[2026-05-06T01:32:17.847+0100][8.400s][info][gc,phases      ] GC(314)   Other: 0.0ms
[2026-05-06T01:32:17.847+0100][8.400s][info][gc,heap        ] GC(314) Eden regions: 4->0(366)
[2026-05-06T01:32:17.847+0100][8.400s][info][gc,heap        ] GC(314) Survivor regions: 1->1(27)
[2026-05-06T01:32:17.847+0100][8.400s][info][gc,heap        ] GC(314) Old regions: 12->12
[2026-05-06T01:32:17.847+0100][8.400s][info][gc,heap        ] GC(314) Humongous regions: 134->96
[2026-05-06T01:32:17.847+0100][8.400s][info][gc,metaspace   ] GC(314) Metaspace: 19163K(19520K)->19163K(19520K) NonClass: 16921K(17152K)->16921K(17152K) Class: 2241K(2368K)->2241K(2368K)
[2026-05-06T01:32:17.847+0100][8.400s][info][gc             ] GC(314) Pause Young (Concurrent Start) (G1 Humongous Allocation) 286M->203M(1224M) 0.756ms
[2026-05-06T01:32:17.847+0100][8.400s][info][gc,cpu         ] GC(314) User=0.00s Sys=0.00s Real=0.00s
[2026-05-06T01:32:17.847+0100][8.400s][info][gc             ] GC(315) Concurrent Undo Cycle
[2026-05-06T01:32:17.847+0100][8.400s][info][gc,marking     ] GC(315) Concurrent Clear Claimed Marks
[2026-05-06T01:32:17.847+0100][8.400s][info][gc,marking     ] GC(315) Concurrent Clear Claimed Marks 0.009ms
[2026-05-06T01:32:17.847+0100][8.400s][info][gc,marking     ] GC(315) Concurrent Cleanup for Next Mark
[2026-05-06T01:32:17.847+0100][8.401s][info][gc,marking     ] GC(315) Concurrent Cleanup for Next Mark 0.053ms
[2026-05-06T01:32:17.847+0100][8.401s][info][gc             ] GC(315) Concurrent Undo Cycle 0.089ms
[2026-05-06T01:32:17.879+0100][8.433s][info][gc,start       ] GC(316) Pause Full (System.gc())
[2026-05-06T01:32:17.879+0100][8.433s][info][gc,task        ] GC(316) Using 9 workers of 9 for full compaction
[2026-05-06T01:32:17.880+0100][8.433s][info][gc,phases,start] GC(316) Phase 1: Mark live objects
[2026-05-06T01:32:17.882+0100][8.436s][info][gc,phases      ] GC(316) Phase 1: Mark live objects 2.465ms
[2026-05-06T01:32:17.882+0100][8.436s][info][gc,phases,start] GC(316) Phase 2: Prepare compaction
[2026-05-06T01:32:17.882+0100][8.436s][info][gc,phases      ] GC(316) Phase 2: Prepare compaction 0.301ms
[2026-05-06T01:32:17.882+0100][8.436s][info][gc,phases,start] GC(316) Phase 3: Adjust pointers
[2026-05-06T01:32:17.884+0100][8.438s][info][gc,phases      ] GC(316) Phase 3: Adjust pointers 1.607ms
[2026-05-06T01:32:17.884+0100][8.438s][info][gc,phases,start] GC(316) Phase 4: Compact heap
[2026-05-06T01:32:17.884+0100][8.438s][info][gc,phases      ] GC(316) Phase 4: Compact heap 0.258ms
[2026-05-06T01:32:17.884+0100][8.438s][info][gc,phases,start] GC(316) Phase 5: Reset Metadata
[2026-05-06T01:32:17.885+0100][8.438s][info][gc,phases      ] GC(316) Phase 5: Reset Metadata 0.376ms
[2026-05-06T01:32:17.886+0100][8.439s][info][gc,heap        ] GC(316) Eden regions: 4->0(216)
[2026-05-06T01:32:17.886+0100][8.439s][info][gc,heap        ] GC(316) Survivor regions: 1->0(27)
[2026-05-06T01:32:17.886+0100][8.439s][info][gc,heap        ] GC(316) Old regions: 12->12
[2026-05-06T01:32:17.886+0100][8.439s][info][gc,heap        ] GC(316) Humongous regions: 191->96
[2026-05-06T01:32:17.886+0100][8.439s][info][gc,metaspace   ] GC(316) Metaspace: 19166K(19520K)->19166K(19520K) NonClass: 16924K(17152K)->16924K(17152K) Class: 2241K(2368K)->2241K(2368K)
[2026-05-06T01:32:17.886+0100][8.439s][info][gc             ] GC(316) Pause Full (System.gc()) 399M->203M(720M) 6.152ms
[2026-05-06T01:32:17.886+0100][8.439s][info][gc,cpu         ] GC(316) User=0.02s Sys=0.01s Real=0.01s
[2026-05-06T01:32:17.902+0100][8.456s][info][gc,start       ] GC(317) Pause Young (Concurrent Start) (G1 Humongous Allocation)
[2026-05-06T01:32:17.902+0100][8.456s][info][gc,task        ] GC(317) Using 9 workers of 9 for evacuation
[2026-05-06T01:32:17.902+0100][8.456s][info][gc,phases      ] GC(317)   Pre Evacuate Collection Set: 0.1ms
[2026-05-06T01:32:17.902+0100][8.456s][info][gc,phases      ] GC(317)   Merge Heap Roots: 0.0ms
[2026-05-06T01:32:17.902+0100][8.456s][info][gc,phases      ] GC(317)   Evacuate Collection Set: 0.2ms
[2026-05-06T01:32:17.902+0100][8.456s][info][gc,phases      ] GC(317)   Post Evacuate Collection Set: 0.1ms
[2026-05-06T01:32:17.902+0100][8.456s][info][gc,phases      ] GC(317)   Other: 0.0ms
[2026-05-06T01:32:17.902+0100][8.456s][info][gc,heap        ] GC(317) Eden regions: 6->0(215)
[2026-05-06T01:32:17.902+0100][8.456s][info][gc,heap        ] GC(317) Survivor regions: 0->1(27)
[2026-05-06T01:32:17.902+0100][8.456s][info][gc,heap        ] GC(317) Old regions: 12->12
[2026-05-06T01:32:17.902+0100][8.456s][info][gc,heap        ] GC(317) Humongous regions: 134->96
[2026-05-06T01:32:17.902+0100][8.456s][info][gc,metaspace   ] GC(317) Metaspace: 19166K(19520K)->19166K(19520K) NonClass: 16924K(17152K)->16924K(17152K) Class: 2241K(2368K)->2241K(2368K)
[2026-05-06T01:32:17.902+0100][8.456s][info][gc             ] GC(317) Pause Young (Concurrent Start) (G1 Humongous Allocation) 290M->203M(720M) 0.536ms
[2026-05-06T01:32:17.902+0100][8.456s][info][gc,cpu         ] GC(317) User=0.00s Sys=0.00s Real=0.00s
[2026-05-06T01:32:17.902+0100][8.456s][info][gc             ] GC(318) Concurrent Undo Cycle
[2026-05-06T01:32:17.902+0100][8.456s][info][gc,marking     ] GC(318) Concurrent Clear Claimed Marks
[2026-05-06T01:32:17.902+0100][8.456s][info][gc,marking     ] GC(318) Concurrent Clear Claimed Marks 0.007ms
[2026-05-06T01:32:17.902+0100][8.456s][info][gc,marking     ] GC(318) Concurrent Cleanup for Next Mark
[2026-05-06T01:32:17.903+0100][8.456s][info][gc,marking     ] GC(318) Concurrent Cleanup for Next Mark 0.037ms
[2026-05-06T01:32:17.903+0100][8.456s][info][gc             ] GC(318) Concurrent Undo Cycle 0.073ms
[2026-05-06T01:32:17.916+0100][8.470s][info][gc,start       ] GC(319) Pause Young (Concurrent Start) (G1 Humongous Allocation)
[2026-05-06T01:32:17.916+0100][8.470s][info][gc,task        ] GC(319) Using 9 workers of 9 for evacuation
[2026-05-06T01:32:17.916+0100][8.470s][info][gc,phases      ] GC(319)   Pre Evacuate Collection Set: 0.1ms
[2026-05-06T01:32:17.916+0100][8.470s][info][gc,phases      ] GC(319)   Merge Heap Roots: 0.0ms
[2026-05-06T01:32:17.916+0100][8.470s][info][gc,phases      ] GC(319)   Evacuate Collection Set: 0.1ms
[2026-05-06T01:32:17.916+0100][8.470s][info][gc,phases      ] GC(319)   Post Evacuate Collection Set: 0.1ms
[2026-05-06T01:32:17.916+0100][8.470s][info][gc,phases      ] GC(319)   Other: 0.0ms
[2026-05-06T01:32:17.916+0100][8.470s][info][gc,heap        ] GC(319) Eden regions: 4->0(215)
[2026-05-06T01:32:17.916+0100][8.470s][info][gc,heap        ] GC(319) Survivor regions: 1->1(27)
[2026-05-06T01:32:17.916+0100][8.470s][info][gc,heap        ] GC(319) Old regions: 12->12
[2026-05-06T01:32:17.916+0100][8.470s][info][gc,heap        ] GC(319) Humongous regions: 134->96
[2026-05-06T01:32:17.916+0100][8.470s][info][gc,metaspace   ] GC(319) Metaspace: 19166K(19520K)->19166K(19520K) NonClass: 16924K(17152K)->16924K(17152K) Class: 2241K(2368K)->2241K(2368K)
[2026-05-06T01:32:17.916+0100][8.470s][info][gc             ] GC(319) Pause Young (Concurrent Start) (G1 Humongous Allocation) 286M->203M(720M) 0.442ms
[2026-05-06T01:32:17.916+0100][8.470s][info][gc,cpu         ] GC(319) User=0.00s Sys=0.00s Real=0.00s
[2026-05-06T01:32:17.916+0100][8.470s][info][gc             ] GC(320) Concurrent Undo Cycle
[2026-05-06T01:32:17.916+0100][8.470s][info][gc,marking     ] GC(320) Concurrent Clear Claimed Marks
[2026-05-06T01:32:17.916+0100][8.470s][info][gc,marking     ] GC(320) Concurrent Clear Claimed Marks 0.007ms
[2026-05-06T01:32:17.916+0100][8.470s][info][gc,marking     ] GC(320) Concurrent Cleanup for Next Mark
[2026-05-06T01:32:17.916+0100][8.470s][info][gc,marking     ] GC(320) Concurrent Cleanup for Next Mark 0.040ms
[2026-05-06T01:32:17.916+0100][8.470s][info][gc             ] GC(320) Concurrent Undo Cycle 0.070ms
[2026-05-06T01:32:17.929+0100][8.483s][info][gc,start       ] GC(321) Pause Young (Concurrent Start) (G1 Humongous Allocation)
[2026-05-06T01:32:17.929+0100][8.483s][info][gc,task        ] GC(321) Using 9 workers of 9 for evacuation
[2026-05-06T01:32:17.930+0100][8.483s][info][gc,phases      ] GC(321)   Pre Evacuate Collection Set: 0.1ms
[2026-05-06T01:32:17.930+0100][8.483s][info][gc,phases      ] GC(321)   Merge Heap Roots: 0.0ms
[2026-05-06T01:32:17.930+0100][8.483s][info][gc,phases      ] GC(321)   Evacuate Collection Set: 0.1ms
[2026-05-06T01:32:17.930+0100][8.483s][info][gc,phases      ] GC(321)   Post Evacuate Collection Set: 0.1ms
[2026-05-06T01:32:17.930+0100][8.483s][info][gc,phases      ] GC(321)   Other: 0.0ms
[2026-05-06T01:32:17.930+0100][8.483s][info][gc,heap        ] GC(321) Eden regions: 5->0(215)
[2026-05-06T01:32:17.930+0100][8.483s][info][gc,heap        ] GC(321) Survivor regions: 1->1(27)
[2026-05-06T01:32:17.930+0100][8.483s][info][gc,heap        ] GC(321) Old regions: 12->12
[2026-05-06T01:32:17.930+0100][8.483s][info][gc,heap        ] GC(321) Humongous regions: 134->96
[2026-05-06T01:32:17.930+0100][8.483s][info][gc,metaspace   ] GC(321) Metaspace: 19166K(19520K)->19166K(19520K) NonClass: 16924K(17152K)->16924K(17152K) Class: 2241K(2368K)->2241K(2368K)
[2026-05-06T01:32:17.930+0100][8.483s][info][gc             ] GC(321) Pause Young (Concurrent Start) (G1 Humongous Allocation) 287M->203M(720M) 0.459ms
[2026-05-06T01:32:17.930+0100][8.483s][info][gc,cpu         ] GC(321) User=0.00s Sys=0.00s Real=0.01s
[2026-05-06T01:32:17.930+0100][8.484s][info][gc             ] GC(322) Concurrent Undo Cycle
[2026-05-06T01:32:17.930+0100][8.484s][info][gc,marking     ] GC(322) Concurrent Clear Claimed Marks
[2026-05-06T01:32:17.930+0100][8.484s][info][gc,marking     ] GC(322) Concurrent Clear Claimed Marks 0.006ms
[2026-05-06T01:32:17.930+0100][8.484s][info][gc,marking     ] GC(322) Concurrent Cleanup for Next Mark
[2026-05-06T01:32:17.930+0100][8.484s][info][gc,marking     ] GC(322) Concurrent Cleanup for Next Mark 0.034ms
[2026-05-06T01:32:17.930+0100][8.484s][info][gc             ] GC(322) Concurrent Undo Cycle 0.066ms
[2026-05-06T01:32:17.943+0100][8.497s][info][gc,start       ] GC(323) Pause Young (Concurrent Start) (G1 Humongous Allocation)
[2026-05-06T01:32:17.943+0100][8.497s][info][gc,task        ] GC(323) Using 9 workers of 9 for evacuation
[2026-05-06T01:32:17.943+0100][8.497s][info][gc,phases      ] GC(323)   Pre Evacuate Collection Set: 0.1ms
[2026-05-06T01:32:17.943+0100][8.497s][info][gc,phases      ] GC(323)   Merge Heap Roots: 0.0ms
[2026-05-06T01:32:17.943+0100][8.497s][info][gc,phases      ] GC(323)   Evacuate Collection Set: 0.1ms
[2026-05-06T01:32:17.943+0100][8.497s][info][gc,phases      ] GC(323)   Post Evacuate Collection Set: 0.1ms
[2026-05-06T01:32:17.943+0100][8.497s][info][gc,phases      ] GC(323)   Other: 0.0ms
[2026-05-06T01:32:17.943+0100][8.497s][info][gc,heap        ] GC(323) Eden regions: 4->0(215)
[2026-05-06T01:32:17.943+0100][8.497s][info][gc,heap        ] GC(323) Survivor regions: 1->1(27)
[2026-05-06T01:32:17.943+0100][8.497s][info][gc,heap        ] GC(323) Old regions: 12->12
[2026-05-06T01:32:17.943+0100][8.497s][info][gc,heap        ] GC(323) Humongous regions: 134->96
[2026-05-06T01:32:17.943+0100][8.497s][info][gc,metaspace   ] GC(323) Metaspace: 19166K(19520K)->19166K(19520K) NonClass: 16924K(17152K)->16924K(17152K) Class: 2241K(2368K)->2241K(2368K)
[2026-05-06T01:32:17.943+0100][8.497s][info][gc             ] GC(323) Pause Young (Concurrent Start) (G1 Humongous Allocation) 286M->203M(720M) 0.438ms
[2026-05-06T01:32:17.943+0100][8.497s][info][gc,cpu         ] GC(323) User=0.00s Sys=0.00s Real=0.00s
[2026-05-06T01:32:17.943+0100][8.497s][info][gc             ] GC(324) Concurrent Undo Cycle
[2026-05-06T01:32:17.943+0100][8.497s][info][gc,marking     ] GC(324) Concurrent Clear Claimed Marks
[2026-05-06T01:32:17.943+0100][8.497s][info][gc,marking     ] GC(324) Concurrent Clear Claimed Marks 0.006ms
[2026-05-06T01:32:17.943+0100][8.497s][info][gc,marking     ] GC(324) Concurrent Cleanup for Next Mark
[2026-05-06T01:32:17.943+0100][8.497s][info][gc,marking     ] GC(324) Concurrent Cleanup for Next Mark 0.030ms
[2026-05-06T01:32:17.943+0100][8.497s][info][gc             ] GC(324) Concurrent Undo Cycle 0.057ms
[2026-05-06T01:32:18.017+0100][8.571s][info][gc,start       ] GC(325) Pause Young (Concurrent Start) (G1 Humongous Allocation)
[2026-05-06T01:32:18.017+0100][8.571s][info][gc,task        ] GC(325) Using 9 workers of 9 for evacuation
[2026-05-06T01:32:18.018+0100][8.572s][info][gc,phases      ] GC(325)   Pre Evacuate Collection Set: 0.1ms
[2026-05-06T01:32:18.018+0100][8.572s][info][gc,phases      ] GC(325)   Merge Heap Roots: 0.0ms
[2026-05-06T01:32:18.018+0100][8.572s][info][gc,phases      ] GC(325)   Evacuate Collection Set: 0.2ms
[2026-05-06T01:32:18.018+0100][8.572s][info][gc,phases      ] GC(325)   Post Evacuate Collection Set: 0.1ms
[2026-05-06T01:32:18.018+0100][8.572s][info][gc,phases      ] GC(325)   Other: 0.0ms
[2026-05-06T01:32:18.018+0100][8.572s][info][gc,heap        ] GC(325) Eden regions: 4->0(215)
[2026-05-06T01:32:18.018+0100][8.572s][info][gc,heap        ] GC(325) Survivor regions: 1->1(27)
[2026-05-06T01:32:18.018+0100][8.572s][info][gc,heap        ] GC(325) Old regions: 12->12
[2026-05-06T01:32:18.018+0100][8.572s][info][gc,heap        ] GC(325) Humongous regions: 134->96
[2026-05-06T01:32:18.018+0100][8.572s][info][gc,metaspace   ] GC(325) Metaspace: 19166K(19520K)->19166K(19520K) NonClass: 16924K(17152K)->16924K(17152K) Class: 2241K(2368K)->2241K(2368K)
[2026-05-06T01:32:18.018+0100][8.572s][info][gc             ] GC(325) Pause Young (Concurrent Start) (G1 Humongous Allocation) 286M->203M(720M) 0.541ms
[2026-05-06T01:32:18.018+0100][8.572s][info][gc,cpu         ] GC(325) User=0.00s Sys=0.01s Real=0.00s
[2026-05-06T01:32:18.018+0100][8.572s][info][gc             ] GC(326) Concurrent Undo Cycle
[2026-05-06T01:32:18.018+0100][8.572s][info][gc,marking     ] GC(326) Concurrent Clear Claimed Marks
[2026-05-06T01:32:18.018+0100][8.572s][info][gc,marking     ] GC(326) Concurrent Clear Claimed Marks 0.009ms
[2026-05-06T01:32:18.018+0100][8.572s][info][gc,marking     ] GC(326) Concurrent Cleanup for Next Mark
[2026-05-06T01:32:18.018+0100][8.572s][info][gc,marking     ] GC(326) Concurrent Cleanup for Next Mark 0.036ms
[2026-05-06T01:32:18.018+0100][8.572s][info][gc             ] GC(326) Concurrent Undo Cycle 0.079ms
[2026-05-06T01:32:18.160+0100][8.714s][info][gc,start       ] GC(327) Pause Young (Concurrent Start) (G1 Humongous Allocation)
[2026-05-06T01:32:18.160+0100][8.714s][info][gc,task        ] GC(327) Using 9 workers of 9 for evacuation
[2026-05-06T01:32:18.161+0100][8.715s][info][gc,phases      ] GC(327)   Pre Evacuate Collection Set: 0.1ms
[2026-05-06T01:32:18.161+0100][8.715s][info][gc,phases      ] GC(327)   Merge Heap Roots: 0.0ms
[2026-05-06T01:32:18.161+0100][8.715s][info][gc,phases      ] GC(327)   Evacuate Collection Set: 0.2ms
[2026-05-06T01:32:18.161+0100][8.715s][info][gc,phases      ] GC(327)   Post Evacuate Collection Set: 0.1ms
[2026-05-06T01:32:18.161+0100][8.715s][info][gc,phases      ] GC(327)   Other: 0.0ms
[2026-05-06T01:32:18.161+0100][8.715s][info][gc,heap        ] GC(327) Eden regions: 1->0(215)
[2026-05-06T01:32:18.161+0100][8.715s][info][gc,heap        ] GC(327) Survivor regions: 1->1(27)
[2026-05-06T01:32:18.161+0100][8.715s][info][gc,heap        ] GC(327) Old regions: 12->12
[2026-05-06T01:32:18.161+0100][8.715s][info][gc,heap        ] GC(327) Humongous regions: 169->96
[2026-05-06T01:32:18.161+0100][8.715s][info][gc,metaspace   ] GC(327) Metaspace: 19166K(19520K)->19166K(19520K) NonClass: 16924K(17152K)->16924K(17152K) Class: 2241K(2368K)->2241K(2368K)
[2026-05-06T01:32:18.161+0100][8.715s][info][gc             ] GC(327) Pause Young (Concurrent Start) (G1 Humongous Allocation) 350M->203M(720M) 0.571ms
[2026-05-06T01:32:18.161+0100][8.715s][info][gc,cpu         ] GC(327) User=0.00s Sys=0.00s Real=0.00s
[2026-05-06T01:32:18.161+0100][8.715s][info][gc             ] GC(328) Concurrent Undo Cycle
[2026-05-06T01:32:18.161+0100][8.715s][info][gc,marking     ] GC(328) Concurrent Clear Claimed Marks
[2026-05-06T01:32:18.161+0100][8.715s][info][gc,marking     ] GC(328) Concurrent Clear Claimed Marks 0.010ms
[2026-05-06T01:32:18.161+0100][8.715s][info][gc,marking     ] GC(328) Concurrent Cleanup for Next Mark
[2026-05-06T01:32:18.161+0100][8.715s][info][gc,marking     ] GC(328) Concurrent Cleanup for Next Mark 0.028ms
[2026-05-06T01:32:18.161+0100][8.715s][info][gc             ] GC(328) Concurrent Undo Cycle 0.073ms
[2026-05-06T01:32:18.304+0100][8.858s][info][gc,start       ] GC(329) Pause Young (Concurrent Start) (G1 Humongous Allocation)
[2026-05-06T01:32:18.304+0100][8.858s][info][gc,task        ] GC(329) Using 9 workers of 9 for evacuation
[2026-05-06T01:32:18.305+0100][8.859s][info][gc,phases      ] GC(329)   Pre Evacuate Collection Set: 0.1ms
[2026-05-06T01:32:18.305+0100][8.859s][info][gc,phases      ] GC(329)   Merge Heap Roots: 0.0ms
[2026-05-06T01:32:18.305+0100][8.859s][info][gc,phases      ] GC(329)   Evacuate Collection Set: 0.1ms
[2026-05-06T01:32:18.305+0100][8.859s][info][gc,phases      ] GC(329)   Post Evacuate Collection Set: 0.1ms
[2026-05-06T01:32:18.305+0100][8.859s][info][gc,phases      ] GC(329)   Other: 0.0ms
[2026-05-06T01:32:18.305+0100][8.859s][info][gc,heap        ] GC(329) Eden regions: 1->0(215)
[2026-05-06T01:32:18.305+0100][8.859s][info][gc,heap        ] GC(329) Survivor regions: 1->1(27)
[2026-05-06T01:32:18.305+0100][8.859s][info][gc,heap        ] GC(329) Old regions: 12->12
[2026-05-06T01:32:18.305+0100][8.859s][info][gc,heap        ] GC(329) Humongous regions: 169->96
[2026-05-06T01:32:18.305+0100][8.859s][info][gc,metaspace   ] GC(329) Metaspace: 19166K(19520K)->19166K(19520K) NonClass: 16924K(17152K)->16924K(17152K) Class: 2241K(2368K)->2241K(2368K)
[2026-05-06T01:32:18.305+0100][8.859s][info][gc             ] GC(329) Pause Young (Concurrent Start) (G1 Humongous Allocation) 350M->203M(720M) 0.539ms
[2026-05-06T01:32:18.305+0100][8.859s][info][gc,cpu         ] GC(329) User=0.00s Sys=0.00s Real=0.00s
[2026-05-06T01:32:18.305+0100][8.859s][info][gc             ] GC(330) Concurrent Undo Cycle
[2026-05-06T01:32:18.305+0100][8.859s][info][gc,marking     ] GC(330) Concurrent Clear Claimed Marks
[2026-05-06T01:32:18.305+0100][8.859s][info][gc,marking     ] GC(330) Concurrent Clear Claimed Marks 0.006ms
[2026-05-06T01:32:18.305+0100][8.859s][info][gc,marking     ] GC(330) Concurrent Cleanup for Next Mark
[2026-05-06T01:32:18.305+0100][8.859s][info][gc,marking     ] GC(330) Concurrent Cleanup for Next Mark 0.031ms
[2026-05-06T01:32:18.305+0100][8.859s][info][gc             ] GC(330) Concurrent Undo Cycle 0.068ms
[2026-05-06T01:32:18.384+0100][8.938s][info][gc,start       ] GC(331) Pause Full (System.gc())
[2026-05-06T01:32:18.384+0100][8.938s][info][gc,task        ] GC(331) Using 9 workers of 9 for full compaction
[2026-05-06T01:32:18.384+0100][8.938s][info][gc,phases,start] GC(331) Phase 1: Mark live objects
[2026-05-06T01:32:18.388+0100][8.942s][info][gc,phases      ] GC(331) Phase 1: Mark live objects 3.506ms
[2026-05-06T01:32:18.388+0100][8.942s][info][gc,phases,start] GC(331) Phase 2: Prepare compaction
[2026-05-06T01:32:18.388+0100][8.942s][info][gc,phases      ] GC(331) Phase 2: Prepare compaction 0.306ms
[2026-05-06T01:32:18.388+0100][8.942s][info][gc,phases,start] GC(331) Phase 3: Adjust pointers
[2026-05-06T01:32:18.390+0100][8.944s][info][gc,phases      ] GC(331) Phase 3: Adjust pointers 1.661ms
[2026-05-06T01:32:18.390+0100][8.944s][info][gc,phases,start] GC(331) Phase 4: Compact heap
[2026-05-06T01:32:18.390+0100][8.944s][info][gc,phases      ] GC(331) Phase 4: Compact heap 0.300ms
[2026-05-06T01:32:18.390+0100][8.944s][info][gc,phases,start] GC(331) Phase 5: Reset Metadata
[2026-05-06T01:32:18.390+0100][8.944s][info][gc,phases      ] GC(331) Phase 5: Reset Metadata 0.330ms
[2026-05-06T01:32:18.391+0100][8.945s][info][gc,heap        ] GC(331) Eden regions: 1->0(216)
[2026-05-06T01:32:18.391+0100][8.945s][info][gc,heap        ] GC(331) Survivor regions: 1->0(27)
[2026-05-06T01:32:18.391+0100][8.945s][info][gc,heap        ] GC(331) Old regions: 12->12
[2026-05-06T01:32:18.391+0100][8.945s][info][gc,heap        ] GC(331) Humongous regions: 169->96
[2026-05-06T01:32:18.391+0100][8.945s][info][gc,metaspace   ] GC(331) Metaspace: 19166K(19520K)->19166K(19520K) NonClass: 16924K(17152K)->16924K(17152K) Class: 2241K(2368K)->2241K(2368K)
[2026-05-06T01:32:18.391+0100][8.945s][info][gc             ] GC(331) Pause Full (System.gc()) 350M->203M(720M) 6.732ms
[2026-05-06T01:32:18.391+0100][8.945s][info][gc,cpu         ] GC(331) User=0.02s Sys=0.01s Real=0.01s
[2026-05-06T01:32:18.452+0100][9.006s][info][gc,start       ] GC(332) Pause Young (Concurrent Start) (G1 Humongous Allocation)
[2026-05-06T01:32:18.452+0100][9.006s][info][gc,task        ] GC(332) Using 9 workers of 9 for evacuation
[2026-05-06T01:32:18.453+0100][9.007s][info][gc,phases      ] GC(332)   Pre Evacuate Collection Set: 0.1ms
[2026-05-06T01:32:18.453+0100][9.007s][info][gc,phases      ] GC(332)   Merge Heap Roots: 0.0ms
[2026-05-06T01:32:18.453+0100][9.007s][info][gc,phases      ] GC(332)   Evacuate Collection Set: 0.1ms
[2026-05-06T01:32:18.453+0100][9.007s][info][gc,phases      ] GC(332)   Post Evacuate Collection Set: 0.3ms
[2026-05-06T01:32:18.453+0100][9.007s][info][gc,phases      ] GC(332)   Other: 0.0ms
[2026-05-06T01:32:18.453+0100][9.007s][info][gc,heap        ] GC(332) Eden regions: 1->0(333)
[2026-05-06T01:32:18.453+0100][9.007s][info][gc,heap        ] GC(332) Survivor regions: 0->1(27)
[2026-05-06T01:32:18.453+0100][9.007s][info][gc,heap        ] GC(332) Old regions: 12->12
[2026-05-06T01:32:18.453+0100][9.007s][info][gc,heap        ] GC(332) Humongous regions: 96->96
[2026-05-06T01:32:18.453+0100][9.007s][info][gc,metaspace   ] GC(332) Metaspace: 19166K(19520K)->19166K(19520K) NonClass: 16924K(17152K)->16924K(17152K) Class: 2241K(2368K)->2241K(2368K)
[2026-05-06T01:32:18.453+0100][9.007s][info][gc             ] GC(332) Pause Young (Concurrent Start) (G1 Humongous Allocation) 204M->203M(1114M) 0.662ms
[2026-05-06T01:32:18.453+0100][9.007s][info][gc,cpu         ] GC(332) User=0.00s Sys=0.00s Real=0.00s
[2026-05-06T01:32:18.453+0100][9.007s][info][gc             ] GC(333) Concurrent Undo Cycle
[2026-05-06T01:32:18.453+0100][9.007s][info][gc,marking     ] GC(333) Concurrent Clear Claimed Marks
[2026-05-06T01:32:18.453+0100][9.007s][info][gc,marking     ] GC(333) Concurrent Clear Claimed Marks 0.007ms
[2026-05-06T01:32:18.453+0100][9.007s][info][gc,marking     ] GC(333) Concurrent Cleanup for Next Mark
[2026-05-06T01:32:18.453+0100][9.007s][info][gc,marking     ] GC(333) Concurrent Cleanup for Next Mark 0.024ms
[2026-05-06T01:32:18.453+0100][9.007s][info][gc             ] GC(333) Concurrent Undo Cycle 0.055ms
[2026-05-06T01:32:18.596+0100][9.150s][info][gc,start       ] GC(334) Pause Young (Concurrent Start) (G1 Humongous Allocation)
[2026-05-06T01:32:18.596+0100][9.150s][info][gc,task        ] GC(334) Using 9 workers of 9 for evacuation
[2026-05-06T01:32:18.596+0100][9.150s][info][gc,phases      ] GC(334)   Pre Evacuate Collection Set: 0.1ms
[2026-05-06T01:32:18.596+0100][9.150s][info][gc,phases      ] GC(334)   Merge Heap Roots: 0.0ms
[2026-05-06T01:32:18.596+0100][9.150s][info][gc,phases      ] GC(334)   Evacuate Collection Set: 0.2ms
[2026-05-06T01:32:18.596+0100][9.150s][info][gc,phases      ] GC(334)   Post Evacuate Collection Set: 0.1ms
[2026-05-06T01:32:18.596+0100][9.150s][info][gc,phases      ] GC(334)   Other: 0.0ms
[2026-05-06T01:32:18.596+0100][9.150s][info][gc,heap        ] GC(334) Eden regions: 1->0(333)
[2026-05-06T01:32:18.596+0100][9.150s][info][gc,heap        ] GC(334) Survivor regions: 1->1(42)
[2026-05-06T01:32:18.596+0100][9.150s][info][gc,heap        ] GC(334) Old regions: 12->12
[2026-05-06T01:32:18.596+0100][9.150s][info][gc,heap        ] GC(334) Humongous regions: 169->96
[2026-05-06T01:32:18.596+0100][9.150s][info][gc,metaspace   ] GC(334) Metaspace: 19166K(19520K)->19166K(19520K) NonClass: 16924K(17152K)->16924K(17152K) Class: 2241K(2368K)->2241K(2368K)
[2026-05-06T01:32:18.596+0100][9.150s][info][gc             ] GC(334) Pause Young (Concurrent Start) (G1 Humongous Allocation) 350M->203M(1114M) 0.620ms
[2026-05-06T01:32:18.596+0100][9.150s][info][gc,cpu         ] GC(334) User=0.00s Sys=0.00s Real=0.00s
[2026-05-06T01:32:18.596+0100][9.150s][info][gc             ] GC(335) Concurrent Undo Cycle
[2026-05-06T01:32:18.596+0100][9.150s][info][gc,marking     ] GC(335) Concurrent Clear Claimed Marks
[2026-05-06T01:32:18.596+0100][9.150s][info][gc,marking     ] GC(335) Concurrent Clear Claimed Marks 0.007ms
[2026-05-06T01:32:18.596+0100][9.150s][info][gc,marking     ] GC(335) Concurrent Cleanup for Next Mark
[2026-05-06T01:32:18.596+0100][9.150s][info][gc,marking     ] GC(335) Concurrent Cleanup for Next Mark 0.036ms
[2026-05-06T01:32:18.596+0100][9.150s][info][gc             ] GC(335) Concurrent Undo Cycle 0.073ms
[2026-05-06T01:32:18.738+0100][9.292s][info][gc,start       ] GC(336) Pause Young (Concurrent Start) (G1 Humongous Allocation)
[2026-05-06T01:32:18.738+0100][9.292s][info][gc,task        ] GC(336) Using 9 workers of 9 for evacuation
[2026-05-06T01:32:18.739+0100][9.293s][info][gc,phases      ] GC(336)   Pre Evacuate Collection Set: 0.1ms
[2026-05-06T01:32:18.739+0100][9.293s][info][gc,phases      ] GC(336)   Merge Heap Roots: 0.0ms
[2026-05-06T01:32:18.739+0100][9.293s][info][gc,phases      ] GC(336)   Evacuate Collection Set: 0.2ms
[2026-05-06T01:32:18.739+0100][9.293s][info][gc,phases      ] GC(336)   Post Evacuate Collection Set: 0.1ms
[2026-05-06T01:32:18.739+0100][9.293s][info][gc,phases      ] GC(336)   Other: 0.0ms
[2026-05-06T01:32:18.739+0100][9.293s][info][gc,heap        ] GC(336) Eden regions: 1->0(333)
[2026-05-06T01:32:18.739+0100][9.293s][info][gc,heap        ] GC(336) Survivor regions: 1->1(42)
[2026-05-06T01:32:18.739+0100][9.293s][info][gc,heap        ] GC(336) Old regions: 12->12
[2026-05-06T01:32:18.739+0100][9.293s][info][gc,heap        ] GC(336) Humongous regions: 169->96
[2026-05-06T01:32:18.739+0100][9.293s][info][gc,metaspace   ] GC(336) Metaspace: 19166K(19520K)->19166K(19520K) NonClass: 16924K(17152K)->16924K(17152K) Class: 2241K(2368K)->2241K(2368K)
[2026-05-06T01:32:18.739+0100][9.293s][info][gc             ] GC(336) Pause Young (Concurrent Start) (G1 Humongous Allocation) 350M->203M(1114M) 0.563ms
[2026-05-06T01:32:18.739+0100][9.293s][info][gc,cpu         ] GC(336) User=0.00s Sys=0.01s Real=0.00s
[2026-05-06T01:32:18.739+0100][9.293s][info][gc             ] GC(337) Concurrent Undo Cycle
[2026-05-06T01:32:18.739+0100][9.293s][info][gc,marking     ] GC(337) Concurrent Clear Claimed Marks
[2026-05-06T01:32:18.739+0100][9.293s][info][gc,marking     ] GC(337) Concurrent Clear Claimed Marks 0.010ms
[2026-05-06T01:32:18.739+0100][9.293s][info][gc,marking     ] GC(337) Concurrent Cleanup for Next Mark
[2026-05-06T01:32:18.739+0100][9.293s][info][gc,marking     ] GC(337) Concurrent Cleanup for Next Mark 0.039ms
[2026-05-06T01:32:18.739+0100][9.293s][info][gc             ] GC(337) Concurrent Undo Cycle 0.078ms
[2026-05-06T01:32:18.880+0100][9.434s][info][gc,start       ] GC(338) Pause Young (Concurrent Start) (G1 Humongous Allocation)
[2026-05-06T01:32:18.880+0100][9.434s][info][gc,task        ] GC(338) Using 9 workers of 9 for evacuation
[2026-05-06T01:32:18.880+0100][9.434s][info][gc,phases      ] GC(338)   Pre Evacuate Collection Set: 0.1ms
[2026-05-06T01:32:18.880+0100][9.434s][info][gc,phases      ] GC(338)   Merge Heap Roots: 0.0ms
[2026-05-06T01:32:18.880+0100][9.434s][info][gc,phases      ] GC(338)   Evacuate Collection Set: 0.2ms
[2026-05-06T01:32:18.880+0100][9.434s][info][gc,phases      ] GC(338)   Post Evacuate Collection Set: 0.1ms
[2026-05-06T01:32:18.880+0100][9.434s][info][gc,phases      ] GC(338)   Other: 0.0ms
[2026-05-06T01:32:18.880+0100][9.434s][info][gc,heap        ] GC(338) Eden regions: 1->0(333)
[2026-05-06T01:32:18.880+0100][9.434s][info][gc,heap        ] GC(338) Survivor regions: 1->1(42)
[2026-05-06T01:32:18.880+0100][9.434s][info][gc,heap        ] GC(338) Old regions: 12->12
[2026-05-06T01:32:18.880+0100][9.434s][info][gc,heap        ] GC(338) Humongous regions: 169->96
[2026-05-06T01:32:18.880+0100][9.434s][info][gc,metaspace   ] GC(338) Metaspace: 19166K(19520K)->19166K(19520K) NonClass: 16924K(17152K)->16924K(17152K) Class: 2241K(2368K)->2241K(2368K)
[2026-05-06T01:32:18.880+0100][9.434s][info][gc             ] GC(338) Pause Young (Concurrent Start) (G1 Humongous Allocation) 350M->203M(1114M) 0.534ms
[2026-05-06T01:32:18.880+0100][9.434s][info][gc,cpu         ] GC(338) User=0.00s Sys=0.00s Real=0.00s
[2026-05-06T01:32:18.880+0100][9.434s][info][gc             ] GC(339) Concurrent Undo Cycle
[2026-05-06T01:32:18.880+0100][9.434s][info][gc,marking     ] GC(339) Concurrent Clear Claimed Marks
[2026-05-06T01:32:18.880+0100][9.434s][info][gc,marking     ] GC(339) Concurrent Clear Claimed Marks 0.007ms
[2026-05-06T01:32:18.880+0100][9.434s][info][gc,marking     ] GC(339) Concurrent Cleanup for Next Mark
[2026-05-06T01:32:18.880+0100][9.434s][info][gc,marking     ] GC(339) Concurrent Cleanup for Next Mark 0.039ms
[2026-05-06T01:32:18.880+0100][9.434s][info][gc             ] GC(339) Concurrent Undo Cycle 0.070ms
[2026-05-06T01:32:19.021+0100][9.575s][info][gc,start       ] GC(340) Pause Young (Concurrent Start) (G1 Humongous Allocation)
[2026-05-06T01:32:19.021+0100][9.575s][info][gc,task        ] GC(340) Using 9 workers of 9 for evacuation
[2026-05-06T01:32:19.021+0100][9.575s][info][gc,phases      ] GC(340)   Pre Evacuate Collection Set: 0.1ms
[2026-05-06T01:32:19.021+0100][9.575s][info][gc,phases      ] GC(340)   Merge Heap Roots: 0.0ms
[2026-05-06T01:32:19.021+0100][9.575s][info][gc,phases      ] GC(340)   Evacuate Collection Set: 0.2ms
[2026-05-06T01:32:19.021+0100][9.575s][info][gc,phases      ] GC(340)   Post Evacuate Collection Set: 0.1ms
[2026-05-06T01:32:19.021+0100][9.575s][info][gc,phases      ] GC(340)   Other: 0.0ms
[2026-05-06T01:32:19.021+0100][9.575s][info][gc,heap        ] GC(340) Eden regions: 1->0(333)
[2026-05-06T01:32:19.021+0100][9.575s][info][gc,heap        ] GC(340) Survivor regions: 1->1(42)
[2026-05-06T01:32:19.021+0100][9.575s][info][gc,heap        ] GC(340) Old regions: 12->12
[2026-05-06T01:32:19.021+0100][9.575s][info][gc,heap        ] GC(340) Humongous regions: 169->96
[2026-05-06T01:32:19.021+0100][9.575s][info][gc,metaspace   ] GC(340) Metaspace: 19166K(19520K)->19166K(19520K) NonClass: 16924K(17152K)->16924K(17152K) Class: 2241K(2368K)->2241K(2368K)
[2026-05-06T01:32:19.021+0100][9.575s][info][gc             ] GC(340) Pause Young (Concurrent Start) (G1 Humongous Allocation) 350M->203M(1114M) 0.560ms
[2026-05-06T01:32:19.021+0100][9.575s][info][gc,cpu         ] GC(340) User=0.00s Sys=0.00s Real=0.00s
[2026-05-06T01:32:19.021+0100][9.575s][info][gc             ] GC(341) Concurrent Undo Cycle
[2026-05-06T01:32:19.021+0100][9.575s][info][gc,marking     ] GC(341) Concurrent Clear Claimed Marks
[2026-05-06T01:32:19.021+0100][9.575s][info][gc,marking     ] GC(341) Concurrent Clear Claimed Marks 0.007ms
[2026-05-06T01:32:19.021+0100][9.575s][info][gc,marking     ] GC(341) Concurrent Cleanup for Next Mark
[2026-05-06T01:32:19.022+0100][9.575s][info][gc,marking     ] GC(341) Concurrent Cleanup for Next Mark 0.052ms
[2026-05-06T01:32:19.022+0100][9.575s][info][gc             ] GC(341) Concurrent Undo Cycle 0.087ms
[2026-05-06T01:32:19.163+0100][9.717s][info][gc,start       ] GC(342) Pause Young (Concurrent Start) (G1 Humongous Allocation)
[2026-05-06T01:32:19.163+0100][9.717s][info][gc,task        ] GC(342) Using 9 workers of 9 for evacuation
[2026-05-06T01:32:19.163+0100][9.717s][info][gc,phases      ] GC(342)   Pre Evacuate Collection Set: 0.1ms
[2026-05-06T01:32:19.163+0100][9.717s][info][gc,phases      ] GC(342)   Merge Heap Roots: 0.0ms
[2026-05-06T01:32:19.163+0100][9.717s][info][gc,phases      ] GC(342)   Evacuate Collection Set: 0.2ms
[2026-05-06T01:32:19.163+0100][9.717s][info][gc,phases      ] GC(342)   Post Evacuate Collection Set: 0.1ms
[2026-05-06T01:32:19.163+0100][9.717s][info][gc,phases      ] GC(342)   Other: 0.0ms
[2026-05-06T01:32:19.163+0100][9.717s][info][gc,heap        ] GC(342) Eden regions: 1->0(333)
[2026-05-06T01:32:19.163+0100][9.717s][info][gc,heap        ] GC(342) Survivor regions: 1->1(42)
[2026-05-06T01:32:19.163+0100][9.717s][info][gc,heap        ] GC(342) Old regions: 12->12
[2026-05-06T01:32:19.163+0100][9.717s][info][gc,heap        ] GC(342) Humongous regions: 169->96
[2026-05-06T01:32:19.163+0100][9.717s][info][gc,metaspace   ] GC(342) Metaspace: 19166K(19520K)->19166K(19520K) NonClass: 16924K(17152K)->16924K(17152K) Class: 2241K(2368K)->2241K(2368K)
[2026-05-06T01:32:19.163+0100][9.717s][info][gc             ] GC(342) Pause Young (Concurrent Start) (G1 Humongous Allocation) 350M->203M(1114M) 0.508ms
[2026-05-06T01:32:19.163+0100][9.717s][info][gc,cpu         ] GC(342) User=0.00s Sys=0.00s Real=0.00s
[2026-05-06T01:32:19.163+0100][9.717s][info][gc             ] GC(343) Concurrent Undo Cycle
[2026-05-06T01:32:19.163+0100][9.717s][info][gc,marking     ] GC(343) Concurrent Clear Claimed Marks
[2026-05-06T01:32:19.163+0100][9.717s][info][gc,marking     ] GC(343) Concurrent Clear Claimed Marks 0.008ms
[2026-05-06T01:32:19.163+0100][9.717s][info][gc,marking     ] GC(343) Concurrent Cleanup for Next Mark
[2026-05-06T01:32:19.164+0100][9.717s][info][gc,marking     ] GC(343) Concurrent Cleanup for Next Mark 0.037ms
[2026-05-06T01:32:19.164+0100][9.717s][info][gc             ] GC(343) Concurrent Undo Cycle 0.078ms
[2026-05-06T01:32:19.304+0100][9.858s][info][gc,start       ] GC(344) Pause Young (Concurrent Start) (G1 Humongous Allocation)
[2026-05-06T01:32:19.304+0100][9.858s][info][gc,task        ] GC(344) Using 9 workers of 9 for evacuation
[2026-05-06T01:32:19.305+0100][9.859s][info][gc,phases      ] GC(344)   Pre Evacuate Collection Set: 0.1ms
[2026-05-06T01:32:19.305+0100][9.859s][info][gc,phases      ] GC(344)   Merge Heap Roots: 0.0ms
[2026-05-06T01:32:19.305+0100][9.859s][info][gc,phases      ] GC(344)   Evacuate Collection Set: 0.2ms
[2026-05-06T01:32:19.305+0100][9.859s][info][gc,phases      ] GC(344)   Post Evacuate Collection Set: 0.1ms
[2026-05-06T01:32:19.305+0100][9.859s][info][gc,phases      ] GC(344)   Other: 0.0ms
[2026-05-06T01:32:19.305+0100][9.859s][info][gc,heap        ] GC(344) Eden regions: 1->0(333)
[2026-05-06T01:32:19.305+0100][9.859s][info][gc,heap        ] GC(344) Survivor regions: 1->1(42)
[2026-05-06T01:32:19.305+0100][9.859s][info][gc,heap        ] GC(344) Old regions: 12->12
[2026-05-06T01:32:19.305+0100][9.859s][info][gc,heap        ] GC(344) Humongous regions: 169->96
[2026-05-06T01:32:19.305+0100][9.859s][info][gc,metaspace   ] GC(344) Metaspace: 19166K(19520K)->19166K(19520K) NonClass: 16924K(17152K)->16924K(17152K) Class: 2241K(2368K)->2241K(2368K)
[2026-05-06T01:32:19.305+0100][9.859s][info][gc             ] GC(344) Pause Young (Concurrent Start) (G1 Humongous Allocation) 350M->203M(1114M) 0.532ms
[2026-05-06T01:32:19.305+0100][9.859s][info][gc,cpu         ] GC(344) User=0.00s Sys=0.00s Real=0.00s
[2026-05-06T01:32:19.305+0100][9.859s][info][gc             ] GC(345) Concurrent Undo Cycle
[2026-05-06T01:32:19.305+0100][9.859s][info][gc,marking     ] GC(345) Concurrent Clear Claimed Marks
[2026-05-06T01:32:19.305+0100][9.859s][info][gc,marking     ] GC(345) Concurrent Clear Claimed Marks 0.007ms
[2026-05-06T01:32:19.305+0100][9.859s][info][gc,marking     ] GC(345) Concurrent Cleanup for Next Mark
[2026-05-06T01:32:19.305+0100][9.859s][info][gc,marking     ] GC(345) Concurrent Cleanup for Next Mark 0.035ms
[2026-05-06T01:32:19.305+0100][9.859s][info][gc             ] GC(345) Concurrent Undo Cycle 0.067ms
[2026-05-06T01:32:19.446+0100][10.000s][info][gc,start       ] GC(346) Pause Young (Concurrent Start) (G1 Humongous Allocation)
[2026-05-06T01:32:19.446+0100][10.000s][info][gc,task        ] GC(346) Using 9 workers of 9 for evacuation
[2026-05-06T01:32:19.446+0100][10.000s][info][gc,phases      ] GC(346)   Pre Evacuate Collection Set: 0.1ms
[2026-05-06T01:32:19.446+0100][10.000s][info][gc,phases      ] GC(346)   Merge Heap Roots: 0.0ms
[2026-05-06T01:32:19.446+0100][10.000s][info][gc,phases      ] GC(346)   Evacuate Collection Set: 0.2ms
[2026-05-06T01:32:19.446+0100][10.000s][info][gc,phases      ] GC(346)   Post Evacuate Collection Set: 0.2ms
[2026-05-06T01:32:19.446+0100][10.000s][info][gc,phases      ] GC(346)   Other: 0.0ms
[2026-05-06T01:32:19.446+0100][10.000s][info][gc,heap        ] GC(346) Eden regions: 1->0(333)
[2026-05-06T01:32:19.446+0100][10.000s][info][gc,heap        ] GC(346) Survivor regions: 1->1(42)
[2026-05-06T01:32:19.446+0100][10.000s][info][gc,heap        ] GC(346) Old regions: 12->12
[2026-05-06T01:32:19.446+0100][10.000s][info][gc,heap        ] GC(346) Humongous regions: 169->96
[2026-05-06T01:32:19.446+0100][10.000s][info][gc,metaspace   ] GC(346) Metaspace: 19166K(19520K)->19166K(19520K) NonClass: 16924K(17152K)->16924K(17152K) Class: 2241K(2368K)->2241K(2368K)
[2026-05-06T01:32:19.446+0100][10.000s][info][gc             ] GC(346) Pause Young (Concurrent Start) (G1 Humongous Allocation) 350M->203M(1114M) 0.619ms
[2026-05-06T01:32:19.446+0100][10.000s][info][gc,cpu         ] GC(346) User=0.01s Sys=0.00s Real=0.00s
[2026-05-06T01:32:19.446+0100][10.000s][info][gc             ] GC(347) Concurrent Undo Cycle
[2026-05-06T01:32:19.446+0100][10.000s][info][gc,marking     ] GC(347) Concurrent Clear Claimed Marks
[2026-05-06T01:32:19.446+0100][10.000s][info][gc,marking     ] GC(347) Concurrent Clear Claimed Marks 0.007ms
[2026-05-06T01:32:19.446+0100][10.000s][info][gc,marking     ] GC(347) Concurrent Cleanup for Next Mark
[2026-05-06T01:32:19.446+0100][10.000s][info][gc,marking     ] GC(347) Concurrent Cleanup for Next Mark 0.039ms
[2026-05-06T01:32:19.446+0100][10.000s][info][gc             ] GC(347) Concurrent Undo Cycle 0.073ms
[2026-05-06T01:32:19.589+0100][10.143s][info][gc,start       ] GC(348) Pause Young (Concurrent Start) (G1 Humongous Allocation)
[2026-05-06T01:32:19.589+0100][10.143s][info][gc,task        ] GC(348) Using 9 workers of 9 for evacuation
[2026-05-06T01:32:19.589+0100][10.143s][info][gc,phases      ] GC(348)   Pre Evacuate Collection Set: 0.1ms
[2026-05-06T01:32:19.589+0100][10.143s][info][gc,phases      ] GC(348)   Merge Heap Roots: 0.0ms
[2026-05-06T01:32:19.589+0100][10.143s][info][gc,phases      ] GC(348)   Evacuate Collection Set: 0.2ms
[2026-05-06T01:32:19.589+0100][10.143s][info][gc,phases      ] GC(348)   Post Evacuate Collection Set: 0.1ms
[2026-05-06T01:32:19.589+0100][10.143s][info][gc,phases      ] GC(348)   Other: 0.0ms
[2026-05-06T01:32:19.589+0100][10.143s][info][gc,heap        ] GC(348) Eden regions: 1->0(333)
[2026-05-06T01:32:19.589+0100][10.143s][info][gc,heap        ] GC(348) Survivor regions: 1->1(42)
[2026-05-06T01:32:19.589+0100][10.143s][info][gc,heap        ] GC(348) Old regions: 12->12
[2026-05-06T01:32:19.589+0100][10.143s][info][gc,heap        ] GC(348) Humongous regions: 169->96
[2026-05-06T01:32:19.589+0100][10.143s][info][gc,metaspace   ] GC(348) Metaspace: 19166K(19520K)->19166K(19520K) NonClass: 16924K(17152K)->16924K(17152K) Class: 2241K(2368K)->2241K(2368K)
[2026-05-06T01:32:19.589+0100][10.143s][info][gc             ] GC(348) Pause Young (Concurrent Start) (G1 Humongous Allocation) 350M->203M(1114M) 0.524ms
[2026-05-06T01:32:19.589+0100][10.143s][info][gc,cpu         ] GC(348) User=0.00s Sys=0.00s Real=0.00s
[2026-05-06T01:32:19.589+0100][10.143s][info][gc             ] GC(349) Concurrent Undo Cycle
[2026-05-06T01:32:19.589+0100][10.143s][info][gc,marking     ] GC(349) Concurrent Clear Claimed Marks
[2026-05-06T01:32:19.589+0100][10.143s][info][gc,marking     ] GC(349) Concurrent Clear Claimed Marks 0.007ms
[2026-05-06T01:32:19.589+0100][10.143s][info][gc,marking     ] GC(349) Concurrent Cleanup for Next Mark
[2026-05-06T01:32:19.589+0100][10.143s][info][gc,marking     ] GC(349) Concurrent Cleanup for Next Mark 0.044ms
[2026-05-06T01:32:19.589+0100][10.143s][info][gc             ] GC(349) Concurrent Undo Cycle 0.079ms
[2026-05-06T01:32:19.731+0100][10.285s][info][gc,start       ] GC(350) Pause Young (Concurrent Start) (G1 Humongous Allocation)
[2026-05-06T01:32:19.731+0100][10.285s][info][gc,task        ] GC(350) Using 9 workers of 9 for evacuation
[2026-05-06T01:32:19.732+0100][10.286s][info][gc,phases      ] GC(350)   Pre Evacuate Collection Set: 0.1ms
[2026-05-06T01:32:19.732+0100][10.286s][info][gc,phases      ] GC(350)   Merge Heap Roots: 0.0ms
[2026-05-06T01:32:19.732+0100][10.286s][info][gc,phases      ] GC(350)   Evacuate Collection Set: 0.1ms
[2026-05-06T01:32:19.732+0100][10.286s][info][gc,phases      ] GC(350)   Post Evacuate Collection Set: 0.1ms
[2026-05-06T01:32:19.732+0100][10.286s][info][gc,phases      ] GC(350)   Other: 0.0ms
[2026-05-06T01:32:19.732+0100][10.286s][info][gc,heap        ] GC(350) Eden regions: 1->0(333)
[2026-05-06T01:32:19.732+0100][10.286s][info][gc,heap        ] GC(350) Survivor regions: 1->1(42)
[2026-05-06T01:32:19.732+0100][10.286s][info][gc,heap        ] GC(350) Old regions: 12->12
[2026-05-06T01:32:19.732+0100][10.286s][info][gc,heap        ] GC(350) Humongous regions: 169->96
[2026-05-06T01:32:19.732+0100][10.286s][info][gc,metaspace   ] GC(350) Metaspace: 19166K(19520K)->19166K(19520K) NonClass: 16924K(17152K)->16924K(17152K) Class: 2241K(2368K)->2241K(2368K)
[2026-05-06T01:32:19.732+0100][10.286s][info][gc             ] GC(350) Pause Young (Concurrent Start) (G1 Humongous Allocation) 350M->203M(1114M) 0.512ms
[2026-05-06T01:32:19.732+0100][10.286s][info][gc,cpu         ] GC(350) User=0.00s Sys=0.00s Real=0.00s
[2026-05-06T01:32:19.732+0100][10.286s][info][gc             ] GC(351) Concurrent Undo Cycle
[2026-05-06T01:32:19.732+0100][10.286s][info][gc,marking     ] GC(351) Concurrent Clear Claimed Marks
[2026-05-06T01:32:19.732+0100][10.286s][info][gc,marking     ] GC(351) Concurrent Clear Claimed Marks 0.006ms
[2026-05-06T01:32:19.732+0100][10.286s][info][gc,marking     ] GC(351) Concurrent Cleanup for Next Mark
[2026-05-06T01:32:19.732+0100][10.286s][info][gc,marking     ] GC(351) Concurrent Cleanup for Next Mark 0.048ms
[2026-05-06T01:32:19.732+0100][10.286s][info][gc             ] GC(351) Concurrent Undo Cycle 0.079ms
[2026-05-06T01:32:19.875+0100][10.428s][info][gc,start       ] GC(352) Pause Young (Concurrent Start) (G1 Humongous Allocation)
[2026-05-06T01:32:19.875+0100][10.428s][info][gc,task        ] GC(352) Using 9 workers of 9 for evacuation
[2026-05-06T01:32:19.875+0100][10.429s][info][gc,phases      ] GC(352)   Pre Evacuate Collection Set: 0.1ms
[2026-05-06T01:32:19.875+0100][10.429s][info][gc,phases      ] GC(352)   Merge Heap Roots: 0.0ms
[2026-05-06T01:32:19.875+0100][10.429s][info][gc,phases      ] GC(352)   Evacuate Collection Set: 0.2ms
[2026-05-06T01:32:19.875+0100][10.429s][info][gc,phases      ] GC(352)   Post Evacuate Collection Set: 0.1ms
[2026-05-06T01:32:19.875+0100][10.429s][info][gc,phases      ] GC(352)   Other: 0.0ms
[2026-05-06T01:32:19.875+0100][10.429s][info][gc,heap        ] GC(352) Eden regions: 1->0(333)
[2026-05-06T01:32:19.875+0100][10.429s][info][gc,heap        ] GC(352) Survivor regions: 1->1(42)
[2026-05-06T01:32:19.875+0100][10.429s][info][gc,heap        ] GC(352) Old regions: 12->12
[2026-05-06T01:32:19.875+0100][10.429s][info][gc,heap        ] GC(352) Humongous regions: 169->96
[2026-05-06T01:32:19.875+0100][10.429s][info][gc,metaspace   ] GC(352) Metaspace: 19167K(19520K)->19167K(19520K) NonClass: 16925K(17152K)->16925K(17152K) Class: 2241K(2368K)->2241K(2368K)
[2026-05-06T01:32:19.875+0100][10.429s][info][gc             ] GC(352) Pause Young (Concurrent Start) (G1 Humongous Allocation) 350M->203M(1114M) 0.581ms
[2026-05-06T01:32:19.875+0100][10.429s][info][gc,cpu         ] GC(352) User=0.00s Sys=0.00s Real=0.00s
[2026-05-06T01:32:19.875+0100][10.429s][info][gc             ] GC(353) Concurrent Undo Cycle
[2026-05-06T01:32:19.875+0100][10.429s][info][gc,marking     ] GC(353) Concurrent Clear Claimed Marks
[2026-05-06T01:32:19.875+0100][10.429s][info][gc,marking     ] GC(353) Concurrent Clear Claimed Marks 0.007ms
[2026-05-06T01:32:19.875+0100][10.429s][info][gc,marking     ] GC(353) Concurrent Cleanup for Next Mark
[2026-05-06T01:32:19.875+0100][10.429s][info][gc,marking     ] GC(353) Concurrent Cleanup for Next Mark 0.028ms
[2026-05-06T01:32:19.875+0100][10.429s][info][gc             ] GC(353) Concurrent Undo Cycle 0.065ms
[2026-05-06T01:32:20.029+0100][10.583s][info][gc,start       ] GC(354) Pause Young (Concurrent Start) (G1 Humongous Allocation)
[2026-05-06T01:32:20.029+0100][10.583s][info][gc,task        ] GC(354) Using 9 workers of 9 for evacuation
[2026-05-06T01:32:20.030+0100][10.583s][info][gc,phases      ] GC(354)   Pre Evacuate Collection Set: 0.1ms
[2026-05-06T01:32:20.030+0100][10.583s][info][gc,phases      ] GC(354)   Merge Heap Roots: 0.0ms
[2026-05-06T01:32:20.030+0100][10.583s][info][gc,phases      ] GC(354)   Evacuate Collection Set: 0.1ms
[2026-05-06T01:32:20.030+0100][10.583s][info][gc,phases      ] GC(354)   Post Evacuate Collection Set: 0.1ms
[2026-05-06T01:32:20.030+0100][10.583s][info][gc,phases      ] GC(354)   Other: 0.0ms
[2026-05-06T01:32:20.030+0100][10.583s][info][gc,heap        ] GC(354) Eden regions: 1->0(333)
[2026-05-06T01:32:20.030+0100][10.583s][info][gc,heap        ] GC(354) Survivor regions: 1->1(42)
[2026-05-06T01:32:20.030+0100][10.583s][info][gc,heap        ] GC(354) Old regions: 12->12
[2026-05-06T01:32:20.030+0100][10.583s][info][gc,heap        ] GC(354) Humongous regions: 169->96
[2026-05-06T01:32:20.030+0100][10.583s][info][gc,metaspace   ] GC(354) Metaspace: 19167K(19520K)->19167K(19520K) NonClass: 16925K(17152K)->16925K(17152K) Class: 2241K(2368K)->2241K(2368K)
[2026-05-06T01:32:20.030+0100][10.583s][info][gc             ] GC(354) Pause Young (Concurrent Start) (G1 Humongous Allocation) 350M->203M(1114M) 0.548ms
[2026-05-06T01:32:20.030+0100][10.583s][info][gc,cpu         ] GC(354) User=0.01s Sys=0.00s Real=0.01s
[2026-05-06T01:32:20.030+0100][10.583s][info][gc             ] GC(355) Concurrent Undo Cycle
[2026-05-06T01:32:20.030+0100][10.584s][info][gc,marking     ] GC(355) Concurrent Clear Claimed Marks
[2026-05-06T01:32:20.030+0100][10.584s][info][gc,marking     ] GC(355) Concurrent Clear Claimed Marks 0.007ms
[2026-05-06T01:32:20.030+0100][10.584s][info][gc,marking     ] GC(355) Concurrent Cleanup for Next Mark
[2026-05-06T01:32:20.030+0100][10.584s][info][gc,marking     ] GC(355) Concurrent Cleanup for Next Mark 0.027ms
[2026-05-06T01:32:20.030+0100][10.584s][info][gc             ] GC(355) Concurrent Undo Cycle 0.058ms
[2026-05-06T01:32:20.183+0100][10.737s][info][gc,start       ] GC(356) Pause Young (Concurrent Start) (G1 Humongous Allocation)
[2026-05-06T01:32:20.184+0100][10.737s][info][gc,task        ] GC(356) Using 9 workers of 9 for evacuation
[2026-05-06T01:32:20.184+0100][10.738s][info][gc,phases      ] GC(356)   Pre Evacuate Collection Set: 0.1ms
[2026-05-06T01:32:20.184+0100][10.738s][info][gc,phases      ] GC(356)   Merge Heap Roots: 0.0ms
[2026-05-06T01:32:20.184+0100][10.738s][info][gc,phases      ] GC(356)   Evacuate Collection Set: 0.1ms
[2026-05-06T01:32:20.184+0100][10.738s][info][gc,phases      ] GC(356)   Post Evacuate Collection Set: 0.1ms
[2026-05-06T01:32:20.184+0100][10.738s][info][gc,phases      ] GC(356)   Other: 0.0ms
[2026-05-06T01:32:20.184+0100][10.738s][info][gc,heap        ] GC(356) Eden regions: 1->0(333)
[2026-05-06T01:32:20.184+0100][10.738s][info][gc,heap        ] GC(356) Survivor regions: 1->1(42)
[2026-05-06T01:32:20.184+0100][10.738s][info][gc,heap        ] GC(356) Old regions: 12->12
[2026-05-06T01:32:20.184+0100][10.738s][info][gc,heap        ] GC(356) Humongous regions: 169->96
[2026-05-06T01:32:20.184+0100][10.738s][info][gc,metaspace   ] GC(356) Metaspace: 19167K(19520K)->19167K(19520K) NonClass: 16925K(17152K)->16925K(17152K) Class: 2241K(2368K)->2241K(2368K)
[2026-05-06T01:32:20.184+0100][10.738s][info][gc             ] GC(356) Pause Young (Concurrent Start) (G1 Humongous Allocation) 350M->203M(1114M) 0.485ms
[2026-05-06T01:32:20.184+0100][10.738s][info][gc,cpu         ] GC(356) User=0.00s Sys=0.00s Real=0.00s
[2026-05-06T01:32:20.184+0100][10.738s][info][gc             ] GC(357) Concurrent Undo Cycle
[2026-05-06T01:32:20.184+0100][10.738s][info][gc,marking     ] GC(357) Concurrent Clear Claimed Marks
[2026-05-06T01:32:20.184+0100][10.738s][info][gc,marking     ] GC(357) Concurrent Clear Claimed Marks 0.008ms
[2026-05-06T01:32:20.184+0100][10.738s][info][gc,marking     ] GC(357) Concurrent Cleanup for Next Mark
[2026-05-06T01:32:20.184+0100][10.738s][info][gc,marking     ] GC(357) Concurrent Cleanup for Next Mark 0.043ms
[2026-05-06T01:32:20.184+0100][10.738s][info][gc             ] GC(357) Concurrent Undo Cycle 0.080ms
[2026-05-06T01:32:20.276+0100][10.829s][info][gc,start       ] GC(358) Pause Full (System.gc())
[2026-05-06T01:32:20.276+0100][10.829s][info][gc,task        ] GC(358) Using 9 workers of 9 for full compaction
[2026-05-06T01:32:20.276+0100][10.830s][info][gc,phases,start] GC(358) Phase 1: Mark live objects
[2026-05-06T01:32:20.278+0100][10.832s][info][gc,phases      ] GC(358) Phase 1: Mark live objects 2.530ms
[2026-05-06T01:32:20.278+0100][10.832s][info][gc,phases,start] GC(358) Phase 2: Prepare compaction
[2026-05-06T01:32:20.279+0100][10.832s][info][gc,phases      ] GC(358) Phase 2: Prepare compaction 0.323ms
[2026-05-06T01:32:20.279+0100][10.832s][info][gc,phases,start] GC(358) Phase 3: Adjust pointers
[2026-05-06T01:32:20.280+0100][10.834s][info][gc,phases      ] GC(358) Phase 3: Adjust pointers 1.853ms
[2026-05-06T01:32:20.280+0100][10.834s][info][gc,phases,start] GC(358) Phase 4: Compact heap
[2026-05-06T01:32:20.281+0100][10.835s][info][gc,phases      ] GC(358) Phase 4: Compact heap 0.266ms
[2026-05-06T01:32:20.281+0100][10.835s][info][gc,phases,start] GC(358) Phase 5: Reset Metadata
[2026-05-06T01:32:20.281+0100][10.835s][info][gc,phases      ] GC(358) Phase 5: Reset Metadata 0.362ms
[2026-05-06T01:32:20.282+0100][10.836s][info][gc,heap        ] GC(358) Eden regions: 1->0(216)
[2026-05-06T01:32:20.282+0100][10.836s][info][gc,heap        ] GC(358) Survivor regions: 1->0(42)
[2026-05-06T01:32:20.282+0100][10.836s][info][gc,heap        ] GC(358) Old regions: 12->12
[2026-05-06T01:32:20.282+0100][10.836s][info][gc,heap        ] GC(358) Humongous regions: 169->96
[2026-05-06T01:32:20.282+0100][10.836s][info][gc,metaspace   ] GC(358) Metaspace: 19167K(19520K)->19167K(19520K) NonClass: 16925K(17152K)->16925K(17152K) Class: 2241K(2368K)->2241K(2368K)
[2026-05-06T01:32:20.282+0100][10.836s][info][gc             ] GC(358) Pause Full (System.gc()) 350M->203M(720M) 6.437ms
[2026-05-06T01:32:20.282+0100][10.836s][info][gc,cpu         ] GC(358) User=0.02s Sys=0.01s Real=0.01s
[2026-05-06T01:32:20.344+0100][10.898s][info][gc,start       ] GC(359) Pause Young (Concurrent Start) (G1 Humongous Allocation)
[2026-05-06T01:32:20.344+0100][10.898s][info][gc,task        ] GC(359) Using 9 workers of 9 for evacuation
[2026-05-06T01:32:20.345+0100][10.899s][info][gc,phases      ] GC(359)   Pre Evacuate Collection Set: 0.1ms
[2026-05-06T01:32:20.345+0100][10.899s][info][gc,phases      ] GC(359)   Merge Heap Roots: 0.0ms
[2026-05-06T01:32:20.345+0100][10.899s][info][gc,phases      ] GC(359)   Evacuate Collection Set: 0.1ms
[2026-05-06T01:32:20.345+0100][10.899s][info][gc,phases      ] GC(359)   Post Evacuate Collection Set: 0.1ms
[2026-05-06T01:32:20.345+0100][10.899s][info][gc,phases      ] GC(359)   Other: 0.0ms
[2026-05-06T01:32:20.345+0100][10.899s][info][gc,heap        ] GC(359) Eden regions: 1->0(215)
[2026-05-06T01:32:20.345+0100][10.899s][info][gc,heap        ] GC(359) Survivor regions: 0->1(27)
[2026-05-06T01:32:20.345+0100][10.899s][info][gc,heap        ] GC(359) Old regions: 12->12
[2026-05-06T01:32:20.345+0100][10.899s][info][gc,heap        ] GC(359) Humongous regions: 96->96
[2026-05-06T01:32:20.345+0100][10.899s][info][gc,metaspace   ] GC(359) Metaspace: 19167K(19520K)->19167K(19520K) NonClass: 16925K(17152K)->16925K(17152K) Class: 2241K(2368K)->2241K(2368K)
[2026-05-06T01:32:20.345+0100][10.899s][info][gc             ] GC(359) Pause Young (Concurrent Start) (G1 Humongous Allocation) 204M->203M(720M) 0.492ms
[2026-05-06T01:32:20.345+0100][10.899s][info][gc,cpu         ] GC(359) User=0.00s Sys=0.00s Real=0.00s
[2026-05-06T01:32:20.345+0100][10.899s][info][gc             ] GC(360) Concurrent Undo Cycle
[2026-05-06T01:32:20.345+0100][10.899s][info][gc,marking     ] GC(360) Concurrent Clear Claimed Marks
[2026-05-06T01:32:20.345+0100][10.899s][info][gc,marking     ] GC(360) Concurrent Clear Claimed Marks 0.006ms
[2026-05-06T01:32:20.345+0100][10.899s][info][gc,marking     ] GC(360) Concurrent Cleanup for Next Mark
[2026-05-06T01:32:20.345+0100][10.899s][info][gc,marking     ] GC(360) Concurrent Cleanup for Next Mark 0.032ms
[2026-05-06T01:32:20.345+0100][10.899s][info][gc             ] GC(360) Concurrent Undo Cycle 0.062ms
[2026-05-06T01:32:20.499+0100][11.053s][info][gc,start       ] GC(361) Pause Young (Concurrent Start) (G1 Humongous Allocation)
[2026-05-06T01:32:20.499+0100][11.053s][info][gc,task        ] GC(361) Using 9 workers of 9 for evacuation
[2026-05-06T01:32:20.499+0100][11.053s][info][gc,phases      ] GC(361)   Pre Evacuate Collection Set: 0.1ms
[2026-05-06T01:32:20.499+0100][11.053s][info][gc,phases      ] GC(361)   Merge Heap Roots: 0.0ms
[2026-05-06T01:32:20.499+0100][11.053s][info][gc,phases      ] GC(361)   Evacuate Collection Set: 0.2ms
[2026-05-06T01:32:20.499+0100][11.053s][info][gc,phases      ] GC(361)   Post Evacuate Collection Set: 0.1ms
[2026-05-06T01:32:20.499+0100][11.053s][info][gc,phases      ] GC(361)   Other: 0.0ms
[2026-05-06T01:32:20.499+0100][11.053s][info][gc,heap        ] GC(361) Eden regions: 1->0(215)
[2026-05-06T01:32:20.499+0100][11.053s][info][gc,heap        ] GC(361) Survivor regions: 1->1(27)
[2026-05-06T01:32:20.499+0100][11.053s][info][gc,heap        ] GC(361) Old regions: 12->12
[2026-05-06T01:32:20.499+0100][11.053s][info][gc,heap        ] GC(361) Humongous regions: 169->96
[2026-05-06T01:32:20.499+0100][11.053s][info][gc,metaspace   ] GC(361) Metaspace: 19167K(19520K)->19167K(19520K) NonClass: 16925K(17152K)->16925K(17152K) Class: 2241K(2368K)->2241K(2368K)
[2026-05-06T01:32:20.499+0100][11.053s][info][gc             ] GC(361) Pause Young (Concurrent Start) (G1 Humongous Allocation) 350M->203M(720M) 0.547ms
[2026-05-06T01:32:20.499+0100][11.053s][info][gc,cpu         ] GC(361) User=0.00s Sys=0.00s Real=0.00s
[2026-05-06T01:32:20.499+0100][11.053s][info][gc             ] GC(362) Concurrent Undo Cycle
[2026-05-06T01:32:20.499+0100][11.053s][info][gc,marking     ] GC(362) Concurrent Clear Claimed Marks
[2026-05-06T01:32:20.499+0100][11.053s][info][gc,marking     ] GC(362) Concurrent Clear Claimed Marks 0.011ms
[2026-05-06T01:32:20.499+0100][11.053s][info][gc,marking     ] GC(362) Concurrent Cleanup for Next Mark
[2026-05-06T01:32:20.500+0100][11.053s][info][gc,marking     ] GC(362) Concurrent Cleanup for Next Mark 0.025ms
[2026-05-06T01:32:20.500+0100][11.053s][info][gc             ] GC(362) Concurrent Undo Cycle 0.063ms
[2026-05-06T01:32:20.655+0100][11.209s][info][gc,start       ] GC(363) Pause Young (Concurrent Start) (G1 Humongous Allocation)
[2026-05-06T01:32:20.655+0100][11.209s][info][gc,task        ] GC(363) Using 9 workers of 9 for evacuation
[2026-05-06T01:32:20.656+0100][11.210s][info][gc,phases      ] GC(363)   Pre Evacuate Collection Set: 0.1ms
[2026-05-06T01:32:20.656+0100][11.210s][info][gc,phases      ] GC(363)   Merge Heap Roots: 0.0ms
[2026-05-06T01:32:20.656+0100][11.210s][info][gc,phases      ] GC(363)   Evacuate Collection Set: 0.2ms
[2026-05-06T01:32:20.656+0100][11.210s][info][gc,phases      ] GC(363)   Post Evacuate Collection Set: 0.1ms
[2026-05-06T01:32:20.656+0100][11.210s][info][gc,phases      ] GC(363)   Other: 0.0ms
[2026-05-06T01:32:20.656+0100][11.210s][info][gc,heap        ] GC(363) Eden regions: 1->0(215)
[2026-05-06T01:32:20.656+0100][11.210s][info][gc,heap        ] GC(363) Survivor regions: 1->1(27)
[2026-05-06T01:32:20.656+0100][11.210s][info][gc,heap        ] GC(363) Old regions: 12->12
[2026-05-06T01:32:20.656+0100][11.210s][info][gc,heap        ] GC(363) Humongous regions: 169->96
[2026-05-06T01:32:20.656+0100][11.210s][info][gc,metaspace   ] GC(363) Metaspace: 19167K(19520K)->19167K(19520K) NonClass: 16925K(17152K)->16925K(17152K) Class: 2241K(2368K)->2241K(2368K)
[2026-05-06T01:32:20.656+0100][11.210s][info][gc             ] GC(363) Pause Young (Concurrent Start) (G1 Humongous Allocation) 350M->203M(720M) 0.536ms
[2026-05-06T01:32:20.656+0100][11.210s][info][gc,cpu         ] GC(363) User=0.00s Sys=0.00s Real=0.00s
[2026-05-06T01:32:20.656+0100][11.210s][info][gc             ] GC(364) Concurrent Undo Cycle
[2026-05-06T01:32:20.656+0100][11.210s][info][gc,marking     ] GC(364) Concurrent Clear Claimed Marks
[2026-05-06T01:32:20.656+0100][11.210s][info][gc,marking     ] GC(364) Concurrent Clear Claimed Marks 0.007ms
[2026-05-06T01:32:20.656+0100][11.210s][info][gc,marking     ] GC(364) Concurrent Cleanup for Next Mark
[2026-05-06T01:32:20.656+0100][11.210s][info][gc,marking     ] GC(364) Concurrent Cleanup for Next Mark 0.032ms
[2026-05-06T01:32:20.656+0100][11.210s][info][gc             ] GC(364) Concurrent Undo Cycle 0.075ms
[2026-05-06T01:32:20.817+0100][11.370s][info][gc,start       ] GC(365) Pause Young (Concurrent Start) (G1 Humongous Allocation)
[2026-05-06T01:32:20.817+0100][11.370s][info][gc,task        ] GC(365) Using 9 workers of 9 for evacuation
[2026-05-06T01:32:20.817+0100][11.371s][info][gc,phases      ] GC(365)   Pre Evacuate Collection Set: 0.1ms
[2026-05-06T01:32:20.817+0100][11.371s][info][gc,phases      ] GC(365)   Merge Heap Roots: 0.0ms
[2026-05-06T01:32:20.817+0100][11.371s][info][gc,phases      ] GC(365)   Evacuate Collection Set: 0.2ms
[2026-05-06T01:32:20.817+0100][11.371s][info][gc,phases      ] GC(365)   Post Evacuate Collection Set: 0.1ms
[2026-05-06T01:32:20.817+0100][11.371s][info][gc,phases      ] GC(365)   Other: 0.0ms
[2026-05-06T01:32:20.817+0100][11.371s][info][gc,heap        ] GC(365) Eden regions: 1->0(215)
[2026-05-06T01:32:20.817+0100][11.371s][info][gc,heap        ] GC(365) Survivor regions: 1->1(27)
[2026-05-06T01:32:20.817+0100][11.371s][info][gc,heap        ] GC(365) Old regions: 12->12
[2026-05-06T01:32:20.817+0100][11.371s][info][gc,heap        ] GC(365) Humongous regions: 169->96
[2026-05-06T01:32:20.817+0100][11.371s][info][gc,metaspace   ] GC(365) Metaspace: 19167K(19520K)->19167K(19520K) NonClass: 16925K(17152K)->16925K(17152K) Class: 2241K(2368K)->2241K(2368K)
[2026-05-06T01:32:20.817+0100][11.371s][info][gc             ] GC(365) Pause Young (Concurrent Start) (G1 Humongous Allocation) 350M->203M(720M) 0.570ms
[2026-05-06T01:32:20.817+0100][11.371s][info][gc,cpu         ] GC(365) User=0.00s Sys=0.00s Real=0.00s
[2026-05-06T01:32:20.817+0100][11.371s][info][gc             ] GC(366) Concurrent Undo Cycle
[2026-05-06T01:32:20.817+0100][11.371s][info][gc,marking     ] GC(366) Concurrent Clear Claimed Marks
[2026-05-06T01:32:20.817+0100][11.371s][info][gc,marking     ] GC(366) Concurrent Clear Claimed Marks 0.009ms
[2026-05-06T01:32:20.817+0100][11.371s][info][gc,marking     ] GC(366) Concurrent Cleanup for Next Mark
[2026-05-06T01:32:20.817+0100][11.371s][info][gc,marking     ] GC(366) Concurrent Cleanup for Next Mark 0.031ms
[2026-05-06T01:32:20.817+0100][11.371s][info][gc             ] GC(366) Concurrent Undo Cycle 0.079ms
[2026-05-06T01:32:20.977+0100][11.531s][info][gc,start       ] GC(367) Pause Young (Concurrent Start) (G1 Humongous Allocation)
[2026-05-06T01:32:20.977+0100][11.531s][info][gc,task        ] GC(367) Using 9 workers of 9 for evacuation
[2026-05-06T01:32:20.978+0100][11.532s][info][gc,phases      ] GC(367)   Pre Evacuate Collection Set: 0.1ms
[2026-05-06T01:32:20.978+0100][11.532s][info][gc,phases      ] GC(367)   Merge Heap Roots: 0.0ms
[2026-05-06T01:32:20.978+0100][11.532s][info][gc,phases      ] GC(367)   Evacuate Collection Set: 0.2ms
[2026-05-06T01:32:20.978+0100][11.532s][info][gc,phases      ] GC(367)   Post Evacuate Collection Set: 0.1ms
[2026-05-06T01:32:20.978+0100][11.532s][info][gc,phases      ] GC(367)   Other: 0.0ms
[2026-05-06T01:32:20.978+0100][11.532s][info][gc,heap        ] GC(367) Eden regions: 1->0(215)
[2026-05-06T01:32:20.978+0100][11.532s][info][gc,heap        ] GC(367) Survivor regions: 1->1(27)
[2026-05-06T01:32:20.978+0100][11.532s][info][gc,heap        ] GC(367) Old regions: 12->12
[2026-05-06T01:32:20.978+0100][11.532s][info][gc,heap        ] GC(367) Humongous regions: 169->96
[2026-05-06T01:32:20.978+0100][11.532s][info][gc,metaspace   ] GC(367) Metaspace: 19167K(19520K)->19167K(19520K) NonClass: 16925K(17152K)->16925K(17152K) Class: 2241K(2368K)->2241K(2368K)
[2026-05-06T01:32:20.978+0100][11.532s][info][gc             ] GC(367) Pause Young (Concurrent Start) (G1 Humongous Allocation) 350M->203M(720M) 0.551ms
[2026-05-06T01:32:20.978+0100][11.532s][info][gc,cpu         ] GC(367) User=0.00s Sys=0.00s Real=0.00s
[2026-05-06T01:32:20.978+0100][11.532s][info][gc             ] GC(368) Concurrent Undo Cycle
[2026-05-06T01:32:20.978+0100][11.532s][info][gc,marking     ] GC(368) Concurrent Clear Claimed Marks
[2026-05-06T01:32:20.978+0100][11.532s][info][gc,marking     ] GC(368) Concurrent Clear Claimed Marks 0.008ms
[2026-05-06T01:32:20.978+0100][11.532s][info][gc,marking     ] GC(368) Concurrent Cleanup for Next Mark
[2026-05-06T01:32:20.978+0100][11.532s][info][gc,marking     ] GC(368) Concurrent Cleanup for Next Mark 0.030ms
[2026-05-06T01:32:20.978+0100][11.532s][info][gc             ] GC(368) Concurrent Undo Cycle 0.070ms
[2026-05-06T01:32:21.135+0100][11.689s][info][gc,start       ] GC(369) Pause Young (Concurrent Start) (G1 Humongous Allocation)
[2026-05-06T01:32:21.135+0100][11.689s][info][gc,task        ] GC(369) Using 9 workers of 9 for evacuation
[2026-05-06T01:32:21.136+0100][11.690s][info][gc,phases      ] GC(369)   Pre Evacuate Collection Set: 0.1ms
[2026-05-06T01:32:21.136+0100][11.690s][info][gc,phases      ] GC(369)   Merge Heap Roots: 0.0ms
[2026-05-06T01:32:21.136+0100][11.690s][info][gc,phases      ] GC(369)   Evacuate Collection Set: 0.1ms
[2026-05-06T01:32:21.136+0100][11.690s][info][gc,phases      ] GC(369)   Post Evacuate Collection Set: 0.1ms
[2026-05-06T01:32:21.136+0100][11.690s][info][gc,phases      ] GC(369)   Other: 0.0ms
[2026-05-06T01:32:21.136+0100][11.690s][info][gc,heap        ] GC(369) Eden regions: 1->0(215)
[2026-05-06T01:32:21.136+0100][11.690s][info][gc,heap        ] GC(369) Survivor regions: 1->1(27)
[2026-05-06T01:32:21.136+0100][11.690s][info][gc,heap        ] GC(369) Old regions: 12->12
[2026-05-06T01:32:21.136+0100][11.690s][info][gc,heap        ] GC(369) Humongous regions: 169->96
[2026-05-06T01:32:21.136+0100][11.690s][info][gc,metaspace   ] GC(369) Metaspace: 19167K(19520K)->19167K(19520K) NonClass: 16925K(17152K)->16925K(17152K) Class: 2241K(2368K)->2241K(2368K)
[2026-05-06T01:32:21.136+0100][11.690s][info][gc             ] GC(369) Pause Young (Concurrent Start) (G1 Humongous Allocation) 350M->203M(720M) 0.508ms
[2026-05-06T01:32:21.136+0100][11.690s][info][gc,cpu         ] GC(369) User=0.00s Sys=0.00s Real=0.00s
[2026-05-06T01:32:21.136+0100][11.690s][info][gc             ] GC(370) Concurrent Undo Cycle
[2026-05-06T01:32:21.136+0100][11.690s][info][gc,marking     ] GC(370) Concurrent Clear Claimed Marks
[2026-05-06T01:32:21.136+0100][11.690s][info][gc,marking     ] GC(370) Concurrent Clear Claimed Marks 0.008ms
[2026-05-06T01:32:21.136+0100][11.690s][info][gc,marking     ] GC(370) Concurrent Cleanup for Next Mark
[2026-05-06T01:32:21.136+0100][11.690s][info][gc,marking     ] GC(370) Concurrent Cleanup for Next Mark 0.033ms
[2026-05-06T01:32:21.136+0100][11.690s][info][gc             ] GC(370) Concurrent Undo Cycle 0.069ms
[2026-05-06T01:32:21.289+0100][11.843s][info][gc,start       ] GC(371) Pause Young (Concurrent Start) (G1 Humongous Allocation)
[2026-05-06T01:32:21.289+0100][11.843s][info][gc,task        ] GC(371) Using 9 workers of 9 for evacuation
[2026-05-06T01:32:21.290+0100][11.844s][info][gc,phases      ] GC(371)   Pre Evacuate Collection Set: 0.1ms
[2026-05-06T01:32:21.290+0100][11.844s][info][gc,phases      ] GC(371)   Merge Heap Roots: 0.0ms
[2026-05-06T01:32:21.290+0100][11.844s][info][gc,phases      ] GC(371)   Evacuate Collection Set: 0.2ms
[2026-05-06T01:32:21.290+0100][11.844s][info][gc,phases      ] GC(371)   Post Evacuate Collection Set: 0.2ms
[2026-05-06T01:32:21.290+0100][11.844s][info][gc,phases      ] GC(371)   Other: 0.0ms
[2026-05-06T01:32:21.290+0100][11.844s][info][gc,heap        ] GC(371) Eden regions: 1->0(215)
[2026-05-06T01:32:21.290+0100][11.844s][info][gc,heap        ] GC(371) Survivor regions: 1->1(27)
[2026-05-06T01:32:21.290+0100][11.844s][info][gc,heap        ] GC(371) Old regions: 12->12
[2026-05-06T01:32:21.290+0100][11.844s][info][gc,heap        ] GC(371) Humongous regions: 169->96
[2026-05-06T01:32:21.290+0100][11.844s][info][gc,metaspace   ] GC(371) Metaspace: 19167K(19520K)->19167K(19520K) NonClass: 16925K(17152K)->16925K(17152K) Class: 2241K(2368K)->2241K(2368K)
[2026-05-06T01:32:21.290+0100][11.844s][info][gc             ] GC(371) Pause Young (Concurrent Start) (G1 Humongous Allocation) 350M->203M(720M) 0.582ms
[2026-05-06T01:32:21.290+0100][11.844s][info][gc,cpu         ] GC(371) User=0.01s Sys=0.01s Real=0.01s
[2026-05-06T01:32:21.290+0100][11.844s][info][gc             ] GC(372) Concurrent Undo Cycle
[2026-05-06T01:32:21.290+0100][11.844s][info][gc,marking     ] GC(372) Concurrent Clear Claimed Marks
[2026-05-06T01:32:21.290+0100][11.844s][info][gc,marking     ] GC(372) Concurrent Clear Claimed Marks 0.007ms
[2026-05-06T01:32:21.290+0100][11.844s][info][gc,marking     ] GC(372) Concurrent Cleanup for Next Mark
[2026-05-06T01:32:21.290+0100][11.844s][info][gc,marking     ] GC(372) Concurrent Cleanup for Next Mark 0.026ms
[2026-05-06T01:32:21.290+0100][11.844s][info][gc             ] GC(372) Concurrent Undo Cycle 0.063ms
[2026-05-06T01:32:21.446+0100][12.000s][info][gc,start       ] GC(373) Pause Young (Concurrent Start) (G1 Humongous Allocation)
[2026-05-06T01:32:21.446+0100][12.000s][info][gc,task        ] GC(373) Using 9 workers of 9 for evacuation
[2026-05-06T01:32:21.446+0100][12.000s][info][gc,phases      ] GC(373)   Pre Evacuate Collection Set: 0.1ms
[2026-05-06T01:32:21.446+0100][12.000s][info][gc,phases      ] GC(373)   Merge Heap Roots: 0.0ms
[2026-05-06T01:32:21.446+0100][12.000s][info][gc,phases      ] GC(373)   Evacuate Collection Set: 0.2ms
[2026-05-06T01:32:21.446+0100][12.000s][info][gc,phases      ] GC(373)   Post Evacuate Collection Set: 0.1ms
[2026-05-06T01:32:21.446+0100][12.000s][info][gc,phases      ] GC(373)   Other: 0.0ms
[2026-05-06T01:32:21.446+0100][12.000s][info][gc,heap        ] GC(373) Eden regions: 1->0(215)
[2026-05-06T01:32:21.446+0100][12.000s][info][gc,heap        ] GC(373) Survivor regions: 1->1(27)
[2026-05-06T01:32:21.446+0100][12.000s][info][gc,heap        ] GC(373) Old regions: 12->12
[2026-05-06T01:32:21.446+0100][12.000s][info][gc,heap        ] GC(373) Humongous regions: 169->96
[2026-05-06T01:32:21.446+0100][12.000s][info][gc,metaspace   ] GC(373) Metaspace: 19167K(19520K)->19167K(19520K) NonClass: 16925K(17152K)->16925K(17152K) Class: 2241K(2368K)->2241K(2368K)
[2026-05-06T01:32:21.446+0100][12.000s][info][gc             ] GC(373) Pause Young (Concurrent Start) (G1 Humongous Allocation) 350M->203M(720M) 0.574ms
[2026-05-06T01:32:21.446+0100][12.000s][info][gc,cpu         ] GC(373) User=0.00s Sys=0.00s Real=0.00s
[2026-05-06T01:32:21.446+0100][12.000s][info][gc             ] GC(374) Concurrent Undo Cycle
[2026-05-06T01:32:21.446+0100][12.000s][info][gc,marking     ] GC(374) Concurrent Clear Claimed Marks
[2026-05-06T01:32:21.446+0100][12.000s][info][gc,marking     ] GC(374) Concurrent Clear Claimed Marks 0.007ms
[2026-05-06T01:32:21.446+0100][12.000s][info][gc,marking     ] GC(374) Concurrent Cleanup for Next Mark
[2026-05-06T01:32:21.446+0100][12.000s][info][gc,marking     ] GC(374) Concurrent Cleanup for Next Mark 0.039ms
[2026-05-06T01:32:21.446+0100][12.000s][info][gc             ] GC(374) Concurrent Undo Cycle 0.074ms
[2026-05-06T01:32:21.600+0100][12.154s][info][gc,start       ] GC(375) Pause Young (Concurrent Start) (G1 Humongous Allocation)
[2026-05-06T01:32:21.600+0100][12.154s][info][gc,task        ] GC(375) Using 9 workers of 9 for evacuation
[2026-05-06T01:32:21.601+0100][12.155s][info][gc,phases      ] GC(375)   Pre Evacuate Collection Set: 0.1ms
[2026-05-06T01:32:21.601+0100][12.155s][info][gc,phases      ] GC(375)   Merge Heap Roots: 0.0ms
[2026-05-06T01:32:21.601+0100][12.155s][info][gc,phases      ] GC(375)   Evacuate Collection Set: 0.2ms
[2026-05-06T01:32:21.601+0100][12.155s][info][gc,phases      ] GC(375)   Post Evacuate Collection Set: 0.1ms
[2026-05-06T01:32:21.601+0100][12.155s][info][gc,phases      ] GC(375)   Other: 0.0ms
[2026-05-06T01:32:21.601+0100][12.155s][info][gc,heap        ] GC(375) Eden regions: 1->0(215)
[2026-05-06T01:32:21.601+0100][12.155s][info][gc,heap        ] GC(375) Survivor regions: 1->1(27)
[2026-05-06T01:32:21.601+0100][12.155s][info][gc,heap        ] GC(375) Old regions: 12->12
[2026-05-06T01:32:21.601+0100][12.155s][info][gc,heap        ] GC(375) Humongous regions: 169->96
[2026-05-06T01:32:21.601+0100][12.155s][info][gc,metaspace   ] GC(375) Metaspace: 19167K(19520K)->19167K(19520K) NonClass: 16925K(17152K)->16925K(17152K) Class: 2241K(2368K)->2241K(2368K)
[2026-05-06T01:32:21.601+0100][12.155s][info][gc             ] GC(375) Pause Young (Concurrent Start) (G1 Humongous Allocation) 350M->203M(720M) 0.569ms
[2026-05-06T01:32:21.601+0100][12.155s][info][gc,cpu         ] GC(375) User=0.00s Sys=0.00s Real=0.00s
[2026-05-06T01:32:21.601+0100][12.155s][info][gc             ] GC(376) Concurrent Undo Cycle
[2026-05-06T01:32:21.601+0100][12.155s][info][gc,marking     ] GC(376) Concurrent Clear Claimed Marks
[2026-05-06T01:32:21.601+0100][12.155s][info][gc,marking     ] GC(376) Concurrent Clear Claimed Marks 0.011ms
[2026-05-06T01:32:21.601+0100][12.155s][info][gc,marking     ] GC(376) Concurrent Cleanup for Next Mark
[2026-05-06T01:32:21.601+0100][12.155s][info][gc,marking     ] GC(376) Concurrent Cleanup for Next Mark 0.029ms
[2026-05-06T01:32:21.601+0100][12.155s][info][gc             ] GC(376) Concurrent Undo Cycle 0.070ms
[2026-05-06T01:32:21.756+0100][12.310s][info][gc,start       ] GC(377) Pause Young (Concurrent Start) (G1 Humongous Allocation)
[2026-05-06T01:32:21.756+0100][12.310s][info][gc,task        ] GC(377) Using 9 workers of 9 for evacuation
[2026-05-06T01:32:21.756+0100][12.310s][info][gc,phases      ] GC(377)   Pre Evacuate Collection Set: 0.1ms
[2026-05-06T01:32:21.756+0100][12.310s][info][gc,phases      ] GC(377)   Merge Heap Roots: 0.0ms
[2026-05-06T01:32:21.756+0100][12.310s][info][gc,phases      ] GC(377)   Evacuate Collection Set: 0.2ms
[2026-05-06T01:32:21.756+0100][12.310s][info][gc,phases      ] GC(377)   Post Evacuate Collection Set: 0.1ms
[2026-05-06T01:32:21.756+0100][12.310s][info][gc,phases      ] GC(377)   Other: 0.0ms
[2026-05-06T01:32:21.756+0100][12.310s][info][gc,heap        ] GC(377) Eden regions: 1->0(215)
[2026-05-06T01:32:21.756+0100][12.310s][info][gc,heap        ] GC(377) Survivor regions: 1->1(27)
[2026-05-06T01:32:21.756+0100][12.310s][info][gc,heap        ] GC(377) Old regions: 12->12
[2026-05-06T01:32:21.756+0100][12.310s][info][gc,heap        ] GC(377) Humongous regions: 169->96
[2026-05-06T01:32:21.756+0100][12.310s][info][gc,metaspace   ] GC(377) Metaspace: 19167K(19520K)->19167K(19520K) NonClass: 16925K(17152K)->16925K(17152K) Class: 2241K(2368K)->2241K(2368K)
[2026-05-06T01:32:21.756+0100][12.310s][info][gc             ] GC(377) Pause Young (Concurrent Start) (G1 Humongous Allocation) 350M->203M(720M) 0.498ms
[2026-05-06T01:32:21.756+0100][12.310s][info][gc,cpu         ] GC(377) User=0.00s Sys=0.00s Real=0.00s
[2026-05-06T01:32:21.756+0100][12.310s][info][gc             ] GC(378) Concurrent Undo Cycle
[2026-05-06T01:32:21.756+0100][12.310s][info][gc,marking     ] GC(378) Concurrent Clear Claimed Marks
[2026-05-06T01:32:21.756+0100][12.310s][info][gc,marking     ] GC(378) Concurrent Clear Claimed Marks 0.007ms
[2026-05-06T01:32:21.756+0100][12.310s][info][gc,marking     ] GC(378) Concurrent Cleanup for Next Mark
[2026-05-06T01:32:21.756+0100][12.310s][info][gc,marking     ] GC(378) Concurrent Cleanup for Next Mark 0.023ms
[2026-05-06T01:32:21.756+0100][12.310s][info][gc             ] GC(378) Concurrent Undo Cycle 0.053ms
[2026-05-06T01:32:21.910+0100][12.463s][info][gc,start       ] GC(379) Pause Young (Concurrent Start) (G1 Humongous Allocation)
[2026-05-06T01:32:21.910+0100][12.463s][info][gc,task        ] GC(379) Using 9 workers of 9 for evacuation
[2026-05-06T01:32:21.910+0100][12.464s][info][gc,phases      ] GC(379)   Pre Evacuate Collection Set: 0.1ms
[2026-05-06T01:32:21.910+0100][12.464s][info][gc,phases      ] GC(379)   Merge Heap Roots: 0.0ms
[2026-05-06T01:32:21.910+0100][12.464s][info][gc,phases      ] GC(379)   Evacuate Collection Set: 0.2ms
[2026-05-06T01:32:21.910+0100][12.464s][info][gc,phases      ] GC(379)   Post Evacuate Collection Set: 0.1ms
[2026-05-06T01:32:21.910+0100][12.464s][info][gc,phases      ] GC(379)   Other: 0.0ms
[2026-05-06T01:32:21.910+0100][12.464s][info][gc,heap        ] GC(379) Eden regions: 1->0(215)
[2026-05-06T01:32:21.910+0100][12.464s][info][gc,heap        ] GC(379) Survivor regions: 1->1(27)
[2026-05-06T01:32:21.910+0100][12.464s][info][gc,heap        ] GC(379) Old regions: 12->12
[2026-05-06T01:32:21.910+0100][12.464s][info][gc,heap        ] GC(379) Humongous regions: 169->96
[2026-05-06T01:32:21.910+0100][12.464s][info][gc,metaspace   ] GC(379) Metaspace: 19168K(19520K)->19168K(19520K) NonClass: 16926K(17152K)->16926K(17152K) Class: 2241K(2368K)->2241K(2368K)
[2026-05-06T01:32:21.910+0100][12.464s][info][gc             ] GC(379) Pause Young (Concurrent Start) (G1 Humongous Allocation) 351M->203M(720M) 0.569ms
[2026-05-06T01:32:21.910+0100][12.464s][info][gc,cpu         ] GC(379) User=0.00s Sys=0.00s Real=0.00s
[2026-05-06T01:32:21.910+0100][12.464s][info][gc             ] GC(380) Concurrent Undo Cycle
[2026-05-06T01:32:21.910+0100][12.464s][info][gc,marking     ] GC(380) Concurrent Clear Claimed Marks
[2026-05-06T01:32:21.910+0100][12.464s][info][gc,marking     ] GC(380) Concurrent Clear Claimed Marks 0.008ms
[2026-05-06T01:32:21.910+0100][12.464s][info][gc,marking     ] GC(380) Concurrent Cleanup for Next Mark
[2026-05-06T01:32:21.910+0100][12.464s][info][gc,marking     ] GC(380) Concurrent Cleanup for Next Mark 0.029ms
[2026-05-06T01:32:21.910+0100][12.464s][info][gc             ] GC(380) Concurrent Undo Cycle 0.066ms
[2026-05-06T01:32:22.063+0100][12.616s][info][gc,start       ] GC(381) Pause Young (Concurrent Start) (G1 Humongous Allocation)
[2026-05-06T01:32:22.063+0100][12.616s][info][gc,task        ] GC(381) Using 9 workers of 9 for evacuation
[2026-05-06T01:32:22.063+0100][12.617s][info][gc,phases      ] GC(381)   Pre Evacuate Collection Set: 0.1ms
[2026-05-06T01:32:22.063+0100][12.617s][info][gc,phases      ] GC(381)   Merge Heap Roots: 0.0ms
[2026-05-06T01:32:22.063+0100][12.617s][info][gc,phases      ] GC(381)   Evacuate Collection Set: 0.2ms
[2026-05-06T01:32:22.063+0100][12.617s][info][gc,phases      ] GC(381)   Post Evacuate Collection Set: 0.1ms
[2026-05-06T01:32:22.063+0100][12.617s][info][gc,phases      ] GC(381)   Other: 0.0ms
[2026-05-06T01:32:22.063+0100][12.617s][info][gc,heap        ] GC(381) Eden regions: 2->0(215)
[2026-05-06T01:32:22.063+0100][12.617s][info][gc,heap        ] GC(381) Survivor regions: 1->1(27)
[2026-05-06T01:32:22.063+0100][12.617s][info][gc,heap        ] GC(381) Old regions: 12->12
[2026-05-06T01:32:22.063+0100][12.617s][info][gc,heap        ] GC(381) Humongous regions: 169->96
[2026-05-06T01:32:22.063+0100][12.617s][info][gc,metaspace   ] GC(381) Metaspace: 19168K(19520K)->19168K(19520K) NonClass: 16926K(17152K)->16926K(17152K) Class: 2241K(2368K)->2241K(2368K)
[2026-05-06T01:32:22.063+0100][12.617s][info][gc             ] GC(381) Pause Young (Concurrent Start) (G1 Humongous Allocation) 352M->203M(720M) 0.543ms
[2026-05-06T01:32:22.063+0100][12.617s][info][gc,cpu         ] GC(381) User=0.00s Sys=0.00s Real=0.00s
[2026-05-06T01:32:22.063+0100][12.617s][info][gc             ] GC(382) Concurrent Undo Cycle
[2026-05-06T01:32:22.063+0100][12.617s][info][gc,marking     ] GC(382) Concurrent Clear Claimed Marks
[2026-05-06T01:32:22.063+0100][12.617s][info][gc,marking     ] GC(382) Concurrent Clear Claimed Marks 0.008ms
[2026-05-06T01:32:22.063+0100][12.617s][info][gc,marking     ] GC(382) Concurrent Cleanup for Next Mark
[2026-05-06T01:32:22.063+0100][12.617s][info][gc,marking     ] GC(382) Concurrent Cleanup for Next Mark 0.032ms
[2026-05-06T01:32:22.063+0100][12.617s][info][gc             ] GC(382) Concurrent Undo Cycle 0.069ms
[2026-05-06T01:32:22.216+0100][12.769s][info][gc,start       ] GC(383) Pause Young (Concurrent Start) (G1 Humongous Allocation)
[2026-05-06T01:32:22.216+0100][12.769s][info][gc,task        ] GC(383) Using 9 workers of 9 for evacuation
[2026-05-06T01:32:22.216+0100][12.770s][info][gc,phases      ] GC(383)   Pre Evacuate Collection Set: 0.1ms
[2026-05-06T01:32:22.216+0100][12.770s][info][gc,phases      ] GC(383)   Merge Heap Roots: 0.0ms
[2026-05-06T01:32:22.216+0100][12.770s][info][gc,phases      ] GC(383)   Evacuate Collection Set: 0.2ms
[2026-05-06T01:32:22.216+0100][12.770s][info][gc,phases      ] GC(383)   Post Evacuate Collection Set: 0.1ms
[2026-05-06T01:32:22.216+0100][12.770s][info][gc,phases      ] GC(383)   Other: 0.0ms
[2026-05-06T01:32:22.216+0100][12.770s][info][gc,heap        ] GC(383) Eden regions: 2->0(215)
[2026-05-06T01:32:22.216+0100][12.770s][info][gc,heap        ] GC(383) Survivor regions: 1->1(27)
[2026-05-06T01:32:22.216+0100][12.770s][info][gc,heap        ] GC(383) Old regions: 12->12
[2026-05-06T01:32:22.216+0100][12.770s][info][gc,heap        ] GC(383) Humongous regions: 169->96
[2026-05-06T01:32:22.216+0100][12.770s][info][gc,metaspace   ] GC(383) Metaspace: 19168K(19520K)->19168K(19520K) NonClass: 16926K(17152K)->16926K(17152K) Class: 2241K(2368K)->2241K(2368K)
[2026-05-06T01:32:22.216+0100][12.770s][info][gc             ] GC(383) Pause Young (Concurrent Start) (G1 Humongous Allocation) 352M->203M(720M) 0.529ms
[2026-05-06T01:32:22.216+0100][12.770s][info][gc,cpu         ] GC(383) User=0.00s Sys=0.00s Real=0.00s
[2026-05-06T01:32:22.216+0100][12.770s][info][gc             ] GC(384) Concurrent Undo Cycle
[2026-05-06T01:32:22.216+0100][12.770s][info][gc,marking     ] GC(384) Concurrent Clear Claimed Marks
[2026-05-06T01:32:22.216+0100][12.770s][info][gc,marking     ] GC(384) Concurrent Clear Claimed Marks 0.008ms
[2026-05-06T01:32:22.216+0100][12.770s][info][gc,marking     ] GC(384) Concurrent Cleanup for Next Mark
[2026-05-06T01:32:22.216+0100][12.770s][info][gc,marking     ] GC(384) Concurrent Cleanup for Next Mark 0.028ms
[2026-05-06T01:32:22.216+0100][12.770s][info][gc             ] GC(384) Concurrent Undo Cycle 0.068ms
[2026-05-06T01:32:22.309+0100][12.863s][info][gc,start       ] GC(385) Pause Full (System.gc())
[2026-05-06T01:32:22.309+0100][12.863s][info][gc,task        ] GC(385) Using 9 workers of 9 for full compaction
[2026-05-06T01:32:22.309+0100][12.863s][info][gc,phases,start] GC(385) Phase 1: Mark live objects
[2026-05-06T01:32:22.311+0100][12.865s][info][gc,phases      ] GC(385) Phase 1: Mark live objects 2.482ms
[2026-05-06T01:32:22.311+0100][12.865s][info][gc,phases,start] GC(385) Phase 2: Prepare compaction
[2026-05-06T01:32:22.312+0100][12.865s][info][gc,phases      ] GC(385) Phase 2: Prepare compaction 0.305ms
[2026-05-06T01:32:22.312+0100][12.865s][info][gc,phases,start] GC(385) Phase 3: Adjust pointers
[2026-05-06T01:32:22.313+0100][12.867s][info][gc,phases      ] GC(385) Phase 3: Adjust pointers 1.763ms
[2026-05-06T01:32:22.313+0100][12.867s][info][gc,phases,start] GC(385) Phase 4: Compact heap
[2026-05-06T01:32:22.314+0100][12.867s][info][gc,phases      ] GC(385) Phase 4: Compact heap 0.265ms
[2026-05-06T01:32:22.314+0100][12.867s][info][gc,phases,start] GC(385) Phase 5: Reset Metadata
[2026-05-06T01:32:22.314+0100][12.868s][info][gc,phases      ] GC(385) Phase 5: Reset Metadata 0.328ms
[2026-05-06T01:32:22.314+0100][12.868s][info][gc,heap        ] GC(385) Eden regions: 1->0(216)
[2026-05-06T01:32:22.314+0100][12.868s][info][gc,heap        ] GC(385) Survivor regions: 1->0(27)
[2026-05-06T01:32:22.314+0100][12.868s][info][gc,heap        ] GC(385) Old regions: 12->12
[2026-05-06T01:32:22.314+0100][12.868s][info][gc,heap        ] GC(385) Humongous regions: 169->96
[2026-05-06T01:32:22.314+0100][12.868s][info][gc,metaspace   ] GC(385) Metaspace: 19168K(19520K)->19168K(19520K) NonClass: 16926K(17152K)->16926K(17152K) Class: 2241K(2368K)->2241K(2368K)
[2026-05-06T01:32:22.315+0100][12.868s][info][gc             ] GC(385) Pause Full (System.gc()) 351M->203M(720M) 5.824ms
[2026-05-06T01:32:22.315+0100][12.868s][info][gc,cpu         ] GC(385) User=0.02s Sys=0.00s Real=0.01s
[2026-05-06T01:32:22.375+0100][12.929s][info][gc,start       ] GC(386) Pause Young (Concurrent Start) (G1 Humongous Allocation)
[2026-05-06T01:32:22.375+0100][12.929s][info][gc,task        ] GC(386) Using 9 workers of 9 for evacuation
[2026-05-06T01:32:22.376+0100][12.930s][info][gc,phases      ] GC(386)   Pre Evacuate Collection Set: 0.1ms
[2026-05-06T01:32:22.376+0100][12.930s][info][gc,phases      ] GC(386)   Merge Heap Roots: 0.0ms
[2026-05-06T01:32:22.376+0100][12.930s][info][gc,phases      ] GC(386)   Evacuate Collection Set: 0.2ms
[2026-05-06T01:32:22.376+0100][12.930s][info][gc,phases      ] GC(386)   Post Evacuate Collection Set: 0.1ms
[2026-05-06T01:32:22.376+0100][12.930s][info][gc,phases      ] GC(386)   Other: 0.0ms
[2026-05-06T01:32:22.376+0100][12.930s][info][gc,heap        ] GC(386) Eden regions: 1->0(215)
[2026-05-06T01:32:22.376+0100][12.930s][info][gc,heap        ] GC(386) Survivor regions: 0->1(27)
[2026-05-06T01:32:22.376+0100][12.930s][info][gc,heap        ] GC(386) Old regions: 12->12
[2026-05-06T01:32:22.376+0100][12.930s][info][gc,heap        ] GC(386) Humongous regions: 96->96
[2026-05-06T01:32:22.376+0100][12.930s][info][gc,metaspace   ] GC(386) Metaspace: 19168K(19520K)->19168K(19520K) NonClass: 16926K(17152K)->16926K(17152K) Class: 2241K(2368K)->2241K(2368K)
[2026-05-06T01:32:22.376+0100][12.930s][info][gc             ] GC(386) Pause Young (Concurrent Start) (G1 Humongous Allocation) 205M->203M(720M) 0.508ms
[2026-05-06T01:32:22.376+0100][12.930s][info][gc,cpu         ] GC(386) User=0.00s Sys=0.01s Real=0.00s
[2026-05-06T01:32:22.376+0100][12.930s][info][gc             ] GC(387) Concurrent Undo Cycle
[2026-05-06T01:32:22.376+0100][12.930s][info][gc,marking     ] GC(387) Concurrent Clear Claimed Marks
[2026-05-06T01:32:22.376+0100][12.930s][info][gc,marking     ] GC(387) Concurrent Clear Claimed Marks 0.008ms
[2026-05-06T01:32:22.376+0100][12.930s][info][gc,marking     ] GC(387) Concurrent Cleanup for Next Mark
[2026-05-06T01:32:22.376+0100][12.930s][info][gc,marking     ] GC(387) Concurrent Cleanup for Next Mark 0.043ms
[2026-05-06T01:32:22.376+0100][12.930s][info][gc             ] GC(387) Concurrent Undo Cycle 0.090ms
[2026-05-06T01:32:22.528+0100][13.082s][info][gc,start       ] GC(388) Pause Young (Concurrent Start) (G1 Humongous Allocation)
[2026-05-06T01:32:22.528+0100][13.082s][info][gc,task        ] GC(388) Using 9 workers of 9 for evacuation
[2026-05-06T01:32:22.529+0100][13.083s][info][gc,phases      ] GC(388)   Pre Evacuate Collection Set: 0.1ms
[2026-05-06T01:32:22.529+0100][13.083s][info][gc,phases      ] GC(388)   Merge Heap Roots: 0.0ms
[2026-05-06T01:32:22.529+0100][13.083s][info][gc,phases      ] GC(388)   Evacuate Collection Set: 0.2ms
[2026-05-06T01:32:22.529+0100][13.083s][info][gc,phases      ] GC(388)   Post Evacuate Collection Set: 0.1ms
[2026-05-06T01:32:22.529+0100][13.083s][info][gc,phases      ] GC(388)   Other: 0.0ms
[2026-05-06T01:32:22.529+0100][13.083s][info][gc,heap        ] GC(388) Eden regions: 1->0(215)
[2026-05-06T01:32:22.529+0100][13.083s][info][gc,heap        ] GC(388) Survivor regions: 1->1(27)
[2026-05-06T01:32:22.529+0100][13.083s][info][gc,heap        ] GC(388) Old regions: 12->12
[2026-05-06T01:32:22.529+0100][13.083s][info][gc,heap        ] GC(388) Humongous regions: 169->96
[2026-05-06T01:32:22.529+0100][13.083s][info][gc,metaspace   ] GC(388) Metaspace: 19168K(19520K)->19168K(19520K) NonClass: 16926K(17152K)->16926K(17152K) Class: 2241K(2368K)->2241K(2368K)
[2026-05-06T01:32:22.529+0100][13.083s][info][gc             ] GC(388) Pause Young (Concurrent Start) (G1 Humongous Allocation) 351M->203M(720M) 0.565ms
[2026-05-06T01:32:22.529+0100][13.083s][info][gc,cpu         ] GC(388) User=0.00s Sys=0.00s Real=0.00s
[2026-05-06T01:32:22.529+0100][13.083s][info][gc             ] GC(389) Concurrent Undo Cycle
[2026-05-06T01:32:22.529+0100][13.083s][info][gc,marking     ] GC(389) Concurrent Clear Claimed Marks
[2026-05-06T01:32:22.529+0100][13.083s][info][gc,marking     ] GC(389) Concurrent Clear Claimed Marks 0.007ms
[2026-05-06T01:32:22.529+0100][13.083s][info][gc,marking     ] GC(389) Concurrent Cleanup for Next Mark
[2026-05-06T01:32:22.529+0100][13.083s][info][gc,marking     ] GC(389) Concurrent Cleanup for Next Mark 0.028ms
[2026-05-06T01:32:22.529+0100][13.083s][info][gc             ] GC(389) Concurrent Undo Cycle 0.064ms
[2026-05-06T01:32:22.683+0100][13.237s][info][gc,start       ] GC(390) Pause Young (Concurrent Start) (G1 Humongous Allocation)
[2026-05-06T01:32:22.683+0100][13.237s][info][gc,task        ] GC(390) Using 9 workers of 9 for evacuation
[2026-05-06T01:32:22.683+0100][13.237s][info][gc,phases      ] GC(390)   Pre Evacuate Collection Set: 0.1ms
[2026-05-06T01:32:22.683+0100][13.237s][info][gc,phases      ] GC(390)   Merge Heap Roots: 0.0ms
[2026-05-06T01:32:22.683+0100][13.237s][info][gc,phases      ] GC(390)   Evacuate Collection Set: 0.2ms
[2026-05-06T01:32:22.683+0100][13.237s][info][gc,phases      ] GC(390)   Post Evacuate Collection Set: 0.1ms
[2026-05-06T01:32:22.683+0100][13.237s][info][gc,phases      ] GC(390)   Other: 0.0ms
[2026-05-06T01:32:22.683+0100][13.237s][info][gc,heap        ] GC(390) Eden regions: 2->0(215)
[2026-05-06T01:32:22.683+0100][13.237s][info][gc,heap        ] GC(390) Survivor regions: 1->1(27)
[2026-05-06T01:32:22.683+0100][13.237s][info][gc,heap        ] GC(390) Old regions: 12->12
[2026-05-06T01:32:22.683+0100][13.237s][info][gc,heap        ] GC(390) Humongous regions: 169->96
[2026-05-06T01:32:22.683+0100][13.237s][info][gc,metaspace   ] GC(390) Metaspace: 19168K(19520K)->19168K(19520K) NonClass: 16926K(17152K)->16926K(17152K) Class: 2241K(2368K)->2241K(2368K)
[2026-05-06T01:32:22.683+0100][13.237s][info][gc             ] GC(390) Pause Young (Concurrent Start) (G1 Humongous Allocation) 352M->203M(720M) 0.538ms
[2026-05-06T01:32:22.683+0100][13.237s][info][gc,cpu         ] GC(390) User=0.00s Sys=0.00s Real=0.00s
[2026-05-06T01:32:22.683+0100][13.237s][info][gc             ] GC(391) Concurrent Undo Cycle
[2026-05-06T01:32:22.683+0100][13.237s][info][gc,marking     ] GC(391) Concurrent Clear Claimed Marks
[2026-05-06T01:32:22.683+0100][13.237s][info][gc,marking     ] GC(391) Concurrent Clear Claimed Marks 0.006ms
[2026-05-06T01:32:22.683+0100][13.237s][info][gc,marking     ] GC(391) Concurrent Cleanup for Next Mark
[2026-05-06T01:32:22.683+0100][13.237s][info][gc,marking     ] GC(391) Concurrent Cleanup for Next Mark 0.039ms
[2026-05-06T01:32:22.683+0100][13.237s][info][gc             ] GC(391) Concurrent Undo Cycle 0.068ms
[2026-05-06T01:32:22.836+0100][13.389s][info][gc,start       ] GC(392) Pause Young (Concurrent Start) (G1 Humongous Allocation)
[2026-05-06T01:32:22.836+0100][13.389s][info][gc,task        ] GC(392) Using 9 workers of 9 for evacuation
[2026-05-06T01:32:22.836+0100][13.390s][info][gc,phases      ] GC(392)   Pre Evacuate Collection Set: 0.1ms
[2026-05-06T01:32:22.836+0100][13.390s][info][gc,phases      ] GC(392)   Merge Heap Roots: 0.0ms
[2026-05-06T01:32:22.836+0100][13.390s][info][gc,phases      ] GC(392)   Evacuate Collection Set: 0.1ms
[2026-05-06T01:32:22.836+0100][13.390s][info][gc,phases      ] GC(392)   Post Evacuate Collection Set: 0.1ms
[2026-05-06T01:32:22.836+0100][13.390s][info][gc,phases      ] GC(392)   Other: 0.0ms
[2026-05-06T01:32:22.836+0100][13.390s][info][gc,heap        ] GC(392) Eden regions: 2->0(215)
[2026-05-06T01:32:22.836+0100][13.390s][info][gc,heap        ] GC(392) Survivor regions: 1->1(27)
[2026-05-06T01:32:22.836+0100][13.390s][info][gc,heap        ] GC(392) Old regions: 12->12
[2026-05-06T01:32:22.836+0100][13.390s][info][gc,heap        ] GC(392) Humongous regions: 169->96
[2026-05-06T01:32:22.836+0100][13.390s][info][gc,metaspace   ] GC(392) Metaspace: 19168K(19520K)->19168K(19520K) NonClass: 16926K(17152K)->16926K(17152K) Class: 2241K(2368K)->2241K(2368K)
[2026-05-06T01:32:22.836+0100][13.390s][info][gc             ] GC(392) Pause Young (Concurrent Start) (G1 Humongous Allocation) 352M->203M(720M) 0.504ms
[2026-05-06T01:32:22.836+0100][13.390s][info][gc,cpu         ] GC(392) User=0.00s Sys=0.00s Real=0.00s
[2026-05-06T01:32:22.836+0100][13.390s][info][gc             ] GC(393) Concurrent Undo Cycle
[2026-05-06T01:32:22.836+0100][13.390s][info][gc,marking     ] GC(393) Concurrent Clear Claimed Marks
[2026-05-06T01:32:22.836+0100][13.390s][info][gc,marking     ] GC(393) Concurrent Clear Claimed Marks 0.006ms
[2026-05-06T01:32:22.836+0100][13.390s][info][gc,marking     ] GC(393) Concurrent Cleanup for Next Mark
[2026-05-06T01:32:22.836+0100][13.390s][info][gc,marking     ] GC(393) Concurrent Cleanup for Next Mark 0.031ms
[2026-05-06T01:32:22.836+0100][13.390s][info][gc             ] GC(393) Concurrent Undo Cycle 0.060ms
[2026-05-06T01:32:22.992+0100][13.546s][info][gc,start       ] GC(394) Pause Young (Concurrent Start) (G1 Humongous Allocation)
[2026-05-06T01:32:22.992+0100][13.546s][info][gc,task        ] GC(394) Using 9 workers of 9 for evacuation
[2026-05-06T01:32:22.992+0100][13.546s][info][gc,phases      ] GC(394)   Pre Evacuate Collection Set: 0.1ms
[2026-05-06T01:32:22.992+0100][13.546s][info][gc,phases      ] GC(394)   Merge Heap Roots: 0.0ms
[2026-05-06T01:32:22.992+0100][13.546s][info][gc,phases      ] GC(394)   Evacuate Collection Set: 0.2ms
[2026-05-06T01:32:22.992+0100][13.546s][info][gc,phases      ] GC(394)   Post Evacuate Collection Set: 0.1ms
[2026-05-06T01:32:22.992+0100][13.546s][info][gc,phases      ] GC(394)   Other: 0.0ms
[2026-05-06T01:32:22.992+0100][13.546s][info][gc,heap        ] GC(394) Eden regions: 2->0(215)
[2026-05-06T01:32:22.992+0100][13.546s][info][gc,heap        ] GC(394) Survivor regions: 1->1(27)
[2026-05-06T01:32:22.992+0100][13.546s][info][gc,heap        ] GC(394) Old regions: 12->12
[2026-05-06T01:32:22.992+0100][13.546s][info][gc,heap        ] GC(394) Humongous regions: 169->96
[2026-05-06T01:32:22.992+0100][13.546s][info][gc,metaspace   ] GC(394) Metaspace: 19168K(19520K)->19168K(19520K) NonClass: 16926K(17152K)->16926K(17152K) Class: 2241K(2368K)->2241K(2368K)
[2026-05-06T01:32:22.992+0100][13.546s][info][gc             ] GC(394) Pause Young (Concurrent Start) (G1 Humongous Allocation) 352M->203M(720M) 0.590ms
[2026-05-06T01:32:22.992+0100][13.546s][info][gc,cpu         ] GC(394) User=0.01s Sys=0.00s Real=0.00s
[2026-05-06T01:32:22.992+0100][13.546s][info][gc             ] GC(395) Concurrent Undo Cycle
[2026-05-06T01:32:22.992+0100][13.546s][info][gc,marking     ] GC(395) Concurrent Clear Claimed Marks
[2026-05-06T01:32:22.992+0100][13.546s][info][gc,marking     ] GC(395) Concurrent Clear Claimed Marks 0.008ms
[2026-05-06T01:32:22.992+0100][13.546s][info][gc,marking     ] GC(395) Concurrent Cleanup for Next Mark
[2026-05-06T01:32:22.992+0100][13.546s][info][gc,marking     ] GC(395) Concurrent Cleanup for Next Mark 0.043ms
[2026-05-06T01:32:22.992+0100][13.546s][info][gc             ] GC(395) Concurrent Undo Cycle 0.081ms
[2026-05-06T01:32:23.150+0100][13.704s][info][gc,start       ] GC(396) Pause Young (Concurrent Start) (G1 Humongous Allocation)
[2026-05-06T01:32:23.150+0100][13.704s][info][gc,task        ] GC(396) Using 9 workers of 9 for evacuation
[2026-05-06T01:32:23.151+0100][13.704s][info][gc,phases      ] GC(396)   Pre Evacuate Collection Set: 0.1ms
[2026-05-06T01:32:23.151+0100][13.704s][info][gc,phases      ] GC(396)   Merge Heap Roots: 0.0ms
[2026-05-06T01:32:23.151+0100][13.704s][info][gc,phases      ] GC(396)   Evacuate Collection Set: 0.2ms
[2026-05-06T01:32:23.151+0100][13.704s][info][gc,phases      ] GC(396)   Post Evacuate Collection Set: 0.1ms
[2026-05-06T01:32:23.151+0100][13.704s][info][gc,phases      ] GC(396)   Other: 0.0ms
[2026-05-06T01:32:23.151+0100][13.704s][info][gc,heap        ] GC(396) Eden regions: 2->0(215)
[2026-05-06T01:32:23.151+0100][13.704s][info][gc,heap        ] GC(396) Survivor regions: 1->1(27)
[2026-05-06T01:32:23.151+0100][13.704s][info][gc,heap        ] GC(396) Old regions: 12->12
[2026-05-06T01:32:23.151+0100][13.704s][info][gc,heap        ] GC(396) Humongous regions: 169->96
[2026-05-06T01:32:23.151+0100][13.704s][info][gc,metaspace   ] GC(396) Metaspace: 19168K(19520K)->19168K(19520K) NonClass: 16926K(17152K)->16926K(17152K) Class: 2241K(2368K)->2241K(2368K)
[2026-05-06T01:32:23.151+0100][13.704s][info][gc             ] GC(396) Pause Young (Concurrent Start) (G1 Humongous Allocation) 352M->203M(720M) 0.560ms
[2026-05-06T01:32:23.151+0100][13.704s][info][gc,cpu         ] GC(396) User=0.00s Sys=0.00s Real=0.00s
[2026-05-06T01:32:23.151+0100][13.704s][info][gc             ] GC(397) Concurrent Undo Cycle
[2026-05-06T01:32:23.151+0100][13.705s][info][gc,marking     ] GC(397) Concurrent Clear Claimed Marks
[2026-05-06T01:32:23.151+0100][13.705s][info][gc,marking     ] GC(397) Concurrent Clear Claimed Marks 0.010ms
[2026-05-06T01:32:23.151+0100][13.705s][info][gc,marking     ] GC(397) Concurrent Cleanup for Next Mark
[2026-05-06T01:32:23.151+0100][13.705s][info][gc,marking     ] GC(397) Concurrent Cleanup for Next Mark 0.038ms
[2026-05-06T01:32:23.151+0100][13.705s][info][gc             ] GC(397) Concurrent Undo Cycle 0.088ms
[2026-05-06T01:32:23.303+0100][13.857s][info][gc,start       ] GC(398) Pause Young (Concurrent Start) (G1 Humongous Allocation)
[2026-05-06T01:32:23.303+0100][13.857s][info][gc,task        ] GC(398) Using 9 workers of 9 for evacuation
[2026-05-06T01:32:23.303+0100][13.857s][info][gc,phases      ] GC(398)   Pre Evacuate Collection Set: 0.1ms
[2026-05-06T01:32:23.303+0100][13.857s][info][gc,phases      ] GC(398)   Merge Heap Roots: 0.0ms
[2026-05-06T01:32:23.303+0100][13.857s][info][gc,phases      ] GC(398)   Evacuate Collection Set: 0.2ms
[2026-05-06T01:32:23.303+0100][13.857s][info][gc,phases      ] GC(398)   Post Evacuate Collection Set: 0.1ms
[2026-05-06T01:32:23.303+0100][13.857s][info][gc,phases      ] GC(398)   Other: 0.0ms
[2026-05-06T01:32:23.303+0100][13.857s][info][gc,heap        ] GC(398) Eden regions: 2->0(215)
[2026-05-06T01:32:23.303+0100][13.857s][info][gc,heap        ] GC(398) Survivor regions: 1->1(27)
[2026-05-06T01:32:23.303+0100][13.857s][info][gc,heap        ] GC(398) Old regions: 12->12
[2026-05-06T01:32:23.303+0100][13.857s][info][gc,heap        ] GC(398) Humongous regions: 169->96
[2026-05-06T01:32:23.303+0100][13.857s][info][gc,metaspace   ] GC(398) Metaspace: 19168K(19520K)->19168K(19520K) NonClass: 16926K(17152K)->16926K(17152K) Class: 2241K(2368K)->2241K(2368K)
[2026-05-06T01:32:23.303+0100][13.857s][info][gc             ] GC(398) Pause Young (Concurrent Start) (G1 Humongous Allocation) 352M->203M(720M) 0.539ms
[2026-05-06T01:32:23.303+0100][13.857s][info][gc,cpu         ] GC(398) User=0.01s Sys=0.00s Real=0.00s
[2026-05-06T01:32:23.303+0100][13.857s][info][gc             ] GC(399) Concurrent Undo Cycle
[2026-05-06T01:32:23.303+0100][13.857s][info][gc,marking     ] GC(399) Concurrent Clear Claimed Marks
[2026-05-06T01:32:23.303+0100][13.857s][info][gc,marking     ] GC(399) Concurrent Clear Claimed Marks 0.007ms
[2026-05-06T01:32:23.303+0100][13.857s][info][gc,marking     ] GC(399) Concurrent Cleanup for Next Mark
[2026-05-06T01:32:23.304+0100][13.857s][info][gc,marking     ] GC(399) Concurrent Cleanup for Next Mark 0.038ms
[2026-05-06T01:32:23.304+0100][13.857s][info][gc             ] GC(399) Concurrent Undo Cycle 0.068ms
[2026-05-06T01:32:23.456+0100][14.010s][info][gc,start       ] GC(400) Pause Young (Concurrent Start) (G1 Humongous Allocation)
[2026-05-06T01:32:23.456+0100][14.010s][info][gc,task        ] GC(400) Using 9 workers of 9 for evacuation
[2026-05-06T01:32:23.456+0100][14.010s][info][gc,phases      ] GC(400)   Pre Evacuate Collection Set: 0.1ms
[2026-05-06T01:32:23.456+0100][14.010s][info][gc,phases      ] GC(400)   Merge Heap Roots: 0.0ms
[2026-05-06T01:32:23.456+0100][14.010s][info][gc,phases      ] GC(400)   Evacuate Collection Set: 0.1ms
[2026-05-06T01:32:23.456+0100][14.010s][info][gc,phases      ] GC(400)   Post Evacuate Collection Set: 0.1ms
[2026-05-06T01:32:23.456+0100][14.010s][info][gc,phases      ] GC(400)   Other: 0.0ms
[2026-05-06T01:32:23.456+0100][14.010s][info][gc,heap        ] GC(400) Eden regions: 2->0(215)
[2026-05-06T01:32:23.456+0100][14.010s][info][gc,heap        ] GC(400) Survivor regions: 1->1(27)
[2026-05-06T01:32:23.456+0100][14.010s][info][gc,heap        ] GC(400) Old regions: 12->12
[2026-05-06T01:32:23.456+0100][14.010s][info][gc,heap        ] GC(400) Humongous regions: 169->96
[2026-05-06T01:32:23.456+0100][14.010s][info][gc,metaspace   ] GC(400) Metaspace: 19168K(19520K)->19168K(19520K) NonClass: 16926K(17152K)->16926K(17152K) Class: 2241K(2368K)->2241K(2368K)
[2026-05-06T01:32:23.456+0100][14.010s][info][gc             ] GC(400) Pause Young (Concurrent Start) (G1 Humongous Allocation) 352M->203M(720M) 0.501ms
[2026-05-06T01:32:23.456+0100][14.010s][info][gc,cpu         ] GC(400) User=0.00s Sys=0.00s Real=0.00s
[2026-05-06T01:32:23.456+0100][14.010s][info][gc             ] GC(401) Concurrent Undo Cycle
[2026-05-06T01:32:23.456+0100][14.010s][info][gc,marking     ] GC(401) Concurrent Clear Claimed Marks
[2026-05-06T01:32:23.457+0100][14.010s][info][gc,marking     ] GC(401) Concurrent Clear Claimed Marks 0.006ms
[2026-05-06T01:32:23.457+0100][14.010s][info][gc,marking     ] GC(401) Concurrent Cleanup for Next Mark
[2026-05-06T01:32:23.457+0100][14.010s][info][gc,marking     ] GC(401) Concurrent Cleanup for Next Mark 0.037ms
[2026-05-06T01:32:23.457+0100][14.010s][info][gc             ] GC(401) Concurrent Undo Cycle 0.066ms
[2026-05-06T01:32:23.609+0100][14.162s][info][gc,start       ] GC(402) Pause Young (Concurrent Start) (G1 Humongous Allocation)
[2026-05-06T01:32:23.609+0100][14.162s][info][gc,task        ] GC(402) Using 9 workers of 9 for evacuation
[2026-05-06T01:32:23.609+0100][14.163s][info][gc,phases      ] GC(402)   Pre Evacuate Collection Set: 0.1ms
[2026-05-06T01:32:23.609+0100][14.163s][info][gc,phases      ] GC(402)   Merge Heap Roots: 0.0ms
[2026-05-06T01:32:23.609+0100][14.163s][info][gc,phases      ] GC(402)   Evacuate Collection Set: 0.2ms
[2026-05-06T01:32:23.609+0100][14.163s][info][gc,phases      ] GC(402)   Post Evacuate Collection Set: 0.1ms
[2026-05-06T01:32:23.609+0100][14.163s][info][gc,phases      ] GC(402)   Other: 0.0ms
[2026-05-06T01:32:23.609+0100][14.163s][info][gc,heap        ] GC(402) Eden regions: 2->0(215)
[2026-05-06T01:32:23.609+0100][14.163s][info][gc,heap        ] GC(402) Survivor regions: 1->1(27)
[2026-05-06T01:32:23.609+0100][14.163s][info][gc,heap        ] GC(402) Old regions: 12->12
[2026-05-06T01:32:23.609+0100][14.163s][info][gc,heap        ] GC(402) Humongous regions: 169->96
[2026-05-06T01:32:23.609+0100][14.163s][info][gc,metaspace   ] GC(402) Metaspace: 19168K(19520K)->19168K(19520K) NonClass: 16926K(17152K)->16926K(17152K) Class: 2241K(2368K)->2241K(2368K)
[2026-05-06T01:32:23.609+0100][14.163s][info][gc             ] GC(402) Pause Young (Concurrent Start) (G1 Humongous Allocation) 352M->203M(720M) 0.565ms
[2026-05-06T01:32:23.609+0100][14.163s][info][gc,cpu         ] GC(402) User=0.00s Sys=0.00s Real=0.00s
[2026-05-06T01:32:23.609+0100][14.163s][info][gc             ] GC(403) Concurrent Undo Cycle
[2026-05-06T01:32:23.609+0100][14.163s][info][gc,marking     ] GC(403) Concurrent Clear Claimed Marks
[2026-05-06T01:32:23.609+0100][14.163s][info][gc,marking     ] GC(403) Concurrent Clear Claimed Marks 0.007ms
[2026-05-06T01:32:23.609+0100][14.163s][info][gc,marking     ] GC(403) Concurrent Cleanup for Next Mark
[2026-05-06T01:32:23.609+0100][14.163s][info][gc,marking     ] GC(403) Concurrent Cleanup for Next Mark 0.033ms
[2026-05-06T01:32:23.609+0100][14.163s][info][gc             ] GC(403) Concurrent Undo Cycle 0.064ms
[2026-05-06T01:32:23.765+0100][14.319s][info][gc,start       ] GC(404) Pause Young (Concurrent Start) (G1 Humongous Allocation)
[2026-05-06T01:32:23.765+0100][14.319s][info][gc,task        ] GC(404) Using 9 workers of 9 for evacuation
[2026-05-06T01:32:23.766+0100][14.319s][info][gc,phases      ] GC(404)   Pre Evacuate Collection Set: 0.1ms
[2026-05-06T01:32:23.766+0100][14.319s][info][gc,phases      ] GC(404)   Merge Heap Roots: 0.0ms
[2026-05-06T01:32:23.766+0100][14.319s][info][gc,phases      ] GC(404)   Evacuate Collection Set: 0.2ms
[2026-05-06T01:32:23.766+0100][14.319s][info][gc,phases      ] GC(404)   Post Evacuate Collection Set: 0.1ms
[2026-05-06T01:32:23.766+0100][14.319s][info][gc,phases      ] GC(404)   Other: 0.0ms
[2026-05-06T01:32:23.766+0100][14.319s][info][gc,heap        ] GC(404) Eden regions: 2->0(215)
[2026-05-06T01:32:23.766+0100][14.319s][info][gc,heap        ] GC(404) Survivor regions: 1->1(27)
[2026-05-06T01:32:23.766+0100][14.319s][info][gc,heap        ] GC(404) Old regions: 12->12
[2026-05-06T01:32:23.766+0100][14.320s][info][gc,heap        ] GC(404) Humongous regions: 169->96
[2026-05-06T01:32:23.766+0100][14.320s][info][gc,metaspace   ] GC(404) Metaspace: 19168K(19520K)->19168K(19520K) NonClass: 16926K(17152K)->16926K(17152K) Class: 2241K(2368K)->2241K(2368K)
[2026-05-06T01:32:23.766+0100][14.320s][info][gc             ] GC(404) Pause Young (Concurrent Start) (G1 Humongous Allocation) 352M->203M(720M) 0.559ms
[2026-05-06T01:32:23.766+0100][14.320s][info][gc,cpu         ] GC(404) User=0.01s Sys=0.00s Real=0.00s
[2026-05-06T01:32:23.766+0100][14.320s][info][gc             ] GC(405) Concurrent Undo Cycle
[2026-05-06T01:32:23.766+0100][14.320s][info][gc,marking     ] GC(405) Concurrent Clear Claimed Marks
[2026-05-06T01:32:23.766+0100][14.320s][info][gc,marking     ] GC(405) Concurrent Clear Claimed Marks 0.008ms
[2026-05-06T01:32:23.766+0100][14.320s][info][gc,marking     ] GC(405) Concurrent Cleanup for Next Mark
[2026-05-06T01:32:23.766+0100][14.320s][info][gc,marking     ] GC(405) Concurrent Cleanup for Next Mark 0.029ms
[2026-05-06T01:32:23.766+0100][14.320s][info][gc             ] GC(405) Concurrent Undo Cycle 0.071ms
[2026-05-06T01:32:23.925+0100][14.479s][info][gc,start       ] GC(406) Pause Young (Concurrent Start) (G1 Humongous Allocation)
[2026-05-06T01:32:23.925+0100][14.479s][info][gc,task        ] GC(406) Using 9 workers of 9 for evacuation
[2026-05-06T01:32:23.926+0100][14.479s][info][gc,phases      ] GC(406)   Pre Evacuate Collection Set: 0.1ms
[2026-05-06T01:32:23.926+0100][14.479s][info][gc,phases      ] GC(406)   Merge Heap Roots: 0.0ms
[2026-05-06T01:32:23.926+0100][14.479s][info][gc,phases      ] GC(406)   Evacuate Collection Set: 0.2ms
[2026-05-06T01:32:23.926+0100][14.479s][info][gc,phases      ] GC(406)   Post Evacuate Collection Set: 0.2ms
[2026-05-06T01:32:23.926+0100][14.479s][info][gc,phases      ] GC(406)   Other: 0.0ms
[2026-05-06T01:32:23.926+0100][14.479s][info][gc,heap        ] GC(406) Eden regions: 2->0(215)
[2026-05-06T01:32:23.926+0100][14.479s][info][gc,heap        ] GC(406) Survivor regions: 1->1(27)
[2026-05-06T01:32:23.926+0100][14.479s][info][gc,heap        ] GC(406) Old regions: 12->12
[2026-05-06T01:32:23.926+0100][14.479s][info][gc,heap        ] GC(406) Humongous regions: 169->96
[2026-05-06T01:32:23.926+0100][14.479s][info][gc,metaspace   ] GC(406) Metaspace: 19170K(19520K)->19170K(19520K) NonClass: 16928K(17152K)->16928K(17152K) Class: 2241K(2368K)->2241K(2368K)
[2026-05-06T01:32:23.926+0100][14.479s][info][gc             ] GC(406) Pause Young (Concurrent Start) (G1 Humongous Allocation) 352M->203M(720M) 0.622ms
[2026-05-06T01:32:23.926+0100][14.479s][info][gc,cpu         ] GC(406) User=0.00s Sys=0.01s Real=0.00s
[2026-05-06T01:32:23.926+0100][14.479s][info][gc             ] GC(407) Concurrent Undo Cycle
[2026-05-06T01:32:23.926+0100][14.480s][info][gc,marking     ] GC(407) Concurrent Clear Claimed Marks
[2026-05-06T01:32:23.926+0100][14.480s][info][gc,marking     ] GC(407) Concurrent Clear Claimed Marks 0.009ms
[2026-05-06T01:32:23.926+0100][14.480s][info][gc,marking     ] GC(407) Concurrent Cleanup for Next Mark
[2026-05-06T01:32:23.926+0100][14.480s][info][gc,marking     ] GC(407) Concurrent Cleanup for Next Mark 0.027ms
[2026-05-06T01:32:23.926+0100][14.480s][info][gc             ] GC(407) Concurrent Undo Cycle 0.078ms
[2026-05-06T01:32:24.088+0100][14.642s][info][gc,start       ] GC(408) Pause Young (Concurrent Start) (G1 Humongous Allocation)
[2026-05-06T01:32:24.088+0100][14.642s][info][gc,task        ] GC(408) Using 9 workers of 9 for evacuation
[2026-05-06T01:32:24.089+0100][14.643s][info][gc,phases      ] GC(408)   Pre Evacuate Collection Set: 0.1ms
[2026-05-06T01:32:24.089+0100][14.643s][info][gc,phases      ] GC(408)   Merge Heap Roots: 0.0ms
[2026-05-06T01:32:24.089+0100][14.643s][info][gc,phases      ] GC(408)   Evacuate Collection Set: 0.3ms
[2026-05-06T01:32:24.089+0100][14.643s][info][gc,phases      ] GC(408)   Post Evacuate Collection Set: 0.1ms
[2026-05-06T01:32:24.089+0100][14.643s][info][gc,phases      ] GC(408)   Other: 0.0ms
[2026-05-06T01:32:24.089+0100][14.643s][info][gc,heap        ] GC(408) Eden regions: 2->0(215)
[2026-05-06T01:32:24.089+0100][14.643s][info][gc,heap        ] GC(408) Survivor regions: 1->1(27)
[2026-05-06T01:32:24.089+0100][14.643s][info][gc,heap        ] GC(408) Old regions: 12->12
[2026-05-06T01:32:24.089+0100][14.643s][info][gc,heap        ] GC(408) Humongous regions: 169->96
[2026-05-06T01:32:24.089+0100][14.643s][info][gc,metaspace   ] GC(408) Metaspace: 19170K(19520K)->19170K(19520K) NonClass: 16928K(17152K)->16928K(17152K) Class: 2241K(2368K)->2241K(2368K)
[2026-05-06T01:32:24.089+0100][14.643s][info][gc             ] GC(408) Pause Young (Concurrent Start) (G1 Humongous Allocation) 352M->203M(720M) 0.687ms
[2026-05-06T01:32:24.089+0100][14.643s][info][gc,cpu         ] GC(408) User=0.00s Sys=0.00s Real=0.00s
[2026-05-06T01:32:24.089+0100][14.643s][info][gc             ] GC(409) Concurrent Undo Cycle
[2026-05-06T01:32:24.089+0100][14.643s][info][gc,marking     ] GC(409) Concurrent Clear Claimed Marks
[2026-05-06T01:32:24.089+0100][14.643s][info][gc,marking     ] GC(409) Concurrent Clear Claimed Marks 0.013ms
[2026-05-06T01:32:24.089+0100][14.643s][info][gc,marking     ] GC(409) Concurrent Cleanup for Next Mark
[2026-05-06T01:32:24.089+0100][14.643s][info][gc,marking     ] GC(409) Concurrent Cleanup for Next Mark 0.039ms
[2026-05-06T01:32:24.089+0100][14.643s][info][gc             ] GC(409) Concurrent Undo Cycle 0.089ms
[2026-05-06T01:32:24.245+0100][14.799s][info][gc,start       ] GC(410) Pause Young (Concurrent Start) (G1 Humongous Allocation)
[2026-05-06T01:32:24.246+0100][14.799s][info][gc,task        ] GC(410) Using 9 workers of 9 for evacuation
[2026-05-06T01:32:24.246+0100][14.800s][info][gc,phases      ] GC(410)   Pre Evacuate Collection Set: 0.1ms
[2026-05-06T01:32:24.246+0100][14.800s][info][gc,phases      ] GC(410)   Merge Heap Roots: 0.0ms
[2026-05-06T01:32:24.246+0100][14.800s][info][gc,phases      ] GC(410)   Evacuate Collection Set: 0.2ms
[2026-05-06T01:32:24.246+0100][14.800s][info][gc,phases      ] GC(410)   Post Evacuate Collection Set: 0.1ms
[2026-05-06T01:32:24.246+0100][14.800s][info][gc,phases      ] GC(410)   Other: 0.0ms
[2026-05-06T01:32:24.246+0100][14.800s][info][gc,heap        ] GC(410) Eden regions: 2->0(215)
[2026-05-06T01:32:24.246+0100][14.800s][info][gc,heap        ] GC(410) Survivor regions: 1->1(27)
[2026-05-06T01:32:24.246+0100][14.800s][info][gc,heap        ] GC(410) Old regions: 12->12
[2026-05-06T01:32:24.246+0100][14.800s][info][gc,heap        ] GC(410) Humongous regions: 169->96
[2026-05-06T01:32:24.246+0100][14.800s][info][gc,metaspace   ] GC(410) Metaspace: 19170K(19520K)->19170K(19520K) NonClass: 16928K(17152K)->16928K(17152K) Class: 2241K(2368K)->2241K(2368K)
[2026-05-06T01:32:24.246+0100][14.800s][info][gc             ] GC(410) Pause Young (Concurrent Start) (G1 Humongous Allocation) 352M->203M(720M) 0.609ms
[2026-05-06T01:32:24.246+0100][14.800s][info][gc,cpu         ] GC(410) User=0.00s Sys=0.00s Real=0.00s
[2026-05-06T01:32:24.246+0100][14.800s][info][gc             ] GC(411) Concurrent Undo Cycle
[2026-05-06T01:32:24.246+0100][14.800s][info][gc,marking     ] GC(411) Concurrent Clear Claimed Marks
[2026-05-06T01:32:24.246+0100][14.800s][info][gc,marking     ] GC(411) Concurrent Clear Claimed Marks 0.016ms
[2026-05-06T01:32:24.246+0100][14.800s][info][gc,marking     ] GC(411) Concurrent Cleanup for Next Mark
[2026-05-06T01:32:24.246+0100][14.800s][info][gc,marking     ] GC(411) Concurrent Cleanup for Next Mark 0.030ms
[2026-05-06T01:32:24.246+0100][14.800s][info][gc             ] GC(411) Concurrent Undo Cycle 0.087ms
[2026-05-06T01:32:24.338+0100][14.892s][info][gc,start       ] GC(412) Pause Full (System.gc())
[2026-05-06T01:32:24.338+0100][14.892s][info][gc,task        ] GC(412) Using 9 workers of 9 for full compaction
[2026-05-06T01:32:24.338+0100][14.892s][info][gc,phases,start] GC(412) Phase 1: Mark live objects
[2026-05-06T01:32:24.341+0100][14.895s][info][gc,phases      ] GC(412) Phase 1: Mark live objects 2.371ms
[2026-05-06T01:32:24.341+0100][14.895s][info][gc,phases,start] GC(412) Phase 2: Prepare compaction
[2026-05-06T01:32:24.341+0100][14.895s][info][gc,phases      ] GC(412) Phase 2: Prepare compaction 0.291ms
[2026-05-06T01:32:24.341+0100][14.895s][info][gc,phases,start] GC(412) Phase 3: Adjust pointers
[2026-05-06T01:32:24.343+0100][14.896s][info][gc,phases      ] GC(412) Phase 3: Adjust pointers 1.547ms
[2026-05-06T01:32:24.343+0100][14.896s][info][gc,phases,start] GC(412) Phase 4: Compact heap
[2026-05-06T01:32:24.343+0100][14.897s][info][gc,phases      ] GC(412) Phase 4: Compact heap 0.284ms
[2026-05-06T01:32:24.343+0100][14.897s][info][gc,phases,start] GC(412) Phase 5: Reset Metadata
[2026-05-06T01:32:24.343+0100][14.897s][info][gc,phases      ] GC(412) Phase 5: Reset Metadata 0.334ms
[2026-05-06T01:32:24.344+0100][14.898s][info][gc,heap        ] GC(412) Eden regions: 1->0(216)
[2026-05-06T01:32:24.344+0100][14.898s][info][gc,heap        ] GC(412) Survivor regions: 1->0(27)
[2026-05-06T01:32:24.344+0100][14.898s][info][gc,heap        ] GC(412) Old regions: 12->12
[2026-05-06T01:32:24.344+0100][14.898s][info][gc,heap        ] GC(412) Humongous regions: 169->96
[2026-05-06T01:32:24.344+0100][14.898s][info][gc,metaspace   ] GC(412) Metaspace: 19170K(19520K)->19170K(19520K) NonClass: 16928K(17152K)->16928K(17152K) Class: 2241K(2368K)->2241K(2368K)
[2026-05-06T01:32:24.344+0100][14.898s][info][gc             ] GC(412) Pause Full (System.gc()) 351M->203M(720M) 5.492ms
[2026-05-06T01:32:24.344+0100][14.898s][info][gc,cpu         ] GC(412) User=0.02s Sys=0.01s Real=0.01s
[2026-05-06T01:32:24.406+0100][14.960s][info][gc,start       ] GC(413) Pause Young (Concurrent Start) (G1 Humongous Allocation)
[2026-05-06T01:32:24.406+0100][14.960s][info][gc,task        ] GC(413) Using 9 workers of 9 for evacuation
[2026-05-06T01:32:24.406+0100][14.960s][info][gc,phases      ] GC(413)   Pre Evacuate Collection Set: 0.1ms
[2026-05-06T01:32:24.406+0100][14.960s][info][gc,phases      ] GC(413)   Merge Heap Roots: 0.0ms
[2026-05-06T01:32:24.406+0100][14.960s][info][gc,phases      ] GC(413)   Evacuate Collection Set: 0.2ms
[2026-05-06T01:32:24.406+0100][14.960s][info][gc,phases      ] GC(413)   Post Evacuate Collection Set: 0.2ms
[2026-05-06T01:32:24.406+0100][14.960s][info][gc,phases      ] GC(413)   Other: 0.0ms
[2026-05-06T01:32:24.406+0100][14.960s][info][gc,heap        ] GC(413) Eden regions: 1->0(215)
[2026-05-06T01:32:24.406+0100][14.960s][info][gc,heap        ] GC(413) Survivor regions: 0->1(27)
[2026-05-06T01:32:24.406+0100][14.960s][info][gc,heap        ] GC(413) Old regions: 12->12
[2026-05-06T01:32:24.406+0100][14.960s][info][gc,heap        ] GC(413) Humongous regions: 96->96
[2026-05-06T01:32:24.406+0100][14.960s][info][gc,metaspace   ] GC(413) Metaspace: 19170K(19520K)->19170K(19520K) NonClass: 16928K(17152K)->16928K(17152K) Class: 2241K(2368K)->2241K(2368K)
[2026-05-06T01:32:24.406+0100][14.960s][info][gc             ] GC(413) Pause Young (Concurrent Start) (G1 Humongous Allocation) 205M->203M(720M) 0.576ms
[2026-05-06T01:32:24.406+0100][14.960s][info][gc,cpu         ] GC(413) User=0.00s Sys=0.00s Real=0.00s
[2026-05-06T01:32:24.406+0100][14.960s][info][gc             ] GC(414) Concurrent Undo Cycle
[2026-05-06T01:32:24.406+0100][14.960s][info][gc,marking     ] GC(414) Concurrent Clear Claimed Marks
[2026-05-06T01:32:24.406+0100][14.960s][info][gc,marking     ] GC(414) Concurrent Clear Claimed Marks 0.008ms
[2026-05-06T01:32:24.406+0100][14.960s][info][gc,marking     ] GC(414) Concurrent Cleanup for Next Mark
[2026-05-06T01:32:24.406+0100][14.960s][info][gc,marking     ] GC(414) Concurrent Cleanup for Next Mark 0.038ms
[2026-05-06T01:32:24.406+0100][14.960s][info][gc             ] GC(414) Concurrent Undo Cycle 0.080ms
[2026-05-06T01:32:24.558+0100][15.112s][info][gc,start       ] GC(415) Pause Young (Concurrent Start) (G1 Humongous Allocation)
[2026-05-06T01:32:24.558+0100][15.112s][info][gc,task        ] GC(415) Using 9 workers of 9 for evacuation
[2026-05-06T01:32:24.559+0100][15.113s][info][gc,phases      ] GC(415)   Pre Evacuate Collection Set: 0.1ms
[2026-05-06T01:32:24.559+0100][15.113s][info][gc,phases      ] GC(415)   Merge Heap Roots: 0.0ms
[2026-05-06T01:32:24.559+0100][15.113s][info][gc,phases      ] GC(415)   Evacuate Collection Set: 0.2ms
[2026-05-06T01:32:24.559+0100][15.113s][info][gc,phases      ] GC(415)   Post Evacuate Collection Set: 0.1ms
[2026-05-06T01:32:24.559+0100][15.113s][info][gc,phases      ] GC(415)   Other: 0.0ms
[2026-05-06T01:32:24.559+0100][15.113s][info][gc,heap        ] GC(415) Eden regions: 1->0(215)
[2026-05-06T01:32:24.559+0100][15.113s][info][gc,heap        ] GC(415) Survivor regions: 1->1(27)
[2026-05-06T01:32:24.559+0100][15.113s][info][gc,heap        ] GC(415) Old regions: 12->12
[2026-05-06T01:32:24.559+0100][15.113s][info][gc,heap        ] GC(415) Humongous regions: 169->96
[2026-05-06T01:32:24.559+0100][15.113s][info][gc,metaspace   ] GC(415) Metaspace: 19170K(19520K)->19170K(19520K) NonClass: 16928K(17152K)->16928K(17152K) Class: 2241K(2368K)->2241K(2368K)
[2026-05-06T01:32:24.559+0100][15.113s][info][gc             ] GC(415) Pause Young (Concurrent Start) (G1 Humongous Allocation) 351M->203M(720M) 0.580ms
[2026-05-06T01:32:24.559+0100][15.113s][info][gc,cpu         ] GC(415) User=0.01s Sys=0.00s Real=0.00s
[2026-05-06T01:32:24.559+0100][15.113s][info][gc             ] GC(416) Concurrent Undo Cycle
[2026-05-06T01:32:24.559+0100][15.113s][info][gc,marking     ] GC(416) Concurrent Clear Claimed Marks
[2026-05-06T01:32:24.559+0100][15.113s][info][gc,marking     ] GC(416) Concurrent Clear Claimed Marks 0.008ms
[2026-05-06T01:32:24.559+0100][15.113s][info][gc,marking     ] GC(416) Concurrent Cleanup for Next Mark
[2026-05-06T01:32:24.559+0100][15.113s][info][gc,marking     ] GC(416) Concurrent Cleanup for Next Mark 0.039ms
[2026-05-06T01:32:24.559+0100][15.113s][info][gc             ] GC(416) Concurrent Undo Cycle 0.078ms
[2026-05-06T01:32:24.711+0100][15.265s][info][gc,start       ] GC(417) Pause Young (Concurrent Start) (G1 Humongous Allocation)
[2026-05-06T01:32:24.711+0100][15.265s][info][gc,task        ] GC(417) Using 9 workers of 9 for evacuation
[2026-05-06T01:32:24.712+0100][15.265s][info][gc,phases      ] GC(417)   Pre Evacuate Collection Set: 0.1ms
[2026-05-06T01:32:24.712+0100][15.265s][info][gc,phases      ] GC(417)   Merge Heap Roots: 0.0ms
[2026-05-06T01:32:24.712+0100][15.265s][info][gc,phases      ] GC(417)   Evacuate Collection Set: 0.1ms
[2026-05-06T01:32:24.712+0100][15.265s][info][gc,phases      ] GC(417)   Post Evacuate Collection Set: 0.1ms
[2026-05-06T01:32:24.712+0100][15.265s][info][gc,phases      ] GC(417)   Other: 0.0ms
[2026-05-06T01:32:24.712+0100][15.265s][info][gc,heap        ] GC(417) Eden regions: 2->0(215)
[2026-05-06T01:32:24.712+0100][15.265s][info][gc,heap        ] GC(417) Survivor regions: 1->1(27)
[2026-05-06T01:32:24.712+0100][15.265s][info][gc,heap        ] GC(417) Old regions: 12->12
[2026-05-06T01:32:24.712+0100][15.265s][info][gc,heap        ] GC(417) Humongous regions: 169->96
[2026-05-06T01:32:24.712+0100][15.265s][info][gc,metaspace   ] GC(417) Metaspace: 19170K(19520K)->19170K(19520K) NonClass: 16928K(17152K)->16928K(17152K) Class: 2241K(2368K)->2241K(2368K)
[2026-05-06T01:32:24.712+0100][15.265s][info][gc             ] GC(417) Pause Young (Concurrent Start) (G1 Humongous Allocation) 352M->203M(720M) 0.526ms
[2026-05-06T01:32:24.712+0100][15.265s][info][gc,cpu         ] GC(417) User=0.00s Sys=0.00s Real=0.00s
[2026-05-06T01:32:24.712+0100][15.265s][info][gc             ] GC(418) Concurrent Undo Cycle
[2026-05-06T01:32:24.712+0100][15.265s][info][gc,marking     ] GC(418) Concurrent Clear Claimed Marks
[2026-05-06T01:32:24.712+0100][15.265s][info][gc,marking     ] GC(418) Concurrent Clear Claimed Marks 0.007ms
[2026-05-06T01:32:24.712+0100][15.265s][info][gc,marking     ] GC(418) Concurrent Cleanup for Next Mark
[2026-05-06T01:32:24.712+0100][15.265s][info][gc,marking     ] GC(418) Concurrent Cleanup for Next Mark 0.021ms
[2026-05-06T01:32:24.712+0100][15.265s][info][gc             ] GC(418) Concurrent Undo Cycle 0.053ms
[2026-05-06T01:32:24.866+0100][15.419s][info][gc,start       ] GC(419) Pause Young (Concurrent Start) (G1 Humongous Allocation)
[2026-05-06T01:32:24.866+0100][15.419s][info][gc,task        ] GC(419) Using 9 workers of 9 for evacuation
[2026-05-06T01:32:24.866+0100][15.420s][info][gc,phases      ] GC(419)   Pre Evacuate Collection Set: 0.1ms
[2026-05-06T01:32:24.866+0100][15.420s][info][gc,phases      ] GC(419)   Merge Heap Roots: 0.0ms
[2026-05-06T01:32:24.866+0100][15.420s][info][gc,phases      ] GC(419)   Evacuate Collection Set: 0.2ms
[2026-05-06T01:32:24.866+0100][15.420s][info][gc,phases      ] GC(419)   Post Evacuate Collection Set: 0.1ms
[2026-05-06T01:32:24.866+0100][15.420s][info][gc,phases      ] GC(419)   Other: 0.0ms
[2026-05-06T01:32:24.866+0100][15.420s][info][gc,heap        ] GC(419) Eden regions: 2->0(215)
[2026-05-06T01:32:24.866+0100][15.420s][info][gc,heap        ] GC(419) Survivor regions: 1->1(27)
[2026-05-06T01:32:24.866+0100][15.420s][info][gc,heap        ] GC(419) Old regions: 12->12
[2026-05-06T01:32:24.866+0100][15.420s][info][gc,heap        ] GC(419) Humongous regions: 169->96
[2026-05-06T01:32:24.866+0100][15.420s][info][gc,metaspace   ] GC(419) Metaspace: 19170K(19520K)->19170K(19520K) NonClass: 16928K(17152K)->16928K(17152K) Class: 2241K(2368K)->2241K(2368K)
[2026-05-06T01:32:24.866+0100][15.420s][info][gc             ] GC(419) Pause Young (Concurrent Start) (G1 Humongous Allocation) 352M->203M(720M) 0.516ms
[2026-05-06T01:32:24.866+0100][15.420s][info][gc,cpu         ] GC(419) User=0.00s Sys=0.00s Real=0.00s
[2026-05-06T01:32:24.866+0100][15.420s][info][gc             ] GC(420) Concurrent Undo Cycle
[2026-05-06T01:32:24.866+0100][15.420s][info][gc,marking     ] GC(420) Concurrent Clear Claimed Marks
[2026-05-06T01:32:24.866+0100][15.420s][info][gc,marking     ] GC(420) Concurrent Clear Claimed Marks 0.008ms
[2026-05-06T01:32:24.866+0100][15.420s][info][gc,marking     ] GC(420) Concurrent Cleanup for Next Mark
[2026-05-06T01:32:24.866+0100][15.420s][info][gc,marking     ] GC(420) Concurrent Cleanup for Next Mark 0.034ms
[2026-05-06T01:32:24.866+0100][15.420s][info][gc             ] GC(420) Concurrent Undo Cycle 0.075ms
[2026-05-06T01:32:25.028+0100][15.582s][info][gc,start       ] GC(421) Pause Young (Concurrent Start) (G1 Humongous Allocation)
[2026-05-06T01:32:25.028+0100][15.582s][info][gc,task        ] GC(421) Using 9 workers of 9 for evacuation
[2026-05-06T01:32:25.028+0100][15.582s][info][gc,phases      ] GC(421)   Pre Evacuate Collection Set: 0.1ms
[2026-05-06T01:32:25.028+0100][15.582s][info][gc,phases      ] GC(421)   Merge Heap Roots: 0.0ms
[2026-05-06T01:32:25.028+0100][15.582s][info][gc,phases      ] GC(421)   Evacuate Collection Set: 0.2ms
[2026-05-06T01:32:25.028+0100][15.582s][info][gc,phases      ] GC(421)   Post Evacuate Collection Set: 0.1ms
[2026-05-06T01:32:25.028+0100][15.582s][info][gc,phases      ] GC(421)   Other: 0.0ms
[2026-05-06T01:32:25.028+0100][15.582s][info][gc,heap        ] GC(421) Eden regions: 2->0(215)
[2026-05-06T01:32:25.028+0100][15.582s][info][gc,heap        ] GC(421) Survivor regions: 1->1(27)
[2026-05-06T01:32:25.028+0100][15.582s][info][gc,heap        ] GC(421) Old regions: 12->12
[2026-05-06T01:32:25.028+0100][15.582s][info][gc,heap        ] GC(421) Humongous regions: 169->96
[2026-05-06T01:32:25.028+0100][15.582s][info][gc,metaspace   ] GC(421) Metaspace: 19170K(19520K)->19170K(19520K) NonClass: 16928K(17152K)->16928K(17152K) Class: 2241K(2368K)->2241K(2368K)
[2026-05-06T01:32:25.028+0100][15.582s][info][gc             ] GC(421) Pause Young (Concurrent Start) (G1 Humongous Allocation) 352M->203M(720M) 0.555ms
[2026-05-06T01:32:25.028+0100][15.582s][info][gc,cpu         ] GC(421) User=0.00s Sys=0.00s Real=0.00s
[2026-05-06T01:32:25.028+0100][15.582s][info][gc             ] GC(422) Concurrent Undo Cycle
[2026-05-06T01:32:25.028+0100][15.582s][info][gc,marking     ] GC(422) Concurrent Clear Claimed Marks
[2026-05-06T01:32:25.028+0100][15.582s][info][gc,marking     ] GC(422) Concurrent Clear Claimed Marks 0.009ms
[2026-05-06T01:32:25.028+0100][15.582s][info][gc,marking     ] GC(422) Concurrent Cleanup for Next Mark
[2026-05-06T01:32:25.028+0100][15.582s][info][gc,marking     ] GC(422) Concurrent Cleanup for Next Mark 0.035ms
[2026-05-06T01:32:25.028+0100][15.582s][info][gc             ] GC(422) Concurrent Undo Cycle 0.082ms
[2026-05-06T01:32:25.181+0100][15.735s][info][gc,start       ] GC(423) Pause Young (Concurrent Start) (G1 Humongous Allocation)
[2026-05-06T01:32:25.181+0100][15.735s][info][gc,task        ] GC(423) Using 9 workers of 9 for evacuation
[2026-05-06T01:32:25.182+0100][15.735s][info][gc,phases      ] GC(423)   Pre Evacuate Collection Set: 0.1ms
[2026-05-06T01:32:25.182+0100][15.735s][info][gc,phases      ] GC(423)   Merge Heap Roots: 0.0ms
[2026-05-06T01:32:25.182+0100][15.735s][info][gc,phases      ] GC(423)   Evacuate Collection Set: 0.2ms
[2026-05-06T01:32:25.182+0100][15.735s][info][gc,phases      ] GC(423)   Post Evacuate Collection Set: 0.1ms
[2026-05-06T01:32:25.182+0100][15.735s][info][gc,phases      ] GC(423)   Other: 0.0ms
[2026-05-06T01:32:25.182+0100][15.735s][info][gc,heap        ] GC(423) Eden regions: 2->0(215)
[2026-05-06T01:32:25.182+0100][15.735s][info][gc,heap        ] GC(423) Survivor regions: 1->1(27)
[2026-05-06T01:32:25.182+0100][15.735s][info][gc,heap        ] GC(423) Old regions: 12->12
[2026-05-06T01:32:25.182+0100][15.735s][info][gc,heap        ] GC(423) Humongous regions: 169->96
[2026-05-06T01:32:25.182+0100][15.735s][info][gc,metaspace   ] GC(423) Metaspace: 19170K(19520K)->19170K(19520K) NonClass: 16928K(17152K)->16928K(17152K) Class: 2241K(2368K)->2241K(2368K)
[2026-05-06T01:32:25.182+0100][15.735s][info][gc             ] GC(423) Pause Young (Concurrent Start) (G1 Humongous Allocation) 352M->203M(720M) 0.527ms
[2026-05-06T01:32:25.182+0100][15.735s][info][gc,cpu         ] GC(423) User=0.00s Sys=0.00s Real=0.00s
[2026-05-06T01:32:25.182+0100][15.735s][info][gc             ] GC(424) Concurrent Undo Cycle
[2026-05-06T01:32:25.182+0100][15.735s][info][gc,marking     ] GC(424) Concurrent Clear Claimed Marks
[2026-05-06T01:32:25.182+0100][15.735s][info][gc,marking     ] GC(424) Concurrent Clear Claimed Marks 0.007ms
[2026-05-06T01:32:25.182+0100][15.735s][info][gc,marking     ] GC(424) Concurrent Cleanup for Next Mark
[2026-05-06T01:32:25.182+0100][15.735s][info][gc,marking     ] GC(424) Concurrent Cleanup for Next Mark 0.037ms
[2026-05-06T01:32:25.182+0100][15.735s][info][gc             ] GC(424) Concurrent Undo Cycle 0.073ms
[2026-05-06T01:32:25.334+0100][15.887s][info][gc,start       ] GC(425) Pause Young (Concurrent Start) (G1 Humongous Allocation)
[2026-05-06T01:32:25.334+0100][15.887s][info][gc,task        ] GC(425) Using 9 workers of 9 for evacuation
[2026-05-06T01:32:25.334+0100][15.888s][info][gc,phases      ] GC(425)   Pre Evacuate Collection Set: 0.1ms
[2026-05-06T01:32:25.334+0100][15.888s][info][gc,phases      ] GC(425)   Merge Heap Roots: 0.0ms
[2026-05-06T01:32:25.334+0100][15.888s][info][gc,phases      ] GC(425)   Evacuate Collection Set: 0.2ms
[2026-05-06T01:32:25.334+0100][15.888s][info][gc,phases      ] GC(425)   Post Evacuate Collection Set: 0.1ms
[2026-05-06T01:32:25.334+0100][15.888s][info][gc,phases      ] GC(425)   Other: 0.0ms
[2026-05-06T01:32:25.334+0100][15.888s][info][gc,heap        ] GC(425) Eden regions: 2->0(215)
[2026-05-06T01:32:25.334+0100][15.888s][info][gc,heap        ] GC(425) Survivor regions: 1->1(27)
[2026-05-06T01:32:25.334+0100][15.888s][info][gc,heap        ] GC(425) Old regions: 12->12
[2026-05-06T01:32:25.334+0100][15.888s][info][gc,heap        ] GC(425) Humongous regions: 169->96
[2026-05-06T01:32:25.334+0100][15.888s][info][gc,metaspace   ] GC(425) Metaspace: 19170K(19520K)->19170K(19520K) NonClass: 16928K(17152K)->16928K(17152K) Class: 2241K(2368K)->2241K(2368K)
[2026-05-06T01:32:25.334+0100][15.888s][info][gc             ] GC(425) Pause Young (Concurrent Start) (G1 Humongous Allocation) 352M->203M(720M) 0.521ms
[2026-05-06T01:32:25.334+0100][15.888s][info][gc,cpu         ] GC(425) User=0.00s Sys=0.00s Real=0.00s
[2026-05-06T01:32:25.334+0100][15.888s][info][gc             ] GC(426) Concurrent Undo Cycle
[2026-05-06T01:32:25.334+0100][15.888s][info][gc,marking     ] GC(426) Concurrent Clear Claimed Marks
[2026-05-06T01:32:25.334+0100][15.888s][info][gc,marking     ] GC(426) Concurrent Clear Claimed Marks 0.007ms
[2026-05-06T01:32:25.334+0100][15.888s][info][gc,marking     ] GC(426) Concurrent Cleanup for Next Mark
[2026-05-06T01:32:25.334+0100][15.888s][info][gc,marking     ] GC(426) Concurrent Cleanup for Next Mark 0.030ms
[2026-05-06T01:32:25.334+0100][15.888s][info][gc             ] GC(426) Concurrent Undo Cycle 0.063ms
[2026-05-06T01:32:25.487+0100][16.041s][info][gc,start       ] GC(427) Pause Young (Concurrent Start) (G1 Humongous Allocation)
[2026-05-06T01:32:25.487+0100][16.041s][info][gc,task        ] GC(427) Using 9 workers of 9 for evacuation
[2026-05-06T01:32:25.487+0100][16.041s][info][gc,phases      ] GC(427)   Pre Evacuate Collection Set: 0.1ms
[2026-05-06T01:32:25.487+0100][16.041s][info][gc,phases      ] GC(427)   Merge Heap Roots: 0.0ms
[2026-05-06T01:32:25.487+0100][16.041s][info][gc,phases      ] GC(427)   Evacuate Collection Set: 0.1ms
[2026-05-06T01:32:25.487+0100][16.041s][info][gc,phases      ] GC(427)   Post Evacuate Collection Set: 0.1ms
[2026-05-06T01:32:25.487+0100][16.041s][info][gc,phases      ] GC(427)   Other: 0.0ms
[2026-05-06T01:32:25.487+0100][16.041s][info][gc,heap        ] GC(427) Eden regions: 2->0(215)
[2026-05-06T01:32:25.487+0100][16.041s][info][gc,heap        ] GC(427) Survivor regions: 1->1(27)
[2026-05-06T01:32:25.487+0100][16.041s][info][gc,heap        ] GC(427) Old regions: 12->12
[2026-05-06T01:32:25.487+0100][16.041s][info][gc,heap        ] GC(427) Humongous regions: 169->96
[2026-05-06T01:32:25.487+0100][16.041s][info][gc,metaspace   ] GC(427) Metaspace: 19170K(19520K)->19170K(19520K) NonClass: 16928K(17152K)->16928K(17152K) Class: 2241K(2368K)->2241K(2368K)
[2026-05-06T01:32:25.487+0100][16.041s][info][gc             ] GC(427) Pause Young (Concurrent Start) (G1 Humongous Allocation) 352M->203M(720M) 0.499ms
[2026-05-06T01:32:25.487+0100][16.041s][info][gc,cpu         ] GC(427) User=0.00s Sys=0.00s Real=0.00s
[2026-05-06T01:32:25.487+0100][16.041s][info][gc             ] GC(428) Concurrent Undo Cycle
[2026-05-06T01:32:25.487+0100][16.041s][info][gc,marking     ] GC(428) Concurrent Clear Claimed Marks
[2026-05-06T01:32:25.487+0100][16.041s][info][gc,marking     ] GC(428) Concurrent Clear Claimed Marks 0.005ms
[2026-05-06T01:32:25.487+0100][16.041s][info][gc,marking     ] GC(428) Concurrent Cleanup for Next Mark
[2026-05-06T01:32:25.487+0100][16.041s][info][gc,marking     ] GC(428) Concurrent Cleanup for Next Mark 0.032ms
[2026-05-06T01:32:25.487+0100][16.041s][info][gc             ] GC(428) Concurrent Undo Cycle 0.060ms
[2026-05-06T01:32:25.640+0100][16.193s][info][gc,start       ] GC(429) Pause Young (Concurrent Start) (G1 Humongous Allocation)
[2026-05-06T01:32:25.640+0100][16.194s][info][gc,task        ] GC(429) Using 9 workers of 9 for evacuation
[2026-05-06T01:32:25.641+0100][16.194s][info][gc,phases      ] GC(429)   Pre Evacuate Collection Set: 0.1ms
[2026-05-06T01:32:25.641+0100][16.194s][info][gc,phases      ] GC(429)   Merge Heap Roots: 0.0ms
[2026-05-06T01:32:25.641+0100][16.194s][info][gc,phases      ] GC(429)   Evacuate Collection Set: 0.1ms
[2026-05-06T01:32:25.641+0100][16.194s][info][gc,phases      ] GC(429)   Post Evacuate Collection Set: 0.1ms
[2026-05-06T01:32:25.641+0100][16.194s][info][gc,phases      ] GC(429)   Other: 0.0ms
[2026-05-06T01:32:25.641+0100][16.194s][info][gc,heap        ] GC(429) Eden regions: 2->0(215)
[2026-05-06T01:32:25.641+0100][16.194s][info][gc,heap        ] GC(429) Survivor regions: 1->1(27)
[2026-05-06T01:32:25.641+0100][16.194s][info][gc,heap        ] GC(429) Old regions: 12->12
[2026-05-06T01:32:25.641+0100][16.194s][info][gc,heap        ] GC(429) Humongous regions: 169->96
[2026-05-06T01:32:25.641+0100][16.194s][info][gc,metaspace   ] GC(429) Metaspace: 19170K(19520K)->19170K(19520K) NonClass: 16928K(17152K)->16928K(17152K) Class: 2241K(2368K)->2241K(2368K)
[2026-05-06T01:32:25.641+0100][16.194s][info][gc             ] GC(429) Pause Young (Concurrent Start) (G1 Humongous Allocation) 352M->203M(720M) 1.102ms
[2026-05-06T01:32:25.641+0100][16.194s][info][gc,cpu         ] GC(429) User=0.00s Sys=0.00s Real=0.00s
[2026-05-06T01:32:25.641+0100][16.194s][info][gc             ] GC(430) Concurrent Undo Cycle
[2026-05-06T01:32:25.641+0100][16.194s][info][gc,marking     ] GC(430) Concurrent Clear Claimed Marks
[2026-05-06T01:32:25.641+0100][16.194s][info][gc,marking     ] GC(430) Concurrent Clear Claimed Marks 0.007ms
[2026-05-06T01:32:25.641+0100][16.194s][info][gc,marking     ] GC(430) Concurrent Cleanup for Next Mark
[2026-05-06T01:32:25.641+0100][16.195s][info][gc,marking     ] GC(430) Concurrent Cleanup for Next Mark 0.040ms
[2026-05-06T01:32:25.641+0100][16.195s][info][gc             ] GC(430) Concurrent Undo Cycle 0.074ms
[2026-05-06T01:32:25.794+0100][16.348s][info][gc,start       ] GC(431) Pause Young (Concurrent Start) (G1 Humongous Allocation)
[2026-05-06T01:32:25.794+0100][16.348s][info][gc,task        ] GC(431) Using 9 workers of 9 for evacuation
[2026-05-06T01:32:25.795+0100][16.348s][info][gc,phases      ] GC(431)   Pre Evacuate Collection Set: 0.1ms
[2026-05-06T01:32:25.795+0100][16.348s][info][gc,phases      ] GC(431)   Merge Heap Roots: 0.0ms
[2026-05-06T01:32:25.795+0100][16.349s][info][gc,phases      ] GC(431)   Evacuate Collection Set: 0.1ms
[2026-05-06T01:32:25.795+0100][16.349s][info][gc,phases      ] GC(431)   Post Evacuate Collection Set: 0.1ms
[2026-05-06T01:32:25.795+0100][16.349s][info][gc,phases      ] GC(431)   Other: 0.0ms
[2026-05-06T01:32:25.795+0100][16.349s][info][gc,heap        ] GC(431) Eden regions: 2->0(215)
[2026-05-06T01:32:25.795+0100][16.349s][info][gc,heap        ] GC(431) Survivor regions: 1->1(27)
[2026-05-06T01:32:25.795+0100][16.349s][info][gc,heap        ] GC(431) Old regions: 12->12
[2026-05-06T01:32:25.795+0100][16.349s][info][gc,heap        ] GC(431) Humongous regions: 169->96
[2026-05-06T01:32:25.795+0100][16.349s][info][gc,metaspace   ] GC(431) Metaspace: 19170K(19520K)->19170K(19520K) NonClass: 16928K(17152K)->16928K(17152K) Class: 2241K(2368K)->2241K(2368K)
[2026-05-06T01:32:25.795+0100][16.349s][info][gc             ] GC(431) Pause Young (Concurrent Start) (G1 Humongous Allocation) 352M->203M(720M) 0.557ms
[2026-05-06T01:32:25.795+0100][16.349s][info][gc,cpu         ] GC(431) User=0.00s Sys=0.00s Real=0.00s
[2026-05-06T01:32:25.795+0100][16.349s][info][gc             ] GC(432) Concurrent Undo Cycle
[2026-05-06T01:32:25.795+0100][16.349s][info][gc,marking     ] GC(432) Concurrent Clear Claimed Marks
[2026-05-06T01:32:25.795+0100][16.349s][info][gc,marking     ] GC(432) Concurrent Clear Claimed Marks 0.008ms
[2026-05-06T01:32:25.795+0100][16.349s][info][gc,marking     ] GC(432) Concurrent Cleanup for Next Mark
[2026-05-06T01:32:25.795+0100][16.349s][info][gc,marking     ] GC(432) Concurrent Cleanup for Next Mark 0.032ms
[2026-05-06T01:32:25.795+0100][16.349s][info][gc             ] GC(432) Concurrent Undo Cycle 0.069ms
[2026-05-06T01:32:25.920+0100][16.474s][info][gc,start       ] GC(433) Pause Young (Concurrent Start) (G1 Humongous Allocation)
[2026-05-06T01:32:25.920+0100][16.474s][info][gc,task        ] GC(433) Using 9 workers of 9 for evacuation
[2026-05-06T01:32:25.920+0100][16.474s][info][gc,phases      ] GC(433)   Pre Evacuate Collection Set: 0.1ms
[2026-05-06T01:32:25.920+0100][16.474s][info][gc,phases      ] GC(433)   Merge Heap Roots: 0.0ms
[2026-05-06T01:32:25.920+0100][16.474s][info][gc,phases      ] GC(433)   Evacuate Collection Set: 0.2ms
[2026-05-06T01:32:25.920+0100][16.474s][info][gc,phases      ] GC(433)   Post Evacuate Collection Set: 0.1ms
[2026-05-06T01:32:25.920+0100][16.474s][info][gc,phases      ] GC(433)   Other: 0.0ms
[2026-05-06T01:32:25.920+0100][16.474s][info][gc,heap        ] GC(433) Eden regions: 1->0(215)
[2026-05-06T01:32:25.920+0100][16.474s][info][gc,heap        ] GC(433) Survivor regions: 1->1(27)
[2026-05-06T01:32:25.920+0100][16.474s][info][gc,heap        ] GC(433) Old regions: 12->12
[2026-05-06T01:32:25.920+0100][16.474s][info][gc,heap        ] GC(433) Humongous regions: 169->96
[2026-05-06T01:32:25.920+0100][16.474s][info][gc,metaspace   ] GC(433) Metaspace: 19170K(19520K)->19170K(19520K) NonClass: 16928K(17152K)->16928K(17152K) Class: 2241K(2368K)->2241K(2368K)
[2026-05-06T01:32:25.920+0100][16.474s][info][gc             ] GC(433) Pause Young (Concurrent Start) (G1 Humongous Allocation) 351M->203M(720M) 0.538ms
[2026-05-06T01:32:25.920+0100][16.474s][info][gc,cpu         ] GC(433) User=0.00s Sys=0.00s Real=0.00s
[2026-05-06T01:32:25.920+0100][16.474s][info][gc             ] GC(434) Concurrent Undo Cycle
[2026-05-06T01:32:25.920+0100][16.474s][info][gc,marking     ] GC(434) Concurrent Clear Claimed Marks
[2026-05-06T01:32:25.920+0100][16.474s][info][gc,marking     ] GC(434) Concurrent Clear Claimed Marks 0.008ms
[2026-05-06T01:32:25.920+0100][16.474s][info][gc,marking     ] GC(434) Concurrent Cleanup for Next Mark
[2026-05-06T01:32:25.920+0100][16.474s][info][gc,marking     ] GC(434) Concurrent Cleanup for Next Mark 0.045ms
[2026-05-06T01:32:25.920+0100][16.474s][info][gc             ] GC(434) Concurrent Undo Cycle 0.090ms
[2026-05-06T01:32:26.000+0100][16.554s][info][gc,start       ] GC(435) Pause Young (Concurrent Start) (G1 Humongous Allocation)
[2026-05-06T01:32:26.000+0100][16.554s][info][gc,task        ] GC(435) Using 9 workers of 9 for evacuation
[2026-05-06T01:32:26.001+0100][16.555s][info][gc,phases      ] GC(435)   Pre Evacuate Collection Set: 0.1ms
[2026-05-06T01:32:26.001+0100][16.555s][info][gc,phases      ] GC(435)   Merge Heap Roots: 0.0ms
[2026-05-06T01:32:26.001+0100][16.555s][info][gc,phases      ] GC(435)   Evacuate Collection Set: 0.2ms
[2026-05-06T01:32:26.001+0100][16.555s][info][gc,phases      ] GC(435)   Post Evacuate Collection Set: 0.1ms
[2026-05-06T01:32:26.001+0100][16.555s][info][gc,phases      ] GC(435)   Other: 0.0ms
[2026-05-06T01:32:26.001+0100][16.555s][info][gc,heap        ] GC(435) Eden regions: 1->0(215)
[2026-05-06T01:32:26.001+0100][16.555s][info][gc,heap        ] GC(435) Survivor regions: 1->1(27)
[2026-05-06T01:32:26.001+0100][16.555s][info][gc,heap        ] GC(435) Old regions: 12->12
[2026-05-06T01:32:26.001+0100][16.555s][info][gc,heap        ] GC(435) Humongous regions: 169->96
[2026-05-06T01:32:26.001+0100][16.555s][info][gc,metaspace   ] GC(435) Metaspace: 19170K(19520K)->19170K(19520K) NonClass: 16928K(17152K)->16928K(17152K) Class: 2241K(2368K)->2241K(2368K)
[2026-05-06T01:32:26.001+0100][16.555s][info][gc             ] GC(435) Pause Young (Concurrent Start) (G1 Humongous Allocation) 350M->203M(720M) 0.565ms
[2026-05-06T01:32:26.001+0100][16.555s][info][gc,cpu         ] GC(435) User=0.00s Sys=0.00s Real=0.00s
[2026-05-06T01:32:26.001+0100][16.555s][info][gc             ] GC(436) Concurrent Undo Cycle
[2026-05-06T01:32:26.001+0100][16.555s][info][gc,marking     ] GC(436) Concurrent Clear Claimed Marks
[2026-05-06T01:32:26.001+0100][16.555s][info][gc,marking     ] GC(436) Concurrent Clear Claimed Marks 0.011ms
[2026-05-06T01:32:26.001+0100][16.555s][info][gc,marking     ] GC(436) Concurrent Cleanup for Next Mark
[2026-05-06T01:32:26.001+0100][16.555s][info][gc,marking     ] GC(436) Concurrent Cleanup for Next Mark 0.032ms
[2026-05-06T01:32:26.001+0100][16.555s][info][gc             ] GC(436) Concurrent Undo Cycle 0.073ms
[2026-05-06T01:32:26.080+0100][16.634s][info][gc,start       ] GC(437) Pause Young (Concurrent Start) (G1 Humongous Allocation)
[2026-05-06T01:32:26.080+0100][16.634s][info][gc,task        ] GC(437) Using 9 workers of 9 for evacuation
[2026-05-06T01:32:26.081+0100][16.635s][info][gc,phases      ] GC(437)   Pre Evacuate Collection Set: 0.1ms
[2026-05-06T01:32:26.081+0100][16.635s][info][gc,phases      ] GC(437)   Merge Heap Roots: 0.0ms
[2026-05-06T01:32:26.081+0100][16.635s][info][gc,phases      ] GC(437)   Evacuate Collection Set: 0.1ms
[2026-05-06T01:32:26.081+0100][16.635s][info][gc,phases      ] GC(437)   Post Evacuate Collection Set: 0.1ms
[2026-05-06T01:32:26.081+0100][16.635s][info][gc,phases      ] GC(437)   Other: 0.0ms
[2026-05-06T01:32:26.081+0100][16.635s][info][gc,heap        ] GC(437) Eden regions: 1->0(215)
[2026-05-06T01:32:26.081+0100][16.635s][info][gc,heap        ] GC(437) Survivor regions: 1->1(27)
[2026-05-06T01:32:26.081+0100][16.635s][info][gc,heap        ] GC(437) Old regions: 12->12
[2026-05-06T01:32:26.081+0100][16.635s][info][gc,heap        ] GC(437) Humongous regions: 169->96
[2026-05-06T01:32:26.081+0100][16.635s][info][gc,metaspace   ] GC(437) Metaspace: 19170K(19520K)->19170K(19520K) NonClass: 16928K(17152K)->16928K(17152K) Class: 2241K(2368K)->2241K(2368K)
[2026-05-06T01:32:26.081+0100][16.635s][info][gc             ] GC(437) Pause Young (Concurrent Start) (G1 Humongous Allocation) 350M->203M(720M) 0.547ms
[2026-05-06T01:32:26.081+0100][16.635s][info][gc,cpu         ] GC(437) User=0.00s Sys=0.00s Real=0.00s
[2026-05-06T01:32:26.081+0100][16.635s][info][gc             ] GC(438) Concurrent Undo Cycle
[2026-05-06T01:32:26.081+0100][16.635s][info][gc,marking     ] GC(438) Concurrent Clear Claimed Marks
[2026-05-06T01:32:26.081+0100][16.635s][info][gc,marking     ] GC(438) Concurrent Clear Claimed Marks 0.007ms
[2026-05-06T01:32:26.081+0100][16.635s][info][gc,marking     ] GC(438) Concurrent Cleanup for Next Mark
[2026-05-06T01:32:26.081+0100][16.635s][info][gc,marking     ] GC(438) Concurrent Cleanup for Next Mark 0.035ms
[2026-05-06T01:32:26.081+0100][16.635s][info][gc             ] GC(438) Concurrent Undo Cycle 0.069ms
[2026-05-06T01:32:26.128+0100][16.682s][info][gc,start       ] GC(439) Pause Full (System.gc())
[2026-05-06T01:32:26.128+0100][16.682s][info][gc,task        ] GC(439) Using 9 workers of 9 for full compaction
[2026-05-06T01:32:26.128+0100][16.682s][info][gc,phases,start] GC(439) Phase 1: Mark live objects
[2026-05-06T01:32:26.131+0100][16.685s][info][gc,phases      ] GC(439) Phase 1: Mark live objects 2.792ms
[2026-05-06T01:32:26.131+0100][16.685s][info][gc,phases,start] GC(439) Phase 2: Prepare compaction
[2026-05-06T01:32:26.131+0100][16.685s][info][gc,phases      ] GC(439) Phase 2: Prepare compaction 0.296ms
[2026-05-06T01:32:26.131+0100][16.685s][info][gc,phases,start] GC(439) Phase 3: Adjust pointers
[2026-05-06T01:32:26.133+0100][16.687s][info][gc,phases      ] GC(439) Phase 3: Adjust pointers 1.712ms
[2026-05-06T01:32:26.133+0100][16.687s][info][gc,phases,start] GC(439) Phase 4: Compact heap
[2026-05-06T01:32:26.133+0100][16.687s][info][gc,phases      ] GC(439) Phase 4: Compact heap 0.253ms
[2026-05-06T01:32:26.133+0100][16.687s][info][gc,phases,start] GC(439) Phase 5: Reset Metadata
[2026-05-06T01:32:26.134+0100][16.687s][info][gc,phases      ] GC(439) Phase 5: Reset Metadata 0.340ms
[2026-05-06T01:32:26.134+0100][16.688s][info][gc,heap        ] GC(439) Eden regions: 1->0(216)
[2026-05-06T01:32:26.134+0100][16.688s][info][gc,heap        ] GC(439) Survivor regions: 1->0(27)
[2026-05-06T01:32:26.134+0100][16.688s][info][gc,heap        ] GC(439) Old regions: 12->12
[2026-05-06T01:32:26.134+0100][16.688s][info][gc,heap        ] GC(439) Humongous regions: 169->96
[2026-05-06T01:32:26.134+0100][16.688s][info][gc,metaspace   ] GC(439) Metaspace: 19170K(19520K)->19170K(19520K) NonClass: 16928K(17152K)->16928K(17152K) Class: 2241K(2368K)->2241K(2368K)
[2026-05-06T01:32:26.134+0100][16.688s][info][gc             ] GC(439) Pause Full (System.gc()) 350M->203M(720M) 5.950ms
[2026-05-06T01:32:26.134+0100][16.688s][info][gc,cpu         ] GC(439) User=0.02s Sys=0.01s Real=0.01s
[2026-05-06T01:32:26.166+0100][16.720s][info][gc,start       ] GC(440) Pause Young (Concurrent Start) (G1 Humongous Allocation)
[2026-05-06T01:32:26.166+0100][16.720s][info][gc,task        ] GC(440) Using 9 workers of 9 for evacuation
[2026-05-06T01:32:26.167+0100][16.721s][info][gc,phases      ] GC(440)   Pre Evacuate Collection Set: 0.1ms
[2026-05-06T01:32:26.167+0100][16.721s][info][gc,phases      ] GC(440)   Merge Heap Roots: 0.0ms
[2026-05-06T01:32:26.167+0100][16.721s][info][gc,phases      ] GC(440)   Evacuate Collection Set: 0.1ms
[2026-05-06T01:32:26.167+0100][16.721s][info][gc,phases      ] GC(440)   Post Evacuate Collection Set: 0.1ms
[2026-05-06T01:32:26.167+0100][16.721s][info][gc,phases      ] GC(440)   Other: 0.0ms
[2026-05-06T01:32:26.167+0100][16.721s][info][gc,heap        ] GC(440) Eden regions: 1->0(215)
[2026-05-06T01:32:26.167+0100][16.721s][info][gc,heap        ] GC(440) Survivor regions: 0->1(27)
[2026-05-06T01:32:26.167+0100][16.721s][info][gc,heap        ] GC(440) Old regions: 12->12
[2026-05-06T01:32:26.167+0100][16.721s][info][gc,heap        ] GC(440) Humongous regions: 96->96
[2026-05-06T01:32:26.167+0100][16.721s][info][gc,metaspace   ] GC(440) Metaspace: 19170K(19520K)->19170K(19520K) NonClass: 16928K(17152K)->16928K(17152K) Class: 2241K(2368K)->2241K(2368K)
[2026-05-06T01:32:26.167+0100][16.721s][info][gc             ] GC(440) Pause Young (Concurrent Start) (G1 Humongous Allocation) 204M->203M(720M) 0.514ms
[2026-05-06T01:32:26.167+0100][16.721s][info][gc,cpu         ] GC(440) User=0.00s Sys=0.00s Real=0.00s
[2026-05-06T01:32:26.167+0100][16.721s][info][gc             ] GC(441) Concurrent Undo Cycle
[2026-05-06T01:32:26.167+0100][16.721s][info][gc,marking     ] GC(441) Concurrent Clear Claimed Marks
[2026-05-06T01:32:26.167+0100][16.721s][info][gc,marking     ] GC(441) Concurrent Clear Claimed Marks 0.009ms
[2026-05-06T01:32:26.167+0100][16.721s][info][gc,marking     ] GC(441) Concurrent Cleanup for Next Mark
[2026-05-06T01:32:26.167+0100][16.721s][info][gc,marking     ] GC(441) Concurrent Cleanup for Next Mark 0.028ms
[2026-05-06T01:32:26.167+0100][16.721s][info][gc             ] GC(441) Concurrent Undo Cycle 0.063ms
[2026-05-06T01:32:26.246+0100][16.800s][info][gc,start       ] GC(442) Pause Young (Concurrent Start) (G1 Humongous Allocation)
[2026-05-06T01:32:26.246+0100][16.800s][info][gc,task        ] GC(442) Using 9 workers of 9 for evacuation
[2026-05-06T01:32:26.246+0100][16.800s][info][gc,phases      ] GC(442)   Pre Evacuate Collection Set: 0.1ms
[2026-05-06T01:32:26.246+0100][16.800s][info][gc,phases      ] GC(442)   Merge Heap Roots: 0.0ms
[2026-05-06T01:32:26.246+0100][16.800s][info][gc,phases      ] GC(442)   Evacuate Collection Set: 0.1ms
[2026-05-06T01:32:26.246+0100][16.800s][info][gc,phases      ] GC(442)   Post Evacuate Collection Set: 0.1ms
[2026-05-06T01:32:26.246+0100][16.800s][info][gc,phases      ] GC(442)   Other: 0.0ms
[2026-05-06T01:32:26.246+0100][16.800s][info][gc,heap        ] GC(442) Eden regions: 1->0(215)
[2026-05-06T01:32:26.246+0100][16.800s][info][gc,heap        ] GC(442) Survivor regions: 1->1(27)
[2026-05-06T01:32:26.246+0100][16.800s][info][gc,heap        ] GC(442) Old regions: 12->12
[2026-05-06T01:32:26.246+0100][16.800s][info][gc,heap        ] GC(442) Humongous regions: 169->96
[2026-05-06T01:32:26.246+0100][16.800s][info][gc,metaspace   ] GC(442) Metaspace: 19170K(19520K)->19170K(19520K) NonClass: 16928K(17152K)->16928K(17152K) Class: 2241K(2368K)->2241K(2368K)
[2026-05-06T01:32:26.246+0100][16.800s][info][gc             ] GC(442) Pause Young (Concurrent Start) (G1 Humongous Allocation) 350M->203M(720M) 0.468ms
[2026-05-06T01:32:26.246+0100][16.800s][info][gc,cpu         ] GC(442) User=0.00s Sys=0.00s Real=0.00s
[2026-05-06T01:32:26.246+0100][16.800s][info][gc             ] GC(443) Concurrent Undo Cycle
[2026-05-06T01:32:26.246+0100][16.800s][info][gc,marking     ] GC(443) Concurrent Clear Claimed Marks
[2026-05-06T01:32:26.246+0100][16.800s][info][gc,marking     ] GC(443) Concurrent Clear Claimed Marks 0.008ms
[2026-05-06T01:32:26.246+0100][16.800s][info][gc,marking     ] GC(443) Concurrent Cleanup for Next Mark
[2026-05-06T01:32:26.246+0100][16.800s][info][gc,marking     ] GC(443) Concurrent Cleanup for Next Mark 0.030ms
[2026-05-06T01:32:26.246+0100][16.800s][info][gc             ] GC(443) Concurrent Undo Cycle 0.062ms
[2026-05-06T01:32:26.326+0100][16.879s][info][gc,start       ] GC(444) Pause Young (Concurrent Start) (G1 Humongous Allocation)
[2026-05-06T01:32:26.326+0100][16.879s][info][gc,task        ] GC(444) Using 9 workers of 9 for evacuation
[2026-05-06T01:32:26.326+0100][16.880s][info][gc,phases      ] GC(444)   Pre Evacuate Collection Set: 0.1ms
[2026-05-06T01:32:26.326+0100][16.880s][info][gc,phases      ] GC(444)   Merge Heap Roots: 0.0ms
[2026-05-06T01:32:26.326+0100][16.880s][info][gc,phases      ] GC(444)   Evacuate Collection Set: 0.2ms
[2026-05-06T01:32:26.326+0100][16.880s][info][gc,phases      ] GC(444)   Post Evacuate Collection Set: 0.1ms
[2026-05-06T01:32:26.326+0100][16.880s][info][gc,phases      ] GC(444)   Other: 0.0ms
[2026-05-06T01:32:26.326+0100][16.880s][info][gc,heap        ] GC(444) Eden regions: 1->0(215)
[2026-05-06T01:32:26.326+0100][16.880s][info][gc,heap        ] GC(444) Survivor regions: 1->1(27)
[2026-05-06T01:32:26.326+0100][16.880s][info][gc,heap        ] GC(444) Old regions: 12->12
[2026-05-06T01:32:26.326+0100][16.880s][info][gc,heap        ] GC(444) Humongous regions: 169->96
[2026-05-06T01:32:26.326+0100][16.880s][info][gc,metaspace   ] GC(444) Metaspace: 19170K(19520K)->19170K(19520K) NonClass: 16928K(17152K)->16928K(17152K) Class: 2241K(2368K)->2241K(2368K)
[2026-05-06T01:32:26.326+0100][16.880s][info][gc             ] GC(444) Pause Young (Concurrent Start) (G1 Humongous Allocation) 350M->203M(720M) 0.491ms
[2026-05-06T01:32:26.326+0100][16.880s][info][gc,cpu         ] GC(444) User=0.00s Sys=0.00s Real=0.00s
[2026-05-06T01:32:26.326+0100][16.880s][info][gc             ] GC(445) Concurrent Undo Cycle
[2026-05-06T01:32:26.326+0100][16.880s][info][gc,marking     ] GC(445) Concurrent Clear Claimed Marks
[2026-05-06T01:32:26.326+0100][16.880s][info][gc,marking     ] GC(445) Concurrent Clear Claimed Marks 0.008ms
[2026-05-06T01:32:26.326+0100][16.880s][info][gc,marking     ] GC(445) Concurrent Cleanup for Next Mark
[2026-05-06T01:32:26.326+0100][16.880s][info][gc,marking     ] GC(445) Concurrent Cleanup for Next Mark 0.029ms
[2026-05-06T01:32:26.326+0100][16.880s][info][gc             ] GC(445) Concurrent Undo Cycle 0.063ms
[2026-05-06T01:32:26.405+0100][16.959s][info][gc,start       ] GC(446) Pause Young (Concurrent Start) (G1 Humongous Allocation)
[2026-05-06T01:32:26.405+0100][16.959s][info][gc,task        ] GC(446) Using 9 workers of 9 for evacuation
[2026-05-06T01:32:26.406+0100][16.960s][info][gc,phases      ] GC(446)   Pre Evacuate Collection Set: 0.1ms
[2026-05-06T01:32:26.406+0100][16.960s][info][gc,phases      ] GC(446)   Merge Heap Roots: 0.0ms
[2026-05-06T01:32:26.406+0100][16.960s][info][gc,phases      ] GC(446)   Evacuate Collection Set: 0.1ms
[2026-05-06T01:32:26.406+0100][16.960s][info][gc,phases      ] GC(446)   Post Evacuate Collection Set: 0.1ms
[2026-05-06T01:32:26.406+0100][16.960s][info][gc,phases      ] GC(446)   Other: 0.0ms
[2026-05-06T01:32:26.406+0100][16.960s][info][gc,heap        ] GC(446) Eden regions: 1->0(215)
[2026-05-06T01:32:26.406+0100][16.960s][info][gc,heap        ] GC(446) Survivor regions: 1->1(27)
[2026-05-06T01:32:26.406+0100][16.960s][info][gc,heap        ] GC(446) Old regions: 12->12
[2026-05-06T01:32:26.406+0100][16.960s][info][gc,heap        ] GC(446) Humongous regions: 169->96
[2026-05-06T01:32:26.406+0100][16.960s][info][gc,metaspace   ] GC(446) Metaspace: 19170K(19520K)->19170K(19520K) NonClass: 16928K(17152K)->16928K(17152K) Class: 2241K(2368K)->2241K(2368K)
[2026-05-06T01:32:26.406+0100][16.960s][info][gc             ] GC(446) Pause Young (Concurrent Start) (G1 Humongous Allocation) 350M->203M(720M) 0.443ms
[2026-05-06T01:32:26.406+0100][16.960s][info][gc,cpu         ] GC(446) User=0.00s Sys=0.00s Real=0.00s
[2026-05-06T01:32:26.406+0100][16.960s][info][gc             ] GC(447) Concurrent Undo Cycle
[2026-05-06T01:32:26.406+0100][16.960s][info][gc,marking     ] GC(447) Concurrent Clear Claimed Marks
[2026-05-06T01:32:26.406+0100][16.960s][info][gc,marking     ] GC(447) Concurrent Clear Claimed Marks 0.007ms
[2026-05-06T01:32:26.406+0100][16.960s][info][gc,marking     ] GC(447) Concurrent Cleanup for Next Mark
[2026-05-06T01:32:26.406+0100][16.960s][info][gc,marking     ] GC(447) Concurrent Cleanup for Next Mark 0.039ms
[2026-05-06T01:32:26.406+0100][16.960s][info][gc             ] GC(447) Concurrent Undo Cycle 0.072ms
[2026-05-06T01:32:26.485+0100][17.039s][info][gc,start       ] GC(448) Pause Young (Concurrent Start) (G1 Humongous Allocation)
[2026-05-06T01:32:26.485+0100][17.039s][info][gc,task        ] GC(448) Using 9 workers of 9 for evacuation
[2026-05-06T01:32:26.486+0100][17.040s][info][gc,phases      ] GC(448)   Pre Evacuate Collection Set: 0.1ms
[2026-05-06T01:32:26.486+0100][17.040s][info][gc,phases      ] GC(448)   Merge Heap Roots: 0.0ms
[2026-05-06T01:32:26.486+0100][17.040s][info][gc,phases      ] GC(448)   Evacuate Collection Set: 0.1ms
[2026-05-06T01:32:26.486+0100][17.040s][info][gc,phases      ] GC(448)   Post Evacuate Collection Set: 0.1ms
[2026-05-06T01:32:26.486+0100][17.040s][info][gc,phases      ] GC(448)   Other: 0.0ms
[2026-05-06T01:32:26.486+0100][17.040s][info][gc,heap        ] GC(448) Eden regions: 1->0(215)
[2026-05-06T01:32:26.486+0100][17.040s][info][gc,heap        ] GC(448) Survivor regions: 1->1(27)
[2026-05-06T01:32:26.486+0100][17.040s][info][gc,heap        ] GC(448) Old regions: 12->12
[2026-05-06T01:32:26.486+0100][17.040s][info][gc,heap        ] GC(448) Humongous regions: 169->96
[2026-05-06T01:32:26.486+0100][17.040s][info][gc,metaspace   ] GC(448) Metaspace: 19170K(19520K)->19170K(19520K) NonClass: 16928K(17152K)->16928K(17152K) Class: 2241K(2368K)->2241K(2368K)
[2026-05-06T01:32:26.486+0100][17.040s][info][gc             ] GC(448) Pause Young (Concurrent Start) (G1 Humongous Allocation) 350M->203M(720M) 0.555ms
[2026-05-06T01:32:26.486+0100][17.040s][info][gc,cpu         ] GC(448) User=0.00s Sys=0.00s Real=0.00s
[2026-05-06T01:32:26.486+0100][17.040s][info][gc             ] GC(449) Concurrent Undo Cycle
[2026-05-06T01:32:26.486+0100][17.040s][info][gc,marking     ] GC(449) Concurrent Clear Claimed Marks
[2026-05-06T01:32:26.486+0100][17.040s][info][gc,marking     ] GC(449) Concurrent Clear Claimed Marks 0.007ms
[2026-05-06T01:32:26.486+0100][17.040s][info][gc,marking     ] GC(449) Concurrent Cleanup for Next Mark
[2026-05-06T01:32:26.486+0100][17.040s][info][gc,marking     ] GC(449) Concurrent Cleanup for Next Mark 0.033ms
[2026-05-06T01:32:26.486+0100][17.040s][info][gc             ] GC(449) Concurrent Undo Cycle 0.068ms
[2026-05-06T01:32:26.565+0100][17.119s][info][gc,start       ] GC(450) Pause Young (Concurrent Start) (G1 Humongous Allocation)
[2026-05-06T01:32:26.565+0100][17.119s][info][gc,task        ] GC(450) Using 9 workers of 9 for evacuation
[2026-05-06T01:32:26.566+0100][17.119s][info][gc,phases      ] GC(450)   Pre Evacuate Collection Set: 0.1ms
[2026-05-06T01:32:26.566+0100][17.119s][info][gc,phases      ] GC(450)   Merge Heap Roots: 0.0ms
[2026-05-06T01:32:26.566+0100][17.120s][info][gc,phases      ] GC(450)   Evacuate Collection Set: 0.1ms
[2026-05-06T01:32:26.566+0100][17.120s][info][gc,phases      ] GC(450)   Post Evacuate Collection Set: 0.1ms
[2026-05-06T01:32:26.566+0100][17.120s][info][gc,phases      ] GC(450)   Other: 0.0ms
[2026-05-06T01:32:26.566+0100][17.120s][info][gc,heap        ] GC(450) Eden regions: 1->0(215)
[2026-05-06T01:32:26.566+0100][17.120s][info][gc,heap        ] GC(450) Survivor regions: 1->1(27)
[2026-05-06T01:32:26.566+0100][17.120s][info][gc,heap        ] GC(450) Old regions: 12->12
[2026-05-06T01:32:26.566+0100][17.120s][info][gc,heap        ] GC(450) Humongous regions: 169->96
[2026-05-06T01:32:26.566+0100][17.120s][info][gc,metaspace   ] GC(450) Metaspace: 19171K(19520K)->19171K(19520K) NonClass: 16929K(17152K)->16929K(17152K) Class: 2241K(2368K)->2241K(2368K)
[2026-05-06T01:32:26.566+0100][17.120s][info][gc             ] GC(450) Pause Young (Concurrent Start) (G1 Humongous Allocation) 350M->203M(720M) 0.485ms
[2026-05-06T01:32:26.566+0100][17.120s][info][gc,cpu         ] GC(450) User=0.00s Sys=0.00s Real=0.00s
[2026-05-06T01:32:26.566+0100][17.120s][info][gc             ] GC(451) Concurrent Undo Cycle
[2026-05-06T01:32:26.566+0100][17.120s][info][gc,marking     ] GC(451) Concurrent Clear Claimed Marks
[2026-05-06T01:32:26.566+0100][17.120s][info][gc,marking     ] GC(451) Concurrent Clear Claimed Marks 0.007ms
[2026-05-06T01:32:26.566+0100][17.120s][info][gc,marking     ] GC(451) Concurrent Cleanup for Next Mark
[2026-05-06T01:32:26.566+0100][17.120s][info][gc,marking     ] GC(451) Concurrent Cleanup for Next Mark 0.032ms
[2026-05-06T01:32:26.566+0100][17.120s][info][gc             ] GC(451) Concurrent Undo Cycle 0.075ms
[2026-05-06T01:32:26.645+0100][17.199s][info][gc,start       ] GC(452) Pause Young (Concurrent Start) (G1 Humongous Allocation)
[2026-05-06T01:32:26.645+0100][17.199s][info][gc,task        ] GC(452) Using 9 workers of 9 for evacuation
[2026-05-06T01:32:26.646+0100][17.199s][info][gc,phases      ] GC(452)   Pre Evacuate Collection Set: 0.1ms
[2026-05-06T01:32:26.646+0100][17.199s][info][gc,phases      ] GC(452)   Merge Heap Roots: 0.0ms
[2026-05-06T01:32:26.646+0100][17.199s][info][gc,phases      ] GC(452)   Evacuate Collection Set: 0.2ms
[2026-05-06T01:32:26.646+0100][17.199s][info][gc,phases      ] GC(452)   Post Evacuate Collection Set: 0.1ms
[2026-05-06T01:32:26.646+0100][17.199s][info][gc,phases      ] GC(452)   Other: 0.0ms
[2026-05-06T01:32:26.646+0100][17.199s][info][gc,heap        ] GC(452) Eden regions: 1->0(215)
[2026-05-06T01:32:26.646+0100][17.199s][info][gc,heap        ] GC(452) Survivor regions: 1->1(27)
[2026-05-06T01:32:26.646+0100][17.199s][info][gc,heap        ] GC(452) Old regions: 12->12
[2026-05-06T01:32:26.646+0100][17.199s][info][gc,heap        ] GC(452) Humongous regions: 169->96
[2026-05-06T01:32:26.646+0100][17.199s][info][gc,metaspace   ] GC(452) Metaspace: 19171K(19520K)->19171K(19520K) NonClass: 16929K(17152K)->16929K(17152K) Class: 2241K(2368K)->2241K(2368K)
[2026-05-06T01:32:26.646+0100][17.199s][info][gc             ] GC(452) Pause Young (Concurrent Start) (G1 Humongous Allocation) 350M->203M(720M) 0.498ms
[2026-05-06T01:32:26.646+0100][17.199s][info][gc,cpu         ] GC(452) User=0.01s Sys=0.00s Real=0.00s
[2026-05-06T01:32:26.646+0100][17.199s][info][gc             ] GC(453) Concurrent Undo Cycle
[2026-05-06T01:32:26.646+0100][17.199s][info][gc,marking     ] GC(453) Concurrent Clear Claimed Marks
[2026-05-06T01:32:26.646+0100][17.199s][info][gc,marking     ] GC(453) Concurrent Clear Claimed Marks 0.007ms
[2026-05-06T01:32:26.646+0100][17.199s][info][gc,marking     ] GC(453) Concurrent Cleanup for Next Mark
[2026-05-06T01:32:26.646+0100][17.199s][info][gc,marking     ] GC(453) Concurrent Cleanup for Next Mark 0.026ms
[2026-05-06T01:32:26.646+0100][17.199s][info][gc             ] GC(453) Concurrent Undo Cycle 0.059ms
[2026-05-06T01:32:26.725+0100][17.279s][info][gc,start       ] GC(454) Pause Young (Concurrent Start) (G1 Humongous Allocation)
[2026-05-06T01:32:26.725+0100][17.279s][info][gc,task        ] GC(454) Using 9 workers of 9 for evacuation
[2026-05-06T01:32:26.725+0100][17.279s][info][gc,phases      ] GC(454)   Pre Evacuate Collection Set: 0.1ms
[2026-05-06T01:32:26.725+0100][17.279s][info][gc,phases      ] GC(454)   Merge Heap Roots: 0.0ms
[2026-05-06T01:32:26.725+0100][17.279s][info][gc,phases      ] GC(454)   Evacuate Collection Set: 0.1ms
[2026-05-06T01:32:26.725+0100][17.279s][info][gc,phases      ] GC(454)   Post Evacuate Collection Set: 0.1ms
[2026-05-06T01:32:26.725+0100][17.279s][info][gc,phases      ] GC(454)   Other: 0.0ms
[2026-05-06T01:32:26.725+0100][17.279s][info][gc,heap        ] GC(454) Eden regions: 1->0(215)
[2026-05-06T01:32:26.725+0100][17.279s][info][gc,heap        ] GC(454) Survivor regions: 1->1(27)
[2026-05-06T01:32:26.725+0100][17.279s][info][gc,heap        ] GC(454) Old regions: 12->12
[2026-05-06T01:32:26.725+0100][17.279s][info][gc,heap        ] GC(454) Humongous regions: 169->96
[2026-05-06T01:32:26.725+0100][17.279s][info][gc,metaspace   ] GC(454) Metaspace: 19171K(19520K)->19171K(19520K) NonClass: 16929K(17152K)->16929K(17152K) Class: 2241K(2368K)->2241K(2368K)
[2026-05-06T01:32:26.725+0100][17.279s][info][gc             ] GC(454) Pause Young (Concurrent Start) (G1 Humongous Allocation) 350M->203M(720M) 0.491ms
[2026-05-06T01:32:26.725+0100][17.279s][info][gc,cpu         ] GC(454) User=0.00s Sys=0.00s Real=0.00s
[2026-05-06T01:32:26.725+0100][17.279s][info][gc             ] GC(455) Concurrent Undo Cycle
[2026-05-06T01:32:26.725+0100][17.279s][info][gc,marking     ] GC(455) Concurrent Clear Claimed Marks
[2026-05-06T01:32:26.725+0100][17.279s][info][gc,marking     ] GC(455) Concurrent Clear Claimed Marks 0.007ms
[2026-05-06T01:32:26.725+0100][17.279s][info][gc,marking     ] GC(455) Concurrent Cleanup for Next Mark
[2026-05-06T01:32:26.725+0100][17.279s][info][gc,marking     ] GC(455) Concurrent Cleanup for Next Mark 0.035ms
[2026-05-06T01:32:26.725+0100][17.279s][info][gc             ] GC(455) Concurrent Undo Cycle 0.068ms
[2026-05-06T01:32:26.805+0100][17.359s][info][gc,start       ] GC(456) Pause Young (Concurrent Start) (G1 Humongous Allocation)
[2026-05-06T01:32:26.805+0100][17.359s][info][gc,task        ] GC(456) Using 9 workers of 9 for evacuation
[2026-05-06T01:32:26.805+0100][17.359s][info][gc,phases      ] GC(456)   Pre Evacuate Collection Set: 0.1ms
[2026-05-06T01:32:26.805+0100][17.359s][info][gc,phases      ] GC(456)   Merge Heap Roots: 0.0ms
[2026-05-06T01:32:26.805+0100][17.359s][info][gc,phases      ] GC(456)   Evacuate Collection Set: 0.2ms
[2026-05-06T01:32:26.805+0100][17.359s][info][gc,phases      ] GC(456)   Post Evacuate Collection Set: 0.1ms
[2026-05-06T01:32:26.805+0100][17.359s][info][gc,phases      ] GC(456)   Other: 0.0ms
[2026-05-06T01:32:26.805+0100][17.359s][info][gc,heap        ] GC(456) Eden regions: 1->0(215)
[2026-05-06T01:32:26.805+0100][17.359s][info][gc,heap        ] GC(456) Survivor regions: 1->1(27)
[2026-05-06T01:32:26.805+0100][17.359s][info][gc,heap        ] GC(456) Old regions: 12->12
[2026-05-06T01:32:26.805+0100][17.359s][info][gc,heap        ] GC(456) Humongous regions: 169->96
[2026-05-06T01:32:26.806+0100][17.359s][info][gc,metaspace   ] GC(456) Metaspace: 19171K(19520K)->19171K(19520K) NonClass: 16929K(17152K)->16929K(17152K) Class: 2241K(2368K)->2241K(2368K)
[2026-05-06T01:32:26.806+0100][17.359s][info][gc             ] GC(456) Pause Young (Concurrent Start) (G1 Humongous Allocation) 350M->203M(720M) 0.540ms
[2026-05-06T01:32:26.806+0100][17.359s][info][gc,cpu         ] GC(456) User=0.00s Sys=0.00s Real=0.00s
[2026-05-06T01:32:26.806+0100][17.359s][info][gc             ] GC(457) Concurrent Undo Cycle
[2026-05-06T01:32:26.806+0100][17.359s][info][gc,marking     ] GC(457) Concurrent Clear Claimed Marks
[2026-05-06T01:32:26.806+0100][17.359s][info][gc,marking     ] GC(457) Concurrent Clear Claimed Marks 0.007ms
[2026-05-06T01:32:26.806+0100][17.359s][info][gc,marking     ] GC(457) Concurrent Cleanup for Next Mark
[2026-05-06T01:32:26.806+0100][17.359s][info][gc,marking     ] GC(457) Concurrent Cleanup for Next Mark 0.032ms
[2026-05-06T01:32:26.806+0100][17.359s][info][gc             ] GC(457) Concurrent Undo Cycle 0.068ms
[2026-05-06T01:32:26.885+0100][17.439s][info][gc,start       ] GC(458) Pause Young (Concurrent Start) (G1 Humongous Allocation)
[2026-05-06T01:32:26.885+0100][17.439s][info][gc,task        ] GC(458) Using 9 workers of 9 for evacuation
[2026-05-06T01:32:26.885+0100][17.439s][info][gc,phases      ] GC(458)   Pre Evacuate Collection Set: 0.1ms
[2026-05-06T01:32:26.885+0100][17.439s][info][gc,phases      ] GC(458)   Merge Heap Roots: 0.0ms
[2026-05-06T01:32:26.885+0100][17.439s][info][gc,phases      ] GC(458)   Evacuate Collection Set: 0.1ms
[2026-05-06T01:32:26.885+0100][17.439s][info][gc,phases      ] GC(458)   Post Evacuate Collection Set: 0.1ms
[2026-05-06T01:32:26.885+0100][17.439s][info][gc,phases      ] GC(458)   Other: 0.0ms
[2026-05-06T01:32:26.885+0100][17.439s][info][gc,heap        ] GC(458) Eden regions: 1->0(215)
[2026-05-06T01:32:26.885+0100][17.439s][info][gc,heap        ] GC(458) Survivor regions: 1->1(27)
[2026-05-06T01:32:26.885+0100][17.439s][info][gc,heap        ] GC(458) Old regions: 12->12
[2026-05-06T01:32:26.885+0100][17.439s][info][gc,heap        ] GC(458) Humongous regions: 169->96
[2026-05-06T01:32:26.885+0100][17.439s][info][gc,metaspace   ] GC(458) Metaspace: 19171K(19520K)->19171K(19520K) NonClass: 16929K(17152K)->16929K(17152K) Class: 2241K(2368K)->2241K(2368K)
[2026-05-06T01:32:26.885+0100][17.439s][info][gc             ] GC(458) Pause Young (Concurrent Start) (G1 Humongous Allocation) 350M->203M(720M) 0.522ms
[2026-05-06T01:32:26.885+0100][17.439s][info][gc,cpu         ] GC(458) User=0.00s Sys=0.00s Real=0.00s
[2026-05-06T01:32:26.885+0100][17.439s][info][gc             ] GC(459) Concurrent Undo Cycle
[2026-05-06T01:32:26.885+0100][17.439s][info][gc,marking     ] GC(459) Concurrent Clear Claimed Marks
[2026-05-06T01:32:26.885+0100][17.439s][info][gc,marking     ] GC(459) Concurrent Clear Claimed Marks 0.007ms
[2026-05-06T01:32:26.885+0100][17.439s][info][gc,marking     ] GC(459) Concurrent Cleanup for Next Mark
[2026-05-06T01:32:26.885+0100][17.439s][info][gc,marking     ] GC(459) Concurrent Cleanup for Next Mark 0.037ms
[2026-05-06T01:32:26.885+0100][17.439s][info][gc             ] GC(459) Concurrent Undo Cycle 0.071ms
[2026-05-06T01:32:26.966+0100][17.520s][info][gc,start       ] GC(460) Pause Young (Concurrent Start) (G1 Humongous Allocation)
[2026-05-06T01:32:26.966+0100][17.520s][info][gc,task        ] GC(460) Using 9 workers of 9 for evacuation
[2026-05-06T01:32:26.966+0100][17.520s][info][gc,phases      ] GC(460)   Pre Evacuate Collection Set: 0.1ms
[2026-05-06T01:32:26.966+0100][17.520s][info][gc,phases      ] GC(460)   Merge Heap Roots: 0.0ms
[2026-05-06T01:32:26.966+0100][17.520s][info][gc,phases      ] GC(460)   Evacuate Collection Set: 0.2ms
[2026-05-06T01:32:26.966+0100][17.520s][info][gc,phases      ] GC(460)   Post Evacuate Collection Set: 0.1ms
[2026-05-06T01:32:26.966+0100][17.520s][info][gc,phases      ] GC(460)   Other: 0.0ms
[2026-05-06T01:32:26.966+0100][17.520s][info][gc,heap        ] GC(460) Eden regions: 2->0(215)
[2026-05-06T01:32:26.966+0100][17.520s][info][gc,heap        ] GC(460) Survivor regions: 1->1(27)
[2026-05-06T01:32:26.966+0100][17.520s][info][gc,heap        ] GC(460) Old regions: 12->12
[2026-05-06T01:32:26.966+0100][17.520s][info][gc,heap        ] GC(460) Humongous regions: 169->96
[2026-05-06T01:32:26.966+0100][17.520s][info][gc,metaspace   ] GC(460) Metaspace: 19171K(19520K)->19171K(19520K) NonClass: 16929K(17152K)->16929K(17152K) Class: 2241K(2368K)->2241K(2368K)
[2026-05-06T01:32:26.966+0100][17.520s][info][gc             ] GC(460) Pause Young (Concurrent Start) (G1 Humongous Allocation) 352M->203M(720M) 0.577ms
[2026-05-06T01:32:26.966+0100][17.520s][info][gc,cpu         ] GC(460) User=0.00s Sys=0.00s Real=0.00s
[2026-05-06T01:32:26.966+0100][17.520s][info][gc             ] GC(461) Concurrent Undo Cycle
[2026-05-06T01:32:26.966+0100][17.520s][info][gc,marking     ] GC(461) Concurrent Clear Claimed Marks
[2026-05-06T01:32:26.966+0100][17.520s][info][gc,marking     ] GC(461) Concurrent Clear Claimed Marks 0.011ms
[2026-05-06T01:32:26.966+0100][17.520s][info][gc,marking     ] GC(461) Concurrent Cleanup for Next Mark
[2026-05-06T01:32:26.966+0100][17.520s][info][gc,marking     ] GC(461) Concurrent Cleanup for Next Mark 0.030ms
[2026-05-06T01:32:26.966+0100][17.520s][info][gc             ] GC(461) Concurrent Undo Cycle 0.069ms
[2026-05-06T01:32:27.045+0100][17.599s][info][gc,start       ] GC(462) Pause Young (Concurrent Start) (G1 Humongous Allocation)
[2026-05-06T01:32:27.045+0100][17.599s][info][gc,task        ] GC(462) Using 9 workers of 9 for evacuation
[2026-05-06T01:32:27.046+0100][17.599s][info][gc,phases      ] GC(462)   Pre Evacuate Collection Set: 0.1ms
[2026-05-06T01:32:27.046+0100][17.599s][info][gc,phases      ] GC(462)   Merge Heap Roots: 0.0ms
[2026-05-06T01:32:27.046+0100][17.599s][info][gc,phases      ] GC(462)   Evacuate Collection Set: 0.2ms
[2026-05-06T01:32:27.046+0100][17.599s][info][gc,phases      ] GC(462)   Post Evacuate Collection Set: 0.1ms
[2026-05-06T01:32:27.046+0100][17.599s][info][gc,phases      ] GC(462)   Other: 0.0ms
[2026-05-06T01:32:27.046+0100][17.599s][info][gc,heap        ] GC(462) Eden regions: 3->0(215)
[2026-05-06T01:32:27.046+0100][17.599s][info][gc,heap        ] GC(462) Survivor regions: 1->1(27)
[2026-05-06T01:32:27.046+0100][17.599s][info][gc,heap        ] GC(462) Old regions: 12->12
[2026-05-06T01:32:27.046+0100][17.599s][info][gc,heap        ] GC(462) Humongous regions: 169->96
[2026-05-06T01:32:27.046+0100][17.599s][info][gc,metaspace   ] GC(462) Metaspace: 19171K(19520K)->19171K(19520K) NonClass: 16929K(17152K)->16929K(17152K) Class: 2241K(2368K)->2241K(2368K)
[2026-05-06T01:32:27.046+0100][17.600s][info][gc             ] GC(462) Pause Young (Concurrent Start) (G1 Humongous Allocation) 354M->203M(720M) 0.541ms
[2026-05-06T01:32:27.046+0100][17.600s][info][gc,cpu         ] GC(462) User=0.00s Sys=0.00s Real=0.00s
[2026-05-06T01:32:27.046+0100][17.600s][info][gc             ] GC(463) Concurrent Undo Cycle
[2026-05-06T01:32:27.046+0100][17.600s][info][gc,marking     ] GC(463) Concurrent Clear Claimed Marks
[2026-05-06T01:32:27.046+0100][17.600s][info][gc,marking     ] GC(463) Concurrent Clear Claimed Marks 0.008ms
[2026-05-06T01:32:27.046+0100][17.600s][info][gc,marking     ] GC(463) Concurrent Cleanup for Next Mark
[2026-05-06T01:32:27.046+0100][17.600s][info][gc,marking     ] GC(463) Concurrent Cleanup for Next Mark 0.030ms
[2026-05-06T01:32:27.046+0100][17.600s][info][gc             ] GC(463) Concurrent Undo Cycle 0.075ms
[2026-05-06T01:32:27.124+0100][17.678s][info][gc,start       ] GC(464) Pause Young (Concurrent Start) (G1 Humongous Allocation)
[2026-05-06T01:32:27.124+0100][17.678s][info][gc,task        ] GC(464) Using 9 workers of 9 for evacuation
[2026-05-06T01:32:27.125+0100][17.679s][info][gc,phases      ] GC(464)   Pre Evacuate Collection Set: 0.1ms
[2026-05-06T01:32:27.125+0100][17.679s][info][gc,phases      ] GC(464)   Merge Heap Roots: 0.0ms
[2026-05-06T01:32:27.125+0100][17.679s][info][gc,phases      ] GC(464)   Evacuate Collection Set: 0.1ms
[2026-05-06T01:32:27.125+0100][17.679s][info][gc,phases      ] GC(464)   Post Evacuate Collection Set: 0.1ms
[2026-05-06T01:32:27.125+0100][17.679s][info][gc,phases      ] GC(464)   Other: 0.0ms
[2026-05-06T01:32:27.125+0100][17.679s][info][gc,heap        ] GC(464) Eden regions: 3->0(215)
[2026-05-06T01:32:27.125+0100][17.679s][info][gc,heap        ] GC(464) Survivor regions: 1->1(27)
[2026-05-06T01:32:27.125+0100][17.679s][info][gc,heap        ] GC(464) Old regions: 12->12
[2026-05-06T01:32:27.125+0100][17.679s][info][gc,heap        ] GC(464) Humongous regions: 169->96
[2026-05-06T01:32:27.125+0100][17.679s][info][gc,metaspace   ] GC(464) Metaspace: 19171K(19520K)->19171K(19520K) NonClass: 16929K(17152K)->16929K(17152K) Class: 2241K(2368K)->2241K(2368K)
[2026-05-06T01:32:27.125+0100][17.679s][info][gc             ] GC(464) Pause Young (Concurrent Start) (G1 Humongous Allocation) 354M->203M(720M) 0.499ms
[2026-05-06T01:32:27.125+0100][17.679s][info][gc,cpu         ] GC(464) User=0.00s Sys=0.00s Real=0.00s
[2026-05-06T01:32:27.125+0100][17.679s][info][gc             ] GC(465) Concurrent Undo Cycle
[2026-05-06T01:32:27.125+0100][17.679s][info][gc,marking     ] GC(465) Concurrent Clear Claimed Marks
[2026-05-06T01:32:27.125+0100][17.679s][info][gc,marking     ] GC(465) Concurrent Clear Claimed Marks 0.008ms
[2026-05-06T01:32:27.125+0100][17.679s][info][gc,marking     ] GC(465) Concurrent Cleanup for Next Mark
[2026-05-06T01:32:27.125+0100][17.679s][info][gc,marking     ] GC(465) Concurrent Cleanup for Next Mark 0.036ms
[2026-05-06T01:32:27.125+0100][17.679s][info][gc             ] GC(465) Concurrent Undo Cycle 0.070ms
[2026-05-06T01:32:27.172+0100][17.726s][info][gc,start       ] GC(466) Pause Full (System.gc())
[2026-05-06T01:32:27.172+0100][17.726s][info][gc,task        ] GC(466) Using 9 workers of 9 for full compaction
[2026-05-06T01:32:27.172+0100][17.726s][info][gc,phases,start] GC(466) Phase 1: Mark live objects
[2026-05-06T01:32:27.174+0100][17.728s][info][gc,phases      ] GC(466) Phase 1: Mark live objects 2.404ms
[2026-05-06T01:32:27.174+0100][17.728s][info][gc,phases,start] GC(466) Phase 2: Prepare compaction
[2026-05-06T01:32:27.175+0100][17.729s][info][gc,phases      ] GC(466) Phase 2: Prepare compaction 0.300ms
[2026-05-06T01:32:27.175+0100][17.729s][info][gc,phases,start] GC(466) Phase 3: Adjust pointers
[2026-05-06T01:32:27.177+0100][17.730s][info][gc,phases      ] GC(466) Phase 3: Adjust pointers 1.760ms
[2026-05-06T01:32:27.177+0100][17.730s][info][gc,phases,start] GC(466) Phase 4: Compact heap
[2026-05-06T01:32:27.177+0100][17.731s][info][gc,phases      ] GC(466) Phase 4: Compact heap 0.265ms
[2026-05-06T01:32:27.177+0100][17.731s][info][gc,phases,start] GC(466) Phase 5: Reset Metadata
[2026-05-06T01:32:27.177+0100][17.731s][info][gc,phases      ] GC(466) Phase 5: Reset Metadata 0.346ms
[2026-05-06T01:32:27.178+0100][17.731s][info][gc,heap        ] GC(466) Eden regions: 2->0(216)
[2026-05-06T01:32:27.178+0100][17.732s][info][gc,heap        ] GC(466) Survivor regions: 1->0(27)
[2026-05-06T01:32:27.178+0100][17.732s][info][gc,heap        ] GC(466) Old regions: 12->12
[2026-05-06T01:32:27.178+0100][17.732s][info][gc,heap        ] GC(466) Humongous regions: 169->96
[2026-05-06T01:32:27.178+0100][17.732s][info][gc,metaspace   ] GC(466) Metaspace: 19171K(19520K)->19171K(19520K) NonClass: 16929K(17152K)->16929K(17152K) Class: 2241K(2368K)->2241K(2368K)
[2026-05-06T01:32:27.178+0100][17.732s][info][gc             ] GC(466) Pause Full (System.gc()) 352M->203M(720M) 5.756ms
[2026-05-06T01:32:27.178+0100][17.732s][info][gc,cpu         ] GC(466) User=0.02s Sys=0.00s Real=0.00s
[2026-05-06T01:32:27.209+0100][17.763s][info][gc,start       ] GC(467) Pause Young (Concurrent Start) (G1 Humongous Allocation)
[2026-05-06T01:32:27.210+0100][17.763s][info][gc,task        ] GC(467) Using 9 workers of 9 for evacuation
[2026-05-06T01:32:27.210+0100][17.764s][info][gc,phases      ] GC(467)   Pre Evacuate Collection Set: 0.1ms
[2026-05-06T01:32:27.210+0100][17.764s][info][gc,phases      ] GC(467)   Merge Heap Roots: 0.0ms
[2026-05-06T01:32:27.210+0100][17.764s][info][gc,phases      ] GC(467)   Evacuate Collection Set: 0.2ms
[2026-05-06T01:32:27.210+0100][17.764s][info][gc,phases      ] GC(467)   Post Evacuate Collection Set: 0.1ms
[2026-05-06T01:32:27.210+0100][17.764s][info][gc,phases      ] GC(467)   Other: 0.0ms
[2026-05-06T01:32:27.210+0100][17.764s][info][gc,heap        ] GC(467) Eden regions: 3->0(215)
[2026-05-06T01:32:27.210+0100][17.764s][info][gc,heap        ] GC(467) Survivor regions: 0->1(27)
[2026-05-06T01:32:27.210+0100][17.764s][info][gc,heap        ] GC(467) Old regions: 12->12
[2026-05-06T01:32:27.210+0100][17.764s][info][gc,heap        ] GC(467) Humongous regions: 96->96
[2026-05-06T01:32:27.210+0100][17.764s][info][gc,metaspace   ] GC(467) Metaspace: 19171K(19520K)->19171K(19520K) NonClass: 16929K(17152K)->16929K(17152K) Class: 2241K(2368K)->2241K(2368K)
[2026-05-06T01:32:27.210+0100][17.764s][info][gc             ] GC(467) Pause Young (Concurrent Start) (G1 Humongous Allocation) 208M->203M(720M) 0.489ms
[2026-05-06T01:32:27.210+0100][17.764s][info][gc,cpu         ] GC(467) User=0.00s Sys=0.00s Real=0.01s
[2026-05-06T01:32:27.210+0100][17.764s][info][gc             ] GC(468) Concurrent Undo Cycle
[2026-05-06T01:32:27.210+0100][17.764s][info][gc,marking     ] GC(468) Concurrent Clear Claimed Marks
[2026-05-06T01:32:27.210+0100][17.764s][info][gc,marking     ] GC(468) Concurrent Clear Claimed Marks 0.010ms
[2026-05-06T01:32:27.210+0100][17.764s][info][gc,marking     ] GC(468) Concurrent Cleanup for Next Mark
[2026-05-06T01:32:27.210+0100][17.764s][info][gc,marking     ] GC(468) Concurrent Cleanup for Next Mark 0.030ms
[2026-05-06T01:32:27.210+0100][17.764s][info][gc             ] GC(468) Concurrent Undo Cycle 0.067ms
[2026-05-06T01:32:27.289+0100][17.842s][info][gc,start       ] GC(469) Pause Young (Concurrent Start) (G1 Humongous Allocation)
[2026-05-06T01:32:27.289+0100][17.842s][info][gc,task        ] GC(469) Using 9 workers of 9 for evacuation
[2026-05-06T01:32:27.289+0100][17.843s][info][gc,phases      ] GC(469)   Pre Evacuate Collection Set: 0.1ms
[2026-05-06T01:32:27.289+0100][17.843s][info][gc,phases      ] GC(469)   Merge Heap Roots: 0.0ms
[2026-05-06T01:32:27.289+0100][17.843s][info][gc,phases      ] GC(469)   Evacuate Collection Set: 0.1ms
[2026-05-06T01:32:27.289+0100][17.843s][info][gc,phases      ] GC(469)   Post Evacuate Collection Set: 0.1ms
[2026-05-06T01:32:27.289+0100][17.843s][info][gc,phases      ] GC(469)   Other: 0.0ms
[2026-05-06T01:32:27.289+0100][17.843s][info][gc,heap        ] GC(469) Eden regions: 2->0(215)
[2026-05-06T01:32:27.289+0100][17.843s][info][gc,heap        ] GC(469) Survivor regions: 1->1(27)
[2026-05-06T01:32:27.289+0100][17.843s][info][gc,heap        ] GC(469) Old regions: 12->12
[2026-05-06T01:32:27.289+0100][17.843s][info][gc,heap        ] GC(469) Humongous regions: 169->96
[2026-05-06T01:32:27.289+0100][17.843s][info][gc,metaspace   ] GC(469) Metaspace: 19171K(19520K)->19171K(19520K) NonClass: 16929K(17152K)->16929K(17152K) Class: 2241K(2368K)->2241K(2368K)
[2026-05-06T01:32:27.289+0100][17.843s][info][gc             ] GC(469) Pause Young (Concurrent Start) (G1 Humongous Allocation) 353M->203M(720M) 0.469ms
[2026-05-06T01:32:27.289+0100][17.843s][info][gc,cpu         ] GC(469) User=0.00s Sys=0.01s Real=0.00s
[2026-05-06T01:32:27.289+0100][17.843s][info][gc             ] GC(470) Concurrent Undo Cycle
[2026-05-06T01:32:27.289+0100][17.843s][info][gc,marking     ] GC(470) Concurrent Clear Claimed Marks
[2026-05-06T01:32:27.289+0100][17.843s][info][gc,marking     ] GC(470) Concurrent Clear Claimed Marks 0.011ms
[2026-05-06T01:32:27.289+0100][17.843s][info][gc,marking     ] GC(470) Concurrent Cleanup for Next Mark
[2026-05-06T01:32:27.289+0100][17.843s][info][gc,marking     ] GC(470) Concurrent Cleanup for Next Mark 0.025ms
[2026-05-06T01:32:27.289+0100][17.843s][info][gc             ] GC(470) Concurrent Undo Cycle 0.060ms
[2026-05-06T01:32:27.369+0100][17.923s][info][gc,start       ] GC(471) Pause Young (Concurrent Start) (G1 Humongous Allocation)
[2026-05-06T01:32:27.369+0100][17.923s][info][gc,task        ] GC(471) Using 9 workers of 9 for evacuation
[2026-05-06T01:32:27.370+0100][17.923s][info][gc,phases      ] GC(471)   Pre Evacuate Collection Set: 0.1ms
[2026-05-06T01:32:27.370+0100][17.923s][info][gc,phases      ] GC(471)   Merge Heap Roots: 0.0ms
[2026-05-06T01:32:27.370+0100][17.923s][info][gc,phases      ] GC(471)   Evacuate Collection Set: 0.2ms
[2026-05-06T01:32:27.370+0100][17.923s][info][gc,phases      ] GC(471)   Post Evacuate Collection Set: 0.1ms
[2026-05-06T01:32:27.370+0100][17.923s][info][gc,phases      ] GC(471)   Other: 0.0ms
[2026-05-06T01:32:27.370+0100][17.923s][info][gc,heap        ] GC(471) Eden regions: 3->0(215)
[2026-05-06T01:32:27.370+0100][17.923s][info][gc,heap        ] GC(471) Survivor regions: 1->1(27)
[2026-05-06T01:32:27.370+0100][17.923s][info][gc,heap        ] GC(471) Old regions: 12->12
[2026-05-06T01:32:27.370+0100][17.923s][info][gc,heap        ] GC(471) Humongous regions: 169->96
[2026-05-06T01:32:27.370+0100][17.923s][info][gc,metaspace   ] GC(471) Metaspace: 19171K(19520K)->19171K(19520K) NonClass: 16929K(17152K)->16929K(17152K) Class: 2241K(2368K)->2241K(2368K)
[2026-05-06T01:32:27.370+0100][17.923s][info][gc             ] GC(471) Pause Young (Concurrent Start) (G1 Humongous Allocation) 354M->203M(720M) 0.563ms
[2026-05-06T01:32:27.370+0100][17.923s][info][gc,cpu         ] GC(471) User=0.00s Sys=0.00s Real=0.01s
[2026-05-06T01:32:27.370+0100][17.923s][info][gc             ] GC(472) Concurrent Undo Cycle
[2026-05-06T01:32:27.370+0100][17.923s][info][gc,marking     ] GC(472) Concurrent Clear Claimed Marks
[2026-05-06T01:32:27.370+0100][17.923s][info][gc,marking     ] GC(472) Concurrent Clear Claimed Marks 0.008ms
[2026-05-06T01:32:27.370+0100][17.923s][info][gc,marking     ] GC(472) Concurrent Cleanup for Next Mark
[2026-05-06T01:32:27.370+0100][17.924s][info][gc,marking     ] GC(472) Concurrent Cleanup for Next Mark 0.034ms
[2026-05-06T01:32:27.370+0100][17.924s][info][gc             ] GC(472) Concurrent Undo Cycle 0.072ms
[2026-05-06T01:32:27.451+0100][18.004s][info][gc,start       ] GC(473) Pause Young (Concurrent Start) (G1 Humongous Allocation)
[2026-05-06T01:32:27.451+0100][18.004s][info][gc,task        ] GC(473) Using 9 workers of 9 for evacuation
[2026-05-06T01:32:27.451+0100][18.005s][info][gc,phases      ] GC(473)   Pre Evacuate Collection Set: 0.1ms
[2026-05-06T01:32:27.451+0100][18.005s][info][gc,phases      ] GC(473)   Merge Heap Roots: 0.0ms
[2026-05-06T01:32:27.451+0100][18.005s][info][gc,phases      ] GC(473)   Evacuate Collection Set: 0.1ms
[2026-05-06T01:32:27.451+0100][18.005s][info][gc,phases      ] GC(473)   Post Evacuate Collection Set: 0.1ms
[2026-05-06T01:32:27.451+0100][18.005s][info][gc,phases      ] GC(473)   Other: 0.0ms
[2026-05-06T01:32:27.451+0100][18.005s][info][gc,heap        ] GC(473) Eden regions: 3->0(215)
[2026-05-06T01:32:27.451+0100][18.005s][info][gc,heap        ] GC(473) Survivor regions: 1->1(27)
[2026-05-06T01:32:27.451+0100][18.005s][info][gc,heap        ] GC(473) Old regions: 12->12
[2026-05-06T01:32:27.451+0100][18.005s][info][gc,heap        ] GC(473) Humongous regions: 169->96
[2026-05-06T01:32:27.451+0100][18.005s][info][gc,metaspace   ] GC(473) Metaspace: 19171K(19520K)->19171K(19520K) NonClass: 16929K(17152K)->16929K(17152K) Class: 2241K(2368K)->2241K(2368K)
[2026-05-06T01:32:27.451+0100][18.005s][info][gc             ] GC(473) Pause Young (Concurrent Start) (G1 Humongous Allocation) 354M->203M(720M) 0.538ms
[2026-05-06T01:32:27.451+0100][18.005s][info][gc,cpu         ] GC(473) User=0.01s Sys=0.00s Real=0.00s
[2026-05-06T01:32:27.451+0100][18.005s][info][gc             ] GC(474) Concurrent Undo Cycle
[2026-05-06T01:32:27.451+0100][18.005s][info][gc,marking     ] GC(474) Concurrent Clear Claimed Marks
[2026-05-06T01:32:27.451+0100][18.005s][info][gc,marking     ] GC(474) Concurrent Clear Claimed Marks 0.009ms
[2026-05-06T01:32:27.451+0100][18.005s][info][gc,marking     ] GC(474) Concurrent Cleanup for Next Mark
[2026-05-06T01:32:27.451+0100][18.005s][info][gc,marking     ] GC(474) Concurrent Cleanup for Next Mark 0.044ms
[2026-05-06T01:32:27.451+0100][18.005s][info][gc             ] GC(474) Concurrent Undo Cycle 0.104ms
[2026-05-06T01:32:27.536+0100][18.089s][info][gc,start       ] GC(475) Pause Young (Concurrent Start) (G1 Humongous Allocation)
[2026-05-06T01:32:27.536+0100][18.089s][info][gc,task        ] GC(475) Using 9 workers of 9 for evacuation
[2026-05-06T01:32:27.536+0100][18.090s][info][gc,phases      ] GC(475)   Pre Evacuate Collection Set: 0.1ms
[2026-05-06T01:32:27.536+0100][18.090s][info][gc,phases      ] GC(475)   Merge Heap Roots: 0.0ms
[2026-05-06T01:32:27.536+0100][18.090s][info][gc,phases      ] GC(475)   Evacuate Collection Set: 0.2ms
[2026-05-06T01:32:27.536+0100][18.090s][info][gc,phases      ] GC(475)   Post Evacuate Collection Set: 0.1ms
[2026-05-06T01:32:27.536+0100][18.090s][info][gc,phases      ] GC(475)   Other: 0.0ms
[2026-05-06T01:32:27.536+0100][18.090s][info][gc,heap        ] GC(475) Eden regions: 3->0(215)
[2026-05-06T01:32:27.536+0100][18.090s][info][gc,heap        ] GC(475) Survivor regions: 1->1(27)
[2026-05-06T01:32:27.536+0100][18.090s][info][gc,heap        ] GC(475) Old regions: 12->12
[2026-05-06T01:32:27.536+0100][18.090s][info][gc,heap        ] GC(475) Humongous regions: 169->96
[2026-05-06T01:32:27.536+0100][18.090s][info][gc,metaspace   ] GC(475) Metaspace: 19171K(19520K)->19171K(19520K) NonClass: 16929K(17152K)->16929K(17152K) Class: 2241K(2368K)->2241K(2368K)
[2026-05-06T01:32:27.536+0100][18.090s][info][gc             ] GC(475) Pause Young (Concurrent Start) (G1 Humongous Allocation) 354M->203M(720M) 0.546ms
[2026-05-06T01:32:27.536+0100][18.090s][info][gc,cpu         ] GC(475) User=0.00s Sys=0.00s Real=0.00s
[2026-05-06T01:32:27.536+0100][18.090s][info][gc             ] GC(476) Concurrent Undo Cycle
[2026-05-06T01:32:27.536+0100][18.090s][info][gc,marking     ] GC(476) Concurrent Clear Claimed Marks
[2026-05-06T01:32:27.536+0100][18.090s][info][gc,marking     ] GC(476) Concurrent Clear Claimed Marks 0.008ms
[2026-05-06T01:32:27.536+0100][18.090s][info][gc,marking     ] GC(476) Concurrent Cleanup for Next Mark
[2026-05-06T01:32:27.536+0100][18.090s][info][gc,marking     ] GC(476) Concurrent Cleanup for Next Mark 0.037ms
[2026-05-06T01:32:27.536+0100][18.090s][info][gc             ] GC(476) Concurrent Undo Cycle 0.076ms
[2026-05-06T01:32:27.615+0100][18.169s][info][gc,start       ] GC(477) Pause Young (Concurrent Start) (G1 Humongous Allocation)
[2026-05-06T01:32:27.615+0100][18.169s][info][gc,task        ] GC(477) Using 9 workers of 9 for evacuation
[2026-05-06T01:32:27.616+0100][18.170s][info][gc,phases      ] GC(477)   Pre Evacuate Collection Set: 0.1ms
[2026-05-06T01:32:27.616+0100][18.170s][info][gc,phases      ] GC(477)   Merge Heap Roots: 0.0ms
[2026-05-06T01:32:27.616+0100][18.170s][info][gc,phases      ] GC(477)   Evacuate Collection Set: 0.2ms
[2026-05-06T01:32:27.616+0100][18.170s][info][gc,phases      ] GC(477)   Post Evacuate Collection Set: 0.1ms
[2026-05-06T01:32:27.616+0100][18.170s][info][gc,phases      ] GC(477)   Other: 0.0ms
[2026-05-06T01:32:27.616+0100][18.170s][info][gc,heap        ] GC(477) Eden regions: 3->0(215)
[2026-05-06T01:32:27.616+0100][18.170s][info][gc,heap        ] GC(477) Survivor regions: 1->1(27)
[2026-05-06T01:32:27.616+0100][18.170s][info][gc,heap        ] GC(477) Old regions: 12->12
[2026-05-06T01:32:27.616+0100][18.170s][info][gc,heap        ] GC(477) Humongous regions: 169->96
[2026-05-06T01:32:27.616+0100][18.170s][info][gc,metaspace   ] GC(477) Metaspace: 19171K(19520K)->19171K(19520K) NonClass: 16930K(17152K)->16930K(17152K) Class: 2241K(2368K)->2241K(2368K)
[2026-05-06T01:32:27.616+0100][18.170s][info][gc             ] GC(477) Pause Young (Concurrent Start) (G1 Humongous Allocation) 354M->203M(720M) 0.558ms
[2026-05-06T01:32:27.616+0100][18.170s][info][gc,cpu         ] GC(477) User=0.00s Sys=0.00s Real=0.00s
[2026-05-06T01:32:27.616+0100][18.170s][info][gc             ] GC(478) Concurrent Undo Cycle
[2026-05-06T01:32:27.616+0100][18.170s][info][gc,marking     ] GC(478) Concurrent Clear Claimed Marks
[2026-05-06T01:32:27.616+0100][18.170s][info][gc,marking     ] GC(478) Concurrent Clear Claimed Marks 0.010ms
[2026-05-06T01:32:27.616+0100][18.170s][info][gc,marking     ] GC(478) Concurrent Cleanup for Next Mark
[2026-05-06T01:32:27.616+0100][18.170s][info][gc,marking     ] GC(478) Concurrent Cleanup for Next Mark 0.032ms
[2026-05-06T01:32:27.616+0100][18.170s][info][gc             ] GC(478) Concurrent Undo Cycle 0.072ms
[2026-05-06T01:32:27.697+0100][18.250s][info][gc,start       ] GC(479) Pause Young (Concurrent Start) (G1 Humongous Allocation)
[2026-05-06T01:32:27.697+0100][18.250s][info][gc,task        ] GC(479) Using 9 workers of 9 for evacuation
[2026-05-06T01:32:27.697+0100][18.251s][info][gc,phases      ] GC(479)   Pre Evacuate Collection Set: 0.1ms
[2026-05-06T01:32:27.697+0100][18.251s][info][gc,phases      ] GC(479)   Merge Heap Roots: 0.0ms
[2026-05-06T01:32:27.697+0100][18.251s][info][gc,phases      ] GC(479)   Evacuate Collection Set: 0.2ms
[2026-05-06T01:32:27.697+0100][18.251s][info][gc,phases      ] GC(479)   Post Evacuate Collection Set: 0.1ms
[2026-05-06T01:32:27.697+0100][18.251s][info][gc,phases      ] GC(479)   Other: 0.1ms
[2026-05-06T01:32:27.697+0100][18.251s][info][gc,heap        ] GC(479) Eden regions: 3->0(215)
[2026-05-06T01:32:27.697+0100][18.251s][info][gc,heap        ] GC(479) Survivor regions: 1->1(27)
[2026-05-06T01:32:27.697+0100][18.251s][info][gc,heap        ] GC(479) Old regions: 12->12
[2026-05-06T01:32:27.697+0100][18.251s][info][gc,heap        ] GC(479) Humongous regions: 169->96
[2026-05-06T01:32:27.697+0100][18.251s][info][gc,metaspace   ] GC(479) Metaspace: 19171K(19520K)->19171K(19520K) NonClass: 16930K(17152K)->16930K(17152K) Class: 2241K(2368K)->2241K(2368K)
[2026-05-06T01:32:27.697+0100][18.251s][info][gc             ] GC(479) Pause Young (Concurrent Start) (G1 Humongous Allocation) 354M->203M(720M) 0.622ms
[2026-05-06T01:32:27.697+0100][18.251s][info][gc,cpu         ] GC(479) User=0.00s Sys=0.00s Real=0.00s
[2026-05-06T01:32:27.697+0100][18.251s][info][gc             ] GC(480) Concurrent Undo Cycle
[2026-05-06T01:32:27.697+0100][18.251s][info][gc,marking     ] GC(480) Concurrent Clear Claimed Marks
[2026-05-06T01:32:27.697+0100][18.251s][info][gc,marking     ] GC(480) Concurrent Clear Claimed Marks 0.008ms
[2026-05-06T01:32:27.697+0100][18.251s][info][gc,marking     ] GC(480) Concurrent Cleanup for Next Mark
[2026-05-06T01:32:27.697+0100][18.251s][info][gc,marking     ] GC(480) Concurrent Cleanup for Next Mark 0.038ms
[2026-05-06T01:32:27.697+0100][18.251s][info][gc             ] GC(480) Concurrent Undo Cycle 0.079ms
[2026-05-06T01:32:27.777+0100][18.330s][info][gc,start       ] GC(481) Pause Young (Concurrent Start) (G1 Humongous Allocation)
[2026-05-06T01:32:27.777+0100][18.330s][info][gc,task        ] GC(481) Using 9 workers of 9 for evacuation
[2026-05-06T01:32:27.777+0100][18.331s][info][gc,phases      ] GC(481)   Pre Evacuate Collection Set: 0.1ms
[2026-05-06T01:32:27.777+0100][18.331s][info][gc,phases      ] GC(481)   Merge Heap Roots: 0.0ms
[2026-05-06T01:32:27.777+0100][18.331s][info][gc,phases      ] GC(481)   Evacuate Collection Set: 0.2ms
[2026-05-06T01:32:27.777+0100][18.331s][info][gc,phases      ] GC(481)   Post Evacuate Collection Set: 0.1ms
[2026-05-06T01:32:27.777+0100][18.331s][info][gc,phases      ] GC(481)   Other: 0.0ms
[2026-05-06T01:32:27.777+0100][18.331s][info][gc,heap        ] GC(481) Eden regions: 3->0(215)
[2026-05-06T01:32:27.777+0100][18.331s][info][gc,heap        ] GC(481) Survivor regions: 1->1(27)
[2026-05-06T01:32:27.777+0100][18.331s][info][gc,heap        ] GC(481) Old regions: 12->12
[2026-05-06T01:32:27.777+0100][18.331s][info][gc,heap        ] GC(481) Humongous regions: 169->96
[2026-05-06T01:32:27.777+0100][18.331s][info][gc,metaspace   ] GC(481) Metaspace: 19171K(19520K)->19171K(19520K) NonClass: 16930K(17152K)->16930K(17152K) Class: 2241K(2368K)->2241K(2368K)
[2026-05-06T01:32:27.777+0100][18.331s][info][gc             ] GC(481) Pause Young (Concurrent Start) (G1 Humongous Allocation) 354M->203M(720M) 0.577ms
[2026-05-06T01:32:27.777+0100][18.331s][info][gc,cpu         ] GC(481) User=0.00s Sys=0.00s Real=0.00s
[2026-05-06T01:32:27.777+0100][18.331s][info][gc             ] GC(482) Concurrent Undo Cycle
[2026-05-06T01:32:27.777+0100][18.331s][info][gc,marking     ] GC(482) Concurrent Clear Claimed Marks
[2026-05-06T01:32:27.777+0100][18.331s][info][gc,marking     ] GC(482) Concurrent Clear Claimed Marks 0.007ms
[2026-05-06T01:32:27.777+0100][18.331s][info][gc,marking     ] GC(482) Concurrent Cleanup for Next Mark
[2026-05-06T01:32:27.777+0100][18.331s][info][gc,marking     ] GC(482) Concurrent Cleanup for Next Mark 0.026ms
[2026-05-06T01:32:27.777+0100][18.331s][info][gc             ] GC(482) Concurrent Undo Cycle 0.062ms
[2026-05-06T01:32:27.856+0100][18.410s][info][gc,start       ] GC(483) Pause Young (Concurrent Start) (G1 Humongous Allocation)
[2026-05-06T01:32:27.856+0100][18.410s][info][gc,task        ] GC(483) Using 9 workers of 9 for evacuation
[2026-05-06T01:32:27.856+0100][18.410s][info][gc,phases      ] GC(483)   Pre Evacuate Collection Set: 0.1ms
[2026-05-06T01:32:27.856+0100][18.410s][info][gc,phases      ] GC(483)   Merge Heap Roots: 0.0ms
[2026-05-06T01:32:27.856+0100][18.410s][info][gc,phases      ] GC(483)   Evacuate Collection Set: 0.2ms
[2026-05-06T01:32:27.856+0100][18.410s][info][gc,phases      ] GC(483)   Post Evacuate Collection Set: 0.1ms
[2026-05-06T01:32:27.856+0100][18.410s][info][gc,phases      ] GC(483)   Other: 0.0ms
[2026-05-06T01:32:27.856+0100][18.410s][info][gc,heap        ] GC(483) Eden regions: 3->0(215)
[2026-05-06T01:32:27.856+0100][18.410s][info][gc,heap        ] GC(483) Survivor regions: 1->1(27)
[2026-05-06T01:32:27.856+0100][18.410s][info][gc,heap        ] GC(483) Old regions: 12->12
[2026-05-06T01:32:27.856+0100][18.410s][info][gc,heap        ] GC(483) Humongous regions: 169->96
[2026-05-06T01:32:27.856+0100][18.410s][info][gc,metaspace   ] GC(483) Metaspace: 19171K(19520K)->19171K(19520K) NonClass: 16930K(17152K)->16930K(17152K) Class: 2241K(2368K)->2241K(2368K)
[2026-05-06T01:32:27.856+0100][18.410s][info][gc             ] GC(483) Pause Young (Concurrent Start) (G1 Humongous Allocation) 354M->203M(720M) 0.543ms
[2026-05-06T01:32:27.856+0100][18.410s][info][gc,cpu         ] GC(483) User=0.00s Sys=0.00s Real=0.00s
[2026-05-06T01:32:27.856+0100][18.410s][info][gc             ] GC(484) Concurrent Undo Cycle
[2026-05-06T01:32:27.856+0100][18.410s][info][gc,marking     ] GC(484) Concurrent Clear Claimed Marks
[2026-05-06T01:32:27.856+0100][18.410s][info][gc,marking     ] GC(484) Concurrent Clear Claimed Marks 0.007ms
[2026-05-06T01:32:27.856+0100][18.410s][info][gc,marking     ] GC(484) Concurrent Cleanup for Next Mark
[2026-05-06T01:32:27.856+0100][18.410s][info][gc,marking     ] GC(484) Concurrent Cleanup for Next Mark 0.035ms
[2026-05-06T01:32:27.856+0100][18.410s][info][gc             ] GC(484) Concurrent Undo Cycle 0.065ms
[2026-05-06T01:32:27.935+0100][18.489s][info][gc,start       ] GC(485) Pause Young (Concurrent Start) (G1 Humongous Allocation)
[2026-05-06T01:32:27.935+0100][18.489s][info][gc,task        ] GC(485) Using 9 workers of 9 for evacuation
[2026-05-06T01:32:27.936+0100][18.489s][info][gc,phases      ] GC(485)   Pre Evacuate Collection Set: 0.1ms
[2026-05-06T01:32:27.936+0100][18.489s][info][gc,phases      ] GC(485)   Merge Heap Roots: 0.0ms
[2026-05-06T01:32:27.936+0100][18.489s][info][gc,phases      ] GC(485)   Evacuate Collection Set: 0.2ms
[2026-05-06T01:32:27.936+0100][18.489s][info][gc,phases      ] GC(485)   Post Evacuate Collection Set: 0.1ms
[2026-05-06T01:32:27.936+0100][18.489s][info][gc,phases      ] GC(485)   Other: 0.0ms
[2026-05-06T01:32:27.936+0100][18.489s][info][gc,heap        ] GC(485) Eden regions: 3->0(215)
[2026-05-06T01:32:27.936+0100][18.489s][info][gc,heap        ] GC(485) Survivor regions: 1->1(27)
[2026-05-06T01:32:27.936+0100][18.490s][info][gc,heap        ] GC(485) Old regions: 12->12
[2026-05-06T01:32:27.936+0100][18.490s][info][gc,heap        ] GC(485) Humongous regions: 169->96
[2026-05-06T01:32:27.936+0100][18.490s][info][gc,metaspace   ] GC(485) Metaspace: 19171K(19520K)->19171K(19520K) NonClass: 16930K(17152K)->16930K(17152K) Class: 2241K(2368K)->2241K(2368K)
[2026-05-06T01:32:27.936+0100][18.490s][info][gc             ] GC(485) Pause Young (Concurrent Start) (G1 Humongous Allocation) 354M->203M(720M) 0.528ms
[2026-05-06T01:32:27.936+0100][18.490s][info][gc,cpu         ] GC(485) User=0.00s Sys=0.00s Real=0.00s
[2026-05-06T01:32:27.936+0100][18.490s][info][gc             ] GC(486) Concurrent Undo Cycle
[2026-05-06T01:32:27.936+0100][18.490s][info][gc,marking     ] GC(486) Concurrent Clear Claimed Marks
[2026-05-06T01:32:27.936+0100][18.490s][info][gc,marking     ] GC(486) Concurrent Clear Claimed Marks 0.006ms
[2026-05-06T01:32:27.936+0100][18.490s][info][gc,marking     ] GC(486) Concurrent Cleanup for Next Mark
[2026-05-06T01:32:27.936+0100][18.490s][info][gc,marking     ] GC(486) Concurrent Cleanup for Next Mark 0.032ms
[2026-05-06T01:32:27.936+0100][18.490s][info][gc             ] GC(486) Concurrent Undo Cycle 0.065ms
[2026-05-06T01:32:28.016+0100][18.570s][info][gc,start       ] GC(487) Pause Young (Concurrent Start) (G1 Humongous Allocation)
[2026-05-06T01:32:28.016+0100][18.570s][info][gc,task        ] GC(487) Using 9 workers of 9 for evacuation
[2026-05-06T01:32:28.016+0100][18.570s][info][gc,phases      ] GC(487)   Pre Evacuate Collection Set: 0.1ms
[2026-05-06T01:32:28.016+0100][18.570s][info][gc,phases      ] GC(487)   Merge Heap Roots: 0.0ms
[2026-05-06T01:32:28.016+0100][18.570s][info][gc,phases      ] GC(487)   Evacuate Collection Set: 0.2ms
[2026-05-06T01:32:28.016+0100][18.570s][info][gc,phases      ] GC(487)   Post Evacuate Collection Set: 0.1ms
[2026-05-06T01:32:28.017+0100][18.570s][info][gc,phases      ] GC(487)   Other: 0.0ms
[2026-05-06T01:32:28.017+0100][18.570s][info][gc,heap        ] GC(487) Eden regions: 3->0(215)
[2026-05-06T01:32:28.017+0100][18.570s][info][gc,heap        ] GC(487) Survivor regions: 1->1(27)
[2026-05-06T01:32:28.017+0100][18.570s][info][gc,heap        ] GC(487) Old regions: 12->12
[2026-05-06T01:32:28.017+0100][18.570s][info][gc,heap        ] GC(487) Humongous regions: 169->96
[2026-05-06T01:32:28.017+0100][18.570s][info][gc,metaspace   ] GC(487) Metaspace: 19171K(19520K)->19171K(19520K) NonClass: 16930K(17152K)->16930K(17152K) Class: 2241K(2368K)->2241K(2368K)
[2026-05-06T01:32:28.017+0100][18.570s][info][gc             ] GC(487) Pause Young (Concurrent Start) (G1 Humongous Allocation) 354M->203M(720M) 0.596ms
[2026-05-06T01:32:28.017+0100][18.570s][info][gc,cpu         ] GC(487) User=0.00s Sys=0.00s Real=0.00s
[2026-05-06T01:32:28.017+0100][18.570s][info][gc             ] GC(488) Concurrent Undo Cycle
[2026-05-06T01:32:28.017+0100][18.570s][info][gc,marking     ] GC(488) Concurrent Clear Claimed Marks
[2026-05-06T01:32:28.017+0100][18.570s][info][gc,marking     ] GC(488) Concurrent Clear Claimed Marks 0.012ms
[2026-05-06T01:32:28.017+0100][18.570s][info][gc,marking     ] GC(488) Concurrent Cleanup for Next Mark
[2026-05-06T01:32:28.017+0100][18.570s][info][gc,marking     ] GC(488) Concurrent Cleanup for Next Mark 0.044ms
[2026-05-06T01:32:28.017+0100][18.570s][info][gc             ] GC(488) Concurrent Undo Cycle 0.094ms
[2026-05-06T01:32:28.098+0100][18.651s][info][gc,start       ] GC(489) Pause Young (Concurrent Start) (G1 Humongous Allocation)
[2026-05-06T01:32:28.098+0100][18.651s][info][gc,task        ] GC(489) Using 9 workers of 9 for evacuation
[2026-05-06T01:32:28.098+0100][18.652s][info][gc,phases      ] GC(489)   Pre Evacuate Collection Set: 0.1ms
[2026-05-06T01:32:28.098+0100][18.652s][info][gc,phases      ] GC(489)   Merge Heap Roots: 0.0ms
[2026-05-06T01:32:28.098+0100][18.652s][info][gc,phases      ] GC(489)   Evacuate Collection Set: 0.2ms
[2026-05-06T01:32:28.098+0100][18.652s][info][gc,phases      ] GC(489)   Post Evacuate Collection Set: 0.1ms
[2026-05-06T01:32:28.098+0100][18.652s][info][gc,phases      ] GC(489)   Other: 0.0ms
[2026-05-06T01:32:28.098+0100][18.652s][info][gc,heap        ] GC(489) Eden regions: 3->0(215)
[2026-05-06T01:32:28.098+0100][18.652s][info][gc,heap        ] GC(489) Survivor regions: 1->1(27)
[2026-05-06T01:32:28.098+0100][18.652s][info][gc,heap        ] GC(489) Old regions: 12->12
[2026-05-06T01:32:28.098+0100][18.652s][info][gc,heap        ] GC(489) Humongous regions: 169->96
[2026-05-06T01:32:28.098+0100][18.652s][info][gc,metaspace   ] GC(489) Metaspace: 19171K(19520K)->19171K(19520K) NonClass: 16930K(17152K)->16930K(17152K) Class: 2241K(2368K)->2241K(2368K)
[2026-05-06T01:32:28.098+0100][18.652s][info][gc             ] GC(489) Pause Young (Concurrent Start) (G1 Humongous Allocation) 354M->203M(720M) 0.580ms
[2026-05-06T01:32:28.098+0100][18.652s][info][gc,cpu         ] GC(489) User=0.00s Sys=0.00s Real=0.00s
[2026-05-06T01:32:28.098+0100][18.652s][info][gc             ] GC(490) Concurrent Undo Cycle
[2026-05-06T01:32:28.098+0100][18.652s][info][gc,marking     ] GC(490) Concurrent Clear Claimed Marks
[2026-05-06T01:32:28.098+0100][18.652s][info][gc,marking     ] GC(490) Concurrent Clear Claimed Marks 0.008ms
[2026-05-06T01:32:28.098+0100][18.652s][info][gc,marking     ] GC(490) Concurrent Cleanup for Next Mark
[2026-05-06T01:32:28.098+0100][18.652s][info][gc,marking     ] GC(490) Concurrent Cleanup for Next Mark 0.036ms
[2026-05-06T01:32:28.098+0100][18.652s][info][gc             ] GC(490) Concurrent Undo Cycle 0.075ms
[2026-05-06T01:32:28.177+0100][18.731s][info][gc,start       ] GC(491) Pause Young (Concurrent Start) (G1 Humongous Allocation)
[2026-05-06T01:32:28.177+0100][18.731s][info][gc,task        ] GC(491) Using 9 workers of 9 for evacuation
[2026-05-06T01:32:28.177+0100][18.731s][info][gc,phases      ] GC(491)   Pre Evacuate Collection Set: 0.1ms
[2026-05-06T01:32:28.177+0100][18.731s][info][gc,phases      ] GC(491)   Merge Heap Roots: 0.0ms
[2026-05-06T01:32:28.177+0100][18.731s][info][gc,phases      ] GC(491)   Evacuate Collection Set: 0.1ms
[2026-05-06T01:32:28.177+0100][18.731s][info][gc,phases      ] GC(491)   Post Evacuate Collection Set: 0.1ms
[2026-05-06T01:32:28.177+0100][18.731s][info][gc,phases      ] GC(491)   Other: 0.0ms
[2026-05-06T01:32:28.177+0100][18.731s][info][gc,heap        ] GC(491) Eden regions: 3->0(215)
[2026-05-06T01:32:28.177+0100][18.731s][info][gc,heap        ] GC(491) Survivor regions: 1->1(27)
[2026-05-06T01:32:28.177+0100][18.731s][info][gc,heap        ] GC(491) Old regions: 12->12
[2026-05-06T01:32:28.177+0100][18.731s][info][gc,heap        ] GC(491) Humongous regions: 169->96
[2026-05-06T01:32:28.177+0100][18.731s][info][gc,metaspace   ] GC(491) Metaspace: 19171K(19520K)->19171K(19520K) NonClass: 16930K(17152K)->16930K(17152K) Class: 2241K(2368K)->2241K(2368K)
[2026-05-06T01:32:28.177+0100][18.731s][info][gc             ] GC(491) Pause Young (Concurrent Start) (G1 Humongous Allocation) 354M->203M(720M) 0.465ms
[2026-05-06T01:32:28.177+0100][18.731s][info][gc,cpu         ] GC(491) User=0.00s Sys=0.00s Real=0.00s
[2026-05-06T01:32:28.177+0100][18.731s][info][gc             ] GC(492) Concurrent Undo Cycle
[2026-05-06T01:32:28.177+0100][18.731s][info][gc,marking     ] GC(492) Concurrent Clear Claimed Marks
[2026-05-06T01:32:28.177+0100][18.731s][info][gc,marking     ] GC(492) Concurrent Clear Claimed Marks 0.007ms
[2026-05-06T01:32:28.177+0100][18.731s][info][gc,marking     ] GC(492) Concurrent Cleanup for Next Mark
[2026-05-06T01:32:28.177+0100][18.731s][info][gc,marking     ] GC(492) Concurrent Cleanup for Next Mark 0.023ms
[2026-05-06T01:32:28.177+0100][18.731s][info][gc             ] GC(492) Concurrent Undo Cycle 0.067ms
[2026-05-06T01:32:28.224+0100][18.778s][info][gc,start       ] GC(493) Pause Full (System.gc())
[2026-05-06T01:32:28.224+0100][18.778s][info][gc,task        ] GC(493) Using 9 workers of 9 for full compaction
[2026-05-06T01:32:28.224+0100][18.778s][info][gc,phases,start] GC(493) Phase 1: Mark live objects
[2026-05-06T01:32:28.227+0100][18.781s][info][gc,phases      ] GC(493) Phase 1: Mark live objects 2.833ms
[2026-05-06T01:32:28.227+0100][18.781s][info][gc,phases,start] GC(493) Phase 2: Prepare compaction
[2026-05-06T01:32:28.227+0100][18.781s][info][gc,phases      ] GC(493) Phase 2: Prepare compaction 0.334ms
[2026-05-06T01:32:28.227+0100][18.781s][info][gc,phases,start] GC(493) Phase 3: Adjust pointers
[2026-05-06T01:32:28.229+0100][18.783s][info][gc,phases      ] GC(493) Phase 3: Adjust pointers 1.671ms
[2026-05-06T01:32:28.229+0100][18.783s][info][gc,phases,start] GC(493) Phase 4: Compact heap
[2026-05-06T01:32:28.229+0100][18.783s][info][gc,phases      ] GC(493) Phase 4: Compact heap 0.260ms
[2026-05-06T01:32:28.229+0100][18.783s][info][gc,phases,start] GC(493) Phase 5: Reset Metadata
[2026-05-06T01:32:28.230+0100][18.783s][info][gc,phases      ] GC(493) Phase 5: Reset Metadata 0.327ms
[2026-05-06T01:32:28.230+0100][18.784s][info][gc,heap        ] GC(493) Eden regions: 2->0(216)
[2026-05-06T01:32:28.230+0100][18.784s][info][gc,heap        ] GC(493) Survivor regions: 1->0(27)
[2026-05-06T01:32:28.230+0100][18.784s][info][gc,heap        ] GC(493) Old regions: 12->12
[2026-05-06T01:32:28.230+0100][18.784s][info][gc,heap        ] GC(493) Humongous regions: 169->96
[2026-05-06T01:32:28.230+0100][18.784s][info][gc,metaspace   ] GC(493) Metaspace: 19171K(19520K)->19171K(19520K) NonClass: 16930K(17152K)->16930K(17152K) Class: 2241K(2368K)->2241K(2368K)
[2026-05-06T01:32:28.230+0100][18.784s][info][gc             ] GC(493) Pause Full (System.gc()) 352M->203M(720M) 6.033ms
[2026-05-06T01:32:28.230+0100][18.784s][info][gc,cpu         ] GC(493) User=0.02s Sys=0.01s Real=0.01s
[2026-05-06T01:32:28.262+0100][18.816s][info][gc,start       ] GC(494) Pause Young (Concurrent Start) (G1 Humongous Allocation)
[2026-05-06T01:32:28.262+0100][18.816s][info][gc,task        ] GC(494) Using 9 workers of 9 for evacuation
[2026-05-06T01:32:28.262+0100][18.816s][info][gc,phases      ] GC(494)   Pre Evacuate Collection Set: 0.1ms
[2026-05-06T01:32:28.262+0100][18.816s][info][gc,phases      ] GC(494)   Merge Heap Roots: 0.0ms
[2026-05-06T01:32:28.262+0100][18.816s][info][gc,phases      ] GC(494)   Evacuate Collection Set: 0.1ms
[2026-05-06T01:32:28.262+0100][18.816s][info][gc,phases      ] GC(494)   Post Evacuate Collection Set: 0.1ms
[2026-05-06T01:32:28.262+0100][18.816s][info][gc,phases      ] GC(494)   Other: 0.0ms
[2026-05-06T01:32:28.262+0100][18.816s][info][gc,heap        ] GC(494) Eden regions: 3->0(215)
[2026-05-06T01:32:28.262+0100][18.816s][info][gc,heap        ] GC(494) Survivor regions: 0->1(27)
[2026-05-06T01:32:28.262+0100][18.816s][info][gc,heap        ] GC(494) Old regions: 12->12
[2026-05-06T01:32:28.262+0100][18.816s][info][gc,heap        ] GC(494) Humongous regions: 96->96
[2026-05-06T01:32:28.262+0100][18.816s][info][gc,metaspace   ] GC(494) Metaspace: 19171K(19520K)->19171K(19520K) NonClass: 16930K(17152K)->16930K(17152K) Class: 2241K(2368K)->2241K(2368K)
[2026-05-06T01:32:28.262+0100][18.816s][info][gc             ] GC(494) Pause Young (Concurrent Start) (G1 Humongous Allocation) 208M->203M(720M) 0.480ms
[2026-05-06T01:32:28.262+0100][18.816s][info][gc,cpu         ] GC(494) User=0.01s Sys=0.00s Real=0.00s
[2026-05-06T01:32:28.262+0100][18.816s][info][gc             ] GC(495) Concurrent Undo Cycle
[2026-05-06T01:32:28.262+0100][18.816s][info][gc,marking     ] GC(495) Concurrent Clear Claimed Marks
[2026-05-06T01:32:28.262+0100][18.816s][info][gc,marking     ] GC(495) Concurrent Clear Claimed Marks 0.007ms
[2026-05-06T01:32:28.262+0100][18.816s][info][gc,marking     ] GC(495) Concurrent Cleanup for Next Mark
[2026-05-06T01:32:28.262+0100][18.816s][info][gc,marking     ] GC(495) Concurrent Cleanup for Next Mark 0.022ms
[2026-05-06T01:32:28.262+0100][18.816s][info][gc             ] GC(495) Concurrent Undo Cycle 0.053ms
[2026-05-06T01:32:28.341+0100][18.895s][info][gc,start       ] GC(496) Pause Young (Concurrent Start) (G1 Humongous Allocation)
[2026-05-06T01:32:28.341+0100][18.895s][info][gc,task        ] GC(496) Using 9 workers of 9 for evacuation
[2026-05-06T01:32:28.341+0100][18.895s][info][gc,phases      ] GC(496)   Pre Evacuate Collection Set: 0.1ms
[2026-05-06T01:32:28.342+0100][18.895s][info][gc,phases      ] GC(496)   Merge Heap Roots: 0.0ms
[2026-05-06T01:32:28.342+0100][18.895s][info][gc,phases      ] GC(496)   Evacuate Collection Set: 0.1ms
[2026-05-06T01:32:28.342+0100][18.895s][info][gc,phases      ] GC(496)   Post Evacuate Collection Set: 0.1ms
[2026-05-06T01:32:28.342+0100][18.895s][info][gc,phases      ] GC(496)   Other: 0.0ms
[2026-05-06T01:32:28.342+0100][18.895s][info][gc,heap        ] GC(496) Eden regions: 2->0(215)
[2026-05-06T01:32:28.342+0100][18.895s][info][gc,heap        ] GC(496) Survivor regions: 1->1(27)
[2026-05-06T01:32:28.342+0100][18.895s][info][gc,heap        ] GC(496) Old regions: 12->12
[2026-05-06T01:32:28.342+0100][18.895s][info][gc,heap        ] GC(496) Humongous regions: 169->96
[2026-05-06T01:32:28.342+0100][18.895s][info][gc,metaspace   ] GC(496) Metaspace: 19171K(19520K)->19171K(19520K) NonClass: 16930K(17152K)->16930K(17152K) Class: 2241K(2368K)->2241K(2368K)
[2026-05-06T01:32:28.342+0100][18.895s][info][gc             ] GC(496) Pause Young (Concurrent Start) (G1 Humongous Allocation) 353M->203M(720M) 0.454ms
[2026-05-06T01:32:28.342+0100][18.895s][info][gc,cpu         ] GC(496) User=0.00s Sys=0.00s Real=0.00s
[2026-05-06T01:32:28.342+0100][18.895s][info][gc             ] GC(497) Concurrent Undo Cycle
[2026-05-06T01:32:28.342+0100][18.895s][info][gc,marking     ] GC(497) Concurrent Clear Claimed Marks
[2026-05-06T01:32:28.342+0100][18.895s][info][gc,marking     ] GC(497) Concurrent Clear Claimed Marks 0.007ms
[2026-05-06T01:32:28.342+0100][18.895s][info][gc,marking     ] GC(497) Concurrent Cleanup for Next Mark
[2026-05-06T01:32:28.342+0100][18.895s][info][gc,marking     ] GC(497) Concurrent Cleanup for Next Mark 0.036ms
[2026-05-06T01:32:28.342+0100][18.895s][info][gc             ] GC(497) Concurrent Undo Cycle 0.072ms
[2026-05-06T01:32:28.420+0100][18.974s][info][gc,start       ] GC(498) Pause Young (Concurrent Start) (G1 Humongous Allocation)
[2026-05-06T01:32:28.420+0100][18.974s][info][gc,task        ] GC(498) Using 9 workers of 9 for evacuation
[2026-05-06T01:32:28.421+0100][18.974s][info][gc,phases      ] GC(498)   Pre Evacuate Collection Set: 0.1ms
[2026-05-06T01:32:28.421+0100][18.974s][info][gc,phases      ] GC(498)   Merge Heap Roots: 0.0ms
[2026-05-06T01:32:28.421+0100][18.974s][info][gc,phases      ] GC(498)   Evacuate Collection Set: 0.1ms
[2026-05-06T01:32:28.421+0100][18.974s][info][gc,phases      ] GC(498)   Post Evacuate Collection Set: 0.1ms
[2026-05-06T01:32:28.421+0100][18.974s][info][gc,phases      ] GC(498)   Other: 0.0ms
[2026-05-06T01:32:28.421+0100][18.974s][info][gc,heap        ] GC(498) Eden regions: 3->0(215)
[2026-05-06T01:32:28.421+0100][18.974s][info][gc,heap        ] GC(498) Survivor regions: 1->1(27)
[2026-05-06T01:32:28.421+0100][18.974s][info][gc,heap        ] GC(498) Old regions: 12->12
[2026-05-06T01:32:28.421+0100][18.974s][info][gc,heap        ] GC(498) Humongous regions: 169->96
[2026-05-06T01:32:28.421+0100][18.974s][info][gc,metaspace   ] GC(498) Metaspace: 19171K(19520K)->19171K(19520K) NonClass: 16930K(17152K)->16930K(17152K) Class: 2241K(2368K)->2241K(2368K)
[2026-05-06T01:32:28.421+0100][18.974s][info][gc             ] GC(498) Pause Young (Concurrent Start) (G1 Humongous Allocation) 354M->203M(720M) 0.497ms
[2026-05-06T01:32:28.421+0100][18.974s][info][gc,cpu         ] GC(498) User=0.00s Sys=0.00s Real=0.00s
[2026-05-06T01:32:28.421+0100][18.974s][info][gc             ] GC(499) Concurrent Undo Cycle
[2026-05-06T01:32:28.421+0100][18.974s][info][gc,marking     ] GC(499) Concurrent Clear Claimed Marks
[2026-05-06T01:32:28.421+0100][18.974s][info][gc,marking     ] GC(499) Concurrent Clear Claimed Marks 0.007ms
[2026-05-06T01:32:28.421+0100][18.974s][info][gc,marking     ] GC(499) Concurrent Cleanup for Next Mark
[2026-05-06T01:32:28.421+0100][18.974s][info][gc,marking     ] GC(499) Concurrent Cleanup for Next Mark 0.038ms
[2026-05-06T01:32:28.421+0100][18.974s][info][gc             ] GC(499) Concurrent Undo Cycle 0.079ms
[2026-05-06T01:32:28.499+0100][19.053s][info][gc,start       ] GC(500) Pause Young (Concurrent Start) (G1 Humongous Allocation)
[2026-05-06T01:32:28.499+0100][19.053s][info][gc,task        ] GC(500) Using 9 workers of 9 for evacuation
[2026-05-06T01:32:28.500+0100][19.053s][info][gc,phases      ] GC(500)   Pre Evacuate Collection Set: 0.1ms
[2026-05-06T01:32:28.500+0100][19.053s][info][gc,phases      ] GC(500)   Merge Heap Roots: 0.0ms
[2026-05-06T01:32:28.500+0100][19.053s][info][gc,phases      ] GC(500)   Evacuate Collection Set: 0.2ms
[2026-05-06T01:32:28.500+0100][19.053s][info][gc,phases      ] GC(500)   Post Evacuate Collection Set: 0.1ms
[2026-05-06T01:32:28.500+0100][19.053s][info][gc,phases      ] GC(500)   Other: 0.0ms
[2026-05-06T01:32:28.500+0100][19.053s][info][gc,heap        ] GC(500) Eden regions: 3->0(215)
[2026-05-06T01:32:28.500+0100][19.053s][info][gc,heap        ] GC(500) Survivor regions: 1->1(27)
[2026-05-06T01:32:28.500+0100][19.053s][info][gc,heap        ] GC(500) Old regions: 12->12
[2026-05-06T01:32:28.500+0100][19.053s][info][gc,heap        ] GC(500) Humongous regions: 169->96
[2026-05-06T01:32:28.500+0100][19.053s][info][gc,metaspace   ] GC(500) Metaspace: 19171K(19520K)->19171K(19520K) NonClass: 16930K(17152K)->16930K(17152K) Class: 2241K(2368K)->2241K(2368K)
[2026-05-06T01:32:28.500+0100][19.053s][info][gc             ] GC(500) Pause Young (Concurrent Start) (G1 Humongous Allocation) 354M->203M(720M) 0.511ms
[2026-05-06T01:32:28.500+0100][19.053s][info][gc,cpu         ] GC(500) User=0.00s Sys=0.01s Real=0.01s
[2026-05-06T01:32:28.500+0100][19.053s][info][gc             ] GC(501) Concurrent Undo Cycle
[2026-05-06T01:32:28.500+0100][19.053s][info][gc,marking     ] GC(501) Concurrent Clear Claimed Marks
[2026-05-06T01:32:28.500+0100][19.053s][info][gc,marking     ] GC(501) Concurrent Clear Claimed Marks 0.007ms
[2026-05-06T01:32:28.500+0100][19.053s][info][gc,marking     ] GC(501) Concurrent Cleanup for Next Mark
[2026-05-06T01:32:28.500+0100][19.054s][info][gc,marking     ] GC(501) Concurrent Cleanup for Next Mark 0.026ms
[2026-05-06T01:32:28.500+0100][19.054s][info][gc             ] GC(501) Concurrent Undo Cycle 0.056ms
[2026-05-06T01:32:28.578+0100][19.132s][info][gc,start       ] GC(502) Pause Young (Concurrent Start) (G1 Humongous Allocation)
[2026-05-06T01:32:28.578+0100][19.132s][info][gc,task        ] GC(502) Using 9 workers of 9 for evacuation
[2026-05-06T01:32:28.579+0100][19.133s][info][gc,phases      ] GC(502)   Pre Evacuate Collection Set: 0.1ms
[2026-05-06T01:32:28.579+0100][19.133s][info][gc,phases      ] GC(502)   Merge Heap Roots: 0.0ms
[2026-05-06T01:32:28.579+0100][19.133s][info][gc,phases      ] GC(502)   Evacuate Collection Set: 0.1ms
[2026-05-06T01:32:28.579+0100][19.133s][info][gc,phases      ] GC(502)   Post Evacuate Collection Set: 0.1ms
[2026-05-06T01:32:28.579+0100][19.133s][info][gc,phases      ] GC(502)   Other: 0.0ms
[2026-05-06T01:32:28.579+0100][19.133s][info][gc,heap        ] GC(502) Eden regions: 3->0(215)
[2026-05-06T01:32:28.579+0100][19.133s][info][gc,heap        ] GC(502) Survivor regions: 1->1(27)
[2026-05-06T01:32:28.579+0100][19.133s][info][gc,heap        ] GC(502) Old regions: 12->12
[2026-05-06T01:32:28.579+0100][19.133s][info][gc,heap        ] GC(502) Humongous regions: 169->96
[2026-05-06T01:32:28.579+0100][19.133s][info][gc,metaspace   ] GC(502) Metaspace: 19171K(19520K)->19171K(19520K) NonClass: 16930K(17152K)->16930K(17152K) Class: 2241K(2368K)->2241K(2368K)
[2026-05-06T01:32:28.579+0100][19.133s][info][gc             ] GC(502) Pause Young (Concurrent Start) (G1 Humongous Allocation) 354M->203M(720M) 0.494ms
[2026-05-06T01:32:28.579+0100][19.133s][info][gc,cpu         ] GC(502) User=0.00s Sys=0.00s Real=0.00s
[2026-05-06T01:32:28.579+0100][19.133s][info][gc             ] GC(503) Concurrent Undo Cycle
[2026-05-06T01:32:28.579+0100][19.133s][info][gc,marking     ] GC(503) Concurrent Clear Claimed Marks
[2026-05-06T01:32:28.579+0100][19.133s][info][gc,marking     ] GC(503) Concurrent Clear Claimed Marks 0.006ms
[2026-05-06T01:32:28.579+0100][19.133s][info][gc,marking     ] GC(503) Concurrent Cleanup for Next Mark
[2026-05-06T01:32:28.579+0100][19.133s][info][gc,marking     ] GC(503) Concurrent Cleanup for Next Mark 0.036ms
[2026-05-06T01:32:28.579+0100][19.133s][info][gc             ] GC(503) Concurrent Undo Cycle 0.066ms
[2026-05-06T01:32:28.657+0100][19.211s][info][gc,start       ] GC(504) Pause Young (Concurrent Start) (G1 Humongous Allocation)
[2026-05-06T01:32:28.657+0100][19.211s][info][gc,task        ] GC(504) Using 9 workers of 9 for evacuation
[2026-05-06T01:32:28.658+0100][19.212s][info][gc,phases      ] GC(504)   Pre Evacuate Collection Set: 0.1ms
[2026-05-06T01:32:28.658+0100][19.212s][info][gc,phases      ] GC(504)   Merge Heap Roots: 0.0ms
[2026-05-06T01:32:28.658+0100][19.212s][info][gc,phases      ] GC(504)   Evacuate Collection Set: 0.1ms
[2026-05-06T01:32:28.658+0100][19.212s][info][gc,phases      ] GC(504)   Post Evacuate Collection Set: 0.1ms
[2026-05-06T01:32:28.658+0100][19.212s][info][gc,phases      ] GC(504)   Other: 0.0ms
[2026-05-06T01:32:28.658+0100][19.212s][info][gc,heap        ] GC(504) Eden regions: 3->0(215)
[2026-05-06T01:32:28.658+0100][19.212s][info][gc,heap        ] GC(504) Survivor regions: 1->1(27)
[2026-05-06T01:32:28.658+0100][19.212s][info][gc,heap        ] GC(504) Old regions: 12->12
[2026-05-06T01:32:28.658+0100][19.212s][info][gc,heap        ] GC(504) Humongous regions: 169->96
[2026-05-06T01:32:28.658+0100][19.212s][info][gc,metaspace   ] GC(504) Metaspace: 19176K(19520K)->19176K(19520K) NonClass: 16934K(17152K)->16934K(17152K) Class: 2241K(2368K)->2241K(2368K)
[2026-05-06T01:32:28.658+0100][19.212s][info][gc             ] GC(504) Pause Young (Concurrent Start) (G1 Humongous Allocation) 354M->203M(720M) 0.488ms
[2026-05-06T01:32:28.658+0100][19.212s][info][gc,cpu         ] GC(504) User=0.00s Sys=0.00s Real=0.00s
[2026-05-06T01:32:28.658+0100][19.212s][info][gc             ] GC(505) Concurrent Undo Cycle
[2026-05-06T01:32:28.658+0100][19.212s][info][gc,marking     ] GC(505) Concurrent Clear Claimed Marks
[2026-05-06T01:32:28.658+0100][19.212s][info][gc,marking     ] GC(505) Concurrent Clear Claimed Marks 0.007ms
[2026-05-06T01:32:28.658+0100][19.212s][info][gc,marking     ] GC(505) Concurrent Cleanup for Next Mark
[2026-05-06T01:32:28.658+0100][19.212s][info][gc,marking     ] GC(505) Concurrent Cleanup for Next Mark 0.028ms
[2026-05-06T01:32:28.658+0100][19.212s][info][gc             ] GC(505) Concurrent Undo Cycle 0.060ms
[2026-05-06T01:32:28.736+0100][19.290s][info][gc,start       ] GC(506) Pause Young (Concurrent Start) (G1 Humongous Allocation)
[2026-05-06T01:32:28.736+0100][19.290s][info][gc,task        ] GC(506) Using 9 workers of 9 for evacuation
[2026-05-06T01:32:28.737+0100][19.291s][info][gc,phases      ] GC(506)   Pre Evacuate Collection Set: 0.1ms
[2026-05-06T01:32:28.737+0100][19.291s][info][gc,phases      ] GC(506)   Merge Heap Roots: 0.0ms
[2026-05-06T01:32:28.737+0100][19.291s][info][gc,phases      ] GC(506)   Evacuate Collection Set: 0.1ms
[2026-05-06T01:32:28.737+0100][19.291s][info][gc,phases      ] GC(506)   Post Evacuate Collection Set: 0.1ms
[2026-05-06T01:32:28.737+0100][19.291s][info][gc,phases      ] GC(506)   Other: 0.0ms
[2026-05-06T01:32:28.737+0100][19.291s][info][gc,heap        ] GC(506) Eden regions: 3->0(215)
[2026-05-06T01:32:28.737+0100][19.291s][info][gc,heap        ] GC(506) Survivor regions: 1->1(27)
[2026-05-06T01:32:28.737+0100][19.291s][info][gc,heap        ] GC(506) Old regions: 12->12
[2026-05-06T01:32:28.737+0100][19.291s][info][gc,heap        ] GC(506) Humongous regions: 169->96
[2026-05-06T01:32:28.737+0100][19.291s][info][gc,metaspace   ] GC(506) Metaspace: 19177K(19520K)->19177K(19520K) NonClass: 16935K(17152K)->16935K(17152K) Class: 2241K(2368K)->2241K(2368K)
[2026-05-06T01:32:28.737+0100][19.291s][info][gc             ] GC(506) Pause Young (Concurrent Start) (G1 Humongous Allocation) 354M->203M(720M) 0.481ms
[2026-05-06T01:32:28.737+0100][19.291s][info][gc,cpu         ] GC(506) User=0.00s Sys=0.00s Real=0.00s
[2026-05-06T01:32:28.737+0100][19.291s][info][gc             ] GC(507) Concurrent Undo Cycle
[2026-05-06T01:32:28.737+0100][19.291s][info][gc,marking     ] GC(507) Concurrent Clear Claimed Marks
[2026-05-06T01:32:28.737+0100][19.291s][info][gc,marking     ] GC(507) Concurrent Clear Claimed Marks 0.007ms
[2026-05-06T01:32:28.737+0100][19.291s][info][gc,marking     ] GC(507) Concurrent Cleanup for Next Mark
[2026-05-06T01:32:28.737+0100][19.291s][info][gc,marking     ] GC(507) Concurrent Cleanup for Next Mark 0.028ms
[2026-05-06T01:32:28.737+0100][19.291s][info][gc             ] GC(507) Concurrent Undo Cycle 0.058ms
[2026-05-06T01:32:28.816+0100][19.369s][info][gc,start       ] GC(508) Pause Young (Concurrent Start) (G1 Humongous Allocation)
[2026-05-06T01:32:28.816+0100][19.370s][info][gc,task        ] GC(508) Using 9 workers of 9 for evacuation
[2026-05-06T01:32:28.816+0100][19.370s][info][gc,phases      ] GC(508)   Pre Evacuate Collection Set: 0.1ms
[2026-05-06T01:32:28.816+0100][19.370s][info][gc,phases      ] GC(508)   Merge Heap Roots: 0.0ms
[2026-05-06T01:32:28.816+0100][19.370s][info][gc,phases      ] GC(508)   Evacuate Collection Set: 0.1ms
[2026-05-06T01:32:28.816+0100][19.370s][info][gc,phases      ] GC(508)   Post Evacuate Collection Set: 0.1ms
[2026-05-06T01:32:28.816+0100][19.370s][info][gc,phases      ] GC(508)   Other: 0.0ms
[2026-05-06T01:32:28.816+0100][19.370s][info][gc,heap        ] GC(508) Eden regions: 3->0(215)
[2026-05-06T01:32:28.816+0100][19.370s][info][gc,heap        ] GC(508) Survivor regions: 1->1(27)
[2026-05-06T01:32:28.816+0100][19.370s][info][gc,heap        ] GC(508) Old regions: 12->12
[2026-05-06T01:32:28.816+0100][19.370s][info][gc,heap        ] GC(508) Humongous regions: 169->96
[2026-05-06T01:32:28.816+0100][19.370s][info][gc,metaspace   ] GC(508) Metaspace: 19177K(19520K)->19177K(19520K) NonClass: 16935K(17152K)->16935K(17152K) Class: 2241K(2368K)->2241K(2368K)
[2026-05-06T01:32:28.816+0100][19.370s][info][gc             ] GC(508) Pause Young (Concurrent Start) (G1 Humongous Allocation) 354M->203M(720M) 0.492ms
[2026-05-06T01:32:28.816+0100][19.370s][info][gc,cpu         ] GC(508) User=0.01s Sys=0.00s Real=0.00s
[2026-05-06T01:32:28.816+0100][19.370s][info][gc             ] GC(509) Concurrent Undo Cycle
[2026-05-06T01:32:28.816+0100][19.370s][info][gc,marking     ] GC(509) Concurrent Clear Claimed Marks
[2026-05-06T01:32:28.816+0100][19.370s][info][gc,marking     ] GC(509) Concurrent Clear Claimed Marks 0.007ms
[2026-05-06T01:32:28.816+0100][19.370s][info][gc,marking     ] GC(509) Concurrent Cleanup for Next Mark
[2026-05-06T01:32:28.816+0100][19.370s][info][gc,marking     ] GC(509) Concurrent Cleanup for Next Mark 0.022ms
[2026-05-06T01:32:28.816+0100][19.370s][info][gc             ] GC(509) Concurrent Undo Cycle 0.052ms
[2026-05-06T01:32:28.895+0100][19.449s][info][gc,start       ] GC(510) Pause Young (Concurrent Start) (G1 Humongous Allocation)
[2026-05-06T01:32:28.895+0100][19.449s][info][gc,task        ] GC(510) Using 9 workers of 9 for evacuation
[2026-05-06T01:32:28.895+0100][19.449s][info][gc,phases      ] GC(510)   Pre Evacuate Collection Set: 0.1ms
[2026-05-06T01:32:28.895+0100][19.449s][info][gc,phases      ] GC(510)   Merge Heap Roots: 0.0ms
[2026-05-06T01:32:28.895+0100][19.449s][info][gc,phases      ] GC(510)   Evacuate Collection Set: 0.1ms
[2026-05-06T01:32:28.895+0100][19.449s][info][gc,phases      ] GC(510)   Post Evacuate Collection Set: 0.1ms
[2026-05-06T01:32:28.895+0100][19.449s][info][gc,phases      ] GC(510)   Other: 0.0ms
[2026-05-06T01:32:28.895+0100][19.449s][info][gc,heap        ] GC(510) Eden regions: 3->0(215)
[2026-05-06T01:32:28.895+0100][19.449s][info][gc,heap        ] GC(510) Survivor regions: 1->1(27)
[2026-05-06T01:32:28.895+0100][19.449s][info][gc,heap        ] GC(510) Old regions: 12->12
[2026-05-06T01:32:28.895+0100][19.449s][info][gc,heap        ] GC(510) Humongous regions: 169->96
[2026-05-06T01:32:28.895+0100][19.449s][info][gc,metaspace   ] GC(510) Metaspace: 19177K(19520K)->19177K(19520K) NonClass: 16935K(17152K)->16935K(17152K) Class: 2241K(2368K)->2241K(2368K)
[2026-05-06T01:32:28.895+0100][19.449s][info][gc             ] GC(510) Pause Young (Concurrent Start) (G1 Humongous Allocation) 354M->203M(720M) 0.502ms
[2026-05-06T01:32:28.895+0100][19.449s][info][gc,cpu         ] GC(510) User=0.00s Sys=0.00s Real=0.00s
[2026-05-06T01:32:28.895+0100][19.449s][info][gc             ] GC(511) Concurrent Undo Cycle
[2026-05-06T01:32:28.895+0100][19.449s][info][gc,marking     ] GC(511) Concurrent Clear Claimed Marks
[2026-05-06T01:32:28.895+0100][19.449s][info][gc,marking     ] GC(511) Concurrent Clear Claimed Marks 0.006ms
[2026-05-06T01:32:28.895+0100][19.449s][info][gc,marking     ] GC(511) Concurrent Cleanup for Next Mark
[2026-05-06T01:32:28.895+0100][19.449s][info][gc,marking     ] GC(511) Concurrent Cleanup for Next Mark 0.031ms
[2026-05-06T01:32:28.895+0100][19.449s][info][gc             ] GC(511) Concurrent Undo Cycle 0.059ms
[2026-05-06T01:32:28.975+0100][19.528s][info][gc,start       ] GC(512) Pause Young (Concurrent Start) (G1 Humongous Allocation)
[2026-05-06T01:32:28.975+0100][19.528s][info][gc,task        ] GC(512) Using 9 workers of 9 for evacuation
[2026-05-06T01:32:28.975+0100][19.529s][info][gc,phases      ] GC(512)   Pre Evacuate Collection Set: 0.1ms
[2026-05-06T01:32:28.975+0100][19.529s][info][gc,phases      ] GC(512)   Merge Heap Roots: 0.0ms
[2026-05-06T01:32:28.975+0100][19.529s][info][gc,phases      ] GC(512)   Evacuate Collection Set: 0.2ms
[2026-05-06T01:32:28.975+0100][19.529s][info][gc,phases      ] GC(512)   Post Evacuate Collection Set: 0.1ms
[2026-05-06T01:32:28.975+0100][19.529s][info][gc,phases      ] GC(512)   Other: 0.0ms
[2026-05-06T01:32:28.975+0100][19.529s][info][gc,heap        ] GC(512) Eden regions: 3->0(215)
[2026-05-06T01:32:28.975+0100][19.529s][info][gc,heap        ] GC(512) Survivor regions: 1->1(27)
[2026-05-06T01:32:28.975+0100][19.529s][info][gc,heap        ] GC(512) Old regions: 12->12
[2026-05-06T01:32:28.975+0100][19.529s][info][gc,heap        ] GC(512) Humongous regions: 169->96
[2026-05-06T01:32:28.975+0100][19.529s][info][gc,metaspace   ] GC(512) Metaspace: 19177K(19520K)->19177K(19520K) NonClass: 16935K(17152K)->16935K(17152K) Class: 2241K(2368K)->2241K(2368K)
[2026-05-06T01:32:28.975+0100][19.529s][info][gc             ] GC(512) Pause Young (Concurrent Start) (G1 Humongous Allocation) 354M->203M(720M) 0.610ms
[2026-05-06T01:32:28.975+0100][19.529s][info][gc,cpu         ] GC(512) User=0.00s Sys=0.00s Real=0.00s
[2026-05-06T01:32:28.975+0100][19.529s][info][gc             ] GC(513) Concurrent Undo Cycle
[2026-05-06T01:32:28.975+0100][19.529s][info][gc,marking     ] GC(513) Concurrent Clear Claimed Marks
[2026-05-06T01:32:28.975+0100][19.529s][info][gc,marking     ] GC(513) Concurrent Clear Claimed Marks 0.008ms
[2026-05-06T01:32:28.975+0100][19.529s][info][gc,marking     ] GC(513) Concurrent Cleanup for Next Mark
[2026-05-06T01:32:28.975+0100][19.529s][info][gc,marking     ] GC(513) Concurrent Cleanup for Next Mark 0.033ms
[2026-05-06T01:32:28.975+0100][19.529s][info][gc             ] GC(513) Concurrent Undo Cycle 0.080ms
[2026-05-06T01:32:29.040+0100][19.594s][info][gc,start       ] GC(514) Pause Young (Concurrent Start) (G1 Humongous Allocation)
[2026-05-06T01:32:29.040+0100][19.594s][info][gc,task        ] GC(514) Using 9 workers of 9 for evacuation
[2026-05-06T01:32:29.040+0100][19.594s][info][gc,phases      ] GC(514)   Pre Evacuate Collection Set: 0.2ms
[2026-05-06T01:32:29.040+0100][19.594s][info][gc,phases      ] GC(514)   Merge Heap Roots: 0.0ms
[2026-05-06T01:32:29.040+0100][19.594s][info][gc,phases      ] GC(514)   Evacuate Collection Set: 0.2ms
[2026-05-06T01:32:29.040+0100][19.594s][info][gc,phases      ] GC(514)   Post Evacuate Collection Set: 0.1ms
[2026-05-06T01:32:29.040+0100][19.594s][info][gc,phases      ] GC(514)   Other: 0.0ms
[2026-05-06T01:32:29.040+0100][19.594s][info][gc,heap        ] GC(514) Eden regions: 2->0(215)
[2026-05-06T01:32:29.040+0100][19.594s][info][gc,heap        ] GC(514) Survivor regions: 1->1(27)
[2026-05-06T01:32:29.040+0100][19.594s][info][gc,heap        ] GC(514) Old regions: 12->12
[2026-05-06T01:32:29.040+0100][19.594s][info][gc,heap        ] GC(514) Humongous regions: 169->96
[2026-05-06T01:32:29.040+0100][19.594s][info][gc,metaspace   ] GC(514) Metaspace: 19177K(19520K)->19177K(19520K) NonClass: 16935K(17152K)->16935K(17152K) Class: 2241K(2368K)->2241K(2368K)
[2026-05-06T01:32:29.040+0100][19.594s][info][gc             ] GC(514) Pause Young (Concurrent Start) (G1 Humongous Allocation) 352M->203M(720M) 0.585ms
[2026-05-06T01:32:29.040+0100][19.594s][info][gc,cpu         ] GC(514) User=0.00s Sys=0.01s Real=0.00s
[2026-05-06T01:32:29.040+0100][19.594s][info][gc             ] GC(515) Concurrent Undo Cycle
[2026-05-06T01:32:29.040+0100][19.594s][info][gc,marking     ] GC(515) Concurrent Clear Claimed Marks
[2026-05-06T01:32:29.040+0100][19.594s][info][gc,marking     ] GC(515) Concurrent Clear Claimed Marks 0.007ms
[2026-05-06T01:32:29.040+0100][19.594s][info][gc,marking     ] GC(515) Concurrent Cleanup for Next Mark
[2026-05-06T01:32:29.041+0100][19.594s][info][gc,marking     ] GC(515) Concurrent Cleanup for Next Mark 0.036ms
[2026-05-06T01:32:29.041+0100][19.594s][info][gc             ] GC(515) Concurrent Undo Cycle 0.081ms
[2026-05-06T01:32:29.082+0100][19.636s][info][gc,start       ] GC(516) Pause Young (Concurrent Start) (G1 Humongous Allocation)
[2026-05-06T01:32:29.082+0100][19.636s][info][gc,task        ] GC(516) Using 9 workers of 9 for evacuation
[2026-05-06T01:32:29.082+0100][19.636s][info][gc,phases      ] GC(516)   Pre Evacuate Collection Set: 0.1ms
[2026-05-06T01:32:29.082+0100][19.636s][info][gc,phases      ] GC(516)   Merge Heap Roots: 0.0ms
[2026-05-06T01:32:29.083+0100][19.636s][info][gc,phases      ] GC(516)   Evacuate Collection Set: 0.1ms
[2026-05-06T01:32:29.083+0100][19.636s][info][gc,phases      ] GC(516)   Post Evacuate Collection Set: 0.1ms
[2026-05-06T01:32:29.083+0100][19.636s][info][gc,phases      ] GC(516)   Other: 0.0ms
[2026-05-06T01:32:29.083+0100][19.636s][info][gc,heap        ] GC(516) Eden regions: 1->0(215)
[2026-05-06T01:32:29.083+0100][19.636s][info][gc,heap        ] GC(516) Survivor regions: 1->1(27)
[2026-05-06T01:32:29.083+0100][19.636s][info][gc,heap        ] GC(516) Old regions: 12->12
[2026-05-06T01:32:29.083+0100][19.636s][info][gc,heap        ] GC(516) Humongous regions: 169->96
[2026-05-06T01:32:29.083+0100][19.636s][info][gc,metaspace   ] GC(516) Metaspace: 19177K(19520K)->19177K(19520K) NonClass: 16935K(17152K)->16935K(17152K) Class: 2241K(2368K)->2241K(2368K)
[2026-05-06T01:32:29.083+0100][19.636s][info][gc             ] GC(516) Pause Young (Concurrent Start) (G1 Humongous Allocation) 350M->203M(720M) 0.548ms
[2026-05-06T01:32:29.083+0100][19.636s][info][gc,cpu         ] GC(516) User=0.00s Sys=0.00s Real=0.00s
[2026-05-06T01:32:29.083+0100][19.636s][info][gc             ] GC(517) Concurrent Undo Cycle
[2026-05-06T01:32:29.083+0100][19.636s][info][gc,marking     ] GC(517) Concurrent Clear Claimed Marks
[2026-05-06T01:32:29.083+0100][19.636s][info][gc,marking     ] GC(517) Concurrent Clear Claimed Marks 0.007ms
[2026-05-06T01:32:29.083+0100][19.636s][info][gc,marking     ] GC(517) Concurrent Cleanup for Next Mark
[2026-05-06T01:32:29.083+0100][19.636s][info][gc,marking     ] GC(517) Concurrent Cleanup for Next Mark 0.026ms
[2026-05-06T01:32:29.083+0100][19.636s][info][gc             ] GC(517) Concurrent Undo Cycle 0.057ms
[2026-05-06T01:32:29.124+0100][19.678s][info][gc,start       ] GC(518) Pause Young (Concurrent Start) (G1 Humongous Allocation)
[2026-05-06T01:32:29.124+0100][19.678s][info][gc,task        ] GC(518) Using 9 workers of 9 for evacuation
[2026-05-06T01:32:29.125+0100][19.679s][info][gc,phases      ] GC(518)   Pre Evacuate Collection Set: 0.1ms
[2026-05-06T01:32:29.125+0100][19.679s][info][gc,phases      ] GC(518)   Merge Heap Roots: 0.0ms
[2026-05-06T01:32:29.125+0100][19.679s][info][gc,phases      ] GC(518)   Evacuate Collection Set: 0.2ms
[2026-05-06T01:32:29.125+0100][19.679s][info][gc,phases      ] GC(518)   Post Evacuate Collection Set: 0.1ms
[2026-05-06T01:32:29.125+0100][19.679s][info][gc,phases      ] GC(518)   Other: 0.0ms
[2026-05-06T01:32:29.125+0100][19.679s][info][gc,heap        ] GC(518) Eden regions: 1->0(215)
[2026-05-06T01:32:29.125+0100][19.679s][info][gc,heap        ] GC(518) Survivor regions: 1->1(27)
[2026-05-06T01:32:29.125+0100][19.679s][info][gc,heap        ] GC(518) Old regions: 12->12
[2026-05-06T01:32:29.125+0100][19.679s][info][gc,heap        ] GC(518) Humongous regions: 169->96
[2026-05-06T01:32:29.125+0100][19.679s][info][gc,metaspace   ] GC(518) Metaspace: 19177K(19520K)->19177K(19520K) NonClass: 16935K(17152K)->16935K(17152K) Class: 2241K(2368K)->2241K(2368K)
[2026-05-06T01:32:29.125+0100][19.679s][info][gc             ] GC(518) Pause Young (Concurrent Start) (G1 Humongous Allocation) 350M->203M(720M) 0.569ms
[2026-05-06T01:32:29.125+0100][19.679s][info][gc,cpu         ] GC(518) User=0.00s Sys=0.00s Real=0.00s
[2026-05-06T01:32:29.125+0100][19.679s][info][gc             ] GC(519) Concurrent Undo Cycle
[2026-05-06T01:32:29.125+0100][19.679s][info][gc,marking     ] GC(519) Concurrent Clear Claimed Marks
[2026-05-06T01:32:29.125+0100][19.679s][info][gc,marking     ] GC(519) Concurrent Clear Claimed Marks 0.007ms
[2026-05-06T01:32:29.125+0100][19.679s][info][gc,marking     ] GC(519) Concurrent Cleanup for Next Mark
[2026-05-06T01:32:29.125+0100][19.679s][info][gc,marking     ] GC(519) Concurrent Cleanup for Next Mark 0.034ms
[2026-05-06T01:32:29.125+0100][19.679s][info][gc             ] GC(519) Concurrent Undo Cycle 0.067ms
[2026-05-06T01:32:29.150+0100][19.704s][info][gc,start       ] GC(520) Pause Full (System.gc())
[2026-05-06T01:32:29.150+0100][19.704s][info][gc,task        ] GC(520) Using 9 workers of 9 for full compaction
[2026-05-06T01:32:29.150+0100][19.704s][info][gc,phases,start] GC(520) Phase 1: Mark live objects
[2026-05-06T01:32:29.153+0100][19.706s][info][gc,phases      ] GC(520) Phase 1: Mark live objects 2.354ms
[2026-05-06T01:32:29.153+0100][19.706s][info][gc,phases,start] GC(520) Phase 2: Prepare compaction
[2026-05-06T01:32:29.153+0100][19.707s][info][gc,phases      ] GC(520) Phase 2: Prepare compaction 0.324ms
[2026-05-06T01:32:29.153+0100][19.707s][info][gc,phases,start] GC(520) Phase 3: Adjust pointers
[2026-05-06T01:32:29.155+0100][19.708s][info][gc,phases      ] GC(520) Phase 3: Adjust pointers 1.700ms
[2026-05-06T01:32:29.155+0100][19.708s][info][gc,phases,start] GC(520) Phase 4: Compact heap
[2026-05-06T01:32:29.155+0100][19.709s][info][gc,phases      ] GC(520) Phase 4: Compact heap 0.302ms
[2026-05-06T01:32:29.155+0100][19.709s][info][gc,phases,start] GC(520) Phase 5: Reset Metadata
[2026-05-06T01:32:29.155+0100][19.709s][info][gc,phases      ] GC(520) Phase 5: Reset Metadata 0.330ms
[2026-05-06T01:32:29.156+0100][19.710s][info][gc,heap        ] GC(520) Eden regions: 1->0(216)
[2026-05-06T01:32:29.156+0100][19.710s][info][gc,heap        ] GC(520) Survivor regions: 1->0(27)
[2026-05-06T01:32:29.156+0100][19.710s][info][gc,heap        ] GC(520) Old regions: 12->12
[2026-05-06T01:32:29.156+0100][19.710s][info][gc,heap        ] GC(520) Humongous regions: 169->96
[2026-05-06T01:32:29.156+0100][19.710s][info][gc,metaspace   ] GC(520) Metaspace: 19177K(19520K)->19177K(19520K) NonClass: 16935K(17152K)->16935K(17152K) Class: 2241K(2368K)->2241K(2368K)
[2026-05-06T01:32:29.156+0100][19.710s][info][gc             ] GC(520) Pause Full (System.gc()) 350M->203M(720M) 5.609ms
[2026-05-06T01:32:29.156+0100][19.710s][info][gc,cpu         ] GC(520) User=0.02s Sys=0.00s Real=0.00s
[2026-05-06T01:32:29.173+0100][19.726s][info][gc,start       ] GC(521) Pause Young (Concurrent Start) (G1 Humongous Allocation)
[2026-05-06T01:32:29.173+0100][19.726s][info][gc,task        ] GC(521) Using 9 workers of 9 for evacuation
[2026-05-06T01:32:29.173+0100][19.727s][info][gc,phases      ] GC(521)   Pre Evacuate Collection Set: 0.1ms
[2026-05-06T01:32:29.173+0100][19.727s][info][gc,phases      ] GC(521)   Merge Heap Roots: 0.0ms
[2026-05-06T01:32:29.173+0100][19.727s][info][gc,phases      ] GC(521)   Evacuate Collection Set: 0.1ms
[2026-05-06T01:32:29.173+0100][19.727s][info][gc,phases      ] GC(521)   Post Evacuate Collection Set: 0.1ms
[2026-05-06T01:32:29.173+0100][19.727s][info][gc,phases      ] GC(521)   Other: 0.0ms
[2026-05-06T01:32:29.173+0100][19.727s][info][gc,heap        ] GC(521) Eden regions: 1->0(215)
[2026-05-06T01:32:29.173+0100][19.727s][info][gc,heap        ] GC(521) Survivor regions: 0->1(27)
[2026-05-06T01:32:29.173+0100][19.727s][info][gc,heap        ] GC(521) Old regions: 12->12
[2026-05-06T01:32:29.173+0100][19.727s][info][gc,heap        ] GC(521) Humongous regions: 96->96
[2026-05-06T01:32:29.173+0100][19.727s][info][gc,metaspace   ] GC(521) Metaspace: 19177K(19520K)->19177K(19520K) NonClass: 16935K(17152K)->16935K(17152K) Class: 2241K(2368K)->2241K(2368K)
[2026-05-06T01:32:29.173+0100][19.727s][info][gc             ] GC(521) Pause Young (Concurrent Start) (G1 Humongous Allocation) 204M->203M(720M) 0.505ms
[2026-05-06T01:32:29.173+0100][19.727s][info][gc,cpu         ] GC(521) User=0.00s Sys=0.01s Real=0.00s
[2026-05-06T01:32:29.173+0100][19.727s][info][gc             ] GC(522) Concurrent Undo Cycle
[2026-05-06T01:32:29.173+0100][19.727s][info][gc,marking     ] GC(522) Concurrent Clear Claimed Marks
[2026-05-06T01:32:29.173+0100][19.727s][info][gc,marking     ] GC(522) Concurrent Clear Claimed Marks 0.007ms
[2026-05-06T01:32:29.173+0100][19.727s][info][gc,marking     ] GC(522) Concurrent Cleanup for Next Mark
[2026-05-06T01:32:29.173+0100][19.727s][info][gc,marking     ] GC(522) Concurrent Cleanup for Next Mark 0.030ms
[2026-05-06T01:32:29.173+0100][19.727s][info][gc             ] GC(522) Concurrent Undo Cycle 0.065ms
[2026-05-06T01:32:29.214+0100][19.768s][info][gc,start       ] GC(523) Pause Young (Concurrent Start) (G1 Humongous Allocation)
[2026-05-06T01:32:29.214+0100][19.768s][info][gc,task        ] GC(523) Using 9 workers of 9 for evacuation
[2026-05-06T01:32:29.215+0100][19.769s][info][gc,phases      ] GC(523)   Pre Evacuate Collection Set: 0.1ms
[2026-05-06T01:32:29.215+0100][19.769s][info][gc,phases      ] GC(523)   Merge Heap Roots: 0.0ms
[2026-05-06T01:32:29.215+0100][19.769s][info][gc,phases      ] GC(523)   Evacuate Collection Set: 0.1ms
[2026-05-06T01:32:29.215+0100][19.769s][info][gc,phases      ] GC(523)   Post Evacuate Collection Set: 0.1ms
[2026-05-06T01:32:29.215+0100][19.769s][info][gc,phases      ] GC(523)   Other: 0.0ms
[2026-05-06T01:32:29.215+0100][19.769s][info][gc,heap        ] GC(523) Eden regions: 1->0(215)
[2026-05-06T01:32:29.215+0100][19.769s][info][gc,heap        ] GC(523) Survivor regions: 1->1(27)
[2026-05-06T01:32:29.215+0100][19.769s][info][gc,heap        ] GC(523) Old regions: 12->12
[2026-05-06T01:32:29.215+0100][19.769s][info][gc,heap        ] GC(523) Humongous regions: 169->96
[2026-05-06T01:32:29.215+0100][19.769s][info][gc,metaspace   ] GC(523) Metaspace: 19177K(19520K)->19177K(19520K) NonClass: 16935K(17152K)->16935K(17152K) Class: 2241K(2368K)->2241K(2368K)
[2026-05-06T01:32:29.215+0100][19.769s][info][gc             ] GC(523) Pause Young (Concurrent Start) (G1 Humongous Allocation) 350M->203M(720M) 0.440ms
[2026-05-06T01:32:29.215+0100][19.769s][info][gc,cpu         ] GC(523) User=0.00s Sys=0.00s Real=0.00s
[2026-05-06T01:32:29.215+0100][19.769s][info][gc             ] GC(524) Concurrent Undo Cycle
[2026-05-06T01:32:29.215+0100][19.769s][info][gc,marking     ] GC(524) Concurrent Clear Claimed Marks
[2026-05-06T01:32:29.215+0100][19.769s][info][gc,marking     ] GC(524) Concurrent Clear Claimed Marks 0.006ms
[2026-05-06T01:32:29.215+0100][19.769s][info][gc,marking     ] GC(524) Concurrent Cleanup for Next Mark
[2026-05-06T01:32:29.215+0100][19.769s][info][gc,marking     ] GC(524) Concurrent Cleanup for Next Mark 0.034ms
[2026-05-06T01:32:29.215+0100][19.769s][info][gc             ] GC(524) Concurrent Undo Cycle 0.064ms
[2026-05-06T01:32:29.256+0100][19.810s][info][gc,start       ] GC(525) Pause Young (Concurrent Start) (G1 Humongous Allocation)
[2026-05-06T01:32:29.256+0100][19.810s][info][gc,task        ] GC(525) Using 9 workers of 9 for evacuation
[2026-05-06T01:32:29.257+0100][19.811s][info][gc,phases      ] GC(525)   Pre Evacuate Collection Set: 0.1ms
[2026-05-06T01:32:29.257+0100][19.811s][info][gc,phases      ] GC(525)   Merge Heap Roots: 0.0ms
[2026-05-06T01:32:29.257+0100][19.811s][info][gc,phases      ] GC(525)   Evacuate Collection Set: 0.1ms
[2026-05-06T01:32:29.257+0100][19.811s][info][gc,phases      ] GC(525)   Post Evacuate Collection Set: 0.1ms
[2026-05-06T01:32:29.257+0100][19.811s][info][gc,phases      ] GC(525)   Other: 0.0ms
[2026-05-06T01:32:29.257+0100][19.811s][info][gc,heap        ] GC(525) Eden regions: 1->0(215)
[2026-05-06T01:32:29.257+0100][19.811s][info][gc,heap        ] GC(525) Survivor regions: 1->1(27)
[2026-05-06T01:32:29.257+0100][19.811s][info][gc,heap        ] GC(525) Old regions: 12->12
[2026-05-06T01:32:29.257+0100][19.811s][info][gc,heap        ] GC(525) Humongous regions: 169->96
[2026-05-06T01:32:29.257+0100][19.811s][info][gc,metaspace   ] GC(525) Metaspace: 19177K(19520K)->19177K(19520K) NonClass: 16935K(17152K)->16935K(17152K) Class: 2241K(2368K)->2241K(2368K)
[2026-05-06T01:32:29.257+0100][19.811s][info][gc             ] GC(525) Pause Young (Concurrent Start) (G1 Humongous Allocation) 350M->203M(720M) 0.503ms
[2026-05-06T01:32:29.257+0100][19.811s][info][gc,cpu         ] GC(525) User=0.01s Sys=0.00s Real=0.00s
[2026-05-06T01:32:29.257+0100][19.811s][info][gc             ] GC(526) Concurrent Undo Cycle
[2026-05-06T01:32:29.257+0100][19.811s][info][gc,marking     ] GC(526) Concurrent Clear Claimed Marks
[2026-05-06T01:32:29.257+0100][19.811s][info][gc,marking     ] GC(526) Concurrent Clear Claimed Marks 0.007ms
[2026-05-06T01:32:29.257+0100][19.811s][info][gc,marking     ] GC(526) Concurrent Cleanup for Next Mark
[2026-05-06T01:32:29.257+0100][19.811s][info][gc,marking     ] GC(526) Concurrent Cleanup for Next Mark 0.034ms
[2026-05-06T01:32:29.257+0100][19.811s][info][gc             ] GC(526) Concurrent Undo Cycle 0.068ms
[2026-05-06T01:32:29.298+0100][19.852s][info][gc,start       ] GC(527) Pause Young (Concurrent Start) (G1 Humongous Allocation)
[2026-05-06T01:32:29.298+0100][19.852s][info][gc,task        ] GC(527) Using 9 workers of 9 for evacuation
[2026-05-06T01:32:29.299+0100][19.853s][info][gc,phases      ] GC(527)   Pre Evacuate Collection Set: 0.1ms
[2026-05-06T01:32:29.299+0100][19.853s][info][gc,phases      ] GC(527)   Merge Heap Roots: 0.0ms
[2026-05-06T01:32:29.299+0100][19.853s][info][gc,phases      ] GC(527)   Evacuate Collection Set: 0.1ms
[2026-05-06T01:32:29.299+0100][19.853s][info][gc,phases      ] GC(527)   Post Evacuate Collection Set: 0.1ms
[2026-05-06T01:32:29.299+0100][19.853s][info][gc,phases      ] GC(527)   Other: 0.0ms
[2026-05-06T01:32:29.299+0100][19.853s][info][gc,heap        ] GC(527) Eden regions: 1->0(215)
[2026-05-06T01:32:29.299+0100][19.853s][info][gc,heap        ] GC(527) Survivor regions: 1->1(27)
[2026-05-06T01:32:29.299+0100][19.853s][info][gc,heap        ] GC(527) Old regions: 12->12
[2026-05-06T01:32:29.299+0100][19.853s][info][gc,heap        ] GC(527) Humongous regions: 169->96
[2026-05-06T01:32:29.299+0100][19.853s][info][gc,metaspace   ] GC(527) Metaspace: 19177K(19520K)->19177K(19520K) NonClass: 16935K(17152K)->16935K(17152K) Class: 2241K(2368K)->2241K(2368K)
[2026-05-06T01:32:29.299+0100][19.853s][info][gc             ] GC(527) Pause Young (Concurrent Start) (G1 Humongous Allocation) 350M->203M(720M) 0.490ms
[2026-05-06T01:32:29.299+0100][19.853s][info][gc,cpu         ] GC(527) User=0.00s Sys=0.00s Real=0.00s
[2026-05-06T01:32:29.299+0100][19.853s][info][gc             ] GC(528) Concurrent Undo Cycle
[2026-05-06T01:32:29.299+0100][19.853s][info][gc,marking     ] GC(528) Concurrent Clear Claimed Marks
[2026-05-06T01:32:29.299+0100][19.853s][info][gc,marking     ] GC(528) Concurrent Clear Claimed Marks 0.007ms
[2026-05-06T01:32:29.299+0100][19.853s][info][gc,marking     ] GC(528) Concurrent Cleanup for Next Mark
[2026-05-06T01:32:29.299+0100][19.853s][info][gc,marking     ] GC(528) Concurrent Cleanup for Next Mark 0.025ms
[2026-05-06T01:32:29.299+0100][19.853s][info][gc             ] GC(528) Concurrent Undo Cycle 0.060ms
[2026-05-06T01:32:29.340+0100][19.894s][info][gc,start       ] GC(529) Pause Young (Concurrent Start) (G1 Humongous Allocation)
[2026-05-06T01:32:29.340+0100][19.894s][info][gc,task        ] GC(529) Using 9 workers of 9 for evacuation
[2026-05-06T01:32:29.341+0100][19.894s][info][gc,phases      ] GC(529)   Pre Evacuate Collection Set: 0.1ms
[2026-05-06T01:32:29.341+0100][19.894s][info][gc,phases      ] GC(529)   Merge Heap Roots: 0.0ms
[2026-05-06T01:32:29.341+0100][19.894s][info][gc,phases      ] GC(529)   Evacuate Collection Set: 0.1ms
[2026-05-06T01:32:29.341+0100][19.894s][info][gc,phases      ] GC(529)   Post Evacuate Collection Set: 0.1ms
[2026-05-06T01:32:29.341+0100][19.894s][info][gc,phases      ] GC(529)   Other: 0.0ms
[2026-05-06T01:32:29.341+0100][19.894s][info][gc,heap        ] GC(529) Eden regions: 1->0(215)
[2026-05-06T01:32:29.341+0100][19.894s][info][gc,heap        ] GC(529) Survivor regions: 1->1(27)
[2026-05-06T01:32:29.341+0100][19.894s][info][gc,heap        ] GC(529) Old regions: 12->12
[2026-05-06T01:32:29.341+0100][19.894s][info][gc,heap        ] GC(529) Humongous regions: 169->96
[2026-05-06T01:32:29.341+0100][19.894s][info][gc,metaspace   ] GC(529) Metaspace: 19177K(19520K)->19177K(19520K) NonClass: 16935K(17152K)->16935K(17152K) Class: 2241K(2368K)->2241K(2368K)
[2026-05-06T01:32:29.341+0100][19.894s][info][gc             ] GC(529) Pause Young (Concurrent Start) (G1 Humongous Allocation) 350M->203M(720M) 0.449ms
[2026-05-06T01:32:29.341+0100][19.894s][info][gc,cpu         ] GC(529) User=0.00s Sys=0.00s Real=0.00s
[2026-05-06T01:32:29.341+0100][19.894s][info][gc             ] GC(530) Concurrent Undo Cycle
[2026-05-06T01:32:29.341+0100][19.894s][info][gc,marking     ] GC(530) Concurrent Clear Claimed Marks
[2026-05-06T01:32:29.341+0100][19.894s][info][gc,marking     ] GC(530) Concurrent Clear Claimed Marks 0.006ms
[2026-05-06T01:32:29.341+0100][19.894s][info][gc,marking     ] GC(530) Concurrent Cleanup for Next Mark
[2026-05-06T01:32:29.341+0100][19.894s][info][gc,marking     ] GC(530) Concurrent Cleanup for Next Mark 0.021ms
[2026-05-06T01:32:29.341+0100][19.894s][info][gc             ] GC(530) Concurrent Undo Cycle 0.054ms
[2026-05-06T01:32:29.382+0100][19.936s][info][gc,start       ] GC(531) Pause Young (Concurrent Start) (G1 Humongous Allocation)
[2026-05-06T01:32:29.382+0100][19.936s][info][gc,task        ] GC(531) Using 9 workers of 9 for evacuation
[2026-05-06T01:32:29.383+0100][19.936s][info][gc,phases      ] GC(531)   Pre Evacuate Collection Set: 0.1ms
[2026-05-06T01:32:29.383+0100][19.936s][info][gc,phases      ] GC(531)   Merge Heap Roots: 0.0ms
[2026-05-06T01:32:29.383+0100][19.936s][info][gc,phases      ] GC(531)   Evacuate Collection Set: 0.1ms
[2026-05-06T01:32:29.383+0100][19.936s][info][gc,phases      ] GC(531)   Post Evacuate Collection Set: 0.1ms
[2026-05-06T01:32:29.383+0100][19.936s][info][gc,phases      ] GC(531)   Other: 0.0ms
[2026-05-06T01:32:29.383+0100][19.936s][info][gc,heap        ] GC(531) Eden regions: 1->0(215)
[2026-05-06T01:32:29.383+0100][19.936s][info][gc,heap        ] GC(531) Survivor regions: 1->1(27)
[2026-05-06T01:32:29.383+0100][19.936s][info][gc,heap        ] GC(531) Old regions: 12->12
[2026-05-06T01:32:29.383+0100][19.936s][info][gc,heap        ] GC(531) Humongous regions: 169->96
[2026-05-06T01:32:29.383+0100][19.936s][info][gc,metaspace   ] GC(531) Metaspace: 19177K(19520K)->19177K(19520K) NonClass: 16935K(17152K)->16935K(17152K) Class: 2241K(2368K)->2241K(2368K)
[2026-05-06T01:32:29.383+0100][19.936s][info][gc             ] GC(531) Pause Young (Concurrent Start) (G1 Humongous Allocation) 350M->203M(720M) 0.488ms
[2026-05-06T01:32:29.383+0100][19.936s][info][gc,cpu         ] GC(531) User=0.00s Sys=0.00s Real=0.00s
[2026-05-06T01:32:29.383+0100][19.936s][info][gc             ] GC(532) Concurrent Undo Cycle
[2026-05-06T01:32:29.383+0100][19.937s][info][gc,marking     ] GC(532) Concurrent Clear Claimed Marks
[2026-05-06T01:32:29.383+0100][19.937s][info][gc,marking     ] GC(532) Concurrent Clear Claimed Marks 0.007ms
[2026-05-06T01:32:29.383+0100][19.937s][info][gc,marking     ] GC(532) Concurrent Cleanup for Next Mark
[2026-05-06T01:32:29.383+0100][19.937s][info][gc,marking     ] GC(532) Concurrent Cleanup for Next Mark 0.028ms
[2026-05-06T01:32:29.383+0100][19.937s][info][gc             ] GC(532) Concurrent Undo Cycle 0.060ms
[2026-05-06T01:32:29.424+0100][19.978s][info][gc,start       ] GC(533) Pause Young (Concurrent Start) (G1 Humongous Allocation)
[2026-05-06T01:32:29.424+0100][19.978s][info][gc,task        ] GC(533) Using 9 workers of 9 for evacuation
[2026-05-06T01:32:29.425+0100][19.978s][info][gc,phases      ] GC(533)   Pre Evacuate Collection Set: 0.1ms
[2026-05-06T01:32:29.425+0100][19.978s][info][gc,phases      ] GC(533)   Merge Heap Roots: 0.0ms
[2026-05-06T01:32:29.425+0100][19.978s][info][gc,phases      ] GC(533)   Evacuate Collection Set: 0.1ms
[2026-05-06T01:32:29.425+0100][19.978s][info][gc,phases      ] GC(533)   Post Evacuate Collection Set: 0.1ms
[2026-05-06T01:32:29.425+0100][19.978s][info][gc,phases      ] GC(533)   Other: 0.0ms
[2026-05-06T01:32:29.425+0100][19.978s][info][gc,heap        ] GC(533) Eden regions: 1->0(215)
[2026-05-06T01:32:29.425+0100][19.978s][info][gc,heap        ] GC(533) Survivor regions: 1->1(27)
[2026-05-06T01:32:29.425+0100][19.978s][info][gc,heap        ] GC(533) Old regions: 12->12
[2026-05-06T01:32:29.425+0100][19.978s][info][gc,heap        ] GC(533) Humongous regions: 169->96
[2026-05-06T01:32:29.425+0100][19.978s][info][gc,metaspace   ] GC(533) Metaspace: 19177K(19520K)->19177K(19520K) NonClass: 16935K(17152K)->16935K(17152K) Class: 2241K(2368K)->2241K(2368K)
[2026-05-06T01:32:29.425+0100][19.978s][info][gc             ] GC(533) Pause Young (Concurrent Start) (G1 Humongous Allocation) 350M->203M(720M) 0.444ms
[2026-05-06T01:32:29.425+0100][19.978s][info][gc,cpu         ] GC(533) User=0.00s Sys=0.00s Real=0.00s
[2026-05-06T01:32:29.425+0100][19.978s][info][gc             ] GC(534) Concurrent Undo Cycle
[2026-05-06T01:32:29.425+0100][19.978s][info][gc,marking     ] GC(534) Concurrent Clear Claimed Marks
[2026-05-06T01:32:29.425+0100][19.978s][info][gc,marking     ] GC(534) Concurrent Clear Claimed Marks 0.007ms
[2026-05-06T01:32:29.425+0100][19.978s][info][gc,marking     ] GC(534) Concurrent Cleanup for Next Mark
[2026-05-06T01:32:29.425+0100][19.978s][info][gc,marking     ] GC(534) Concurrent Cleanup for Next Mark 0.032ms
[2026-05-06T01:32:29.425+0100][19.978s][info][gc             ] GC(534) Concurrent Undo Cycle 0.065ms
[2026-05-06T01:32:29.466+0100][20.020s][info][gc,start       ] GC(535) Pause Young (Concurrent Start) (G1 Humongous Allocation)
[2026-05-06T01:32:29.466+0100][20.020s][info][gc,task        ] GC(535) Using 9 workers of 9 for evacuation
[2026-05-06T01:32:29.466+0100][20.020s][info][gc,phases      ] GC(535)   Pre Evacuate Collection Set: 0.1ms
[2026-05-06T01:32:29.466+0100][20.020s][info][gc,phases      ] GC(535)   Merge Heap Roots: 0.0ms
[2026-05-06T01:32:29.466+0100][20.020s][info][gc,phases      ] GC(535)   Evacuate Collection Set: 0.1ms
[2026-05-06T01:32:29.466+0100][20.020s][info][gc,phases      ] GC(535)   Post Evacuate Collection Set: 0.1ms
[2026-05-06T01:32:29.466+0100][20.020s][info][gc,phases      ] GC(535)   Other: 0.0ms
[2026-05-06T01:32:29.466+0100][20.020s][info][gc,heap        ] GC(535) Eden regions: 1->0(215)
[2026-05-06T01:32:29.466+0100][20.020s][info][gc,heap        ] GC(535) Survivor regions: 1->1(27)
[2026-05-06T01:32:29.466+0100][20.020s][info][gc,heap        ] GC(535) Old regions: 12->12
[2026-05-06T01:32:29.466+0100][20.020s][info][gc,heap        ] GC(535) Humongous regions: 169->96
[2026-05-06T01:32:29.466+0100][20.020s][info][gc,metaspace   ] GC(535) Metaspace: 19177K(19520K)->19177K(19520K) NonClass: 16935K(17152K)->16935K(17152K) Class: 2241K(2368K)->2241K(2368K)
[2026-05-06T01:32:29.466+0100][20.020s][info][gc             ] GC(535) Pause Young (Concurrent Start) (G1 Humongous Allocation) 350M->203M(720M) 0.470ms
[2026-05-06T01:32:29.466+0100][20.020s][info][gc,cpu         ] GC(535) User=0.00s Sys=0.00s Real=0.00s
[2026-05-06T01:32:29.466+0100][20.020s][info][gc             ] GC(536) Concurrent Undo Cycle
[2026-05-06T01:32:29.466+0100][20.020s][info][gc,marking     ] GC(536) Concurrent Clear Claimed Marks
[2026-05-06T01:32:29.466+0100][20.020s][info][gc,marking     ] GC(536) Concurrent Clear Claimed Marks 0.007ms
[2026-05-06T01:32:29.466+0100][20.020s][info][gc,marking     ] GC(536) Concurrent Cleanup for Next Mark
[2026-05-06T01:32:29.466+0100][20.020s][info][gc,marking     ] GC(536) Concurrent Cleanup for Next Mark 0.036ms
[2026-05-06T01:32:29.466+0100][20.020s][info][gc             ] GC(536) Concurrent Undo Cycle 0.068ms
[2026-05-06T01:32:29.508+0100][20.061s][info][gc,start       ] GC(537) Pause Young (Concurrent Start) (G1 Humongous Allocation)
[2026-05-06T01:32:29.508+0100][20.061s][info][gc,task        ] GC(537) Using 9 workers of 9 for evacuation
[2026-05-06T01:32:29.508+0100][20.062s][info][gc,phases      ] GC(537)   Pre Evacuate Collection Set: 0.1ms
[2026-05-06T01:32:29.508+0100][20.062s][info][gc,phases      ] GC(537)   Merge Heap Roots: 0.0ms
[2026-05-06T01:32:29.508+0100][20.062s][info][gc,phases      ] GC(537)   Evacuate Collection Set: 0.1ms
[2026-05-06T01:32:29.508+0100][20.062s][info][gc,phases      ] GC(537)   Post Evacuate Collection Set: 0.1ms
[2026-05-06T01:32:29.508+0100][20.062s][info][gc,phases      ] GC(537)   Other: 0.0ms
[2026-05-06T01:32:29.508+0100][20.062s][info][gc,heap        ] GC(537) Eden regions: 1->0(215)
[2026-05-06T01:32:29.508+0100][20.062s][info][gc,heap        ] GC(537) Survivor regions: 1->1(27)
[2026-05-06T01:32:29.508+0100][20.062s][info][gc,heap        ] GC(537) Old regions: 12->12
[2026-05-06T01:32:29.508+0100][20.062s][info][gc,heap        ] GC(537) Humongous regions: 169->96
[2026-05-06T01:32:29.508+0100][20.062s][info][gc,metaspace   ] GC(537) Metaspace: 19177K(19520K)->19177K(19520K) NonClass: 16935K(17152K)->16935K(17152K) Class: 2241K(2368K)->2241K(2368K)
[2026-05-06T01:32:29.508+0100][20.062s][info][gc             ] GC(537) Pause Young (Concurrent Start) (G1 Humongous Allocation) 350M->203M(720M) 0.461ms
[2026-05-06T01:32:29.508+0100][20.062s][info][gc,cpu         ] GC(537) User=0.00s Sys=0.00s Real=0.00s
[2026-05-06T01:32:29.508+0100][20.062s][info][gc             ] GC(538) Concurrent Undo Cycle
[2026-05-06T01:32:29.508+0100][20.062s][info][gc,marking     ] GC(538) Concurrent Clear Claimed Marks
[2026-05-06T01:32:29.508+0100][20.062s][info][gc,marking     ] GC(538) Concurrent Clear Claimed Marks 0.007ms
[2026-05-06T01:32:29.508+0100][20.062s][info][gc,marking     ] GC(538) Concurrent Cleanup for Next Mark
[2026-05-06T01:32:29.508+0100][20.062s][info][gc,marking     ] GC(538) Concurrent Cleanup for Next Mark 0.033ms
[2026-05-06T01:32:29.508+0100][20.062s][info][gc             ] GC(538) Concurrent Undo Cycle 0.065ms
[2026-05-06T01:32:29.549+0100][20.103s][info][gc,start       ] GC(539) Pause Young (Concurrent Start) (G1 Humongous Allocation)
[2026-05-06T01:32:29.549+0100][20.103s][info][gc,task        ] GC(539) Using 9 workers of 9 for evacuation
[2026-05-06T01:32:29.550+0100][20.103s][info][gc,phases      ] GC(539)   Pre Evacuate Collection Set: 0.1ms
[2026-05-06T01:32:29.550+0100][20.103s][info][gc,phases      ] GC(539)   Merge Heap Roots: 0.0ms
[2026-05-06T01:32:29.550+0100][20.103s][info][gc,phases      ] GC(539)   Evacuate Collection Set: 0.1ms
[2026-05-06T01:32:29.550+0100][20.103s][info][gc,phases      ] GC(539)   Post Evacuate Collection Set: 0.1ms
[2026-05-06T01:32:29.550+0100][20.103s][info][gc,phases      ] GC(539)   Other: 0.0ms
[2026-05-06T01:32:29.550+0100][20.103s][info][gc,heap        ] GC(539) Eden regions: 1->0(215)
[2026-05-06T01:32:29.550+0100][20.103s][info][gc,heap        ] GC(539) Survivor regions: 1->1(27)
[2026-05-06T01:32:29.550+0100][20.103s][info][gc,heap        ] GC(539) Old regions: 12->12
[2026-05-06T01:32:29.550+0100][20.104s][info][gc,heap        ] GC(539) Humongous regions: 169->96
[2026-05-06T01:32:29.550+0100][20.104s][info][gc,metaspace   ] GC(539) Metaspace: 19177K(19520K)->19177K(19520K) NonClass: 16935K(17152K)->16935K(17152K) Class: 2241K(2368K)->2241K(2368K)
[2026-05-06T01:32:29.550+0100][20.104s][info][gc             ] GC(539) Pause Young (Concurrent Start) (G1 Humongous Allocation) 350M->203M(720M) 0.472ms
[2026-05-06T01:32:29.550+0100][20.104s][info][gc,cpu         ] GC(539) User=0.00s Sys=0.00s Real=0.01s
[2026-05-06T01:32:29.550+0100][20.104s][info][gc             ] GC(540) Concurrent Undo Cycle
[2026-05-06T01:32:29.550+0100][20.104s][info][gc,marking     ] GC(540) Concurrent Clear Claimed Marks
[2026-05-06T01:32:29.550+0100][20.104s][info][gc,marking     ] GC(540) Concurrent Clear Claimed Marks 0.007ms
[2026-05-06T01:32:29.550+0100][20.104s][info][gc,marking     ] GC(540) Concurrent Cleanup for Next Mark
[2026-05-06T01:32:29.550+0100][20.104s][info][gc,marking     ] GC(540) Concurrent Cleanup for Next Mark 0.039ms
[2026-05-06T01:32:29.550+0100][20.104s][info][gc             ] GC(540) Concurrent Undo Cycle 0.071ms
[2026-05-06T01:32:29.591+0100][20.145s][info][gc,start       ] GC(541) Pause Young (Concurrent Start) (G1 Humongous Allocation)
[2026-05-06T01:32:29.592+0100][20.145s][info][gc,task        ] GC(541) Using 9 workers of 9 for evacuation
[2026-05-06T01:32:29.592+0100][20.146s][info][gc,phases      ] GC(541)   Pre Evacuate Collection Set: 0.1ms
[2026-05-06T01:32:29.592+0100][20.146s][info][gc,phases      ] GC(541)   Merge Heap Roots: 0.0ms
[2026-05-06T01:32:29.592+0100][20.146s][info][gc,phases      ] GC(541)   Evacuate Collection Set: 0.2ms
[2026-05-06T01:32:29.592+0100][20.146s][info][gc,phases      ] GC(541)   Post Evacuate Collection Set: 0.1ms
[2026-05-06T01:32:29.592+0100][20.146s][info][gc,phases      ] GC(541)   Other: 0.0ms
[2026-05-06T01:32:29.592+0100][20.146s][info][gc,heap        ] GC(541) Eden regions: 3->0(215)
[2026-05-06T01:32:29.592+0100][20.146s][info][gc,heap        ] GC(541) Survivor regions: 1->1(27)
[2026-05-06T01:32:29.592+0100][20.146s][info][gc,heap        ] GC(541) Old regions: 12->12
[2026-05-06T01:32:29.592+0100][20.146s][info][gc,heap        ] GC(541) Humongous regions: 169->96
[2026-05-06T01:32:29.592+0100][20.146s][info][gc,metaspace   ] GC(541) Metaspace: 19177K(19520K)->19177K(19520K) NonClass: 16935K(17152K)->16935K(17152K) Class: 2241K(2368K)->2241K(2368K)
[2026-05-06T01:32:29.592+0100][20.146s][info][gc             ] GC(541) Pause Young (Concurrent Start) (G1 Humongous Allocation) 354M->203M(720M) 0.597ms
[2026-05-06T01:32:29.592+0100][20.146s][info][gc,cpu         ] GC(541) User=0.00s Sys=0.00s Real=0.00s
[2026-05-06T01:32:29.592+0100][20.146s][info][gc             ] GC(542) Concurrent Undo Cycle
[2026-05-06T01:32:29.592+0100][20.146s][info][gc,marking     ] GC(542) Concurrent Clear Claimed Marks
[2026-05-06T01:32:29.592+0100][20.146s][info][gc,marking     ] GC(542) Concurrent Clear Claimed Marks 0.007ms
[2026-05-06T01:32:29.592+0100][20.146s][info][gc,marking     ] GC(542) Concurrent Cleanup for Next Mark
[2026-05-06T01:32:29.592+0100][20.146s][info][gc,marking     ] GC(542) Concurrent Cleanup for Next Mark 0.040ms
[2026-05-06T01:32:29.592+0100][20.146s][info][gc             ] GC(542) Concurrent Undo Cycle 0.075ms
[2026-05-06T01:32:29.634+0100][20.187s][info][gc,start       ] GC(543) Pause Young (Concurrent Start) (G1 Humongous Allocation)
[2026-05-06T01:32:29.634+0100][20.187s][info][gc,task        ] GC(543) Using 9 workers of 9 for evacuation
[2026-05-06T01:32:29.634+0100][20.188s][info][gc,phases      ] GC(543)   Pre Evacuate Collection Set: 0.1ms
[2026-05-06T01:32:29.634+0100][20.188s][info][gc,phases      ] GC(543)   Merge Heap Roots: 0.0ms
[2026-05-06T01:32:29.634+0100][20.188s][info][gc,phases      ] GC(543)   Evacuate Collection Set: 0.2ms
[2026-05-06T01:32:29.634+0100][20.188s][info][gc,phases      ] GC(543)   Post Evacuate Collection Set: 0.2ms
[2026-05-06T01:32:29.634+0100][20.188s][info][gc,phases      ] GC(543)   Other: 0.0ms
[2026-05-06T01:32:29.634+0100][20.188s][info][gc,heap        ] GC(543) Eden regions: 5->0(215)
[2026-05-06T01:32:29.634+0100][20.188s][info][gc,heap        ] GC(543) Survivor regions: 1->1(27)
[2026-05-06T01:32:29.634+0100][20.188s][info][gc,heap        ] GC(543) Old regions: 12->12
[2026-05-06T01:32:29.634+0100][20.188s][info][gc,heap        ] GC(543) Humongous regions: 169->96
[2026-05-06T01:32:29.634+0100][20.188s][info][gc,metaspace   ] GC(543) Metaspace: 19177K(19520K)->19177K(19520K) NonClass: 16935K(17152K)->16935K(17152K) Class: 2241K(2368K)->2241K(2368K)
[2026-05-06T01:32:29.634+0100][20.188s][info][gc             ] GC(543) Pause Young (Concurrent Start) (G1 Humongous Allocation) 358M->203M(720M) 0.640ms
[2026-05-06T01:32:29.634+0100][20.188s][info][gc,cpu         ] GC(543) User=0.00s Sys=0.00s Real=0.00s
[2026-05-06T01:32:29.634+0100][20.188s][info][gc             ] GC(544) Concurrent Undo Cycle
[2026-05-06T01:32:29.634+0100][20.188s][info][gc,marking     ] GC(544) Concurrent Clear Claimed Marks
[2026-05-06T01:32:29.634+0100][20.188s][info][gc,marking     ] GC(544) Concurrent Clear Claimed Marks 0.007ms
[2026-05-06T01:32:29.634+0100][20.188s][info][gc,marking     ] GC(544) Concurrent Cleanup for Next Mark
[2026-05-06T01:32:29.634+0100][20.188s][info][gc,marking     ] GC(544) Concurrent Cleanup for Next Mark 0.035ms
[2026-05-06T01:32:29.634+0100][20.188s][info][gc             ] GC(544) Concurrent Undo Cycle 0.068ms
[2026-05-06T01:32:29.676+0100][20.229s][info][gc,start       ] GC(545) Pause Young (Concurrent Start) (G1 Humongous Allocation)
[2026-05-06T01:32:29.676+0100][20.229s][info][gc,task        ] GC(545) Using 9 workers of 9 for evacuation
[2026-05-06T01:32:29.676+0100][20.230s][info][gc,phases      ] GC(545)   Pre Evacuate Collection Set: 0.1ms
[2026-05-06T01:32:29.676+0100][20.230s][info][gc,phases      ] GC(545)   Merge Heap Roots: 0.0ms
[2026-05-06T01:32:29.676+0100][20.230s][info][gc,phases      ] GC(545)   Evacuate Collection Set: 0.1ms
[2026-05-06T01:32:29.676+0100][20.230s][info][gc,phases      ] GC(545)   Post Evacuate Collection Set: 0.1ms
[2026-05-06T01:32:29.676+0100][20.230s][info][gc,phases      ] GC(545)   Other: 0.0ms
[2026-05-06T01:32:29.676+0100][20.230s][info][gc,heap        ] GC(545) Eden regions: 5->0(215)
[2026-05-06T01:32:29.676+0100][20.230s][info][gc,heap        ] GC(545) Survivor regions: 1->1(27)
[2026-05-06T01:32:29.676+0100][20.230s][info][gc,heap        ] GC(545) Old regions: 12->12
[2026-05-06T01:32:29.676+0100][20.230s][info][gc,heap        ] GC(545) Humongous regions: 169->96
[2026-05-06T01:32:29.676+0100][20.230s][info][gc,metaspace   ] GC(545) Metaspace: 19177K(19520K)->19177K(19520K) NonClass: 16935K(17152K)->16935K(17152K) Class: 2241K(2368K)->2241K(2368K)
[2026-05-06T01:32:29.676+0100][20.230s][info][gc             ] GC(545) Pause Young (Concurrent Start) (G1 Humongous Allocation) 358M->203M(720M) 0.485ms
[2026-05-06T01:32:29.676+0100][20.230s][info][gc,cpu         ] GC(545) User=0.00s Sys=0.00s Real=0.00s
[2026-05-06T01:32:29.676+0100][20.230s][info][gc             ] GC(546) Concurrent Undo Cycle
[2026-05-06T01:32:29.676+0100][20.230s][info][gc,marking     ] GC(546) Concurrent Clear Claimed Marks
[2026-05-06T01:32:29.676+0100][20.230s][info][gc,marking     ] GC(546) Concurrent Clear Claimed Marks 0.006ms
[2026-05-06T01:32:29.676+0100][20.230s][info][gc,marking     ] GC(546) Concurrent Cleanup for Next Mark
[2026-05-06T01:32:29.676+0100][20.230s][info][gc,marking     ] GC(546) Concurrent Cleanup for Next Mark 0.034ms
[2026-05-06T01:32:29.676+0100][20.230s][info][gc             ] GC(546) Concurrent Undo Cycle 0.067ms
[2026-05-06T01:32:29.701+0100][20.255s][info][gc,start       ] GC(547) Pause Full (System.gc())
[2026-05-06T01:32:29.701+0100][20.255s][info][gc,task        ] GC(547) Using 9 workers of 9 for full compaction
[2026-05-06T01:32:29.701+0100][20.255s][info][gc,phases,start] GC(547) Phase 1: Mark live objects
[2026-05-06T01:32:29.703+0100][20.257s][info][gc,phases      ] GC(547) Phase 1: Mark live objects 2.359ms
[2026-05-06T01:32:29.703+0100][20.257s][info][gc,phases,start] GC(547) Phase 2: Prepare compaction
[2026-05-06T01:32:29.704+0100][20.257s][info][gc,phases      ] GC(547) Phase 2: Prepare compaction 0.292ms
[2026-05-06T01:32:29.704+0100][20.257s][info][gc,phases,start] GC(547) Phase 3: Adjust pointers
[2026-05-06T01:32:29.705+0100][20.259s][info][gc,phases      ] GC(547) Phase 3: Adjust pointers 1.702ms
[2026-05-06T01:32:29.705+0100][20.259s][info][gc,phases,start] GC(547) Phase 4: Compact heap
[2026-05-06T01:32:29.706+0100][20.259s][info][gc,phases      ] GC(547) Phase 4: Compact heap 0.277ms
[2026-05-06T01:32:29.706+0100][20.259s][info][gc,phases,start] GC(547) Phase 5: Reset Metadata
[2026-05-06T01:32:29.706+0100][20.260s][info][gc,phases      ] GC(547) Phase 5: Reset Metadata 0.349ms
[2026-05-06T01:32:29.707+0100][20.260s][info][gc,heap        ] GC(547) Eden regions: 3->0(216)
[2026-05-06T01:32:29.707+0100][20.260s][info][gc,heap        ] GC(547) Survivor regions: 1->0(27)
[2026-05-06T01:32:29.707+0100][20.260s][info][gc,heap        ] GC(547) Old regions: 12->12
[2026-05-06T01:32:29.707+0100][20.260s][info][gc,heap        ] GC(547) Humongous regions: 169->96
[2026-05-06T01:32:29.707+0100][20.260s][info][gc,metaspace   ] GC(547) Metaspace: 19177K(19520K)->19177K(19520K) NonClass: 16935K(17152K)->16935K(17152K) Class: 2241K(2368K)->2241K(2368K)
[2026-05-06T01:32:29.707+0100][20.260s][info][gc             ] GC(547) Pause Full (System.gc()) 354M->203M(720M) 5.632ms
[2026-05-06T01:32:29.707+0100][20.260s][info][gc,cpu         ] GC(547) User=0.02s Sys=0.00s Real=0.00s
[2026-05-06T01:32:29.723+0100][20.277s][info][gc,start       ] GC(548) Pause Young (Concurrent Start) (G1 Humongous Allocation)
[2026-05-06T01:32:29.723+0100][20.277s][info][gc,task        ] GC(548) Using 9 workers of 9 for evacuation
[2026-05-06T01:32:29.724+0100][20.278s][info][gc,phases      ] GC(548)   Pre Evacuate Collection Set: 0.1ms
[2026-05-06T01:32:29.724+0100][20.278s][info][gc,phases      ] GC(548)   Merge Heap Roots: 0.0ms
[2026-05-06T01:32:29.724+0100][20.278s][info][gc,phases      ] GC(548)   Evacuate Collection Set: 0.2ms
[2026-05-06T01:32:29.724+0100][20.278s][info][gc,phases      ] GC(548)   Post Evacuate Collection Set: 0.1ms
[2026-05-06T01:32:29.724+0100][20.278s][info][gc,phases      ] GC(548)   Other: 0.0ms
[2026-05-06T01:32:29.724+0100][20.278s][info][gc,heap        ] GC(548) Eden regions: 5->0(215)
[2026-05-06T01:32:29.724+0100][20.278s][info][gc,heap        ] GC(548) Survivor regions: 0->1(27)
[2026-05-06T01:32:29.724+0100][20.278s][info][gc,heap        ] GC(548) Old regions: 12->12
[2026-05-06T01:32:29.724+0100][20.278s][info][gc,heap        ] GC(548) Humongous regions: 96->96
[2026-05-06T01:32:29.724+0100][20.278s][info][gc,metaspace   ] GC(548) Metaspace: 19177K(19520K)->19177K(19520K) NonClass: 16935K(17152K)->16935K(17152K) Class: 2241K(2368K)->2241K(2368K)
[2026-05-06T01:32:29.724+0100][20.278s][info][gc             ] GC(548) Pause Young (Concurrent Start) (G1 Humongous Allocation) 212M->203M(720M) 0.513ms
[2026-05-06T01:32:29.724+0100][20.278s][info][gc,cpu         ] GC(548) User=0.00s Sys=0.00s Real=0.00s
[2026-05-06T01:32:29.724+0100][20.278s][info][gc             ] GC(549) Concurrent Undo Cycle
[2026-05-06T01:32:29.724+0100][20.278s][info][gc,marking     ] GC(549) Concurrent Clear Claimed Marks
[2026-05-06T01:32:29.724+0100][20.278s][info][gc,marking     ] GC(549) Concurrent Clear Claimed Marks 0.008ms
[2026-05-06T01:32:29.724+0100][20.278s][info][gc,marking     ] GC(549) Concurrent Cleanup for Next Mark
[2026-05-06T01:32:29.724+0100][20.278s][info][gc,marking     ] GC(549) Concurrent Cleanup for Next Mark 0.036ms
[2026-05-06T01:32:29.724+0100][20.278s][info][gc             ] GC(549) Concurrent Undo Cycle 0.067ms
[2026-05-06T01:32:29.765+0100][20.319s][info][gc,start       ] GC(550) Pause Young (Concurrent Start) (G1 Humongous Allocation)
[2026-05-06T01:32:29.765+0100][20.319s][info][gc,task        ] GC(550) Using 9 workers of 9 for evacuation
[2026-05-06T01:32:29.765+0100][20.319s][info][gc,phases      ] GC(550)   Pre Evacuate Collection Set: 0.1ms
[2026-05-06T01:32:29.765+0100][20.319s][info][gc,phases      ] GC(550)   Merge Heap Roots: 0.0ms
[2026-05-06T01:32:29.765+0100][20.319s][info][gc,phases      ] GC(550)   Evacuate Collection Set: 0.2ms
[2026-05-06T01:32:29.765+0100][20.319s][info][gc,phases      ] GC(550)   Post Evacuate Collection Set: 0.1ms
[2026-05-06T01:32:29.765+0100][20.319s][info][gc,phases      ] GC(550)   Other: 0.0ms
[2026-05-06T01:32:29.765+0100][20.319s][info][gc,heap        ] GC(550) Eden regions: 4->0(215)
[2026-05-06T01:32:29.765+0100][20.319s][info][gc,heap        ] GC(550) Survivor regions: 1->1(27)
[2026-05-06T01:32:29.765+0100][20.319s][info][gc,heap        ] GC(550) Old regions: 12->12
[2026-05-06T01:32:29.765+0100][20.319s][info][gc,heap        ] GC(550) Humongous regions: 169->96
[2026-05-06T01:32:29.765+0100][20.319s][info][gc,metaspace   ] GC(550) Metaspace: 19177K(19520K)->19177K(19520K) NonClass: 16935K(17152K)->16935K(17152K) Class: 2241K(2368K)->2241K(2368K)
[2026-05-06T01:32:29.765+0100][20.319s][info][gc             ] GC(550) Pause Young (Concurrent Start) (G1 Humongous Allocation) 356M->203M(720M) 0.505ms
[2026-05-06T01:32:29.765+0100][20.319s][info][gc,cpu         ] GC(550) User=0.00s Sys=0.00s Real=0.00s
[2026-05-06T01:32:29.765+0100][20.319s][info][gc             ] GC(551) Concurrent Undo Cycle
[2026-05-06T01:32:29.765+0100][20.319s][info][gc,marking     ] GC(551) Concurrent Clear Claimed Marks
[2026-05-06T01:32:29.765+0100][20.319s][info][gc,marking     ] GC(551) Concurrent Clear Claimed Marks 0.006ms
[2026-05-06T01:32:29.765+0100][20.319s][info][gc,marking     ] GC(551) Concurrent Cleanup for Next Mark
[2026-05-06T01:32:29.765+0100][20.319s][info][gc,marking     ] GC(551) Concurrent Cleanup for Next Mark 0.031ms
[2026-05-06T01:32:29.765+0100][20.319s][info][gc             ] GC(551) Concurrent Undo Cycle 0.063ms
[2026-05-06T01:32:29.806+0100][20.360s][info][gc,start       ] GC(552) Pause Young (Concurrent Start) (G1 Humongous Allocation)
[2026-05-06T01:32:29.806+0100][20.360s][info][gc,task        ] GC(552) Using 9 workers of 9 for evacuation
[2026-05-06T01:32:29.807+0100][20.361s][info][gc,phases      ] GC(552)   Pre Evacuate Collection Set: 0.1ms
[2026-05-06T01:32:29.807+0100][20.361s][info][gc,phases      ] GC(552)   Merge Heap Roots: 0.0ms
[2026-05-06T01:32:29.807+0100][20.361s][info][gc,phases      ] GC(552)   Evacuate Collection Set: 0.2ms
[2026-05-06T01:32:29.807+0100][20.361s][info][gc,phases      ] GC(552)   Post Evacuate Collection Set: 0.1ms
[2026-05-06T01:32:29.807+0100][20.361s][info][gc,phases      ] GC(552)   Other: 0.0ms
[2026-05-06T01:32:29.807+0100][20.361s][info][gc,heap        ] GC(552) Eden regions: 5->0(215)
[2026-05-06T01:32:29.807+0100][20.361s][info][gc,heap        ] GC(552) Survivor regions: 1->1(27)
[2026-05-06T01:32:29.807+0100][20.361s][info][gc,heap        ] GC(552) Old regions: 12->12
[2026-05-06T01:32:29.807+0100][20.361s][info][gc,heap        ] GC(552) Humongous regions: 169->96
[2026-05-06T01:32:29.807+0100][20.361s][info][gc,metaspace   ] GC(552) Metaspace: 19177K(19520K)->19177K(19520K) NonClass: 16935K(17152K)->16935K(17152K) Class: 2241K(2368K)->2241K(2368K)
[2026-05-06T01:32:29.807+0100][20.361s][info][gc             ] GC(552) Pause Young (Concurrent Start) (G1 Humongous Allocation) 358M->203M(720M) 0.554ms
[2026-05-06T01:32:29.807+0100][20.361s][info][gc,cpu         ] GC(552) User=0.00s Sys=0.01s Real=0.00s
[2026-05-06T01:32:29.807+0100][20.361s][info][gc             ] GC(553) Concurrent Undo Cycle
[2026-05-06T01:32:29.807+0100][20.361s][info][gc,marking     ] GC(553) Concurrent Clear Claimed Marks
[2026-05-06T01:32:29.807+0100][20.361s][info][gc,marking     ] GC(553) Concurrent Clear Claimed Marks 0.007ms
[2026-05-06T01:32:29.807+0100][20.361s][info][gc,marking     ] GC(553) Concurrent Cleanup for Next Mark
[2026-05-06T01:32:29.807+0100][20.361s][info][gc,marking     ] GC(553) Concurrent Cleanup for Next Mark 0.043ms
[2026-05-06T01:32:29.807+0100][20.361s][info][gc             ] GC(553) Concurrent Undo Cycle 0.076ms
[2026-05-06T01:32:29.848+0100][20.402s][info][gc,start       ] GC(554) Pause Young (Concurrent Start) (G1 Humongous Allocation)
[2026-05-06T01:32:29.848+0100][20.402s][info][gc,task        ] GC(554) Using 9 workers of 9 for evacuation
[2026-05-06T01:32:29.848+0100][20.402s][info][gc,phases      ] GC(554)   Pre Evacuate Collection Set: 0.1ms
[2026-05-06T01:32:29.848+0100][20.402s][info][gc,phases      ] GC(554)   Merge Heap Roots: 0.0ms
[2026-05-06T01:32:29.848+0100][20.402s][info][gc,phases      ] GC(554)   Evacuate Collection Set: 0.1ms
[2026-05-06T01:32:29.848+0100][20.402s][info][gc,phases      ] GC(554)   Post Evacuate Collection Set: 0.1ms
[2026-05-06T01:32:29.848+0100][20.402s][info][gc,phases      ] GC(554)   Other: 0.0ms
[2026-05-06T01:32:29.848+0100][20.402s][info][gc,heap        ] GC(554) Eden regions: 5->0(215)
[2026-05-06T01:32:29.848+0100][20.402s][info][gc,heap        ] GC(554) Survivor regions: 1->1(27)
[2026-05-06T01:32:29.848+0100][20.402s][info][gc,heap        ] GC(554) Old regions: 12->12
[2026-05-06T01:32:29.848+0100][20.402s][info][gc,heap        ] GC(554) Humongous regions: 169->96
[2026-05-06T01:32:29.848+0100][20.402s][info][gc,metaspace   ] GC(554) Metaspace: 19177K(19520K)->19177K(19520K) NonClass: 16935K(17152K)->16935K(17152K) Class: 2241K(2368K)->2241K(2368K)
[2026-05-06T01:32:29.849+0100][20.402s][info][gc             ] GC(554) Pause Young (Concurrent Start) (G1 Humongous Allocation) 358M->203M(720M) 0.449ms
[2026-05-06T01:32:29.849+0100][20.402s][info][gc,cpu         ] GC(554) User=0.00s Sys=0.00s Real=0.00s
[2026-05-06T01:32:29.849+0100][20.402s][info][gc             ] GC(555) Concurrent Undo Cycle
[2026-05-06T01:32:29.849+0100][20.402s][info][gc,marking     ] GC(555) Concurrent Clear Claimed Marks
[2026-05-06T01:32:29.849+0100][20.402s][info][gc,marking     ] GC(555) Concurrent Clear Claimed Marks 0.006ms
[2026-05-06T01:32:29.849+0100][20.402s][info][gc,marking     ] GC(555) Concurrent Cleanup for Next Mark
[2026-05-06T01:32:29.849+0100][20.402s][info][gc,marking     ] GC(555) Concurrent Cleanup for Next Mark 0.027ms
[2026-05-06T01:32:29.849+0100][20.402s][info][gc             ] GC(555) Concurrent Undo Cycle 0.058ms
[2026-05-06T01:32:29.890+0100][20.444s][info][gc,start       ] GC(556) Pause Young (Concurrent Start) (G1 Humongous Allocation)
[2026-05-06T01:32:29.890+0100][20.444s][info][gc,task        ] GC(556) Using 9 workers of 9 for evacuation
[2026-05-06T01:32:29.890+0100][20.444s][info][gc,phases      ] GC(556)   Pre Evacuate Collection Set: 0.1ms
[2026-05-06T01:32:29.890+0100][20.444s][info][gc,phases      ] GC(556)   Merge Heap Roots: 0.0ms
[2026-05-06T01:32:29.890+0100][20.444s][info][gc,phases      ] GC(556)   Evacuate Collection Set: 0.1ms
[2026-05-06T01:32:29.890+0100][20.444s][info][gc,phases      ] GC(556)   Post Evacuate Collection Set: 0.1ms
[2026-05-06T01:32:29.891+0100][20.444s][info][gc,phases      ] GC(556)   Other: 0.0ms
[2026-05-06T01:32:29.891+0100][20.444s][info][gc,heap        ] GC(556) Eden regions: 5->0(215)
[2026-05-06T01:32:29.891+0100][20.444s][info][gc,heap        ] GC(556) Survivor regions: 1->1(27)
[2026-05-06T01:32:29.891+0100][20.444s][info][gc,heap        ] GC(556) Old regions: 12->12
[2026-05-06T01:32:29.891+0100][20.444s][info][gc,heap        ] GC(556) Humongous regions: 169->96
[2026-05-06T01:32:29.891+0100][20.444s][info][gc,metaspace   ] GC(556) Metaspace: 19177K(19520K)->19177K(19520K) NonClass: 16935K(17152K)->16935K(17152K) Class: 2241K(2368K)->2241K(2368K)
[2026-05-06T01:32:29.891+0100][20.444s][info][gc             ] GC(556) Pause Young (Concurrent Start) (G1 Humongous Allocation) 358M->203M(720M) 0.514ms
[2026-05-06T01:32:29.891+0100][20.444s][info][gc,cpu         ] GC(556) User=0.00s Sys=0.00s Real=0.00s
[2026-05-06T01:32:29.891+0100][20.444s][info][gc             ] GC(557) Concurrent Undo Cycle
[2026-05-06T01:32:29.891+0100][20.444s][info][gc,marking     ] GC(557) Concurrent Clear Claimed Marks
[2026-05-06T01:32:29.891+0100][20.444s][info][gc,marking     ] GC(557) Concurrent Clear Claimed Marks 0.008ms
[2026-05-06T01:32:29.891+0100][20.444s][info][gc,marking     ] GC(557) Concurrent Cleanup for Next Mark
[2026-05-06T01:32:29.891+0100][20.444s][info][gc,marking     ] GC(557) Concurrent Cleanup for Next Mark 0.036ms
[2026-05-06T01:32:29.891+0100][20.444s][info][gc             ] GC(557) Concurrent Undo Cycle 0.070ms
[2026-05-06T01:32:29.932+0100][20.485s][info][gc,start       ] GC(558) Pause Young (Concurrent Start) (G1 Humongous Allocation)
[2026-05-06T01:32:29.932+0100][20.485s][info][gc,task        ] GC(558) Using 9 workers of 9 for evacuation
[2026-05-06T01:32:29.932+0100][20.486s][info][gc,phases      ] GC(558)   Pre Evacuate Collection Set: 0.1ms
[2026-05-06T01:32:29.932+0100][20.486s][info][gc,phases      ] GC(558)   Merge Heap Roots: 0.0ms
[2026-05-06T01:32:29.932+0100][20.486s][info][gc,phases      ] GC(558)   Evacuate Collection Set: 0.1ms
[2026-05-06T01:32:29.932+0100][20.486s][info][gc,phases      ] GC(558)   Post Evacuate Collection Set: 0.1ms
[2026-05-06T01:32:29.932+0100][20.486s][info][gc,phases      ] GC(558)   Other: 0.0ms
[2026-05-06T01:32:29.932+0100][20.486s][info][gc,heap        ] GC(558) Eden regions: 5->0(215)
[2026-05-06T01:32:29.932+0100][20.486s][info][gc,heap        ] GC(558) Survivor regions: 1->1(27)
[2026-05-06T01:32:29.932+0100][20.486s][info][gc,heap        ] GC(558) Old regions: 12->12
[2026-05-06T01:32:29.932+0100][20.486s][info][gc,heap        ] GC(558) Humongous regions: 169->96
[2026-05-06T01:32:29.932+0100][20.486s][info][gc,metaspace   ] GC(558) Metaspace: 19177K(19520K)->19177K(19520K) NonClass: 16935K(17152K)->16935K(17152K) Class: 2241K(2368K)->2241K(2368K)
[2026-05-06T01:32:29.932+0100][20.486s][info][gc             ] GC(558) Pause Young (Concurrent Start) (G1 Humongous Allocation) 358M->203M(720M) 0.496ms
[2026-05-06T01:32:29.932+0100][20.486s][info][gc,cpu         ] GC(558) User=0.00s Sys=0.00s Real=0.00s
[2026-05-06T01:32:29.932+0100][20.486s][info][gc             ] GC(559) Concurrent Undo Cycle
[2026-05-06T01:32:29.932+0100][20.486s][info][gc,marking     ] GC(559) Concurrent Clear Claimed Marks
[2026-05-06T01:32:29.932+0100][20.486s][info][gc,marking     ] GC(559) Concurrent Clear Claimed Marks 0.007ms
[2026-05-06T01:32:29.932+0100][20.486s][info][gc,marking     ] GC(559) Concurrent Cleanup for Next Mark
[2026-05-06T01:32:29.932+0100][20.486s][info][gc,marking     ] GC(559) Concurrent Cleanup for Next Mark 0.038ms
[2026-05-06T01:32:29.932+0100][20.486s][info][gc             ] GC(559) Concurrent Undo Cycle 0.070ms
[2026-05-06T01:32:29.973+0100][20.527s][info][gc,start       ] GC(560) Pause Young (Concurrent Start) (G1 Humongous Allocation)
[2026-05-06T01:32:29.973+0100][20.527s][info][gc,task        ] GC(560) Using 9 workers of 9 for evacuation
[2026-05-06T01:32:29.973+0100][20.527s][info][gc,phases      ] GC(560)   Pre Evacuate Collection Set: 0.1ms
[2026-05-06T01:32:29.973+0100][20.527s][info][gc,phases      ] GC(560)   Merge Heap Roots: 0.0ms
[2026-05-06T01:32:29.973+0100][20.527s][info][gc,phases      ] GC(560)   Evacuate Collection Set: 0.1ms
[2026-05-06T01:32:29.973+0100][20.527s][info][gc,phases      ] GC(560)   Post Evacuate Collection Set: 0.1ms
[2026-05-06T01:32:29.973+0100][20.527s][info][gc,phases      ] GC(560)   Other: 0.0ms
[2026-05-06T01:32:29.973+0100][20.527s][info][gc,heap        ] GC(560) Eden regions: 5->0(215)
[2026-05-06T01:32:29.973+0100][20.527s][info][gc,heap        ] GC(560) Survivor regions: 1->1(27)
[2026-05-06T01:32:29.973+0100][20.527s][info][gc,heap        ] GC(560) Old regions: 12->12
[2026-05-06T01:32:29.973+0100][20.527s][info][gc,heap        ] GC(560) Humongous regions: 169->96
[2026-05-06T01:32:29.973+0100][20.527s][info][gc,metaspace   ] GC(560) Metaspace: 19177K(19520K)->19177K(19520K) NonClass: 16935K(17152K)->16935K(17152K) Class: 2241K(2368K)->2241K(2368K)
[2026-05-06T01:32:29.973+0100][20.527s][info][gc             ] GC(560) Pause Young (Concurrent Start) (G1 Humongous Allocation) 358M->203M(720M) 0.464ms
[2026-05-06T01:32:29.973+0100][20.527s][info][gc,cpu         ] GC(560) User=0.00s Sys=0.00s Real=0.00s
[2026-05-06T01:32:29.973+0100][20.527s][info][gc             ] GC(561) Concurrent Undo Cycle
[2026-05-06T01:32:29.973+0100][20.527s][info][gc,marking     ] GC(561) Concurrent Clear Claimed Marks
[2026-05-06T01:32:29.973+0100][20.527s][info][gc,marking     ] GC(561) Concurrent Clear Claimed Marks 0.007ms
[2026-05-06T01:32:29.973+0100][20.527s][info][gc,marking     ] GC(561) Concurrent Cleanup for Next Mark
[2026-05-06T01:32:29.973+0100][20.527s][info][gc,marking     ] GC(561) Concurrent Cleanup for Next Mark 0.028ms
[2026-05-06T01:32:29.973+0100][20.527s][info][gc             ] GC(561) Concurrent Undo Cycle 0.060ms
[2026-05-06T01:32:30.014+0100][20.568s][info][gc,start       ] GC(562) Pause Young (Concurrent Start) (G1 Humongous Allocation)
[2026-05-06T01:32:30.015+0100][20.568s][info][gc,task        ] GC(562) Using 9 workers of 9 for evacuation
[2026-05-06T01:32:30.015+0100][20.569s][info][gc,phases      ] GC(562)   Pre Evacuate Collection Set: 0.1ms
[2026-05-06T01:32:30.015+0100][20.569s][info][gc,phases      ] GC(562)   Merge Heap Roots: 0.0ms
[2026-05-06T01:32:30.015+0100][20.569s][info][gc,phases      ] GC(562)   Evacuate Collection Set: 0.1ms
[2026-05-06T01:32:30.015+0100][20.569s][info][gc,phases      ] GC(562)   Post Evacuate Collection Set: 0.1ms
[2026-05-06T01:32:30.015+0100][20.569s][info][gc,phases      ] GC(562)   Other: 0.0ms
[2026-05-06T01:32:30.015+0100][20.569s][info][gc,heap        ] GC(562) Eden regions: 5->0(215)
[2026-05-06T01:32:30.015+0100][20.569s][info][gc,heap        ] GC(562) Survivor regions: 1->1(27)
[2026-05-06T01:32:30.015+0100][20.569s][info][gc,heap        ] GC(562) Old regions: 12->12
[2026-05-06T01:32:30.015+0100][20.569s][info][gc,heap        ] GC(562) Humongous regions: 169->96
[2026-05-06T01:32:30.015+0100][20.569s][info][gc,metaspace   ] GC(562) Metaspace: 19177K(19520K)->19177K(19520K) NonClass: 16935K(17152K)->16935K(17152K) Class: 2241K(2368K)->2241K(2368K)
[2026-05-06T01:32:30.015+0100][20.569s][info][gc             ] GC(562) Pause Young (Concurrent Start) (G1 Humongous Allocation) 358M->203M(720M) 0.481ms
[2026-05-06T01:32:30.015+0100][20.569s][info][gc,cpu         ] GC(562) User=0.00s Sys=0.00s Real=0.00s
[2026-05-06T01:32:30.015+0100][20.569s][info][gc             ] GC(563) Concurrent Undo Cycle
[2026-05-06T01:32:30.015+0100][20.569s][info][gc,marking     ] GC(563) Concurrent Clear Claimed Marks
[2026-05-06T01:32:30.015+0100][20.569s][info][gc,marking     ] GC(563) Concurrent Clear Claimed Marks 0.007ms
[2026-05-06T01:32:30.015+0100][20.569s][info][gc,marking     ] GC(563) Concurrent Cleanup for Next Mark
[2026-05-06T01:32:30.015+0100][20.569s][info][gc,marking     ] GC(563) Concurrent Cleanup for Next Mark 0.030ms
[2026-05-06T01:32:30.015+0100][20.569s][info][gc             ] GC(563) Concurrent Undo Cycle 0.061ms
[2026-05-06T01:32:30.056+0100][20.610s][info][gc,start       ] GC(564) Pause Young (Concurrent Start) (G1 Humongous Allocation)
[2026-05-06T01:32:30.056+0100][20.610s][info][gc,task        ] GC(564) Using 9 workers of 9 for evacuation
[2026-05-06T01:32:30.056+0100][20.610s][info][gc,phases      ] GC(564)   Pre Evacuate Collection Set: 0.1ms
[2026-05-06T01:32:30.056+0100][20.610s][info][gc,phases      ] GC(564)   Merge Heap Roots: 0.0ms
[2026-05-06T01:32:30.056+0100][20.610s][info][gc,phases      ] GC(564)   Evacuate Collection Set: 0.1ms
[2026-05-06T01:32:30.056+0100][20.610s][info][gc,phases      ] GC(564)   Post Evacuate Collection Set: 0.1ms
[2026-05-06T01:32:30.056+0100][20.610s][info][gc,phases      ] GC(564)   Other: 0.0ms
[2026-05-06T01:32:30.056+0100][20.610s][info][gc,heap        ] GC(564) Eden regions: 5->0(215)
[2026-05-06T01:32:30.056+0100][20.610s][info][gc,heap        ] GC(564) Survivor regions: 1->1(27)
[2026-05-06T01:32:30.056+0100][20.610s][info][gc,heap        ] GC(564) Old regions: 12->12
[2026-05-06T01:32:30.056+0100][20.610s][info][gc,heap        ] GC(564) Humongous regions: 169->96
[2026-05-06T01:32:30.056+0100][20.610s][info][gc,metaspace   ] GC(564) Metaspace: 19177K(19520K)->19177K(19520K) NonClass: 16935K(17152K)->16935K(17152K) Class: 2241K(2368K)->2241K(2368K)
[2026-05-06T01:32:30.056+0100][20.610s][info][gc             ] GC(564) Pause Young (Concurrent Start) (G1 Humongous Allocation) 358M->203M(720M) 0.467ms
[2026-05-06T01:32:30.056+0100][20.610s][info][gc,cpu         ] GC(564) User=0.00s Sys=0.00s Real=0.00s
[2026-05-06T01:32:30.056+0100][20.610s][info][gc             ] GC(565) Concurrent Undo Cycle
[2026-05-06T01:32:30.056+0100][20.610s][info][gc,marking     ] GC(565) Concurrent Clear Claimed Marks
[2026-05-06T01:32:30.056+0100][20.610s][info][gc,marking     ] GC(565) Concurrent Clear Claimed Marks 0.008ms
[2026-05-06T01:32:30.056+0100][20.610s][info][gc,marking     ] GC(565) Concurrent Cleanup for Next Mark
[2026-05-06T01:32:30.056+0100][20.610s][info][gc,marking     ] GC(565) Concurrent Cleanup for Next Mark 0.035ms
[2026-05-06T01:32:30.056+0100][20.610s][info][gc             ] GC(565) Concurrent Undo Cycle 0.067ms
[2026-05-06T01:32:30.097+0100][20.651s][info][gc,start       ] GC(566) Pause Young (Concurrent Start) (G1 Humongous Allocation)
[2026-05-06T01:32:30.097+0100][20.651s][info][gc,task        ] GC(566) Using 9 workers of 9 for evacuation
[2026-05-06T01:32:30.098+0100][20.651s][info][gc,phases      ] GC(566)   Pre Evacuate Collection Set: 0.1ms
[2026-05-06T01:32:30.098+0100][20.651s][info][gc,phases      ] GC(566)   Merge Heap Roots: 0.0ms
[2026-05-06T01:32:30.098+0100][20.651s][info][gc,phases      ] GC(566)   Evacuate Collection Set: 0.1ms
[2026-05-06T01:32:30.098+0100][20.651s][info][gc,phases      ] GC(566)   Post Evacuate Collection Set: 0.1ms
[2026-05-06T01:32:30.098+0100][20.651s][info][gc,phases      ] GC(566)   Other: 0.0ms
[2026-05-06T01:32:30.098+0100][20.651s][info][gc,heap        ] GC(566) Eden regions: 5->0(215)
[2026-05-06T01:32:30.098+0100][20.651s][info][gc,heap        ] GC(566) Survivor regions: 1->1(27)
[2026-05-06T01:32:30.098+0100][20.651s][info][gc,heap        ] GC(566) Old regions: 12->12
[2026-05-06T01:32:30.098+0100][20.651s][info][gc,heap        ] GC(566) Humongous regions: 169->96
[2026-05-06T01:32:30.098+0100][20.651s][info][gc,metaspace   ] GC(566) Metaspace: 19177K(19520K)->19177K(19520K) NonClass: 16935K(17152K)->16935K(17152K) Class: 2241K(2368K)->2241K(2368K)
[2026-05-06T01:32:30.098+0100][20.651s][info][gc             ] GC(566) Pause Young (Concurrent Start) (G1 Humongous Allocation) 358M->203M(720M) 0.485ms
[2026-05-06T01:32:30.098+0100][20.651s][info][gc,cpu         ] GC(566) User=0.00s Sys=0.00s Real=0.00s
[2026-05-06T01:32:30.098+0100][20.651s][info][gc             ] GC(567) Concurrent Undo Cycle
[2026-05-06T01:32:30.098+0100][20.651s][info][gc,marking     ] GC(567) Concurrent Clear Claimed Marks
[2026-05-06T01:32:30.098+0100][20.651s][info][gc,marking     ] GC(567) Concurrent Clear Claimed Marks 0.006ms
[2026-05-06T01:32:30.098+0100][20.651s][info][gc,marking     ] GC(567) Concurrent Cleanup for Next Mark
[2026-05-06T01:32:30.098+0100][20.651s][info][gc,marking     ] GC(567) Concurrent Cleanup for Next Mark 0.030ms
[2026-05-06T01:32:30.098+0100][20.652s][info][gc             ] GC(567) Concurrent Undo Cycle 0.060ms
[2026-05-06T01:32:30.139+0100][20.693s][info][gc,start       ] GC(568) Pause Young (Concurrent Start) (G1 Humongous Allocation)
[2026-05-06T01:32:30.139+0100][20.693s][info][gc,task        ] GC(568) Using 9 workers of 9 for evacuation
[2026-05-06T01:32:30.140+0100][20.693s][info][gc,phases      ] GC(568)   Pre Evacuate Collection Set: 0.1ms
[2026-05-06T01:32:30.140+0100][20.694s][info][gc,phases      ] GC(568)   Merge Heap Roots: 0.0ms
[2026-05-06T01:32:30.140+0100][20.694s][info][gc,phases      ] GC(568)   Evacuate Collection Set: 0.2ms
[2026-05-06T01:32:30.140+0100][20.694s][info][gc,phases      ] GC(568)   Post Evacuate Collection Set: 0.1ms
[2026-05-06T01:32:30.140+0100][20.694s][info][gc,phases      ] GC(568)   Other: 0.0ms
[2026-05-06T01:32:30.140+0100][20.694s][info][gc,heap        ] GC(568) Eden regions: 5->0(215)
[2026-05-06T01:32:30.140+0100][20.694s][info][gc,heap        ] GC(568) Survivor regions: 1->1(27)
[2026-05-06T01:32:30.140+0100][20.694s][info][gc,heap        ] GC(568) Old regions: 12->12
[2026-05-06T01:32:30.140+0100][20.694s][info][gc,heap        ] GC(568) Humongous regions: 169->96
[2026-05-06T01:32:30.140+0100][20.694s][info][gc,metaspace   ] GC(568) Metaspace: 19177K(19520K)->19177K(19520K) NonClass: 16935K(17152K)->16935K(17152K) Class: 2241K(2368K)->2241K(2368K)
[2026-05-06T01:32:30.140+0100][20.694s][info][gc             ] GC(568) Pause Young (Concurrent Start) (G1 Humongous Allocation) 358M->203M(720M) 0.531ms
[2026-05-06T01:32:30.140+0100][20.694s][info][gc,cpu         ] GC(568) User=0.00s Sys=0.00s Real=0.01s
[2026-05-06T01:32:30.140+0100][20.694s][info][gc             ] GC(569) Concurrent Undo Cycle
[2026-05-06T01:32:30.140+0100][20.694s][info][gc,marking     ] GC(569) Concurrent Clear Claimed Marks
[2026-05-06T01:32:30.140+0100][20.694s][info][gc,marking     ] GC(569) Concurrent Clear Claimed Marks 0.007ms
[2026-05-06T01:32:30.140+0100][20.694s][info][gc,marking     ] GC(569) Concurrent Cleanup for Next Mark
[2026-05-06T01:32:30.140+0100][20.694s][info][gc,marking     ] GC(569) Concurrent Cleanup for Next Mark 0.036ms
[2026-05-06T01:32:30.140+0100][20.694s][info][gc             ] GC(569) Concurrent Undo Cycle 0.067ms
[2026-05-06T01:32:30.181+0100][20.735s][info][gc,start       ] GC(570) Pause Young (Concurrent Start) (G1 Humongous Allocation)
[2026-05-06T01:32:30.181+0100][20.735s][info][gc,task        ] GC(570) Using 9 workers of 9 for evacuation
[2026-05-06T01:32:30.181+0100][20.735s][info][gc,phases      ] GC(570)   Pre Evacuate Collection Set: 0.1ms
[2026-05-06T01:32:30.181+0100][20.735s][info][gc,phases      ] GC(570)   Merge Heap Roots: 0.0ms
[2026-05-06T01:32:30.181+0100][20.735s][info][gc,phases      ] GC(570)   Evacuate Collection Set: 0.2ms
[2026-05-06T01:32:30.181+0100][20.735s][info][gc,phases      ] GC(570)   Post Evacuate Collection Set: 0.1ms
[2026-05-06T01:32:30.181+0100][20.735s][info][gc,phases      ] GC(570)   Other: 0.0ms
[2026-05-06T01:32:30.181+0100][20.735s][info][gc,heap        ] GC(570) Eden regions: 5->0(215)
[2026-05-06T01:32:30.181+0100][20.735s][info][gc,heap        ] GC(570) Survivor regions: 1->1(27)
[2026-05-06T01:32:30.181+0100][20.735s][info][gc,heap        ] GC(570) Old regions: 12->12
[2026-05-06T01:32:30.181+0100][20.735s][info][gc,heap        ] GC(570) Humongous regions: 169->96
[2026-05-06T01:32:30.181+0100][20.735s][info][gc,metaspace   ] GC(570) Metaspace: 19177K(19520K)->19177K(19520K) NonClass: 16935K(17152K)->16935K(17152K) Class: 2241K(2368K)->2241K(2368K)
[2026-05-06T01:32:30.181+0100][20.735s][info][gc             ] GC(570) Pause Young (Concurrent Start) (G1 Humongous Allocation) 358M->203M(720M) 0.540ms
[2026-05-06T01:32:30.181+0100][20.735s][info][gc,cpu         ] GC(570) User=0.00s Sys=0.00s Real=0.00s
[2026-05-06T01:32:30.181+0100][20.735s][info][gc             ] GC(571) Concurrent Undo Cycle
[2026-05-06T01:32:30.181+0100][20.735s][info][gc,marking     ] GC(571) Concurrent Clear Claimed Marks
[2026-05-06T01:32:30.181+0100][20.735s][info][gc,marking     ] GC(571) Concurrent Clear Claimed Marks 0.016ms
[2026-05-06T01:32:30.181+0100][20.735s][info][gc,marking     ] GC(571) Concurrent Cleanup for Next Mark
[2026-05-06T01:32:30.181+0100][20.735s][info][gc,marking     ] GC(571) Concurrent Cleanup for Next Mark 0.039ms
[2026-05-06T01:32:30.181+0100][20.735s][info][gc             ] GC(571) Concurrent Undo Cycle 0.080ms
[2026-05-06T01:32:30.222+0100][20.776s][info][gc,start       ] GC(572) Pause Young (Concurrent Start) (G1 Humongous Allocation)
[2026-05-06T01:32:30.222+0100][20.776s][info][gc,task        ] GC(572) Using 9 workers of 9 for evacuation
[2026-05-06T01:32:30.223+0100][20.776s][info][gc,phases      ] GC(572)   Pre Evacuate Collection Set: 0.1ms
[2026-05-06T01:32:30.223+0100][20.776s][info][gc,phases      ] GC(572)   Merge Heap Roots: 0.0ms
[2026-05-06T01:32:30.223+0100][20.776s][info][gc,phases      ] GC(572)   Evacuate Collection Set: 0.1ms
[2026-05-06T01:32:30.223+0100][20.776s][info][gc,phases      ] GC(572)   Post Evacuate Collection Set: 0.1ms
[2026-05-06T01:32:30.223+0100][20.776s][info][gc,phases      ] GC(572)   Other: 0.0ms
[2026-05-06T01:32:30.223+0100][20.776s][info][gc,heap        ] GC(572) Eden regions: 5->0(215)
[2026-05-06T01:32:30.223+0100][20.776s][info][gc,heap        ] GC(572) Survivor regions: 1->1(27)
[2026-05-06T01:32:30.223+0100][20.776s][info][gc,heap        ] GC(572) Old regions: 12->12
[2026-05-06T01:32:30.223+0100][20.776s][info][gc,heap        ] GC(572) Humongous regions: 169->96
[2026-05-06T01:32:30.223+0100][20.776s][info][gc,metaspace   ] GC(572) Metaspace: 19177K(19520K)->19177K(19520K) NonClass: 16935K(17152K)->16935K(17152K) Class: 2241K(2368K)->2241K(2368K)
[2026-05-06T01:32:30.223+0100][20.776s][info][gc             ] GC(572) Pause Young (Concurrent Start) (G1 Humongous Allocation) 358M->203M(720M) 0.470ms
[2026-05-06T01:32:30.223+0100][20.776s][info][gc,cpu         ] GC(572) User=0.00s Sys=0.00s Real=0.00s
[2026-05-06T01:32:30.223+0100][20.776s][info][gc             ] GC(573) Concurrent Undo Cycle
[2026-05-06T01:32:30.223+0100][20.776s][info][gc,marking     ] GC(573) Concurrent Clear Claimed Marks
[2026-05-06T01:32:30.223+0100][20.776s][info][gc,marking     ] GC(573) Concurrent Clear Claimed Marks 0.006ms
[2026-05-06T01:32:30.223+0100][20.776s][info][gc,marking     ] GC(573) Concurrent Cleanup for Next Mark
[2026-05-06T01:32:30.223+0100][20.777s][info][gc,marking     ] GC(573) Concurrent Cleanup for Next Mark 0.036ms
[2026-05-06T01:32:30.223+0100][20.777s][info][gc             ] GC(573) Concurrent Undo Cycle 0.065ms
[2026-05-06T01:32:30.247+0100][20.801s][info][gc,start       ] GC(574) Pause Full (System.gc())
[2026-05-06T01:32:30.248+0100][20.801s][info][gc,task        ] GC(574) Using 9 workers of 9 for full compaction
[2026-05-06T01:32:30.248+0100][20.801s][info][gc,phases,start] GC(574) Phase 1: Mark live objects
[2026-05-06T01:32:30.250+0100][20.804s][info][gc,phases      ] GC(574) Phase 1: Mark live objects 2.378ms
[2026-05-06T01:32:30.250+0100][20.804s][info][gc,phases,start] GC(574) Phase 2: Prepare compaction
[2026-05-06T01:32:30.250+0100][20.804s][info][gc,phases      ] GC(574) Phase 2: Prepare compaction 0.327ms
[2026-05-06T01:32:30.250+0100][20.804s][info][gc,phases,start] GC(574) Phase 3: Adjust pointers
[2026-05-06T01:32:30.252+0100][20.806s][info][gc,phases      ] GC(574) Phase 3: Adjust pointers 1.758ms
[2026-05-06T01:32:30.252+0100][20.806s][info][gc,phases,start] GC(574) Phase 4: Compact heap
[2026-05-06T01:32:30.252+0100][20.806s][info][gc,phases      ] GC(574) Phase 4: Compact heap 0.255ms
[2026-05-06T01:32:30.252+0100][20.806s][info][gc,phases,start] GC(574) Phase 5: Reset Metadata
[2026-05-06T01:32:30.253+0100][20.806s][info][gc,phases      ] GC(574) Phase 5: Reset Metadata 0.365ms
[2026-05-06T01:32:30.253+0100][20.807s][info][gc,heap        ] GC(574) Eden regions: 3->0(216)
[2026-05-06T01:32:30.253+0100][20.807s][info][gc,heap        ] GC(574) Survivor regions: 1->0(27)
[2026-05-06T01:32:30.253+0100][20.807s][info][gc,heap        ] GC(574) Old regions: 12->12
[2026-05-06T01:32:30.253+0100][20.807s][info][gc,heap        ] GC(574) Humongous regions: 169->96
[2026-05-06T01:32:30.253+0100][20.807s][info][gc,metaspace   ] GC(574) Metaspace: 19177K(19520K)->19177K(19520K) NonClass: 16935K(17152K)->16935K(17152K) Class: 2241K(2368K)->2241K(2368K)
[2026-05-06T01:32:30.253+0100][20.807s][info][gc             ] GC(574) Pause Full (System.gc()) 354M->203M(720M) 5.756ms
[2026-05-06T01:32:30.253+0100][20.807s][info][gc,cpu         ] GC(574) User=0.02s Sys=0.01s Real=0.01s
[2026-05-06T01:32:30.270+0100][20.823s][info][gc,start       ] GC(575) Pause Young (Concurrent Start) (G1 Humongous Allocation)
[2026-05-06T01:32:30.270+0100][20.823s][info][gc,task        ] GC(575) Using 9 workers of 9 for evacuation
[2026-05-06T01:32:30.270+0100][20.824s][info][gc,phases      ] GC(575)   Pre Evacuate Collection Set: 0.1ms
[2026-05-06T01:32:30.270+0100][20.824s][info][gc,phases      ] GC(575)   Merge Heap Roots: 0.0ms
[2026-05-06T01:32:30.270+0100][20.824s][info][gc,phases      ] GC(575)   Evacuate Collection Set: 0.1ms
[2026-05-06T01:32:30.270+0100][20.824s][info][gc,phases      ] GC(575)   Post Evacuate Collection Set: 0.1ms
[2026-05-06T01:32:30.270+0100][20.824s][info][gc,phases      ] GC(575)   Other: 0.0ms
[2026-05-06T01:32:30.270+0100][20.824s][info][gc,heap        ] GC(575) Eden regions: 5->0(215)
[2026-05-06T01:32:30.270+0100][20.824s][info][gc,heap        ] GC(575) Survivor regions: 0->1(27)
[2026-05-06T01:32:30.270+0100][20.824s][info][gc,heap        ] GC(575) Old regions: 12->12
[2026-05-06T01:32:30.270+0100][20.824s][info][gc,heap        ] GC(575) Humongous regions: 96->96
[2026-05-06T01:32:30.270+0100][20.824s][info][gc,metaspace   ] GC(575) Metaspace: 19177K(19520K)->19177K(19520K) NonClass: 16935K(17152K)->16935K(17152K) Class: 2241K(2368K)->2241K(2368K)
[2026-05-06T01:32:30.270+0100][20.824s][info][gc             ] GC(575) Pause Young (Concurrent Start) (G1 Humongous Allocation) 212M->203M(720M) 0.481ms
[2026-05-06T01:32:30.270+0100][20.824s][info][gc,cpu         ] GC(575) User=0.00s Sys=0.00s Real=0.00s
[2026-05-06T01:32:30.270+0100][20.824s][info][gc             ] GC(576) Concurrent Undo Cycle
[2026-05-06T01:32:30.270+0100][20.824s][info][gc,marking     ] GC(576) Concurrent Clear Claimed Marks
[2026-05-06T01:32:30.270+0100][20.824s][info][gc,marking     ] GC(576) Concurrent Clear Claimed Marks 0.006ms
[2026-05-06T01:32:30.270+0100][20.824s][info][gc,marking     ] GC(576) Concurrent Cleanup for Next Mark
[2026-05-06T01:32:30.270+0100][20.824s][info][gc,marking     ] GC(576) Concurrent Cleanup for Next Mark 0.034ms
[2026-05-06T01:32:30.270+0100][20.824s][info][gc             ] GC(576) Concurrent Undo Cycle 0.063ms
[2026-05-06T01:32:30.311+0100][20.865s][info][gc,start       ] GC(577) Pause Young (Concurrent Start) (G1 Humongous Allocation)
[2026-05-06T01:32:30.311+0100][20.865s][info][gc,task        ] GC(577) Using 9 workers of 9 for evacuation
[2026-05-06T01:32:30.311+0100][20.865s][info][gc,phases      ] GC(577)   Pre Evacuate Collection Set: 0.1ms
[2026-05-06T01:32:30.311+0100][20.865s][info][gc,phases      ] GC(577)   Merge Heap Roots: 0.0ms
[2026-05-06T01:32:30.311+0100][20.865s][info][gc,phases      ] GC(577)   Evacuate Collection Set: 0.1ms
[2026-05-06T01:32:30.311+0100][20.865s][info][gc,phases      ] GC(577)   Post Evacuate Collection Set: 0.1ms
[2026-05-06T01:32:30.311+0100][20.865s][info][gc,phases      ] GC(577)   Other: 0.0ms
[2026-05-06T01:32:30.311+0100][20.865s][info][gc,heap        ] GC(577) Eden regions: 4->0(215)
[2026-05-06T01:32:30.311+0100][20.865s][info][gc,heap        ] GC(577) Survivor regions: 1->1(27)
[2026-05-06T01:32:30.311+0100][20.865s][info][gc,heap        ] GC(577) Old regions: 12->12
[2026-05-06T01:32:30.311+0100][20.865s][info][gc,heap        ] GC(577) Humongous regions: 169->96
[2026-05-06T01:32:30.311+0100][20.865s][info][gc,metaspace   ] GC(577) Metaspace: 19177K(19520K)->19177K(19520K) NonClass: 16935K(17152K)->16935K(17152K) Class: 2241K(2368K)->2241K(2368K)
[2026-05-06T01:32:30.311+0100][20.865s][info][gc             ] GC(577) Pause Young (Concurrent Start) (G1 Humongous Allocation) 356M->203M(720M) 0.483ms
[2026-05-06T01:32:30.311+0100][20.865s][info][gc,cpu         ] GC(577) User=0.00s Sys=0.00s Real=0.00s
[2026-05-06T01:32:30.311+0100][20.865s][info][gc             ] GC(578) Concurrent Undo Cycle
[2026-05-06T01:32:30.311+0100][20.865s][info][gc,marking     ] GC(578) Concurrent Clear Claimed Marks
[2026-05-06T01:32:30.311+0100][20.865s][info][gc,marking     ] GC(578) Concurrent Clear Claimed Marks 0.007ms
[2026-05-06T01:32:30.311+0100][20.865s][info][gc,marking     ] GC(578) Concurrent Cleanup for Next Mark
[2026-05-06T01:32:30.312+0100][20.865s][info][gc,marking     ] GC(578) Concurrent Cleanup for Next Mark 0.032ms
[2026-05-06T01:32:30.312+0100][20.865s][info][gc             ] GC(578) Concurrent Undo Cycle 0.067ms
[2026-05-06T01:32:30.352+0100][20.906s][info][gc,start       ] GC(579) Pause Young (Concurrent Start) (G1 Humongous Allocation)
[2026-05-06T01:32:30.352+0100][20.906s][info][gc,task        ] GC(579) Using 9 workers of 9 for evacuation
[2026-05-06T01:32:30.353+0100][20.906s][info][gc,phases      ] GC(579)   Pre Evacuate Collection Set: 0.1ms
[2026-05-06T01:32:30.353+0100][20.906s][info][gc,phases      ] GC(579)   Merge Heap Roots: 0.0ms
[2026-05-06T01:32:30.353+0100][20.906s][info][gc,phases      ] GC(579)   Evacuate Collection Set: 0.1ms
[2026-05-06T01:32:30.353+0100][20.906s][info][gc,phases      ] GC(579)   Post Evacuate Collection Set: 0.1ms
[2026-05-06T01:32:30.353+0100][20.906s][info][gc,phases      ] GC(579)   Other: 0.0ms
[2026-05-06T01:32:30.353+0100][20.906s][info][gc,heap        ] GC(579) Eden regions: 5->0(215)
[2026-05-06T01:32:30.353+0100][20.906s][info][gc,heap        ] GC(579) Survivor regions: 1->1(27)
[2026-05-06T01:32:30.353+0100][20.906s][info][gc,heap        ] GC(579) Old regions: 12->12
[2026-05-06T01:32:30.353+0100][20.906s][info][gc,heap        ] GC(579) Humongous regions: 169->96
[2026-05-06T01:32:30.353+0100][20.906s][info][gc,metaspace   ] GC(579) Metaspace: 19177K(19520K)->19177K(19520K) NonClass: 16935K(17152K)->16935K(17152K) Class: 2241K(2368K)->2241K(2368K)
[2026-05-06T01:32:30.353+0100][20.906s][info][gc             ] GC(579) Pause Young (Concurrent Start) (G1 Humongous Allocation) 358M->203M(720M) 0.462ms
[2026-05-06T01:32:30.353+0100][20.906s][info][gc,cpu         ] GC(579) User=0.01s Sys=0.00s Real=0.00s
[2026-05-06T01:32:30.353+0100][20.906s][info][gc             ] GC(580) Concurrent Undo Cycle
[2026-05-06T01:32:30.353+0100][20.907s][info][gc,marking     ] GC(580) Concurrent Clear Claimed Marks
[2026-05-06T01:32:30.353+0100][20.907s][info][gc,marking     ] GC(580) Concurrent Clear Claimed Marks 0.007ms
[2026-05-06T01:32:30.353+0100][20.907s][info][gc,marking     ] GC(580) Concurrent Cleanup for Next Mark
[2026-05-06T01:32:30.353+0100][20.907s][info][gc,marking     ] GC(580) Concurrent Cleanup for Next Mark 0.038ms
[2026-05-06T01:32:30.353+0100][20.907s][info][gc             ] GC(580) Concurrent Undo Cycle 0.075ms
[2026-05-06T01:32:30.394+0100][20.947s][info][gc,start       ] GC(581) Pause Young (Concurrent Start) (G1 Humongous Allocation)
[2026-05-06T01:32:30.394+0100][20.947s][info][gc,task        ] GC(581) Using 9 workers of 9 for evacuation
[2026-05-06T01:32:30.394+0100][20.948s][info][gc,phases      ] GC(581)   Pre Evacuate Collection Set: 0.1ms
[2026-05-06T01:32:30.394+0100][20.948s][info][gc,phases      ] GC(581)   Merge Heap Roots: 0.0ms
[2026-05-06T01:32:30.394+0100][20.948s][info][gc,phases      ] GC(581)   Evacuate Collection Set: 0.1ms
[2026-05-06T01:32:30.394+0100][20.948s][info][gc,phases      ] GC(581)   Post Evacuate Collection Set: 0.1ms
[2026-05-06T01:32:30.394+0100][20.948s][info][gc,phases      ] GC(581)   Other: 0.0ms
[2026-05-06T01:32:30.394+0100][20.948s][info][gc,heap        ] GC(581) Eden regions: 5->0(215)
[2026-05-06T01:32:30.394+0100][20.948s][info][gc,heap        ] GC(581) Survivor regions: 1->1(27)
[2026-05-06T01:32:30.394+0100][20.948s][info][gc,heap        ] GC(581) Old regions: 12->12
[2026-05-06T01:32:30.394+0100][20.948s][info][gc,heap        ] GC(581) Humongous regions: 169->96
[2026-05-06T01:32:30.394+0100][20.948s][info][gc,metaspace   ] GC(581) Metaspace: 19177K(19520K)->19177K(19520K) NonClass: 16935K(17152K)->16935K(17152K) Class: 2241K(2368K)->2241K(2368K)
[2026-05-06T01:32:30.394+0100][20.948s][info][gc             ] GC(581) Pause Young (Concurrent Start) (G1 Humongous Allocation) 358M->203M(720M) 0.470ms
[2026-05-06T01:32:30.394+0100][20.948s][info][gc,cpu         ] GC(581) User=0.00s Sys=0.00s Real=0.00s
[2026-05-06T01:32:30.394+0100][20.948s][info][gc             ] GC(582) Concurrent Undo Cycle
[2026-05-06T01:32:30.394+0100][20.948s][info][gc,marking     ] GC(582) Concurrent Clear Claimed Marks
[2026-05-06T01:32:30.394+0100][20.948s][info][gc,marking     ] GC(582) Concurrent Clear Claimed Marks 0.007ms
[2026-05-06T01:32:30.394+0100][20.948s][info][gc,marking     ] GC(582) Concurrent Cleanup for Next Mark
[2026-05-06T01:32:30.394+0100][20.948s][info][gc,marking     ] GC(582) Concurrent Cleanup for Next Mark 0.032ms
[2026-05-06T01:32:30.394+0100][20.948s][info][gc             ] GC(582) Concurrent Undo Cycle 0.060ms
[2026-05-06T01:32:30.435+0100][20.989s][info][gc,start       ] GC(583) Pause Young (Concurrent Start) (G1 Humongous Allocation)
[2026-05-06T01:32:30.435+0100][20.989s][info][gc,task        ] GC(583) Using 9 workers of 9 for evacuation
[2026-05-06T01:32:30.435+0100][20.989s][info][gc,phases      ] GC(583)   Pre Evacuate Collection Set: 0.1ms
[2026-05-06T01:32:30.435+0100][20.989s][info][gc,phases      ] GC(583)   Merge Heap Roots: 0.0ms
[2026-05-06T01:32:30.435+0100][20.989s][info][gc,phases      ] GC(583)   Evacuate Collection Set: 0.1ms
[2026-05-06T01:32:30.435+0100][20.989s][info][gc,phases      ] GC(583)   Post Evacuate Collection Set: 0.1ms
[2026-05-06T01:32:30.435+0100][20.989s][info][gc,phases      ] GC(583)   Other: 0.0ms
[2026-05-06T01:32:30.435+0100][20.989s][info][gc,heap        ] GC(583) Eden regions: 5->0(215)
[2026-05-06T01:32:30.435+0100][20.989s][info][gc,heap        ] GC(583) Survivor regions: 1->1(27)
[2026-05-06T01:32:30.435+0100][20.989s][info][gc,heap        ] GC(583) Old regions: 12->12
[2026-05-06T01:32:30.435+0100][20.989s][info][gc,heap        ] GC(583) Humongous regions: 169->96
[2026-05-06T01:32:30.435+0100][20.989s][info][gc,metaspace   ] GC(583) Metaspace: 19177K(19520K)->19177K(19520K) NonClass: 16935K(17152K)->16935K(17152K) Class: 2241K(2368K)->2241K(2368K)
[2026-05-06T01:32:30.435+0100][20.989s][info][gc             ] GC(583) Pause Young (Concurrent Start) (G1 Humongous Allocation) 358M->203M(720M) 0.474ms
[2026-05-06T01:32:30.435+0100][20.989s][info][gc,cpu         ] GC(583) User=0.00s Sys=0.00s Real=0.00s
[2026-05-06T01:32:30.435+0100][20.989s][info][gc             ] GC(584) Concurrent Undo Cycle
[2026-05-06T01:32:30.435+0100][20.989s][info][gc,marking     ] GC(584) Concurrent Clear Claimed Marks
[2026-05-06T01:32:30.435+0100][20.989s][info][gc,marking     ] GC(584) Concurrent Clear Claimed Marks 0.006ms
[2026-05-06T01:32:30.435+0100][20.989s][info][gc,marking     ] GC(584) Concurrent Cleanup for Next Mark
[2026-05-06T01:32:30.435+0100][20.989s][info][gc,marking     ] GC(584) Concurrent Cleanup for Next Mark 0.026ms
[2026-05-06T01:32:30.435+0100][20.989s][info][gc             ] GC(584) Concurrent Undo Cycle 0.054ms
[2026-05-06T01:32:30.477+0100][21.030s][info][gc,start       ] GC(585) Pause Young (Concurrent Start) (G1 Humongous Allocation)
[2026-05-06T01:32:30.477+0100][21.030s][info][gc,task        ] GC(585) Using 9 workers of 9 for evacuation
[2026-05-06T01:32:30.477+0100][21.031s][info][gc,phases      ] GC(585)   Pre Evacuate Collection Set: 0.1ms
[2026-05-06T01:32:30.477+0100][21.031s][info][gc,phases      ] GC(585)   Merge Heap Roots: 0.0ms
[2026-05-06T01:32:30.477+0100][21.031s][info][gc,phases      ] GC(585)   Evacuate Collection Set: 0.1ms
[2026-05-06T01:32:30.477+0100][21.031s][info][gc,phases      ] GC(585)   Post Evacuate Collection Set: 0.1ms
[2026-05-06T01:32:30.477+0100][21.031s][info][gc,phases      ] GC(585)   Other: 0.0ms
[2026-05-06T01:32:30.477+0100][21.031s][info][gc,heap        ] GC(585) Eden regions: 5->0(215)
[2026-05-06T01:32:30.477+0100][21.031s][info][gc,heap        ] GC(585) Survivor regions: 1->1(27)
[2026-05-06T01:32:30.477+0100][21.031s][info][gc,heap        ] GC(585) Old regions: 12->12
[2026-05-06T01:32:30.477+0100][21.031s][info][gc,heap        ] GC(585) Humongous regions: 169->96
[2026-05-06T01:32:30.477+0100][21.031s][info][gc,metaspace   ] GC(585) Metaspace: 19177K(19520K)->19177K(19520K) NonClass: 16935K(17152K)->16935K(17152K) Class: 2241K(2368K)->2241K(2368K)
[2026-05-06T01:32:30.477+0100][21.031s][info][gc             ] GC(585) Pause Young (Concurrent Start) (G1 Humongous Allocation) 358M->203M(720M) 0.497ms
[2026-05-06T01:32:30.477+0100][21.031s][info][gc,cpu         ] GC(585) User=0.00s Sys=0.00s Real=0.00s
[2026-05-06T01:32:30.477+0100][21.031s][info][gc             ] GC(586) Concurrent Undo Cycle
[2026-05-06T01:32:30.477+0100][21.031s][info][gc,marking     ] GC(586) Concurrent Clear Claimed Marks
[2026-05-06T01:32:30.477+0100][21.031s][info][gc,marking     ] GC(586) Concurrent Clear Claimed Marks 0.006ms
[2026-05-06T01:32:30.477+0100][21.031s][info][gc,marking     ] GC(586) Concurrent Cleanup for Next Mark
[2026-05-06T01:32:30.477+0100][21.031s][info][gc,marking     ] GC(586) Concurrent Cleanup for Next Mark 0.032ms
[2026-05-06T01:32:30.477+0100][21.031s][info][gc             ] GC(586) Concurrent Undo Cycle 0.069ms
[2026-05-06T01:32:30.518+0100][21.072s][info][gc,start       ] GC(587) Pause Young (Concurrent Start) (G1 Humongous Allocation)
[2026-05-06T01:32:30.518+0100][21.072s][info][gc,task        ] GC(587) Using 9 workers of 9 for evacuation
[2026-05-06T01:32:30.519+0100][21.072s][info][gc,phases      ] GC(587)   Pre Evacuate Collection Set: 0.1ms
[2026-05-06T01:32:30.519+0100][21.072s][info][gc,phases      ] GC(587)   Merge Heap Roots: 0.0ms
[2026-05-06T01:32:30.519+0100][21.072s][info][gc,phases      ] GC(587)   Evacuate Collection Set: 0.1ms
[2026-05-06T01:32:30.519+0100][21.072s][info][gc,phases      ] GC(587)   Post Evacuate Collection Set: 0.1ms
[2026-05-06T01:32:30.519+0100][21.073s][info][gc,phases      ] GC(587)   Other: 0.0ms
[2026-05-06T01:32:30.519+0100][21.073s][info][gc,heap        ] GC(587) Eden regions: 5->0(215)
[2026-05-06T01:32:30.519+0100][21.073s][info][gc,heap        ] GC(587) Survivor regions: 1->1(27)
[2026-05-06T01:32:30.519+0100][21.073s][info][gc,heap        ] GC(587) Old regions: 12->12
[2026-05-06T01:32:30.519+0100][21.073s][info][gc,heap        ] GC(587) Humongous regions: 169->96
[2026-05-06T01:32:30.519+0100][21.073s][info][gc,metaspace   ] GC(587) Metaspace: 19177K(19520K)->19177K(19520K) NonClass: 16935K(17152K)->16935K(17152K) Class: 2241K(2368K)->2241K(2368K)
[2026-05-06T01:32:30.519+0100][21.073s][info][gc             ] GC(587) Pause Young (Concurrent Start) (G1 Humongous Allocation) 358M->203M(720M) 0.488ms
[2026-05-06T01:32:30.519+0100][21.073s][info][gc,cpu         ] GC(587) User=0.00s Sys=0.01s Real=0.00s
[2026-05-06T01:32:30.519+0100][21.073s][info][gc             ] GC(588) Concurrent Undo Cycle
[2026-05-06T01:32:30.519+0100][21.073s][info][gc,marking     ] GC(588) Concurrent Clear Claimed Marks
[2026-05-06T01:32:30.519+0100][21.073s][info][gc,marking     ] GC(588) Concurrent Clear Claimed Marks 0.007ms
[2026-05-06T01:32:30.519+0100][21.073s][info][gc,marking     ] GC(588) Concurrent Cleanup for Next Mark
[2026-05-06T01:32:30.519+0100][21.073s][info][gc,marking     ] GC(588) Concurrent Cleanup for Next Mark 0.035ms
[2026-05-06T01:32:30.519+0100][21.073s][info][gc             ] GC(588) Concurrent Undo Cycle 0.066ms
[2026-05-06T01:32:30.560+0100][21.113s][info][gc,start       ] GC(589) Pause Young (Concurrent Start) (G1 Humongous Allocation)
[2026-05-06T01:32:30.560+0100][21.113s][info][gc,task        ] GC(589) Using 9 workers of 9 for evacuation
[2026-05-06T01:32:30.560+0100][21.114s][info][gc,phases      ] GC(589)   Pre Evacuate Collection Set: 0.1ms
[2026-05-06T01:32:30.560+0100][21.114s][info][gc,phases      ] GC(589)   Merge Heap Roots: 0.1ms
[2026-05-06T01:32:30.560+0100][21.114s][info][gc,phases      ] GC(589)   Evacuate Collection Set: 0.1ms
[2026-05-06T01:32:30.560+0100][21.114s][info][gc,phases      ] GC(589)   Post Evacuate Collection Set: 0.1ms
[2026-05-06T01:32:30.560+0100][21.114s][info][gc,phases      ] GC(589)   Other: 0.0ms
[2026-05-06T01:32:30.560+0100][21.114s][info][gc,heap        ] GC(589) Eden regions: 5->0(215)
[2026-05-06T01:32:30.560+0100][21.114s][info][gc,heap        ] GC(589) Survivor regions: 1->1(27)
[2026-05-06T01:32:30.560+0100][21.114s][info][gc,heap        ] GC(589) Old regions: 12->12
[2026-05-06T01:32:30.560+0100][21.114s][info][gc,heap        ] GC(589) Humongous regions: 169->96
[2026-05-06T01:32:30.560+0100][21.114s][info][gc,metaspace   ] GC(589) Metaspace: 19177K(19520K)->19177K(19520K) NonClass: 16935K(17152K)->16935K(17152K) Class: 2241K(2368K)->2241K(2368K)
[2026-05-06T01:32:30.560+0100][21.114s][info][gc             ] GC(589) Pause Young (Concurrent Start) (G1 Humongous Allocation) 358M->203M(720M) 0.500ms
[2026-05-06T01:32:30.560+0100][21.114s][info][gc,cpu         ] GC(589) User=0.00s Sys=0.00s Real=0.00s
[2026-05-06T01:32:30.560+0100][21.114s][info][gc             ] GC(590) Concurrent Undo Cycle
[2026-05-06T01:32:30.560+0100][21.114s][info][gc,marking     ] GC(590) Concurrent Clear Claimed Marks
[2026-05-06T01:32:30.560+0100][21.114s][info][gc,marking     ] GC(590) Concurrent Clear Claimed Marks 0.006ms
[2026-05-06T01:32:30.560+0100][21.114s][info][gc,marking     ] GC(590) Concurrent Cleanup for Next Mark
[2026-05-06T01:32:30.560+0100][21.114s][info][gc,marking     ] GC(590) Concurrent Cleanup for Next Mark 0.032ms
[2026-05-06T01:32:30.560+0100][21.114s][info][gc             ] GC(590) Concurrent Undo Cycle 0.062ms
[2026-05-06T01:32:30.601+0100][21.155s][info][gc,start       ] GC(591) Pause Young (Concurrent Start) (G1 Humongous Allocation)
[2026-05-06T01:32:30.601+0100][21.155s][info][gc,task        ] GC(591) Using 9 workers of 9 for evacuation
[2026-05-06T01:32:30.602+0100][21.155s][info][gc,phases      ] GC(591)   Pre Evacuate Collection Set: 0.1ms
[2026-05-06T01:32:30.602+0100][21.155s][info][gc,phases      ] GC(591)   Merge Heap Roots: 0.0ms
[2026-05-06T01:32:30.602+0100][21.155s][info][gc,phases      ] GC(591)   Evacuate Collection Set: 0.1ms
[2026-05-06T01:32:30.602+0100][21.155s][info][gc,phases      ] GC(591)   Post Evacuate Collection Set: 0.1ms
[2026-05-06T01:32:30.602+0100][21.155s][info][gc,phases      ] GC(591)   Other: 0.0ms
[2026-05-06T01:32:30.602+0100][21.155s][info][gc,heap        ] GC(591) Eden regions: 5->0(215)
[2026-05-06T01:32:30.602+0100][21.155s][info][gc,heap        ] GC(591) Survivor regions: 1->1(27)
[2026-05-06T01:32:30.602+0100][21.155s][info][gc,heap        ] GC(591) Old regions: 12->12
[2026-05-06T01:32:30.602+0100][21.155s][info][gc,heap        ] GC(591) Humongous regions: 169->96
[2026-05-06T01:32:30.602+0100][21.155s][info][gc,metaspace   ] GC(591) Metaspace: 19177K(19520K)->19177K(19520K) NonClass: 16935K(17152K)->16935K(17152K) Class: 2241K(2368K)->2241K(2368K)
[2026-05-06T01:32:30.602+0100][21.155s][info][gc             ] GC(591) Pause Young (Concurrent Start) (G1 Humongous Allocation) 358M->203M(720M) 0.483ms
[2026-05-06T01:32:30.602+0100][21.155s][info][gc,cpu         ] GC(591) User=0.00s Sys=0.00s Real=0.00s
[2026-05-06T01:32:30.602+0100][21.155s][info][gc             ] GC(592) Concurrent Undo Cycle
[2026-05-06T01:32:30.602+0100][21.155s][info][gc,marking     ] GC(592) Concurrent Clear Claimed Marks
[2026-05-06T01:32:30.602+0100][21.155s][info][gc,marking     ] GC(592) Concurrent Clear Claimed Marks 0.006ms
[2026-05-06T01:32:30.602+0100][21.155s][info][gc,marking     ] GC(592) Concurrent Cleanup for Next Mark
[2026-05-06T01:32:30.602+0100][21.155s][info][gc,marking     ] GC(592) Concurrent Cleanup for Next Mark 0.034ms
[2026-05-06T01:32:30.602+0100][21.155s][info][gc             ] GC(592) Concurrent Undo Cycle 0.062ms
[2026-05-06T01:32:30.643+0100][21.196s][info][gc,start       ] GC(593) Pause Young (Concurrent Start) (G1 Humongous Allocation)
[2026-05-06T01:32:30.643+0100][21.196s][info][gc,task        ] GC(593) Using 9 workers of 9 for evacuation
[2026-05-06T01:32:30.643+0100][21.197s][info][gc,phases      ] GC(593)   Pre Evacuate Collection Set: 0.1ms
[2026-05-06T01:32:30.643+0100][21.197s][info][gc,phases      ] GC(593)   Merge Heap Roots: 0.0ms
[2026-05-06T01:32:30.643+0100][21.197s][info][gc,phases      ] GC(593)   Evacuate Collection Set: 0.1ms
[2026-05-06T01:32:30.643+0100][21.197s][info][gc,phases      ] GC(593)   Post Evacuate Collection Set: 0.1ms
[2026-05-06T01:32:30.643+0100][21.197s][info][gc,phases      ] GC(593)   Other: 0.0ms
[2026-05-06T01:32:30.643+0100][21.197s][info][gc,heap        ] GC(593) Eden regions: 5->0(215)
[2026-05-06T01:32:30.643+0100][21.197s][info][gc,heap        ] GC(593) Survivor regions: 1->1(27)
[2026-05-06T01:32:30.643+0100][21.197s][info][gc,heap        ] GC(593) Old regions: 12->12
[2026-05-06T01:32:30.643+0100][21.197s][info][gc,heap        ] GC(593) Humongous regions: 169->96
[2026-05-06T01:32:30.643+0100][21.197s][info][gc,metaspace   ] GC(593) Metaspace: 19177K(19520K)->19177K(19520K) NonClass: 16935K(17152K)->16935K(17152K) Class: 2241K(2368K)->2241K(2368K)
[2026-05-06T01:32:30.643+0100][21.197s][info][gc             ] GC(593) Pause Young (Concurrent Start) (G1 Humongous Allocation) 358M->203M(720M) 0.492ms
[2026-05-06T01:32:30.643+0100][21.197s][info][gc,cpu         ] GC(593) User=0.00s Sys=0.00s Real=0.00s
[2026-05-06T01:32:30.643+0100][21.197s][info][gc             ] GC(594) Concurrent Undo Cycle
[2026-05-06T01:32:30.643+0100][21.197s][info][gc,marking     ] GC(594) Concurrent Clear Claimed Marks
[2026-05-06T01:32:30.643+0100][21.197s][info][gc,marking     ] GC(594) Concurrent Clear Claimed Marks 0.006ms
[2026-05-06T01:32:30.643+0100][21.197s][info][gc,marking     ] GC(594) Concurrent Cleanup for Next Mark
[2026-05-06T01:32:30.643+0100][21.197s][info][gc,marking     ] GC(594) Concurrent Cleanup for Next Mark 0.024ms
[2026-05-06T01:32:30.643+0100][21.197s][info][gc             ] GC(594) Concurrent Undo Cycle 0.053ms
[2026-05-06T01:32:30.681+0100][21.234s][info][gc,start       ] GC(595) Pause Young (Concurrent Start) (G1 Humongous Allocation)
[2026-05-06T01:32:30.681+0100][21.234s][info][gc,task        ] GC(595) Using 9 workers of 9 for evacuation
[2026-05-06T01:32:30.681+0100][21.235s][info][gc,phases      ] GC(595)   Pre Evacuate Collection Set: 0.1ms
[2026-05-06T01:32:30.681+0100][21.235s][info][gc,phases      ] GC(595)   Merge Heap Roots: 0.0ms
[2026-05-06T01:32:30.681+0100][21.235s][info][gc,phases      ] GC(595)   Evacuate Collection Set: 0.2ms
[2026-05-06T01:32:30.681+0100][21.235s][info][gc,phases      ] GC(595)   Post Evacuate Collection Set: 0.1ms
[2026-05-06T01:32:30.681+0100][21.235s][info][gc,phases      ] GC(595)   Other: 0.0ms
[2026-05-06T01:32:30.681+0100][21.235s][info][gc,heap        ] GC(595) Eden regions: 3->0(215)
[2026-05-06T01:32:30.681+0100][21.235s][info][gc,heap        ] GC(595) Survivor regions: 1->1(27)
[2026-05-06T01:32:30.681+0100][21.235s][info][gc,heap        ] GC(595) Old regions: 12->12
[2026-05-06T01:32:30.681+0100][21.235s][info][gc,heap        ] GC(595) Humongous regions: 169->96
[2026-05-06T01:32:30.681+0100][21.235s][info][gc,metaspace   ] GC(595) Metaspace: 19177K(19520K)->19177K(19520K) NonClass: 16935K(17152K)->16935K(17152K) Class: 2241K(2368K)->2241K(2368K)
[2026-05-06T01:32:30.681+0100][21.235s][info][gc             ] GC(595) Pause Young (Concurrent Start) (G1 Humongous Allocation) 354M->203M(720M) 0.508ms
[2026-05-06T01:32:30.681+0100][21.235s][info][gc,cpu         ] GC(595) User=0.00s Sys=0.00s Real=0.00s
[2026-05-06T01:32:30.681+0100][21.235s][info][gc             ] GC(596) Concurrent Undo Cycle
[2026-05-06T01:32:30.681+0100][21.235s][info][gc,marking     ] GC(596) Concurrent Clear Claimed Marks
[2026-05-06T01:32:30.681+0100][21.235s][info][gc,marking     ] GC(596) Concurrent Clear Claimed Marks 0.007ms
[2026-05-06T01:32:30.681+0100][21.235s][info][gc,marking     ] GC(596) Concurrent Cleanup for Next Mark
[2026-05-06T01:32:30.681+0100][21.235s][info][gc,marking     ] GC(596) Concurrent Cleanup for Next Mark 0.042ms
[2026-05-06T01:32:30.681+0100][21.235s][info][gc             ] GC(596) Concurrent Undo Cycle 0.072ms
[2026-05-06T01:32:30.713+0100][21.267s][info][gc,start       ] GC(597) Pause Young (Concurrent Start) (G1 Humongous Allocation)
[2026-05-06T01:32:30.713+0100][21.267s][info][gc,task        ] GC(597) Using 9 workers of 9 for evacuation
[2026-05-06T01:32:30.713+0100][21.267s][info][gc,phases      ] GC(597)   Pre Evacuate Collection Set: 0.1ms
[2026-05-06T01:32:30.713+0100][21.267s][info][gc,phases      ] GC(597)   Merge Heap Roots: 0.0ms
[2026-05-06T01:32:30.713+0100][21.267s][info][gc,phases      ] GC(597)   Evacuate Collection Set: 0.2ms
[2026-05-06T01:32:30.713+0100][21.267s][info][gc,phases      ] GC(597)   Post Evacuate Collection Set: 0.1ms
[2026-05-06T01:32:30.713+0100][21.267s][info][gc,phases      ] GC(597)   Other: 0.0ms
[2026-05-06T01:32:30.713+0100][21.267s][info][gc,heap        ] GC(597) Eden regions: 1->0(215)
[2026-05-06T01:32:30.713+0100][21.267s][info][gc,heap        ] GC(597) Survivor regions: 1->1(27)
[2026-05-06T01:32:30.713+0100][21.267s][info][gc,heap        ] GC(597) Old regions: 12->12
[2026-05-06T01:32:30.713+0100][21.267s][info][gc,heap        ] GC(597) Humongous regions: 169->96
[2026-05-06T01:32:30.713+0100][21.267s][info][gc,metaspace   ] GC(597) Metaspace: 19177K(19520K)->19177K(19520K) NonClass: 16935K(17152K)->16935K(17152K) Class: 2241K(2368K)->2241K(2368K)
[2026-05-06T01:32:30.713+0100][21.267s][info][gc             ] GC(597) Pause Young (Concurrent Start) (G1 Humongous Allocation) 350M->203M(720M) 0.543ms
[2026-05-06T01:32:30.713+0100][21.267s][info][gc,cpu         ] GC(597) User=0.00s Sys=0.00s Real=0.00s
[2026-05-06T01:32:30.713+0100][21.267s][info][gc             ] GC(598) Concurrent Undo Cycle
[2026-05-06T01:32:30.713+0100][21.267s][info][gc,marking     ] GC(598) Concurrent Clear Claimed Marks
[2026-05-06T01:32:30.713+0100][21.267s][info][gc,marking     ] GC(598) Concurrent Clear Claimed Marks 0.007ms
[2026-05-06T01:32:30.713+0100][21.267s][info][gc,marking     ] GC(598) Concurrent Cleanup for Next Mark
[2026-05-06T01:32:30.713+0100][21.267s][info][gc,marking     ] GC(598) Concurrent Cleanup for Next Mark 0.038ms
[2026-05-06T01:32:30.713+0100][21.267s][info][gc             ] GC(598) Concurrent Undo Cycle 0.071ms
[2026-05-06T01:32:30.746+0100][21.300s][info][gc,start       ] GC(599) Pause Young (Concurrent Start) (G1 Humongous Allocation)
[2026-05-06T01:32:30.746+0100][21.300s][info][gc,task        ] GC(599) Using 9 workers of 9 for evacuation
[2026-05-06T01:32:30.747+0100][21.300s][info][gc,phases      ] GC(599)   Pre Evacuate Collection Set: 0.1ms
[2026-05-06T01:32:30.747+0100][21.300s][info][gc,phases      ] GC(599)   Merge Heap Roots: 0.0ms
[2026-05-06T01:32:30.747+0100][21.300s][info][gc,phases      ] GC(599)   Evacuate Collection Set: 0.1ms
[2026-05-06T01:32:30.747+0100][21.300s][info][gc,phases      ] GC(599)   Post Evacuate Collection Set: 0.1ms
[2026-05-06T01:32:30.747+0100][21.300s][info][gc,phases      ] GC(599)   Other: 0.0ms
[2026-05-06T01:32:30.747+0100][21.300s][info][gc,heap        ] GC(599) Eden regions: 1->0(215)
[2026-05-06T01:32:30.747+0100][21.300s][info][gc,heap        ] GC(599) Survivor regions: 1->1(27)
[2026-05-06T01:32:30.747+0100][21.300s][info][gc,heap        ] GC(599) Old regions: 12->12
[2026-05-06T01:32:30.747+0100][21.300s][info][gc,heap        ] GC(599) Humongous regions: 169->96
[2026-05-06T01:32:30.747+0100][21.300s][info][gc,metaspace   ] GC(599) Metaspace: 19177K(19520K)->19177K(19520K) NonClass: 16935K(17152K)->16935K(17152K) Class: 2241K(2368K)->2241K(2368K)
[2026-05-06T01:32:30.747+0100][21.300s][info][gc             ] GC(599) Pause Young (Concurrent Start) (G1 Humongous Allocation) 350M->203M(720M) 0.472ms
[2026-05-06T01:32:30.747+0100][21.300s][info][gc,cpu         ] GC(599) User=0.00s Sys=0.00s Real=0.00s
[2026-05-06T01:32:30.747+0100][21.300s][info][gc             ] GC(600) Concurrent Undo Cycle
[2026-05-06T01:32:30.747+0100][21.300s][info][gc,marking     ] GC(600) Concurrent Clear Claimed Marks
[2026-05-06T01:32:30.747+0100][21.301s][info][gc,marking     ] GC(600) Concurrent Clear Claimed Marks 0.005ms
[2026-05-06T01:32:30.747+0100][21.301s][info][gc,marking     ] GC(600) Concurrent Cleanup for Next Mark
[2026-05-06T01:32:30.747+0100][21.301s][info][gc,marking     ] GC(600) Concurrent Cleanup for Next Mark 0.034ms
[2026-05-06T01:32:30.747+0100][21.301s][info][gc             ] GC(600) Concurrent Undo Cycle 0.063ms
[2026-05-06T01:32:30.766+0100][21.320s][info][gc,start       ] GC(601) Pause Full (System.gc())
[2026-05-06T01:32:30.766+0100][21.320s][info][gc,task        ] GC(601) Using 9 workers of 9 for full compaction
[2026-05-06T01:32:30.766+0100][21.320s][info][gc,phases,start] GC(601) Phase 1: Mark live objects
[2026-05-06T01:32:30.768+0100][21.322s][info][gc,phases      ] GC(601) Phase 1: Mark live objects 2.406ms
[2026-05-06T01:32:30.768+0100][21.322s][info][gc,phases,start] GC(601) Phase 2: Prepare compaction
[2026-05-06T01:32:30.769+0100][21.322s][info][gc,phases      ] GC(601) Phase 2: Prepare compaction 0.305ms
[2026-05-06T01:32:30.769+0100][21.322s][info][gc,phases,start] GC(601) Phase 3: Adjust pointers
[2026-05-06T01:32:30.771+0100][21.324s][info][gc,phases      ] GC(601) Phase 3: Adjust pointers 1.736ms
[2026-05-06T01:32:30.771+0100][21.324s][info][gc,phases,start] GC(601) Phase 4: Compact heap
[2026-05-06T01:32:30.771+0100][21.325s][info][gc,phases      ] GC(601) Phase 4: Compact heap 0.302ms
[2026-05-06T01:32:30.771+0100][21.325s][info][gc,phases,start] GC(601) Phase 5: Reset Metadata
[2026-05-06T01:32:30.771+0100][21.325s][info][gc,phases      ] GC(601) Phase 5: Reset Metadata 0.334ms
[2026-05-06T01:32:30.772+0100][21.325s][info][gc,heap        ] GC(601) Eden regions: 1->0(216)
[2026-05-06T01:32:30.772+0100][21.325s][info][gc,heap        ] GC(601) Survivor regions: 1->0(27)
[2026-05-06T01:32:30.772+0100][21.325s][info][gc,heap        ] GC(601) Old regions: 12->12
[2026-05-06T01:32:30.772+0100][21.325s][info][gc,heap        ] GC(601) Humongous regions: 169->96
[2026-05-06T01:32:30.772+0100][21.325s][info][gc,metaspace   ] GC(601) Metaspace: 19177K(19520K)->19177K(19520K) NonClass: 16935K(17152K)->16935K(17152K) Class: 2241K(2368K)->2241K(2368K)
[2026-05-06T01:32:30.772+0100][21.325s][info][gc             ] GC(601) Pause Full (System.gc()) 350M->203M(720M) 5.734ms
[2026-05-06T01:32:30.772+0100][21.325s][info][gc,cpu         ] GC(601) User=0.02s Sys=0.00s Real=0.01s
[2026-05-06T01:32:30.784+0100][21.337s][info][gc,start       ] GC(602) Pause Young (Concurrent Start) (G1 Humongous Allocation)
[2026-05-06T01:32:30.784+0100][21.337s][info][gc,task        ] GC(602) Using 9 workers of 9 for evacuation
[2026-05-06T01:32:30.784+0100][21.338s][info][gc,phases      ] GC(602)   Pre Evacuate Collection Set: 0.1ms
[2026-05-06T01:32:30.784+0100][21.338s][info][gc,phases      ] GC(602)   Merge Heap Roots: 0.0ms
[2026-05-06T01:32:30.784+0100][21.338s][info][gc,phases      ] GC(602)   Evacuate Collection Set: 0.1ms
[2026-05-06T01:32:30.784+0100][21.338s][info][gc,phases      ] GC(602)   Post Evacuate Collection Set: 0.1ms
[2026-05-06T01:32:30.784+0100][21.338s][info][gc,phases      ] GC(602)   Other: 0.0ms
[2026-05-06T01:32:30.784+0100][21.338s][info][gc,heap        ] GC(602) Eden regions: 1->0(215)
[2026-05-06T01:32:30.784+0100][21.338s][info][gc,heap        ] GC(602) Survivor regions: 0->1(27)
[2026-05-06T01:32:30.784+0100][21.338s][info][gc,heap        ] GC(602) Old regions: 12->12
[2026-05-06T01:32:30.784+0100][21.338s][info][gc,heap        ] GC(602) Humongous regions: 96->96
[2026-05-06T01:32:30.784+0100][21.338s][info][gc,metaspace   ] GC(602) Metaspace: 19177K(19520K)->19177K(19520K) NonClass: 16935K(17152K)->16935K(17152K) Class: 2241K(2368K)->2241K(2368K)
[2026-05-06T01:32:30.784+0100][21.338s][info][gc             ] GC(602) Pause Young (Concurrent Start) (G1 Humongous Allocation) 204M->203M(720M) 0.438ms
[2026-05-06T01:32:30.784+0100][21.338s][info][gc,cpu         ] GC(602) User=0.00s Sys=0.00s Real=0.00s
[2026-05-06T01:32:30.784+0100][21.338s][info][gc             ] GC(603) Concurrent Undo Cycle
[2026-05-06T01:32:30.784+0100][21.338s][info][gc,marking     ] GC(603) Concurrent Clear Claimed Marks
[2026-05-06T01:32:30.784+0100][21.338s][info][gc,marking     ] GC(603) Concurrent Clear Claimed Marks 0.007ms
[2026-05-06T01:32:30.784+0100][21.338s][info][gc,marking     ] GC(603) Concurrent Cleanup for Next Mark
[2026-05-06T01:32:30.784+0100][21.338s][info][gc,marking     ] GC(603) Concurrent Cleanup for Next Mark 0.033ms
[2026-05-06T01:32:30.784+0100][21.338s][info][gc             ] GC(603) Concurrent Undo Cycle 0.062ms
[2026-05-06T01:32:30.815+0100][21.369s][info][gc,start       ] GC(604) Pause Young (Concurrent Start) (G1 Humongous Allocation)
[2026-05-06T01:32:30.815+0100][21.369s][info][gc,task        ] GC(604) Using 9 workers of 9 for evacuation
[2026-05-06T01:32:30.815+0100][21.369s][info][gc,phases      ] GC(604)   Pre Evacuate Collection Set: 0.1ms
[2026-05-06T01:32:30.815+0100][21.369s][info][gc,phases      ] GC(604)   Merge Heap Roots: 0.0ms
[2026-05-06T01:32:30.815+0100][21.369s][info][gc,phases      ] GC(604)   Evacuate Collection Set: 0.1ms
[2026-05-06T01:32:30.815+0100][21.369s][info][gc,phases      ] GC(604)   Post Evacuate Collection Set: 0.1ms
[2026-05-06T01:32:30.815+0100][21.369s][info][gc,phases      ] GC(604)   Other: 0.0ms
[2026-05-06T01:32:30.815+0100][21.369s][info][gc,heap        ] GC(604) Eden regions: 1->0(215)
[2026-05-06T01:32:30.815+0100][21.369s][info][gc,heap        ] GC(604) Survivor regions: 1->1(27)
[2026-05-06T01:32:30.815+0100][21.369s][info][gc,heap        ] GC(604) Old regions: 12->12
[2026-05-06T01:32:30.815+0100][21.369s][info][gc,heap        ] GC(604) Humongous regions: 169->96
[2026-05-06T01:32:30.815+0100][21.369s][info][gc,metaspace   ] GC(604) Metaspace: 19177K(19520K)->19177K(19520K) NonClass: 16935K(17152K)->16935K(17152K) Class: 2241K(2368K)->2241K(2368K)
[2026-05-06T01:32:30.815+0100][21.369s][info][gc             ] GC(604) Pause Young (Concurrent Start) (G1 Humongous Allocation) 350M->203M(720M) 0.442ms
[2026-05-06T01:32:30.815+0100][21.369s][info][gc,cpu         ] GC(604) User=0.00s Sys=0.00s Real=0.00s
[2026-05-06T01:32:30.815+0100][21.369s][info][gc             ] GC(605) Concurrent Undo Cycle
[2026-05-06T01:32:30.815+0100][21.369s][info][gc,marking     ] GC(605) Concurrent Clear Claimed Marks
[2026-05-06T01:32:30.815+0100][21.369s][info][gc,marking     ] GC(605) Concurrent Clear Claimed Marks 0.007ms
[2026-05-06T01:32:30.815+0100][21.369s][info][gc,marking     ] GC(605) Concurrent Cleanup for Next Mark
[2026-05-06T01:32:30.815+0100][21.369s][info][gc,marking     ] GC(605) Concurrent Cleanup for Next Mark 0.031ms
[2026-05-06T01:32:30.815+0100][21.369s][info][gc             ] GC(605) Concurrent Undo Cycle 0.064ms
[2026-05-06T01:32:30.847+0100][21.401s][info][gc,start       ] GC(606) Pause Young (Concurrent Start) (G1 Humongous Allocation)
[2026-05-06T01:32:30.847+0100][21.401s][info][gc,task        ] GC(606) Using 9 workers of 9 for evacuation
[2026-05-06T01:32:30.847+0100][21.401s][info][gc,phases      ] GC(606)   Pre Evacuate Collection Set: 0.1ms
[2026-05-06T01:32:30.847+0100][21.401s][info][gc,phases      ] GC(606)   Merge Heap Roots: 0.0ms
[2026-05-06T01:32:30.847+0100][21.401s][info][gc,phases      ] GC(606)   Evacuate Collection Set: 0.1ms
[2026-05-06T01:32:30.847+0100][21.401s][info][gc,phases      ] GC(606)   Post Evacuate Collection Set: 0.1ms
[2026-05-06T01:32:30.847+0100][21.401s][info][gc,phases      ] GC(606)   Other: 0.0ms
[2026-05-06T01:32:30.847+0100][21.401s][info][gc,heap        ] GC(606) Eden regions: 1->0(215)
[2026-05-06T01:32:30.847+0100][21.401s][info][gc,heap        ] GC(606) Survivor regions: 1->1(27)
[2026-05-06T01:32:30.847+0100][21.401s][info][gc,heap        ] GC(606) Old regions: 12->12
[2026-05-06T01:32:30.847+0100][21.401s][info][gc,heap        ] GC(606) Humongous regions: 169->96
[2026-05-06T01:32:30.847+0100][21.401s][info][gc,metaspace   ] GC(606) Metaspace: 19177K(19520K)->19177K(19520K) NonClass: 16935K(17152K)->16935K(17152K) Class: 2241K(2368K)->2241K(2368K)
[2026-05-06T01:32:30.847+0100][21.401s][info][gc             ] GC(606) Pause Young (Concurrent Start) (G1 Humongous Allocation) 350M->203M(720M) 0.408ms
[2026-05-06T01:32:30.847+0100][21.401s][info][gc,cpu         ] GC(606) User=0.00s Sys=0.00s Real=0.00s
[2026-05-06T01:32:30.847+0100][21.401s][info][gc             ] GC(607) Concurrent Undo Cycle
[2026-05-06T01:32:30.847+0100][21.401s][info][gc,marking     ] GC(607) Concurrent Clear Claimed Marks
[2026-05-06T01:32:30.847+0100][21.401s][info][gc,marking     ] GC(607) Concurrent Clear Claimed Marks 0.005ms
[2026-05-06T01:32:30.847+0100][21.401s][info][gc,marking     ] GC(607) Concurrent Cleanup for Next Mark
[2026-05-06T01:32:30.847+0100][21.401s][info][gc,marking     ] GC(607) Concurrent Cleanup for Next Mark 0.034ms
[2026-05-06T01:32:30.847+0100][21.401s][info][gc             ] GC(607) Concurrent Undo Cycle 0.063ms
[2026-05-06T01:32:30.879+0100][21.433s][info][gc,start       ] GC(608) Pause Young (Concurrent Start) (G1 Humongous Allocation)
[2026-05-06T01:32:30.879+0100][21.433s][info][gc,task        ] GC(608) Using 9 workers of 9 for evacuation
[2026-05-06T01:32:30.879+0100][21.433s][info][gc,phases      ] GC(608)   Pre Evacuate Collection Set: 0.1ms
[2026-05-06T01:32:30.879+0100][21.433s][info][gc,phases      ] GC(608)   Merge Heap Roots: 0.0ms
[2026-05-06T01:32:30.879+0100][21.433s][info][gc,phases      ] GC(608)   Evacuate Collection Set: 0.1ms
[2026-05-06T01:32:30.879+0100][21.433s][info][gc,phases      ] GC(608)   Post Evacuate Collection Set: 0.1ms
[2026-05-06T01:32:30.879+0100][21.433s][info][gc,phases      ] GC(608)   Other: 0.0ms
[2026-05-06T01:32:30.879+0100][21.433s][info][gc,heap        ] GC(608) Eden regions: 1->0(215)
[2026-05-06T01:32:30.879+0100][21.433s][info][gc,heap        ] GC(608) Survivor regions: 1->1(27)
[2026-05-06T01:32:30.879+0100][21.433s][info][gc,heap        ] GC(608) Old regions: 12->12
[2026-05-06T01:32:30.879+0100][21.433s][info][gc,heap        ] GC(608) Humongous regions: 169->96
[2026-05-06T01:32:30.879+0100][21.433s][info][gc,metaspace   ] GC(608) Metaspace: 19177K(19520K)->19177K(19520K) NonClass: 16935K(17152K)->16935K(17152K) Class: 2241K(2368K)->2241K(2368K)
[2026-05-06T01:32:30.879+0100][21.433s][info][gc             ] GC(608) Pause Young (Concurrent Start) (G1 Humongous Allocation) 350M->203M(720M) 0.469ms
[2026-05-06T01:32:30.879+0100][21.433s][info][gc,cpu         ] GC(608) User=0.00s Sys=0.00s Real=0.00s
[2026-05-06T01:32:30.879+0100][21.433s][info][gc             ] GC(609) Concurrent Undo Cycle
[2026-05-06T01:32:30.879+0100][21.433s][info][gc,marking     ] GC(609) Concurrent Clear Claimed Marks
[2026-05-06T01:32:30.879+0100][21.433s][info][gc,marking     ] GC(609) Concurrent Clear Claimed Marks 0.006ms
[2026-05-06T01:32:30.879+0100][21.433s][info][gc,marking     ] GC(609) Concurrent Cleanup for Next Mark
[2026-05-06T01:32:30.879+0100][21.433s][info][gc,marking     ] GC(609) Concurrent Cleanup for Next Mark 0.035ms
[2026-05-06T01:32:30.879+0100][21.433s][info][gc             ] GC(609) Concurrent Undo Cycle 0.062ms
[2026-05-06T01:32:30.911+0100][21.465s][info][gc,start       ] GC(610) Pause Young (Concurrent Start) (G1 Humongous Allocation)
[2026-05-06T01:32:30.911+0100][21.465s][info][gc,task        ] GC(610) Using 9 workers of 9 for evacuation
[2026-05-06T01:32:30.911+0100][21.465s][info][gc,phases      ] GC(610)   Pre Evacuate Collection Set: 0.1ms
[2026-05-06T01:32:30.911+0100][21.465s][info][gc,phases      ] GC(610)   Merge Heap Roots: 0.0ms
[2026-05-06T01:32:30.911+0100][21.465s][info][gc,phases      ] GC(610)   Evacuate Collection Set: 0.1ms
[2026-05-06T01:32:30.911+0100][21.465s][info][gc,phases      ] GC(610)   Post Evacuate Collection Set: 0.1ms
[2026-05-06T01:32:30.911+0100][21.465s][info][gc,phases      ] GC(610)   Other: 0.0ms
[2026-05-06T01:32:30.911+0100][21.465s][info][gc,heap        ] GC(610) Eden regions: 1->0(215)
[2026-05-06T01:32:30.911+0100][21.465s][info][gc,heap        ] GC(610) Survivor regions: 1->1(27)
[2026-05-06T01:32:30.911+0100][21.465s][info][gc,heap        ] GC(610) Old regions: 12->12
[2026-05-06T01:32:30.911+0100][21.465s][info][gc,heap        ] GC(610) Humongous regions: 169->96
[2026-05-06T01:32:30.911+0100][21.465s][info][gc,metaspace   ] GC(610) Metaspace: 19177K(19520K)->19177K(19520K) NonClass: 16935K(17152K)->16935K(17152K) Class: 2241K(2368K)->2241K(2368K)
[2026-05-06T01:32:30.911+0100][21.465s][info][gc             ] GC(610) Pause Young (Concurrent Start) (G1 Humongous Allocation) 350M->203M(720M) 0.424ms
[2026-05-06T01:32:30.911+0100][21.465s][info][gc,cpu         ] GC(610) User=0.00s Sys=0.00s Real=0.00s
[2026-05-06T01:32:30.911+0100][21.465s][info][gc             ] GC(611) Concurrent Undo Cycle
[2026-05-06T01:32:30.912+0100][21.465s][info][gc,marking     ] GC(611) Concurrent Clear Claimed Marks
[2026-05-06T01:32:30.912+0100][21.465s][info][gc,marking     ] GC(611) Concurrent Clear Claimed Marks 0.006ms
[2026-05-06T01:32:30.912+0100][21.465s][info][gc,marking     ] GC(611) Concurrent Cleanup for Next Mark
[2026-05-06T01:32:30.912+0100][21.465s][info][gc,marking     ] GC(611) Concurrent Cleanup for Next Mark 0.030ms
[2026-05-06T01:32:30.912+0100][21.465s][info][gc             ] GC(611) Concurrent Undo Cycle 0.056ms
[2026-05-06T01:32:30.943+0100][21.497s][info][gc,start       ] GC(612) Pause Young (Concurrent Start) (G1 Humongous Allocation)
[2026-05-06T01:32:30.943+0100][21.497s][info][gc,task        ] GC(612) Using 9 workers of 9 for evacuation
[2026-05-06T01:32:30.944+0100][21.497s][info][gc,phases      ] GC(612)   Pre Evacuate Collection Set: 0.1ms
[2026-05-06T01:32:30.944+0100][21.497s][info][gc,phases      ] GC(612)   Merge Heap Roots: 0.0ms
[2026-05-06T01:32:30.944+0100][21.497s][info][gc,phases      ] GC(612)   Evacuate Collection Set: 0.2ms
[2026-05-06T01:32:30.944+0100][21.497s][info][gc,phases      ] GC(612)   Post Evacuate Collection Set: 0.1ms
[2026-05-06T01:32:30.944+0100][21.497s][info][gc,phases      ] GC(612)   Other: 0.0ms
[2026-05-06T01:32:30.944+0100][21.498s][info][gc,heap        ] GC(612) Eden regions: 1->0(215)
[2026-05-06T01:32:30.944+0100][21.498s][info][gc,heap        ] GC(612) Survivor regions: 1->1(27)
[2026-05-06T01:32:30.944+0100][21.498s][info][gc,heap        ] GC(612) Old regions: 12->12
[2026-05-06T01:32:30.944+0100][21.498s][info][gc,heap        ] GC(612) Humongous regions: 169->96
[2026-05-06T01:32:30.944+0100][21.498s][info][gc,metaspace   ] GC(612) Metaspace: 19177K(19520K)->19177K(19520K) NonClass: 16935K(17152K)->16935K(17152K) Class: 2241K(2368K)->2241K(2368K)
[2026-05-06T01:32:30.944+0100][21.498s][info][gc             ] GC(612) Pause Young (Concurrent Start) (G1 Humongous Allocation) 350M->203M(720M) 0.543ms
[2026-05-06T01:32:30.944+0100][21.498s][info][gc,cpu         ] GC(612) User=0.00s Sys=0.00s Real=0.00s
[2026-05-06T01:32:30.944+0100][21.498s][info][gc             ] GC(613) Concurrent Undo Cycle
[2026-05-06T01:32:30.944+0100][21.498s][info][gc,marking     ] GC(613) Concurrent Clear Claimed Marks
[2026-05-06T01:32:30.944+0100][21.498s][info][gc,marking     ] GC(613) Concurrent Clear Claimed Marks 0.005ms
[2026-05-06T01:32:30.944+0100][21.498s][info][gc,marking     ] GC(613) Concurrent Cleanup for Next Mark
[2026-05-06T01:32:30.944+0100][21.498s][info][gc,marking     ] GC(613) Concurrent Cleanup for Next Mark 0.027ms
[2026-05-06T01:32:30.944+0100][21.498s][info][gc             ] GC(613) Concurrent Undo Cycle 0.053ms
[2026-05-06T01:32:30.976+0100][21.529s][info][gc,start       ] GC(614) Pause Young (Concurrent Start) (G1 Humongous Allocation)
[2026-05-06T01:32:30.976+0100][21.529s][info][gc,task        ] GC(614) Using 9 workers of 9 for evacuation
[2026-05-06T01:32:30.976+0100][21.530s][info][gc,phases      ] GC(614)   Pre Evacuate Collection Set: 0.1ms
[2026-05-06T01:32:30.976+0100][21.530s][info][gc,phases      ] GC(614)   Merge Heap Roots: 0.0ms
[2026-05-06T01:32:30.976+0100][21.530s][info][gc,phases      ] GC(614)   Evacuate Collection Set: 0.1ms
[2026-05-06T01:32:30.976+0100][21.530s][info][gc,phases      ] GC(614)   Post Evacuate Collection Set: 0.1ms
[2026-05-06T01:32:30.976+0100][21.530s][info][gc,phases      ] GC(614)   Other: 0.0ms
[2026-05-06T01:32:30.976+0100][21.530s][info][gc,heap        ] GC(614) Eden regions: 1->0(215)
[2026-05-06T01:32:30.976+0100][21.530s][info][gc,heap        ] GC(614) Survivor regions: 1->1(27)
[2026-05-06T01:32:30.976+0100][21.530s][info][gc,heap        ] GC(614) Old regions: 12->12
[2026-05-06T01:32:30.976+0100][21.530s][info][gc,heap        ] GC(614) Humongous regions: 169->96
[2026-05-06T01:32:30.976+0100][21.530s][info][gc,metaspace   ] GC(614) Metaspace: 19177K(19520K)->19177K(19520K) NonClass: 16935K(17152K)->16935K(17152K) Class: 2241K(2368K)->2241K(2368K)
[2026-05-06T01:32:30.976+0100][21.530s][info][gc             ] GC(614) Pause Young (Concurrent Start) (G1 Humongous Allocation) 350M->203M(720M) 0.464ms
[2026-05-06T01:32:30.976+0100][21.530s][info][gc,cpu         ] GC(614) User=0.00s Sys=0.00s Real=0.00s
[2026-05-06T01:32:30.976+0100][21.530s][info][gc             ] GC(615) Concurrent Undo Cycle
[2026-05-06T01:32:30.976+0100][21.530s][info][gc,marking     ] GC(615) Concurrent Clear Claimed Marks
[2026-05-06T01:32:30.976+0100][21.530s][info][gc,marking     ] GC(615) Concurrent Clear Claimed Marks 0.006ms
[2026-05-06T01:32:30.976+0100][21.530s][info][gc,marking     ] GC(615) Concurrent Cleanup for Next Mark
[2026-05-06T01:32:30.976+0100][21.530s][info][gc,marking     ] GC(615) Concurrent Cleanup for Next Mark 0.033ms
[2026-05-06T01:32:30.976+0100][21.530s][info][gc             ] GC(615) Concurrent Undo Cycle 0.061ms
[2026-05-06T01:32:31.008+0100][21.562s][info][gc,start       ] GC(616) Pause Young (Concurrent Start) (G1 Humongous Allocation)
[2026-05-06T01:32:31.008+0100][21.562s][info][gc,task        ] GC(616) Using 9 workers of 9 for evacuation
[2026-05-06T01:32:31.008+0100][21.562s][info][gc,phases      ] GC(616)   Pre Evacuate Collection Set: 0.1ms
[2026-05-06T01:32:31.008+0100][21.562s][info][gc,phases      ] GC(616)   Merge Heap Roots: 0.0ms
[2026-05-06T01:32:31.008+0100][21.562s][info][gc,phases      ] GC(616)   Evacuate Collection Set: 0.1ms
[2026-05-06T01:32:31.008+0100][21.562s][info][gc,phases      ] GC(616)   Post Evacuate Collection Set: 0.1ms
[2026-05-06T01:32:31.008+0100][21.562s][info][gc,phases      ] GC(616)   Other: 0.0ms
[2026-05-06T01:32:31.008+0100][21.562s][info][gc,heap        ] GC(616) Eden regions: 1->0(215)
[2026-05-06T01:32:31.008+0100][21.562s][info][gc,heap        ] GC(616) Survivor regions: 1->1(27)
[2026-05-06T01:32:31.008+0100][21.562s][info][gc,heap        ] GC(616) Old regions: 12->12
[2026-05-06T01:32:31.008+0100][21.562s][info][gc,heap        ] GC(616) Humongous regions: 169->96
[2026-05-06T01:32:31.008+0100][21.562s][info][gc,metaspace   ] GC(616) Metaspace: 19177K(19520K)->19177K(19520K) NonClass: 16935K(17152K)->16935K(17152K) Class: 2241K(2368K)->2241K(2368K)
[2026-05-06T01:32:31.008+0100][21.562s][info][gc             ] GC(616) Pause Young (Concurrent Start) (G1 Humongous Allocation) 350M->203M(720M) 0.457ms
[2026-05-06T01:32:31.008+0100][21.562s][info][gc,cpu         ] GC(616) User=0.00s Sys=0.00s Real=0.00s
[2026-05-06T01:32:31.008+0100][21.562s][info][gc             ] GC(617) Concurrent Undo Cycle
[2026-05-06T01:32:31.008+0100][21.562s][info][gc,marking     ] GC(617) Concurrent Clear Claimed Marks
[2026-05-06T01:32:31.008+0100][21.562s][info][gc,marking     ] GC(617) Concurrent Clear Claimed Marks 0.007ms
[2026-05-06T01:32:31.008+0100][21.562s][info][gc,marking     ] GC(617) Concurrent Cleanup for Next Mark
[2026-05-06T01:32:31.008+0100][21.562s][info][gc,marking     ] GC(617) Concurrent Cleanup for Next Mark 0.029ms
[2026-05-06T01:32:31.008+0100][21.562s][info][gc             ] GC(617) Concurrent Undo Cycle 0.067ms
[2026-05-06T01:32:31.040+0100][21.594s][info][gc,start       ] GC(618) Pause Young (Concurrent Start) (G1 Humongous Allocation)
[2026-05-06T01:32:31.040+0100][21.594s][info][gc,task        ] GC(618) Using 9 workers of 9 for evacuation
[2026-05-06T01:32:31.040+0100][21.594s][info][gc,phases      ] GC(618)   Pre Evacuate Collection Set: 0.1ms
[2026-05-06T01:32:31.040+0100][21.594s][info][gc,phases      ] GC(618)   Merge Heap Roots: 0.0ms
[2026-05-06T01:32:31.040+0100][21.594s][info][gc,phases      ] GC(618)   Evacuate Collection Set: 0.1ms
[2026-05-06T01:32:31.040+0100][21.594s][info][gc,phases      ] GC(618)   Post Evacuate Collection Set: 0.1ms
[2026-05-06T01:32:31.040+0100][21.594s][info][gc,phases      ] GC(618)   Other: 0.0ms
[2026-05-06T01:32:31.040+0100][21.594s][info][gc,heap        ] GC(618) Eden regions: 1->0(215)
[2026-05-06T01:32:31.040+0100][21.594s][info][gc,heap        ] GC(618) Survivor regions: 1->1(27)
[2026-05-06T01:32:31.040+0100][21.594s][info][gc,heap        ] GC(618) Old regions: 12->12
[2026-05-06T01:32:31.040+0100][21.594s][info][gc,heap        ] GC(618) Humongous regions: 169->96
[2026-05-06T01:32:31.040+0100][21.594s][info][gc,metaspace   ] GC(618) Metaspace: 19177K(19520K)->19177K(19520K) NonClass: 16935K(17152K)->16935K(17152K) Class: 2241K(2368K)->2241K(2368K)
[2026-05-06T01:32:31.040+0100][21.594s][info][gc             ] GC(618) Pause Young (Concurrent Start) (G1 Humongous Allocation) 350M->203M(720M) 0.451ms
[2026-05-06T01:32:31.040+0100][21.594s][info][gc,cpu         ] GC(618) User=0.00s Sys=0.00s Real=0.00s
[2026-05-06T01:32:31.040+0100][21.594s][info][gc             ] GC(619) Concurrent Undo Cycle
[2026-05-06T01:32:31.040+0100][21.594s][info][gc,marking     ] GC(619) Concurrent Clear Claimed Marks
[2026-05-06T01:32:31.040+0100][21.594s][info][gc,marking     ] GC(619) Concurrent Clear Claimed Marks 0.007ms
[2026-05-06T01:32:31.040+0100][21.594s][info][gc,marking     ] GC(619) Concurrent Cleanup for Next Mark
[2026-05-06T01:32:31.040+0100][21.594s][info][gc,marking     ] GC(619) Concurrent Cleanup for Next Mark 0.036ms
[2026-05-06T01:32:31.040+0100][21.594s][info][gc             ] GC(619) Concurrent Undo Cycle 0.065ms
[2026-05-06T01:32:31.072+0100][21.626s][info][gc,start       ] GC(620) Pause Young (Concurrent Start) (G1 Humongous Allocation)
[2026-05-06T01:32:31.072+0100][21.626s][info][gc,task        ] GC(620) Using 9 workers of 9 for evacuation
[2026-05-06T01:32:31.072+0100][21.626s][info][gc,phases      ] GC(620)   Pre Evacuate Collection Set: 0.1ms
[2026-05-06T01:32:31.072+0100][21.626s][info][gc,phases      ] GC(620)   Merge Heap Roots: 0.0ms
[2026-05-06T01:32:31.072+0100][21.626s][info][gc,phases      ] GC(620)   Evacuate Collection Set: 0.1ms
[2026-05-06T01:32:31.072+0100][21.626s][info][gc,phases      ] GC(620)   Post Evacuate Collection Set: 0.1ms
[2026-05-06T01:32:31.072+0100][21.626s][info][gc,phases      ] GC(620)   Other: 0.0ms
[2026-05-06T01:32:31.072+0100][21.626s][info][gc,heap        ] GC(620) Eden regions: 1->0(215)
[2026-05-06T01:32:31.072+0100][21.626s][info][gc,heap        ] GC(620) Survivor regions: 1->1(27)
[2026-05-06T01:32:31.072+0100][21.626s][info][gc,heap        ] GC(620) Old regions: 12->12
[2026-05-06T01:32:31.072+0100][21.626s][info][gc,heap        ] GC(620) Humongous regions: 169->96
[2026-05-06T01:32:31.072+0100][21.626s][info][gc,metaspace   ] GC(620) Metaspace: 19177K(19520K)->19177K(19520K) NonClass: 16935K(17152K)->16935K(17152K) Class: 2241K(2368K)->2241K(2368K)
[2026-05-06T01:32:31.072+0100][21.626s][info][gc             ] GC(620) Pause Young (Concurrent Start) (G1 Humongous Allocation) 350M->203M(720M) 0.465ms
[2026-05-06T01:32:31.072+0100][21.626s][info][gc,cpu         ] GC(620) User=0.00s Sys=0.00s Real=0.00s
[2026-05-06T01:32:31.072+0100][21.626s][info][gc             ] GC(621) Concurrent Undo Cycle
[2026-05-06T01:32:31.072+0100][21.626s][info][gc,marking     ] GC(621) Concurrent Clear Claimed Marks
[2026-05-06T01:32:31.072+0100][21.626s][info][gc,marking     ] GC(621) Concurrent Clear Claimed Marks 0.006ms
[2026-05-06T01:32:31.072+0100][21.626s][info][gc,marking     ] GC(621) Concurrent Cleanup for Next Mark
[2026-05-06T01:32:31.072+0100][21.626s][info][gc,marking     ] GC(621) Concurrent Cleanup for Next Mark 0.031ms
[2026-05-06T01:32:31.072+0100][21.626s][info][gc             ] GC(621) Concurrent Undo Cycle 0.059ms
[2026-05-06T01:32:31.105+0100][21.659s][info][gc,start       ] GC(622) Pause Young (Concurrent Start) (G1 Humongous Allocation)
[2026-05-06T01:32:31.105+0100][21.659s][info][gc,task        ] GC(622) Using 9 workers of 9 for evacuation
[2026-05-06T01:32:31.105+0100][21.659s][info][gc,phases      ] GC(622)   Pre Evacuate Collection Set: 0.1ms
[2026-05-06T01:32:31.105+0100][21.659s][info][gc,phases      ] GC(622)   Merge Heap Roots: 0.0ms
[2026-05-06T01:32:31.105+0100][21.659s][info][gc,phases      ] GC(622)   Evacuate Collection Set: 0.2ms
[2026-05-06T01:32:31.105+0100][21.659s][info][gc,phases      ] GC(622)   Post Evacuate Collection Set: 0.1ms
[2026-05-06T01:32:31.105+0100][21.659s][info][gc,phases      ] GC(622)   Other: 0.0ms
[2026-05-06T01:32:31.105+0100][21.659s][info][gc,heap        ] GC(622) Eden regions: 5->0(215)
[2026-05-06T01:32:31.105+0100][21.659s][info][gc,heap        ] GC(622) Survivor regions: 1->1(27)
[2026-05-06T01:32:31.105+0100][21.659s][info][gc,heap        ] GC(622) Old regions: 12->12
[2026-05-06T01:32:31.106+0100][21.659s][info][gc,heap        ] GC(622) Humongous regions: 169->96
[2026-05-06T01:32:31.106+0100][21.659s][info][gc,metaspace   ] GC(622) Metaspace: 19184K(19520K)->19184K(19520K) NonClass: 16943K(17152K)->16943K(17152K) Class: 2241K(2368K)->2241K(2368K)
[2026-05-06T01:32:31.106+0100][21.659s][info][gc             ] GC(622) Pause Young (Concurrent Start) (G1 Humongous Allocation) 359M->203M(720M) 0.524ms
[2026-05-06T01:32:31.106+0100][21.659s][info][gc,cpu         ] GC(622) User=0.00s Sys=0.01s Real=0.00s
[2026-05-06T01:32:31.106+0100][21.659s][info][gc             ] GC(623) Concurrent Undo Cycle
[2026-05-06T01:32:31.106+0100][21.659s][info][gc,marking     ] GC(623) Concurrent Clear Claimed Marks
[2026-05-06T01:32:31.106+0100][21.659s][info][gc,marking     ] GC(623) Concurrent Clear Claimed Marks 0.006ms
[2026-05-06T01:32:31.106+0100][21.659s][info][gc,marking     ] GC(623) Concurrent Cleanup for Next Mark
[2026-05-06T01:32:31.106+0100][21.659s][info][gc,marking     ] GC(623) Concurrent Cleanup for Next Mark 0.038ms
[2026-05-06T01:32:31.106+0100][21.659s][info][gc             ] GC(623) Concurrent Undo Cycle 0.071ms
[2026-05-06T01:32:31.137+0100][21.691s][info][gc,start       ] GC(624) Pause Young (Concurrent Start) (G1 Humongous Allocation)
[2026-05-06T01:32:31.137+0100][21.691s][info][gc,task        ] GC(624) Using 9 workers of 9 for evacuation
[2026-05-06T01:32:31.137+0100][21.691s][info][gc,phases      ] GC(624)   Pre Evacuate Collection Set: 0.1ms
[2026-05-06T01:32:31.137+0100][21.691s][info][gc,phases      ] GC(624)   Merge Heap Roots: 0.0ms
[2026-05-06T01:32:31.137+0100][21.691s][info][gc,phases      ] GC(624)   Evacuate Collection Set: 0.2ms
[2026-05-06T01:32:31.137+0100][21.691s][info][gc,phases      ] GC(624)   Post Evacuate Collection Set: 0.1ms
[2026-05-06T01:32:31.137+0100][21.691s][info][gc,phases      ] GC(624)   Other: 0.0ms
[2026-05-06T01:32:31.137+0100][21.691s][info][gc,heap        ] GC(624) Eden regions: 9->0(215)
[2026-05-06T01:32:31.137+0100][21.691s][info][gc,heap        ] GC(624) Survivor regions: 1->1(27)
[2026-05-06T01:32:31.137+0100][21.691s][info][gc,heap        ] GC(624) Old regions: 12->12
[2026-05-06T01:32:31.137+0100][21.691s][info][gc,heap        ] GC(624) Humongous regions: 169->96
[2026-05-06T01:32:31.137+0100][21.691s][info][gc,metaspace   ] GC(624) Metaspace: 19184K(19520K)->19184K(19520K) NonClass: 16943K(17152K)->16943K(17152K) Class: 2241K(2368K)->2241K(2368K)
[2026-05-06T01:32:31.137+0100][21.691s][info][gc             ] GC(624) Pause Young (Concurrent Start) (G1 Humongous Allocation) 366M->203M(720M) 0.562ms
[2026-05-06T01:32:31.137+0100][21.691s][info][gc,cpu         ] GC(624) User=0.00s Sys=0.00s Real=0.00s
[2026-05-06T01:32:31.137+0100][21.691s][info][gc             ] GC(625) Concurrent Undo Cycle
[2026-05-06T01:32:31.137+0100][21.691s][info][gc,marking     ] GC(625) Concurrent Clear Claimed Marks
[2026-05-06T01:32:31.137+0100][21.691s][info][gc,marking     ] GC(625) Concurrent Clear Claimed Marks 0.007ms
[2026-05-06T01:32:31.137+0100][21.691s][info][gc,marking     ] GC(625) Concurrent Cleanup for Next Mark
[2026-05-06T01:32:31.137+0100][21.691s][info][gc,marking     ] GC(625) Concurrent Cleanup for Next Mark 0.026ms
[2026-05-06T01:32:31.137+0100][21.691s][info][gc             ] GC(625) Concurrent Undo Cycle 0.062ms
[2026-05-06T01:32:31.169+0100][21.723s][info][gc,start       ] GC(626) Pause Young (Concurrent Start) (G1 Humongous Allocation)
[2026-05-06T01:32:31.169+0100][21.723s][info][gc,task        ] GC(626) Using 9 workers of 9 for evacuation
[2026-05-06T01:32:31.170+0100][21.724s][info][gc,phases      ] GC(626)   Pre Evacuate Collection Set: 0.1ms
[2026-05-06T01:32:31.170+0100][21.724s][info][gc,phases      ] GC(626)   Merge Heap Roots: 0.0ms
[2026-05-06T01:32:31.170+0100][21.724s][info][gc,phases      ] GC(626)   Evacuate Collection Set: 0.1ms
[2026-05-06T01:32:31.170+0100][21.724s][info][gc,phases      ] GC(626)   Post Evacuate Collection Set: 0.1ms
[2026-05-06T01:32:31.170+0100][21.724s][info][gc,phases      ] GC(626)   Other: 0.0ms
[2026-05-06T01:32:31.170+0100][21.724s][info][gc,heap        ] GC(626) Eden regions: 9->0(215)
[2026-05-06T01:32:31.170+0100][21.724s][info][gc,heap        ] GC(626) Survivor regions: 1->1(27)
[2026-05-06T01:32:31.170+0100][21.724s][info][gc,heap        ] GC(626) Old regions: 12->12
[2026-05-06T01:32:31.170+0100][21.724s][info][gc,heap        ] GC(626) Humongous regions: 169->96
[2026-05-06T01:32:31.170+0100][21.724s][info][gc,metaspace   ] GC(626) Metaspace: 19184K(19520K)->19184K(19520K) NonClass: 16943K(17152K)->16943K(17152K) Class: 2241K(2368K)->2241K(2368K)
[2026-05-06T01:32:31.170+0100][21.724s][info][gc             ] GC(626) Pause Young (Concurrent Start) (G1 Humongous Allocation) 366M->203M(720M) 0.515ms
[2026-05-06T01:32:31.170+0100][21.724s][info][gc,cpu         ] GC(626) User=0.00s Sys=0.00s Real=0.01s
[2026-05-06T01:32:31.170+0100][21.724s][info][gc             ] GC(627) Concurrent Undo Cycle
[2026-05-06T01:32:31.170+0100][21.724s][info][gc,marking     ] GC(627) Concurrent Clear Claimed Marks
[2026-05-06T01:32:31.170+0100][21.724s][info][gc,marking     ] GC(627) Concurrent Clear Claimed Marks 0.007ms
[2026-05-06T01:32:31.170+0100][21.724s][info][gc,marking     ] GC(627) Concurrent Cleanup for Next Mark
[2026-05-06T01:32:31.170+0100][21.724s][info][gc,marking     ] GC(627) Concurrent Cleanup for Next Mark 0.038ms
[2026-05-06T01:32:31.170+0100][21.724s][info][gc             ] GC(627) Concurrent Undo Cycle 0.073ms
[2026-05-06T01:32:31.190+0100][21.743s][info][gc,start       ] GC(628) Pause Full (System.gc())
[2026-05-06T01:32:31.190+0100][21.743s][info][gc,task        ] GC(628) Using 9 workers of 9 for full compaction
[2026-05-06T01:32:31.190+0100][21.743s][info][gc,phases,start] GC(628) Phase 1: Mark live objects
[2026-05-06T01:32:31.192+0100][21.746s][info][gc,phases      ] GC(628) Phase 1: Mark live objects 2.323ms
[2026-05-06T01:32:31.192+0100][21.746s][info][gc,phases,start] GC(628) Phase 2: Prepare compaction
[2026-05-06T01:32:31.192+0100][21.746s][info][gc,phases      ] GC(628) Phase 2: Prepare compaction 0.322ms
[2026-05-06T01:32:31.192+0100][21.746s][info][gc,phases,start] GC(628) Phase 3: Adjust pointers
[2026-05-06T01:32:31.194+0100][21.748s][info][gc,phases      ] GC(628) Phase 3: Adjust pointers 1.754ms
[2026-05-06T01:32:31.194+0100][21.748s][info][gc,phases,start] GC(628) Phase 4: Compact heap
[2026-05-06T01:32:31.194+0100][21.748s][info][gc,phases      ] GC(628) Phase 4: Compact heap 0.267ms
[2026-05-06T01:32:31.194+0100][21.748s][info][gc,phases,start] GC(628) Phase 5: Reset Metadata
[2026-05-06T01:32:31.195+0100][21.748s][info][gc,phases      ] GC(628) Phase 5: Reset Metadata 0.324ms
[2026-05-06T01:32:31.195+0100][21.749s][info][gc,heap        ] GC(628) Eden regions: 5->0(216)
[2026-05-06T01:32:31.195+0100][21.749s][info][gc,heap        ] GC(628) Survivor regions: 1->0(27)
[2026-05-06T01:32:31.195+0100][21.749s][info][gc,heap        ] GC(628) Old regions: 12->12
[2026-05-06T01:32:31.195+0100][21.749s][info][gc,heap        ] GC(628) Humongous regions: 169->96
[2026-05-06T01:32:31.195+0100][21.749s][info][gc,metaspace   ] GC(628) Metaspace: 19184K(19520K)->19184K(19520K) NonClass: 16943K(17152K)->16943K(17152K) Class: 2241K(2368K)->2241K(2368K)
[2026-05-06T01:32:31.195+0100][21.749s][info][gc             ] GC(628) Pause Full (System.gc()) 358M->203M(720M) 5.639ms
[2026-05-06T01:32:31.195+0100][21.749s][info][gc,cpu         ] GC(628) User=0.02s Sys=0.01s Real=0.00s
[2026-05-06T01:32:31.207+0100][21.761s][info][gc,start       ] GC(629) Pause Young (Concurrent Start) (G1 Humongous Allocation)
[2026-05-06T01:32:31.207+0100][21.761s][info][gc,task        ] GC(629) Using 9 workers of 9 for evacuation
[2026-05-06T01:32:31.207+0100][21.761s][info][gc,phases      ] GC(629)   Pre Evacuate Collection Set: 0.1ms
[2026-05-06T01:32:31.207+0100][21.761s][info][gc,phases      ] GC(629)   Merge Heap Roots: 0.0ms
[2026-05-06T01:32:31.207+0100][21.761s][info][gc,phases      ] GC(629)   Evacuate Collection Set: 0.1ms
[2026-05-06T01:32:31.207+0100][21.761s][info][gc,phases      ] GC(629)   Post Evacuate Collection Set: 0.1ms
[2026-05-06T01:32:31.207+0100][21.761s][info][gc,phases      ] GC(629)   Other: 0.0ms
[2026-05-06T01:32:31.207+0100][21.761s][info][gc,heap        ] GC(629) Eden regions: 8->0(215)
[2026-05-06T01:32:31.207+0100][21.761s][info][gc,heap        ] GC(629) Survivor regions: 0->1(27)
[2026-05-06T01:32:31.207+0100][21.761s][info][gc,heap        ] GC(629) Old regions: 12->12
[2026-05-06T01:32:31.207+0100][21.761s][info][gc,heap        ] GC(629) Humongous regions: 96->96
[2026-05-06T01:32:31.207+0100][21.761s][info][gc,metaspace   ] GC(629) Metaspace: 19184K(19520K)->19184K(19520K) NonClass: 16943K(17152K)->16943K(17152K) Class: 2241K(2368K)->2241K(2368K)
[2026-05-06T01:32:31.207+0100][21.761s][info][gc             ] GC(629) Pause Young (Concurrent Start) (G1 Humongous Allocation) 218M->203M(720M) 0.505ms
[2026-05-06T01:32:31.208+0100][21.761s][info][gc,cpu         ] GC(629) User=0.00s Sys=0.00s Real=0.00s
[2026-05-06T01:32:31.208+0100][21.761s][info][gc             ] GC(630) Concurrent Undo Cycle
[2026-05-06T01:32:31.208+0100][21.761s][info][gc,marking     ] GC(630) Concurrent Clear Claimed Marks
[2026-05-06T01:32:31.208+0100][21.761s][info][gc,marking     ] GC(630) Concurrent Clear Claimed Marks 0.006ms
[2026-05-06T01:32:31.208+0100][21.761s][info][gc,marking     ] GC(630) Concurrent Cleanup for Next Mark
[2026-05-06T01:32:31.208+0100][21.761s][info][gc,marking     ] GC(630) Concurrent Cleanup for Next Mark 0.032ms
[2026-05-06T01:32:31.208+0100][21.761s][info][gc             ] GC(630) Concurrent Undo Cycle 0.068ms
[2026-05-06T01:32:31.239+0100][21.793s][info][gc,start       ] GC(631) Pause Young (Concurrent Start) (G1 Humongous Allocation)
[2026-05-06T01:32:31.239+0100][21.793s][info][gc,task        ] GC(631) Using 9 workers of 9 for evacuation
[2026-05-06T01:32:31.239+0100][21.793s][info][gc,phases      ] GC(631)   Pre Evacuate Collection Set: 0.1ms
[2026-05-06T01:32:31.239+0100][21.793s][info][gc,phases      ] GC(631)   Merge Heap Roots: 0.0ms
[2026-05-06T01:32:31.239+0100][21.793s][info][gc,phases      ] GC(631)   Evacuate Collection Set: 0.1ms
[2026-05-06T01:32:31.239+0100][21.793s][info][gc,phases      ] GC(631)   Post Evacuate Collection Set: 0.1ms
[2026-05-06T01:32:31.239+0100][21.793s][info][gc,phases      ] GC(631)   Other: 0.0ms
[2026-05-06T01:32:31.239+0100][21.793s][info][gc,heap        ] GC(631) Eden regions: 7->0(215)
[2026-05-06T01:32:31.239+0100][21.793s][info][gc,heap        ] GC(631) Survivor regions: 1->1(27)
[2026-05-06T01:32:31.239+0100][21.793s][info][gc,heap        ] GC(631) Old regions: 12->12
[2026-05-06T01:32:31.239+0100][21.793s][info][gc,heap        ] GC(631) Humongous regions: 169->96
[2026-05-06T01:32:31.239+0100][21.793s][info][gc,metaspace   ] GC(631) Metaspace: 19184K(19520K)->19184K(19520K) NonClass: 16943K(17152K)->16943K(17152K) Class: 2241K(2368K)->2241K(2368K)
[2026-05-06T01:32:31.239+0100][21.793s][info][gc             ] GC(631) Pause Young (Concurrent Start) (G1 Humongous Allocation) 363M->203M(720M) 0.436ms
[2026-05-06T01:32:31.239+0100][21.793s][info][gc,cpu         ] GC(631) User=0.00s Sys=0.00s Real=0.00s
[2026-05-06T01:32:31.239+0100][21.793s][info][gc             ] GC(632) Concurrent Undo Cycle
[2026-05-06T01:32:31.239+0100][21.793s][info][gc,marking     ] GC(632) Concurrent Clear Claimed Marks
[2026-05-06T01:32:31.239+0100][21.793s][info][gc,marking     ] GC(632) Concurrent Clear Claimed Marks 0.007ms
[2026-05-06T01:32:31.239+0100][21.793s][info][gc,marking     ] GC(632) Concurrent Cleanup for Next Mark
[2026-05-06T01:32:31.239+0100][21.793s][info][gc,marking     ] GC(632) Concurrent Cleanup for Next Mark 0.033ms
[2026-05-06T01:32:31.239+0100][21.793s][info][gc             ] GC(632) Concurrent Undo Cycle 0.062ms
[2026-05-06T01:32:31.271+0100][21.824s][info][gc,start       ] GC(633) Pause Young (Concurrent Start) (G1 Humongous Allocation)
[2026-05-06T01:32:31.271+0100][21.824s][info][gc,task        ] GC(633) Using 9 workers of 9 for evacuation
[2026-05-06T01:32:31.271+0100][21.825s][info][gc,phases      ] GC(633)   Pre Evacuate Collection Set: 0.1ms
[2026-05-06T01:32:31.271+0100][21.825s][info][gc,phases      ] GC(633)   Merge Heap Roots: 0.0ms
[2026-05-06T01:32:31.271+0100][21.825s][info][gc,phases      ] GC(633)   Evacuate Collection Set: 0.2ms
[2026-05-06T01:32:31.271+0100][21.825s][info][gc,phases      ] GC(633)   Post Evacuate Collection Set: 0.1ms
[2026-05-06T01:32:31.271+0100][21.825s][info][gc,phases      ] GC(633)   Other: 0.0ms
[2026-05-06T01:32:31.271+0100][21.825s][info][gc,heap        ] GC(633) Eden regions: 9->0(215)
[2026-05-06T01:32:31.271+0100][21.825s][info][gc,heap        ] GC(633) Survivor regions: 1->1(27)
[2026-05-06T01:32:31.271+0100][21.825s][info][gc,heap        ] GC(633) Old regions: 12->12
[2026-05-06T01:32:31.271+0100][21.825s][info][gc,heap        ] GC(633) Humongous regions: 169->96
[2026-05-06T01:32:31.271+0100][21.825s][info][gc,metaspace   ] GC(633) Metaspace: 19184K(19520K)->19184K(19520K) NonClass: 16943K(17152K)->16943K(17152K) Class: 2241K(2368K)->2241K(2368K)
[2026-05-06T01:32:31.271+0100][21.825s][info][gc             ] GC(633) Pause Young (Concurrent Start) (G1 Humongous Allocation) 366M->203M(720M) 0.546ms
[2026-05-06T01:32:31.271+0100][21.825s][info][gc,cpu         ] GC(633) User=0.00s Sys=0.00s Real=0.00s
[2026-05-06T01:32:31.271+0100][21.825s][info][gc             ] GC(634) Concurrent Undo Cycle
[2026-05-06T01:32:31.271+0100][21.825s][info][gc,marking     ] GC(634) Concurrent Clear Claimed Marks
[2026-05-06T01:32:31.271+0100][21.825s][info][gc,marking     ] GC(634) Concurrent Clear Claimed Marks 0.007ms
[2026-05-06T01:32:31.271+0100][21.825s][info][gc,marking     ] GC(634) Concurrent Cleanup for Next Mark
[2026-05-06T01:32:31.271+0100][21.825s][info][gc,marking     ] GC(634) Concurrent Cleanup for Next Mark 0.033ms
[2026-05-06T01:32:31.271+0100][21.825s][info][gc             ] GC(634) Concurrent Undo Cycle 0.069ms
[2026-05-06T01:32:31.303+0100][21.857s][info][gc,start       ] GC(635) Pause Young (Concurrent Start) (G1 Humongous Allocation)
[2026-05-06T01:32:31.303+0100][21.857s][info][gc,task        ] GC(635) Using 9 workers of 9 for evacuation
[2026-05-06T01:32:31.303+0100][21.857s][info][gc,phases      ] GC(635)   Pre Evacuate Collection Set: 0.1ms
[2026-05-06T01:32:31.303+0100][21.857s][info][gc,phases      ] GC(635)   Merge Heap Roots: 0.0ms
[2026-05-06T01:32:31.303+0100][21.857s][info][gc,phases      ] GC(635)   Evacuate Collection Set: 0.2ms
[2026-05-06T01:32:31.303+0100][21.857s][info][gc,phases      ] GC(635)   Post Evacuate Collection Set: 0.1ms
[2026-05-06T01:32:31.303+0100][21.857s][info][gc,phases      ] GC(635)   Other: 0.0ms
[2026-05-06T01:32:31.303+0100][21.857s][info][gc,heap        ] GC(635) Eden regions: 7->0(215)
[2026-05-06T01:32:31.303+0100][21.857s][info][gc,heap        ] GC(635) Survivor regions: 1->1(27)
[2026-05-06T01:32:31.303+0100][21.857s][info][gc,heap        ] GC(635) Old regions: 12->12
[2026-05-06T01:32:31.303+0100][21.857s][info][gc,heap        ] GC(635) Humongous regions: 169->96
[2026-05-06T01:32:31.303+0100][21.857s][info][gc,metaspace   ] GC(635) Metaspace: 19184K(19520K)->19184K(19520K) NonClass: 16943K(17152K)->16943K(17152K) Class: 2241K(2368K)->2241K(2368K)
[2026-05-06T01:32:31.303+0100][21.857s][info][gc             ] GC(635) Pause Young (Concurrent Start) (G1 Humongous Allocation) 363M->203M(720M) 0.509ms
[2026-05-06T01:32:31.303+0100][21.857s][info][gc,cpu         ] GC(635) User=0.01s Sys=0.00s Real=0.00s
[2026-05-06T01:32:31.303+0100][21.857s][info][gc             ] GC(636) Concurrent Undo Cycle
[2026-05-06T01:32:31.303+0100][21.857s][info][gc,marking     ] GC(636) Concurrent Clear Claimed Marks
[2026-05-06T01:32:31.303+0100][21.857s][info][gc,marking     ] GC(636) Concurrent Clear Claimed Marks 0.008ms
[2026-05-06T01:32:31.303+0100][21.857s][info][gc,marking     ] GC(636) Concurrent Cleanup for Next Mark
[2026-05-06T01:32:31.303+0100][21.857s][info][gc,marking     ] GC(636) Concurrent Cleanup for Next Mark 0.033ms
[2026-05-06T01:32:31.303+0100][21.857s][info][gc             ] GC(636) Concurrent Undo Cycle 0.071ms
[2026-05-06T01:32:31.335+0100][21.889s][info][gc,start       ] GC(637) Pause Young (Concurrent Start) (G1 Humongous Allocation)
[2026-05-06T01:32:31.335+0100][21.889s][info][gc,task        ] GC(637) Using 9 workers of 9 for evacuation
[2026-05-06T01:32:31.335+0100][21.889s][info][gc,phases      ] GC(637)   Pre Evacuate Collection Set: 0.1ms
[2026-05-06T01:32:31.335+0100][21.889s][info][gc,phases      ] GC(637)   Merge Heap Roots: 0.0ms
[2026-05-06T01:32:31.335+0100][21.889s][info][gc,phases      ] GC(637)   Evacuate Collection Set: 0.1ms
[2026-05-06T01:32:31.335+0100][21.889s][info][gc,phases      ] GC(637)   Post Evacuate Collection Set: 0.1ms
[2026-05-06T01:32:31.335+0100][21.889s][info][gc,phases      ] GC(637)   Other: 0.0ms
[2026-05-06T01:32:31.335+0100][21.889s][info][gc,heap        ] GC(637) Eden regions: 6->0(215)
[2026-05-06T01:32:31.335+0100][21.889s][info][gc,heap        ] GC(637) Survivor regions: 1->1(27)
[2026-05-06T01:32:31.335+0100][21.889s][info][gc,heap        ] GC(637) Old regions: 12->12
[2026-05-06T01:32:31.335+0100][21.889s][info][gc,heap        ] GC(637) Humongous regions: 169->96
[2026-05-06T01:32:31.335+0100][21.889s][info][gc,metaspace   ] GC(637) Metaspace: 19184K(19520K)->19184K(19520K) NonClass: 16943K(17152K)->16943K(17152K) Class: 2241K(2368K)->2241K(2368K)
[2026-05-06T01:32:31.335+0100][21.889s][info][gc             ] GC(637) Pause Young (Concurrent Start) (G1 Humongous Allocation) 361M->203M(720M) 0.489ms
[2026-05-06T01:32:31.335+0100][21.889s][info][gc,cpu         ] GC(637) User=0.00s Sys=0.01s Real=0.00s
[2026-05-06T01:32:31.335+0100][21.889s][info][gc             ] GC(638) Concurrent Undo Cycle
[2026-05-06T01:32:31.335+0100][21.889s][info][gc,marking     ] GC(638) Concurrent Clear Claimed Marks
[2026-05-06T01:32:31.335+0100][21.889s][info][gc,marking     ] GC(638) Concurrent Clear Claimed Marks 0.008ms
[2026-05-06T01:32:31.335+0100][21.889s][info][gc,marking     ] GC(638) Concurrent Cleanup for Next Mark
[2026-05-06T01:32:31.335+0100][21.889s][info][gc,marking     ] GC(638) Concurrent Cleanup for Next Mark 0.032ms
[2026-05-06T01:32:31.335+0100][21.889s][info][gc             ] GC(638) Concurrent Undo Cycle 0.074ms
[2026-05-06T01:32:31.367+0100][21.920s][info][gc,start       ] GC(639) Pause Young (Concurrent Start) (G1 Humongous Allocation)
[2026-05-06T01:32:31.367+0100][21.920s][info][gc,task        ] GC(639) Using 9 workers of 9 for evacuation
[2026-05-06T01:32:31.367+0100][21.921s][info][gc,phases      ] GC(639)   Pre Evacuate Collection Set: 0.1ms
[2026-05-06T01:32:31.367+0100][21.921s][info][gc,phases      ] GC(639)   Merge Heap Roots: 0.0ms
[2026-05-06T01:32:31.367+0100][21.921s][info][gc,phases      ] GC(639)   Evacuate Collection Set: 0.1ms
[2026-05-06T01:32:31.367+0100][21.921s][info][gc,phases      ] GC(639)   Post Evacuate Collection Set: 0.1ms
[2026-05-06T01:32:31.367+0100][21.921s][info][gc,phases      ] GC(639)   Other: 0.0ms
[2026-05-06T01:32:31.367+0100][21.921s][info][gc,heap        ] GC(639) Eden regions: 6->0(215)
[2026-05-06T01:32:31.367+0100][21.921s][info][gc,heap        ] GC(639) Survivor regions: 1->1(27)
[2026-05-06T01:32:31.367+0100][21.921s][info][gc,heap        ] GC(639) Old regions: 12->12
[2026-05-06T01:32:31.367+0100][21.921s][info][gc,heap        ] GC(639) Humongous regions: 169->96
[2026-05-06T01:32:31.367+0100][21.921s][info][gc,metaspace   ] GC(639) Metaspace: 19184K(19520K)->19184K(19520K) NonClass: 16943K(17152K)->16943K(17152K) Class: 2241K(2368K)->2241K(2368K)
[2026-05-06T01:32:31.367+0100][21.921s][info][gc             ] GC(639) Pause Young (Concurrent Start) (G1 Humongous Allocation) 361M->203M(720M) 0.496ms
[2026-05-06T01:32:31.367+0100][21.921s][info][gc,cpu         ] GC(639) User=0.00s Sys=0.00s Real=0.00s
[2026-05-06T01:32:31.367+0100][21.921s][info][gc             ] GC(640) Concurrent Undo Cycle
[2026-05-06T01:32:31.367+0100][21.921s][info][gc,marking     ] GC(640) Concurrent Clear Claimed Marks
[2026-05-06T01:32:31.367+0100][21.921s][info][gc,marking     ] GC(640) Concurrent Clear Claimed Marks 0.007ms
[2026-05-06T01:32:31.367+0100][21.921s][info][gc,marking     ] GC(640) Concurrent Cleanup for Next Mark
[2026-05-06T01:32:31.367+0100][21.921s][info][gc,marking     ] GC(640) Concurrent Cleanup for Next Mark 0.032ms
[2026-05-06T01:32:31.367+0100][21.921s][info][gc             ] GC(640) Concurrent Undo Cycle 0.067ms
[2026-05-06T01:32:31.398+0100][21.952s][info][gc,start       ] GC(641) Pause Young (Concurrent Start) (G1 Humongous Allocation)
[2026-05-06T01:32:31.398+0100][21.952s][info][gc,task        ] GC(641) Using 9 workers of 9 for evacuation
[2026-05-06T01:32:31.399+0100][21.952s][info][gc,phases      ] GC(641)   Pre Evacuate Collection Set: 0.1ms
[2026-05-06T01:32:31.399+0100][21.952s][info][gc,phases      ] GC(641)   Merge Heap Roots: 0.0ms
[2026-05-06T01:32:31.399+0100][21.952s][info][gc,phases      ] GC(641)   Evacuate Collection Set: 0.1ms
[2026-05-06T01:32:31.399+0100][21.952s][info][gc,phases      ] GC(641)   Post Evacuate Collection Set: 0.1ms
[2026-05-06T01:32:31.399+0100][21.953s][info][gc,phases      ] GC(641)   Other: 0.0ms
[2026-05-06T01:32:31.399+0100][21.953s][info][gc,heap        ] GC(641) Eden regions: 6->0(215)
[2026-05-06T01:32:31.399+0100][21.953s][info][gc,heap        ] GC(641) Survivor regions: 1->1(27)
[2026-05-06T01:32:31.399+0100][21.953s][info][gc,heap        ] GC(641) Old regions: 12->12
[2026-05-06T01:32:31.399+0100][21.953s][info][gc,heap        ] GC(641) Humongous regions: 169->96
[2026-05-06T01:32:31.399+0100][21.953s][info][gc,metaspace   ] GC(641) Metaspace: 19184K(19520K)->19184K(19520K) NonClass: 16943K(17152K)->16943K(17152K) Class: 2241K(2368K)->2241K(2368K)
[2026-05-06T01:32:31.399+0100][21.953s][info][gc             ] GC(641) Pause Young (Concurrent Start) (G1 Humongous Allocation) 361M->203M(720M) 0.463ms
[2026-05-06T01:32:31.399+0100][21.953s][info][gc,cpu         ] GC(641) User=0.00s Sys=0.00s Real=0.00s
[2026-05-06T01:32:31.399+0100][21.953s][info][gc             ] GC(642) Concurrent Undo Cycle
[2026-05-06T01:32:31.399+0100][21.953s][info][gc,marking     ] GC(642) Concurrent Clear Claimed Marks
[2026-05-06T01:32:31.399+0100][21.953s][info][gc,marking     ] GC(642) Concurrent Clear Claimed Marks 0.007ms
[2026-05-06T01:32:31.399+0100][21.953s][info][gc,marking     ] GC(642) Concurrent Cleanup for Next Mark
[2026-05-06T01:32:31.399+0100][21.953s][info][gc,marking     ] GC(642) Concurrent Cleanup for Next Mark 0.033ms
[2026-05-06T01:32:31.399+0100][21.953s][info][gc             ] GC(642) Concurrent Undo Cycle 0.067ms
[2026-05-06T01:32:31.430+0100][21.984s][info][gc,start       ] GC(643) Pause Young (Concurrent Start) (G1 Humongous Allocation)
[2026-05-06T01:32:31.430+0100][21.984s][info][gc,task        ] GC(643) Using 9 workers of 9 for evacuation
[2026-05-06T01:32:31.431+0100][21.985s][info][gc,phases      ] GC(643)   Pre Evacuate Collection Set: 0.1ms
[2026-05-06T01:32:31.431+0100][21.985s][info][gc,phases      ] GC(643)   Merge Heap Roots: 0.0ms
[2026-05-06T01:32:31.431+0100][21.985s][info][gc,phases      ] GC(643)   Evacuate Collection Set: 0.1ms
[2026-05-06T01:32:31.431+0100][21.985s][info][gc,phases      ] GC(643)   Post Evacuate Collection Set: 0.1ms
[2026-05-06T01:32:31.431+0100][21.985s][info][gc,phases      ] GC(643)   Other: 0.0ms
[2026-05-06T01:32:31.431+0100][21.985s][info][gc,heap        ] GC(643) Eden regions: 6->0(215)
[2026-05-06T01:32:31.431+0100][21.985s][info][gc,heap        ] GC(643) Survivor regions: 1->1(27)
[2026-05-06T01:32:31.431+0100][21.985s][info][gc,heap        ] GC(643) Old regions: 12->12
[2026-05-06T01:32:31.431+0100][21.985s][info][gc,heap        ] GC(643) Humongous regions: 169->96
[2026-05-06T01:32:31.431+0100][21.985s][info][gc,metaspace   ] GC(643) Metaspace: 19184K(19520K)->19184K(19520K) NonClass: 16943K(17152K)->16943K(17152K) Class: 2241K(2368K)->2241K(2368K)
[2026-05-06T01:32:31.431+0100][21.985s][info][gc             ] GC(643) Pause Young (Concurrent Start) (G1 Humongous Allocation) 361M->203M(720M) 0.498ms
[2026-05-06T01:32:31.431+0100][21.985s][info][gc,cpu         ] GC(643) User=0.00s Sys=0.00s Real=0.00s
[2026-05-06T01:32:31.431+0100][21.985s][info][gc             ] GC(644) Concurrent Undo Cycle
[2026-05-06T01:32:31.431+0100][21.985s][info][gc,marking     ] GC(644) Concurrent Clear Claimed Marks
[2026-05-06T01:32:31.431+0100][21.985s][info][gc,marking     ] GC(644) Concurrent Clear Claimed Marks 0.007ms
[2026-05-06T01:32:31.431+0100][21.985s][info][gc,marking     ] GC(644) Concurrent Cleanup for Next Mark
[2026-05-06T01:32:31.431+0100][21.985s][info][gc,marking     ] GC(644) Concurrent Cleanup for Next Mark 0.037ms
[2026-05-06T01:32:31.431+0100][21.985s][info][gc             ] GC(644) Concurrent Undo Cycle 0.068ms
[2026-05-06T01:32:31.462+0100][22.016s][info][gc,start       ] GC(645) Pause Young (Concurrent Start) (G1 Humongous Allocation)
[2026-05-06T01:32:31.462+0100][22.016s][info][gc,task        ] GC(645) Using 9 workers of 9 for evacuation
[2026-05-06T01:32:31.463+0100][22.016s][info][gc,phases      ] GC(645)   Pre Evacuate Collection Set: 0.1ms
[2026-05-06T01:32:31.463+0100][22.016s][info][gc,phases      ] GC(645)   Merge Heap Roots: 0.0ms
[2026-05-06T01:32:31.463+0100][22.016s][info][gc,phases      ] GC(645)   Evacuate Collection Set: 0.1ms
[2026-05-06T01:32:31.463+0100][22.016s][info][gc,phases      ] GC(645)   Post Evacuate Collection Set: 0.1ms
[2026-05-06T01:32:31.463+0100][22.016s][info][gc,phases      ] GC(645)   Other: 0.0ms
[2026-05-06T01:32:31.463+0100][22.016s][info][gc,heap        ] GC(645) Eden regions: 6->0(215)
[2026-05-06T01:32:31.463+0100][22.016s][info][gc,heap        ] GC(645) Survivor regions: 1->1(27)
[2026-05-06T01:32:31.463+0100][22.016s][info][gc,heap        ] GC(645) Old regions: 12->12
[2026-05-06T01:32:31.463+0100][22.016s][info][gc,heap        ] GC(645) Humongous regions: 169->96
[2026-05-06T01:32:31.463+0100][22.016s][info][gc,metaspace   ] GC(645) Metaspace: 19184K(19520K)->19184K(19520K) NonClass: 16943K(17152K)->16943K(17152K) Class: 2241K(2368K)->2241K(2368K)
[2026-05-06T01:32:31.463+0100][22.016s][info][gc             ] GC(645) Pause Young (Concurrent Start) (G1 Humongous Allocation) 361M->203M(720M) 0.482ms
[2026-05-06T01:32:31.463+0100][22.016s][info][gc,cpu         ] GC(645) User=0.00s Sys=0.00s Real=0.00s
[2026-05-06T01:32:31.463+0100][22.016s][info][gc             ] GC(646) Concurrent Undo Cycle
[2026-05-06T01:32:31.463+0100][22.016s][info][gc,marking     ] GC(646) Concurrent Clear Claimed Marks
[2026-05-06T01:32:31.463+0100][22.016s][info][gc,marking     ] GC(646) Concurrent Clear Claimed Marks 0.007ms
[2026-05-06T01:32:31.463+0100][22.016s][info][gc,marking     ] GC(646) Concurrent Cleanup for Next Mark
[2026-05-06T01:32:31.463+0100][22.016s][info][gc,marking     ] GC(646) Concurrent Cleanup for Next Mark 0.029ms
[2026-05-06T01:32:31.463+0100][22.017s][info][gc             ] GC(646) Concurrent Undo Cycle 0.060ms
[2026-05-06T01:32:31.496+0100][22.049s][info][gc,start       ] GC(647) Pause Young (Concurrent Start) (G1 Humongous Allocation)
[2026-05-06T01:32:31.496+0100][22.049s][info][gc,task        ] GC(647) Using 9 workers of 9 for evacuation
[2026-05-06T01:32:31.496+0100][22.050s][info][gc,phases      ] GC(647)   Pre Evacuate Collection Set: 0.1ms
[2026-05-06T01:32:31.496+0100][22.050s][info][gc,phases      ] GC(647)   Merge Heap Roots: 0.0ms
[2026-05-06T01:32:31.496+0100][22.050s][info][gc,phases      ] GC(647)   Evacuate Collection Set: 0.2ms
[2026-05-06T01:32:31.496+0100][22.050s][info][gc,phases      ] GC(647)   Post Evacuate Collection Set: 0.1ms
[2026-05-06T01:32:31.496+0100][22.050s][info][gc,phases      ] GC(647)   Other: 0.0ms
[2026-05-06T01:32:31.496+0100][22.050s][info][gc,heap        ] GC(647) Eden regions: 6->0(215)
[2026-05-06T01:32:31.496+0100][22.050s][info][gc,heap        ] GC(647) Survivor regions: 1->1(27)
[2026-05-06T01:32:31.496+0100][22.050s][info][gc,heap        ] GC(647) Old regions: 12->12
[2026-05-06T01:32:31.496+0100][22.050s][info][gc,heap        ] GC(647) Humongous regions: 169->96
[2026-05-06T01:32:31.496+0100][22.050s][info][gc,metaspace   ] GC(647) Metaspace: 19184K(19520K)->19184K(19520K) NonClass: 16943K(17152K)->16943K(17152K) Class: 2241K(2368K)->2241K(2368K)
[2026-05-06T01:32:31.496+0100][22.050s][info][gc             ] GC(647) Pause Young (Concurrent Start) (G1 Humongous Allocation) 361M->203M(720M) 0.523ms
[2026-05-06T01:32:31.496+0100][22.050s][info][gc,cpu         ] GC(647) User=0.00s Sys=0.00s Real=0.00s
[2026-05-06T01:32:31.496+0100][22.050s][info][gc             ] GC(648) Concurrent Undo Cycle
[2026-05-06T01:32:31.496+0100][22.050s][info][gc,marking     ] GC(648) Concurrent Clear Claimed Marks
[2026-05-06T01:32:31.496+0100][22.050s][info][gc,marking     ] GC(648) Concurrent Clear Claimed Marks 0.007ms
[2026-05-06T01:32:31.496+0100][22.050s][info][gc,marking     ] GC(648) Concurrent Cleanup for Next Mark
[2026-05-06T01:32:31.496+0100][22.050s][info][gc,marking     ] GC(648) Concurrent Cleanup for Next Mark 0.036ms
[2026-05-06T01:32:31.496+0100][22.050s][info][gc             ] GC(648) Concurrent Undo Cycle 0.070ms
[2026-05-06T01:32:31.528+0100][22.082s][info][gc,start       ] GC(649) Pause Young (Concurrent Start) (G1 Humongous Allocation)
[2026-05-06T01:32:31.528+0100][22.082s][info][gc,task        ] GC(649) Using 9 workers of 9 for evacuation
[2026-05-06T01:32:31.529+0100][22.082s][info][gc,phases      ] GC(649)   Pre Evacuate Collection Set: 0.1ms
[2026-05-06T01:32:31.529+0100][22.082s][info][gc,phases      ] GC(649)   Merge Heap Roots: 0.0ms
[2026-05-06T01:32:31.529+0100][22.082s][info][gc,phases      ] GC(649)   Evacuate Collection Set: 0.2ms
[2026-05-06T01:32:31.529+0100][22.082s][info][gc,phases      ] GC(649)   Post Evacuate Collection Set: 0.1ms
[2026-05-06T01:32:31.529+0100][22.082s][info][gc,phases      ] GC(649)   Other: 0.0ms
[2026-05-06T01:32:31.529+0100][22.082s][info][gc,heap        ] GC(649) Eden regions: 6->0(215)
[2026-05-06T01:32:31.529+0100][22.082s][info][gc,heap        ] GC(649) Survivor regions: 1->1(27)
[2026-05-06T01:32:31.529+0100][22.082s][info][gc,heap        ] GC(649) Old regions: 12->12
[2026-05-06T01:32:31.529+0100][22.082s][info][gc,heap        ] GC(649) Humongous regions: 169->96
[2026-05-06T01:32:31.529+0100][22.082s][info][gc,metaspace   ] GC(649) Metaspace: 19190K(19520K)->19190K(19520K) NonClass: 16948K(17152K)->16948K(17152K) Class: 2241K(2368K)->2241K(2368K)
[2026-05-06T01:32:31.529+0100][22.082s][info][gc             ] GC(649) Pause Young (Concurrent Start) (G1 Humongous Allocation) 361M->203M(720M) 0.524ms
[2026-05-06T01:32:31.529+0100][22.082s][info][gc,cpu         ] GC(649) User=0.00s Sys=0.00s Real=0.00s
[2026-05-06T01:32:31.529+0100][22.082s][info][gc             ] GC(650) Concurrent Undo Cycle
[2026-05-06T01:32:31.529+0100][22.082s][info][gc,marking     ] GC(650) Concurrent Clear Claimed Marks
[2026-05-06T01:32:31.529+0100][22.082s][info][gc,marking     ] GC(650) Concurrent Clear Claimed Marks 0.008ms
[2026-05-06T01:32:31.529+0100][22.082s][info][gc,marking     ] GC(650) Concurrent Cleanup for Next Mark
[2026-05-06T01:32:31.529+0100][22.082s][info][gc,marking     ] GC(650) Concurrent Cleanup for Next Mark 0.030ms
[2026-05-06T01:32:31.529+0100][22.082s][info][gc             ] GC(650) Concurrent Undo Cycle 0.064ms
[2026-05-06T01:32:31.562+0100][22.116s][info][gc,start       ] GC(651) Pause Young (Concurrent Start) (G1 Humongous Allocation)
[2026-05-06T01:32:31.562+0100][22.116s][info][gc,task        ] GC(651) Using 9 workers of 9 for evacuation
[2026-05-06T01:32:31.563+0100][22.116s][info][gc,phases      ] GC(651)   Pre Evacuate Collection Set: 0.1ms
[2026-05-06T01:32:31.563+0100][22.116s][info][gc,phases      ] GC(651)   Merge Heap Roots: 0.0ms
[2026-05-06T01:32:31.563+0100][22.116s][info][gc,phases      ] GC(651)   Evacuate Collection Set: 0.2ms
[2026-05-06T01:32:31.563+0100][22.116s][info][gc,phases      ] GC(651)   Post Evacuate Collection Set: 0.1ms
[2026-05-06T01:32:31.563+0100][22.116s][info][gc,phases      ] GC(651)   Other: 0.0ms
[2026-05-06T01:32:31.563+0100][22.116s][info][gc,heap        ] GC(651) Eden regions: 6->0(215)
[2026-05-06T01:32:31.563+0100][22.116s][info][gc,heap        ] GC(651) Survivor regions: 1->1(27)
[2026-05-06T01:32:31.563+0100][22.116s][info][gc,heap        ] GC(651) Old regions: 12->12
[2026-05-06T01:32:31.563+0100][22.116s][info][gc,heap        ] GC(651) Humongous regions: 169->96
[2026-05-06T01:32:31.563+0100][22.116s][info][gc,metaspace   ] GC(651) Metaspace: 19190K(19520K)->19190K(19520K) NonClass: 16948K(17152K)->16948K(17152K) Class: 2241K(2368K)->2241K(2368K)
[2026-05-06T01:32:31.563+0100][22.116s][info][gc             ] GC(651) Pause Young (Concurrent Start) (G1 Humongous Allocation) 361M->203M(720M) 0.546ms
[2026-05-06T01:32:31.563+0100][22.116s][info][gc,cpu         ] GC(651) User=0.00s Sys=0.00s Real=0.00s
[2026-05-06T01:32:31.563+0100][22.116s][info][gc             ] GC(652) Concurrent Undo Cycle
[2026-05-06T01:32:31.563+0100][22.116s][info][gc,marking     ] GC(652) Concurrent Clear Claimed Marks
[2026-05-06T01:32:31.563+0100][22.116s][info][gc,marking     ] GC(652) Concurrent Clear Claimed Marks 0.008ms
[2026-05-06T01:32:31.563+0100][22.116s][info][gc,marking     ] GC(652) Concurrent Cleanup for Next Mark
[2026-05-06T01:32:31.563+0100][22.116s][info][gc,marking     ] GC(652) Concurrent Cleanup for Next Mark 0.028ms
[2026-05-06T01:32:31.563+0100][22.116s][info][gc             ] GC(652) Concurrent Undo Cycle 0.064ms
[2026-05-06T01:32:31.595+0100][22.148s][info][gc,start       ] GC(653) Pause Young (Concurrent Start) (G1 Humongous Allocation)
[2026-05-06T01:32:31.595+0100][22.149s][info][gc,task        ] GC(653) Using 9 workers of 9 for evacuation
[2026-05-06T01:32:31.595+0100][22.149s][info][gc,phases      ] GC(653)   Pre Evacuate Collection Set: 0.1ms
[2026-05-06T01:32:31.595+0100][22.149s][info][gc,phases      ] GC(653)   Merge Heap Roots: 0.0ms
[2026-05-06T01:32:31.595+0100][22.149s][info][gc,phases      ] GC(653)   Evacuate Collection Set: 0.1ms
[2026-05-06T01:32:31.595+0100][22.149s][info][gc,phases      ] GC(653)   Post Evacuate Collection Set: 0.1ms
[2026-05-06T01:32:31.595+0100][22.149s][info][gc,phases      ] GC(653)   Other: 0.0ms
[2026-05-06T01:32:31.595+0100][22.149s][info][gc,heap        ] GC(653) Eden regions: 6->0(215)
[2026-05-06T01:32:31.595+0100][22.149s][info][gc,heap        ] GC(653) Survivor regions: 1->1(27)
[2026-05-06T01:32:31.595+0100][22.149s][info][gc,heap        ] GC(653) Old regions: 12->12
[2026-05-06T01:32:31.595+0100][22.149s][info][gc,heap        ] GC(653) Humongous regions: 169->96
[2026-05-06T01:32:31.595+0100][22.149s][info][gc,metaspace   ] GC(653) Metaspace: 19190K(19520K)->19190K(19520K) NonClass: 16948K(17152K)->16948K(17152K) Class: 2241K(2368K)->2241K(2368K)
[2026-05-06T01:32:31.595+0100][22.149s][info][gc             ] GC(653) Pause Young (Concurrent Start) (G1 Humongous Allocation) 361M->203M(720M) 0.506ms
[2026-05-06T01:32:31.595+0100][22.149s][info][gc,cpu         ] GC(653) User=0.00s Sys=0.00s Real=0.00s
[2026-05-06T01:32:31.595+0100][22.149s][info][gc             ] GC(654) Concurrent Undo Cycle
[2026-05-06T01:32:31.595+0100][22.149s][info][gc,marking     ] GC(654) Concurrent Clear Claimed Marks
[2026-05-06T01:32:31.595+0100][22.149s][info][gc,marking     ] GC(654) Concurrent Clear Claimed Marks 0.008ms
[2026-05-06T01:32:31.595+0100][22.149s][info][gc,marking     ] GC(654) Concurrent Cleanup for Next Mark
[2026-05-06T01:32:31.595+0100][22.149s][info][gc,marking     ] GC(654) Concurrent Cleanup for Next Mark 0.036ms
[2026-05-06T01:32:31.595+0100][22.149s][info][gc             ] GC(654) Concurrent Undo Cycle 0.068ms
[2026-05-06T01:32:31.615+0100][22.169s][info][gc,start       ] GC(655) Pause Full (System.gc())
[2026-05-06T01:32:31.615+0100][22.169s][info][gc,task        ] GC(655) Using 9 workers of 9 for full compaction
[2026-05-06T01:32:31.616+0100][22.169s][info][gc,phases,start] GC(655) Phase 1: Mark live objects
[2026-05-06T01:32:31.618+0100][22.172s][info][gc,phases      ] GC(655) Phase 1: Mark live objects 2.387ms
[2026-05-06T01:32:31.620+0100][22.173s][info][gc,phases,start] GC(655) Phase 2: Prepare compaction
[2026-05-06T01:32:31.620+0100][22.174s][info][gc,phases      ] GC(655) Phase 2: Prepare compaction 0.342ms
[2026-05-06T01:32:31.620+0100][22.174s][info][gc,phases,start] GC(655) Phase 3: Adjust pointers
[2026-05-06T01:32:31.622+0100][22.175s][info][gc,phases      ] GC(655) Phase 3: Adjust pointers 1.651ms
[2026-05-06T01:32:31.623+0100][22.177s][info][gc,phases,start] GC(655) Phase 4: Compact heap
[2026-05-06T01:32:31.623+0100][22.177s][info][gc,phases      ] GC(655) Phase 4: Compact heap 0.278ms
[2026-05-06T01:32:31.623+0100][22.177s][info][gc,phases,start] GC(655) Phase 5: Reset Metadata
[2026-05-06T01:32:31.624+0100][22.177s][info][gc,phases      ] GC(655) Phase 5: Reset Metadata 0.330ms
[2026-05-06T01:32:31.625+0100][22.179s][info][gc,heap        ] GC(655) Eden regions: 3->0(216)
[2026-05-06T01:32:31.626+0100][22.180s][info][gc,heap        ] GC(655) Survivor regions: 1->0(27)
[2026-05-06T01:32:31.626+0100][22.180s][info][gc,heap        ] GC(655) Old regions: 12->12
[2026-05-06T01:32:31.626+0100][22.180s][info][gc,heap        ] GC(655) Humongous regions: 169->96
[2026-05-06T01:32:31.626+0100][22.180s][info][gc,metaspace   ] GC(655) Metaspace: 19190K(19520K)->19190K(19520K) NonClass: 16948K(17152K)->16948K(17152K) Class: 2241K(2368K)->2241K(2368K)
[2026-05-06T01:32:31.626+0100][22.180s][info][gc             ] GC(655) Pause Full (System.gc()) 355M->203M(720M) 11.198ms
[2026-05-06T01:32:31.626+0100][22.180s][info][gc,cpu         ] GC(655) User=0.02s Sys=0.01s Real=0.01s
[2026-05-06T01:32:31.638+0100][22.192s][info][gc,start       ] GC(656) Pause Young (Concurrent Start) (G1 Humongous Allocation)
[2026-05-06T01:32:31.638+0100][22.192s][info][gc,task        ] GC(656) Using 9 workers of 9 for evacuation
[2026-05-06T01:32:31.639+0100][22.192s][info][gc,phases      ] GC(656)   Pre Evacuate Collection Set: 0.1ms
[2026-05-06T01:32:31.639+0100][22.192s][info][gc,phases      ] GC(656)   Merge Heap Roots: 0.0ms
[2026-05-06T01:32:31.639+0100][22.192s][info][gc,phases      ] GC(656)   Evacuate Collection Set: 0.2ms
[2026-05-06T01:32:31.639+0100][22.192s][info][gc,phases      ] GC(656)   Post Evacuate Collection Set: 0.1ms
[2026-05-06T01:32:31.639+0100][22.192s][info][gc,phases      ] GC(656)   Other: 0.0ms
[2026-05-06T01:32:31.639+0100][22.192s][info][gc,heap        ] GC(656) Eden regions: 5->0(215)
[2026-05-06T01:32:31.639+0100][22.192s][info][gc,heap        ] GC(656) Survivor regions: 0->1(27)
[2026-05-06T01:32:31.639+0100][22.192s][info][gc,heap        ] GC(656) Old regions: 12->12
[2026-05-06T01:32:31.639+0100][22.192s][info][gc,heap        ] GC(656) Humongous regions: 96->96
[2026-05-06T01:32:31.639+0100][22.192s][info][gc,metaspace   ] GC(656) Metaspace: 19190K(19520K)->19190K(19520K) NonClass: 16948K(17152K)->16948K(17152K) Class: 2241K(2368K)->2241K(2368K)
[2026-05-06T01:32:31.639+0100][22.192s][info][gc             ] GC(656) Pause Young (Concurrent Start) (G1 Humongous Allocation) 213M->203M(720M) 0.489ms
[2026-05-06T01:32:31.639+0100][22.192s][info][gc,cpu         ] GC(656) User=0.00s Sys=0.00s Real=0.00s
[2026-05-06T01:32:31.639+0100][22.192s][info][gc             ] GC(657) Concurrent Undo Cycle
[2026-05-06T01:32:31.639+0100][22.192s][info][gc,marking     ] GC(657) Concurrent Clear Claimed Marks
[2026-05-06T01:32:31.639+0100][22.192s][info][gc,marking     ] GC(657) Concurrent Clear Claimed Marks 0.010ms
[2026-05-06T01:32:31.639+0100][22.192s][info][gc,marking     ] GC(657) Concurrent Cleanup for Next Mark
[2026-05-06T01:32:31.639+0100][22.192s][info][gc,marking     ] GC(657) Concurrent Cleanup for Next Mark 0.033ms
[2026-05-06T01:32:31.639+0100][22.192s][info][gc             ] GC(657) Concurrent Undo Cycle 0.067ms
[2026-05-06T01:32:31.672+0100][22.226s][info][gc,start       ] GC(658) Pause Young (Concurrent Start) (G1 Humongous Allocation)
[2026-05-06T01:32:31.672+0100][22.226s][info][gc,task        ] GC(658) Using 9 workers of 9 for evacuation
[2026-05-06T01:32:31.672+0100][22.226s][info][gc,phases      ] GC(658)   Pre Evacuate Collection Set: 0.1ms
[2026-05-06T01:32:31.672+0100][22.226s][info][gc,phases      ] GC(658)   Merge Heap Roots: 0.0ms
[2026-05-06T01:32:31.672+0100][22.226s][info][gc,phases      ] GC(658)   Evacuate Collection Set: 0.1ms
[2026-05-06T01:32:31.672+0100][22.226s][info][gc,phases      ] GC(658)   Post Evacuate Collection Set: 0.1ms
[2026-05-06T01:32:31.672+0100][22.226s][info][gc,phases      ] GC(658)   Other: 0.0ms
[2026-05-06T01:32:31.672+0100][22.226s][info][gc,heap        ] GC(658) Eden regions: 6->0(215)
[2026-05-06T01:32:31.672+0100][22.226s][info][gc,heap        ] GC(658) Survivor regions: 1->1(27)
[2026-05-06T01:32:31.672+0100][22.226s][info][gc,heap        ] GC(658) Old regions: 12->12
[2026-05-06T01:32:31.672+0100][22.226s][info][gc,heap        ] GC(658) Humongous regions: 169->96
[2026-05-06T01:32:31.672+0100][22.226s][info][gc,metaspace   ] GC(658) Metaspace: 19190K(19520K)->19190K(19520K) NonClass: 16948K(17152K)->16948K(17152K) Class: 2241K(2368K)->2241K(2368K)
[2026-05-06T01:32:31.672+0100][22.226s][info][gc             ] GC(658) Pause Young (Concurrent Start) (G1 Humongous Allocation) 361M->203M(720M) 0.443ms
[2026-05-06T01:32:31.672+0100][22.226s][info][gc,cpu         ] GC(658) User=0.00s Sys=0.00s Real=0.00s
[2026-05-06T01:32:31.672+0100][22.226s][info][gc             ] GC(659) Concurrent Undo Cycle
[2026-05-06T01:32:31.672+0100][22.226s][info][gc,marking     ] GC(659) Concurrent Clear Claimed Marks
[2026-05-06T01:32:31.672+0100][22.226s][info][gc,marking     ] GC(659) Concurrent Clear Claimed Marks 0.006ms
[2026-05-06T01:32:31.672+0100][22.226s][info][gc,marking     ] GC(659) Concurrent Cleanup for Next Mark
[2026-05-06T01:32:31.672+0100][22.226s][info][gc,marking     ] GC(659) Concurrent Cleanup for Next Mark 0.031ms
[2026-05-06T01:32:31.672+0100][22.226s][info][gc             ] GC(659) Concurrent Undo Cycle 0.063ms
[2026-05-06T01:32:31.705+0100][22.259s][info][gc,start       ] GC(660) Pause Young (Concurrent Start) (G1 Humongous Allocation)
[2026-05-06T01:32:31.705+0100][22.259s][info][gc,task        ] GC(660) Using 9 workers of 9 for evacuation
[2026-05-06T01:32:31.705+0100][22.259s][info][gc,phases      ] GC(660)   Pre Evacuate Collection Set: 0.1ms
[2026-05-06T01:32:31.705+0100][22.259s][info][gc,phases      ] GC(660)   Merge Heap Roots: 0.0ms
[2026-05-06T01:32:31.705+0100][22.259s][info][gc,phases      ] GC(660)   Evacuate Collection Set: 0.1ms
[2026-05-06T01:32:31.705+0100][22.259s][info][gc,phases      ] GC(660)   Post Evacuate Collection Set: 0.1ms
[2026-05-06T01:32:31.705+0100][22.259s][info][gc,phases      ] GC(660)   Other: 0.0ms
[2026-05-06T01:32:31.705+0100][22.259s][info][gc,heap        ] GC(660) Eden regions: 6->0(215)
[2026-05-06T01:32:31.705+0100][22.259s][info][gc,heap        ] GC(660) Survivor regions: 1->1(27)
[2026-05-06T01:32:31.705+0100][22.259s][info][gc,heap        ] GC(660) Old regions: 12->12
[2026-05-06T01:32:31.705+0100][22.259s][info][gc,heap        ] GC(660) Humongous regions: 169->96
[2026-05-06T01:32:31.705+0100][22.259s][info][gc,metaspace   ] GC(660) Metaspace: 19190K(19520K)->19190K(19520K) NonClass: 16948K(17152K)->16948K(17152K) Class: 2241K(2368K)->2241K(2368K)
[2026-05-06T01:32:31.705+0100][22.259s][info][gc             ] GC(660) Pause Young (Concurrent Start) (G1 Humongous Allocation) 361M->203M(720M) 0.447ms
[2026-05-06T01:32:31.705+0100][22.259s][info][gc,cpu         ] GC(660) User=0.00s Sys=0.00s Real=0.00s
[2026-05-06T01:32:31.705+0100][22.259s][info][gc             ] GC(661) Concurrent Undo Cycle
[2026-05-06T01:32:31.705+0100][22.259s][info][gc,marking     ] GC(661) Concurrent Clear Claimed Marks
[2026-05-06T01:32:31.705+0100][22.259s][info][gc,marking     ] GC(661) Concurrent Clear Claimed Marks 0.005ms
[2026-05-06T01:32:31.705+0100][22.259s][info][gc,marking     ] GC(661) Concurrent Cleanup for Next Mark
[2026-05-06T01:32:31.705+0100][22.259s][info][gc,marking     ] GC(661) Concurrent Cleanup for Next Mark 0.032ms
[2026-05-06T01:32:31.705+0100][22.259s][info][gc             ] GC(661) Concurrent Undo Cycle 0.061ms
[2026-05-06T01:32:31.737+0100][22.291s][info][gc,start       ] GC(662) Pause Young (Concurrent Start) (G1 Humongous Allocation)
[2026-05-06T01:32:31.737+0100][22.291s][info][gc,task        ] GC(662) Using 9 workers of 9 for evacuation
[2026-05-06T01:32:31.737+0100][22.291s][info][gc,phases      ] GC(662)   Pre Evacuate Collection Set: 0.1ms
[2026-05-06T01:32:31.737+0100][22.291s][info][gc,phases      ] GC(662)   Merge Heap Roots: 0.0ms
[2026-05-06T01:32:31.737+0100][22.291s][info][gc,phases      ] GC(662)   Evacuate Collection Set: 0.1ms
[2026-05-06T01:32:31.737+0100][22.291s][info][gc,phases      ] GC(662)   Post Evacuate Collection Set: 0.1ms
[2026-05-06T01:32:31.737+0100][22.291s][info][gc,phases      ] GC(662)   Other: 0.0ms
[2026-05-06T01:32:31.737+0100][22.291s][info][gc,heap        ] GC(662) Eden regions: 6->0(215)
[2026-05-06T01:32:31.737+0100][22.291s][info][gc,heap        ] GC(662) Survivor regions: 1->1(27)
[2026-05-06T01:32:31.737+0100][22.291s][info][gc,heap        ] GC(662) Old regions: 12->12
[2026-05-06T01:32:31.737+0100][22.291s][info][gc,heap        ] GC(662) Humongous regions: 169->96
[2026-05-06T01:32:31.737+0100][22.291s][info][gc,metaspace   ] GC(662) Metaspace: 19190K(19520K)->19190K(19520K) NonClass: 16948K(17152K)->16948K(17152K) Class: 2241K(2368K)->2241K(2368K)
[2026-05-06T01:32:31.737+0100][22.291s][info][gc             ] GC(662) Pause Young (Concurrent Start) (G1 Humongous Allocation) 361M->203M(720M) 0.421ms
[2026-05-06T01:32:31.737+0100][22.291s][info][gc,cpu         ] GC(662) User=0.00s Sys=0.00s Real=0.00s
[2026-05-06T01:32:31.737+0100][22.291s][info][gc             ] GC(663) Concurrent Undo Cycle
[2026-05-06T01:32:31.737+0100][22.291s][info][gc,marking     ] GC(663) Concurrent Clear Claimed Marks
[2026-05-06T01:32:31.737+0100][22.291s][info][gc,marking     ] GC(663) Concurrent Clear Claimed Marks 0.006ms
[2026-05-06T01:32:31.737+0100][22.291s][info][gc,marking     ] GC(663) Concurrent Cleanup for Next Mark
[2026-05-06T01:32:31.737+0100][22.291s][info][gc,marking     ] GC(663) Concurrent Cleanup for Next Mark 0.026ms
[2026-05-06T01:32:31.737+0100][22.291s][info][gc             ] GC(663) Concurrent Undo Cycle 0.055ms
[2026-05-06T01:32:31.769+0100][22.323s][info][gc,start       ] GC(664) Pause Young (Concurrent Start) (G1 Humongous Allocation)
[2026-05-06T01:32:31.769+0100][22.323s][info][gc,task        ] GC(664) Using 9 workers of 9 for evacuation
[2026-05-06T01:32:31.770+0100][22.323s][info][gc,phases      ] GC(664)   Pre Evacuate Collection Set: 0.1ms
[2026-05-06T01:32:31.770+0100][22.323s][info][gc,phases      ] GC(664)   Merge Heap Roots: 0.0ms
[2026-05-06T01:32:31.770+0100][22.323s][info][gc,phases      ] GC(664)   Evacuate Collection Set: 0.1ms
[2026-05-06T01:32:31.770+0100][22.323s][info][gc,phases      ] GC(664)   Post Evacuate Collection Set: 0.1ms
[2026-05-06T01:32:31.770+0100][22.323s][info][gc,phases      ] GC(664)   Other: 0.0ms
[2026-05-06T01:32:31.770+0100][22.323s][info][gc,heap        ] GC(664) Eden regions: 6->0(215)
[2026-05-06T01:32:31.770+0100][22.323s][info][gc,heap        ] GC(664) Survivor regions: 1->1(27)
[2026-05-06T01:32:31.770+0100][22.323s][info][gc,heap        ] GC(664) Old regions: 12->12
[2026-05-06T01:32:31.770+0100][22.323s][info][gc,heap        ] GC(664) Humongous regions: 169->96
[2026-05-06T01:32:31.770+0100][22.323s][info][gc,metaspace   ] GC(664) Metaspace: 19190K(19520K)->19190K(19520K) NonClass: 16948K(17152K)->16948K(17152K) Class: 2241K(2368K)->2241K(2368K)
[2026-05-06T01:32:31.770+0100][22.323s][info][gc             ] GC(664) Pause Young (Concurrent Start) (G1 Humongous Allocation) 361M->203M(720M) 0.484ms
[2026-05-06T01:32:31.770+0100][22.323s][info][gc,cpu         ] GC(664) User=0.00s Sys=0.00s Real=0.01s
[2026-05-06T01:32:31.770+0100][22.323s][info][gc             ] GC(665) Concurrent Undo Cycle
[2026-05-06T01:32:31.770+0100][22.324s][info][gc,marking     ] GC(665) Concurrent Clear Claimed Marks
[2026-05-06T01:32:31.770+0100][22.324s][info][gc,marking     ] GC(665) Concurrent Clear Claimed Marks 0.007ms
[2026-05-06T01:32:31.770+0100][22.324s][info][gc,marking     ] GC(665) Concurrent Cleanup for Next Mark
[2026-05-06T01:32:31.770+0100][22.324s][info][gc,marking     ] GC(665) Concurrent Cleanup for Next Mark 0.037ms
[2026-05-06T01:32:31.770+0100][22.324s][info][gc             ] GC(665) Concurrent Undo Cycle 0.076ms
[2026-05-06T01:32:31.801+0100][22.355s][info][gc,start       ] GC(666) Pause Young (Concurrent Start) (G1 Humongous Allocation)
[2026-05-06T01:32:31.801+0100][22.355s][info][gc,task        ] GC(666) Using 9 workers of 9 for evacuation
[2026-05-06T01:32:31.802+0100][22.355s][info][gc,phases      ] GC(666)   Pre Evacuate Collection Set: 0.1ms
[2026-05-06T01:32:31.802+0100][22.355s][info][gc,phases      ] GC(666)   Merge Heap Roots: 0.0ms
[2026-05-06T01:32:31.802+0100][22.355s][info][gc,phases      ] GC(666)   Evacuate Collection Set: 0.1ms
[2026-05-06T01:32:31.802+0100][22.355s][info][gc,phases      ] GC(666)   Post Evacuate Collection Set: 0.1ms
[2026-05-06T01:32:31.802+0100][22.355s][info][gc,phases      ] GC(666)   Other: 0.0ms
[2026-05-06T01:32:31.802+0100][22.355s][info][gc,heap        ] GC(666) Eden regions: 6->0(215)
[2026-05-06T01:32:31.802+0100][22.355s][info][gc,heap        ] GC(666) Survivor regions: 1->1(27)
[2026-05-06T01:32:31.802+0100][22.355s][info][gc,heap        ] GC(666) Old regions: 12->12
[2026-05-06T01:32:31.802+0100][22.355s][info][gc,heap        ] GC(666) Humongous regions: 169->96
[2026-05-06T01:32:31.802+0100][22.355s][info][gc,metaspace   ] GC(666) Metaspace: 19190K(19520K)->19190K(19520K) NonClass: 16948K(17152K)->16948K(17152K) Class: 2241K(2368K)->2241K(2368K)
[2026-05-06T01:32:31.802+0100][22.355s][info][gc             ] GC(666) Pause Young (Concurrent Start) (G1 Humongous Allocation) 361M->203M(720M) 0.412ms
[2026-05-06T01:32:31.802+0100][22.355s][info][gc,cpu         ] GC(666) User=0.00s Sys=0.00s Real=0.00s
[2026-05-06T01:32:31.802+0100][22.355s][info][gc             ] GC(667) Concurrent Undo Cycle
[2026-05-06T01:32:31.802+0100][22.355s][info][gc,marking     ] GC(667) Concurrent Clear Claimed Marks
[2026-05-06T01:32:31.802+0100][22.355s][info][gc,marking     ] GC(667) Concurrent Clear Claimed Marks 0.006ms
[2026-05-06T01:32:31.802+0100][22.355s][info][gc,marking     ] GC(667) Concurrent Cleanup for Next Mark
[2026-05-06T01:32:31.802+0100][22.355s][info][gc,marking     ] GC(667) Concurrent Cleanup for Next Mark 0.025ms
[2026-05-06T01:32:31.802+0100][22.355s][info][gc             ] GC(667) Concurrent Undo Cycle 0.051ms
[2026-05-06T01:32:31.833+0100][22.387s][info][gc,start       ] GC(668) Pause Young (Concurrent Start) (G1 Humongous Allocation)
[2026-05-06T01:32:31.833+0100][22.387s][info][gc,task        ] GC(668) Using 9 workers of 9 for evacuation
[2026-05-06T01:32:31.834+0100][22.387s][info][gc,phases      ] GC(668)   Pre Evacuate Collection Set: 0.1ms
[2026-05-06T01:32:31.834+0100][22.387s][info][gc,phases      ] GC(668)   Merge Heap Roots: 0.0ms
[2026-05-06T01:32:31.834+0100][22.387s][info][gc,phases      ] GC(668)   Evacuate Collection Set: 0.1ms
[2026-05-06T01:32:31.834+0100][22.387s][info][gc,phases      ] GC(668)   Post Evacuate Collection Set: 0.1ms
[2026-05-06T01:32:31.834+0100][22.387s][info][gc,phases      ] GC(668)   Other: 0.0ms
[2026-05-06T01:32:31.834+0100][22.387s][info][gc,heap        ] GC(668) Eden regions: 6->0(215)
[2026-05-06T01:32:31.834+0100][22.387s][info][gc,heap        ] GC(668) Survivor regions: 1->1(27)
[2026-05-06T01:32:31.834+0100][22.387s][info][gc,heap        ] GC(668) Old regions: 12->12
[2026-05-06T01:32:31.834+0100][22.387s][info][gc,heap        ] GC(668) Humongous regions: 169->96
[2026-05-06T01:32:31.834+0100][22.387s][info][gc,metaspace   ] GC(668) Metaspace: 19190K(19520K)->19190K(19520K) NonClass: 16948K(17152K)->16948K(17152K) Class: 2241K(2368K)->2241K(2368K)
[2026-05-06T01:32:31.834+0100][22.387s][info][gc             ] GC(668) Pause Young (Concurrent Start) (G1 Humongous Allocation) 361M->203M(720M) 0.479ms
[2026-05-06T01:32:31.834+0100][22.387s][info][gc,cpu         ] GC(668) User=0.00s Sys=0.00s Real=0.00s
[2026-05-06T01:32:31.834+0100][22.387s][info][gc             ] GC(669) Concurrent Undo Cycle
[2026-05-06T01:32:31.834+0100][22.387s][info][gc,marking     ] GC(669) Concurrent Clear Claimed Marks
[2026-05-06T01:32:31.834+0100][22.387s][info][gc,marking     ] GC(669) Concurrent Clear Claimed Marks 0.006ms
[2026-05-06T01:32:31.834+0100][22.387s][info][gc,marking     ] GC(669) Concurrent Cleanup for Next Mark
[2026-05-06T01:32:31.834+0100][22.387s][info][gc,marking     ] GC(669) Concurrent Cleanup for Next Mark 0.024ms
[2026-05-06T01:32:31.834+0100][22.387s][info][gc             ] GC(669) Concurrent Undo Cycle 0.052ms
[2026-05-06T01:32:31.866+0100][22.420s][info][gc,start       ] GC(670) Pause Young (Concurrent Start) (G1 Humongous Allocation)
[2026-05-06T01:32:31.866+0100][22.420s][info][gc,task        ] GC(670) Using 9 workers of 9 for evacuation
[2026-05-06T01:32:31.867+0100][22.420s][info][gc,phases      ] GC(670)   Pre Evacuate Collection Set: 0.1ms
[2026-05-06T01:32:31.867+0100][22.420s][info][gc,phases      ] GC(670)   Merge Heap Roots: 0.0ms
[2026-05-06T01:32:31.867+0100][22.420s][info][gc,phases      ] GC(670)   Evacuate Collection Set: 0.1ms
[2026-05-06T01:32:31.867+0100][22.420s][info][gc,phases      ] GC(670)   Post Evacuate Collection Set: 0.1ms
[2026-05-06T01:32:31.867+0100][22.420s][info][gc,phases      ] GC(670)   Other: 0.0ms
[2026-05-06T01:32:31.867+0100][22.420s][info][gc,heap        ] GC(670) Eden regions: 6->0(215)
[2026-05-06T01:32:31.867+0100][22.420s][info][gc,heap        ] GC(670) Survivor regions: 1->1(27)
[2026-05-06T01:32:31.867+0100][22.420s][info][gc,heap        ] GC(670) Old regions: 12->12
[2026-05-06T01:32:31.867+0100][22.420s][info][gc,heap        ] GC(670) Humongous regions: 169->96
[2026-05-06T01:32:31.867+0100][22.420s][info][gc,metaspace   ] GC(670) Metaspace: 19190K(19520K)->19190K(19520K) NonClass: 16948K(17152K)->16948K(17152K) Class: 2241K(2368K)->2241K(2368K)
[2026-05-06T01:32:31.867+0100][22.420s][info][gc             ] GC(670) Pause Young (Concurrent Start) (G1 Humongous Allocation) 361M->203M(720M) 0.454ms
[2026-05-06T01:32:31.867+0100][22.420s][info][gc,cpu         ] GC(670) User=0.00s Sys=0.00s Real=0.00s
[2026-05-06T01:32:31.867+0100][22.420s][info][gc             ] GC(671) Concurrent Undo Cycle
[2026-05-06T01:32:31.867+0100][22.420s][info][gc,marking     ] GC(671) Concurrent Clear Claimed Marks
[2026-05-06T01:32:31.867+0100][22.420s][info][gc,marking     ] GC(671) Concurrent Clear Claimed Marks 0.007ms
[2026-05-06T01:32:31.867+0100][22.420s][info][gc,marking     ] GC(671) Concurrent Cleanup for Next Mark
[2026-05-06T01:32:31.867+0100][22.420s][info][gc,marking     ] GC(671) Concurrent Cleanup for Next Mark 0.027ms
[2026-05-06T01:32:31.867+0100][22.420s][info][gc             ] GC(671) Concurrent Undo Cycle 0.059ms
[2026-05-06T01:32:31.898+0100][22.452s][info][gc,start       ] GC(672) Pause Young (Concurrent Start) (G1 Humongous Allocation)
[2026-05-06T01:32:31.898+0100][22.452s][info][gc,task        ] GC(672) Using 9 workers of 9 for evacuation
[2026-05-06T01:32:31.899+0100][22.452s][info][gc,phases      ] GC(672)   Pre Evacuate Collection Set: 0.1ms
[2026-05-06T01:32:31.899+0100][22.452s][info][gc,phases      ] GC(672)   Merge Heap Roots: 0.0ms
[2026-05-06T01:32:31.899+0100][22.452s][info][gc,phases      ] GC(672)   Evacuate Collection Set: 0.1ms
[2026-05-06T01:32:31.899+0100][22.452s][info][gc,phases      ] GC(672)   Post Evacuate Collection Set: 0.1ms
[2026-05-06T01:32:31.899+0100][22.452s][info][gc,phases      ] GC(672)   Other: 0.0ms
[2026-05-06T01:32:31.899+0100][22.452s][info][gc,heap        ] GC(672) Eden regions: 6->0(215)
[2026-05-06T01:32:31.899+0100][22.452s][info][gc,heap        ] GC(672) Survivor regions: 1->1(27)
[2026-05-06T01:32:31.899+0100][22.452s][info][gc,heap        ] GC(672) Old regions: 12->12
[2026-05-06T01:32:31.899+0100][22.452s][info][gc,heap        ] GC(672) Humongous regions: 169->96
[2026-05-06T01:32:31.899+0100][22.452s][info][gc,metaspace   ] GC(672) Metaspace: 19190K(19520K)->19190K(19520K) NonClass: 16948K(17152K)->16948K(17152K) Class: 2241K(2368K)->2241K(2368K)
[2026-05-06T01:32:31.899+0100][22.452s][info][gc             ] GC(672) Pause Young (Concurrent Start) (G1 Humongous Allocation) 361M->203M(720M) 0.506ms
[2026-05-06T01:32:31.899+0100][22.452s][info][gc,cpu         ] GC(672) User=0.00s Sys=0.00s Real=0.00s
[2026-05-06T01:32:31.899+0100][22.452s][info][gc             ] GC(673) Concurrent Undo Cycle
[2026-05-06T01:32:31.899+0100][22.452s][info][gc,marking     ] GC(673) Concurrent Clear Claimed Marks
[2026-05-06T01:32:31.899+0100][22.452s][info][gc,marking     ] GC(673) Concurrent Clear Claimed Marks 0.007ms
[2026-05-06T01:32:31.899+0100][22.452s][info][gc,marking     ] GC(673) Concurrent Cleanup for Next Mark
[2026-05-06T01:32:31.899+0100][22.452s][info][gc,marking     ] GC(673) Concurrent Cleanup for Next Mark 0.027ms
[2026-05-06T01:32:31.899+0100][22.452s][info][gc             ] GC(673) Concurrent Undo Cycle 0.060ms
[2026-05-06T01:32:31.930+0100][22.484s][info][gc,start       ] GC(674) Pause Young (Concurrent Start) (G1 Humongous Allocation)
[2026-05-06T01:32:31.930+0100][22.484s][info][gc,task        ] GC(674) Using 9 workers of 9 for evacuation
[2026-05-06T01:32:31.931+0100][22.484s][info][gc,phases      ] GC(674)   Pre Evacuate Collection Set: 0.1ms
[2026-05-06T01:32:31.931+0100][22.484s][info][gc,phases      ] GC(674)   Merge Heap Roots: 0.0ms
[2026-05-06T01:32:31.931+0100][22.484s][info][gc,phases      ] GC(674)   Evacuate Collection Set: 0.1ms
[2026-05-06T01:32:31.931+0100][22.484s][info][gc,phases      ] GC(674)   Post Evacuate Collection Set: 0.1ms
[2026-05-06T01:32:31.931+0100][22.484s][info][gc,phases      ] GC(674)   Other: 0.0ms
[2026-05-06T01:32:31.931+0100][22.484s][info][gc,heap        ] GC(674) Eden regions: 6->0(215)
[2026-05-06T01:32:31.931+0100][22.484s][info][gc,heap        ] GC(674) Survivor regions: 1->1(27)
[2026-05-06T01:32:31.931+0100][22.485s][info][gc,heap        ] GC(674) Old regions: 12->12
[2026-05-06T01:32:31.931+0100][22.485s][info][gc,heap        ] GC(674) Humongous regions: 169->96
[2026-05-06T01:32:31.931+0100][22.485s][info][gc,metaspace   ] GC(674) Metaspace: 19190K(19520K)->19190K(19520K) NonClass: 16948K(17152K)->16948K(17152K) Class: 2241K(2368K)->2241K(2368K)
[2026-05-06T01:32:31.931+0100][22.485s][info][gc             ] GC(674) Pause Young (Concurrent Start) (G1 Humongous Allocation) 361M->203M(720M) 0.517ms
[2026-05-06T01:32:31.931+0100][22.485s][info][gc,cpu         ] GC(674) User=0.00s Sys=0.00s Real=0.00s
[2026-05-06T01:32:31.931+0100][22.485s][info][gc             ] GC(675) Concurrent Undo Cycle
[2026-05-06T01:32:31.931+0100][22.485s][info][gc,marking     ] GC(675) Concurrent Clear Claimed Marks
[2026-05-06T01:32:31.931+0100][22.485s][info][gc,marking     ] GC(675) Concurrent Clear Claimed Marks 0.006ms
[2026-05-06T01:32:31.931+0100][22.485s][info][gc,marking     ] GC(675) Concurrent Cleanup for Next Mark
[2026-05-06T01:32:31.931+0100][22.485s][info][gc,marking     ] GC(675) Concurrent Cleanup for Next Mark 0.030ms
[2026-05-06T01:32:31.931+0100][22.485s][info][gc             ] GC(675) Concurrent Undo Cycle 0.063ms
[2026-05-06T01:32:31.961+0100][22.515s][info][gc,start       ] GC(676) Pause Young (Concurrent Start) (G1 Humongous Allocation)
[2026-05-06T01:32:31.961+0100][22.515s][info][gc,task        ] GC(676) Using 9 workers of 9 for evacuation
[2026-05-06T01:32:31.962+0100][22.516s][info][gc,phases      ] GC(676)   Pre Evacuate Collection Set: 0.1ms
[2026-05-06T01:32:31.962+0100][22.516s][info][gc,phases      ] GC(676)   Merge Heap Roots: 0.0ms
[2026-05-06T01:32:31.962+0100][22.516s][info][gc,phases      ] GC(676)   Evacuate Collection Set: 0.2ms
[2026-05-06T01:32:31.962+0100][22.516s][info][gc,phases      ] GC(676)   Post Evacuate Collection Set: 0.2ms
[2026-05-06T01:32:31.962+0100][22.516s][info][gc,phases      ] GC(676)   Other: 0.1ms
[2026-05-06T01:32:31.962+0100][22.516s][info][gc,heap        ] GC(676) Eden regions: 3->0(215)
[2026-05-06T01:32:31.962+0100][22.516s][info][gc,heap        ] GC(676) Survivor regions: 1->1(27)
[2026-05-06T01:32:31.962+0100][22.516s][info][gc,heap        ] GC(676) Old regions: 12->12
[2026-05-06T01:32:31.962+0100][22.516s][info][gc,heap        ] GC(676) Humongous regions: 169->96
[2026-05-06T01:32:31.962+0100][22.516s][info][gc,metaspace   ] GC(676) Metaspace: 19190K(19520K)->19190K(19520K) NonClass: 16948K(17152K)->16948K(17152K) Class: 2241K(2368K)->2241K(2368K)
[2026-05-06T01:32:31.962+0100][22.516s][info][gc             ] GC(676) Pause Young (Concurrent Start) (G1 Humongous Allocation) 355M->203M(720M) 0.778ms
[2026-05-06T01:32:31.962+0100][22.516s][info][gc,cpu         ] GC(676) User=0.00s Sys=0.00s Real=0.00s
[2026-05-06T01:32:31.962+0100][22.516s][info][gc             ] GC(677) Concurrent Undo Cycle
[2026-05-06T01:32:31.962+0100][22.516s][info][gc,marking     ] GC(677) Concurrent Clear Claimed Marks
[2026-05-06T01:32:31.962+0100][22.516s][info][gc,marking     ] GC(677) Concurrent Clear Claimed Marks 0.007ms
[2026-05-06T01:32:31.962+0100][22.516s][info][gc,marking     ] GC(677) Concurrent Cleanup for Next Mark
[2026-05-06T01:32:31.962+0100][22.516s][info][gc,marking     ] GC(677) Concurrent Cleanup for Next Mark 0.069ms
[2026-05-06T01:32:31.962+0100][22.516s][info][gc             ] GC(677) Concurrent Undo Cycle 0.112ms
[2026-05-06T01:32:31.991+0100][22.545s][info][gc,start       ] GC(678) Pause Young (Concurrent Start) (G1 Humongous Allocation)
[2026-05-06T01:32:31.991+0100][22.545s][info][gc,task        ] GC(678) Using 9 workers of 9 for evacuation
[2026-05-06T01:32:31.991+0100][22.545s][info][gc,phases      ] GC(678)   Pre Evacuate Collection Set: 0.1ms
[2026-05-06T01:32:31.991+0100][22.545s][info][gc,phases      ] GC(678)   Merge Heap Roots: 0.0ms
[2026-05-06T01:32:31.991+0100][22.545s][info][gc,phases      ] GC(678)   Evacuate Collection Set: 0.2ms
[2026-05-06T01:32:31.991+0100][22.545s][info][gc,phases      ] GC(678)   Post Evacuate Collection Set: 0.1ms
[2026-05-06T01:32:31.991+0100][22.545s][info][gc,phases      ] GC(678)   Other: 0.0ms
[2026-05-06T01:32:31.991+0100][22.545s][info][gc,heap        ] GC(678) Eden regions: 1->0(215)
[2026-05-06T01:32:31.991+0100][22.545s][info][gc,heap        ] GC(678) Survivor regions: 1->1(27)
[2026-05-06T01:32:31.991+0100][22.545s][info][gc,heap        ] GC(678) Old regions: 12->12
[2026-05-06T01:32:31.991+0100][22.545s][info][gc,heap        ] GC(678) Humongous regions: 169->96
[2026-05-06T01:32:31.991+0100][22.545s][info][gc,metaspace   ] GC(678) Metaspace: 19190K(19520K)->19190K(19520K) NonClass: 16948K(17152K)->16948K(17152K) Class: 2241K(2368K)->2241K(2368K)
[2026-05-06T01:32:31.991+0100][22.545s][info][gc             ] GC(678) Pause Young (Concurrent Start) (G1 Humongous Allocation) 350M->203M(720M) 0.518ms
[2026-05-06T01:32:31.991+0100][22.545s][info][gc,cpu         ] GC(678) User=0.00s Sys=0.00s Real=0.00s
[2026-05-06T01:32:31.991+0100][22.545s][info][gc             ] GC(679) Concurrent Undo Cycle
[2026-05-06T01:32:31.991+0100][22.545s][info][gc,marking     ] GC(679) Concurrent Clear Claimed Marks
[2026-05-06T01:32:31.991+0100][22.545s][info][gc,marking     ] GC(679) Concurrent Clear Claimed Marks 0.006ms
[2026-05-06T01:32:31.991+0100][22.545s][info][gc,marking     ] GC(679) Concurrent Cleanup for Next Mark
[2026-05-06T01:32:31.991+0100][22.545s][info][gc,marking     ] GC(679) Concurrent Cleanup for Next Mark 0.030ms
[2026-05-06T01:32:31.991+0100][22.545s][info][gc             ] GC(679) Concurrent Undo Cycle 0.061ms
[2026-05-06T01:32:32.020+0100][22.573s][info][gc,start       ] GC(680) Pause Young (Concurrent Start) (G1 Humongous Allocation)
[2026-05-06T01:32:32.020+0100][22.574s][info][gc,task        ] GC(680) Using 9 workers of 9 for evacuation
[2026-05-06T01:32:32.020+0100][22.574s][info][gc,phases      ] GC(680)   Pre Evacuate Collection Set: 0.1ms
[2026-05-06T01:32:32.020+0100][22.574s][info][gc,phases      ] GC(680)   Merge Heap Roots: 0.0ms
[2026-05-06T01:32:32.020+0100][22.574s][info][gc,phases      ] GC(680)   Evacuate Collection Set: 0.1ms
[2026-05-06T01:32:32.020+0100][22.574s][info][gc,phases      ] GC(680)   Post Evacuate Collection Set: 0.1ms
[2026-05-06T01:32:32.020+0100][22.574s][info][gc,phases      ] GC(680)   Other: 0.0ms
[2026-05-06T01:32:32.020+0100][22.574s][info][gc,heap        ] GC(680) Eden regions: 1->0(215)
[2026-05-06T01:32:32.020+0100][22.574s][info][gc,heap        ] GC(680) Survivor regions: 1->1(27)
[2026-05-06T01:32:32.020+0100][22.574s][info][gc,heap        ] GC(680) Old regions: 12->12
[2026-05-06T01:32:32.020+0100][22.574s][info][gc,heap        ] GC(680) Humongous regions: 169->96
[2026-05-06T01:32:32.020+0100][22.574s][info][gc,metaspace   ] GC(680) Metaspace: 19190K(19520K)->19190K(19520K) NonClass: 16948K(17152K)->16948K(17152K) Class: 2241K(2368K)->2241K(2368K)
[2026-05-06T01:32:32.020+0100][22.574s][info][gc             ] GC(680) Pause Young (Concurrent Start) (G1 Humongous Allocation) 350M->203M(720M) 0.474ms
[2026-05-06T01:32:32.020+0100][22.574s][info][gc,cpu         ] GC(680) User=0.00s Sys=0.00s Real=0.00s
[2026-05-06T01:32:32.020+0100][22.574s][info][gc             ] GC(681) Concurrent Undo Cycle
[2026-05-06T01:32:32.020+0100][22.574s][info][gc,marking     ] GC(681) Concurrent Clear Claimed Marks
[2026-05-06T01:32:32.020+0100][22.574s][info][gc,marking     ] GC(681) Concurrent Clear Claimed Marks 0.006ms
[2026-05-06T01:32:32.020+0100][22.574s][info][gc,marking     ] GC(681) Concurrent Cleanup for Next Mark
[2026-05-06T01:32:32.020+0100][22.574s][info][gc,marking     ] GC(681) Concurrent Cleanup for Next Mark 0.030ms
[2026-05-06T01:32:32.020+0100][22.574s][info][gc             ] GC(681) Concurrent Undo Cycle 0.064ms
[2026-05-06T01:32:32.038+0100][22.592s][info][gc,start       ] GC(682) Pause Full (System.gc())
[2026-05-06T01:32:32.038+0100][22.592s][info][gc,task        ] GC(682) Using 9 workers of 9 for full compaction
[2026-05-06T01:32:32.038+0100][22.592s][info][gc,phases,start] GC(682) Phase 1: Mark live objects
[2026-05-06T01:32:32.040+0100][22.594s][info][gc,phases      ] GC(682) Phase 1: Mark live objects 2.317ms
[2026-05-06T01:32:32.040+0100][22.594s][info][gc,phases,start] GC(682) Phase 2: Prepare compaction
[2026-05-06T01:32:32.041+0100][22.594s][info][gc,phases      ] GC(682) Phase 2: Prepare compaction 0.304ms
[2026-05-06T01:32:32.041+0100][22.594s][info][gc,phases,start] GC(682) Phase 3: Adjust pointers
[2026-05-06T01:32:32.042+0100][22.596s][info][gc,phases      ] GC(682) Phase 3: Adjust pointers 1.859ms
[2026-05-06T01:32:32.042+0100][22.596s][info][gc,phases,start] GC(682) Phase 4: Compact heap
[2026-05-06T01:32:32.043+0100][22.596s][info][gc,phases      ] GC(682) Phase 4: Compact heap 0.251ms
[2026-05-06T01:32:32.043+0100][22.596s][info][gc,phases,start] GC(682) Phase 5: Reset Metadata
[2026-05-06T01:32:32.043+0100][22.597s][info][gc,phases      ] GC(682) Phase 5: Reset Metadata 0.321ms
[2026-05-06T01:32:32.043+0100][22.597s][info][gc,heap        ] GC(682) Eden regions: 1->0(216)
[2026-05-06T01:32:32.043+0100][22.597s][info][gc,heap        ] GC(682) Survivor regions: 1->0(27)
[2026-05-06T01:32:32.043+0100][22.597s][info][gc,heap        ] GC(682) Old regions: 12->12
[2026-05-06T01:32:32.043+0100][22.597s][info][gc,heap        ] GC(682) Humongous regions: 169->96
[2026-05-06T01:32:32.043+0100][22.597s][info][gc,metaspace   ] GC(682) Metaspace: 19190K(19520K)->19190K(19520K) NonClass: 16948K(17152K)->16948K(17152K) Class: 2241K(2368K)->2241K(2368K)
[2026-05-06T01:32:32.044+0100][22.597s][info][gc             ] GC(682) Pause Full (System.gc()) 350M->203M(720M) 5.667ms
[2026-05-06T01:32:32.044+0100][22.597s][info][gc,cpu         ] GC(682) User=0.02s Sys=0.00s Real=0.01s
[2026-05-06T01:32:32.054+0100][22.607s][info][gc,start       ] GC(683) Pause Young (Concurrent Start) (G1 Humongous Allocation)
[2026-05-06T01:32:32.054+0100][22.607s][info][gc,task        ] GC(683) Using 9 workers of 9 for evacuation
[2026-05-06T01:32:32.054+0100][22.608s][info][gc,phases      ] GC(683)   Pre Evacuate Collection Set: 0.1ms
[2026-05-06T01:32:32.054+0100][22.608s][info][gc,phases      ] GC(683)   Merge Heap Roots: 0.0ms
[2026-05-06T01:32:32.054+0100][22.608s][info][gc,phases      ] GC(683)   Evacuate Collection Set: 0.1ms
[2026-05-06T01:32:32.054+0100][22.608s][info][gc,phases      ] GC(683)   Post Evacuate Collection Set: 0.1ms
[2026-05-06T01:32:32.054+0100][22.608s][info][gc,phases      ] GC(683)   Other: 0.0ms
[2026-05-06T01:32:32.054+0100][22.608s][info][gc,heap        ] GC(683) Eden regions: 1->0(215)
[2026-05-06T01:32:32.054+0100][22.608s][info][gc,heap        ] GC(683) Survivor regions: 0->1(27)
[2026-05-06T01:32:32.054+0100][22.608s][info][gc,heap        ] GC(683) Old regions: 12->12
[2026-05-06T01:32:32.054+0100][22.608s][info][gc,heap        ] GC(683) Humongous regions: 96->96
[2026-05-06T01:32:32.054+0100][22.608s][info][gc,metaspace   ] GC(683) Metaspace: 19190K(19520K)->19190K(19520K) NonClass: 16948K(17152K)->16948K(17152K) Class: 2241K(2368K)->2241K(2368K)
[2026-05-06T01:32:32.054+0100][22.608s][info][gc             ] GC(683) Pause Young (Concurrent Start) (G1 Humongous Allocation) 204M->203M(720M) 0.436ms
[2026-05-06T01:32:32.054+0100][22.608s][info][gc,cpu         ] GC(683) User=0.00s Sys=0.00s Real=0.00s
[2026-05-06T01:32:32.054+0100][22.608s][info][gc             ] GC(684) Concurrent Undo Cycle
[2026-05-06T01:32:32.054+0100][22.608s][info][gc,marking     ] GC(684) Concurrent Clear Claimed Marks
[2026-05-06T01:32:32.054+0100][22.608s][info][gc,marking     ] GC(684) Concurrent Clear Claimed Marks 0.006ms
[2026-05-06T01:32:32.054+0100][22.608s][info][gc,marking     ] GC(684) Concurrent Cleanup for Next Mark
[2026-05-06T01:32:32.054+0100][22.608s][info][gc,marking     ] GC(684) Concurrent Cleanup for Next Mark 0.035ms
[2026-05-06T01:32:32.054+0100][22.608s][info][gc             ] GC(684) Concurrent Undo Cycle 0.065ms
[2026-05-06T01:32:32.083+0100][22.636s][info][gc,start       ] GC(685) Pause Young (Concurrent Start) (G1 Humongous Allocation)
[2026-05-06T01:32:32.083+0100][22.636s][info][gc,task        ] GC(685) Using 9 workers of 9 for evacuation
[2026-05-06T01:32:32.083+0100][22.637s][info][gc,phases      ] GC(685)   Pre Evacuate Collection Set: 0.1ms
[2026-05-06T01:32:32.083+0100][22.637s][info][gc,phases      ] GC(685)   Merge Heap Roots: 0.0ms
[2026-05-06T01:32:32.083+0100][22.637s][info][gc,phases      ] GC(685)   Evacuate Collection Set: 0.1ms
[2026-05-06T01:32:32.083+0100][22.637s][info][gc,phases      ] GC(685)   Post Evacuate Collection Set: 0.1ms
[2026-05-06T01:32:32.083+0100][22.637s][info][gc,phases      ] GC(685)   Other: 0.0ms
[2026-05-06T01:32:32.083+0100][22.637s][info][gc,heap        ] GC(685) Eden regions: 1->0(215)
[2026-05-06T01:32:32.083+0100][22.637s][info][gc,heap        ] GC(685) Survivor regions: 1->1(27)
[2026-05-06T01:32:32.083+0100][22.637s][info][gc,heap        ] GC(685) Old regions: 12->12
[2026-05-06T01:32:32.083+0100][22.637s][info][gc,heap        ] GC(685) Humongous regions: 169->96
[2026-05-06T01:32:32.083+0100][22.637s][info][gc,metaspace   ] GC(685) Metaspace: 19190K(19520K)->19190K(19520K) NonClass: 16948K(17152K)->16948K(17152K) Class: 2241K(2368K)->2241K(2368K)
[2026-05-06T01:32:32.083+0100][22.637s][info][gc             ] GC(685) Pause Young (Concurrent Start) (G1 Humongous Allocation) 350M->203M(720M) 0.465ms
[2026-05-06T01:32:32.083+0100][22.637s][info][gc,cpu         ] GC(685) User=0.00s Sys=0.00s Real=0.00s
[2026-05-06T01:32:32.083+0100][22.637s][info][gc             ] GC(686) Concurrent Undo Cycle
[2026-05-06T01:32:32.083+0100][22.637s][info][gc,marking     ] GC(686) Concurrent Clear Claimed Marks
[2026-05-06T01:32:32.083+0100][22.637s][info][gc,marking     ] GC(686) Concurrent Clear Claimed Marks 0.006ms
[2026-05-06T01:32:32.083+0100][22.637s][info][gc,marking     ] GC(686) Concurrent Cleanup for Next Mark
[2026-05-06T01:32:32.083+0100][22.637s][info][gc,marking     ] GC(686) Concurrent Cleanup for Next Mark 0.026ms
[2026-05-06T01:32:32.083+0100][22.637s][info][gc             ] GC(686) Concurrent Undo Cycle 0.055ms
[2026-05-06T01:32:32.112+0100][22.666s][info][gc,start       ] GC(687) Pause Young (Concurrent Start) (G1 Humongous Allocation)
[2026-05-06T01:32:32.112+0100][22.666s][info][gc,task        ] GC(687) Using 9 workers of 9 for evacuation
[2026-05-06T01:32:32.112+0100][22.666s][info][gc,phases      ] GC(687)   Pre Evacuate Collection Set: 0.1ms
[2026-05-06T01:32:32.112+0100][22.666s][info][gc,phases      ] GC(687)   Merge Heap Roots: 0.0ms
[2026-05-06T01:32:32.112+0100][22.666s][info][gc,phases      ] GC(687)   Evacuate Collection Set: 0.1ms
[2026-05-06T01:32:32.112+0100][22.666s][info][gc,phases      ] GC(687)   Post Evacuate Collection Set: 0.1ms
[2026-05-06T01:32:32.112+0100][22.666s][info][gc,phases      ] GC(687)   Other: 0.0ms
[2026-05-06T01:32:32.112+0100][22.666s][info][gc,heap        ] GC(687) Eden regions: 1->0(215)
[2026-05-06T01:32:32.112+0100][22.666s][info][gc,heap        ] GC(687) Survivor regions: 1->1(27)
[2026-05-06T01:32:32.112+0100][22.666s][info][gc,heap        ] GC(687) Old regions: 12->12
[2026-05-06T01:32:32.112+0100][22.666s][info][gc,heap        ] GC(687) Humongous regions: 169->96
[2026-05-06T01:32:32.112+0100][22.666s][info][gc,metaspace   ] GC(687) Metaspace: 19190K(19520K)->19190K(19520K) NonClass: 16948K(17152K)->16948K(17152K) Class: 2241K(2368K)->2241K(2368K)
[2026-05-06T01:32:32.112+0100][22.666s][info][gc             ] GC(687) Pause Young (Concurrent Start) (G1 Humongous Allocation) 350M->203M(720M) 0.433ms
[2026-05-06T01:32:32.112+0100][22.666s][info][gc,cpu         ] GC(687) User=0.00s Sys=0.00s Real=0.00s
[2026-05-06T01:32:32.112+0100][22.666s][info][gc             ] GC(688) Concurrent Undo Cycle
[2026-05-06T01:32:32.112+0100][22.666s][info][gc,marking     ] GC(688) Concurrent Clear Claimed Marks
[2026-05-06T01:32:32.112+0100][22.666s][info][gc,marking     ] GC(688) Concurrent Clear Claimed Marks 0.007ms
[2026-05-06T01:32:32.112+0100][22.666s][info][gc,marking     ] GC(688) Concurrent Cleanup for Next Mark
[2026-05-06T01:32:32.112+0100][22.666s][info][gc,marking     ] GC(688) Concurrent Cleanup for Next Mark 0.037ms
[2026-05-06T01:32:32.112+0100][22.666s][info][gc             ] GC(688) Concurrent Undo Cycle 0.066ms
[2026-05-06T01:32:32.141+0100][22.695s][info][gc,start       ] GC(689) Pause Young (Concurrent Start) (G1 Humongous Allocation)
[2026-05-06T01:32:32.141+0100][22.695s][info][gc,task        ] GC(689) Using 9 workers of 9 for evacuation
[2026-05-06T01:32:32.141+0100][22.695s][info][gc,phases      ] GC(689)   Pre Evacuate Collection Set: 0.1ms
[2026-05-06T01:32:32.141+0100][22.695s][info][gc,phases      ] GC(689)   Merge Heap Roots: 0.0ms
[2026-05-06T01:32:32.141+0100][22.695s][info][gc,phases      ] GC(689)   Evacuate Collection Set: 0.1ms
[2026-05-06T01:32:32.141+0100][22.695s][info][gc,phases      ] GC(689)   Post Evacuate Collection Set: 0.1ms
[2026-05-06T01:32:32.141+0100][22.695s][info][gc,phases      ] GC(689)   Other: 0.0ms
[2026-05-06T01:32:32.141+0100][22.695s][info][gc,heap        ] GC(689) Eden regions: 1->0(215)
[2026-05-06T01:32:32.141+0100][22.695s][info][gc,heap        ] GC(689) Survivor regions: 1->1(27)
[2026-05-06T01:32:32.142+0100][22.695s][info][gc,heap        ] GC(689) Old regions: 12->12
[2026-05-06T01:32:32.142+0100][22.695s][info][gc,heap        ] GC(689) Humongous regions: 169->96
[2026-05-06T01:32:32.142+0100][22.695s][info][gc,metaspace   ] GC(689) Metaspace: 19190K(19520K)->19190K(19520K) NonClass: 16948K(17152K)->16948K(17152K) Class: 2241K(2368K)->2241K(2368K)
[2026-05-06T01:32:32.142+0100][22.695s][info][gc             ] GC(689) Pause Young (Concurrent Start) (G1 Humongous Allocation) 350M->203M(720M) 0.469ms
[2026-05-06T01:32:32.142+0100][22.695s][info][gc,cpu         ] GC(689) User=0.00s Sys=0.00s Real=0.00s
[2026-05-06T01:32:32.142+0100][22.695s][info][gc             ] GC(690) Concurrent Undo Cycle
[2026-05-06T01:32:32.142+0100][22.695s][info][gc,marking     ] GC(690) Concurrent Clear Claimed Marks
[2026-05-06T01:32:32.142+0100][22.695s][info][gc,marking     ] GC(690) Concurrent Clear Claimed Marks 0.006ms
[2026-05-06T01:32:32.142+0100][22.695s][info][gc,marking     ] GC(690) Concurrent Cleanup for Next Mark
[2026-05-06T01:32:32.142+0100][22.695s][info][gc,marking     ] GC(690) Concurrent Cleanup for Next Mark 0.041ms
[2026-05-06T01:32:32.142+0100][22.695s][info][gc             ] GC(690) Concurrent Undo Cycle 0.071ms
[2026-05-06T01:32:32.170+0100][22.724s][info][gc,start       ] GC(691) Pause Young (Concurrent Start) (G1 Humongous Allocation)
[2026-05-06T01:32:32.170+0100][22.724s][info][gc,task        ] GC(691) Using 9 workers of 9 for evacuation
[2026-05-06T01:32:32.170+0100][22.724s][info][gc,phases      ] GC(691)   Pre Evacuate Collection Set: 0.1ms
[2026-05-06T01:32:32.170+0100][22.724s][info][gc,phases      ] GC(691)   Merge Heap Roots: 0.0ms
[2026-05-06T01:32:32.170+0100][22.724s][info][gc,phases      ] GC(691)   Evacuate Collection Set: 0.1ms
[2026-05-06T01:32:32.170+0100][22.724s][info][gc,phases      ] GC(691)   Post Evacuate Collection Set: 0.1ms
[2026-05-06T01:32:32.170+0100][22.724s][info][gc,phases      ] GC(691)   Other: 0.0ms
[2026-05-06T01:32:32.170+0100][22.724s][info][gc,heap        ] GC(691) Eden regions: 1->0(215)
[2026-05-06T01:32:32.170+0100][22.724s][info][gc,heap        ] GC(691) Survivor regions: 1->1(27)
[2026-05-06T01:32:32.170+0100][22.724s][info][gc,heap        ] GC(691) Old regions: 12->12
[2026-05-06T01:32:32.170+0100][22.724s][info][gc,heap        ] GC(691) Humongous regions: 169->96
[2026-05-06T01:32:32.170+0100][22.724s][info][gc,metaspace   ] GC(691) Metaspace: 19190K(19520K)->19190K(19520K) NonClass: 16948K(17152K)->16948K(17152K) Class: 2241K(2368K)->2241K(2368K)
[2026-05-06T01:32:32.170+0100][22.724s][info][gc             ] GC(691) Pause Young (Concurrent Start) (G1 Humongous Allocation) 350M->203M(720M) 0.465ms
[2026-05-06T01:32:32.170+0100][22.724s][info][gc,cpu         ] GC(691) User=0.00s Sys=0.00s Real=0.00s
[2026-05-06T01:32:32.170+0100][22.724s][info][gc             ] GC(692) Concurrent Undo Cycle
[2026-05-06T01:32:32.170+0100][22.724s][info][gc,marking     ] GC(692) Concurrent Clear Claimed Marks
[2026-05-06T01:32:32.170+0100][22.724s][info][gc,marking     ] GC(692) Concurrent Clear Claimed Marks 0.006ms
[2026-05-06T01:32:32.170+0100][22.724s][info][gc,marking     ] GC(692) Concurrent Cleanup for Next Mark
[2026-05-06T01:32:32.170+0100][22.724s][info][gc,marking     ] GC(692) Concurrent Cleanup for Next Mark 0.032ms
[2026-05-06T01:32:32.170+0100][22.724s][info][gc             ] GC(692) Concurrent Undo Cycle 0.061ms
[2026-05-06T01:32:32.198+0100][22.752s][info][gc,start       ] GC(693) Pause Young (Concurrent Start) (G1 Humongous Allocation)
[2026-05-06T01:32:32.198+0100][22.752s][info][gc,task        ] GC(693) Using 9 workers of 9 for evacuation
[2026-05-06T01:32:32.199+0100][22.753s][info][gc,phases      ] GC(693)   Pre Evacuate Collection Set: 0.1ms
[2026-05-06T01:32:32.199+0100][22.753s][info][gc,phases      ] GC(693)   Merge Heap Roots: 0.0ms
[2026-05-06T01:32:32.199+0100][22.753s][info][gc,phases      ] GC(693)   Evacuate Collection Set: 0.1ms
[2026-05-06T01:32:32.199+0100][22.753s][info][gc,phases      ] GC(693)   Post Evacuate Collection Set: 0.1ms
[2026-05-06T01:32:32.199+0100][22.753s][info][gc,phases      ] GC(693)   Other: 0.0ms
[2026-05-06T01:32:32.199+0100][22.753s][info][gc,heap        ] GC(693) Eden regions: 1->0(215)
[2026-05-06T01:32:32.199+0100][22.753s][info][gc,heap        ] GC(693) Survivor regions: 1->1(27)
[2026-05-06T01:32:32.199+0100][22.753s][info][gc,heap        ] GC(693) Old regions: 12->12
[2026-05-06T01:32:32.199+0100][22.753s][info][gc,heap        ] GC(693) Humongous regions: 169->96
[2026-05-06T01:32:32.199+0100][22.753s][info][gc,metaspace   ] GC(693) Metaspace: 19190K(19520K)->19190K(19520K) NonClass: 16948K(17152K)->16948K(17152K) Class: 2241K(2368K)->2241K(2368K)
[2026-05-06T01:32:32.199+0100][22.753s][info][gc             ] GC(693) Pause Young (Concurrent Start) (G1 Humongous Allocation) 350M->203M(720M) 0.456ms
[2026-05-06T01:32:32.199+0100][22.753s][info][gc,cpu         ] GC(693) User=0.00s Sys=0.00s Real=0.00s
[2026-05-06T01:32:32.199+0100][22.753s][info][gc             ] GC(694) Concurrent Undo Cycle
[2026-05-06T01:32:32.199+0100][22.753s][info][gc,marking     ] GC(694) Concurrent Clear Claimed Marks
[2026-05-06T01:32:32.199+0100][22.753s][info][gc,marking     ] GC(694) Concurrent Clear Claimed Marks 0.007ms
[2026-05-06T01:32:32.199+0100][22.753s][info][gc,marking     ] GC(694) Concurrent Cleanup for Next Mark
[2026-05-06T01:32:32.199+0100][22.753s][info][gc,marking     ] GC(694) Concurrent Cleanup for Next Mark 0.038ms
[2026-05-06T01:32:32.199+0100][22.753s][info][gc             ] GC(694) Concurrent Undo Cycle 0.068ms
[2026-05-06T01:32:32.228+0100][22.782s][info][gc,start       ] GC(695) Pause Young (Concurrent Start) (G1 Humongous Allocation)
[2026-05-06T01:32:32.228+0100][22.782s][info][gc,task        ] GC(695) Using 9 workers of 9 for evacuation
[2026-05-06T01:32:32.229+0100][22.782s][info][gc,phases      ] GC(695)   Pre Evacuate Collection Set: 0.1ms
[2026-05-06T01:32:32.229+0100][22.782s][info][gc,phases      ] GC(695)   Merge Heap Roots: 0.0ms
[2026-05-06T01:32:32.229+0100][22.782s][info][gc,phases      ] GC(695)   Evacuate Collection Set: 0.1ms
[2026-05-06T01:32:32.229+0100][22.782s][info][gc,phases      ] GC(695)   Post Evacuate Collection Set: 0.1ms
[2026-05-06T01:32:32.229+0100][22.782s][info][gc,phases      ] GC(695)   Other: 0.0ms
[2026-05-06T01:32:32.229+0100][22.782s][info][gc,heap        ] GC(695) Eden regions: 1->0(215)
[2026-05-06T01:32:32.229+0100][22.782s][info][gc,heap        ] GC(695) Survivor regions: 1->1(27)
[2026-05-06T01:32:32.229+0100][22.782s][info][gc,heap        ] GC(695) Old regions: 12->12
[2026-05-06T01:32:32.229+0100][22.782s][info][gc,heap        ] GC(695) Humongous regions: 169->96
[2026-05-06T01:32:32.229+0100][22.782s][info][gc,metaspace   ] GC(695) Metaspace: 19190K(19520K)->19190K(19520K) NonClass: 16948K(17152K)->16948K(17152K) Class: 2241K(2368K)->2241K(2368K)
[2026-05-06T01:32:32.229+0100][22.782s][info][gc             ] GC(695) Pause Young (Concurrent Start) (G1 Humongous Allocation) 350M->203M(720M) 0.461ms
[2026-05-06T01:32:32.229+0100][22.782s][info][gc,cpu         ] GC(695) User=0.00s Sys=0.00s Real=0.00s
[2026-05-06T01:32:32.229+0100][22.782s][info][gc             ] GC(696) Concurrent Undo Cycle
[2026-05-06T01:32:32.229+0100][22.782s][info][gc,marking     ] GC(696) Concurrent Clear Claimed Marks
[2026-05-06T01:32:32.229+0100][22.782s][info][gc,marking     ] GC(696) Concurrent Clear Claimed Marks 0.006ms
[2026-05-06T01:32:32.229+0100][22.782s][info][gc,marking     ] GC(696) Concurrent Cleanup for Next Mark
[2026-05-06T01:32:32.229+0100][22.782s][info][gc,marking     ] GC(696) Concurrent Cleanup for Next Mark 0.032ms
[2026-05-06T01:32:32.229+0100][22.782s][info][gc             ] GC(696) Concurrent Undo Cycle 0.062ms
[2026-05-06T01:32:32.257+0100][22.811s][info][gc,start       ] GC(697) Pause Young (Concurrent Start) (G1 Humongous Allocation)
[2026-05-06T01:32:32.257+0100][22.811s][info][gc,task        ] GC(697) Using 9 workers of 9 for evacuation
[2026-05-06T01:32:32.258+0100][22.812s][info][gc,phases      ] GC(697)   Pre Evacuate Collection Set: 0.1ms
[2026-05-06T01:32:32.258+0100][22.812s][info][gc,phases      ] GC(697)   Merge Heap Roots: 0.0ms
[2026-05-06T01:32:32.258+0100][22.812s][info][gc,phases      ] GC(697)   Evacuate Collection Set: 0.1ms
[2026-05-06T01:32:32.258+0100][22.812s][info][gc,phases      ] GC(697)   Post Evacuate Collection Set: 0.1ms
[2026-05-06T01:32:32.258+0100][22.812s][info][gc,phases      ] GC(697)   Other: 0.0ms
[2026-05-06T01:32:32.258+0100][22.812s][info][gc,heap        ] GC(697) Eden regions: 1->0(215)
[2026-05-06T01:32:32.258+0100][22.812s][info][gc,heap        ] GC(697) Survivor regions: 1->1(27)
[2026-05-06T01:32:32.258+0100][22.812s][info][gc,heap        ] GC(697) Old regions: 12->12
[2026-05-06T01:32:32.258+0100][22.812s][info][gc,heap        ] GC(697) Humongous regions: 169->96
[2026-05-06T01:32:32.258+0100][22.812s][info][gc,metaspace   ] GC(697) Metaspace: 19190K(19520K)->19190K(19520K) NonClass: 16948K(17152K)->16948K(17152K) Class: 2241K(2368K)->2241K(2368K)
[2026-05-06T01:32:32.258+0100][22.812s][info][gc             ] GC(697) Pause Young (Concurrent Start) (G1 Humongous Allocation) 350M->203M(720M) 0.465ms
[2026-05-06T01:32:32.258+0100][22.812s][info][gc,cpu         ] GC(697) User=0.00s Sys=0.00s Real=0.00s
[2026-05-06T01:32:32.258+0100][22.812s][info][gc             ] GC(698) Concurrent Undo Cycle
[2026-05-06T01:32:32.258+0100][22.812s][info][gc,marking     ] GC(698) Concurrent Clear Claimed Marks
[2026-05-06T01:32:32.258+0100][22.812s][info][gc,marking     ] GC(698) Concurrent Clear Claimed Marks 0.006ms
[2026-05-06T01:32:32.258+0100][22.812s][info][gc,marking     ] GC(698) Concurrent Cleanup for Next Mark
[2026-05-06T01:32:32.258+0100][22.812s][info][gc,marking     ] GC(698) Concurrent Cleanup for Next Mark 0.027ms
[2026-05-06T01:32:32.258+0100][22.812s][info][gc             ] GC(698) Concurrent Undo Cycle 0.056ms
[2026-05-06T01:32:32.287+0100][22.840s][info][gc,start       ] GC(699) Pause Young (Concurrent Start) (G1 Humongous Allocation)
[2026-05-06T01:32:32.287+0100][22.840s][info][gc,task        ] GC(699) Using 9 workers of 9 for evacuation
[2026-05-06T01:32:32.287+0100][22.841s][info][gc,phases      ] GC(699)   Pre Evacuate Collection Set: 0.1ms
[2026-05-06T01:32:32.287+0100][22.841s][info][gc,phases      ] GC(699)   Merge Heap Roots: 0.0ms
[2026-05-06T01:32:32.287+0100][22.841s][info][gc,phases      ] GC(699)   Evacuate Collection Set: 0.1ms
[2026-05-06T01:32:32.287+0100][22.841s][info][gc,phases      ] GC(699)   Post Evacuate Collection Set: 0.1ms
[2026-05-06T01:32:32.287+0100][22.841s][info][gc,phases      ] GC(699)   Other: 0.0ms
[2026-05-06T01:32:32.287+0100][22.841s][info][gc,heap        ] GC(699) Eden regions: 1->0(215)
[2026-05-06T01:32:32.287+0100][22.841s][info][gc,heap        ] GC(699) Survivor regions: 1->1(27)
[2026-05-06T01:32:32.287+0100][22.841s][info][gc,heap        ] GC(699) Old regions: 12->12
[2026-05-06T01:32:32.287+0100][22.841s][info][gc,heap        ] GC(699) Humongous regions: 169->96
[2026-05-06T01:32:32.287+0100][22.841s][info][gc,metaspace   ] GC(699) Metaspace: 19190K(19520K)->19190K(19520K) NonClass: 16948K(17152K)->16948K(17152K) Class: 2241K(2368K)->2241K(2368K)
[2026-05-06T01:32:32.287+0100][22.841s][info][gc             ] GC(699) Pause Young (Concurrent Start) (G1 Humongous Allocation) 350M->203M(720M) 0.471ms
[2026-05-06T01:32:32.287+0100][22.841s][info][gc,cpu         ] GC(699) User=0.00s Sys=0.00s Real=0.00s
[2026-05-06T01:32:32.287+0100][22.841s][info][gc             ] GC(700) Concurrent Undo Cycle
[2026-05-06T01:32:32.287+0100][22.841s][info][gc,marking     ] GC(700) Concurrent Clear Claimed Marks
[2026-05-06T01:32:32.287+0100][22.841s][info][gc,marking     ] GC(700) Concurrent Clear Claimed Marks 0.006ms
[2026-05-06T01:32:32.287+0100][22.841s][info][gc,marking     ] GC(700) Concurrent Cleanup for Next Mark
[2026-05-06T01:32:32.287+0100][22.841s][info][gc,marking     ] GC(700) Concurrent Cleanup for Next Mark 0.037ms
[2026-05-06T01:32:32.287+0100][22.841s][info][gc             ] GC(700) Concurrent Undo Cycle 0.066ms
[2026-05-06T01:32:32.316+0100][22.870s][info][gc,start       ] GC(701) Pause Young (Concurrent Start) (G1 Humongous Allocation)
[2026-05-06T01:32:32.316+0100][22.870s][info][gc,task        ] GC(701) Using 9 workers of 9 for evacuation
[2026-05-06T01:32:32.316+0100][22.870s][info][gc,phases      ] GC(701)   Pre Evacuate Collection Set: 0.1ms
[2026-05-06T01:32:32.316+0100][22.870s][info][gc,phases      ] GC(701)   Merge Heap Roots: 0.0ms
[2026-05-06T01:32:32.316+0100][22.870s][info][gc,phases      ] GC(701)   Evacuate Collection Set: 0.1ms
[2026-05-06T01:32:32.316+0100][22.870s][info][gc,phases      ] GC(701)   Post Evacuate Collection Set: 0.1ms
[2026-05-06T01:32:32.316+0100][22.870s][info][gc,phases      ] GC(701)   Other: 0.0ms
[2026-05-06T01:32:32.316+0100][22.870s][info][gc,heap        ] GC(701) Eden regions: 1->0(215)
[2026-05-06T01:32:32.316+0100][22.870s][info][gc,heap        ] GC(701) Survivor regions: 1->1(27)
[2026-05-06T01:32:32.316+0100][22.870s][info][gc,heap        ] GC(701) Old regions: 12->12
[2026-05-06T01:32:32.317+0100][22.870s][info][gc,heap        ] GC(701) Humongous regions: 169->96
[2026-05-06T01:32:32.317+0100][22.870s][info][gc,metaspace   ] GC(701) Metaspace: 19190K(19520K)->19190K(19520K) NonClass: 16948K(17152K)->16948K(17152K) Class: 2241K(2368K)->2241K(2368K)
[2026-05-06T01:32:32.317+0100][22.870s][info][gc             ] GC(701) Pause Young (Concurrent Start) (G1 Humongous Allocation) 350M->203M(720M) 0.446ms
[2026-05-06T01:32:32.317+0100][22.870s][info][gc,cpu         ] GC(701) User=0.00s Sys=0.00s Real=0.00s
[2026-05-06T01:32:32.317+0100][22.870s][info][gc             ] GC(702) Concurrent Undo Cycle
[2026-05-06T01:32:32.317+0100][22.870s][info][gc,marking     ] GC(702) Concurrent Clear Claimed Marks
[2026-05-06T01:32:32.317+0100][22.870s][info][gc,marking     ] GC(702) Concurrent Clear Claimed Marks 0.006ms
[2026-05-06T01:32:32.317+0100][22.870s][info][gc,marking     ] GC(702) Concurrent Cleanup for Next Mark
[2026-05-06T01:32:32.317+0100][22.870s][info][gc,marking     ] GC(702) Concurrent Cleanup for Next Mark 0.039ms
[2026-05-06T01:32:32.317+0100][22.870s][info][gc             ] GC(702) Concurrent Undo Cycle 0.068ms
[2026-05-06T01:32:32.347+0100][22.901s][info][gc,start       ] GC(703) Pause Young (Concurrent Start) (G1 Humongous Allocation)
[2026-05-06T01:32:32.347+0100][22.901s][info][gc,task        ] GC(703) Using 9 workers of 9 for evacuation
[2026-05-06T01:32:32.348+0100][22.901s][info][gc,phases      ] GC(703)   Pre Evacuate Collection Set: 0.1ms
[2026-05-06T01:32:32.348+0100][22.901s][info][gc,phases      ] GC(703)   Merge Heap Roots: 0.0ms
[2026-05-06T01:32:32.348+0100][22.901s][info][gc,phases      ] GC(703)   Evacuate Collection Set: 0.2ms
[2026-05-06T01:32:32.348+0100][22.901s][info][gc,phases      ] GC(703)   Post Evacuate Collection Set: 0.1ms
[2026-05-06T01:32:32.348+0100][22.901s][info][gc,phases      ] GC(703)   Other: 0.0ms
[2026-05-06T01:32:32.348+0100][22.901s][info][gc,heap        ] GC(703) Eden regions: 6->0(215)
[2026-05-06T01:32:32.348+0100][22.901s][info][gc,heap        ] GC(703) Survivor regions: 1->1(27)
[2026-05-06T01:32:32.348+0100][22.901s][info][gc,heap        ] GC(703) Old regions: 12->12
[2026-05-06T01:32:32.348+0100][22.901s][info][gc,heap        ] GC(703) Humongous regions: 169->96
[2026-05-06T01:32:32.348+0100][22.901s][info][gc,metaspace   ] GC(703) Metaspace: 19190K(19520K)->19190K(19520K) NonClass: 16948K(17152K)->16948K(17152K) Class: 2241K(2368K)->2241K(2368K)
[2026-05-06T01:32:32.348+0100][22.901s][info][gc             ] GC(703) Pause Young (Concurrent Start) (G1 Humongous Allocation) 361M->203M(720M) 0.550ms
[2026-05-06T01:32:32.348+0100][22.901s][info][gc,cpu         ] GC(703) User=0.00s Sys=0.00s Real=0.00s
[2026-05-06T01:32:32.348+0100][22.901s][info][gc             ] GC(704) Concurrent Undo Cycle
[2026-05-06T01:32:32.348+0100][22.901s][info][gc,marking     ] GC(704) Concurrent Clear Claimed Marks
[2026-05-06T01:32:32.348+0100][22.901s][info][gc,marking     ] GC(704) Concurrent Clear Claimed Marks 0.010ms
[2026-05-06T01:32:32.348+0100][22.901s][info][gc,marking     ] GC(704) Concurrent Cleanup for Next Mark
[2026-05-06T01:32:32.348+0100][22.901s][info][gc,marking     ] GC(704) Concurrent Cleanup for Next Mark 0.032ms
[2026-05-06T01:32:32.348+0100][22.901s][info][gc             ] GC(704) Concurrent Undo Cycle 0.066ms
[2026-05-06T01:32:32.374+0100][22.928s][info][gc,start       ] GC(705) Pause Young (Concurrent Start) (G1 Humongous Allocation)
[2026-05-06T01:32:32.374+0100][22.928s][info][gc,task        ] GC(705) Using 9 workers of 9 for evacuation
[2026-05-06T01:32:32.375+0100][22.929s][info][gc,phases      ] GC(705)   Pre Evacuate Collection Set: 0.1ms
[2026-05-06T01:32:32.375+0100][22.929s][info][gc,phases      ] GC(705)   Merge Heap Roots: 0.0ms
[2026-05-06T01:32:32.375+0100][22.929s][info][gc,phases      ] GC(705)   Evacuate Collection Set: 0.2ms
[2026-05-06T01:32:32.375+0100][22.929s][info][gc,phases      ] GC(705)   Post Evacuate Collection Set: 0.1ms
[2026-05-06T01:32:32.375+0100][22.929s][info][gc,phases      ] GC(705)   Other: 0.0ms
[2026-05-06T01:32:32.375+0100][22.929s][info][gc,heap        ] GC(705) Eden regions: 12->0(215)
[2026-05-06T01:32:32.375+0100][22.929s][info][gc,heap        ] GC(705) Survivor regions: 1->1(27)
[2026-05-06T01:32:32.375+0100][22.929s][info][gc,heap        ] GC(705) Old regions: 12->12
[2026-05-06T01:32:32.375+0100][22.929s][info][gc,heap        ] GC(705) Humongous regions: 169->96
[2026-05-06T01:32:32.375+0100][22.929s][info][gc,metaspace   ] GC(705) Metaspace: 19190K(19520K)->19190K(19520K) NonClass: 16948K(17152K)->16948K(17152K) Class: 2241K(2368K)->2241K(2368K)
[2026-05-06T01:32:32.375+0100][22.929s][info][gc             ] GC(705) Pause Young (Concurrent Start) (G1 Humongous Allocation) 372M->203M(720M) 0.550ms
[2026-05-06T01:32:32.375+0100][22.929s][info][gc,cpu         ] GC(705) User=0.00s Sys=0.00s Real=0.00s
[2026-05-06T01:32:32.375+0100][22.929s][info][gc             ] GC(706) Concurrent Undo Cycle
[2026-05-06T01:32:32.375+0100][22.929s][info][gc,marking     ] GC(706) Concurrent Clear Claimed Marks
[2026-05-06T01:32:32.375+0100][22.929s][info][gc,marking     ] GC(706) Concurrent Clear Claimed Marks 0.008ms
[2026-05-06T01:32:32.375+0100][22.929s][info][gc,marking     ] GC(706) Concurrent Cleanup for Next Mark
[2026-05-06T01:32:32.375+0100][22.929s][info][gc,marking     ] GC(706) Concurrent Cleanup for Next Mark 0.038ms
[2026-05-06T01:32:32.375+0100][22.929s][info][gc             ] GC(706) Concurrent Undo Cycle 0.071ms
[2026-05-06T01:32:32.403+0100][22.957s][info][gc,start       ] GC(707) Pause Young (Concurrent Start) (G1 Humongous Allocation)
[2026-05-06T01:32:32.403+0100][22.957s][info][gc,task        ] GC(707) Using 9 workers of 9 for evacuation
[2026-05-06T01:32:32.403+0100][22.957s][info][gc,phases      ] GC(707)   Pre Evacuate Collection Set: 0.1ms
[2026-05-06T01:32:32.404+0100][22.957s][info][gc,phases      ] GC(707)   Merge Heap Roots: 0.0ms
[2026-05-06T01:32:32.404+0100][22.957s][info][gc,phases      ] GC(707)   Evacuate Collection Set: 0.1ms
[2026-05-06T01:32:32.404+0100][22.957s][info][gc,phases      ] GC(707)   Post Evacuate Collection Set: 0.1ms
[2026-05-06T01:32:32.404+0100][22.957s][info][gc,phases      ] GC(707)   Other: 0.0ms
[2026-05-06T01:32:32.404+0100][22.957s][info][gc,heap        ] GC(707) Eden regions: 12->0(215)
[2026-05-06T01:32:32.404+0100][22.957s][info][gc,heap        ] GC(707) Survivor regions: 1->1(27)
[2026-05-06T01:32:32.404+0100][22.957s][info][gc,heap        ] GC(707) Old regions: 12->12
[2026-05-06T01:32:32.404+0100][22.957s][info][gc,heap        ] GC(707) Humongous regions: 169->96
[2026-05-06T01:32:32.404+0100][22.957s][info][gc,metaspace   ] GC(707) Metaspace: 19190K(19520K)->19190K(19520K) NonClass: 16948K(17152K)->16948K(17152K) Class: 2241K(2368K)->2241K(2368K)
[2026-05-06T01:32:32.404+0100][22.957s][info][gc             ] GC(707) Pause Young (Concurrent Start) (G1 Humongous Allocation) 372M->203M(720M) 0.485ms
[2026-05-06T01:32:32.404+0100][22.957s][info][gc,cpu         ] GC(707) User=0.00s Sys=0.01s Real=0.00s
[2026-05-06T01:32:32.404+0100][22.957s][info][gc             ] GC(708) Concurrent Undo Cycle
[2026-05-06T01:32:32.404+0100][22.957s][info][gc,marking     ] GC(708) Concurrent Clear Claimed Marks
[2026-05-06T01:32:32.404+0100][22.957s][info][gc,marking     ] GC(708) Concurrent Clear Claimed Marks 0.006ms
[2026-05-06T01:32:32.404+0100][22.957s][info][gc,marking     ] GC(708) Concurrent Cleanup for Next Mark
[2026-05-06T01:32:32.404+0100][22.957s][info][gc,marking     ] GC(708) Concurrent Cleanup for Next Mark 0.026ms
[2026-05-06T01:32:32.404+0100][22.957s][info][gc             ] GC(708) Concurrent Undo Cycle 0.058ms
[2026-05-06T01:32:32.422+0100][22.975s][info][gc,start       ] GC(709) Pause Full (System.gc())
[2026-05-06T01:32:32.422+0100][22.975s][info][gc,task        ] GC(709) Using 9 workers of 9 for full compaction
[2026-05-06T01:32:32.422+0100][22.975s][info][gc,phases,start] GC(709) Phase 1: Mark live objects
[2026-05-06T01:32:32.424+0100][22.978s][info][gc,phases      ] GC(709) Phase 1: Mark live objects 2.342ms
[2026-05-06T01:32:32.424+0100][22.978s][info][gc,phases,start] GC(709) Phase 2: Prepare compaction
[2026-05-06T01:32:32.424+0100][22.978s][info][gc,phases      ] GC(709) Phase 2: Prepare compaction 0.304ms
[2026-05-06T01:32:32.424+0100][22.978s][info][gc,phases,start] GC(709) Phase 3: Adjust pointers
[2026-05-06T01:32:32.426+0100][22.980s][info][gc,phases      ] GC(709) Phase 3: Adjust pointers 1.797ms
[2026-05-06T01:32:32.426+0100][22.980s][info][gc,phases,start] GC(709) Phase 4: Compact heap
[2026-05-06T01:32:32.426+0100][22.980s][info][gc,phases      ] GC(709) Phase 4: Compact heap 0.263ms
[2026-05-06T01:32:32.426+0100][22.980s][info][gc,phases,start] GC(709) Phase 5: Reset Metadata
[2026-05-06T01:32:32.427+0100][22.980s][info][gc,phases      ] GC(709) Phase 5: Reset Metadata 0.327ms
[2026-05-06T01:32:32.427+0100][22.981s][info][gc,heap        ] GC(709) Eden regions: 6->0(216)
[2026-05-06T01:32:32.427+0100][22.981s][info][gc,heap        ] GC(709) Survivor regions: 1->0(27)
[2026-05-06T01:32:32.427+0100][22.981s][info][gc,heap        ] GC(709) Old regions: 12->12
[2026-05-06T01:32:32.427+0100][22.981s][info][gc,heap        ] GC(709) Humongous regions: 169->96
[2026-05-06T01:32:32.427+0100][22.981s][info][gc,metaspace   ] GC(709) Metaspace: 19190K(19520K)->19190K(19520K) NonClass: 16948K(17152K)->16948K(17152K) Class: 2241K(2368K)->2241K(2368K)
[2026-05-06T01:32:32.427+0100][22.981s][info][gc             ] GC(709) Pause Full (System.gc()) 361M->203M(720M) 5.691ms
[2026-05-06T01:32:32.427+0100][22.981s][info][gc,cpu         ] GC(709) User=0.03s Sys=0.00s Real=0.00s
[2026-05-06T01:32:32.437+0100][22.991s][info][gc,start       ] GC(710) Pause Young (Concurrent Start) (G1 Humongous Allocation)
[2026-05-06T01:32:32.437+0100][22.991s][info][gc,task        ] GC(710) Using 9 workers of 9 for evacuation
[2026-05-06T01:32:32.438+0100][22.991s][info][gc,phases      ] GC(710)   Pre Evacuate Collection Set: 0.1ms
[2026-05-06T01:32:32.438+0100][22.991s][info][gc,phases      ] GC(710)   Merge Heap Roots: 0.0ms
[2026-05-06T01:32:32.438+0100][22.991s][info][gc,phases      ] GC(710)   Evacuate Collection Set: 0.1ms
[2026-05-06T01:32:32.438+0100][22.991s][info][gc,phases      ] GC(710)   Post Evacuate Collection Set: 0.1ms
[2026-05-06T01:32:32.438+0100][22.991s][info][gc,phases      ] GC(710)   Other: 0.0ms
[2026-05-06T01:32:32.438+0100][22.991s][info][gc,heap        ] GC(710) Eden regions: 8->0(215)
[2026-05-06T01:32:32.438+0100][22.991s][info][gc,heap        ] GC(710) Survivor regions: 0->1(27)
[2026-05-06T01:32:32.438+0100][22.991s][info][gc,heap        ] GC(710) Old regions: 12->12
[2026-05-06T01:32:32.438+0100][22.991s][info][gc,heap        ] GC(710) Humongous regions: 96->96
[2026-05-06T01:32:32.438+0100][22.991s][info][gc,metaspace   ] GC(710) Metaspace: 19190K(19520K)->19190K(19520K) NonClass: 16948K(17152K)->16948K(17152K) Class: 2241K(2368K)->2241K(2368K)
[2026-05-06T01:32:32.438+0100][22.991s][info][gc             ] GC(710) Pause Young (Concurrent Start) (G1 Humongous Allocation) 219M->203M(720M) 0.465ms
[2026-05-06T01:32:32.438+0100][22.992s][info][gc,cpu         ] GC(710) User=0.00s Sys=0.00s Real=0.00s
[2026-05-06T01:32:32.438+0100][22.992s][info][gc             ] GC(711) Concurrent Undo Cycle
[2026-05-06T01:32:32.438+0100][22.992s][info][gc,marking     ] GC(711) Concurrent Clear Claimed Marks
[2026-05-06T01:32:32.438+0100][22.992s][info][gc,marking     ] GC(711) Concurrent Clear Claimed Marks 0.006ms
[2026-05-06T01:32:32.438+0100][22.992s][info][gc,marking     ] GC(711) Concurrent Cleanup for Next Mark
[2026-05-06T01:32:32.438+0100][22.992s][info][gc,marking     ] GC(711) Concurrent Cleanup for Next Mark 0.034ms
[2026-05-06T01:32:32.438+0100][22.992s][info][gc             ] GC(711) Concurrent Undo Cycle 0.064ms
[2026-05-06T01:32:32.466+0100][23.020s][info][gc,start       ] GC(712) Pause Young (Concurrent Start) (G1 Humongous Allocation)
[2026-05-06T01:32:32.466+0100][23.020s][info][gc,task        ] GC(712) Using 9 workers of 9 for evacuation
[2026-05-06T01:32:32.466+0100][23.020s][info][gc,phases      ] GC(712)   Pre Evacuate Collection Set: 0.1ms
[2026-05-06T01:32:32.466+0100][23.020s][info][gc,phases      ] GC(712)   Merge Heap Roots: 0.0ms
[2026-05-06T01:32:32.466+0100][23.020s][info][gc,phases      ] GC(712)   Evacuate Collection Set: 0.1ms
[2026-05-06T01:32:32.466+0100][23.020s][info][gc,phases      ] GC(712)   Post Evacuate Collection Set: 0.1ms
[2026-05-06T01:32:32.467+0100][23.020s][info][gc,phases      ] GC(712)   Other: 0.0ms
[2026-05-06T01:32:32.467+0100][23.020s][info][gc,heap        ] GC(712) Eden regions: 8->0(215)
[2026-05-06T01:32:32.467+0100][23.020s][info][gc,heap        ] GC(712) Survivor regions: 1->1(27)
[2026-05-06T01:32:32.467+0100][23.020s][info][gc,heap        ] GC(712) Old regions: 12->12
[2026-05-06T01:32:32.467+0100][23.020s][info][gc,heap        ] GC(712) Humongous regions: 169->96
[2026-05-06T01:32:32.467+0100][23.020s][info][gc,metaspace   ] GC(712) Metaspace: 19190K(19520K)->19190K(19520K) NonClass: 16948K(17152K)->16948K(17152K) Class: 2241K(2368K)->2241K(2368K)
[2026-05-06T01:32:32.467+0100][23.020s][info][gc             ] GC(712) Pause Young (Concurrent Start) (G1 Humongous Allocation) 364M->203M(720M) 0.472ms
[2026-05-06T01:32:32.467+0100][23.020s][info][gc,cpu         ] GC(712) User=0.01s Sys=0.00s Real=0.00s
[2026-05-06T01:32:32.467+0100][23.020s][info][gc             ] GC(713) Concurrent Undo Cycle
[2026-05-06T01:32:32.467+0100][23.020s][info][gc,marking     ] GC(713) Concurrent Clear Claimed Marks
[2026-05-06T01:32:32.467+0100][23.020s][info][gc,marking     ] GC(713) Concurrent Clear Claimed Marks 0.006ms
[2026-05-06T01:32:32.467+0100][23.020s][info][gc,marking     ] GC(713) Concurrent Cleanup for Next Mark
[2026-05-06T01:32:32.467+0100][23.020s][info][gc,marking     ] GC(713) Concurrent Cleanup for Next Mark 0.031ms
[2026-05-06T01:32:32.467+0100][23.020s][info][gc             ] GC(713) Concurrent Undo Cycle 0.078ms
[2026-05-06T01:32:32.494+0100][23.048s][info][gc,start       ] GC(714) Pause Young (Concurrent Start) (G1 Humongous Allocation)
[2026-05-06T01:32:32.494+0100][23.048s][info][gc,task        ] GC(714) Using 9 workers of 9 for evacuation
[2026-05-06T01:32:32.495+0100][23.049s][info][gc,phases      ] GC(714)   Pre Evacuate Collection Set: 0.1ms
[2026-05-06T01:32:32.495+0100][23.049s][info][gc,phases      ] GC(714)   Merge Heap Roots: 0.0ms
[2026-05-06T01:32:32.495+0100][23.049s][info][gc,phases      ] GC(714)   Evacuate Collection Set: 0.1ms
[2026-05-06T01:32:32.495+0100][23.049s][info][gc,phases      ] GC(714)   Post Evacuate Collection Set: 0.1ms
[2026-05-06T01:32:32.495+0100][23.049s][info][gc,phases      ] GC(714)   Other: 0.0ms
[2026-05-06T01:32:32.495+0100][23.049s][info][gc,heap        ] GC(714) Eden regions: 8->0(215)
[2026-05-06T01:32:32.495+0100][23.049s][info][gc,heap        ] GC(714) Survivor regions: 1->1(27)
[2026-05-06T01:32:32.495+0100][23.049s][info][gc,heap        ] GC(714) Old regions: 12->12
[2026-05-06T01:32:32.495+0100][23.049s][info][gc,heap        ] GC(714) Humongous regions: 169->96
[2026-05-06T01:32:32.495+0100][23.049s][info][gc,metaspace   ] GC(714) Metaspace: 19190K(19520K)->19190K(19520K) NonClass: 16948K(17152K)->16948K(17152K) Class: 2241K(2368K)->2241K(2368K)
[2026-05-06T01:32:32.495+0100][23.049s][info][gc             ] GC(714) Pause Young (Concurrent Start) (G1 Humongous Allocation) 364M->203M(720M) 0.497ms
[2026-05-06T01:32:32.495+0100][23.049s][info][gc,cpu         ] GC(714) User=0.00s Sys=0.00s Real=0.00s
[2026-05-06T01:32:32.495+0100][23.049s][info][gc             ] GC(715) Concurrent Undo Cycle
[2026-05-06T01:32:32.495+0100][23.049s][info][gc,marking     ] GC(715) Concurrent Clear Claimed Marks
[2026-05-06T01:32:32.495+0100][23.049s][info][gc,marking     ] GC(715) Concurrent Clear Claimed Marks 0.006ms
[2026-05-06T01:32:32.495+0100][23.049s][info][gc,marking     ] GC(715) Concurrent Cleanup for Next Mark
[2026-05-06T01:32:32.495+0100][23.049s][info][gc,marking     ] GC(715) Concurrent Cleanup for Next Mark 0.035ms
[2026-05-06T01:32:32.495+0100][23.049s][info][gc             ] GC(715) Concurrent Undo Cycle 0.063ms
[2026-05-06T01:32:32.522+0100][23.076s][info][gc,start       ] GC(716) Pause Young (Concurrent Start) (G1 Humongous Allocation)
[2026-05-06T01:32:32.523+0100][23.076s][info][gc,task        ] GC(716) Using 9 workers of 9 for evacuation
[2026-05-06T01:32:32.523+0100][23.077s][info][gc,phases      ] GC(716)   Pre Evacuate Collection Set: 0.1ms
[2026-05-06T01:32:32.523+0100][23.077s][info][gc,phases      ] GC(716)   Merge Heap Roots: 0.0ms
[2026-05-06T01:32:32.523+0100][23.077s][info][gc,phases      ] GC(716)   Evacuate Collection Set: 0.1ms
[2026-05-06T01:32:32.523+0100][23.077s][info][gc,phases      ] GC(716)   Post Evacuate Collection Set: 0.1ms
[2026-05-06T01:32:32.523+0100][23.077s][info][gc,phases      ] GC(716)   Other: 0.0ms
[2026-05-06T01:32:32.523+0100][23.077s][info][gc,heap        ] GC(716) Eden regions: 8->0(215)
[2026-05-06T01:32:32.523+0100][23.077s][info][gc,heap        ] GC(716) Survivor regions: 1->1(27)
[2026-05-06T01:32:32.523+0100][23.077s][info][gc,heap        ] GC(716) Old regions: 12->12
[2026-05-06T01:32:32.523+0100][23.077s][info][gc,heap        ] GC(716) Humongous regions: 169->96
[2026-05-06T01:32:32.523+0100][23.077s][info][gc,metaspace   ] GC(716) Metaspace: 19190K(19520K)->19190K(19520K) NonClass: 16948K(17152K)->16948K(17152K) Class: 2241K(2368K)->2241K(2368K)
[2026-05-06T01:32:32.523+0100][23.077s][info][gc             ] GC(716) Pause Young (Concurrent Start) (G1 Humongous Allocation) 364M->203M(720M) 0.469ms
[2026-05-06T01:32:32.523+0100][23.077s][info][gc,cpu         ] GC(716) User=0.00s Sys=0.00s Real=0.00s
[2026-05-06T01:32:32.523+0100][23.077s][info][gc             ] GC(717) Concurrent Undo Cycle
[2026-05-06T01:32:32.523+0100][23.077s][info][gc,marking     ] GC(717) Concurrent Clear Claimed Marks
[2026-05-06T01:32:32.523+0100][23.077s][info][gc,marking     ] GC(717) Concurrent Clear Claimed Marks 0.006ms
[2026-05-06T01:32:32.523+0100][23.077s][info][gc,marking     ] GC(717) Concurrent Cleanup for Next Mark
[2026-05-06T01:32:32.523+0100][23.077s][info][gc,marking     ] GC(717) Concurrent Cleanup for Next Mark 0.031ms
[2026-05-06T01:32:32.523+0100][23.077s][info][gc             ] GC(717) Concurrent Undo Cycle 0.057ms
[2026-05-06T01:32:32.551+0100][23.104s][info][gc,start       ] GC(718) Pause Young (Concurrent Start) (G1 Humongous Allocation)
[2026-05-06T01:32:32.551+0100][23.104s][info][gc,task        ] GC(718) Using 9 workers of 9 for evacuation
[2026-05-06T01:32:32.551+0100][23.105s][info][gc,phases      ] GC(718)   Pre Evacuate Collection Set: 0.1ms
[2026-05-06T01:32:32.551+0100][23.105s][info][gc,phases      ] GC(718)   Merge Heap Roots: 0.0ms
[2026-05-06T01:32:32.551+0100][23.105s][info][gc,phases      ] GC(718)   Evacuate Collection Set: 0.1ms
[2026-05-06T01:32:32.551+0100][23.105s][info][gc,phases      ] GC(718)   Post Evacuate Collection Set: 0.1ms
[2026-05-06T01:32:32.551+0100][23.105s][info][gc,phases      ] GC(718)   Other: 0.0ms
[2026-05-06T01:32:32.551+0100][23.105s][info][gc,heap        ] GC(718) Eden regions: 8->0(215)
[2026-05-06T01:32:32.551+0100][23.105s][info][gc,heap        ] GC(718) Survivor regions: 1->1(27)
[2026-05-06T01:32:32.551+0100][23.105s][info][gc,heap        ] GC(718) Old regions: 12->12
[2026-05-06T01:32:32.551+0100][23.105s][info][gc,heap        ] GC(718) Humongous regions: 169->96
[2026-05-06T01:32:32.551+0100][23.105s][info][gc,metaspace   ] GC(718) Metaspace: 19190K(19520K)->19190K(19520K) NonClass: 16948K(17152K)->16948K(17152K) Class: 2241K(2368K)->2241K(2368K)
[2026-05-06T01:32:32.551+0100][23.105s][info][gc             ] GC(718) Pause Young (Concurrent Start) (G1 Humongous Allocation) 364M->203M(720M) 0.486ms
[2026-05-06T01:32:32.551+0100][23.105s][info][gc,cpu         ] GC(718) User=0.00s Sys=0.00s Real=0.00s
[2026-05-06T01:32:32.551+0100][23.105s][info][gc             ] GC(719) Concurrent Undo Cycle
[2026-05-06T01:32:32.551+0100][23.105s][info][gc,marking     ] GC(719) Concurrent Clear Claimed Marks
[2026-05-06T01:32:32.551+0100][23.105s][info][gc,marking     ] GC(719) Concurrent Clear Claimed Marks 0.006ms
[2026-05-06T01:32:32.551+0100][23.105s][info][gc,marking     ] GC(719) Concurrent Cleanup for Next Mark
[2026-05-06T01:32:32.551+0100][23.105s][info][gc,marking     ] GC(719) Concurrent Cleanup for Next Mark 0.035ms
[2026-05-06T01:32:32.551+0100][23.105s][info][gc             ] GC(719) Concurrent Undo Cycle 0.066ms
[2026-05-06T01:32:32.578+0100][23.132s][info][gc,start       ] GC(720) Pause Young (Concurrent Start) (G1 Humongous Allocation)
[2026-05-06T01:32:32.578+0100][23.132s][info][gc,task        ] GC(720) Using 9 workers of 9 for evacuation
[2026-05-06T01:32:32.579+0100][23.132s][info][gc,phases      ] GC(720)   Pre Evacuate Collection Set: 0.1ms
[2026-05-06T01:32:32.579+0100][23.132s][info][gc,phases      ] GC(720)   Merge Heap Roots: 0.0ms
[2026-05-06T01:32:32.579+0100][23.132s][info][gc,phases      ] GC(720)   Evacuate Collection Set: 0.1ms
[2026-05-06T01:32:32.579+0100][23.132s][info][gc,phases      ] GC(720)   Post Evacuate Collection Set: 0.1ms
[2026-05-06T01:32:32.579+0100][23.132s][info][gc,phases      ] GC(720)   Other: 0.0ms
[2026-05-06T01:32:32.579+0100][23.132s][info][gc,heap        ] GC(720) Eden regions: 8->0(215)
[2026-05-06T01:32:32.579+0100][23.132s][info][gc,heap        ] GC(720) Survivor regions: 1->1(27)
[2026-05-06T01:32:32.579+0100][23.132s][info][gc,heap        ] GC(720) Old regions: 12->12
[2026-05-06T01:32:32.579+0100][23.132s][info][gc,heap        ] GC(720) Humongous regions: 169->96
[2026-05-06T01:32:32.579+0100][23.132s][info][gc,metaspace   ] GC(720) Metaspace: 19190K(19520K)->19190K(19520K) NonClass: 16948K(17152K)->16948K(17152K) Class: 2241K(2368K)->2241K(2368K)
[2026-05-06T01:32:32.579+0100][23.132s][info][gc             ] GC(720) Pause Young (Concurrent Start) (G1 Humongous Allocation) 364M->203M(720M) 0.460ms
[2026-05-06T01:32:32.579+0100][23.132s][info][gc,cpu         ] GC(720) User=0.00s Sys=0.00s Real=0.00s
[2026-05-06T01:32:32.579+0100][23.132s][info][gc             ] GC(721) Concurrent Undo Cycle
[2026-05-06T01:32:32.579+0100][23.132s][info][gc,marking     ] GC(721) Concurrent Clear Claimed Marks
[2026-05-06T01:32:32.579+0100][23.132s][info][gc,marking     ] GC(721) Concurrent Clear Claimed Marks 0.006ms
[2026-05-06T01:32:32.579+0100][23.132s][info][gc,marking     ] GC(721) Concurrent Cleanup for Next Mark
[2026-05-06T01:32:32.579+0100][23.132s][info][gc,marking     ] GC(721) Concurrent Cleanup for Next Mark 0.032ms
[2026-05-06T01:32:32.579+0100][23.132s][info][gc             ] GC(721) Concurrent Undo Cycle 0.066ms
[2026-05-06T01:32:32.608+0100][23.161s][info][gc,start       ] GC(722) Pause Young (Concurrent Start) (G1 Humongous Allocation)
[2026-05-06T01:32:32.608+0100][23.162s][info][gc,task        ] GC(722) Using 9 workers of 9 for evacuation
[2026-05-06T01:32:32.608+0100][23.162s][info][gc,phases      ] GC(722)   Pre Evacuate Collection Set: 0.1ms
[2026-05-06T01:32:32.608+0100][23.162s][info][gc,phases      ] GC(722)   Merge Heap Roots: 0.0ms
[2026-05-06T01:32:32.608+0100][23.162s][info][gc,phases      ] GC(722)   Evacuate Collection Set: 0.1ms
[2026-05-06T01:32:32.608+0100][23.162s][info][gc,phases      ] GC(722)   Post Evacuate Collection Set: 0.2ms
[2026-05-06T01:32:32.608+0100][23.162s][info][gc,phases      ] GC(722)   Other: 0.0ms
[2026-05-06T01:32:32.608+0100][23.162s][info][gc,heap        ] GC(722) Eden regions: 8->0(215)
[2026-05-06T01:32:32.608+0100][23.162s][info][gc,heap        ] GC(722) Survivor regions: 1->1(27)
[2026-05-06T01:32:32.608+0100][23.162s][info][gc,heap        ] GC(722) Old regions: 12->12
[2026-05-06T01:32:32.608+0100][23.162s][info][gc,heap        ] GC(722) Humongous regions: 169->96
[2026-05-06T01:32:32.608+0100][23.162s][info][gc,metaspace   ] GC(722) Metaspace: 19190K(19520K)->19190K(19520K) NonClass: 16948K(17152K)->16948K(17152K) Class: 2241K(2368K)->2241K(2368K)
[2026-05-06T01:32:32.608+0100][23.162s][info][gc             ] GC(722) Pause Young (Concurrent Start) (G1 Humongous Allocation) 364M->203M(720M) 0.513ms
[2026-05-06T01:32:32.608+0100][23.162s][info][gc,cpu         ] GC(722) User=0.00s Sys=0.00s Real=0.00s
[2026-05-06T01:32:32.608+0100][23.162s][info][gc             ] GC(723) Concurrent Undo Cycle
[2026-05-06T01:32:32.608+0100][23.162s][info][gc,marking     ] GC(723) Concurrent Clear Claimed Marks
[2026-05-06T01:32:32.608+0100][23.162s][info][gc,marking     ] GC(723) Concurrent Clear Claimed Marks 0.007ms
[2026-05-06T01:32:32.608+0100][23.162s][info][gc,marking     ] GC(723) Concurrent Cleanup for Next Mark
[2026-05-06T01:32:32.608+0100][23.162s][info][gc,marking     ] GC(723) Concurrent Cleanup for Next Mark 0.029ms
[2026-05-06T01:32:32.608+0100][23.162s][info][gc             ] GC(723) Concurrent Undo Cycle 0.065ms
[2026-05-06T01:32:32.637+0100][23.190s][info][gc,start       ] GC(724) Pause Young (Concurrent Start) (G1 Humongous Allocation)
[2026-05-06T01:32:32.637+0100][23.190s][info][gc,task        ] GC(724) Using 9 workers of 9 for evacuation
[2026-05-06T01:32:32.637+0100][23.191s][info][gc,phases      ] GC(724)   Pre Evacuate Collection Set: 0.1ms
[2026-05-06T01:32:32.637+0100][23.191s][info][gc,phases      ] GC(724)   Merge Heap Roots: 0.0ms
[2026-05-06T01:32:32.637+0100][23.191s][info][gc,phases      ] GC(724)   Evacuate Collection Set: 0.1ms
[2026-05-06T01:32:32.637+0100][23.191s][info][gc,phases      ] GC(724)   Post Evacuate Collection Set: 0.1ms
[2026-05-06T01:32:32.637+0100][23.191s][info][gc,phases      ] GC(724)   Other: 0.0ms
[2026-05-06T01:32:32.637+0100][23.191s][info][gc,heap        ] GC(724) Eden regions: 8->0(215)
[2026-05-06T01:32:32.637+0100][23.191s][info][gc,heap        ] GC(724) Survivor regions: 1->1(27)
[2026-05-06T01:32:32.637+0100][23.191s][info][gc,heap        ] GC(724) Old regions: 12->12
[2026-05-06T01:32:32.637+0100][23.191s][info][gc,heap        ] GC(724) Humongous regions: 169->96
[2026-05-06T01:32:32.637+0100][23.191s][info][gc,metaspace   ] GC(724) Metaspace: 19190K(19520K)->19190K(19520K) NonClass: 16948K(17152K)->16948K(17152K) Class: 2241K(2368K)->2241K(2368K)
[2026-05-06T01:32:32.637+0100][23.191s][info][gc             ] GC(724) Pause Young (Concurrent Start) (G1 Humongous Allocation) 364M->203M(720M) 0.436ms
[2026-05-06T01:32:32.637+0100][23.191s][info][gc,cpu         ] GC(724) User=0.00s Sys=0.00s Real=0.00s
[2026-05-06T01:32:32.637+0100][23.191s][info][gc             ] GC(725) Concurrent Undo Cycle
[2026-05-06T01:32:32.637+0100][23.191s][info][gc,marking     ] GC(725) Concurrent Clear Claimed Marks
[2026-05-06T01:32:32.637+0100][23.191s][info][gc,marking     ] GC(725) Concurrent Clear Claimed Marks 0.006ms
[2026-05-06T01:32:32.637+0100][23.191s][info][gc,marking     ] GC(725) Concurrent Cleanup for Next Mark
[2026-05-06T01:32:32.637+0100][23.191s][info][gc,marking     ] GC(725) Concurrent Cleanup for Next Mark 0.026ms
[2026-05-06T01:32:32.637+0100][23.191s][info][gc             ] GC(725) Concurrent Undo Cycle 0.056ms
[2026-05-06T01:32:32.665+0100][23.219s][info][gc,start       ] GC(726) Pause Young (Concurrent Start) (G1 Humongous Allocation)
[2026-05-06T01:32:32.665+0100][23.219s][info][gc,task        ] GC(726) Using 9 workers of 9 for evacuation
[2026-05-06T01:32:32.666+0100][23.219s][info][gc,phases      ] GC(726)   Pre Evacuate Collection Set: 0.1ms
[2026-05-06T01:32:32.666+0100][23.219s][info][gc,phases      ] GC(726)   Merge Heap Roots: 0.0ms
[2026-05-06T01:32:32.666+0100][23.219s][info][gc,phases      ] GC(726)   Evacuate Collection Set: 0.1ms
[2026-05-06T01:32:32.666+0100][23.219s][info][gc,phases      ] GC(726)   Post Evacuate Collection Set: 0.1ms
[2026-05-06T01:32:32.666+0100][23.219s][info][gc,phases      ] GC(726)   Other: 0.0ms
[2026-05-06T01:32:32.666+0100][23.219s][info][gc,heap        ] GC(726) Eden regions: 8->0(215)
[2026-05-06T01:32:32.666+0100][23.219s][info][gc,heap        ] GC(726) Survivor regions: 1->1(27)
[2026-05-06T01:32:32.666+0100][23.219s][info][gc,heap        ] GC(726) Old regions: 12->12
[2026-05-06T01:32:32.666+0100][23.219s][info][gc,heap        ] GC(726) Humongous regions: 169->96
[2026-05-06T01:32:32.666+0100][23.219s][info][gc,metaspace   ] GC(726) Metaspace: 19190K(19520K)->19190K(19520K) NonClass: 16948K(17152K)->16948K(17152K) Class: 2241K(2368K)->2241K(2368K)
[2026-05-06T01:32:32.666+0100][23.219s][info][gc             ] GC(726) Pause Young (Concurrent Start) (G1 Humongous Allocation) 364M->203M(720M) 0.495ms
[2026-05-06T01:32:32.666+0100][23.219s][info][gc,cpu         ] GC(726) User=0.01s Sys=0.00s Real=0.00s
[2026-05-06T01:32:32.666+0100][23.219s][info][gc             ] GC(727) Concurrent Undo Cycle
[2026-05-06T01:32:32.666+0100][23.219s][info][gc,marking     ] GC(727) Concurrent Clear Claimed Marks
[2026-05-06T01:32:32.666+0100][23.219s][info][gc,marking     ] GC(727) Concurrent Clear Claimed Marks 0.006ms
[2026-05-06T01:32:32.666+0100][23.219s][info][gc,marking     ] GC(727) Concurrent Cleanup for Next Mark
[2026-05-06T01:32:32.666+0100][23.219s][info][gc,marking     ] GC(727) Concurrent Cleanup for Next Mark 0.041ms
[2026-05-06T01:32:32.666+0100][23.219s][info][gc             ] GC(727) Concurrent Undo Cycle 0.069ms
[2026-05-06T01:32:32.694+0100][23.247s][info][gc,start       ] GC(728) Pause Young (Concurrent Start) (G1 Humongous Allocation)
[2026-05-06T01:32:32.694+0100][23.247s][info][gc,task        ] GC(728) Using 9 workers of 9 for evacuation
[2026-05-06T01:32:32.694+0100][23.248s][info][gc,phases      ] GC(728)   Pre Evacuate Collection Set: 0.1ms
[2026-05-06T01:32:32.694+0100][23.248s][info][gc,phases      ] GC(728)   Merge Heap Roots: 0.0ms
[2026-05-06T01:32:32.694+0100][23.248s][info][gc,phases      ] GC(728)   Evacuate Collection Set: 0.1ms
[2026-05-06T01:32:32.694+0100][23.248s][info][gc,phases      ] GC(728)   Post Evacuate Collection Set: 0.1ms
[2026-05-06T01:32:32.694+0100][23.248s][info][gc,phases      ] GC(728)   Other: 0.0ms
[2026-05-06T01:32:32.694+0100][23.248s][info][gc,heap        ] GC(728) Eden regions: 8->0(215)
[2026-05-06T01:32:32.694+0100][23.248s][info][gc,heap        ] GC(728) Survivor regions: 1->1(27)
[2026-05-06T01:32:32.694+0100][23.248s][info][gc,heap        ] GC(728) Old regions: 12->12
[2026-05-06T01:32:32.694+0100][23.248s][info][gc,heap        ] GC(728) Humongous regions: 169->96
[2026-05-06T01:32:32.694+0100][23.248s][info][gc,metaspace   ] GC(728) Metaspace: 19190K(19520K)->19190K(19520K) NonClass: 16948K(17152K)->16948K(17152K) Class: 2241K(2368K)->2241K(2368K)
[2026-05-06T01:32:32.694+0100][23.248s][info][gc             ] GC(728) Pause Young (Concurrent Start) (G1 Humongous Allocation) 364M->203M(720M) 0.472ms
[2026-05-06T01:32:32.694+0100][23.248s][info][gc,cpu         ] GC(728) User=0.00s Sys=0.00s Real=0.00s
[2026-05-06T01:32:32.694+0100][23.248s][info][gc             ] GC(729) Concurrent Undo Cycle
[2026-05-06T01:32:32.694+0100][23.248s][info][gc,marking     ] GC(729) Concurrent Clear Claimed Marks
[2026-05-06T01:32:32.694+0100][23.248s][info][gc,marking     ] GC(729) Concurrent Clear Claimed Marks 0.007ms
[2026-05-06T01:32:32.694+0100][23.248s][info][gc,marking     ] GC(729) Concurrent Cleanup for Next Mark
[2026-05-06T01:32:32.694+0100][23.248s][info][gc,marking     ] GC(729) Concurrent Cleanup for Next Mark 0.039ms
[2026-05-06T01:32:32.694+0100][23.248s][info][gc             ] GC(729) Concurrent Undo Cycle 0.069ms
[2026-05-06T01:32:32.723+0100][23.277s][info][gc,start       ] GC(730) Pause Young (Concurrent Start) (G1 Humongous Allocation)
[2026-05-06T01:32:32.723+0100][23.277s][info][gc,task        ] GC(730) Using 9 workers of 9 for evacuation
[2026-05-06T01:32:32.723+0100][23.277s][info][gc,phases      ] GC(730)   Pre Evacuate Collection Set: 0.1ms
[2026-05-06T01:32:32.724+0100][23.277s][info][gc,phases      ] GC(730)   Merge Heap Roots: 0.0ms
[2026-05-06T01:32:32.724+0100][23.277s][info][gc,phases      ] GC(730)   Evacuate Collection Set: 0.2ms
[2026-05-06T01:32:32.724+0100][23.277s][info][gc,phases      ] GC(730)   Post Evacuate Collection Set: 0.1ms
[2026-05-06T01:32:32.724+0100][23.277s][info][gc,phases      ] GC(730)   Other: 0.0ms
[2026-05-06T01:32:32.724+0100][23.277s][info][gc,heap        ] GC(730) Eden regions: 8->0(215)
[2026-05-06T01:32:32.724+0100][23.277s][info][gc,heap        ] GC(730) Survivor regions: 1->1(27)
[2026-05-06T01:32:32.724+0100][23.277s][info][gc,heap        ] GC(730) Old regions: 12->12
[2026-05-06T01:32:32.724+0100][23.277s][info][gc,heap        ] GC(730) Humongous regions: 169->96
[2026-05-06T01:32:32.724+0100][23.277s][info][gc,metaspace   ] GC(730) Metaspace: 19191K(19520K)->19191K(19520K) NonClass: 16949K(17152K)->16949K(17152K) Class: 2241K(2368K)->2241K(2368K)
[2026-05-06T01:32:32.724+0100][23.277s][info][gc             ] GC(730) Pause Young (Concurrent Start) (G1 Humongous Allocation) 364M->203M(720M) 0.535ms
[2026-05-06T01:32:32.724+0100][23.277s][info][gc,cpu         ] GC(730) User=0.01s Sys=0.00s Real=0.00s
[2026-05-06T01:32:32.724+0100][23.277s][info][gc             ] GC(731) Concurrent Undo Cycle
[2026-05-06T01:32:32.724+0100][23.277s][info][gc,marking     ] GC(731) Concurrent Clear Claimed Marks
[2026-05-06T01:32:32.724+0100][23.277s][info][gc,marking     ] GC(731) Concurrent Clear Claimed Marks 0.009ms
[2026-05-06T01:32:32.724+0100][23.277s][info][gc,marking     ] GC(731) Concurrent Cleanup for Next Mark
[2026-05-06T01:32:32.724+0100][23.277s][info][gc,marking     ] GC(731) Concurrent Cleanup for Next Mark 0.023ms
[2026-05-06T01:32:32.724+0100][23.277s][info][gc             ] GC(731) Concurrent Undo Cycle 0.056ms
[2026-05-06T01:32:32.752+0100][23.306s][info][gc,start       ] GC(732) Pause Young (Concurrent Start) (G1 Humongous Allocation)
[2026-05-06T01:32:32.752+0100][23.306s][info][gc,task        ] GC(732) Using 9 workers of 9 for evacuation
[2026-05-06T01:32:32.752+0100][23.306s][info][gc,phases      ] GC(732)   Pre Evacuate Collection Set: 0.1ms
[2026-05-06T01:32:32.752+0100][23.306s][info][gc,phases      ] GC(732)   Merge Heap Roots: 0.0ms
[2026-05-06T01:32:32.752+0100][23.306s][info][gc,phases      ] GC(732)   Evacuate Collection Set: 0.2ms
[2026-05-06T01:32:32.752+0100][23.306s][info][gc,phases      ] GC(732)   Post Evacuate Collection Set: 0.1ms
[2026-05-06T01:32:32.752+0100][23.306s][info][gc,phases      ] GC(732)   Other: 0.0ms
[2026-05-06T01:32:32.752+0100][23.306s][info][gc,heap        ] GC(732) Eden regions: 8->0(215)
[2026-05-06T01:32:32.752+0100][23.306s][info][gc,heap        ] GC(732) Survivor regions: 1->1(27)
[2026-05-06T01:32:32.752+0100][23.306s][info][gc,heap        ] GC(732) Old regions: 12->12
[2026-05-06T01:32:32.752+0100][23.306s][info][gc,heap        ] GC(732) Humongous regions: 169->96
[2026-05-06T01:32:32.752+0100][23.306s][info][gc,metaspace   ] GC(732) Metaspace: 19191K(19520K)->19191K(19520K) NonClass: 16949K(17152K)->16949K(17152K) Class: 2241K(2368K)->2241K(2368K)
[2026-05-06T01:32:32.752+0100][23.306s][info][gc             ] GC(732) Pause Young (Concurrent Start) (G1 Humongous Allocation) 364M->203M(720M) 0.504ms
[2026-05-06T01:32:32.752+0100][23.306s][info][gc,cpu         ] GC(732) User=0.00s Sys=0.00s Real=0.00s
[2026-05-06T01:32:32.752+0100][23.306s][info][gc             ] GC(733) Concurrent Undo Cycle
[2026-05-06T01:32:32.752+0100][23.306s][info][gc,marking     ] GC(733) Concurrent Clear Claimed Marks
[2026-05-06T01:32:32.752+0100][23.306s][info][gc,marking     ] GC(733) Concurrent Clear Claimed Marks 0.007ms
[2026-05-06T01:32:32.752+0100][23.306s][info][gc,marking     ] GC(733) Concurrent Cleanup for Next Mark
[2026-05-06T01:32:32.752+0100][23.306s][info][gc,marking     ] GC(733) Concurrent Cleanup for Next Mark 0.023ms
[2026-05-06T01:32:32.752+0100][23.306s][info][gc             ] GC(733) Concurrent Undo Cycle 0.064ms
[2026-05-06T01:32:32.780+0100][23.334s][info][gc,start       ] GC(734) Pause Young (Concurrent Start) (G1 Humongous Allocation)
[2026-05-06T01:32:32.780+0100][23.334s][info][gc,task        ] GC(734) Using 9 workers of 9 for evacuation
[2026-05-06T01:32:32.781+0100][23.335s][info][gc,phases      ] GC(734)   Pre Evacuate Collection Set: 0.1ms
[2026-05-06T01:32:32.781+0100][23.335s][info][gc,phases      ] GC(734)   Merge Heap Roots: 0.0ms
[2026-05-06T01:32:32.781+0100][23.335s][info][gc,phases      ] GC(734)   Evacuate Collection Set: 0.2ms
[2026-05-06T01:32:32.781+0100][23.335s][info][gc,phases      ] GC(734)   Post Evacuate Collection Set: 0.1ms
[2026-05-06T01:32:32.781+0100][23.335s][info][gc,phases      ] GC(734)   Other: 0.0ms
[2026-05-06T01:32:32.781+0100][23.335s][info][gc,heap        ] GC(734) Eden regions: 8->0(215)
[2026-05-06T01:32:32.781+0100][23.335s][info][gc,heap        ] GC(734) Survivor regions: 1->1(27)
[2026-05-06T01:32:32.781+0100][23.335s][info][gc,heap        ] GC(734) Old regions: 12->12
[2026-05-06T01:32:32.781+0100][23.335s][info][gc,heap        ] GC(734) Humongous regions: 169->96
[2026-05-06T01:32:32.781+0100][23.335s][info][gc,metaspace   ] GC(734) Metaspace: 19191K(19520K)->19191K(19520K) NonClass: 16949K(17152K)->16949K(17152K) Class: 2241K(2368K)->2241K(2368K)
[2026-05-06T01:32:32.781+0100][23.335s][info][gc             ] GC(734) Pause Young (Concurrent Start) (G1 Humongous Allocation) 364M->203M(720M) 0.566ms
[2026-05-06T01:32:32.781+0100][23.335s][info][gc,cpu         ] GC(734) User=0.00s Sys=0.01s Real=0.00s
[2026-05-06T01:32:32.781+0100][23.335s][info][gc             ] GC(735) Concurrent Undo Cycle
[2026-05-06T01:32:32.781+0100][23.335s][info][gc,marking     ] GC(735) Concurrent Clear Claimed Marks
[2026-05-06T01:32:32.781+0100][23.335s][info][gc,marking     ] GC(735) Concurrent Clear Claimed Marks 0.006ms
[2026-05-06T01:32:32.781+0100][23.335s][info][gc,marking     ] GC(735) Concurrent Cleanup for Next Mark
[2026-05-06T01:32:32.781+0100][23.335s][info][gc,marking     ] GC(735) Concurrent Cleanup for Next Mark 0.030ms
[2026-05-06T01:32:32.781+0100][23.335s][info][gc             ] GC(735) Concurrent Undo Cycle 0.060ms
[2026-05-06T01:32:32.807+0100][23.360s][info][gc,start       ] GC(736) Pause Full (System.gc())
[2026-05-06T01:32:32.807+0100][23.360s][info][gc,task        ] GC(736) Using 9 workers of 9 for full compaction
[2026-05-06T01:32:32.807+0100][23.360s][info][gc,phases,start] GC(736) Phase 1: Mark live objects
[2026-05-06T01:32:32.809+0100][23.363s][info][gc,phases      ] GC(736) Phase 1: Mark live objects 2.545ms
[2026-05-06T01:32:32.809+0100][23.363s][info][gc,phases,start] GC(736) Phase 2: Prepare compaction
[2026-05-06T01:32:32.810+0100][23.363s][info][gc,phases      ] GC(736) Phase 2: Prepare compaction 0.362ms
[2026-05-06T01:32:32.810+0100][23.363s][info][gc,phases,start] GC(736) Phase 3: Adjust pointers
[2026-05-06T01:32:32.812+0100][23.365s][info][gc,phases      ] GC(736) Phase 3: Adjust pointers 1.899ms
[2026-05-06T01:32:32.812+0100][23.365s][info][gc,phases,start] GC(736) Phase 4: Compact heap
[2026-05-06T01:32:32.812+0100][23.366s][info][gc,phases      ] GC(736) Phase 4: Compact heap 0.303ms
[2026-05-06T01:32:32.812+0100][23.366s][info][gc,phases,start] GC(736) Phase 5: Reset Metadata
[2026-05-06T01:32:32.812+0100][23.366s][info][gc,phases      ] GC(736) Phase 5: Reset Metadata 0.412ms
[2026-05-06T01:32:32.813+0100][23.367s][info][gc,heap        ] GC(736) Eden regions: 4->0(216)
[2026-05-06T01:32:32.813+0100][23.367s][info][gc,heap        ] GC(736) Survivor regions: 1->0(27)
[2026-05-06T01:32:32.813+0100][23.367s][info][gc,heap        ] GC(736) Old regions: 12->12
[2026-05-06T01:32:32.813+0100][23.367s][info][gc,heap        ] GC(736) Humongous regions: 169->96
[2026-05-06T01:32:32.813+0100][23.367s][info][gc,metaspace   ] GC(736) Metaspace: 19191K(19520K)->19191K(19520K) NonClass: 16949K(17152K)->16949K(17152K) Class: 2241K(2368K)->2241K(2368K)
[2026-05-06T01:32:32.813+0100][23.367s][info][gc             ] GC(736) Pause Full (System.gc()) 357M->203M(720M) 6.310ms
[2026-05-06T01:32:32.813+0100][23.367s][info][gc,cpu         ] GC(736) User=0.02s Sys=0.00s Real=0.01s
[2026-05-06T01:32:32.824+0100][23.377s][info][gc,start       ] GC(737) Pause Young (Concurrent Start) (G1 Humongous Allocation)
[2026-05-06T01:32:32.824+0100][23.377s][info][gc,task        ] GC(737) Using 9 workers of 9 for evacuation
[2026-05-06T01:32:32.824+0100][23.378s][info][gc,phases      ] GC(737)   Pre Evacuate Collection Set: 0.1ms
[2026-05-06T01:32:32.824+0100][23.378s][info][gc,phases      ] GC(737)   Merge Heap Roots: 0.0ms
[2026-05-06T01:32:32.824+0100][23.378s][info][gc,phases      ] GC(737)   Evacuate Collection Set: 0.2ms
[2026-05-06T01:32:32.824+0100][23.378s][info][gc,phases      ] GC(737)   Post Evacuate Collection Set: 0.1ms
[2026-05-06T01:32:32.824+0100][23.378s][info][gc,phases      ] GC(737)   Other: 0.0ms
[2026-05-06T01:32:32.824+0100][23.378s][info][gc,heap        ] GC(737) Eden regions: 7->0(215)
[2026-05-06T01:32:32.824+0100][23.378s][info][gc,heap        ] GC(737) Survivor regions: 0->1(27)
[2026-05-06T01:32:32.824+0100][23.378s][info][gc,heap        ] GC(737) Old regions: 12->12
[2026-05-06T01:32:32.824+0100][23.378s][info][gc,heap        ] GC(737) Humongous regions: 96->96
[2026-05-06T01:32:32.824+0100][23.378s][info][gc,metaspace   ] GC(737) Metaspace: 19191K(19520K)->19191K(19520K) NonClass: 16949K(17152K)->16949K(17152K) Class: 2241K(2368K)->2241K(2368K)
[2026-05-06T01:32:32.824+0100][23.378s][info][gc             ] GC(737) Pause Young (Concurrent Start) (G1 Humongous Allocation) 217M->203M(720M) 0.503ms
[2026-05-06T01:32:32.824+0100][23.378s][info][gc,cpu         ] GC(737) User=0.00s Sys=0.00s Real=0.00s
[2026-05-06T01:32:32.824+0100][23.378s][info][gc             ] GC(738) Concurrent Undo Cycle
[2026-05-06T01:32:32.824+0100][23.378s][info][gc,marking     ] GC(738) Concurrent Clear Claimed Marks
[2026-05-06T01:32:32.824+0100][23.378s][info][gc,marking     ] GC(738) Concurrent Clear Claimed Marks 0.007ms
[2026-05-06T01:32:32.824+0100][23.378s][info][gc,marking     ] GC(738) Concurrent Cleanup for Next Mark
[2026-05-06T01:32:32.824+0100][23.378s][info][gc,marking     ] GC(738) Concurrent Cleanup for Next Mark 0.025ms
[2026-05-06T01:32:32.824+0100][23.378s][info][gc             ] GC(738) Concurrent Undo Cycle 0.070ms
[2026-05-06T01:32:32.852+0100][23.406s][info][gc,start       ] GC(739) Pause Young (Concurrent Start) (G1 Humongous Allocation)
[2026-05-06T01:32:32.852+0100][23.406s][info][gc,task        ] GC(739) Using 9 workers of 9 for evacuation
[2026-05-06T01:32:32.852+0100][23.406s][info][gc,phases      ] GC(739)   Pre Evacuate Collection Set: 0.1ms
[2026-05-06T01:32:32.852+0100][23.406s][info][gc,phases      ] GC(739)   Merge Heap Roots: 0.0ms
[2026-05-06T01:32:32.852+0100][23.406s][info][gc,phases      ] GC(739)   Evacuate Collection Set: 0.1ms
[2026-05-06T01:32:32.852+0100][23.406s][info][gc,phases      ] GC(739)   Post Evacuate Collection Set: 0.1ms
[2026-05-06T01:32:32.853+0100][23.406s][info][gc,phases      ] GC(739)   Other: 0.0ms
[2026-05-06T01:32:32.853+0100][23.406s][info][gc,heap        ] GC(739) Eden regions: 8->0(215)
[2026-05-06T01:32:32.853+0100][23.406s][info][gc,heap        ] GC(739) Survivor regions: 1->1(27)
[2026-05-06T01:32:32.853+0100][23.406s][info][gc,heap        ] GC(739) Old regions: 12->12
[2026-05-06T01:32:32.853+0100][23.406s][info][gc,heap        ] GC(739) Humongous regions: 169->96
[2026-05-06T01:32:32.853+0100][23.406s][info][gc,metaspace   ] GC(739) Metaspace: 19191K(19520K)->19191K(19520K) NonClass: 16949K(17152K)->16949K(17152K) Class: 2241K(2368K)->2241K(2368K)
[2026-05-06T01:32:32.853+0100][23.406s][info][gc             ] GC(739) Pause Young (Concurrent Start) (G1 Humongous Allocation) 364M->203M(720M) 0.457ms
[2026-05-06T01:32:32.853+0100][23.406s][info][gc,cpu         ] GC(739) User=0.01s Sys=0.00s Real=0.00s
[2026-05-06T01:32:32.853+0100][23.406s][info][gc             ] GC(740) Concurrent Undo Cycle
[2026-05-06T01:32:32.853+0100][23.406s][info][gc,marking     ] GC(740) Concurrent Clear Claimed Marks
[2026-05-06T01:32:32.853+0100][23.406s][info][gc,marking     ] GC(740) Concurrent Clear Claimed Marks 0.006ms
[2026-05-06T01:32:32.853+0100][23.406s][info][gc,marking     ] GC(740) Concurrent Cleanup for Next Mark
[2026-05-06T01:32:32.853+0100][23.406s][info][gc,marking     ] GC(740) Concurrent Cleanup for Next Mark 0.022ms
[2026-05-06T01:32:32.853+0100][23.406s][info][gc             ] GC(740) Concurrent Undo Cycle 0.050ms
[2026-05-06T01:32:32.881+0100][23.434s][info][gc,start       ] GC(741) Pause Young (Concurrent Start) (G1 Humongous Allocation)
[2026-05-06T01:32:32.881+0100][23.435s][info][gc,task        ] GC(741) Using 9 workers of 9 for evacuation
[2026-05-06T01:32:32.881+0100][23.435s][info][gc,phases      ] GC(741)   Pre Evacuate Collection Set: 0.1ms
[2026-05-06T01:32:32.881+0100][23.435s][info][gc,phases      ] GC(741)   Merge Heap Roots: 0.0ms
[2026-05-06T01:32:32.881+0100][23.435s][info][gc,phases      ] GC(741)   Evacuate Collection Set: 0.1ms
[2026-05-06T01:32:32.881+0100][23.435s][info][gc,phases      ] GC(741)   Post Evacuate Collection Set: 0.1ms
[2026-05-06T01:32:32.881+0100][23.435s][info][gc,phases      ] GC(741)   Other: 0.0ms
[2026-05-06T01:32:32.881+0100][23.435s][info][gc,heap        ] GC(741) Eden regions: 8->0(215)
[2026-05-06T01:32:32.881+0100][23.435s][info][gc,heap        ] GC(741) Survivor regions: 1->1(27)
[2026-05-06T01:32:32.881+0100][23.435s][info][gc,heap        ] GC(741) Old regions: 12->12
[2026-05-06T01:32:32.881+0100][23.435s][info][gc,heap        ] GC(741) Humongous regions: 169->96
[2026-05-06T01:32:32.881+0100][23.435s][info][gc,metaspace   ] GC(741) Metaspace: 19191K(19520K)->19191K(19520K) NonClass: 16949K(17152K)->16949K(17152K) Class: 2241K(2368K)->2241K(2368K)
[2026-05-06T01:32:32.881+0100][23.435s][info][gc             ] GC(741) Pause Young (Concurrent Start) (G1 Humongous Allocation) 364M->203M(720M) 0.462ms
[2026-05-06T01:32:32.881+0100][23.435s][info][gc,cpu         ] GC(741) User=0.00s Sys=0.00s Real=0.00s
[2026-05-06T01:32:32.881+0100][23.435s][info][gc             ] GC(742) Concurrent Undo Cycle
[2026-05-06T01:32:32.881+0100][23.435s][info][gc,marking     ] GC(742) Concurrent Clear Claimed Marks
[2026-05-06T01:32:32.881+0100][23.435s][info][gc,marking     ] GC(742) Concurrent Clear Claimed Marks 0.007ms
[2026-05-06T01:32:32.881+0100][23.435s][info][gc,marking     ] GC(742) Concurrent Cleanup for Next Mark
[2026-05-06T01:32:32.881+0100][23.435s][info][gc,marking     ] GC(742) Concurrent Cleanup for Next Mark 0.040ms
[2026-05-06T01:32:32.881+0100][23.435s][info][gc             ] GC(742) Concurrent Undo Cycle 0.069ms
[2026-05-06T01:32:32.910+0100][23.463s][info][gc,start       ] GC(743) Pause Young (Concurrent Start) (G1 Humongous Allocation)
[2026-05-06T01:32:32.910+0100][23.463s][info][gc,task        ] GC(743) Using 9 workers of 9 for evacuation
[2026-05-06T01:32:32.910+0100][23.464s][info][gc,phases      ] GC(743)   Pre Evacuate Collection Set: 0.1ms
[2026-05-06T01:32:32.910+0100][23.464s][info][gc,phases      ] GC(743)   Merge Heap Roots: 0.0ms
[2026-05-06T01:32:32.910+0100][23.464s][info][gc,phases      ] GC(743)   Evacuate Collection Set: 0.1ms
[2026-05-06T01:32:32.910+0100][23.464s][info][gc,phases      ] GC(743)   Post Evacuate Collection Set: 0.1ms
[2026-05-06T01:32:32.910+0100][23.464s][info][gc,phases      ] GC(743)   Other: 0.0ms
[2026-05-06T01:32:32.910+0100][23.464s][info][gc,heap        ] GC(743) Eden regions: 8->0(215)
[2026-05-06T01:32:32.910+0100][23.464s][info][gc,heap        ] GC(743) Survivor regions: 1->1(27)
[2026-05-06T01:32:32.910+0100][23.464s][info][gc,heap        ] GC(743) Old regions: 12->12
[2026-05-06T01:32:32.910+0100][23.464s][info][gc,heap        ] GC(743) Humongous regions: 169->96
[2026-05-06T01:32:32.910+0100][23.464s][info][gc,metaspace   ] GC(743) Metaspace: 19191K(19520K)->19191K(19520K) NonClass: 16949K(17152K)->16949K(17152K) Class: 2241K(2368K)->2241K(2368K)
[2026-05-06T01:32:32.910+0100][23.464s][info][gc             ] GC(743) Pause Young (Concurrent Start) (G1 Humongous Allocation) 364M->203M(720M) 0.418ms
[2026-05-06T01:32:32.910+0100][23.464s][info][gc,cpu         ] GC(743) User=0.00s Sys=0.00s Real=0.00s
[2026-05-06T01:32:32.910+0100][23.464s][info][gc             ] GC(744) Concurrent Undo Cycle
[2026-05-06T01:32:32.910+0100][23.464s][info][gc,marking     ] GC(744) Concurrent Clear Claimed Marks
[2026-05-06T01:32:32.910+0100][23.464s][info][gc,marking     ] GC(744) Concurrent Clear Claimed Marks 0.007ms
[2026-05-06T01:32:32.910+0100][23.464s][info][gc,marking     ] GC(744) Concurrent Cleanup for Next Mark
[2026-05-06T01:32:32.910+0100][23.464s][info][gc,marking     ] GC(744) Concurrent Cleanup for Next Mark 0.034ms
[2026-05-06T01:32:32.910+0100][23.464s][info][gc             ] GC(744) Concurrent Undo Cycle 0.064ms
[2026-05-06T01:32:32.938+0100][23.492s][info][gc,start       ] GC(745) Pause Young (Concurrent Start) (G1 Humongous Allocation)
[2026-05-06T01:32:32.938+0100][23.492s][info][gc,task        ] GC(745) Using 9 workers of 9 for evacuation
[2026-05-06T01:32:32.939+0100][23.492s][info][gc,phases      ] GC(745)   Pre Evacuate Collection Set: 0.1ms
[2026-05-06T01:32:32.939+0100][23.492s][info][gc,phases      ] GC(745)   Merge Heap Roots: 0.0ms
[2026-05-06T01:32:32.939+0100][23.493s][info][gc,phases      ] GC(745)   Evacuate Collection Set: 0.1ms
[2026-05-06T01:32:32.939+0100][23.493s][info][gc,phases      ] GC(745)   Post Evacuate Collection Set: 0.1ms
[2026-05-06T01:32:32.939+0100][23.493s][info][gc,phases      ] GC(745)   Other: 0.0ms
[2026-05-06T01:32:32.939+0100][23.493s][info][gc,heap        ] GC(745) Eden regions: 8->0(215)
[2026-05-06T01:32:32.939+0100][23.493s][info][gc,heap        ] GC(745) Survivor regions: 1->1(27)
[2026-05-06T01:32:32.939+0100][23.493s][info][gc,heap        ] GC(745) Old regions: 12->12
[2026-05-06T01:32:32.939+0100][23.493s][info][gc,heap        ] GC(745) Humongous regions: 169->96
[2026-05-06T01:32:32.939+0100][23.493s][info][gc,metaspace   ] GC(745) Metaspace: 19191K(19520K)->19191K(19520K) NonClass: 16949K(17152K)->16949K(17152K) Class: 2241K(2368K)->2241K(2368K)
[2026-05-06T01:32:32.939+0100][23.493s][info][gc             ] GC(745) Pause Young (Concurrent Start) (G1 Humongous Allocation) 364M->203M(720M) 0.459ms
[2026-05-06T01:32:32.939+0100][23.493s][info][gc,cpu         ] GC(745) User=0.00s Sys=0.00s Real=0.00s
[2026-05-06T01:32:32.939+0100][23.493s][info][gc             ] GC(746) Concurrent Undo Cycle
[2026-05-06T01:32:32.939+0100][23.493s][info][gc,marking     ] GC(746) Concurrent Clear Claimed Marks
[2026-05-06T01:32:32.939+0100][23.493s][info][gc,marking     ] GC(746) Concurrent Clear Claimed Marks 0.007ms
[2026-05-06T01:32:32.939+0100][23.493s][info][gc,marking     ] GC(746) Concurrent Cleanup for Next Mark
[2026-05-06T01:32:32.939+0100][23.493s][info][gc,marking     ] GC(746) Concurrent Cleanup for Next Mark 0.034ms
[2026-05-06T01:32:32.939+0100][23.493s][info][gc             ] GC(746) Concurrent Undo Cycle 0.068ms
[2026-05-06T01:32:32.967+0100][23.520s][info][gc,start       ] GC(747) Pause Young (Concurrent Start) (G1 Humongous Allocation)
[2026-05-06T01:32:32.967+0100][23.520s][info][gc,task        ] GC(747) Using 9 workers of 9 for evacuation
[2026-05-06T01:32:32.967+0100][23.521s][info][gc,phases      ] GC(747)   Pre Evacuate Collection Set: 0.1ms
[2026-05-06T01:32:32.967+0100][23.521s][info][gc,phases      ] GC(747)   Merge Heap Roots: 0.0ms
[2026-05-06T01:32:32.967+0100][23.521s][info][gc,phases      ] GC(747)   Evacuate Collection Set: 0.1ms
[2026-05-06T01:32:32.967+0100][23.521s][info][gc,phases      ] GC(747)   Post Evacuate Collection Set: 0.1ms
[2026-05-06T01:32:32.967+0100][23.521s][info][gc,phases      ] GC(747)   Other: 0.0ms
[2026-05-06T01:32:32.967+0100][23.521s][info][gc,heap        ] GC(747) Eden regions: 8->0(215)
[2026-05-06T01:32:32.967+0100][23.521s][info][gc,heap        ] GC(747) Survivor regions: 1->1(27)
[2026-05-06T01:32:32.967+0100][23.521s][info][gc,heap        ] GC(747) Old regions: 12->12
[2026-05-06T01:32:32.967+0100][23.521s][info][gc,heap        ] GC(747) Humongous regions: 169->96
[2026-05-06T01:32:32.967+0100][23.521s][info][gc,metaspace   ] GC(747) Metaspace: 19191K(19520K)->19191K(19520K) NonClass: 16949K(17152K)->16949K(17152K) Class: 2241K(2368K)->2241K(2368K)
[2026-05-06T01:32:32.967+0100][23.521s][info][gc             ] GC(747) Pause Young (Concurrent Start) (G1 Humongous Allocation) 364M->203M(720M) 0.394ms
[2026-05-06T01:32:32.967+0100][23.521s][info][gc,cpu         ] GC(747) User=0.00s Sys=0.00s Real=0.00s
[2026-05-06T01:32:32.967+0100][23.521s][info][gc             ] GC(748) Concurrent Undo Cycle
[2026-05-06T01:32:32.967+0100][23.521s][info][gc,marking     ] GC(748) Concurrent Clear Claimed Marks
[2026-05-06T01:32:32.967+0100][23.521s][info][gc,marking     ] GC(748) Concurrent Clear Claimed Marks 0.006ms
[2026-05-06T01:32:32.967+0100][23.521s][info][gc,marking     ] GC(748) Concurrent Cleanup for Next Mark
[2026-05-06T01:32:32.967+0100][23.521s][info][gc,marking     ] GC(748) Concurrent Cleanup for Next Mark 0.021ms
[2026-05-06T01:32:32.967+0100][23.521s][info][gc             ] GC(748) Concurrent Undo Cycle 0.050ms
[2026-05-06T01:32:32.994+0100][23.548s][info][gc,start       ] GC(749) Pause Young (Concurrent Start) (G1 Humongous Allocation)
[2026-05-06T01:32:32.994+0100][23.548s][info][gc,task        ] GC(749) Using 9 workers of 9 for evacuation
[2026-05-06T01:32:32.995+0100][23.548s][info][gc,phases      ] GC(749)   Pre Evacuate Collection Set: 0.1ms
[2026-05-06T01:32:32.995+0100][23.548s][info][gc,phases      ] GC(749)   Merge Heap Roots: 0.0ms
[2026-05-06T01:32:32.995+0100][23.548s][info][gc,phases      ] GC(749)   Evacuate Collection Set: 0.2ms
[2026-05-06T01:32:32.995+0100][23.548s][info][gc,phases      ] GC(749)   Post Evacuate Collection Set: 0.1ms
[2026-05-06T01:32:32.995+0100][23.548s][info][gc,phases      ] GC(749)   Other: 0.0ms
[2026-05-06T01:32:32.995+0100][23.548s][info][gc,heap        ] GC(749) Eden regions: 8->0(215)
[2026-05-06T01:32:32.995+0100][23.548s][info][gc,heap        ] GC(749) Survivor regions: 1->1(27)
[2026-05-06T01:32:32.995+0100][23.548s][info][gc,heap        ] GC(749) Old regions: 12->12
[2026-05-06T01:32:32.995+0100][23.548s][info][gc,heap        ] GC(749) Humongous regions: 169->96
[2026-05-06T01:32:32.995+0100][23.548s][info][gc,metaspace   ] GC(749) Metaspace: 19191K(19520K)->19191K(19520K) NonClass: 16949K(17152K)->16949K(17152K) Class: 2241K(2368K)->2241K(2368K)
[2026-05-06T01:32:32.995+0100][23.548s][info][gc             ] GC(749) Pause Young (Concurrent Start) (G1 Humongous Allocation) 364M->203M(720M) 0.493ms
[2026-05-06T01:32:32.995+0100][23.548s][info][gc,cpu         ] GC(749) User=0.00s Sys=0.00s Real=0.00s
[2026-05-06T01:32:32.995+0100][23.548s][info][gc             ] GC(750) Concurrent Undo Cycle
[2026-05-06T01:32:32.995+0100][23.549s][info][gc,marking     ] GC(750) Concurrent Clear Claimed Marks
[2026-05-06T01:32:32.995+0100][23.549s][info][gc,marking     ] GC(750) Concurrent Clear Claimed Marks 0.007ms
[2026-05-06T01:32:32.995+0100][23.549s][info][gc,marking     ] GC(750) Concurrent Cleanup for Next Mark
[2026-05-06T01:32:32.995+0100][23.549s][info][gc,marking     ] GC(750) Concurrent Cleanup for Next Mark 0.032ms
[2026-05-06T01:32:32.995+0100][23.549s][info][gc             ] GC(750) Concurrent Undo Cycle 0.066ms
[2026-05-06T01:32:33.022+0100][23.576s][info][gc,start       ] GC(751) Pause Young (Concurrent Start) (G1 Humongous Allocation)
[2026-05-06T01:32:33.022+0100][23.576s][info][gc,task        ] GC(751) Using 9 workers of 9 for evacuation
[2026-05-06T01:32:33.023+0100][23.577s][info][gc,phases      ] GC(751)   Pre Evacuate Collection Set: 0.1ms
[2026-05-06T01:32:33.023+0100][23.577s][info][gc,phases      ] GC(751)   Merge Heap Roots: 0.0ms
[2026-05-06T01:32:33.023+0100][23.577s][info][gc,phases      ] GC(751)   Evacuate Collection Set: 0.2ms
[2026-05-06T01:32:33.023+0100][23.577s][info][gc,phases      ] GC(751)   Post Evacuate Collection Set: 0.1ms
[2026-05-06T01:32:33.023+0100][23.577s][info][gc,phases      ] GC(751)   Other: 0.0ms
[2026-05-06T01:32:33.023+0100][23.577s][info][gc,heap        ] GC(751) Eden regions: 8->0(215)
[2026-05-06T01:32:33.023+0100][23.577s][info][gc,heap        ] GC(751) Survivor regions: 1->1(27)
[2026-05-06T01:32:33.023+0100][23.577s][info][gc,heap        ] GC(751) Old regions: 12->12
[2026-05-06T01:32:33.023+0100][23.577s][info][gc,heap        ] GC(751) Humongous regions: 169->96
[2026-05-06T01:32:33.023+0100][23.577s][info][gc,metaspace   ] GC(751) Metaspace: 19191K(19520K)->19191K(19520K) NonClass: 16949K(17152K)->16949K(17152K) Class: 2241K(2368K)->2241K(2368K)
[2026-05-06T01:32:33.023+0100][23.577s][info][gc             ] GC(751) Pause Young (Concurrent Start) (G1 Humongous Allocation) 364M->203M(720M) 0.575ms
[2026-05-06T01:32:33.023+0100][23.577s][info][gc,cpu         ] GC(751) User=0.00s Sys=0.00s Real=0.00s
[2026-05-06T01:32:33.023+0100][23.577s][info][gc             ] GC(752) Concurrent Undo Cycle
[2026-05-06T01:32:33.023+0100][23.577s][info][gc,marking     ] GC(752) Concurrent Clear Claimed Marks
[2026-05-06T01:32:33.023+0100][23.577s][info][gc,marking     ] GC(752) Concurrent Clear Claimed Marks 0.006ms
[2026-05-06T01:32:33.023+0100][23.577s][info][gc,marking     ] GC(752) Concurrent Cleanup for Next Mark
[2026-05-06T01:32:33.023+0100][23.577s][info][gc,marking     ] GC(752) Concurrent Cleanup for Next Mark 0.032ms
[2026-05-06T01:32:33.023+0100][23.577s][info][gc             ] GC(752) Concurrent Undo Cycle 0.064ms
[2026-05-06T01:32:33.055+0100][23.608s][info][gc,start       ] GC(753) Pause Young (Concurrent Start) (G1 Humongous Allocation)
[2026-05-06T01:32:33.055+0100][23.608s][info][gc,task        ] GC(753) Using 9 workers of 9 for evacuation
[2026-05-06T01:32:33.055+0100][23.609s][info][gc,phases      ] GC(753)   Pre Evacuate Collection Set: 0.1ms
[2026-05-06T01:32:33.055+0100][23.609s][info][gc,phases      ] GC(753)   Merge Heap Roots: 0.0ms
[2026-05-06T01:32:33.055+0100][23.609s][info][gc,phases      ] GC(753)   Evacuate Collection Set: 0.2ms
[2026-05-06T01:32:33.055+0100][23.609s][info][gc,phases      ] GC(753)   Post Evacuate Collection Set: 0.1ms
[2026-05-06T01:32:33.055+0100][23.609s][info][gc,phases      ] GC(753)   Other: 0.0ms
[2026-05-06T01:32:33.055+0100][23.609s][info][gc,heap        ] GC(753) Eden regions: 8->0(215)
[2026-05-06T01:32:33.055+0100][23.609s][info][gc,heap        ] GC(753) Survivor regions: 1->1(27)
[2026-05-06T01:32:33.055+0100][23.609s][info][gc,heap        ] GC(753) Old regions: 12->12
[2026-05-06T01:32:33.055+0100][23.609s][info][gc,heap        ] GC(753) Humongous regions: 169->96
[2026-05-06T01:32:33.055+0100][23.609s][info][gc,metaspace   ] GC(753) Metaspace: 19191K(19520K)->19191K(19520K) NonClass: 16949K(17152K)->16949K(17152K) Class: 2241K(2368K)->2241K(2368K)
[2026-05-06T01:32:33.055+0100][23.609s][info][gc             ] GC(753) Pause Young (Concurrent Start) (G1 Humongous Allocation) 364M->203M(720M) 0.577ms
[2026-05-06T01:32:33.055+0100][23.609s][info][gc,cpu         ] GC(753) User=0.00s Sys=0.00s Real=0.00s
[2026-05-06T01:32:33.055+0100][23.609s][info][gc             ] GC(754) Concurrent Undo Cycle
[2026-05-06T01:32:33.055+0100][23.609s][info][gc,marking     ] GC(754) Concurrent Clear Claimed Marks
[2026-05-06T01:32:33.055+0100][23.609s][info][gc,marking     ] GC(754) Concurrent Clear Claimed Marks 0.016ms
[2026-05-06T01:32:33.055+0100][23.609s][info][gc,marking     ] GC(754) Concurrent Cleanup for Next Mark
[2026-05-06T01:32:33.055+0100][23.609s][info][gc,marking     ] GC(754) Concurrent Cleanup for Next Mark 0.042ms
[2026-05-06T01:32:33.055+0100][23.609s][info][gc             ] GC(754) Concurrent Undo Cycle 0.094ms
[2026-05-06T01:32:33.090+0100][23.644s][info][gc,start       ] GC(755) Pause Young (Concurrent Start) (G1 Humongous Allocation)
[2026-05-06T01:32:33.090+0100][23.644s][info][gc,task        ] GC(755) Using 9 workers of 9 for evacuation
[2026-05-06T01:32:33.090+0100][23.644s][info][gc,phases      ] GC(755)   Pre Evacuate Collection Set: 0.1ms
[2026-05-06T01:32:33.090+0100][23.644s][info][gc,phases      ] GC(755)   Merge Heap Roots: 0.0ms
[2026-05-06T01:32:33.090+0100][23.644s][info][gc,phases      ] GC(755)   Evacuate Collection Set: 0.2ms
[2026-05-06T01:32:33.090+0100][23.644s][info][gc,phases      ] GC(755)   Post Evacuate Collection Set: 0.1ms
[2026-05-06T01:32:33.090+0100][23.644s][info][gc,phases      ] GC(755)   Other: 0.0ms
[2026-05-06T01:32:33.090+0100][23.644s][info][gc,heap        ] GC(755) Eden regions: 8->0(215)
[2026-05-06T01:32:33.090+0100][23.644s][info][gc,heap        ] GC(755) Survivor regions: 1->1(27)
[2026-05-06T01:32:33.091+0100][23.644s][info][gc,heap        ] GC(755) Old regions: 12->12
[2026-05-06T01:32:33.091+0100][23.644s][info][gc,heap        ] GC(755) Humongous regions: 169->96
[2026-05-06T01:32:33.091+0100][23.644s][info][gc,metaspace   ] GC(755) Metaspace: 19191K(19520K)->19191K(19520K) NonClass: 16949K(17152K)->16949K(17152K) Class: 2241K(2368K)->2241K(2368K)
[2026-05-06T01:32:33.091+0100][23.644s][info][gc             ] GC(755) Pause Young (Concurrent Start) (G1 Humongous Allocation) 364M->203M(720M) 0.651ms
[2026-05-06T01:32:33.091+0100][23.644s][info][gc,cpu         ] GC(755) User=0.00s Sys=0.00s Real=0.00s
[2026-05-06T01:32:33.091+0100][23.644s][info][gc             ] GC(756) Concurrent Undo Cycle
[2026-05-06T01:32:33.091+0100][23.644s][info][gc,marking     ] GC(756) Concurrent Clear Claimed Marks
[2026-05-06T01:32:33.091+0100][23.644s][info][gc,marking     ] GC(756) Concurrent Clear Claimed Marks 0.010ms
[2026-05-06T01:32:33.091+0100][23.644s][info][gc,marking     ] GC(756) Concurrent Cleanup for Next Mark
[2026-05-06T01:32:33.091+0100][23.644s][info][gc,marking     ] GC(756) Concurrent Cleanup for Next Mark 0.038ms
[2026-05-06T01:32:33.091+0100][23.644s][info][gc             ] GC(756) Concurrent Undo Cycle 0.082ms
[2026-05-06T01:32:33.122+0100][23.675s][info][gc,start       ] GC(757) Pause Young (Concurrent Start) (G1 Humongous Allocation)
[2026-05-06T01:32:33.122+0100][23.675s][info][gc,task        ] GC(757) Using 9 workers of 9 for evacuation
[2026-05-06T01:32:33.122+0100][23.676s][info][gc,phases      ] GC(757)   Pre Evacuate Collection Set: 0.1ms
[2026-05-06T01:32:33.122+0100][23.676s][info][gc,phases      ] GC(757)   Merge Heap Roots: 0.0ms
[2026-05-06T01:32:33.122+0100][23.676s][info][gc,phases      ] GC(757)   Evacuate Collection Set: 0.2ms
[2026-05-06T01:32:33.122+0100][23.676s][info][gc,phases      ] GC(757)   Post Evacuate Collection Set: 0.1ms
[2026-05-06T01:32:33.122+0100][23.676s][info][gc,phases      ] GC(757)   Other: 0.0ms
[2026-05-06T01:32:33.122+0100][23.676s][info][gc,heap        ] GC(757) Eden regions: 4->0(215)
[2026-05-06T01:32:33.122+0100][23.676s][info][gc,heap        ] GC(757) Survivor regions: 1->1(27)
[2026-05-06T01:32:33.122+0100][23.676s][info][gc,heap        ] GC(757) Old regions: 12->12
[2026-05-06T01:32:33.122+0100][23.676s][info][gc,heap        ] GC(757) Humongous regions: 169->96
[2026-05-06T01:32:33.122+0100][23.676s][info][gc,metaspace   ] GC(757) Metaspace: 19191K(19520K)->19191K(19520K) NonClass: 16949K(17152K)->16949K(17152K) Class: 2241K(2368K)->2241K(2368K)
[2026-05-06T01:32:33.122+0100][23.676s][info][gc             ] GC(757) Pause Young (Concurrent Start) (G1 Humongous Allocation) 357M->203M(720M) 0.536ms
[2026-05-06T01:32:33.122+0100][23.676s][info][gc,cpu         ] GC(757) User=0.00s Sys=0.00s Real=0.00s
[2026-05-06T01:32:33.122+0100][23.676s][info][gc             ] GC(758) Concurrent Undo Cycle
[2026-05-06T01:32:33.122+0100][23.676s][info][gc,marking     ] GC(758) Concurrent Clear Claimed Marks
[2026-05-06T01:32:33.122+0100][23.676s][info][gc,marking     ] GC(758) Concurrent Clear Claimed Marks 0.007ms
[2026-05-06T01:32:33.122+0100][23.676s][info][gc,marking     ] GC(758) Concurrent Cleanup for Next Mark
[2026-05-06T01:32:33.122+0100][23.676s][info][gc,marking     ] GC(758) Concurrent Cleanup for Next Mark 0.029ms
[2026-05-06T01:32:33.122+0100][23.676s][info][gc             ] GC(758) Concurrent Undo Cycle 0.069ms
[2026-05-06T01:32:33.151+0100][23.705s][info][gc,start       ] GC(759) Pause Young (Concurrent Start) (G1 Humongous Allocation)
[2026-05-06T01:32:33.151+0100][23.705s][info][gc,task        ] GC(759) Using 9 workers of 9 for evacuation
[2026-05-06T01:32:33.152+0100][23.705s][info][gc,phases      ] GC(759)   Pre Evacuate Collection Set: 0.1ms
[2026-05-06T01:32:33.152+0100][23.705s][info][gc,phases      ] GC(759)   Merge Heap Roots: 0.0ms
[2026-05-06T01:32:33.152+0100][23.705s][info][gc,phases      ] GC(759)   Evacuate Collection Set: 0.2ms
[2026-05-06T01:32:33.152+0100][23.705s][info][gc,phases      ] GC(759)   Post Evacuate Collection Set: 0.1ms
[2026-05-06T01:32:33.152+0100][23.705s][info][gc,phases      ] GC(759)   Other: 0.0ms
[2026-05-06T01:32:33.152+0100][23.705s][info][gc,heap        ] GC(759) Eden regions: 1->0(215)
[2026-05-06T01:32:33.152+0100][23.705s][info][gc,heap        ] GC(759) Survivor regions: 1->1(27)
[2026-05-06T01:32:33.152+0100][23.705s][info][gc,heap        ] GC(759) Old regions: 12->12
[2026-05-06T01:32:33.152+0100][23.705s][info][gc,heap        ] GC(759) Humongous regions: 169->96
[2026-05-06T01:32:33.152+0100][23.705s][info][gc,metaspace   ] GC(759) Metaspace: 19191K(19520K)->19191K(19520K) NonClass: 16949K(17152K)->16949K(17152K) Class: 2241K(2368K)->2241K(2368K)
[2026-05-06T01:32:33.152+0100][23.705s][info][gc             ] GC(759) Pause Young (Concurrent Start) (G1 Humongous Allocation) 350M->203M(720M) 0.522ms
[2026-05-06T01:32:33.152+0100][23.705s][info][gc,cpu         ] GC(759) User=0.01s Sys=0.00s Real=0.00s
[2026-05-06T01:32:33.152+0100][23.705s][info][gc             ] GC(760) Concurrent Undo Cycle
[2026-05-06T01:32:33.152+0100][23.705s][info][gc,marking     ] GC(760) Concurrent Clear Claimed Marks
[2026-05-06T01:32:33.152+0100][23.705s][info][gc,marking     ] GC(760) Concurrent Clear Claimed Marks 0.007ms
[2026-05-06T01:32:33.152+0100][23.705s][info][gc,marking     ] GC(760) Concurrent Cleanup for Next Mark
[2026-05-06T01:32:33.152+0100][23.705s][info][gc,marking     ] GC(760) Concurrent Cleanup for Next Mark 0.037ms
[2026-05-06T01:32:33.152+0100][23.705s][info][gc             ] GC(760) Concurrent Undo Cycle 0.074ms
[2026-05-06T01:32:33.177+0100][23.731s][info][gc,start       ] GC(761) Pause Young (Concurrent Start) (G1 Humongous Allocation)
[2026-05-06T01:32:33.177+0100][23.731s][info][gc,task        ] GC(761) Using 9 workers of 9 for evacuation
[2026-05-06T01:32:33.178+0100][23.732s][info][gc,phases      ] GC(761)   Pre Evacuate Collection Set: 0.1ms
[2026-05-06T01:32:33.178+0100][23.732s][info][gc,phases      ] GC(761)   Merge Heap Roots: 0.0ms
[2026-05-06T01:32:33.178+0100][23.732s][info][gc,phases      ] GC(761)   Evacuate Collection Set: 0.1ms
[2026-05-06T01:32:33.178+0100][23.732s][info][gc,phases      ] GC(761)   Post Evacuate Collection Set: 0.1ms
[2026-05-06T01:32:33.178+0100][23.732s][info][gc,phases      ] GC(761)   Other: 0.0ms
[2026-05-06T01:32:33.178+0100][23.732s][info][gc,heap        ] GC(761) Eden regions: 1->0(215)
[2026-05-06T01:32:33.178+0100][23.732s][info][gc,heap        ] GC(761) Survivor regions: 1->1(27)
[2026-05-06T01:32:33.178+0100][23.732s][info][gc,heap        ] GC(761) Old regions: 12->12
[2026-05-06T01:32:33.178+0100][23.732s][info][gc,heap        ] GC(761) Humongous regions: 169->96
[2026-05-06T01:32:33.178+0100][23.732s][info][gc,metaspace   ] GC(761) Metaspace: 19191K(19520K)->19191K(19520K) NonClass: 16949K(17152K)->16949K(17152K) Class: 2241K(2368K)->2241K(2368K)
[2026-05-06T01:32:33.178+0100][23.732s][info][gc             ] GC(761) Pause Young (Concurrent Start) (G1 Humongous Allocation) 350M->203M(720M) 0.471ms
[2026-05-06T01:32:33.178+0100][23.732s][info][gc,cpu         ] GC(761) User=0.00s Sys=0.00s Real=0.00s
[2026-05-06T01:32:33.178+0100][23.732s][info][gc             ] GC(762) Concurrent Undo Cycle
[2026-05-06T01:32:33.178+0100][23.732s][info][gc,marking     ] GC(762) Concurrent Clear Claimed Marks
[2026-05-06T01:32:33.178+0100][23.732s][info][gc,marking     ] GC(762) Concurrent Clear Claimed Marks 0.007ms
[2026-05-06T01:32:33.178+0100][23.732s][info][gc,marking     ] GC(762) Concurrent Cleanup for Next Mark
[2026-05-06T01:32:33.178+0100][23.732s][info][gc,marking     ] GC(762) Concurrent Cleanup for Next Mark 0.027ms
[2026-05-06T01:32:33.178+0100][23.732s][info][gc             ] GC(762) Concurrent Undo Cycle 0.067ms
[2026-05-06T01:32:33.195+0100][23.748s][info][gc,start       ] GC(763) Pause Full (System.gc())
[2026-05-06T01:32:33.195+0100][23.748s][info][gc,task        ] GC(763) Using 9 workers of 9 for full compaction
[2026-05-06T01:32:33.195+0100][23.748s][info][gc,phases,start] GC(763) Phase 1: Mark live objects
[2026-05-06T01:32:33.197+0100][23.751s][info][gc,phases      ] GC(763) Phase 1: Mark live objects 2.322ms
[2026-05-06T01:32:33.197+0100][23.751s][info][gc,phases,start] GC(763) Phase 2: Prepare compaction
[2026-05-06T01:32:33.197+0100][23.751s][info][gc,phases      ] GC(763) Phase 2: Prepare compaction 0.322ms
[2026-05-06T01:32:33.197+0100][23.751s][info][gc,phases,start] GC(763) Phase 3: Adjust pointers
[2026-05-06T01:32:33.199+0100][23.753s][info][gc,phases      ] GC(763) Phase 3: Adjust pointers 1.743ms
[2026-05-06T01:32:33.199+0100][23.753s][info][gc,phases,start] GC(763) Phase 4: Compact heap
[2026-05-06T01:32:33.199+0100][23.753s][info][gc,phases      ] GC(763) Phase 4: Compact heap 0.266ms
[2026-05-06T01:32:33.199+0100][23.753s][info][gc,phases,start] GC(763) Phase 5: Reset Metadata
[2026-05-06T01:32:33.200+0100][23.753s][info][gc,phases      ] GC(763) Phase 5: Reset Metadata 0.320ms
[2026-05-06T01:32:33.200+0100][23.754s][info][gc,heap        ] GC(763) Eden regions: 1->0(216)
[2026-05-06T01:32:33.200+0100][23.754s][info][gc,heap        ] GC(763) Survivor regions: 1->0(27)
[2026-05-06T01:32:33.200+0100][23.754s][info][gc,heap        ] GC(763) Old regions: 12->12
[2026-05-06T01:32:33.200+0100][23.754s][info][gc,heap        ] GC(763) Humongous regions: 169->96
[2026-05-06T01:32:33.200+0100][23.754s][info][gc,metaspace   ] GC(763) Metaspace: 19191K(19520K)->19191K(19520K) NonClass: 16949K(17152K)->16949K(17152K) Class: 2241K(2368K)->2241K(2368K)
[2026-05-06T01:32:33.200+0100][23.754s][info][gc             ] GC(763) Pause Full (System.gc()) 350M->203M(720M) 5.557ms
[2026-05-06T01:32:33.200+0100][23.754s][info][gc,cpu         ] GC(763) User=0.02s Sys=0.01s Real=0.01s
[2026-05-06T01:32:33.210+0100][23.763s][info][gc,start       ] GC(764) Pause Young (Concurrent Start) (G1 Humongous Allocation)
[2026-05-06T01:32:33.210+0100][23.763s][info][gc,task        ] GC(764) Using 9 workers of 9 for evacuation
[2026-05-06T01:32:33.210+0100][23.764s][info][gc,phases      ] GC(764)   Pre Evacuate Collection Set: 0.1ms
[2026-05-06T01:32:33.210+0100][23.764s][info][gc,phases      ] GC(764)   Merge Heap Roots: 0.0ms
[2026-05-06T01:32:33.210+0100][23.764s][info][gc,phases      ] GC(764)   Evacuate Collection Set: 0.1ms
[2026-05-06T01:32:33.210+0100][23.764s][info][gc,phases      ] GC(764)   Post Evacuate Collection Set: 0.1ms
[2026-05-06T01:32:33.210+0100][23.764s][info][gc,phases      ] GC(764)   Other: 0.0ms
[2026-05-06T01:32:33.210+0100][23.764s][info][gc,heap        ] GC(764) Eden regions: 1->0(215)
[2026-05-06T01:32:33.210+0100][23.764s][info][gc,heap        ] GC(764) Survivor regions: 0->1(27)
[2026-05-06T01:32:33.210+0100][23.764s][info][gc,heap        ] GC(764) Old regions: 12->12
[2026-05-06T01:32:33.210+0100][23.764s][info][gc,heap        ] GC(764) Humongous regions: 96->96
[2026-05-06T01:32:33.210+0100][23.764s][info][gc,metaspace   ] GC(764) Metaspace: 19191K(19520K)->19191K(19520K) NonClass: 16949K(17152K)->16949K(17152K) Class: 2241K(2368K)->2241K(2368K)
[2026-05-06T01:32:33.210+0100][23.764s][info][gc             ] GC(764) Pause Young (Concurrent Start) (G1 Humongous Allocation) 204M->203M(720M) 0.444ms
[2026-05-06T01:32:33.210+0100][23.764s][info][gc,cpu         ] GC(764) User=0.00s Sys=0.00s Real=0.00s
[2026-05-06T01:32:33.210+0100][23.764s][info][gc             ] GC(765) Concurrent Undo Cycle
[2026-05-06T01:32:33.210+0100][23.764s][info][gc,marking     ] GC(765) Concurrent Clear Claimed Marks
[2026-05-06T01:32:33.210+0100][23.764s][info][gc,marking     ] GC(765) Concurrent Clear Claimed Marks 0.007ms
[2026-05-06T01:32:33.210+0100][23.764s][info][gc,marking     ] GC(765) Concurrent Cleanup for Next Mark
[2026-05-06T01:32:33.210+0100][23.764s][info][gc,marking     ] GC(765) Concurrent Cleanup for Next Mark 0.038ms
[2026-05-06T01:32:33.210+0100][23.764s][info][gc             ] GC(765) Concurrent Undo Cycle 0.075ms
[2026-05-06T01:32:33.237+0100][23.791s][info][gc,start       ] GC(766) Pause Young (Concurrent Start) (G1 Humongous Allocation)
[2026-05-06T01:32:33.237+0100][23.791s][info][gc,task        ] GC(766) Using 9 workers of 9 for evacuation
[2026-05-06T01:32:33.237+0100][23.791s][info][gc,phases      ] GC(766)   Pre Evacuate Collection Set: 0.1ms
[2026-05-06T01:32:33.237+0100][23.791s][info][gc,phases      ] GC(766)   Merge Heap Roots: 0.0ms
[2026-05-06T01:32:33.237+0100][23.791s][info][gc,phases      ] GC(766)   Evacuate Collection Set: 0.1ms
[2026-05-06T01:32:33.237+0100][23.791s][info][gc,phases      ] GC(766)   Post Evacuate Collection Set: 0.1ms
[2026-05-06T01:32:33.237+0100][23.791s][info][gc,phases      ] GC(766)   Other: 0.0ms
[2026-05-06T01:32:33.237+0100][23.791s][info][gc,heap        ] GC(766) Eden regions: 1->0(215)
[2026-05-06T01:32:33.237+0100][23.791s][info][gc,heap        ] GC(766) Survivor regions: 1->1(27)
[2026-05-06T01:32:33.237+0100][23.791s][info][gc,heap        ] GC(766) Old regions: 12->12
[2026-05-06T01:32:33.237+0100][23.791s][info][gc,heap        ] GC(766) Humongous regions: 169->96
[2026-05-06T01:32:33.237+0100][23.791s][info][gc,metaspace   ] GC(766) Metaspace: 19191K(19520K)->19191K(19520K) NonClass: 16949K(17152K)->16949K(17152K) Class: 2241K(2368K)->2241K(2368K)
[2026-05-06T01:32:33.237+0100][23.791s][info][gc             ] GC(766) Pause Young (Concurrent Start) (G1 Humongous Allocation) 350M->203M(720M) 0.499ms
[2026-05-06T01:32:33.237+0100][23.791s][info][gc,cpu         ] GC(766) User=0.00s Sys=0.00s Real=0.00s
[2026-05-06T01:32:33.237+0100][23.791s][info][gc             ] GC(767) Concurrent Undo Cycle
[2026-05-06T01:32:33.237+0100][23.791s][info][gc,marking     ] GC(767) Concurrent Clear Claimed Marks
[2026-05-06T01:32:33.237+0100][23.791s][info][gc,marking     ] GC(767) Concurrent Clear Claimed Marks 0.015ms
[2026-05-06T01:32:33.237+0100][23.791s][info][gc,marking     ] GC(767) Concurrent Cleanup for Next Mark
[2026-05-06T01:32:33.237+0100][23.791s][info][gc,marking     ] GC(767) Concurrent Cleanup for Next Mark 0.038ms
[2026-05-06T01:32:33.237+0100][23.791s][info][gc             ] GC(767) Concurrent Undo Cycle 0.077ms
[2026-05-06T01:32:33.264+0100][23.817s][info][gc,start       ] GC(768) Pause Young (Concurrent Start) (G1 Humongous Allocation)
[2026-05-06T01:32:33.264+0100][23.818s][info][gc,task        ] GC(768) Using 9 workers of 9 for evacuation
[2026-05-06T01:32:33.264+0100][23.818s][info][gc,phases      ] GC(768)   Pre Evacuate Collection Set: 0.1ms
[2026-05-06T01:32:33.264+0100][23.818s][info][gc,phases      ] GC(768)   Merge Heap Roots: 0.0ms
[2026-05-06T01:32:33.264+0100][23.818s][info][gc,phases      ] GC(768)   Evacuate Collection Set: 0.1ms
[2026-05-06T01:32:33.264+0100][23.818s][info][gc,phases      ] GC(768)   Post Evacuate Collection Set: 0.1ms
[2026-05-06T01:32:33.264+0100][23.818s][info][gc,phases      ] GC(768)   Other: 0.0ms
[2026-05-06T01:32:33.264+0100][23.818s][info][gc,heap        ] GC(768) Eden regions: 1->0(215)
[2026-05-06T01:32:33.264+0100][23.818s][info][gc,heap        ] GC(768) Survivor regions: 1->1(27)
[2026-05-06T01:32:33.264+0100][23.818s][info][gc,heap        ] GC(768) Old regions: 12->12
[2026-05-06T01:32:33.264+0100][23.818s][info][gc,heap        ] GC(768) Humongous regions: 169->96
[2026-05-06T01:32:33.264+0100][23.818s][info][gc,metaspace   ] GC(768) Metaspace: 19191K(19520K)->19191K(19520K) NonClass: 16949K(17152K)->16949K(17152K) Class: 2241K(2368K)->2241K(2368K)
[2026-05-06T01:32:33.264+0100][23.818s][info][gc             ] GC(768) Pause Young (Concurrent Start) (G1 Humongous Allocation) 350M->203M(720M) 0.404ms
[2026-05-06T01:32:33.264+0100][23.818s][info][gc,cpu         ] GC(768) User=0.00s Sys=0.00s Real=0.00s
[2026-05-06T01:32:33.264+0100][23.818s][info][gc             ] GC(769) Concurrent Undo Cycle
[2026-05-06T01:32:33.264+0100][23.818s][info][gc,marking     ] GC(769) Concurrent Clear Claimed Marks
[2026-05-06T01:32:33.264+0100][23.818s][info][gc,marking     ] GC(769) Concurrent Clear Claimed Marks 0.007ms
[2026-05-06T01:32:33.264+0100][23.818s][info][gc,marking     ] GC(769) Concurrent Cleanup for Next Mark
[2026-05-06T01:32:33.264+0100][23.818s][info][gc,marking     ] GC(769) Concurrent Cleanup for Next Mark 0.033ms
[2026-05-06T01:32:33.264+0100][23.818s][info][gc             ] GC(769) Concurrent Undo Cycle 0.062ms
[2026-05-06T01:32:33.291+0100][23.845s][info][gc,start       ] GC(770) Pause Young (Concurrent Start) (G1 Humongous Allocation)
[2026-05-06T01:32:33.291+0100][23.845s][info][gc,task        ] GC(770) Using 9 workers of 9 for evacuation
[2026-05-06T01:32:33.291+0100][23.845s][info][gc,phases      ] GC(770)   Pre Evacuate Collection Set: 0.1ms
[2026-05-06T01:32:33.291+0100][23.845s][info][gc,phases      ] GC(770)   Merge Heap Roots: 0.0ms
[2026-05-06T01:32:33.291+0100][23.845s][info][gc,phases      ] GC(770)   Evacuate Collection Set: 0.1ms
[2026-05-06T01:32:33.291+0100][23.845s][info][gc,phases      ] GC(770)   Post Evacuate Collection Set: 0.1ms
[2026-05-06T01:32:33.291+0100][23.845s][info][gc,phases      ] GC(770)   Other: 0.0ms
[2026-05-06T01:32:33.291+0100][23.845s][info][gc,heap        ] GC(770) Eden regions: 1->0(215)
[2026-05-06T01:32:33.291+0100][23.845s][info][gc,heap        ] GC(770) Survivor regions: 1->1(27)
[2026-05-06T01:32:33.291+0100][23.845s][info][gc,heap        ] GC(770) Old regions: 12->12
[2026-05-06T01:32:33.291+0100][23.845s][info][gc,heap        ] GC(770) Humongous regions: 169->96
[2026-05-06T01:32:33.291+0100][23.845s][info][gc,metaspace   ] GC(770) Metaspace: 19191K(19520K)->19191K(19520K) NonClass: 16949K(17152K)->16949K(17152K) Class: 2241K(2368K)->2241K(2368K)
[2026-05-06T01:32:33.292+0100][23.845s][info][gc             ] GC(770) Pause Young (Concurrent Start) (G1 Humongous Allocation) 350M->203M(720M) 0.444ms
[2026-05-06T01:32:33.292+0100][23.845s][info][gc,cpu         ] GC(770) User=0.01s Sys=0.00s Real=0.00s
[2026-05-06T01:32:33.292+0100][23.845s][info][gc             ] GC(771) Concurrent Undo Cycle
[2026-05-06T01:32:33.292+0100][23.845s][info][gc,marking     ] GC(771) Concurrent Clear Claimed Marks
[2026-05-06T01:32:33.292+0100][23.845s][info][gc,marking     ] GC(771) Concurrent Clear Claimed Marks 0.006ms
[2026-05-06T01:32:33.292+0100][23.845s][info][gc,marking     ] GC(771) Concurrent Cleanup for Next Mark
[2026-05-06T01:32:33.292+0100][23.845s][info][gc,marking     ] GC(771) Concurrent Cleanup for Next Mark 0.050ms
[2026-05-06T01:32:33.292+0100][23.845s][info][gc             ] GC(771) Concurrent Undo Cycle 0.079ms
[2026-05-06T01:32:33.318+0100][23.871s][info][gc,start       ] GC(772) Pause Young (Concurrent Start) (G1 Humongous Allocation)
[2026-05-06T01:32:33.318+0100][23.871s][info][gc,task        ] GC(772) Using 9 workers of 9 for evacuation
[2026-05-06T01:32:33.318+0100][23.872s][info][gc,phases      ] GC(772)   Pre Evacuate Collection Set: 0.1ms
[2026-05-06T01:32:33.318+0100][23.872s][info][gc,phases      ] GC(772)   Merge Heap Roots: 0.0ms
[2026-05-06T01:32:33.318+0100][23.872s][info][gc,phases      ] GC(772)   Evacuate Collection Set: 0.1ms
[2026-05-06T01:32:33.318+0100][23.872s][info][gc,phases      ] GC(772)   Post Evacuate Collection Set: 0.1ms
[2026-05-06T01:32:33.318+0100][23.872s][info][gc,phases      ] GC(772)   Other: 0.0ms
[2026-05-06T01:32:33.318+0100][23.872s][info][gc,heap        ] GC(772) Eden regions: 1->0(215)
[2026-05-06T01:32:33.318+0100][23.872s][info][gc,heap        ] GC(772) Survivor regions: 1->1(27)
[2026-05-06T01:32:33.318+0100][23.872s][info][gc,heap        ] GC(772) Old regions: 12->12
[2026-05-06T01:32:33.318+0100][23.872s][info][gc,heap        ] GC(772) Humongous regions: 169->96
[2026-05-06T01:32:33.318+0100][23.872s][info][gc,metaspace   ] GC(772) Metaspace: 19191K(19520K)->19191K(19520K) NonClass: 16949K(17152K)->16949K(17152K) Class: 2241K(2368K)->2241K(2368K)
[2026-05-06T01:32:33.318+0100][23.872s][info][gc             ] GC(772) Pause Young (Concurrent Start) (G1 Humongous Allocation) 350M->203M(720M) 0.451ms
[2026-05-06T01:32:33.318+0100][23.872s][info][gc,cpu         ] GC(772) User=0.00s Sys=0.00s Real=0.00s
[2026-05-06T01:32:33.318+0100][23.872s][info][gc             ] GC(773) Concurrent Undo Cycle
[2026-05-06T01:32:33.318+0100][23.872s][info][gc,marking     ] GC(773) Concurrent Clear Claimed Marks
[2026-05-06T01:32:33.318+0100][23.872s][info][gc,marking     ] GC(773) Concurrent Clear Claimed Marks 0.007ms
[2026-05-06T01:32:33.318+0100][23.872s][info][gc,marking     ] GC(773) Concurrent Cleanup for Next Mark
[2026-05-06T01:32:33.318+0100][23.872s][info][gc,marking     ] GC(773) Concurrent Cleanup for Next Mark 0.040ms
[2026-05-06T01:32:33.318+0100][23.872s][info][gc             ] GC(773) Concurrent Undo Cycle 0.069ms
[2026-05-06T01:32:33.346+0100][23.900s][info][gc,start       ] GC(774) Pause Young (Concurrent Start) (G1 Humongous Allocation)
[2026-05-06T01:32:33.346+0100][23.900s][info][gc,task        ] GC(774) Using 9 workers of 9 for evacuation
[2026-05-06T01:32:33.346+0100][23.900s][info][gc,phases      ] GC(774)   Pre Evacuate Collection Set: 0.1ms
[2026-05-06T01:32:33.346+0100][23.900s][info][gc,phases      ] GC(774)   Merge Heap Roots: 0.0ms
[2026-05-06T01:32:33.346+0100][23.900s][info][gc,phases      ] GC(774)   Evacuate Collection Set: 0.1ms
[2026-05-06T01:32:33.346+0100][23.900s][info][gc,phases      ] GC(774)   Post Evacuate Collection Set: 0.1ms
[2026-05-06T01:32:33.346+0100][23.900s][info][gc,phases      ] GC(774)   Other: 0.0ms
[2026-05-06T01:32:33.346+0100][23.900s][info][gc,heap        ] GC(774) Eden regions: 1->0(215)
[2026-05-06T01:32:33.346+0100][23.900s][info][gc,heap        ] GC(774) Survivor regions: 1->1(27)
[2026-05-06T01:32:33.346+0100][23.900s][info][gc,heap        ] GC(774) Old regions: 12->12
[2026-05-06T01:32:33.346+0100][23.900s][info][gc,heap        ] GC(774) Humongous regions: 169->96
[2026-05-06T01:32:33.346+0100][23.900s][info][gc,metaspace   ] GC(774) Metaspace: 19191K(19520K)->19191K(19520K) NonClass: 16949K(17152K)->16949K(17152K) Class: 2241K(2368K)->2241K(2368K)
[2026-05-06T01:32:33.346+0100][23.900s][info][gc             ] GC(774) Pause Young (Concurrent Start) (G1 Humongous Allocation) 350M->203M(720M) 0.426ms
[2026-05-06T01:32:33.346+0100][23.900s][info][gc,cpu         ] GC(774) User=0.00s Sys=0.00s Real=0.00s
[2026-05-06T01:32:33.346+0100][23.900s][info][gc             ] GC(775) Concurrent Undo Cycle
[2026-05-06T01:32:33.346+0100][23.900s][info][gc,marking     ] GC(775) Concurrent Clear Claimed Marks
[2026-05-06T01:32:33.346+0100][23.900s][info][gc,marking     ] GC(775) Concurrent Clear Claimed Marks 0.006ms
[2026-05-06T01:32:33.346+0100][23.900s][info][gc,marking     ] GC(775) Concurrent Cleanup for Next Mark
[2026-05-06T01:32:33.346+0100][23.900s][info][gc,marking     ] GC(775) Concurrent Cleanup for Next Mark 0.033ms
[2026-05-06T01:32:33.346+0100][23.900s][info][gc             ] GC(775) Concurrent Undo Cycle 0.062ms
[2026-05-06T01:32:33.371+0100][23.925s][info][gc,start       ] GC(776) Pause Young (Concurrent Start) (G1 Humongous Allocation)
[2026-05-06T01:32:33.371+0100][23.925s][info][gc,task        ] GC(776) Using 9 workers of 9 for evacuation
[2026-05-06T01:32:33.372+0100][23.925s][info][gc,phases      ] GC(776)   Pre Evacuate Collection Set: 0.1ms
[2026-05-06T01:32:33.372+0100][23.925s][info][gc,phases      ] GC(776)   Merge Heap Roots: 0.0ms
[2026-05-06T01:32:33.372+0100][23.925s][info][gc,phases      ] GC(776)   Evacuate Collection Set: 0.1ms
[2026-05-06T01:32:33.372+0100][23.925s][info][gc,phases      ] GC(776)   Post Evacuate Collection Set: 0.1ms
[2026-05-06T01:32:33.372+0100][23.925s][info][gc,phases      ] GC(776)   Other: 0.0ms
[2026-05-06T01:32:33.372+0100][23.925s][info][gc,heap        ] GC(776) Eden regions: 1->0(215)
[2026-05-06T01:32:33.372+0100][23.925s][info][gc,heap        ] GC(776) Survivor regions: 1->1(27)
[2026-05-06T01:32:33.372+0100][23.925s][info][gc,heap        ] GC(776) Old regions: 12->12
[2026-05-06T01:32:33.372+0100][23.925s][info][gc,heap        ] GC(776) Humongous regions: 169->96
[2026-05-06T01:32:33.372+0100][23.925s][info][gc,metaspace   ] GC(776) Metaspace: 19191K(19520K)->19191K(19520K) NonClass: 16949K(17152K)->16949K(17152K) Class: 2241K(2368K)->2241K(2368K)
[2026-05-06T01:32:33.372+0100][23.925s][info][gc             ] GC(776) Pause Young (Concurrent Start) (G1 Humongous Allocation) 350M->203M(720M) 0.416ms
[2026-05-06T01:32:33.372+0100][23.925s][info][gc,cpu         ] GC(776) User=0.00s Sys=0.01s Real=0.00s
[2026-05-06T01:32:33.372+0100][23.925s][info][gc             ] GC(777) Concurrent Undo Cycle
[2026-05-06T01:32:33.372+0100][23.925s][info][gc,marking     ] GC(777) Concurrent Clear Claimed Marks
[2026-05-06T01:32:33.372+0100][23.925s][info][gc,marking     ] GC(777) Concurrent Clear Claimed Marks 0.006ms
[2026-05-06T01:32:33.372+0100][23.926s][info][gc,marking     ] GC(777) Concurrent Cleanup for Next Mark
[2026-05-06T01:32:33.372+0100][23.926s][info][gc,marking     ] GC(777) Concurrent Cleanup for Next Mark 0.025ms
[2026-05-06T01:32:33.372+0100][23.926s][info][gc             ] GC(777) Concurrent Undo Cycle 0.055ms
[2026-05-06T01:32:33.397+0100][23.951s][info][gc,start       ] GC(778) Pause Young (Concurrent Start) (G1 Humongous Allocation)
[2026-05-06T01:32:33.397+0100][23.951s][info][gc,task        ] GC(778) Using 9 workers of 9 for evacuation
[2026-05-06T01:32:33.398+0100][23.951s][info][gc,phases      ] GC(778)   Pre Evacuate Collection Set: 0.1ms
[2026-05-06T01:32:33.398+0100][23.951s][info][gc,phases      ] GC(778)   Merge Heap Roots: 0.0ms
[2026-05-06T01:32:33.398+0100][23.951s][info][gc,phases      ] GC(778)   Evacuate Collection Set: 0.1ms
[2026-05-06T01:32:33.398+0100][23.951s][info][gc,phases      ] GC(778)   Post Evacuate Collection Set: 0.1ms
[2026-05-06T01:32:33.398+0100][23.951s][info][gc,phases      ] GC(778)   Other: 0.0ms
[2026-05-06T01:32:33.398+0100][23.951s][info][gc,heap        ] GC(778) Eden regions: 1->0(215)
[2026-05-06T01:32:33.398+0100][23.951s][info][gc,heap        ] GC(778) Survivor regions: 1->1(27)
[2026-05-06T01:32:33.398+0100][23.951s][info][gc,heap        ] GC(778) Old regions: 12->12
[2026-05-06T01:32:33.398+0100][23.951s][info][gc,heap        ] GC(778) Humongous regions: 169->96
[2026-05-06T01:32:33.398+0100][23.951s][info][gc,metaspace   ] GC(778) Metaspace: 19191K(19520K)->19191K(19520K) NonClass: 16949K(17152K)->16949K(17152K) Class: 2241K(2368K)->2241K(2368K)
[2026-05-06T01:32:33.398+0100][23.951s][info][gc             ] GC(778) Pause Young (Concurrent Start) (G1 Humongous Allocation) 350M->203M(720M) 0.444ms
[2026-05-06T01:32:33.398+0100][23.951s][info][gc,cpu         ] GC(778) User=0.00s Sys=0.00s Real=0.00s
[2026-05-06T01:32:33.398+0100][23.951s][info][gc             ] GC(779) Concurrent Undo Cycle
[2026-05-06T01:32:33.398+0100][23.951s][info][gc,marking     ] GC(779) Concurrent Clear Claimed Marks
[2026-05-06T01:32:33.398+0100][23.951s][info][gc,marking     ] GC(779) Concurrent Clear Claimed Marks 0.006ms
[2026-05-06T01:32:33.398+0100][23.951s][info][gc,marking     ] GC(779) Concurrent Cleanup for Next Mark
[2026-05-06T01:32:33.398+0100][23.952s][info][gc,marking     ] GC(779) Concurrent Cleanup for Next Mark 0.037ms
[2026-05-06T01:32:33.398+0100][23.952s][info][gc             ] GC(779) Concurrent Undo Cycle 0.066ms
[2026-05-06T01:32:33.423+0100][23.977s][info][gc,start       ] GC(780) Pause Young (Concurrent Start) (G1 Humongous Allocation)
[2026-05-06T01:32:33.423+0100][23.977s][info][gc,task        ] GC(780) Using 9 workers of 9 for evacuation
[2026-05-06T01:32:33.423+0100][23.977s][info][gc,phases      ] GC(780)   Pre Evacuate Collection Set: 0.1ms
[2026-05-06T01:32:33.423+0100][23.977s][info][gc,phases      ] GC(780)   Merge Heap Roots: 0.0ms
[2026-05-06T01:32:33.423+0100][23.977s][info][gc,phases      ] GC(780)   Evacuate Collection Set: 0.1ms
[2026-05-06T01:32:33.423+0100][23.977s][info][gc,phases      ] GC(780)   Post Evacuate Collection Set: 0.1ms
[2026-05-06T01:32:33.423+0100][23.977s][info][gc,phases      ] GC(780)   Other: 0.0ms
[2026-05-06T01:32:33.423+0100][23.977s][info][gc,heap        ] GC(780) Eden regions: 1->0(215)
[2026-05-06T01:32:33.423+0100][23.977s][info][gc,heap        ] GC(780) Survivor regions: 1->1(27)
[2026-05-06T01:32:33.423+0100][23.977s][info][gc,heap        ] GC(780) Old regions: 12->12
[2026-05-06T01:32:33.423+0100][23.977s][info][gc,heap        ] GC(780) Humongous regions: 169->96
[2026-05-06T01:32:33.423+0100][23.977s][info][gc,metaspace   ] GC(780) Metaspace: 19191K(19520K)->19191K(19520K) NonClass: 16949K(17152K)->16949K(17152K) Class: 2241K(2368K)->2241K(2368K)
[2026-05-06T01:32:33.423+0100][23.977s][info][gc             ] GC(780) Pause Young (Concurrent Start) (G1 Humongous Allocation) 350M->203M(720M) 0.443ms
[2026-05-06T01:32:33.423+0100][23.977s][info][gc,cpu         ] GC(780) User=0.00s Sys=0.00s Real=0.00s
[2026-05-06T01:32:33.423+0100][23.977s][info][gc             ] GC(781) Concurrent Undo Cycle
[2026-05-06T01:32:33.423+0100][23.977s][info][gc,marking     ] GC(781) Concurrent Clear Claimed Marks
[2026-05-06T01:32:33.423+0100][23.977s][info][gc,marking     ] GC(781) Concurrent Clear Claimed Marks 0.006ms
[2026-05-06T01:32:33.423+0100][23.977s][info][gc,marking     ] GC(781) Concurrent Cleanup for Next Mark
[2026-05-06T01:32:33.423+0100][23.977s][info][gc,marking     ] GC(781) Concurrent Cleanup for Next Mark 0.038ms
[2026-05-06T01:32:33.423+0100][23.977s][info][gc             ] GC(781) Concurrent Undo Cycle 0.066ms
[2026-05-06T01:32:33.450+0100][24.003s][info][gc,start       ] GC(782) Pause Young (Concurrent Start) (G1 Humongous Allocation)
[2026-05-06T01:32:33.450+0100][24.003s][info][gc,task        ] GC(782) Using 9 workers of 9 for evacuation
[2026-05-06T01:32:33.450+0100][24.004s][info][gc,phases      ] GC(782)   Pre Evacuate Collection Set: 0.1ms
[2026-05-06T01:32:33.450+0100][24.004s][info][gc,phases      ] GC(782)   Merge Heap Roots: 0.0ms
[2026-05-06T01:32:33.450+0100][24.004s][info][gc,phases      ] GC(782)   Evacuate Collection Set: 0.1ms
[2026-05-06T01:32:33.450+0100][24.004s][info][gc,phases      ] GC(782)   Post Evacuate Collection Set: 0.1ms
[2026-05-06T01:32:33.450+0100][24.004s][info][gc,phases      ] GC(782)   Other: 0.0ms
[2026-05-06T01:32:33.450+0100][24.004s][info][gc,heap        ] GC(782) Eden regions: 1->0(215)
[2026-05-06T01:32:33.450+0100][24.004s][info][gc,heap        ] GC(782) Survivor regions: 1->1(27)
[2026-05-06T01:32:33.450+0100][24.004s][info][gc,heap        ] GC(782) Old regions: 12->12
[2026-05-06T01:32:33.450+0100][24.004s][info][gc,heap        ] GC(782) Humongous regions: 169->96
[2026-05-06T01:32:33.450+0100][24.004s][info][gc,metaspace   ] GC(782) Metaspace: 19191K(19520K)->19191K(19520K) NonClass: 16949K(17152K)->16949K(17152K) Class: 2241K(2368K)->2241K(2368K)
[2026-05-06T01:32:33.450+0100][24.004s][info][gc             ] GC(782) Pause Young (Concurrent Start) (G1 Humongous Allocation) 350M->203M(720M) 0.429ms
[2026-05-06T01:32:33.450+0100][24.004s][info][gc,cpu         ] GC(782) User=0.00s Sys=0.00s Real=0.00s
[2026-05-06T01:32:33.450+0100][24.004s][info][gc             ] GC(783) Concurrent Undo Cycle
[2026-05-06T01:32:33.450+0100][24.004s][info][gc,marking     ] GC(783) Concurrent Clear Claimed Marks
[2026-05-06T01:32:33.450+0100][24.004s][info][gc,marking     ] GC(783) Concurrent Clear Claimed Marks 0.007ms
[2026-05-06T01:32:33.450+0100][24.004s][info][gc,marking     ] GC(783) Concurrent Cleanup for Next Mark
[2026-05-06T01:32:33.450+0100][24.004s][info][gc,marking     ] GC(783) Concurrent Cleanup for Next Mark 0.030ms
[2026-05-06T01:32:33.450+0100][24.004s][info][gc             ] GC(783) Concurrent Undo Cycle 0.068ms
[2026-05-06T01:32:33.476+0100][24.030s][info][gc,start       ] GC(784) Pause Young (Concurrent Start) (G1 Humongous Allocation)
[2026-05-06T01:32:33.476+0100][24.030s][info][gc,task        ] GC(784) Using 9 workers of 9 for evacuation
[2026-05-06T01:32:33.477+0100][24.031s][info][gc,phases      ] GC(784)   Pre Evacuate Collection Set: 0.1ms
[2026-05-06T01:32:33.477+0100][24.031s][info][gc,phases      ] GC(784)   Merge Heap Roots: 0.0ms
[2026-05-06T01:32:33.477+0100][24.031s][info][gc,phases      ] GC(784)   Evacuate Collection Set: 0.2ms
[2026-05-06T01:32:33.477+0100][24.031s][info][gc,phases      ] GC(784)   Post Evacuate Collection Set: 0.1ms
[2026-05-06T01:32:33.477+0100][24.031s][info][gc,phases      ] GC(784)   Other: 0.0ms
[2026-05-06T01:32:33.477+0100][24.031s][info][gc,heap        ] GC(784) Eden regions: 9->0(215)
[2026-05-06T01:32:33.477+0100][24.031s][info][gc,heap        ] GC(784) Survivor regions: 1->1(27)
[2026-05-06T01:32:33.477+0100][24.031s][info][gc,heap        ] GC(784) Old regions: 12->12
[2026-05-06T01:32:33.477+0100][24.031s][info][gc,heap        ] GC(784) Humongous regions: 169->96
[2026-05-06T01:32:33.477+0100][24.031s][info][gc,metaspace   ] GC(784) Metaspace: 19191K(19520K)->19191K(19520K) NonClass: 16949K(17152K)->16949K(17152K) Class: 2241K(2368K)->2241K(2368K)
[2026-05-06T01:32:33.477+0100][24.031s][info][gc             ] GC(784) Pause Young (Concurrent Start) (G1 Humongous Allocation) 366M->203M(720M) 0.521ms
[2026-05-06T01:32:33.477+0100][24.031s][info][gc,cpu         ] GC(784) User=0.00s Sys=0.00s Real=0.00s
[2026-05-06T01:32:33.477+0100][24.031s][info][gc             ] GC(785) Concurrent Undo Cycle
[2026-05-06T01:32:33.477+0100][24.031s][info][gc,marking     ] GC(785) Concurrent Clear Claimed Marks
[2026-05-06T01:32:33.477+0100][24.031s][info][gc,marking     ] GC(785) Concurrent Clear Claimed Marks 0.007ms
[2026-05-06T01:32:33.477+0100][24.031s][info][gc,marking     ] GC(785) Concurrent Cleanup for Next Mark
[2026-05-06T01:32:33.477+0100][24.031s][info][gc,marking     ] GC(785) Concurrent Cleanup for Next Mark 0.037ms
[2026-05-06T01:32:33.477+0100][24.031s][info][gc             ] GC(785) Concurrent Undo Cycle 0.068ms
[2026-05-06T01:32:33.505+0100][24.059s][info][gc,start       ] GC(786) Pause Young (Concurrent Start) (G1 Humongous Allocation)
[2026-05-06T01:32:33.505+0100][24.059s][info][gc,task        ] GC(786) Using 9 workers of 9 for evacuation
[2026-05-06T01:32:33.506+0100][24.060s][info][gc,phases      ] GC(786)   Pre Evacuate Collection Set: 0.1ms
[2026-05-06T01:32:33.506+0100][24.060s][info][gc,phases      ] GC(786)   Merge Heap Roots: 0.0ms
[2026-05-06T01:32:33.506+0100][24.060s][info][gc,phases      ] GC(786)   Evacuate Collection Set: 0.2ms
[2026-05-06T01:32:33.506+0100][24.060s][info][gc,phases      ] GC(786)   Post Evacuate Collection Set: 0.1ms
[2026-05-06T01:32:33.506+0100][24.060s][info][gc,phases      ] GC(786)   Other: 0.0ms
[2026-05-06T01:32:33.506+0100][24.060s][info][gc,heap        ] GC(786) Eden regions: 17->0(215)
[2026-05-06T01:32:33.506+0100][24.060s][info][gc,heap        ] GC(786) Survivor regions: 1->1(27)
[2026-05-06T01:32:33.506+0100][24.060s][info][gc,heap        ] GC(786) Old regions: 12->12
[2026-05-06T01:32:33.506+0100][24.060s][info][gc,heap        ] GC(786) Humongous regions: 169->96
[2026-05-06T01:32:33.506+0100][24.060s][info][gc,metaspace   ] GC(786) Metaspace: 19191K(19520K)->19191K(19520K) NonClass: 16949K(17152K)->16949K(17152K) Class: 2241K(2368K)->2241K(2368K)
[2026-05-06T01:32:33.506+0100][24.060s][info][gc             ] GC(786) Pause Young (Concurrent Start) (G1 Humongous Allocation) 382M->203M(720M) 0.552ms
[2026-05-06T01:32:33.506+0100][24.060s][info][gc,cpu         ] GC(786) User=0.00s Sys=0.00s Real=0.00s
[2026-05-06T01:32:33.506+0100][24.060s][info][gc             ] GC(787) Concurrent Undo Cycle
[2026-05-06T01:32:33.506+0100][24.060s][info][gc,marking     ] GC(787) Concurrent Clear Claimed Marks
[2026-05-06T01:32:33.506+0100][24.060s][info][gc,marking     ] GC(787) Concurrent Clear Claimed Marks 0.007ms
[2026-05-06T01:32:33.506+0100][24.060s][info][gc,marking     ] GC(787) Concurrent Cleanup for Next Mark
[2026-05-06T01:32:33.506+0100][24.060s][info][gc,marking     ] GC(787) Concurrent Cleanup for Next Mark 0.040ms
[2026-05-06T01:32:33.506+0100][24.060s][info][gc             ] GC(787) Concurrent Undo Cycle 0.071ms
[2026-05-06T01:32:33.532+0100][24.086s][info][gc,start       ] GC(788) Pause Young (Concurrent Start) (G1 Humongous Allocation)
[2026-05-06T01:32:33.532+0100][24.086s][info][gc,task        ] GC(788) Using 9 workers of 9 for evacuation
[2026-05-06T01:32:33.532+0100][24.086s][info][gc,phases      ] GC(788)   Pre Evacuate Collection Set: 0.1ms
[2026-05-06T01:32:33.532+0100][24.086s][info][gc,phases      ] GC(788)   Merge Heap Roots: 0.0ms
[2026-05-06T01:32:33.532+0100][24.086s][info][gc,phases      ] GC(788)   Evacuate Collection Set: 0.2ms
[2026-05-06T01:32:33.532+0100][24.086s][info][gc,phases      ] GC(788)   Post Evacuate Collection Set: 0.1ms
[2026-05-06T01:32:33.532+0100][24.086s][info][gc,phases      ] GC(788)   Other: 0.0ms
[2026-05-06T01:32:33.533+0100][24.086s][info][gc,heap        ] GC(788) Eden regions: 14->0(215)
[2026-05-06T01:32:33.533+0100][24.086s][info][gc,heap        ] GC(788) Survivor regions: 1->1(27)
[2026-05-06T01:32:33.533+0100][24.086s][info][gc,heap        ] GC(788) Old regions: 12->12
[2026-05-06T01:32:33.533+0100][24.086s][info][gc,heap        ] GC(788) Humongous regions: 169->96
[2026-05-06T01:32:33.533+0100][24.086s][info][gc,metaspace   ] GC(788) Metaspace: 19191K(19520K)->19191K(19520K) NonClass: 16949K(17152K)->16949K(17152K) Class: 2241K(2368K)->2241K(2368K)
[2026-05-06T01:32:33.533+0100][24.086s][info][gc             ] GC(788) Pause Young (Concurrent Start) (G1 Humongous Allocation) 376M->203M(720M) 0.509ms
[2026-05-06T01:32:33.533+0100][24.086s][info][gc,cpu         ] GC(788) User=0.01s Sys=0.00s Real=0.00s
[2026-05-06T01:32:33.533+0100][24.086s][info][gc             ] GC(789) Concurrent Undo Cycle
[2026-05-06T01:32:33.533+0100][24.086s][info][gc,marking     ] GC(789) Concurrent Clear Claimed Marks
[2026-05-06T01:32:33.533+0100][24.086s][info][gc,marking     ] GC(789) Concurrent Clear Claimed Marks 0.007ms
[2026-05-06T01:32:33.533+0100][24.086s][info][gc,marking     ] GC(789) Concurrent Cleanup for Next Mark
[2026-05-06T01:32:33.533+0100][24.086s][info][gc,marking     ] GC(789) Concurrent Cleanup for Next Mark 0.039ms
[2026-05-06T01:32:33.533+0100][24.086s][info][gc             ] GC(789) Concurrent Undo Cycle 0.068ms
[2026-05-06T01:32:33.549+0100][24.103s][info][gc,start       ] GC(790) Pause Full (System.gc())
[2026-05-06T01:32:33.549+0100][24.103s][info][gc,task        ] GC(790) Using 9 workers of 9 for full compaction
[2026-05-06T01:32:33.549+0100][24.103s][info][gc,phases,start] GC(790) Phase 1: Mark live objects
[2026-05-06T01:32:33.552+0100][24.105s][info][gc,phases      ] GC(790) Phase 1: Mark live objects 2.427ms
[2026-05-06T01:32:33.552+0100][24.105s][info][gc,phases,start] GC(790) Phase 2: Prepare compaction
[2026-05-06T01:32:33.552+0100][24.106s][info][gc,phases      ] GC(790) Phase 2: Prepare compaction 0.322ms
[2026-05-06T01:32:33.552+0100][24.106s][info][gc,phases,start] GC(790) Phase 3: Adjust pointers
[2026-05-06T01:32:33.554+0100][24.108s][info][gc,phases      ] GC(790) Phase 3: Adjust pointers 1.806ms
[2026-05-06T01:32:33.554+0100][24.108s][info][gc,phases,start] GC(790) Phase 4: Compact heap
[2026-05-06T01:32:33.554+0100][24.108s][info][gc,phases      ] GC(790) Phase 4: Compact heap 0.264ms
[2026-05-06T01:32:33.554+0100][24.108s][info][gc,phases,start] GC(790) Phase 5: Reset Metadata
[2026-05-06T01:32:33.555+0100][24.108s][info][gc,phases      ] GC(790) Phase 5: Reset Metadata 0.343ms
[2026-05-06T01:32:33.555+0100][24.109s][info][gc,heap        ] GC(790) Eden regions: 6->0(216)
[2026-05-06T01:32:33.555+0100][24.109s][info][gc,heap        ] GC(790) Survivor regions: 1->0(27)
[2026-05-06T01:32:33.555+0100][24.109s][info][gc,heap        ] GC(790) Old regions: 12->12
[2026-05-06T01:32:33.555+0100][24.109s][info][gc,heap        ] GC(790) Humongous regions: 169->96
[2026-05-06T01:32:33.555+0100][24.109s][info][gc,metaspace   ] GC(790) Metaspace: 19191K(19520K)->19191K(19520K) NonClass: 16949K(17152K)->16949K(17152K) Class: 2241K(2368K)->2241K(2368K)
[2026-05-06T01:32:33.555+0100][24.109s][info][gc             ] GC(790) Pause Full (System.gc()) 360M->203M(720M) 5.848ms
[2026-05-06T01:32:33.555+0100][24.109s][info][gc,cpu         ] GC(790) User=0.02s Sys=0.00s Real=0.01s
[2026-05-06T01:32:33.564+0100][24.117s][info][gc,start       ] GC(791) Pause Young (Concurrent Start) (G1 Humongous Allocation)
[2026-05-06T01:32:33.564+0100][24.117s][info][gc,task        ] GC(791) Using 9 workers of 9 for evacuation
[2026-05-06T01:32:33.564+0100][24.118s][info][gc,phases      ] GC(791)   Pre Evacuate Collection Set: 0.1ms
[2026-05-06T01:32:33.564+0100][24.118s][info][gc,phases      ] GC(791)   Merge Heap Roots: 0.0ms
[2026-05-06T01:32:33.564+0100][24.118s][info][gc,phases      ] GC(791)   Evacuate Collection Set: 0.2ms
[2026-05-06T01:32:33.564+0100][24.118s][info][gc,phases      ] GC(791)   Post Evacuate Collection Set: 0.1ms
[2026-05-06T01:32:33.564+0100][24.118s][info][gc,phases      ] GC(791)   Other: 0.0ms
[2026-05-06T01:32:33.564+0100][24.118s][info][gc,heap        ] GC(791) Eden regions: 9->0(215)
[2026-05-06T01:32:33.564+0100][24.118s][info][gc,heap        ] GC(791) Survivor regions: 0->1(27)
[2026-05-06T01:32:33.564+0100][24.118s][info][gc,heap        ] GC(791) Old regions: 12->12
[2026-05-06T01:32:33.564+0100][24.118s][info][gc,heap        ] GC(791) Humongous regions: 96->96
[2026-05-06T01:32:33.564+0100][24.118s][info][gc,metaspace   ] GC(791) Metaspace: 19191K(19520K)->19191K(19520K) NonClass: 16949K(17152K)->16949K(17152K) Class: 2241K(2368K)->2241K(2368K)
[2026-05-06T01:32:33.564+0100][24.118s][info][gc             ] GC(791) Pause Young (Concurrent Start) (G1 Humongous Allocation) 221M->203M(720M) 0.490ms
[2026-05-06T01:32:33.564+0100][24.118s][info][gc,cpu         ] GC(791) User=0.00s Sys=0.00s Real=0.00s
[2026-05-06T01:32:33.564+0100][24.118s][info][gc             ] GC(792) Concurrent Undo Cycle
[2026-05-06T01:32:33.564+0100][24.118s][info][gc,marking     ] GC(792) Concurrent Clear Claimed Marks
[2026-05-06T01:32:33.564+0100][24.118s][info][gc,marking     ] GC(792) Concurrent Clear Claimed Marks 0.007ms
[2026-05-06T01:32:33.564+0100][24.118s][info][gc,marking     ] GC(792) Concurrent Cleanup for Next Mark
[2026-05-06T01:32:33.564+0100][24.118s][info][gc,marking     ] GC(792) Concurrent Cleanup for Next Mark 0.036ms
[2026-05-06T01:32:33.564+0100][24.118s][info][gc             ] GC(792) Concurrent Undo Cycle 0.065ms
[2026-05-06T01:32:33.589+0100][24.143s][info][gc,start       ] GC(793) Pause Young (Concurrent Start) (G1 Humongous Allocation)
[2026-05-06T01:32:33.589+0100][24.143s][info][gc,task        ] GC(793) Using 9 workers of 9 for evacuation
[2026-05-06T01:32:33.590+0100][24.144s][info][gc,phases      ] GC(793)   Pre Evacuate Collection Set: 0.1ms
[2026-05-06T01:32:33.590+0100][24.144s][info][gc,phases      ] GC(793)   Merge Heap Roots: 0.0ms
[2026-05-06T01:32:33.590+0100][24.144s][info][gc,phases      ] GC(793)   Evacuate Collection Set: 0.1ms
[2026-05-06T01:32:33.590+0100][24.144s][info][gc,phases      ] GC(793)   Post Evacuate Collection Set: 0.1ms
[2026-05-06T01:32:33.590+0100][24.144s][info][gc,phases      ] GC(793)   Other: 0.0ms
[2026-05-06T01:32:33.590+0100][24.144s][info][gc,heap        ] GC(793) Eden regions: 9->0(215)
[2026-05-06T01:32:33.590+0100][24.144s][info][gc,heap        ] GC(793) Survivor regions: 1->1(27)
[2026-05-06T01:32:33.590+0100][24.144s][info][gc,heap        ] GC(793) Old regions: 12->12
[2026-05-06T01:32:33.590+0100][24.144s][info][gc,heap        ] GC(793) Humongous regions: 169->96
[2026-05-06T01:32:33.590+0100][24.144s][info][gc,metaspace   ] GC(793) Metaspace: 19191K(19520K)->19191K(19520K) NonClass: 16949K(17152K)->16949K(17152K) Class: 2241K(2368K)->2241K(2368K)
[2026-05-06T01:32:33.590+0100][24.144s][info][gc             ] GC(793) Pause Young (Concurrent Start) (G1 Humongous Allocation) 366M->203M(720M) 0.491ms
[2026-05-06T01:32:33.590+0100][24.144s][info][gc,cpu         ] GC(793) User=0.00s Sys=0.00s Real=0.01s
[2026-05-06T01:32:33.590+0100][24.144s][info][gc             ] GC(794) Concurrent Undo Cycle
[2026-05-06T01:32:33.590+0100][24.144s][info][gc,marking     ] GC(794) Concurrent Clear Claimed Marks
[2026-05-06T01:32:33.590+0100][24.144s][info][gc,marking     ] GC(794) Concurrent Clear Claimed Marks 0.007ms
[2026-05-06T01:32:33.590+0100][24.144s][info][gc,marking     ] GC(794) Concurrent Cleanup for Next Mark
[2026-05-06T01:32:33.590+0100][24.144s][info][gc,marking     ] GC(794) Concurrent Cleanup for Next Mark 0.036ms
[2026-05-06T01:32:33.590+0100][24.144s][info][gc             ] GC(794) Concurrent Undo Cycle 0.066ms
[2026-05-06T01:32:33.614+0100][24.168s][info][gc,start       ] GC(795) Pause Young (Concurrent Start) (G1 Humongous Allocation)
[2026-05-06T01:32:33.614+0100][24.168s][info][gc,task        ] GC(795) Using 9 workers of 9 for evacuation
[2026-05-06T01:32:33.615+0100][24.168s][info][gc,phases      ] GC(795)   Pre Evacuate Collection Set: 0.1ms
[2026-05-06T01:32:33.615+0100][24.168s][info][gc,phases      ] GC(795)   Merge Heap Roots: 0.0ms
[2026-05-06T01:32:33.615+0100][24.168s][info][gc,phases      ] GC(795)   Evacuate Collection Set: 0.1ms
[2026-05-06T01:32:33.615+0100][24.168s][info][gc,phases      ] GC(795)   Post Evacuate Collection Set: 0.1ms
[2026-05-06T01:32:33.615+0100][24.168s][info][gc,phases      ] GC(795)   Other: 0.0ms
[2026-05-06T01:32:33.615+0100][24.168s][info][gc,heap        ] GC(795) Eden regions: 9->0(215)
[2026-05-06T01:32:33.615+0100][24.168s][info][gc,heap        ] GC(795) Survivor regions: 1->1(27)
[2026-05-06T01:32:33.615+0100][24.168s][info][gc,heap        ] GC(795) Old regions: 12->12
[2026-05-06T01:32:33.615+0100][24.168s][info][gc,heap        ] GC(795) Humongous regions: 169->96
[2026-05-06T01:32:33.615+0100][24.168s][info][gc,metaspace   ] GC(795) Metaspace: 19191K(19520K)->19191K(19520K) NonClass: 16949K(17152K)->16949K(17152K) Class: 2241K(2368K)->2241K(2368K)
[2026-05-06T01:32:33.615+0100][24.168s][info][gc             ] GC(795) Pause Young (Concurrent Start) (G1 Humongous Allocation) 366M->203M(720M) 0.446ms
[2026-05-06T01:32:33.615+0100][24.168s][info][gc,cpu         ] GC(795) User=0.00s Sys=0.00s Real=0.00s
[2026-05-06T01:32:33.615+0100][24.168s][info][gc             ] GC(796) Concurrent Undo Cycle
[2026-05-06T01:32:33.615+0100][24.168s][info][gc,marking     ] GC(796) Concurrent Clear Claimed Marks
[2026-05-06T01:32:33.615+0100][24.168s][info][gc,marking     ] GC(796) Concurrent Clear Claimed Marks 0.006ms
[2026-05-06T01:32:33.615+0100][24.168s][info][gc,marking     ] GC(796) Concurrent Cleanup for Next Mark
[2026-05-06T01:32:33.615+0100][24.168s][info][gc,marking     ] GC(796) Concurrent Cleanup for Next Mark 0.027ms
[2026-05-06T01:32:33.615+0100][24.168s][info][gc             ] GC(796) Concurrent Undo Cycle 0.060ms
[2026-05-06T01:32:33.641+0100][24.195s][info][gc,start       ] GC(797) Pause Young (Concurrent Start) (G1 Humongous Allocation)
[2026-05-06T01:32:33.641+0100][24.195s][info][gc,task        ] GC(797) Using 9 workers of 9 for evacuation
[2026-05-06T01:32:33.642+0100][24.196s][info][gc,phases      ] GC(797)   Pre Evacuate Collection Set: 0.1ms
[2026-05-06T01:32:33.642+0100][24.196s][info][gc,phases      ] GC(797)   Merge Heap Roots: 0.0ms
[2026-05-06T01:32:33.642+0100][24.196s][info][gc,phases      ] GC(797)   Evacuate Collection Set: 0.2ms
[2026-05-06T01:32:33.642+0100][24.196s][info][gc,phases      ] GC(797)   Post Evacuate Collection Set: 0.1ms
[2026-05-06T01:32:33.642+0100][24.196s][info][gc,phases      ] GC(797)   Other: 0.0ms
[2026-05-06T01:32:33.642+0100][24.196s][info][gc,heap        ] GC(797) Eden regions: 9->0(215)
[2026-05-06T01:32:33.642+0100][24.196s][info][gc,heap        ] GC(797) Survivor regions: 1->1(27)
[2026-05-06T01:32:33.642+0100][24.196s][info][gc,heap        ] GC(797) Old regions: 12->12
[2026-05-06T01:32:33.642+0100][24.196s][info][gc,heap        ] GC(797) Humongous regions: 169->96
[2026-05-06T01:32:33.642+0100][24.196s][info][gc,metaspace   ] GC(797) Metaspace: 19191K(19520K)->19191K(19520K) NonClass: 16949K(17152K)->16949K(17152K) Class: 2241K(2368K)->2241K(2368K)
[2026-05-06T01:32:33.642+0100][24.196s][info][gc             ] GC(797) Pause Young (Concurrent Start) (G1 Humongous Allocation) 366M->203M(720M) 0.482ms
[2026-05-06T01:32:33.642+0100][24.196s][info][gc,cpu         ] GC(797) User=0.00s Sys=0.00s Real=0.00s
[2026-05-06T01:32:33.642+0100][24.196s][info][gc             ] GC(798) Concurrent Undo Cycle
[2026-05-06T01:32:33.642+0100][24.196s][info][gc,marking     ] GC(798) Concurrent Clear Claimed Marks
[2026-05-06T01:32:33.642+0100][24.196s][info][gc,marking     ] GC(798) Concurrent Clear Claimed Marks 0.006ms
[2026-05-06T01:32:33.642+0100][24.196s][info][gc,marking     ] GC(798) Concurrent Cleanup for Next Mark
[2026-05-06T01:32:33.642+0100][24.196s][info][gc,marking     ] GC(798) Concurrent Cleanup for Next Mark 0.028ms
[2026-05-06T01:32:33.642+0100][24.196s][info][gc             ] GC(798) Concurrent Undo Cycle 0.057ms
[2026-05-06T01:32:33.669+0100][24.222s][info][gc,start       ] GC(799) Pause Young (Concurrent Start) (G1 Humongous Allocation)
[2026-05-06T01:32:33.669+0100][24.222s][info][gc,task        ] GC(799) Using 9 workers of 9 for evacuation
[2026-05-06T01:32:33.669+0100][24.223s][info][gc,phases      ] GC(799)   Pre Evacuate Collection Set: 0.1ms
[2026-05-06T01:32:33.669+0100][24.223s][info][gc,phases      ] GC(799)   Merge Heap Roots: 0.0ms
[2026-05-06T01:32:33.669+0100][24.223s][info][gc,phases      ] GC(799)   Evacuate Collection Set: 0.1ms
[2026-05-06T01:32:33.669+0100][24.223s][info][gc,phases      ] GC(799)   Post Evacuate Collection Set: 0.1ms
[2026-05-06T01:32:33.669+0100][24.223s][info][gc,phases      ] GC(799)   Other: 0.0ms
[2026-05-06T01:32:33.669+0100][24.223s][info][gc,heap        ] GC(799) Eden regions: 9->0(215)
[2026-05-06T01:32:33.669+0100][24.223s][info][gc,heap        ] GC(799) Survivor regions: 1->1(27)
[2026-05-06T01:32:33.669+0100][24.223s][info][gc,heap        ] GC(799) Old regions: 12->12
[2026-05-06T01:32:33.669+0100][24.223s][info][gc,heap        ] GC(799) Humongous regions: 169->96
[2026-05-06T01:32:33.669+0100][24.223s][info][gc,metaspace   ] GC(799) Metaspace: 19191K(19520K)->19191K(19520K) NonClass: 16949K(17152K)->16949K(17152K) Class: 2241K(2368K)->2241K(2368K)
[2026-05-06T01:32:33.669+0100][24.223s][info][gc             ] GC(799) Pause Young (Concurrent Start) (G1 Humongous Allocation) 366M->203M(720M) 0.441ms
[2026-05-06T01:32:33.669+0100][24.223s][info][gc,cpu         ] GC(799) User=0.00s Sys=0.00s Real=0.00s
[2026-05-06T01:32:33.669+0100][24.223s][info][gc             ] GC(800) Concurrent Undo Cycle
[2026-05-06T01:32:33.669+0100][24.223s][info][gc,marking     ] GC(800) Concurrent Clear Claimed Marks
[2026-05-06T01:32:33.669+0100][24.223s][info][gc,marking     ] GC(800) Concurrent Clear Claimed Marks 0.007ms
[2026-05-06T01:32:33.669+0100][24.223s][info][gc,marking     ] GC(800) Concurrent Cleanup for Next Mark
[2026-05-06T01:32:33.669+0100][24.223s][info][gc,marking     ] GC(800) Concurrent Cleanup for Next Mark 0.031ms
[2026-05-06T01:32:33.669+0100][24.223s][info][gc             ] GC(800) Concurrent Undo Cycle 0.069ms
[2026-05-06T01:32:33.694+0100][24.247s][info][gc,start       ] GC(801) Pause Young (Concurrent Start) (G1 Humongous Allocation)
[2026-05-06T01:32:33.694+0100][24.247s][info][gc,task        ] GC(801) Using 9 workers of 9 for evacuation
[2026-05-06T01:32:33.694+0100][24.248s][info][gc,phases      ] GC(801)   Pre Evacuate Collection Set: 0.1ms
[2026-05-06T01:32:33.694+0100][24.248s][info][gc,phases      ] GC(801)   Merge Heap Roots: 0.0ms
[2026-05-06T01:32:33.694+0100][24.248s][info][gc,phases      ] GC(801)   Evacuate Collection Set: 0.1ms
[2026-05-06T01:32:33.694+0100][24.248s][info][gc,phases      ] GC(801)   Post Evacuate Collection Set: 0.1ms
[2026-05-06T01:32:33.694+0100][24.248s][info][gc,phases      ] GC(801)   Other: 0.0ms
[2026-05-06T01:32:33.694+0100][24.248s][info][gc,heap        ] GC(801) Eden regions: 9->0(215)
[2026-05-06T01:32:33.694+0100][24.248s][info][gc,heap        ] GC(801) Survivor regions: 1->1(27)
[2026-05-06T01:32:33.694+0100][24.248s][info][gc,heap        ] GC(801) Old regions: 12->12
[2026-05-06T01:32:33.694+0100][24.248s][info][gc,heap        ] GC(801) Humongous regions: 169->96
[2026-05-06T01:32:33.694+0100][24.248s][info][gc,metaspace   ] GC(801) Metaspace: 19191K(19520K)->19191K(19520K) NonClass: 16949K(17152K)->16949K(17152K) Class: 2241K(2368K)->2241K(2368K)
[2026-05-06T01:32:33.694+0100][24.248s][info][gc             ] GC(801) Pause Young (Concurrent Start) (G1 Humongous Allocation) 366M->203M(720M) 0.448ms
[2026-05-06T01:32:33.694+0100][24.248s][info][gc,cpu         ] GC(801) User=0.00s Sys=0.00s Real=0.00s
[2026-05-06T01:32:33.694+0100][24.248s][info][gc             ] GC(802) Concurrent Undo Cycle
[2026-05-06T01:32:33.694+0100][24.248s][info][gc,marking     ] GC(802) Concurrent Clear Claimed Marks
[2026-05-06T01:32:33.694+0100][24.248s][info][gc,marking     ] GC(802) Concurrent Clear Claimed Marks 0.007ms
[2026-05-06T01:32:33.694+0100][24.248s][info][gc,marking     ] GC(802) Concurrent Cleanup for Next Mark
[2026-05-06T01:32:33.694+0100][24.248s][info][gc,marking     ] GC(802) Concurrent Cleanup for Next Mark 0.025ms
[2026-05-06T01:32:33.694+0100][24.248s][info][gc             ] GC(802) Concurrent Undo Cycle 0.053ms
[2026-05-06T01:32:33.719+0100][24.272s][info][gc,start       ] GC(803) Pause Young (Concurrent Start) (G1 Humongous Allocation)
[2026-05-06T01:32:33.719+0100][24.272s][info][gc,task        ] GC(803) Using 9 workers of 9 for evacuation
[2026-05-06T01:32:33.719+0100][24.273s][info][gc,phases      ] GC(803)   Pre Evacuate Collection Set: 0.1ms
[2026-05-06T01:32:33.719+0100][24.273s][info][gc,phases      ] GC(803)   Merge Heap Roots: 0.0ms
[2026-05-06T01:32:33.719+0100][24.273s][info][gc,phases      ] GC(803)   Evacuate Collection Set: 0.1ms
[2026-05-06T01:32:33.719+0100][24.273s][info][gc,phases      ] GC(803)   Post Evacuate Collection Set: 0.1ms
[2026-05-06T01:32:33.719+0100][24.273s][info][gc,phases      ] GC(803)   Other: 0.0ms
[2026-05-06T01:32:33.719+0100][24.273s][info][gc,heap        ] GC(803) Eden regions: 9->0(215)
[2026-05-06T01:32:33.719+0100][24.273s][info][gc,heap        ] GC(803) Survivor regions: 1->1(27)
[2026-05-06T01:32:33.719+0100][24.273s][info][gc,heap        ] GC(803) Old regions: 12->12
[2026-05-06T01:32:33.719+0100][24.273s][info][gc,heap        ] GC(803) Humongous regions: 169->96
[2026-05-06T01:32:33.719+0100][24.273s][info][gc,metaspace   ] GC(803) Metaspace: 19191K(19520K)->19191K(19520K) NonClass: 16949K(17152K)->16949K(17152K) Class: 2241K(2368K)->2241K(2368K)
[2026-05-06T01:32:33.719+0100][24.273s][info][gc             ] GC(803) Pause Young (Concurrent Start) (G1 Humongous Allocation) 366M->203M(720M) 0.410ms
[2026-05-06T01:32:33.719+0100][24.273s][info][gc,cpu         ] GC(803) User=0.00s Sys=0.00s Real=0.00s
[2026-05-06T01:32:33.719+0100][24.273s][info][gc             ] GC(804) Concurrent Undo Cycle
[2026-05-06T01:32:33.719+0100][24.273s][info][gc,marking     ] GC(804) Concurrent Clear Claimed Marks
[2026-05-06T01:32:33.719+0100][24.273s][info][gc,marking     ] GC(804) Concurrent Clear Claimed Marks 0.006ms
[2026-05-06T01:32:33.719+0100][24.273s][info][gc,marking     ] GC(804) Concurrent Cleanup for Next Mark
[2026-05-06T01:32:33.719+0100][24.273s][info][gc,marking     ] GC(804) Concurrent Cleanup for Next Mark 0.026ms
[2026-05-06T01:32:33.719+0100][24.273s][info][gc             ] GC(804) Concurrent Undo Cycle 0.055ms
[2026-05-06T01:32:33.744+0100][24.298s][info][gc,start       ] GC(805) Pause Young (Concurrent Start) (G1 Humongous Allocation)
[2026-05-06T01:32:33.744+0100][24.298s][info][gc,task        ] GC(805) Using 9 workers of 9 for evacuation
[2026-05-06T01:32:33.745+0100][24.298s][info][gc,phases      ] GC(805)   Pre Evacuate Collection Set: 0.1ms
[2026-05-06T01:32:33.745+0100][24.298s][info][gc,phases      ] GC(805)   Merge Heap Roots: 0.0ms
[2026-05-06T01:32:33.745+0100][24.298s][info][gc,phases      ] GC(805)   Evacuate Collection Set: 0.1ms
[2026-05-06T01:32:33.745+0100][24.298s][info][gc,phases      ] GC(805)   Post Evacuate Collection Set: 0.1ms
[2026-05-06T01:32:33.745+0100][24.298s][info][gc,phases      ] GC(805)   Other: 0.0ms
[2026-05-06T01:32:33.745+0100][24.298s][info][gc,heap        ] GC(805) Eden regions: 9->0(215)
[2026-05-06T01:32:33.745+0100][24.298s][info][gc,heap        ] GC(805) Survivor regions: 1->1(27)
[2026-05-06T01:32:33.745+0100][24.298s][info][gc,heap        ] GC(805) Old regions: 12->12
[2026-05-06T01:32:33.745+0100][24.298s][info][gc,heap        ] GC(805) Humongous regions: 169->96
[2026-05-06T01:32:33.745+0100][24.298s][info][gc,metaspace   ] GC(805) Metaspace: 19191K(19520K)->19191K(19520K) NonClass: 16949K(17152K)->16949K(17152K) Class: 2241K(2368K)->2241K(2368K)
[2026-05-06T01:32:33.745+0100][24.298s][info][gc             ] GC(805) Pause Young (Concurrent Start) (G1 Humongous Allocation) 366M->203M(720M) 0.493ms
[2026-05-06T01:32:33.745+0100][24.298s][info][gc,cpu         ] GC(805) User=0.00s Sys=0.00s Real=0.00s
[2026-05-06T01:32:33.745+0100][24.298s][info][gc             ] GC(806) Concurrent Undo Cycle
[2026-05-06T01:32:33.745+0100][24.298s][info][gc,marking     ] GC(806) Concurrent Clear Claimed Marks
[2026-05-06T01:32:33.745+0100][24.298s][info][gc,marking     ] GC(806) Concurrent Clear Claimed Marks 0.006ms
[2026-05-06T01:32:33.745+0100][24.298s][info][gc,marking     ] GC(806) Concurrent Cleanup for Next Mark
[2026-05-06T01:32:33.745+0100][24.298s][info][gc,marking     ] GC(806) Concurrent Cleanup for Next Mark 0.030ms
[2026-05-06T01:32:33.745+0100][24.299s][info][gc             ] GC(806) Concurrent Undo Cycle 0.073ms
[2026-05-06T01:32:33.775+0100][24.329s][info][gc,start       ] GC(807) Pause Young (Concurrent Start) (G1 Humongous Allocation)
[2026-05-06T01:32:33.775+0100][24.329s][info][gc,task        ] GC(807) Using 9 workers of 9 for evacuation
[2026-05-06T01:32:33.776+0100][24.329s][info][gc,phases      ] GC(807)   Pre Evacuate Collection Set: 0.1ms
[2026-05-06T01:32:33.776+0100][24.329s][info][gc,phases      ] GC(807)   Merge Heap Roots: 0.0ms
[2026-05-06T01:32:33.776+0100][24.329s][info][gc,phases      ] GC(807)   Evacuate Collection Set: 0.2ms
[2026-05-06T01:32:33.776+0100][24.329s][info][gc,phases      ] GC(807)   Post Evacuate Collection Set: 0.1ms
[2026-05-06T01:32:33.776+0100][24.329s][info][gc,phases      ] GC(807)   Other: 0.0ms
[2026-05-06T01:32:33.776+0100][24.329s][info][gc,heap        ] GC(807) Eden regions: 9->0(215)
[2026-05-06T01:32:33.776+0100][24.329s][info][gc,heap        ] GC(807) Survivor regions: 1->1(27)
[2026-05-06T01:32:33.776+0100][24.329s][info][gc,heap        ] GC(807) Old regions: 12->12
[2026-05-06T01:32:33.776+0100][24.329s][info][gc,heap        ] GC(807) Humongous regions: 169->96
[2026-05-06T01:32:33.776+0100][24.329s][info][gc,metaspace   ] GC(807) Metaspace: 19191K(19520K)->19191K(19520K) NonClass: 16949K(17152K)->16949K(17152K) Class: 2241K(2368K)->2241K(2368K)
[2026-05-06T01:32:33.776+0100][24.329s][info][gc             ] GC(807) Pause Young (Concurrent Start) (G1 Humongous Allocation) 366M->203M(720M) 0.569ms
[2026-05-06T01:32:33.776+0100][24.329s][info][gc,cpu         ] GC(807) User=0.00s Sys=0.00s Real=0.00s
[2026-05-06T01:32:33.776+0100][24.329s][info][gc             ] GC(808) Concurrent Undo Cycle
[2026-05-06T01:32:33.776+0100][24.329s][info][gc,marking     ] GC(808) Concurrent Clear Claimed Marks
[2026-05-06T01:32:33.776+0100][24.329s][info][gc,marking     ] GC(808) Concurrent Clear Claimed Marks 0.009ms
[2026-05-06T01:32:33.776+0100][24.329s][info][gc,marking     ] GC(808) Concurrent Cleanup for Next Mark
[2026-05-06T01:32:33.776+0100][24.329s][info][gc,marking     ] GC(808) Concurrent Cleanup for Next Mark 0.036ms
[2026-05-06T01:32:33.776+0100][24.329s][info][gc             ] GC(808) Concurrent Undo Cycle 0.068ms
[2026-05-06T01:32:33.806+0100][24.360s][info][gc,start       ] GC(809) Pause Young (Concurrent Start) (G1 Humongous Allocation)
[2026-05-06T01:32:33.806+0100][24.360s][info][gc,task        ] GC(809) Using 9 workers of 9 for evacuation
[2026-05-06T01:32:33.807+0100][24.360s][info][gc,phases      ] GC(809)   Pre Evacuate Collection Set: 0.1ms
[2026-05-06T01:32:33.807+0100][24.360s][info][gc,phases      ] GC(809)   Merge Heap Roots: 0.0ms
[2026-05-06T01:32:33.807+0100][24.360s][info][gc,phases      ] GC(809)   Evacuate Collection Set: 0.2ms
[2026-05-06T01:32:33.807+0100][24.360s][info][gc,phases      ] GC(809)   Post Evacuate Collection Set: 0.1ms
[2026-05-06T01:32:33.807+0100][24.360s][info][gc,phases      ] GC(809)   Other: 0.0ms
[2026-05-06T01:32:33.807+0100][24.360s][info][gc,heap        ] GC(809) Eden regions: 9->0(215)
[2026-05-06T01:32:33.807+0100][24.360s][info][gc,heap        ] GC(809) Survivor regions: 1->1(27)
[2026-05-06T01:32:33.807+0100][24.360s][info][gc,heap        ] GC(809) Old regions: 12->12
[2026-05-06T01:32:33.807+0100][24.360s][info][gc,heap        ] GC(809) Humongous regions: 169->96
[2026-05-06T01:32:33.807+0100][24.360s][info][gc,metaspace   ] GC(809) Metaspace: 19191K(19520K)->19191K(19520K) NonClass: 16949K(17152K)->16949K(17152K) Class: 2241K(2368K)->2241K(2368K)
[2026-05-06T01:32:33.807+0100][24.360s][info][gc             ] GC(809) Pause Young (Concurrent Start) (G1 Humongous Allocation) 366M->203M(720M) 0.600ms
[2026-05-06T01:32:33.807+0100][24.360s][info][gc,cpu         ] GC(809) User=0.00s Sys=0.00s Real=0.00s
[2026-05-06T01:32:33.807+0100][24.360s][info][gc             ] GC(810) Concurrent Undo Cycle
[2026-05-06T01:32:33.807+0100][24.360s][info][gc,marking     ] GC(810) Concurrent Clear Claimed Marks
[2026-05-06T01:32:33.807+0100][24.361s][info][gc,marking     ] GC(810) Concurrent Clear Claimed Marks 0.006ms
[2026-05-06T01:32:33.807+0100][24.361s][info][gc,marking     ] GC(810) Concurrent Cleanup for Next Mark
[2026-05-06T01:32:33.807+0100][24.361s][info][gc,marking     ] GC(810) Concurrent Cleanup for Next Mark 0.027ms
[2026-05-06T01:32:33.807+0100][24.361s][info][gc             ] GC(810) Concurrent Undo Cycle 0.060ms
[2026-05-06T01:32:33.837+0100][24.391s][info][gc,start       ] GC(811) Pause Young (Concurrent Start) (G1 Humongous Allocation)
[2026-05-06T01:32:33.837+0100][24.391s][info][gc,task        ] GC(811) Using 9 workers of 9 for evacuation
[2026-05-06T01:32:33.838+0100][24.392s][info][gc,phases      ] GC(811)   Pre Evacuate Collection Set: 0.1ms
[2026-05-06T01:32:33.838+0100][24.392s][info][gc,phases      ] GC(811)   Merge Heap Roots: 0.1ms
[2026-05-06T01:32:33.838+0100][24.392s][info][gc,phases      ] GC(811)   Evacuate Collection Set: 0.2ms
[2026-05-06T01:32:33.838+0100][24.392s][info][gc,phases      ] GC(811)   Post Evacuate Collection Set: 0.1ms
[2026-05-06T01:32:33.838+0100][24.392s][info][gc,phases      ] GC(811)   Other: 0.1ms
[2026-05-06T01:32:33.838+0100][24.392s][info][gc,heap        ] GC(811) Eden regions: 9->0(215)
[2026-05-06T01:32:33.838+0100][24.392s][info][gc,heap        ] GC(811) Survivor regions: 1->1(27)
[2026-05-06T01:32:33.838+0100][24.392s][info][gc,heap        ] GC(811) Old regions: 12->12
[2026-05-06T01:32:33.838+0100][24.392s][info][gc,heap        ] GC(811) Humongous regions: 169->96
[2026-05-06T01:32:33.838+0100][24.392s][info][gc,metaspace   ] GC(811) Metaspace: 19195K(19520K)->19195K(19520K) NonClass: 16954K(17152K)->16954K(17152K) Class: 2241K(2368K)->2241K(2368K)
[2026-05-06T01:32:33.838+0100][24.392s][info][gc             ] GC(811) Pause Young (Concurrent Start) (G1 Humongous Allocation) 366M->203M(720M) 0.651ms
[2026-05-06T01:32:33.838+0100][24.392s][info][gc,cpu         ] GC(811) User=0.00s Sys=0.00s Real=0.00s
[2026-05-06T01:32:33.838+0100][24.392s][info][gc             ] GC(812) Concurrent Undo Cycle
[2026-05-06T01:32:33.838+0100][24.392s][info][gc,marking     ] GC(812) Concurrent Clear Claimed Marks
[2026-05-06T01:32:33.838+0100][24.392s][info][gc,marking     ] GC(812) Concurrent Clear Claimed Marks 0.016ms
[2026-05-06T01:32:33.838+0100][24.392s][info][gc,marking     ] GC(812) Concurrent Cleanup for Next Mark
[2026-05-06T01:32:33.838+0100][24.392s][info][gc,marking     ] GC(812) Concurrent Cleanup for Next Mark 0.030ms
[2026-05-06T01:32:33.838+0100][24.392s][info][gc             ] GC(812) Concurrent Undo Cycle 0.087ms
[2026-05-06T01:32:33.866+0100][24.420s][info][gc,start       ] GC(813) Pause Young (Concurrent Start) (G1 Humongous Allocation)
[2026-05-06T01:32:33.866+0100][24.420s][info][gc,task        ] GC(813) Using 9 workers of 9 for evacuation
[2026-05-06T01:32:33.867+0100][24.420s][info][gc,phases      ] GC(813)   Pre Evacuate Collection Set: 0.1ms
[2026-05-06T01:32:33.867+0100][24.420s][info][gc,phases      ] GC(813)   Merge Heap Roots: 0.0ms
[2026-05-06T01:32:33.867+0100][24.420s][info][gc,phases      ] GC(813)   Evacuate Collection Set: 0.2ms
[2026-05-06T01:32:33.867+0100][24.420s][info][gc,phases      ] GC(813)   Post Evacuate Collection Set: 0.1ms
[2026-05-06T01:32:33.867+0100][24.420s][info][gc,phases      ] GC(813)   Other: 0.0ms
[2026-05-06T01:32:33.867+0100][24.420s][info][gc,heap        ] GC(813) Eden regions: 9->0(215)
[2026-05-06T01:32:33.867+0100][24.420s][info][gc,heap        ] GC(813) Survivor regions: 1->1(27)
[2026-05-06T01:32:33.867+0100][24.420s][info][gc,heap        ] GC(813) Old regions: 12->12
[2026-05-06T01:32:33.867+0100][24.420s][info][gc,heap        ] GC(813) Humongous regions: 169->96
[2026-05-06T01:32:33.867+0100][24.420s][info][gc,metaspace   ] GC(813) Metaspace: 19195K(19520K)->19195K(19520K) NonClass: 16954K(17152K)->16954K(17152K) Class: 2241K(2368K)->2241K(2368K)
[2026-05-06T01:32:33.867+0100][24.420s][info][gc             ] GC(813) Pause Young (Concurrent Start) (G1 Humongous Allocation) 366M->203M(720M) 0.617ms
[2026-05-06T01:32:33.867+0100][24.420s][info][gc,cpu         ] GC(813) User=0.01s Sys=0.00s Real=0.00s
[2026-05-06T01:32:33.867+0100][24.420s][info][gc             ] GC(814) Concurrent Undo Cycle
[2026-05-06T01:32:33.867+0100][24.420s][info][gc,marking     ] GC(814) Concurrent Clear Claimed Marks
[2026-05-06T01:32:33.867+0100][24.420s][info][gc,marking     ] GC(814) Concurrent Clear Claimed Marks 0.008ms
[2026-05-06T01:32:33.867+0100][24.420s][info][gc,marking     ] GC(814) Concurrent Cleanup for Next Mark
[2026-05-06T01:32:33.867+0100][24.420s][info][gc,marking     ] GC(814) Concurrent Cleanup for Next Mark 0.037ms
[2026-05-06T01:32:33.867+0100][24.420s][info][gc             ] GC(814) Concurrent Undo Cycle 0.077ms
[2026-05-06T01:32:33.893+0100][24.446s][info][gc,start       ] GC(815) Pause Young (Concurrent Start) (G1 Humongous Allocation)
[2026-05-06T01:32:33.893+0100][24.446s][info][gc,task        ] GC(815) Using 9 workers of 9 for evacuation
[2026-05-06T01:32:33.893+0100][24.447s][info][gc,phases      ] GC(815)   Pre Evacuate Collection Set: 0.1ms
[2026-05-06T01:32:33.893+0100][24.447s][info][gc,phases      ] GC(815)   Merge Heap Roots: 0.0ms
[2026-05-06T01:32:33.893+0100][24.447s][info][gc,phases      ] GC(815)   Evacuate Collection Set: 0.2ms
[2026-05-06T01:32:33.893+0100][24.447s][info][gc,phases      ] GC(815)   Post Evacuate Collection Set: 0.1ms
[2026-05-06T01:32:33.893+0100][24.447s][info][gc,phases      ] GC(815)   Other: 0.0ms
[2026-05-06T01:32:33.893+0100][24.447s][info][gc,heap        ] GC(815) Eden regions: 9->0(215)
[2026-05-06T01:32:33.893+0100][24.447s][info][gc,heap        ] GC(815) Survivor regions: 1->1(27)
[2026-05-06T01:32:33.893+0100][24.447s][info][gc,heap        ] GC(815) Old regions: 12->12
[2026-05-06T01:32:33.893+0100][24.447s][info][gc,heap        ] GC(815) Humongous regions: 169->96
[2026-05-06T01:32:33.893+0100][24.447s][info][gc,metaspace   ] GC(815) Metaspace: 19195K(19520K)->19195K(19520K) NonClass: 16954K(17152K)->16954K(17152K) Class: 2241K(2368K)->2241K(2368K)
[2026-05-06T01:32:33.893+0100][24.447s][info][gc             ] GC(815) Pause Young (Concurrent Start) (G1 Humongous Allocation) 366M->203M(720M) 0.509ms
[2026-05-06T01:32:33.893+0100][24.447s][info][gc,cpu         ] GC(815) User=0.00s Sys=0.00s Real=0.00s
[2026-05-06T01:32:33.893+0100][24.447s][info][gc             ] GC(816) Concurrent Undo Cycle
[2026-05-06T01:32:33.893+0100][24.447s][info][gc,marking     ] GC(816) Concurrent Clear Claimed Marks
[2026-05-06T01:32:33.893+0100][24.447s][info][gc,marking     ] GC(816) Concurrent Clear Claimed Marks 0.007ms
[2026-05-06T01:32:33.893+0100][24.447s][info][gc,marking     ] GC(816) Concurrent Cleanup for Next Mark
[2026-05-06T01:32:33.893+0100][24.447s][info][gc,marking     ] GC(816) Concurrent Cleanup for Next Mark 0.027ms
[2026-05-06T01:32:33.893+0100][24.447s][info][gc             ] GC(816) Concurrent Undo Cycle 0.058ms
[2026-05-06T01:32:33.909+0100][24.463s][info][gc,start       ] GC(817) Pause Full (System.gc())
[2026-05-06T01:32:33.909+0100][24.463s][info][gc,task        ] GC(817) Using 9 workers of 9 for full compaction
[2026-05-06T01:32:33.909+0100][24.463s][info][gc,phases,start] GC(817) Phase 1: Mark live objects
[2026-05-06T01:32:33.912+0100][24.466s][info][gc,phases      ] GC(817) Phase 1: Mark live objects 2.774ms
[2026-05-06T01:32:33.912+0100][24.466s][info][gc,phases,start] GC(817) Phase 2: Prepare compaction
[2026-05-06T01:32:33.912+0100][24.466s][info][gc,phases      ] GC(817) Phase 2: Prepare compaction 0.322ms
[2026-05-06T01:32:33.912+0100][24.466s][info][gc,phases,start] GC(817) Phase 3: Adjust pointers
[2026-05-06T01:32:33.914+0100][24.468s][info][gc,phases      ] GC(817) Phase 3: Adjust pointers 1.596ms
[2026-05-06T01:32:33.914+0100][24.468s][info][gc,phases,start] GC(817) Phase 4: Compact heap
[2026-05-06T01:32:33.914+0100][24.468s][info][gc,phases      ] GC(817) Phase 4: Compact heap 0.253ms
[2026-05-06T01:32:33.914+0100][24.468s][info][gc,phases,start] GC(817) Phase 5: Reset Metadata
[2026-05-06T01:32:33.915+0100][24.468s][info][gc,phases      ] GC(817) Phase 5: Reset Metadata 0.324ms
[2026-05-06T01:32:33.915+0100][24.469s][info][gc,heap        ] GC(817) Eden regions: 5->0(216)
[2026-05-06T01:32:33.915+0100][24.469s][info][gc,heap        ] GC(817) Survivor regions: 1->0(27)
[2026-05-06T01:32:33.915+0100][24.469s][info][gc,heap        ] GC(817) Old regions: 12->12
[2026-05-06T01:32:33.915+0100][24.469s][info][gc,heap        ] GC(817) Humongous regions: 169->96
[2026-05-06T01:32:33.915+0100][24.469s][info][gc,metaspace   ] GC(817) Metaspace: 19195K(19520K)->19195K(19520K) NonClass: 16954K(17152K)->16954K(17152K) Class: 2241K(2368K)->2241K(2368K)
[2026-05-06T01:32:33.915+0100][24.469s][info][gc             ] GC(817) Pause Full (System.gc()) 358M->203M(720M) 5.838ms
[2026-05-06T01:32:33.915+0100][24.469s][info][gc,cpu         ] GC(817) User=0.02s Sys=0.01s Real=0.01s
[2026-05-06T01:32:33.926+0100][24.480s][info][gc,start       ] GC(818) Pause Young (Concurrent Start) (G1 Humongous Allocation)
[2026-05-06T01:32:33.926+0100][24.480s][info][gc,task        ] GC(818) Using 9 workers of 9 for evacuation
[2026-05-06T01:32:33.927+0100][24.480s][info][gc,phases      ] GC(818)   Pre Evacuate Collection Set: 0.1ms
[2026-05-06T01:32:33.927+0100][24.480s][info][gc,phases      ] GC(818)   Merge Heap Roots: 0.0ms
[2026-05-06T01:32:33.927+0100][24.480s][info][gc,phases      ] GC(818)   Evacuate Collection Set: 0.2ms
[2026-05-06T01:32:33.927+0100][24.480s][info][gc,phases      ] GC(818)   Post Evacuate Collection Set: 0.1ms
[2026-05-06T01:32:33.927+0100][24.480s][info][gc,phases      ] GC(818)   Other: 0.0ms
[2026-05-06T01:32:33.927+0100][24.480s][info][gc,heap        ] GC(818) Eden regions: 8->0(215)
[2026-05-06T01:32:33.927+0100][24.480s][info][gc,heap        ] GC(818) Survivor regions: 0->1(27)
[2026-05-06T01:32:33.927+0100][24.480s][info][gc,heap        ] GC(818) Old regions: 12->12
[2026-05-06T01:32:33.927+0100][24.480s][info][gc,heap        ] GC(818) Humongous regions: 96->96
[2026-05-06T01:32:33.927+0100][24.480s][info][gc,metaspace   ] GC(818) Metaspace: 19195K(19520K)->19195K(19520K) NonClass: 16954K(17152K)->16954K(17152K) Class: 2241K(2368K)->2241K(2368K)
[2026-05-06T01:32:33.927+0100][24.480s][info][gc             ] GC(818) Pause Young (Concurrent Start) (G1 Humongous Allocation) 218M->203M(720M) 0.535ms
[2026-05-06T01:32:33.927+0100][24.480s][info][gc,cpu         ] GC(818) User=0.01s Sys=0.00s Real=0.00s
[2026-05-06T01:32:33.927+0100][24.480s][info][gc             ] GC(819) Concurrent Undo Cycle
[2026-05-06T01:32:33.927+0100][24.480s][info][gc,marking     ] GC(819) Concurrent Clear Claimed Marks
[2026-05-06T01:32:33.927+0100][24.480s][info][gc,marking     ] GC(819) Concurrent Clear Claimed Marks 0.010ms
[2026-05-06T01:32:33.927+0100][24.480s][info][gc,marking     ] GC(819) Concurrent Cleanup for Next Mark
[2026-05-06T01:32:33.927+0100][24.480s][info][gc,marking     ] GC(819) Concurrent Cleanup for Next Mark 0.026ms
[2026-05-06T01:32:33.927+0100][24.480s][info][gc             ] GC(819) Concurrent Undo Cycle 0.061ms
[2026-05-06T01:32:33.956+0100][24.510s][info][gc,start       ] GC(820) Pause Young (Concurrent Start) (G1 Humongous Allocation)
[2026-05-06T01:32:33.956+0100][24.510s][info][gc,task        ] GC(820) Using 9 workers of 9 for evacuation
[2026-05-06T01:32:33.956+0100][24.510s][info][gc,phases      ] GC(820)   Pre Evacuate Collection Set: 0.1ms
[2026-05-06T01:32:33.956+0100][24.510s][info][gc,phases      ] GC(820)   Merge Heap Roots: 0.0ms
[2026-05-06T01:32:33.956+0100][24.510s][info][gc,phases      ] GC(820)   Evacuate Collection Set: 0.2ms
[2026-05-06T01:32:33.956+0100][24.510s][info][gc,phases      ] GC(820)   Post Evacuate Collection Set: 0.1ms
[2026-05-06T01:32:33.956+0100][24.510s][info][gc,phases      ] GC(820)   Other: 0.0ms
[2026-05-06T01:32:33.956+0100][24.510s][info][gc,heap        ] GC(820) Eden regions: 9->0(215)
[2026-05-06T01:32:33.956+0100][24.510s][info][gc,heap        ] GC(820) Survivor regions: 1->1(27)
[2026-05-06T01:32:33.956+0100][24.510s][info][gc,heap        ] GC(820) Old regions: 12->12
[2026-05-06T01:32:33.956+0100][24.510s][info][gc,heap        ] GC(820) Humongous regions: 169->96
[2026-05-06T01:32:33.956+0100][24.510s][info][gc,metaspace   ] GC(820) Metaspace: 19195K(19520K)->19195K(19520K) NonClass: 16954K(17152K)->16954K(17152K) Class: 2241K(2368K)->2241K(2368K)
[2026-05-06T01:32:33.956+0100][24.510s][info][gc             ] GC(820) Pause Young (Concurrent Start) (G1 Humongous Allocation) 366M->203M(720M) 0.536ms
[2026-05-06T01:32:33.956+0100][24.510s][info][gc,cpu         ] GC(820) User=0.00s Sys=0.00s Real=0.00s
[2026-05-06T01:32:33.956+0100][24.510s][info][gc             ] GC(821) Concurrent Undo Cycle
[2026-05-06T01:32:33.956+0100][24.510s][info][gc,marking     ] GC(821) Concurrent Clear Claimed Marks
[2026-05-06T01:32:33.956+0100][24.510s][info][gc,marking     ] GC(821) Concurrent Clear Claimed Marks 0.008ms
[2026-05-06T01:32:33.956+0100][24.510s][info][gc,marking     ] GC(821) Concurrent Cleanup for Next Mark
[2026-05-06T01:32:33.957+0100][24.510s][info][gc,marking     ] GC(821) Concurrent Cleanup for Next Mark 0.025ms
[2026-05-06T01:32:33.957+0100][24.510s][info][gc             ] GC(821) Concurrent Undo Cycle 0.063ms
[2026-05-06T01:32:33.983+0100][24.537s][info][gc,start       ] GC(822) Pause Young (Concurrent Start) (G1 Humongous Allocation)
[2026-05-06T01:32:33.983+0100][24.537s][info][gc,task        ] GC(822) Using 9 workers of 9 for evacuation
[2026-05-06T01:32:33.984+0100][24.537s][info][gc,phases      ] GC(822)   Pre Evacuate Collection Set: 0.1ms
[2026-05-06T01:32:33.984+0100][24.537s][info][gc,phases      ] GC(822)   Merge Heap Roots: 0.0ms
[2026-05-06T01:32:33.984+0100][24.537s][info][gc,phases      ] GC(822)   Evacuate Collection Set: 0.1ms
[2026-05-06T01:32:33.984+0100][24.537s][info][gc,phases      ] GC(822)   Post Evacuate Collection Set: 0.1ms
[2026-05-06T01:32:33.984+0100][24.537s][info][gc,phases      ] GC(822)   Other: 0.0ms
[2026-05-06T01:32:33.984+0100][24.537s][info][gc,heap        ] GC(822) Eden regions: 9->0(215)
[2026-05-06T01:32:33.984+0100][24.537s][info][gc,heap        ] GC(822) Survivor regions: 1->1(27)
[2026-05-06T01:32:33.984+0100][24.537s][info][gc,heap        ] GC(822) Old regions: 12->12
[2026-05-06T01:32:33.984+0100][24.537s][info][gc,heap        ] GC(822) Humongous regions: 169->96
[2026-05-06T01:32:33.984+0100][24.537s][info][gc,metaspace   ] GC(822) Metaspace: 19196K(19520K)->19196K(19520K) NonClass: 16954K(17152K)->16954K(17152K) Class: 2241K(2368K)->2241K(2368K)
[2026-05-06T01:32:33.984+0100][24.537s][info][gc             ] GC(822) Pause Young (Concurrent Start) (G1 Humongous Allocation) 366M->203M(720M) 0.499ms
[2026-05-06T01:32:33.984+0100][24.537s][info][gc,cpu         ] GC(822) User=0.00s Sys=0.00s Real=0.00s
[2026-05-06T01:32:33.984+0100][24.537s][info][gc             ] GC(823) Concurrent Undo Cycle
[2026-05-06T01:32:33.984+0100][24.537s][info][gc,marking     ] GC(823) Concurrent Clear Claimed Marks
[2026-05-06T01:32:33.984+0100][24.537s][info][gc,marking     ] GC(823) Concurrent Clear Claimed Marks 0.007ms
[2026-05-06T01:32:33.984+0100][24.537s][info][gc,marking     ] GC(823) Concurrent Cleanup for Next Mark
[2026-05-06T01:32:33.984+0100][24.537s][info][gc,marking     ] GC(823) Concurrent Cleanup for Next Mark 0.025ms
[2026-05-06T01:32:33.984+0100][24.537s][info][gc             ] GC(823) Concurrent Undo Cycle 0.055ms
[2026-05-06T01:32:34.016+0100][24.569s][info][gc,start       ] GC(824) Pause Young (Concurrent Start) (G1 Humongous Allocation)
[2026-05-06T01:32:34.016+0100][24.569s][info][gc,task        ] GC(824) Using 9 workers of 9 for evacuation
[2026-05-06T01:32:34.016+0100][24.570s][info][gc,phases      ] GC(824)   Pre Evacuate Collection Set: 0.1ms
[2026-05-06T01:32:34.016+0100][24.570s][info][gc,phases      ] GC(824)   Merge Heap Roots: 0.0ms
[2026-05-06T01:32:34.016+0100][24.570s][info][gc,phases      ] GC(824)   Evacuate Collection Set: 0.2ms
[2026-05-06T01:32:34.016+0100][24.570s][info][gc,phases      ] GC(824)   Post Evacuate Collection Set: 0.1ms
[2026-05-06T01:32:34.016+0100][24.570s][info][gc,phases      ] GC(824)   Other: 0.0ms
[2026-05-06T01:32:34.016+0100][24.570s][info][gc,heap        ] GC(824) Eden regions: 9->0(215)
[2026-05-06T01:32:34.016+0100][24.570s][info][gc,heap        ] GC(824) Survivor regions: 1->1(27)
[2026-05-06T01:32:34.016+0100][24.570s][info][gc,heap        ] GC(824) Old regions: 12->12
[2026-05-06T01:32:34.016+0100][24.570s][info][gc,heap        ] GC(824) Humongous regions: 169->96
[2026-05-06T01:32:34.016+0100][24.570s][info][gc,metaspace   ] GC(824) Metaspace: 19196K(19520K)->19196K(19520K) NonClass: 16954K(17152K)->16954K(17152K) Class: 2241K(2368K)->2241K(2368K)
[2026-05-06T01:32:34.016+0100][24.570s][info][gc             ] GC(824) Pause Young (Concurrent Start) (G1 Humongous Allocation) 366M->203M(720M) 0.573ms
[2026-05-06T01:32:34.016+0100][24.570s][info][gc,cpu         ] GC(824) User=0.00s Sys=0.00s Real=0.00s
[2026-05-06T01:32:34.016+0100][24.570s][info][gc             ] GC(825) Concurrent Undo Cycle
[2026-05-06T01:32:34.016+0100][24.570s][info][gc,marking     ] GC(825) Concurrent Clear Claimed Marks
[2026-05-06T01:32:34.016+0100][24.570s][info][gc,marking     ] GC(825) Concurrent Clear Claimed Marks 0.006ms
[2026-05-06T01:32:34.016+0100][24.570s][info][gc,marking     ] GC(825) Concurrent Cleanup for Next Mark
[2026-05-06T01:32:34.016+0100][24.570s][info][gc,marking     ] GC(825) Concurrent Cleanup for Next Mark 0.025ms
[2026-05-06T01:32:34.016+0100][24.570s][info][gc             ] GC(825) Concurrent Undo Cycle 0.063ms
[2026-05-06T01:32:34.043+0100][24.596s][info][gc,start       ] GC(826) Pause Young (Concurrent Start) (G1 Humongous Allocation)
[2026-05-06T01:32:34.043+0100][24.596s][info][gc,task        ] GC(826) Using 9 workers of 9 for evacuation
[2026-05-06T01:32:34.043+0100][24.597s][info][gc,phases      ] GC(826)   Pre Evacuate Collection Set: 0.1ms
[2026-05-06T01:32:34.043+0100][24.597s][info][gc,phases      ] GC(826)   Merge Heap Roots: 0.0ms
[2026-05-06T01:32:34.043+0100][24.597s][info][gc,phases      ] GC(826)   Evacuate Collection Set: 0.2ms
[2026-05-06T01:32:34.043+0100][24.597s][info][gc,phases      ] GC(826)   Post Evacuate Collection Set: 0.1ms
[2026-05-06T01:32:34.043+0100][24.597s][info][gc,phases      ] GC(826)   Other: 0.0ms
[2026-05-06T01:32:34.043+0100][24.597s][info][gc,heap        ] GC(826) Eden regions: 9->0(215)
[2026-05-06T01:32:34.043+0100][24.597s][info][gc,heap        ] GC(826) Survivor regions: 1->1(27)
[2026-05-06T01:32:34.043+0100][24.597s][info][gc,heap        ] GC(826) Old regions: 12->12
[2026-05-06T01:32:34.043+0100][24.597s][info][gc,heap        ] GC(826) Humongous regions: 169->96
[2026-05-06T01:32:34.043+0100][24.597s][info][gc,metaspace   ] GC(826) Metaspace: 19196K(19520K)->19196K(19520K) NonClass: 16954K(17152K)->16954K(17152K) Class: 2241K(2368K)->2241K(2368K)
[2026-05-06T01:32:34.043+0100][24.597s][info][gc             ] GC(826) Pause Young (Concurrent Start) (G1 Humongous Allocation) 366M->203M(720M) 0.523ms
[2026-05-06T01:32:34.043+0100][24.597s][info][gc,cpu         ] GC(826) User=0.00s Sys=0.00s Real=0.00s
[2026-05-06T01:32:34.043+0100][24.597s][info][gc             ] GC(827) Concurrent Undo Cycle
[2026-05-06T01:32:34.043+0100][24.597s][info][gc,marking     ] GC(827) Concurrent Clear Claimed Marks
[2026-05-06T01:32:34.043+0100][24.597s][info][gc,marking     ] GC(827) Concurrent Clear Claimed Marks 0.007ms
[2026-05-06T01:32:34.043+0100][24.597s][info][gc,marking     ] GC(827) Concurrent Cleanup for Next Mark
[2026-05-06T01:32:34.043+0100][24.597s][info][gc,marking     ] GC(827) Concurrent Cleanup for Next Mark 0.037ms
[2026-05-06T01:32:34.043+0100][24.597s][info][gc             ] GC(827) Concurrent Undo Cycle 0.070ms
[2026-05-06T01:32:34.069+0100][24.623s][info][gc,start       ] GC(828) Pause Young (Concurrent Start) (G1 Humongous Allocation)
[2026-05-06T01:32:34.069+0100][24.623s][info][gc,task        ] GC(828) Using 9 workers of 9 for evacuation
[2026-05-06T01:32:34.070+0100][24.623s][info][gc,phases      ] GC(828)   Pre Evacuate Collection Set: 0.1ms
[2026-05-06T01:32:34.070+0100][24.623s][info][gc,phases      ] GC(828)   Merge Heap Roots: 0.0ms
[2026-05-06T01:32:34.070+0100][24.623s][info][gc,phases      ] GC(828)   Evacuate Collection Set: 0.1ms
[2026-05-06T01:32:34.070+0100][24.623s][info][gc,phases      ] GC(828)   Post Evacuate Collection Set: 0.1ms
[2026-05-06T01:32:34.070+0100][24.623s][info][gc,phases      ] GC(828)   Other: 0.0ms
[2026-05-06T01:32:34.070+0100][24.624s][info][gc,heap        ] GC(828) Eden regions: 9->0(215)
[2026-05-06T01:32:34.070+0100][24.624s][info][gc,heap        ] GC(828) Survivor regions: 1->1(27)
[2026-05-06T01:32:34.070+0100][24.624s][info][gc,heap        ] GC(828) Old regions: 12->12
[2026-05-06T01:32:34.070+0100][24.624s][info][gc,heap        ] GC(828) Humongous regions: 169->96
[2026-05-06T01:32:34.070+0100][24.624s][info][gc,metaspace   ] GC(828) Metaspace: 19196K(19520K)->19196K(19520K) NonClass: 16954K(17152K)->16954K(17152K) Class: 2241K(2368K)->2241K(2368K)
[2026-05-06T01:32:34.070+0100][24.624s][info][gc             ] GC(828) Pause Young (Concurrent Start) (G1 Humongous Allocation) 366M->203M(720M) 0.464ms
[2026-05-06T01:32:34.070+0100][24.624s][info][gc,cpu         ] GC(828) User=0.00s Sys=0.00s Real=0.01s
[2026-05-06T01:32:34.070+0100][24.624s][info][gc             ] GC(829) Concurrent Undo Cycle
[2026-05-06T01:32:34.070+0100][24.624s][info][gc,marking     ] GC(829) Concurrent Clear Claimed Marks
[2026-05-06T01:32:34.070+0100][24.624s][info][gc,marking     ] GC(829) Concurrent Clear Claimed Marks 0.007ms
[2026-05-06T01:32:34.070+0100][24.624s][info][gc,marking     ] GC(829) Concurrent Cleanup for Next Mark
[2026-05-06T01:32:34.070+0100][24.624s][info][gc,marking     ] GC(829) Concurrent Cleanup for Next Mark 0.037ms
[2026-05-06T01:32:34.070+0100][24.624s][info][gc             ] GC(829) Concurrent Undo Cycle 0.070ms
[2026-05-06T01:32:34.096+0100][24.649s][info][gc,start       ] GC(830) Pause Young (Concurrent Start) (G1 Humongous Allocation)
[2026-05-06T01:32:34.096+0100][24.649s][info][gc,task        ] GC(830) Using 9 workers of 9 for evacuation
[2026-05-06T01:32:34.096+0100][24.650s][info][gc,phases      ] GC(830)   Pre Evacuate Collection Set: 0.1ms
[2026-05-06T01:32:34.096+0100][24.650s][info][gc,phases      ] GC(830)   Merge Heap Roots: 0.0ms
[2026-05-06T01:32:34.096+0100][24.650s][info][gc,phases      ] GC(830)   Evacuate Collection Set: 0.1ms
[2026-05-06T01:32:34.096+0100][24.650s][info][gc,phases      ] GC(830)   Post Evacuate Collection Set: 0.1ms
[2026-05-06T01:32:34.096+0100][24.650s][info][gc,phases      ] GC(830)   Other: 0.0ms
[2026-05-06T01:32:34.096+0100][24.650s][info][gc,heap        ] GC(830) Eden regions: 9->0(215)
[2026-05-06T01:32:34.096+0100][24.650s][info][gc,heap        ] GC(830) Survivor regions: 1->1(27)
[2026-05-06T01:32:34.096+0100][24.650s][info][gc,heap        ] GC(830) Old regions: 12->12
[2026-05-06T01:32:34.096+0100][24.650s][info][gc,heap        ] GC(830) Humongous regions: 169->96
[2026-05-06T01:32:34.096+0100][24.650s][info][gc,metaspace   ] GC(830) Metaspace: 19196K(19520K)->19196K(19520K) NonClass: 16954K(17152K)->16954K(17152K) Class: 2241K(2368K)->2241K(2368K)
[2026-05-06T01:32:34.096+0100][24.650s][info][gc             ] GC(830) Pause Young (Concurrent Start) (G1 Humongous Allocation) 366M->203M(720M) 0.450ms
[2026-05-06T01:32:34.096+0100][24.650s][info][gc,cpu         ] GC(830) User=0.00s Sys=0.00s Real=0.00s
[2026-05-06T01:32:34.096+0100][24.650s][info][gc             ] GC(831) Concurrent Undo Cycle
[2026-05-06T01:32:34.096+0100][24.650s][info][gc,marking     ] GC(831) Concurrent Clear Claimed Marks
[2026-05-06T01:32:34.096+0100][24.650s][info][gc,marking     ] GC(831) Concurrent Clear Claimed Marks 0.007ms
[2026-05-06T01:32:34.096+0100][24.650s][info][gc,marking     ] GC(831) Concurrent Cleanup for Next Mark
[2026-05-06T01:32:34.096+0100][24.650s][info][gc,marking     ] GC(831) Concurrent Cleanup for Next Mark 0.038ms
[2026-05-06T01:32:34.096+0100][24.650s][info][gc             ] GC(831) Concurrent Undo Cycle 0.067ms
[2026-05-06T01:32:34.123+0100][24.677s][info][gc,start       ] GC(832) Pause Young (Concurrent Start) (G1 Humongous Allocation)
[2026-05-06T01:32:34.123+0100][24.677s][info][gc,task        ] GC(832) Using 9 workers of 9 for evacuation
[2026-05-06T01:32:34.124+0100][24.677s][info][gc,phases      ] GC(832)   Pre Evacuate Collection Set: 0.1ms
[2026-05-06T01:32:34.124+0100][24.677s][info][gc,phases      ] GC(832)   Merge Heap Roots: 0.0ms
[2026-05-06T01:32:34.124+0100][24.677s][info][gc,phases      ] GC(832)   Evacuate Collection Set: 0.2ms
[2026-05-06T01:32:34.124+0100][24.677s][info][gc,phases      ] GC(832)   Post Evacuate Collection Set: 0.1ms
[2026-05-06T01:32:34.124+0100][24.677s][info][gc,phases      ] GC(832)   Other: 0.0ms
[2026-05-06T01:32:34.124+0100][24.677s][info][gc,heap        ] GC(832) Eden regions: 9->0(215)
[2026-05-06T01:32:34.124+0100][24.677s][info][gc,heap        ] GC(832) Survivor regions: 1->1(27)
[2026-05-06T01:32:34.124+0100][24.677s][info][gc,heap        ] GC(832) Old regions: 12->12
[2026-05-06T01:32:34.124+0100][24.677s][info][gc,heap        ] GC(832) Humongous regions: 169->96
[2026-05-06T01:32:34.124+0100][24.677s][info][gc,metaspace   ] GC(832) Metaspace: 19196K(19520K)->19196K(19520K) NonClass: 16954K(17152K)->16954K(17152K) Class: 2241K(2368K)->2241K(2368K)
[2026-05-06T01:32:34.124+0100][24.677s][info][gc             ] GC(832) Pause Young (Concurrent Start) (G1 Humongous Allocation) 366M->203M(720M) 0.533ms
[2026-05-06T01:32:34.124+0100][24.677s][info][gc,cpu         ] GC(832) User=0.00s Sys=0.00s Real=0.00s
[2026-05-06T01:32:34.124+0100][24.677s][info][gc             ] GC(833) Concurrent Undo Cycle
[2026-05-06T01:32:34.124+0100][24.678s][info][gc,marking     ] GC(833) Concurrent Clear Claimed Marks
[2026-05-06T01:32:34.124+0100][24.678s][info][gc,marking     ] GC(833) Concurrent Clear Claimed Marks 0.007ms
[2026-05-06T01:32:34.124+0100][24.678s][info][gc,marking     ] GC(833) Concurrent Cleanup for Next Mark
[2026-05-06T01:32:34.124+0100][24.678s][info][gc,marking     ] GC(833) Concurrent Cleanup for Next Mark 0.035ms
[2026-05-06T01:32:34.124+0100][24.678s][info][gc             ] GC(833) Concurrent Undo Cycle 0.069ms
[2026-05-06T01:32:34.155+0100][24.709s][info][gc,start       ] GC(834) Pause Young (Concurrent Start) (G1 Humongous Allocation)
[2026-05-06T01:32:34.155+0100][24.709s][info][gc,task        ] GC(834) Using 9 workers of 9 for evacuation
[2026-05-06T01:32:34.156+0100][24.709s][info][gc,phases      ] GC(834)   Pre Evacuate Collection Set: 0.1ms
[2026-05-06T01:32:34.156+0100][24.709s][info][gc,phases      ] GC(834)   Merge Heap Roots: 0.0ms
[2026-05-06T01:32:34.156+0100][24.709s][info][gc,phases      ] GC(834)   Evacuate Collection Set: 0.2ms
[2026-05-06T01:32:34.156+0100][24.709s][info][gc,phases      ] GC(834)   Post Evacuate Collection Set: 0.1ms
[2026-05-06T01:32:34.156+0100][24.709s][info][gc,phases      ] GC(834)   Other: 0.0ms
[2026-05-06T01:32:34.156+0100][24.709s][info][gc,heap        ] GC(834) Eden regions: 9->0(215)
[2026-05-06T01:32:34.156+0100][24.709s][info][gc,heap        ] GC(834) Survivor regions: 1->1(27)
[2026-05-06T01:32:34.156+0100][24.709s][info][gc,heap        ] GC(834) Old regions: 12->12
[2026-05-06T01:32:34.156+0100][24.709s][info][gc,heap        ] GC(834) Humongous regions: 169->96
[2026-05-06T01:32:34.156+0100][24.709s][info][gc,metaspace   ] GC(834) Metaspace: 19196K(19520K)->19196K(19520K) NonClass: 16954K(17152K)->16954K(17152K) Class: 2241K(2368K)->2241K(2368K)
[2026-05-06T01:32:34.156+0100][24.709s][info][gc             ] GC(834) Pause Young (Concurrent Start) (G1 Humongous Allocation) 366M->203M(720M) 0.620ms
[2026-05-06T01:32:34.156+0100][24.709s][info][gc,cpu         ] GC(834) User=0.00s Sys=0.00s Real=0.00s
[2026-05-06T01:32:34.156+0100][24.709s][info][gc             ] GC(835) Concurrent Undo Cycle
[2026-05-06T01:32:34.156+0100][24.709s][info][gc,marking     ] GC(835) Concurrent Clear Claimed Marks
[2026-05-06T01:32:34.156+0100][24.709s][info][gc,marking     ] GC(835) Concurrent Clear Claimed Marks 0.010ms
[2026-05-06T01:32:34.156+0100][24.709s][info][gc,marking     ] GC(835) Concurrent Cleanup for Next Mark
[2026-05-06T01:32:34.156+0100][24.709s][info][gc,marking     ] GC(835) Concurrent Cleanup for Next Mark 0.037ms
[2026-05-06T01:32:34.156+0100][24.709s][info][gc             ] GC(835) Concurrent Undo Cycle 0.071ms
[2026-05-06T01:32:34.182+0100][24.736s][info][gc,start       ] GC(836) Pause Young (Concurrent Start) (G1 Humongous Allocation)
[2026-05-06T01:32:34.182+0100][24.736s][info][gc,task        ] GC(836) Using 9 workers of 9 for evacuation
[2026-05-06T01:32:34.183+0100][24.736s][info][gc,phases      ] GC(836)   Pre Evacuate Collection Set: 0.1ms
[2026-05-06T01:32:34.183+0100][24.736s][info][gc,phases      ] GC(836)   Merge Heap Roots: 0.1ms
[2026-05-06T01:32:34.183+0100][24.736s][info][gc,phases      ] GC(836)   Evacuate Collection Set: 0.1ms
[2026-05-06T01:32:34.183+0100][24.736s][info][gc,phases      ] GC(836)   Post Evacuate Collection Set: 0.1ms
[2026-05-06T01:32:34.183+0100][24.736s][info][gc,phases      ] GC(836)   Other: 0.0ms
[2026-05-06T01:32:34.183+0100][24.736s][info][gc,heap        ] GC(836) Eden regions: 9->0(215)
[2026-05-06T01:32:34.183+0100][24.736s][info][gc,heap        ] GC(836) Survivor regions: 1->1(27)
[2026-05-06T01:32:34.183+0100][24.736s][info][gc,heap        ] GC(836) Old regions: 12->12
[2026-05-06T01:32:34.183+0100][24.736s][info][gc,heap        ] GC(836) Humongous regions: 169->96
[2026-05-06T01:32:34.183+0100][24.736s][info][gc,metaspace   ] GC(836) Metaspace: 19196K(19520K)->19196K(19520K) NonClass: 16954K(17152K)->16954K(17152K) Class: 2241K(2368K)->2241K(2368K)
[2026-05-06T01:32:34.183+0100][24.736s][info][gc             ] GC(836) Pause Young (Concurrent Start) (G1 Humongous Allocation) 366M->203M(720M) 0.444ms
[2026-05-06T01:32:34.183+0100][24.736s][info][gc,cpu         ] GC(836) User=0.01s Sys=0.00s Real=0.00s
[2026-05-06T01:32:34.183+0100][24.736s][info][gc             ] GC(837) Concurrent Undo Cycle
[2026-05-06T01:32:34.183+0100][24.736s][info][gc,marking     ] GC(837) Concurrent Clear Claimed Marks
[2026-05-06T01:32:34.183+0100][24.736s][info][gc,marking     ] GC(837) Concurrent Clear Claimed Marks 0.007ms
[2026-05-06T01:32:34.183+0100][24.736s][info][gc,marking     ] GC(837) Concurrent Cleanup for Next Mark
[2026-05-06T01:32:34.183+0100][24.737s][info][gc,marking     ] GC(837) Concurrent Cleanup for Next Mark 0.036ms
[2026-05-06T01:32:34.183+0100][24.737s][info][gc             ] GC(837) Concurrent Undo Cycle 0.067ms
[2026-05-06T01:32:34.209+0100][24.762s][info][gc,start       ] GC(838) Pause Young (Concurrent Start) (G1 Humongous Allocation)
[2026-05-06T01:32:34.209+0100][24.762s][info][gc,task        ] GC(838) Using 9 workers of 9 for evacuation
[2026-05-06T01:32:34.209+0100][24.763s][info][gc,phases      ] GC(838)   Pre Evacuate Collection Set: 0.1ms
[2026-05-06T01:32:34.209+0100][24.763s][info][gc,phases      ] GC(838)   Merge Heap Roots: 0.0ms
[2026-05-06T01:32:34.209+0100][24.763s][info][gc,phases      ] GC(838)   Evacuate Collection Set: 0.2ms
[2026-05-06T01:32:34.209+0100][24.763s][info][gc,phases      ] GC(838)   Post Evacuate Collection Set: 0.1ms
[2026-05-06T01:32:34.209+0100][24.763s][info][gc,phases      ] GC(838)   Other: 0.0ms
[2026-05-06T01:32:34.209+0100][24.763s][info][gc,heap        ] GC(838) Eden regions: 9->0(215)
[2026-05-06T01:32:34.209+0100][24.763s][info][gc,heap        ] GC(838) Survivor regions: 1->1(27)
[2026-05-06T01:32:34.209+0100][24.763s][info][gc,heap        ] GC(838) Old regions: 12->12
[2026-05-06T01:32:34.209+0100][24.763s][info][gc,heap        ] GC(838) Humongous regions: 169->96
[2026-05-06T01:32:34.209+0100][24.763s][info][gc,metaspace   ] GC(838) Metaspace: 19196K(19520K)->19196K(19520K) NonClass: 16955K(17152K)->16955K(17152K) Class: 2241K(2368K)->2241K(2368K)
[2026-05-06T01:32:34.209+0100][24.763s][info][gc             ] GC(838) Pause Young (Concurrent Start) (G1 Humongous Allocation) 366M->203M(720M) 0.591ms
[2026-05-06T01:32:34.209+0100][24.763s][info][gc,cpu         ] GC(838) User=0.00s Sys=0.00s Real=0.00s
[2026-05-06T01:32:34.209+0100][24.763s][info][gc             ] GC(839) Concurrent Undo Cycle
[2026-05-06T01:32:34.209+0100][24.763s][info][gc,marking     ] GC(839) Concurrent Clear Claimed Marks
[2026-05-06T01:32:34.209+0100][24.763s][info][gc,marking     ] GC(839) Concurrent Clear Claimed Marks 0.006ms
[2026-05-06T01:32:34.209+0100][24.763s][info][gc,marking     ] GC(839) Concurrent Cleanup for Next Mark
[2026-05-06T01:32:34.209+0100][24.763s][info][gc,marking     ] GC(839) Concurrent Cleanup for Next Mark 0.038ms
[2026-05-06T01:32:34.209+0100][24.763s][info][gc             ] GC(839) Concurrent Undo Cycle 0.077ms
[2026-05-06T01:32:34.234+0100][24.788s][info][gc,start       ] GC(840) Pause Young (Concurrent Start) (G1 Humongous Allocation)
[2026-05-06T01:32:34.235+0100][24.788s][info][gc,task        ] GC(840) Using 9 workers of 9 for evacuation
[2026-05-06T01:32:34.235+0100][24.789s][info][gc,phases      ] GC(840)   Pre Evacuate Collection Set: 0.1ms
[2026-05-06T01:32:34.235+0100][24.789s][info][gc,phases      ] GC(840)   Merge Heap Roots: 0.0ms
[2026-05-06T01:32:34.235+0100][24.789s][info][gc,phases      ] GC(840)   Evacuate Collection Set: 0.2ms
[2026-05-06T01:32:34.235+0100][24.789s][info][gc,phases      ] GC(840)   Post Evacuate Collection Set: 0.1ms
[2026-05-06T01:32:34.235+0100][24.789s][info][gc,phases      ] GC(840)   Other: 0.0ms
[2026-05-06T01:32:34.235+0100][24.789s][info][gc,heap        ] GC(840) Eden regions: 5->0(215)
[2026-05-06T01:32:34.235+0100][24.789s][info][gc,heap        ] GC(840) Survivor regions: 1->1(27)
[2026-05-06T01:32:34.235+0100][24.789s][info][gc,heap        ] GC(840) Old regions: 12->12
[2026-05-06T01:32:34.235+0100][24.789s][info][gc,heap        ] GC(840) Humongous regions: 169->96
[2026-05-06T01:32:34.235+0100][24.789s][info][gc,metaspace   ] GC(840) Metaspace: 19196K(19520K)->19196K(19520K) NonClass: 16955K(17152K)->16955K(17152K) Class: 2241K(2368K)->2241K(2368K)
[2026-05-06T01:32:34.235+0100][24.789s][info][gc             ] GC(840) Pause Young (Concurrent Start) (G1 Humongous Allocation) 358M->203M(720M) 0.548ms
[2026-05-06T01:32:34.235+0100][24.789s][info][gc,cpu         ] GC(840) User=0.00s Sys=0.00s Real=0.00s
[2026-05-06T01:32:34.235+0100][24.789s][info][gc             ] GC(841) Concurrent Undo Cycle
[2026-05-06T01:32:34.235+0100][24.789s][info][gc,marking     ] GC(841) Concurrent Clear Claimed Marks
[2026-05-06T01:32:34.235+0100][24.789s][info][gc,marking     ] GC(841) Concurrent Clear Claimed Marks 0.006ms
[2026-05-06T01:32:34.235+0100][24.789s][info][gc,marking     ] GC(841) Concurrent Cleanup for Next Mark
[2026-05-06T01:32:34.235+0100][24.789s][info][gc,marking     ] GC(841) Concurrent Cleanup for Next Mark 0.071ms
[2026-05-06T01:32:34.235+0100][24.789s][info][gc             ] GC(841) Concurrent Undo Cycle 0.116ms
[2026-05-06T01:32:34.262+0100][24.815s][info][gc,start       ] GC(842) Pause Young (Concurrent Start) (G1 Humongous Allocation)
[2026-05-06T01:32:34.262+0100][24.815s][info][gc,task        ] GC(842) Using 9 workers of 9 for evacuation
[2026-05-06T01:32:34.262+0100][24.816s][info][gc,phases      ] GC(842)   Pre Evacuate Collection Set: 0.1ms
[2026-05-06T01:32:34.262+0100][24.816s][info][gc,phases      ] GC(842)   Merge Heap Roots: 0.0ms
[2026-05-06T01:32:34.262+0100][24.816s][info][gc,phases      ] GC(842)   Evacuate Collection Set: 0.2ms
[2026-05-06T01:32:34.262+0100][24.816s][info][gc,phases      ] GC(842)   Post Evacuate Collection Set: 0.1ms
[2026-05-06T01:32:34.262+0100][24.816s][info][gc,phases      ] GC(842)   Other: 0.0ms
[2026-05-06T01:32:34.262+0100][24.816s][info][gc,heap        ] GC(842) Eden regions: 5->0(215)
[2026-05-06T01:32:34.262+0100][24.816s][info][gc,heap        ] GC(842) Survivor regions: 1->1(27)
[2026-05-06T01:32:34.262+0100][24.816s][info][gc,heap        ] GC(842) Old regions: 12->12
[2026-05-06T01:32:34.262+0100][24.816s][info][gc,heap        ] GC(842) Humongous regions: 169->96
[2026-05-06T01:32:34.262+0100][24.816s][info][gc,metaspace   ] GC(842) Metaspace: 19196K(19520K)->19196K(19520K) NonClass: 16955K(17152K)->16955K(17152K) Class: 2241K(2368K)->2241K(2368K)
[2026-05-06T01:32:34.262+0100][24.816s][info][gc             ] GC(842) Pause Young (Concurrent Start) (G1 Humongous Allocation) 358M->203M(720M) 0.565ms
[2026-05-06T01:32:34.262+0100][24.816s][info][gc,cpu         ] GC(842) User=0.00s Sys=0.00s Real=0.00s
[2026-05-06T01:32:34.262+0100][24.816s][info][gc             ] GC(843) Concurrent Undo Cycle
[2026-05-06T01:32:34.262+0100][24.816s][info][gc,marking     ] GC(843) Concurrent Clear Claimed Marks
[2026-05-06T01:32:34.262+0100][24.816s][info][gc,marking     ] GC(843) Concurrent Clear Claimed Marks 0.007ms
[2026-05-06T01:32:34.262+0100][24.816s][info][gc,marking     ] GC(843) Concurrent Cleanup for Next Mark
[2026-05-06T01:32:34.262+0100][24.816s][info][gc,marking     ] GC(843) Concurrent Cleanup for Next Mark 0.030ms
[2026-05-06T01:32:34.262+0100][24.816s][info][gc             ] GC(843) Concurrent Undo Cycle 0.070ms
[2026-05-06T01:32:34.280+0100][24.834s][info][gc,start       ] GC(844) Pause Full (System.gc())
[2026-05-06T01:32:34.280+0100][24.834s][info][gc,task        ] GC(844) Using 9 workers of 9 for full compaction
[2026-05-06T01:32:34.280+0100][24.834s][info][gc,phases,start] GC(844) Phase 1: Mark live objects
[2026-05-06T01:32:34.282+0100][24.836s][info][gc,phases      ] GC(844) Phase 1: Mark live objects 2.394ms
[2026-05-06T01:32:34.282+0100][24.836s][info][gc,phases,start] GC(844) Phase 2: Prepare compaction
[2026-05-06T01:32:34.283+0100][24.836s][info][gc,phases      ] GC(844) Phase 2: Prepare compaction 0.342ms
[2026-05-06T01:32:34.283+0100][24.836s][info][gc,phases,start] GC(844) Phase 3: Adjust pointers
[2026-05-06T01:32:34.285+0100][24.838s][info][gc,phases      ] GC(844) Phase 3: Adjust pointers 1.786ms
[2026-05-06T01:32:34.285+0100][24.838s][info][gc,phases,start] GC(844) Phase 4: Compact heap
[2026-05-06T01:32:34.285+0100][24.839s][info][gc,phases      ] GC(844) Phase 4: Compact heap 0.356ms
[2026-05-06T01:32:34.285+0100][24.839s][info][gc,phases,start] GC(844) Phase 5: Reset Metadata
[2026-05-06T01:32:34.285+0100][24.839s][info][gc,phases      ] GC(844) Phase 5: Reset Metadata 0.368ms
[2026-05-06T01:32:34.286+0100][24.840s][info][gc,heap        ] GC(844) Eden regions: 4->0(216)
[2026-05-06T01:32:34.286+0100][24.840s][info][gc,heap        ] GC(844) Survivor regions: 1->0(27)
[2026-05-06T01:32:34.286+0100][24.840s][info][gc,heap        ] GC(844) Old regions: 12->12
[2026-05-06T01:32:34.286+0100][24.840s][info][gc,heap        ] GC(844) Humongous regions: 169->96
[2026-05-06T01:32:34.286+0100][24.840s][info][gc,metaspace   ] GC(844) Metaspace: 19196K(19520K)->19196K(19520K) NonClass: 16955K(17152K)->16955K(17152K) Class: 2241K(2368K)->2241K(2368K)
[2026-05-06T01:32:34.286+0100][24.840s][info][gc             ] GC(844) Pause Full (System.gc()) 356M->203M(720M) 6.151ms
[2026-05-06T01:32:34.286+0100][24.840s][info][gc,cpu         ] GC(844) User=0.02s Sys=0.00s Real=0.00s
[2026-05-06T01:32:34.296+0100][24.850s][info][gc,start       ] GC(845) Pause Young (Concurrent Start) (G1 Humongous Allocation)
[2026-05-06T01:32:34.296+0100][24.850s][info][gc,task        ] GC(845) Using 9 workers of 9 for evacuation
[2026-05-06T01:32:34.296+0100][24.850s][info][gc,phases      ] GC(845)   Pre Evacuate Collection Set: 0.1ms
[2026-05-06T01:32:34.297+0100][24.850s][info][gc,phases      ] GC(845)   Merge Heap Roots: 0.0ms
[2026-05-06T01:32:34.297+0100][24.850s][info][gc,phases      ] GC(845)   Evacuate Collection Set: 0.1ms
[2026-05-06T01:32:34.297+0100][24.850s][info][gc,phases      ] GC(845)   Post Evacuate Collection Set: 0.1ms
[2026-05-06T01:32:34.297+0100][24.850s][info][gc,phases      ] GC(845)   Other: 0.0ms
[2026-05-06T01:32:34.297+0100][24.850s][info][gc,heap        ] GC(845) Eden regions: 4->0(215)
[2026-05-06T01:32:34.297+0100][24.850s][info][gc,heap        ] GC(845) Survivor regions: 0->1(27)
[2026-05-06T01:32:34.297+0100][24.850s][info][gc,heap        ] GC(845) Old regions: 12->12
[2026-05-06T01:32:34.297+0100][24.850s][info][gc,heap        ] GC(845) Humongous regions: 96->96
[2026-05-06T01:32:34.297+0100][24.850s][info][gc,metaspace   ] GC(845) Metaspace: 19200K(19584K)->19200K(19584K) NonClass: 16958K(17216K)->16958K(17216K) Class: 2241K(2368K)->2241K(2368K)
[2026-05-06T01:32:34.297+0100][24.850s][info][gc             ] GC(845) Pause Young (Concurrent Start) (G1 Humongous Allocation) 211M->203M(720M) 0.526ms
[2026-05-06T01:32:34.297+0100][24.850s][info][gc,cpu         ] GC(845) User=0.00s Sys=0.00s Real=0.00s
[2026-05-06T01:32:34.297+0100][24.850s][info][gc             ] GC(846) Concurrent Undo Cycle
[2026-05-06T01:32:34.297+0100][24.850s][info][gc,marking     ] GC(846) Concurrent Clear Claimed Marks
[2026-05-06T01:32:34.297+0100][24.850s][info][gc,marking     ] GC(846) Concurrent Clear Claimed Marks 0.006ms
[2026-05-06T01:32:34.297+0100][24.850s][info][gc,marking     ] GC(846) Concurrent Cleanup for Next Mark
[2026-05-06T01:32:34.297+0100][24.850s][info][gc,marking     ] GC(846) Concurrent Cleanup for Next Mark 0.027ms
[2026-05-06T01:32:34.297+0100][24.850s][info][gc             ] GC(846) Concurrent Undo Cycle 0.113ms
[2026-05-06T01:32:34.323+0100][24.877s][info][gc,start       ] GC(847) Pause Young (Concurrent Start) (G1 Humongous Allocation)
[2026-05-06T01:32:34.323+0100][24.877s][info][gc,task        ] GC(847) Using 9 workers of 9 for evacuation
[2026-05-06T01:32:34.324+0100][24.877s][info][gc,phases      ] GC(847)   Pre Evacuate Collection Set: 0.1ms
[2026-05-06T01:32:34.324+0100][24.877s][info][gc,phases      ] GC(847)   Merge Heap Roots: 0.0ms
[2026-05-06T01:32:34.324+0100][24.877s][info][gc,phases      ] GC(847)   Evacuate Collection Set: 0.2ms
[2026-05-06T01:32:34.324+0100][24.877s][info][gc,phases      ] GC(847)   Post Evacuate Collection Set: 0.1ms
[2026-05-06T01:32:34.324+0100][24.877s][info][gc,phases      ] GC(847)   Other: 0.0ms
[2026-05-06T01:32:34.324+0100][24.877s][info][gc,heap        ] GC(847) Eden regions: 5->0(215)
[2026-05-06T01:32:34.324+0100][24.877s][info][gc,heap        ] GC(847) Survivor regions: 1->1(27)
[2026-05-06T01:32:34.324+0100][24.877s][info][gc,heap        ] GC(847) Old regions: 12->12
[2026-05-06T01:32:34.324+0100][24.878s][info][gc,heap        ] GC(847) Humongous regions: 169->96
[2026-05-06T01:32:34.324+0100][24.878s][info][gc,metaspace   ] GC(847) Metaspace: 19200K(19584K)->19200K(19584K) NonClass: 16958K(17216K)->16958K(17216K) Class: 2241K(2368K)->2241K(2368K)
[2026-05-06T01:32:34.324+0100][24.878s][info][gc             ] GC(847) Pause Young (Concurrent Start) (G1 Humongous Allocation) 357M->203M(720M) 0.531ms
[2026-05-06T01:32:34.324+0100][24.878s][info][gc,cpu         ] GC(847) User=0.01s Sys=0.00s Real=0.00s
[2026-05-06T01:32:34.324+0100][24.878s][info][gc             ] GC(848) Concurrent Undo Cycle
[2026-05-06T01:32:34.324+0100][24.878s][info][gc,marking     ] GC(848) Concurrent Clear Claimed Marks
[2026-05-06T01:32:34.324+0100][24.878s][info][gc,marking     ] GC(848) Concurrent Clear Claimed Marks 0.007ms
[2026-05-06T01:32:34.324+0100][24.878s][info][gc,marking     ] GC(848) Concurrent Cleanup for Next Mark
[2026-05-06T01:32:34.324+0100][24.878s][info][gc,marking     ] GC(848) Concurrent Cleanup for Next Mark 0.045ms
[2026-05-06T01:32:34.324+0100][24.878s][info][gc             ] GC(848) Concurrent Undo Cycle 0.083ms
[2026-05-06T01:32:34.350+0100][24.904s][info][gc,start       ] GC(849) Pause Young (Concurrent Start) (G1 Humongous Allocation)
[2026-05-06T01:32:34.350+0100][24.904s][info][gc,task        ] GC(849) Using 9 workers of 9 for evacuation
[2026-05-06T01:32:34.350+0100][24.904s][info][gc,phases      ] GC(849)   Pre Evacuate Collection Set: 0.1ms
[2026-05-06T01:32:34.350+0100][24.904s][info][gc,phases      ] GC(849)   Merge Heap Roots: 0.0ms
[2026-05-06T01:32:34.350+0100][24.904s][info][gc,phases      ] GC(849)   Evacuate Collection Set: 0.2ms
[2026-05-06T01:32:34.350+0100][24.904s][info][gc,phases      ] GC(849)   Post Evacuate Collection Set: 0.1ms
[2026-05-06T01:32:34.350+0100][24.904s][info][gc,phases      ] GC(849)   Other: 0.0ms
[2026-05-06T01:32:34.350+0100][24.904s][info][gc,heap        ] GC(849) Eden regions: 5->0(215)
[2026-05-06T01:32:34.350+0100][24.904s][info][gc,heap        ] GC(849) Survivor regions: 1->1(27)
[2026-05-06T01:32:34.350+0100][24.904s][info][gc,heap        ] GC(849) Old regions: 12->12
[2026-05-06T01:32:34.350+0100][24.904s][info][gc,heap        ] GC(849) Humongous regions: 169->96
[2026-05-06T01:32:34.350+0100][24.904s][info][gc,metaspace   ] GC(849) Metaspace: 19200K(19584K)->19200K(19584K) NonClass: 16958K(17216K)->16958K(17216K) Class: 2241K(2368K)->2241K(2368K)
[2026-05-06T01:32:34.351+0100][24.904s][info][gc             ] GC(849) Pause Young (Concurrent Start) (G1 Humongous Allocation) 358M->203M(720M) 0.548ms
[2026-05-06T01:32:34.351+0100][24.904s][info][gc,cpu         ] GC(849) User=0.00s Sys=0.00s Real=0.00s
[2026-05-06T01:32:34.351+0100][24.904s][info][gc             ] GC(850) Concurrent Undo Cycle
[2026-05-06T01:32:34.351+0100][24.904s][info][gc,marking     ] GC(850) Concurrent Clear Claimed Marks
[2026-05-06T01:32:34.351+0100][24.904s][info][gc,marking     ] GC(850) Concurrent Clear Claimed Marks 0.007ms
[2026-05-06T01:32:34.351+0100][24.904s][info][gc,marking     ] GC(850) Concurrent Cleanup for Next Mark
[2026-05-06T01:32:34.351+0100][24.904s][info][gc,marking     ] GC(850) Concurrent Cleanup for Next Mark 0.030ms
[2026-05-06T01:32:34.351+0100][24.904s][info][gc             ] GC(850) Concurrent Undo Cycle 0.063ms
[2026-05-06T01:32:34.377+0100][24.931s][info][gc,start       ] GC(851) Pause Young (Concurrent Start) (G1 Humongous Allocation)
[2026-05-06T01:32:34.377+0100][24.931s][info][gc,task        ] GC(851) Using 9 workers of 9 for evacuation
[2026-05-06T01:32:34.378+0100][24.931s][info][gc,phases      ] GC(851)   Pre Evacuate Collection Set: 0.1ms
[2026-05-06T01:32:34.378+0100][24.931s][info][gc,phases      ] GC(851)   Merge Heap Roots: 0.0ms
[2026-05-06T01:32:34.378+0100][24.931s][info][gc,phases      ] GC(851)   Evacuate Collection Set: 0.2ms
[2026-05-06T01:32:34.378+0100][24.931s][info][gc,phases      ] GC(851)   Post Evacuate Collection Set: 0.1ms
[2026-05-06T01:32:34.378+0100][24.931s][info][gc,phases      ] GC(851)   Other: 0.0ms
[2026-05-06T01:32:34.378+0100][24.931s][info][gc,heap        ] GC(851) Eden regions: 5->0(215)
[2026-05-06T01:32:34.378+0100][24.931s][info][gc,heap        ] GC(851) Survivor regions: 1->1(27)
[2026-05-06T01:32:34.378+0100][24.931s][info][gc,heap        ] GC(851) Old regions: 12->12
[2026-05-06T01:32:34.378+0100][24.931s][info][gc,heap        ] GC(851) Humongous regions: 169->96
[2026-05-06T01:32:34.378+0100][24.931s][info][gc,metaspace   ] GC(851) Metaspace: 19201K(19584K)->19201K(19584K) NonClass: 16960K(17216K)->16960K(17216K) Class: 2241K(2368K)->2241K(2368K)
[2026-05-06T01:32:34.378+0100][24.931s][info][gc             ] GC(851) Pause Young (Concurrent Start) (G1 Humongous Allocation) 357M->203M(720M) 0.572ms
[2026-05-06T01:32:34.378+0100][24.931s][info][gc,cpu         ] GC(851) User=0.00s Sys=0.00s Real=0.00s
[2026-05-06T01:32:34.378+0100][24.931s][info][gc             ] GC(852) Concurrent Undo Cycle
[2026-05-06T01:32:34.378+0100][24.931s][info][gc,marking     ] GC(852) Concurrent Clear Claimed Marks
[2026-05-06T01:32:34.378+0100][24.931s][info][gc,marking     ] GC(852) Concurrent Clear Claimed Marks 0.007ms
[2026-05-06T01:32:34.378+0100][24.931s][info][gc,marking     ] GC(852) Concurrent Cleanup for Next Mark
[2026-05-06T01:32:34.378+0100][24.931s][info][gc,marking     ] GC(852) Concurrent Cleanup for Next Mark 0.034ms
[2026-05-06T01:32:34.378+0100][24.931s][info][gc             ] GC(852) Concurrent Undo Cycle 0.067ms
[2026-05-06T01:32:34.405+0100][24.959s][info][gc,start       ] GC(853) Pause Young (Concurrent Start) (G1 Humongous Allocation)
[2026-05-06T01:32:34.405+0100][24.959s][info][gc,task        ] GC(853) Using 9 workers of 9 for evacuation
[2026-05-06T01:32:34.406+0100][24.959s][info][gc,phases      ] GC(853)   Pre Evacuate Collection Set: 0.1ms
[2026-05-06T01:32:34.406+0100][24.959s][info][gc,phases      ] GC(853)   Merge Heap Roots: 0.0ms
[2026-05-06T01:32:34.406+0100][24.959s][info][gc,phases      ] GC(853)   Evacuate Collection Set: 0.2ms
[2026-05-06T01:32:34.406+0100][24.959s][info][gc,phases      ] GC(853)   Post Evacuate Collection Set: 0.1ms
[2026-05-06T01:32:34.406+0100][24.959s][info][gc,phases      ] GC(853)   Other: 0.0ms
[2026-05-06T01:32:34.406+0100][24.959s][info][gc,heap        ] GC(853) Eden regions: 5->0(215)
[2026-05-06T01:32:34.406+0100][24.959s][info][gc,heap        ] GC(853) Survivor regions: 1->1(27)
[2026-05-06T01:32:34.406+0100][24.959s][info][gc,heap        ] GC(853) Old regions: 12->12
[2026-05-06T01:32:34.406+0100][24.959s][info][gc,heap        ] GC(853) Humongous regions: 169->96
[2026-05-06T01:32:34.406+0100][24.959s][info][gc,metaspace   ] GC(853) Metaspace: 19201K(19584K)->19201K(19584K) NonClass: 16960K(17216K)->16960K(17216K) Class: 2241K(2368K)->2241K(2368K)
[2026-05-06T01:32:34.406+0100][24.959s][info][gc             ] GC(853) Pause Young (Concurrent Start) (G1 Humongous Allocation) 358M->203M(720M) 0.577ms
[2026-05-06T01:32:34.406+0100][24.959s][info][gc,cpu         ] GC(853) User=0.00s Sys=0.00s Real=0.00s
[2026-05-06T01:32:34.406+0100][24.959s][info][gc             ] GC(854) Concurrent Undo Cycle
[2026-05-06T01:32:34.406+0100][24.959s][info][gc,marking     ] GC(854) Concurrent Clear Claimed Marks
[2026-05-06T01:32:34.406+0100][24.959s][info][gc,marking     ] GC(854) Concurrent Clear Claimed Marks 0.007ms
[2026-05-06T01:32:34.406+0100][24.959s][info][gc,marking     ] GC(854) Concurrent Cleanup for Next Mark
[2026-05-06T01:32:34.406+0100][24.959s][info][gc,marking     ] GC(854) Concurrent Cleanup for Next Mark 0.035ms
[2026-05-06T01:32:34.406+0100][24.959s][info][gc             ] GC(854) Concurrent Undo Cycle 0.071ms
[2026-05-06T01:32:34.431+0100][24.984s][info][gc,start       ] GC(855) Pause Young (Concurrent Start) (G1 Humongous Allocation)
[2026-05-06T01:32:34.431+0100][24.984s][info][gc,task        ] GC(855) Using 9 workers of 9 for evacuation
[2026-05-06T01:32:34.431+0100][24.985s][info][gc,phases      ] GC(855)   Pre Evacuate Collection Set: 0.1ms
[2026-05-06T01:32:34.431+0100][24.985s][info][gc,phases      ] GC(855)   Merge Heap Roots: 0.0ms
[2026-05-06T01:32:34.431+0100][24.985s][info][gc,phases      ] GC(855)   Evacuate Collection Set: 0.2ms
[2026-05-06T01:32:34.431+0100][24.985s][info][gc,phases      ] GC(855)   Post Evacuate Collection Set: 0.1ms
[2026-05-06T01:32:34.431+0100][24.985s][info][gc,phases      ] GC(855)   Other: 0.0ms
[2026-05-06T01:32:34.431+0100][24.985s][info][gc,heap        ] GC(855) Eden regions: 5->0(215)
[2026-05-06T01:32:34.431+0100][24.985s][info][gc,heap        ] GC(855) Survivor regions: 1->1(27)
[2026-05-06T01:32:34.431+0100][24.985s][info][gc,heap        ] GC(855) Old regions: 12->12
[2026-05-06T01:32:34.431+0100][24.985s][info][gc,heap        ] GC(855) Humongous regions: 169->96
[2026-05-06T01:32:34.431+0100][24.985s][info][gc,metaspace   ] GC(855) Metaspace: 19201K(19584K)->19201K(19584K) NonClass: 16960K(17216K)->16960K(17216K) Class: 2241K(2368K)->2241K(2368K)
[2026-05-06T01:32:34.431+0100][24.985s][info][gc             ] GC(855) Pause Young (Concurrent Start) (G1 Humongous Allocation) 358M->203M(720M) 0.537ms
[2026-05-06T01:32:34.431+0100][24.985s][info][gc,cpu         ] GC(855) User=0.00s Sys=0.00s Real=0.00s
[2026-05-06T01:32:34.431+0100][24.985s][info][gc             ] GC(856) Concurrent Undo Cycle
[2026-05-06T01:32:34.431+0100][24.985s][info][gc,marking     ] GC(856) Concurrent Clear Claimed Marks
[2026-05-06T01:32:34.431+0100][24.985s][info][gc,marking     ] GC(856) Concurrent Clear Claimed Marks 0.007ms
[2026-05-06T01:32:34.431+0100][24.985s][info][gc,marking     ] GC(856) Concurrent Cleanup for Next Mark
[2026-05-06T01:32:34.431+0100][24.985s][info][gc,marking     ] GC(856) Concurrent Cleanup for Next Mark 0.035ms
[2026-05-06T01:32:34.431+0100][24.985s][info][gc             ] GC(856) Concurrent Undo Cycle 0.067ms
[2026-05-06T01:32:34.455+0100][25.009s][info][gc,start       ] GC(857) Pause Young (Concurrent Start) (G1 Humongous Allocation)
[2026-05-06T01:32:34.455+0100][25.009s][info][gc,task        ] GC(857) Using 9 workers of 9 for evacuation
[2026-05-06T01:32:34.456+0100][25.009s][info][gc,phases      ] GC(857)   Pre Evacuate Collection Set: 0.1ms
[2026-05-06T01:32:34.456+0100][25.009s][info][gc,phases      ] GC(857)   Merge Heap Roots: 0.0ms
[2026-05-06T01:32:34.456+0100][25.009s][info][gc,phases      ] GC(857)   Evacuate Collection Set: 0.1ms
[2026-05-06T01:32:34.456+0100][25.009s][info][gc,phases      ] GC(857)   Post Evacuate Collection Set: 0.1ms
[2026-05-06T01:32:34.456+0100][25.009s][info][gc,phases      ] GC(857)   Other: 0.0ms
[2026-05-06T01:32:34.456+0100][25.009s][info][gc,heap        ] GC(857) Eden regions: 5->0(215)
[2026-05-06T01:32:34.456+0100][25.009s][info][gc,heap        ] GC(857) Survivor regions: 1->1(27)
[2026-05-06T01:32:34.456+0100][25.009s][info][gc,heap        ] GC(857) Old regions: 12->12
[2026-05-06T01:32:34.456+0100][25.009s][info][gc,heap        ] GC(857) Humongous regions: 169->96
[2026-05-06T01:32:34.456+0100][25.009s][info][gc,metaspace   ] GC(857) Metaspace: 19201K(19584K)->19201K(19584K) NonClass: 16960K(17216K)->16960K(17216K) Class: 2241K(2368K)->2241K(2368K)
[2026-05-06T01:32:34.456+0100][25.009s][info][gc             ] GC(857) Pause Young (Concurrent Start) (G1 Humongous Allocation) 358M->203M(720M) 0.435ms
[2026-05-06T01:32:34.456+0100][25.009s][info][gc,cpu         ] GC(857) User=0.00s Sys=0.01s Real=0.00s
[2026-05-06T01:32:34.456+0100][25.009s][info][gc             ] GC(858) Concurrent Undo Cycle
[2026-05-06T01:32:34.456+0100][25.009s][info][gc,marking     ] GC(858) Concurrent Clear Claimed Marks
[2026-05-06T01:32:34.456+0100][25.009s][info][gc,marking     ] GC(858) Concurrent Clear Claimed Marks 0.007ms
[2026-05-06T01:32:34.456+0100][25.009s][info][gc,marking     ] GC(858) Concurrent Cleanup for Next Mark
[2026-05-06T01:32:34.456+0100][25.009s][info][gc,marking     ] GC(858) Concurrent Cleanup for Next Mark 0.028ms
[2026-05-06T01:32:34.456+0100][25.009s][info][gc             ] GC(858) Concurrent Undo Cycle 0.057ms
[2026-05-06T01:32:34.480+0100][25.033s][info][gc,start       ] GC(859) Pause Young (Concurrent Start) (G1 Humongous Allocation)
[2026-05-06T01:32:34.480+0100][25.033s][info][gc,task        ] GC(859) Using 9 workers of 9 for evacuation
[2026-05-06T01:32:34.480+0100][25.034s][info][gc,phases      ] GC(859)   Pre Evacuate Collection Set: 0.1ms
[2026-05-06T01:32:34.480+0100][25.034s][info][gc,phases      ] GC(859)   Merge Heap Roots: 0.0ms
[2026-05-06T01:32:34.480+0100][25.034s][info][gc,phases      ] GC(859)   Evacuate Collection Set: 0.1ms
[2026-05-06T01:32:34.480+0100][25.034s][info][gc,phases      ] GC(859)   Post Evacuate Collection Set: 0.1ms
[2026-05-06T01:32:34.480+0100][25.034s][info][gc,phases      ] GC(859)   Other: 0.0ms
[2026-05-06T01:32:34.480+0100][25.034s][info][gc,heap        ] GC(859) Eden regions: 5->0(215)
[2026-05-06T01:32:34.480+0100][25.034s][info][gc,heap        ] GC(859) Survivor regions: 1->1(27)
[2026-05-06T01:32:34.480+0100][25.034s][info][gc,heap        ] GC(859) Old regions: 12->12
[2026-05-06T01:32:34.480+0100][25.034s][info][gc,heap        ] GC(859) Humongous regions: 169->96
[2026-05-06T01:32:34.480+0100][25.034s][info][gc,metaspace   ] GC(859) Metaspace: 19202K(19584K)->19202K(19584K) NonClass: 16960K(17216K)->16960K(17216K) Class: 2241K(2368K)->2241K(2368K)
[2026-05-06T01:32:34.480+0100][25.034s][info][gc             ] GC(859) Pause Young (Concurrent Start) (G1 Humongous Allocation) 357M->203M(720M) 0.445ms
[2026-05-06T01:32:34.480+0100][25.034s][info][gc,cpu         ] GC(859) User=0.00s Sys=0.00s Real=0.00s
[2026-05-06T01:32:34.480+0100][25.034s][info][gc             ] GC(860) Concurrent Undo Cycle
[2026-05-06T01:32:34.480+0100][25.034s][info][gc,marking     ] GC(860) Concurrent Clear Claimed Marks
[2026-05-06T01:32:34.480+0100][25.034s][info][gc,marking     ] GC(860) Concurrent Clear Claimed Marks 0.006ms
[2026-05-06T01:32:34.480+0100][25.034s][info][gc,marking     ] GC(860) Concurrent Cleanup for Next Mark
[2026-05-06T01:32:34.480+0100][25.034s][info][gc,marking     ] GC(860) Concurrent Cleanup for Next Mark 0.036ms
[2026-05-06T01:32:34.480+0100][25.034s][info][gc             ] GC(860) Concurrent Undo Cycle 0.071ms
[2026-05-06T01:32:34.504+0100][25.058s][info][gc,start       ] GC(861) Pause Young (Concurrent Start) (G1 Humongous Allocation)
[2026-05-06T01:32:34.504+0100][25.058s][info][gc,task        ] GC(861) Using 9 workers of 9 for evacuation
[2026-05-06T01:32:34.504+0100][25.058s][info][gc,phases      ] GC(861)   Pre Evacuate Collection Set: 0.1ms
[2026-05-06T01:32:34.504+0100][25.058s][info][gc,phases      ] GC(861)   Merge Heap Roots: 0.0ms
[2026-05-06T01:32:34.504+0100][25.058s][info][gc,phases      ] GC(861)   Evacuate Collection Set: 0.1ms
[2026-05-06T01:32:34.504+0100][25.058s][info][gc,phases      ] GC(861)   Post Evacuate Collection Set: 0.1ms
[2026-05-06T01:32:34.504+0100][25.058s][info][gc,phases      ] GC(861)   Other: 0.0ms
[2026-05-06T01:32:34.504+0100][25.058s][info][gc,heap        ] GC(861) Eden regions: 5->0(215)
[2026-05-06T01:32:34.504+0100][25.058s][info][gc,heap        ] GC(861) Survivor regions: 1->1(27)
[2026-05-06T01:32:34.504+0100][25.058s][info][gc,heap        ] GC(861) Old regions: 12->12
[2026-05-06T01:32:34.504+0100][25.058s][info][gc,heap        ] GC(861) Humongous regions: 169->96
[2026-05-06T01:32:34.504+0100][25.058s][info][gc,metaspace   ] GC(861) Metaspace: 19202K(19584K)->19202K(19584K) NonClass: 16960K(17216K)->16960K(17216K) Class: 2241K(2368K)->2241K(2368K)
[2026-05-06T01:32:34.504+0100][25.058s][info][gc             ] GC(861) Pause Young (Concurrent Start) (G1 Humongous Allocation) 358M->203M(720M) 0.435ms
[2026-05-06T01:32:34.504+0100][25.058s][info][gc,cpu         ] GC(861) User=0.00s Sys=0.00s Real=0.00s
[2026-05-06T01:32:34.504+0100][25.058s][info][gc             ] GC(862) Concurrent Undo Cycle
[2026-05-06T01:32:34.504+0100][25.058s][info][gc,marking     ] GC(862) Concurrent Clear Claimed Marks
[2026-05-06T01:32:34.504+0100][25.058s][info][gc,marking     ] GC(862) Concurrent Clear Claimed Marks 0.006ms
[2026-05-06T01:32:34.504+0100][25.058s][info][gc,marking     ] GC(862) Concurrent Cleanup for Next Mark
[2026-05-06T01:32:34.505+0100][25.058s][info][gc,marking     ] GC(862) Concurrent Cleanup for Next Mark 0.037ms
[2026-05-06T01:32:34.505+0100][25.058s][info][gc             ] GC(862) Concurrent Undo Cycle 0.067ms
[2026-05-06T01:32:34.528+0100][25.082s][info][gc,start       ] GC(863) Pause Young (Concurrent Start) (G1 Humongous Allocation)
[2026-05-06T01:32:34.528+0100][25.082s][info][gc,task        ] GC(863) Using 9 workers of 9 for evacuation
[2026-05-06T01:32:34.529+0100][25.082s][info][gc,phases      ] GC(863)   Pre Evacuate Collection Set: 0.1ms
[2026-05-06T01:32:34.529+0100][25.082s][info][gc,phases      ] GC(863)   Merge Heap Roots: 0.0ms
[2026-05-06T01:32:34.529+0100][25.082s][info][gc,phases      ] GC(863)   Evacuate Collection Set: 0.1ms
[2026-05-06T01:32:34.529+0100][25.082s][info][gc,phases      ] GC(863)   Post Evacuate Collection Set: 0.1ms
[2026-05-06T01:32:34.529+0100][25.082s][info][gc,phases      ] GC(863)   Other: 0.0ms
[2026-05-06T01:32:34.529+0100][25.082s][info][gc,heap        ] GC(863) Eden regions: 5->0(215)
[2026-05-06T01:32:34.529+0100][25.082s][info][gc,heap        ] GC(863) Survivor regions: 1->1(27)
[2026-05-06T01:32:34.529+0100][25.082s][info][gc,heap        ] GC(863) Old regions: 12->12
[2026-05-06T01:32:34.529+0100][25.082s][info][gc,heap        ] GC(863) Humongous regions: 169->96
[2026-05-06T01:32:34.529+0100][25.082s][info][gc,metaspace   ] GC(863) Metaspace: 19202K(19584K)->19202K(19584K) NonClass: 16960K(17216K)->16960K(17216K) Class: 2241K(2368K)->2241K(2368K)
[2026-05-06T01:32:34.529+0100][25.082s][info][gc             ] GC(863) Pause Young (Concurrent Start) (G1 Humongous Allocation) 357M->203M(720M) 0.413ms
[2026-05-06T01:32:34.529+0100][25.082s][info][gc,cpu         ] GC(863) User=0.00s Sys=0.00s Real=0.00s
[2026-05-06T01:32:34.529+0100][25.082s][info][gc             ] GC(864) Concurrent Undo Cycle
[2026-05-06T01:32:34.529+0100][25.082s][info][gc,marking     ] GC(864) Concurrent Clear Claimed Marks
[2026-05-06T01:32:34.529+0100][25.082s][info][gc,marking     ] GC(864) Concurrent Clear Claimed Marks 0.007ms
[2026-05-06T01:32:34.529+0100][25.082s][info][gc,marking     ] GC(864) Concurrent Cleanup for Next Mark
[2026-05-06T01:32:34.529+0100][25.082s][info][gc,marking     ] GC(864) Concurrent Cleanup for Next Mark 0.038ms
[2026-05-06T01:32:34.529+0100][25.082s][info][gc             ] GC(864) Concurrent Undo Cycle 0.070ms
[2026-05-06T01:32:34.553+0100][25.107s][info][gc,start       ] GC(865) Pause Young (Concurrent Start) (G1 Humongous Allocation)
[2026-05-06T01:32:34.553+0100][25.107s][info][gc,task        ] GC(865) Using 9 workers of 9 for evacuation
[2026-05-06T01:32:34.553+0100][25.107s][info][gc,phases      ] GC(865)   Pre Evacuate Collection Set: 0.1ms
[2026-05-06T01:32:34.553+0100][25.107s][info][gc,phases      ] GC(865)   Merge Heap Roots: 0.0ms
[2026-05-06T01:32:34.553+0100][25.107s][info][gc,phases      ] GC(865)   Evacuate Collection Set: 0.1ms
[2026-05-06T01:32:34.553+0100][25.107s][info][gc,phases      ] GC(865)   Post Evacuate Collection Set: 0.1ms
[2026-05-06T01:32:34.553+0100][25.107s][info][gc,phases      ] GC(865)   Other: 0.0ms
[2026-05-06T01:32:34.553+0100][25.107s][info][gc,heap        ] GC(865) Eden regions: 4->0(215)
[2026-05-06T01:32:34.553+0100][25.107s][info][gc,heap        ] GC(865) Survivor regions: 1->1(27)
[2026-05-06T01:32:34.553+0100][25.107s][info][gc,heap        ] GC(865) Old regions: 12->12
[2026-05-06T01:32:34.553+0100][25.107s][info][gc,heap        ] GC(865) Humongous regions: 169->96
[2026-05-06T01:32:34.553+0100][25.107s][info][gc,metaspace   ] GC(865) Metaspace: 19203K(19584K)->19203K(19584K) NonClass: 16962K(17216K)->16962K(17216K) Class: 2241K(2368K)->2241K(2368K)
[2026-05-06T01:32:34.553+0100][25.107s][info][gc             ] GC(865) Pause Young (Concurrent Start) (G1 Humongous Allocation) 356M->203M(720M) 0.458ms
[2026-05-06T01:32:34.553+0100][25.107s][info][gc,cpu         ] GC(865) User=0.00s Sys=0.00s Real=0.00s
[2026-05-06T01:32:34.553+0100][25.107s][info][gc             ] GC(866) Concurrent Undo Cycle
[2026-05-06T01:32:34.554+0100][25.107s][info][gc,marking     ] GC(866) Concurrent Clear Claimed Marks
[2026-05-06T01:32:34.554+0100][25.107s][info][gc,marking     ] GC(866) Concurrent Clear Claimed Marks 0.008ms
[2026-05-06T01:32:34.554+0100][25.107s][info][gc,marking     ] GC(866) Concurrent Cleanup for Next Mark
[2026-05-06T01:32:34.554+0100][25.107s][info][gc,marking     ] GC(866) Concurrent Cleanup for Next Mark 0.033ms
[2026-05-06T01:32:34.554+0100][25.107s][info][gc             ] GC(866) Concurrent Undo Cycle 0.094ms
[2026-05-06T01:32:34.579+0100][25.133s][info][gc,start       ] GC(867) Pause Young (Concurrent Start) (G1 Humongous Allocation)
[2026-05-06T01:32:34.579+0100][25.133s][info][gc,task        ] GC(867) Using 9 workers of 9 for evacuation
[2026-05-06T01:32:34.580+0100][25.133s][info][gc,phases      ] GC(867)   Pre Evacuate Collection Set: 0.1ms
[2026-05-06T01:32:34.580+0100][25.133s][info][gc,phases      ] GC(867)   Merge Heap Roots: 0.0ms
[2026-05-06T01:32:34.580+0100][25.133s][info][gc,phases      ] GC(867)   Evacuate Collection Set: 0.1ms
[2026-05-06T01:32:34.580+0100][25.133s][info][gc,phases      ] GC(867)   Post Evacuate Collection Set: 0.1ms
[2026-05-06T01:32:34.580+0100][25.133s][info][gc,phases      ] GC(867)   Other: 0.0ms
[2026-05-06T01:32:34.580+0100][25.133s][info][gc,heap        ] GC(867) Eden regions: 4->0(215)
[2026-05-06T01:32:34.580+0100][25.133s][info][gc,heap        ] GC(867) Survivor regions: 1->1(27)
[2026-05-06T01:32:34.580+0100][25.133s][info][gc,heap        ] GC(867) Old regions: 12->12
[2026-05-06T01:32:34.580+0100][25.133s][info][gc,heap        ] GC(867) Humongous regions: 169->96
[2026-05-06T01:32:34.580+0100][25.133s][info][gc,metaspace   ] GC(867) Metaspace: 19203K(19584K)->19203K(19584K) NonClass: 16962K(17216K)->16962K(17216K) Class: 2241K(2368K)->2241K(2368K)
[2026-05-06T01:32:34.580+0100][25.133s][info][gc             ] GC(867) Pause Young (Concurrent Start) (G1 Humongous Allocation) 356M->203M(720M) 0.531ms
[2026-05-06T01:32:34.580+0100][25.133s][info][gc,cpu         ] GC(867) User=0.00s Sys=0.00s Real=0.01s
[2026-05-06T01:32:34.580+0100][25.133s][info][gc             ] GC(868) Concurrent Undo Cycle
[2026-05-06T01:32:34.580+0100][25.133s][info][gc,marking     ] GC(868) Concurrent Clear Claimed Marks
[2026-05-06T01:32:34.580+0100][25.133s][info][gc,marking     ] GC(868) Concurrent Clear Claimed Marks 0.007ms
[2026-05-06T01:32:34.580+0100][25.133s][info][gc,marking     ] GC(868) Concurrent Cleanup for Next Mark
[2026-05-06T01:32:34.580+0100][25.133s][info][gc,marking     ] GC(868) Concurrent Cleanup for Next Mark 0.033ms
[2026-05-06T01:32:34.580+0100][25.133s][info][gc             ] GC(868) Concurrent Undo Cycle 0.073ms
[2026-05-06T01:32:34.604+0100][25.158s][info][gc,start       ] GC(869) Pause Young (Concurrent Start) (G1 Humongous Allocation)
[2026-05-06T01:32:34.604+0100][25.158s][info][gc,task        ] GC(869) Using 9 workers of 9 for evacuation
[2026-05-06T01:32:34.605+0100][25.158s][info][gc,phases      ] GC(869)   Pre Evacuate Collection Set: 0.1ms
[2026-05-06T01:32:34.605+0100][25.158s][info][gc,phases      ] GC(869)   Merge Heap Roots: 0.0ms
[2026-05-06T01:32:34.605+0100][25.158s][info][gc,phases      ] GC(869)   Evacuate Collection Set: 0.2ms
[2026-05-06T01:32:34.605+0100][25.158s][info][gc,phases      ] GC(869)   Post Evacuate Collection Set: 0.1ms
[2026-05-06T01:32:34.605+0100][25.158s][info][gc,phases      ] GC(869)   Other: 0.0ms
[2026-05-06T01:32:34.605+0100][25.158s][info][gc,heap        ] GC(869) Eden regions: 4->0(215)
[2026-05-06T01:32:34.605+0100][25.158s][info][gc,heap        ] GC(869) Survivor regions: 1->1(27)
[2026-05-06T01:32:34.605+0100][25.158s][info][gc,heap        ] GC(869) Old regions: 12->12
[2026-05-06T01:32:34.605+0100][25.158s][info][gc,heap        ] GC(869) Humongous regions: 169->96
[2026-05-06T01:32:34.605+0100][25.158s][info][gc,metaspace   ] GC(869) Metaspace: 19203K(19584K)->19203K(19584K) NonClass: 16962K(17216K)->16962K(17216K) Class: 2241K(2368K)->2241K(2368K)
[2026-05-06T01:32:34.605+0100][25.158s][info][gc             ] GC(869) Pause Young (Concurrent Start) (G1 Humongous Allocation) 356M->203M(720M) 0.502ms
[2026-05-06T01:32:34.605+0100][25.158s][info][gc,cpu         ] GC(869) User=0.00s Sys=0.00s Real=0.00s
[2026-05-06T01:32:34.605+0100][25.158s][info][gc             ] GC(870) Concurrent Undo Cycle
[2026-05-06T01:32:34.605+0100][25.158s][info][gc,marking     ] GC(870) Concurrent Clear Claimed Marks
[2026-05-06T01:32:34.605+0100][25.158s][info][gc,marking     ] GC(870) Concurrent Clear Claimed Marks 0.006ms
[2026-05-06T01:32:34.605+0100][25.158s][info][gc,marking     ] GC(870) Concurrent Cleanup for Next Mark
[2026-05-06T01:32:34.605+0100][25.158s][info][gc,marking     ] GC(870) Concurrent Cleanup for Next Mark 0.026ms
[2026-05-06T01:32:34.605+0100][25.158s][info][gc             ] GC(870) Concurrent Undo Cycle 0.059ms
[2026-05-06T01:32:34.620+0100][25.173s][info][gc,start       ] GC(871) Pause Full (System.gc())
[2026-05-06T01:32:34.620+0100][25.173s][info][gc,task        ] GC(871) Using 9 workers of 9 for full compaction
[2026-05-06T01:32:34.620+0100][25.174s][info][gc,phases,start] GC(871) Phase 1: Mark live objects
[2026-05-06T01:32:34.622+0100][25.176s][info][gc,phases      ] GC(871) Phase 1: Mark live objects 2.290ms
[2026-05-06T01:32:34.622+0100][25.176s][info][gc,phases,start] GC(871) Phase 2: Prepare compaction
[2026-05-06T01:32:34.623+0100][25.176s][info][gc,phases      ] GC(871) Phase 2: Prepare compaction 0.325ms
[2026-05-06T01:32:34.623+0100][25.176s][info][gc,phases,start] GC(871) Phase 3: Adjust pointers
[2026-05-06T01:32:34.624+0100][25.178s][info][gc,phases      ] GC(871) Phase 3: Adjust pointers 1.598ms
[2026-05-06T01:32:34.624+0100][25.178s][info][gc,phases,start] GC(871) Phase 4: Compact heap
[2026-05-06T01:32:34.624+0100][25.178s][info][gc,phases      ] GC(871) Phase 4: Compact heap 0.269ms
[2026-05-06T01:32:34.624+0100][25.178s][info][gc,phases,start] GC(871) Phase 5: Reset Metadata
[2026-05-06T01:32:34.625+0100][25.178s][info][gc,phases      ] GC(871) Phase 5: Reset Metadata 0.319ms
[2026-05-06T01:32:34.625+0100][25.179s][info][gc,heap        ] GC(871) Eden regions: 4->0(216)
[2026-05-06T01:32:34.625+0100][25.179s][info][gc,heap        ] GC(871) Survivor regions: 1->0(27)
[2026-05-06T01:32:34.625+0100][25.179s][info][gc,heap        ] GC(871) Old regions: 12->12
[2026-05-06T01:32:34.625+0100][25.179s][info][gc,heap        ] GC(871) Humongous regions: 169->96
[2026-05-06T01:32:34.625+0100][25.179s][info][gc,metaspace   ] GC(871) Metaspace: 19203K(19584K)->19203K(19584K) NonClass: 16962K(17216K)->16962K(17216K) Class: 2241K(2368K)->2241K(2368K)
[2026-05-06T01:32:34.625+0100][25.179s][info][gc             ] GC(871) Pause Full (System.gc()) 356M->203M(720M) 5.374ms
[2026-05-06T01:32:34.625+0100][25.179s][info][gc,cpu         ] GC(871) User=0.02s Sys=0.00s Real=0.00s
[2026-05-06T01:32:34.634+0100][25.188s][info][gc,start       ] GC(872) Pause Young (Concurrent Start) (G1 Humongous Allocation)
[2026-05-06T01:32:34.634+0100][25.188s][info][gc,task        ] GC(872) Using 9 workers of 9 for evacuation
[2026-05-06T01:32:34.635+0100][25.188s][info][gc,phases      ] GC(872)   Pre Evacuate Collection Set: 0.1ms
[2026-05-06T01:32:34.635+0100][25.188s][info][gc,phases      ] GC(872)   Merge Heap Roots: 0.0ms
[2026-05-06T01:32:34.635+0100][25.188s][info][gc,phases      ] GC(872)   Evacuate Collection Set: 0.1ms
[2026-05-06T01:32:34.635+0100][25.188s][info][gc,phases      ] GC(872)   Post Evacuate Collection Set: 0.1ms
[2026-05-06T01:32:34.635+0100][25.188s][info][gc,phases      ] GC(872)   Other: 0.0ms
[2026-05-06T01:32:34.635+0100][25.188s][info][gc,heap        ] GC(872) Eden regions: 5->0(215)
[2026-05-06T01:32:34.635+0100][25.188s][info][gc,heap        ] GC(872) Survivor regions: 0->1(27)
[2026-05-06T01:32:34.635+0100][25.188s][info][gc,heap        ] GC(872) Old regions: 12->12
[2026-05-06T01:32:34.635+0100][25.188s][info][gc,heap        ] GC(872) Humongous regions: 96->96
[2026-05-06T01:32:34.635+0100][25.188s][info][gc,metaspace   ] GC(872) Metaspace: 19203K(19584K)->19203K(19584K) NonClass: 16962K(17216K)->16962K(17216K) Class: 2241K(2368K)->2241K(2368K)
[2026-05-06T01:32:34.635+0100][25.188s][info][gc             ] GC(872) Pause Young (Concurrent Start) (G1 Humongous Allocation) 211M->203M(720M) 0.427ms
[2026-05-06T01:32:34.635+0100][25.188s][info][gc,cpu         ] GC(872) User=0.00s Sys=0.00s Real=0.00s
[2026-05-06T01:32:34.635+0100][25.188s][info][gc             ] GC(873) Concurrent Undo Cycle
[2026-05-06T01:32:34.635+0100][25.188s][info][gc,marking     ] GC(873) Concurrent Clear Claimed Marks
[2026-05-06T01:32:34.635+0100][25.188s][info][gc,marking     ] GC(873) Concurrent Clear Claimed Marks 0.006ms
[2026-05-06T01:32:34.635+0100][25.188s][info][gc,marking     ] GC(873) Concurrent Cleanup for Next Mark
[2026-05-06T01:32:34.635+0100][25.189s][info][gc,marking     ] GC(873) Concurrent Cleanup for Next Mark 0.034ms
[2026-05-06T01:32:34.635+0100][25.189s][info][gc             ] GC(873) Concurrent Undo Cycle 0.063ms
[2026-05-06T01:32:34.659+0100][25.213s][info][gc,start       ] GC(874) Pause Young (Concurrent Start) (G1 Humongous Allocation)
[2026-05-06T01:32:34.659+0100][25.213s][info][gc,task        ] GC(874) Using 9 workers of 9 for evacuation
[2026-05-06T01:32:34.659+0100][25.213s][info][gc,phases      ] GC(874)   Pre Evacuate Collection Set: 0.1ms
[2026-05-06T01:32:34.659+0100][25.213s][info][gc,phases      ] GC(874)   Merge Heap Roots: 0.0ms
[2026-05-06T01:32:34.659+0100][25.213s][info][gc,phases      ] GC(874)   Evacuate Collection Set: 0.1ms
[2026-05-06T01:32:34.659+0100][25.213s][info][gc,phases      ] GC(874)   Post Evacuate Collection Set: 0.1ms
[2026-05-06T01:32:34.659+0100][25.213s][info][gc,phases      ] GC(874)   Other: 0.0ms
[2026-05-06T01:32:34.659+0100][25.213s][info][gc,heap        ] GC(874) Eden regions: 4->0(215)
[2026-05-06T01:32:34.659+0100][25.213s][info][gc,heap        ] GC(874) Survivor regions: 1->1(27)
[2026-05-06T01:32:34.659+0100][25.213s][info][gc,heap        ] GC(874) Old regions: 12->12
[2026-05-06T01:32:34.659+0100][25.213s][info][gc,heap        ] GC(874) Humongous regions: 169->96
[2026-05-06T01:32:34.659+0100][25.213s][info][gc,metaspace   ] GC(874) Metaspace: 19203K(19584K)->19203K(19584K) NonClass: 16962K(17216K)->16962K(17216K) Class: 2241K(2368K)->2241K(2368K)
[2026-05-06T01:32:34.659+0100][25.213s][info][gc             ] GC(874) Pause Young (Concurrent Start) (G1 Humongous Allocation) 356M->203M(720M) 0.459ms
[2026-05-06T01:32:34.659+0100][25.213s][info][gc,cpu         ] GC(874) User=0.00s Sys=0.00s Real=0.00s
[2026-05-06T01:32:34.659+0100][25.213s][info][gc             ] GC(875) Concurrent Undo Cycle
[2026-05-06T01:32:34.659+0100][25.213s][info][gc,marking     ] GC(875) Concurrent Clear Claimed Marks
[2026-05-06T01:32:34.659+0100][25.213s][info][gc,marking     ] GC(875) Concurrent Clear Claimed Marks 0.006ms
[2026-05-06T01:32:34.659+0100][25.213s][info][gc,marking     ] GC(875) Concurrent Cleanup for Next Mark
[2026-05-06T01:32:34.659+0100][25.213s][info][gc,marking     ] GC(875) Concurrent Cleanup for Next Mark 0.028ms
[2026-05-06T01:32:34.659+0100][25.213s][info][gc             ] GC(875) Concurrent Undo Cycle 0.065ms
[2026-05-06T01:32:34.683+0100][25.237s][info][gc,start       ] GC(876) Pause Young (Concurrent Start) (G1 Humongous Allocation)
[2026-05-06T01:32:34.683+0100][25.237s][info][gc,task        ] GC(876) Using 9 workers of 9 for evacuation
[2026-05-06T01:32:34.683+0100][25.237s][info][gc,phases      ] GC(876)   Pre Evacuate Collection Set: 0.1ms
[2026-05-06T01:32:34.683+0100][25.237s][info][gc,phases      ] GC(876)   Merge Heap Roots: 0.0ms
[2026-05-06T01:32:34.683+0100][25.237s][info][gc,phases      ] GC(876)   Evacuate Collection Set: 0.1ms
[2026-05-06T01:32:34.683+0100][25.237s][info][gc,phases      ] GC(876)   Post Evacuate Collection Set: 0.1ms
[2026-05-06T01:32:34.683+0100][25.237s][info][gc,phases      ] GC(876)   Other: 0.0ms
[2026-05-06T01:32:34.683+0100][25.237s][info][gc,heap        ] GC(876) Eden regions: 5->0(215)
[2026-05-06T01:32:34.683+0100][25.237s][info][gc,heap        ] GC(876) Survivor regions: 1->1(27)
[2026-05-06T01:32:34.683+0100][25.237s][info][gc,heap        ] GC(876) Old regions: 12->12
[2026-05-06T01:32:34.683+0100][25.237s][info][gc,heap        ] GC(876) Humongous regions: 169->96
[2026-05-06T01:32:34.683+0100][25.237s][info][gc,metaspace   ] GC(876) Metaspace: 19203K(19584K)->19203K(19584K) NonClass: 16962K(17216K)->16962K(17216K) Class: 2241K(2368K)->2241K(2368K)
[2026-05-06T01:32:34.683+0100][25.237s][info][gc             ] GC(876) Pause Young (Concurrent Start) (G1 Humongous Allocation) 357M->203M(720M) 0.428ms
[2026-05-06T01:32:34.683+0100][25.237s][info][gc,cpu         ] GC(876) User=0.00s Sys=0.00s Real=0.00s
[2026-05-06T01:32:34.683+0100][25.237s][info][gc             ] GC(877) Concurrent Undo Cycle
[2026-05-06T01:32:34.683+0100][25.237s][info][gc,marking     ] GC(877) Concurrent Clear Claimed Marks
[2026-05-06T01:32:34.683+0100][25.237s][info][gc,marking     ] GC(877) Concurrent Clear Claimed Marks 0.006ms
[2026-05-06T01:32:34.683+0100][25.237s][info][gc,marking     ] GC(877) Concurrent Cleanup for Next Mark
[2026-05-06T01:32:34.683+0100][25.237s][info][gc,marking     ] GC(877) Concurrent Cleanup for Next Mark 0.030ms
[2026-05-06T01:32:34.683+0100][25.237s][info][gc             ] GC(877) Concurrent Undo Cycle 0.059ms
[2026-05-06T01:32:34.707+0100][25.261s][info][gc,start       ] GC(878) Pause Young (Concurrent Start) (G1 Humongous Allocation)
[2026-05-06T01:32:34.707+0100][25.261s][info][gc,task        ] GC(878) Using 9 workers of 9 for evacuation
[2026-05-06T01:32:34.707+0100][25.261s][info][gc,phases      ] GC(878)   Pre Evacuate Collection Set: 0.1ms
[2026-05-06T01:32:34.707+0100][25.261s][info][gc,phases      ] GC(878)   Merge Heap Roots: 0.0ms
[2026-05-06T01:32:34.707+0100][25.261s][info][gc,phases      ] GC(878)   Evacuate Collection Set: 0.1ms
[2026-05-06T01:32:34.707+0100][25.261s][info][gc,phases      ] GC(878)   Post Evacuate Collection Set: 0.1ms
[2026-05-06T01:32:34.707+0100][25.261s][info][gc,phases      ] GC(878)   Other: 0.0ms
[2026-05-06T01:32:34.707+0100][25.261s][info][gc,heap        ] GC(878) Eden regions: 5->0(215)
[2026-05-06T01:32:34.707+0100][25.261s][info][gc,heap        ] GC(878) Survivor regions: 1->1(27)
[2026-05-06T01:32:34.707+0100][25.261s][info][gc,heap        ] GC(878) Old regions: 12->12
[2026-05-06T01:32:34.707+0100][25.261s][info][gc,heap        ] GC(878) Humongous regions: 169->96
[2026-05-06T01:32:34.707+0100][25.261s][info][gc,metaspace   ] GC(878) Metaspace: 19203K(19584K)->19203K(19584K) NonClass: 16962K(17216K)->16962K(17216K) Class: 2241K(2368K)->2241K(2368K)
[2026-05-06T01:32:34.707+0100][25.261s][info][gc             ] GC(878) Pause Young (Concurrent Start) (G1 Humongous Allocation) 357M->203M(720M) 0.442ms
[2026-05-06T01:32:34.707+0100][25.261s][info][gc,cpu         ] GC(878) User=0.00s Sys=0.00s Real=0.00s
[2026-05-06T01:32:34.707+0100][25.261s][info][gc             ] GC(879) Concurrent Undo Cycle
[2026-05-06T01:32:34.707+0100][25.261s][info][gc,marking     ] GC(879) Concurrent Clear Claimed Marks
[2026-05-06T01:32:34.707+0100][25.261s][info][gc,marking     ] GC(879) Concurrent Clear Claimed Marks 0.006ms
[2026-05-06T01:32:34.707+0100][25.261s][info][gc,marking     ] GC(879) Concurrent Cleanup for Next Mark
[2026-05-06T01:32:34.708+0100][25.261s][info][gc,marking     ] GC(879) Concurrent Cleanup for Next Mark 0.037ms
[2026-05-06T01:32:34.708+0100][25.261s][info][gc             ] GC(879) Concurrent Undo Cycle 0.067ms
[2026-05-06T01:32:34.732+0100][25.286s][info][gc,start       ] GC(880) Pause Young (Concurrent Start) (G1 Humongous Allocation)
[2026-05-06T01:32:34.732+0100][25.286s][info][gc,task        ] GC(880) Using 9 workers of 9 for evacuation
[2026-05-06T01:32:34.733+0100][25.286s][info][gc,phases      ] GC(880)   Pre Evacuate Collection Set: 0.1ms
[2026-05-06T01:32:34.733+0100][25.286s][info][gc,phases      ] GC(880)   Merge Heap Roots: 0.0ms
[2026-05-06T01:32:34.733+0100][25.286s][info][gc,phases      ] GC(880)   Evacuate Collection Set: 0.2ms
[2026-05-06T01:32:34.733+0100][25.286s][info][gc,phases      ] GC(880)   Post Evacuate Collection Set: 0.1ms
[2026-05-06T01:32:34.733+0100][25.286s][info][gc,phases      ] GC(880)   Other: 0.0ms
[2026-05-06T01:32:34.733+0100][25.286s][info][gc,heap        ] GC(880) Eden regions: 5->0(215)
[2026-05-06T01:32:34.733+0100][25.286s][info][gc,heap        ] GC(880) Survivor regions: 1->1(27)
[2026-05-06T01:32:34.733+0100][25.286s][info][gc,heap        ] GC(880) Old regions: 12->12
[2026-05-06T01:32:34.733+0100][25.286s][info][gc,heap        ] GC(880) Humongous regions: 169->96
[2026-05-06T01:32:34.733+0100][25.286s][info][gc,metaspace   ] GC(880) Metaspace: 19203K(19584K)->19203K(19584K) NonClass: 16962K(17216K)->16962K(17216K) Class: 2241K(2368K)->2241K(2368K)
[2026-05-06T01:32:34.733+0100][25.286s][info][gc             ] GC(880) Pause Young (Concurrent Start) (G1 Humongous Allocation) 357M->203M(720M) 0.526ms
[2026-05-06T01:32:34.733+0100][25.286s][info][gc,cpu         ] GC(880) User=0.00s Sys=0.00s Real=0.00s
[2026-05-06T01:32:34.733+0100][25.286s][info][gc             ] GC(881) Concurrent Undo Cycle
[2026-05-06T01:32:34.733+0100][25.286s][info][gc,marking     ] GC(881) Concurrent Clear Claimed Marks
[2026-05-06T01:32:34.733+0100][25.286s][info][gc,marking     ] GC(881) Concurrent Clear Claimed Marks 0.007ms
[2026-05-06T01:32:34.733+0100][25.286s][info][gc,marking     ] GC(881) Concurrent Cleanup for Next Mark
[2026-05-06T01:32:34.733+0100][25.286s][info][gc,marking     ] GC(881) Concurrent Cleanup for Next Mark 0.037ms
[2026-05-06T01:32:34.733+0100][25.286s][info][gc             ] GC(881) Concurrent Undo Cycle 0.070ms
[2026-05-06T01:32:34.758+0100][25.312s][info][gc,start       ] GC(882) Pause Young (Concurrent Start) (G1 Humongous Allocation)
[2026-05-06T01:32:34.758+0100][25.312s][info][gc,task        ] GC(882) Using 9 workers of 9 for evacuation
[2026-05-06T01:32:34.759+0100][25.312s][info][gc,phases      ] GC(882)   Pre Evacuate Collection Set: 0.1ms
[2026-05-06T01:32:34.759+0100][25.313s][info][gc,phases      ] GC(882)   Merge Heap Roots: 0.0ms
[2026-05-06T01:32:34.759+0100][25.313s][info][gc,phases      ] GC(882)   Evacuate Collection Set: 0.1ms
[2026-05-06T01:32:34.759+0100][25.313s][info][gc,phases      ] GC(882)   Post Evacuate Collection Set: 0.1ms
[2026-05-06T01:32:34.759+0100][25.313s][info][gc,phases      ] GC(882)   Other: 0.0ms
[2026-05-06T01:32:34.759+0100][25.313s][info][gc,heap        ] GC(882) Eden regions: 4->0(215)
[2026-05-06T01:32:34.759+0100][25.313s][info][gc,heap        ] GC(882) Survivor regions: 1->1(27)
[2026-05-06T01:32:34.759+0100][25.313s][info][gc,heap        ] GC(882) Old regions: 12->12
[2026-05-06T01:32:34.759+0100][25.313s][info][gc,heap        ] GC(882) Humongous regions: 169->96
[2026-05-06T01:32:34.759+0100][25.313s][info][gc,metaspace   ] GC(882) Metaspace: 19203K(19584K)->19203K(19584K) NonClass: 16962K(17216K)->16962K(17216K) Class: 2241K(2368K)->2241K(2368K)
[2026-05-06T01:32:34.759+0100][25.313s][info][gc             ] GC(882) Pause Young (Concurrent Start) (G1 Humongous Allocation) 356M->203M(720M) 0.524ms
[2026-05-06T01:32:34.759+0100][25.313s][info][gc,cpu         ] GC(882) User=0.00s Sys=0.00s Real=0.00s
[2026-05-06T01:32:34.759+0100][25.313s][info][gc             ] GC(883) Concurrent Undo Cycle
[2026-05-06T01:32:34.759+0100][25.313s][info][gc,marking     ] GC(883) Concurrent Clear Claimed Marks
[2026-05-06T01:32:34.759+0100][25.313s][info][gc,marking     ] GC(883) Concurrent Clear Claimed Marks 0.007ms
[2026-05-06T01:32:34.759+0100][25.313s][info][gc,marking     ] GC(883) Concurrent Cleanup for Next Mark
[2026-05-06T01:32:34.759+0100][25.313s][info][gc,marking     ] GC(883) Concurrent Cleanup for Next Mark 0.037ms
[2026-05-06T01:32:34.759+0100][25.313s][info][gc             ] GC(883) Concurrent Undo Cycle 0.067ms
[2026-05-06T01:32:34.785+0100][25.338s][info][gc,start       ] GC(884) Pause Young (Concurrent Start) (G1 Humongous Allocation)
[2026-05-06T01:32:34.785+0100][25.338s][info][gc,task        ] GC(884) Using 9 workers of 9 for evacuation
[2026-05-06T01:32:34.785+0100][25.339s][info][gc,phases      ] GC(884)   Pre Evacuate Collection Set: 0.1ms
[2026-05-06T01:32:34.785+0100][25.339s][info][gc,phases      ] GC(884)   Merge Heap Roots: 0.0ms
[2026-05-06T01:32:34.785+0100][25.339s][info][gc,phases      ] GC(884)   Evacuate Collection Set: 0.2ms
[2026-05-06T01:32:34.785+0100][25.339s][info][gc,phases      ] GC(884)   Post Evacuate Collection Set: 0.1ms
[2026-05-06T01:32:34.785+0100][25.339s][info][gc,phases      ] GC(884)   Other: 0.0ms
[2026-05-06T01:32:34.785+0100][25.339s][info][gc,heap        ] GC(884) Eden regions: 4->0(215)
[2026-05-06T01:32:34.785+0100][25.339s][info][gc,heap        ] GC(884) Survivor regions: 1->1(27)
[2026-05-06T01:32:34.785+0100][25.339s][info][gc,heap        ] GC(884) Old regions: 12->12
[2026-05-06T01:32:34.785+0100][25.339s][info][gc,heap        ] GC(884) Humongous regions: 169->96
[2026-05-06T01:32:34.785+0100][25.339s][info][gc,metaspace   ] GC(884) Metaspace: 19203K(19584K)->19203K(19584K) NonClass: 16962K(17216K)->16962K(17216K) Class: 2241K(2368K)->2241K(2368K)
[2026-05-06T01:32:34.785+0100][25.339s][info][gc             ] GC(884) Pause Young (Concurrent Start) (G1 Humongous Allocation) 356M->203M(720M) 0.498ms
[2026-05-06T01:32:34.785+0100][25.339s][info][gc,cpu         ] GC(884) User=0.01s Sys=0.00s Real=0.00s
[2026-05-06T01:32:34.785+0100][25.339s][info][gc             ] GC(885) Concurrent Undo Cycle
[2026-05-06T01:32:34.785+0100][25.339s][info][gc,marking     ] GC(885) Concurrent Clear Claimed Marks
[2026-05-06T01:32:34.785+0100][25.339s][info][gc,marking     ] GC(885) Concurrent Clear Claimed Marks 0.007ms
[2026-05-06T01:32:34.785+0100][25.339s][info][gc,marking     ] GC(885) Concurrent Cleanup for Next Mark
[2026-05-06T01:32:34.785+0100][25.339s][info][gc,marking     ] GC(885) Concurrent Cleanup for Next Mark 0.028ms
[2026-05-06T01:32:34.785+0100][25.339s][info][gc             ] GC(885) Concurrent Undo Cycle 0.062ms
[2026-05-06T01:32:34.810+0100][25.364s][info][gc,start       ] GC(886) Pause Young (Concurrent Start) (G1 Humongous Allocation)
[2026-05-06T01:32:34.810+0100][25.364s][info][gc,task        ] GC(886) Using 9 workers of 9 for evacuation
[2026-05-06T01:32:34.811+0100][25.365s][info][gc,phases      ] GC(886)   Pre Evacuate Collection Set: 0.1ms
[2026-05-06T01:32:34.811+0100][25.365s][info][gc,phases      ] GC(886)   Merge Heap Roots: 0.0ms
[2026-05-06T01:32:34.811+0100][25.365s][info][gc,phases      ] GC(886)   Evacuate Collection Set: 0.1ms
[2026-05-06T01:32:34.811+0100][25.365s][info][gc,phases      ] GC(886)   Post Evacuate Collection Set: 0.1ms
[2026-05-06T01:32:34.811+0100][25.365s][info][gc,phases      ] GC(886)   Other: 0.0ms
[2026-05-06T01:32:34.811+0100][25.365s][info][gc,heap        ] GC(886) Eden regions: 4->0(215)
[2026-05-06T01:32:34.811+0100][25.365s][info][gc,heap        ] GC(886) Survivor regions: 1->1(27)
[2026-05-06T01:32:34.811+0100][25.365s][info][gc,heap        ] GC(886) Old regions: 12->12
[2026-05-06T01:32:34.811+0100][25.365s][info][gc,heap        ] GC(886) Humongous regions: 169->96
[2026-05-06T01:32:34.811+0100][25.365s][info][gc,metaspace   ] GC(886) Metaspace: 19203K(19584K)->19203K(19584K) NonClass: 16962K(17216K)->16962K(17216K) Class: 2241K(2368K)->2241K(2368K)
[2026-05-06T01:32:34.811+0100][25.365s][info][gc             ] GC(886) Pause Young (Concurrent Start) (G1 Humongous Allocation) 356M->203M(720M) 0.522ms
[2026-05-06T01:32:34.811+0100][25.365s][info][gc,cpu         ] GC(886) User=0.00s Sys=0.00s Real=0.00s
[2026-05-06T01:32:34.811+0100][25.365s][info][gc             ] GC(887) Concurrent Undo Cycle
[2026-05-06T01:32:34.811+0100][25.365s][info][gc,marking     ] GC(887) Concurrent Clear Claimed Marks
[2026-05-06T01:32:34.811+0100][25.365s][info][gc,marking     ] GC(887) Concurrent Clear Claimed Marks 0.007ms
[2026-05-06T01:32:34.811+0100][25.365s][info][gc,marking     ] GC(887) Concurrent Cleanup for Next Mark
[2026-05-06T01:32:34.811+0100][25.365s][info][gc,marking     ] GC(887) Concurrent Cleanup for Next Mark 0.029ms
[2026-05-06T01:32:34.811+0100][25.365s][info][gc             ] GC(887) Concurrent Undo Cycle 0.059ms
[2026-05-06T01:32:34.836+0100][25.389s][info][gc,start       ] GC(888) Pause Young (Concurrent Start) (G1 Humongous Allocation)
[2026-05-06T01:32:34.836+0100][25.389s][info][gc,task        ] GC(888) Using 9 workers of 9 for evacuation
[2026-05-06T01:32:34.836+0100][25.390s][info][gc,phases      ] GC(888)   Pre Evacuate Collection Set: 0.1ms
[2026-05-06T01:32:34.836+0100][25.390s][info][gc,phases      ] GC(888)   Merge Heap Roots: 0.0ms
[2026-05-06T01:32:34.836+0100][25.390s][info][gc,phases      ] GC(888)   Evacuate Collection Set: 0.2ms
[2026-05-06T01:32:34.836+0100][25.390s][info][gc,phases      ] GC(888)   Post Evacuate Collection Set: 0.1ms
[2026-05-06T01:32:34.836+0100][25.390s][info][gc,phases      ] GC(888)   Other: 0.0ms
[2026-05-06T01:32:34.836+0100][25.390s][info][gc,heap        ] GC(888) Eden regions: 4->0(215)
[2026-05-06T01:32:34.836+0100][25.390s][info][gc,heap        ] GC(888) Survivor regions: 1->1(27)
[2026-05-06T01:32:34.836+0100][25.390s][info][gc,heap        ] GC(888) Old regions: 12->12
[2026-05-06T01:32:34.836+0100][25.390s][info][gc,heap        ] GC(888) Humongous regions: 169->96
[2026-05-06T01:32:34.836+0100][25.390s][info][gc,metaspace   ] GC(888) Metaspace: 19203K(19584K)->19203K(19584K) NonClass: 16962K(17216K)->16962K(17216K) Class: 2241K(2368K)->2241K(2368K)
[2026-05-06T01:32:34.836+0100][25.390s][info][gc             ] GC(888) Pause Young (Concurrent Start) (G1 Humongous Allocation) 356M->203M(720M) 0.557ms
[2026-05-06T01:32:34.836+0100][25.390s][info][gc,cpu         ] GC(888) User=0.00s Sys=0.00s Real=0.00s
[2026-05-06T01:32:34.836+0100][25.390s][info][gc             ] GC(889) Concurrent Undo Cycle
[2026-05-06T01:32:34.836+0100][25.390s][info][gc,marking     ] GC(889) Concurrent Clear Claimed Marks
[2026-05-06T01:32:34.836+0100][25.390s][info][gc,marking     ] GC(889) Concurrent Clear Claimed Marks 0.009ms
[2026-05-06T01:32:34.836+0100][25.390s][info][gc,marking     ] GC(889) Concurrent Cleanup for Next Mark
[2026-05-06T01:32:34.836+0100][25.390s][info][gc,marking     ] GC(889) Concurrent Cleanup for Next Mark 0.038ms
[2026-05-06T01:32:34.836+0100][25.390s][info][gc             ] GC(889) Concurrent Undo Cycle 0.072ms
[2026-05-06T01:32:34.861+0100][25.415s][info][gc,start       ] GC(890) Pause Young (Concurrent Start) (G1 Humongous Allocation)
[2026-05-06T01:32:34.861+0100][25.415s][info][gc,task        ] GC(890) Using 9 workers of 9 for evacuation
[2026-05-06T01:32:34.862+0100][25.415s][info][gc,phases      ] GC(890)   Pre Evacuate Collection Set: 0.1ms
[2026-05-06T01:32:34.862+0100][25.415s][info][gc,phases      ] GC(890)   Merge Heap Roots: 0.0ms
[2026-05-06T01:32:34.862+0100][25.415s][info][gc,phases      ] GC(890)   Evacuate Collection Set: 0.2ms
[2026-05-06T01:32:34.862+0100][25.415s][info][gc,phases      ] GC(890)   Post Evacuate Collection Set: 0.1ms
[2026-05-06T01:32:34.862+0100][25.415s][info][gc,phases      ] GC(890)   Other: 0.0ms
[2026-05-06T01:32:34.862+0100][25.415s][info][gc,heap        ] GC(890) Eden regions: 4->0(215)
[2026-05-06T01:32:34.862+0100][25.415s][info][gc,heap        ] GC(890) Survivor regions: 1->1(27)
[2026-05-06T01:32:34.862+0100][25.415s][info][gc,heap        ] GC(890) Old regions: 12->12
[2026-05-06T01:32:34.862+0100][25.415s][info][gc,heap        ] GC(890) Humongous regions: 169->96
[2026-05-06T01:32:34.862+0100][25.415s][info][gc,metaspace   ] GC(890) Metaspace: 19203K(19584K)->19203K(19584K) NonClass: 16962K(17216K)->16962K(17216K) Class: 2241K(2368K)->2241K(2368K)
[2026-05-06T01:32:34.862+0100][25.415s][info][gc             ] GC(890) Pause Young (Concurrent Start) (G1 Humongous Allocation) 356M->203M(720M) 0.525ms
[2026-05-06T01:32:34.862+0100][25.415s][info][gc,cpu         ] GC(890) User=0.00s Sys=0.01s Real=0.00s
[2026-05-06T01:32:34.862+0100][25.415s][info][gc             ] GC(891) Concurrent Undo Cycle
[2026-05-06T01:32:34.862+0100][25.415s][info][gc,marking     ] GC(891) Concurrent Clear Claimed Marks
[2026-05-06T01:32:34.862+0100][25.415s][info][gc,marking     ] GC(891) Concurrent Clear Claimed Marks 0.008ms
[2026-05-06T01:32:34.862+0100][25.415s][info][gc,marking     ] GC(891) Concurrent Cleanup for Next Mark
[2026-05-06T01:32:34.862+0100][25.415s][info][gc,marking     ] GC(891) Concurrent Cleanup for Next Mark 0.029ms
[2026-05-06T01:32:34.862+0100][25.415s][info][gc             ] GC(891) Concurrent Undo Cycle 0.065ms
[2026-05-06T01:32:34.888+0100][25.441s][info][gc,start       ] GC(892) Pause Young (Concurrent Start) (G1 Humongous Allocation)
[2026-05-06T01:32:34.888+0100][25.441s][info][gc,task        ] GC(892) Using 9 workers of 9 for evacuation
[2026-05-06T01:32:34.888+0100][25.442s][info][gc,phases      ] GC(892)   Pre Evacuate Collection Set: 0.2ms
[2026-05-06T01:32:34.888+0100][25.442s][info][gc,phases      ] GC(892)   Merge Heap Roots: 0.0ms
[2026-05-06T01:32:34.888+0100][25.442s][info][gc,phases      ] GC(892)   Evacuate Collection Set: 0.2ms
[2026-05-06T01:32:34.888+0100][25.442s][info][gc,phases      ] GC(892)   Post Evacuate Collection Set: 0.1ms
[2026-05-06T01:32:34.888+0100][25.442s][info][gc,phases      ] GC(892)   Other: 0.0ms
[2026-05-06T01:32:34.888+0100][25.442s][info][gc,heap        ] GC(892) Eden regions: 4->0(215)
[2026-05-06T01:32:34.888+0100][25.442s][info][gc,heap        ] GC(892) Survivor regions: 1->1(27)
[2026-05-06T01:32:34.888+0100][25.442s][info][gc,heap        ] GC(892) Old regions: 12->12
[2026-05-06T01:32:34.888+0100][25.442s][info][gc,heap        ] GC(892) Humongous regions: 169->96
[2026-05-06T01:32:34.889+0100][25.442s][info][gc,metaspace   ] GC(892) Metaspace: 19203K(19584K)->19203K(19584K) NonClass: 16962K(17216K)->16962K(17216K) Class: 2241K(2368K)->2241K(2368K)
[2026-05-06T01:32:34.889+0100][25.442s][info][gc             ] GC(892) Pause Young (Concurrent Start) (G1 Humongous Allocation) 356M->203M(720M) 0.698ms
[2026-05-06T01:32:34.889+0100][25.442s][info][gc,cpu         ] GC(892) User=0.00s Sys=0.00s Real=0.00s
[2026-05-06T01:32:34.889+0100][25.442s][info][gc             ] GC(893) Concurrent Undo Cycle
[2026-05-06T01:32:34.889+0100][25.442s][info][gc,marking     ] GC(893) Concurrent Clear Claimed Marks
[2026-05-06T01:32:34.889+0100][25.442s][info][gc,marking     ] GC(893) Concurrent Clear Claimed Marks 0.007ms
[2026-05-06T01:32:34.889+0100][25.442s][info][gc,marking     ] GC(893) Concurrent Cleanup for Next Mark
[2026-05-06T01:32:34.889+0100][25.442s][info][gc,marking     ] GC(893) Concurrent Cleanup for Next Mark 0.032ms
[2026-05-06T01:32:34.889+0100][25.442s][info][gc             ] GC(893) Concurrent Undo Cycle 0.067ms
[2026-05-06T01:32:34.914+0100][25.468s][info][gc,start       ] GC(894) Pause Young (Concurrent Start) (G1 Humongous Allocation)
[2026-05-06T01:32:34.915+0100][25.468s][info][gc,task        ] GC(894) Using 9 workers of 9 for evacuation
[2026-05-06T01:32:34.915+0100][25.469s][info][gc,phases      ] GC(894)   Pre Evacuate Collection Set: 0.1ms
[2026-05-06T01:32:34.915+0100][25.469s][info][gc,phases      ] GC(894)   Merge Heap Roots: 0.0ms
[2026-05-06T01:32:34.915+0100][25.469s][info][gc,phases      ] GC(894)   Evacuate Collection Set: 0.1ms
[2026-05-06T01:32:34.915+0100][25.469s][info][gc,phases      ] GC(894)   Post Evacuate Collection Set: 0.1ms
[2026-05-06T01:32:34.915+0100][25.469s][info][gc,phases      ] GC(894)   Other: 0.0ms
[2026-05-06T01:32:34.915+0100][25.469s][info][gc,heap        ] GC(894) Eden regions: 4->0(215)
[2026-05-06T01:32:34.915+0100][25.469s][info][gc,heap        ] GC(894) Survivor regions: 1->1(27)
[2026-05-06T01:32:34.915+0100][25.469s][info][gc,heap        ] GC(894) Old regions: 12->12
[2026-05-06T01:32:34.915+0100][25.469s][info][gc,heap        ] GC(894) Humongous regions: 169->96
[2026-05-06T01:32:34.915+0100][25.469s][info][gc,metaspace   ] GC(894) Metaspace: 19203K(19584K)->19203K(19584K) NonClass: 16962K(17216K)->16962K(17216K) Class: 2241K(2368K)->2241K(2368K)
[2026-05-06T01:32:34.915+0100][25.469s][info][gc             ] GC(894) Pause Young (Concurrent Start) (G1 Humongous Allocation) 356M->203M(720M) 0.503ms
[2026-05-06T01:32:34.915+0100][25.469s][info][gc,cpu         ] GC(894) User=0.00s Sys=0.00s Real=0.00s
[2026-05-06T01:32:34.915+0100][25.469s][info][gc             ] GC(895) Concurrent Undo Cycle
[2026-05-06T01:32:34.915+0100][25.469s][info][gc,marking     ] GC(895) Concurrent Clear Claimed Marks
[2026-05-06T01:32:34.915+0100][25.469s][info][gc,marking     ] GC(895) Concurrent Clear Claimed Marks 0.007ms
[2026-05-06T01:32:34.915+0100][25.469s][info][gc,marking     ] GC(895) Concurrent Cleanup for Next Mark
[2026-05-06T01:32:34.915+0100][25.469s][info][gc,marking     ] GC(895) Concurrent Cleanup for Next Mark 0.026ms
[2026-05-06T01:32:34.915+0100][25.469s][info][gc             ] GC(895) Concurrent Undo Cycle 0.060ms
[2026-05-06T01:32:34.941+0100][25.494s][info][gc,start       ] GC(896) Pause Young (Concurrent Start) (G1 Humongous Allocation)
[2026-05-06T01:32:34.941+0100][25.494s][info][gc,task        ] GC(896) Using 9 workers of 9 for evacuation
[2026-05-06T01:32:34.941+0100][25.495s][info][gc,phases      ] GC(896)   Pre Evacuate Collection Set: 0.1ms
[2026-05-06T01:32:34.941+0100][25.495s][info][gc,phases      ] GC(896)   Merge Heap Roots: 0.0ms
[2026-05-06T01:32:34.941+0100][25.495s][info][gc,phases      ] GC(896)   Evacuate Collection Set: 0.2ms
[2026-05-06T01:32:34.941+0100][25.495s][info][gc,phases      ] GC(896)   Post Evacuate Collection Set: 0.1ms
[2026-05-06T01:32:34.941+0100][25.495s][info][gc,phases      ] GC(896)   Other: 0.0ms
[2026-05-06T01:32:34.941+0100][25.495s][info][gc,heap        ] GC(896) Eden regions: 4->0(215)
[2026-05-06T01:32:34.941+0100][25.495s][info][gc,heap        ] GC(896) Survivor regions: 1->1(27)
[2026-05-06T01:32:34.941+0100][25.495s][info][gc,heap        ] GC(896) Old regions: 12->12
[2026-05-06T01:32:34.941+0100][25.495s][info][gc,heap        ] GC(896) Humongous regions: 169->96
[2026-05-06T01:32:34.941+0100][25.495s][info][gc,metaspace   ] GC(896) Metaspace: 19203K(19584K)->19203K(19584K) NonClass: 16962K(17216K)->16962K(17216K) Class: 2241K(2368K)->2241K(2368K)
[2026-05-06T01:32:34.941+0100][25.495s][info][gc             ] GC(896) Pause Young (Concurrent Start) (G1 Humongous Allocation) 356M->203M(720M) 0.546ms
[2026-05-06T01:32:34.941+0100][25.495s][info][gc,cpu         ] GC(896) User=0.00s Sys=0.00s Real=0.00s
[2026-05-06T01:32:34.941+0100][25.495s][info][gc             ] GC(897) Concurrent Undo Cycle
[2026-05-06T01:32:34.941+0100][25.495s][info][gc,marking     ] GC(897) Concurrent Clear Claimed Marks
[2026-05-06T01:32:34.941+0100][25.495s][info][gc,marking     ] GC(897) Concurrent Clear Claimed Marks 0.007ms
[2026-05-06T01:32:34.941+0100][25.495s][info][gc,marking     ] GC(897) Concurrent Cleanup for Next Mark
[2026-05-06T01:32:34.941+0100][25.495s][info][gc,marking     ] GC(897) Concurrent Cleanup for Next Mark 0.034ms
[2026-05-06T01:32:34.941+0100][25.495s][info][gc             ] GC(897) Concurrent Undo Cycle 0.067ms
[2026-05-06T01:32:34.957+0100][25.511s][info][gc,start       ] GC(898) Pause Full (System.gc())
[2026-05-06T01:32:34.957+0100][25.511s][info][gc,task        ] GC(898) Using 9 workers of 9 for full compaction
[2026-05-06T01:32:34.957+0100][25.511s][info][gc,phases,start] GC(898) Phase 1: Mark live objects
[2026-05-06T01:32:34.959+0100][25.513s][info][gc,phases      ] GC(898) Phase 1: Mark live objects 2.241ms
[2026-05-06T01:32:34.959+0100][25.513s][info][gc,phases,start] GC(898) Phase 2: Prepare compaction
[2026-05-06T01:32:34.960+0100][25.513s][info][gc,phases      ] GC(898) Phase 2: Prepare compaction 0.303ms
[2026-05-06T01:32:34.960+0100][25.513s][info][gc,phases,start] GC(898) Phase 3: Adjust pointers
[2026-05-06T01:32:34.961+0100][25.515s][info][gc,phases      ] GC(898) Phase 3: Adjust pointers 1.721ms
[2026-05-06T01:32:34.961+0100][25.515s][info][gc,phases,start] GC(898) Phase 4: Compact heap
[2026-05-06T01:32:34.962+0100][25.515s][info][gc,phases      ] GC(898) Phase 4: Compact heap 0.261ms
[2026-05-06T01:32:34.962+0100][25.515s][info][gc,phases,start] GC(898) Phase 5: Reset Metadata
[2026-05-06T01:32:34.962+0100][25.515s][info][gc,phases      ] GC(898) Phase 5: Reset Metadata 0.331ms
[2026-05-06T01:32:34.962+0100][25.516s][info][gc,heap        ] GC(898) Eden regions: 4->0(216)
[2026-05-06T01:32:34.962+0100][25.516s][info][gc,heap        ] GC(898) Survivor regions: 1->0(27)
[2026-05-06T01:32:34.962+0100][25.516s][info][gc,heap        ] GC(898) Old regions: 12->12
[2026-05-06T01:32:34.962+0100][25.516s][info][gc,heap        ] GC(898) Humongous regions: 169->96
[2026-05-06T01:32:34.962+0100][25.516s][info][gc,metaspace   ] GC(898) Metaspace: 19203K(19584K)->19203K(19584K) NonClass: 16962K(17216K)->16962K(17216K) Class: 2241K(2368K)->2241K(2368K)
[2026-05-06T01:32:34.962+0100][25.516s][info][gc             ] GC(898) Pause Full (System.gc()) 356M->203M(720M) 5.507ms
[2026-05-06T01:32:34.962+0100][25.516s][info][gc,cpu         ] GC(898) User=0.02s Sys=0.01s Real=0.01s
[2026-05-06T01:32:34.972+0100][25.525s][info][gc,start       ] GC(899) Pause Young (Concurrent Start) (G1 Humongous Allocation)
[2026-05-06T01:32:34.972+0100][25.526s][info][gc,task        ] GC(899) Using 9 workers of 9 for evacuation
[2026-05-06T01:32:34.972+0100][25.526s][info][gc,phases      ] GC(899)   Pre Evacuate Collection Set: 0.1ms
[2026-05-06T01:32:34.972+0100][25.526s][info][gc,phases      ] GC(899)   Merge Heap Roots: 0.0ms
[2026-05-06T01:32:34.972+0100][25.526s][info][gc,phases      ] GC(899)   Evacuate Collection Set: 0.1ms
[2026-05-06T01:32:34.972+0100][25.526s][info][gc,phases      ] GC(899)   Post Evacuate Collection Set: 0.1ms
[2026-05-06T01:32:34.972+0100][25.526s][info][gc,phases      ] GC(899)   Other: 0.0ms
[2026-05-06T01:32:34.972+0100][25.526s][info][gc,heap        ] GC(899) Eden regions: 4->0(215)
[2026-05-06T01:32:34.972+0100][25.526s][info][gc,heap        ] GC(899) Survivor regions: 0->1(27)
[2026-05-06T01:32:34.972+0100][25.526s][info][gc,heap        ] GC(899) Old regions: 12->12
[2026-05-06T01:32:34.972+0100][25.526s][info][gc,heap        ] GC(899) Humongous regions: 96->96
[2026-05-06T01:32:34.972+0100][25.526s][info][gc,metaspace   ] GC(899) Metaspace: 19204K(19584K)->19204K(19584K) NonClass: 16962K(17216K)->16962K(17216K) Class: 2241K(2368K)->2241K(2368K)
[2026-05-06T01:32:34.972+0100][25.526s][info][gc             ] GC(899) Pause Young (Concurrent Start) (G1 Humongous Allocation) 210M->203M(720M) 0.481ms
[2026-05-06T01:32:34.972+0100][25.526s][info][gc,cpu         ] GC(899) User=0.00s Sys=0.00s Real=0.00s
[2026-05-06T01:32:34.972+0100][25.526s][info][gc             ] GC(900) Concurrent Undo Cycle
[2026-05-06T01:32:34.972+0100][25.526s][info][gc,marking     ] GC(900) Concurrent Clear Claimed Marks
[2026-05-06T01:32:34.972+0100][25.526s][info][gc,marking     ] GC(900) Concurrent Clear Claimed Marks 0.006ms
[2026-05-06T01:32:34.972+0100][25.526s][info][gc,marking     ] GC(900) Concurrent Cleanup for Next Mark
[2026-05-06T01:32:34.972+0100][25.526s][info][gc,marking     ] GC(900) Concurrent Cleanup for Next Mark 0.036ms
[2026-05-06T01:32:34.972+0100][25.526s][info][gc             ] GC(900) Concurrent Undo Cycle 0.063ms
[2026-05-06T01:32:34.998+0100][25.551s][info][gc,start       ] GC(901) Pause Young (Concurrent Start) (G1 Humongous Allocation)
[2026-05-06T01:32:34.998+0100][25.551s][info][gc,task        ] GC(901) Using 9 workers of 9 for evacuation
[2026-05-06T01:32:34.998+0100][25.552s][info][gc,phases      ] GC(901)   Pre Evacuate Collection Set: 0.1ms
[2026-05-06T01:32:34.998+0100][25.552s][info][gc,phases      ] GC(901)   Merge Heap Roots: 0.0ms
[2026-05-06T01:32:34.998+0100][25.552s][info][gc,phases      ] GC(901)   Evacuate Collection Set: 0.1ms
[2026-05-06T01:32:34.998+0100][25.552s][info][gc,phases      ] GC(901)   Post Evacuate Collection Set: 0.1ms
[2026-05-06T01:32:34.998+0100][25.552s][info][gc,phases      ] GC(901)   Other: 0.0ms
[2026-05-06T01:32:34.998+0100][25.552s][info][gc,heap        ] GC(901) Eden regions: 4->0(215)
[2026-05-06T01:32:34.998+0100][25.552s][info][gc,heap        ] GC(901) Survivor regions: 1->1(27)
[2026-05-06T01:32:34.998+0100][25.552s][info][gc,heap        ] GC(901) Old regions: 12->12
[2026-05-06T01:32:34.998+0100][25.552s][info][gc,heap        ] GC(901) Humongous regions: 169->96
[2026-05-06T01:32:34.998+0100][25.552s][info][gc,metaspace   ] GC(901) Metaspace: 19204K(19584K)->19204K(19584K) NonClass: 16962K(17216K)->16962K(17216K) Class: 2241K(2368K)->2241K(2368K)
[2026-05-06T01:32:34.998+0100][25.552s][info][gc             ] GC(901) Pause Young (Concurrent Start) (G1 Humongous Allocation) 356M->203M(720M) 0.495ms
[2026-05-06T01:32:34.998+0100][25.552s][info][gc,cpu         ] GC(901) User=0.00s Sys=0.00s Real=0.00s
[2026-05-06T01:32:34.998+0100][25.552s][info][gc             ] GC(902) Concurrent Undo Cycle
[2026-05-06T01:32:34.998+0100][25.552s][info][gc,marking     ] GC(902) Concurrent Clear Claimed Marks
[2026-05-06T01:32:34.998+0100][25.552s][info][gc,marking     ] GC(902) Concurrent Clear Claimed Marks 0.007ms
[2026-05-06T01:32:34.998+0100][25.552s][info][gc,marking     ] GC(902) Concurrent Cleanup for Next Mark
[2026-05-06T01:32:34.998+0100][25.552s][info][gc,marking     ] GC(902) Concurrent Cleanup for Next Mark 0.025ms
[2026-05-06T01:32:34.998+0100][25.552s][info][gc             ] GC(902) Concurrent Undo Cycle 0.062ms
[2026-05-06T01:32:35.023+0100][25.577s][info][gc,start       ] GC(903) Pause Young (Concurrent Start) (G1 Humongous Allocation)
[2026-05-06T01:32:35.023+0100][25.577s][info][gc,task        ] GC(903) Using 9 workers of 9 for evacuation
[2026-05-06T01:32:35.024+0100][25.577s][info][gc,phases      ] GC(903)   Pre Evacuate Collection Set: 0.1ms
[2026-05-06T01:32:35.024+0100][25.577s][info][gc,phases      ] GC(903)   Merge Heap Roots: 0.0ms
[2026-05-06T01:32:35.024+0100][25.577s][info][gc,phases      ] GC(903)   Evacuate Collection Set: 0.1ms
[2026-05-06T01:32:35.024+0100][25.577s][info][gc,phases      ] GC(903)   Post Evacuate Collection Set: 0.1ms
[2026-05-06T01:32:35.024+0100][25.577s][info][gc,phases      ] GC(903)   Other: 0.0ms
[2026-05-06T01:32:35.024+0100][25.577s][info][gc,heap        ] GC(903) Eden regions: 4->0(215)
[2026-05-06T01:32:35.024+0100][25.577s][info][gc,heap        ] GC(903) Survivor regions: 1->1(27)
[2026-05-06T01:32:35.024+0100][25.577s][info][gc,heap        ] GC(903) Old regions: 12->12
[2026-05-06T01:32:35.024+0100][25.577s][info][gc,heap        ] GC(903) Humongous regions: 169->96
[2026-05-06T01:32:35.024+0100][25.577s][info][gc,metaspace   ] GC(903) Metaspace: 19204K(19584K)->19204K(19584K) NonClass: 16962K(17216K)->16962K(17216K) Class: 2241K(2368K)->2241K(2368K)
[2026-05-06T01:32:35.024+0100][25.577s][info][gc             ] GC(903) Pause Young (Concurrent Start) (G1 Humongous Allocation) 356M->203M(720M) 0.486ms
[2026-05-06T01:32:35.024+0100][25.577s][info][gc,cpu         ] GC(903) User=0.00s Sys=0.00s Real=0.00s
[2026-05-06T01:32:35.024+0100][25.577s][info][gc             ] GC(904) Concurrent Undo Cycle
[2026-05-06T01:32:35.024+0100][25.577s][info][gc,marking     ] GC(904) Concurrent Clear Claimed Marks
[2026-05-06T01:32:35.024+0100][25.577s][info][gc,marking     ] GC(904) Concurrent Clear Claimed Marks 0.007ms
[2026-05-06T01:32:35.024+0100][25.577s][info][gc,marking     ] GC(904) Concurrent Cleanup for Next Mark
[2026-05-06T01:32:35.024+0100][25.577s][info][gc,marking     ] GC(904) Concurrent Cleanup for Next Mark 0.034ms
[2026-05-06T01:32:35.024+0100][25.577s][info][gc             ] GC(904) Concurrent Undo Cycle 0.063ms
[2026-05-06T01:32:35.049+0100][25.602s][info][gc,start       ] GC(905) Pause Young (Concurrent Start) (G1 Humongous Allocation)
[2026-05-06T01:32:35.049+0100][25.602s][info][gc,task        ] GC(905) Using 9 workers of 9 for evacuation
[2026-05-06T01:32:35.049+0100][25.603s][info][gc,phases      ] GC(905)   Pre Evacuate Collection Set: 0.1ms
[2026-05-06T01:32:35.049+0100][25.603s][info][gc,phases      ] GC(905)   Merge Heap Roots: 0.0ms
[2026-05-06T01:32:35.049+0100][25.603s][info][gc,phases      ] GC(905)   Evacuate Collection Set: 0.1ms
[2026-05-06T01:32:35.049+0100][25.603s][info][gc,phases      ] GC(905)   Post Evacuate Collection Set: 0.1ms
[2026-05-06T01:32:35.049+0100][25.603s][info][gc,phases      ] GC(905)   Other: 0.0ms
[2026-05-06T01:32:35.049+0100][25.603s][info][gc,heap        ] GC(905) Eden regions: 5->0(215)
[2026-05-06T01:32:35.049+0100][25.603s][info][gc,heap        ] GC(905) Survivor regions: 1->1(27)
[2026-05-06T01:32:35.049+0100][25.603s][info][gc,heap        ] GC(905) Old regions: 12->12
[2026-05-06T01:32:35.049+0100][25.603s][info][gc,heap        ] GC(905) Humongous regions: 169->96
[2026-05-06T01:32:35.049+0100][25.603s][info][gc,metaspace   ] GC(905) Metaspace: 19204K(19584K)->19204K(19584K) NonClass: 16962K(17216K)->16962K(17216K) Class: 2241K(2368K)->2241K(2368K)
[2026-05-06T01:32:35.049+0100][25.603s][info][gc             ] GC(905) Pause Young (Concurrent Start) (G1 Humongous Allocation) 357M->203M(720M) 0.446ms
[2026-05-06T01:32:35.049+0100][25.603s][info][gc,cpu         ] GC(905) User=0.00s Sys=0.00s Real=0.00s
[2026-05-06T01:32:35.049+0100][25.603s][info][gc             ] GC(906) Concurrent Undo Cycle
[2026-05-06T01:32:35.049+0100][25.603s][info][gc,marking     ] GC(906) Concurrent Clear Claimed Marks
[2026-05-06T01:32:35.049+0100][25.603s][info][gc,marking     ] GC(906) Concurrent Clear Claimed Marks 0.006ms
[2026-05-06T01:32:35.049+0100][25.603s][info][gc,marking     ] GC(906) Concurrent Cleanup for Next Mark
[2026-05-06T01:32:35.049+0100][25.603s][info][gc,marking     ] GC(906) Concurrent Cleanup for Next Mark 0.024ms
[2026-05-06T01:32:35.049+0100][25.603s][info][gc             ] GC(906) Concurrent Undo Cycle 0.055ms
[2026-05-06T01:32:35.074+0100][25.627s][info][gc,start       ] GC(907) Pause Young (Concurrent Start) (G1 Humongous Allocation)
[2026-05-06T01:32:35.074+0100][25.627s][info][gc,task        ] GC(907) Using 9 workers of 9 for evacuation
[2026-05-06T01:32:35.074+0100][25.628s][info][gc,phases      ] GC(907)   Pre Evacuate Collection Set: 0.1ms
[2026-05-06T01:32:35.074+0100][25.628s][info][gc,phases      ] GC(907)   Merge Heap Roots: 0.0ms
[2026-05-06T01:32:35.074+0100][25.628s][info][gc,phases      ] GC(907)   Evacuate Collection Set: 0.1ms
[2026-05-06T01:32:35.074+0100][25.628s][info][gc,phases      ] GC(907)   Post Evacuate Collection Set: 0.1ms
[2026-05-06T01:32:35.074+0100][25.628s][info][gc,phases      ] GC(907)   Other: 0.0ms
[2026-05-06T01:32:35.074+0100][25.628s][info][gc,heap        ] GC(907) Eden regions: 4->0(215)
[2026-05-06T01:32:35.074+0100][25.628s][info][gc,heap        ] GC(907) Survivor regions: 1->1(27)
[2026-05-06T01:32:35.074+0100][25.628s][info][gc,heap        ] GC(907) Old regions: 12->12
[2026-05-06T01:32:35.074+0100][25.628s][info][gc,heap        ] GC(907) Humongous regions: 169->96
[2026-05-06T01:32:35.074+0100][25.628s][info][gc,metaspace   ] GC(907) Metaspace: 19204K(19584K)->19204K(19584K) NonClass: 16962K(17216K)->16962K(17216K) Class: 2241K(2368K)->2241K(2368K)
[2026-05-06T01:32:35.074+0100][25.628s][info][gc             ] GC(907) Pause Young (Concurrent Start) (G1 Humongous Allocation) 356M->203M(720M) 0.433ms
[2026-05-06T01:32:35.074+0100][25.628s][info][gc,cpu         ] GC(907) User=0.00s Sys=0.01s Real=0.00s
[2026-05-06T01:32:35.074+0100][25.628s][info][gc             ] GC(908) Concurrent Undo Cycle
[2026-05-06T01:32:35.074+0100][25.628s][info][gc,marking     ] GC(908) Concurrent Clear Claimed Marks
[2026-05-06T01:32:35.074+0100][25.628s][info][gc,marking     ] GC(908) Concurrent Clear Claimed Marks 0.006ms
[2026-05-06T01:32:35.074+0100][25.628s][info][gc,marking     ] GC(908) Concurrent Cleanup for Next Mark
[2026-05-06T01:32:35.074+0100][25.628s][info][gc,marking     ] GC(908) Concurrent Cleanup for Next Mark 0.027ms
[2026-05-06T01:32:35.074+0100][25.628s][info][gc             ] GC(908) Concurrent Undo Cycle 0.053ms
[2026-05-06T01:32:35.098+0100][25.652s][info][gc,start       ] GC(909) Pause Young (Concurrent Start) (G1 Humongous Allocation)
[2026-05-06T01:32:35.098+0100][25.652s][info][gc,task        ] GC(909) Using 9 workers of 9 for evacuation
[2026-05-06T01:32:35.099+0100][25.652s][info][gc,phases      ] GC(909)   Pre Evacuate Collection Set: 0.1ms
[2026-05-06T01:32:35.099+0100][25.652s][info][gc,phases      ] GC(909)   Merge Heap Roots: 0.0ms
[2026-05-06T01:32:35.099+0100][25.652s][info][gc,phases      ] GC(909)   Evacuate Collection Set: 0.1ms
[2026-05-06T01:32:35.099+0100][25.652s][info][gc,phases      ] GC(909)   Post Evacuate Collection Set: 0.1ms
[2026-05-06T01:32:35.099+0100][25.652s][info][gc,phases      ] GC(909)   Other: 0.0ms
[2026-05-06T01:32:35.099+0100][25.652s][info][gc,heap        ] GC(909) Eden regions: 5->0(215)
[2026-05-06T01:32:35.099+0100][25.652s][info][gc,heap        ] GC(909) Survivor regions: 1->1(27)
[2026-05-06T01:32:35.099+0100][25.652s][info][gc,heap        ] GC(909) Old regions: 12->12
[2026-05-06T01:32:35.099+0100][25.652s][info][gc,heap        ] GC(909) Humongous regions: 169->96
[2026-05-06T01:32:35.099+0100][25.652s][info][gc,metaspace   ] GC(909) Metaspace: 19204K(19584K)->19204K(19584K) NonClass: 16962K(17216K)->16962K(17216K) Class: 2241K(2368K)->2241K(2368K)
[2026-05-06T01:32:35.099+0100][25.652s][info][gc             ] GC(909) Pause Young (Concurrent Start) (G1 Humongous Allocation) 357M->203M(720M) 0.431ms
[2026-05-06T01:32:35.099+0100][25.652s][info][gc,cpu         ] GC(909) User=0.00s Sys=0.00s Real=0.00s
[2026-05-06T01:32:35.099+0100][25.652s][info][gc             ] GC(910) Concurrent Undo Cycle
[2026-05-06T01:32:35.099+0100][25.652s][info][gc,marking     ] GC(910) Concurrent Clear Claimed Marks
[2026-05-06T01:32:35.099+0100][25.652s][info][gc,marking     ] GC(910) Concurrent Clear Claimed Marks 0.007ms
[2026-05-06T01:32:35.099+0100][25.652s][info][gc,marking     ] GC(910) Concurrent Cleanup for Next Mark
[2026-05-06T01:32:35.099+0100][25.652s][info][gc,marking     ] GC(910) Concurrent Cleanup for Next Mark 0.038ms
[2026-05-06T01:32:35.099+0100][25.652s][info][gc             ] GC(910) Concurrent Undo Cycle 0.069ms
[2026-05-06T01:32:35.123+0100][25.677s][info][gc,start       ] GC(911) Pause Young (Concurrent Start) (G1 Humongous Allocation)
[2026-05-06T01:32:35.123+0100][25.677s][info][gc,task        ] GC(911) Using 9 workers of 9 for evacuation
[2026-05-06T01:32:35.124+0100][25.677s][info][gc,phases      ] GC(911)   Pre Evacuate Collection Set: 0.1ms
[2026-05-06T01:32:35.124+0100][25.677s][info][gc,phases      ] GC(911)   Merge Heap Roots: 0.0ms
[2026-05-06T01:32:35.124+0100][25.677s][info][gc,phases      ] GC(911)   Evacuate Collection Set: 0.1ms
[2026-05-06T01:32:35.124+0100][25.677s][info][gc,phases      ] GC(911)   Post Evacuate Collection Set: 0.1ms
[2026-05-06T01:32:35.124+0100][25.677s][info][gc,phases      ] GC(911)   Other: 0.0ms
[2026-05-06T01:32:35.124+0100][25.677s][info][gc,heap        ] GC(911) Eden regions: 5->0(215)
[2026-05-06T01:32:35.124+0100][25.677s][info][gc,heap        ] GC(911) Survivor regions: 1->1(27)
[2026-05-06T01:32:35.124+0100][25.677s][info][gc,heap        ] GC(911) Old regions: 12->12
[2026-05-06T01:32:35.124+0100][25.677s][info][gc,heap        ] GC(911) Humongous regions: 169->96
[2026-05-06T01:32:35.124+0100][25.677s][info][gc,metaspace   ] GC(911) Metaspace: 19204K(19584K)->19204K(19584K) NonClass: 16962K(17216K)->16962K(17216K) Class: 2241K(2368K)->2241K(2368K)
[2026-05-06T01:32:35.124+0100][25.677s][info][gc             ] GC(911) Pause Young (Concurrent Start) (G1 Humongous Allocation) 357M->203M(720M) 0.448ms
[2026-05-06T01:32:35.124+0100][25.677s][info][gc,cpu         ] GC(911) User=0.00s Sys=0.00s Real=0.00s
[2026-05-06T01:32:35.124+0100][25.677s][info][gc             ] GC(912) Concurrent Undo Cycle
[2026-05-06T01:32:35.124+0100][25.677s][info][gc,marking     ] GC(912) Concurrent Clear Claimed Marks
[2026-05-06T01:32:35.124+0100][25.677s][info][gc,marking     ] GC(912) Concurrent Clear Claimed Marks 0.007ms
[2026-05-06T01:32:35.124+0100][25.678s][info][gc,marking     ] GC(912) Concurrent Cleanup for Next Mark
[2026-05-06T01:32:35.124+0100][25.678s][info][gc,marking     ] GC(912) Concurrent Cleanup for Next Mark 0.036ms
[2026-05-06T01:32:35.124+0100][25.678s][info][gc             ] GC(912) Concurrent Undo Cycle 0.067ms
[2026-05-06T01:32:35.149+0100][25.703s][info][gc,start       ] GC(913) Pause Young (Concurrent Start) (G1 Humongous Allocation)
[2026-05-06T01:32:35.149+0100][25.703s][info][gc,task        ] GC(913) Using 9 workers of 9 for evacuation
[2026-05-06T01:32:35.150+0100][25.703s][info][gc,phases      ] GC(913)   Pre Evacuate Collection Set: 0.1ms
[2026-05-06T01:32:35.150+0100][25.703s][info][gc,phases      ] GC(913)   Merge Heap Roots: 0.0ms
[2026-05-06T01:32:35.150+0100][25.703s][info][gc,phases      ] GC(913)   Evacuate Collection Set: 0.1ms
[2026-05-06T01:32:35.150+0100][25.703s][info][gc,phases      ] GC(913)   Post Evacuate Collection Set: 0.1ms
[2026-05-06T01:32:35.150+0100][25.703s][info][gc,phases      ] GC(913)   Other: 0.0ms
[2026-05-06T01:32:35.150+0100][25.703s][info][gc,heap        ] GC(913) Eden regions: 4->0(215)
[2026-05-06T01:32:35.150+0100][25.703s][info][gc,heap        ] GC(913) Survivor regions: 1->1(27)
[2026-05-06T01:32:35.150+0100][25.703s][info][gc,heap        ] GC(913) Old regions: 12->12
[2026-05-06T01:32:35.150+0100][25.703s][info][gc,heap        ] GC(913) Humongous regions: 169->96
[2026-05-06T01:32:35.150+0100][25.703s][info][gc,metaspace   ] GC(913) Metaspace: 19204K(19584K)->19204K(19584K) NonClass: 16962K(17216K)->16962K(17216K) Class: 2241K(2368K)->2241K(2368K)
[2026-05-06T01:32:35.150+0100][25.703s][info][gc             ] GC(913) Pause Young (Concurrent Start) (G1 Humongous Allocation) 356M->203M(720M) 0.487ms
[2026-05-06T01:32:35.150+0100][25.703s][info][gc,cpu         ] GC(913) User=0.00s Sys=0.00s Real=0.01s
[2026-05-06T01:32:35.150+0100][25.703s][info][gc             ] GC(914) Concurrent Undo Cycle
[2026-05-06T01:32:35.150+0100][25.703s][info][gc,marking     ] GC(914) Concurrent Clear Claimed Marks
[2026-05-06T01:32:35.150+0100][25.703s][info][gc,marking     ] GC(914) Concurrent Clear Claimed Marks 0.006ms
[2026-05-06T01:32:35.150+0100][25.703s][info][gc,marking     ] GC(914) Concurrent Cleanup for Next Mark
[2026-05-06T01:32:35.150+0100][25.703s][info][gc,marking     ] GC(914) Concurrent Cleanup for Next Mark 0.038ms
[2026-05-06T01:32:35.150+0100][25.703s][info][gc             ] GC(914) Concurrent Undo Cycle 0.067ms
[2026-05-06T01:32:35.174+0100][25.727s][info][gc,start       ] GC(915) Pause Young (Concurrent Start) (G1 Humongous Allocation)
[2026-05-06T01:32:35.174+0100][25.727s][info][gc,task        ] GC(915) Using 9 workers of 9 for evacuation
[2026-05-06T01:32:35.174+0100][25.728s][info][gc,phases      ] GC(915)   Pre Evacuate Collection Set: 0.1ms
[2026-05-06T01:32:35.174+0100][25.728s][info][gc,phases      ] GC(915)   Merge Heap Roots: 0.0ms
[2026-05-06T01:32:35.174+0100][25.728s][info][gc,phases      ] GC(915)   Evacuate Collection Set: 0.1ms
[2026-05-06T01:32:35.174+0100][25.728s][info][gc,phases      ] GC(915)   Post Evacuate Collection Set: 0.1ms
[2026-05-06T01:32:35.174+0100][25.728s][info][gc,phases      ] GC(915)   Other: 0.0ms
[2026-05-06T01:32:35.174+0100][25.728s][info][gc,heap        ] GC(915) Eden regions: 5->0(215)
[2026-05-06T01:32:35.174+0100][25.728s][info][gc,heap        ] GC(915) Survivor regions: 1->1(27)
[2026-05-06T01:32:35.174+0100][25.728s][info][gc,heap        ] GC(915) Old regions: 12->12
[2026-05-06T01:32:35.174+0100][25.728s][info][gc,heap        ] GC(915) Humongous regions: 169->96
[2026-05-06T01:32:35.174+0100][25.728s][info][gc,metaspace   ] GC(915) Metaspace: 19204K(19584K)->19204K(19584K) NonClass: 16962K(17216K)->16962K(17216K) Class: 2241K(2368K)->2241K(2368K)
[2026-05-06T01:32:35.174+0100][25.728s][info][gc             ] GC(915) Pause Young (Concurrent Start) (G1 Humongous Allocation) 357M->203M(720M) 0.440ms
[2026-05-06T01:32:35.174+0100][25.728s][info][gc,cpu         ] GC(915) User=0.00s Sys=0.00s Real=0.00s
[2026-05-06T01:32:35.174+0100][25.728s][info][gc             ] GC(916) Concurrent Undo Cycle
[2026-05-06T01:32:35.174+0100][25.728s][info][gc,marking     ] GC(916) Concurrent Clear Claimed Marks
[2026-05-06T01:32:35.174+0100][25.728s][info][gc,marking     ] GC(916) Concurrent Clear Claimed Marks 0.017ms
[2026-05-06T01:32:35.174+0100][25.728s][info][gc,marking     ] GC(916) Concurrent Cleanup for Next Mark
[2026-05-06T01:32:35.174+0100][25.728s][info][gc,marking     ] GC(916) Concurrent Cleanup for Next Mark 0.036ms
[2026-05-06T01:32:35.174+0100][25.728s][info][gc             ] GC(916) Concurrent Undo Cycle 0.074ms
[2026-05-06T01:32:35.199+0100][25.752s][info][gc,start       ] GC(917) Pause Young (Concurrent Start) (G1 Humongous Allocation)
[2026-05-06T01:32:35.199+0100][25.752s][info][gc,task        ] GC(917) Using 9 workers of 9 for evacuation
[2026-05-06T01:32:35.199+0100][25.753s][info][gc,phases      ] GC(917)   Pre Evacuate Collection Set: 0.1ms
[2026-05-06T01:32:35.199+0100][25.753s][info][gc,phases      ] GC(917)   Merge Heap Roots: 0.0ms
[2026-05-06T01:32:35.199+0100][25.753s][info][gc,phases      ] GC(917)   Evacuate Collection Set: 0.1ms
[2026-05-06T01:32:35.199+0100][25.753s][info][gc,phases      ] GC(917)   Post Evacuate Collection Set: 0.1ms
[2026-05-06T01:32:35.199+0100][25.753s][info][gc,phases      ] GC(917)   Other: 0.0ms
[2026-05-06T01:32:35.199+0100][25.753s][info][gc,heap        ] GC(917) Eden regions: 4->0(215)
[2026-05-06T01:32:35.199+0100][25.753s][info][gc,heap        ] GC(917) Survivor regions: 1->1(27)
[2026-05-06T01:32:35.199+0100][25.753s][info][gc,heap        ] GC(917) Old regions: 12->12
[2026-05-06T01:32:35.199+0100][25.753s][info][gc,heap        ] GC(917) Humongous regions: 169->96
[2026-05-06T01:32:35.199+0100][25.753s][info][gc,metaspace   ] GC(917) Metaspace: 19204K(19584K)->19204K(19584K) NonClass: 16962K(17216K)->16962K(17216K) Class: 2241K(2368K)->2241K(2368K)
[2026-05-06T01:32:35.199+0100][25.753s][info][gc             ] GC(917) Pause Young (Concurrent Start) (G1 Humongous Allocation) 356M->203M(720M) 0.453ms
[2026-05-06T01:32:35.199+0100][25.753s][info][gc,cpu         ] GC(917) User=0.00s Sys=0.00s Real=0.00s
[2026-05-06T01:32:35.199+0100][25.753s][info][gc             ] GC(918) Concurrent Undo Cycle
[2026-05-06T01:32:35.199+0100][25.753s][info][gc,marking     ] GC(918) Concurrent Clear Claimed Marks
[2026-05-06T01:32:35.199+0100][25.753s][info][gc,marking     ] GC(918) Concurrent Clear Claimed Marks 0.006ms
[2026-05-06T01:32:35.199+0100][25.753s][info][gc,marking     ] GC(918) Concurrent Cleanup for Next Mark
[2026-05-06T01:32:35.199+0100][25.753s][info][gc,marking     ] GC(918) Concurrent Cleanup for Next Mark 0.034ms
[2026-05-06T01:32:35.199+0100][25.753s][info][gc             ] GC(918) Concurrent Undo Cycle 0.059ms
[2026-05-06T01:32:35.239+0100][25.793s][info][gc,start       ] GC(919) Pause Young (Concurrent Start) (G1 Humongous Allocation)
[2026-05-06T01:32:35.239+0100][25.793s][info][gc,task        ] GC(919) Using 9 workers of 9 for evacuation
[2026-05-06T01:32:35.240+0100][25.794s][info][gc,phases      ] GC(919)   Pre Evacuate Collection Set: 0.1ms
[2026-05-06T01:32:35.240+0100][25.794s][info][gc,phases      ] GC(919)   Merge Heap Roots: 0.0ms
[2026-05-06T01:32:35.240+0100][25.794s][info][gc,phases      ] GC(919)   Evacuate Collection Set: 0.3ms
[2026-05-06T01:32:35.240+0100][25.794s][info][gc,phases      ] GC(919)   Post Evacuate Collection Set: 0.2ms
[2026-05-06T01:32:35.240+0100][25.794s][info][gc,phases      ] GC(919)   Other: 0.0ms
[2026-05-06T01:32:35.240+0100][25.794s][info][gc,heap        ] GC(919) Eden regions: 5->0(215)
[2026-05-06T01:32:35.240+0100][25.794s][info][gc,heap        ] GC(919) Survivor regions: 1->1(27)
[2026-05-06T01:32:35.240+0100][25.794s][info][gc,heap        ] GC(919) Old regions: 12->12
[2026-05-06T01:32:35.240+0100][25.794s][info][gc,heap        ] GC(919) Humongous regions: 169->96
[2026-05-06T01:32:35.240+0100][25.794s][info][gc,metaspace   ] GC(919) Metaspace: 20177K(20608K)->20177K(20608K) NonClass: 17811K(18048K)->17811K(18048K) Class: 2365K(2560K)->2365K(2560K)
[2026-05-06T01:32:35.240+0100][25.794s][info][gc             ] GC(919) Pause Young (Concurrent Start) (G1 Humongous Allocation) 359M->203M(720M) 0.693ms
[2026-05-06T01:32:35.240+0100][25.794s][info][gc,cpu         ] GC(919) User=0.00s Sys=0.00s Real=0.01s
[2026-05-06T01:32:35.240+0100][25.794s][info][gc             ] GC(920) Concurrent Undo Cycle
[2026-05-06T01:32:35.240+0100][25.794s][info][gc,marking     ] GC(920) Concurrent Clear Claimed Marks
[2026-05-06T01:32:35.240+0100][25.794s][info][gc,marking     ] GC(920) Concurrent Clear Claimed Marks 0.009ms
[2026-05-06T01:32:35.240+0100][25.794s][info][gc,marking     ] GC(920) Concurrent Cleanup for Next Mark
[2026-05-06T01:32:35.240+0100][25.794s][info][gc,marking     ] GC(920) Concurrent Cleanup for Next Mark 0.035ms
[2026-05-06T01:32:35.240+0100][25.794s][info][gc             ] GC(920) Concurrent Undo Cycle 0.082ms
[2026-05-06T01:32:36.033+0100][26.586s][info][gc,heap,exit   ] Heap
[2026-05-06T01:32:36.033+0100][26.586s][info][gc,heap,exit   ]  garbage-first heap   total 737280K, used 342869K [0x0000000300800000, 0x0000000400800000)
[2026-05-06T01:32:36.033+0100][26.586s][info][gc,heap,exit   ]   region size 2048K, 50 young (102400K), 1 survivors (2048K)
[2026-05-06T01:32:36.033+0100][26.586s][info][gc,heap,exit   ]  Metaspace       used 23987K, committed 24448K, reserved 1114112K
[2026-05-06T01:32:36.033+0100][26.586s][info][gc,heap,exit   ]   class space    used 2711K, committed 2944K, reserved 1048576K
