[2026-05-06T01:03:23.717+0100][0.004s][info][gc,init] CardTable entry size: 512
[2026-05-06T01:03:23.717+0100][0.004s][info][gc     ] Using G1
[2026-05-06T01:03:23.717+0100][0.004s][info][gc,init] Version: 21.0.6+7-LTS (release)
[2026-05-06T01:03:23.717+0100][0.004s][info][gc,init] CPUs: 11 total, 11 available
[2026-05-06T01:03:23.717+0100][0.004s][info][gc,init] Memory: 18432M
[2026-05-06T01:03:23.717+0100][0.004s][info][gc,init] Large Page Support: Disabled
[2026-05-06T01:03:23.717+0100][0.004s][info][gc,init] NUMA Support: Disabled
[2026-05-06T01:03:23.717+0100][0.004s][info][gc,init] Compressed Oops: Enabled (Zero based)
[2026-05-06T01:03:23.717+0100][0.004s][info][gc,init] Heap Region Size: 2M
[2026-05-06T01:03:23.717+0100][0.004s][info][gc,init] Heap Min Capacity: 8M
[2026-05-06T01:03:23.717+0100][0.004s][info][gc,init] Heap Initial Capacity: 288M
[2026-05-06T01:03:23.717+0100][0.004s][info][gc,init] Heap Max Capacity: 4G
[2026-05-06T01:03:23.717+0100][0.004s][info][gc,init] Pre-touch: Disabled
[2026-05-06T01:03:23.717+0100][0.004s][info][gc,init] Parallel Workers: 9
[2026-05-06T01:03:23.717+0100][0.004s][info][gc,init] Concurrent Workers: 2
[2026-05-06T01:03:23.717+0100][0.004s][info][gc,init] Concurrent Refinement Workers: 9
[2026-05-06T01:03:23.717+0100][0.004s][info][gc,init] Periodic GC: Disabled
[2026-05-06T01:03:23.720+0100][0.007s][info][gc,metaspace] CDS archive(s) mapped at: [0x0000007000000000-0x0000007000c90000-0x0000007000c90000), size 13172736, SharedBaseAddress: 0x0000007000000000, ArchiveRelocationMode: 1.
[2026-05-06T01:03:23.720+0100][0.007s][info][gc,metaspace] Compressed class space mapped at: 0x0000007001000000-0x0000007041000000, reserved size: 1073741824
[2026-05-06T01:03:23.720+0100][0.007s][info][gc,metaspace] Narrow klass base: 0x0000007000000000, Narrow klass shift: 0, Narrow klass range: 0x100000000
[2026-05-06T01:03:24.089+0100][0.375s][info][gc,start    ] GC(0) Pause Young (Normal) (G1 Evacuation Pause)
[2026-05-06T01:03:24.089+0100][0.375s][info][gc,task     ] GC(0) Using 6 workers of 9 for evacuation
[2026-05-06T01:03:24.090+0100][0.376s][info][gc,phases   ] GC(0)   Pre Evacuate Collection Set: 0.1ms
[2026-05-06T01:03:24.090+0100][0.376s][info][gc,phases   ] GC(0)   Merge Heap Roots: 0.0ms
[2026-05-06T01:03:24.090+0100][0.376s][info][gc,phases   ] GC(0)   Evacuate Collection Set: 0.7ms
[2026-05-06T01:03:24.090+0100][0.376s][info][gc,phases   ] GC(0)   Post Evacuate Collection Set: 0.1ms
[2026-05-06T01:03:24.090+0100][0.376s][info][gc,phases   ] GC(0)   Other: 0.2ms
[2026-05-06T01:03:24.090+0100][0.376s][info][gc,heap     ] GC(0) Eden regions: 11->0(27)
[2026-05-06T01:03:24.090+0100][0.376s][info][gc,heap     ] GC(0) Survivor regions: 0->2(2)
[2026-05-06T01:03:24.090+0100][0.376s][info][gc,heap     ] GC(0) Old regions: 1->1
[2026-05-06T01:03:24.090+0100][0.376s][info][gc,heap     ] GC(0) Humongous regions: 0->0
[2026-05-06T01:03:24.090+0100][0.376s][info][gc,metaspace] GC(0) Metaspace: 5641K(5888K)->5641K(5888K) NonClass: 4983K(5120K)->4983K(5120K) Class: 658K(768K)->658K(768K)
[2026-05-06T01:03:24.090+0100][0.376s][info][gc          ] GC(0) Pause Young (Normal) (G1 Evacuation Pause) 23M->4M(290M) 1.221ms
[2026-05-06T01:03:24.090+0100][0.376s][info][gc,cpu      ] GC(0) User=0.00s Sys=0.00s Real=0.01s
[2026-05-06T01:03:24.392+0100][0.679s][info][gc,start    ] GC(1) Pause Young (Normal) (G1 Evacuation Pause)
[2026-05-06T01:03:24.392+0100][0.679s][info][gc,task     ] GC(1) Using 6 workers of 9 for evacuation
[2026-05-06T01:03:24.394+0100][0.681s][info][gc,phases   ] GC(1)   Pre Evacuate Collection Set: 0.0ms
[2026-05-06T01:03:24.395+0100][0.681s][info][gc,phases   ] GC(1)   Merge Heap Roots: 0.0ms
[2026-05-06T01:03:24.395+0100][0.681s][info][gc,phases   ] GC(1)   Evacuate Collection Set: 1.8ms
[2026-05-06T01:03:24.395+0100][0.681s][info][gc,phases   ] GC(1)   Post Evacuate Collection Set: 0.3ms
[2026-05-06T01:03:24.395+0100][0.681s][info][gc,phases   ] GC(1)   Other: 0.0ms
[2026-05-06T01:03:24.395+0100][0.681s][info][gc,heap     ] GC(1) Eden regions: 27->0(82)
[2026-05-06T01:03:24.395+0100][0.681s][info][gc,heap     ] GC(1) Survivor regions: 2->4(4)
[2026-05-06T01:03:24.395+0100][0.681s][info][gc,heap     ] GC(1) Old regions: 1->1
[2026-05-06T01:03:24.395+0100][0.681s][info][gc,heap     ] GC(1) Humongous regions: 0->0
[2026-05-06T01:03:24.395+0100][0.681s][info][gc,metaspace] GC(1) Metaspace: 14852K(15104K)->14852K(15104K) NonClass: 13050K(13184K)->13050K(13184K) Class: 1801K(1920K)->1801K(1920K)
[2026-05-06T01:03:24.395+0100][0.681s][info][gc          ] GC(1) Pause Young (Normal) (G1 Evacuation Pause) 58M->8M(290M) 2.381ms
[2026-05-06T01:03:24.395+0100][0.681s][info][gc,cpu      ] GC(1) User=0.01s Sys=0.00s Real=0.00s
[2026-05-06T01:03:24.670+0100][0.956s][info][gc,start    ] GC(2) Pause Young (Normal) (G1 Evacuation Pause)
[2026-05-06T01:03:24.670+0100][0.956s][info][gc,task     ] GC(2) Using 6 workers of 9 for evacuation
[2026-05-06T01:03:24.672+0100][0.959s][info][gc,phases   ] GC(2)   Pre Evacuate Collection Set: 0.1ms
[2026-05-06T01:03:24.672+0100][0.959s][info][gc,phases   ] GC(2)   Merge Heap Roots: 0.0ms
[2026-05-06T01:03:24.672+0100][0.959s][info][gc,phases   ] GC(2)   Evacuate Collection Set: 1.9ms
[2026-05-06T01:03:24.672+0100][0.959s][info][gc,phases   ] GC(2)   Post Evacuate Collection Set: 0.3ms
[2026-05-06T01:03:24.672+0100][0.959s][info][gc,phases   ] GC(2)   Other: 0.0ms
[2026-05-06T01:03:24.672+0100][0.959s][info][gc,heap     ] GC(2) Eden regions: 82->0(80)
[2026-05-06T01:03:24.672+0100][0.959s][info][gc,heap     ] GC(2) Survivor regions: 4->6(11)
[2026-05-06T01:03:24.672+0100][0.959s][info][gc,heap     ] GC(2) Old regions: 1->1
[2026-05-06T01:03:24.672+0100][0.959s][info][gc,heap     ] GC(2) Humongous regions: 40->37
[2026-05-06T01:03:24.672+0100][0.959s][info][gc,metaspace] GC(2) Metaspace: 17794K(18240K)->17794K(18240K) NonClass: 15685K(15936K)->15685K(15936K) Class: 2109K(2304K)->2109K(2304K)
[2026-05-06T01:03:24.672+0100][0.959s][info][gc          ] GC(2) Pause Young (Normal) (G1 Evacuation Pause) 252M->86M(290M) 2.503ms
[2026-05-06T01:03:24.672+0100][0.959s][info][gc,cpu      ] GC(2) User=0.01s Sys=0.00s Real=0.00s
[2026-05-06T01:03:24.792+0100][1.079s][info][gc,start    ] GC(3) Pause Young (Normal) (G1 Evacuation Pause)
[2026-05-06T01:03:24.792+0100][1.079s][info][gc,task     ] GC(3) Using 6 workers of 9 for evacuation
[2026-05-06T01:03:24.794+0100][1.081s][info][gc,phases   ] GC(3)   Pre Evacuate Collection Set: 0.1ms
[2026-05-06T01:03:24.794+0100][1.081s][info][gc,phases   ] GC(3)   Merge Heap Roots: 0.0ms
[2026-05-06T01:03:24.794+0100][1.081s][info][gc,phases   ] GC(3)   Evacuate Collection Set: 1.7ms
[2026-05-06T01:03:24.794+0100][1.081s][info][gc,phases   ] GC(3)   Post Evacuate Collection Set: 0.3ms
[2026-05-06T01:03:24.794+0100][1.081s][info][gc,phases   ] GC(3)   Other: 0.0ms
[2026-05-06T01:03:24.794+0100][1.081s][info][gc,heap     ] GC(3) Eden regions: 80->0(80)
[2026-05-06T01:03:24.794+0100][1.081s][info][gc,heap     ] GC(3) Survivor regions: 6->6(11)
[2026-05-06T01:03:24.794+0100][1.081s][info][gc,heap     ] GC(3) Old regions: 1->1
[2026-05-06T01:03:24.794+0100][1.081s][info][gc,heap     ] GC(3) Humongous regions: 37->37
[2026-05-06T01:03:24.794+0100][1.081s][info][gc,metaspace] GC(3) Metaspace: 17796K(18240K)->17796K(18240K) NonClass: 15687K(15936K)->15687K(15936K) Class: 2109K(2304K)->2109K(2304K)
[2026-05-06T01:03:24.794+0100][1.081s][info][gc          ] GC(3) Pause Young (Normal) (G1 Evacuation Pause) 246M->86M(290M) 2.256ms
[2026-05-06T01:03:24.794+0100][1.081s][info][gc,cpu      ] GC(3) User=0.01s Sys=0.00s Real=0.00s
[2026-05-06T01:03:24.806+0100][1.092s][info][gc,start    ] GC(4) Pause Young (Concurrent Start) (G1 Humongous Allocation)
[2026-05-06T01:03:24.806+0100][1.092s][info][gc,task     ] GC(4) Using 6 workers of 9 for evacuation
[2026-05-06T01:03:24.808+0100][1.094s][info][gc,phases   ] GC(4)   Pre Evacuate Collection Set: 0.1ms
[2026-05-06T01:03:24.808+0100][1.094s][info][gc,phases   ] GC(4)   Merge Heap Roots: 0.0ms
[2026-05-06T01:03:24.808+0100][1.094s][info][gc,phases   ] GC(4)   Evacuate Collection Set: 1.5ms
[2026-05-06T01:03:24.808+0100][1.094s][info][gc,phases   ] GC(4)   Post Evacuate Collection Set: 0.3ms
[2026-05-06T01:03:24.808+0100][1.094s][info][gc,phases   ] GC(4)   Other: 0.0ms
[2026-05-06T01:03:24.808+0100][1.094s][info][gc,heap     ] GC(4) Eden regions: 7->0(80)
[2026-05-06T01:03:24.808+0100][1.094s][info][gc,heap     ] GC(4) Survivor regions: 6->6(11)
[2026-05-06T01:03:24.808+0100][1.095s][info][gc,heap     ] GC(4) Old regions: 1->1
[2026-05-06T01:03:24.808+0100][1.095s][info][gc,heap     ] GC(4) Humongous regions: 37->23
[2026-05-06T01:03:24.808+0100][1.095s][info][gc,metaspace] GC(4) Metaspace: 17796K(18240K)->17796K(18240K) NonClass: 15687K(15936K)->15687K(15936K) Class: 2109K(2304K)->2109K(2304K)
[2026-05-06T01:03:24.808+0100][1.095s][info][gc          ] GC(4) Pause Young (Concurrent Start) (G1 Humongous Allocation) 100M->57M(290M) 2.065ms
[2026-05-06T01:03:24.808+0100][1.095s][info][gc,cpu      ] GC(4) User=0.01s Sys=0.00s Real=0.00s
[2026-05-06T01:03:24.808+0100][1.095s][info][gc          ] GC(5) Concurrent Undo Cycle
[2026-05-06T01:03:24.808+0100][1.095s][info][gc,marking  ] GC(5) Concurrent Clear Claimed Marks
[2026-05-06T01:03:24.808+0100][1.095s][info][gc,marking  ] GC(5) Concurrent Clear Claimed Marks 0.012ms
[2026-05-06T01:03:24.808+0100][1.095s][info][gc,marking  ] GC(5) Concurrent Cleanup for Next Mark
[2026-05-06T01:03:24.808+0100][1.095s][info][gc,marking  ] GC(5) Concurrent Cleanup for Next Mark 0.013ms
[2026-05-06T01:03:24.808+0100][1.095s][info][gc          ] GC(5) Concurrent Undo Cycle 0.057ms
[2026-05-06T01:03:24.979+0100][1.266s][info][gc,start    ] GC(6) Pause Young (Concurrent Start) (G1 Humongous Allocation)
[2026-05-06T01:03:24.979+0100][1.266s][info][gc,task     ] GC(6) Using 6 workers of 9 for evacuation
[2026-05-06T01:03:24.981+0100][1.268s][info][gc,phases   ] GC(6)   Pre Evacuate Collection Set: 0.1ms
[2026-05-06T01:03:24.981+0100][1.268s][info][gc,phases   ] GC(6)   Merge Heap Roots: 0.0ms
[2026-05-06T01:03:24.981+0100][1.268s][info][gc,phases   ] GC(6)   Evacuate Collection Set: 1.6ms
[2026-05-06T01:03:24.981+0100][1.268s][info][gc,phases   ] GC(6)   Post Evacuate Collection Set: 0.3ms
[2026-05-06T01:03:24.981+0100][1.268s][info][gc,phases   ] GC(6)   Other: 0.0ms
[2026-05-06T01:03:24.981+0100][1.268s][info][gc,heap     ] GC(6) Eden regions: 55->0(47)
[2026-05-06T01:03:24.981+0100][1.268s][info][gc,heap     ] GC(6) Survivor regions: 6->6(11)
[2026-05-06T01:03:24.981+0100][1.268s][info][gc,heap     ] GC(6) Old regions: 1->1
[2026-05-06T01:03:24.981+0100][1.268s][info][gc,heap     ] GC(6) Humongous regions: 78->78
[2026-05-06T01:03:24.981+0100][1.268s][info][gc,metaspace] GC(6) Metaspace: 17796K(18240K)->17796K(18240K) NonClass: 15687K(15936K)->15687K(15936K) Class: 2109K(2304K)->2109K(2304K)
[2026-05-06T01:03:24.981+0100][1.268s][info][gc          ] GC(6) Pause Young (Concurrent Start) (G1 Humongous Allocation) 277M->167M(292M) 2.143ms
[2026-05-06T01:03:24.981+0100][1.268s][info][gc,cpu      ] GC(6) User=0.01s Sys=0.00s Real=0.01s
[2026-05-06T01:03:24.981+0100][1.268s][info][gc          ] GC(7) Concurrent Mark Cycle
[2026-05-06T01:03:24.982+0100][1.268s][info][gc,marking  ] GC(7) Concurrent Scan Root Regions
[2026-05-06T01:03:24.983+0100][1.269s][info][gc,marking  ] GC(7) Concurrent Scan Root Regions 1.433ms
[2026-05-06T01:03:24.983+0100][1.269s][info][gc,marking  ] GC(7) Concurrent Mark
[2026-05-06T01:03:24.983+0100][1.269s][info][gc,marking  ] GC(7) Concurrent Mark From Roots
[2026-05-06T01:03:24.983+0100][1.269s][info][gc,task     ] GC(7) Using 2 workers of 2 for marking
[2026-05-06T01:03:24.984+0100][1.270s][info][gc,marking  ] GC(7) Concurrent Mark From Roots 0.718ms
[2026-05-06T01:03:24.984+0100][1.270s][info][gc,marking  ] GC(7) Concurrent Preclean
[2026-05-06T01:03:24.984+0100][1.270s][info][gc,marking  ] GC(7) Concurrent Preclean 0.008ms
[2026-05-06T01:03:24.994+0100][1.280s][info][gc,start    ] GC(7) Pause Remark
[2026-05-06T01:03:24.994+0100][1.281s][info][gc          ] GC(7) Pause Remark 314M->314M(528M) 0.939ms
[2026-05-06T01:03:24.994+0100][1.281s][info][gc,cpu      ] GC(7) User=0.00s Sys=0.00s Real=0.00s
[2026-05-06T01:03:24.994+0100][1.281s][info][gc,marking  ] GC(7) Concurrent Mark 11.528ms
[2026-05-06T01:03:24.994+0100][1.281s][info][gc,marking  ] GC(7) Concurrent Rebuild Remembered Sets and Scrub Regions
[2026-05-06T01:03:24.995+0100][1.281s][info][gc,marking  ] GC(7) Concurrent Rebuild Remembered Sets and Scrub Regions 0.233ms
[2026-05-06T01:03:24.995+0100][1.281s][info][gc,start    ] GC(7) Pause Cleanup
[2026-05-06T01:03:24.995+0100][1.281s][info][gc          ] GC(7) Pause Cleanup 315M->315M(528M) 0.043ms
[2026-05-06T01:03:24.995+0100][1.281s][info][gc,cpu      ] GC(7) User=0.00s Sys=0.00s Real=0.00s
[2026-05-06T01:03:24.995+0100][1.281s][info][gc,marking  ] GC(7) Concurrent Clear Claimed Marks
[2026-05-06T01:03:24.995+0100][1.281s][info][gc,marking  ] GC(7) Concurrent Clear Claimed Marks 0.006ms
[2026-05-06T01:03:24.995+0100][1.281s][info][gc,marking  ] GC(7) Concurrent Cleanup for Next Mark
[2026-05-06T01:03:24.995+0100][1.282s][info][gc,marking  ] GC(7) Concurrent Cleanup for Next Mark 0.440ms
[2026-05-06T01:03:24.995+0100][1.282s][info][gc          ] GC(7) Concurrent Mark Cycle 13.798ms
[2026-05-06T01:03:25.123+0100][1.410s][info][gc,start    ] GC(8) Pause Young (Prepare Mixed) (G1 Evacuation Pause)
[2026-05-06T01:03:25.123+0100][1.410s][info][gc,task     ] GC(8) Using 9 workers of 9 for evacuation
[2026-05-06T01:03:25.125+0100][1.411s][info][gc,phases   ] GC(8)   Pre Evacuate Collection Set: 0.1ms
[2026-05-06T01:03:25.125+0100][1.411s][info][gc,phases   ] GC(8)   Merge Heap Roots: 0.0ms
[2026-05-06T01:03:25.125+0100][1.412s][info][gc,phases   ] GC(8)   Evacuate Collection Set: 1.4ms
[2026-05-06T01:03:25.125+0100][1.412s][info][gc,phases   ] GC(8)   Post Evacuate Collection Set: 0.3ms
[2026-05-06T01:03:25.125+0100][1.412s][info][gc,phases   ] GC(8)   Other: 0.0ms
[2026-05-06T01:03:25.125+0100][1.412s][info][gc,heap     ] GC(8) Eden regions: 47->0(88)
[2026-05-06T01:03:25.125+0100][1.412s][info][gc,heap     ] GC(8) Survivor regions: 6->3(7)
[2026-05-06T01:03:25.125+0100][1.412s][info][gc,heap     ] GC(8) Old regions: 1->5
[2026-05-06T01:03:25.125+0100][1.412s][info][gc,heap     ] GC(8) Humongous regions: 151->151
[2026-05-06T01:03:25.125+0100][1.412s][info][gc,metaspace] GC(8) Metaspace: 17796K(18240K)->17796K(18240K) NonClass: 15687K(15936K)->15687K(15936K) Class: 2109K(2304K)->2109K(2304K)
[2026-05-06T01:03:25.125+0100][1.412s][info][gc          ] GC(8) Pause Young (Prepare Mixed) (G1 Evacuation Pause) 407M->314M(528M) 1.951ms
[2026-05-06T01:03:25.125+0100][1.412s][info][gc,cpu      ] GC(8) User=0.01s Sys=0.01s Real=0.00s
[2026-05-06T01:03:25.340+0100][1.627s][info][gc,start    ] GC(9) Pause Young (Mixed) (G1 Evacuation Pause)
[2026-05-06T01:03:25.340+0100][1.627s][info][gc,task     ] GC(9) Using 9 workers of 9 for evacuation
[2026-05-06T01:03:25.342+0100][1.628s][info][gc,phases   ] GC(9)   Pre Evacuate Collection Set: 0.1ms
[2026-05-06T01:03:25.342+0100][1.628s][info][gc,phases   ] GC(9)   Merge Heap Roots: 0.0ms
[2026-05-06T01:03:25.342+0100][1.628s][info][gc,phases   ] GC(9)   Evacuate Collection Set: 0.9ms
[2026-05-06T01:03:25.342+0100][1.628s][info][gc,phases   ] GC(9)   Post Evacuate Collection Set: 0.2ms
[2026-05-06T01:03:25.342+0100][1.628s][info][gc,phases   ] GC(9)   Other: 0.0ms
[2026-05-06T01:03:25.342+0100][1.628s][info][gc,heap     ] GC(9) Eden regions: 88->0(90)
[2026-05-06T01:03:25.342+0100][1.628s][info][gc,heap     ] GC(9) Survivor regions: 3->2(12)
[2026-05-06T01:03:25.342+0100][1.628s][info][gc,heap     ] GC(9) Old regions: 5->5
[2026-05-06T01:03:25.342+0100][1.628s][info][gc,heap     ] GC(9) Humongous regions: 151->151
[2026-05-06T01:03:25.342+0100][1.628s][info][gc,metaspace] GC(9) Metaspace: 17796K(18240K)->17796K(18240K) NonClass: 15687K(15936K)->15687K(15936K) Class: 2109K(2304K)->2109K(2304K)
[2026-05-06T01:03:25.342+0100][1.628s][info][gc          ] GC(9) Pause Young (Mixed) (G1 Evacuation Pause) 490M->314M(528M) 1.337ms
[2026-05-06T01:03:25.342+0100][1.628s][info][gc,cpu      ] GC(9) User=0.00s Sys=0.00s Real=0.00s
[2026-05-06T01:03:25.562+0100][1.849s][info][gc,start    ] GC(10) Pause Young (Concurrent Start) (G1 Evacuation Pause)
[2026-05-06T01:03:25.562+0100][1.849s][info][gc,task     ] GC(10) Using 9 workers of 9 for evacuation
[2026-05-06T01:03:25.563+0100][1.850s][info][gc,phases   ] GC(10)   Pre Evacuate Collection Set: 0.1ms
[2026-05-06T01:03:25.563+0100][1.850s][info][gc,phases   ] GC(10)   Merge Heap Roots: 0.0ms
[2026-05-06T01:03:25.563+0100][1.850s][info][gc,phases   ] GC(10)   Evacuate Collection Set: 0.4ms
[2026-05-06T01:03:25.563+0100][1.850s][info][gc,phases   ] GC(10)   Post Evacuate Collection Set: 0.2ms
[2026-05-06T01:03:25.563+0100][1.850s][info][gc,phases   ] GC(10)   Other: 0.0ms
[2026-05-06T01:03:25.563+0100][1.850s][info][gc,heap     ] GC(10) Eden regions: 90->0(90)
[2026-05-06T01:03:25.563+0100][1.850s][info][gc,heap     ] GC(10) Survivor regions: 2->2(12)
[2026-05-06T01:03:25.563+0100][1.850s][info][gc,heap     ] GC(10) Old regions: 5->5
[2026-05-06T01:03:25.563+0100][1.850s][info][gc,heap     ] GC(10) Humongous regions: 151->151
[2026-05-06T01:03:25.563+0100][1.850s][info][gc,metaspace] GC(10) Metaspace: 17796K(18240K)->17796K(18240K) NonClass: 15687K(15936K)->15687K(15936K) Class: 2109K(2304K)->2109K(2304K)
[2026-05-06T01:03:25.563+0100][1.850s][info][gc          ] GC(10) Pause Young (Concurrent Start) (G1 Evacuation Pause) 494M->314M(528M) 0.963ms
[2026-05-06T01:03:25.563+0100][1.850s][info][gc,cpu      ] GC(10) User=0.00s Sys=0.00s Real=0.00s
[2026-05-06T01:03:25.563+0100][1.850s][info][gc          ] GC(11) Concurrent Mark Cycle
[2026-05-06T01:03:25.563+0100][1.850s][info][gc,marking  ] GC(11) Concurrent Scan Root Regions
[2026-05-06T01:03:25.564+0100][1.850s][info][gc,marking  ] GC(11) Concurrent Scan Root Regions 0.453ms
[2026-05-06T01:03:25.564+0100][1.850s][info][gc,marking  ] GC(11) Concurrent Mark
[2026-05-06T01:03:25.564+0100][1.850s][info][gc,marking  ] GC(11) Concurrent Mark From Roots
[2026-05-06T01:03:25.564+0100][1.850s][info][gc,task     ] GC(11) Using 2 workers of 2 for marking
[2026-05-06T01:03:25.566+0100][1.853s][info][gc,marking  ] GC(11) Concurrent Mark From Roots 2.770ms
[2026-05-06T01:03:25.566+0100][1.853s][info][gc,marking  ] GC(11) Concurrent Preclean
[2026-05-06T01:03:25.566+0100][1.853s][info][gc,marking  ] GC(11) Concurrent Preclean 0.010ms
[2026-05-06T01:03:25.566+0100][1.853s][info][gc,start    ] GC(11) Pause Remark
[2026-05-06T01:03:25.568+0100][1.854s][info][gc          ] GC(11) Pause Remark 317M->317M(528M) 1.100ms
[2026-05-06T01:03:25.568+0100][1.854s][info][gc,cpu      ] GC(11) User=0.01s Sys=0.00s Real=0.00s
[2026-05-06T01:03:25.568+0100][1.854s][info][gc,marking  ] GC(11) Concurrent Mark 3.979ms
[2026-05-06T01:03:25.568+0100][1.854s][info][gc,marking  ] GC(11) Concurrent Rebuild Remembered Sets and Scrub Regions
[2026-05-06T01:03:25.569+0100][1.856s][info][gc,marking  ] GC(11) Concurrent Rebuild Remembered Sets and Scrub Regions 1.564ms
[2026-05-06T01:03:25.569+0100][1.856s][info][gc,start    ] GC(11) Pause Cleanup
[2026-05-06T01:03:25.569+0100][1.856s][info][gc          ] GC(11) Pause Cleanup 318M->318M(528M) 0.056ms
[2026-05-06T01:03:25.569+0100][1.856s][info][gc,cpu      ] GC(11) User=0.00s Sys=0.00s Real=0.00s
[2026-05-06T01:03:25.569+0100][1.856s][info][gc,marking  ] GC(11) Concurrent Clear Claimed Marks
[2026-05-06T01:03:25.569+0100][1.856s][info][gc,marking  ] GC(11) Concurrent Clear Claimed Marks 0.014ms
[2026-05-06T01:03:25.569+0100][1.856s][info][gc,marking  ] GC(11) Concurrent Cleanup for Next Mark
[2026-05-06T01:03:25.570+0100][1.856s][info][gc,marking  ] GC(11) Concurrent Cleanup for Next Mark 0.265ms
[2026-05-06T01:03:25.570+0100][1.856s][info][gc          ] GC(11) Concurrent Mark Cycle 6.449ms
[2026-05-06T01:03:25.788+0100][2.075s][info][gc,start    ] GC(12) Pause Young (Prepare Mixed) (G1 Evacuation Pause)
[2026-05-06T01:03:25.788+0100][2.075s][info][gc,task     ] GC(12) Using 9 workers of 9 for evacuation
[2026-05-06T01:03:25.789+0100][2.076s][info][gc,phases   ] GC(12)   Pre Evacuate Collection Set: 0.1ms
[2026-05-06T01:03:25.789+0100][2.076s][info][gc,phases   ] GC(12)   Merge Heap Roots: 0.0ms
[2026-05-06T01:03:25.789+0100][2.076s][info][gc,phases   ] GC(12)   Evacuate Collection Set: 0.4ms
[2026-05-06T01:03:25.789+0100][2.076s][info][gc,phases   ] GC(12)   Post Evacuate Collection Set: 0.4ms
[2026-05-06T01:03:25.789+0100][2.076s][info][gc,phases   ] GC(12)   Other: 0.0ms
[2026-05-06T01:03:25.789+0100][2.076s][info][gc,heap     ] GC(12) Eden regions: 90->0(250)
[2026-05-06T01:03:25.789+0100][2.076s][info][gc,heap     ] GC(12) Survivor regions: 2->2(12)
[2026-05-06T01:03:25.789+0100][2.076s][info][gc,heap     ] GC(12) Old regions: 5->5
[2026-05-06T01:03:25.789+0100][2.076s][info][gc,heap     ] GC(12) Humongous regions: 151->151
[2026-05-06T01:03:25.789+0100][2.076s][info][gc,metaspace] GC(12) Metaspace: 17796K(18240K)->17796K(18240K) NonClass: 15687K(15936K)->15687K(15936K) Class: 2109K(2304K)->2109K(2304K)
[2026-05-06T01:03:25.789+0100][2.076s][info][gc          ] GC(12) Pause Young (Prepare Mixed) (G1 Evacuation Pause) 494M->314M(866M) 1.137ms
[2026-05-06T01:03:25.789+0100][2.076s][info][gc,cpu      ] GC(12) User=0.00s Sys=0.00s Real=0.00s
[2026-05-06T01:03:26.136+0100][2.423s][info][gc,start    ] GC(13) Pause Full (System.gc())
[2026-05-06T01:03:26.136+0100][2.423s][info][gc,task     ] GC(13) Using 9 workers of 9 for full compaction
[2026-05-06T01:03:26.137+0100][2.423s][info][gc,phases,start] GC(13) Phase 1: Mark live objects
[2026-05-06T01:03:26.139+0100][2.426s][info][gc,phases      ] GC(13) Phase 1: Mark live objects 3.026ms
[2026-05-06T01:03:26.139+0100][2.426s][info][gc,phases,start] GC(13) Phase 2: Prepare compaction
[2026-05-06T01:03:26.140+0100][2.426s][info][gc,phases      ] GC(13) Phase 2: Prepare compaction 0.379ms
[2026-05-06T01:03:26.140+0100][2.426s][info][gc,phases,start] GC(13) Phase 3: Adjust pointers
[2026-05-06T01:03:26.141+0100][2.428s][info][gc,phases      ] GC(13) Phase 3: Adjust pointers 1.523ms
[2026-05-06T01:03:26.141+0100][2.428s][info][gc,phases,start] GC(13) Phase 4: Compact heap
[2026-05-06T01:03:26.142+0100][2.428s][info][gc,phases      ] GC(13) Phase 4: Compact heap 0.443ms
[2026-05-06T01:03:26.142+0100][2.428s][info][gc,phases,start] GC(13) Phase 5: Reset Metadata
[2026-05-06T01:03:26.142+0100][2.429s][info][gc,phases      ] GC(13) Phase 5: Reset Metadata 0.328ms
[2026-05-06T01:03:26.143+0100][2.429s][info][gc,heap        ] GC(13) Eden regions: 120->0(206)
[2026-05-06T01:03:26.143+0100][2.429s][info][gc,heap        ] GC(13) Survivor regions: 2->0(12)
[2026-05-06T01:03:26.143+0100][2.429s][info][gc,heap        ] GC(13) Old regions: 5->7
[2026-05-06T01:03:26.143+0100][2.429s][info][gc,heap        ] GC(13) Humongous regions: 151->96
[2026-05-06T01:03:26.143+0100][2.429s][info][gc,metaspace   ] GC(13) Metaspace: 18243K(18560K)->18243K(18560K) NonClass: 16070K(16256K)->16070K(16256K) Class: 2173K(2304K)->2173K(2304K)
[2026-05-06T01:03:26.143+0100][2.429s][info][gc             ] GC(13) Pause Full (System.gc()) 553M->202M(688M) 6.569ms
[2026-05-06T01:03:26.143+0100][2.429s][info][gc,cpu         ] GC(13) User=0.03s Sys=0.01s Real=0.01s
[2026-05-06T01:03:26.172+0100][2.459s][info][gc,start       ] GC(14) Pause Full (System.gc())
[2026-05-06T01:03:26.172+0100][2.459s][info][gc,task        ] GC(14) Using 9 workers of 9 for full compaction
[2026-05-06T01:03:26.172+0100][2.459s][info][gc,phases,start] GC(14) Phase 1: Mark live objects
[2026-05-06T01:03:26.175+0100][2.461s][info][gc,phases      ] GC(14) Phase 1: Mark live objects 2.323ms
[2026-05-06T01:03:26.175+0100][2.461s][info][gc,phases,start] GC(14) Phase 2: Prepare compaction
[2026-05-06T01:03:26.175+0100][2.461s][info][gc,phases      ] GC(14) Phase 2: Prepare compaction 0.250ms
[2026-05-06T01:03:26.175+0100][2.461s][info][gc,phases,start] GC(14) Phase 3: Adjust pointers
[2026-05-06T01:03:26.176+0100][2.463s][info][gc,phases      ] GC(14) Phase 3: Adjust pointers 1.383ms
[2026-05-06T01:03:26.176+0100][2.463s][info][gc,phases,start] GC(14) Phase 4: Compact heap
[2026-05-06T01:03:26.176+0100][2.463s][info][gc,phases      ] GC(14) Phase 4: Compact heap 0.255ms
[2026-05-06T01:03:26.176+0100][2.463s][info][gc,phases,start] GC(14) Phase 5: Reset Metadata
[2026-05-06T01:03:26.177+0100][2.463s][info][gc,phases      ] GC(14) Phase 5: Reset Metadata 0.356ms
[2026-05-06T01:03:26.177+0100][2.464s][info][gc,heap        ] GC(14) Eden regions: 8->0(206)
[2026-05-06T01:03:26.177+0100][2.464s][info][gc,heap        ] GC(14) Survivor regions: 0->0(12)
[2026-05-06T01:03:26.177+0100][2.464s][info][gc,heap        ] GC(14) Old regions: 7->9
[2026-05-06T01:03:26.177+0100][2.464s][info][gc,heap        ] GC(14) Humongous regions: 96->96
[2026-05-06T01:03:26.177+0100][2.464s][info][gc,metaspace   ] GC(14) Metaspace: 18509K(18880K)->18509K(18880K) NonClass: 16297K(16512K)->16297K(16512K) Class: 2211K(2368K)->2211K(2368K)
[2026-05-06T01:03:26.177+0100][2.464s][info][gc             ] GC(14) Pause Full (System.gc()) 217M->203M(688M) 5.234ms
[2026-05-06T01:03:26.177+0100][2.464s][info][gc,cpu         ] GC(14) User=0.03s Sys=0.00s Real=0.00s
[2026-05-06T01:03:26.220+0100][2.506s][info][gc,start       ] GC(15) Pause Full (System.gc())
[2026-05-06T01:03:26.220+0100][2.506s][info][gc,task        ] GC(15) Using 9 workers of 9 for full compaction
[2026-05-06T01:03:26.220+0100][2.506s][info][gc,phases,start] GC(15) Phase 1: Mark live objects
[2026-05-06T01:03:26.222+0100][2.509s][info][gc,phases      ] GC(15) Phase 1: Mark live objects 2.512ms
[2026-05-06T01:03:26.222+0100][2.509s][info][gc,phases,start] GC(15) Phase 2: Prepare compaction
[2026-05-06T01:03:26.223+0100][2.509s][info][gc,phases      ] GC(15) Phase 2: Prepare compaction 0.249ms
[2026-05-06T01:03:26.223+0100][2.509s][info][gc,phases,start] GC(15) Phase 3: Adjust pointers
[2026-05-06T01:03:26.224+0100][2.511s][info][gc,phases      ] GC(15) Phase 3: Adjust pointers 1.467ms
[2026-05-06T01:03:26.224+0100][2.511s][info][gc,phases,start] GC(15) Phase 4: Compact heap
[2026-05-06T01:03:26.224+0100][2.511s][info][gc,phases      ] GC(15) Phase 4: Compact heap 0.222ms
[2026-05-06T01:03:26.224+0100][2.511s][info][gc,phases,start] GC(15) Phase 5: Reset Metadata
[2026-05-06T01:03:26.225+0100][2.511s][info][gc,phases      ] GC(15) Phase 5: Reset Metadata 0.341ms
[2026-05-06T01:03:26.225+0100][2.512s][info][gc,heap        ] GC(15) Eden regions: 8->0(206)
[2026-05-06T01:03:26.225+0100][2.512s][info][gc,heap        ] GC(15) Survivor regions: 0->0(12)
[2026-05-06T01:03:26.225+0100][2.512s][info][gc,heap        ] GC(15) Old regions: 9->10
[2026-05-06T01:03:26.225+0100][2.512s][info][gc,heap        ] GC(15) Humongous regions: 96->96
[2026-05-06T01:03:26.225+0100][2.512s][info][gc,metaspace   ] GC(15) Metaspace: 18622K(18944K)->18622K(18944K) NonClass: 16397K(16576K)->16397K(16576K) Class: 2224K(2368K)->2224K(2368K)
[2026-05-06T01:03:26.225+0100][2.512s][info][gc             ] GC(15) Pause Full (System.gc()) 217M->203M(688M) 5.580ms
[2026-05-06T01:03:26.225+0100][2.512s][info][gc,cpu         ] GC(15) User=0.03s Sys=0.01s Real=0.00s
[2026-05-06T01:03:26.257+0100][2.543s][info][gc,start       ] GC(16) Pause Full (System.gc())
[2026-05-06T01:03:26.257+0100][2.543s][info][gc,task        ] GC(16) Using 9 workers of 9 for full compaction
[2026-05-06T01:03:26.257+0100][2.543s][info][gc,phases,start] GC(16) Phase 1: Mark live objects
[2026-05-06T01:03:26.259+0100][2.546s][info][gc,phases      ] GC(16) Phase 1: Mark live objects 2.251ms
[2026-05-06T01:03:26.259+0100][2.546s][info][gc,phases,start] GC(16) Phase 2: Prepare compaction
[2026-05-06T01:03:26.259+0100][2.546s][info][gc,phases      ] GC(16) Phase 2: Prepare compaction 0.238ms
[2026-05-06T01:03:26.259+0100][2.546s][info][gc,phases,start] GC(16) Phase 3: Adjust pointers
[2026-05-06T01:03:26.261+0100][2.547s][info][gc,phases      ] GC(16) Phase 3: Adjust pointers 1.528ms
[2026-05-06T01:03:26.261+0100][2.547s][info][gc,phases,start] GC(16) Phase 4: Compact heap
[2026-05-06T01:03:26.261+0100][2.548s][info][gc,phases      ] GC(16) Phase 4: Compact heap 0.208ms
[2026-05-06T01:03:26.261+0100][2.548s][info][gc,phases,start] GC(16) Phase 5: Reset Metadata
[2026-05-06T01:03:26.261+0100][2.548s][info][gc,phases      ] GC(16) Phase 5: Reset Metadata 0.353ms
[2026-05-06T01:03:26.262+0100][2.548s][info][gc,heap        ] GC(16) Eden regions: 11->0(206)
[2026-05-06T01:03:26.262+0100][2.548s][info][gc,heap        ] GC(16) Survivor regions: 0->0(12)
[2026-05-06T01:03:26.262+0100][2.548s][info][gc,heap        ] GC(16) Old regions: 10->11
[2026-05-06T01:03:26.262+0100][2.548s][info][gc,heap        ] GC(16) Humongous regions: 96->96
[2026-05-06T01:03:26.262+0100][2.548s][info][gc,metaspace   ] GC(16) Metaspace: 18736K(19072K)->18736K(19072K) NonClass: 16500K(16704K)->16500K(16704K) Class: 2236K(2368K)->2236K(2368K)
[2026-05-06T01:03:26.262+0100][2.548s][info][gc             ] GC(16) Pause Full (System.gc()) 223M->203M(688M) 5.242ms
[2026-05-06T01:03:26.262+0100][2.548s][info][gc,cpu         ] GC(16) User=0.02s Sys=0.01s Real=0.01s
[2026-05-06T01:03:26.275+0100][2.562s][info][gc,start       ] GC(17) Pause Full (System.gc())
[2026-05-06T01:03:26.275+0100][2.562s][info][gc,task        ] GC(17) Using 9 workers of 9 for full compaction
[2026-05-06T01:03:26.275+0100][2.562s][info][gc,phases,start] GC(17) Phase 1: Mark live objects
[2026-05-06T01:03:26.277+0100][2.564s][info][gc,phases      ] GC(17) Phase 1: Mark live objects 2.196ms
[2026-05-06T01:03:26.277+0100][2.564s][info][gc,phases,start] GC(17) Phase 2: Prepare compaction
[2026-05-06T01:03:26.278+0100][2.564s][info][gc,phases      ] GC(17) Phase 2: Prepare compaction 0.243ms
[2026-05-06T01:03:26.278+0100][2.564s][info][gc,phases,start] GC(17) Phase 3: Adjust pointers
[2026-05-06T01:03:26.279+0100][2.566s][info][gc,phases      ] GC(17) Phase 3: Adjust pointers 1.467ms
[2026-05-06T01:03:26.279+0100][2.566s][info][gc,phases,start] GC(17) Phase 4: Compact heap
[2026-05-06T01:03:26.279+0100][2.566s][info][gc,phases      ] GC(17) Phase 4: Compact heap 0.218ms
[2026-05-06T01:03:26.279+0100][2.566s][info][gc,phases,start] GC(17) Phase 5: Reset Metadata
[2026-05-06T01:03:26.280+0100][2.566s][info][gc,phases      ] GC(17) Phase 5: Reset Metadata 0.362ms
[2026-05-06T01:03:26.280+0100][2.567s][info][gc,heap        ] GC(17) Eden regions: 10->0(206)
[2026-05-06T01:03:26.280+0100][2.567s][info][gc,heap        ] GC(17) Survivor regions: 0->0(12)
[2026-05-06T01:03:26.280+0100][2.567s][info][gc,heap        ] GC(17) Old regions: 11->10
[2026-05-06T01:03:26.280+0100][2.567s][info][gc,heap        ] GC(17) Humongous regions: 96->96
[2026-05-06T01:03:26.280+0100][2.567s][info][gc,metaspace   ] GC(17) Metaspace: 18739K(19072K)->18739K(19072K) NonClass: 16502K(16704K)->16502K(16704K) Class: 2236K(2368K)->2236K(2368K)
[2026-05-06T01:03:26.280+0100][2.567s][info][gc             ] GC(17) Pause Full (System.gc()) 221M->203M(688M) 5.118ms
[2026-05-06T01:03:26.280+0100][2.567s][info][gc,cpu         ] GC(17) User=0.02s Sys=0.00s Real=0.01s
[2026-05-06T01:03:26.289+0100][2.576s][info][gc,start       ] GC(18) Pause Full (System.gc())
[2026-05-06T01:03:26.289+0100][2.576s][info][gc,task        ] GC(18) Using 9 workers of 9 for full compaction
[2026-05-06T01:03:26.289+0100][2.576s][info][gc,phases,start] GC(18) Phase 1: Mark live objects
[2026-05-06T01:03:26.292+0100][2.579s][info][gc,phases      ] GC(18) Phase 1: Mark live objects 3.328ms
[2026-05-06T01:03:26.292+0100][2.579s][info][gc,phases,start] GC(18) Phase 2: Prepare compaction
[2026-05-06T01:03:26.293+0100][2.579s][info][gc,phases      ] GC(18) Phase 2: Prepare compaction 0.222ms
[2026-05-06T01:03:26.293+0100][2.579s][info][gc,phases,start] GC(18) Phase 3: Adjust pointers
[2026-05-06T01:03:26.294+0100][2.581s][info][gc,phases      ] GC(18) Phase 3: Adjust pointers 1.456ms
[2026-05-06T01:03:26.294+0100][2.581s][info][gc,phases,start] GC(18) Phase 4: Compact heap
[2026-05-06T01:03:26.294+0100][2.581s][info][gc,phases      ] GC(18) Phase 4: Compact heap 0.248ms
[2026-05-06T01:03:26.294+0100][2.581s][info][gc,phases,start] GC(18) Phase 5: Reset Metadata
[2026-05-06T01:03:26.295+0100][2.581s][info][gc,phases      ] GC(18) Phase 5: Reset Metadata 0.327ms
[2026-05-06T01:03:26.295+0100][2.582s][info][gc,heap        ] GC(18) Eden regions: 8->0(206)
[2026-05-06T01:03:26.295+0100][2.582s][info][gc,heap        ] GC(18) Survivor regions: 0->0(12)
[2026-05-06T01:03:26.295+0100][2.582s][info][gc,heap        ] GC(18) Old regions: 10->11
[2026-05-06T01:03:26.295+0100][2.582s][info][gc,heap        ] GC(18) Humongous regions: 96->96
[2026-05-06T01:03:26.295+0100][2.582s][info][gc,metaspace   ] GC(18) Metaspace: 18741K(19072K)->18741K(19072K) NonClass: 16504K(16704K)->16504K(16704K) Class: 2236K(2368K)->2236K(2368K)
[2026-05-06T01:03:26.295+0100][2.582s][info][gc             ] GC(18) Pause Full (System.gc()) 218M->203M(688M) 6.251ms
[2026-05-06T01:03:26.295+0100][2.582s][info][gc,cpu         ] GC(18) User=0.02s Sys=0.01s Real=0.01s
[2026-05-06T01:03:26.304+0100][2.591s][info][gc,start       ] GC(19) Pause Full (System.gc())
[2026-05-06T01:03:26.304+0100][2.591s][info][gc,task        ] GC(19) Using 9 workers of 9 for full compaction
[2026-05-06T01:03:26.304+0100][2.591s][info][gc,phases,start] GC(19) Phase 1: Mark live objects
[2026-05-06T01:03:26.306+0100][2.593s][info][gc,phases      ] GC(19) Phase 1: Mark live objects 2.191ms
[2026-05-06T01:03:26.306+0100][2.593s][info][gc,phases,start] GC(19) Phase 2: Prepare compaction
[2026-05-06T01:03:26.307+0100][2.593s][info][gc,phases      ] GC(19) Phase 2: Prepare compaction 0.221ms
[2026-05-06T01:03:26.307+0100][2.593s][info][gc,phases,start] GC(19) Phase 3: Adjust pointers
[2026-05-06T01:03:26.308+0100][2.595s][info][gc,phases      ] GC(19) Phase 3: Adjust pointers 1.398ms
[2026-05-06T01:03:26.308+0100][2.595s][info][gc,phases,start] GC(19) Phase 4: Compact heap
[2026-05-06T01:03:26.308+0100][2.595s][info][gc,phases      ] GC(19) Phase 4: Compact heap 0.256ms
[2026-05-06T01:03:26.308+0100][2.595s][info][gc,phases,start] GC(19) Phase 5: Reset Metadata
[2026-05-06T01:03:26.309+0100][2.595s][info][gc,phases      ] GC(19) Phase 5: Reset Metadata 0.333ms
[2026-05-06T01:03:26.309+0100][2.596s][info][gc,heap        ] GC(19) Eden regions: 15->0(206)
[2026-05-06T01:03:26.309+0100][2.596s][info][gc,heap        ] GC(19) Survivor regions: 0->0(12)
[2026-05-06T01:03:26.309+0100][2.596s][info][gc,heap        ] GC(19) Old regions: 11->10
[2026-05-06T01:03:26.309+0100][2.596s][info][gc,heap        ] GC(19) Humongous regions: 96->96
[2026-05-06T01:03:26.309+0100][2.596s][info][gc,metaspace   ] GC(19) Metaspace: 18746K(19072K)->18746K(19072K) NonClass: 16509K(16704K)->16509K(16704K) Class: 2236K(2368K)->2236K(2368K)
[2026-05-06T01:03:26.309+0100][2.596s][info][gc             ] GC(19) Pause Full (System.gc()) 233M->203M(688M) 4.991ms
[2026-05-06T01:03:26.309+0100][2.596s][info][gc,cpu         ] GC(19) User=0.02s Sys=0.01s Real=0.00s
[2026-05-06T01:03:26.318+0100][2.605s][info][gc,start       ] GC(20) Pause Full (System.gc())
[2026-05-06T01:03:26.318+0100][2.605s][info][gc,task        ] GC(20) Using 9 workers of 9 for full compaction
[2026-05-06T01:03:26.318+0100][2.605s][info][gc,phases,start] GC(20) Phase 1: Mark live objects
[2026-05-06T01:03:26.320+0100][2.607s][info][gc,phases      ] GC(20) Phase 1: Mark live objects 2.198ms
[2026-05-06T01:03:26.320+0100][2.607s][info][gc,phases,start] GC(20) Phase 2: Prepare compaction
[2026-05-06T01:03:26.321+0100][2.607s][info][gc,phases      ] GC(20) Phase 2: Prepare compaction 0.233ms
[2026-05-06T01:03:26.321+0100][2.607s][info][gc,phases,start] GC(20) Phase 3: Adjust pointers
[2026-05-06T01:03:26.322+0100][2.609s][info][gc,phases      ] GC(20) Phase 3: Adjust pointers 1.403ms
[2026-05-06T01:03:26.322+0100][2.609s][info][gc,phases,start] GC(20) Phase 4: Compact heap
[2026-05-06T01:03:26.322+0100][2.609s][info][gc,phases      ] GC(20) Phase 4: Compact heap 0.237ms
[2026-05-06T01:03:26.322+0100][2.609s][info][gc,phases,start] GC(20) Phase 5: Reset Metadata
[2026-05-06T01:03:26.323+0100][2.609s][info][gc,phases      ] GC(20) Phase 5: Reset Metadata 0.380ms
[2026-05-06T01:03:26.323+0100][2.610s][info][gc,heap        ] GC(20) Eden regions: 14->0(206)
[2026-05-06T01:03:26.323+0100][2.610s][info][gc,heap        ] GC(20) Survivor regions: 0->0(12)
[2026-05-06T01:03:26.323+0100][2.610s][info][gc,heap        ] GC(20) Old regions: 10->10
[2026-05-06T01:03:26.323+0100][2.610s][info][gc,heap        ] GC(20) Humongous regions: 96->96
[2026-05-06T01:03:26.323+0100][2.610s][info][gc,metaspace   ] GC(20) Metaspace: 18757K(19072K)->18757K(19072K) NonClass: 16520K(16704K)->16520K(16704K) Class: 2236K(2368K)->2236K(2368K)
[2026-05-06T01:03:26.323+0100][2.610s][info][gc             ] GC(20) Pause Full (System.gc()) 229M->203M(688M) 5.063ms
[2026-05-06T01:03:26.323+0100][2.610s][info][gc,cpu         ] GC(20) User=0.01s Sys=0.00s Real=0.01s
[2026-05-06T01:03:26.331+0100][2.617s][info][gc,start       ] GC(21) Pause Full (System.gc())
[2026-05-06T01:03:26.331+0100][2.617s][info][gc,task        ] GC(21) Using 9 workers of 9 for full compaction
[2026-05-06T01:03:26.331+0100][2.617s][info][gc,phases,start] GC(21) Phase 1: Mark live objects
[2026-05-06T01:03:26.334+0100][2.620s][info][gc,phases      ] GC(21) Phase 1: Mark live objects 2.911ms
[2026-05-06T01:03:26.334+0100][2.620s][info][gc,phases,start] GC(21) Phase 2: Prepare compaction
[2026-05-06T01:03:26.334+0100][2.621s][info][gc,phases      ] GC(21) Phase 2: Prepare compaction 0.228ms
[2026-05-06T01:03:26.334+0100][2.621s][info][gc,phases,start] GC(21) Phase 3: Adjust pointers
[2026-05-06T01:03:26.335+0100][2.622s][info][gc,phases      ] GC(21) Phase 3: Adjust pointers 1.408ms
[2026-05-06T01:03:26.335+0100][2.622s][info][gc,phases,start] GC(21) Phase 4: Compact heap
[2026-05-06T01:03:26.336+0100][2.622s][info][gc,phases      ] GC(21) Phase 4: Compact heap 0.239ms
[2026-05-06T01:03:26.336+0100][2.622s][info][gc,phases,start] GC(21) Phase 5: Reset Metadata
[2026-05-06T01:03:26.336+0100][2.623s][info][gc,phases      ] GC(21) Phase 5: Reset Metadata 0.337ms
[2026-05-06T01:03:26.337+0100][2.623s][info][gc,heap        ] GC(21) Eden regions: 11->0(206)
[2026-05-06T01:03:26.337+0100][2.623s][info][gc,heap        ] GC(21) Survivor regions: 0->0(12)
[2026-05-06T01:03:26.337+0100][2.623s][info][gc,heap        ] GC(21) Old regions: 10->12
[2026-05-06T01:03:26.337+0100][2.623s][info][gc,heap        ] GC(21) Humongous regions: 96->96
[2026-05-06T01:03:26.337+0100][2.623s][info][gc,metaspace   ] GC(21) Metaspace: 18777K(19136K)->18777K(19136K) NonClass: 16540K(16768K)->16540K(16768K) Class: 2236K(2368K)->2236K(2368K)
[2026-05-06T01:03:26.337+0100][2.623s][info][gc             ] GC(21) Pause Full (System.gc()) 223M->203M(688M) 5.755ms
[2026-05-06T01:03:26.337+0100][2.623s][info][gc,cpu         ] GC(21) User=0.02s Sys=0.01s Real=0.00s
[2026-05-06T01:03:26.344+0100][2.631s][info][gc,start       ] GC(22) Pause Full (System.gc())
[2026-05-06T01:03:26.344+0100][2.631s][info][gc,task        ] GC(22) Using 9 workers of 9 for full compaction
[2026-05-06T01:03:26.344+0100][2.631s][info][gc,phases,start] GC(22) Phase 1: Mark live objects
[2026-05-06T01:03:26.347+0100][2.633s][info][gc,phases      ] GC(22) Phase 1: Mark live objects 2.609ms
[2026-05-06T01:03:26.347+0100][2.633s][info][gc,phases,start] GC(22) Phase 2: Prepare compaction
[2026-05-06T01:03:26.347+0100][2.634s][info][gc,phases      ] GC(22) Phase 2: Prepare compaction 0.253ms
[2026-05-06T01:03:26.347+0100][2.634s][info][gc,phases,start] GC(22) Phase 3: Adjust pointers
[2026-05-06T01:03:26.348+0100][2.635s][info][gc,phases      ] GC(22) Phase 3: Adjust pointers 1.416ms
[2026-05-06T01:03:26.348+0100][2.635s][info][gc,phases,start] GC(22) Phase 4: Compact heap
[2026-05-06T01:03:26.349+0100][2.635s][info][gc,phases      ] GC(22) Phase 4: Compact heap 0.229ms
[2026-05-06T01:03:26.349+0100][2.635s][info][gc,phases,start] GC(22) Phase 5: Reset Metadata
[2026-05-06T01:03:26.349+0100][2.636s][info][gc,phases      ] GC(22) Phase 5: Reset Metadata 0.344ms
[2026-05-06T01:03:26.350+0100][2.636s][info][gc,heap        ] GC(22) Eden regions: 29->0(206)
[2026-05-06T01:03:26.350+0100][2.636s][info][gc,heap        ] GC(22) Survivor regions: 0->0(12)
[2026-05-06T01:03:26.350+0100][2.636s][info][gc,heap        ] GC(22) Old regions: 12->12
[2026-05-06T01:03:26.350+0100][2.636s][info][gc,heap        ] GC(22) Humongous regions: 96->96
[2026-05-06T01:03:26.350+0100][2.636s][info][gc,metaspace   ] GC(22) Metaspace: 18806K(19136K)->18806K(19136K) NonClass: 16569K(16768K)->16569K(16768K) Class: 2236K(2368K)->2236K(2368K)
[2026-05-06T01:03:26.350+0100][2.636s][info][gc             ] GC(22) Pause Full (System.gc()) 259M->203M(688M) 5.445ms
[2026-05-06T01:03:26.350+0100][2.636s][info][gc,cpu         ] GC(22) User=0.02s Sys=0.00s Real=0.01s
[2026-05-06T01:03:26.357+0100][2.644s][info][gc,start       ] GC(23) Pause Full (System.gc())
[2026-05-06T01:03:26.357+0100][2.644s][info][gc,task        ] GC(23) Using 9 workers of 9 for full compaction
[2026-05-06T01:03:26.358+0100][2.644s][info][gc,phases,start] GC(23) Phase 1: Mark live objects
[2026-05-06T01:03:26.360+0100][2.647s][info][gc,phases      ] GC(23) Phase 1: Mark live objects 2.567ms
[2026-05-06T01:03:26.360+0100][2.647s][info][gc,phases,start] GC(23) Phase 2: Prepare compaction
[2026-05-06T01:03:26.360+0100][2.647s][info][gc,phases      ] GC(23) Phase 2: Prepare compaction 0.257ms
[2026-05-06T01:03:26.360+0100][2.647s][info][gc,phases,start] GC(23) Phase 3: Adjust pointers
[2026-05-06T01:03:26.362+0100][2.648s][info][gc,phases      ] GC(23) Phase 3: Adjust pointers 1.531ms
[2026-05-06T01:03:26.362+0100][2.648s][info][gc,phases,start] GC(23) Phase 4: Compact heap
[2026-05-06T01:03:26.362+0100][2.649s][info][gc,phases      ] GC(23) Phase 4: Compact heap 0.211ms
[2026-05-06T01:03:26.362+0100][2.649s][info][gc,phases,start] GC(23) Phase 5: Reset Metadata
[2026-05-06T01:03:26.362+0100][2.649s][info][gc,phases      ] GC(23) Phase 5: Reset Metadata 0.331ms
[2026-05-06T01:03:26.363+0100][2.649s][info][gc,heap        ] GC(23) Eden regions: 24->0(206)
[2026-05-06T01:03:26.363+0100][2.649s][info][gc,heap        ] GC(23) Survivor regions: 0->0(12)
[2026-05-06T01:03:26.363+0100][2.649s][info][gc,heap        ] GC(23) Old regions: 12->11
[2026-05-06T01:03:26.363+0100][2.649s][info][gc,heap        ] GC(23) Humongous regions: 96->96
[2026-05-06T01:03:26.363+0100][2.649s][info][gc,metaspace   ] GC(23) Metaspace: 18820K(19136K)->18820K(19136K) NonClass: 16583K(16768K)->16583K(16768K) Class: 2236K(2368K)->2236K(2368K)
[2026-05-06T01:03:26.363+0100][2.649s][info][gc             ] GC(23) Pause Full (System.gc()) 250M->203M(688M) 5.499ms
[2026-05-06T01:03:26.363+0100][2.649s][info][gc,cpu         ] GC(23) User=0.02s Sys=0.00s Real=0.01s
[2026-05-06T01:03:26.372+0100][2.659s][info][gc,start       ] GC(24) Pause Full (System.gc())
[2026-05-06T01:03:26.372+0100][2.659s][info][gc,task        ] GC(24) Using 9 workers of 9 for full compaction
[2026-05-06T01:03:26.372+0100][2.659s][info][gc,phases,start] GC(24) Phase 1: Mark live objects
[2026-05-06T01:03:26.375+0100][2.661s][info][gc,phases      ] GC(24) Phase 1: Mark live objects 2.353ms
[2026-05-06T01:03:26.375+0100][2.661s][info][gc,phases,start] GC(24) Phase 2: Prepare compaction
[2026-05-06T01:03:26.375+0100][2.661s][info][gc,phases      ] GC(24) Phase 2: Prepare compaction 0.249ms
[2026-05-06T01:03:26.375+0100][2.661s][info][gc,phases,start] GC(24) Phase 3: Adjust pointers
[2026-05-06T01:03:26.376+0100][2.663s][info][gc,phases      ] GC(24) Phase 3: Adjust pointers 1.444ms
[2026-05-06T01:03:26.376+0100][2.663s][info][gc,phases,start] GC(24) Phase 4: Compact heap
[2026-05-06T01:03:26.377+0100][2.663s][info][gc,phases      ] GC(24) Phase 4: Compact heap 0.217ms
[2026-05-06T01:03:26.377+0100][2.663s][info][gc,phases,start] GC(24) Phase 5: Reset Metadata
[2026-05-06T01:03:26.377+0100][2.664s][info][gc,phases      ] GC(24) Phase 5: Reset Metadata 0.367ms
[2026-05-06T01:03:26.378+0100][2.664s][info][gc,heap        ] GC(24) Eden regions: 17->0(206)
[2026-05-06T01:03:26.378+0100][2.664s][info][gc,heap        ] GC(24) Survivor regions: 0->0(12)
[2026-05-06T01:03:26.378+0100][2.664s][info][gc,heap        ] GC(24) Old regions: 11->12
[2026-05-06T01:03:26.378+0100][2.664s][info][gc,heap        ] GC(24) Humongous regions: 96->96
[2026-05-06T01:03:26.378+0100][2.664s][info][gc,metaspace   ] GC(24) Metaspace: 18838K(19136K)->18838K(19136K) NonClass: 16602K(16768K)->16602K(16768K) Class: 2236K(2368K)->2236K(2368K)
[2026-05-06T01:03:26.378+0100][2.664s][info][gc             ] GC(24) Pause Full (System.gc()) 236M->203M(688M) 5.288ms
[2026-05-06T01:03:26.378+0100][2.664s][info][gc,cpu         ] GC(24) User=0.02s Sys=0.01s Real=0.00s
[2026-05-06T01:03:26.386+0100][2.673s][info][gc,start       ] GC(25) Pause Full (System.gc())
[2026-05-06T01:03:26.386+0100][2.673s][info][gc,task        ] GC(25) Using 9 workers of 9 for full compaction
[2026-05-06T01:03:26.386+0100][2.673s][info][gc,phases,start] GC(25) Phase 1: Mark live objects
[2026-05-06T01:03:26.389+0100][2.676s][info][gc,phases      ] GC(25) Phase 1: Mark live objects 2.747ms
[2026-05-06T01:03:26.389+0100][2.676s][info][gc,phases,start] GC(25) Phase 2: Prepare compaction
[2026-05-06T01:03:26.389+0100][2.676s][info][gc,phases      ] GC(25) Phase 2: Prepare compaction 0.235ms
[2026-05-06T01:03:26.389+0100][2.676s][info][gc,phases,start] GC(25) Phase 3: Adjust pointers
[2026-05-06T01:03:26.391+0100][2.677s][info][gc,phases      ] GC(25) Phase 3: Adjust pointers 1.511ms
[2026-05-06T01:03:26.391+0100][2.677s][info][gc,phases,start] GC(25) Phase 4: Compact heap
[2026-05-06T01:03:26.391+0100][2.678s][info][gc,phases      ] GC(25) Phase 4: Compact heap 0.264ms
[2026-05-06T01:03:26.391+0100][2.678s][info][gc,phases,start] GC(25) Phase 5: Reset Metadata
[2026-05-06T01:03:26.392+0100][2.678s][info][gc,phases      ] GC(25) Phase 5: Reset Metadata 0.335ms
[2026-05-06T01:03:26.392+0100][2.679s][info][gc,heap        ] GC(25) Eden regions: 57->0(206)
[2026-05-06T01:03:26.392+0100][2.679s][info][gc,heap        ] GC(25) Survivor regions: 0->0(12)
[2026-05-06T01:03:26.392+0100][2.679s][info][gc,heap        ] GC(25) Old regions: 12->12
[2026-05-06T01:03:26.392+0100][2.679s][info][gc,heap        ] GC(25) Humongous regions: 96->96
[2026-05-06T01:03:26.392+0100][2.679s][info][gc,metaspace   ] GC(25) Metaspace: 18866K(19200K)->18866K(19200K) NonClass: 16629K(16832K)->16629K(16832K) Class: 2236K(2368K)->2236K(2368K)
[2026-05-06T01:03:26.392+0100][2.679s][info][gc             ] GC(25) Pause Full (System.gc()) 316M->203M(688M) 5.748ms
[2026-05-06T01:03:26.392+0100][2.679s][info][gc,cpu         ] GC(25) User=0.01s Sys=0.01s Real=0.01s
[2026-05-06T01:03:26.401+0100][2.688s][info][gc,start       ] GC(26) Pause Full (System.gc())
[2026-05-06T01:03:26.401+0100][2.688s][info][gc,task        ] GC(26) Using 9 workers of 9 for full compaction
[2026-05-06T01:03:26.401+0100][2.688s][info][gc,phases,start] GC(26) Phase 1: Mark live objects
[2026-05-06T01:03:26.404+0100][2.690s][info][gc,phases      ] GC(26) Phase 1: Mark live objects 2.260ms
[2026-05-06T01:03:26.404+0100][2.690s][info][gc,phases,start] GC(26) Phase 2: Prepare compaction
[2026-05-06T01:03:26.404+0100][2.690s][info][gc,phases      ] GC(26) Phase 2: Prepare compaction 0.237ms
[2026-05-06T01:03:26.404+0100][2.690s][info][gc,phases,start] GC(26) Phase 3: Adjust pointers
[2026-05-06T01:03:26.406+0100][2.692s][info][gc,phases      ] GC(26) Phase 3: Adjust pointers 1.592ms
[2026-05-06T01:03:26.406+0100][2.692s][info][gc,phases,start] GC(26) Phase 4: Compact heap
[2026-05-06T01:03:26.406+0100][2.692s][info][gc,phases      ] GC(26) Phase 4: Compact heap 0.235ms
[2026-05-06T01:03:26.406+0100][2.692s][info][gc,phases,start] GC(26) Phase 5: Reset Metadata
[2026-05-06T01:03:26.406+0100][2.693s][info][gc,phases      ] GC(26) Phase 5: Reset Metadata 0.356ms
[2026-05-06T01:03:26.407+0100][2.693s][info][gc,heap        ] GC(26) Eden regions: 45->0(206)
[2026-05-06T01:03:26.407+0100][2.693s][info][gc,heap        ] GC(26) Survivor regions: 0->0(12)
[2026-05-06T01:03:26.407+0100][2.693s][info][gc,heap        ] GC(26) Old regions: 12->11
[2026-05-06T01:03:26.407+0100][2.693s][info][gc,heap        ] GC(26) Humongous regions: 96->96
[2026-05-06T01:03:26.407+0100][2.693s][info][gc,metaspace   ] GC(26) Metaspace: 18885K(19200K)->18885K(19200K) NonClass: 16648K(16832K)->16648K(16832K) Class: 2236K(2368K)->2236K(2368K)
[2026-05-06T01:03:26.407+0100][2.693s][info][gc             ] GC(26) Pause Full (System.gc()) 292M->203M(688M) 5.351ms
[2026-05-06T01:03:26.407+0100][2.693s][info][gc,cpu         ] GC(26) User=0.02s Sys=0.00s Real=0.00s
[2026-05-06T01:03:26.417+0100][2.704s][info][gc,start       ] GC(27) Pause Full (System.gc())
[2026-05-06T01:03:26.417+0100][2.704s][info][gc,task        ] GC(27) Using 9 workers of 9 for full compaction
[2026-05-06T01:03:26.417+0100][2.704s][info][gc,phases,start] GC(27) Phase 1: Mark live objects
[2026-05-06T01:03:26.419+0100][2.706s][info][gc,phases      ] GC(27) Phase 1: Mark live objects 2.095ms
[2026-05-06T01:03:26.419+0100][2.706s][info][gc,phases,start] GC(27) Phase 2: Prepare compaction
[2026-05-06T01:03:26.420+0100][2.706s][info][gc,phases      ] GC(27) Phase 2: Prepare compaction 0.225ms
[2026-05-06T01:03:26.420+0100][2.706s][info][gc,phases,start] GC(27) Phase 3: Adjust pointers
[2026-05-06T01:03:26.421+0100][2.708s][info][gc,phases      ] GC(27) Phase 3: Adjust pointers 1.579ms
[2026-05-06T01:03:26.421+0100][2.708s][info][gc,phases,start] GC(27) Phase 4: Compact heap
[2026-05-06T01:03:26.421+0100][2.708s][info][gc,phases      ] GC(27) Phase 4: Compact heap 0.210ms
[2026-05-06T01:03:26.421+0100][2.708s][info][gc,phases,start] GC(27) Phase 5: Reset Metadata
[2026-05-06T01:03:26.422+0100][2.708s][info][gc,phases      ] GC(27) Phase 5: Reset Metadata 0.334ms
[2026-05-06T01:03:26.422+0100][2.709s][info][gc,heap        ] GC(27) Eden regions: 22->0(206)
[2026-05-06T01:03:26.422+0100][2.709s][info][gc,heap        ] GC(27) Survivor regions: 0->0(12)
[2026-05-06T01:03:26.422+0100][2.709s][info][gc,heap        ] GC(27) Old regions: 11->11
[2026-05-06T01:03:26.422+0100][2.709s][info][gc,heap        ] GC(27) Humongous regions: 96->96
[2026-05-06T01:03:26.422+0100][2.709s][info][gc,metaspace   ] GC(27) Metaspace: 18891K(19200K)->18891K(19200K) NonClass: 16654K(16832K)->16654K(16832K) Class: 2236K(2368K)->2236K(2368K)
[2026-05-06T01:03:26.422+0100][2.709s][info][gc             ] GC(27) Pause Full (System.gc()) 245M->203M(688M) 5.183ms
[2026-05-06T01:03:26.422+0100][2.709s][info][gc,cpu         ] GC(27) User=0.02s Sys=0.01s Real=0.01s
[2026-05-06T01:03:26.432+0100][2.718s][info][gc,start       ] GC(28) Pause Full (System.gc())
[2026-05-06T01:03:26.432+0100][2.718s][info][gc,task        ] GC(28) Using 9 workers of 9 for full compaction
[2026-05-06T01:03:26.432+0100][2.718s][info][gc,phases,start] GC(28) Phase 1: Mark live objects
[2026-05-06T01:03:26.434+0100][2.721s][info][gc,phases      ] GC(28) Phase 1: Mark live objects 2.159ms
[2026-05-06T01:03:26.434+0100][2.721s][info][gc,phases,start] GC(28) Phase 2: Prepare compaction
[2026-05-06T01:03:26.434+0100][2.721s][info][gc,phases      ] GC(28) Phase 2: Prepare compaction 0.233ms
[2026-05-06T01:03:26.434+0100][2.721s][info][gc,phases,start] GC(28) Phase 3: Adjust pointers
[2026-05-06T01:03:26.436+0100][2.722s][info][gc,phases      ] GC(28) Phase 3: Adjust pointers 1.628ms
[2026-05-06T01:03:26.436+0100][2.722s][info][gc,phases,start] GC(28) Phase 4: Compact heap
[2026-05-06T01:03:26.436+0100][2.723s][info][gc,phases      ] GC(28) Phase 4: Compact heap 0.236ms
[2026-05-06T01:03:26.436+0100][2.723s][info][gc,phases,start] GC(28) Phase 5: Reset Metadata
[2026-05-06T01:03:26.437+0100][2.723s][info][gc,phases      ] GC(28) Phase 5: Reset Metadata 0.372ms
[2026-05-06T01:03:26.437+0100][2.724s][info][gc,heap        ] GC(28) Eden regions: 74->0(206)
[2026-05-06T01:03:26.437+0100][2.724s][info][gc,heap        ] GC(28) Survivor regions: 0->0(12)
[2026-05-06T01:03:26.437+0100][2.724s][info][gc,heap        ] GC(28) Old regions: 11->13
[2026-05-06T01:03:26.437+0100][2.724s][info][gc,heap        ] GC(28) Humongous regions: 96->96
[2026-05-06T01:03:26.437+0100][2.724s][info][gc,metaspace   ] GC(28) Metaspace: 18915K(19264K)->18915K(19264K) NonClass: 16678K(16896K)->16678K(16896K) Class: 2236K(2368K)->2236K(2368K)
[2026-05-06T01:03:26.437+0100][2.724s][info][gc             ] GC(28) Pause Full (System.gc()) 349M->203M(688M) 5.265ms
[2026-05-06T01:03:26.437+0100][2.724s][info][gc,cpu         ] GC(28) User=0.02s Sys=0.00s Real=0.00s
[2026-05-06T01:03:26.448+0100][2.734s][info][gc,start       ] GC(29) Pause Full (System.gc())
[2026-05-06T01:03:26.448+0100][2.734s][info][gc,task        ] GC(29) Using 9 workers of 9 for full compaction
[2026-05-06T01:03:26.448+0100][2.734s][info][gc,phases,start] GC(29) Phase 1: Mark live objects
[2026-05-06T01:03:26.450+0100][2.737s][info][gc,phases      ] GC(29) Phase 1: Mark live objects 2.327ms
[2026-05-06T01:03:26.450+0100][2.737s][info][gc,phases,start] GC(29) Phase 2: Prepare compaction
[2026-05-06T01:03:26.450+0100][2.737s][info][gc,phases      ] GC(29) Phase 2: Prepare compaction 0.268ms
[2026-05-06T01:03:26.450+0100][2.737s][info][gc,phases,start] GC(29) Phase 3: Adjust pointers
[2026-05-06T01:03:26.452+0100][2.738s][info][gc,phases      ] GC(29) Phase 3: Adjust pointers 1.659ms
[2026-05-06T01:03:26.452+0100][2.739s][info][gc,phases,start] GC(29) Phase 4: Compact heap
[2026-05-06T01:03:26.452+0100][2.739s][info][gc,phases      ] GC(29) Phase 4: Compact heap 0.216ms
[2026-05-06T01:03:26.452+0100][2.739s][info][gc,phases,start] GC(29) Phase 5: Reset Metadata
[2026-05-06T01:03:26.453+0100][2.739s][info][gc,phases      ] GC(29) Phase 5: Reset Metadata 0.326ms
[2026-05-06T01:03:26.453+0100][2.739s][info][gc,heap        ] GC(29) Eden regions: 62->0(206)
[2026-05-06T01:03:26.453+0100][2.740s][info][gc,heap        ] GC(29) Survivor regions: 0->0(12)
[2026-05-06T01:03:26.453+0100][2.740s][info][gc,heap        ] GC(29) Old regions: 13->11
[2026-05-06T01:03:26.453+0100][2.740s][info][gc,heap        ] GC(29) Humongous regions: 96->96
[2026-05-06T01:03:26.453+0100][2.740s][info][gc,metaspace   ] GC(29) Metaspace: 18922K(19264K)->18922K(19264K) NonClass: 16686K(16896K)->16686K(16896K) Class: 2236K(2368K)->2236K(2368K)
[2026-05-06T01:03:26.453+0100][2.740s][info][gc             ] GC(29) Pause Full (System.gc()) 326M->203M(688M) 5.405ms
[2026-05-06T01:03:26.453+0100][2.740s][info][gc,cpu         ] GC(29) User=0.02s Sys=0.00s Real=0.01s
[2026-05-06T01:03:26.466+0100][2.752s][info][gc,start       ] GC(30) Pause Full (System.gc())
[2026-05-06T01:03:26.466+0100][2.752s][info][gc,task        ] GC(30) Using 9 workers of 9 for full compaction
[2026-05-06T01:03:26.466+0100][2.752s][info][gc,phases,start] GC(30) Phase 1: Mark live objects
[2026-05-06T01:03:26.468+0100][2.755s][info][gc,phases      ] GC(30) Phase 1: Mark live objects 2.286ms
[2026-05-06T01:03:26.468+0100][2.755s][info][gc,phases,start] GC(30) Phase 2: Prepare compaction
[2026-05-06T01:03:26.468+0100][2.755s][info][gc,phases      ] GC(30) Phase 2: Prepare compaction 0.231ms
[2026-05-06T01:03:26.468+0100][2.755s][info][gc,phases,start] GC(30) Phase 3: Adjust pointers
[2026-05-06T01:03:26.470+0100][2.757s][info][gc,phases      ] GC(30) Phase 3: Adjust pointers 1.781ms
[2026-05-06T01:03:26.470+0100][2.757s][info][gc,phases,start] GC(30) Phase 4: Compact heap
[2026-05-06T01:03:26.470+0100][2.757s][info][gc,phases      ] GC(30) Phase 4: Compact heap 0.243ms
[2026-05-06T01:03:26.471+0100][2.757s][info][gc,phases,start] GC(30) Phase 5: Reset Metadata
[2026-05-06T01:03:26.471+0100][2.757s][info][gc,phases      ] GC(30) Phase 5: Reset Metadata 0.378ms
[2026-05-06T01:03:26.471+0100][2.758s][info][gc,heap        ] GC(30) Eden regions: 29->0(206)
[2026-05-06T01:03:26.471+0100][2.758s][info][gc,heap        ] GC(30) Survivor regions: 0->0(12)
[2026-05-06T01:03:26.471+0100][2.758s][info][gc,heap        ] GC(30) Old regions: 11->13
[2026-05-06T01:03:26.471+0100][2.758s][info][gc,heap        ] GC(30) Humongous regions: 96->96
[2026-05-06T01:03:26.471+0100][2.758s][info][gc,metaspace   ] GC(30) Metaspace: 18927K(19264K)->18927K(19264K) NonClass: 16690K(16896K)->16690K(16896K) Class: 2236K(2368K)->2236K(2368K)
[2026-05-06T01:03:26.472+0100][2.758s][info][gc             ] GC(30) Pause Full (System.gc()) 260M->203M(688M) 5.663ms
[2026-05-06T01:03:26.472+0100][2.758s][info][gc,cpu         ] GC(30) User=0.02s Sys=0.00s Real=0.01s
[2026-05-06T01:03:26.482+0100][2.768s][info][gc,start       ] GC(31) Pause Full (System.gc())
[2026-05-06T01:03:26.482+0100][2.768s][info][gc,task        ] GC(31) Using 9 workers of 9 for full compaction
[2026-05-06T01:03:26.482+0100][2.768s][info][gc,phases,start] GC(31) Phase 1: Mark live objects
[2026-05-06T01:03:26.484+0100][2.771s][info][gc,phases      ] GC(31) Phase 1: Mark live objects 2.320ms
[2026-05-06T01:03:26.484+0100][2.771s][info][gc,phases,start] GC(31) Phase 2: Prepare compaction
[2026-05-06T01:03:26.485+0100][2.771s][info][gc,phases      ] GC(31) Phase 2: Prepare compaction 0.278ms
[2026-05-06T01:03:26.485+0100][2.771s][info][gc,phases,start] GC(31) Phase 3: Adjust pointers
[2026-05-06T01:03:26.486+0100][2.773s][info][gc,phases      ] GC(31) Phase 3: Adjust pointers 1.714ms
[2026-05-06T01:03:26.486+0100][2.773s][info][gc,phases,start] GC(31) Phase 4: Compact heap
[2026-05-06T01:03:26.487+0100][2.773s][info][gc,phases      ] GC(31) Phase 4: Compact heap 0.261ms
[2026-05-06T01:03:26.487+0100][2.773s][info][gc,phases,start] GC(31) Phase 5: Reset Metadata
[2026-05-06T01:03:26.487+0100][2.773s][info][gc,phases      ] GC(31) Phase 5: Reset Metadata 0.360ms
[2026-05-06T01:03:26.488+0100][2.774s][info][gc,heap        ] GC(31) Eden regions: 113->0(206)
[2026-05-06T01:03:26.488+0100][2.774s][info][gc,heap        ] GC(31) Survivor regions: 0->0(12)
[2026-05-06T01:03:26.488+0100][2.774s][info][gc,heap        ] GC(31) Old regions: 13->13
[2026-05-06T01:03:26.488+0100][2.774s][info][gc,heap        ] GC(31) Humongous regions: 96->96
[2026-05-06T01:03:26.488+0100][2.774s][info][gc,metaspace   ] GC(31) Metaspace: 18930K(19264K)->18930K(19264K) NonClass: 16693K(16896K)->16693K(16896K) Class: 2236K(2368K)->2236K(2368K)
[2026-05-06T01:03:26.488+0100][2.774s][info][gc             ] GC(31) Pause Full (System.gc()) 427M->203M(688M) 5.650ms
[2026-05-06T01:03:26.488+0100][2.774s][info][gc,cpu         ] GC(31) User=0.02s Sys=0.00s Real=0.00s
[2026-05-06T01:03:26.517+0100][2.803s][info][gc,start       ] GC(32) Pause Full (System.gc())
[2026-05-06T01:03:26.517+0100][2.803s][info][gc,task        ] GC(32) Using 9 workers of 9 for full compaction
[2026-05-06T01:03:26.517+0100][2.803s][info][gc,phases,start] GC(32) Phase 1: Mark live objects
[2026-05-06T01:03:26.519+0100][2.806s][info][gc,phases      ] GC(32) Phase 1: Mark live objects 2.288ms
[2026-05-06T01:03:26.519+0100][2.806s][info][gc,phases,start] GC(32) Phase 2: Prepare compaction
[2026-05-06T01:03:26.519+0100][2.806s][info][gc,phases      ] GC(32) Phase 2: Prepare compaction 0.277ms
[2026-05-06T01:03:26.519+0100][2.806s][info][gc,phases,start] GC(32) Phase 3: Adjust pointers
[2026-05-06T01:03:26.521+0100][2.808s][info][gc,phases      ] GC(32) Phase 3: Adjust pointers 1.791ms
[2026-05-06T01:03:26.521+0100][2.808s][info][gc,phases,start] GC(32) Phase 4: Compact heap
[2026-05-06T01:03:26.521+0100][2.808s][info][gc,phases      ] GC(32) Phase 4: Compact heap 0.262ms
[2026-05-06T01:03:26.521+0100][2.808s][info][gc,phases,start] GC(32) Phase 5: Reset Metadata
[2026-05-06T01:03:26.522+0100][2.808s][info][gc,phases      ] GC(32) Phase 5: Reset Metadata 0.341ms
[2026-05-06T01:03:26.522+0100][2.809s][info][gc,heap        ] GC(32) Eden regions: 66->0(206)
[2026-05-06T01:03:26.522+0100][2.809s][info][gc,heap        ] GC(32) Survivor regions: 0->0(12)
[2026-05-06T01:03:26.522+0100][2.809s][info][gc,heap        ] GC(32) Old regions: 13->13
[2026-05-06T01:03:26.522+0100][2.809s][info][gc,heap        ] GC(32) Humongous regions: 96->96
[2026-05-06T01:03:26.522+0100][2.809s][info][gc,metaspace   ] GC(32) Metaspace: 18958K(19264K)->18958K(19264K) NonClass: 16721K(16896K)->16721K(16896K) Class: 2236K(2368K)->2236K(2368K)
[2026-05-06T01:03:26.522+0100][2.809s][info][gc             ] GC(32) Pause Full (System.gc()) 333M->203M(688M) 5.603ms
[2026-05-06T01:03:26.522+0100][2.809s][info][gc,cpu         ] GC(32) User=0.02s Sys=0.00s Real=0.01s
[2026-05-06T01:03:26.550+0100][2.837s][info][gc,start       ] GC(33) Pause Full (System.gc())
[2026-05-06T01:03:26.550+0100][2.837s][info][gc,task        ] GC(33) Using 9 workers of 9 for full compaction
[2026-05-06T01:03:26.550+0100][2.837s][info][gc,phases,start] GC(33) Phase 1: Mark live objects
[2026-05-06T01:03:26.552+0100][2.839s][info][gc,phases      ] GC(33) Phase 1: Mark live objects 2.250ms
[2026-05-06T01:03:26.553+0100][2.839s][info][gc,phases,start] GC(33) Phase 2: Prepare compaction
[2026-05-06T01:03:26.553+0100][2.839s][info][gc,phases      ] GC(33) Phase 2: Prepare compaction 0.248ms
[2026-05-06T01:03:26.553+0100][2.839s][info][gc,phases,start] GC(33) Phase 3: Adjust pointers
[2026-05-06T01:03:26.555+0100][2.841s][info][gc,phases      ] GC(33) Phase 3: Adjust pointers 1.726ms
[2026-05-06T01:03:26.555+0100][2.841s][info][gc,phases,start] GC(33) Phase 4: Compact heap
[2026-05-06T01:03:26.555+0100][2.841s][info][gc,phases      ] GC(33) Phase 4: Compact heap 0.232ms
[2026-05-06T01:03:26.555+0100][2.841s][info][gc,phases,start] GC(33) Phase 5: Reset Metadata
[2026-05-06T01:03:26.555+0100][2.842s][info][gc,phases      ] GC(33) Phase 5: Reset Metadata 0.419ms
[2026-05-06T01:03:26.556+0100][2.842s][info][gc,heap        ] GC(33) Eden regions: 10->0(206)
[2026-05-06T01:03:26.556+0100][2.842s][info][gc,heap        ] GC(33) Survivor regions: 0->0(12)
[2026-05-06T01:03:26.556+0100][2.842s][info][gc,heap        ] GC(33) Old regions: 13->13
[2026-05-06T01:03:26.556+0100][2.842s][info][gc,heap        ] GC(33) Humongous regions: 96->96
[2026-05-06T01:03:26.556+0100][2.842s][info][gc,metaspace   ] GC(33) Metaspace: 18983K(19328K)->18983K(19328K) NonClass: 16746K(16960K)->16746K(16960K) Class: 2236K(2368K)->2236K(2368K)
[2026-05-06T01:03:26.556+0100][2.842s][info][gc             ] GC(33) Pause Full (System.gc()) 222M->203M(688M) 5.653ms
[2026-05-06T01:03:26.556+0100][2.842s][info][gc,cpu         ] GC(33) User=0.02s Sys=0.00s Real=0.00s
[2026-05-06T01:03:26.561+0100][2.848s][info][gc,start       ] GC(34) Pause Full (System.gc())
[2026-05-06T01:03:26.561+0100][2.848s][info][gc,task        ] GC(34) Using 9 workers of 9 for full compaction
[2026-05-06T01:03:26.561+0100][2.848s][info][gc,phases,start] GC(34) Phase 1: Mark live objects
[2026-05-06T01:03:26.563+0100][2.850s][info][gc,phases      ] GC(34) Phase 1: Mark live objects 2.141ms
[2026-05-06T01:03:26.563+0100][2.850s][info][gc,phases,start] GC(34) Phase 2: Prepare compaction
[2026-05-06T01:03:26.564+0100][2.850s][info][gc,phases      ] GC(34) Phase 2: Prepare compaction 0.226ms
[2026-05-06T01:03:26.564+0100][2.850s][info][gc,phases,start] GC(34) Phase 3: Adjust pointers
[2026-05-06T01:03:26.565+0100][2.852s][info][gc,phases      ] GC(34) Phase 3: Adjust pointers 1.574ms
[2026-05-06T01:03:26.565+0100][2.852s][info][gc,phases,start] GC(34) Phase 4: Compact heap
[2026-05-06T01:03:26.565+0100][2.852s][info][gc,phases      ] GC(34) Phase 4: Compact heap 0.245ms
[2026-05-06T01:03:26.565+0100][2.852s][info][gc,phases,start] GC(34) Phase 5: Reset Metadata
[2026-05-06T01:03:26.566+0100][2.852s][info][gc,phases      ] GC(34) Phase 5: Reset Metadata 0.331ms
[2026-05-06T01:03:26.566+0100][2.853s][info][gc,heap        ] GC(34) Eden regions: 10->0(206)
[2026-05-06T01:03:26.566+0100][2.853s][info][gc,heap        ] GC(34) Survivor regions: 0->0(12)
[2026-05-06T01:03:26.566+0100][2.853s][info][gc,heap        ] GC(34) Old regions: 13->13
[2026-05-06T01:03:26.566+0100][2.853s][info][gc,heap        ] GC(34) Humongous regions: 96->96
[2026-05-06T01:03:26.566+0100][2.853s][info][gc,metaspace   ] GC(34) Metaspace: 18986K(19328K)->18986K(19328K) NonClass: 16750K(16960K)->16750K(16960K) Class: 2236K(2368K)->2236K(2368K)
[2026-05-06T01:03:26.566+0100][2.853s][info][gc             ] GC(34) Pause Full (System.gc()) 222M->203M(688M) 5.152ms
[2026-05-06T01:03:26.566+0100][2.853s][info][gc,cpu         ] GC(34) User=0.02s Sys=0.01s Real=0.00s
[2026-05-06T01:03:26.595+0100][2.882s][info][gc,start       ] GC(35) Pause Full (System.gc())
[2026-05-06T01:03:26.595+0100][2.882s][info][gc,task        ] GC(35) Using 9 workers of 9 for full compaction
[2026-05-06T01:03:26.595+0100][2.882s][info][gc,phases,start] GC(35) Phase 1: Mark live objects
[2026-05-06T01:03:26.597+0100][2.884s][info][gc,phases      ] GC(35) Phase 1: Mark live objects 2.186ms
[2026-05-06T01:03:26.597+0100][2.884s][info][gc,phases,start] GC(35) Phase 2: Prepare compaction
[2026-05-06T01:03:26.598+0100][2.884s][info][gc,phases      ] GC(35) Phase 2: Prepare compaction 0.223ms
[2026-05-06T01:03:26.598+0100][2.884s][info][gc,phases,start] GC(35) Phase 3: Adjust pointers
[2026-05-06T01:03:26.599+0100][2.886s][info][gc,phases      ] GC(35) Phase 3: Adjust pointers 1.569ms
[2026-05-06T01:03:26.599+0100][2.886s][info][gc,phases,start] GC(35) Phase 4: Compact heap
[2026-05-06T01:03:26.599+0100][2.886s][info][gc,phases      ] GC(35) Phase 4: Compact heap 0.206ms
[2026-05-06T01:03:26.599+0100][2.886s][info][gc,phases,start] GC(35) Phase 5: Reset Metadata
[2026-05-06T01:03:26.600+0100][2.886s][info][gc,phases      ] GC(35) Phase 5: Reset Metadata 0.341ms
[2026-05-06T01:03:26.600+0100][2.887s][info][gc,heap        ] GC(35) Eden regions: 7->0(206)
[2026-05-06T01:03:26.600+0100][2.887s][info][gc,heap        ] GC(35) Survivor regions: 0->0(12)
[2026-05-06T01:03:26.600+0100][2.887s][info][gc,heap        ] GC(35) Old regions: 13->13
[2026-05-06T01:03:26.600+0100][2.887s][info][gc,heap        ] GC(35) Humongous regions: 108->96
[2026-05-06T01:03:26.600+0100][2.887s][info][gc,metaspace   ] GC(35) Metaspace: 18986K(19328K)->18986K(19328K) NonClass: 16750K(16960K)->16750K(16960K) Class: 2236K(2368K)->2236K(2368K)
[2026-05-06T01:03:26.600+0100][2.887s][info][gc             ] GC(35) Pause Full (System.gc()) 240M->203M(688M) 5.093ms
[2026-05-06T01:03:26.600+0100][2.887s][info][gc,cpu         ] GC(35) User=0.02s Sys=0.00s Real=0.01s
[2026-05-06T01:03:26.687+0100][2.974s][info][gc,start       ] GC(36) Pause Young (Concurrent Start) (G1 Humongous Allocation)
[2026-05-06T01:03:26.687+0100][2.974s][info][gc,task        ] GC(36) Using 9 workers of 9 for evacuation
[2026-05-06T01:03:26.688+0100][2.974s][info][gc,phases      ] GC(36)   Pre Evacuate Collection Set: 0.1ms
[2026-05-06T01:03:26.688+0100][2.974s][info][gc,phases      ] GC(36)   Merge Heap Roots: 0.0ms
[2026-05-06T01:03:26.688+0100][2.974s][info][gc,phases      ] GC(36)   Evacuate Collection Set: 0.2ms
[2026-05-06T01:03:26.688+0100][2.974s][info][gc,phases      ] GC(36)   Post Evacuate Collection Set: 0.1ms
[2026-05-06T01:03:26.688+0100][2.975s][info][gc,phases      ] GC(36)   Other: 0.0ms
[2026-05-06T01:03:26.688+0100][2.975s][info][gc,heap        ] GC(36) Eden regions: 1->0(205)
[2026-05-06T01:03:26.688+0100][2.975s][info][gc,heap        ] GC(36) Survivor regions: 0->1(26)
[2026-05-06T01:03:26.688+0100][2.975s][info][gc,heap        ] GC(36) Old regions: 13->13
[2026-05-06T01:03:26.688+0100][2.975s][info][gc,heap        ] GC(36) Humongous regions: 140->96
[2026-05-06T01:03:26.688+0100][2.975s][info][gc,metaspace   ] GC(36) Metaspace: 18986K(19328K)->18986K(19328K) NonClass: 16750K(16960K)->16750K(16960K) Class: 2236K(2368K)->2236K(2368K)
[2026-05-06T01:03:26.688+0100][2.975s][info][gc             ] GC(36) Pause Young (Concurrent Start) (G1 Humongous Allocation) 292M->203M(688M) 0.576ms
[2026-05-06T01:03:26.688+0100][2.975s][info][gc,cpu         ] GC(36) User=0.00s Sys=0.01s Real=0.00s
[2026-05-06T01:03:26.688+0100][2.975s][info][gc             ] GC(37) Concurrent Undo Cycle
[2026-05-06T01:03:26.688+0100][2.975s][info][gc,marking     ] GC(37) Concurrent Clear Claimed Marks
[2026-05-06T01:03:26.688+0100][2.975s][info][gc,marking     ] GC(37) Concurrent Clear Claimed Marks 0.007ms
[2026-05-06T01:03:26.688+0100][2.975s][info][gc,marking     ] GC(37) Concurrent Cleanup for Next Mark
[2026-05-06T01:03:26.688+0100][2.975s][info][gc,marking     ] GC(37) Concurrent Cleanup for Next Mark 0.028ms
[2026-05-06T01:03:26.688+0100][2.975s][info][gc             ] GC(37) Concurrent Undo Cycle 0.061ms
[2026-05-06T01:03:26.701+0100][2.988s][info][gc,start       ] GC(38) Pause Full (System.gc())
[2026-05-06T01:03:26.701+0100][2.988s][info][gc,task        ] GC(38) Using 9 workers of 9 for full compaction
[2026-05-06T01:03:26.701+0100][2.988s][info][gc,phases,start] GC(38) Phase 1: Mark live objects
[2026-05-06T01:03:26.703+0100][2.990s][info][gc,phases      ] GC(38) Phase 1: Mark live objects 2.300ms
[2026-05-06T01:03:26.703+0100][2.990s][info][gc,phases,start] GC(38) Phase 2: Prepare compaction
[2026-05-06T01:03:26.704+0100][2.990s][info][gc,phases      ] GC(38) Phase 2: Prepare compaction 0.237ms
[2026-05-06T01:03:26.704+0100][2.990s][info][gc,phases,start] GC(38) Phase 3: Adjust pointers
[2026-05-06T01:03:26.705+0100][2.992s][info][gc,phases      ] GC(38) Phase 3: Adjust pointers 1.685ms
[2026-05-06T01:03:26.705+0100][2.992s][info][gc,phases,start] GC(38) Phase 4: Compact heap
[2026-05-06T01:03:26.706+0100][2.992s][info][gc,phases      ] GC(38) Phase 4: Compact heap 0.209ms
[2026-05-06T01:03:26.706+0100][2.992s][info][gc,phases,start] GC(38) Phase 5: Reset Metadata
[2026-05-06T01:03:26.706+0100][2.992s][info][gc,phases      ] GC(38) Phase 5: Reset Metadata 0.384ms
[2026-05-06T01:03:26.706+0100][2.993s][info][gc,heap        ] GC(38) Eden regions: 1->0(206)
[2026-05-06T01:03:26.706+0100][2.993s][info][gc,heap        ] GC(38) Survivor regions: 1->0(26)
[2026-05-06T01:03:26.706+0100][2.993s][info][gc,heap        ] GC(38) Old regions: 13->13
[2026-05-06T01:03:26.706+0100][2.993s][info][gc,heap        ] GC(38) Humongous regions: 104->96
[2026-05-06T01:03:26.706+0100][2.993s][info][gc,metaspace   ] GC(38) Metaspace: 18986K(19328K)->18986K(19328K) NonClass: 16750K(16960K)->16750K(16960K) Class: 2236K(2368K)->2236K(2368K)
[2026-05-06T01:03:26.706+0100][2.993s][info][gc             ] GC(38) Pause Full (System.gc()) 220M->203M(688M) 5.478ms
[2026-05-06T01:03:26.706+0100][2.993s][info][gc,cpu         ] GC(38) User=0.02s Sys=0.00s Real=0.00s
[2026-05-06T01:03:26.800+0100][3.087s][info][gc,start       ] GC(39) Pause Young (Concurrent Start) (G1 Humongous Allocation)
[2026-05-06T01:03:26.800+0100][3.087s][info][gc,task        ] GC(39) Using 9 workers of 9 for evacuation
[2026-05-06T01:03:26.801+0100][3.087s][info][gc,phases      ] GC(39)   Pre Evacuate Collection Set: 0.1ms
[2026-05-06T01:03:26.801+0100][3.087s][info][gc,phases      ] GC(39)   Merge Heap Roots: 0.0ms
[2026-05-06T01:03:26.801+0100][3.087s][info][gc,phases      ] GC(39)   Evacuate Collection Set: 0.2ms
[2026-05-06T01:03:26.801+0100][3.087s][info][gc,phases      ] GC(39)   Post Evacuate Collection Set: 0.1ms
[2026-05-06T01:03:26.801+0100][3.087s][info][gc,phases      ] GC(39)   Other: 0.0ms
[2026-05-06T01:03:26.801+0100][3.087s][info][gc,heap        ] GC(39) Eden regions: 2->0(205)
[2026-05-06T01:03:26.801+0100][3.087s][info][gc,heap        ] GC(39) Survivor regions: 0->1(26)
[2026-05-06T01:03:26.801+0100][3.087s][info][gc,heap        ] GC(39) Old regions: 13->13
[2026-05-06T01:03:26.801+0100][3.087s][info][gc,heap        ] GC(39) Humongous regions: 140->96
[2026-05-06T01:03:26.801+0100][3.087s][info][gc,metaspace   ] GC(39) Metaspace: 18987K(19328K)->18987K(19328K) NonClass: 16750K(16960K)->16750K(16960K) Class: 2236K(2368K)->2236K(2368K)
[2026-05-06T01:03:26.801+0100][3.087s][info][gc             ] GC(39) Pause Young (Concurrent Start) (G1 Humongous Allocation) 294M->203M(688M) 0.550ms
[2026-05-06T01:03:26.801+0100][3.087s][info][gc,cpu         ] GC(39) User=0.00s Sys=0.00s Real=0.00s
[2026-05-06T01:03:26.801+0100][3.087s][info][gc             ] GC(40) Concurrent Undo Cycle
[2026-05-06T01:03:26.801+0100][3.087s][info][gc,marking     ] GC(40) Concurrent Clear Claimed Marks
[2026-05-06T01:03:26.801+0100][3.087s][info][gc,marking     ] GC(40) Concurrent Clear Claimed Marks 0.007ms
[2026-05-06T01:03:26.801+0100][3.087s][info][gc,marking     ] GC(40) Concurrent Cleanup for Next Mark
[2026-05-06T01:03:26.801+0100][3.087s][info][gc,marking     ] GC(40) Concurrent Cleanup for Next Mark 0.030ms
[2026-05-06T01:03:26.801+0100][3.087s][info][gc             ] GC(40) Concurrent Undo Cycle 0.067ms
[2026-05-06T01:03:26.813+0100][3.100s][info][gc,start       ] GC(41) Pause Full (System.gc())
[2026-05-06T01:03:26.813+0100][3.100s][info][gc,task        ] GC(41) Using 9 workers of 9 for full compaction
[2026-05-06T01:03:26.814+0100][3.100s][info][gc,phases,start] GC(41) Phase 1: Mark live objects
[2026-05-06T01:03:26.816+0100][3.102s][info][gc,phases      ] GC(41) Phase 1: Mark live objects 2.246ms
[2026-05-06T01:03:26.816+0100][3.102s][info][gc,phases,start] GC(41) Phase 2: Prepare compaction
[2026-05-06T01:03:26.816+0100][3.103s][info][gc,phases      ] GC(41) Phase 2: Prepare compaction 0.243ms
[2026-05-06T01:03:26.816+0100][3.103s][info][gc,phases,start] GC(41) Phase 3: Adjust pointers
[2026-05-06T01:03:26.818+0100][3.104s][info][gc,phases      ] GC(41) Phase 3: Adjust pointers 1.933ms
[2026-05-06T01:03:26.818+0100][3.104s][info][gc,phases,start] GC(41) Phase 4: Compact heap
[2026-05-06T01:03:26.818+0100][3.105s][info][gc,phases      ] GC(41) Phase 4: Compact heap 0.204ms
[2026-05-06T01:03:26.818+0100][3.105s][info][gc,phases,start] GC(41) Phase 5: Reset Metadata
[2026-05-06T01:03:26.819+0100][3.105s][info][gc,phases      ] GC(41) Phase 5: Reset Metadata 0.349ms
[2026-05-06T01:03:26.819+0100][3.106s][info][gc,heap        ] GC(41) Eden regions: 1->0(206)
[2026-05-06T01:03:26.819+0100][3.106s][info][gc,heap        ] GC(41) Survivor regions: 1->0(26)
[2026-05-06T01:03:26.819+0100][3.106s][info][gc,heap        ] GC(41) Old regions: 13->13
[2026-05-06T01:03:26.819+0100][3.106s][info][gc,heap        ] GC(41) Humongous regions: 104->96
[2026-05-06T01:03:26.819+0100][3.106s][info][gc,metaspace   ] GC(41) Metaspace: 18987K(19328K)->18987K(19328K) NonClass: 16750K(16960K)->16750K(16960K) Class: 2236K(2368K)->2236K(2368K)
[2026-05-06T01:03:26.819+0100][3.106s][info][gc             ] GC(41) Pause Full (System.gc()) 221M->203M(688M) 5.637ms
[2026-05-06T01:03:26.819+0100][3.106s][info][gc,cpu         ] GC(41) User=0.02s Sys=0.01s Real=0.00s
[2026-05-06T01:03:26.909+0100][3.195s][info][gc,start       ] GC(42) Pause Young (Concurrent Start) (G1 Humongous Allocation)
[2026-05-06T01:03:26.909+0100][3.195s][info][gc,task        ] GC(42) Using 9 workers of 9 for evacuation
[2026-05-06T01:03:26.909+0100][3.196s][info][gc,phases      ] GC(42)   Pre Evacuate Collection Set: 0.1ms
[2026-05-06T01:03:26.909+0100][3.196s][info][gc,phases      ] GC(42)   Merge Heap Roots: 0.0ms
[2026-05-06T01:03:26.909+0100][3.196s][info][gc,phases      ] GC(42)   Evacuate Collection Set: 0.2ms
[2026-05-06T01:03:26.909+0100][3.196s][info][gc,phases      ] GC(42)   Post Evacuate Collection Set: 0.1ms
[2026-05-06T01:03:26.909+0100][3.196s][info][gc,phases      ] GC(42)   Other: 0.0ms
[2026-05-06T01:03:26.909+0100][3.196s][info][gc,heap        ] GC(42) Eden regions: 7->0(205)
[2026-05-06T01:03:26.909+0100][3.196s][info][gc,heap        ] GC(42) Survivor regions: 0->1(26)
[2026-05-06T01:03:26.910+0100][3.196s][info][gc,heap        ] GC(42) Old regions: 13->13
[2026-05-06T01:03:26.910+0100][3.196s][info][gc,heap        ] GC(42) Humongous regions: 140->96
[2026-05-06T01:03:26.910+0100][3.196s][info][gc,metaspace   ] GC(42) Metaspace: 18989K(19328K)->18989K(19328K) NonClass: 16752K(16960K)->16752K(16960K) Class: 2236K(2368K)->2236K(2368K)
[2026-05-06T01:03:26.910+0100][3.196s][info][gc             ] GC(42) Pause Young (Concurrent Start) (G1 Humongous Allocation) 304M->203M(688M) 0.559ms
[2026-05-06T01:03:26.910+0100][3.196s][info][gc,cpu         ] GC(42) User=0.00s Sys=0.00s Real=0.01s
[2026-05-06T01:03:26.910+0100][3.196s][info][gc             ] GC(43) Concurrent Undo Cycle
[2026-05-06T01:03:26.910+0100][3.196s][info][gc,marking     ] GC(43) Concurrent Clear Claimed Marks
[2026-05-06T01:03:26.910+0100][3.196s][info][gc,marking     ] GC(43) Concurrent Clear Claimed Marks 0.007ms
[2026-05-06T01:03:26.910+0100][3.196s][info][gc,marking     ] GC(43) Concurrent Cleanup for Next Mark
[2026-05-06T01:03:26.910+0100][3.196s][info][gc,marking     ] GC(43) Concurrent Cleanup for Next Mark 0.025ms
[2026-05-06T01:03:26.910+0100][3.196s][info][gc             ] GC(43) Concurrent Undo Cycle 0.059ms
[2026-05-06T01:03:26.922+0100][3.209s][info][gc,start       ] GC(44) Pause Full (System.gc())
[2026-05-06T01:03:26.922+0100][3.209s][info][gc,task        ] GC(44) Using 9 workers of 9 for full compaction
[2026-05-06T01:03:26.922+0100][3.209s][info][gc,phases,start] GC(44) Phase 1: Mark live objects
[2026-05-06T01:03:26.925+0100][3.212s][info][gc,phases      ] GC(44) Phase 1: Mark live objects 2.647ms
[2026-05-06T01:03:26.925+0100][3.212s][info][gc,phases,start] GC(44) Phase 2: Prepare compaction
[2026-05-06T01:03:26.925+0100][3.212s][info][gc,phases      ] GC(44) Phase 2: Prepare compaction 0.251ms
[2026-05-06T01:03:26.925+0100][3.212s][info][gc,phases,start] GC(44) Phase 3: Adjust pointers
[2026-05-06T01:03:26.927+0100][3.214s][info][gc,phases      ] GC(44) Phase 3: Adjust pointers 1.678ms
[2026-05-06T01:03:26.927+0100][3.214s][info][gc,phases,start] GC(44) Phase 4: Compact heap
[2026-05-06T01:03:26.927+0100][3.214s][info][gc,phases      ] GC(44) Phase 4: Compact heap 0.218ms
[2026-05-06T01:03:26.927+0100][3.214s][info][gc,phases,start] GC(44) Phase 5: Reset Metadata
[2026-05-06T01:03:26.928+0100][3.214s][info][gc,phases      ] GC(44) Phase 5: Reset Metadata 0.345ms
[2026-05-06T01:03:26.928+0100][3.215s][info][gc,heap        ] GC(44) Eden regions: 1->0(206)
[2026-05-06T01:03:26.928+0100][3.215s][info][gc,heap        ] GC(44) Survivor regions: 1->0(26)
[2026-05-06T01:03:26.928+0100][3.215s][info][gc,heap        ] GC(44) Old regions: 13->13
[2026-05-06T01:03:26.928+0100][3.215s][info][gc,heap        ] GC(44) Humongous regions: 104->96
[2026-05-06T01:03:26.928+0100][3.215s][info][gc,metaspace   ] GC(44) Metaspace: 18989K(19328K)->18989K(19328K) NonClass: 16752K(16960K)->16752K(16960K) Class: 2236K(2368K)->2236K(2368K)
[2026-05-06T01:03:26.928+0100][3.215s][info][gc             ] GC(44) Pause Full (System.gc()) 221M->203M(688M) 5.749ms
[2026-05-06T01:03:26.928+0100][3.215s][info][gc,cpu         ] GC(44) User=0.02s Sys=0.01s Real=0.00s
[2026-05-06T01:03:27.017+0100][3.303s][info][gc,start       ] GC(45) Pause Young (Concurrent Start) (G1 Humongous Allocation)
[2026-05-06T01:03:27.017+0100][3.303s][info][gc,task        ] GC(45) Using 9 workers of 9 for evacuation
[2026-05-06T01:03:27.018+0100][3.304s][info][gc,phases      ] GC(45)   Pre Evacuate Collection Set: 0.1ms
[2026-05-06T01:03:27.018+0100][3.304s][info][gc,phases      ] GC(45)   Merge Heap Roots: 0.0ms
[2026-05-06T01:03:27.018+0100][3.304s][info][gc,phases      ] GC(45)   Evacuate Collection Set: 0.2ms
[2026-05-06T01:03:27.018+0100][3.304s][info][gc,phases      ] GC(45)   Post Evacuate Collection Set: 0.8ms
[2026-05-06T01:03:27.018+0100][3.304s][info][gc,phases      ] GC(45)   Other: 0.0ms
[2026-05-06T01:03:27.018+0100][3.304s][info][gc,heap        ] GC(45) Eden regions: 6->0(569)
[2026-05-06T01:03:27.018+0100][3.304s][info][gc,heap        ] GC(45) Survivor regions: 0->1(26)
[2026-05-06T01:03:27.018+0100][3.304s][info][gc,heap        ] GC(45) Old regions: 13->13
[2026-05-06T01:03:27.018+0100][3.304s][info][gc,heap        ] GC(45) Humongous regions: 140->96
[2026-05-06T01:03:27.018+0100][3.304s][info][gc,metaspace   ] GC(45) Metaspace: 18991K(19328K)->18991K(19328K) NonClass: 16755K(16960K)->16755K(16960K) Class: 2236K(2368K)->2236K(2368K)
[2026-05-06T01:03:27.018+0100][3.304s][info][gc             ] GC(45) Pause Young (Concurrent Start) (G1 Humongous Allocation) 303M->203M(1902M) 1.154ms
[2026-05-06T01:03:27.018+0100][3.305s][info][gc,cpu         ] GC(45) User=0.00s Sys=0.00s Real=0.00s
[2026-05-06T01:03:27.018+0100][3.305s][info][gc             ] GC(46) Concurrent Undo Cycle
[2026-05-06T01:03:27.018+0100][3.305s][info][gc,marking     ] GC(46) Concurrent Clear Claimed Marks
[2026-05-06T01:03:27.018+0100][3.305s][info][gc,marking     ] GC(46) Concurrent Clear Claimed Marks 0.008ms
[2026-05-06T01:03:27.018+0100][3.305s][info][gc,marking     ] GC(46) Concurrent Cleanup for Next Mark
[2026-05-06T01:03:27.018+0100][3.305s][info][gc,marking     ] GC(46) Concurrent Cleanup for Next Mark 0.053ms
[2026-05-06T01:03:27.018+0100][3.305s][info][gc             ] GC(46) Concurrent Undo Cycle 0.098ms
[2026-05-06T01:03:27.025+0100][3.311s][info][gc,start       ] GC(47) Pause Full (System.gc())
[2026-05-06T01:03:27.025+0100][3.311s][info][gc,task        ] GC(47) Using 9 workers of 9 for full compaction
[2026-05-06T01:03:27.025+0100][3.311s][info][gc,phases,start] GC(47) Phase 1: Mark live objects
[2026-05-06T01:03:27.028+0100][3.315s][info][gc,phases      ] GC(47) Phase 1: Mark live objects 3.356ms
[2026-05-06T01:03:27.028+0100][3.315s][info][gc,phases,start] GC(47) Phase 2: Prepare compaction
[2026-05-06T01:03:27.028+0100][3.315s][info][gc,phases      ] GC(47) Phase 2: Prepare compaction 0.238ms
[2026-05-06T01:03:27.028+0100][3.315s][info][gc,phases,start] GC(47) Phase 3: Adjust pointers
[2026-05-06T01:03:27.030+0100][3.316s][info][gc,phases      ] GC(47) Phase 3: Adjust pointers 1.593ms
[2026-05-06T01:03:27.030+0100][3.316s][info][gc,phases,start] GC(47) Phase 4: Compact heap
[2026-05-06T01:03:27.030+0100][3.317s][info][gc,phases      ] GC(47) Phase 4: Compact heap 0.227ms
[2026-05-06T01:03:27.030+0100][3.317s][info][gc,phases,start] GC(47) Phase 5: Reset Metadata
[2026-05-06T01:03:27.031+0100][3.317s][info][gc,phases      ] GC(47) Phase 5: Reset Metadata 0.474ms
[2026-05-06T01:03:27.033+0100][3.319s][info][gc,heap        ] GC(47) Eden regions: 1->0(218)
[2026-05-06T01:03:27.033+0100][3.319s][info][gc,heap        ] GC(47) Survivor regions: 1->0(26)
[2026-05-06T01:03:27.033+0100][3.319s][info][gc,heap        ] GC(47) Old regions: 13->13
[2026-05-06T01:03:27.033+0100][3.319s][info][gc,heap        ] GC(47) Humongous regions: 104->96
[2026-05-06T01:03:27.033+0100][3.319s][info][gc,metaspace   ] GC(47) Metaspace: 18991K(19328K)->18991K(19328K) NonClass: 16755K(16960K)->16755K(16960K) Class: 2236K(2368K)->2236K(2368K)
[2026-05-06T01:03:27.033+0100][3.319s][info][gc             ] GC(47) Pause Full (System.gc()) 220M->203M(728M) 8.204ms
[2026-05-06T01:03:27.033+0100][3.319s][info][gc,cpu         ] GC(47) User=0.03s Sys=0.02s Real=0.01s
[2026-05-06T01:03:27.089+0100][3.375s][info][gc,start       ] GC(48) Pause Full (System.gc())
[2026-05-06T01:03:27.089+0100][3.375s][info][gc,task        ] GC(48) Using 9 workers of 9 for full compaction
[2026-05-06T01:03:27.089+0100][3.375s][info][gc,phases,start] GC(48) Phase 1: Mark live objects
[2026-05-06T01:03:27.091+0100][3.377s][info][gc,phases      ] GC(48) Phase 1: Mark live objects 2.141ms
[2026-05-06T01:03:27.091+0100][3.377s][info][gc,phases,start] GC(48) Phase 2: Prepare compaction
[2026-05-06T01:03:27.091+0100][3.378s][info][gc,phases      ] GC(48) Phase 2: Prepare compaction 0.248ms
[2026-05-06T01:03:27.091+0100][3.378s][info][gc,phases,start] GC(48) Phase 3: Adjust pointers
[2026-05-06T01:03:27.093+0100][3.379s][info][gc,phases      ] GC(48) Phase 3: Adjust pointers 1.527ms
[2026-05-06T01:03:27.093+0100][3.379s][info][gc,phases,start] GC(48) Phase 4: Compact heap
[2026-05-06T01:03:27.093+0100][3.379s][info][gc,phases      ] GC(48) Phase 4: Compact heap 0.225ms
[2026-05-06T01:03:27.093+0100][3.379s][info][gc,phases,start] GC(48) Phase 5: Reset Metadata
[2026-05-06T01:03:27.093+0100][3.380s][info][gc,phases      ] GC(48) Phase 5: Reset Metadata 0.353ms
[2026-05-06T01:03:27.094+0100][3.380s][info][gc,heap        ] GC(48) Eden regions: 4->0(218)
[2026-05-06T01:03:27.094+0100][3.380s][info][gc,heap        ] GC(48) Survivor regions: 0->0(26)
[2026-05-06T01:03:27.094+0100][3.380s][info][gc,heap        ] GC(48) Old regions: 13->13
[2026-05-06T01:03:27.094+0100][3.380s][info][gc,heap        ] GC(48) Humongous regions: 148->96
[2026-05-06T01:03:27.094+0100][3.380s][info][gc,metaspace   ] GC(48) Metaspace: 18991K(19328K)->18991K(19328K) NonClass: 16755K(16960K)->16755K(16960K) Class: 2236K(2368K)->2236K(2368K)
[2026-05-06T01:03:27.094+0100][3.380s][info][gc             ] GC(48) Pause Full (System.gc()) 314M->203M(728M) 5.121ms
[2026-05-06T01:03:27.094+0100][3.380s][info][gc,cpu         ] GC(48) User=0.02s Sys=0.01s Real=0.01s
[2026-05-06T01:03:27.150+0100][3.437s][info][gc,start       ] GC(49) Pause Full (System.gc())
[2026-05-06T01:03:27.150+0100][3.437s][info][gc,task        ] GC(49) Using 9 workers of 9 for full compaction
[2026-05-06T01:03:27.150+0100][3.437s][info][gc,phases,start] GC(49) Phase 1: Mark live objects
[2026-05-06T01:03:27.153+0100][3.439s][info][gc,phases      ] GC(49) Phase 1: Mark live objects 2.355ms
[2026-05-06T01:03:27.153+0100][3.439s][info][gc,phases,start] GC(49) Phase 2: Prepare compaction
[2026-05-06T01:03:27.153+0100][3.439s][info][gc,phases      ] GC(49) Phase 2: Prepare compaction 0.258ms
[2026-05-06T01:03:27.153+0100][3.439s][info][gc,phases,start] GC(49) Phase 3: Adjust pointers
[2026-05-06T01:03:27.155+0100][3.441s][info][gc,phases      ] GC(49) Phase 3: Adjust pointers 1.549ms
[2026-05-06T01:03:27.155+0100][3.441s][info][gc,phases,start] GC(49) Phase 4: Compact heap
[2026-05-06T01:03:27.155+0100][3.441s][info][gc,phases      ] GC(49) Phase 4: Compact heap 0.226ms
[2026-05-06T01:03:27.155+0100][3.441s][info][gc,phases,start] GC(49) Phase 5: Reset Metadata
[2026-05-06T01:03:27.155+0100][3.442s][info][gc,phases      ] GC(49) Phase 5: Reset Metadata 0.322ms
[2026-05-06T01:03:27.155+0100][3.442s][info][gc,heap        ] GC(49) Eden regions: 14->0(218)
[2026-05-06T01:03:27.156+0100][3.442s][info][gc,heap        ] GC(49) Survivor regions: 0->0(26)
[2026-05-06T01:03:27.156+0100][3.442s][info][gc,heap        ] GC(49) Old regions: 13->13
[2026-05-06T01:03:27.156+0100][3.442s][info][gc,heap        ] GC(49) Humongous regions: 148->96
[2026-05-06T01:03:27.156+0100][3.442s][info][gc,metaspace   ] GC(49) Metaspace: 18992K(19328K)->18992K(19328K) NonClass: 16755K(16960K)->16755K(16960K) Class: 2236K(2368K)->2236K(2368K)
[2026-05-06T01:03:27.156+0100][3.442s][info][gc             ] GC(49) Pause Full (System.gc()) 335M->203M(728M) 5.315ms
[2026-05-06T01:03:27.156+0100][3.442s][info][gc,cpu         ] GC(49) User=0.02s Sys=0.00s Real=0.00s
[2026-05-06T01:03:27.207+0100][3.493s][info][gc,start       ] GC(50) Pause Full (System.gc())
[2026-05-06T01:03:27.207+0100][3.493s][info][gc,task        ] GC(50) Using 9 workers of 9 for full compaction
[2026-05-06T01:03:27.207+0100][3.493s][info][gc,phases,start] GC(50) Phase 1: Mark live objects
[2026-05-06T01:03:27.209+0100][3.496s][info][gc,phases      ] GC(50) Phase 1: Mark live objects 2.309ms
[2026-05-06T01:03:27.209+0100][3.496s][info][gc,phases,start] GC(50) Phase 2: Prepare compaction
[2026-05-06T01:03:27.209+0100][3.496s][info][gc,phases      ] GC(50) Phase 2: Prepare compaction 0.251ms
[2026-05-06T01:03:27.209+0100][3.496s][info][gc,phases,start] GC(50) Phase 3: Adjust pointers
[2026-05-06T01:03:27.211+0100][3.497s][info][gc,phases      ] GC(50) Phase 3: Adjust pointers 1.632ms
[2026-05-06T01:03:27.211+0100][3.497s][info][gc,phases,start] GC(50) Phase 4: Compact heap
[2026-05-06T01:03:27.211+0100][3.498s][info][gc,phases      ] GC(50) Phase 4: Compact heap 0.233ms
[2026-05-06T01:03:27.211+0100][3.498s][info][gc,phases,start] GC(50) Phase 5: Reset Metadata
[2026-05-06T01:03:27.212+0100][3.498s][info][gc,phases      ] GC(50) Phase 5: Reset Metadata 0.338ms
[2026-05-06T01:03:27.212+0100][3.499s][info][gc,heap        ] GC(50) Eden regions: 11->0(218)
[2026-05-06T01:03:27.212+0100][3.499s][info][gc,heap        ] GC(50) Survivor regions: 0->0(26)
[2026-05-06T01:03:27.212+0100][3.499s][info][gc,heap        ] GC(50) Old regions: 13->13
[2026-05-06T01:03:27.212+0100][3.499s][info][gc,heap        ] GC(50) Humongous regions: 148->96
[2026-05-06T01:03:27.212+0100][3.499s][info][gc,metaspace   ] GC(50) Metaspace: 18993K(19328K)->18993K(19328K) NonClass: 16757K(16960K)->16757K(16960K) Class: 2236K(2368K)->2236K(2368K)
[2026-05-06T01:03:27.212+0100][3.499s][info][gc             ] GC(50) Pause Full (System.gc()) 328M->203M(728M) 5.411ms
[2026-05-06T01:03:27.212+0100][3.499s][info][gc,cpu         ] GC(50) User=0.02s Sys=0.00s Real=0.01s
[2026-05-06T01:03:27.244+0100][3.531s][info][gc,start       ] GC(51) Pause Full (System.gc())
[2026-05-06T01:03:27.244+0100][3.531s][info][gc,task        ] GC(51) Using 9 workers of 9 for full compaction
[2026-05-06T01:03:27.244+0100][3.531s][info][gc,phases,start] GC(51) Phase 1: Mark live objects
[2026-05-06T01:03:27.247+0100][3.533s][info][gc,phases      ] GC(51) Phase 1: Mark live objects 2.503ms
[2026-05-06T01:03:27.247+0100][3.533s][info][gc,phases,start] GC(51) Phase 2: Prepare compaction
[2026-05-06T01:03:27.247+0100][3.534s][info][gc,phases      ] GC(51) Phase 2: Prepare compaction 0.268ms
[2026-05-06T01:03:27.247+0100][3.534s][info][gc,phases,start] GC(51) Phase 3: Adjust pointers
[2026-05-06T01:03:27.249+0100][3.536s][info][gc,phases      ] GC(51) Phase 3: Adjust pointers 2.042ms
[2026-05-06T01:03:27.249+0100][3.536s][info][gc,phases,start] GC(51) Phase 4: Compact heap
[2026-05-06T01:03:27.249+0100][3.536s][info][gc,phases      ] GC(51) Phase 4: Compact heap 0.205ms
[2026-05-06T01:03:27.249+0100][3.536s][info][gc,phases,start] GC(51) Phase 5: Reset Metadata
[2026-05-06T01:03:27.250+0100][3.536s][info][gc,phases      ] GC(51) Phase 5: Reset Metadata 0.362ms
[2026-05-06T01:03:27.250+0100][3.537s][info][gc,heap        ] GC(51) Eden regions: 7->0(218)
[2026-05-06T01:03:27.250+0100][3.537s][info][gc,heap        ] GC(51) Survivor regions: 0->0(26)
[2026-05-06T01:03:27.250+0100][3.537s][info][gc,heap        ] GC(51) Old regions: 13->13
[2026-05-06T01:03:27.250+0100][3.537s][info][gc,heap        ] GC(51) Humongous regions: 148->96
[2026-05-06T01:03:27.250+0100][3.537s][info][gc,metaspace   ] GC(51) Metaspace: 18994K(19328K)->18994K(19328K) NonClass: 16757K(16960K)->16757K(16960K) Class: 2236K(2368K)->2236K(2368K)
[2026-05-06T01:03:27.250+0100][3.537s][info][gc             ] GC(51) Pause Full (System.gc()) 320M->203M(728M) 6.033ms
[2026-05-06T01:03:27.250+0100][3.537s][info][gc,cpu         ] GC(51) User=0.02s Sys=0.00s Real=0.01s
[2026-05-06T01:03:27.282+0100][3.569s][info][gc,start       ] GC(52) Pause Full (System.gc())
[2026-05-06T01:03:27.282+0100][3.569s][info][gc,task        ] GC(52) Using 9 workers of 9 for full compaction
[2026-05-06T01:03:27.282+0100][3.569s][info][gc,phases,start] GC(52) Phase 1: Mark live objects
[2026-05-06T01:03:27.285+0100][3.571s][info][gc,phases      ] GC(52) Phase 1: Mark live objects 2.597ms
[2026-05-06T01:03:27.285+0100][3.571s][info][gc,phases,start] GC(52) Phase 2: Prepare compaction
[2026-05-06T01:03:27.285+0100][3.572s][info][gc,phases      ] GC(52) Phase 2: Prepare compaction 0.255ms
[2026-05-06T01:03:27.285+0100][3.572s][info][gc,phases,start] GC(52) Phase 3: Adjust pointers
[2026-05-06T01:03:27.287+0100][3.573s][info][gc,phases      ] GC(52) Phase 3: Adjust pointers 1.561ms
[2026-05-06T01:03:27.287+0100][3.573s][info][gc,phases,start] GC(52) Phase 4: Compact heap
[2026-05-06T01:03:27.287+0100][3.573s][info][gc,phases      ] GC(52) Phase 4: Compact heap 0.239ms
[2026-05-06T01:03:27.287+0100][3.574s][info][gc,phases,start] GC(52) Phase 5: Reset Metadata
[2026-05-06T01:03:27.287+0100][3.574s][info][gc,phases      ] GC(52) Phase 5: Reset Metadata 0.348ms
[2026-05-06T01:03:27.288+0100][3.574s][info][gc,heap        ] GC(52) Eden regions: 28->0(218)
[2026-05-06T01:03:27.288+0100][3.574s][info][gc,heap        ] GC(52) Survivor regions: 0->0(26)
[2026-05-06T01:03:27.288+0100][3.574s][info][gc,heap        ] GC(52) Old regions: 13->13
[2026-05-06T01:03:27.288+0100][3.574s][info][gc,heap        ] GC(52) Humongous regions: 148->96
[2026-05-06T01:03:27.288+0100][3.574s][info][gc,metaspace   ] GC(52) Metaspace: 18995K(19328K)->18995K(19328K) NonClass: 16758K(16960K)->16758K(16960K) Class: 2236K(2368K)->2236K(2368K)
[2026-05-06T01:03:27.288+0100][3.574s][info][gc             ] GC(52) Pause Full (System.gc()) 363M->203M(728M) 5.651ms
[2026-05-06T01:03:27.288+0100][3.574s][info][gc,cpu         ] GC(52) User=0.02s Sys=0.01s Real=0.00s
[2026-05-06T01:03:27.319+0100][3.605s][info][gc,start       ] GC(53) Pause Full (System.gc())
[2026-05-06T01:03:27.319+0100][3.605s][info][gc,task        ] GC(53) Using 9 workers of 9 for full compaction
[2026-05-06T01:03:27.319+0100][3.605s][info][gc,phases,start] GC(53) Phase 1: Mark live objects
[2026-05-06T01:03:27.321+0100][3.608s][info][gc,phases      ] GC(53) Phase 1: Mark live objects 2.376ms
[2026-05-06T01:03:27.321+0100][3.608s][info][gc,phases,start] GC(53) Phase 2: Prepare compaction
[2026-05-06T01:03:27.321+0100][3.608s][info][gc,phases      ] GC(53) Phase 2: Prepare compaction 0.263ms
[2026-05-06T01:03:27.321+0100][3.608s][info][gc,phases,start] GC(53) Phase 3: Adjust pointers
[2026-05-06T01:03:27.323+0100][3.610s][info][gc,phases      ] GC(53) Phase 3: Adjust pointers 1.710ms
[2026-05-06T01:03:27.323+0100][3.610s][info][gc,phases,start] GC(53) Phase 4: Compact heap
[2026-05-06T01:03:27.323+0100][3.610s][info][gc,phases      ] GC(53) Phase 4: Compact heap 0.222ms
[2026-05-06T01:03:27.323+0100][3.610s][info][gc,phases,start] GC(53) Phase 5: Reset Metadata
[2026-05-06T01:03:27.324+0100][3.610s][info][gc,phases      ] GC(53) Phase 5: Reset Metadata 0.375ms
[2026-05-06T01:03:27.324+0100][3.611s][info][gc,heap        ] GC(53) Eden regions: 22->0(218)
[2026-05-06T01:03:27.324+0100][3.611s][info][gc,heap        ] GC(53) Survivor regions: 0->0(26)
[2026-05-06T01:03:27.324+0100][3.611s][info][gc,heap        ] GC(53) Old regions: 13->13
[2026-05-06T01:03:27.324+0100][3.611s][info][gc,heap        ] GC(53) Humongous regions: 148->96
[2026-05-06T01:03:27.324+0100][3.611s][info][gc,metaspace   ] GC(53) Metaspace: 18998K(19328K)->18998K(19328K) NonClass: 16761K(16960K)->16761K(16960K) Class: 2236K(2368K)->2236K(2368K)
[2026-05-06T01:03:27.324+0100][3.611s][info][gc             ] GC(53) Pause Full (System.gc()) 351M->203M(728M) 5.679ms
[2026-05-06T01:03:27.324+0100][3.611s][info][gc,cpu         ] GC(53) User=0.02s Sys=0.00s Real=0.01s
[2026-05-06T01:03:27.351+0100][3.638s][info][gc,start       ] GC(54) Pause Full (System.gc())
[2026-05-06T01:03:27.352+0100][3.638s][info][gc,task        ] GC(54) Using 9 workers of 9 for full compaction
[2026-05-06T01:03:27.352+0100][3.638s][info][gc,phases,start] GC(54) Phase 1: Mark live objects
[2026-05-06T01:03:27.354+0100][3.641s][info][gc,phases      ] GC(54) Phase 1: Mark live objects 2.949ms
[2026-05-06T01:03:27.355+0100][3.641s][info][gc,phases,start] GC(54) Phase 2: Prepare compaction
[2026-05-06T01:03:27.355+0100][3.641s][info][gc,phases      ] GC(54) Phase 2: Prepare compaction 0.244ms
[2026-05-06T01:03:27.355+0100][3.641s][info][gc,phases,start] GC(54) Phase 3: Adjust pointers
[2026-05-06T01:03:27.356+0100][3.643s][info][gc,phases      ] GC(54) Phase 3: Adjust pointers 1.568ms
[2026-05-06T01:03:27.356+0100][3.643s][info][gc,phases,start] GC(54) Phase 4: Compact heap
[2026-05-06T01:03:27.357+0100][3.643s][info][gc,phases      ] GC(54) Phase 4: Compact heap 0.214ms
[2026-05-06T01:03:27.357+0100][3.643s][info][gc,phases,start] GC(54) Phase 5: Reset Metadata
[2026-05-06T01:03:27.357+0100][3.643s][info][gc,phases      ] GC(54) Phase 5: Reset Metadata 0.373ms
[2026-05-06T01:03:27.357+0100][3.644s][info][gc,heap        ] GC(54) Eden regions: 13->0(218)
[2026-05-06T01:03:27.357+0100][3.644s][info][gc,heap        ] GC(54) Survivor regions: 0->0(26)
[2026-05-06T01:03:27.357+0100][3.644s][info][gc,heap        ] GC(54) Old regions: 13->13
[2026-05-06T01:03:27.357+0100][3.644s][info][gc,heap        ] GC(54) Humongous regions: 148->96
[2026-05-06T01:03:27.357+0100][3.644s][info][gc,metaspace   ] GC(54) Metaspace: 18999K(19328K)->18999K(19328K) NonClass: 16762K(16960K)->16762K(16960K) Class: 2236K(2368K)->2236K(2368K)
[2026-05-06T01:03:27.357+0100][3.644s][info][gc             ] GC(54) Pause Full (System.gc()) 332M->203M(728M) 5.974ms
[2026-05-06T01:03:27.357+0100][3.644s][info][gc,cpu         ] GC(54) User=0.02s Sys=0.00s Real=0.00s
[2026-05-06T01:03:27.385+0100][3.672s][info][gc,start       ] GC(55) Pause Full (System.gc())
[2026-05-06T01:03:27.385+0100][3.672s][info][gc,task        ] GC(55) Using 9 workers of 9 for full compaction
[2026-05-06T01:03:27.385+0100][3.672s][info][gc,phases,start] GC(55) Phase 1: Mark live objects
[2026-05-06T01:03:27.388+0100][3.674s][info][gc,phases      ] GC(55) Phase 1: Mark live objects 2.526ms
[2026-05-06T01:03:27.388+0100][3.674s][info][gc,phases,start] GC(55) Phase 2: Prepare compaction
[2026-05-06T01:03:27.388+0100][3.675s][info][gc,phases      ] GC(55) Phase 2: Prepare compaction 0.307ms
[2026-05-06T01:03:27.388+0100][3.675s][info][gc,phases,start] GC(55) Phase 3: Adjust pointers
[2026-05-06T01:03:27.390+0100][3.676s][info][gc,phases      ] GC(55) Phase 3: Adjust pointers 1.654ms
[2026-05-06T01:03:27.390+0100][3.676s][info][gc,phases,start] GC(55) Phase 4: Compact heap
[2026-05-06T01:03:27.390+0100][3.677s][info][gc,phases      ] GC(55) Phase 4: Compact heap 0.234ms
[2026-05-06T01:03:27.390+0100][3.677s][info][gc,phases,start] GC(55) Phase 5: Reset Metadata
[2026-05-06T01:03:27.391+0100][3.677s][info][gc,phases      ] GC(55) Phase 5: Reset Metadata 0.332ms
[2026-05-06T01:03:27.391+0100][3.678s][info][gc,heap        ] GC(55) Eden regions: 54->0(218)
[2026-05-06T01:03:27.391+0100][3.678s][info][gc,heap        ] GC(55) Survivor regions: 0->0(26)
[2026-05-06T01:03:27.391+0100][3.678s][info][gc,heap        ] GC(55) Old regions: 13->13
[2026-05-06T01:03:27.391+0100][3.678s][info][gc,heap        ] GC(55) Humongous regions: 148->96
[2026-05-06T01:03:27.391+0100][3.678s][info][gc,metaspace   ] GC(55) Metaspace: 19001K(19328K)->19001K(19328K) NonClass: 16764K(16960K)->16764K(16960K) Class: 2236K(2368K)->2236K(2368K)
[2026-05-06T01:03:27.391+0100][3.678s][info][gc             ] GC(55) Pause Full (System.gc()) 415M->203M(728M) 5.672ms
[2026-05-06T01:03:27.391+0100][3.678s][info][gc,cpu         ] GC(55) User=0.02s Sys=0.01s Real=0.01s
[2026-05-06T01:03:27.419+0100][3.705s][info][gc,start       ] GC(56) Pause Full (System.gc())
[2026-05-06T01:03:27.419+0100][3.705s][info][gc,task        ] GC(56) Using 9 workers of 9 for full compaction
[2026-05-06T01:03:27.419+0100][3.705s][info][gc,phases,start] GC(56) Phase 1: Mark live objects
[2026-05-06T01:03:27.421+0100][3.708s][info][gc,phases      ] GC(56) Phase 1: Mark live objects 2.325ms
[2026-05-06T01:03:27.421+0100][3.708s][info][gc,phases,start] GC(56) Phase 2: Prepare compaction
[2026-05-06T01:03:27.421+0100][3.708s][info][gc,phases      ] GC(56) Phase 2: Prepare compaction 0.281ms
[2026-05-06T01:03:27.421+0100][3.708s][info][gc,phases,start] GC(56) Phase 3: Adjust pointers
[2026-05-06T01:03:27.423+0100][3.710s][info][gc,phases      ] GC(56) Phase 3: Adjust pointers 1.872ms
[2026-05-06T01:03:27.423+0100][3.710s][info][gc,phases,start] GC(56) Phase 4: Compact heap
[2026-05-06T01:03:27.424+0100][3.710s][info][gc,phases      ] GC(56) Phase 4: Compact heap 0.264ms
[2026-05-06T01:03:27.424+0100][3.710s][info][gc,phases,start] GC(56) Phase 5: Reset Metadata
[2026-05-06T01:03:27.424+0100][3.710s][info][gc,phases      ] GC(56) Phase 5: Reset Metadata 0.355ms
[2026-05-06T01:03:27.424+0100][3.711s][info][gc,heap        ] GC(56) Eden regions: 44->0(218)
[2026-05-06T01:03:27.424+0100][3.711s][info][gc,heap        ] GC(56) Survivor regions: 0->0(26)
[2026-05-06T01:03:27.424+0100][3.711s][info][gc,heap        ] GC(56) Old regions: 13->13
[2026-05-06T01:03:27.424+0100][3.711s][info][gc,heap        ] GC(56) Humongous regions: 148->96
[2026-05-06T01:03:27.424+0100][3.711s][info][gc,metaspace   ] GC(56) Metaspace: 19010K(19328K)->19010K(19328K) NonClass: 16773K(16960K)->16773K(16960K) Class: 2236K(2368K)->2236K(2368K)
[2026-05-06T01:03:27.424+0100][3.711s][info][gc             ] GC(56) Pause Full (System.gc()) 394M->203M(728M) 5.715ms
[2026-05-06T01:03:27.424+0100][3.711s][info][gc,cpu         ] GC(56) User=0.03s Sys=0.00s Real=0.01s
[2026-05-06T01:03:27.451+0100][3.738s][info][gc,start       ] GC(57) Pause Full (System.gc())
[2026-05-06T01:03:27.451+0100][3.738s][info][gc,task        ] GC(57) Using 9 workers of 9 for full compaction
[2026-05-06T01:03:27.451+0100][3.738s][info][gc,phases,start] GC(57) Phase 1: Mark live objects
[2026-05-06T01:03:27.454+0100][3.741s][info][gc,phases      ] GC(57) Phase 1: Mark live objects 2.645ms
[2026-05-06T01:03:27.454+0100][3.741s][info][gc,phases,start] GC(57) Phase 2: Prepare compaction
[2026-05-06T01:03:27.454+0100][3.741s][info][gc,phases      ] GC(57) Phase 2: Prepare compaction 0.251ms
[2026-05-06T01:03:27.454+0100][3.741s][info][gc,phases,start] GC(57) Phase 3: Adjust pointers
[2026-05-06T01:03:27.456+0100][3.743s][info][gc,phases      ] GC(57) Phase 3: Adjust pointers 1.807ms
[2026-05-06T01:03:27.456+0100][3.743s][info][gc,phases,start] GC(57) Phase 4: Compact heap
[2026-05-06T01:03:27.456+0100][3.743s][info][gc,phases      ] GC(57) Phase 4: Compact heap 0.234ms
[2026-05-06T01:03:27.457+0100][3.743s][info][gc,phases,start] GC(57) Phase 5: Reset Metadata
[2026-05-06T01:03:27.457+0100][3.743s][info][gc,phases      ] GC(57) Phase 5: Reset Metadata 0.365ms
[2026-05-06T01:03:27.458+0100][3.744s][info][gc,heap        ] GC(57) Eden regions: 17->0(218)
[2026-05-06T01:03:27.458+0100][3.744s][info][gc,heap        ] GC(57) Survivor regions: 0->0(26)
[2026-05-06T01:03:27.458+0100][3.744s][info][gc,heap        ] GC(57) Old regions: 13->13
[2026-05-06T01:03:27.458+0100][3.744s][info][gc,heap        ] GC(57) Humongous regions: 148->96
[2026-05-06T01:03:27.458+0100][3.744s][info][gc,metaspace   ] GC(57) Metaspace: 19010K(19328K)->19010K(19328K) NonClass: 16773K(16960K)->16773K(16960K) Class: 2236K(2368K)->2236K(2368K)
[2026-05-06T01:03:27.458+0100][3.744s][info][gc             ] GC(57) Pause Full (System.gc()) 341M->203M(728M) 6.152ms
[2026-05-06T01:03:27.458+0100][3.744s][info][gc,cpu         ] GC(57) User=0.02s Sys=0.01s Real=0.00s
[2026-05-06T01:03:27.485+0100][3.771s][info][gc,start       ] GC(58) Pause Full (System.gc())
[2026-05-06T01:03:27.485+0100][3.771s][info][gc,task        ] GC(58) Using 9 workers of 9 for full compaction
[2026-05-06T01:03:27.485+0100][3.771s][info][gc,phases,start] GC(58) Phase 1: Mark live objects
[2026-05-06T01:03:27.487+0100][3.774s][info][gc,phases      ] GC(58) Phase 1: Mark live objects 2.474ms
[2026-05-06T01:03:27.487+0100][3.774s][info][gc,phases,start] GC(58) Phase 2: Prepare compaction
[2026-05-06T01:03:27.487+0100][3.774s][info][gc,phases      ] GC(58) Phase 2: Prepare compaction 0.271ms
[2026-05-06T01:03:27.487+0100][3.774s][info][gc,phases,start] GC(58) Phase 3: Adjust pointers
[2026-05-06T01:03:27.489+0100][3.776s][info][gc,phases      ] GC(58) Phase 3: Adjust pointers 1.775ms
[2026-05-06T01:03:27.489+0100][3.776s][info][gc,phases,start] GC(58) Phase 4: Compact heap
[2026-05-06T01:03:27.489+0100][3.776s][info][gc,phases      ] GC(58) Phase 4: Compact heap 0.227ms
[2026-05-06T01:03:27.489+0100][3.776s][info][gc,phases,start] GC(58) Phase 5: Reset Metadata
[2026-05-06T01:03:27.490+0100][3.776s][info][gc,phases      ] GC(58) Phase 5: Reset Metadata 0.347ms
[2026-05-06T01:03:27.490+0100][3.777s][info][gc,heap        ] GC(58) Eden regions: 72->0(218)
[2026-05-06T01:03:27.490+0100][3.777s][info][gc,heap        ] GC(58) Survivor regions: 0->0(26)
[2026-05-06T01:03:27.490+0100][3.777s][info][gc,heap        ] GC(58) Old regions: 13->13
[2026-05-06T01:03:27.490+0100][3.777s][info][gc,heap        ] GC(58) Humongous regions: 148->96
[2026-05-06T01:03:27.490+0100][3.777s][info][gc,metaspace   ] GC(58) Metaspace: 19010K(19328K)->19010K(19328K) NonClass: 16773K(16960K)->16773K(16960K) Class: 2236K(2368K)->2236K(2368K)
[2026-05-06T01:03:27.490+0100][3.777s][info][gc             ] GC(58) Pause Full (System.gc()) 451M->203M(728M) 5.771ms
[2026-05-06T01:03:27.490+0100][3.777s][info][gc,cpu         ] GC(58) User=0.03s Sys=0.00s Real=0.01s
[2026-05-06T01:03:27.517+0100][3.804s][info][gc,start       ] GC(59) Pause Full (System.gc())
[2026-05-06T01:03:27.517+0100][3.804s][info][gc,task        ] GC(59) Using 9 workers of 9 for full compaction
[2026-05-06T01:03:27.517+0100][3.804s][info][gc,phases,start] GC(59) Phase 1: Mark live objects
[2026-05-06T01:03:27.520+0100][3.806s][info][gc,phases      ] GC(59) Phase 1: Mark live objects 2.590ms
[2026-05-06T01:03:27.520+0100][3.806s][info][gc,phases,start] GC(59) Phase 2: Prepare compaction
[2026-05-06T01:03:27.520+0100][3.807s][info][gc,phases      ] GC(59) Phase 2: Prepare compaction 0.334ms
[2026-05-06T01:03:27.520+0100][3.807s][info][gc,phases,start] GC(59) Phase 3: Adjust pointers
[2026-05-06T01:03:27.522+0100][3.808s][info][gc,phases      ] GC(59) Phase 3: Adjust pointers 1.702ms
[2026-05-06T01:03:27.522+0100][3.808s][info][gc,phases,start] GC(59) Phase 4: Compact heap
[2026-05-06T01:03:27.522+0100][3.809s][info][gc,phases      ] GC(59) Phase 4: Compact heap 0.211ms
[2026-05-06T01:03:27.522+0100][3.809s][info][gc,phases,start] GC(59) Phase 5: Reset Metadata
[2026-05-06T01:03:27.522+0100][3.809s][info][gc,phases      ] GC(59) Phase 5: Reset Metadata 0.335ms
[2026-05-06T01:03:27.523+0100][3.809s][info][gc,heap        ] GC(59) Eden regions: 59->0(218)
[2026-05-06T01:03:27.523+0100][3.809s][info][gc,heap        ] GC(59) Survivor regions: 0->0(26)
[2026-05-06T01:03:27.523+0100][3.809s][info][gc,heap        ] GC(59) Old regions: 13->13
[2026-05-06T01:03:27.523+0100][3.809s][info][gc,heap        ] GC(59) Humongous regions: 148->96
[2026-05-06T01:03:27.523+0100][3.809s][info][gc,metaspace   ] GC(59) Metaspace: 19010K(19328K)->19010K(19328K) NonClass: 16773K(16960K)->16773K(16960K) Class: 2236K(2368K)->2236K(2368K)
[2026-05-06T01:03:27.523+0100][3.809s][info][gc             ] GC(59) Pause Full (System.gc()) 425M->203M(728M) 5.859ms
[2026-05-06T01:03:27.523+0100][3.809s][info][gc,cpu         ] GC(59) User=0.02s Sys=0.00s Real=0.01s
[2026-05-06T01:03:27.550+0100][3.837s][info][gc,start       ] GC(60) Pause Full (System.gc())
[2026-05-06T01:03:27.550+0100][3.837s][info][gc,task        ] GC(60) Using 9 workers of 9 for full compaction
[2026-05-06T01:03:27.550+0100][3.837s][info][gc,phases,start] GC(60) Phase 1: Mark live objects
[2026-05-06T01:03:27.553+0100][3.839s][info][gc,phases      ] GC(60) Phase 1: Mark live objects 2.310ms
[2026-05-06T01:03:27.553+0100][3.839s][info][gc,phases,start] GC(60) Phase 2: Prepare compaction
[2026-05-06T01:03:27.553+0100][3.839s][info][gc,phases      ] GC(60) Phase 2: Prepare compaction 0.288ms
[2026-05-06T01:03:27.553+0100][3.839s][info][gc,phases,start] GC(60) Phase 3: Adjust pointers
[2026-05-06T01:03:27.555+0100][3.841s][info][gc,phases      ] GC(60) Phase 3: Adjust pointers 1.992ms
[2026-05-06T01:03:27.555+0100][3.841s][info][gc,phases,start] GC(60) Phase 4: Compact heap
[2026-05-06T01:03:27.555+0100][3.842s][info][gc,phases      ] GC(60) Phase 4: Compact heap 0.219ms
[2026-05-06T01:03:27.555+0100][3.842s][info][gc,phases,start] GC(60) Phase 5: Reset Metadata
[2026-05-06T01:03:27.555+0100][3.842s][info][gc,phases      ] GC(60) Phase 5: Reset Metadata 0.343ms
[2026-05-06T01:03:27.556+0100][3.842s][info][gc,heap        ] GC(60) Eden regions: 25->0(218)
[2026-05-06T01:03:27.556+0100][3.842s][info][gc,heap        ] GC(60) Survivor regions: 0->0(26)
[2026-05-06T01:03:27.556+0100][3.842s][info][gc,heap        ] GC(60) Old regions: 13->13
[2026-05-06T01:03:27.556+0100][3.842s][info][gc,heap        ] GC(60) Humongous regions: 148->96
[2026-05-06T01:03:27.556+0100][3.842s][info][gc,metaspace   ] GC(60) Metaspace: 19013K(19328K)->19013K(19328K) NonClass: 16776K(16960K)->16776K(16960K) Class: 2236K(2368K)->2236K(2368K)
[2026-05-06T01:03:27.556+0100][3.842s][info][gc             ] GC(60) Pause Full (System.gc()) 356M->203M(728M) 5.809ms
[2026-05-06T01:03:27.556+0100][3.843s][info][gc,cpu         ] GC(60) User=0.02s Sys=0.00s Real=0.00s
[2026-05-06T01:03:27.583+0100][3.869s][info][gc,start       ] GC(61) Pause Full (System.gc())
[2026-05-06T01:03:27.583+0100][3.869s][info][gc,task        ] GC(61) Using 9 workers of 9 for full compaction
[2026-05-06T01:03:27.583+0100][3.869s][info][gc,phases,start] GC(61) Phase 1: Mark live objects
[2026-05-06T01:03:27.585+0100][3.871s][info][gc,phases      ] GC(61) Phase 1: Mark live objects 2.347ms
[2026-05-06T01:03:27.585+0100][3.871s][info][gc,phases,start] GC(61) Phase 2: Prepare compaction
[2026-05-06T01:03:27.585+0100][3.872s][info][gc,phases      ] GC(61) Phase 2: Prepare compaction 0.324ms
[2026-05-06T01:03:27.585+0100][3.872s][info][gc,phases,start] GC(61) Phase 3: Adjust pointers
[2026-05-06T01:03:27.587+0100][3.874s][info][gc,phases      ] GC(61) Phase 3: Adjust pointers 1.866ms
[2026-05-06T01:03:27.587+0100][3.874s][info][gc,phases,start] GC(61) Phase 4: Compact heap
[2026-05-06T01:03:27.587+0100][3.874s][info][gc,phases      ] GC(61) Phase 4: Compact heap 0.239ms
[2026-05-06T01:03:27.587+0100][3.874s][info][gc,phases,start] GC(61) Phase 5: Reset Metadata
[2026-05-06T01:03:27.588+0100][3.874s][info][gc,phases      ] GC(61) Phase 5: Reset Metadata 0.379ms
[2026-05-06T01:03:27.588+0100][3.875s][info][gc,heap        ] GC(61) Eden regions: 107->0(218)
[2026-05-06T01:03:27.588+0100][3.875s][info][gc,heap        ] GC(61) Survivor regions: 0->0(26)
[2026-05-06T01:03:27.588+0100][3.875s][info][gc,heap        ] GC(61) Old regions: 13->13
[2026-05-06T01:03:27.588+0100][3.875s][info][gc,heap        ] GC(61) Humongous regions: 148->96
[2026-05-06T01:03:27.589+0100][3.875s][info][gc,metaspace   ] GC(61) Metaspace: 19016K(19328K)->19016K(19328K) NonClass: 16780K(16960K)->16780K(16960K) Class: 2236K(2368K)->2236K(2368K)
[2026-05-06T01:03:27.589+0100][3.875s][info][gc             ] GC(61) Pause Full (System.gc()) 521M->203M(728M) 5.985ms
[2026-05-06T01:03:27.589+0100][3.875s][info][gc,cpu         ] GC(61) User=0.02s Sys=0.00s Real=0.00s
[2026-05-06T01:03:27.615+0100][3.902s][info][gc,start       ] GC(62) Pause Full (System.gc())
[2026-05-06T01:03:27.615+0100][3.902s][info][gc,task        ] GC(62) Using 9 workers of 9 for full compaction
[2026-05-06T01:03:27.615+0100][3.902s][info][gc,phases,start] GC(62) Phase 1: Mark live objects
[2026-05-06T01:03:27.619+0100][3.905s][info][gc,phases      ] GC(62) Phase 1: Mark live objects 3.440ms
[2026-05-06T01:03:27.619+0100][3.905s][info][gc,phases,start] GC(62) Phase 2: Prepare compaction
[2026-05-06T01:03:27.619+0100][3.905s][info][gc,phases      ] GC(62) Phase 2: Prepare compaction 0.323ms
[2026-05-06T01:03:27.619+0100][3.905s][info][gc,phases,start] GC(62) Phase 3: Adjust pointers
[2026-05-06T01:03:27.621+0100][3.907s][info][gc,phases      ] GC(62) Phase 3: Adjust pointers 1.735ms
[2026-05-06T01:03:27.621+0100][3.907s][info][gc,phases,start] GC(62) Phase 4: Compact heap
[2026-05-06T01:03:27.621+0100][3.907s][info][gc,phases      ] GC(62) Phase 4: Compact heap 0.217ms
[2026-05-06T01:03:27.621+0100][3.907s][info][gc,phases,start] GC(62) Phase 5: Reset Metadata
[2026-05-06T01:03:27.621+0100][3.908s][info][gc,phases      ] GC(62) Phase 5: Reset Metadata 0.343ms
[2026-05-06T01:03:27.622+0100][3.908s][info][gc,heap        ] GC(62) Eden regions: 88->0(218)
[2026-05-06T01:03:27.622+0100][3.908s][info][gc,heap        ] GC(62) Survivor regions: 0->0(26)
[2026-05-06T01:03:27.622+0100][3.908s][info][gc,heap        ] GC(62) Old regions: 13->13
[2026-05-06T01:03:27.622+0100][3.908s][info][gc,heap        ] GC(62) Humongous regions: 148->96
[2026-05-06T01:03:27.622+0100][3.908s][info][gc,metaspace   ] GC(62) Metaspace: 19017K(19328K)->19017K(19328K) NonClass: 16780K(16960K)->16780K(16960K) Class: 2236K(2368K)->2236K(2368K)
[2026-05-06T01:03:27.622+0100][3.908s][info][gc             ] GC(62) Pause Full (System.gc()) 482M->203M(728M) 6.700ms
[2026-05-06T01:03:27.622+0100][3.908s][info][gc,cpu         ] GC(62) User=0.02s Sys=0.00s Real=0.01s
[2026-05-06T01:03:27.648+0100][3.934s][info][gc,start       ] GC(63) Pause Full (System.gc())
[2026-05-06T01:03:27.648+0100][3.934s][info][gc,task        ] GC(63) Using 9 workers of 9 for full compaction
[2026-05-06T01:03:27.648+0100][3.934s][info][gc,phases,start] GC(63) Phase 1: Mark live objects
[2026-05-06T01:03:27.651+0100][3.937s][info][gc,phases      ] GC(63) Phase 1: Mark live objects 2.606ms
[2026-05-06T01:03:27.651+0100][3.937s][info][gc,phases,start] GC(63) Phase 2: Prepare compaction
[2026-05-06T01:03:27.651+0100][3.937s][info][gc,phases      ] GC(63) Phase 2: Prepare compaction 0.262ms
[2026-05-06T01:03:27.651+0100][3.937s][info][gc,phases,start] GC(63) Phase 3: Adjust pointers
[2026-05-06T01:03:27.653+0100][3.939s][info][gc,phases      ] GC(63) Phase 3: Adjust pointers 1.786ms
[2026-05-06T01:03:27.653+0100][3.939s][info][gc,phases,start] GC(63) Phase 4: Compact heap
[2026-05-06T01:03:27.653+0100][3.939s][info][gc,phases      ] GC(63) Phase 4: Compact heap 0.294ms
[2026-05-06T01:03:27.653+0100][3.939s][info][gc,phases,start] GC(63) Phase 5: Reset Metadata
[2026-05-06T01:03:27.653+0100][3.940s][info][gc,phases      ] GC(63) Phase 5: Reset Metadata 0.377ms
[2026-05-06T01:03:27.654+0100][3.941s][info][gc,heap        ] GC(63) Eden regions: 6->0(218)
[2026-05-06T01:03:27.654+0100][3.941s][info][gc,heap        ] GC(63) Survivor regions: 0->0(26)
[2026-05-06T01:03:27.654+0100][3.941s][info][gc,heap        ] GC(63) Old regions: 13->13
[2026-05-06T01:03:27.654+0100][3.941s][info][gc,heap        ] GC(63) Humongous regions: 148->96
[2026-05-06T01:03:27.654+0100][3.941s][info][gc,metaspace   ] GC(63) Metaspace: 19018K(19328K)->19018K(19328K) NonClass: 16782K(16960K)->16782K(16960K) Class: 2236K(2368K)->2236K(2368K)
[2026-05-06T01:03:27.654+0100][3.941s][info][gc             ] GC(63) Pause Full (System.gc()) 317M->203M(728M) 6.305ms
[2026-05-06T01:03:27.654+0100][3.941s][info][gc,cpu         ] GC(63) User=0.03s Sys=0.00s Real=0.01s
[2026-05-06T01:03:27.681+0100][3.968s][info][gc,start       ] GC(64) Pause Full (System.gc())
[2026-05-06T01:03:27.681+0100][3.968s][info][gc,task        ] GC(64) Using 9 workers of 9 for full compaction
[2026-05-06T01:03:27.681+0100][3.968s][info][gc,phases,start] GC(64) Phase 1: Mark live objects
[2026-05-06T01:03:27.685+0100][3.972s][info][gc,phases      ] GC(64) Phase 1: Mark live objects 3.797ms
[2026-05-06T01:03:27.685+0100][3.972s][info][gc,phases,start] GC(64) Phase 2: Prepare compaction
[2026-05-06T01:03:27.686+0100][3.972s][info][gc,phases      ] GC(64) Phase 2: Prepare compaction 0.259ms
[2026-05-06T01:03:27.686+0100][3.972s][info][gc,phases,start] GC(64) Phase 3: Adjust pointers
[2026-05-06T01:03:27.688+0100][3.974s][info][gc,phases      ] GC(64) Phase 3: Adjust pointers 2.152ms
[2026-05-06T01:03:27.688+0100][3.974s][info][gc,phases,start] GC(64) Phase 4: Compact heap
[2026-05-06T01:03:27.688+0100][3.975s][info][gc,phases      ] GC(64) Phase 4: Compact heap 0.421ms
[2026-05-06T01:03:27.688+0100][3.975s][info][gc,phases,start] GC(64) Phase 5: Reset Metadata
[2026-05-06T01:03:27.689+0100][3.975s][info][gc,phases      ] GC(64) Phase 5: Reset Metadata 0.546ms
[2026-05-06T01:03:27.690+0100][3.976s][info][gc,heap        ] GC(64) Eden regions: 4->0(218)
[2026-05-06T01:03:27.690+0100][3.976s][info][gc,heap        ] GC(64) Survivor regions: 0->0(26)
[2026-05-06T01:03:27.690+0100][3.976s][info][gc,heap        ] GC(64) Old regions: 13->13
[2026-05-06T01:03:27.690+0100][3.976s][info][gc,heap        ] GC(64) Humongous regions: 148->96
[2026-05-06T01:03:27.690+0100][3.976s][info][gc,metaspace   ] GC(64) Metaspace: 19035K(19328K)->19035K(19328K) NonClass: 16798K(16960K)->16798K(16960K) Class: 2236K(2368K)->2236K(2368K)
[2026-05-06T01:03:27.690+0100][3.976s][info][gc             ] GC(64) Pause Full (System.gc()) 315M->203M(728M) 8.262ms
[2026-05-06T01:03:27.690+0100][3.976s][info][gc,cpu         ] GC(64) User=0.02s Sys=0.01s Real=0.01s
[2026-05-06T01:03:27.729+0100][4.015s][info][gc,start       ] GC(65) Pause Young (Concurrent Start) (G1 Humongous Allocation)
[2026-05-06T01:03:27.729+0100][4.015s][info][gc,task        ] GC(65) Using 9 workers of 9 for evacuation
[2026-05-06T01:03:27.729+0100][4.016s][info][gc,phases      ] GC(65)   Pre Evacuate Collection Set: 0.1ms
[2026-05-06T01:03:27.729+0100][4.016s][info][gc,phases      ] GC(65)   Merge Heap Roots: 0.0ms
[2026-05-06T01:03:27.729+0100][4.016s][info][gc,phases      ] GC(65)   Evacuate Collection Set: 0.2ms
[2026-05-06T01:03:27.729+0100][4.016s][info][gc,phases      ] GC(65)   Post Evacuate Collection Set: 0.1ms
[2026-05-06T01:03:27.729+0100][4.016s][info][gc,phases      ] GC(65)   Other: 0.0ms
[2026-05-06T01:03:27.729+0100][4.016s][info][gc,heap        ] GC(65) Eden regions: 4->0(217)
[2026-05-06T01:03:27.729+0100][4.016s][info][gc,heap        ] GC(65) Survivor regions: 0->1(28)
[2026-05-06T01:03:27.729+0100][4.016s][info][gc,heap        ] GC(65) Old regions: 13->13
[2026-05-06T01:03:27.729+0100][4.016s][info][gc,heap        ] GC(65) Humongous regions: 136->96
[2026-05-06T01:03:27.729+0100][4.016s][info][gc,metaspace   ] GC(65) Metaspace: 19035K(19328K)->19035K(19328K) NonClass: 16798K(16960K)->16798K(16960K) Class: 2236K(2368K)->2236K(2368K)
[2026-05-06T01:03:27.730+0100][4.016s][info][gc             ] GC(65) Pause Young (Concurrent Start) (G1 Humongous Allocation) 290M->203M(728M) 0.617ms
[2026-05-06T01:03:27.730+0100][4.016s][info][gc,cpu         ] GC(65) User=0.01s Sys=0.00s Real=0.01s
[2026-05-06T01:03:27.730+0100][4.016s][info][gc             ] GC(66) Concurrent Undo Cycle
[2026-05-06T01:03:27.730+0100][4.016s][info][gc,marking     ] GC(66) Concurrent Clear Claimed Marks
[2026-05-06T01:03:27.730+0100][4.016s][info][gc,marking     ] GC(66) Concurrent Clear Claimed Marks 0.010ms
[2026-05-06T01:03:27.730+0100][4.016s][info][gc,marking     ] GC(66) Concurrent Cleanup for Next Mark
[2026-05-06T01:03:27.730+0100][4.016s][info][gc,marking     ] GC(66) Concurrent Cleanup for Next Mark 0.049ms
[2026-05-06T01:03:27.730+0100][4.016s][info][gc             ] GC(66) Concurrent Undo Cycle 0.098ms
[2026-05-06T01:03:27.807+0100][4.094s][info][gc,start       ] GC(67) Pause Young (Concurrent Start) (G1 Humongous Allocation)
[2026-05-06T01:03:27.807+0100][4.094s][info][gc,task        ] GC(67) Using 9 workers of 9 for evacuation
[2026-05-06T01:03:27.808+0100][4.094s][info][gc,phases      ] GC(67)   Pre Evacuate Collection Set: 0.1ms
[2026-05-06T01:03:27.808+0100][4.094s][info][gc,phases      ] GC(67)   Merge Heap Roots: 0.0ms
[2026-05-06T01:03:27.808+0100][4.094s][info][gc,phases      ] GC(67)   Evacuate Collection Set: 0.2ms
[2026-05-06T01:03:27.808+0100][4.094s][info][gc,phases      ] GC(67)   Post Evacuate Collection Set: 0.1ms
[2026-05-06T01:03:27.808+0100][4.094s][info][gc,phases      ] GC(67)   Other: 0.0ms
[2026-05-06T01:03:27.808+0100][4.094s][info][gc,heap        ] GC(67) Eden regions: 1->0(217)
[2026-05-06T01:03:27.808+0100][4.094s][info][gc,heap        ] GC(67) Survivor regions: 1->1(28)
[2026-05-06T01:03:27.808+0100][4.094s][info][gc,heap        ] GC(67) Old regions: 13->13
[2026-05-06T01:03:27.808+0100][4.094s][info][gc,heap        ] GC(67) Humongous regions: 134->96
[2026-05-06T01:03:27.808+0100][4.095s][info][gc,metaspace   ] GC(67) Metaspace: 19035K(19328K)->19035K(19328K) NonClass: 16798K(16960K)->16798K(16960K) Class: 2236K(2368K)->2236K(2368K)
[2026-05-06T01:03:27.808+0100][4.095s][info][gc             ] GC(67) Pause Young (Concurrent Start) (G1 Humongous Allocation) 280M->203M(728M) 0.716ms
[2026-05-06T01:03:27.808+0100][4.095s][info][gc,cpu         ] GC(67) User=0.00s Sys=0.00s Real=0.00s
[2026-05-06T01:03:27.808+0100][4.095s][info][gc             ] GC(68) Concurrent Undo Cycle
[2026-05-06T01:03:27.808+0100][4.095s][info][gc,marking     ] GC(68) Concurrent Clear Claimed Marks
[2026-05-06T01:03:27.808+0100][4.095s][info][gc,marking     ] GC(68) Concurrent Clear Claimed Marks 0.008ms
[2026-05-06T01:03:27.808+0100][4.095s][info][gc,marking     ] GC(68) Concurrent Cleanup for Next Mark
[2026-05-06T01:03:27.808+0100][4.095s][info][gc,marking     ] GC(68) Concurrent Cleanup for Next Mark 0.043ms
[2026-05-06T01:03:27.808+0100][4.095s][info][gc             ] GC(68) Concurrent Undo Cycle 0.083ms
[2026-05-06T01:03:27.830+0100][4.117s][info][gc,start       ] GC(69) Pause Full (System.gc())
[2026-05-06T01:03:27.831+0100][4.117s][info][gc,task        ] GC(69) Using 9 workers of 9 for full compaction
[2026-05-06T01:03:27.831+0100][4.117s][info][gc,phases,start] GC(69) Phase 1: Mark live objects
[2026-05-06T01:03:27.833+0100][4.120s][info][gc,phases      ] GC(69) Phase 1: Mark live objects 2.803ms
[2026-05-06T01:03:27.833+0100][4.120s][info][gc,phases,start] GC(69) Phase 2: Prepare compaction
[2026-05-06T01:03:27.834+0100][4.120s][info][gc,phases      ] GC(69) Phase 2: Prepare compaction 0.289ms
[2026-05-06T01:03:27.834+0100][4.120s][info][gc,phases,start] GC(69) Phase 3: Adjust pointers
[2026-05-06T01:03:27.836+0100][4.122s][info][gc,phases      ] GC(69) Phase 3: Adjust pointers 2.174ms
[2026-05-06T01:03:27.836+0100][4.122s][info][gc,phases,start] GC(69) Phase 4: Compact heap
[2026-05-06T01:03:27.836+0100][4.123s][info][gc,phases      ] GC(69) Phase 4: Compact heap 0.233ms
[2026-05-06T01:03:27.836+0100][4.123s][info][gc,phases,start] GC(69) Phase 5: Reset Metadata
[2026-05-06T01:03:27.837+0100][4.123s][info][gc,phases      ] GC(69) Phase 5: Reset Metadata 0.361ms
[2026-05-06T01:03:27.837+0100][4.124s][info][gc,heap        ] GC(69) Eden regions: 1->0(218)
[2026-05-06T01:03:27.837+0100][4.124s][info][gc,heap        ] GC(69) Survivor regions: 1->0(28)
[2026-05-06T01:03:27.837+0100][4.124s][info][gc,heap        ] GC(69) Old regions: 13->13
[2026-05-06T01:03:27.837+0100][4.124s][info][gc,heap        ] GC(69) Humongous regions: 115->96
[2026-05-06T01:03:27.837+0100][4.124s][info][gc,metaspace   ] GC(69) Metaspace: 19035K(19328K)->19035K(19328K) NonClass: 16798K(16960K)->16798K(16960K) Class: 2236K(2368K)->2236K(2368K)
[2026-05-06T01:03:27.837+0100][4.124s][info][gc             ] GC(69) Pause Full (System.gc()) 242M->203M(728M) 6.712ms
[2026-05-06T01:03:27.837+0100][4.124s][info][gc,cpu         ] GC(69) User=0.03s Sys=0.01s Real=0.00s
[2026-05-06T01:03:27.930+0100][4.217s][info][gc,start       ] GC(70) Pause Young (Concurrent Start) (G1 Humongous Allocation)
[2026-05-06T01:03:27.930+0100][4.217s][info][gc,task        ] GC(70) Using 9 workers of 9 for evacuation
[2026-05-06T01:03:27.931+0100][4.217s][info][gc,phases      ] GC(70)   Pre Evacuate Collection Set: 0.1ms
[2026-05-06T01:03:27.931+0100][4.217s][info][gc,phases      ] GC(70)   Merge Heap Roots: 0.0ms
[2026-05-06T01:03:27.931+0100][4.217s][info][gc,phases      ] GC(70)   Evacuate Collection Set: 0.2ms
[2026-05-06T01:03:27.931+0100][4.217s][info][gc,phases      ] GC(70)   Post Evacuate Collection Set: 0.2ms
[2026-05-06T01:03:27.931+0100][4.217s][info][gc,phases      ] GC(70)   Other: 0.0ms
[2026-05-06T01:03:27.931+0100][4.217s][info][gc,heap        ] GC(70) Eden regions: 1->0(217)
[2026-05-06T01:03:27.931+0100][4.217s][info][gc,heap        ] GC(70) Survivor regions: 0->1(28)
[2026-05-06T01:03:27.931+0100][4.217s][info][gc,heap        ] GC(70) Old regions: 13->13
[2026-05-06T01:03:27.931+0100][4.217s][info][gc,heap        ] GC(70) Humongous regions: 134->96
[2026-05-06T01:03:27.931+0100][4.217s][info][gc,metaspace   ] GC(70) Metaspace: 19035K(19328K)->19035K(19328K) NonClass: 16798K(16960K)->16798K(16960K) Class: 2236K(2368K)->2236K(2368K)
[2026-05-06T01:03:27.931+0100][4.217s][info][gc             ] GC(70) Pause Young (Concurrent Start) (G1 Humongous Allocation) 280M->203M(728M) 0.657ms
[2026-05-06T01:03:27.931+0100][4.217s][info][gc,cpu         ] GC(70) User=0.00s Sys=0.00s Real=0.00s
[2026-05-06T01:03:27.931+0100][4.217s][info][gc             ] GC(71) Concurrent Undo Cycle
[2026-05-06T01:03:27.931+0100][4.217s][info][gc,marking     ] GC(71) Concurrent Clear Claimed Marks
[2026-05-06T01:03:27.931+0100][4.217s][info][gc,marking     ] GC(71) Concurrent Clear Claimed Marks 0.008ms
[2026-05-06T01:03:27.931+0100][4.217s][info][gc,marking     ] GC(71) Concurrent Cleanup for Next Mark
[2026-05-06T01:03:27.931+0100][4.217s][info][gc,marking     ] GC(71) Concurrent Cleanup for Next Mark 0.054ms
[2026-05-06T01:03:27.931+0100][4.217s][info][gc             ] GC(71) Concurrent Undo Cycle 0.096ms
[2026-05-06T01:03:28.015+0100][4.301s][info][gc,start       ] GC(72) Pause Young (Concurrent Start) (G1 Humongous Allocation)
[2026-05-06T01:03:28.015+0100][4.301s][info][gc,task        ] GC(72) Using 9 workers of 9 for evacuation
[2026-05-06T01:03:28.015+0100][4.302s][info][gc,phases      ] GC(72)   Pre Evacuate Collection Set: 0.1ms
[2026-05-06T01:03:28.015+0100][4.302s][info][gc,phases      ] GC(72)   Merge Heap Roots: 0.0ms
[2026-05-06T01:03:28.015+0100][4.302s][info][gc,phases      ] GC(72)   Evacuate Collection Set: 0.2ms
[2026-05-06T01:03:28.015+0100][4.302s][info][gc,phases      ] GC(72)   Post Evacuate Collection Set: 0.1ms
[2026-05-06T01:03:28.015+0100][4.302s][info][gc,phases      ] GC(72)   Other: 0.0ms
[2026-05-06T01:03:28.015+0100][4.302s][info][gc,heap        ] GC(72) Eden regions: 1->0(217)
[2026-05-06T01:03:28.015+0100][4.302s][info][gc,heap        ] GC(72) Survivor regions: 1->1(28)
[2026-05-06T01:03:28.015+0100][4.302s][info][gc,heap        ] GC(72) Old regions: 13->13
[2026-05-06T01:03:28.015+0100][4.302s][info][gc,heap        ] GC(72) Humongous regions: 134->96
[2026-05-06T01:03:28.015+0100][4.302s][info][gc,metaspace   ] GC(72) Metaspace: 19035K(19328K)->19035K(19328K) NonClass: 16798K(16960K)->16798K(16960K) Class: 2236K(2368K)->2236K(2368K)
[2026-05-06T01:03:28.015+0100][4.302s][info][gc             ] GC(72) Pause Young (Concurrent Start) (G1 Humongous Allocation) 280M->203M(728M) 0.630ms
[2026-05-06T01:03:28.015+0100][4.302s][info][gc,cpu         ] GC(72) User=0.00s Sys=0.01s Real=0.00s
[2026-05-06T01:03:28.015+0100][4.302s][info][gc             ] GC(73) Concurrent Undo Cycle
[2026-05-06T01:03:28.015+0100][4.302s][info][gc,marking     ] GC(73) Concurrent Clear Claimed Marks
[2026-05-06T01:03:28.015+0100][4.302s][info][gc,marking     ] GC(73) Concurrent Clear Claimed Marks 0.008ms
[2026-05-06T01:03:28.015+0100][4.302s][info][gc,marking     ] GC(73) Concurrent Cleanup for Next Mark
[2026-05-06T01:03:28.016+0100][4.302s][info][gc,marking     ] GC(73) Concurrent Cleanup for Next Mark 0.042ms
[2026-05-06T01:03:28.016+0100][4.302s][info][gc             ] GC(73) Concurrent Undo Cycle 0.080ms
[2026-05-06T01:03:28.090+0100][4.376s][info][gc,start       ] GC(74) Pause Young (Concurrent Start) (G1 Humongous Allocation)
[2026-05-06T01:03:28.090+0100][4.376s][info][gc,task        ] GC(74) Using 9 workers of 9 for evacuation
[2026-05-06T01:03:28.090+0100][4.377s][info][gc,phases      ] GC(74)   Pre Evacuate Collection Set: 0.1ms
[2026-05-06T01:03:28.090+0100][4.377s][info][gc,phases      ] GC(74)   Merge Heap Roots: 0.0ms
[2026-05-06T01:03:28.090+0100][4.377s][info][gc,phases      ] GC(74)   Evacuate Collection Set: 0.2ms
[2026-05-06T01:03:28.090+0100][4.377s][info][gc,phases      ] GC(74)   Post Evacuate Collection Set: 0.1ms
[2026-05-06T01:03:28.090+0100][4.377s][info][gc,phases      ] GC(74)   Other: 0.0ms
[2026-05-06T01:03:28.090+0100][4.377s][info][gc,heap        ] GC(74) Eden regions: 1->0(217)
[2026-05-06T01:03:28.090+0100][4.377s][info][gc,heap        ] GC(74) Survivor regions: 1->1(28)
[2026-05-06T01:03:28.090+0100][4.377s][info][gc,heap        ] GC(74) Old regions: 13->13
[2026-05-06T01:03:28.090+0100][4.377s][info][gc,heap        ] GC(74) Humongous regions: 134->96
[2026-05-06T01:03:28.090+0100][4.377s][info][gc,metaspace   ] GC(74) Metaspace: 19035K(19328K)->19035K(19328K) NonClass: 16798K(16960K)->16798K(16960K) Class: 2236K(2368K)->2236K(2368K)
[2026-05-06T01:03:28.090+0100][4.377s][info][gc             ] GC(74) Pause Young (Concurrent Start) (G1 Humongous Allocation) 280M->203M(728M) 0.601ms
[2026-05-06T01:03:28.091+0100][4.377s][info][gc,cpu         ] GC(74) User=0.00s Sys=0.00s Real=0.00s
[2026-05-06T01:03:28.091+0100][4.377s][info][gc             ] GC(75) Concurrent Undo Cycle
[2026-05-06T01:03:28.091+0100][4.377s][info][gc,marking     ] GC(75) Concurrent Clear Claimed Marks
[2026-05-06T01:03:28.091+0100][4.377s][info][gc,marking     ] GC(75) Concurrent Clear Claimed Marks 0.008ms
[2026-05-06T01:03:28.091+0100][4.377s][info][gc,marking     ] GC(75) Concurrent Cleanup for Next Mark
[2026-05-06T01:03:28.091+0100][4.377s][info][gc,marking     ] GC(75) Concurrent Cleanup for Next Mark 0.040ms
[2026-05-06T01:03:28.091+0100][4.377s][info][gc             ] GC(75) Concurrent Undo Cycle 0.097ms
[2026-05-06T01:03:28.163+0100][4.449s][info][gc,start       ] GC(76) Pause Young (Concurrent Start) (G1 Humongous Allocation)
[2026-05-06T01:03:28.163+0100][4.449s][info][gc,task        ] GC(76) Using 9 workers of 9 for evacuation
[2026-05-06T01:03:28.163+0100][4.450s][info][gc,phases      ] GC(76)   Pre Evacuate Collection Set: 0.1ms
[2026-05-06T01:03:28.163+0100][4.450s][info][gc,phases      ] GC(76)   Merge Heap Roots: 0.0ms
[2026-05-06T01:03:28.163+0100][4.450s][info][gc,phases      ] GC(76)   Evacuate Collection Set: 0.2ms
[2026-05-06T01:03:28.163+0100][4.450s][info][gc,phases      ] GC(76)   Post Evacuate Collection Set: 0.2ms
[2026-05-06T01:03:28.163+0100][4.450s][info][gc,phases      ] GC(76)   Other: 0.1ms
[2026-05-06T01:03:28.163+0100][4.450s][info][gc,heap        ] GC(76) Eden regions: 1->0(217)
[2026-05-06T01:03:28.163+0100][4.450s][info][gc,heap        ] GC(76) Survivor regions: 1->1(28)
[2026-05-06T01:03:28.163+0100][4.450s][info][gc,heap        ] GC(76) Old regions: 13->13
[2026-05-06T01:03:28.163+0100][4.450s][info][gc,heap        ] GC(76) Humongous regions: 134->96
[2026-05-06T01:03:28.163+0100][4.450s][info][gc,metaspace   ] GC(76) Metaspace: 19035K(19328K)->19035K(19328K) NonClass: 16798K(16960K)->16798K(16960K) Class: 2236K(2368K)->2236K(2368K)
[2026-05-06T01:03:28.163+0100][4.450s][info][gc             ] GC(76) Pause Young (Concurrent Start) (G1 Humongous Allocation) 280M->203M(728M) 0.653ms
[2026-05-06T01:03:28.163+0100][4.450s][info][gc,cpu         ] GC(76) User=0.00s Sys=0.00s Real=0.00s
[2026-05-06T01:03:28.163+0100][4.450s][info][gc             ] GC(77) Concurrent Undo Cycle
[2026-05-06T01:03:28.163+0100][4.450s][info][gc,marking     ] GC(77) Concurrent Clear Claimed Marks
[2026-05-06T01:03:28.163+0100][4.450s][info][gc,marking     ] GC(77) Concurrent Clear Claimed Marks 0.011ms
[2026-05-06T01:03:28.163+0100][4.450s][info][gc,marking     ] GC(77) Concurrent Cleanup for Next Mark
[2026-05-06T01:03:28.163+0100][4.450s][info][gc,marking     ] GC(77) Concurrent Cleanup for Next Mark 0.053ms
[2026-05-06T01:03:28.163+0100][4.450s][info][gc             ] GC(77) Concurrent Undo Cycle 0.117ms
[2026-05-06T01:03:28.238+0100][4.525s][info][gc,start       ] GC(78) Pause Young (Concurrent Start) (G1 Humongous Allocation)
[2026-05-06T01:03:28.238+0100][4.525s][info][gc,task        ] GC(78) Using 9 workers of 9 for evacuation
[2026-05-06T01:03:28.239+0100][4.525s][info][gc,phases      ] GC(78)   Pre Evacuate Collection Set: 0.1ms
[2026-05-06T01:03:28.239+0100][4.525s][info][gc,phases      ] GC(78)   Merge Heap Roots: 0.0ms
[2026-05-06T01:03:28.239+0100][4.525s][info][gc,phases      ] GC(78)   Evacuate Collection Set: 0.2ms
[2026-05-06T01:03:28.239+0100][4.525s][info][gc,phases      ] GC(78)   Post Evacuate Collection Set: 0.1ms
[2026-05-06T01:03:28.239+0100][4.525s][info][gc,phases      ] GC(78)   Other: 0.0ms
[2026-05-06T01:03:28.239+0100][4.525s][info][gc,heap        ] GC(78) Eden regions: 1->0(217)
[2026-05-06T01:03:28.239+0100][4.525s][info][gc,heap        ] GC(78) Survivor regions: 1->1(28)
[2026-05-06T01:03:28.239+0100][4.525s][info][gc,heap        ] GC(78) Old regions: 13->13
[2026-05-06T01:03:28.239+0100][4.525s][info][gc,heap        ] GC(78) Humongous regions: 134->96
[2026-05-06T01:03:28.239+0100][4.525s][info][gc,metaspace   ] GC(78) Metaspace: 19035K(19328K)->19035K(19328K) NonClass: 16798K(16960K)->16798K(16960K) Class: 2236K(2368K)->2236K(2368K)
[2026-05-06T01:03:28.239+0100][4.525s][info][gc             ] GC(78) Pause Young (Concurrent Start) (G1 Humongous Allocation) 280M->203M(728M) 0.564ms
[2026-05-06T01:03:28.239+0100][4.525s][info][gc,cpu         ] GC(78) User=0.00s Sys=0.00s Real=0.00s
[2026-05-06T01:03:28.239+0100][4.525s][info][gc             ] GC(79) Concurrent Undo Cycle
[2026-05-06T01:03:28.239+0100][4.525s][info][gc,marking     ] GC(79) Concurrent Clear Claimed Marks
[2026-05-06T01:03:28.239+0100][4.525s][info][gc,marking     ] GC(79) Concurrent Clear Claimed Marks 0.008ms
[2026-05-06T01:03:28.239+0100][4.525s][info][gc,marking     ] GC(79) Concurrent Cleanup for Next Mark
[2026-05-06T01:03:28.239+0100][4.525s][info][gc,marking     ] GC(79) Concurrent Cleanup for Next Mark 0.037ms
[2026-05-06T01:03:28.239+0100][4.525s][info][gc             ] GC(79) Concurrent Undo Cycle 0.082ms
[2026-05-06T01:03:28.322+0100][4.609s][info][gc,start       ] GC(80) Pause Young (Concurrent Start) (G1 Humongous Allocation)
[2026-05-06T01:03:28.322+0100][4.609s][info][gc,task        ] GC(80) Using 9 workers of 9 for evacuation
[2026-05-06T01:03:28.323+0100][4.609s][info][gc,phases      ] GC(80)   Pre Evacuate Collection Set: 0.1ms
[2026-05-06T01:03:28.323+0100][4.609s][info][gc,phases      ] GC(80)   Merge Heap Roots: 0.0ms
[2026-05-06T01:03:28.323+0100][4.609s][info][gc,phases      ] GC(80)   Evacuate Collection Set: 0.2ms
[2026-05-06T01:03:28.323+0100][4.609s][info][gc,phases      ] GC(80)   Post Evacuate Collection Set: 0.1ms
[2026-05-06T01:03:28.323+0100][4.609s][info][gc,phases      ] GC(80)   Other: 0.0ms
[2026-05-06T01:03:28.323+0100][4.609s][info][gc,heap        ] GC(80) Eden regions: 1->0(217)
[2026-05-06T01:03:28.323+0100][4.609s][info][gc,heap        ] GC(80) Survivor regions: 1->1(28)
[2026-05-06T01:03:28.323+0100][4.609s][info][gc,heap        ] GC(80) Old regions: 13->13
[2026-05-06T01:03:28.323+0100][4.609s][info][gc,heap        ] GC(80) Humongous regions: 134->96
[2026-05-06T01:03:28.323+0100][4.609s][info][gc,metaspace   ] GC(80) Metaspace: 19035K(19328K)->19035K(19328K) NonClass: 16798K(16960K)->16798K(16960K) Class: 2236K(2368K)->2236K(2368K)
[2026-05-06T01:03:28.323+0100][4.609s][info][gc             ] GC(80) Pause Young (Concurrent Start) (G1 Humongous Allocation) 280M->203M(728M) 0.582ms
[2026-05-06T01:03:28.323+0100][4.609s][info][gc,cpu         ] GC(80) User=0.00s Sys=0.00s Real=0.00s
[2026-05-06T01:03:28.323+0100][4.609s][info][gc             ] GC(81) Concurrent Undo Cycle
[2026-05-06T01:03:28.323+0100][4.609s][info][gc,marking     ] GC(81) Concurrent Clear Claimed Marks
[2026-05-06T01:03:28.323+0100][4.609s][info][gc,marking     ] GC(81) Concurrent Clear Claimed Marks 0.010ms
[2026-05-06T01:03:28.323+0100][4.609s][info][gc,marking     ] GC(81) Concurrent Cleanup for Next Mark
[2026-05-06T01:03:28.323+0100][4.609s][info][gc,marking     ] GC(81) Concurrent Cleanup for Next Mark 0.042ms
[2026-05-06T01:03:28.323+0100][4.609s][info][gc             ] GC(81) Concurrent Undo Cycle 0.102ms
[2026-05-06T01:03:28.348+0100][4.634s][info][gc,start       ] GC(82) Pause Full (System.gc())
[2026-05-06T01:03:28.348+0100][4.634s][info][gc,task        ] GC(82) Using 9 workers of 9 for full compaction
[2026-05-06T01:03:28.348+0100][4.634s][info][gc,phases,start] GC(82) Phase 1: Mark live objects
[2026-05-06T01:03:28.350+0100][4.637s][info][gc,phases      ] GC(82) Phase 1: Mark live objects 2.492ms
[2026-05-06T01:03:28.350+0100][4.637s][info][gc,phases,start] GC(82) Phase 2: Prepare compaction
[2026-05-06T01:03:28.351+0100][4.637s][info][gc,phases      ] GC(82) Phase 2: Prepare compaction 0.254ms
[2026-05-06T01:03:28.351+0100][4.637s][info][gc,phases,start] GC(82) Phase 3: Adjust pointers
[2026-05-06T01:03:28.352+0100][4.639s][info][gc,phases      ] GC(82) Phase 3: Adjust pointers 1.778ms
[2026-05-06T01:03:28.352+0100][4.639s][info][gc,phases,start] GC(82) Phase 4: Compact heap
[2026-05-06T01:03:28.353+0100][4.639s][info][gc,phases      ] GC(82) Phase 4: Compact heap 0.226ms
[2026-05-06T01:03:28.353+0100][4.639s][info][gc,phases,start] GC(82) Phase 5: Reset Metadata
[2026-05-06T01:03:28.353+0100][4.640s][info][gc,phases      ] GC(82) Phase 5: Reset Metadata 0.397ms
[2026-05-06T01:03:28.354+0100][4.640s][info][gc,heap        ] GC(82) Eden regions: 1->0(217)
[2026-05-06T01:03:28.354+0100][4.640s][info][gc,heap        ] GC(82) Survivor regions: 1->0(28)
[2026-05-06T01:03:28.354+0100][4.640s][info][gc,heap        ] GC(82) Old regions: 13->13
[2026-05-06T01:03:28.354+0100][4.640s][info][gc,heap        ] GC(82) Humongous regions: 115->115
[2026-05-06T01:03:28.354+0100][4.640s][info][gc,metaspace   ] GC(82) Metaspace: 19035K(19328K)->19035K(19328K) NonClass: 16798K(16960K)->16798K(16960K) Class: 2236K(2368K)->2236K(2368K)
[2026-05-06T01:03:28.354+0100][4.640s][info][gc             ] GC(82) Pause Full (System.gc()) 242M->241M(728M) 6.049ms
[2026-05-06T01:03:28.354+0100][4.640s][info][gc,cpu         ] GC(82) User=0.02s Sys=0.01s Real=0.01s
[2026-05-06T01:03:28.409+0100][4.696s][info][gc,start       ] GC(83) Pause Young (Concurrent Start) (G1 Humongous Allocation)
[2026-05-06T01:03:28.409+0100][4.696s][info][gc,task        ] GC(83) Using 9 workers of 9 for evacuation
[2026-05-06T01:03:28.410+0100][4.696s][info][gc,phases      ] GC(83)   Pre Evacuate Collection Set: 0.1ms
[2026-05-06T01:03:28.410+0100][4.696s][info][gc,phases      ] GC(83)   Merge Heap Roots: 0.0ms
[2026-05-06T01:03:28.410+0100][4.696s][info][gc,phases      ] GC(83)   Evacuate Collection Set: 0.2ms
[2026-05-06T01:03:28.410+0100][4.696s][info][gc,phases      ] GC(83)   Post Evacuate Collection Set: 0.1ms
[2026-05-06T01:03:28.410+0100][4.696s][info][gc,phases      ] GC(83)   Other: 0.0ms
[2026-05-06T01:03:28.410+0100][4.696s][info][gc,heap        ] GC(83) Eden regions: 1->0(215)
[2026-05-06T01:03:28.410+0100][4.696s][info][gc,heap        ] GC(83) Survivor regions: 0->1(28)
[2026-05-06T01:03:28.410+0100][4.696s][info][gc,heap        ] GC(83) Old regions: 13->13
[2026-05-06T01:03:28.410+0100][4.696s][info][gc,heap        ] GC(83) Humongous regions: 134->115
[2026-05-06T01:03:28.410+0100][4.696s][info][gc,metaspace   ] GC(83) Metaspace: 19035K(19328K)->19035K(19328K) NonClass: 16798K(16960K)->16798K(16960K) Class: 2236K(2368K)->2236K(2368K)
[2026-05-06T01:03:28.410+0100][4.696s][info][gc             ] GC(83) Pause Young (Concurrent Start) (G1 Humongous Allocation) 280M->241M(728M) 0.540ms
[2026-05-06T01:03:28.410+0100][4.696s][info][gc,cpu         ] GC(83) User=0.00s Sys=0.00s Real=0.01s
[2026-05-06T01:03:28.410+0100][4.696s][info][gc             ] GC(84) Concurrent Undo Cycle
[2026-05-06T01:03:28.410+0100][4.696s][info][gc,marking     ] GC(84) Concurrent Clear Claimed Marks
[2026-05-06T01:03:28.410+0100][4.696s][info][gc,marking     ] GC(84) Concurrent Clear Claimed Marks 0.007ms
[2026-05-06T01:03:28.410+0100][4.696s][info][gc,marking     ] GC(84) Concurrent Cleanup for Next Mark
[2026-05-06T01:03:28.410+0100][4.696s][info][gc,marking     ] GC(84) Concurrent Cleanup for Next Mark 0.032ms
[2026-05-06T01:03:28.410+0100][4.696s][info][gc             ] GC(84) Concurrent Undo Cycle 0.075ms
[2026-05-06T01:03:28.449+0100][4.736s][info][gc,start       ] GC(85) Pause Young (Concurrent Start) (G1 Humongous Allocation)
[2026-05-06T01:03:28.449+0100][4.736s][info][gc,task        ] GC(85) Using 9 workers of 9 for evacuation
[2026-05-06T01:03:28.450+0100][4.736s][info][gc,phases      ] GC(85)   Pre Evacuate Collection Set: 0.1ms
[2026-05-06T01:03:28.450+0100][4.736s][info][gc,phases      ] GC(85)   Merge Heap Roots: 0.0ms
[2026-05-06T01:03:28.450+0100][4.736s][info][gc,phases      ] GC(85)   Evacuate Collection Set: 0.1ms
[2026-05-06T01:03:28.450+0100][4.736s][info][gc,phases      ] GC(85)   Post Evacuate Collection Set: 0.1ms
[2026-05-06T01:03:28.450+0100][4.736s][info][gc,phases      ] GC(85)   Other: 0.0ms
[2026-05-06T01:03:28.450+0100][4.736s][info][gc,heap        ] GC(85) Eden regions: 1->0(215)
[2026-05-06T01:03:28.450+0100][4.736s][info][gc,heap        ] GC(85) Survivor regions: 1->1(27)
[2026-05-06T01:03:28.450+0100][4.736s][info][gc,heap        ] GC(85) Old regions: 13->13
[2026-05-06T01:03:28.450+0100][4.736s][info][gc,heap        ] GC(85) Humongous regions: 134->115
[2026-05-06T01:03:28.450+0100][4.736s][info][gc,metaspace   ] GC(85) Metaspace: 19035K(19328K)->19035K(19328K) NonClass: 16798K(16960K)->16798K(16960K) Class: 2236K(2368K)->2236K(2368K)
[2026-05-06T01:03:28.450+0100][4.736s][info][gc             ] GC(85) Pause Young (Concurrent Start) (G1 Humongous Allocation) 280M->241M(728M) 0.490ms
[2026-05-06T01:03:28.450+0100][4.736s][info][gc,cpu         ] GC(85) User=0.00s Sys=0.00s Real=0.01s
[2026-05-06T01:03:28.450+0100][4.736s][info][gc             ] GC(86) Concurrent Undo Cycle
[2026-05-06T01:03:28.450+0100][4.736s][info][gc,marking     ] GC(86) Concurrent Clear Claimed Marks
[2026-05-06T01:03:28.450+0100][4.736s][info][gc,marking     ] GC(86) Concurrent Clear Claimed Marks 0.007ms
[2026-05-06T01:03:28.450+0100][4.736s][info][gc,marking     ] GC(86) Concurrent Cleanup for Next Mark
[2026-05-06T01:03:28.450+0100][4.736s][info][gc,marking     ] GC(86) Concurrent Cleanup for Next Mark 0.035ms
[2026-05-06T01:03:28.450+0100][4.736s][info][gc             ] GC(86) Concurrent Undo Cycle 0.077ms
[2026-05-06T01:03:28.489+0100][4.775s][info][gc,start       ] GC(87) Pause Young (Concurrent Start) (G1 Humongous Allocation)
[2026-05-06T01:03:28.489+0100][4.775s][info][gc,task        ] GC(87) Using 9 workers of 9 for evacuation
[2026-05-06T01:03:28.489+0100][4.776s][info][gc,phases      ] GC(87)   Pre Evacuate Collection Set: 0.1ms
[2026-05-06T01:03:28.489+0100][4.776s][info][gc,phases      ] GC(87)   Merge Heap Roots: 0.0ms
[2026-05-06T01:03:28.489+0100][4.776s][info][gc,phases      ] GC(87)   Evacuate Collection Set: 0.1ms
[2026-05-06T01:03:28.489+0100][4.776s][info][gc,phases      ] GC(87)   Post Evacuate Collection Set: 0.1ms
[2026-05-06T01:03:28.489+0100][4.776s][info][gc,phases      ] GC(87)   Other: 0.0ms
[2026-05-06T01:03:28.489+0100][4.776s][info][gc,heap        ] GC(87) Eden regions: 1->0(215)
[2026-05-06T01:03:28.489+0100][4.776s][info][gc,heap        ] GC(87) Survivor regions: 1->1(27)
[2026-05-06T01:03:28.489+0100][4.776s][info][gc,heap        ] GC(87) Old regions: 13->13
[2026-05-06T01:03:28.489+0100][4.776s][info][gc,heap        ] GC(87) Humongous regions: 134->115
[2026-05-06T01:03:28.489+0100][4.776s][info][gc,metaspace   ] GC(87) Metaspace: 19035K(19328K)->19035K(19328K) NonClass: 16798K(16960K)->16798K(16960K) Class: 2236K(2368K)->2236K(2368K)
[2026-05-06T01:03:28.489+0100][4.776s][info][gc             ] GC(87) Pause Young (Concurrent Start) (G1 Humongous Allocation) 280M->241M(728M) 0.479ms
[2026-05-06T01:03:28.489+0100][4.776s][info][gc,cpu         ] GC(87) User=0.00s Sys=0.00s Real=0.00s
[2026-05-06T01:03:28.489+0100][4.776s][info][gc             ] GC(88) Concurrent Undo Cycle
[2026-05-06T01:03:28.489+0100][4.776s][info][gc,marking     ] GC(88) Concurrent Clear Claimed Marks
[2026-05-06T01:03:28.489+0100][4.776s][info][gc,marking     ] GC(88) Concurrent Clear Claimed Marks 0.007ms
[2026-05-06T01:03:28.489+0100][4.776s][info][gc,marking     ] GC(88) Concurrent Cleanup for Next Mark
[2026-05-06T01:03:28.489+0100][4.776s][info][gc,marking     ] GC(88) Concurrent Cleanup for Next Mark 0.041ms
[2026-05-06T01:03:28.489+0100][4.776s][info][gc             ] GC(88) Concurrent Undo Cycle 0.077ms
[2026-05-06T01:03:28.528+0100][4.815s][info][gc,start       ] GC(89) Pause Young (Concurrent Start) (G1 Humongous Allocation)
[2026-05-06T01:03:28.528+0100][4.815s][info][gc,task        ] GC(89) Using 9 workers of 9 for evacuation
[2026-05-06T01:03:28.529+0100][4.815s][info][gc,phases      ] GC(89)   Pre Evacuate Collection Set: 0.1ms
[2026-05-06T01:03:28.529+0100][4.815s][info][gc,phases      ] GC(89)   Merge Heap Roots: 0.0ms
[2026-05-06T01:03:28.529+0100][4.815s][info][gc,phases      ] GC(89)   Evacuate Collection Set: 0.1ms
[2026-05-06T01:03:28.529+0100][4.815s][info][gc,phases      ] GC(89)   Post Evacuate Collection Set: 0.1ms
[2026-05-06T01:03:28.529+0100][4.815s][info][gc,phases      ] GC(89)   Other: 0.0ms
[2026-05-06T01:03:28.529+0100][4.815s][info][gc,heap        ] GC(89) Eden regions: 1->0(215)
[2026-05-06T01:03:28.529+0100][4.815s][info][gc,heap        ] GC(89) Survivor regions: 1->1(27)
[2026-05-06T01:03:28.529+0100][4.815s][info][gc,heap        ] GC(89) Old regions: 13->13
[2026-05-06T01:03:28.529+0100][4.815s][info][gc,heap        ] GC(89) Humongous regions: 134->115
[2026-05-06T01:03:28.529+0100][4.815s][info][gc,metaspace   ] GC(89) Metaspace: 19035K(19328K)->19035K(19328K) NonClass: 16798K(16960K)->16798K(16960K) Class: 2236K(2368K)->2236K(2368K)
[2026-05-06T01:03:28.529+0100][4.815s][info][gc             ] GC(89) Pause Young (Concurrent Start) (G1 Humongous Allocation) 280M->241M(728M) 0.460ms
[2026-05-06T01:03:28.529+0100][4.815s][info][gc,cpu         ] GC(89) User=0.00s Sys=0.00s Real=0.00s
[2026-05-06T01:03:28.529+0100][4.815s][info][gc             ] GC(90) Concurrent Undo Cycle
[2026-05-06T01:03:28.529+0100][4.815s][info][gc,marking     ] GC(90) Concurrent Clear Claimed Marks
[2026-05-06T01:03:28.529+0100][4.815s][info][gc,marking     ] GC(90) Concurrent Clear Claimed Marks 0.006ms
[2026-05-06T01:03:28.529+0100][4.815s][info][gc,marking     ] GC(90) Concurrent Cleanup for Next Mark
[2026-05-06T01:03:28.529+0100][4.815s][info][gc,marking     ] GC(90) Concurrent Cleanup for Next Mark 0.026ms
[2026-05-06T01:03:28.529+0100][4.815s][info][gc             ] GC(90) Concurrent Undo Cycle 0.054ms
[2026-05-06T01:03:28.568+0100][4.854s][info][gc,start       ] GC(91) Pause Young (Concurrent Start) (G1 Humongous Allocation)
[2026-05-06T01:03:28.568+0100][4.854s][info][gc,task        ] GC(91) Using 9 workers of 9 for evacuation
[2026-05-06T01:03:28.568+0100][4.855s][info][gc,phases      ] GC(91)   Pre Evacuate Collection Set: 0.1ms
[2026-05-06T01:03:28.568+0100][4.855s][info][gc,phases      ] GC(91)   Merge Heap Roots: 0.0ms
[2026-05-06T01:03:28.568+0100][4.855s][info][gc,phases      ] GC(91)   Evacuate Collection Set: 0.1ms
[2026-05-06T01:03:28.568+0100][4.855s][info][gc,phases      ] GC(91)   Post Evacuate Collection Set: 0.1ms
[2026-05-06T01:03:28.568+0100][4.855s][info][gc,phases      ] GC(91)   Other: 0.0ms
[2026-05-06T01:03:28.568+0100][4.855s][info][gc,heap        ] GC(91) Eden regions: 1->0(215)
[2026-05-06T01:03:28.568+0100][4.855s][info][gc,heap        ] GC(91) Survivor regions: 1->1(27)
[2026-05-06T01:03:28.568+0100][4.855s][info][gc,heap        ] GC(91) Old regions: 13->13
[2026-05-06T01:03:28.568+0100][4.855s][info][gc,heap        ] GC(91) Humongous regions: 134->115
[2026-05-06T01:03:28.568+0100][4.855s][info][gc,metaspace   ] GC(91) Metaspace: 19035K(19328K)->19035K(19328K) NonClass: 16798K(16960K)->16798K(16960K) Class: 2236K(2368K)->2236K(2368K)
[2026-05-06T01:03:28.568+0100][4.855s][info][gc             ] GC(91) Pause Young (Concurrent Start) (G1 Humongous Allocation) 280M->241M(728M) 0.461ms
[2026-05-06T01:03:28.568+0100][4.855s][info][gc,cpu         ] GC(91) User=0.00s Sys=0.00s Real=0.00s
[2026-05-06T01:03:28.568+0100][4.855s][info][gc             ] GC(92) Concurrent Undo Cycle
[2026-05-06T01:03:28.568+0100][4.855s][info][gc,marking     ] GC(92) Concurrent Clear Claimed Marks
[2026-05-06T01:03:28.568+0100][4.855s][info][gc,marking     ] GC(92) Concurrent Clear Claimed Marks 0.006ms
[2026-05-06T01:03:28.568+0100][4.855s][info][gc,marking     ] GC(92) Concurrent Cleanup for Next Mark
[2026-05-06T01:03:28.568+0100][4.855s][info][gc,marking     ] GC(92) Concurrent Cleanup for Next Mark 0.046ms
[2026-05-06T01:03:28.568+0100][4.855s][info][gc             ] GC(92) Concurrent Undo Cycle 0.075ms
[2026-05-06T01:03:28.608+0100][4.894s][info][gc,start       ] GC(93) Pause Young (Concurrent Start) (G1 Humongous Allocation)
[2026-05-06T01:03:28.608+0100][4.894s][info][gc,task        ] GC(93) Using 9 workers of 9 for evacuation
[2026-05-06T01:03:28.608+0100][4.895s][info][gc,phases      ] GC(93)   Pre Evacuate Collection Set: 0.1ms
[2026-05-06T01:03:28.608+0100][4.895s][info][gc,phases      ] GC(93)   Merge Heap Roots: 0.0ms
[2026-05-06T01:03:28.608+0100][4.895s][info][gc,phases      ] GC(93)   Evacuate Collection Set: 0.2ms
[2026-05-06T01:03:28.608+0100][4.895s][info][gc,phases      ] GC(93)   Post Evacuate Collection Set: 0.1ms
[2026-05-06T01:03:28.608+0100][4.895s][info][gc,phases      ] GC(93)   Other: 0.0ms
[2026-05-06T01:03:28.608+0100][4.895s][info][gc,heap        ] GC(93) Eden regions: 1->0(215)
[2026-05-06T01:03:28.608+0100][4.895s][info][gc,heap        ] GC(93) Survivor regions: 1->1(27)
[2026-05-06T01:03:28.608+0100][4.895s][info][gc,heap        ] GC(93) Old regions: 13->13
[2026-05-06T01:03:28.608+0100][4.895s][info][gc,heap        ] GC(93) Humongous regions: 134->115
[2026-05-06T01:03:28.608+0100][4.895s][info][gc,metaspace   ] GC(93) Metaspace: 19035K(19328K)->19035K(19328K) NonClass: 16798K(16960K)->16798K(16960K) Class: 2236K(2368K)->2236K(2368K)
[2026-05-06T01:03:28.608+0100][4.895s][info][gc             ] GC(93) Pause Young (Concurrent Start) (G1 Humongous Allocation) 280M->241M(728M) 0.574ms
[2026-05-06T01:03:28.608+0100][4.895s][info][gc,cpu         ] GC(93) User=0.00s Sys=0.00s Real=0.00s
[2026-05-06T01:03:28.608+0100][4.895s][info][gc             ] GC(94) Concurrent Undo Cycle
[2026-05-06T01:03:28.608+0100][4.895s][info][gc,marking     ] GC(94) Concurrent Clear Claimed Marks
[2026-05-06T01:03:28.608+0100][4.895s][info][gc,marking     ] GC(94) Concurrent Clear Claimed Marks 0.007ms
[2026-05-06T01:03:28.608+0100][4.895s][info][gc,marking     ] GC(94) Concurrent Cleanup for Next Mark
[2026-05-06T01:03:28.608+0100][4.895s][info][gc,marking     ] GC(94) Concurrent Cleanup for Next Mark 0.041ms
[2026-05-06T01:03:28.608+0100][4.895s][info][gc             ] GC(94) Concurrent Undo Cycle 0.072ms
[2026-05-06T01:03:28.648+0100][4.934s][info][gc,start       ] GC(95) Pause Young (Concurrent Start) (G1 Humongous Allocation)
[2026-05-06T01:03:28.648+0100][4.934s][info][gc,task        ] GC(95) Using 9 workers of 9 for evacuation
[2026-05-06T01:03:28.648+0100][4.935s][info][gc,phases      ] GC(95)   Pre Evacuate Collection Set: 0.1ms
[2026-05-06T01:03:28.648+0100][4.935s][info][gc,phases      ] GC(95)   Merge Heap Roots: 0.0ms
[2026-05-06T01:03:28.648+0100][4.935s][info][gc,phases      ] GC(95)   Evacuate Collection Set: 0.2ms
[2026-05-06T01:03:28.648+0100][4.935s][info][gc,phases      ] GC(95)   Post Evacuate Collection Set: 0.1ms
[2026-05-06T01:03:28.648+0100][4.935s][info][gc,phases      ] GC(95)   Other: 0.0ms
[2026-05-06T01:03:28.648+0100][4.935s][info][gc,heap        ] GC(95) Eden regions: 1->0(215)
[2026-05-06T01:03:28.648+0100][4.935s][info][gc,heap        ] GC(95) Survivor regions: 1->1(27)
[2026-05-06T01:03:28.648+0100][4.935s][info][gc,heap        ] GC(95) Old regions: 13->13
[2026-05-06T01:03:28.648+0100][4.935s][info][gc,heap        ] GC(95) Humongous regions: 134->115
[2026-05-06T01:03:28.648+0100][4.935s][info][gc,metaspace   ] GC(95) Metaspace: 19035K(19328K)->19035K(19328K) NonClass: 16798K(16960K)->16798K(16960K) Class: 2236K(2368K)->2236K(2368K)
[2026-05-06T01:03:28.648+0100][4.935s][info][gc             ] GC(95) Pause Young (Concurrent Start) (G1 Humongous Allocation) 280M->241M(728M) 0.530ms
[2026-05-06T01:03:28.648+0100][4.935s][info][gc,cpu         ] GC(95) User=0.00s Sys=0.00s Real=0.00s
[2026-05-06T01:03:28.648+0100][4.935s][info][gc             ] GC(96) Concurrent Undo Cycle
[2026-05-06T01:03:28.648+0100][4.935s][info][gc,marking     ] GC(96) Concurrent Clear Claimed Marks
[2026-05-06T01:03:28.648+0100][4.935s][info][gc,marking     ] GC(96) Concurrent Clear Claimed Marks 0.007ms
[2026-05-06T01:03:28.648+0100][4.935s][info][gc,marking     ] GC(96) Concurrent Cleanup for Next Mark
[2026-05-06T01:03:28.648+0100][4.935s][info][gc,marking     ] GC(96) Concurrent Cleanup for Next Mark 0.035ms
[2026-05-06T01:03:28.648+0100][4.935s][info][gc             ] GC(96) Concurrent Undo Cycle 0.066ms
[2026-05-06T01:03:28.688+0100][4.974s][info][gc,start       ] GC(97) Pause Young (Concurrent Start) (G1 Humongous Allocation)
[2026-05-06T01:03:28.688+0100][4.974s][info][gc,task        ] GC(97) Using 9 workers of 9 for evacuation
[2026-05-06T01:03:28.688+0100][4.975s][info][gc,phases      ] GC(97)   Pre Evacuate Collection Set: 0.1ms
[2026-05-06T01:03:28.688+0100][4.975s][info][gc,phases      ] GC(97)   Merge Heap Roots: 0.0ms
[2026-05-06T01:03:28.688+0100][4.975s][info][gc,phases      ] GC(97)   Evacuate Collection Set: 0.2ms
[2026-05-06T01:03:28.688+0100][4.975s][info][gc,phases      ] GC(97)   Post Evacuate Collection Set: 0.1ms
[2026-05-06T01:03:28.688+0100][4.975s][info][gc,phases      ] GC(97)   Other: 0.0ms
[2026-05-06T01:03:28.688+0100][4.975s][info][gc,heap        ] GC(97) Eden regions: 1->0(215)
[2026-05-06T01:03:28.688+0100][4.975s][info][gc,heap        ] GC(97) Survivor regions: 1->1(27)
[2026-05-06T01:03:28.688+0100][4.975s][info][gc,heap        ] GC(97) Old regions: 13->13
[2026-05-06T01:03:28.688+0100][4.975s][info][gc,heap        ] GC(97) Humongous regions: 134->115
[2026-05-06T01:03:28.688+0100][4.975s][info][gc,metaspace   ] GC(97) Metaspace: 19035K(19328K)->19035K(19328K) NonClass: 16798K(16960K)->16798K(16960K) Class: 2236K(2368K)->2236K(2368K)
[2026-05-06T01:03:28.688+0100][4.975s][info][gc             ] GC(97) Pause Young (Concurrent Start) (G1 Humongous Allocation) 280M->241M(728M) 0.530ms
[2026-05-06T01:03:28.688+0100][4.975s][info][gc,cpu         ] GC(97) User=0.00s Sys=0.00s Real=0.00s
[2026-05-06T01:03:28.688+0100][4.975s][info][gc             ] GC(98) Concurrent Undo Cycle
[2026-05-06T01:03:28.688+0100][4.975s][info][gc,marking     ] GC(98) Concurrent Clear Claimed Marks
[2026-05-06T01:03:28.688+0100][4.975s][info][gc,marking     ] GC(98) Concurrent Clear Claimed Marks 0.006ms
[2026-05-06T01:03:28.688+0100][4.975s][info][gc,marking     ] GC(98) Concurrent Cleanup for Next Mark
[2026-05-06T01:03:28.688+0100][4.975s][info][gc,marking     ] GC(98) Concurrent Cleanup for Next Mark 0.033ms
[2026-05-06T01:03:28.688+0100][4.975s][info][gc             ] GC(98) Concurrent Undo Cycle 0.070ms
[2026-05-06T01:03:28.728+0100][5.014s][info][gc,start       ] GC(99) Pause Young (Concurrent Start) (G1 Humongous Allocation)
[2026-05-06T01:03:28.728+0100][5.014s][info][gc,task        ] GC(99) Using 9 workers of 9 for evacuation
[2026-05-06T01:03:28.728+0100][5.015s][info][gc,phases      ] GC(99)   Pre Evacuate Collection Set: 0.1ms
[2026-05-06T01:03:28.728+0100][5.015s][info][gc,phases      ] GC(99)   Merge Heap Roots: 0.0ms
[2026-05-06T01:03:28.728+0100][5.015s][info][gc,phases      ] GC(99)   Evacuate Collection Set: 0.2ms
[2026-05-06T01:03:28.728+0100][5.015s][info][gc,phases      ] GC(99)   Post Evacuate Collection Set: 0.1ms
[2026-05-06T01:03:28.728+0100][5.015s][info][gc,phases      ] GC(99)   Other: 0.0ms
[2026-05-06T01:03:28.728+0100][5.015s][info][gc,heap        ] GC(99) Eden regions: 1->0(215)
[2026-05-06T01:03:28.728+0100][5.015s][info][gc,heap        ] GC(99) Survivor regions: 1->1(27)
[2026-05-06T01:03:28.728+0100][5.015s][info][gc,heap        ] GC(99) Old regions: 13->13
[2026-05-06T01:03:28.728+0100][5.015s][info][gc,heap        ] GC(99) Humongous regions: 134->115
[2026-05-06T01:03:28.728+0100][5.015s][info][gc,metaspace   ] GC(99) Metaspace: 19035K(19328K)->19035K(19328K) NonClass: 16798K(16960K)->16798K(16960K) Class: 2236K(2368K)->2236K(2368K)
[2026-05-06T01:03:28.728+0100][5.015s][info][gc             ] GC(99) Pause Young (Concurrent Start) (G1 Humongous Allocation) 280M->241M(728M) 0.525ms
[2026-05-06T01:03:28.728+0100][5.015s][info][gc,cpu         ] GC(99) User=0.00s Sys=0.00s Real=0.00s
[2026-05-06T01:03:28.728+0100][5.015s][info][gc             ] GC(100) Concurrent Undo Cycle
[2026-05-06T01:03:28.728+0100][5.015s][info][gc,marking     ] GC(100) Concurrent Clear Claimed Marks
[2026-05-06T01:03:28.728+0100][5.015s][info][gc,marking     ] GC(100) Concurrent Clear Claimed Marks 0.007ms
[2026-05-06T01:03:28.728+0100][5.015s][info][gc,marking     ] GC(100) Concurrent Cleanup for Next Mark
[2026-05-06T01:03:28.728+0100][5.015s][info][gc,marking     ] GC(100) Concurrent Cleanup for Next Mark 0.034ms
[2026-05-06T01:03:28.728+0100][5.015s][info][gc             ] GC(100) Concurrent Undo Cycle 0.066ms
[2026-05-06T01:03:28.769+0100][5.055s][info][gc,start       ] GC(101) Pause Young (Concurrent Start) (G1 Humongous Allocation)
[2026-05-06T01:03:28.769+0100][5.055s][info][gc,task        ] GC(101) Using 9 workers of 9 for evacuation
[2026-05-06T01:03:28.769+0100][5.056s][info][gc,phases      ] GC(101)   Pre Evacuate Collection Set: 0.1ms
[2026-05-06T01:03:28.769+0100][5.056s][info][gc,phases      ] GC(101)   Merge Heap Roots: 0.0ms
[2026-05-06T01:03:28.769+0100][5.056s][info][gc,phases      ] GC(101)   Evacuate Collection Set: 0.2ms
[2026-05-06T01:03:28.769+0100][5.056s][info][gc,phases      ] GC(101)   Post Evacuate Collection Set: 0.2ms
[2026-05-06T01:03:28.769+0100][5.056s][info][gc,phases      ] GC(101)   Other: 0.0ms
[2026-05-06T01:03:28.769+0100][5.056s][info][gc,heap        ] GC(101) Eden regions: 1->0(215)
[2026-05-06T01:03:28.769+0100][5.056s][info][gc,heap        ] GC(101) Survivor regions: 1->1(27)
[2026-05-06T01:03:28.769+0100][5.056s][info][gc,heap        ] GC(101) Old regions: 13->13
[2026-05-06T01:03:28.769+0100][5.056s][info][gc,heap        ] GC(101) Humongous regions: 134->115
[2026-05-06T01:03:28.769+0100][5.056s][info][gc,metaspace   ] GC(101) Metaspace: 19035K(19328K)->19035K(19328K) NonClass: 16798K(16960K)->16798K(16960K) Class: 2236K(2368K)->2236K(2368K)
[2026-05-06T01:03:28.769+0100][5.056s][info][gc             ] GC(101) Pause Young (Concurrent Start) (G1 Humongous Allocation) 281M->241M(728M) 0.650ms
[2026-05-06T01:03:28.769+0100][5.056s][info][gc,cpu         ] GC(101) User=0.00s Sys=0.00s Real=0.00s
[2026-05-06T01:03:28.769+0100][5.056s][info][gc             ] GC(102) Concurrent Undo Cycle
[2026-05-06T01:03:28.769+0100][5.056s][info][gc,marking     ] GC(102) Concurrent Clear Claimed Marks
[2026-05-06T01:03:28.769+0100][5.056s][info][gc,marking     ] GC(102) Concurrent Clear Claimed Marks 0.008ms
[2026-05-06T01:03:28.769+0100][5.056s][info][gc,marking     ] GC(102) Concurrent Cleanup for Next Mark
[2026-05-06T01:03:28.769+0100][5.056s][info][gc,marking     ] GC(102) Concurrent Cleanup for Next Mark 0.080ms
[2026-05-06T01:03:28.770+0100][5.056s][info][gc             ] GC(102) Concurrent Undo Cycle 0.120ms
[2026-05-06T01:03:28.809+0100][5.096s][info][gc,start       ] GC(103) Pause Young (Concurrent Start) (G1 Humongous Allocation)
[2026-05-06T01:03:28.809+0100][5.096s][info][gc,task        ] GC(103) Using 9 workers of 9 for evacuation
[2026-05-06T01:03:28.810+0100][5.096s][info][gc,phases      ] GC(103)   Pre Evacuate Collection Set: 0.1ms
[2026-05-06T01:03:28.810+0100][5.096s][info][gc,phases      ] GC(103)   Merge Heap Roots: 0.0ms
[2026-05-06T01:03:28.810+0100][5.096s][info][gc,phases      ] GC(103)   Evacuate Collection Set: 0.2ms
[2026-05-06T01:03:28.810+0100][5.096s][info][gc,phases      ] GC(103)   Post Evacuate Collection Set: 0.2ms
[2026-05-06T01:03:28.810+0100][5.096s][info][gc,phases      ] GC(103)   Other: 0.0ms
[2026-05-06T01:03:28.810+0100][5.096s][info][gc,heap        ] GC(103) Eden regions: 2->0(215)
[2026-05-06T01:03:28.810+0100][5.096s][info][gc,heap        ] GC(103) Survivor regions: 1->1(27)
[2026-05-06T01:03:28.810+0100][5.096s][info][gc,heap        ] GC(103) Old regions: 13->13
[2026-05-06T01:03:28.810+0100][5.096s][info][gc,heap        ] GC(103) Humongous regions: 134->115
[2026-05-06T01:03:28.810+0100][5.096s][info][gc,metaspace   ] GC(103) Metaspace: 19035K(19328K)->19035K(19328K) NonClass: 16798K(16960K)->16798K(16960K) Class: 2236K(2368K)->2236K(2368K)
[2026-05-06T01:03:28.810+0100][5.096s][info][gc             ] GC(103) Pause Young (Concurrent Start) (G1 Humongous Allocation) 282M->241M(728M) 0.661ms
[2026-05-06T01:03:28.810+0100][5.096s][info][gc,cpu         ] GC(103) User=0.00s Sys=0.00s Real=0.01s
[2026-05-06T01:03:28.810+0100][5.096s][info][gc             ] GC(104) Concurrent Undo Cycle
[2026-05-06T01:03:28.810+0100][5.096s][info][gc,marking     ] GC(104) Concurrent Clear Claimed Marks
[2026-05-06T01:03:28.810+0100][5.096s][info][gc,marking     ] GC(104) Concurrent Clear Claimed Marks 0.009ms
[2026-05-06T01:03:28.810+0100][5.096s][info][gc,marking     ] GC(104) Concurrent Cleanup for Next Mark
[2026-05-06T01:03:28.810+0100][5.097s][info][gc,marking     ] GC(104) Concurrent Cleanup for Next Mark 0.044ms
[2026-05-06T01:03:28.810+0100][5.097s][info][gc             ] GC(104) Concurrent Undo Cycle 0.082ms
[2026-05-06T01:03:28.849+0100][5.135s][info][gc,start       ] GC(105) Pause Young (Concurrent Start) (G1 Humongous Allocation)
[2026-05-06T01:03:28.849+0100][5.135s][info][gc,task        ] GC(105) Using 9 workers of 9 for evacuation
[2026-05-06T01:03:28.849+0100][5.136s][info][gc,phases      ] GC(105)   Pre Evacuate Collection Set: 0.1ms
[2026-05-06T01:03:28.849+0100][5.136s][info][gc,phases      ] GC(105)   Merge Heap Roots: 0.0ms
[2026-05-06T01:03:28.849+0100][5.136s][info][gc,phases      ] GC(105)   Evacuate Collection Set: 0.2ms
[2026-05-06T01:03:28.849+0100][5.136s][info][gc,phases      ] GC(105)   Post Evacuate Collection Set: 0.1ms
[2026-05-06T01:03:28.849+0100][5.136s][info][gc,phases      ] GC(105)   Other: 0.0ms
[2026-05-06T01:03:28.849+0100][5.136s][info][gc,heap        ] GC(105) Eden regions: 2->0(215)
[2026-05-06T01:03:28.849+0100][5.136s][info][gc,heap        ] GC(105) Survivor regions: 1->1(27)
[2026-05-06T01:03:28.849+0100][5.136s][info][gc,heap        ] GC(105) Old regions: 13->13
[2026-05-06T01:03:28.849+0100][5.136s][info][gc,heap        ] GC(105) Humongous regions: 134->115
[2026-05-06T01:03:28.849+0100][5.136s][info][gc,metaspace   ] GC(105) Metaspace: 19035K(19328K)->19035K(19328K) NonClass: 16798K(16960K)->16798K(16960K) Class: 2236K(2368K)->2236K(2368K)
[2026-05-06T01:03:28.849+0100][5.136s][info][gc             ] GC(105) Pause Young (Concurrent Start) (G1 Humongous Allocation) 282M->241M(728M) 0.520ms
[2026-05-06T01:03:28.849+0100][5.136s][info][gc,cpu         ] GC(105) User=0.00s Sys=0.00s Real=0.00s
[2026-05-06T01:03:28.849+0100][5.136s][info][gc             ] GC(106) Concurrent Undo Cycle
[2026-05-06T01:03:28.849+0100][5.136s][info][gc,marking     ] GC(106) Concurrent Clear Claimed Marks
[2026-05-06T01:03:28.849+0100][5.136s][info][gc,marking     ] GC(106) Concurrent Clear Claimed Marks 0.007ms
[2026-05-06T01:03:28.849+0100][5.136s][info][gc,marking     ] GC(106) Concurrent Cleanup for Next Mark
[2026-05-06T01:03:28.849+0100][5.136s][info][gc,marking     ] GC(106) Concurrent Cleanup for Next Mark 0.031ms
[2026-05-06T01:03:28.849+0100][5.136s][info][gc             ] GC(106) Concurrent Undo Cycle 0.064ms
[2026-05-06T01:03:28.873+0100][5.159s][info][gc,start       ] GC(107) Pause Full (System.gc())
[2026-05-06T01:03:28.873+0100][5.160s][info][gc,task        ] GC(107) Using 9 workers of 9 for full compaction
[2026-05-06T01:03:28.873+0100][5.160s][info][gc,phases,start] GC(107) Phase 1: Mark live objects
[2026-05-06T01:03:28.875+0100][5.162s][info][gc,phases      ] GC(107) Phase 1: Mark live objects 2.321ms
[2026-05-06T01:03:28.875+0100][5.162s][info][gc,phases,start] GC(107) Phase 2: Prepare compaction
[2026-05-06T01:03:28.876+0100][5.162s][info][gc,phases      ] GC(107) Phase 2: Prepare compaction 0.254ms
[2026-05-06T01:03:28.876+0100][5.162s][info][gc,phases,start] GC(107) Phase 3: Adjust pointers
[2026-05-06T01:03:28.877+0100][5.164s][info][gc,phases      ] GC(107) Phase 3: Adjust pointers 1.682ms
[2026-05-06T01:03:28.877+0100][5.164s][info][gc,phases,start] GC(107) Phase 4: Compact heap
[2026-05-06T01:03:28.878+0100][5.164s][info][gc,phases      ] GC(107) Phase 4: Compact heap 0.213ms
[2026-05-06T01:03:28.878+0100][5.164s][info][gc,phases,start] GC(107) Phase 5: Reset Metadata
[2026-05-06T01:03:28.878+0100][5.164s][info][gc,phases      ] GC(107) Phase 5: Reset Metadata 0.327ms
[2026-05-06T01:03:28.878+0100][5.165s][info][gc,heap        ] GC(107) Eden regions: 1->0(218)
[2026-05-06T01:03:28.878+0100][5.165s][info][gc,heap        ] GC(107) Survivor regions: 1->0(27)
[2026-05-06T01:03:28.878+0100][5.165s][info][gc,heap        ] GC(107) Old regions: 13->13
[2026-05-06T01:03:28.878+0100][5.165s][info][gc,heap        ] GC(107) Humongous regions: 134->96
[2026-05-06T01:03:28.878+0100][5.165s][info][gc,metaspace   ] GC(107) Metaspace: 19035K(19328K)->19035K(19328K) NonClass: 16798K(16960K)->16798K(16960K) Class: 2236K(2368K)->2236K(2368K)
[2026-05-06T01:03:28.878+0100][5.165s][info][gc             ] GC(107) Pause Full (System.gc()) 281M->203M(728M) 5.403ms
[2026-05-06T01:03:28.878+0100][5.165s][info][gc,cpu         ] GC(107) User=0.02s Sys=0.01s Real=0.00s
[2026-05-06T01:03:28.972+0100][5.259s][info][gc,start       ] GC(108) Pause Young (Concurrent Start) (G1 Humongous Allocation)
[2026-05-06T01:03:28.972+0100][5.259s][info][gc,task        ] GC(108) Using 9 workers of 9 for evacuation
[2026-05-06T01:03:28.973+0100][5.259s][info][gc,phases      ] GC(108)   Pre Evacuate Collection Set: 0.1ms
[2026-05-06T01:03:28.973+0100][5.259s][info][gc,phases      ] GC(108)   Merge Heap Roots: 0.0ms
[2026-05-06T01:03:28.973+0100][5.259s][info][gc,phases      ] GC(108)   Evacuate Collection Set: 0.2ms
[2026-05-06T01:03:28.973+0100][5.259s][info][gc,phases      ] GC(108)   Post Evacuate Collection Set: 0.1ms
[2026-05-06T01:03:28.973+0100][5.259s][info][gc,phases      ] GC(108)   Other: 0.0ms
[2026-05-06T01:03:28.973+0100][5.259s][info][gc,heap        ] GC(108) Eden regions: 2->0(217)
[2026-05-06T01:03:28.973+0100][5.259s][info][gc,heap        ] GC(108) Survivor regions: 0->1(28)
[2026-05-06T01:03:28.973+0100][5.259s][info][gc,heap        ] GC(108) Old regions: 13->13
[2026-05-06T01:03:28.973+0100][5.259s][info][gc,heap        ] GC(108) Humongous regions: 134->96
[2026-05-06T01:03:28.973+0100][5.259s][info][gc,metaspace   ] GC(108) Metaspace: 19035K(19328K)->19035K(19328K) NonClass: 16798K(16960K)->16798K(16960K) Class: 2236K(2368K)->2236K(2368K)
[2026-05-06T01:03:28.973+0100][5.259s][info][gc             ] GC(108) Pause Young (Concurrent Start) (G1 Humongous Allocation) 283M->203M(728M) 0.559ms
[2026-05-06T01:03:28.973+0100][5.259s][info][gc,cpu         ] GC(108) User=0.00s Sys=0.00s Real=0.00s
[2026-05-06T01:03:28.973+0100][5.259s][info][gc             ] GC(109) Concurrent Undo Cycle
[2026-05-06T01:03:28.973+0100][5.259s][info][gc,marking     ] GC(109) Concurrent Clear Claimed Marks
[2026-05-06T01:03:28.973+0100][5.259s][info][gc,marking     ] GC(109) Concurrent Clear Claimed Marks 0.006ms
[2026-05-06T01:03:28.973+0100][5.259s][info][gc,marking     ] GC(109) Concurrent Cleanup for Next Mark
[2026-05-06T01:03:28.973+0100][5.259s][info][gc,marking     ] GC(109) Concurrent Cleanup for Next Mark 0.029ms
[2026-05-06T01:03:28.973+0100][5.259s][info][gc             ] GC(109) Concurrent Undo Cycle 0.063ms
[2026-05-06T01:03:29.051+0100][5.337s][info][gc,start       ] GC(110) Pause Young (Concurrent Start) (G1 Humongous Allocation)
[2026-05-06T01:03:29.051+0100][5.337s][info][gc,task        ] GC(110) Using 9 workers of 9 for evacuation
[2026-05-06T01:03:29.051+0100][5.338s][info][gc,phases      ] GC(110)   Pre Evacuate Collection Set: 0.1ms
[2026-05-06T01:03:29.051+0100][5.338s][info][gc,phases      ] GC(110)   Merge Heap Roots: 0.0ms
[2026-05-06T01:03:29.051+0100][5.338s][info][gc,phases      ] GC(110)   Evacuate Collection Set: 0.2ms
[2026-05-06T01:03:29.051+0100][5.338s][info][gc,phases      ] GC(110)   Post Evacuate Collection Set: 0.1ms
[2026-05-06T01:03:29.051+0100][5.338s][info][gc,phases      ] GC(110)   Other: 0.0ms
[2026-05-06T01:03:29.051+0100][5.338s][info][gc,heap        ] GC(110) Eden regions: 2->0(217)
[2026-05-06T01:03:29.051+0100][5.338s][info][gc,heap        ] GC(110) Survivor regions: 1->1(28)
[2026-05-06T01:03:29.051+0100][5.338s][info][gc,heap        ] GC(110) Old regions: 13->13
[2026-05-06T01:03:29.051+0100][5.338s][info][gc,heap        ] GC(110) Humongous regions: 134->96
[2026-05-06T01:03:29.051+0100][5.338s][info][gc,metaspace   ] GC(110) Metaspace: 19035K(19328K)->19035K(19328K) NonClass: 16798K(16960K)->16798K(16960K) Class: 2236K(2368K)->2236K(2368K)
[2026-05-06T01:03:29.051+0100][5.338s][info][gc             ] GC(110) Pause Young (Concurrent Start) (G1 Humongous Allocation) 282M->203M(728M) 0.564ms
[2026-05-06T01:03:29.051+0100][5.338s][info][gc,cpu         ] GC(110) User=0.00s Sys=0.00s Real=0.00s
[2026-05-06T01:03:29.051+0100][5.338s][info][gc             ] GC(111) Concurrent Undo Cycle
[2026-05-06T01:03:29.051+0100][5.338s][info][gc,marking     ] GC(111) Concurrent Clear Claimed Marks
[2026-05-06T01:03:29.051+0100][5.338s][info][gc,marking     ] GC(111) Concurrent Clear Claimed Marks 0.007ms
[2026-05-06T01:03:29.051+0100][5.338s][info][gc,marking     ] GC(111) Concurrent Cleanup for Next Mark
[2026-05-06T01:03:29.051+0100][5.338s][info][gc,marking     ] GC(111) Concurrent Cleanup for Next Mark 0.036ms
[2026-05-06T01:03:29.051+0100][5.338s][info][gc             ] GC(111) Concurrent Undo Cycle 0.076ms
[2026-05-06T01:03:29.131+0100][5.417s][info][gc,start       ] GC(112) Pause Young (Concurrent Start) (G1 Humongous Allocation)
[2026-05-06T01:03:29.131+0100][5.417s][info][gc,task        ] GC(112) Using 9 workers of 9 for evacuation
[2026-05-06T01:03:29.131+0100][5.418s][info][gc,phases      ] GC(112)   Pre Evacuate Collection Set: 0.1ms
[2026-05-06T01:03:29.131+0100][5.418s][info][gc,phases      ] GC(112)   Merge Heap Roots: 0.0ms
[2026-05-06T01:03:29.131+0100][5.418s][info][gc,phases      ] GC(112)   Evacuate Collection Set: 0.2ms
[2026-05-06T01:03:29.131+0100][5.418s][info][gc,phases      ] GC(112)   Post Evacuate Collection Set: 0.1ms
[2026-05-06T01:03:29.131+0100][5.418s][info][gc,phases      ] GC(112)   Other: 0.0ms
[2026-05-06T01:03:29.131+0100][5.418s][info][gc,heap        ] GC(112) Eden regions: 2->0(217)
[2026-05-06T01:03:29.131+0100][5.418s][info][gc,heap        ] GC(112) Survivor regions: 1->1(28)
[2026-05-06T01:03:29.131+0100][5.418s][info][gc,heap        ] GC(112) Old regions: 13->13
[2026-05-06T01:03:29.131+0100][5.418s][info][gc,heap        ] GC(112) Humongous regions: 134->96
[2026-05-06T01:03:29.131+0100][5.418s][info][gc,metaspace   ] GC(112) Metaspace: 19035K(19328K)->19035K(19328K) NonClass: 16798K(16960K)->16798K(16960K) Class: 2236K(2368K)->2236K(2368K)
[2026-05-06T01:03:29.131+0100][5.418s][info][gc             ] GC(112) Pause Young (Concurrent Start) (G1 Humongous Allocation) 283M->203M(728M) 0.575ms
[2026-05-06T01:03:29.131+0100][5.418s][info][gc,cpu         ] GC(112) User=0.00s Sys=0.00s Real=0.00s
[2026-05-06T01:03:29.131+0100][5.418s][info][gc             ] GC(113) Concurrent Undo Cycle
[2026-05-06T01:03:29.131+0100][5.418s][info][gc,marking     ] GC(113) Concurrent Clear Claimed Marks
[2026-05-06T01:03:29.132+0100][5.418s][info][gc,marking     ] GC(113) Concurrent Clear Claimed Marks 0.007ms
[2026-05-06T01:03:29.132+0100][5.418s][info][gc,marking     ] GC(113) Concurrent Cleanup for Next Mark
[2026-05-06T01:03:29.132+0100][5.418s][info][gc,marking     ] GC(113) Concurrent Cleanup for Next Mark 0.036ms
[2026-05-06T01:03:29.132+0100][5.418s][info][gc             ] GC(113) Concurrent Undo Cycle 0.077ms
[2026-05-06T01:03:29.211+0100][5.497s][info][gc,start       ] GC(114) Pause Young (Concurrent Start) (G1 Humongous Allocation)
[2026-05-06T01:03:29.211+0100][5.497s][info][gc,task        ] GC(114) Using 9 workers of 9 for evacuation
[2026-05-06T01:03:29.211+0100][5.498s][info][gc,phases      ] GC(114)   Pre Evacuate Collection Set: 0.1ms
[2026-05-06T01:03:29.211+0100][5.498s][info][gc,phases      ] GC(114)   Merge Heap Roots: 0.0ms
[2026-05-06T01:03:29.211+0100][5.498s][info][gc,phases      ] GC(114)   Evacuate Collection Set: 0.2ms
[2026-05-06T01:03:29.211+0100][5.498s][info][gc,phases      ] GC(114)   Post Evacuate Collection Set: 0.1ms
[2026-05-06T01:03:29.211+0100][5.498s][info][gc,phases      ] GC(114)   Other: 0.0ms
[2026-05-06T01:03:29.211+0100][5.498s][info][gc,heap        ] GC(114) Eden regions: 2->0(217)
[2026-05-06T01:03:29.211+0100][5.498s][info][gc,heap        ] GC(114) Survivor regions: 1->1(28)
[2026-05-06T01:03:29.211+0100][5.498s][info][gc,heap        ] GC(114) Old regions: 13->13
[2026-05-06T01:03:29.211+0100][5.498s][info][gc,heap        ] GC(114) Humongous regions: 134->96
[2026-05-06T01:03:29.211+0100][5.498s][info][gc,metaspace   ] GC(114) Metaspace: 19035K(19328K)->19035K(19328K) NonClass: 16798K(16960K)->16798K(16960K) Class: 2236K(2368K)->2236K(2368K)
[2026-05-06T01:03:29.211+0100][5.498s][info][gc             ] GC(114) Pause Young (Concurrent Start) (G1 Humongous Allocation) 283M->203M(728M) 0.548ms
[2026-05-06T01:03:29.211+0100][5.498s][info][gc,cpu         ] GC(114) User=0.00s Sys=0.01s Real=0.00s
[2026-05-06T01:03:29.211+0100][5.498s][info][gc             ] GC(115) Concurrent Undo Cycle
[2026-05-06T01:03:29.211+0100][5.498s][info][gc,marking     ] GC(115) Concurrent Clear Claimed Marks
[2026-05-06T01:03:29.211+0100][5.498s][info][gc,marking     ] GC(115) Concurrent Clear Claimed Marks 0.008ms
[2026-05-06T01:03:29.211+0100][5.498s][info][gc,marking     ] GC(115) Concurrent Cleanup for Next Mark
[2026-05-06T01:03:29.211+0100][5.498s][info][gc,marking     ] GC(115) Concurrent Cleanup for Next Mark 0.037ms
[2026-05-06T01:03:29.211+0100][5.498s][info][gc             ] GC(115) Concurrent Undo Cycle 0.072ms
[2026-05-06T01:03:29.291+0100][5.577s][info][gc,start       ] GC(116) Pause Young (Concurrent Start) (G1 Humongous Allocation)
[2026-05-06T01:03:29.291+0100][5.577s][info][gc,task        ] GC(116) Using 9 workers of 9 for evacuation
[2026-05-06T01:03:29.291+0100][5.578s][info][gc,phases      ] GC(116)   Pre Evacuate Collection Set: 0.1ms
[2026-05-06T01:03:29.291+0100][5.578s][info][gc,phases      ] GC(116)   Merge Heap Roots: 0.0ms
[2026-05-06T01:03:29.291+0100][5.578s][info][gc,phases      ] GC(116)   Evacuate Collection Set: 0.2ms
[2026-05-06T01:03:29.291+0100][5.578s][info][gc,phases      ] GC(116)   Post Evacuate Collection Set: 0.1ms
[2026-05-06T01:03:29.291+0100][5.578s][info][gc,phases      ] GC(116)   Other: 0.0ms
[2026-05-06T01:03:29.291+0100][5.578s][info][gc,heap        ] GC(116) Eden regions: 2->0(217)
[2026-05-06T01:03:29.291+0100][5.578s][info][gc,heap        ] GC(116) Survivor regions: 1->1(28)
[2026-05-06T01:03:29.291+0100][5.578s][info][gc,heap        ] GC(116) Old regions: 13->13
[2026-05-06T01:03:29.291+0100][5.578s][info][gc,heap        ] GC(116) Humongous regions: 134->96
[2026-05-06T01:03:29.291+0100][5.578s][info][gc,metaspace   ] GC(116) Metaspace: 19035K(19328K)->19035K(19328K) NonClass: 16798K(16960K)->16798K(16960K) Class: 2236K(2368K)->2236K(2368K)
[2026-05-06T01:03:29.291+0100][5.578s][info][gc             ] GC(116) Pause Young (Concurrent Start) (G1 Humongous Allocation) 283M->203M(728M) 0.570ms
[2026-05-06T01:03:29.291+0100][5.578s][info][gc,cpu         ] GC(116) User=0.00s Sys=0.00s Real=0.00s
[2026-05-06T01:03:29.291+0100][5.578s][info][gc             ] GC(117) Concurrent Undo Cycle
[2026-05-06T01:03:29.291+0100][5.578s][info][gc,marking     ] GC(117) Concurrent Clear Claimed Marks
[2026-05-06T01:03:29.291+0100][5.578s][info][gc,marking     ] GC(117) Concurrent Clear Claimed Marks 0.008ms
[2026-05-06T01:03:29.291+0100][5.578s][info][gc,marking     ] GC(117) Concurrent Cleanup for Next Mark
[2026-05-06T01:03:29.291+0100][5.578s][info][gc,marking     ] GC(117) Concurrent Cleanup for Next Mark 0.039ms
[2026-05-06T01:03:29.291+0100][5.578s][info][gc             ] GC(117) Concurrent Undo Cycle 0.081ms
[2026-05-06T01:03:29.371+0100][5.657s][info][gc,start       ] GC(118) Pause Young (Concurrent Start) (G1 Humongous Allocation)
[2026-05-06T01:03:29.371+0100][5.657s][info][gc,task        ] GC(118) Using 9 workers of 9 for evacuation
[2026-05-06T01:03:29.371+0100][5.658s][info][gc,phases      ] GC(118)   Pre Evacuate Collection Set: 0.1ms
[2026-05-06T01:03:29.371+0100][5.658s][info][gc,phases      ] GC(118)   Merge Heap Roots: 0.0ms
[2026-05-06T01:03:29.371+0100][5.658s][info][gc,phases      ] GC(118)   Evacuate Collection Set: 0.2ms
[2026-05-06T01:03:29.371+0100][5.658s][info][gc,phases      ] GC(118)   Post Evacuate Collection Set: 0.1ms
[2026-05-06T01:03:29.371+0100][5.658s][info][gc,phases      ] GC(118)   Other: 0.0ms
[2026-05-06T01:03:29.371+0100][5.658s][info][gc,heap        ] GC(118) Eden regions: 2->0(217)
[2026-05-06T01:03:29.371+0100][5.658s][info][gc,heap        ] GC(118) Survivor regions: 1->1(28)
[2026-05-06T01:03:29.371+0100][5.658s][info][gc,heap        ] GC(118) Old regions: 13->13
[2026-05-06T01:03:29.371+0100][5.658s][info][gc,heap        ] GC(118) Humongous regions: 134->96
[2026-05-06T01:03:29.371+0100][5.658s][info][gc,metaspace   ] GC(118) Metaspace: 19035K(19328K)->19035K(19328K) NonClass: 16798K(16960K)->16798K(16960K) Class: 2236K(2368K)->2236K(2368K)
[2026-05-06T01:03:29.371+0100][5.658s][info][gc             ] GC(118) Pause Young (Concurrent Start) (G1 Humongous Allocation) 283M->203M(728M) 0.553ms
[2026-05-06T01:03:29.371+0100][5.658s][info][gc,cpu         ] GC(118) User=0.00s Sys=0.00s Real=0.00s
[2026-05-06T01:03:29.371+0100][5.658s][info][gc             ] GC(119) Concurrent Undo Cycle
[2026-05-06T01:03:29.371+0100][5.658s][info][gc,marking     ] GC(119) Concurrent Clear Claimed Marks
[2026-05-06T01:03:29.371+0100][5.658s][info][gc,marking     ] GC(119) Concurrent Clear Claimed Marks 0.008ms
[2026-05-06T01:03:29.371+0100][5.658s][info][gc,marking     ] GC(119) Concurrent Cleanup for Next Mark
[2026-05-06T01:03:29.371+0100][5.658s][info][gc,marking     ] GC(119) Concurrent Cleanup for Next Mark 0.031ms
[2026-05-06T01:03:29.371+0100][5.658s][info][gc             ] GC(119) Concurrent Undo Cycle 0.073ms
[2026-05-06T01:03:29.395+0100][5.682s][info][gc,start       ] GC(120) Pause Full (System.gc())
[2026-05-06T01:03:29.395+0100][5.682s][info][gc,task        ] GC(120) Using 9 workers of 9 for full compaction
[2026-05-06T01:03:29.395+0100][5.682s][info][gc,phases,start] GC(120) Phase 1: Mark live objects
[2026-05-06T01:03:29.398+0100][5.684s][info][gc,phases      ] GC(120) Phase 1: Mark live objects 2.349ms
[2026-05-06T01:03:29.398+0100][5.684s][info][gc,phases,start] GC(120) Phase 2: Prepare compaction
[2026-05-06T01:03:29.398+0100][5.684s][info][gc,phases      ] GC(120) Phase 2: Prepare compaction 0.261ms
[2026-05-06T01:03:29.398+0100][5.684s][info][gc,phases,start] GC(120) Phase 3: Adjust pointers
[2026-05-06T01:03:29.400+0100][5.686s][info][gc,phases      ] GC(120) Phase 3: Adjust pointers 1.680ms
[2026-05-06T01:03:29.400+0100][5.686s][info][gc,phases,start] GC(120) Phase 4: Compact heap
[2026-05-06T01:03:29.400+0100][5.686s][info][gc,phases      ] GC(120) Phase 4: Compact heap 0.216ms
[2026-05-06T01:03:29.400+0100][5.686s][info][gc,phases,start] GC(120) Phase 5: Reset Metadata
[2026-05-06T01:03:29.400+0100][5.687s][info][gc,phases      ] GC(120) Phase 5: Reset Metadata 0.355ms
[2026-05-06T01:03:29.401+0100][5.687s][info][gc,heap        ] GC(120) Eden regions: 1->0(218)
[2026-05-06T01:03:29.401+0100][5.687s][info][gc,heap        ] GC(120) Survivor regions: 1->0(28)
[2026-05-06T01:03:29.401+0100][5.687s][info][gc,heap        ] GC(120) Old regions: 13->13
[2026-05-06T01:03:29.401+0100][5.687s][info][gc,heap        ] GC(120) Humongous regions: 115->96
[2026-05-06T01:03:29.401+0100][5.687s][info][gc,metaspace   ] GC(120) Metaspace: 19035K(19328K)->19035K(19328K) NonClass: 16798K(16960K)->16798K(16960K) Class: 2236K(2368K)->2236K(2368K)
[2026-05-06T01:03:29.401+0100][5.687s][info][gc             ] GC(120) Pause Full (System.gc()) 243M->203M(728M) 5.634ms
[2026-05-06T01:03:29.401+0100][5.687s][info][gc,cpu         ] GC(120) User=0.02s Sys=0.00s Real=0.01s
[2026-05-06T01:03:29.494+0100][5.780s][info][gc,start       ] GC(121) Pause Young (Concurrent Start) (G1 Humongous Allocation)
[2026-05-06T01:03:29.494+0100][5.780s][info][gc,task        ] GC(121) Using 9 workers of 9 for evacuation
[2026-05-06T01:03:29.494+0100][5.781s][info][gc,phases      ] GC(121)   Pre Evacuate Collection Set: 0.1ms
[2026-05-06T01:03:29.494+0100][5.781s][info][gc,phases      ] GC(121)   Merge Heap Roots: 0.0ms
[2026-05-06T01:03:29.494+0100][5.781s][info][gc,phases      ] GC(121)   Evacuate Collection Set: 0.2ms
[2026-05-06T01:03:29.494+0100][5.781s][info][gc,phases      ] GC(121)   Post Evacuate Collection Set: 0.1ms
[2026-05-06T01:03:29.494+0100][5.781s][info][gc,phases      ] GC(121)   Other: 0.0ms
[2026-05-06T01:03:29.494+0100][5.781s][info][gc,heap        ] GC(121) Eden regions: 2->0(217)
[2026-05-06T01:03:29.494+0100][5.781s][info][gc,heap        ] GC(121) Survivor regions: 0->1(28)
[2026-05-06T01:03:29.494+0100][5.781s][info][gc,heap        ] GC(121) Old regions: 13->13
[2026-05-06T01:03:29.494+0100][5.781s][info][gc,heap        ] GC(121) Humongous regions: 134->96
[2026-05-06T01:03:29.494+0100][5.781s][info][gc,metaspace   ] GC(121) Metaspace: 19036K(19328K)->19036K(19328K) NonClass: 16799K(16960K)->16799K(16960K) Class: 2236K(2368K)->2236K(2368K)
[2026-05-06T01:03:29.494+0100][5.781s][info][gc             ] GC(121) Pause Young (Concurrent Start) (G1 Humongous Allocation) 283M->203M(728M) 0.519ms
[2026-05-06T01:03:29.494+0100][5.781s][info][gc             ] GC(122) Concurrent Undo Cycle
[2026-05-06T01:03:29.494+0100][5.781s][info][gc,cpu         ] GC(121) User=0.00s Sys=0.00s Real=0.00s
[2026-05-06T01:03:29.494+0100][5.781s][info][gc,marking     ] GC(122) Concurrent Clear Claimed Marks
[2026-05-06T01:03:29.494+0100][5.781s][info][gc,marking     ] GC(122) Concurrent Clear Claimed Marks 0.015ms
[2026-05-06T01:03:29.494+0100][5.781s][info][gc,marking     ] GC(122) Concurrent Cleanup for Next Mark
[2026-05-06T01:03:29.494+0100][5.781s][info][gc,marking     ] GC(122) Concurrent Cleanup for Next Mark 0.032ms
[2026-05-06T01:03:29.494+0100][5.781s][info][gc             ] GC(122) Concurrent Undo Cycle 0.079ms
[2026-05-06T01:03:29.571+0100][5.857s][info][gc,start       ] GC(123) Pause Young (Concurrent Start) (G1 Humongous Allocation)
[2026-05-06T01:03:29.571+0100][5.857s][info][gc,task        ] GC(123) Using 9 workers of 9 for evacuation
[2026-05-06T01:03:29.571+0100][5.858s][info][gc,phases      ] GC(123)   Pre Evacuate Collection Set: 0.1ms
[2026-05-06T01:03:29.571+0100][5.858s][info][gc,phases      ] GC(123)   Merge Heap Roots: 0.0ms
[2026-05-06T01:03:29.571+0100][5.858s][info][gc,phases      ] GC(123)   Evacuate Collection Set: 0.2ms
[2026-05-06T01:03:29.571+0100][5.858s][info][gc,phases      ] GC(123)   Post Evacuate Collection Set: 0.1ms
[2026-05-06T01:03:29.571+0100][5.858s][info][gc,phases      ] GC(123)   Other: 0.0ms
[2026-05-06T01:03:29.571+0100][5.858s][info][gc,heap        ] GC(123) Eden regions: 2->0(217)
[2026-05-06T01:03:29.571+0100][5.858s][info][gc,heap        ] GC(123) Survivor regions: 1->1(28)
[2026-05-06T01:03:29.571+0100][5.858s][info][gc,heap        ] GC(123) Old regions: 13->13
[2026-05-06T01:03:29.571+0100][5.858s][info][gc,heap        ] GC(123) Humongous regions: 134->96
[2026-05-06T01:03:29.571+0100][5.858s][info][gc,metaspace   ] GC(123) Metaspace: 19036K(19328K)->19036K(19328K) NonClass: 16799K(16960K)->16799K(16960K) Class: 2236K(2368K)->2236K(2368K)
[2026-05-06T01:03:29.571+0100][5.858s][info][gc             ] GC(123) Pause Young (Concurrent Start) (G1 Humongous Allocation) 283M->203M(728M) 0.526ms
[2026-05-06T01:03:29.571+0100][5.858s][info][gc,cpu         ] GC(123) User=0.01s Sys=0.00s Real=0.00s
[2026-05-06T01:03:29.571+0100][5.858s][info][gc             ] GC(124) Concurrent Undo Cycle
[2026-05-06T01:03:29.571+0100][5.858s][info][gc,marking     ] GC(124) Concurrent Clear Claimed Marks
[2026-05-06T01:03:29.571+0100][5.858s][info][gc,marking     ] GC(124) Concurrent Clear Claimed Marks 0.007ms
[2026-05-06T01:03:29.571+0100][5.858s][info][gc,marking     ] GC(124) Concurrent Cleanup for Next Mark
[2026-05-06T01:03:29.572+0100][5.858s][info][gc,marking     ] GC(124) Concurrent Cleanup for Next Mark 0.035ms
[2026-05-06T01:03:29.572+0100][5.858s][info][gc             ] GC(124) Concurrent Undo Cycle 0.066ms
[2026-05-06T01:03:29.650+0100][5.936s][info][gc,start       ] GC(125) Pause Young (Concurrent Start) (G1 Humongous Allocation)
[2026-05-06T01:03:29.650+0100][5.936s][info][gc,task        ] GC(125) Using 9 workers of 9 for evacuation
[2026-05-06T01:03:29.650+0100][5.937s][info][gc,phases      ] GC(125)   Pre Evacuate Collection Set: 0.1ms
[2026-05-06T01:03:29.650+0100][5.937s][info][gc,phases      ] GC(125)   Merge Heap Roots: 0.0ms
[2026-05-06T01:03:29.650+0100][5.937s][info][gc,phases      ] GC(125)   Evacuate Collection Set: 0.2ms
[2026-05-06T01:03:29.650+0100][5.937s][info][gc,phases      ] GC(125)   Post Evacuate Collection Set: 0.1ms
[2026-05-06T01:03:29.650+0100][5.937s][info][gc,phases      ] GC(125)   Other: 0.0ms
[2026-05-06T01:03:29.650+0100][5.937s][info][gc,heap        ] GC(125) Eden regions: 2->0(217)
[2026-05-06T01:03:29.650+0100][5.937s][info][gc,heap        ] GC(125) Survivor regions: 1->1(28)
[2026-05-06T01:03:29.650+0100][5.937s][info][gc,heap        ] GC(125) Old regions: 13->13
[2026-05-06T01:03:29.650+0100][5.937s][info][gc,heap        ] GC(125) Humongous regions: 134->96
[2026-05-06T01:03:29.650+0100][5.937s][info][gc,metaspace   ] GC(125) Metaspace: 19036K(19328K)->19036K(19328K) NonClass: 16799K(16960K)->16799K(16960K) Class: 2236K(2368K)->2236K(2368K)
[2026-05-06T01:03:29.650+0100][5.937s][info][gc             ] GC(125) Pause Young (Concurrent Start) (G1 Humongous Allocation) 283M->203M(728M) 0.534ms
[2026-05-06T01:03:29.650+0100][5.937s][info][gc,cpu         ] GC(125) User=0.00s Sys=0.00s Real=0.00s
[2026-05-06T01:03:29.650+0100][5.937s][info][gc             ] GC(126) Concurrent Undo Cycle
[2026-05-06T01:03:29.650+0100][5.937s][info][gc,marking     ] GC(126) Concurrent Clear Claimed Marks
[2026-05-06T01:03:29.650+0100][5.937s][info][gc,marking     ] GC(126) Concurrent Clear Claimed Marks 0.007ms
[2026-05-06T01:03:29.650+0100][5.937s][info][gc,marking     ] GC(126) Concurrent Cleanup for Next Mark
[2026-05-06T01:03:29.650+0100][5.937s][info][gc,marking     ] GC(126) Concurrent Cleanup for Next Mark 0.039ms
[2026-05-06T01:03:29.650+0100][5.937s][info][gc             ] GC(126) Concurrent Undo Cycle 0.080ms
[2026-05-06T01:03:29.729+0100][6.015s][info][gc,start       ] GC(127) Pause Young (Concurrent Start) (G1 Humongous Allocation)
[2026-05-06T01:03:29.729+0100][6.015s][info][gc,task        ] GC(127) Using 9 workers of 9 for evacuation
[2026-05-06T01:03:29.729+0100][6.016s][info][gc,phases      ] GC(127)   Pre Evacuate Collection Set: 0.1ms
[2026-05-06T01:03:29.729+0100][6.016s][info][gc,phases      ] GC(127)   Merge Heap Roots: 0.0ms
[2026-05-06T01:03:29.729+0100][6.016s][info][gc,phases      ] GC(127)   Evacuate Collection Set: 0.2ms
[2026-05-06T01:03:29.729+0100][6.016s][info][gc,phases      ] GC(127)   Post Evacuate Collection Set: 0.1ms
[2026-05-06T01:03:29.729+0100][6.016s][info][gc,phases      ] GC(127)   Other: 0.0ms
[2026-05-06T01:03:29.729+0100][6.016s][info][gc,heap        ] GC(127) Eden regions: 2->0(217)
[2026-05-06T01:03:29.729+0100][6.016s][info][gc,heap        ] GC(127) Survivor regions: 1->1(28)
[2026-05-06T01:03:29.729+0100][6.016s][info][gc,heap        ] GC(127) Old regions: 13->13
[2026-05-06T01:03:29.729+0100][6.016s][info][gc,heap        ] GC(127) Humongous regions: 134->96
[2026-05-06T01:03:29.729+0100][6.016s][info][gc,metaspace   ] GC(127) Metaspace: 19036K(19328K)->19036K(19328K) NonClass: 16799K(16960K)->16799K(16960K) Class: 2236K(2368K)->2236K(2368K)
[2026-05-06T01:03:29.729+0100][6.016s][info][gc             ] GC(127) Pause Young (Concurrent Start) (G1 Humongous Allocation) 283M->203M(728M) 0.540ms
[2026-05-06T01:03:29.729+0100][6.016s][info][gc,cpu         ] GC(127) User=0.00s Sys=0.00s Real=0.00s
[2026-05-06T01:03:29.729+0100][6.016s][info][gc             ] GC(128) Concurrent Undo Cycle
[2026-05-06T01:03:29.729+0100][6.016s][info][gc,marking     ] GC(128) Concurrent Clear Claimed Marks
[2026-05-06T01:03:29.729+0100][6.016s][info][gc,marking     ] GC(128) Concurrent Clear Claimed Marks 0.007ms
[2026-05-06T01:03:29.729+0100][6.016s][info][gc,marking     ] GC(128) Concurrent Cleanup for Next Mark
[2026-05-06T01:03:29.729+0100][6.016s][info][gc,marking     ] GC(128) Concurrent Cleanup for Next Mark 0.040ms
[2026-05-06T01:03:29.729+0100][6.016s][info][gc             ] GC(128) Concurrent Undo Cycle 0.074ms
[2026-05-06T01:03:29.800+0100][6.086s][info][gc,start       ] GC(129) Pause Young (Concurrent Start) (G1 Humongous Allocation)
[2026-05-06T01:03:29.800+0100][6.086s][info][gc,task        ] GC(129) Using 9 workers of 9 for evacuation
[2026-05-06T01:03:29.800+0100][6.087s][info][gc,phases      ] GC(129)   Pre Evacuate Collection Set: 0.1ms
[2026-05-06T01:03:29.800+0100][6.087s][info][gc,phases      ] GC(129)   Merge Heap Roots: 0.0ms
[2026-05-06T01:03:29.800+0100][6.087s][info][gc,phases      ] GC(129)   Evacuate Collection Set: 0.2ms
[2026-05-06T01:03:29.800+0100][6.087s][info][gc,phases      ] GC(129)   Post Evacuate Collection Set: 0.1ms
[2026-05-06T01:03:29.800+0100][6.087s][info][gc,phases      ] GC(129)   Other: 0.0ms
[2026-05-06T01:03:29.800+0100][6.087s][info][gc,heap        ] GC(129) Eden regions: 2->0(217)
[2026-05-06T01:03:29.800+0100][6.087s][info][gc,heap        ] GC(129) Survivor regions: 1->1(28)
[2026-05-06T01:03:29.800+0100][6.087s][info][gc,heap        ] GC(129) Old regions: 13->13
[2026-05-06T01:03:29.800+0100][6.087s][info][gc,heap        ] GC(129) Humongous regions: 134->96
[2026-05-06T01:03:29.800+0100][6.087s][info][gc,metaspace   ] GC(129) Metaspace: 19036K(19328K)->19036K(19328K) NonClass: 16799K(16960K)->16799K(16960K) Class: 2236K(2368K)->2236K(2368K)
[2026-05-06T01:03:29.800+0100][6.087s][info][gc             ] GC(129) Pause Young (Concurrent Start) (G1 Humongous Allocation) 282M->203M(728M) 0.519ms
[2026-05-06T01:03:29.800+0100][6.087s][info][gc,cpu         ] GC(129) User=0.00s Sys=0.00s Real=0.00s
[2026-05-06T01:03:29.800+0100][6.087s][info][gc             ] GC(130) Concurrent Undo Cycle
[2026-05-06T01:03:29.800+0100][6.087s][info][gc,marking     ] GC(130) Concurrent Clear Claimed Marks
[2026-05-06T01:03:29.800+0100][6.087s][info][gc,marking     ] GC(130) Concurrent Clear Claimed Marks 0.007ms
[2026-05-06T01:03:29.800+0100][6.087s][info][gc,marking     ] GC(130) Concurrent Cleanup for Next Mark
[2026-05-06T01:03:29.800+0100][6.087s][info][gc,marking     ] GC(130) Concurrent Cleanup for Next Mark 0.030ms
[2026-05-06T01:03:29.800+0100][6.087s][info][gc             ] GC(130) Concurrent Undo Cycle 0.068ms
[2026-05-06T01:03:29.841+0100][6.127s][info][gc,start       ] GC(131) Pause Young (Concurrent Start) (G1 Humongous Allocation)
[2026-05-06T01:03:29.841+0100][6.127s][info][gc,task        ] GC(131) Using 9 workers of 9 for evacuation
[2026-05-06T01:03:29.841+0100][6.128s][info][gc,phases      ] GC(131)   Pre Evacuate Collection Set: 0.1ms
[2026-05-06T01:03:29.841+0100][6.128s][info][gc,phases      ] GC(131)   Merge Heap Roots: 0.0ms
[2026-05-06T01:03:29.841+0100][6.128s][info][gc,phases      ] GC(131)   Evacuate Collection Set: 0.2ms
[2026-05-06T01:03:29.841+0100][6.128s][info][gc,phases      ] GC(131)   Post Evacuate Collection Set: 0.1ms
[2026-05-06T01:03:29.841+0100][6.128s][info][gc,phases      ] GC(131)   Other: 0.0ms
[2026-05-06T01:03:29.841+0100][6.128s][info][gc,heap        ] GC(131) Eden regions: 1->0(217)
[2026-05-06T01:03:29.841+0100][6.128s][info][gc,heap        ] GC(131) Survivor regions: 1->1(28)
[2026-05-06T01:03:29.841+0100][6.128s][info][gc,heap        ] GC(131) Old regions: 13->13
[2026-05-06T01:03:29.842+0100][6.128s][info][gc,heap        ] GC(131) Humongous regions: 134->96
[2026-05-06T01:03:29.842+0100][6.128s][info][gc,metaspace   ] GC(131) Metaspace: 19037K(19328K)->19037K(19328K) NonClass: 16801K(16960K)->16801K(16960K) Class: 2236K(2368K)->2236K(2368K)
[2026-05-06T01:03:29.842+0100][6.128s][info][gc             ] GC(131) Pause Young (Concurrent Start) (G1 Humongous Allocation) 280M->203M(728M) 0.512ms
[2026-05-06T01:03:29.842+0100][6.128s][info][gc,cpu         ] GC(131) User=0.00s Sys=0.00s Real=0.00s
[2026-05-06T01:03:29.842+0100][6.128s][info][gc             ] GC(132) Concurrent Undo Cycle
[2026-05-06T01:03:29.842+0100][6.128s][info][gc,marking     ] GC(132) Concurrent Clear Claimed Marks
[2026-05-06T01:03:29.842+0100][6.128s][info][gc,marking     ] GC(132) Concurrent Clear Claimed Marks 0.005ms
[2026-05-06T01:03:29.842+0100][6.128s][info][gc,marking     ] GC(132) Concurrent Cleanup for Next Mark
[2026-05-06T01:03:29.842+0100][6.128s][info][gc,marking     ] GC(132) Concurrent Cleanup for Next Mark 0.033ms
[2026-05-06T01:03:29.842+0100][6.128s][info][gc             ] GC(132) Concurrent Undo Cycle 0.064ms
[2026-05-06T01:03:29.854+0100][6.140s][info][gc,start       ] GC(133) Pause Full (System.gc())
[2026-05-06T01:03:29.854+0100][6.140s][info][gc,task        ] GC(133) Using 9 workers of 9 for full compaction
[2026-05-06T01:03:29.854+0100][6.140s][info][gc,phases,start] GC(133) Phase 1: Mark live objects
[2026-05-06T01:03:29.857+0100][6.143s][info][gc,phases      ] GC(133) Phase 1: Mark live objects 2.807ms
[2026-05-06T01:03:29.857+0100][6.143s][info][gc,phases,start] GC(133) Phase 2: Prepare compaction
[2026-05-06T01:03:29.857+0100][6.143s][info][gc,phases      ] GC(133) Phase 2: Prepare compaction 0.260ms
[2026-05-06T01:03:29.857+0100][6.143s][info][gc,phases,start] GC(133) Phase 3: Adjust pointers
[2026-05-06T01:03:29.859+0100][6.145s][info][gc,phases      ] GC(133) Phase 3: Adjust pointers 1.717ms
[2026-05-06T01:03:29.859+0100][6.145s][info][gc,phases,start] GC(133) Phase 4: Compact heap
[2026-05-06T01:03:29.859+0100][6.145s][info][gc,phases      ] GC(133) Phase 4: Compact heap 0.217ms
[2026-05-06T01:03:29.859+0100][6.145s][info][gc,phases,start] GC(133) Phase 5: Reset Metadata
[2026-05-06T01:03:29.859+0100][6.146s][info][gc,phases      ] GC(133) Phase 5: Reset Metadata 0.357ms
[2026-05-06T01:03:29.860+0100][6.146s][info][gc,heap        ] GC(133) Eden regions: 1->0(218)
[2026-05-06T01:03:29.860+0100][6.146s][info][gc,heap        ] GC(133) Survivor regions: 1->0(28)
[2026-05-06T01:03:29.860+0100][6.146s][info][gc,heap        ] GC(133) Old regions: 13->13
[2026-05-06T01:03:29.860+0100][6.146s][info][gc,heap        ] GC(133) Humongous regions: 115->96
[2026-05-06T01:03:29.860+0100][6.146s][info][gc,metaspace   ] GC(133) Metaspace: 19037K(19328K)->19037K(19328K) NonClass: 16801K(16960K)->16801K(16960K) Class: 2236K(2368K)->2236K(2368K)
[2026-05-06T01:03:29.860+0100][6.146s][info][gc             ] GC(133) Pause Full (System.gc()) 242M->203M(728M) 5.986ms
[2026-05-06T01:03:29.860+0100][6.146s][info][gc,cpu         ] GC(133) User=0.02s Sys=0.01s Real=0.01s
[2026-05-06T01:03:29.908+0100][6.195s][info][gc,start       ] GC(134) Pause Young (Concurrent Start) (G1 Humongous Allocation)
[2026-05-06T01:03:29.908+0100][6.195s][info][gc,task        ] GC(134) Using 9 workers of 9 for evacuation
[2026-05-06T01:03:29.909+0100][6.195s][info][gc,phases      ] GC(134)   Pre Evacuate Collection Set: 0.1ms
[2026-05-06T01:03:29.909+0100][6.195s][info][gc,phases      ] GC(134)   Merge Heap Roots: 0.0ms
[2026-05-06T01:03:29.909+0100][6.195s][info][gc,phases      ] GC(134)   Evacuate Collection Set: 0.2ms
[2026-05-06T01:03:29.909+0100][6.195s][info][gc,phases      ] GC(134)   Post Evacuate Collection Set: 0.1ms
[2026-05-06T01:03:29.909+0100][6.195s][info][gc,phases      ] GC(134)   Other: 0.0ms
[2026-05-06T01:03:29.909+0100][6.195s][info][gc,heap        ] GC(134) Eden regions: 1->0(217)
[2026-05-06T01:03:29.909+0100][6.195s][info][gc,heap        ] GC(134) Survivor regions: 0->1(28)
[2026-05-06T01:03:29.909+0100][6.195s][info][gc,heap        ] GC(134) Old regions: 13->13
[2026-05-06T01:03:29.909+0100][6.195s][info][gc,heap        ] GC(134) Humongous regions: 134->96
[2026-05-06T01:03:29.909+0100][6.195s][info][gc,metaspace   ] GC(134) Metaspace: 19038K(19328K)->19038K(19328K) NonClass: 16802K(16960K)->16802K(16960K) Class: 2236K(2368K)->2236K(2368K)
[2026-05-06T01:03:29.909+0100][6.195s][info][gc             ] GC(134) Pause Young (Concurrent Start) (G1 Humongous Allocation) 280M->203M(728M) 0.533ms
[2026-05-06T01:03:29.909+0100][6.195s][info][gc,cpu         ] GC(134) User=0.00s Sys=0.00s Real=0.00s
[2026-05-06T01:03:29.909+0100][6.195s][info][gc             ] GC(135) Concurrent Undo Cycle
[2026-05-06T01:03:29.909+0100][6.195s][info][gc,marking     ] GC(135) Concurrent Clear Claimed Marks
[2026-05-06T01:03:29.909+0100][6.195s][info][gc,marking     ] GC(135) Concurrent Clear Claimed Marks 0.007ms
[2026-05-06T01:03:29.909+0100][6.195s][info][gc,marking     ] GC(135) Concurrent Cleanup for Next Mark
[2026-05-06T01:03:29.909+0100][6.195s][info][gc,marking     ] GC(135) Concurrent Cleanup for Next Mark 0.033ms
[2026-05-06T01:03:29.909+0100][6.195s][info][gc             ] GC(135) Concurrent Undo Cycle 0.066ms
[2026-05-06T01:03:29.949+0100][6.235s][info][gc,start       ] GC(136) Pause Young (Concurrent Start) (G1 Humongous Allocation)
[2026-05-06T01:03:29.949+0100][6.235s][info][gc,task        ] GC(136) Using 9 workers of 9 for evacuation
[2026-05-06T01:03:29.949+0100][6.236s][info][gc,phases      ] GC(136)   Pre Evacuate Collection Set: 0.1ms
[2026-05-06T01:03:29.949+0100][6.236s][info][gc,phases      ] GC(136)   Merge Heap Roots: 0.0ms
[2026-05-06T01:03:29.949+0100][6.236s][info][gc,phases      ] GC(136)   Evacuate Collection Set: 0.1ms
[2026-05-06T01:03:29.949+0100][6.236s][info][gc,phases      ] GC(136)   Post Evacuate Collection Set: 0.1ms
[2026-05-06T01:03:29.949+0100][6.236s][info][gc,phases      ] GC(136)   Other: 0.0ms
[2026-05-06T01:03:29.949+0100][6.236s][info][gc,heap        ] GC(136) Eden regions: 1->0(217)
[2026-05-06T01:03:29.949+0100][6.236s][info][gc,heap        ] GC(136) Survivor regions: 1->1(28)
[2026-05-06T01:03:29.949+0100][6.236s][info][gc,heap        ] GC(136) Old regions: 13->13
[2026-05-06T01:03:29.949+0100][6.236s][info][gc,heap        ] GC(136) Humongous regions: 134->96
[2026-05-06T01:03:29.949+0100][6.236s][info][gc,metaspace   ] GC(136) Metaspace: 19038K(19328K)->19038K(19328K) NonClass: 16802K(16960K)->16802K(16960K) Class: 2236K(2368K)->2236K(2368K)
[2026-05-06T01:03:29.949+0100][6.236s][info][gc             ] GC(136) Pause Young (Concurrent Start) (G1 Humongous Allocation) 280M->203M(728M) 0.478ms
[2026-05-06T01:03:29.949+0100][6.236s][info][gc,cpu         ] GC(136) User=0.00s Sys=0.00s Real=0.00s
[2026-05-06T01:03:29.949+0100][6.236s][info][gc             ] GC(137) Concurrent Undo Cycle
[2026-05-06T01:03:29.949+0100][6.236s][info][gc,marking     ] GC(137) Concurrent Clear Claimed Marks
[2026-05-06T01:03:29.949+0100][6.236s][info][gc,marking     ] GC(137) Concurrent Clear Claimed Marks 0.006ms
[2026-05-06T01:03:29.949+0100][6.236s][info][gc,marking     ] GC(137) Concurrent Cleanup for Next Mark
[2026-05-06T01:03:29.949+0100][6.236s][info][gc,marking     ] GC(137) Concurrent Cleanup for Next Mark 0.033ms
[2026-05-06T01:03:29.949+0100][6.236s][info][gc             ] GC(137) Concurrent Undo Cycle 0.061ms
[2026-05-06T01:03:29.989+0100][6.275s][info][gc,start       ] GC(138) Pause Young (Concurrent Start) (G1 Humongous Allocation)
[2026-05-06T01:03:29.989+0100][6.275s][info][gc,task        ] GC(138) Using 9 workers of 9 for evacuation
[2026-05-06T01:03:29.989+0100][6.276s][info][gc,phases      ] GC(138)   Pre Evacuate Collection Set: 0.1ms
[2026-05-06T01:03:29.989+0100][6.276s][info][gc,phases      ] GC(138)   Merge Heap Roots: 0.0ms
[2026-05-06T01:03:29.989+0100][6.276s][info][gc,phases      ] GC(138)   Evacuate Collection Set: 0.1ms
[2026-05-06T01:03:29.989+0100][6.276s][info][gc,phases      ] GC(138)   Post Evacuate Collection Set: 0.1ms
[2026-05-06T01:03:29.989+0100][6.276s][info][gc,phases      ] GC(138)   Other: 0.0ms
[2026-05-06T01:03:29.989+0100][6.276s][info][gc,heap        ] GC(138) Eden regions: 1->0(217)
[2026-05-06T01:03:29.989+0100][6.276s][info][gc,heap        ] GC(138) Survivor regions: 1->1(28)
[2026-05-06T01:03:29.989+0100][6.276s][info][gc,heap        ] GC(138) Old regions: 13->13
[2026-05-06T01:03:29.989+0100][6.276s][info][gc,heap        ] GC(138) Humongous regions: 134->96
[2026-05-06T01:03:29.989+0100][6.276s][info][gc,metaspace   ] GC(138) Metaspace: 19038K(19328K)->19038K(19328K) NonClass: 16802K(16960K)->16802K(16960K) Class: 2236K(2368K)->2236K(2368K)
[2026-05-06T01:03:29.989+0100][6.276s][info][gc             ] GC(138) Pause Young (Concurrent Start) (G1 Humongous Allocation) 280M->203M(728M) 0.435ms
[2026-05-06T01:03:29.989+0100][6.276s][info][gc,cpu         ] GC(138) User=0.00s Sys=0.01s Real=0.00s
[2026-05-06T01:03:29.989+0100][6.276s][info][gc             ] GC(139) Concurrent Undo Cycle
[2026-05-06T01:03:29.989+0100][6.276s][info][gc,marking     ] GC(139) Concurrent Clear Claimed Marks
[2026-05-06T01:03:29.989+0100][6.276s][info][gc,marking     ] GC(139) Concurrent Clear Claimed Marks 0.006ms
[2026-05-06T01:03:29.989+0100][6.276s][info][gc,marking     ] GC(139) Concurrent Cleanup for Next Mark
[2026-05-06T01:03:29.989+0100][6.276s][info][gc,marking     ] GC(139) Concurrent Cleanup for Next Mark 0.032ms
[2026-05-06T01:03:29.989+0100][6.276s][info][gc             ] GC(139) Concurrent Undo Cycle 0.062ms
[2026-05-06T01:03:30.029+0100][6.316s][info][gc,start       ] GC(140) Pause Young (Concurrent Start) (G1 Humongous Allocation)
[2026-05-06T01:03:30.029+0100][6.316s][info][gc,task        ] GC(140) Using 9 workers of 9 for evacuation
[2026-05-06T01:03:30.030+0100][6.316s][info][gc,phases      ] GC(140)   Pre Evacuate Collection Set: 0.1ms
[2026-05-06T01:03:30.030+0100][6.316s][info][gc,phases      ] GC(140)   Merge Heap Roots: 0.0ms
[2026-05-06T01:03:30.030+0100][6.316s][info][gc,phases      ] GC(140)   Evacuate Collection Set: 0.1ms
[2026-05-06T01:03:30.030+0100][6.316s][info][gc,phases      ] GC(140)   Post Evacuate Collection Set: 0.1ms
[2026-05-06T01:03:30.030+0100][6.316s][info][gc,phases      ] GC(140)   Other: 0.0ms
[2026-05-06T01:03:30.030+0100][6.316s][info][gc,heap        ] GC(140) Eden regions: 1->0(217)
[2026-05-06T01:03:30.030+0100][6.316s][info][gc,heap        ] GC(140) Survivor regions: 1->1(28)
[2026-05-06T01:03:30.030+0100][6.316s][info][gc,heap        ] GC(140) Old regions: 13->13
[2026-05-06T01:03:30.030+0100][6.316s][info][gc,heap        ] GC(140) Humongous regions: 134->96
[2026-05-06T01:03:30.030+0100][6.316s][info][gc,metaspace   ] GC(140) Metaspace: 19038K(19328K)->19038K(19328K) NonClass: 16802K(16960K)->16802K(16960K) Class: 2236K(2368K)->2236K(2368K)
[2026-05-06T01:03:30.030+0100][6.316s][info][gc             ] GC(140) Pause Young (Concurrent Start) (G1 Humongous Allocation) 280M->203M(728M) 0.473ms
[2026-05-06T01:03:30.030+0100][6.316s][info][gc,cpu         ] GC(140) User=0.00s Sys=0.00s Real=0.01s
[2026-05-06T01:03:30.030+0100][6.316s][info][gc             ] GC(141) Concurrent Undo Cycle
[2026-05-06T01:03:30.030+0100][6.316s][info][gc,marking     ] GC(141) Concurrent Clear Claimed Marks
[2026-05-06T01:03:30.030+0100][6.316s][info][gc,marking     ] GC(141) Concurrent Clear Claimed Marks 0.005ms
[2026-05-06T01:03:30.030+0100][6.316s][info][gc,marking     ] GC(141) Concurrent Cleanup for Next Mark
[2026-05-06T01:03:30.030+0100][6.316s][info][gc,marking     ] GC(141) Concurrent Cleanup for Next Mark 0.032ms
[2026-05-06T01:03:30.030+0100][6.316s][info][gc             ] GC(141) Concurrent Undo Cycle 0.063ms
[2026-05-06T01:03:30.070+0100][6.357s][info][gc,start       ] GC(142) Pause Young (Concurrent Start) (G1 Humongous Allocation)
[2026-05-06T01:03:30.070+0100][6.357s][info][gc,task        ] GC(142) Using 9 workers of 9 for evacuation
[2026-05-06T01:03:30.071+0100][6.357s][info][gc,phases      ] GC(142)   Pre Evacuate Collection Set: 0.1ms
[2026-05-06T01:03:30.071+0100][6.357s][info][gc,phases      ] GC(142)   Merge Heap Roots: 0.0ms
[2026-05-06T01:03:30.071+0100][6.357s][info][gc,phases      ] GC(142)   Evacuate Collection Set: 0.2ms
[2026-05-06T01:03:30.071+0100][6.357s][info][gc,phases      ] GC(142)   Post Evacuate Collection Set: 0.1ms
[2026-05-06T01:03:30.071+0100][6.357s][info][gc,phases      ] GC(142)   Other: 0.0ms
[2026-05-06T01:03:30.071+0100][6.357s][info][gc,heap        ] GC(142) Eden regions: 2->0(217)
[2026-05-06T01:03:30.071+0100][6.357s][info][gc,heap        ] GC(142) Survivor regions: 1->1(28)
[2026-05-06T01:03:30.071+0100][6.357s][info][gc,heap        ] GC(142) Old regions: 13->13
[2026-05-06T01:03:30.071+0100][6.357s][info][gc,heap        ] GC(142) Humongous regions: 134->96
[2026-05-06T01:03:30.071+0100][6.357s][info][gc,metaspace   ] GC(142) Metaspace: 19038K(19328K)->19038K(19328K) NonClass: 16802K(16960K)->16802K(16960K) Class: 2236K(2368K)->2236K(2368K)
[2026-05-06T01:03:30.071+0100][6.357s][info][gc             ] GC(142) Pause Young (Concurrent Start) (G1 Humongous Allocation) 282M->203M(728M) 0.534ms
[2026-05-06T01:03:30.071+0100][6.357s][info][gc,cpu         ] GC(142) User=0.00s Sys=0.00s Real=0.00s
[2026-05-06T01:03:30.071+0100][6.357s][info][gc             ] GC(143) Concurrent Undo Cycle
[2026-05-06T01:03:30.071+0100][6.357s][info][gc,marking     ] GC(143) Concurrent Clear Claimed Marks
[2026-05-06T01:03:30.071+0100][6.357s][info][gc,marking     ] GC(143) Concurrent Clear Claimed Marks 0.006ms
[2026-05-06T01:03:30.071+0100][6.357s][info][gc,marking     ] GC(143) Concurrent Cleanup for Next Mark
[2026-05-06T01:03:30.071+0100][6.357s][info][gc,marking     ] GC(143) Concurrent Cleanup for Next Mark 0.029ms
[2026-05-06T01:03:30.071+0100][6.357s][info][gc             ] GC(143) Concurrent Undo Cycle 0.067ms
[2026-05-06T01:03:30.110+0100][6.397s][info][gc,start       ] GC(144) Pause Young (Concurrent Start) (G1 Humongous Allocation)
[2026-05-06T01:03:30.110+0100][6.397s][info][gc,task        ] GC(144) Using 9 workers of 9 for evacuation
[2026-05-06T01:03:30.111+0100][6.397s][info][gc,phases      ] GC(144)   Pre Evacuate Collection Set: 0.1ms
[2026-05-06T01:03:30.111+0100][6.397s][info][gc,phases      ] GC(144)   Merge Heap Roots: 0.0ms
[2026-05-06T01:03:30.111+0100][6.397s][info][gc,phases      ] GC(144)   Evacuate Collection Set: 0.1ms
[2026-05-06T01:03:30.111+0100][6.397s][info][gc,phases      ] GC(144)   Post Evacuate Collection Set: 0.1ms
[2026-05-06T01:03:30.111+0100][6.397s][info][gc,phases      ] GC(144)   Other: 0.0ms
[2026-05-06T01:03:30.111+0100][6.397s][info][gc,heap        ] GC(144) Eden regions: 4->0(217)
[2026-05-06T01:03:30.111+0100][6.397s][info][gc,heap        ] GC(144) Survivor regions: 1->1(28)
[2026-05-06T01:03:30.111+0100][6.397s][info][gc,heap        ] GC(144) Old regions: 13->13
[2026-05-06T01:03:30.111+0100][6.397s][info][gc,heap        ] GC(144) Humongous regions: 134->96
[2026-05-06T01:03:30.111+0100][6.397s][info][gc,metaspace   ] GC(144) Metaspace: 19038K(19328K)->19038K(19328K) NonClass: 16802K(16960K)->16802K(16960K) Class: 2236K(2368K)->2236K(2368K)
[2026-05-06T01:03:30.111+0100][6.397s][info][gc             ] GC(144) Pause Young (Concurrent Start) (G1 Humongous Allocation) 286M->203M(728M) 0.476ms
[2026-05-06T01:03:30.111+0100][6.397s][info][gc,cpu         ] GC(144) User=0.00s Sys=0.00s Real=0.00s
[2026-05-06T01:03:30.111+0100][6.397s][info][gc             ] GC(145) Concurrent Undo Cycle
[2026-05-06T01:03:30.111+0100][6.397s][info][gc,marking     ] GC(145) Concurrent Clear Claimed Marks
[2026-05-06T01:03:30.111+0100][6.397s][info][gc,marking     ] GC(145) Concurrent Clear Claimed Marks 0.006ms
[2026-05-06T01:03:30.111+0100][6.397s][info][gc,marking     ] GC(145) Concurrent Cleanup for Next Mark
[2026-05-06T01:03:30.111+0100][6.397s][info][gc,marking     ] GC(145) Concurrent Cleanup for Next Mark 0.028ms
[2026-05-06T01:03:30.111+0100][6.397s][info][gc             ] GC(145) Concurrent Undo Cycle 0.064ms
[2026-05-06T01:03:30.123+0100][6.409s][info][gc,start       ] GC(146) Pause Full (System.gc())
[2026-05-06T01:03:30.123+0100][6.409s][info][gc,task        ] GC(146) Using 9 workers of 9 for full compaction
[2026-05-06T01:03:30.123+0100][6.409s][info][gc,phases,start] GC(146) Phase 1: Mark live objects
[2026-05-06T01:03:30.125+0100][6.412s][info][gc,phases      ] GC(146) Phase 1: Mark live objects 2.325ms
[2026-05-06T01:03:30.125+0100][6.412s][info][gc,phases,start] GC(146) Phase 2: Prepare compaction
[2026-05-06T01:03:30.126+0100][6.412s][info][gc,phases      ] GC(146) Phase 2: Prepare compaction 0.253ms
[2026-05-06T01:03:30.126+0100][6.412s][info][gc,phases,start] GC(146) Phase 3: Adjust pointers
[2026-05-06T01:03:30.127+0100][6.414s][info][gc,phases      ] GC(146) Phase 3: Adjust pointers 1.706ms
[2026-05-06T01:03:30.127+0100][6.414s][info][gc,phases,start] GC(146) Phase 4: Compact heap
[2026-05-06T01:03:30.128+0100][6.414s][info][gc,phases      ] GC(146) Phase 4: Compact heap 0.217ms
[2026-05-06T01:03:30.128+0100][6.414s][info][gc,phases,start] GC(146) Phase 5: Reset Metadata
[2026-05-06T01:03:30.128+0100][6.414s][info][gc,phases      ] GC(146) Phase 5: Reset Metadata 0.367ms
[2026-05-06T01:03:30.128+0100][6.415s][info][gc,heap        ] GC(146) Eden regions: 2->0(218)
[2026-05-06T01:03:30.128+0100][6.415s][info][gc,heap        ] GC(146) Survivor regions: 1->0(28)
[2026-05-06T01:03:30.128+0100][6.415s][info][gc,heap        ] GC(146) Old regions: 13->13
[2026-05-06T01:03:30.128+0100][6.415s][info][gc,heap        ] GC(146) Humongous regions: 115->96
[2026-05-06T01:03:30.128+0100][6.415s][info][gc,metaspace   ] GC(146) Metaspace: 19038K(19328K)->19038K(19328K) NonClass: 16802K(16960K)->16802K(16960K) Class: 2236K(2368K)->2236K(2368K)
[2026-05-06T01:03:30.128+0100][6.415s][info][gc             ] GC(146) Pause Full (System.gc()) 244M->203M(728M) 5.480ms
[2026-05-06T01:03:30.128+0100][6.415s][info][gc,cpu         ] GC(146) User=0.02s Sys=0.00s Real=0.00s
[2026-05-06T01:03:30.176+0100][6.462s][info][gc,start       ] GC(147) Pause Young (Concurrent Start) (G1 Humongous Allocation)
[2026-05-06T01:03:30.176+0100][6.462s][info][gc,task        ] GC(147) Using 9 workers of 9 for evacuation
[2026-05-06T01:03:30.176+0100][6.463s][info][gc,phases      ] GC(147)   Pre Evacuate Collection Set: 0.1ms
[2026-05-06T01:03:30.176+0100][6.463s][info][gc,phases      ] GC(147)   Merge Heap Roots: 0.0ms
[2026-05-06T01:03:30.176+0100][6.463s][info][gc,phases      ] GC(147)   Evacuate Collection Set: 0.2ms
[2026-05-06T01:03:30.176+0100][6.463s][info][gc,phases      ] GC(147)   Post Evacuate Collection Set: 0.1ms
[2026-05-06T01:03:30.176+0100][6.463s][info][gc,phases      ] GC(147)   Other: 0.0ms
[2026-05-06T01:03:30.176+0100][6.463s][info][gc,heap        ] GC(147) Eden regions: 5->0(217)
[2026-05-06T01:03:30.176+0100][6.463s][info][gc,heap        ] GC(147) Survivor regions: 0->1(28)
[2026-05-06T01:03:30.176+0100][6.463s][info][gc,heap        ] GC(147) Old regions: 13->13
[2026-05-06T01:03:30.176+0100][6.463s][info][gc,heap        ] GC(147) Humongous regions: 134->96
[2026-05-06T01:03:30.176+0100][6.463s][info][gc,metaspace   ] GC(147) Metaspace: 19038K(19328K)->19038K(19328K) NonClass: 16802K(16960K)->16802K(16960K) Class: 2236K(2368K)->2236K(2368K)
[2026-05-06T01:03:30.176+0100][6.463s][info][gc             ] GC(147) Pause Young (Concurrent Start) (G1 Humongous Allocation) 288M->203M(728M) 0.552ms
[2026-05-06T01:03:30.176+0100][6.463s][info][gc,cpu         ] GC(147) User=0.00s Sys=0.01s Real=0.00s
[2026-05-06T01:03:30.176+0100][6.463s][info][gc             ] GC(148) Concurrent Undo Cycle
[2026-05-06T01:03:30.176+0100][6.463s][info][gc,marking     ] GC(148) Concurrent Clear Claimed Marks
[2026-05-06T01:03:30.177+0100][6.463s][info][gc,marking     ] GC(148) Concurrent Clear Claimed Marks 0.010ms
[2026-05-06T01:03:30.177+0100][6.463s][info][gc,marking     ] GC(148) Concurrent Cleanup for Next Mark
[2026-05-06T01:03:30.177+0100][6.463s][info][gc,marking     ] GC(148) Concurrent Cleanup for Next Mark 0.035ms
[2026-05-06T01:03:30.177+0100][6.463s][info][gc             ] GC(148) Concurrent Undo Cycle 0.072ms
[2026-05-06T01:03:30.216+0100][6.503s][info][gc,start       ] GC(149) Pause Young (Concurrent Start) (G1 Humongous Allocation)
[2026-05-06T01:03:30.216+0100][6.503s][info][gc,task        ] GC(149) Using 9 workers of 9 for evacuation
[2026-05-06T01:03:30.217+0100][6.503s][info][gc,phases      ] GC(149)   Pre Evacuate Collection Set: 0.1ms
[2026-05-06T01:03:30.217+0100][6.503s][info][gc,phases      ] GC(149)   Merge Heap Roots: 0.0ms
[2026-05-06T01:03:30.217+0100][6.503s][info][gc,phases      ] GC(149)   Evacuate Collection Set: 0.2ms
[2026-05-06T01:03:30.217+0100][6.503s][info][gc,phases      ] GC(149)   Post Evacuate Collection Set: 0.1ms
[2026-05-06T01:03:30.217+0100][6.503s][info][gc,phases      ] GC(149)   Other: 0.0ms
[2026-05-06T01:03:30.217+0100][6.503s][info][gc,heap        ] GC(149) Eden regions: 3->0(217)
[2026-05-06T01:03:30.217+0100][6.503s][info][gc,heap        ] GC(149) Survivor regions: 1->1(28)
[2026-05-06T01:03:30.217+0100][6.503s][info][gc,heap        ] GC(149) Old regions: 13->13
[2026-05-06T01:03:30.217+0100][6.503s][info][gc,heap        ] GC(149) Humongous regions: 134->96
[2026-05-06T01:03:30.217+0100][6.503s][info][gc,metaspace   ] GC(149) Metaspace: 19038K(19328K)->19038K(19328K) NonClass: 16802K(16960K)->16802K(16960K) Class: 2236K(2368K)->2236K(2368K)
[2026-05-06T01:03:30.217+0100][6.503s][info][gc             ] GC(149) Pause Young (Concurrent Start) (G1 Humongous Allocation) 285M->203M(728M) 0.529ms
[2026-05-06T01:03:30.217+0100][6.503s][info][gc,cpu         ] GC(149) User=0.00s Sys=0.00s Real=0.00s
[2026-05-06T01:03:30.217+0100][6.503s][info][gc             ] GC(150) Concurrent Undo Cycle
[2026-05-06T01:03:30.217+0100][6.503s][info][gc,marking     ] GC(150) Concurrent Clear Claimed Marks
[2026-05-06T01:03:30.217+0100][6.503s][info][gc,marking     ] GC(150) Concurrent Clear Claimed Marks 0.006ms
[2026-05-06T01:03:30.217+0100][6.503s][info][gc,marking     ] GC(150) Concurrent Cleanup for Next Mark
[2026-05-06T01:03:30.217+0100][6.503s][info][gc,marking     ] GC(150) Concurrent Cleanup for Next Mark 0.043ms
[2026-05-06T01:03:30.217+0100][6.503s][info][gc             ] GC(150) Concurrent Undo Cycle 0.078ms
[2026-05-06T01:03:30.256+0100][6.543s][info][gc,start       ] GC(151) Pause Young (Concurrent Start) (G1 Humongous Allocation)
[2026-05-06T01:03:30.256+0100][6.543s][info][gc,task        ] GC(151) Using 9 workers of 9 for evacuation
[2026-05-06T01:03:30.257+0100][6.543s][info][gc,phases      ] GC(151)   Pre Evacuate Collection Set: 0.1ms
[2026-05-06T01:03:30.257+0100][6.543s][info][gc,phases      ] GC(151)   Merge Heap Roots: 0.0ms
[2026-05-06T01:03:30.257+0100][6.543s][info][gc,phases      ] GC(151)   Evacuate Collection Set: 0.2ms
[2026-05-06T01:03:30.257+0100][6.543s][info][gc,phases      ] GC(151)   Post Evacuate Collection Set: 0.1ms
[2026-05-06T01:03:30.257+0100][6.543s][info][gc,phases      ] GC(151)   Other: 0.0ms
[2026-05-06T01:03:30.257+0100][6.543s][info][gc,heap        ] GC(151) Eden regions: 4->0(217)
[2026-05-06T01:03:30.257+0100][6.543s][info][gc,heap        ] GC(151) Survivor regions: 1->1(28)
[2026-05-06T01:03:30.257+0100][6.543s][info][gc,heap        ] GC(151) Old regions: 13->13
[2026-05-06T01:03:30.257+0100][6.543s][info][gc,heap        ] GC(151) Humongous regions: 134->96
[2026-05-06T01:03:30.257+0100][6.543s][info][gc,metaspace   ] GC(151) Metaspace: 19038K(19328K)->19038K(19328K) NonClass: 16802K(16960K)->16802K(16960K) Class: 2236K(2368K)->2236K(2368K)
[2026-05-06T01:03:30.257+0100][6.543s][info][gc             ] GC(151) Pause Young (Concurrent Start) (G1 Humongous Allocation) 286M->203M(728M) 0.516ms
[2026-05-06T01:03:30.257+0100][6.543s][info][gc,cpu         ] GC(151) User=0.00s Sys=0.00s Real=0.00s
[2026-05-06T01:03:30.257+0100][6.543s][info][gc             ] GC(152) Concurrent Undo Cycle
[2026-05-06T01:03:30.257+0100][6.543s][info][gc,marking     ] GC(152) Concurrent Clear Claimed Marks
[2026-05-06T01:03:30.257+0100][6.543s][info][gc,marking     ] GC(152) Concurrent Clear Claimed Marks 0.007ms
[2026-05-06T01:03:30.257+0100][6.543s][info][gc,marking     ] GC(152) Concurrent Cleanup for Next Mark
[2026-05-06T01:03:30.257+0100][6.543s][info][gc,marking     ] GC(152) Concurrent Cleanup for Next Mark 0.039ms
[2026-05-06T01:03:30.257+0100][6.543s][info][gc             ] GC(152) Concurrent Undo Cycle 0.070ms
[2026-05-06T01:03:30.296+0100][6.583s][info][gc,start       ] GC(153) Pause Young (Concurrent Start) (G1 Humongous Allocation)
[2026-05-06T01:03:30.297+0100][6.583s][info][gc,task        ] GC(153) Using 9 workers of 9 for evacuation
[2026-05-06T01:03:30.297+0100][6.583s][info][gc,phases      ] GC(153)   Pre Evacuate Collection Set: 0.1ms
[2026-05-06T01:03:30.297+0100][6.583s][info][gc,phases      ] GC(153)   Merge Heap Roots: 0.0ms
[2026-05-06T01:03:30.297+0100][6.583s][info][gc,phases      ] GC(153)   Evacuate Collection Set: 0.2ms
[2026-05-06T01:03:30.297+0100][6.583s][info][gc,phases      ] GC(153)   Post Evacuate Collection Set: 0.1ms
[2026-05-06T01:03:30.297+0100][6.583s][info][gc,phases      ] GC(153)   Other: 0.0ms
[2026-05-06T01:03:30.297+0100][6.583s][info][gc,heap        ] GC(153) Eden regions: 4->0(217)
[2026-05-06T01:03:30.297+0100][6.583s][info][gc,heap        ] GC(153) Survivor regions: 1->1(28)
[2026-05-06T01:03:30.297+0100][6.583s][info][gc,heap        ] GC(153) Old regions: 13->13
[2026-05-06T01:03:30.297+0100][6.583s][info][gc,heap        ] GC(153) Humongous regions: 134->96
[2026-05-06T01:03:30.297+0100][6.583s][info][gc,metaspace   ] GC(153) Metaspace: 19038K(19328K)->19038K(19328K) NonClass: 16802K(16960K)->16802K(16960K) Class: 2236K(2368K)->2236K(2368K)
[2026-05-06T01:03:30.297+0100][6.583s][info][gc             ] GC(153) Pause Young (Concurrent Start) (G1 Humongous Allocation) 286M->203M(728M) 0.541ms
[2026-05-06T01:03:30.297+0100][6.583s][info][gc,cpu         ] GC(153) User=0.01s Sys=0.00s Real=0.00s
[2026-05-06T01:03:30.297+0100][6.583s][info][gc             ] GC(154) Concurrent Undo Cycle
[2026-05-06T01:03:30.297+0100][6.583s][info][gc,marking     ] GC(154) Concurrent Clear Claimed Marks
[2026-05-06T01:03:30.297+0100][6.583s][info][gc,marking     ] GC(154) Concurrent Clear Claimed Marks 0.007ms
[2026-05-06T01:03:30.297+0100][6.583s][info][gc,marking     ] GC(154) Concurrent Cleanup for Next Mark
[2026-05-06T01:03:30.297+0100][6.584s][info][gc,marking     ] GC(154) Concurrent Cleanup for Next Mark 0.036ms
[2026-05-06T01:03:30.297+0100][6.584s][info][gc             ] GC(154) Concurrent Undo Cycle 0.070ms
[2026-05-06T01:03:30.337+0100][6.624s][info][gc,start       ] GC(155) Pause Young (Concurrent Start) (G1 Humongous Allocation)
[2026-05-06T01:03:30.337+0100][6.624s][info][gc,task        ] GC(155) Using 9 workers of 9 for evacuation
[2026-05-06T01:03:30.338+0100][6.624s][info][gc,phases      ] GC(155)   Pre Evacuate Collection Set: 0.1ms
[2026-05-06T01:03:30.338+0100][6.624s][info][gc,phases      ] GC(155)   Merge Heap Roots: 0.0ms
[2026-05-06T01:03:30.338+0100][6.624s][info][gc,phases      ] GC(155)   Evacuate Collection Set: 0.2ms
[2026-05-06T01:03:30.338+0100][6.624s][info][gc,phases      ] GC(155)   Post Evacuate Collection Set: 0.1ms
[2026-05-06T01:03:30.338+0100][6.624s][info][gc,phases      ] GC(155)   Other: 0.0ms
[2026-05-06T01:03:30.338+0100][6.624s][info][gc,heap        ] GC(155) Eden regions: 4->0(217)
[2026-05-06T01:03:30.338+0100][6.624s][info][gc,heap        ] GC(155) Survivor regions: 1->1(28)
[2026-05-06T01:03:30.338+0100][6.624s][info][gc,heap        ] GC(155) Old regions: 13->13
[2026-05-06T01:03:30.338+0100][6.624s][info][gc,heap        ] GC(155) Humongous regions: 134->96
[2026-05-06T01:03:30.338+0100][6.624s][info][gc,metaspace   ] GC(155) Metaspace: 19049K(19328K)->19049K(19328K) NonClass: 16812K(16960K)->16812K(16960K) Class: 2236K(2368K)->2236K(2368K)
[2026-05-06T01:03:30.338+0100][6.624s][info][gc             ] GC(155) Pause Young (Concurrent Start) (G1 Humongous Allocation) 286M->203M(728M) 0.529ms
[2026-05-06T01:03:30.338+0100][6.624s][info][gc,cpu         ] GC(155) User=0.01s Sys=0.00s Real=0.00s
[2026-05-06T01:03:30.338+0100][6.624s][info][gc             ] GC(156) Concurrent Undo Cycle
[2026-05-06T01:03:30.338+0100][6.624s][info][gc,marking     ] GC(156) Concurrent Clear Claimed Marks
[2026-05-06T01:03:30.338+0100][6.624s][info][gc,marking     ] GC(156) Concurrent Clear Claimed Marks 0.007ms
[2026-05-06T01:03:30.338+0100][6.624s][info][gc,marking     ] GC(156) Concurrent Cleanup for Next Mark
[2026-05-06T01:03:30.338+0100][6.624s][info][gc,marking     ] GC(156) Concurrent Cleanup for Next Mark 0.036ms
[2026-05-06T01:03:30.338+0100][6.624s][info][gc             ] GC(156) Concurrent Undo Cycle 0.075ms
[2026-05-06T01:03:30.378+0100][6.664s][info][gc,start       ] GC(157) Pause Young (Concurrent Start) (G1 Humongous Allocation)
[2026-05-06T01:03:30.378+0100][6.664s][info][gc,task        ] GC(157) Using 9 workers of 9 for evacuation
[2026-05-06T01:03:30.378+0100][6.665s][info][gc,phases      ] GC(157)   Pre Evacuate Collection Set: 0.1ms
[2026-05-06T01:03:30.378+0100][6.665s][info][gc,phases      ] GC(157)   Merge Heap Roots: 0.0ms
[2026-05-06T01:03:30.378+0100][6.665s][info][gc,phases      ] GC(157)   Evacuate Collection Set: 0.2ms
[2026-05-06T01:03:30.378+0100][6.665s][info][gc,phases      ] GC(157)   Post Evacuate Collection Set: 0.1ms
[2026-05-06T01:03:30.378+0100][6.665s][info][gc,phases      ] GC(157)   Other: 0.0ms
[2026-05-06T01:03:30.378+0100][6.665s][info][gc,heap        ] GC(157) Eden regions: 4->0(217)
[2026-05-06T01:03:30.378+0100][6.665s][info][gc,heap        ] GC(157) Survivor regions: 1->1(28)
[2026-05-06T01:03:30.378+0100][6.665s][info][gc,heap        ] GC(157) Old regions: 13->13
[2026-05-06T01:03:30.378+0100][6.665s][info][gc,heap        ] GC(157) Humongous regions: 134->96
[2026-05-06T01:03:30.378+0100][6.665s][info][gc,metaspace   ] GC(157) Metaspace: 19049K(19328K)->19049K(19328K) NonClass: 16812K(16960K)->16812K(16960K) Class: 2236K(2368K)->2236K(2368K)
[2026-05-06T01:03:30.378+0100][6.665s][info][gc             ] GC(157) Pause Young (Concurrent Start) (G1 Humongous Allocation) 286M->203M(728M) 0.560ms
[2026-05-06T01:03:30.378+0100][6.665s][info][gc,cpu         ] GC(157) User=0.01s Sys=0.00s Real=0.00s
[2026-05-06T01:03:30.378+0100][6.665s][info][gc             ] GC(158) Concurrent Undo Cycle
[2026-05-06T01:03:30.378+0100][6.665s][info][gc,marking     ] GC(158) Concurrent Clear Claimed Marks
[2026-05-06T01:03:30.378+0100][6.665s][info][gc,marking     ] GC(158) Concurrent Clear Claimed Marks 0.006ms
[2026-05-06T01:03:30.378+0100][6.665s][info][gc,marking     ] GC(158) Concurrent Cleanup for Next Mark
[2026-05-06T01:03:30.378+0100][6.665s][info][gc,marking     ] GC(158) Concurrent Cleanup for Next Mark 0.029ms
[2026-05-06T01:03:30.378+0100][6.665s][info][gc             ] GC(158) Concurrent Undo Cycle 0.060ms
[2026-05-06T01:03:30.391+0100][6.677s][info][gc,start       ] GC(159) Pause Full (System.gc())
[2026-05-06T01:03:30.391+0100][6.677s][info][gc,task        ] GC(159) Using 9 workers of 9 for full compaction
[2026-05-06T01:03:30.391+0100][6.677s][info][gc,phases,start] GC(159) Phase 1: Mark live objects
[2026-05-06T01:03:30.395+0100][6.681s][info][gc,phases      ] GC(159) Phase 1: Mark live objects 3.549ms
[2026-05-06T01:03:30.395+0100][6.681s][info][gc,phases,start] GC(159) Phase 2: Prepare compaction
[2026-05-06T01:03:30.395+0100][6.681s][info][gc,phases      ] GC(159) Phase 2: Prepare compaction 0.254ms
[2026-05-06T01:03:30.395+0100][6.681s][info][gc,phases,start] GC(159) Phase 3: Adjust pointers
[2026-05-06T01:03:30.396+0100][6.683s][info][gc,phases      ] GC(159) Phase 3: Adjust pointers 1.682ms
[2026-05-06T01:03:30.396+0100][6.683s][info][gc,phases,start] GC(159) Phase 4: Compact heap
[2026-05-06T01:03:30.397+0100][6.683s][info][gc,phases      ] GC(159) Phase 4: Compact heap 0.214ms
[2026-05-06T01:03:30.397+0100][6.683s][info][gc,phases,start] GC(159) Phase 5: Reset Metadata
[2026-05-06T01:03:30.397+0100][6.684s][info][gc,phases      ] GC(159) Phase 5: Reset Metadata 0.349ms
[2026-05-06T01:03:30.398+0100][6.684s][info][gc,heap        ] GC(159) Eden regions: 2->0(218)
[2026-05-06T01:03:30.398+0100][6.684s][info][gc,heap        ] GC(159) Survivor regions: 1->0(28)
[2026-05-06T01:03:30.398+0100][6.684s][info][gc,heap        ] GC(159) Old regions: 13->13
[2026-05-06T01:03:30.398+0100][6.684s][info][gc,heap        ] GC(159) Humongous regions: 115->96
[2026-05-06T01:03:30.398+0100][6.684s][info][gc,metaspace   ] GC(159) Metaspace: 19049K(19328K)->19049K(19328K) NonClass: 16812K(16960K)->16812K(16960K) Class: 2236K(2368K)->2236K(2368K)
[2026-05-06T01:03:30.398+0100][6.684s][info][gc             ] GC(159) Pause Full (System.gc()) 244M->203M(728M) 6.743ms
[2026-05-06T01:03:30.398+0100][6.684s][info][gc,cpu         ] GC(159) User=0.02s Sys=0.01s Real=0.00s
[2026-05-06T01:03:30.445+0100][6.732s][info][gc,start       ] GC(160) Pause Young (Concurrent Start) (G1 Humongous Allocation)
[2026-05-06T01:03:30.445+0100][6.732s][info][gc,task        ] GC(160) Using 9 workers of 9 for evacuation
[2026-05-06T01:03:30.446+0100][6.732s][info][gc,phases      ] GC(160)   Pre Evacuate Collection Set: 0.1ms
[2026-05-06T01:03:30.446+0100][6.732s][info][gc,phases      ] GC(160)   Merge Heap Roots: 0.0ms
[2026-05-06T01:03:30.446+0100][6.732s][info][gc,phases      ] GC(160)   Evacuate Collection Set: 0.2ms
[2026-05-06T01:03:30.446+0100][6.732s][info][gc,phases      ] GC(160)   Post Evacuate Collection Set: 0.1ms
[2026-05-06T01:03:30.446+0100][6.732s][info][gc,phases      ] GC(160)   Other: 0.0ms
[2026-05-06T01:03:30.446+0100][6.732s][info][gc,heap        ] GC(160) Eden regions: 5->0(217)
[2026-05-06T01:03:30.446+0100][6.732s][info][gc,heap        ] GC(160) Survivor regions: 0->1(28)
[2026-05-06T01:03:30.446+0100][6.732s][info][gc,heap        ] GC(160) Old regions: 13->13
[2026-05-06T01:03:30.446+0100][6.732s][info][gc,heap        ] GC(160) Humongous regions: 134->96
[2026-05-06T01:03:30.446+0100][6.732s][info][gc,metaspace   ] GC(160) Metaspace: 19049K(19328K)->19049K(19328K) NonClass: 16812K(16960K)->16812K(16960K) Class: 2236K(2368K)->2236K(2368K)
[2026-05-06T01:03:30.446+0100][6.732s][info][gc             ] GC(160) Pause Young (Concurrent Start) (G1 Humongous Allocation) 288M->203M(728M) 0.472ms
[2026-05-06T01:03:30.446+0100][6.732s][info][gc,cpu         ] GC(160) User=0.00s Sys=0.00s Real=0.00s
[2026-05-06T01:03:30.446+0100][6.732s][info][gc             ] GC(161) Concurrent Undo Cycle
[2026-05-06T01:03:30.446+0100][6.732s][info][gc,marking     ] GC(161) Concurrent Clear Claimed Marks
[2026-05-06T01:03:30.446+0100][6.732s][info][gc,marking     ] GC(161) Concurrent Clear Claimed Marks 0.008ms
[2026-05-06T01:03:30.446+0100][6.732s][info][gc,marking     ] GC(161) Concurrent Cleanup for Next Mark
[2026-05-06T01:03:30.446+0100][6.732s][info][gc,marking     ] GC(161) Concurrent Cleanup for Next Mark 0.036ms
[2026-05-06T01:03:30.446+0100][6.732s][info][gc             ] GC(161) Concurrent Undo Cycle 0.074ms
[2026-05-06T01:03:30.486+0100][6.772s][info][gc,start       ] GC(162) Pause Young (Concurrent Start) (G1 Humongous Allocation)
[2026-05-06T01:03:30.486+0100][6.772s][info][gc,task        ] GC(162) Using 9 workers of 9 for evacuation
[2026-05-06T01:03:30.486+0100][6.773s][info][gc,phases      ] GC(162)   Pre Evacuate Collection Set: 0.1ms
[2026-05-06T01:03:30.486+0100][6.773s][info][gc,phases      ] GC(162)   Merge Heap Roots: 0.0ms
[2026-05-06T01:03:30.486+0100][6.773s][info][gc,phases      ] GC(162)   Evacuate Collection Set: 0.2ms
[2026-05-06T01:03:30.486+0100][6.773s][info][gc,phases      ] GC(162)   Post Evacuate Collection Set: 0.1ms
[2026-05-06T01:03:30.486+0100][6.773s][info][gc,phases      ] GC(162)   Other: 0.0ms
[2026-05-06T01:03:30.486+0100][6.773s][info][gc,heap        ] GC(162) Eden regions: 3->0(217)
[2026-05-06T01:03:30.486+0100][6.773s][info][gc,heap        ] GC(162) Survivor regions: 1->1(28)
[2026-05-06T01:03:30.486+0100][6.773s][info][gc,heap        ] GC(162) Old regions: 13->13
[2026-05-06T01:03:30.486+0100][6.773s][info][gc,heap        ] GC(162) Humongous regions: 134->96
[2026-05-06T01:03:30.486+0100][6.773s][info][gc,metaspace   ] GC(162) Metaspace: 19049K(19328K)->19049K(19328K) NonClass: 16812K(16960K)->16812K(16960K) Class: 2236K(2368K)->2236K(2368K)
[2026-05-06T01:03:30.486+0100][6.773s][info][gc             ] GC(162) Pause Young (Concurrent Start) (G1 Humongous Allocation) 285M->203M(728M) 0.524ms
[2026-05-06T01:03:30.486+0100][6.773s][info][gc,cpu         ] GC(162) User=0.00s Sys=0.01s Real=0.00s
[2026-05-06T01:03:30.486+0100][6.773s][info][gc             ] GC(163) Concurrent Undo Cycle
[2026-05-06T01:03:30.486+0100][6.773s][info][gc,marking     ] GC(163) Concurrent Clear Claimed Marks
[2026-05-06T01:03:30.486+0100][6.773s][info][gc,marking     ] GC(163) Concurrent Clear Claimed Marks 0.010ms
[2026-05-06T01:03:30.486+0100][6.773s][info][gc,marking     ] GC(163) Concurrent Cleanup for Next Mark
[2026-05-06T01:03:30.486+0100][6.773s][info][gc,marking     ] GC(163) Concurrent Cleanup for Next Mark 0.041ms
[2026-05-06T01:03:30.486+0100][6.773s][info][gc             ] GC(163) Concurrent Undo Cycle 0.076ms
[2026-05-06T01:03:30.527+0100][6.813s][info][gc,start       ] GC(164) Pause Young (Concurrent Start) (G1 Humongous Allocation)
[2026-05-06T01:03:30.527+0100][6.813s][info][gc,task        ] GC(164) Using 9 workers of 9 for evacuation
[2026-05-06T01:03:30.527+0100][6.814s][info][gc,phases      ] GC(164)   Pre Evacuate Collection Set: 0.1ms
[2026-05-06T01:03:30.527+0100][6.814s][info][gc,phases      ] GC(164)   Merge Heap Roots: 0.0ms
[2026-05-06T01:03:30.527+0100][6.814s][info][gc,phases      ] GC(164)   Evacuate Collection Set: 0.2ms
[2026-05-06T01:03:30.527+0100][6.814s][info][gc,phases      ] GC(164)   Post Evacuate Collection Set: 0.1ms
[2026-05-06T01:03:30.527+0100][6.814s][info][gc,phases      ] GC(164)   Other: 0.0ms
[2026-05-06T01:03:30.527+0100][6.814s][info][gc,heap        ] GC(164) Eden regions: 4->0(217)
[2026-05-06T01:03:30.527+0100][6.814s][info][gc,heap        ] GC(164) Survivor regions: 1->1(28)
[2026-05-06T01:03:30.527+0100][6.814s][info][gc,heap        ] GC(164) Old regions: 13->13
[2026-05-06T01:03:30.527+0100][6.814s][info][gc,heap        ] GC(164) Humongous regions: 134->96
[2026-05-06T01:03:30.527+0100][6.814s][info][gc,metaspace   ] GC(164) Metaspace: 19049K(19328K)->19049K(19328K) NonClass: 16812K(16960K)->16812K(16960K) Class: 2236K(2368K)->2236K(2368K)
[2026-05-06T01:03:30.527+0100][6.814s][info][gc             ] GC(164) Pause Young (Concurrent Start) (G1 Humongous Allocation) 286M->203M(728M) 0.505ms
[2026-05-06T01:03:30.527+0100][6.814s][info][gc,cpu         ] GC(164) User=0.00s Sys=0.00s Real=0.00s
[2026-05-06T01:03:30.527+0100][6.814s][info][gc             ] GC(165) Concurrent Undo Cycle
[2026-05-06T01:03:30.527+0100][6.814s][info][gc,marking     ] GC(165) Concurrent Clear Claimed Marks
[2026-05-06T01:03:30.527+0100][6.814s][info][gc,marking     ] GC(165) Concurrent Clear Claimed Marks 0.008ms
[2026-05-06T01:03:30.527+0100][6.814s][info][gc,marking     ] GC(165) Concurrent Cleanup for Next Mark
[2026-05-06T01:03:30.527+0100][6.814s][info][gc,marking     ] GC(165) Concurrent Cleanup for Next Mark 0.040ms
[2026-05-06T01:03:30.527+0100][6.814s][info][gc             ] GC(165) Concurrent Undo Cycle 0.083ms
[2026-05-06T01:03:30.568+0100][6.854s][info][gc,start       ] GC(166) Pause Young (Concurrent Start) (G1 Humongous Allocation)
[2026-05-06T01:03:30.568+0100][6.854s][info][gc,task        ] GC(166) Using 9 workers of 9 for evacuation
[2026-05-06T01:03:30.568+0100][6.855s][info][gc,phases      ] GC(166)   Pre Evacuate Collection Set: 0.1ms
[2026-05-06T01:03:30.568+0100][6.855s][info][gc,phases      ] GC(166)   Merge Heap Roots: 0.0ms
[2026-05-06T01:03:30.568+0100][6.855s][info][gc,phases      ] GC(166)   Evacuate Collection Set: 0.2ms
[2026-05-06T01:03:30.568+0100][6.855s][info][gc,phases      ] GC(166)   Post Evacuate Collection Set: 0.1ms
[2026-05-06T01:03:30.568+0100][6.855s][info][gc,phases      ] GC(166)   Other: 0.0ms
[2026-05-06T01:03:30.568+0100][6.855s][info][gc,heap        ] GC(166) Eden regions: 4->0(217)
[2026-05-06T01:03:30.568+0100][6.855s][info][gc,heap        ] GC(166) Survivor regions: 1->1(28)
[2026-05-06T01:03:30.568+0100][6.855s][info][gc,heap        ] GC(166) Old regions: 13->13
[2026-05-06T01:03:30.568+0100][6.855s][info][gc,heap        ] GC(166) Humongous regions: 134->96
[2026-05-06T01:03:30.568+0100][6.855s][info][gc,metaspace   ] GC(166) Metaspace: 19049K(19328K)->19049K(19328K) NonClass: 16812K(16960K)->16812K(16960K) Class: 2236K(2368K)->2236K(2368K)
[2026-05-06T01:03:30.568+0100][6.855s][info][gc             ] GC(166) Pause Young (Concurrent Start) (G1 Humongous Allocation) 286M->203M(728M) 0.544ms
[2026-05-06T01:03:30.568+0100][6.855s][info][gc,cpu         ] GC(166) User=0.00s Sys=0.00s Real=0.00s
[2026-05-06T01:03:30.568+0100][6.855s][info][gc             ] GC(167) Concurrent Undo Cycle
[2026-05-06T01:03:30.568+0100][6.855s][info][gc,marking     ] GC(167) Concurrent Clear Claimed Marks
[2026-05-06T01:03:30.568+0100][6.855s][info][gc,marking     ] GC(167) Concurrent Clear Claimed Marks 0.007ms
[2026-05-06T01:03:30.568+0100][6.855s][info][gc,marking     ] GC(167) Concurrent Cleanup for Next Mark
[2026-05-06T01:03:30.568+0100][6.855s][info][gc,marking     ] GC(167) Concurrent Cleanup for Next Mark 0.039ms
[2026-05-06T01:03:30.568+0100][6.855s][info][gc             ] GC(167) Concurrent Undo Cycle 0.078ms
[2026-05-06T01:03:30.607+0100][6.894s][info][gc,start       ] GC(168) Pause Young (Concurrent Start) (G1 Humongous Allocation)
[2026-05-06T01:03:30.607+0100][6.894s][info][gc,task        ] GC(168) Using 9 workers of 9 for evacuation
[2026-05-06T01:03:30.608+0100][6.894s][info][gc,phases      ] GC(168)   Pre Evacuate Collection Set: 0.1ms
[2026-05-06T01:03:30.608+0100][6.894s][info][gc,phases      ] GC(168)   Merge Heap Roots: 0.0ms
[2026-05-06T01:03:30.608+0100][6.894s][info][gc,phases      ] GC(168)   Evacuate Collection Set: 0.2ms
[2026-05-06T01:03:30.608+0100][6.894s][info][gc,phases      ] GC(168)   Post Evacuate Collection Set: 0.1ms
[2026-05-06T01:03:30.608+0100][6.894s][info][gc,phases      ] GC(168)   Other: 0.0ms
[2026-05-06T01:03:30.608+0100][6.894s][info][gc,heap        ] GC(168) Eden regions: 3->0(217)
[2026-05-06T01:03:30.608+0100][6.894s][info][gc,heap        ] GC(168) Survivor regions: 1->1(28)
[2026-05-06T01:03:30.608+0100][6.894s][info][gc,heap        ] GC(168) Old regions: 13->13
[2026-05-06T01:03:30.608+0100][6.894s][info][gc,heap        ] GC(168) Humongous regions: 134->96
[2026-05-06T01:03:30.608+0100][6.894s][info][gc,metaspace   ] GC(168) Metaspace: 19053K(19328K)->19053K(19328K) NonClass: 16817K(16960K)->16817K(16960K) Class: 2236K(2368K)->2236K(2368K)
[2026-05-06T01:03:30.608+0100][6.894s][info][gc             ] GC(168) Pause Young (Concurrent Start) (G1 Humongous Allocation) 284M->203M(728M) 0.560ms
[2026-05-06T01:03:30.608+0100][6.894s][info][gc,cpu         ] GC(168) User=0.00s Sys=0.00s Real=0.00s
[2026-05-06T01:03:30.608+0100][6.894s][info][gc             ] GC(169) Concurrent Undo Cycle
[2026-05-06T01:03:30.608+0100][6.894s][info][gc,marking     ] GC(169) Concurrent Clear Claimed Marks
[2026-05-06T01:03:30.608+0100][6.894s][info][gc,marking     ] GC(169) Concurrent Clear Claimed Marks 0.006ms
[2026-05-06T01:03:30.608+0100][6.894s][info][gc,marking     ] GC(169) Concurrent Cleanup for Next Mark
[2026-05-06T01:03:30.608+0100][6.894s][info][gc,marking     ] GC(169) Concurrent Cleanup for Next Mark 0.035ms
[2026-05-06T01:03:30.608+0100][6.894s][info][gc             ] GC(169) Concurrent Undo Cycle 0.072ms
[2026-05-06T01:03:30.632+0100][6.918s][info][gc,start       ] GC(170) Pause Young (Concurrent Start) (G1 Humongous Allocation)
[2026-05-06T01:03:30.632+0100][6.918s][info][gc,task        ] GC(170) Using 9 workers of 9 for evacuation
[2026-05-06T01:03:30.632+0100][6.919s][info][gc,phases      ] GC(170)   Pre Evacuate Collection Set: 0.1ms
[2026-05-06T01:03:30.632+0100][6.919s][info][gc,phases      ] GC(170)   Merge Heap Roots: 0.0ms
[2026-05-06T01:03:30.632+0100][6.919s][info][gc,phases      ] GC(170)   Evacuate Collection Set: 0.3ms
[2026-05-06T01:03:30.632+0100][6.919s][info][gc,phases      ] GC(170)   Post Evacuate Collection Set: 0.1ms
[2026-05-06T01:03:30.632+0100][6.919s][info][gc,phases      ] GC(170)   Other: 0.0ms
[2026-05-06T01:03:30.632+0100][6.919s][info][gc,heap        ] GC(170) Eden regions: 1->0(217)
[2026-05-06T01:03:30.632+0100][6.919s][info][gc,heap        ] GC(170) Survivor regions: 1->1(28)
[2026-05-06T01:03:30.632+0100][6.919s][info][gc,heap        ] GC(170) Old regions: 13->13
[2026-05-06T01:03:30.632+0100][6.919s][info][gc,heap        ] GC(170) Humongous regions: 134->96
[2026-05-06T01:03:30.632+0100][6.919s][info][gc,metaspace   ] GC(170) Metaspace: 19053K(19328K)->19053K(19328K) NonClass: 16817K(16960K)->16817K(16960K) Class: 2236K(2368K)->2236K(2368K)
[2026-05-06T01:03:30.632+0100][6.919s][info][gc             ] GC(170) Pause Young (Concurrent Start) (G1 Humongous Allocation) 280M->203M(728M) 0.649ms
[2026-05-06T01:03:30.632+0100][6.919s][info][gc,cpu         ] GC(170) User=0.00s Sys=0.00s Real=0.00s
[2026-05-06T01:03:30.632+0100][6.919s][info][gc             ] GC(171) Concurrent Undo Cycle
[2026-05-06T01:03:30.632+0100][6.919s][info][gc,marking     ] GC(171) Concurrent Clear Claimed Marks
[2026-05-06T01:03:30.632+0100][6.919s][info][gc,marking     ] GC(171) Concurrent Clear Claimed Marks 0.007ms
[2026-05-06T01:03:30.632+0100][6.919s][info][gc,marking     ] GC(171) Concurrent Cleanup for Next Mark
[2026-05-06T01:03:30.632+0100][6.919s][info][gc,marking     ] GC(171) Concurrent Cleanup for Next Mark 0.027ms
[2026-05-06T01:03:30.632+0100][6.919s][info][gc             ] GC(171) Concurrent Undo Cycle 0.066ms
[2026-05-06T01:03:30.640+0100][6.926s][info][gc,start       ] GC(172) Pause Full (System.gc())
[2026-05-06T01:03:30.640+0100][6.926s][info][gc,task        ] GC(172) Using 9 workers of 9 for full compaction
[2026-05-06T01:03:30.640+0100][6.926s][info][gc,phases,start] GC(172) Phase 1: Mark live objects
[2026-05-06T01:03:30.642+0100][6.929s][info][gc,phases      ] GC(172) Phase 1: Mark live objects 2.464ms
[2026-05-06T01:03:30.642+0100][6.929s][info][gc,phases,start] GC(172) Phase 2: Prepare compaction
[2026-05-06T01:03:30.643+0100][6.929s][info][gc,phases      ] GC(172) Phase 2: Prepare compaction 0.253ms
[2026-05-06T01:03:30.643+0100][6.929s][info][gc,phases,start] GC(172) Phase 3: Adjust pointers
[2026-05-06T01:03:30.644+0100][6.931s][info][gc,phases      ] GC(172) Phase 3: Adjust pointers 1.797ms
[2026-05-06T01:03:30.644+0100][6.931s][info][gc,phases,start] GC(172) Phase 4: Compact heap
[2026-05-06T01:03:30.645+0100][6.931s][info][gc,phases      ] GC(172) Phase 4: Compact heap 0.275ms
[2026-05-06T01:03:30.645+0100][6.931s][info][gc,phases,start] GC(172) Phase 5: Reset Metadata
[2026-05-06T01:03:30.645+0100][6.932s][info][gc,phases      ] GC(172) Phase 5: Reset Metadata 0.413ms
[2026-05-06T01:03:30.646+0100][6.932s][info][gc,heap        ] GC(172) Eden regions: 1->0(218)
[2026-05-06T01:03:30.646+0100][6.932s][info][gc,heap        ] GC(172) Survivor regions: 1->0(28)
[2026-05-06T01:03:30.646+0100][6.932s][info][gc,heap        ] GC(172) Old regions: 13->13
[2026-05-06T01:03:30.646+0100][6.932s][info][gc,heap        ] GC(172) Humongous regions: 115->96
[2026-05-06T01:03:30.646+0100][6.932s][info][gc,metaspace   ] GC(172) Metaspace: 19053K(19328K)->19053K(19328K) NonClass: 16817K(16960K)->16817K(16960K) Class: 2236K(2368K)->2236K(2368K)
[2026-05-06T01:03:30.646+0100][6.932s][info][gc             ] GC(172) Pause Full (System.gc()) 242M->203M(728M) 6.036ms
[2026-05-06T01:03:30.646+0100][6.932s][info][gc,cpu         ] GC(172) User=0.02s Sys=0.00s Real=0.00s
[2026-05-06T01:03:30.674+0100][6.960s][info][gc,start       ] GC(173) Pause Young (Concurrent Start) (G1 Humongous Allocation)
[2026-05-06T01:03:30.674+0100][6.960s][info][gc,task        ] GC(173) Using 9 workers of 9 for evacuation
[2026-05-06T01:03:30.674+0100][6.961s][info][gc,phases      ] GC(173)   Pre Evacuate Collection Set: 0.1ms
[2026-05-06T01:03:30.674+0100][6.961s][info][gc,phases      ] GC(173)   Merge Heap Roots: 0.0ms
[2026-05-06T01:03:30.674+0100][6.961s][info][gc,phases      ] GC(173)   Evacuate Collection Set: 0.2ms
[2026-05-06T01:03:30.674+0100][6.961s][info][gc,phases      ] GC(173)   Post Evacuate Collection Set: 0.1ms
[2026-05-06T01:03:30.674+0100][6.961s][info][gc,phases      ] GC(173)   Other: 0.1ms
[2026-05-06T01:03:30.674+0100][6.961s][info][gc,heap        ] GC(173) Eden regions: 1->0(217)
[2026-05-06T01:03:30.674+0100][6.961s][info][gc,heap        ] GC(173) Survivor regions: 0->1(28)
[2026-05-06T01:03:30.674+0100][6.961s][info][gc,heap        ] GC(173) Old regions: 13->13
[2026-05-06T01:03:30.674+0100][6.961s][info][gc,heap        ] GC(173) Humongous regions: 134->96
[2026-05-06T01:03:30.674+0100][6.961s][info][gc,metaspace   ] GC(173) Metaspace: 19053K(19328K)->19053K(19328K) NonClass: 16817K(16960K)->16817K(16960K) Class: 2236K(2368K)->2236K(2368K)
[2026-05-06T01:03:30.674+0100][6.961s][info][gc             ] GC(173) Pause Young (Concurrent Start) (G1 Humongous Allocation) 280M->203M(728M) 0.705ms
[2026-05-06T01:03:30.674+0100][6.961s][info][gc,cpu         ] GC(173) User=0.00s Sys=0.00s Real=0.00s
[2026-05-06T01:03:30.674+0100][6.961s][info][gc             ] GC(174) Concurrent Undo Cycle
[2026-05-06T01:03:30.674+0100][6.961s][info][gc,marking     ] GC(174) Concurrent Clear Claimed Marks
[2026-05-06T01:03:30.674+0100][6.961s][info][gc,marking     ] GC(174) Concurrent Clear Claimed Marks 0.008ms
[2026-05-06T01:03:30.674+0100][6.961s][info][gc,marking     ] GC(174) Concurrent Cleanup for Next Mark
[2026-05-06T01:03:30.674+0100][6.961s][info][gc,marking     ] GC(174) Concurrent Cleanup for Next Mark 0.047ms
[2026-05-06T01:03:30.674+0100][6.961s][info][gc             ] GC(174) Concurrent Undo Cycle 0.083ms
[2026-05-06T01:03:30.698+0100][6.984s][info][gc,start       ] GC(175) Pause Young (Concurrent Start) (G1 Humongous Allocation)
[2026-05-06T01:03:30.698+0100][6.985s][info][gc,task        ] GC(175) Using 9 workers of 9 for evacuation
[2026-05-06T01:03:30.699+0100][6.985s][info][gc,phases      ] GC(175)   Pre Evacuate Collection Set: 0.1ms
[2026-05-06T01:03:30.699+0100][6.985s][info][gc,phases      ] GC(175)   Merge Heap Roots: 0.0ms
[2026-05-06T01:03:30.699+0100][6.985s][info][gc,phases      ] GC(175)   Evacuate Collection Set: 0.2ms
[2026-05-06T01:03:30.699+0100][6.985s][info][gc,phases      ] GC(175)   Post Evacuate Collection Set: 0.1ms
[2026-05-06T01:03:30.699+0100][6.985s][info][gc,phases      ] GC(175)   Other: 0.0ms
[2026-05-06T01:03:30.699+0100][6.985s][info][gc,heap        ] GC(175) Eden regions: 1->0(217)
[2026-05-06T01:03:30.699+0100][6.985s][info][gc,heap        ] GC(175) Survivor regions: 1->1(28)
[2026-05-06T01:03:30.699+0100][6.985s][info][gc,heap        ] GC(175) Old regions: 13->13
[2026-05-06T01:03:30.699+0100][6.985s][info][gc,heap        ] GC(175) Humongous regions: 134->96
[2026-05-06T01:03:30.699+0100][6.985s][info][gc,metaspace   ] GC(175) Metaspace: 19053K(19328K)->19053K(19328K) NonClass: 16817K(16960K)->16817K(16960K) Class: 2236K(2368K)->2236K(2368K)
[2026-05-06T01:03:30.699+0100][6.985s][info][gc             ] GC(175) Pause Young (Concurrent Start) (G1 Humongous Allocation) 280M->203M(728M) 0.597ms
[2026-05-06T01:03:30.699+0100][6.985s][info][gc,cpu         ] GC(175) User=0.00s Sys=0.00s Real=0.00s
[2026-05-06T01:03:30.699+0100][6.985s][info][gc             ] GC(176) Concurrent Undo Cycle
[2026-05-06T01:03:30.699+0100][6.985s][info][gc,marking     ] GC(176) Concurrent Clear Claimed Marks
[2026-05-06T01:03:30.699+0100][6.985s][info][gc,marking     ] GC(176) Concurrent Clear Claimed Marks 0.007ms
[2026-05-06T01:03:30.699+0100][6.985s][info][gc,marking     ] GC(176) Concurrent Cleanup for Next Mark
[2026-05-06T01:03:30.699+0100][6.985s][info][gc,marking     ] GC(176) Concurrent Cleanup for Next Mark 0.052ms
[2026-05-06T01:03:30.699+0100][6.985s][info][gc             ] GC(176) Concurrent Undo Cycle 0.140ms
[2026-05-06T01:03:30.722+0100][7.008s][info][gc,start       ] GC(177) Pause Young (Concurrent Start) (G1 Humongous Allocation)
[2026-05-06T01:03:30.722+0100][7.008s][info][gc,task        ] GC(177) Using 9 workers of 9 for evacuation
[2026-05-06T01:03:30.722+0100][7.009s][info][gc,phases      ] GC(177)   Pre Evacuate Collection Set: 0.1ms
[2026-05-06T01:03:30.722+0100][7.009s][info][gc,phases      ] GC(177)   Merge Heap Roots: 0.0ms
[2026-05-06T01:03:30.722+0100][7.009s][info][gc,phases      ] GC(177)   Evacuate Collection Set: 0.2ms
[2026-05-06T01:03:30.722+0100][7.009s][info][gc,phases      ] GC(177)   Post Evacuate Collection Set: 0.1ms
[2026-05-06T01:03:30.722+0100][7.009s][info][gc,phases      ] GC(177)   Other: 0.0ms
[2026-05-06T01:03:30.722+0100][7.009s][info][gc,heap        ] GC(177) Eden regions: 1->0(217)
[2026-05-06T01:03:30.722+0100][7.009s][info][gc,heap        ] GC(177) Survivor regions: 1->1(28)
[2026-05-06T01:03:30.723+0100][7.009s][info][gc,heap        ] GC(177) Old regions: 13->13
[2026-05-06T01:03:30.723+0100][7.009s][info][gc,heap        ] GC(177) Humongous regions: 134->96
[2026-05-06T01:03:30.723+0100][7.009s][info][gc,metaspace   ] GC(177) Metaspace: 19053K(19328K)->19053K(19328K) NonClass: 16817K(16960K)->16817K(16960K) Class: 2236K(2368K)->2236K(2368K)
[2026-05-06T01:03:30.723+0100][7.009s][info][gc             ] GC(177) Pause Young (Concurrent Start) (G1 Humongous Allocation) 280M->203M(728M) 0.516ms
[2026-05-06T01:03:30.723+0100][7.009s][info][gc,cpu         ] GC(177) User=0.01s Sys=0.00s Real=0.00s
[2026-05-06T01:03:30.723+0100][7.009s][info][gc             ] GC(178) Concurrent Undo Cycle
[2026-05-06T01:03:30.723+0100][7.009s][info][gc,marking     ] GC(178) Concurrent Clear Claimed Marks
[2026-05-06T01:03:30.723+0100][7.009s][info][gc,marking     ] GC(178) Concurrent Clear Claimed Marks 0.008ms
[2026-05-06T01:03:30.723+0100][7.009s][info][gc,marking     ] GC(178) Concurrent Cleanup for Next Mark
[2026-05-06T01:03:30.723+0100][7.009s][info][gc,marking     ] GC(178) Concurrent Cleanup for Next Mark 0.045ms
[2026-05-06T01:03:30.723+0100][7.009s][info][gc             ] GC(178) Concurrent Undo Cycle 0.086ms
[2026-05-06T01:03:30.747+0100][7.033s][info][gc,start       ] GC(179) Pause Young (Concurrent Start) (G1 Humongous Allocation)
[2026-05-06T01:03:30.747+0100][7.033s][info][gc,task        ] GC(179) Using 9 workers of 9 for evacuation
[2026-05-06T01:03:30.747+0100][7.033s][info][gc,phases      ] GC(179)   Pre Evacuate Collection Set: 0.1ms
[2026-05-06T01:03:30.747+0100][7.033s][info][gc,phases      ] GC(179)   Merge Heap Roots: 0.0ms
[2026-05-06T01:03:30.747+0100][7.033s][info][gc,phases      ] GC(179)   Evacuate Collection Set: 0.2ms
[2026-05-06T01:03:30.747+0100][7.033s][info][gc,phases      ] GC(179)   Post Evacuate Collection Set: 0.1ms
[2026-05-06T01:03:30.747+0100][7.034s][info][gc,phases      ] GC(179)   Other: 0.1ms
[2026-05-06T01:03:30.747+0100][7.034s][info][gc,heap        ] GC(179) Eden regions: 1->0(217)
[2026-05-06T01:03:30.747+0100][7.034s][info][gc,heap        ] GC(179) Survivor regions: 1->1(28)
[2026-05-06T01:03:30.747+0100][7.034s][info][gc,heap        ] GC(179) Old regions: 13->13
[2026-05-06T01:03:30.747+0100][7.034s][info][gc,heap        ] GC(179) Humongous regions: 134->96
[2026-05-06T01:03:30.747+0100][7.034s][info][gc,metaspace   ] GC(179) Metaspace: 19053K(19328K)->19053K(19328K) NonClass: 16817K(16960K)->16817K(16960K) Class: 2236K(2368K)->2236K(2368K)
[2026-05-06T01:03:30.747+0100][7.034s][info][gc             ] GC(179) Pause Young (Concurrent Start) (G1 Humongous Allocation) 280M->203M(728M) 0.571ms
[2026-05-06T01:03:30.747+0100][7.034s][info][gc,cpu         ] GC(179) User=0.00s Sys=0.00s Real=0.00s
[2026-05-06T01:03:30.747+0100][7.034s][info][gc             ] GC(180) Concurrent Undo Cycle
[2026-05-06T01:03:30.747+0100][7.034s][info][gc,marking     ] GC(180) Concurrent Clear Claimed Marks
[2026-05-06T01:03:30.747+0100][7.034s][info][gc,marking     ] GC(180) Concurrent Clear Claimed Marks 0.008ms
[2026-05-06T01:03:30.747+0100][7.034s][info][gc,marking     ] GC(180) Concurrent Cleanup for Next Mark
[2026-05-06T01:03:30.747+0100][7.034s][info][gc,marking     ] GC(180) Concurrent Cleanup for Next Mark 0.031ms
[2026-05-06T01:03:30.747+0100][7.034s][info][gc             ] GC(180) Concurrent Undo Cycle 0.069ms
[2026-05-06T01:03:30.796+0100][7.082s][info][gc,start       ] GC(181) Pause Young (Concurrent Start) (G1 Humongous Allocation)
[2026-05-06T01:03:30.796+0100][7.082s][info][gc,task        ] GC(181) Using 9 workers of 9 for evacuation
[2026-05-06T01:03:30.797+0100][7.083s][info][gc,phases      ] GC(181)   Pre Evacuate Collection Set: 0.1ms
[2026-05-06T01:03:30.797+0100][7.083s][info][gc,phases      ] GC(181)   Merge Heap Roots: 0.0ms
[2026-05-06T01:03:30.797+0100][7.083s][info][gc,phases      ] GC(181)   Evacuate Collection Set: 0.2ms
[2026-05-06T01:03:30.797+0100][7.083s][info][gc,phases      ] GC(181)   Post Evacuate Collection Set: 0.3ms
[2026-05-06T01:03:30.797+0100][7.083s][info][gc,phases      ] GC(181)   Other: 0.1ms
[2026-05-06T01:03:30.797+0100][7.083s][info][gc,heap        ] GC(181) Eden regions: 3->0(258)
[2026-05-06T01:03:30.797+0100][7.083s][info][gc,heap        ] GC(181) Survivor regions: 1->1(28)
[2026-05-06T01:03:30.797+0100][7.083s][info][gc,heap        ] GC(181) Old regions: 13->13
[2026-05-06T01:03:30.797+0100][7.083s][info][gc,heap        ] GC(181) Humongous regions: 134->96
[2026-05-06T01:03:30.797+0100][7.083s][info][gc,metaspace   ] GC(181) Metaspace: 19053K(19328K)->19053K(19328K) NonClass: 16817K(16960K)->16817K(16960K) Class: 2236K(2368K)->2236K(2368K)
[2026-05-06T01:03:30.797+0100][7.083s][info][gc             ] GC(181) Pause Young (Concurrent Start) (G1 Humongous Allocation) 284M->203M(864M) 0.966ms
[2026-05-06T01:03:30.797+0100][7.083s][info][gc             ] GC(182) Concurrent Undo Cycle
[2026-05-06T01:03:30.797+0100][7.083s][info][gc,marking     ] GC(182) Concurrent Clear Claimed Marks
[2026-05-06T01:03:30.797+0100][7.083s][info][gc,marking     ] GC(182) Concurrent Clear Claimed Marks 0.009ms
[2026-05-06T01:03:30.797+0100][7.083s][info][gc,cpu         ] GC(181) User=0.00s Sys=0.00s Real=0.00s
[2026-05-06T01:03:30.797+0100][7.083s][info][gc,marking     ] GC(182) Concurrent Cleanup for Next Mark
[2026-05-06T01:03:30.797+0100][7.084s][info][gc,marking     ] GC(182) Concurrent Cleanup for Next Mark 0.187ms
[2026-05-06T01:03:30.797+0100][7.084s][info][gc             ] GC(182) Concurrent Undo Cycle 0.249ms
[2026-05-06T01:03:30.876+0100][7.163s][info][gc,start       ] GC(183) Pause Full (System.gc())
[2026-05-06T01:03:30.876+0100][7.163s][info][gc,task        ] GC(183) Using 9 workers of 9 for full compaction
[2026-05-06T01:03:30.876+0100][7.163s][info][gc,phases,start] GC(183) Phase 1: Mark live objects
[2026-05-06T01:03:30.880+0100][7.167s][info][gc,phases      ] GC(183) Phase 1: Mark live objects 3.872ms
[2026-05-06T01:03:30.880+0100][7.167s][info][gc,phases,start] GC(183) Phase 2: Prepare compaction
[2026-05-06T01:03:30.881+0100][7.167s][info][gc,phases      ] GC(183) Phase 2: Prepare compaction 0.284ms
[2026-05-06T01:03:30.881+0100][7.167s][info][gc,phases,start] GC(183) Phase 3: Adjust pointers
[2026-05-06T01:03:30.883+0100][7.169s][info][gc,phases      ] GC(183) Phase 3: Adjust pointers 2.052ms
[2026-05-06T01:03:30.883+0100][7.169s][info][gc,phases,start] GC(183) Phase 4: Compact heap
[2026-05-06T01:03:30.883+0100][7.170s][info][gc,phases      ] GC(183) Phase 4: Compact heap 0.318ms
[2026-05-06T01:03:30.883+0100][7.170s][info][gc,phases,start] GC(183) Phase 5: Reset Metadata
[2026-05-06T01:03:30.884+0100][7.170s][info][gc,phases      ] GC(183) Phase 5: Reset Metadata 0.459ms
[2026-05-06T01:03:30.885+0100][7.171s][info][gc,heap        ] GC(183) Eden regions: 7->0(218)
[2026-05-06T01:03:30.885+0100][7.171s][info][gc,heap        ] GC(183) Survivor regions: 1->0(28)
[2026-05-06T01:03:30.885+0100][7.171s][info][gc,heap        ] GC(183) Old regions: 13->13
[2026-05-06T01:03:30.885+0100][7.171s][info][gc,heap        ] GC(183) Humongous regions: 153->96
[2026-05-06T01:03:30.885+0100][7.171s][info][gc,metaspace   ] GC(183) Metaspace: 19053K(19328K)->19053K(19328K) NonClass: 16817K(16960K)->16817K(16960K) Class: 2236K(2368K)->2236K(2368K)
[2026-05-06T01:03:30.885+0100][7.171s][info][gc             ] GC(183) Pause Full (System.gc()) 330M->203M(728M) 8.501ms
[2026-05-06T01:03:30.885+0100][7.171s][info][gc,cpu         ] GC(183) User=0.03s Sys=0.00s Real=0.01s
[2026-05-06T01:03:30.912+0100][7.199s][info][gc,start       ] GC(184) Pause Young (Concurrent Start) (G1 Humongous Allocation)
[2026-05-06T01:03:30.912+0100][7.199s][info][gc,task        ] GC(184) Using 9 workers of 9 for evacuation
[2026-05-06T01:03:30.913+0100][7.199s][info][gc,phases      ] GC(184)   Pre Evacuate Collection Set: 0.1ms
[2026-05-06T01:03:30.913+0100][7.199s][info][gc,phases      ] GC(184)   Merge Heap Roots: 0.0ms
[2026-05-06T01:03:30.913+0100][7.199s][info][gc,phases      ] GC(184)   Evacuate Collection Set: 0.2ms
[2026-05-06T01:03:30.913+0100][7.199s][info][gc,phases      ] GC(184)   Post Evacuate Collection Set: 0.1ms
[2026-05-06T01:03:30.913+0100][7.199s][info][gc,phases      ] GC(184)   Other: 0.0ms
[2026-05-06T01:03:30.913+0100][7.199s][info][gc,heap        ] GC(184) Eden regions: 8->0(217)
[2026-05-06T01:03:30.913+0100][7.199s][info][gc,heap        ] GC(184) Survivor regions: 0->1(28)
[2026-05-06T01:03:30.913+0100][7.199s][info][gc,heap        ] GC(184) Old regions: 13->13
[2026-05-06T01:03:30.913+0100][7.199s][info][gc,heap        ] GC(184) Humongous regions: 134->96
[2026-05-06T01:03:30.913+0100][7.199s][info][gc,metaspace   ] GC(184) Metaspace: 19054K(19328K)->19054K(19328K) NonClass: 16817K(16960K)->16817K(16960K) Class: 2236K(2368K)->2236K(2368K)
[2026-05-06T01:03:30.913+0100][7.199s][info][gc             ] GC(184) Pause Young (Concurrent Start) (G1 Humongous Allocation) 295M->203M(728M) 0.648ms
[2026-05-06T01:03:30.913+0100][7.199s][info][gc,cpu         ] GC(184) User=0.00s Sys=0.00s Real=0.00s
[2026-05-06T01:03:30.913+0100][7.199s][info][gc             ] GC(185) Concurrent Undo Cycle
[2026-05-06T01:03:30.913+0100][7.199s][info][gc,marking     ] GC(185) Concurrent Clear Claimed Marks
[2026-05-06T01:03:30.913+0100][7.199s][info][gc,marking     ] GC(185) Concurrent Clear Claimed Marks 0.018ms
[2026-05-06T01:03:30.913+0100][7.199s][info][gc,marking     ] GC(185) Concurrent Cleanup for Next Mark
[2026-05-06T01:03:30.913+0100][7.199s][info][gc,marking     ] GC(185) Concurrent Cleanup for Next Mark 0.051ms
[2026-05-06T01:03:30.913+0100][7.199s][info][gc             ] GC(185) Concurrent Undo Cycle 0.105ms
[2026-05-06T01:03:30.935+0100][7.222s][info][gc,start       ] GC(186) Pause Young (Concurrent Start) (G1 Humongous Allocation)
[2026-05-06T01:03:30.935+0100][7.222s][info][gc,task        ] GC(186) Using 9 workers of 9 for evacuation
[2026-05-06T01:03:30.936+0100][7.222s][info][gc,phases      ] GC(186)   Pre Evacuate Collection Set: 0.1ms
[2026-05-06T01:03:30.936+0100][7.222s][info][gc,phases      ] GC(186)   Merge Heap Roots: 0.0ms
[2026-05-06T01:03:30.936+0100][7.222s][info][gc,phases      ] GC(186)   Evacuate Collection Set: 0.2ms
[2026-05-06T01:03:30.936+0100][7.222s][info][gc,phases      ] GC(186)   Post Evacuate Collection Set: 0.2ms
[2026-05-06T01:03:30.936+0100][7.222s][info][gc,phases      ] GC(186)   Other: 0.0ms
[2026-05-06T01:03:30.936+0100][7.222s][info][gc,heap        ] GC(186) Eden regions: 6->0(217)
[2026-05-06T01:03:30.936+0100][7.222s][info][gc,heap        ] GC(186) Survivor regions: 1->1(28)
[2026-05-06T01:03:30.936+0100][7.222s][info][gc,heap        ] GC(186) Old regions: 13->13
[2026-05-06T01:03:30.936+0100][7.222s][info][gc,heap        ] GC(186) Humongous regions: 134->96
[2026-05-06T01:03:30.936+0100][7.222s][info][gc,metaspace   ] GC(186) Metaspace: 19054K(19328K)->19054K(19328K) NonClass: 16817K(16960K)->16817K(16960K) Class: 2236K(2368K)->2236K(2368K)
[2026-05-06T01:03:30.936+0100][7.222s][info][gc             ] GC(186) Pause Young (Concurrent Start) (G1 Humongous Allocation) 290M->203M(728M) 0.680ms
[2026-05-06T01:03:30.936+0100][7.222s][info][gc,cpu         ] GC(186) User=0.00s Sys=0.00s Real=0.00s
[2026-05-06T01:03:30.936+0100][7.222s][info][gc             ] GC(187) Concurrent Undo Cycle
[2026-05-06T01:03:30.936+0100][7.222s][info][gc,marking     ] GC(187) Concurrent Clear Claimed Marks
[2026-05-06T01:03:30.936+0100][7.222s][info][gc,marking     ] GC(187) Concurrent Clear Claimed Marks 0.007ms
[2026-05-06T01:03:30.936+0100][7.222s][info][gc,marking     ] GC(187) Concurrent Cleanup for Next Mark
[2026-05-06T01:03:30.936+0100][7.222s][info][gc,marking     ] GC(187) Concurrent Cleanup for Next Mark 0.035ms
[2026-05-06T01:03:30.936+0100][7.223s][info][gc             ] GC(187) Concurrent Undo Cycle 0.070ms
[2026-05-06T01:03:30.959+0100][7.246s][info][gc,start       ] GC(188) Pause Young (Concurrent Start) (G1 Humongous Allocation)
[2026-05-06T01:03:30.959+0100][7.246s][info][gc,task        ] GC(188) Using 9 workers of 9 for evacuation
[2026-05-06T01:03:30.960+0100][7.246s][info][gc,phases      ] GC(188)   Pre Evacuate Collection Set: 0.1ms
[2026-05-06T01:03:30.960+0100][7.246s][info][gc,phases      ] GC(188)   Merge Heap Roots: 0.0ms
[2026-05-06T01:03:30.960+0100][7.246s][info][gc,phases      ] GC(188)   Evacuate Collection Set: 0.2ms
[2026-05-06T01:03:30.960+0100][7.246s][info][gc,phases      ] GC(188)   Post Evacuate Collection Set: 0.1ms
[2026-05-06T01:03:30.960+0100][7.246s][info][gc,phases      ] GC(188)   Other: 0.0ms
[2026-05-06T01:03:30.960+0100][7.246s][info][gc,heap        ] GC(188) Eden regions: 7->0(217)
[2026-05-06T01:03:30.960+0100][7.246s][info][gc,heap        ] GC(188) Survivor regions: 1->1(28)
[2026-05-06T01:03:30.960+0100][7.246s][info][gc,heap        ] GC(188) Old regions: 13->13
[2026-05-06T01:03:30.960+0100][7.246s][info][gc,heap        ] GC(188) Humongous regions: 134->96
[2026-05-06T01:03:30.960+0100][7.246s][info][gc,metaspace   ] GC(188) Metaspace: 19054K(19328K)->19054K(19328K) NonClass: 16817K(16960K)->16817K(16960K) Class: 2236K(2368K)->2236K(2368K)
[2026-05-06T01:03:30.960+0100][7.246s][info][gc             ] GC(188) Pause Young (Concurrent Start) (G1 Humongous Allocation) 292M->203M(728M) 0.541ms
[2026-05-06T01:03:30.960+0100][7.246s][info][gc             ] GC(189) Concurrent Undo Cycle
[2026-05-06T01:03:30.960+0100][7.246s][info][gc,cpu         ] GC(188) User=0.00s Sys=0.00s Real=0.01s
[2026-05-06T01:03:30.960+0100][7.246s][info][gc,marking     ] GC(189) Concurrent Clear Claimed Marks
[2026-05-06T01:03:30.960+0100][7.246s][info][gc,marking     ] GC(189) Concurrent Clear Claimed Marks 0.010ms
[2026-05-06T01:03:30.960+0100][7.246s][info][gc,marking     ] GC(189) Concurrent Cleanup for Next Mark
[2026-05-06T01:03:30.960+0100][7.246s][info][gc,marking     ] GC(189) Concurrent Cleanup for Next Mark 0.038ms
[2026-05-06T01:03:30.960+0100][7.246s][info][gc             ] GC(189) Concurrent Undo Cycle 0.073ms
[2026-05-06T01:03:30.985+0100][7.271s][info][gc,start       ] GC(190) Pause Young (Concurrent Start) (G1 Humongous Allocation)
[2026-05-06T01:03:30.985+0100][7.271s][info][gc,task        ] GC(190) Using 9 workers of 9 for evacuation
[2026-05-06T01:03:30.985+0100][7.271s][info][gc,phases      ] GC(190)   Pre Evacuate Collection Set: 0.1ms
[2026-05-06T01:03:30.985+0100][7.271s][info][gc,phases      ] GC(190)   Merge Heap Roots: 0.0ms
[2026-05-06T01:03:30.985+0100][7.271s][info][gc,phases      ] GC(190)   Evacuate Collection Set: 0.2ms
[2026-05-06T01:03:30.985+0100][7.271s][info][gc,phases      ] GC(190)   Post Evacuate Collection Set: 0.1ms
[2026-05-06T01:03:30.985+0100][7.271s][info][gc,phases      ] GC(190)   Other: 0.0ms
[2026-05-06T01:03:30.985+0100][7.271s][info][gc,heap        ] GC(190) Eden regions: 7->0(217)
[2026-05-06T01:03:30.985+0100][7.271s][info][gc,heap        ] GC(190) Survivor regions: 1->1(28)
[2026-05-06T01:03:30.985+0100][7.271s][info][gc,heap        ] GC(190) Old regions: 13->13
[2026-05-06T01:03:30.985+0100][7.271s][info][gc,heap        ] GC(190) Humongous regions: 134->96
[2026-05-06T01:03:30.985+0100][7.271s][info][gc,metaspace   ] GC(190) Metaspace: 19054K(19328K)->19054K(19328K) NonClass: 16817K(16960K)->16817K(16960K) Class: 2236K(2368K)->2236K(2368K)
[2026-05-06T01:03:30.985+0100][7.271s][info][gc             ] GC(190) Pause Young (Concurrent Start) (G1 Humongous Allocation) 292M->203M(728M) 0.532ms
[2026-05-06T01:03:30.985+0100][7.271s][info][gc,cpu         ] GC(190) User=0.00s Sys=0.00s Real=0.00s
[2026-05-06T01:03:30.985+0100][7.271s][info][gc             ] GC(191) Concurrent Undo Cycle
[2026-05-06T01:03:30.985+0100][7.271s][info][gc,marking     ] GC(191) Concurrent Clear Claimed Marks
[2026-05-06T01:03:30.985+0100][7.271s][info][gc,marking     ] GC(191) Concurrent Clear Claimed Marks 0.007ms
[2026-05-06T01:03:30.985+0100][7.272s][info][gc,marking     ] GC(191) Concurrent Cleanup for Next Mark
[2026-05-06T01:03:30.985+0100][7.272s][info][gc,marking     ] GC(191) Concurrent Cleanup for Next Mark 0.045ms
[2026-05-06T01:03:30.985+0100][7.272s][info][gc             ] GC(191) Concurrent Undo Cycle 0.084ms
[2026-05-06T01:03:31.011+0100][7.297s][info][gc,start       ] GC(192) Pause Young (Concurrent Start) (G1 Humongous Allocation)
[2026-05-06T01:03:31.011+0100][7.297s][info][gc,task        ] GC(192) Using 9 workers of 9 for evacuation
[2026-05-06T01:03:31.011+0100][7.297s][info][gc,phases      ] GC(192)   Pre Evacuate Collection Set: 0.1ms
[2026-05-06T01:03:31.011+0100][7.297s][info][gc,phases      ] GC(192)   Merge Heap Roots: 0.0ms
[2026-05-06T01:03:31.011+0100][7.297s][info][gc,phases      ] GC(192)   Evacuate Collection Set: 0.2ms
[2026-05-06T01:03:31.011+0100][7.298s][info][gc,phases      ] GC(192)   Post Evacuate Collection Set: 0.1ms
[2026-05-06T01:03:31.011+0100][7.298s][info][gc,phases      ] GC(192)   Other: 0.0ms
[2026-05-06T01:03:31.011+0100][7.298s][info][gc,heap        ] GC(192) Eden regions: 7->0(217)
[2026-05-06T01:03:31.011+0100][7.298s][info][gc,heap        ] GC(192) Survivor regions: 1->1(28)
[2026-05-06T01:03:31.011+0100][7.298s][info][gc,heap        ] GC(192) Old regions: 13->13
[2026-05-06T01:03:31.011+0100][7.298s][info][gc,heap        ] GC(192) Humongous regions: 134->96
[2026-05-06T01:03:31.011+0100][7.298s][info][gc,metaspace   ] GC(192) Metaspace: 19065K(19392K)->19065K(19392K) NonClass: 16828K(17024K)->16828K(17024K) Class: 2236K(2368K)->2236K(2368K)
[2026-05-06T01:03:31.011+0100][7.298s][info][gc             ] GC(192) Pause Young (Concurrent Start) (G1 Humongous Allocation) 292M->203M(728M) 0.579ms
[2026-05-06T01:03:31.011+0100][7.298s][info][gc,cpu         ] GC(192) User=0.00s Sys=0.00s Real=0.00s
[2026-05-06T01:03:31.011+0100][7.298s][info][gc             ] GC(193) Concurrent Undo Cycle
[2026-05-06T01:03:31.011+0100][7.298s][info][gc,marking     ] GC(193) Concurrent Clear Claimed Marks
[2026-05-06T01:03:31.011+0100][7.298s][info][gc,marking     ] GC(193) Concurrent Clear Claimed Marks 0.016ms
[2026-05-06T01:03:31.011+0100][7.298s][info][gc,marking     ] GC(193) Concurrent Cleanup for Next Mark
[2026-05-06T01:03:31.011+0100][7.298s][info][gc,marking     ] GC(193) Concurrent Cleanup for Next Mark 0.050ms
[2026-05-06T01:03:31.011+0100][7.298s][info][gc             ] GC(193) Concurrent Undo Cycle 0.100ms
[2026-05-06T01:03:31.040+0100][7.326s][info][gc,start       ] GC(194) Pause Young (Concurrent Start) (G1 Humongous Allocation)
[2026-05-06T01:03:31.040+0100][7.326s][info][gc,task        ] GC(194) Using 9 workers of 9 for evacuation
[2026-05-06T01:03:31.040+0100][7.327s][info][gc,phases      ] GC(194)   Pre Evacuate Collection Set: 0.1ms
[2026-05-06T01:03:31.040+0100][7.327s][info][gc,phases      ] GC(194)   Merge Heap Roots: 0.0ms
[2026-05-06T01:03:31.040+0100][7.327s][info][gc,phases      ] GC(194)   Evacuate Collection Set: 0.2ms
[2026-05-06T01:03:31.040+0100][7.327s][info][gc,phases      ] GC(194)   Post Evacuate Collection Set: 0.1ms
[2026-05-06T01:03:31.040+0100][7.327s][info][gc,phases      ] GC(194)   Other: 0.0ms
[2026-05-06T01:03:31.040+0100][7.327s][info][gc,heap        ] GC(194) Eden regions: 7->0(217)
[2026-05-06T01:03:31.040+0100][7.327s][info][gc,heap        ] GC(194) Survivor regions: 1->1(28)
[2026-05-06T01:03:31.040+0100][7.327s][info][gc,heap        ] GC(194) Old regions: 13->13
[2026-05-06T01:03:31.040+0100][7.327s][info][gc,heap        ] GC(194) Humongous regions: 134->96
[2026-05-06T01:03:31.040+0100][7.327s][info][gc,metaspace   ] GC(194) Metaspace: 19065K(19392K)->19065K(19392K) NonClass: 16828K(17024K)->16828K(17024K) Class: 2236K(2368K)->2236K(2368K)
[2026-05-06T01:03:31.040+0100][7.327s][info][gc             ] GC(194) Pause Young (Concurrent Start) (G1 Humongous Allocation) 292M->203M(728M) 0.627ms
[2026-05-06T01:03:31.040+0100][7.327s][info][gc,cpu         ] GC(194) User=0.01s Sys=0.00s Real=0.00s
[2026-05-06T01:03:31.040+0100][7.327s][info][gc             ] GC(195) Concurrent Undo Cycle
[2026-05-06T01:03:31.040+0100][7.327s][info][gc,marking     ] GC(195) Concurrent Clear Claimed Marks
[2026-05-06T01:03:31.040+0100][7.327s][info][gc,marking     ] GC(195) Concurrent Clear Claimed Marks 0.008ms
[2026-05-06T01:03:31.040+0100][7.327s][info][gc,marking     ] GC(195) Concurrent Cleanup for Next Mark
[2026-05-06T01:03:31.040+0100][7.327s][info][gc,marking     ] GC(195) Concurrent Cleanup for Next Mark 0.069ms
[2026-05-06T01:03:31.041+0100][7.327s][info][gc             ] GC(195) Concurrent Undo Cycle 0.115ms
[2026-05-06T01:03:31.048+0100][7.334s][info][gc,start       ] GC(196) Pause Full (System.gc())
[2026-05-06T01:03:31.048+0100][7.334s][info][gc,task        ] GC(196) Using 9 workers of 9 for full compaction
[2026-05-06T01:03:31.048+0100][7.334s][info][gc,phases,start] GC(196) Phase 1: Mark live objects
[2026-05-06T01:03:31.051+0100][7.337s][info][gc,phases      ] GC(196) Phase 1: Mark live objects 2.973ms
[2026-05-06T01:03:31.051+0100][7.337s][info][gc,phases,start] GC(196) Phase 2: Prepare compaction
[2026-05-06T01:03:31.051+0100][7.337s][info][gc,phases      ] GC(196) Phase 2: Prepare compaction 0.344ms
[2026-05-06T01:03:31.051+0100][7.337s][info][gc,phases,start] GC(196) Phase 3: Adjust pointers
[2026-05-06T01:03:31.053+0100][7.339s][info][gc,phases      ] GC(196) Phase 3: Adjust pointers 2.000ms
[2026-05-06T01:03:31.053+0100][7.339s][info][gc,phases,start] GC(196) Phase 4: Compact heap
[2026-05-06T01:03:31.053+0100][7.340s][info][gc,phases      ] GC(196) Phase 4: Compact heap 0.217ms
[2026-05-06T01:03:31.053+0100][7.340s][info][gc,phases,start] GC(196) Phase 5: Reset Metadata
[2026-05-06T01:03:31.054+0100][7.340s][info][gc,phases      ] GC(196) Phase 5: Reset Metadata 0.353ms
[2026-05-06T01:03:31.054+0100][7.341s][info][gc,heap        ] GC(196) Eden regions: 3->0(218)
[2026-05-06T01:03:31.054+0100][7.341s][info][gc,heap        ] GC(196) Survivor regions: 1->0(28)
[2026-05-06T01:03:31.054+0100][7.341s][info][gc,heap        ] GC(196) Old regions: 13->13
[2026-05-06T01:03:31.054+0100][7.341s][info][gc,heap        ] GC(196) Humongous regions: 115->96
[2026-05-06T01:03:31.054+0100][7.341s][info][gc,metaspace   ] GC(196) Metaspace: 19065K(19392K)->19065K(19392K) NonClass: 16828K(17024K)->16828K(17024K) Class: 2236K(2368K)->2236K(2368K)
[2026-05-06T01:03:31.054+0100][7.341s][info][gc             ] GC(196) Pause Full (System.gc()) 246M->203M(728M) 6.618ms
[2026-05-06T01:03:31.054+0100][7.341s][info][gc,cpu         ] GC(196) User=0.02s Sys=0.01s Real=0.01s
[2026-05-06T01:03:31.082+0100][7.368s][info][gc,start       ] GC(197) Pause Young (Concurrent Start) (G1 Humongous Allocation)
[2026-05-06T01:03:31.082+0100][7.368s][info][gc,task        ] GC(197) Using 9 workers of 9 for evacuation
[2026-05-06T01:03:31.082+0100][7.368s][info][gc,phases      ] GC(197)   Pre Evacuate Collection Set: 0.1ms
[2026-05-06T01:03:31.082+0100][7.368s][info][gc,phases      ] GC(197)   Merge Heap Roots: 0.0ms
[2026-05-06T01:03:31.082+0100][7.369s][info][gc,phases      ] GC(197)   Evacuate Collection Set: 0.2ms
[2026-05-06T01:03:31.082+0100][7.369s][info][gc,phases      ] GC(197)   Post Evacuate Collection Set: 0.1ms
[2026-05-06T01:03:31.082+0100][7.369s][info][gc,phases      ] GC(197)   Other: 0.0ms
[2026-05-06T01:03:31.082+0100][7.369s][info][gc,heap        ] GC(197) Eden regions: 9->0(217)
[2026-05-06T01:03:31.082+0100][7.369s][info][gc,heap        ] GC(197) Survivor regions: 0->1(28)
[2026-05-06T01:03:31.082+0100][7.369s][info][gc,heap        ] GC(197) Old regions: 13->13
[2026-05-06T01:03:31.082+0100][7.369s][info][gc,heap        ] GC(197) Humongous regions: 134->96
[2026-05-06T01:03:31.082+0100][7.369s][info][gc,metaspace   ] GC(197) Metaspace: 19067K(19392K)->19067K(19392K) NonClass: 16830K(17024K)->16830K(17024K) Class: 2236K(2368K)->2236K(2368K)
[2026-05-06T01:03:31.082+0100][7.369s][info][gc             ] GC(197) Pause Young (Concurrent Start) (G1 Humongous Allocation) 296M->203M(728M) 0.542ms
[2026-05-06T01:03:31.082+0100][7.369s][info][gc,cpu         ] GC(197) User=0.00s Sys=0.00s Real=0.00s
[2026-05-06T01:03:31.082+0100][7.369s][info][gc             ] GC(198) Concurrent Undo Cycle
[2026-05-06T01:03:31.082+0100][7.369s][info][gc,marking     ] GC(198) Concurrent Clear Claimed Marks
[2026-05-06T01:03:31.082+0100][7.369s][info][gc,marking     ] GC(198) Concurrent Clear Claimed Marks 0.008ms
[2026-05-06T01:03:31.082+0100][7.369s][info][gc,marking     ] GC(198) Concurrent Cleanup for Next Mark
[2026-05-06T01:03:31.082+0100][7.369s][info][gc,marking     ] GC(198) Concurrent Cleanup for Next Mark 0.042ms
[2026-05-06T01:03:31.082+0100][7.369s][info][gc             ] GC(198) Concurrent Undo Cycle 0.084ms
[2026-05-06T01:03:31.104+0100][7.391s][info][gc,start       ] GC(199) Pause Young (Concurrent Start) (G1 Humongous Allocation)
[2026-05-06T01:03:31.104+0100][7.391s][info][gc,task        ] GC(199) Using 9 workers of 9 for evacuation
[2026-05-06T01:03:31.105+0100][7.391s][info][gc,phases      ] GC(199)   Pre Evacuate Collection Set: 0.1ms
[2026-05-06T01:03:31.105+0100][7.391s][info][gc,phases      ] GC(199)   Merge Heap Roots: 0.0ms
[2026-05-06T01:03:31.105+0100][7.391s][info][gc,phases      ] GC(199)   Evacuate Collection Set: 0.2ms
[2026-05-06T01:03:31.105+0100][7.391s][info][gc,phases      ] GC(199)   Post Evacuate Collection Set: 0.1ms
[2026-05-06T01:03:31.105+0100][7.391s][info][gc,phases      ] GC(199)   Other: 0.0ms
[2026-05-06T01:03:31.105+0100][7.391s][info][gc,heap        ] GC(199) Eden regions: 6->0(217)
[2026-05-06T01:03:31.105+0100][7.391s][info][gc,heap        ] GC(199) Survivor regions: 1->1(28)
[2026-05-06T01:03:31.105+0100][7.391s][info][gc,heap        ] GC(199) Old regions: 13->13
[2026-05-06T01:03:31.105+0100][7.391s][info][gc,heap        ] GC(199) Humongous regions: 134->96
[2026-05-06T01:03:31.105+0100][7.391s][info][gc,metaspace   ] GC(199) Metaspace: 19067K(19392K)->19067K(19392K) NonClass: 16831K(17024K)->16831K(17024K) Class: 2236K(2368K)->2236K(2368K)
[2026-05-06T01:03:31.105+0100][7.391s][info][gc             ] GC(199) Pause Young (Concurrent Start) (G1 Humongous Allocation) 290M->203M(728M) 0.551ms
[2026-05-06T01:03:31.105+0100][7.391s][info][gc,cpu         ] GC(199) User=0.00s Sys=0.01s Real=0.00s
[2026-05-06T01:03:31.105+0100][7.391s][info][gc             ] GC(200) Concurrent Undo Cycle
[2026-05-06T01:03:31.105+0100][7.391s][info][gc,marking     ] GC(200) Concurrent Clear Claimed Marks
[2026-05-06T01:03:31.105+0100][7.391s][info][gc,marking     ] GC(200) Concurrent Clear Claimed Marks 0.007ms
[2026-05-06T01:03:31.105+0100][7.391s][info][gc,marking     ] GC(200) Concurrent Cleanup for Next Mark
[2026-05-06T01:03:31.105+0100][7.391s][info][gc,marking     ] GC(200) Concurrent Cleanup for Next Mark 0.034ms
[2026-05-06T01:03:31.105+0100][7.391s][info][gc             ] GC(200) Concurrent Undo Cycle 0.072ms
[2026-05-06T01:03:31.126+0100][7.412s][info][gc,start       ] GC(201) Pause Young (Concurrent Start) (G1 Humongous Allocation)
[2026-05-06T01:03:31.126+0100][7.412s][info][gc,task        ] GC(201) Using 9 workers of 9 for evacuation
[2026-05-06T01:03:31.126+0100][7.413s][info][gc,phases      ] GC(201)   Pre Evacuate Collection Set: 0.1ms
[2026-05-06T01:03:31.126+0100][7.413s][info][gc,phases      ] GC(201)   Merge Heap Roots: 0.0ms
[2026-05-06T01:03:31.126+0100][7.413s][info][gc,phases      ] GC(201)   Evacuate Collection Set: 0.2ms
[2026-05-06T01:03:31.126+0100][7.413s][info][gc,phases      ] GC(201)   Post Evacuate Collection Set: 0.1ms
[2026-05-06T01:03:31.126+0100][7.413s][info][gc,phases      ] GC(201)   Other: 0.0ms
[2026-05-06T01:03:31.126+0100][7.413s][info][gc,heap        ] GC(201) Eden regions: 7->0(217)
[2026-05-06T01:03:31.126+0100][7.413s][info][gc,heap        ] GC(201) Survivor regions: 1->1(28)
[2026-05-06T01:03:31.126+0100][7.413s][info][gc,heap        ] GC(201) Old regions: 13->13
[2026-05-06T01:03:31.126+0100][7.413s][info][gc,heap        ] GC(201) Humongous regions: 134->96
[2026-05-06T01:03:31.127+0100][7.413s][info][gc,metaspace   ] GC(201) Metaspace: 19067K(19392K)->19067K(19392K) NonClass: 16831K(17024K)->16831K(17024K) Class: 2236K(2368K)->2236K(2368K)
[2026-05-06T01:03:31.127+0100][7.413s][info][gc             ] GC(201) Pause Young (Concurrent Start) (G1 Humongous Allocation) 292M->203M(728M) 0.545ms
[2026-05-06T01:03:31.127+0100][7.413s][info][gc,cpu         ] GC(201) User=0.00s Sys=0.00s Real=0.00s
[2026-05-06T01:03:31.127+0100][7.413s][info][gc             ] GC(202) Concurrent Undo Cycle
[2026-05-06T01:03:31.127+0100][7.413s][info][gc,marking     ] GC(202) Concurrent Clear Claimed Marks
[2026-05-06T01:03:31.127+0100][7.413s][info][gc,marking     ] GC(202) Concurrent Clear Claimed Marks 0.007ms
[2026-05-06T01:03:31.127+0100][7.413s][info][gc,marking     ] GC(202) Concurrent Cleanup for Next Mark
[2026-05-06T01:03:31.127+0100][7.413s][info][gc,marking     ] GC(202) Concurrent Cleanup for Next Mark 0.035ms
[2026-05-06T01:03:31.127+0100][7.413s][info][gc             ] GC(202) Concurrent Undo Cycle 0.069ms
[2026-05-06T01:03:31.148+0100][7.434s][info][gc,start       ] GC(203) Pause Young (Concurrent Start) (G1 Humongous Allocation)
[2026-05-06T01:03:31.148+0100][7.434s][info][gc,task        ] GC(203) Using 9 workers of 9 for evacuation
[2026-05-06T01:03:31.148+0100][7.435s][info][gc,phases      ] GC(203)   Pre Evacuate Collection Set: 0.1ms
[2026-05-06T01:03:31.148+0100][7.435s][info][gc,phases      ] GC(203)   Merge Heap Roots: 0.0ms
[2026-05-06T01:03:31.148+0100][7.435s][info][gc,phases      ] GC(203)   Evacuate Collection Set: 0.2ms
[2026-05-06T01:03:31.148+0100][7.435s][info][gc,phases      ] GC(203)   Post Evacuate Collection Set: 0.1ms
[2026-05-06T01:03:31.148+0100][7.435s][info][gc,phases      ] GC(203)   Other: 0.0ms
[2026-05-06T01:03:31.148+0100][7.435s][info][gc,heap        ] GC(203) Eden regions: 7->0(217)
[2026-05-06T01:03:31.148+0100][7.435s][info][gc,heap        ] GC(203) Survivor regions: 1->1(28)
[2026-05-06T01:03:31.148+0100][7.435s][info][gc,heap        ] GC(203) Old regions: 13->13
[2026-05-06T01:03:31.148+0100][7.435s][info][gc,heap        ] GC(203) Humongous regions: 134->96
[2026-05-06T01:03:31.148+0100][7.435s][info][gc,metaspace   ] GC(203) Metaspace: 19067K(19392K)->19067K(19392K) NonClass: 16831K(17024K)->16831K(17024K) Class: 2236K(2368K)->2236K(2368K)
[2026-05-06T01:03:31.148+0100][7.435s][info][gc             ] GC(203) Pause Young (Concurrent Start) (G1 Humongous Allocation) 292M->203M(728M) 0.480ms
[2026-05-06T01:03:31.148+0100][7.435s][info][gc,cpu         ] GC(203) User=0.00s Sys=0.00s Real=0.00s
[2026-05-06T01:03:31.148+0100][7.435s][info][gc             ] GC(204) Concurrent Undo Cycle
[2026-05-06T01:03:31.148+0100][7.435s][info][gc,marking     ] GC(204) Concurrent Clear Claimed Marks
[2026-05-06T01:03:31.148+0100][7.435s][info][gc,marking     ] GC(204) Concurrent Clear Claimed Marks 0.006ms
[2026-05-06T01:03:31.148+0100][7.435s][info][gc,marking     ] GC(204) Concurrent Cleanup for Next Mark
[2026-05-06T01:03:31.148+0100][7.435s][info][gc,marking     ] GC(204) Concurrent Cleanup for Next Mark 0.036ms
[2026-05-06T01:03:31.148+0100][7.435s][info][gc             ] GC(204) Concurrent Undo Cycle 0.068ms
[2026-05-06T01:03:31.169+0100][7.455s][info][gc,start       ] GC(205) Pause Young (Concurrent Start) (G1 Humongous Allocation)
[2026-05-06T01:03:31.169+0100][7.455s][info][gc,task        ] GC(205) Using 9 workers of 9 for evacuation
[2026-05-06T01:03:31.169+0100][7.456s][info][gc,phases      ] GC(205)   Pre Evacuate Collection Set: 0.1ms
[2026-05-06T01:03:31.169+0100][7.456s][info][gc,phases      ] GC(205)   Merge Heap Roots: 0.0ms
[2026-05-06T01:03:31.169+0100][7.456s][info][gc,phases      ] GC(205)   Evacuate Collection Set: 0.2ms
[2026-05-06T01:03:31.169+0100][7.456s][info][gc,phases      ] GC(205)   Post Evacuate Collection Set: 0.2ms
[2026-05-06T01:03:31.169+0100][7.456s][info][gc,phases      ] GC(205)   Other: 0.0ms
[2026-05-06T01:03:31.169+0100][7.456s][info][gc,heap        ] GC(205) Eden regions: 5->0(263)
[2026-05-06T01:03:31.169+0100][7.456s][info][gc,heap        ] GC(205) Survivor regions: 1->1(28)
[2026-05-06T01:03:31.169+0100][7.456s][info][gc,heap        ] GC(205) Old regions: 13->13
[2026-05-06T01:03:31.169+0100][7.456s][info][gc,heap        ] GC(205) Humongous regions: 134->96
[2026-05-06T01:03:31.169+0100][7.456s][info][gc,metaspace   ] GC(205) Metaspace: 19067K(19392K)->19067K(19392K) NonClass: 16831K(17024K)->16831K(17024K) Class: 2236K(2368K)->2236K(2368K)
[2026-05-06T01:03:31.169+0100][7.456s][info][gc             ] GC(205) Pause Young (Concurrent Start) (G1 Humongous Allocation) 288M->203M(882M) 0.581ms
[2026-05-06T01:03:31.169+0100][7.456s][info][gc,cpu         ] GC(205) User=0.01s Sys=0.00s Real=0.00s
[2026-05-06T01:03:31.169+0100][7.456s][info][gc             ] GC(206) Concurrent Undo Cycle
[2026-05-06T01:03:31.169+0100][7.456s][info][gc,marking     ] GC(206) Concurrent Clear Claimed Marks
[2026-05-06T01:03:31.169+0100][7.456s][info][gc,marking     ] GC(206) Concurrent Clear Claimed Marks 0.007ms
[2026-05-06T01:03:31.169+0100][7.456s][info][gc,marking     ] GC(206) Concurrent Cleanup for Next Mark
[2026-05-06T01:03:31.169+0100][7.456s][info][gc,marking     ] GC(206) Concurrent Cleanup for Next Mark 0.038ms
[2026-05-06T01:03:31.169+0100][7.456s][info][gc             ] GC(206) Concurrent Undo Cycle 0.072ms
[2026-05-06T01:03:31.192+0100][7.479s][info][gc,start       ] GC(207) Pause Full (System.gc())
[2026-05-06T01:03:31.192+0100][7.479s][info][gc,task        ] GC(207) Using 9 workers of 9 for full compaction
[2026-05-06T01:03:31.192+0100][7.479s][info][gc,phases,start] GC(207) Phase 1: Mark live objects
[2026-05-06T01:03:31.195+0100][7.481s][info][gc,phases      ] GC(207) Phase 1: Mark live objects 2.295ms
[2026-05-06T01:03:31.195+0100][7.481s][info][gc,phases,start] GC(207) Phase 2: Prepare compaction
[2026-05-06T01:03:31.195+0100][7.481s][info][gc,phases      ] GC(207) Phase 2: Prepare compaction 0.249ms
[2026-05-06T01:03:31.195+0100][7.481s][info][gc,phases,start] GC(207) Phase 3: Adjust pointers
[2026-05-06T01:03:31.197+0100][7.483s][info][gc,phases      ] GC(207) Phase 3: Adjust pointers 1.579ms
[2026-05-06T01:03:31.197+0100][7.483s][info][gc,phases,start] GC(207) Phase 4: Compact heap
[2026-05-06T01:03:31.197+0100][7.483s][info][gc,phases      ] GC(207) Phase 4: Compact heap 0.228ms
[2026-05-06T01:03:31.197+0100][7.483s][info][gc,phases,start] GC(207) Phase 5: Reset Metadata
[2026-05-06T01:03:31.197+0100][7.484s][info][gc,phases      ] GC(207) Phase 5: Reset Metadata 0.334ms
[2026-05-06T01:03:31.198+0100][7.484s][info][gc,heap        ] GC(207) Eden regions: 1->0(218)
[2026-05-06T01:03:31.198+0100][7.484s][info][gc,heap        ] GC(207) Survivor regions: 1->0(28)
[2026-05-06T01:03:31.198+0100][7.484s][info][gc,heap        ] GC(207) Old regions: 13->13
[2026-05-06T01:03:31.198+0100][7.484s][info][gc,heap        ] GC(207) Humongous regions: 153->96
[2026-05-06T01:03:31.198+0100][7.484s][info][gc,metaspace   ] GC(207) Metaspace: 19067K(19392K)->19067K(19392K) NonClass: 16831K(17024K)->16831K(17024K) Class: 2236K(2368K)->2236K(2368K)
[2026-05-06T01:03:31.198+0100][7.484s][info][gc             ] GC(207) Pause Full (System.gc()) 318M->203M(728M) 5.482ms
[2026-05-06T01:03:31.198+0100][7.484s][info][gc,cpu         ] GC(207) User=0.02s Sys=0.01s Real=0.00s
[2026-05-06T01:03:31.218+0100][7.505s][info][gc,start       ] GC(208) Pause Young (Concurrent Start) (G1 Humongous Allocation)
[2026-05-06T01:03:31.218+0100][7.505s][info][gc,task        ] GC(208) Using 9 workers of 9 for evacuation
[2026-05-06T01:03:31.219+0100][7.505s][info][gc,phases      ] GC(208)   Pre Evacuate Collection Set: 0.1ms
[2026-05-06T01:03:31.219+0100][7.505s][info][gc,phases      ] GC(208)   Merge Heap Roots: 0.0ms
[2026-05-06T01:03:31.219+0100][7.505s][info][gc,phases      ] GC(208)   Evacuate Collection Set: 0.1ms
[2026-05-06T01:03:31.219+0100][7.505s][info][gc,phases      ] GC(208)   Post Evacuate Collection Set: 0.1ms
[2026-05-06T01:03:31.219+0100][7.505s][info][gc,phases      ] GC(208)   Other: 0.0ms
[2026-05-06T01:03:31.219+0100][7.505s][info][gc,heap        ] GC(208) Eden regions: 1->0(217)
[2026-05-06T01:03:31.219+0100][7.505s][info][gc,heap        ] GC(208) Survivor regions: 0->1(28)
[2026-05-06T01:03:31.219+0100][7.505s][info][gc,heap        ] GC(208) Old regions: 13->13
[2026-05-06T01:03:31.219+0100][7.505s][info][gc,heap        ] GC(208) Humongous regions: 134->96
[2026-05-06T01:03:31.219+0100][7.505s][info][gc,metaspace   ] GC(208) Metaspace: 19067K(19392K)->19067K(19392K) NonClass: 16831K(17024K)->16831K(17024K) Class: 2236K(2368K)->2236K(2368K)
[2026-05-06T01:03:31.219+0100][7.505s][info][gc             ] GC(208) Pause Young (Concurrent Start) (G1 Humongous Allocation) 280M->203M(728M) 0.499ms
[2026-05-06T01:03:31.219+0100][7.505s][info][gc,cpu         ] GC(208) User=0.00s Sys=0.00s Real=0.00s
[2026-05-06T01:03:31.219+0100][7.505s][info][gc             ] GC(209) Concurrent Undo Cycle
[2026-05-06T01:03:31.219+0100][7.505s][info][gc,marking     ] GC(209) Concurrent Clear Claimed Marks
[2026-05-06T01:03:31.219+0100][7.505s][info][gc,marking     ] GC(209) Concurrent Clear Claimed Marks 0.007ms
[2026-05-06T01:03:31.219+0100][7.505s][info][gc,marking     ] GC(209) Concurrent Cleanup for Next Mark
[2026-05-06T01:03:31.219+0100][7.505s][info][gc,marking     ] GC(209) Concurrent Cleanup for Next Mark 0.034ms
[2026-05-06T01:03:31.219+0100][7.505s][info][gc             ] GC(209) Concurrent Undo Cycle 0.067ms
[2026-05-06T01:03:31.236+0100][7.523s][info][gc,start       ] GC(210) Pause Young (Concurrent Start) (G1 Humongous Allocation)
[2026-05-06T01:03:31.236+0100][7.523s][info][gc,task        ] GC(210) Using 9 workers of 9 for evacuation
[2026-05-06T01:03:31.237+0100][7.523s][info][gc,phases      ] GC(210)   Pre Evacuate Collection Set: 0.1ms
[2026-05-06T01:03:31.237+0100][7.523s][info][gc,phases      ] GC(210)   Merge Heap Roots: 0.0ms
[2026-05-06T01:03:31.237+0100][7.523s][info][gc,phases      ] GC(210)   Evacuate Collection Set: 0.1ms
[2026-05-06T01:03:31.237+0100][7.523s][info][gc,phases      ] GC(210)   Post Evacuate Collection Set: 0.1ms
[2026-05-06T01:03:31.237+0100][7.523s][info][gc,phases      ] GC(210)   Other: 0.0ms
[2026-05-06T01:03:31.237+0100][7.523s][info][gc,heap        ] GC(210) Eden regions: 1->0(217)
[2026-05-06T01:03:31.237+0100][7.523s][info][gc,heap        ] GC(210) Survivor regions: 1->1(28)
[2026-05-06T01:03:31.237+0100][7.523s][info][gc,heap        ] GC(210) Old regions: 13->13
[2026-05-06T01:03:31.237+0100][7.523s][info][gc,heap        ] GC(210) Humongous regions: 134->96
[2026-05-06T01:03:31.237+0100][7.523s][info][gc,metaspace   ] GC(210) Metaspace: 19067K(19392K)->19067K(19392K) NonClass: 16831K(17024K)->16831K(17024K) Class: 2236K(2368K)->2236K(2368K)
[2026-05-06T01:03:31.237+0100][7.523s][info][gc             ] GC(210) Pause Young (Concurrent Start) (G1 Humongous Allocation) 280M->203M(728M) 0.483ms
[2026-05-06T01:03:31.237+0100][7.523s][info][gc,cpu         ] GC(210) User=0.00s Sys=0.00s Real=0.00s
[2026-05-06T01:03:31.237+0100][7.523s][info][gc             ] GC(211) Concurrent Undo Cycle
[2026-05-06T01:03:31.237+0100][7.523s][info][gc,marking     ] GC(211) Concurrent Clear Claimed Marks
[2026-05-06T01:03:31.237+0100][7.523s][info][gc,marking     ] GC(211) Concurrent Clear Claimed Marks 0.007ms
[2026-05-06T01:03:31.237+0100][7.523s][info][gc,marking     ] GC(211) Concurrent Cleanup for Next Mark
[2026-05-06T01:03:31.237+0100][7.523s][info][gc,marking     ] GC(211) Concurrent Cleanup for Next Mark 0.037ms
[2026-05-06T01:03:31.237+0100][7.523s][info][gc             ] GC(211) Concurrent Undo Cycle 0.067ms
[2026-05-06T01:03:31.254+0100][7.540s][info][gc,start       ] GC(212) Pause Young (Concurrent Start) (G1 Humongous Allocation)
[2026-05-06T01:03:31.254+0100][7.540s][info][gc,task        ] GC(212) Using 9 workers of 9 for evacuation
[2026-05-06T01:03:31.254+0100][7.541s][info][gc,phases      ] GC(212)   Pre Evacuate Collection Set: 0.1ms
[2026-05-06T01:03:31.254+0100][7.541s][info][gc,phases      ] GC(212)   Merge Heap Roots: 0.0ms
[2026-05-06T01:03:31.254+0100][7.541s][info][gc,phases      ] GC(212)   Evacuate Collection Set: 0.1ms
[2026-05-06T01:03:31.254+0100][7.541s][info][gc,phases      ] GC(212)   Post Evacuate Collection Set: 0.1ms
[2026-05-06T01:03:31.254+0100][7.541s][info][gc,phases      ] GC(212)   Other: 0.0ms
[2026-05-06T01:03:31.254+0100][7.541s][info][gc,heap        ] GC(212) Eden regions: 1->0(217)
[2026-05-06T01:03:31.254+0100][7.541s][info][gc,heap        ] GC(212) Survivor regions: 1->1(28)
[2026-05-06T01:03:31.254+0100][7.541s][info][gc,heap        ] GC(212) Old regions: 13->13
[2026-05-06T01:03:31.254+0100][7.541s][info][gc,heap        ] GC(212) Humongous regions: 134->96
[2026-05-06T01:03:31.254+0100][7.541s][info][gc,metaspace   ] GC(212) Metaspace: 19067K(19392K)->19067K(19392K) NonClass: 16831K(17024K)->16831K(17024K) Class: 2236K(2368K)->2236K(2368K)
[2026-05-06T01:03:31.254+0100][7.541s][info][gc             ] GC(212) Pause Young (Concurrent Start) (G1 Humongous Allocation) 280M->203M(728M) 0.430ms
[2026-05-06T01:03:31.254+0100][7.541s][info][gc,cpu         ] GC(212) User=0.01s Sys=0.00s Real=0.00s
[2026-05-06T01:03:31.254+0100][7.541s][info][gc             ] GC(213) Concurrent Undo Cycle
[2026-05-06T01:03:31.254+0100][7.541s][info][gc,marking     ] GC(213) Concurrent Clear Claimed Marks
[2026-05-06T01:03:31.254+0100][7.541s][info][gc,marking     ] GC(213) Concurrent Clear Claimed Marks 0.007ms
[2026-05-06T01:03:31.254+0100][7.541s][info][gc,marking     ] GC(213) Concurrent Cleanup for Next Mark
[2026-05-06T01:03:31.254+0100][7.541s][info][gc,marking     ] GC(213) Concurrent Cleanup for Next Mark 0.065ms
[2026-05-06T01:03:31.254+0100][7.541s][info][gc             ] GC(213) Concurrent Undo Cycle 0.100ms
[2026-05-06T01:03:31.272+0100][7.558s][info][gc,start       ] GC(214) Pause Young (Concurrent Start) (G1 Humongous Allocation)
[2026-05-06T01:03:31.272+0100][7.558s][info][gc,task        ] GC(214) Using 9 workers of 9 for evacuation
[2026-05-06T01:03:31.272+0100][7.558s][info][gc,phases      ] GC(214)   Pre Evacuate Collection Set: 0.1ms
[2026-05-06T01:03:31.272+0100][7.558s][info][gc,phases      ] GC(214)   Merge Heap Roots: 0.0ms
[2026-05-06T01:03:31.272+0100][7.558s][info][gc,phases      ] GC(214)   Evacuate Collection Set: 0.1ms
[2026-05-06T01:03:31.272+0100][7.558s][info][gc,phases      ] GC(214)   Post Evacuate Collection Set: 0.1ms
[2026-05-06T01:03:31.272+0100][7.558s][info][gc,phases      ] GC(214)   Other: 0.0ms
[2026-05-06T01:03:31.272+0100][7.558s][info][gc,heap        ] GC(214) Eden regions: 1->0(217)
[2026-05-06T01:03:31.272+0100][7.558s][info][gc,heap        ] GC(214) Survivor regions: 1->1(28)
[2026-05-06T01:03:31.272+0100][7.558s][info][gc,heap        ] GC(214) Old regions: 13->13
[2026-05-06T01:03:31.272+0100][7.558s][info][gc,heap        ] GC(214) Humongous regions: 134->96
[2026-05-06T01:03:31.272+0100][7.558s][info][gc,metaspace   ] GC(214) Metaspace: 19067K(19392K)->19067K(19392K) NonClass: 16831K(17024K)->16831K(17024K) Class: 2236K(2368K)->2236K(2368K)
[2026-05-06T01:03:31.272+0100][7.558s][info][gc             ] GC(214) Pause Young (Concurrent Start) (G1 Humongous Allocation) 280M->203M(728M) 0.480ms
[2026-05-06T01:03:31.272+0100][7.559s][info][gc,cpu         ] GC(214) User=0.00s Sys=0.00s Real=0.00s
[2026-05-06T01:03:31.272+0100][7.559s][info][gc             ] GC(215) Concurrent Undo Cycle
[2026-05-06T01:03:31.272+0100][7.559s][info][gc,marking     ] GC(215) Concurrent Clear Claimed Marks
[2026-05-06T01:03:31.272+0100][7.559s][info][gc,marking     ] GC(215) Concurrent Clear Claimed Marks 0.007ms
[2026-05-06T01:03:31.272+0100][7.559s][info][gc,marking     ] GC(215) Concurrent Cleanup for Next Mark
[2026-05-06T01:03:31.272+0100][7.559s][info][gc,marking     ] GC(215) Concurrent Cleanup for Next Mark 0.038ms
[2026-05-06T01:03:31.272+0100][7.559s][info][gc             ] GC(215) Concurrent Undo Cycle 0.069ms
[2026-05-06T01:03:31.290+0100][7.576s][info][gc,start       ] GC(216) Pause Young (Concurrent Start) (G1 Humongous Allocation)
[2026-05-06T01:03:31.290+0100][7.576s][info][gc,task        ] GC(216) Using 9 workers of 9 for evacuation
[2026-05-06T01:03:31.290+0100][7.577s][info][gc,phases      ] GC(216)   Pre Evacuate Collection Set: 0.1ms
[2026-05-06T01:03:31.290+0100][7.577s][info][gc,phases      ] GC(216)   Merge Heap Roots: 0.0ms
[2026-05-06T01:03:31.290+0100][7.577s][info][gc,phases      ] GC(216)   Evacuate Collection Set: 0.1ms
[2026-05-06T01:03:31.290+0100][7.577s][info][gc,phases      ] GC(216)   Post Evacuate Collection Set: 0.1ms
[2026-05-06T01:03:31.290+0100][7.577s][info][gc,phases      ] GC(216)   Other: 0.0ms
[2026-05-06T01:03:31.290+0100][7.577s][info][gc,heap        ] GC(216) Eden regions: 5->0(217)
[2026-05-06T01:03:31.290+0100][7.577s][info][gc,heap        ] GC(216) Survivor regions: 1->1(28)
[2026-05-06T01:03:31.290+0100][7.577s][info][gc,heap        ] GC(216) Old regions: 13->13
[2026-05-06T01:03:31.290+0100][7.577s][info][gc,heap        ] GC(216) Humongous regions: 134->96
[2026-05-06T01:03:31.290+0100][7.577s][info][gc,metaspace   ] GC(216) Metaspace: 19067K(19392K)->19067K(19392K) NonClass: 16831K(17024K)->16831K(17024K) Class: 2236K(2368K)->2236K(2368K)
[2026-05-06T01:03:31.290+0100][7.577s][info][gc             ] GC(216) Pause Young (Concurrent Start) (G1 Humongous Allocation) 288M->203M(728M) 0.500ms
[2026-05-06T01:03:31.290+0100][7.577s][info][gc,cpu         ] GC(216) User=0.00s Sys=0.00s Real=0.00s
[2026-05-06T01:03:31.290+0100][7.577s][info][gc             ] GC(217) Concurrent Undo Cycle
[2026-05-06T01:03:31.290+0100][7.577s][info][gc,marking     ] GC(217) Concurrent Clear Claimed Marks
[2026-05-06T01:03:31.290+0100][7.577s][info][gc,marking     ] GC(217) Concurrent Clear Claimed Marks 0.006ms
[2026-05-06T01:03:31.290+0100][7.577s][info][gc,marking     ] GC(217) Concurrent Cleanup for Next Mark
[2026-05-06T01:03:31.290+0100][7.577s][info][gc,marking     ] GC(217) Concurrent Cleanup for Next Mark 0.032ms
[2026-05-06T01:03:31.290+0100][7.577s][info][gc             ] GC(217) Concurrent Undo Cycle 0.061ms
[2026-05-06T01:03:31.307+0100][7.594s][info][gc,start       ] GC(218) Pause Young (Concurrent Start) (G1 Humongous Allocation)
[2026-05-06T01:03:31.307+0100][7.594s][info][gc,task        ] GC(218) Using 9 workers of 9 for evacuation
[2026-05-06T01:03:31.308+0100][7.594s][info][gc,phases      ] GC(218)   Pre Evacuate Collection Set: 0.1ms
[2026-05-06T01:03:31.308+0100][7.594s][info][gc,phases      ] GC(218)   Merge Heap Roots: 0.0ms
[2026-05-06T01:03:31.308+0100][7.594s][info][gc,phases      ] GC(218)   Evacuate Collection Set: 0.2ms
[2026-05-06T01:03:31.308+0100][7.594s][info][gc,phases      ] GC(218)   Post Evacuate Collection Set: 0.1ms
[2026-05-06T01:03:31.308+0100][7.594s][info][gc,phases      ] GC(218)   Other: 0.0ms
[2026-05-06T01:03:31.308+0100][7.594s][info][gc,heap        ] GC(218) Eden regions: 13->0(217)
[2026-05-06T01:03:31.308+0100][7.594s][info][gc,heap        ] GC(218) Survivor regions: 1->1(28)
[2026-05-06T01:03:31.308+0100][7.594s][info][gc,heap        ] GC(218) Old regions: 13->13
[2026-05-06T01:03:31.308+0100][7.594s][info][gc,heap        ] GC(218) Humongous regions: 134->96
[2026-05-06T01:03:31.308+0100][7.594s][info][gc,metaspace   ] GC(218) Metaspace: 19067K(19392K)->19067K(19392K) NonClass: 16831K(17024K)->16831K(17024K) Class: 2236K(2368K)->2236K(2368K)
[2026-05-06T01:03:31.308+0100][7.594s][info][gc             ] GC(218) Pause Young (Concurrent Start) (G1 Humongous Allocation) 304M->203M(728M) 0.541ms
[2026-05-06T01:03:31.308+0100][7.594s][info][gc,cpu         ] GC(218) User=0.00s Sys=0.01s Real=0.00s
[2026-05-06T01:03:31.308+0100][7.594s][info][gc             ] GC(219) Concurrent Undo Cycle
[2026-05-06T01:03:31.308+0100][7.594s][info][gc,marking     ] GC(219) Concurrent Clear Claimed Marks
[2026-05-06T01:03:31.308+0100][7.594s][info][gc,marking     ] GC(219) Concurrent Clear Claimed Marks 0.007ms
[2026-05-06T01:03:31.308+0100][7.594s][info][gc,marking     ] GC(219) Concurrent Cleanup for Next Mark
[2026-05-06T01:03:31.308+0100][7.594s][info][gc,marking     ] GC(219) Concurrent Cleanup for Next Mark 0.034ms
[2026-05-06T01:03:31.308+0100][7.594s][info][gc             ] GC(219) Concurrent Undo Cycle 0.072ms
[2026-05-06T01:03:31.313+0100][7.600s][info][gc,start       ] GC(220) Pause Full (System.gc())
[2026-05-06T01:03:31.313+0100][7.600s][info][gc,task        ] GC(220) Using 9 workers of 9 for full compaction
[2026-05-06T01:03:31.313+0100][7.600s][info][gc,phases,start] GC(220) Phase 1: Mark live objects
[2026-05-06T01:03:31.316+0100][7.602s][info][gc,phases      ] GC(220) Phase 1: Mark live objects 2.389ms
[2026-05-06T01:03:31.316+0100][7.602s][info][gc,phases,start] GC(220) Phase 2: Prepare compaction
[2026-05-06T01:03:31.316+0100][7.603s][info][gc,phases      ] GC(220) Phase 2: Prepare compaction 0.234ms
[2026-05-06T01:03:31.316+0100][7.603s][info][gc,phases,start] GC(220) Phase 3: Adjust pointers
[2026-05-06T01:03:31.318+0100][7.604s][info][gc,phases      ] GC(220) Phase 3: Adjust pointers 1.853ms
[2026-05-06T01:03:31.318+0100][7.604s][info][gc,phases,start] GC(220) Phase 4: Compact heap
[2026-05-06T01:03:31.318+0100][7.605s][info][gc,phases      ] GC(220) Phase 4: Compact heap 0.217ms
[2026-05-06T01:03:31.318+0100][7.605s][info][gc,phases,start] GC(220) Phase 5: Reset Metadata
[2026-05-06T01:03:31.319+0100][7.605s][info][gc,phases      ] GC(220) Phase 5: Reset Metadata 0.362ms
[2026-05-06T01:03:31.319+0100][7.605s][info][gc,heap        ] GC(220) Eden regions: 5->0(218)
[2026-05-06T01:03:31.319+0100][7.605s][info][gc,heap        ] GC(220) Survivor regions: 1->0(28)
[2026-05-06T01:03:31.319+0100][7.605s][info][gc,heap        ] GC(220) Old regions: 13->13
[2026-05-06T01:03:31.319+0100][7.605s][info][gc,heap        ] GC(220) Humongous regions: 115->96
[2026-05-06T01:03:31.319+0100][7.605s][info][gc,metaspace   ] GC(220) Metaspace: 19067K(19392K)->19067K(19392K) NonClass: 16831K(17024K)->16831K(17024K) Class: 2236K(2368K)->2236K(2368K)
[2026-05-06T01:03:31.319+0100][7.605s][info][gc             ] GC(220) Pause Full (System.gc()) 250M->203M(728M) 5.651ms
[2026-05-06T01:03:31.319+0100][7.606s][info][gc,cpu         ] GC(220) User=0.02s Sys=0.00s Real=0.00s
[2026-05-06T01:03:31.339+0100][7.626s][info][gc,start       ] GC(221) Pause Young (Concurrent Start) (G1 Humongous Allocation)
[2026-05-06T01:03:31.339+0100][7.626s][info][gc,task        ] GC(221) Using 9 workers of 9 for evacuation
[2026-05-06T01:03:31.340+0100][7.626s][info][gc,phases      ] GC(221)   Pre Evacuate Collection Set: 0.1ms
[2026-05-06T01:03:31.340+0100][7.626s][info][gc,phases      ] GC(221)   Merge Heap Roots: 0.0ms
[2026-05-06T01:03:31.340+0100][7.626s][info][gc,phases      ] GC(221)   Evacuate Collection Set: 0.2ms
[2026-05-06T01:03:31.340+0100][7.626s][info][gc,phases      ] GC(221)   Post Evacuate Collection Set: 0.1ms
[2026-05-06T01:03:31.340+0100][7.626s][info][gc,phases      ] GC(221)   Other: 0.0ms
[2026-05-06T01:03:31.340+0100][7.626s][info][gc,heap        ] GC(221) Eden regions: 16->0(217)
[2026-05-06T01:03:31.340+0100][7.626s][info][gc,heap        ] GC(221) Survivor regions: 0->1(28)
[2026-05-06T01:03:31.340+0100][7.626s][info][gc,heap        ] GC(221) Old regions: 13->13
[2026-05-06T01:03:31.340+0100][7.626s][info][gc,heap        ] GC(221) Humongous regions: 134->96
[2026-05-06T01:03:31.340+0100][7.626s][info][gc,metaspace   ] GC(221) Metaspace: 19067K(19392K)->19067K(19392K) NonClass: 16831K(17024K)->16831K(17024K) Class: 2236K(2368K)->2236K(2368K)
[2026-05-06T01:03:31.340+0100][7.626s][info][gc             ] GC(221) Pause Young (Concurrent Start) (G1 Humongous Allocation) 311M->203M(728M) 0.492ms
[2026-05-06T01:03:31.340+0100][7.626s][info][gc,cpu         ] GC(221) User=0.00s Sys=0.00s Real=0.01s
[2026-05-06T01:03:31.340+0100][7.626s][info][gc             ] GC(222) Concurrent Undo Cycle
[2026-05-06T01:03:31.340+0100][7.626s][info][gc,marking     ] GC(222) Concurrent Clear Claimed Marks
[2026-05-06T01:03:31.340+0100][7.626s][info][gc,marking     ] GC(222) Concurrent Clear Claimed Marks 0.007ms
[2026-05-06T01:03:31.340+0100][7.626s][info][gc,marking     ] GC(222) Concurrent Cleanup for Next Mark
[2026-05-06T01:03:31.340+0100][7.626s][info][gc,marking     ] GC(222) Concurrent Cleanup for Next Mark 0.034ms
[2026-05-06T01:03:31.340+0100][7.626s][info][gc             ] GC(222) Concurrent Undo Cycle 0.078ms
[2026-05-06T01:03:31.357+0100][7.643s][info][gc,start       ] GC(223) Pause Young (Concurrent Start) (G1 Humongous Allocation)
[2026-05-06T01:03:31.357+0100][7.643s][info][gc,task        ] GC(223) Using 9 workers of 9 for evacuation
[2026-05-06T01:03:31.357+0100][7.644s][info][gc,phases      ] GC(223)   Pre Evacuate Collection Set: 0.1ms
[2026-05-06T01:03:31.357+0100][7.644s][info][gc,phases      ] GC(223)   Merge Heap Roots: 0.0ms
[2026-05-06T01:03:31.357+0100][7.644s][info][gc,phases      ] GC(223)   Evacuate Collection Set: 0.2ms
[2026-05-06T01:03:31.357+0100][7.644s][info][gc,phases      ] GC(223)   Post Evacuate Collection Set: 0.1ms
[2026-05-06T01:03:31.357+0100][7.644s][info][gc,phases      ] GC(223)   Other: 0.0ms
[2026-05-06T01:03:31.357+0100][7.644s][info][gc,heap        ] GC(223) Eden regions: 11->0(217)
[2026-05-06T01:03:31.357+0100][7.644s][info][gc,heap        ] GC(223) Survivor regions: 1->1(28)
[2026-05-06T01:03:31.357+0100][7.644s][info][gc,heap        ] GC(223) Old regions: 13->13
[2026-05-06T01:03:31.357+0100][7.644s][info][gc,heap        ] GC(223) Humongous regions: 134->96
[2026-05-06T01:03:31.357+0100][7.644s][info][gc,metaspace   ] GC(223) Metaspace: 19067K(19392K)->19067K(19392K) NonClass: 16831K(17024K)->16831K(17024K) Class: 2236K(2368K)->2236K(2368K)
[2026-05-06T01:03:31.357+0100][7.644s][info][gc             ] GC(223) Pause Young (Concurrent Start) (G1 Humongous Allocation) 301M->203M(728M) 0.528ms
[2026-05-06T01:03:31.357+0100][7.644s][info][gc,cpu         ] GC(223) User=0.00s Sys=0.00s Real=0.00s
[2026-05-06T01:03:31.357+0100][7.644s][info][gc             ] GC(224) Concurrent Undo Cycle
[2026-05-06T01:03:31.357+0100][7.644s][info][gc,marking     ] GC(224) Concurrent Clear Claimed Marks
[2026-05-06T01:03:31.357+0100][7.644s][info][gc,marking     ] GC(224) Concurrent Clear Claimed Marks 0.007ms
[2026-05-06T01:03:31.357+0100][7.644s][info][gc,marking     ] GC(224) Concurrent Cleanup for Next Mark
[2026-05-06T01:03:31.358+0100][7.644s][info][gc,marking     ] GC(224) Concurrent Cleanup for Next Mark 0.030ms
[2026-05-06T01:03:31.358+0100][7.644s][info][gc             ] GC(224) Concurrent Undo Cycle 0.061ms
[2026-05-06T01:03:31.374+0100][7.661s][info][gc,start       ] GC(225) Pause Young (Concurrent Start) (G1 Humongous Allocation)
[2026-05-06T01:03:31.374+0100][7.661s][info][gc,task        ] GC(225) Using 9 workers of 9 for evacuation
[2026-05-06T01:03:31.375+0100][7.661s][info][gc,phases      ] GC(225)   Pre Evacuate Collection Set: 0.1ms
[2026-05-06T01:03:31.375+0100][7.661s][info][gc,phases      ] GC(225)   Merge Heap Roots: 0.0ms
[2026-05-06T01:03:31.375+0100][7.661s][info][gc,phases      ] GC(225)   Evacuate Collection Set: 0.1ms
[2026-05-06T01:03:31.375+0100][7.661s][info][gc,phases      ] GC(225)   Post Evacuate Collection Set: 0.1ms
[2026-05-06T01:03:31.375+0100][7.661s][info][gc,phases      ] GC(225)   Other: 0.0ms
[2026-05-06T01:03:31.375+0100][7.661s][info][gc,heap        ] GC(225) Eden regions: 13->0(217)
[2026-05-06T01:03:31.375+0100][7.661s][info][gc,heap        ] GC(225) Survivor regions: 1->1(28)
[2026-05-06T01:03:31.375+0100][7.661s][info][gc,heap        ] GC(225) Old regions: 13->13
[2026-05-06T01:03:31.375+0100][7.661s][info][gc,heap        ] GC(225) Humongous regions: 134->96
[2026-05-06T01:03:31.375+0100][7.661s][info][gc,metaspace   ] GC(225) Metaspace: 19067K(19392K)->19067K(19392K) NonClass: 16831K(17024K)->16831K(17024K) Class: 2236K(2368K)->2236K(2368K)
[2026-05-06T01:03:31.375+0100][7.661s][info][gc             ] GC(225) Pause Young (Concurrent Start) (G1 Humongous Allocation) 304M->203M(728M) 0.484ms
[2026-05-06T01:03:31.375+0100][7.661s][info][gc,cpu         ] GC(225) User=0.00s Sys=0.00s Real=0.00s
[2026-05-06T01:03:31.375+0100][7.661s][info][gc             ] GC(226) Concurrent Undo Cycle
[2026-05-06T01:03:31.375+0100][7.661s][info][gc,marking     ] GC(226) Concurrent Clear Claimed Marks
[2026-05-06T01:03:31.375+0100][7.661s][info][gc,marking     ] GC(226) Concurrent Clear Claimed Marks 0.007ms
[2026-05-06T01:03:31.375+0100][7.661s][info][gc,marking     ] GC(226) Concurrent Cleanup for Next Mark
[2026-05-06T01:03:31.375+0100][7.661s][info][gc,marking     ] GC(226) Concurrent Cleanup for Next Mark 0.039ms
[2026-05-06T01:03:31.375+0100][7.661s][info][gc             ] GC(226) Concurrent Undo Cycle 0.073ms
[2026-05-06T01:03:31.392+0100][7.678s][info][gc,start       ] GC(227) Pause Young (Concurrent Start) (G1 Humongous Allocation)
[2026-05-06T01:03:31.392+0100][7.678s][info][gc,task        ] GC(227) Using 9 workers of 9 for evacuation
[2026-05-06T01:03:31.392+0100][7.679s][info][gc,phases      ] GC(227)   Pre Evacuate Collection Set: 0.1ms
[2026-05-06T01:03:31.392+0100][7.679s][info][gc,phases      ] GC(227)   Merge Heap Roots: 0.0ms
[2026-05-06T01:03:31.392+0100][7.679s][info][gc,phases      ] GC(227)   Evacuate Collection Set: 0.1ms
[2026-05-06T01:03:31.392+0100][7.679s][info][gc,phases      ] GC(227)   Post Evacuate Collection Set: 0.1ms
[2026-05-06T01:03:31.392+0100][7.679s][info][gc,phases      ] GC(227)   Other: 0.0ms
[2026-05-06T01:03:31.392+0100][7.679s][info][gc,heap        ] GC(227) Eden regions: 13->0(217)
[2026-05-06T01:03:31.392+0100][7.679s][info][gc,heap        ] GC(227) Survivor regions: 1->1(28)
[2026-05-06T01:03:31.392+0100][7.679s][info][gc,heap        ] GC(227) Old regions: 13->13
[2026-05-06T01:03:31.392+0100][7.679s][info][gc,heap        ] GC(227) Humongous regions: 134->96
[2026-05-06T01:03:31.392+0100][7.679s][info][gc,metaspace   ] GC(227) Metaspace: 19067K(19392K)->19067K(19392K) NonClass: 16831K(17024K)->16831K(17024K) Class: 2236K(2368K)->2236K(2368K)
[2026-05-06T01:03:31.392+0100][7.679s][info][gc             ] GC(227) Pause Young (Concurrent Start) (G1 Humongous Allocation) 304M->203M(728M) 0.481ms
[2026-05-06T01:03:31.392+0100][7.679s][info][gc,cpu         ] GC(227) User=0.01s Sys=0.00s Real=0.00s
[2026-05-06T01:03:31.392+0100][7.679s][info][gc             ] GC(228) Concurrent Undo Cycle
[2026-05-06T01:03:31.392+0100][7.679s][info][gc,marking     ] GC(228) Concurrent Clear Claimed Marks
[2026-05-06T01:03:31.392+0100][7.679s][info][gc,marking     ] GC(228) Concurrent Clear Claimed Marks 0.006ms
[2026-05-06T01:03:31.392+0100][7.679s][info][gc,marking     ] GC(228) Concurrent Cleanup for Next Mark
[2026-05-06T01:03:31.392+0100][7.679s][info][gc,marking     ] GC(228) Concurrent Cleanup for Next Mark 0.024ms
[2026-05-06T01:03:31.392+0100][7.679s][info][gc             ] GC(228) Concurrent Undo Cycle 0.053ms
[2026-05-06T01:03:31.410+0100][7.696s][info][gc,start       ] GC(229) Pause Young (Concurrent Start) (G1 Humongous Allocation)
[2026-05-06T01:03:31.410+0100][7.696s][info][gc,task        ] GC(229) Using 9 workers of 9 for evacuation
[2026-05-06T01:03:31.410+0100][7.696s][info][gc,phases      ] GC(229)   Pre Evacuate Collection Set: 0.1ms
[2026-05-06T01:03:31.410+0100][7.696s][info][gc,phases      ] GC(229)   Merge Heap Roots: 0.0ms
[2026-05-06T01:03:31.410+0100][7.696s][info][gc,phases      ] GC(229)   Evacuate Collection Set: 0.1ms
[2026-05-06T01:03:31.410+0100][7.696s][info][gc,phases      ] GC(229)   Post Evacuate Collection Set: 0.2ms
[2026-05-06T01:03:31.410+0100][7.696s][info][gc,phases      ] GC(229)   Other: 0.0ms
[2026-05-06T01:03:31.410+0100][7.696s][info][gc,heap        ] GC(229) Eden regions: 10->0(285)
[2026-05-06T01:03:31.410+0100][7.696s][info][gc,heap        ] GC(229) Survivor regions: 1->1(28)
[2026-05-06T01:03:31.410+0100][7.696s][info][gc,heap        ] GC(229) Old regions: 13->13
[2026-05-06T01:03:31.410+0100][7.696s][info][gc,heap        ] GC(229) Humongous regions: 134->96
[2026-05-06T01:03:31.410+0100][7.696s][info][gc,metaspace   ] GC(229) Metaspace: 19067K(19392K)->19067K(19392K) NonClass: 16831K(17024K)->16831K(17024K) Class: 2236K(2368K)->2236K(2368K)
[2026-05-06T01:03:31.410+0100][7.696s][info][gc             ] GC(229) Pause Young (Concurrent Start) (G1 Humongous Allocation) 299M->203M(954M) 0.529ms
[2026-05-06T01:03:31.410+0100][7.696s][info][gc,cpu         ] GC(229) User=0.00s Sys=0.00s Real=0.00s
[2026-05-06T01:03:31.410+0100][7.696s][info][gc             ] GC(230) Concurrent Undo Cycle
[2026-05-06T01:03:31.410+0100][7.696s][info][gc,marking     ] GC(230) Concurrent Clear Claimed Marks
[2026-05-06T01:03:31.410+0100][7.696s][info][gc,marking     ] GC(230) Concurrent Clear Claimed Marks 0.005ms
[2026-05-06T01:03:31.410+0100][7.696s][info][gc,marking     ] GC(230) Concurrent Cleanup for Next Mark
[2026-05-06T01:03:31.410+0100][7.697s][info][gc,marking     ] GC(230) Concurrent Cleanup for Next Mark 0.038ms
[2026-05-06T01:03:31.410+0100][7.697s][info][gc             ] GC(230) Concurrent Undo Cycle 0.069ms
[2026-05-06T01:03:31.433+0100][7.719s][info][gc,start       ] GC(231) Pause Full (System.gc())
[2026-05-06T01:03:31.433+0100][7.719s][info][gc,task        ] GC(231) Using 9 workers of 9 for full compaction
[2026-05-06T01:03:31.433+0100][7.719s][info][gc,phases,start] GC(231) Phase 1: Mark live objects
[2026-05-06T01:03:31.435+0100][7.722s][info][gc,phases      ] GC(231) Phase 1: Mark live objects 2.329ms
[2026-05-06T01:03:31.435+0100][7.722s][info][gc,phases,start] GC(231) Phase 2: Prepare compaction
[2026-05-06T01:03:31.436+0100][7.722s][info][gc,phases      ] GC(231) Phase 2: Prepare compaction 0.251ms
[2026-05-06T01:03:31.436+0100][7.722s][info][gc,phases,start] GC(231) Phase 3: Adjust pointers
[2026-05-06T01:03:31.437+0100][7.724s][info][gc,phases      ] GC(231) Phase 3: Adjust pointers 1.691ms
[2026-05-06T01:03:31.437+0100][7.724s][info][gc,phases,start] GC(231) Phase 4: Compact heap
[2026-05-06T01:03:31.438+0100][7.724s][info][gc,phases      ] GC(231) Phase 4: Compact heap 0.207ms
[2026-05-06T01:03:31.438+0100][7.724s][info][gc,phases,start] GC(231) Phase 5: Reset Metadata
[2026-05-06T01:03:31.438+0100][7.724s][info][gc,phases      ] GC(231) Phase 5: Reset Metadata 0.370ms
[2026-05-06T01:03:31.439+0100][7.725s][info][gc,heap        ] GC(231) Eden regions: 11->0(218)
[2026-05-06T01:03:31.439+0100][7.725s][info][gc,heap        ] GC(231) Survivor regions: 1->0(28)
[2026-05-06T01:03:31.439+0100][7.725s][info][gc,heap        ] GC(231) Old regions: 13->13
[2026-05-06T01:03:31.439+0100][7.725s][info][gc,heap        ] GC(231) Humongous regions: 153->96
[2026-05-06T01:03:31.439+0100][7.725s][info][gc,metaspace   ] GC(231) Metaspace: 19067K(19392K)->19067K(19392K) NonClass: 16831K(17024K)->16831K(17024K) Class: 2236K(2368K)->2236K(2368K)
[2026-05-06T01:03:31.439+0100][7.725s][info][gc             ] GC(231) Pause Full (System.gc()) 339M->203M(728M) 5.697ms
[2026-05-06T01:03:31.439+0100][7.725s][info][gc,cpu         ] GC(231) User=0.03s Sys=0.00s Real=0.00s
[2026-05-06T01:03:31.459+0100][7.745s][info][gc,start       ] GC(232) Pause Young (Concurrent Start) (G1 Humongous Allocation)
[2026-05-06T01:03:31.459+0100][7.745s][info][gc,task        ] GC(232) Using 9 workers of 9 for evacuation
[2026-05-06T01:03:31.459+0100][7.746s][info][gc,phases      ] GC(232)   Pre Evacuate Collection Set: 0.1ms
[2026-05-06T01:03:31.459+0100][7.746s][info][gc,phases      ] GC(232)   Merge Heap Roots: 0.0ms
[2026-05-06T01:03:31.459+0100][7.746s][info][gc,phases      ] GC(232)   Evacuate Collection Set: 0.2ms
[2026-05-06T01:03:31.459+0100][7.746s][info][gc,phases      ] GC(232)   Post Evacuate Collection Set: 0.1ms
[2026-05-06T01:03:31.459+0100][7.746s][info][gc,phases      ] GC(232)   Other: 0.0ms
[2026-05-06T01:03:31.459+0100][7.746s][info][gc,heap        ] GC(232) Eden regions: 15->0(217)
[2026-05-06T01:03:31.459+0100][7.746s][info][gc,heap        ] GC(232) Survivor regions: 0->1(28)
[2026-05-06T01:03:31.459+0100][7.746s][info][gc,heap        ] GC(232) Old regions: 13->13
[2026-05-06T01:03:31.459+0100][7.746s][info][gc,heap        ] GC(232) Humongous regions: 134->96
[2026-05-06T01:03:31.459+0100][7.746s][info][gc,metaspace   ] GC(232) Metaspace: 19067K(19392K)->19067K(19392K) NonClass: 16831K(17024K)->16831K(17024K) Class: 2236K(2368K)->2236K(2368K)
[2026-05-06T01:03:31.459+0100][7.746s][info][gc             ] GC(232) Pause Young (Concurrent Start) (G1 Humongous Allocation) 309M->203M(728M) 0.522ms
[2026-05-06T01:03:31.459+0100][7.746s][info][gc,cpu         ] GC(232) User=0.01s Sys=0.00s Real=0.00s
[2026-05-06T01:03:31.459+0100][7.746s][info][gc             ] GC(233) Concurrent Undo Cycle
[2026-05-06T01:03:31.459+0100][7.746s][info][gc,marking     ] GC(233) Concurrent Clear Claimed Marks
[2026-05-06T01:03:31.459+0100][7.746s][info][gc,marking     ] GC(233) Concurrent Clear Claimed Marks 0.007ms
[2026-05-06T01:03:31.459+0100][7.746s][info][gc,marking     ] GC(233) Concurrent Cleanup for Next Mark
[2026-05-06T01:03:31.460+0100][7.746s][info][gc,marking     ] GC(233) Concurrent Cleanup for Next Mark 0.037ms
[2026-05-06T01:03:31.460+0100][7.746s][info][gc             ] GC(233) Concurrent Undo Cycle 0.070ms
[2026-05-06T01:03:31.477+0100][7.763s][info][gc,start       ] GC(234) Pause Young (Concurrent Start) (G1 Humongous Allocation)
[2026-05-06T01:03:31.477+0100][7.763s][info][gc,task        ] GC(234) Using 9 workers of 9 for evacuation
[2026-05-06T01:03:31.477+0100][7.764s][info][gc,phases      ] GC(234)   Pre Evacuate Collection Set: 0.1ms
[2026-05-06T01:03:31.477+0100][7.764s][info][gc,phases      ] GC(234)   Merge Heap Roots: 0.0ms
[2026-05-06T01:03:31.477+0100][7.764s][info][gc,phases      ] GC(234)   Evacuate Collection Set: 0.2ms
[2026-05-06T01:03:31.477+0100][7.764s][info][gc,phases      ] GC(234)   Post Evacuate Collection Set: 0.1ms
[2026-05-06T01:03:31.477+0100][7.764s][info][gc,phases      ] GC(234)   Other: 0.0ms
[2026-05-06T01:03:31.477+0100][7.764s][info][gc,heap        ] GC(234) Eden regions: 11->0(217)
[2026-05-06T01:03:31.477+0100][7.764s][info][gc,heap        ] GC(234) Survivor regions: 1->1(28)
[2026-05-06T01:03:31.477+0100][7.764s][info][gc,heap        ] GC(234) Old regions: 13->13
[2026-05-06T01:03:31.477+0100][7.764s][info][gc,heap        ] GC(234) Humongous regions: 134->96
[2026-05-06T01:03:31.477+0100][7.764s][info][gc,metaspace   ] GC(234) Metaspace: 19067K(19392K)->19067K(19392K) NonClass: 16831K(17024K)->16831K(17024K) Class: 2236K(2368K)->2236K(2368K)
[2026-05-06T01:03:31.477+0100][7.764s][info][gc             ] GC(234) Pause Young (Concurrent Start) (G1 Humongous Allocation) 301M->203M(728M) 0.494ms
[2026-05-06T01:03:31.477+0100][7.764s][info][gc,cpu         ] GC(234) User=0.00s Sys=0.00s Real=0.00s
[2026-05-06T01:03:31.477+0100][7.764s][info][gc             ] GC(235) Concurrent Undo Cycle
[2026-05-06T01:03:31.477+0100][7.764s][info][gc,marking     ] GC(235) Concurrent Clear Claimed Marks
[2026-05-06T01:03:31.477+0100][7.764s][info][gc,marking     ] GC(235) Concurrent Clear Claimed Marks 0.007ms
[2026-05-06T01:03:31.477+0100][7.764s][info][gc,marking     ] GC(235) Concurrent Cleanup for Next Mark
[2026-05-06T01:03:31.477+0100][7.764s][info][gc,marking     ] GC(235) Concurrent Cleanup for Next Mark 0.044ms
[2026-05-06T01:03:31.477+0100][7.764s][info][gc             ] GC(235) Concurrent Undo Cycle 0.078ms
[2026-05-06T01:03:31.496+0100][7.782s][info][gc,start       ] GC(236) Pause Young (Concurrent Start) (G1 Humongous Allocation)
[2026-05-06T01:03:31.496+0100][7.782s][info][gc,task        ] GC(236) Using 9 workers of 9 for evacuation
[2026-05-06T01:03:31.496+0100][7.783s][info][gc,phases      ] GC(236)   Pre Evacuate Collection Set: 0.1ms
[2026-05-06T01:03:31.496+0100][7.783s][info][gc,phases      ] GC(236)   Merge Heap Roots: 0.0ms
[2026-05-06T01:03:31.496+0100][7.783s][info][gc,phases      ] GC(236)   Evacuate Collection Set: 0.2ms
[2026-05-06T01:03:31.496+0100][7.783s][info][gc,phases      ] GC(236)   Post Evacuate Collection Set: 0.1ms
[2026-05-06T01:03:31.496+0100][7.783s][info][gc,phases      ] GC(236)   Other: 0.0ms
[2026-05-06T01:03:31.496+0100][7.783s][info][gc,heap        ] GC(236) Eden regions: 13->0(217)
[2026-05-06T01:03:31.496+0100][7.783s][info][gc,heap        ] GC(236) Survivor regions: 1->1(28)
[2026-05-06T01:03:31.496+0100][7.783s][info][gc,heap        ] GC(236) Old regions: 13->13
[2026-05-06T01:03:31.496+0100][7.783s][info][gc,heap        ] GC(236) Humongous regions: 134->96
[2026-05-06T01:03:31.496+0100][7.783s][info][gc,metaspace   ] GC(236) Metaspace: 19067K(19392K)->19067K(19392K) NonClass: 16831K(17024K)->16831K(17024K) Class: 2236K(2368K)->2236K(2368K)
[2026-05-06T01:03:31.496+0100][7.783s][info][gc             ] GC(236) Pause Young (Concurrent Start) (G1 Humongous Allocation) 304M->203M(728M) 0.506ms
[2026-05-06T01:03:31.496+0100][7.783s][info][gc,cpu         ] GC(236) User=0.00s Sys=0.00s Real=0.00s
[2026-05-06T01:03:31.496+0100][7.783s][info][gc             ] GC(237) Concurrent Undo Cycle
[2026-05-06T01:03:31.496+0100][7.783s][info][gc,marking     ] GC(237) Concurrent Clear Claimed Marks
[2026-05-06T01:03:31.496+0100][7.783s][info][gc,marking     ] GC(237) Concurrent Clear Claimed Marks 0.008ms
[2026-05-06T01:03:31.496+0100][7.783s][info][gc,marking     ] GC(237) Concurrent Cleanup for Next Mark
[2026-05-06T01:03:31.496+0100][7.783s][info][gc,marking     ] GC(237) Concurrent Cleanup for Next Mark 0.049ms
[2026-05-06T01:03:31.496+0100][7.783s][info][gc             ] GC(237) Concurrent Undo Cycle 0.091ms
[2026-05-06T01:03:31.515+0100][7.801s][info][gc,start       ] GC(238) Pause Young (Concurrent Start) (G1 Humongous Allocation)
[2026-05-06T01:03:31.515+0100][7.801s][info][gc,task        ] GC(238) Using 9 workers of 9 for evacuation
[2026-05-06T01:03:31.515+0100][7.802s][info][gc,phases      ] GC(238)   Pre Evacuate Collection Set: 0.1ms
[2026-05-06T01:03:31.515+0100][7.802s][info][gc,phases      ] GC(238)   Merge Heap Roots: 0.0ms
[2026-05-06T01:03:31.515+0100][7.802s][info][gc,phases      ] GC(238)   Evacuate Collection Set: 0.2ms
[2026-05-06T01:03:31.515+0100][7.802s][info][gc,phases      ] GC(238)   Post Evacuate Collection Set: 0.1ms
[2026-05-06T01:03:31.515+0100][7.802s][info][gc,phases      ] GC(238)   Other: 0.0ms
[2026-05-06T01:03:31.515+0100][7.802s][info][gc,heap        ] GC(238) Eden regions: 10->0(217)
[2026-05-06T01:03:31.515+0100][7.802s][info][gc,heap        ] GC(238) Survivor regions: 1->1(28)
[2026-05-06T01:03:31.515+0100][7.802s][info][gc,heap        ] GC(238) Old regions: 13->13
[2026-05-06T01:03:31.515+0100][7.802s][info][gc,heap        ] GC(238) Humongous regions: 134->96
[2026-05-06T01:03:31.515+0100][7.802s][info][gc,metaspace   ] GC(238) Metaspace: 19067K(19392K)->19067K(19392K) NonClass: 16831K(17024K)->16831K(17024K) Class: 2236K(2368K)->2236K(2368K)
[2026-05-06T01:03:31.515+0100][7.802s][info][gc             ] GC(238) Pause Young (Concurrent Start) (G1 Humongous Allocation) 299M->203M(728M) 0.499ms
[2026-05-06T01:03:31.515+0100][7.802s][info][gc,cpu         ] GC(238) User=0.00s Sys=0.00s Real=0.00s
[2026-05-06T01:03:31.515+0100][7.802s][info][gc             ] GC(239) Concurrent Undo Cycle
[2026-05-06T01:03:31.515+0100][7.802s][info][gc,marking     ] GC(239) Concurrent Clear Claimed Marks
[2026-05-06T01:03:31.515+0100][7.802s][info][gc,marking     ] GC(239) Concurrent Clear Claimed Marks 0.007ms
[2026-05-06T01:03:31.515+0100][7.802s][info][gc,marking     ] GC(239) Concurrent Cleanup for Next Mark
[2026-05-06T01:03:31.516+0100][7.802s][info][gc,marking     ] GC(239) Concurrent Cleanup for Next Mark 0.041ms
[2026-05-06T01:03:31.516+0100][7.802s][info][gc             ] GC(239) Concurrent Undo Cycle 0.082ms
[2026-05-06T01:03:31.536+0100][7.822s][info][gc,start       ] GC(240) Pause Young (Concurrent Start) (G1 Humongous Allocation)
[2026-05-06T01:03:31.536+0100][7.823s][info][gc,task        ] GC(240) Using 9 workers of 9 for evacuation
[2026-05-06T01:03:31.536+0100][7.823s][info][gc,phases      ] GC(240)   Pre Evacuate Collection Set: 0.1ms
[2026-05-06T01:03:31.537+0100][7.823s][info][gc,phases      ] GC(240)   Merge Heap Roots: 0.0ms
[2026-05-06T01:03:31.537+0100][7.823s][info][gc,phases      ] GC(240)   Evacuate Collection Set: 0.2ms
[2026-05-06T01:03:31.537+0100][7.823s][info][gc,phases      ] GC(240)   Post Evacuate Collection Set: 0.1ms
[2026-05-06T01:03:31.537+0100][7.823s][info][gc,phases      ] GC(240)   Other: 0.0ms
[2026-05-06T01:03:31.537+0100][7.823s][info][gc,heap        ] GC(240) Eden regions: 6->0(217)
[2026-05-06T01:03:31.537+0100][7.823s][info][gc,heap        ] GC(240) Survivor regions: 1->1(28)
[2026-05-06T01:03:31.537+0100][7.823s][info][gc,heap        ] GC(240) Old regions: 13->13
[2026-05-06T01:03:31.537+0100][7.823s][info][gc,heap        ] GC(240) Humongous regions: 134->96
[2026-05-06T01:03:31.537+0100][7.823s][info][gc,metaspace   ] GC(240) Metaspace: 19067K(19392K)->19067K(19392K) NonClass: 16831K(17024K)->16831K(17024K) Class: 2236K(2368K)->2236K(2368K)
[2026-05-06T01:03:31.537+0100][7.823s][info][gc             ] GC(240) Pause Young (Concurrent Start) (G1 Humongous Allocation) 291M->203M(728M) 0.553ms
[2026-05-06T01:03:31.537+0100][7.823s][info][gc,cpu         ] GC(240) User=0.00s Sys=0.00s Real=0.00s
[2026-05-06T01:03:31.537+0100][7.823s][info][gc             ] GC(241) Concurrent Undo Cycle
[2026-05-06T01:03:31.537+0100][7.823s][info][gc,marking     ] GC(241) Concurrent Clear Claimed Marks
[2026-05-06T01:03:31.537+0100][7.823s][info][gc,marking     ] GC(241) Concurrent Clear Claimed Marks 0.008ms
[2026-05-06T01:03:31.537+0100][7.823s][info][gc,marking     ] GC(241) Concurrent Cleanup for Next Mark
[2026-05-06T01:03:31.537+0100][7.823s][info][gc,marking     ] GC(241) Concurrent Cleanup for Next Mark 0.041ms
[2026-05-06T01:03:31.537+0100][7.823s][info][gc             ] GC(241) Concurrent Undo Cycle 0.079ms
[2026-05-06T01:03:31.558+0100][7.844s][info][gc,start       ] GC(242) Pause Young (Concurrent Start) (G1 Humongous Allocation)
[2026-05-06T01:03:31.558+0100][7.844s][info][gc,task        ] GC(242) Using 9 workers of 9 for evacuation
[2026-05-06T01:03:31.559+0100][7.845s][info][gc,phases      ] GC(242)   Pre Evacuate Collection Set: 0.1ms
[2026-05-06T01:03:31.559+0100][7.845s][info][gc,phases      ] GC(242)   Merge Heap Roots: 0.0ms
[2026-05-06T01:03:31.559+0100][7.845s][info][gc,phases      ] GC(242)   Evacuate Collection Set: 0.2ms
[2026-05-06T01:03:31.559+0100][7.845s][info][gc,phases      ] GC(242)   Post Evacuate Collection Set: 0.1ms
[2026-05-06T01:03:31.559+0100][7.845s][info][gc,phases      ] GC(242)   Other: 0.0ms
[2026-05-06T01:03:31.559+0100][7.845s][info][gc,heap        ] GC(242) Eden regions: 1->0(217)
[2026-05-06T01:03:31.559+0100][7.845s][info][gc,heap        ] GC(242) Survivor regions: 1->1(28)
[2026-05-06T01:03:31.559+0100][7.845s][info][gc,heap        ] GC(242) Old regions: 13->13
[2026-05-06T01:03:31.559+0100][7.845s][info][gc,heap        ] GC(242) Humongous regions: 134->96
[2026-05-06T01:03:31.559+0100][7.845s][info][gc,metaspace   ] GC(242) Metaspace: 19067K(19392K)->19067K(19392K) NonClass: 16831K(17024K)->16831K(17024K) Class: 2236K(2368K)->2236K(2368K)
[2026-05-06T01:03:31.559+0100][7.845s][info][gc             ] GC(242) Pause Young (Concurrent Start) (G1 Humongous Allocation) 280M->203M(728M) 0.533ms
[2026-05-06T01:03:31.559+0100][7.845s][info][gc,cpu         ] GC(242) User=0.01s Sys=0.00s Real=0.00s
[2026-05-06T01:03:31.559+0100][7.845s][info][gc             ] GC(243) Concurrent Undo Cycle
[2026-05-06T01:03:31.559+0100][7.845s][info][gc,marking     ] GC(243) Concurrent Clear Claimed Marks
[2026-05-06T01:03:31.559+0100][7.845s][info][gc,marking     ] GC(243) Concurrent Clear Claimed Marks 0.009ms
[2026-05-06T01:03:31.559+0100][7.845s][info][gc,marking     ] GC(243) Concurrent Cleanup for Next Mark
[2026-05-06T01:03:31.559+0100][7.845s][info][gc,marking     ] GC(243) Concurrent Cleanup for Next Mark 0.054ms
[2026-05-06T01:03:31.559+0100][7.845s][info][gc             ] GC(243) Concurrent Undo Cycle 0.098ms
[2026-05-06T01:03:31.566+0100][7.852s][info][gc,start       ] GC(244) Pause Full (System.gc())
[2026-05-06T01:03:31.566+0100][7.852s][info][gc,task        ] GC(244) Using 9 workers of 9 for full compaction
[2026-05-06T01:03:31.566+0100][7.852s][info][gc,phases,start] GC(244) Phase 1: Mark live objects
[2026-05-06T01:03:31.569+0100][7.855s][info][gc,phases      ] GC(244) Phase 1: Mark live objects 2.731ms
[2026-05-06T01:03:31.569+0100][7.855s][info][gc,phases,start] GC(244) Phase 2: Prepare compaction
[2026-05-06T01:03:31.569+0100][7.855s][info][gc,phases      ] GC(244) Phase 2: Prepare compaction 0.271ms
[2026-05-06T01:03:31.569+0100][7.855s][info][gc,phases,start] GC(244) Phase 3: Adjust pointers
[2026-05-06T01:03:31.571+0100][7.857s][info][gc,phases      ] GC(244) Phase 3: Adjust pointers 1.786ms
[2026-05-06T01:03:31.571+0100][7.857s][info][gc,phases,start] GC(244) Phase 4: Compact heap
[2026-05-06T01:03:31.571+0100][7.857s][info][gc,phases      ] GC(244) Phase 4: Compact heap 0.247ms
[2026-05-06T01:03:31.571+0100][7.857s][info][gc,phases,start] GC(244) Phase 5: Reset Metadata
[2026-05-06T01:03:31.571+0100][7.858s][info][gc,phases      ] GC(244) Phase 5: Reset Metadata 0.414ms
[2026-05-06T01:03:31.572+0100][7.858s][info][gc,heap        ] GC(244) Eden regions: 1->0(218)
[2026-05-06T01:03:31.572+0100][7.858s][info][gc,heap        ] GC(244) Survivor regions: 1->0(28)
[2026-05-06T01:03:31.572+0100][7.858s][info][gc,heap        ] GC(244) Old regions: 13->13
[2026-05-06T01:03:31.572+0100][7.858s][info][gc,heap        ] GC(244) Humongous regions: 115->96
[2026-05-06T01:03:31.572+0100][7.858s][info][gc,metaspace   ] GC(244) Metaspace: 19067K(19392K)->19067K(19392K) NonClass: 16831K(17024K)->16831K(17024K) Class: 2236K(2368K)->2236K(2368K)
[2026-05-06T01:03:31.572+0100][7.858s][info][gc             ] GC(244) Pause Full (System.gc()) 242M->203M(728M) 6.321ms
[2026-05-06T01:03:31.572+0100][7.858s][info][gc,cpu         ] GC(244) User=0.02s Sys=0.01s Real=0.01s
[2026-05-06T01:03:31.593+0100][7.879s][info][gc,start       ] GC(245) Pause Young (Concurrent Start) (G1 Humongous Allocation)
[2026-05-06T01:03:31.593+0100][7.879s][info][gc,task        ] GC(245) Using 9 workers of 9 for evacuation
[2026-05-06T01:03:31.593+0100][7.880s][info][gc,phases      ] GC(245)   Pre Evacuate Collection Set: 0.1ms
[2026-05-06T01:03:31.593+0100][7.880s][info][gc,phases      ] GC(245)   Merge Heap Roots: 0.0ms
[2026-05-06T01:03:31.593+0100][7.880s][info][gc,phases      ] GC(245)   Evacuate Collection Set: 0.2ms
[2026-05-06T01:03:31.593+0100][7.880s][info][gc,phases      ] GC(245)   Post Evacuate Collection Set: 0.1ms
[2026-05-06T01:03:31.593+0100][7.880s][info][gc,phases      ] GC(245)   Other: 0.0ms
[2026-05-06T01:03:31.593+0100][7.880s][info][gc,heap        ] GC(245) Eden regions: 1->0(217)
[2026-05-06T01:03:31.593+0100][7.880s][info][gc,heap        ] GC(245) Survivor regions: 0->1(28)
[2026-05-06T01:03:31.593+0100][7.880s][info][gc,heap        ] GC(245) Old regions: 13->13
[2026-05-06T01:03:31.593+0100][7.880s][info][gc,heap        ] GC(245) Humongous regions: 134->96
[2026-05-06T01:03:31.593+0100][7.880s][info][gc,metaspace   ] GC(245) Metaspace: 19067K(19392K)->19067K(19392K) NonClass: 16831K(17024K)->16831K(17024K) Class: 2236K(2368K)->2236K(2368K)
[2026-05-06T01:03:31.593+0100][7.880s][info][gc             ] GC(245) Pause Young (Concurrent Start) (G1 Humongous Allocation) 280M->203M(728M) 0.517ms
[2026-05-06T01:03:31.593+0100][7.880s][info][gc,cpu         ] GC(245) User=0.00s Sys=0.00s Real=0.00s
[2026-05-06T01:03:31.593+0100][7.880s][info][gc             ] GC(246) Concurrent Undo Cycle
[2026-05-06T01:03:31.593+0100][7.880s][info][gc,marking     ] GC(246) Concurrent Clear Claimed Marks
[2026-05-06T01:03:31.593+0100][7.880s][info][gc,marking     ] GC(246) Concurrent Clear Claimed Marks 0.009ms
[2026-05-06T01:03:31.593+0100][7.880s][info][gc,marking     ] GC(246) Concurrent Cleanup for Next Mark
[2026-05-06T01:03:31.593+0100][7.880s][info][gc,marking     ] GC(246) Concurrent Cleanup for Next Mark 0.048ms
[2026-05-06T01:03:31.593+0100][7.880s][info][gc             ] GC(246) Concurrent Undo Cycle 0.088ms
[2026-05-06T01:03:31.610+0100][7.897s][info][gc,start       ] GC(247) Pause Young (Concurrent Start) (G1 Humongous Allocation)
[2026-05-06T01:03:31.610+0100][7.897s][info][gc,task        ] GC(247) Using 9 workers of 9 for evacuation
[2026-05-06T01:03:31.611+0100][7.897s][info][gc,phases      ] GC(247)   Pre Evacuate Collection Set: 0.1ms
[2026-05-06T01:03:31.611+0100][7.897s][info][gc,phases      ] GC(247)   Merge Heap Roots: 0.0ms
[2026-05-06T01:03:31.611+0100][7.897s][info][gc,phases      ] GC(247)   Evacuate Collection Set: 0.2ms
[2026-05-06T01:03:31.611+0100][7.897s][info][gc,phases      ] GC(247)   Post Evacuate Collection Set: 0.1ms
[2026-05-06T01:03:31.611+0100][7.897s][info][gc,phases      ] GC(247)   Other: 0.0ms
[2026-05-06T01:03:31.611+0100][7.897s][info][gc,heap        ] GC(247) Eden regions: 1->0(217)
[2026-05-06T01:03:31.611+0100][7.897s][info][gc,heap        ] GC(247) Survivor regions: 1->1(28)
[2026-05-06T01:03:31.611+0100][7.897s][info][gc,heap        ] GC(247) Old regions: 13->13
[2026-05-06T01:03:31.611+0100][7.897s][info][gc,heap        ] GC(247) Humongous regions: 134->96
[2026-05-06T01:03:31.611+0100][7.897s][info][gc,metaspace   ] GC(247) Metaspace: 19067K(19392K)->19067K(19392K) NonClass: 16831K(17024K)->16831K(17024K) Class: 2236K(2368K)->2236K(2368K)
[2026-05-06T01:03:31.611+0100][7.897s][info][gc             ] GC(247) Pause Young (Concurrent Start) (G1 Humongous Allocation) 280M->203M(728M) 0.505ms
[2026-05-06T01:03:31.611+0100][7.897s][info][gc,cpu         ] GC(247) User=0.00s Sys=0.01s Real=0.00s
[2026-05-06T01:03:31.611+0100][7.897s][info][gc             ] GC(248) Concurrent Undo Cycle
[2026-05-06T01:03:31.611+0100][7.897s][info][gc,marking     ] GC(248) Concurrent Clear Claimed Marks
[2026-05-06T01:03:31.611+0100][7.897s][info][gc,marking     ] GC(248) Concurrent Clear Claimed Marks 0.009ms
[2026-05-06T01:03:31.611+0100][7.897s][info][gc,marking     ] GC(248) Concurrent Cleanup for Next Mark
[2026-05-06T01:03:31.611+0100][7.897s][info][gc,marking     ] GC(248) Concurrent Cleanup for Next Mark 0.043ms
[2026-05-06T01:03:31.611+0100][7.897s][info][gc             ] GC(248) Concurrent Undo Cycle 0.084ms
[2026-05-06T01:03:31.628+0100][7.914s][info][gc,start       ] GC(249) Pause Young (Concurrent Start) (G1 Humongous Allocation)
[2026-05-06T01:03:31.628+0100][7.914s][info][gc,task        ] GC(249) Using 9 workers of 9 for evacuation
[2026-05-06T01:03:31.628+0100][7.915s][info][gc,phases      ] GC(249)   Pre Evacuate Collection Set: 0.1ms
[2026-05-06T01:03:31.628+0100][7.915s][info][gc,phases      ] GC(249)   Merge Heap Roots: 0.0ms
[2026-05-06T01:03:31.628+0100][7.915s][info][gc,phases      ] GC(249)   Evacuate Collection Set: 0.2ms
[2026-05-06T01:03:31.628+0100][7.915s][info][gc,phases      ] GC(249)   Post Evacuate Collection Set: 0.1ms
[2026-05-06T01:03:31.628+0100][7.915s][info][gc,phases      ] GC(249)   Other: 0.0ms
[2026-05-06T01:03:31.628+0100][7.915s][info][gc,heap        ] GC(249) Eden regions: 1->0(217)
[2026-05-06T01:03:31.628+0100][7.915s][info][gc,heap        ] GC(249) Survivor regions: 1->1(28)
[2026-05-06T01:03:31.628+0100][7.915s][info][gc,heap        ] GC(249) Old regions: 13->13
[2026-05-06T01:03:31.628+0100][7.915s][info][gc,heap        ] GC(249) Humongous regions: 134->96
[2026-05-06T01:03:31.628+0100][7.915s][info][gc,metaspace   ] GC(249) Metaspace: 19067K(19392K)->19067K(19392K) NonClass: 16831K(17024K)->16831K(17024K) Class: 2236K(2368K)->2236K(2368K)
[2026-05-06T01:03:31.628+0100][7.915s][info][gc             ] GC(249) Pause Young (Concurrent Start) (G1 Humongous Allocation) 280M->203M(728M) 0.572ms
[2026-05-06T01:03:31.628+0100][7.915s][info][gc,cpu         ] GC(249) User=0.00s Sys=0.00s Real=0.00s
[2026-05-06T01:03:31.628+0100][7.915s][info][gc             ] GC(250) Concurrent Undo Cycle
[2026-05-06T01:03:31.628+0100][7.915s][info][gc,marking     ] GC(250) Concurrent Clear Claimed Marks
[2026-05-06T01:03:31.628+0100][7.915s][info][gc,marking     ] GC(250) Concurrent Clear Claimed Marks 0.009ms
[2026-05-06T01:03:31.628+0100][7.915s][info][gc,marking     ] GC(250) Concurrent Cleanup for Next Mark
[2026-05-06T01:03:31.628+0100][7.915s][info][gc,marking     ] GC(250) Concurrent Cleanup for Next Mark 0.036ms
[2026-05-06T01:03:31.628+0100][7.915s][info][gc             ] GC(250) Concurrent Undo Cycle 0.079ms
[2026-05-06T01:03:31.645+0100][7.931s][info][gc,start       ] GC(251) Pause Young (Concurrent Start) (G1 Humongous Allocation)
[2026-05-06T01:03:31.645+0100][7.931s][info][gc,task        ] GC(251) Using 9 workers of 9 for evacuation
[2026-05-06T01:03:31.645+0100][7.931s][info][gc,phases      ] GC(251)   Pre Evacuate Collection Set: 0.1ms
[2026-05-06T01:03:31.645+0100][7.931s][info][gc,phases      ] GC(251)   Merge Heap Roots: 0.0ms
[2026-05-06T01:03:31.645+0100][7.931s][info][gc,phases      ] GC(251)   Evacuate Collection Set: 0.1ms
[2026-05-06T01:03:31.645+0100][7.931s][info][gc,phases      ] GC(251)   Post Evacuate Collection Set: 0.1ms
[2026-05-06T01:03:31.645+0100][7.931s][info][gc,phases      ] GC(251)   Other: 0.0ms
[2026-05-06T01:03:31.645+0100][7.931s][info][gc,heap        ] GC(251) Eden regions: 1->0(217)
[2026-05-06T01:03:31.645+0100][7.931s][info][gc,heap        ] GC(251) Survivor regions: 1->1(28)
[2026-05-06T01:03:31.645+0100][7.931s][info][gc,heap        ] GC(251) Old regions: 13->13
[2026-05-06T01:03:31.645+0100][7.931s][info][gc,heap        ] GC(251) Humongous regions: 134->96
[2026-05-06T01:03:31.645+0100][7.931s][info][gc,metaspace   ] GC(251) Metaspace: 19067K(19392K)->19067K(19392K) NonClass: 16831K(17024K)->16831K(17024K) Class: 2236K(2368K)->2236K(2368K)
[2026-05-06T01:03:31.645+0100][7.931s][info][gc             ] GC(251) Pause Young (Concurrent Start) (G1 Humongous Allocation) 280M->203M(728M) 0.512ms
[2026-05-06T01:03:31.645+0100][7.931s][info][gc,cpu         ] GC(251) User=0.00s Sys=0.00s Real=0.00s
[2026-05-06T01:03:31.645+0100][7.931s][info][gc             ] GC(252) Concurrent Undo Cycle
[2026-05-06T01:03:31.645+0100][7.931s][info][gc,marking     ] GC(252) Concurrent Clear Claimed Marks
[2026-05-06T01:03:31.645+0100][7.931s][info][gc,marking     ] GC(252) Concurrent Clear Claimed Marks 0.008ms
[2026-05-06T01:03:31.645+0100][7.932s][info][gc,marking     ] GC(252) Concurrent Cleanup for Next Mark
[2026-05-06T01:03:31.645+0100][7.932s][info][gc,marking     ] GC(252) Concurrent Cleanup for Next Mark 0.029ms
[2026-05-06T01:03:31.645+0100][7.932s][info][gc             ] GC(252) Concurrent Undo Cycle 0.069ms
[2026-05-06T01:03:31.661+0100][7.948s][info][gc,start       ] GC(253) Pause Young (Concurrent Start) (G1 Humongous Allocation)
[2026-05-06T01:03:31.661+0100][7.948s][info][gc,task        ] GC(253) Using 9 workers of 9 for evacuation
[2026-05-06T01:03:31.662+0100][7.948s][info][gc,phases      ] GC(253)   Pre Evacuate Collection Set: 0.1ms
[2026-05-06T01:03:31.662+0100][7.948s][info][gc,phases      ] GC(253)   Merge Heap Roots: 0.0ms
[2026-05-06T01:03:31.662+0100][7.948s][info][gc,phases      ] GC(253)   Evacuate Collection Set: 0.1ms
[2026-05-06T01:03:31.662+0100][7.948s][info][gc,phases      ] GC(253)   Post Evacuate Collection Set: 0.2ms
[2026-05-06T01:03:31.662+0100][7.948s][info][gc,phases      ] GC(253)   Other: 0.0ms
[2026-05-06T01:03:31.662+0100][7.948s][info][gc,heap        ] GC(253) Eden regions: 6->0(285)
[2026-05-06T01:03:31.662+0100][7.948s][info][gc,heap        ] GC(253) Survivor regions: 1->1(28)
[2026-05-06T01:03:31.662+0100][7.948s][info][gc,heap        ] GC(253) Old regions: 13->13
[2026-05-06T01:03:31.662+0100][7.948s][info][gc,heap        ] GC(253) Humongous regions: 134->96
[2026-05-06T01:03:31.662+0100][7.948s][info][gc,metaspace   ] GC(253) Metaspace: 19067K(19392K)->19067K(19392K) NonClass: 16831K(17024K)->16831K(17024K) Class: 2236K(2368K)->2236K(2368K)
[2026-05-06T01:03:31.662+0100][7.948s][info][gc             ] GC(253) Pause Young (Concurrent Start) (G1 Humongous Allocation) 291M->203M(956M) 0.597ms
[2026-05-06T01:03:31.662+0100][7.948s][info][gc,cpu         ] GC(253) User=0.00s Sys=0.01s Real=0.00s
[2026-05-06T01:03:31.662+0100][7.948s][info][gc             ] GC(254) Concurrent Undo Cycle
[2026-05-06T01:03:31.662+0100][7.948s][info][gc,marking     ] GC(254) Concurrent Clear Claimed Marks
[2026-05-06T01:03:31.662+0100][7.948s][info][gc,marking     ] GC(254) Concurrent Clear Claimed Marks 0.008ms
[2026-05-06T01:03:31.662+0100][7.948s][info][gc,marking     ] GC(254) Concurrent Cleanup for Next Mark
[2026-05-06T01:03:31.662+0100][7.948s][info][gc,marking     ] GC(254) Concurrent Cleanup for Next Mark 0.046ms
[2026-05-06T01:03:31.662+0100][7.948s][info][gc             ] GC(254) Concurrent Undo Cycle 0.085ms
[2026-05-06T01:03:31.684+0100][7.971s][info][gc,start       ] GC(255) Pause Full (System.gc())
[2026-05-06T01:03:31.684+0100][7.971s][info][gc,task        ] GC(255) Using 9 workers of 9 for full compaction
[2026-05-06T01:03:31.684+0100][7.971s][info][gc,phases,start] GC(255) Phase 1: Mark live objects
[2026-05-06T01:03:31.687+0100][7.973s][info][gc,phases      ] GC(255) Phase 1: Mark live objects 2.321ms
[2026-05-06T01:03:31.687+0100][7.973s][info][gc,phases,start] GC(255) Phase 2: Prepare compaction
[2026-05-06T01:03:31.687+0100][7.973s][info][gc,phases      ] GC(255) Phase 2: Prepare compaction 0.254ms
[2026-05-06T01:03:31.687+0100][7.973s][info][gc,phases,start] GC(255) Phase 3: Adjust pointers
[2026-05-06T01:03:31.689+0100][7.975s][info][gc,phases      ] GC(255) Phase 3: Adjust pointers 1.621ms
[2026-05-06T01:03:31.689+0100][7.975s][info][gc,phases,start] GC(255) Phase 4: Compact heap
[2026-05-06T01:03:31.689+0100][7.975s][info][gc,phases      ] GC(255) Phase 4: Compact heap 0.234ms
[2026-05-06T01:03:31.689+0100][7.975s][info][gc,phases,start] GC(255) Phase 5: Reset Metadata
[2026-05-06T01:03:31.689+0100][7.976s][info][gc,phases      ] GC(255) Phase 5: Reset Metadata 0.338ms
[2026-05-06T01:03:31.690+0100][7.976s][info][gc,heap        ] GC(255) Eden regions: 17->0(218)
[2026-05-06T01:03:31.690+0100][7.976s][info][gc,heap        ] GC(255) Survivor regions: 1->0(28)
[2026-05-06T01:03:31.690+0100][7.976s][info][gc,heap        ] GC(255) Old regions: 13->13
[2026-05-06T01:03:31.690+0100][7.976s][info][gc,heap        ] GC(255) Humongous regions: 153->96
[2026-05-06T01:03:31.690+0100][7.976s][info][gc,metaspace   ] GC(255) Metaspace: 19067K(19392K)->19067K(19392K) NonClass: 16831K(17024K)->16831K(17024K) Class: 2236K(2368K)->2236K(2368K)
[2026-05-06T01:03:31.690+0100][7.976s][info][gc             ] GC(255) Pause Full (System.gc()) 351M->203M(728M) 5.611ms
[2026-05-06T01:03:31.690+0100][7.976s][info][gc,cpu         ] GC(255) User=0.02s Sys=0.01s Real=0.01s
[2026-05-06T01:03:31.709+0100][7.996s][info][gc,start       ] GC(256) Pause Young (Concurrent Start) (G1 Humongous Allocation)
[2026-05-06T01:03:31.709+0100][7.996s][info][gc,task        ] GC(256) Using 9 workers of 9 for evacuation
[2026-05-06T01:03:31.710+0100][7.996s][info][gc,phases      ] GC(256)   Pre Evacuate Collection Set: 0.1ms
[2026-05-06T01:03:31.710+0100][7.996s][info][gc,phases      ] GC(256)   Merge Heap Roots: 0.0ms
[2026-05-06T01:03:31.710+0100][7.996s][info][gc,phases      ] GC(256)   Evacuate Collection Set: 0.2ms
[2026-05-06T01:03:31.710+0100][7.996s][info][gc,phases      ] GC(256)   Post Evacuate Collection Set: 0.1ms
[2026-05-06T01:03:31.710+0100][7.996s][info][gc,phases      ] GC(256)   Other: 0.0ms
[2026-05-06T01:03:31.710+0100][7.996s][info][gc,heap        ] GC(256) Eden regions: 22->0(217)
[2026-05-06T01:03:31.710+0100][7.996s][info][gc,heap        ] GC(256) Survivor regions: 0->1(28)
[2026-05-06T01:03:31.710+0100][7.996s][info][gc,heap        ] GC(256) Old regions: 13->13
[2026-05-06T01:03:31.710+0100][7.996s][info][gc,heap        ] GC(256) Humongous regions: 134->96
[2026-05-06T01:03:31.710+0100][7.996s][info][gc,metaspace   ] GC(256) Metaspace: 19067K(19392K)->19067K(19392K) NonClass: 16831K(17024K)->16831K(17024K) Class: 2236K(2368K)->2236K(2368K)
[2026-05-06T01:03:31.710+0100][7.996s][info][gc             ] GC(256) Pause Young (Concurrent Start) (G1 Humongous Allocation) 322M->203M(728M) 0.519ms
[2026-05-06T01:03:31.710+0100][7.996s][info][gc,cpu         ] GC(256) User=0.00s Sys=0.00s Real=0.01s
[2026-05-06T01:03:31.710+0100][7.996s][info][gc             ] GC(257) Concurrent Undo Cycle
[2026-05-06T01:03:31.710+0100][7.996s][info][gc,marking     ] GC(257) Concurrent Clear Claimed Marks
[2026-05-06T01:03:31.710+0100][7.996s][info][gc,marking     ] GC(257) Concurrent Clear Claimed Marks 0.007ms
[2026-05-06T01:03:31.710+0100][7.996s][info][gc,marking     ] GC(257) Concurrent Cleanup for Next Mark
[2026-05-06T01:03:31.710+0100][7.996s][info][gc,marking     ] GC(257) Concurrent Cleanup for Next Mark 0.035ms
[2026-05-06T01:03:31.710+0100][7.996s][info][gc             ] GC(257) Concurrent Undo Cycle 0.069ms
[2026-05-06T01:03:31.726+0100][8.012s][info][gc,start       ] GC(258) Pause Young (Concurrent Start) (G1 Humongous Allocation)
[2026-05-06T01:03:31.726+0100][8.012s][info][gc,task        ] GC(258) Using 9 workers of 9 for evacuation
[2026-05-06T01:03:31.726+0100][8.012s][info][gc,phases      ] GC(258)   Pre Evacuate Collection Set: 0.1ms
[2026-05-06T01:03:31.726+0100][8.012s][info][gc,phases      ] GC(258)   Merge Heap Roots: 0.0ms
[2026-05-06T01:03:31.726+0100][8.013s][info][gc,phases      ] GC(258)   Evacuate Collection Set: 0.2ms
[2026-05-06T01:03:31.726+0100][8.013s][info][gc,phases      ] GC(258)   Post Evacuate Collection Set: 0.1ms
[2026-05-06T01:03:31.726+0100][8.013s][info][gc,phases      ] GC(258)   Other: 0.0ms
[2026-05-06T01:03:31.726+0100][8.013s][info][gc,heap        ] GC(258) Eden regions: 12->0(217)
[2026-05-06T01:03:31.726+0100][8.013s][info][gc,heap        ] GC(258) Survivor regions: 1->1(28)
[2026-05-06T01:03:31.726+0100][8.013s][info][gc,heap        ] GC(258) Old regions: 13->13
[2026-05-06T01:03:31.726+0100][8.013s][info][gc,heap        ] GC(258) Humongous regions: 134->96
[2026-05-06T01:03:31.726+0100][8.013s][info][gc,metaspace   ] GC(258) Metaspace: 19067K(19392K)->19067K(19392K) NonClass: 16831K(17024K)->16831K(17024K) Class: 2236K(2368K)->2236K(2368K)
[2026-05-06T01:03:31.726+0100][8.013s][info][gc             ] GC(258) Pause Young (Concurrent Start) (G1 Humongous Allocation) 302M->203M(728M) 0.516ms
[2026-05-06T01:03:31.726+0100][8.013s][info][gc,cpu         ] GC(258) User=0.00s Sys=0.00s Real=0.00s
[2026-05-06T01:03:31.726+0100][8.013s][info][gc             ] GC(259) Concurrent Undo Cycle
[2026-05-06T01:03:31.726+0100][8.013s][info][gc,marking     ] GC(259) Concurrent Clear Claimed Marks
[2026-05-06T01:03:31.726+0100][8.013s][info][gc,marking     ] GC(259) Concurrent Clear Claimed Marks 0.007ms
[2026-05-06T01:03:31.726+0100][8.013s][info][gc,marking     ] GC(259) Concurrent Cleanup for Next Mark
[2026-05-06T01:03:31.726+0100][8.013s][info][gc,marking     ] GC(259) Concurrent Cleanup for Next Mark 0.032ms
[2026-05-06T01:03:31.726+0100][8.013s][info][gc             ] GC(259) Concurrent Undo Cycle 0.066ms
[2026-05-06T01:03:31.742+0100][8.028s][info][gc,start       ] GC(260) Pause Young (Concurrent Start) (G1 Humongous Allocation)
[2026-05-06T01:03:31.742+0100][8.028s][info][gc,task        ] GC(260) Using 9 workers of 9 for evacuation
[2026-05-06T01:03:31.742+0100][8.028s][info][gc,phases      ] GC(260)   Pre Evacuate Collection Set: 0.1ms
[2026-05-06T01:03:31.742+0100][8.028s][info][gc,phases      ] GC(260)   Merge Heap Roots: 0.0ms
[2026-05-06T01:03:31.742+0100][8.028s][info][gc,phases      ] GC(260)   Evacuate Collection Set: 0.1ms
[2026-05-06T01:03:31.742+0100][8.028s][info][gc,phases      ] GC(260)   Post Evacuate Collection Set: 0.1ms
[2026-05-06T01:03:31.742+0100][8.029s][info][gc,phases      ] GC(260)   Other: 0.0ms
[2026-05-06T01:03:31.742+0100][8.029s][info][gc,heap        ] GC(260) Eden regions: 12->0(217)
[2026-05-06T01:03:31.742+0100][8.029s][info][gc,heap        ] GC(260) Survivor regions: 1->1(28)
[2026-05-06T01:03:31.742+0100][8.029s][info][gc,heap        ] GC(260) Old regions: 13->13
[2026-05-06T01:03:31.742+0100][8.029s][info][gc,heap        ] GC(260) Humongous regions: 134->96
[2026-05-06T01:03:31.742+0100][8.029s][info][gc,metaspace   ] GC(260) Metaspace: 19067K(19392K)->19067K(19392K) NonClass: 16831K(17024K)->16831K(17024K) Class: 2236K(2368K)->2236K(2368K)
[2026-05-06T01:03:31.742+0100][8.029s][info][gc             ] GC(260) Pause Young (Concurrent Start) (G1 Humongous Allocation) 301M->203M(728M) 0.480ms
[2026-05-06T01:03:31.742+0100][8.029s][info][gc,cpu         ] GC(260) User=0.00s Sys=0.01s Real=0.00s
[2026-05-06T01:03:31.742+0100][8.029s][info][gc             ] GC(261) Concurrent Undo Cycle
[2026-05-06T01:03:31.742+0100][8.029s][info][gc,marking     ] GC(261) Concurrent Clear Claimed Marks
[2026-05-06T01:03:31.742+0100][8.029s][info][gc,marking     ] GC(261) Concurrent Clear Claimed Marks 0.007ms
[2026-05-06T01:03:31.742+0100][8.029s][info][gc,marking     ] GC(261) Concurrent Cleanup for Next Mark
[2026-05-06T01:03:31.742+0100][8.029s][info][gc,marking     ] GC(261) Concurrent Cleanup for Next Mark 0.036ms
[2026-05-06T01:03:31.742+0100][8.029s][info][gc             ] GC(261) Concurrent Undo Cycle 0.066ms
[2026-05-06T01:03:31.758+0100][8.045s][info][gc,start       ] GC(262) Pause Young (Concurrent Start) (G1 Humongous Allocation)
[2026-05-06T01:03:31.758+0100][8.045s][info][gc,task        ] GC(262) Using 9 workers of 9 for evacuation
[2026-05-06T01:03:31.759+0100][8.045s][info][gc,phases      ] GC(262)   Pre Evacuate Collection Set: 0.1ms
[2026-05-06T01:03:31.759+0100][8.045s][info][gc,phases      ] GC(262)   Merge Heap Roots: 0.0ms
[2026-05-06T01:03:31.759+0100][8.045s][info][gc,phases      ] GC(262)   Evacuate Collection Set: 0.1ms
[2026-05-06T01:03:31.759+0100][8.045s][info][gc,phases      ] GC(262)   Post Evacuate Collection Set: 0.1ms
[2026-05-06T01:03:31.759+0100][8.045s][info][gc,phases      ] GC(262)   Other: 0.0ms
[2026-05-06T01:03:31.759+0100][8.045s][info][gc,heap        ] GC(262) Eden regions: 12->0(217)
[2026-05-06T01:03:31.759+0100][8.045s][info][gc,heap        ] GC(262) Survivor regions: 1->1(28)
[2026-05-06T01:03:31.759+0100][8.045s][info][gc,heap        ] GC(262) Old regions: 13->13
[2026-05-06T01:03:31.759+0100][8.045s][info][gc,heap        ] GC(262) Humongous regions: 134->96
[2026-05-06T01:03:31.759+0100][8.045s][info][gc,metaspace   ] GC(262) Metaspace: 19067K(19392K)->19067K(19392K) NonClass: 16831K(17024K)->16831K(17024K) Class: 2236K(2368K)->2236K(2368K)
[2026-05-06T01:03:31.759+0100][8.045s][info][gc             ] GC(262) Pause Young (Concurrent Start) (G1 Humongous Allocation) 301M->203M(728M) 0.499ms
[2026-05-06T01:03:31.759+0100][8.045s][info][gc,cpu         ] GC(262) User=0.00s Sys=0.00s Real=0.00s
[2026-05-06T01:03:31.759+0100][8.045s][info][gc             ] GC(263) Concurrent Undo Cycle
[2026-05-06T01:03:31.759+0100][8.045s][info][gc,marking     ] GC(263) Concurrent Clear Claimed Marks
[2026-05-06T01:03:31.759+0100][8.045s][info][gc,marking     ] GC(263) Concurrent Clear Claimed Marks 0.007ms
[2026-05-06T01:03:31.759+0100][8.045s][info][gc,marking     ] GC(263) Concurrent Cleanup for Next Mark
[2026-05-06T01:03:31.759+0100][8.045s][info][gc,marking     ] GC(263) Concurrent Cleanup for Next Mark 0.029ms
[2026-05-06T01:03:31.759+0100][8.045s][info][gc             ] GC(263) Concurrent Undo Cycle 0.061ms
[2026-05-06T01:03:31.776+0100][8.063s][info][gc,start       ] GC(264) Pause Young (Concurrent Start) (G1 Humongous Allocation)
[2026-05-06T01:03:31.777+0100][8.063s][info][gc,task        ] GC(264) Using 9 workers of 9 for evacuation
[2026-05-06T01:03:31.777+0100][8.063s][info][gc,phases      ] GC(264)   Pre Evacuate Collection Set: 0.1ms
[2026-05-06T01:03:31.777+0100][8.063s][info][gc,phases      ] GC(264)   Merge Heap Roots: 0.0ms
[2026-05-06T01:03:31.777+0100][8.063s][info][gc,phases      ] GC(264)   Evacuate Collection Set: 0.2ms
[2026-05-06T01:03:31.777+0100][8.063s][info][gc,phases      ] GC(264)   Post Evacuate Collection Set: 0.1ms
[2026-05-06T01:03:31.777+0100][8.063s][info][gc,phases      ] GC(264)   Other: 0.0ms
[2026-05-06T01:03:31.777+0100][8.063s][info][gc,heap        ] GC(264) Eden regions: 12->0(217)
[2026-05-06T01:03:31.777+0100][8.063s][info][gc,heap        ] GC(264) Survivor regions: 1->1(28)
[2026-05-06T01:03:31.777+0100][8.063s][info][gc,heap        ] GC(264) Old regions: 13->13
[2026-05-06T01:03:31.777+0100][8.063s][info][gc,heap        ] GC(264) Humongous regions: 134->96
[2026-05-06T01:03:31.777+0100][8.063s][info][gc,metaspace   ] GC(264) Metaspace: 19067K(19392K)->19067K(19392K) NonClass: 16831K(17024K)->16831K(17024K) Class: 2236K(2368K)->2236K(2368K)
[2026-05-06T01:03:31.777+0100][8.063s][info][gc             ] GC(264) Pause Young (Concurrent Start) (G1 Humongous Allocation) 301M->203M(728M) 0.439ms
[2026-05-06T01:03:31.777+0100][8.063s][info][gc             ] GC(265) Concurrent Undo Cycle
[2026-05-06T01:03:31.777+0100][8.063s][info][gc,cpu         ] GC(264) User=0.00s Sys=0.00s Real=0.00s
[2026-05-06T01:03:31.777+0100][8.063s][info][gc,marking     ] GC(265) Concurrent Clear Claimed Marks
[2026-05-06T01:03:31.777+0100][8.063s][info][gc,marking     ] GC(265) Concurrent Clear Claimed Marks 0.006ms
[2026-05-06T01:03:31.777+0100][8.063s][info][gc,marking     ] GC(265) Concurrent Cleanup for Next Mark
[2026-05-06T01:03:31.777+0100][8.063s][info][gc,marking     ] GC(265) Concurrent Cleanup for Next Mark 0.028ms
[2026-05-06T01:03:31.777+0100][8.063s][info][gc             ] GC(265) Concurrent Undo Cycle 0.058ms
[2026-05-06T01:03:31.795+0100][8.081s][info][gc,start       ] GC(266) Pause Young (Concurrent Start) (G1 Humongous Allocation)
[2026-05-06T01:03:31.795+0100][8.081s][info][gc,task        ] GC(266) Using 9 workers of 9 for evacuation
[2026-05-06T01:03:31.795+0100][8.082s][info][gc,phases      ] GC(266)   Pre Evacuate Collection Set: 0.1ms
[2026-05-06T01:03:31.795+0100][8.082s][info][gc,phases      ] GC(266)   Merge Heap Roots: 0.0ms
[2026-05-06T01:03:31.795+0100][8.082s][info][gc,phases      ] GC(266)   Evacuate Collection Set: 0.2ms
[2026-05-06T01:03:31.795+0100][8.082s][info][gc,phases      ] GC(266)   Post Evacuate Collection Set: 0.1ms
[2026-05-06T01:03:31.795+0100][8.082s][info][gc,phases      ] GC(266)   Other: 0.0ms
[2026-05-06T01:03:31.795+0100][8.082s][info][gc,heap        ] GC(266) Eden regions: 12->0(217)
[2026-05-06T01:03:31.795+0100][8.082s][info][gc,heap        ] GC(266) Survivor regions: 1->1(28)
[2026-05-06T01:03:31.795+0100][8.082s][info][gc,heap        ] GC(266) Old regions: 13->13
[2026-05-06T01:03:31.795+0100][8.082s][info][gc,heap        ] GC(266) Humongous regions: 134->96
[2026-05-06T01:03:31.795+0100][8.082s][info][gc,metaspace   ] GC(266) Metaspace: 19067K(19392K)->19067K(19392K) NonClass: 16831K(17024K)->16831K(17024K) Class: 2236K(2368K)->2236K(2368K)
[2026-05-06T01:03:31.795+0100][8.082s][info][gc             ] GC(266) Pause Young (Concurrent Start) (G1 Humongous Allocation) 301M->203M(728M) 0.533ms
[2026-05-06T01:03:31.796+0100][8.082s][info][gc,cpu         ] GC(266) User=0.01s Sys=0.00s Real=0.00s
[2026-05-06T01:03:31.796+0100][8.082s][info][gc             ] GC(267) Concurrent Undo Cycle
[2026-05-06T01:03:31.796+0100][8.082s][info][gc,marking     ] GC(267) Concurrent Clear Claimed Marks
[2026-05-06T01:03:31.796+0100][8.082s][info][gc,marking     ] GC(267) Concurrent Clear Claimed Marks 0.007ms
[2026-05-06T01:03:31.796+0100][8.082s][info][gc,marking     ] GC(267) Concurrent Cleanup for Next Mark
[2026-05-06T01:03:31.796+0100][8.082s][info][gc,marking     ] GC(267) Concurrent Cleanup for Next Mark 0.043ms
[2026-05-06T01:03:31.796+0100][8.082s][info][gc             ] GC(267) Concurrent Undo Cycle 0.088ms
[2026-05-06T01:03:31.801+0100][8.087s][info][gc,start       ] GC(268) Pause Full (System.gc())
[2026-05-06T01:03:31.801+0100][8.087s][info][gc,task        ] GC(268) Using 9 workers of 9 for full compaction
[2026-05-06T01:03:31.801+0100][8.087s][info][gc,phases,start] GC(268) Phase 1: Mark live objects
[2026-05-06T01:03:31.804+0100][8.090s][info][gc,phases      ] GC(268) Phase 1: Mark live objects 2.987ms
[2026-05-06T01:03:31.804+0100][8.090s][info][gc,phases,start] GC(268) Phase 2: Prepare compaction
[2026-05-06T01:03:31.804+0100][8.091s][info][gc,phases      ] GC(268) Phase 2: Prepare compaction 0.256ms
[2026-05-06T01:03:31.804+0100][8.091s][info][gc,phases,start] GC(268) Phase 3: Adjust pointers
[2026-05-06T01:03:31.806+0100][8.092s][info][gc,phases      ] GC(268) Phase 3: Adjust pointers 1.585ms
[2026-05-06T01:03:31.806+0100][8.092s][info][gc,phases,start] GC(268) Phase 4: Compact heap
[2026-05-06T01:03:31.806+0100][8.093s][info][gc,phases      ] GC(268) Phase 4: Compact heap 0.237ms
[2026-05-06T01:03:31.806+0100][8.093s][info][gc,phases,start] GC(268) Phase 5: Reset Metadata
[2026-05-06T01:03:31.806+0100][8.093s][info][gc,phases      ] GC(268) Phase 5: Reset Metadata 0.328ms
[2026-05-06T01:03:31.807+0100][8.093s][info][gc,heap        ] GC(268) Eden regions: 4->0(218)
[2026-05-06T01:03:31.807+0100][8.093s][info][gc,heap        ] GC(268) Survivor regions: 1->0(28)
[2026-05-06T01:03:31.807+0100][8.093s][info][gc,heap        ] GC(268) Old regions: 13->13
[2026-05-06T01:03:31.807+0100][8.093s][info][gc,heap        ] GC(268) Humongous regions: 115->96
[2026-05-06T01:03:31.807+0100][8.093s][info][gc,metaspace   ] GC(268) Metaspace: 19067K(19392K)->19067K(19392K) NonClass: 16831K(17024K)->16831K(17024K) Class: 2236K(2368K)->2236K(2368K)
[2026-05-06T01:03:31.807+0100][8.093s][info][gc             ] GC(268) Pause Full (System.gc()) 249M->203M(728M) 5.967ms
[2026-05-06T01:03:31.807+0100][8.093s][info][gc,cpu         ] GC(268) User=0.03s Sys=0.01s Real=0.00s
[2026-05-06T01:03:31.826+0100][8.112s][info][gc,start       ] GC(269) Pause Young (Concurrent Start) (G1 Humongous Allocation)
[2026-05-06T01:03:31.826+0100][8.112s][info][gc,task        ] GC(269) Using 9 workers of 9 for evacuation
[2026-05-06T01:03:31.826+0100][8.113s][info][gc,phases      ] GC(269)   Pre Evacuate Collection Set: 0.1ms
[2026-05-06T01:03:31.826+0100][8.113s][info][gc,phases      ] GC(269)   Merge Heap Roots: 0.0ms
[2026-05-06T01:03:31.826+0100][8.113s][info][gc,phases      ] GC(269)   Evacuate Collection Set: 0.2ms
[2026-05-06T01:03:31.826+0100][8.113s][info][gc,phases      ] GC(269)   Post Evacuate Collection Set: 0.1ms
[2026-05-06T01:03:31.826+0100][8.113s][info][gc,phases      ] GC(269)   Other: 0.0ms
[2026-05-06T01:03:31.826+0100][8.113s][info][gc,heap        ] GC(269) Eden regions: 12->0(217)
[2026-05-06T01:03:31.826+0100][8.113s][info][gc,heap        ] GC(269) Survivor regions: 0->1(28)
[2026-05-06T01:03:31.826+0100][8.113s][info][gc,heap        ] GC(269) Old regions: 13->13
[2026-05-06T01:03:31.826+0100][8.113s][info][gc,heap        ] GC(269) Humongous regions: 134->96
[2026-05-06T01:03:31.826+0100][8.113s][info][gc,metaspace   ] GC(269) Metaspace: 19067K(19392K)->19067K(19392K) NonClass: 16831K(17024K)->16831K(17024K) Class: 2236K(2368K)->2236K(2368K)
[2026-05-06T01:03:31.826+0100][8.113s][info][gc             ] GC(269) Pause Young (Concurrent Start) (G1 Humongous Allocation) 302M->203M(728M) 0.517ms
[2026-05-06T01:03:31.826+0100][8.113s][info][gc,cpu         ] GC(269) User=0.00s Sys=0.00s Real=0.00s
[2026-05-06T01:03:31.827+0100][8.113s][info][gc             ] GC(270) Concurrent Undo Cycle
[2026-05-06T01:03:31.827+0100][8.113s][info][gc,marking     ] GC(270) Concurrent Clear Claimed Marks
[2026-05-06T01:03:31.827+0100][8.113s][info][gc,marking     ] GC(270) Concurrent Clear Claimed Marks 0.008ms
[2026-05-06T01:03:31.827+0100][8.113s][info][gc,marking     ] GC(270) Concurrent Cleanup for Next Mark
[2026-05-06T01:03:31.827+0100][8.113s][info][gc,marking     ] GC(270) Concurrent Cleanup for Next Mark 0.027ms
[2026-05-06T01:03:31.827+0100][8.113s][info][gc             ] GC(270) Concurrent Undo Cycle 0.062ms
[2026-05-06T01:03:31.842+0100][8.129s][info][gc,start       ] GC(271) Pause Young (Concurrent Start) (G1 Humongous Allocation)
[2026-05-06T01:03:31.842+0100][8.129s][info][gc,task        ] GC(271) Using 9 workers of 9 for evacuation
[2026-05-06T01:03:31.843+0100][8.129s][info][gc,phases      ] GC(271)   Pre Evacuate Collection Set: 0.1ms
[2026-05-06T01:03:31.843+0100][8.129s][info][gc,phases      ] GC(271)   Merge Heap Roots: 0.0ms
[2026-05-06T01:03:31.843+0100][8.129s][info][gc,phases      ] GC(271)   Evacuate Collection Set: 0.2ms
[2026-05-06T01:03:31.843+0100][8.129s][info][gc,phases      ] GC(271)   Post Evacuate Collection Set: 0.1ms
[2026-05-06T01:03:31.843+0100][8.129s][info][gc,phases      ] GC(271)   Other: 0.0ms
[2026-05-06T01:03:31.843+0100][8.129s][info][gc,heap        ] GC(271) Eden regions: 12->0(217)
[2026-05-06T01:03:31.843+0100][8.129s][info][gc,heap        ] GC(271) Survivor regions: 1->1(28)
[2026-05-06T01:03:31.843+0100][8.129s][info][gc,heap        ] GC(271) Old regions: 13->13
[2026-05-06T01:03:31.843+0100][8.129s][info][gc,heap        ] GC(271) Humongous regions: 134->96
[2026-05-06T01:03:31.843+0100][8.129s][info][gc,metaspace   ] GC(271) Metaspace: 19067K(19392K)->19067K(19392K) NonClass: 16831K(17024K)->16831K(17024K) Class: 2236K(2368K)->2236K(2368K)
[2026-05-06T01:03:31.843+0100][8.129s][info][gc             ] GC(271) Pause Young (Concurrent Start) (G1 Humongous Allocation) 301M->203M(728M) 0.499ms
[2026-05-06T01:03:31.843+0100][8.129s][info][gc,cpu         ] GC(271) User=0.00s Sys=0.00s Real=0.00s
[2026-05-06T01:03:31.843+0100][8.129s][info][gc             ] GC(272) Concurrent Undo Cycle
[2026-05-06T01:03:31.843+0100][8.129s][info][gc,marking     ] GC(272) Concurrent Clear Claimed Marks
[2026-05-06T01:03:31.843+0100][8.129s][info][gc,marking     ] GC(272) Concurrent Clear Claimed Marks 0.007ms
[2026-05-06T01:03:31.843+0100][8.129s][info][gc,marking     ] GC(272) Concurrent Cleanup for Next Mark
[2026-05-06T01:03:31.843+0100][8.129s][info][gc,marking     ] GC(272) Concurrent Cleanup for Next Mark 0.035ms
[2026-05-06T01:03:31.843+0100][8.129s][info][gc             ] GC(272) Concurrent Undo Cycle 0.068ms
[2026-05-06T01:03:31.858+0100][8.145s][info][gc,start       ] GC(273) Pause Young (Concurrent Start) (G1 Humongous Allocation)
[2026-05-06T01:03:31.858+0100][8.145s][info][gc,task        ] GC(273) Using 9 workers of 9 for evacuation
[2026-05-06T01:03:31.858+0100][8.145s][info][gc,phases      ] GC(273)   Pre Evacuate Collection Set: 0.1ms
[2026-05-06T01:03:31.859+0100][8.145s][info][gc,phases      ] GC(273)   Merge Heap Roots: 0.0ms
[2026-05-06T01:03:31.859+0100][8.145s][info][gc,phases      ] GC(273)   Evacuate Collection Set: 0.1ms
[2026-05-06T01:03:31.859+0100][8.145s][info][gc,phases      ] GC(273)   Post Evacuate Collection Set: 0.1ms
[2026-05-06T01:03:31.859+0100][8.145s][info][gc,phases      ] GC(273)   Other: 0.0ms
[2026-05-06T01:03:31.859+0100][8.145s][info][gc,heap        ] GC(273) Eden regions: 12->0(217)
[2026-05-06T01:03:31.859+0100][8.145s][info][gc,heap        ] GC(273) Survivor regions: 1->1(28)
[2026-05-06T01:03:31.859+0100][8.145s][info][gc,heap        ] GC(273) Old regions: 13->13
[2026-05-06T01:03:31.859+0100][8.145s][info][gc,heap        ] GC(273) Humongous regions: 134->96
[2026-05-06T01:03:31.859+0100][8.145s][info][gc,metaspace   ] GC(273) Metaspace: 19067K(19392K)->19067K(19392K) NonClass: 16831K(17024K)->16831K(17024K) Class: 2236K(2368K)->2236K(2368K)
[2026-05-06T01:03:31.859+0100][8.145s][info][gc             ] GC(273) Pause Young (Concurrent Start) (G1 Humongous Allocation) 301M->203M(728M) 0.448ms
[2026-05-06T01:03:31.859+0100][8.145s][info][gc,cpu         ] GC(273) User=0.00s Sys=0.00s Real=0.00s
[2026-05-06T01:03:31.859+0100][8.145s][info][gc             ] GC(274) Concurrent Undo Cycle
[2026-05-06T01:03:31.859+0100][8.145s][info][gc,marking     ] GC(274) Concurrent Clear Claimed Marks
[2026-05-06T01:03:31.859+0100][8.145s][info][gc,marking     ] GC(274) Concurrent Clear Claimed Marks 0.007ms
[2026-05-06T01:03:31.859+0100][8.145s][info][gc,marking     ] GC(274) Concurrent Cleanup for Next Mark
[2026-05-06T01:03:31.859+0100][8.145s][info][gc,marking     ] GC(274) Concurrent Cleanup for Next Mark 0.027ms
[2026-05-06T01:03:31.859+0100][8.145s][info][gc             ] GC(274) Concurrent Undo Cycle 0.056ms
[2026-05-06T01:03:31.874+0100][8.160s][info][gc,start       ] GC(275) Pause Young (Concurrent Start) (G1 Humongous Allocation)
[2026-05-06T01:03:31.874+0100][8.160s][info][gc,task        ] GC(275) Using 9 workers of 9 for evacuation
[2026-05-06T01:03:31.874+0100][8.161s][info][gc,phases      ] GC(275)   Pre Evacuate Collection Set: 0.1ms
[2026-05-06T01:03:31.874+0100][8.161s][info][gc,phases      ] GC(275)   Merge Heap Roots: 0.0ms
[2026-05-06T01:03:31.874+0100][8.161s][info][gc,phases      ] GC(275)   Evacuate Collection Set: 0.1ms
[2026-05-06T01:03:31.874+0100][8.161s][info][gc,phases      ] GC(275)   Post Evacuate Collection Set: 0.1ms
[2026-05-06T01:03:31.874+0100][8.161s][info][gc,phases      ] GC(275)   Other: 0.0ms
[2026-05-06T01:03:31.874+0100][8.161s][info][gc,heap        ] GC(275) Eden regions: 12->0(217)
[2026-05-06T01:03:31.874+0100][8.161s][info][gc,heap        ] GC(275) Survivor regions: 1->1(28)
[2026-05-06T01:03:31.874+0100][8.161s][info][gc,heap        ] GC(275) Old regions: 13->13
[2026-05-06T01:03:31.874+0100][8.161s][info][gc,heap        ] GC(275) Humongous regions: 134->96
[2026-05-06T01:03:31.874+0100][8.161s][info][gc,metaspace   ] GC(275) Metaspace: 19067K(19392K)->19067K(19392K) NonClass: 16831K(17024K)->16831K(17024K) Class: 2236K(2368K)->2236K(2368K)
[2026-05-06T01:03:31.874+0100][8.161s][info][gc             ] GC(275) Pause Young (Concurrent Start) (G1 Humongous Allocation) 301M->203M(728M) 0.445ms
[2026-05-06T01:03:31.874+0100][8.161s][info][gc,cpu         ] GC(275) User=0.00s Sys=0.00s Real=0.00s
[2026-05-06T01:03:31.874+0100][8.161s][info][gc             ] GC(276) Concurrent Undo Cycle
[2026-05-06T01:03:31.875+0100][8.161s][info][gc,marking     ] GC(276) Concurrent Clear Claimed Marks
[2026-05-06T01:03:31.875+0100][8.161s][info][gc,marking     ] GC(276) Concurrent Clear Claimed Marks 0.006ms
[2026-05-06T01:03:31.875+0100][8.161s][info][gc,marking     ] GC(276) Concurrent Cleanup for Next Mark
[2026-05-06T01:03:31.875+0100][8.161s][info][gc,marking     ] GC(276) Concurrent Cleanup for Next Mark 0.034ms
[2026-05-06T01:03:31.875+0100][8.161s][info][gc             ] GC(276) Concurrent Undo Cycle 0.063ms
[2026-05-06T01:03:31.890+0100][8.176s][info][gc,start       ] GC(277) Pause Young (Concurrent Start) (G1 Humongous Allocation)
[2026-05-06T01:03:31.890+0100][8.176s][info][gc,task        ] GC(277) Using 9 workers of 9 for evacuation
[2026-05-06T01:03:31.890+0100][8.177s][info][gc,phases      ] GC(277)   Pre Evacuate Collection Set: 0.1ms
[2026-05-06T01:03:31.890+0100][8.177s][info][gc,phases      ] GC(277)   Merge Heap Roots: 0.0ms
[2026-05-06T01:03:31.890+0100][8.177s][info][gc,phases      ] GC(277)   Evacuate Collection Set: 0.1ms
[2026-05-06T01:03:31.890+0100][8.177s][info][gc,phases      ] GC(277)   Post Evacuate Collection Set: 0.2ms
[2026-05-06T01:03:31.890+0100][8.177s][info][gc,phases      ] GC(277)   Other: 0.0ms
[2026-05-06T01:03:31.890+0100][8.177s][info][gc,heap        ] GC(277) Eden regions: 8->0(297)
[2026-05-06T01:03:31.890+0100][8.177s][info][gc,heap        ] GC(277) Survivor regions: 1->1(28)
[2026-05-06T01:03:31.890+0100][8.177s][info][gc,heap        ] GC(277) Old regions: 13->13
[2026-05-06T01:03:31.890+0100][8.177s][info][gc,heap        ] GC(277) Humongous regions: 134->96
[2026-05-06T01:03:31.890+0100][8.177s][info][gc,metaspace   ] GC(277) Metaspace: 19067K(19392K)->19067K(19392K) NonClass: 16831K(17024K)->16831K(17024K) Class: 2236K(2368K)->2236K(2368K)
[2026-05-06T01:03:31.890+0100][8.177s][info][gc             ] GC(277) Pause Young (Concurrent Start) (G1 Humongous Allocation) 294M->203M(994M) 0.521ms
[2026-05-06T01:03:31.890+0100][8.177s][info][gc,cpu         ] GC(277) User=0.00s Sys=0.00s Real=0.00s
[2026-05-06T01:03:31.890+0100][8.177s][info][gc             ] GC(278) Concurrent Undo Cycle
[2026-05-06T01:03:31.890+0100][8.177s][info][gc,marking     ] GC(278) Concurrent Clear Claimed Marks
[2026-05-06T01:03:31.890+0100][8.177s][info][gc,marking     ] GC(278) Concurrent Clear Claimed Marks 0.006ms
[2026-05-06T01:03:31.890+0100][8.177s][info][gc,marking     ] GC(278) Concurrent Cleanup for Next Mark
[2026-05-06T01:03:31.891+0100][8.177s][info][gc,marking     ] GC(278) Concurrent Cleanup for Next Mark 0.043ms
[2026-05-06T01:03:31.891+0100][8.177s][info][gc             ] GC(278) Concurrent Undo Cycle 0.074ms
[2026-05-06T01:03:31.911+0100][8.197s][info][gc,start       ] GC(279) Pause Full (System.gc())
[2026-05-06T01:03:31.911+0100][8.197s][info][gc,task        ] GC(279) Using 9 workers of 9 for full compaction
[2026-05-06T01:03:31.911+0100][8.197s][info][gc,phases,start] GC(279) Phase 1: Mark live objects
[2026-05-06T01:03:31.913+0100][8.200s][info][gc,phases      ] GC(279) Phase 1: Mark live objects 2.358ms
[2026-05-06T01:03:31.913+0100][8.200s][info][gc,phases,start] GC(279) Phase 2: Prepare compaction
[2026-05-06T01:03:31.914+0100][8.200s][info][gc,phases      ] GC(279) Phase 2: Prepare compaction 0.262ms
[2026-05-06T01:03:31.914+0100][8.200s][info][gc,phases,start] GC(279) Phase 3: Adjust pointers
[2026-05-06T01:03:31.915+0100][8.202s][info][gc,phases      ] GC(279) Phase 3: Adjust pointers 1.630ms
[2026-05-06T01:03:31.915+0100][8.202s][info][gc,phases,start] GC(279) Phase 4: Compact heap
[2026-05-06T01:03:31.915+0100][8.202s][info][gc,phases      ] GC(279) Phase 4: Compact heap 0.204ms
[2026-05-06T01:03:31.915+0100][8.202s][info][gc,phases,start] GC(279) Phase 5: Reset Metadata
[2026-05-06T01:03:31.916+0100][8.202s][info][gc,phases      ] GC(279) Phase 5: Reset Metadata 0.370ms
[2026-05-06T01:03:31.916+0100][8.203s][info][gc,heap        ] GC(279) Eden regions: 1->0(218)
[2026-05-06T01:03:31.916+0100][8.203s][info][gc,heap        ] GC(279) Survivor regions: 1->0(28)
[2026-05-06T01:03:31.916+0100][8.203s][info][gc,heap        ] GC(279) Old regions: 13->13
[2026-05-06T01:03:31.916+0100][8.203s][info][gc,heap        ] GC(279) Humongous regions: 153->96
[2026-05-06T01:03:31.916+0100][8.203s][info][gc,metaspace   ] GC(279) Metaspace: 19067K(19392K)->19067K(19392K) NonClass: 16831K(17024K)->16831K(17024K) Class: 2236K(2368K)->2236K(2368K)
[2026-05-06T01:03:31.916+0100][8.203s][info][gc             ] GC(279) Pause Full (System.gc()) 318M->203M(728M) 5.649ms
[2026-05-06T01:03:31.916+0100][8.203s][info][gc,cpu         ] GC(279) User=0.02s Sys=0.01s Real=0.00s
[2026-05-06T01:03:31.933+0100][8.219s][info][gc,start       ] GC(280) Pause Young (Concurrent Start) (G1 Humongous Allocation)
[2026-05-06T01:03:31.933+0100][8.219s][info][gc,task        ] GC(280) Using 9 workers of 9 for evacuation
[2026-05-06T01:03:31.933+0100][8.220s][info][gc,phases      ] GC(280)   Pre Evacuate Collection Set: 0.1ms
[2026-05-06T01:03:31.933+0100][8.220s][info][gc,phases      ] GC(280)   Merge Heap Roots: 0.0ms
[2026-05-06T01:03:31.933+0100][8.220s][info][gc,phases      ] GC(280)   Evacuate Collection Set: 0.1ms
[2026-05-06T01:03:31.933+0100][8.220s][info][gc,phases      ] GC(280)   Post Evacuate Collection Set: 0.1ms
[2026-05-06T01:03:31.933+0100][8.220s][info][gc,phases      ] GC(280)   Other: 0.0ms
[2026-05-06T01:03:31.933+0100][8.220s][info][gc,heap        ] GC(280) Eden regions: 1->0(217)
[2026-05-06T01:03:31.933+0100][8.220s][info][gc,heap        ] GC(280) Survivor regions: 0->1(28)
[2026-05-06T01:03:31.933+0100][8.220s][info][gc,heap        ] GC(280) Old regions: 13->13
[2026-05-06T01:03:31.933+0100][8.220s][info][gc,heap        ] GC(280) Humongous regions: 134->96
[2026-05-06T01:03:31.933+0100][8.220s][info][gc,metaspace   ] GC(280) Metaspace: 19067K(19392K)->19067K(19392K) NonClass: 16831K(17024K)->16831K(17024K) Class: 2236K(2368K)->2236K(2368K)
[2026-05-06T01:03:31.933+0100][8.220s][info][gc             ] GC(280) Pause Young (Concurrent Start) (G1 Humongous Allocation) 280M->203M(728M) 0.487ms
[2026-05-06T01:03:31.933+0100][8.220s][info][gc,cpu         ] GC(280) User=0.00s Sys=0.00s Real=0.00s
[2026-05-06T01:03:31.933+0100][8.220s][info][gc             ] GC(281) Concurrent Undo Cycle
[2026-05-06T01:03:31.933+0100][8.220s][info][gc,marking     ] GC(281) Concurrent Clear Claimed Marks
[2026-05-06T01:03:31.933+0100][8.220s][info][gc,marking     ] GC(281) Concurrent Clear Claimed Marks 0.007ms
[2026-05-06T01:03:31.933+0100][8.220s][info][gc,marking     ] GC(281) Concurrent Cleanup for Next Mark
[2026-05-06T01:03:31.933+0100][8.220s][info][gc,marking     ] GC(281) Concurrent Cleanup for Next Mark 0.035ms
[2026-05-06T01:03:31.933+0100][8.220s][info][gc             ] GC(281) Concurrent Undo Cycle 0.067ms
[2026-05-06T01:03:31.948+0100][8.234s][info][gc,start       ] GC(282) Pause Young (Concurrent Start) (G1 Humongous Allocation)
[2026-05-06T01:03:31.948+0100][8.234s][info][gc,task        ] GC(282) Using 9 workers of 9 for evacuation
[2026-05-06T01:03:31.948+0100][8.234s][info][gc,phases      ] GC(282)   Pre Evacuate Collection Set: 0.1ms
[2026-05-06T01:03:31.948+0100][8.234s][info][gc,phases      ] GC(282)   Merge Heap Roots: 0.0ms
[2026-05-06T01:03:31.948+0100][8.234s][info][gc,phases      ] GC(282)   Evacuate Collection Set: 0.1ms
[2026-05-06T01:03:31.948+0100][8.234s][info][gc,phases      ] GC(282)   Post Evacuate Collection Set: 0.1ms
[2026-05-06T01:03:31.948+0100][8.235s][info][gc,phases      ] GC(282)   Other: 0.0ms
[2026-05-06T01:03:31.948+0100][8.235s][info][gc,heap        ] GC(282) Eden regions: 1->0(217)
[2026-05-06T01:03:31.948+0100][8.235s][info][gc,heap        ] GC(282) Survivor regions: 1->1(28)
[2026-05-06T01:03:31.948+0100][8.235s][info][gc,heap        ] GC(282) Old regions: 13->13
[2026-05-06T01:03:31.948+0100][8.235s][info][gc,heap        ] GC(282) Humongous regions: 134->96
[2026-05-06T01:03:31.948+0100][8.235s][info][gc,metaspace   ] GC(282) Metaspace: 19067K(19392K)->19067K(19392K) NonClass: 16831K(17024K)->16831K(17024K) Class: 2236K(2368K)->2236K(2368K)
[2026-05-06T01:03:31.948+0100][8.235s][info][gc             ] GC(282) Pause Young (Concurrent Start) (G1 Humongous Allocation) 280M->203M(728M) 0.469ms
[2026-05-06T01:03:31.948+0100][8.235s][info][gc,cpu         ] GC(282) User=0.00s Sys=0.00s Real=0.00s
[2026-05-06T01:03:31.948+0100][8.235s][info][gc             ] GC(283) Concurrent Undo Cycle
[2026-05-06T01:03:31.948+0100][8.235s][info][gc,marking     ] GC(283) Concurrent Clear Claimed Marks
[2026-05-06T01:03:31.948+0100][8.235s][info][gc,marking     ] GC(283) Concurrent Clear Claimed Marks 0.007ms
[2026-05-06T01:03:31.948+0100][8.235s][info][gc,marking     ] GC(283) Concurrent Cleanup for Next Mark
[2026-05-06T01:03:31.948+0100][8.235s][info][gc,marking     ] GC(283) Concurrent Cleanup for Next Mark 0.036ms
[2026-05-06T01:03:31.948+0100][8.235s][info][gc             ] GC(283) Concurrent Undo Cycle 0.067ms
[2026-05-06T01:03:31.963+0100][8.250s][info][gc,start       ] GC(284) Pause Young (Concurrent Start) (G1 Humongous Allocation)
[2026-05-06T01:03:31.963+0100][8.250s][info][gc,task        ] GC(284) Using 9 workers of 9 for evacuation
[2026-05-06T01:03:31.964+0100][8.250s][info][gc,phases      ] GC(284)   Pre Evacuate Collection Set: 0.1ms
[2026-05-06T01:03:31.964+0100][8.250s][info][gc,phases      ] GC(284)   Merge Heap Roots: 0.0ms
[2026-05-06T01:03:31.964+0100][8.250s][info][gc,phases      ] GC(284)   Evacuate Collection Set: 0.1ms
[2026-05-06T01:03:31.964+0100][8.250s][info][gc,phases      ] GC(284)   Post Evacuate Collection Set: 0.1ms
[2026-05-06T01:03:31.964+0100][8.250s][info][gc,phases      ] GC(284)   Other: 0.0ms
[2026-05-06T01:03:31.964+0100][8.250s][info][gc,heap        ] GC(284) Eden regions: 1->0(217)
[2026-05-06T01:03:31.964+0100][8.250s][info][gc,heap        ] GC(284) Survivor regions: 1->1(28)
[2026-05-06T01:03:31.964+0100][8.250s][info][gc,heap        ] GC(284) Old regions: 13->13
[2026-05-06T01:03:31.964+0100][8.250s][info][gc,heap        ] GC(284) Humongous regions: 134->96
[2026-05-06T01:03:31.964+0100][8.250s][info][gc,metaspace   ] GC(284) Metaspace: 19067K(19392K)->19067K(19392K) NonClass: 16831K(17024K)->16831K(17024K) Class: 2236K(2368K)->2236K(2368K)
[2026-05-06T01:03:31.964+0100][8.250s][info][gc             ] GC(284) Pause Young (Concurrent Start) (G1 Humongous Allocation) 280M->203M(728M) 0.522ms
[2026-05-06T01:03:31.964+0100][8.250s][info][gc,cpu         ] GC(284) User=0.00s Sys=0.00s Real=0.00s
[2026-05-06T01:03:31.964+0100][8.250s][info][gc             ] GC(285) Concurrent Undo Cycle
[2026-05-06T01:03:31.964+0100][8.250s][info][gc,marking     ] GC(285) Concurrent Clear Claimed Marks
[2026-05-06T01:03:31.964+0100][8.250s][info][gc,marking     ] GC(285) Concurrent Clear Claimed Marks 0.008ms
[2026-05-06T01:03:31.964+0100][8.250s][info][gc,marking     ] GC(285) Concurrent Cleanup for Next Mark
[2026-05-06T01:03:31.964+0100][8.250s][info][gc,marking     ] GC(285) Concurrent Cleanup for Next Mark 0.030ms
[2026-05-06T01:03:31.964+0100][8.250s][info][gc             ] GC(285) Concurrent Undo Cycle 0.063ms
[2026-05-06T01:03:31.981+0100][8.268s][info][gc,start       ] GC(286) Pause Young (Concurrent Start) (G1 Humongous Allocation)
[2026-05-06T01:03:31.981+0100][8.268s][info][gc,task        ] GC(286) Using 9 workers of 9 for evacuation
[2026-05-06T01:03:31.982+0100][8.268s][info][gc,phases      ] GC(286)   Pre Evacuate Collection Set: 0.1ms
[2026-05-06T01:03:31.982+0100][8.268s][info][gc,phases      ] GC(286)   Merge Heap Roots: 0.0ms
[2026-05-06T01:03:31.982+0100][8.268s][info][gc,phases      ] GC(286)   Evacuate Collection Set: 0.2ms
[2026-05-06T01:03:31.982+0100][8.268s][info][gc,phases      ] GC(286)   Post Evacuate Collection Set: 0.1ms
[2026-05-06T01:03:31.982+0100][8.268s][info][gc,phases      ] GC(286)   Other: 0.0ms
[2026-05-06T01:03:31.982+0100][8.268s][info][gc,heap        ] GC(286) Eden regions: 1->0(217)
[2026-05-06T01:03:31.982+0100][8.268s][info][gc,heap        ] GC(286) Survivor regions: 1->1(28)
[2026-05-06T01:03:31.982+0100][8.268s][info][gc,heap        ] GC(286) Old regions: 13->13
[2026-05-06T01:03:31.982+0100][8.268s][info][gc,heap        ] GC(286) Humongous regions: 134->96
[2026-05-06T01:03:31.982+0100][8.268s][info][gc,metaspace   ] GC(286) Metaspace: 19067K(19392K)->19067K(19392K) NonClass: 16831K(17024K)->16831K(17024K) Class: 2236K(2368K)->2236K(2368K)
[2026-05-06T01:03:31.982+0100][8.268s][info][gc             ] GC(286) Pause Young (Concurrent Start) (G1 Humongous Allocation) 280M->203M(728M) 0.507ms
[2026-05-06T01:03:31.982+0100][8.268s][info][gc,cpu         ] GC(286) User=0.00s Sys=0.00s Real=0.00s
[2026-05-06T01:03:31.982+0100][8.268s][info][gc             ] GC(287) Concurrent Undo Cycle
[2026-05-06T01:03:31.982+0100][8.268s][info][gc,marking     ] GC(287) Concurrent Clear Claimed Marks
[2026-05-06T01:03:31.982+0100][8.268s][info][gc,marking     ] GC(287) Concurrent Clear Claimed Marks 0.007ms
[2026-05-06T01:03:31.982+0100][8.268s][info][gc,marking     ] GC(287) Concurrent Cleanup for Next Mark
[2026-05-06T01:03:31.982+0100][8.268s][info][gc,marking     ] GC(287) Concurrent Cleanup for Next Mark 0.042ms
[2026-05-06T01:03:31.982+0100][8.268s][info][gc             ] GC(287) Concurrent Undo Cycle 0.077ms
[2026-05-06T01:03:32.001+0100][8.287s][info][gc,start       ] GC(288) Pause Young (Concurrent Start) (G1 Humongous Allocation)
[2026-05-06T01:03:32.001+0100][8.287s][info][gc,task        ] GC(288) Using 9 workers of 9 for evacuation
[2026-05-06T01:03:32.001+0100][8.288s][info][gc,phases      ] GC(288)   Pre Evacuate Collection Set: 0.1ms
[2026-05-06T01:03:32.001+0100][8.288s][info][gc,phases      ] GC(288)   Merge Heap Roots: 0.0ms
[2026-05-06T01:03:32.001+0100][8.288s][info][gc,phases      ] GC(288)   Evacuate Collection Set: 0.2ms
[2026-05-06T01:03:32.001+0100][8.288s][info][gc,phases      ] GC(288)   Post Evacuate Collection Set: 0.1ms
[2026-05-06T01:03:32.001+0100][8.288s][info][gc,phases      ] GC(288)   Other: 0.0ms
[2026-05-06T01:03:32.001+0100][8.288s][info][gc,heap        ] GC(288) Eden regions: 9->0(217)
[2026-05-06T01:03:32.001+0100][8.288s][info][gc,heap        ] GC(288) Survivor regions: 1->1(28)
[2026-05-06T01:03:32.001+0100][8.288s][info][gc,heap        ] GC(288) Old regions: 13->13
[2026-05-06T01:03:32.001+0100][8.288s][info][gc,heap        ] GC(288) Humongous regions: 134->96
[2026-05-06T01:03:32.001+0100][8.288s][info][gc,metaspace   ] GC(288) Metaspace: 19067K(19392K)->19067K(19392K) NonClass: 16831K(17024K)->16831K(17024K) Class: 2236K(2368K)->2236K(2368K)
[2026-05-06T01:03:32.001+0100][8.288s][info][gc             ] GC(288) Pause Young (Concurrent Start) (G1 Humongous Allocation) 296M->203M(728M) 0.618ms
[2026-05-06T01:03:32.002+0100][8.288s][info][gc,cpu         ] GC(288) User=0.00s Sys=0.00s Real=0.00s
[2026-05-06T01:03:32.002+0100][8.288s][info][gc             ] GC(289) Concurrent Undo Cycle
[2026-05-06T01:03:32.002+0100][8.288s][info][gc,marking     ] GC(289) Concurrent Clear Claimed Marks
[2026-05-06T01:03:32.002+0100][8.288s][info][gc,marking     ] GC(289) Concurrent Clear Claimed Marks 0.008ms
[2026-05-06T01:03:32.002+0100][8.288s][info][gc,marking     ] GC(289) Concurrent Cleanup for Next Mark
[2026-05-06T01:03:32.002+0100][8.288s][info][gc,marking     ] GC(289) Concurrent Cleanup for Next Mark 0.045ms
[2026-05-06T01:03:32.002+0100][8.288s][info][gc             ] GC(289) Concurrent Undo Cycle 0.084ms
[2026-05-06T01:03:32.021+0100][8.308s][info][gc,start       ] GC(290) Pause Young (Concurrent Start) (G1 Humongous Allocation)
[2026-05-06T01:03:32.021+0100][8.308s][info][gc,task        ] GC(290) Using 9 workers of 9 for evacuation
[2026-05-06T01:03:32.022+0100][8.308s][info][gc,phases      ] GC(290)   Pre Evacuate Collection Set: 0.1ms
[2026-05-06T01:03:32.022+0100][8.308s][info][gc,phases      ] GC(290)   Merge Heap Roots: 0.0ms
[2026-05-06T01:03:32.022+0100][8.308s][info][gc,phases      ] GC(290)   Evacuate Collection Set: 0.2ms
[2026-05-06T01:03:32.022+0100][8.308s][info][gc,phases      ] GC(290)   Post Evacuate Collection Set: 0.1ms
[2026-05-06T01:03:32.022+0100][8.308s][info][gc,phases      ] GC(290)   Other: 0.0ms
[2026-05-06T01:03:32.022+0100][8.308s][info][gc,heap        ] GC(290) Eden regions: 25->0(217)
[2026-05-06T01:03:32.022+0100][8.308s][info][gc,heap        ] GC(290) Survivor regions: 1->1(28)
[2026-05-06T01:03:32.022+0100][8.308s][info][gc,heap        ] GC(290) Old regions: 13->13
[2026-05-06T01:03:32.022+0100][8.308s][info][gc,heap        ] GC(290) Humongous regions: 134->96
[2026-05-06T01:03:32.022+0100][8.308s][info][gc,metaspace   ] GC(290) Metaspace: 19067K(19392K)->19067K(19392K) NonClass: 16831K(17024K)->16831K(17024K) Class: 2236K(2368K)->2236K(2368K)
[2026-05-06T01:03:32.022+0100][8.308s][info][gc             ] GC(290) Pause Young (Concurrent Start) (G1 Humongous Allocation) 328M->203M(728M) 0.663ms
[2026-05-06T01:03:32.022+0100][8.308s][info][gc,cpu         ] GC(290) User=0.00s Sys=0.00s Real=0.00s
[2026-05-06T01:03:32.022+0100][8.308s][info][gc             ] GC(291) Concurrent Undo Cycle
[2026-05-06T01:03:32.022+0100][8.308s][info][gc,marking     ] GC(291) Concurrent Clear Claimed Marks
[2026-05-06T01:03:32.022+0100][8.308s][info][gc,marking     ] GC(291) Concurrent Clear Claimed Marks 0.008ms
[2026-05-06T01:03:32.022+0100][8.308s][info][gc,marking     ] GC(291) Concurrent Cleanup for Next Mark
[2026-05-06T01:03:32.022+0100][8.308s][info][gc,marking     ] GC(291) Concurrent Cleanup for Next Mark 0.033ms
[2026-05-06T01:03:32.022+0100][8.308s][info][gc             ] GC(291) Concurrent Undo Cycle 0.074ms
[2026-05-06T01:03:32.027+0100][8.314s][info][gc,start       ] GC(292) Pause Full (System.gc())
[2026-05-06T01:03:32.027+0100][8.314s][info][gc,task        ] GC(292) Using 9 workers of 9 for full compaction
[2026-05-06T01:03:32.028+0100][8.314s][info][gc,phases,start] GC(292) Phase 1: Mark live objects
[2026-05-06T01:03:32.030+0100][8.317s][info][gc,phases      ] GC(292) Phase 1: Mark live objects 2.926ms
[2026-05-06T01:03:32.030+0100][8.317s][info][gc,phases,start] GC(292) Phase 2: Prepare compaction
[2026-05-06T01:03:32.031+0100][8.317s][info][gc,phases      ] GC(292) Phase 2: Prepare compaction 0.263ms
[2026-05-06T01:03:32.031+0100][8.317s][info][gc,phases,start] GC(292) Phase 3: Adjust pointers
[2026-05-06T01:03:32.033+0100][8.319s][info][gc,phases      ] GC(292) Phase 3: Adjust pointers 2.174ms
[2026-05-06T01:03:32.033+0100][8.319s][info][gc,phases,start] GC(292) Phase 4: Compact heap
[2026-05-06T01:03:32.033+0100][8.320s][info][gc,phases      ] GC(292) Phase 4: Compact heap 0.247ms
[2026-05-06T01:03:32.033+0100][8.320s][info][gc,phases,start] GC(292) Phase 5: Reset Metadata
[2026-05-06T01:03:32.034+0100][8.320s][info][gc,phases      ] GC(292) Phase 5: Reset Metadata 0.442ms
[2026-05-06T01:03:32.034+0100][8.321s][info][gc,heap        ] GC(292) Eden regions: 9->0(218)
[2026-05-06T01:03:32.034+0100][8.321s][info][gc,heap        ] GC(292) Survivor regions: 1->0(28)
[2026-05-06T01:03:32.034+0100][8.321s][info][gc,heap        ] GC(292) Old regions: 13->13
[2026-05-06T01:03:32.034+0100][8.321s][info][gc,heap        ] GC(292) Humongous regions: 115->96
[2026-05-06T01:03:32.034+0100][8.321s][info][gc,metaspace   ] GC(292) Metaspace: 19067K(19392K)->19067K(19392K) NonClass: 16831K(17024K)->16831K(17024K) Class: 2236K(2368K)->2236K(2368K)
[2026-05-06T01:03:32.034+0100][8.321s][info][gc             ] GC(292) Pause Full (System.gc()) 258M->203M(728M) 6.949ms
[2026-05-06T01:03:32.034+0100][8.321s][info][gc,cpu         ] GC(292) User=0.02s Sys=0.00s Real=0.01s
[2026-05-06T01:03:32.057+0100][8.344s][info][gc,start       ] GC(293) Pause Young (Concurrent Start) (G1 Humongous Allocation)
[2026-05-06T01:03:32.057+0100][8.344s][info][gc,task        ] GC(293) Using 9 workers of 9 for evacuation
[2026-05-06T01:03:32.058+0100][8.344s][info][gc,phases      ] GC(293)   Pre Evacuate Collection Set: 0.1ms
[2026-05-06T01:03:32.058+0100][8.344s][info][gc,phases      ] GC(293)   Merge Heap Roots: 0.0ms
[2026-05-06T01:03:32.058+0100][8.344s][info][gc,phases      ] GC(293)   Evacuate Collection Set: 0.2ms
[2026-05-06T01:03:32.058+0100][8.344s][info][gc,phases      ] GC(293)   Post Evacuate Collection Set: 0.1ms
[2026-05-06T01:03:32.058+0100][8.344s][info][gc,phases      ] GC(293)   Other: 0.0ms
[2026-05-06T01:03:32.058+0100][8.344s][info][gc,heap        ] GC(293) Eden regions: 25->0(217)
[2026-05-06T01:03:32.058+0100][8.344s][info][gc,heap        ] GC(293) Survivor regions: 0->1(28)
[2026-05-06T01:03:32.058+0100][8.344s][info][gc,heap        ] GC(293) Old regions: 13->13
[2026-05-06T01:03:32.058+0100][8.344s][info][gc,heap        ] GC(293) Humongous regions: 134->96
[2026-05-06T01:03:32.058+0100][8.344s][info][gc,metaspace   ] GC(293) Metaspace: 19067K(19392K)->19067K(19392K) NonClass: 16831K(17024K)->16831K(17024K) Class: 2236K(2368K)->2236K(2368K)
[2026-05-06T01:03:32.058+0100][8.344s][info][gc             ] GC(293) Pause Young (Concurrent Start) (G1 Humongous Allocation) 328M->203M(728M) 0.562ms
[2026-05-06T01:03:32.058+0100][8.344s][info][gc,cpu         ] GC(293) User=0.00s Sys=0.00s Real=0.00s
[2026-05-06T01:03:32.058+0100][8.344s][info][gc             ] GC(294) Concurrent Undo Cycle
[2026-05-06T01:03:32.058+0100][8.344s][info][gc,marking     ] GC(294) Concurrent Clear Claimed Marks
[2026-05-06T01:03:32.058+0100][8.344s][info][gc,marking     ] GC(294) Concurrent Clear Claimed Marks 0.008ms
[2026-05-06T01:03:32.058+0100][8.344s][info][gc,marking     ] GC(294) Concurrent Cleanup for Next Mark
[2026-05-06T01:03:32.058+0100][8.344s][info][gc,marking     ] GC(294) Concurrent Cleanup for Next Mark 0.037ms
[2026-05-06T01:03:32.058+0100][8.344s][info][gc             ] GC(294) Concurrent Undo Cycle 0.075ms
[2026-05-06T01:03:32.074+0100][8.361s][info][gc,start       ] GC(295) Pause Young (Concurrent Start) (G1 Humongous Allocation)
[2026-05-06T01:03:32.074+0100][8.361s][info][gc,task        ] GC(295) Using 9 workers of 9 for evacuation
[2026-05-06T01:03:32.075+0100][8.361s][info][gc,phases      ] GC(295)   Pre Evacuate Collection Set: 0.1ms
[2026-05-06T01:03:32.075+0100][8.361s][info][gc,phases      ] GC(295)   Merge Heap Roots: 0.0ms
[2026-05-06T01:03:32.075+0100][8.361s][info][gc,phases      ] GC(295)   Evacuate Collection Set: 0.2ms
[2026-05-06T01:03:32.075+0100][8.361s][info][gc,phases      ] GC(295)   Post Evacuate Collection Set: 0.1ms
[2026-05-06T01:03:32.075+0100][8.361s][info][gc,phases      ] GC(295)   Other: 0.0ms
[2026-05-06T01:03:32.075+0100][8.361s][info][gc,heap        ] GC(295) Eden regions: 17->0(217)
[2026-05-06T01:03:32.075+0100][8.361s][info][gc,heap        ] GC(295) Survivor regions: 1->1(28)
[2026-05-06T01:03:32.075+0100][8.361s][info][gc,heap        ] GC(295) Old regions: 13->13
[2026-05-06T01:03:32.075+0100][8.361s][info][gc,heap        ] GC(295) Humongous regions: 134->96
[2026-05-06T01:03:32.075+0100][8.361s][info][gc,metaspace   ] GC(295) Metaspace: 19067K(19392K)->19067K(19392K) NonClass: 16831K(17024K)->16831K(17024K) Class: 2236K(2368K)->2236K(2368K)
[2026-05-06T01:03:32.075+0100][8.361s][info][gc             ] GC(295) Pause Young (Concurrent Start) (G1 Humongous Allocation) 311M->203M(728M) 0.583ms
[2026-05-06T01:03:32.075+0100][8.361s][info][gc,cpu         ] GC(295) User=0.00s Sys=0.01s Real=0.00s
[2026-05-06T01:03:32.075+0100][8.361s][info][gc             ] GC(296) Concurrent Undo Cycle
[2026-05-06T01:03:32.075+0100][8.361s][info][gc,marking     ] GC(296) Concurrent Clear Claimed Marks
[2026-05-06T01:03:32.075+0100][8.361s][info][gc,marking     ] GC(296) Concurrent Clear Claimed Marks 0.007ms
[2026-05-06T01:03:32.075+0100][8.361s][info][gc,marking     ] GC(296) Concurrent Cleanup for Next Mark
[2026-05-06T01:03:32.075+0100][8.361s][info][gc,marking     ] GC(296) Concurrent Cleanup for Next Mark 0.042ms
[2026-05-06T01:03:32.075+0100][8.361s][info][gc             ] GC(296) Concurrent Undo Cycle 0.077ms
[2026-05-06T01:03:32.091+0100][8.378s][info][gc,start       ] GC(297) Pause Young (Concurrent Start) (G1 Humongous Allocation)
[2026-05-06T01:03:32.091+0100][8.378s][info][gc,task        ] GC(297) Using 9 workers of 9 for evacuation
[2026-05-06T01:03:32.092+0100][8.378s][info][gc,phases      ] GC(297)   Pre Evacuate Collection Set: 0.1ms
[2026-05-06T01:03:32.092+0100][8.378s][info][gc,phases      ] GC(297)   Merge Heap Roots: 0.0ms
[2026-05-06T01:03:32.092+0100][8.378s][info][gc,phases      ] GC(297)   Evacuate Collection Set: 0.2ms
[2026-05-06T01:03:32.092+0100][8.378s][info][gc,phases      ] GC(297)   Post Evacuate Collection Set: 0.4ms
[2026-05-06T01:03:32.092+0100][8.378s][info][gc,phases      ] GC(297)   Other: 0.0ms
[2026-05-06T01:03:32.092+0100][8.378s][info][gc,heap        ] GC(297) Eden regions: 17->0(500)
[2026-05-06T01:03:32.092+0100][8.378s][info][gc,heap        ] GC(297) Survivor regions: 1->1(28)
[2026-05-06T01:03:32.092+0100][8.378s][info][gc,heap        ] GC(297) Old regions: 13->13
[2026-05-06T01:03:32.092+0100][8.378s][info][gc,heap        ] GC(297) Humongous regions: 134->96
[2026-05-06T01:03:32.092+0100][8.378s][info][gc,metaspace   ] GC(297) Metaspace: 19067K(19392K)->19067K(19392K) NonClass: 16831K(17024K)->16831K(17024K) Class: 2236K(2368K)->2236K(2368K)
[2026-05-06T01:03:32.092+0100][8.378s][info][gc             ] GC(297) Pause Young (Concurrent Start) (G1 Humongous Allocation) 311M->203M(1670M) 0.833ms
[2026-05-06T01:03:32.092+0100][8.378s][info][gc,cpu         ] GC(297) User=0.00s Sys=0.00s Real=0.00s
[2026-05-06T01:03:32.092+0100][8.378s][info][gc             ] GC(298) Concurrent Undo Cycle
[2026-05-06T01:03:32.092+0100][8.378s][info][gc,marking     ] GC(298) Concurrent Clear Claimed Marks
[2026-05-06T01:03:32.092+0100][8.378s][info][gc,marking     ] GC(298) Concurrent Clear Claimed Marks 0.007ms
[2026-05-06T01:03:32.092+0100][8.378s][info][gc,marking     ] GC(298) Concurrent Cleanup for Next Mark
[2026-05-06T01:03:32.092+0100][8.379s][info][gc,marking     ] GC(298) Concurrent Cleanup for Next Mark 0.050ms
[2026-05-06T01:03:32.092+0100][8.379s][info][gc             ] GC(298) Concurrent Undo Cycle 0.083ms
[2026-05-06T01:03:32.152+0100][8.439s][info][gc,start       ] GC(299) Pause Full (System.gc())
[2026-05-06T01:03:32.152+0100][8.439s][info][gc,task        ] GC(299) Using 9 workers of 9 for full compaction
[2026-05-06T01:03:32.152+0100][8.439s][info][gc,phases,start] GC(299) Phase 1: Mark live objects
[2026-05-06T01:03:32.155+0100][8.441s][info][gc,phases      ] GC(299) Phase 1: Mark live objects 2.305ms
[2026-05-06T01:03:32.155+0100][8.441s][info][gc,phases,start] GC(299) Phase 2: Prepare compaction
[2026-05-06T01:03:32.155+0100][8.441s][info][gc,phases      ] GC(299) Phase 2: Prepare compaction 0.294ms
[2026-05-06T01:03:32.155+0100][8.441s][info][gc,phases,start] GC(299) Phase 3: Adjust pointers
[2026-05-06T01:03:32.157+0100][8.443s][info][gc,phases      ] GC(299) Phase 3: Adjust pointers 1.653ms
[2026-05-06T01:03:32.157+0100][8.443s][info][gc,phases,start] GC(299) Phase 4: Compact heap
[2026-05-06T01:03:32.157+0100][8.443s][info][gc,phases      ] GC(299) Phase 4: Compact heap 0.229ms
[2026-05-06T01:03:32.157+0100][8.443s][info][gc,phases,start] GC(299) Phase 5: Reset Metadata
[2026-05-06T01:03:32.157+0100][8.444s][info][gc,phases      ] GC(299) Phase 5: Reset Metadata 0.395ms
[2026-05-06T01:03:32.159+0100][8.445s][info][gc,heap        ] GC(299) Eden regions: 54->0(218)
[2026-05-06T01:03:32.159+0100][8.445s][info][gc,heap        ] GC(299) Survivor regions: 1->0(28)
[2026-05-06T01:03:32.159+0100][8.445s][info][gc,heap        ] GC(299) Old regions: 13->13
[2026-05-06T01:03:32.159+0100][8.445s][info][gc,heap        ] GC(299) Humongous regions: 229->96
[2026-05-06T01:03:32.159+0100][8.445s][info][gc,metaspace   ] GC(299) Metaspace: 19068K(19392K)->19068K(19392K) NonClass: 16831K(17024K)->16831K(17024K) Class: 2236K(2368K)->2236K(2368K)
[2026-05-06T01:03:32.159+0100][8.445s][info][gc             ] GC(299) Pause Full (System.gc()) 576M->203M(728M) 6.468ms
[2026-05-06T01:03:32.159+0100][8.445s][info][gc,cpu         ] GC(299) User=0.02s Sys=0.01s Real=0.00s
[2026-05-06T01:03:32.176+0100][8.462s][info][gc,start       ] GC(300) Pause Young (Concurrent Start) (G1 Humongous Allocation)
[2026-05-06T01:03:32.176+0100][8.462s][info][gc,task        ] GC(300) Using 9 workers of 9 for evacuation
[2026-05-06T01:03:32.176+0100][8.463s][info][gc,phases      ] GC(300)   Pre Evacuate Collection Set: 0.1ms
[2026-05-06T01:03:32.176+0100][8.463s][info][gc,phases      ] GC(300)   Merge Heap Roots: 0.0ms
[2026-05-06T01:03:32.176+0100][8.463s][info][gc,phases      ] GC(300)   Evacuate Collection Set: 0.2ms
[2026-05-06T01:03:32.176+0100][8.463s][info][gc,phases      ] GC(300)   Post Evacuate Collection Set: 0.1ms
[2026-05-06T01:03:32.176+0100][8.463s][info][gc,phases      ] GC(300)   Other: 0.0ms
[2026-05-06T01:03:32.176+0100][8.463s][info][gc,heap        ] GC(300) Eden regions: 21->0(217)
[2026-05-06T01:03:32.176+0100][8.463s][info][gc,heap        ] GC(300) Survivor regions: 0->1(28)
[2026-05-06T01:03:32.176+0100][8.463s][info][gc,heap        ] GC(300) Old regions: 13->13
[2026-05-06T01:03:32.176+0100][8.463s][info][gc,heap        ] GC(300) Humongous regions: 134->96
[2026-05-06T01:03:32.176+0100][8.463s][info][gc,metaspace   ] GC(300) Metaspace: 19069K(19392K)->19069K(19392K) NonClass: 16832K(17024K)->16832K(17024K) Class: 2236K(2368K)->2236K(2368K)
[2026-05-06T01:03:32.176+0100][8.463s][info][gc             ] GC(300) Pause Young (Concurrent Start) (G1 Humongous Allocation) 320M->203M(728M) 0.525ms
[2026-05-06T01:03:32.176+0100][8.463s][info][gc,cpu         ] GC(300) User=0.00s Sys=0.00s Real=0.00s
[2026-05-06T01:03:32.176+0100][8.463s][info][gc             ] GC(301) Concurrent Undo Cycle
[2026-05-06T01:03:32.176+0100][8.463s][info][gc,marking     ] GC(301) Concurrent Clear Claimed Marks
[2026-05-06T01:03:32.176+0100][8.463s][info][gc,marking     ] GC(301) Concurrent Clear Claimed Marks 0.008ms
[2026-05-06T01:03:32.176+0100][8.463s][info][gc,marking     ] GC(301) Concurrent Cleanup for Next Mark
[2026-05-06T01:03:32.176+0100][8.463s][info][gc,marking     ] GC(301) Concurrent Cleanup for Next Mark 0.043ms
[2026-05-06T01:03:32.176+0100][8.463s][info][gc             ] GC(301) Concurrent Undo Cycle 0.081ms
[2026-05-06T01:03:32.191+0100][8.477s][info][gc,start       ] GC(302) Pause Young (Concurrent Start) (G1 Humongous Allocation)
[2026-05-06T01:03:32.191+0100][8.477s][info][gc,task        ] GC(302) Using 9 workers of 9 for evacuation
[2026-05-06T01:03:32.191+0100][8.478s][info][gc,phases      ] GC(302)   Pre Evacuate Collection Set: 0.1ms
[2026-05-06T01:03:32.191+0100][8.478s][info][gc,phases      ] GC(302)   Merge Heap Roots: 0.0ms
[2026-05-06T01:03:32.191+0100][8.478s][info][gc,phases      ] GC(302)   Evacuate Collection Set: 0.2ms
[2026-05-06T01:03:32.191+0100][8.478s][info][gc,phases      ] GC(302)   Post Evacuate Collection Set: 0.1ms
[2026-05-06T01:03:32.191+0100][8.478s][info][gc,phases      ] GC(302)   Other: 0.0ms
[2026-05-06T01:03:32.191+0100][8.478s][info][gc,heap        ] GC(302) Eden regions: 13->0(217)
[2026-05-06T01:03:32.191+0100][8.478s][info][gc,heap        ] GC(302) Survivor regions: 1->1(28)
[2026-05-06T01:03:32.191+0100][8.478s][info][gc,heap        ] GC(302) Old regions: 13->13
[2026-05-06T01:03:32.191+0100][8.478s][info][gc,heap        ] GC(302) Humongous regions: 134->96
[2026-05-06T01:03:32.191+0100][8.478s][info][gc,metaspace   ] GC(302) Metaspace: 19069K(19392K)->19069K(19392K) NonClass: 16832K(17024K)->16832K(17024K) Class: 2236K(2368K)->2236K(2368K)
[2026-05-06T01:03:32.191+0100][8.478s][info][gc             ] GC(302) Pause Young (Concurrent Start) (G1 Humongous Allocation) 304M->203M(728M) 0.511ms
[2026-05-06T01:03:32.191+0100][8.478s][info][gc,cpu         ] GC(302) User=0.00s Sys=0.00s Real=0.00s
[2026-05-06T01:03:32.191+0100][8.478s][info][gc             ] GC(303) Concurrent Undo Cycle
[2026-05-06T01:03:32.191+0100][8.478s][info][gc,marking     ] GC(303) Concurrent Clear Claimed Marks
[2026-05-06T01:03:32.191+0100][8.478s][info][gc,marking     ] GC(303) Concurrent Clear Claimed Marks 0.006ms
[2026-05-06T01:03:32.191+0100][8.478s][info][gc,marking     ] GC(303) Concurrent Cleanup for Next Mark
[2026-05-06T01:03:32.191+0100][8.478s][info][gc,marking     ] GC(303) Concurrent Cleanup for Next Mark 0.034ms
[2026-05-06T01:03:32.191+0100][8.478s][info][gc             ] GC(303) Concurrent Undo Cycle 0.063ms
[2026-05-06T01:03:32.205+0100][8.491s][info][gc,start       ] GC(304) Pause Young (Concurrent Start) (G1 Humongous Allocation)
[2026-05-06T01:03:32.205+0100][8.491s][info][gc,task        ] GC(304) Using 9 workers of 9 for evacuation
[2026-05-06T01:03:32.205+0100][8.492s][info][gc,phases      ] GC(304)   Pre Evacuate Collection Set: 0.1ms
[2026-05-06T01:03:32.206+0100][8.492s][info][gc,phases      ] GC(304)   Merge Heap Roots: 0.0ms
[2026-05-06T01:03:32.206+0100][8.492s][info][gc,phases      ] GC(304)   Evacuate Collection Set: 0.2ms
[2026-05-06T01:03:32.206+0100][8.492s][info][gc,phases      ] GC(304)   Post Evacuate Collection Set: 0.1ms
[2026-05-06T01:03:32.206+0100][8.492s][info][gc,phases      ] GC(304)   Other: 0.0ms
[2026-05-06T01:03:32.206+0100][8.492s][info][gc,heap        ] GC(304) Eden regions: 13->0(217)
[2026-05-06T01:03:32.206+0100][8.492s][info][gc,heap        ] GC(304) Survivor regions: 1->1(28)
[2026-05-06T01:03:32.206+0100][8.492s][info][gc,heap        ] GC(304) Old regions: 13->13
[2026-05-06T01:03:32.206+0100][8.492s][info][gc,heap        ] GC(304) Humongous regions: 134->96
[2026-05-06T01:03:32.206+0100][8.492s][info][gc,metaspace   ] GC(304) Metaspace: 19069K(19392K)->19069K(19392K) NonClass: 16832K(17024K)->16832K(17024K) Class: 2236K(2368K)->2236K(2368K)
[2026-05-06T01:03:32.206+0100][8.492s][info][gc             ] GC(304) Pause Young (Concurrent Start) (G1 Humongous Allocation) 304M->203M(728M) 0.495ms
[2026-05-06T01:03:32.206+0100][8.492s][info][gc,cpu         ] GC(304) User=0.01s Sys=0.00s Real=0.00s
[2026-05-06T01:03:32.206+0100][8.492s][info][gc             ] GC(305) Concurrent Undo Cycle
[2026-05-06T01:03:32.206+0100][8.492s][info][gc,marking     ] GC(305) Concurrent Clear Claimed Marks
[2026-05-06T01:03:32.206+0100][8.492s][info][gc,marking     ] GC(305) Concurrent Clear Claimed Marks 0.005ms
[2026-05-06T01:03:32.206+0100][8.492s][info][gc,marking     ] GC(305) Concurrent Cleanup for Next Mark
[2026-05-06T01:03:32.206+0100][8.492s][info][gc,marking     ] GC(305) Concurrent Cleanup for Next Mark 0.034ms
[2026-05-06T01:03:32.206+0100][8.492s][info][gc             ] GC(305) Concurrent Undo Cycle 0.064ms
[2026-05-06T01:03:32.223+0100][8.509s][info][gc,start       ] GC(306) Pause Young (Concurrent Start) (G1 Humongous Allocation)
[2026-05-06T01:03:32.223+0100][8.509s][info][gc,task        ] GC(306) Using 9 workers of 9 for evacuation
[2026-05-06T01:03:32.223+0100][8.510s][info][gc,phases      ] GC(306)   Pre Evacuate Collection Set: 0.1ms
[2026-05-06T01:03:32.223+0100][8.510s][info][gc,phases      ] GC(306)   Merge Heap Roots: 0.0ms
[2026-05-06T01:03:32.223+0100][8.510s][info][gc,phases      ] GC(306)   Evacuate Collection Set: 0.2ms
[2026-05-06T01:03:32.223+0100][8.510s][info][gc,phases      ] GC(306)   Post Evacuate Collection Set: 0.2ms
[2026-05-06T01:03:32.223+0100][8.510s][info][gc,phases      ] GC(306)   Other: 0.0ms
[2026-05-06T01:03:32.223+0100][8.510s][info][gc,heap        ] GC(306) Eden regions: 13->0(217)
[2026-05-06T01:03:32.223+0100][8.510s][info][gc,heap        ] GC(306) Survivor regions: 1->1(28)
[2026-05-06T01:03:32.223+0100][8.510s][info][gc,heap        ] GC(306) Old regions: 13->13
[2026-05-06T01:03:32.223+0100][8.510s][info][gc,heap        ] GC(306) Humongous regions: 134->96
[2026-05-06T01:03:32.223+0100][8.510s][info][gc,metaspace   ] GC(306) Metaspace: 19069K(19392K)->19069K(19392K) NonClass: 16832K(17024K)->16832K(17024K) Class: 2236K(2368K)->2236K(2368K)
[2026-05-06T01:03:32.223+0100][8.510s][info][gc             ] GC(306) Pause Young (Concurrent Start) (G1 Humongous Allocation) 304M->203M(728M) 0.627ms
[2026-05-06T01:03:32.223+0100][8.510s][info][gc,cpu         ] GC(306) User=0.00s Sys=0.00s Real=0.00s
[2026-05-06T01:03:32.223+0100][8.510s][info][gc             ] GC(307) Concurrent Undo Cycle
[2026-05-06T01:03:32.223+0100][8.510s][info][gc,marking     ] GC(307) Concurrent Clear Claimed Marks
[2026-05-06T01:03:32.223+0100][8.510s][info][gc,marking     ] GC(307) Concurrent Clear Claimed Marks 0.007ms
[2026-05-06T01:03:32.223+0100][8.510s][info][gc,marking     ] GC(307) Concurrent Cleanup for Next Mark
[2026-05-06T01:03:32.223+0100][8.510s][info][gc,marking     ] GC(307) Concurrent Cleanup for Next Mark 0.032ms
[2026-05-06T01:03:32.223+0100][8.510s][info][gc             ] GC(307) Concurrent Undo Cycle 0.072ms
[2026-05-06T01:03:32.240+0100][8.526s][info][gc,start       ] GC(308) Pause Young (Concurrent Start) (G1 Humongous Allocation)
[2026-05-06T01:03:32.240+0100][8.526s][info][gc,task        ] GC(308) Using 9 workers of 9 for evacuation
[2026-05-06T01:03:32.240+0100][8.527s][info][gc,phases      ] GC(308)   Pre Evacuate Collection Set: 0.1ms
[2026-05-06T01:03:32.240+0100][8.527s][info][gc,phases      ] GC(308)   Merge Heap Roots: 0.0ms
[2026-05-06T01:03:32.240+0100][8.527s][info][gc,phases      ] GC(308)   Evacuate Collection Set: 0.2ms
[2026-05-06T01:03:32.240+0100][8.527s][info][gc,phases      ] GC(308)   Post Evacuate Collection Set: 0.2ms
[2026-05-06T01:03:32.240+0100][8.527s][info][gc,phases      ] GC(308)   Other: 0.0ms
[2026-05-06T01:03:32.240+0100][8.527s][info][gc,heap        ] GC(308) Eden regions: 12->0(265)
[2026-05-06T01:03:32.240+0100][8.527s][info][gc,heap        ] GC(308) Survivor regions: 1->1(28)
[2026-05-06T01:03:32.240+0100][8.527s][info][gc,heap        ] GC(308) Old regions: 13->13
[2026-05-06T01:03:32.240+0100][8.527s][info][gc,heap        ] GC(308) Humongous regions: 134->96
[2026-05-06T01:03:32.240+0100][8.527s][info][gc,metaspace   ] GC(308) Metaspace: 19069K(19392K)->19069K(19392K) NonClass: 16832K(17024K)->16832K(17024K) Class: 2236K(2368K)->2236K(2368K)
[2026-05-06T01:03:32.240+0100][8.527s][info][gc             ] GC(308) Pause Young (Concurrent Start) (G1 Humongous Allocation) 302M->203M(888M) 0.623ms
[2026-05-06T01:03:32.240+0100][8.527s][info][gc,cpu         ] GC(308) User=0.01s Sys=0.00s Real=0.00s
[2026-05-06T01:03:32.240+0100][8.527s][info][gc             ] GC(309) Concurrent Undo Cycle
[2026-05-06T01:03:32.240+0100][8.527s][info][gc,marking     ] GC(309) Concurrent Clear Claimed Marks
[2026-05-06T01:03:32.240+0100][8.527s][info][gc,marking     ] GC(309) Concurrent Clear Claimed Marks 0.009ms
[2026-05-06T01:03:32.240+0100][8.527s][info][gc,marking     ] GC(309) Concurrent Cleanup for Next Mark
[2026-05-06T01:03:32.240+0100][8.527s][info][gc,marking     ] GC(309) Concurrent Cleanup for Next Mark 0.048ms
[2026-05-06T01:03:32.240+0100][8.527s][info][gc             ] GC(309) Concurrent Undo Cycle 0.093ms
[2026-05-06T01:03:32.260+0100][8.546s][info][gc,start       ] GC(310) Pause Full (System.gc())
[2026-05-06T01:03:32.260+0100][8.546s][info][gc,task        ] GC(310) Using 9 workers of 9 for full compaction
[2026-05-06T01:03:32.260+0100][8.546s][info][gc,phases,start] GC(310) Phase 1: Mark live objects
[2026-05-06T01:03:32.262+0100][8.549s][info][gc,phases      ] GC(310) Phase 1: Mark live objects 2.519ms
[2026-05-06T01:03:32.262+0100][8.549s][info][gc,phases,start] GC(310) Phase 2: Prepare compaction
[2026-05-06T01:03:32.263+0100][8.549s][info][gc,phases      ] GC(310) Phase 2: Prepare compaction 0.259ms
[2026-05-06T01:03:32.263+0100][8.549s][info][gc,phases,start] GC(310) Phase 3: Adjust pointers
[2026-05-06T01:03:32.265+0100][8.551s][info][gc,phases      ] GC(310) Phase 3: Adjust pointers 2.009ms
[2026-05-06T01:03:32.265+0100][8.551s][info][gc,phases,start] GC(310) Phase 4: Compact heap
[2026-05-06T01:03:32.265+0100][8.551s][info][gc,phases      ] GC(310) Phase 4: Compact heap 0.230ms
[2026-05-06T01:03:32.265+0100][8.551s][info][gc,phases,start] GC(310) Phase 5: Reset Metadata
[2026-05-06T01:03:32.265+0100][8.552s][info][gc,phases      ] GC(310) Phase 5: Reset Metadata 0.373ms
[2026-05-06T01:03:32.266+0100][8.552s][info][gc,heap        ] GC(310) Eden regions: 4->0(218)
[2026-05-06T01:03:32.266+0100][8.552s][info][gc,heap        ] GC(310) Survivor regions: 1->0(28)
[2026-05-06T01:03:32.266+0100][8.552s][info][gc,heap        ] GC(310) Old regions: 13->13
[2026-05-06T01:03:32.266+0100][8.552s][info][gc,heap        ] GC(310) Humongous regions: 153->96
[2026-05-06T01:03:32.266+0100][8.552s][info][gc,metaspace   ] GC(310) Metaspace: 19069K(19392K)->19069K(19392K) NonClass: 16832K(17024K)->16832K(17024K) Class: 2236K(2368K)->2236K(2368K)
[2026-05-06T01:03:32.266+0100][8.553s][info][gc             ] GC(310) Pause Full (System.gc()) 325M->203M(728M) 6.241ms
[2026-05-06T01:03:32.266+0100][8.553s][info][gc,cpu         ] GC(310) User=0.03s Sys=0.00s Real=0.00s
[2026-05-06T01:03:32.284+0100][8.570s][info][gc,start       ] GC(311) Pause Young (Concurrent Start) (G1 Humongous Allocation)
[2026-05-06T01:03:32.284+0100][8.570s][info][gc,task        ] GC(311) Using 9 workers of 9 for evacuation
[2026-05-06T01:03:32.284+0100][8.570s][info][gc,phases      ] GC(311)   Pre Evacuate Collection Set: 0.1ms
[2026-05-06T01:03:32.284+0100][8.570s][info][gc,phases      ] GC(311)   Merge Heap Roots: 0.0ms
[2026-05-06T01:03:32.284+0100][8.570s][info][gc,phases      ] GC(311)   Evacuate Collection Set: 0.2ms
[2026-05-06T01:03:32.284+0100][8.570s][info][gc,phases      ] GC(311)   Post Evacuate Collection Set: 0.1ms
[2026-05-06T01:03:32.284+0100][8.570s][info][gc,phases      ] GC(311)   Other: 0.0ms
[2026-05-06T01:03:32.284+0100][8.570s][info][gc,heap        ] GC(311) Eden regions: 6->0(217)
[2026-05-06T01:03:32.284+0100][8.570s][info][gc,heap        ] GC(311) Survivor regions: 0->1(28)
[2026-05-06T01:03:32.284+0100][8.570s][info][gc,heap        ] GC(311) Old regions: 13->13
[2026-05-06T01:03:32.284+0100][8.570s][info][gc,heap        ] GC(311) Humongous regions: 134->96
[2026-05-06T01:03:32.284+0100][8.570s][info][gc,metaspace   ] GC(311) Metaspace: 19071K(19392K)->19071K(19392K) NonClass: 16835K(17024K)->16835K(17024K) Class: 2236K(2368K)->2236K(2368K)
[2026-05-06T01:03:32.284+0100][8.570s][info][gc             ] GC(311) Pause Young (Concurrent Start) (G1 Humongous Allocation) 290M->203M(728M) 0.518ms
[2026-05-06T01:03:32.284+0100][8.570s][info][gc,cpu         ] GC(311) User=0.00s Sys=0.00s Real=0.00s
[2026-05-06T01:03:32.284+0100][8.570s][info][gc             ] GC(312) Concurrent Undo Cycle
[2026-05-06T01:03:32.284+0100][8.570s][info][gc,marking     ] GC(312) Concurrent Clear Claimed Marks
[2026-05-06T01:03:32.284+0100][8.570s][info][gc,marking     ] GC(312) Concurrent Clear Claimed Marks 0.009ms
[2026-05-06T01:03:32.284+0100][8.570s][info][gc,marking     ] GC(312) Concurrent Cleanup for Next Mark
[2026-05-06T01:03:32.284+0100][8.571s][info][gc,marking     ] GC(312) Concurrent Cleanup for Next Mark 0.033ms
[2026-05-06T01:03:32.284+0100][8.571s][info][gc             ] GC(312) Concurrent Undo Cycle 0.085ms
[2026-05-06T01:03:32.298+0100][8.584s][info][gc,start       ] GC(313) Pause Young (Concurrent Start) (G1 Humongous Allocation)
[2026-05-06T01:03:32.298+0100][8.584s][info][gc,task        ] GC(313) Using 9 workers of 9 for evacuation
[2026-05-06T01:03:32.298+0100][8.585s][info][gc,phases      ] GC(313)   Pre Evacuate Collection Set: 0.1ms
[2026-05-06T01:03:32.298+0100][8.585s][info][gc,phases      ] GC(313)   Merge Heap Roots: 0.0ms
[2026-05-06T01:03:32.298+0100][8.585s][info][gc,phases      ] GC(313)   Evacuate Collection Set: 0.2ms
[2026-05-06T01:03:32.298+0100][8.585s][info][gc,phases      ] GC(313)   Post Evacuate Collection Set: 0.1ms
[2026-05-06T01:03:32.298+0100][8.585s][info][gc,phases      ] GC(313)   Other: 0.0ms
[2026-05-06T01:03:32.298+0100][8.585s][info][gc,heap        ] GC(313) Eden regions: 4->0(217)
[2026-05-06T01:03:32.298+0100][8.585s][info][gc,heap        ] GC(313) Survivor regions: 1->1(28)
[2026-05-06T01:03:32.298+0100][8.585s][info][gc,heap        ] GC(313) Old regions: 13->13
[2026-05-06T01:03:32.298+0100][8.585s][info][gc,heap        ] GC(313) Humongous regions: 134->96
[2026-05-06T01:03:32.298+0100][8.585s][info][gc,metaspace   ] GC(313) Metaspace: 19072K(19392K)->19072K(19392K) NonClass: 16835K(17024K)->16835K(17024K) Class: 2236K(2368K)->2236K(2368K)
[2026-05-06T01:03:32.298+0100][8.585s][info][gc             ] GC(313) Pause Young (Concurrent Start) (G1 Humongous Allocation) 287M->203M(728M) 0.520ms
[2026-05-06T01:03:32.298+0100][8.585s][info][gc,cpu         ] GC(313) User=0.00s Sys=0.00s Real=0.00s
[2026-05-06T01:03:32.298+0100][8.585s][info][gc             ] GC(314) Concurrent Undo Cycle
[2026-05-06T01:03:32.298+0100][8.585s][info][gc,marking     ] GC(314) Concurrent Clear Claimed Marks
[2026-05-06T01:03:32.298+0100][8.585s][info][gc,marking     ] GC(314) Concurrent Clear Claimed Marks 0.007ms
[2026-05-06T01:03:32.298+0100][8.585s][info][gc,marking     ] GC(314) Concurrent Cleanup for Next Mark
[2026-05-06T01:03:32.298+0100][8.585s][info][gc,marking     ] GC(314) Concurrent Cleanup for Next Mark 0.031ms
[2026-05-06T01:03:32.298+0100][8.585s][info][gc             ] GC(314) Concurrent Undo Cycle 0.067ms
[2026-05-06T01:03:32.312+0100][8.599s][info][gc,start       ] GC(315) Pause Young (Concurrent Start) (G1 Humongous Allocation)
[2026-05-06T01:03:32.312+0100][8.599s][info][gc,task        ] GC(315) Using 9 workers of 9 for evacuation
[2026-05-06T01:03:32.313+0100][8.599s][info][gc,phases      ] GC(315)   Pre Evacuate Collection Set: 0.1ms
[2026-05-06T01:03:32.313+0100][8.599s][info][gc,phases      ] GC(315)   Merge Heap Roots: 0.0ms
[2026-05-06T01:03:32.313+0100][8.599s][info][gc,phases      ] GC(315)   Evacuate Collection Set: 0.2ms
[2026-05-06T01:03:32.313+0100][8.599s][info][gc,phases      ] GC(315)   Post Evacuate Collection Set: 0.1ms
[2026-05-06T01:03:32.313+0100][8.599s][info][gc,phases      ] GC(315)   Other: 0.0ms
[2026-05-06T01:03:32.313+0100][8.599s][info][gc,heap        ] GC(315) Eden regions: 5->0(217)
[2026-05-06T01:03:32.313+0100][8.599s][info][gc,heap        ] GC(315) Survivor regions: 1->1(28)
[2026-05-06T01:03:32.313+0100][8.599s][info][gc,heap        ] GC(315) Old regions: 13->13
[2026-05-06T01:03:32.313+0100][8.599s][info][gc,heap        ] GC(315) Humongous regions: 134->96
[2026-05-06T01:03:32.313+0100][8.599s][info][gc,metaspace   ] GC(315) Metaspace: 19072K(19392K)->19072K(19392K) NonClass: 16835K(17024K)->16835K(17024K) Class: 2236K(2368K)->2236K(2368K)
[2026-05-06T01:03:32.313+0100][8.599s][info][gc             ] GC(315) Pause Young (Concurrent Start) (G1 Humongous Allocation) 288M->203M(728M) 0.567ms
[2026-05-06T01:03:32.313+0100][8.599s][info][gc,cpu         ] GC(315) User=0.00s Sys=0.01s Real=0.00s
[2026-05-06T01:03:32.313+0100][8.599s][info][gc             ] GC(316) Concurrent Undo Cycle
[2026-05-06T01:03:32.313+0100][8.599s][info][gc,marking     ] GC(316) Concurrent Clear Claimed Marks
[2026-05-06T01:03:32.313+0100][8.599s][info][gc,marking     ] GC(316) Concurrent Clear Claimed Marks 0.007ms
[2026-05-06T01:03:32.313+0100][8.599s][info][gc,marking     ] GC(316) Concurrent Cleanup for Next Mark
[2026-05-06T01:03:32.313+0100][8.599s][info][gc,marking     ] GC(316) Concurrent Cleanup for Next Mark 0.031ms
[2026-05-06T01:03:32.313+0100][8.599s][info][gc             ] GC(316) Concurrent Undo Cycle 0.064ms
[2026-05-06T01:03:32.327+0100][8.613s][info][gc,start       ] GC(317) Pause Young (Concurrent Start) (G1 Humongous Allocation)
[2026-05-06T01:03:32.327+0100][8.613s][info][gc,task        ] GC(317) Using 9 workers of 9 for evacuation
[2026-05-06T01:03:32.327+0100][8.614s][info][gc,phases      ] GC(317)   Pre Evacuate Collection Set: 0.1ms
[2026-05-06T01:03:32.327+0100][8.614s][info][gc,phases      ] GC(317)   Merge Heap Roots: 0.0ms
[2026-05-06T01:03:32.327+0100][8.614s][info][gc,phases      ] GC(317)   Evacuate Collection Set: 0.2ms
[2026-05-06T01:03:32.327+0100][8.614s][info][gc,phases      ] GC(317)   Post Evacuate Collection Set: 0.1ms
[2026-05-06T01:03:32.327+0100][8.614s][info][gc,phases      ] GC(317)   Other: 0.0ms
[2026-05-06T01:03:32.327+0100][8.614s][info][gc,heap        ] GC(317) Eden regions: 5->0(217)
[2026-05-06T01:03:32.327+0100][8.614s][info][gc,heap        ] GC(317) Survivor regions: 1->1(28)
[2026-05-06T01:03:32.327+0100][8.614s][info][gc,heap        ] GC(317) Old regions: 13->13
[2026-05-06T01:03:32.327+0100][8.614s][info][gc,heap        ] GC(317) Humongous regions: 134->96
[2026-05-06T01:03:32.327+0100][8.614s][info][gc,metaspace   ] GC(317) Metaspace: 19072K(19392K)->19072K(19392K) NonClass: 16835K(17024K)->16835K(17024K) Class: 2236K(2368K)->2236K(2368K)
[2026-05-06T01:03:32.327+0100][8.614s][info][gc             ] GC(317) Pause Young (Concurrent Start) (G1 Humongous Allocation) 287M->203M(728M) 0.515ms
[2026-05-06T01:03:32.327+0100][8.614s][info][gc,cpu         ] GC(317) User=0.00s Sys=0.00s Real=0.00s
[2026-05-06T01:03:32.327+0100][8.614s][info][gc             ] GC(318) Concurrent Undo Cycle
[2026-05-06T01:03:32.327+0100][8.614s][info][gc,marking     ] GC(318) Concurrent Clear Claimed Marks
[2026-05-06T01:03:32.327+0100][8.614s][info][gc,marking     ] GC(318) Concurrent Clear Claimed Marks 0.007ms
[2026-05-06T01:03:32.327+0100][8.614s][info][gc,marking     ] GC(318) Concurrent Cleanup for Next Mark
[2026-05-06T01:03:32.327+0100][8.614s][info][gc,marking     ] GC(318) Concurrent Cleanup for Next Mark 0.038ms
[2026-05-06T01:03:32.327+0100][8.614s][info][gc             ] GC(318) Concurrent Undo Cycle 0.071ms
[2026-05-06T01:03:32.342+0100][8.628s][info][gc,start       ] GC(319) Pause Young (Concurrent Start) (G1 Humongous Allocation)
[2026-05-06T01:03:32.342+0100][8.628s][info][gc,task        ] GC(319) Using 9 workers of 9 for evacuation
[2026-05-06T01:03:32.342+0100][8.629s][info][gc,phases      ] GC(319)   Pre Evacuate Collection Set: 0.1ms
[2026-05-06T01:03:32.342+0100][8.629s][info][gc,phases      ] GC(319)   Merge Heap Roots: 0.0ms
[2026-05-06T01:03:32.342+0100][8.629s][info][gc,phases      ] GC(319)   Evacuate Collection Set: 0.2ms
[2026-05-06T01:03:32.342+0100][8.629s][info][gc,phases      ] GC(319)   Post Evacuate Collection Set: 0.3ms
[2026-05-06T01:03:32.342+0100][8.629s][info][gc,phases      ] GC(319)   Other: 0.0ms
[2026-05-06T01:03:32.342+0100][8.629s][info][gc,heap        ] GC(319) Eden regions: 4->0(360)
[2026-05-06T01:03:32.342+0100][8.629s][info][gc,heap        ] GC(319) Survivor regions: 1->1(28)
[2026-05-06T01:03:32.342+0100][8.629s][info][gc,heap        ] GC(319) Old regions: 13->13
[2026-05-06T01:03:32.342+0100][8.629s][info][gc,heap        ] GC(319) Humongous regions: 134->96
[2026-05-06T01:03:32.342+0100][8.629s][info][gc,metaspace   ] GC(319) Metaspace: 19073K(19392K)->19073K(19392K) NonClass: 16837K(17024K)->16837K(17024K) Class: 2236K(2368K)->2236K(2368K)
[2026-05-06T01:03:32.342+0100][8.629s][info][gc             ] GC(319) Pause Young (Concurrent Start) (G1 Humongous Allocation) 286M->203M(1206M) 0.716ms
[2026-05-06T01:03:32.342+0100][8.629s][info][gc,cpu         ] GC(319) User=0.00s Sys=0.00s Real=0.00s
[2026-05-06T01:03:32.342+0100][8.629s][info][gc             ] GC(320) Concurrent Undo Cycle
[2026-05-06T01:03:32.342+0100][8.629s][info][gc,marking     ] GC(320) Concurrent Clear Claimed Marks
[2026-05-06T01:03:32.342+0100][8.629s][info][gc,marking     ] GC(320) Concurrent Clear Claimed Marks 0.006ms
[2026-05-06T01:03:32.342+0100][8.629s][info][gc,marking     ] GC(320) Concurrent Cleanup for Next Mark
[2026-05-06T01:03:32.343+0100][8.629s][info][gc,marking     ] GC(320) Concurrent Cleanup for Next Mark 0.048ms
[2026-05-06T01:03:32.343+0100][8.629s][info][gc             ] GC(320) Concurrent Undo Cycle 0.084ms
[2026-05-06T01:03:32.361+0100][8.647s][info][gc,start       ] GC(321) Pause Full (System.gc())
[2026-05-06T01:03:32.361+0100][8.647s][info][gc,task        ] GC(321) Using 9 workers of 9 for full compaction
[2026-05-06T01:03:32.361+0100][8.647s][info][gc,phases,start] GC(321) Phase 1: Mark live objects
[2026-05-06T01:03:32.364+0100][8.650s][info][gc,phases      ] GC(321) Phase 1: Mark live objects 2.849ms
[2026-05-06T01:03:32.364+0100][8.650s][info][gc,phases,start] GC(321) Phase 2: Prepare compaction
[2026-05-06T01:03:32.364+0100][8.650s][info][gc,phases      ] GC(321) Phase 2: Prepare compaction 0.248ms
[2026-05-06T01:03:32.364+0100][8.650s][info][gc,phases,start] GC(321) Phase 3: Adjust pointers
[2026-05-06T01:03:32.366+0100][8.652s][info][gc,phases      ] GC(321) Phase 3: Adjust pointers 1.700ms
[2026-05-06T01:03:32.366+0100][8.652s][info][gc,phases,start] GC(321) Phase 4: Compact heap
[2026-05-06T01:03:32.366+0100][8.652s][info][gc,phases      ] GC(321) Phase 4: Compact heap 0.225ms
[2026-05-06T01:03:32.366+0100][8.652s][info][gc,phases,start] GC(321) Phase 5: Reset Metadata
[2026-05-06T01:03:32.366+0100][8.653s][info][gc,phases      ] GC(321) Phase 5: Reset Metadata 0.371ms
[2026-05-06T01:03:32.367+0100][8.654s][info][gc,heap        ] GC(321) Eden regions: 4->0(218)
[2026-05-06T01:03:32.367+0100][8.654s][info][gc,heap        ] GC(321) Survivor regions: 1->0(28)
[2026-05-06T01:03:32.367+0100][8.654s][info][gc,heap        ] GC(321) Old regions: 13->13
[2026-05-06T01:03:32.367+0100][8.654s][info][gc,heap        ] GC(321) Humongous regions: 153->96
[2026-05-06T01:03:32.367+0100][8.654s][info][gc,metaspace   ] GC(321) Metaspace: 19073K(19392K)->19073K(19392K) NonClass: 16837K(17024K)->16837K(17024K) Class: 2236K(2368K)->2236K(2368K)
[2026-05-06T01:03:32.367+0100][8.654s][info][gc             ] GC(321) Pause Full (System.gc()) 324M->203M(728M) 6.571ms
[2026-05-06T01:03:32.367+0100][8.654s][info][gc,cpu         ] GC(321) User=0.02s Sys=0.01s Real=0.00s
[2026-05-06T01:03:32.382+0100][8.669s][info][gc,start       ] GC(322) Pause Young (Concurrent Start) (G1 Humongous Allocation)
[2026-05-06T01:03:32.382+0100][8.669s][info][gc,task        ] GC(322) Using 9 workers of 9 for evacuation
[2026-05-06T01:03:32.383+0100][8.669s][info][gc,phases      ] GC(322)   Pre Evacuate Collection Set: 0.1ms
[2026-05-06T01:03:32.383+0100][8.669s][info][gc,phases      ] GC(322)   Merge Heap Roots: 0.0ms
[2026-05-06T01:03:32.383+0100][8.669s][info][gc,phases      ] GC(322)   Evacuate Collection Set: 0.2ms
[2026-05-06T01:03:32.383+0100][8.669s][info][gc,phases      ] GC(322)   Post Evacuate Collection Set: 0.1ms
[2026-05-06T01:03:32.383+0100][8.669s][info][gc,phases      ] GC(322)   Other: 0.0ms
[2026-05-06T01:03:32.383+0100][8.669s][info][gc,heap        ] GC(322) Eden regions: 6->0(217)
[2026-05-06T01:03:32.383+0100][8.669s][info][gc,heap        ] GC(322) Survivor regions: 0->1(28)
[2026-05-06T01:03:32.383+0100][8.669s][info][gc,heap        ] GC(322) Old regions: 13->13
[2026-05-06T01:03:32.383+0100][8.669s][info][gc,heap        ] GC(322) Humongous regions: 134->96
[2026-05-06T01:03:32.383+0100][8.669s][info][gc,metaspace   ] GC(322) Metaspace: 19073K(19392K)->19073K(19392K) NonClass: 16837K(17024K)->16837K(17024K) Class: 2236K(2368K)->2236K(2368K)
[2026-05-06T01:03:32.383+0100][8.669s][info][gc             ] GC(322) Pause Young (Concurrent Start) (G1 Humongous Allocation) 290M->203M(728M) 0.504ms
[2026-05-06T01:03:32.383+0100][8.669s][info][gc,cpu         ] GC(322) User=0.00s Sys=0.01s Real=0.00s
[2026-05-06T01:03:32.383+0100][8.669s][info][gc             ] GC(323) Concurrent Undo Cycle
[2026-05-06T01:03:32.383+0100][8.669s][info][gc,marking     ] GC(323) Concurrent Clear Claimed Marks
[2026-05-06T01:03:32.383+0100][8.669s][info][gc,marking     ] GC(323) Concurrent Clear Claimed Marks 0.007ms
[2026-05-06T01:03:32.383+0100][8.669s][info][gc,marking     ] GC(323) Concurrent Cleanup for Next Mark
[2026-05-06T01:03:32.383+0100][8.669s][info][gc,marking     ] GC(323) Concurrent Cleanup for Next Mark 0.041ms
[2026-05-06T01:03:32.383+0100][8.669s][info][gc             ] GC(323) Concurrent Undo Cycle 0.076ms
[2026-05-06T01:03:32.395+0100][8.682s][info][gc,start       ] GC(324) Pause Young (Concurrent Start) (G1 Humongous Allocation)
[2026-05-06T01:03:32.395+0100][8.682s][info][gc,task        ] GC(324) Using 9 workers of 9 for evacuation
[2026-05-06T01:03:32.396+0100][8.682s][info][gc,phases      ] GC(324)   Pre Evacuate Collection Set: 0.1ms
[2026-05-06T01:03:32.396+0100][8.682s][info][gc,phases      ] GC(324)   Merge Heap Roots: 0.0ms
[2026-05-06T01:03:32.396+0100][8.682s][info][gc,phases      ] GC(324)   Evacuate Collection Set: 0.1ms
[2026-05-06T01:03:32.396+0100][8.682s][info][gc,phases      ] GC(324)   Post Evacuate Collection Set: 0.1ms
[2026-05-06T01:03:32.396+0100][8.682s][info][gc,phases      ] GC(324)   Other: 0.0ms
[2026-05-06T01:03:32.396+0100][8.682s][info][gc,heap        ] GC(324) Eden regions: 5->0(217)
[2026-05-06T01:03:32.396+0100][8.682s][info][gc,heap        ] GC(324) Survivor regions: 1->1(28)
[2026-05-06T01:03:32.396+0100][8.682s][info][gc,heap        ] GC(324) Old regions: 13->13
[2026-05-06T01:03:32.396+0100][8.682s][info][gc,heap        ] GC(324) Humongous regions: 134->96
[2026-05-06T01:03:32.396+0100][8.682s][info][gc,metaspace   ] GC(324) Metaspace: 19073K(19392K)->19073K(19392K) NonClass: 16837K(17024K)->16837K(17024K) Class: 2236K(2368K)->2236K(2368K)
[2026-05-06T01:03:32.396+0100][8.682s][info][gc             ] GC(324) Pause Young (Concurrent Start) (G1 Humongous Allocation) 287M->203M(728M) 0.448ms
[2026-05-06T01:03:32.396+0100][8.682s][info][gc,cpu         ] GC(324) User=0.00s Sys=0.00s Real=0.00s
[2026-05-06T01:03:32.396+0100][8.682s][info][gc             ] GC(325) Concurrent Undo Cycle
[2026-05-06T01:03:32.396+0100][8.682s][info][gc,marking     ] GC(325) Concurrent Clear Claimed Marks
[2026-05-06T01:03:32.396+0100][8.682s][info][gc,marking     ] GC(325) Concurrent Clear Claimed Marks 0.007ms
[2026-05-06T01:03:32.396+0100][8.682s][info][gc,marking     ] GC(325) Concurrent Cleanup for Next Mark
[2026-05-06T01:03:32.396+0100][8.682s][info][gc,marking     ] GC(325) Concurrent Cleanup for Next Mark 0.039ms
[2026-05-06T01:03:32.396+0100][8.682s][info][gc             ] GC(325) Concurrent Undo Cycle 0.069ms
[2026-05-06T01:03:32.408+0100][8.694s][info][gc,start       ] GC(326) Pause Young (Concurrent Start) (G1 Humongous Allocation)
[2026-05-06T01:03:32.408+0100][8.694s][info][gc,task        ] GC(326) Using 9 workers of 9 for evacuation
[2026-05-06T01:03:32.408+0100][8.695s][info][gc,phases      ] GC(326)   Pre Evacuate Collection Set: 0.1ms
[2026-05-06T01:03:32.408+0100][8.695s][info][gc,phases      ] GC(326)   Merge Heap Roots: 0.0ms
[2026-05-06T01:03:32.408+0100][8.695s][info][gc,phases      ] GC(326)   Evacuate Collection Set: 0.1ms
[2026-05-06T01:03:32.408+0100][8.695s][info][gc,phases      ] GC(326)   Post Evacuate Collection Set: 0.1ms
[2026-05-06T01:03:32.408+0100][8.695s][info][gc,phases      ] GC(326)   Other: 0.0ms
[2026-05-06T01:03:32.408+0100][8.695s][info][gc,heap        ] GC(326) Eden regions: 5->0(217)
[2026-05-06T01:03:32.408+0100][8.695s][info][gc,heap        ] GC(326) Survivor regions: 1->1(28)
[2026-05-06T01:03:32.408+0100][8.695s][info][gc,heap        ] GC(326) Old regions: 13->13
[2026-05-06T01:03:32.408+0100][8.695s][info][gc,heap        ] GC(326) Humongous regions: 134->96
[2026-05-06T01:03:32.408+0100][8.695s][info][gc,metaspace   ] GC(326) Metaspace: 19073K(19392K)->19073K(19392K) NonClass: 16837K(17024K)->16837K(17024K) Class: 2236K(2368K)->2236K(2368K)
[2026-05-06T01:03:32.408+0100][8.695s][info][gc             ] GC(326) Pause Young (Concurrent Start) (G1 Humongous Allocation) 287M->203M(728M) 0.447ms
[2026-05-06T01:03:32.408+0100][8.695s][info][gc,cpu         ] GC(326) User=0.01s Sys=0.00s Real=0.00s
[2026-05-06T01:03:32.408+0100][8.695s][info][gc             ] GC(327) Concurrent Undo Cycle
[2026-05-06T01:03:32.408+0100][8.695s][info][gc,marking     ] GC(327) Concurrent Clear Claimed Marks
[2026-05-06T01:03:32.408+0100][8.695s][info][gc,marking     ] GC(327) Concurrent Clear Claimed Marks 0.005ms
[2026-05-06T01:03:32.408+0100][8.695s][info][gc,marking     ] GC(327) Concurrent Cleanup for Next Mark
[2026-05-06T01:03:32.408+0100][8.695s][info][gc,marking     ] GC(327) Concurrent Cleanup for Next Mark 0.028ms
[2026-05-06T01:03:32.408+0100][8.695s][info][gc             ] GC(327) Concurrent Undo Cycle 0.055ms
[2026-05-06T01:03:32.421+0100][8.708s][info][gc,start       ] GC(328) Pause Young (Concurrent Start) (G1 Humongous Allocation)
[2026-05-06T01:03:32.421+0100][8.708s][info][gc,task        ] GC(328) Using 9 workers of 9 for evacuation
[2026-05-06T01:03:32.422+0100][8.708s][info][gc,phases      ] GC(328)   Pre Evacuate Collection Set: 0.1ms
[2026-05-06T01:03:32.422+0100][8.708s][info][gc,phases      ] GC(328)   Merge Heap Roots: 0.0ms
[2026-05-06T01:03:32.422+0100][8.708s][info][gc,phases      ] GC(328)   Evacuate Collection Set: 0.1ms
[2026-05-06T01:03:32.422+0100][8.708s][info][gc,phases      ] GC(328)   Post Evacuate Collection Set: 0.1ms
[2026-05-06T01:03:32.422+0100][8.708s][info][gc,phases      ] GC(328)   Other: 0.0ms
[2026-05-06T01:03:32.422+0100][8.708s][info][gc,heap        ] GC(328) Eden regions: 5->0(217)
[2026-05-06T01:03:32.422+0100][8.708s][info][gc,heap        ] GC(328) Survivor regions: 1->1(28)
[2026-05-06T01:03:32.422+0100][8.708s][info][gc,heap        ] GC(328) Old regions: 13->13
[2026-05-06T01:03:32.422+0100][8.708s][info][gc,heap        ] GC(328) Humongous regions: 134->96
[2026-05-06T01:03:32.422+0100][8.708s][info][gc,metaspace   ] GC(328) Metaspace: 19073K(19392K)->19073K(19392K) NonClass: 16837K(17024K)->16837K(17024K) Class: 2236K(2368K)->2236K(2368K)
[2026-05-06T01:03:32.422+0100][8.708s][info][gc             ] GC(328) Pause Young (Concurrent Start) (G1 Humongous Allocation) 287M->203M(728M) 0.424ms
[2026-05-06T01:03:32.422+0100][8.708s][info][gc,cpu         ] GC(328) User=0.00s Sys=0.00s Real=0.00s
[2026-05-06T01:03:32.422+0100][8.708s][info][gc             ] GC(329) Concurrent Undo Cycle
[2026-05-06T01:03:32.422+0100][8.708s][info][gc,marking     ] GC(329) Concurrent Clear Claimed Marks
[2026-05-06T01:03:32.422+0100][8.708s][info][gc,marking     ] GC(329) Concurrent Clear Claimed Marks 0.007ms
[2026-05-06T01:03:32.422+0100][8.708s][info][gc,marking     ] GC(329) Concurrent Cleanup for Next Mark
[2026-05-06T01:03:32.422+0100][8.708s][info][gc,marking     ] GC(329) Concurrent Cleanup for Next Mark 0.038ms
[2026-05-06T01:03:32.422+0100][8.708s][info][gc             ] GC(329) Concurrent Undo Cycle 0.068ms
[2026-05-06T01:03:32.435+0100][8.721s][info][gc,start       ] GC(330) Pause Young (Concurrent Start) (G1 Humongous Allocation)
[2026-05-06T01:03:32.435+0100][8.721s][info][gc,task        ] GC(330) Using 9 workers of 9 for evacuation
[2026-05-06T01:03:32.435+0100][8.721s][info][gc,phases      ] GC(330)   Pre Evacuate Collection Set: 0.1ms
[2026-05-06T01:03:32.435+0100][8.721s][info][gc,phases      ] GC(330)   Merge Heap Roots: 0.0ms
[2026-05-06T01:03:32.435+0100][8.721s][info][gc,phases      ] GC(330)   Evacuate Collection Set: 0.1ms
[2026-05-06T01:03:32.435+0100][8.721s][info][gc,phases      ] GC(330)   Post Evacuate Collection Set: 0.1ms
[2026-05-06T01:03:32.435+0100][8.721s][info][gc,phases      ] GC(330)   Other: 0.0ms
[2026-05-06T01:03:32.435+0100][8.721s][info][gc,heap        ] GC(330) Eden regions: 5->0(217)
[2026-05-06T01:03:32.435+0100][8.721s][info][gc,heap        ] GC(330) Survivor regions: 1->1(28)
[2026-05-06T01:03:32.435+0100][8.721s][info][gc,heap        ] GC(330) Old regions: 13->13
[2026-05-06T01:03:32.435+0100][8.721s][info][gc,heap        ] GC(330) Humongous regions: 134->96
[2026-05-06T01:03:32.435+0100][8.721s][info][gc,metaspace   ] GC(330) Metaspace: 19075K(19392K)->19075K(19392K) NonClass: 16838K(17024K)->16838K(17024K) Class: 2236K(2368K)->2236K(2368K)
[2026-05-06T01:03:32.435+0100][8.721s][info][gc             ] GC(330) Pause Young (Concurrent Start) (G1 Humongous Allocation) 287M->203M(728M) 0.452ms
[2026-05-06T01:03:32.435+0100][8.721s][info][gc,cpu         ] GC(330) User=0.01s Sys=0.00s Real=0.00s
[2026-05-06T01:03:32.435+0100][8.721s][info][gc             ] GC(331) Concurrent Undo Cycle
[2026-05-06T01:03:32.435+0100][8.721s][info][gc,marking     ] GC(331) Concurrent Clear Claimed Marks
[2026-05-06T01:03:32.435+0100][8.721s][info][gc,marking     ] GC(331) Concurrent Clear Claimed Marks 0.007ms
[2026-05-06T01:03:32.435+0100][8.721s][info][gc,marking     ] GC(331) Concurrent Cleanup for Next Mark
[2026-05-06T01:03:32.435+0100][8.721s][info][gc,marking     ] GC(331) Concurrent Cleanup for Next Mark 0.027ms
[2026-05-06T01:03:32.435+0100][8.721s][info][gc             ] GC(331) Concurrent Undo Cycle 0.057ms
[2026-05-06T01:03:32.449+0100][8.735s][info][gc,start       ] GC(332) Pause Young (Concurrent Start) (G1 Humongous Allocation)
[2026-05-06T01:03:32.449+0100][8.735s][info][gc,task        ] GC(332) Using 9 workers of 9 for evacuation
[2026-05-06T01:03:32.449+0100][8.736s][info][gc,phases      ] GC(332)   Pre Evacuate Collection Set: 0.1ms
[2026-05-06T01:03:32.449+0100][8.736s][info][gc,phases      ] GC(332)   Merge Heap Roots: 0.0ms
[2026-05-06T01:03:32.449+0100][8.736s][info][gc,phases      ] GC(332)   Evacuate Collection Set: 0.2ms
[2026-05-06T01:03:32.449+0100][8.736s][info][gc,phases      ] GC(332)   Post Evacuate Collection Set: 0.2ms
[2026-05-06T01:03:32.449+0100][8.736s][info][gc,phases      ] GC(332)   Other: 0.0ms
[2026-05-06T01:03:32.449+0100][8.736s][info][gc,heap        ] GC(332) Eden regions: 5->0(372)
[2026-05-06T01:03:32.449+0100][8.736s][info][gc,heap        ] GC(332) Survivor regions: 1->1(28)
[2026-05-06T01:03:32.449+0100][8.736s][info][gc,heap        ] GC(332) Old regions: 13->13
[2026-05-06T01:03:32.449+0100][8.736s][info][gc,heap        ] GC(332) Humongous regions: 134->96
[2026-05-06T01:03:32.449+0100][8.736s][info][gc,metaspace   ] GC(332) Metaspace: 19075K(19392K)->19075K(19392K) NonClass: 16838K(17024K)->16838K(17024K) Class: 2236K(2368K)->2236K(2368K)
[2026-05-06T01:03:32.449+0100][8.736s][info][gc             ] GC(332) Pause Young (Concurrent Start) (G1 Humongous Allocation) 287M->203M(1246M) 0.610ms
[2026-05-06T01:03:32.449+0100][8.736s][info][gc,cpu         ] GC(332) User=0.00s Sys=0.00s Real=0.00s
[2026-05-06T01:03:32.449+0100][8.736s][info][gc             ] GC(333) Concurrent Undo Cycle
[2026-05-06T01:03:32.449+0100][8.736s][info][gc,marking     ] GC(333) Concurrent Clear Claimed Marks
[2026-05-06T01:03:32.449+0100][8.736s][info][gc,marking     ] GC(333) Concurrent Clear Claimed Marks 0.007ms
[2026-05-06T01:03:32.449+0100][8.736s][info][gc,marking     ] GC(333) Concurrent Cleanup for Next Mark
[2026-05-06T01:03:32.449+0100][8.736s][info][gc,marking     ] GC(333) Concurrent Cleanup for Next Mark 0.055ms
[2026-05-06T01:03:32.449+0100][8.736s][info][gc             ] GC(333) Concurrent Undo Cycle 0.091ms
[2026-05-06T01:03:32.454+0100][8.740s][info][gc,start       ] GC(334) Pause Full (System.gc())
[2026-05-06T01:03:32.454+0100][8.740s][info][gc,task        ] GC(334) Using 9 workers of 9 for full compaction
[2026-05-06T01:03:32.454+0100][8.740s][info][gc,phases,start] GC(334) Phase 1: Mark live objects
[2026-05-06T01:03:32.457+0100][8.743s][info][gc,phases      ] GC(334) Phase 1: Mark live objects 2.848ms
[2026-05-06T01:03:32.457+0100][8.743s][info][gc,phases,start] GC(334) Phase 2: Prepare compaction
[2026-05-06T01:03:32.457+0100][8.743s][info][gc,phases      ] GC(334) Phase 2: Prepare compaction 0.245ms
[2026-05-06T01:03:32.457+0100][8.743s][info][gc,phases,start] GC(334) Phase 3: Adjust pointers
[2026-05-06T01:03:32.458+0100][8.745s][info][gc,phases      ] GC(334) Phase 3: Adjust pointers 1.626ms
[2026-05-06T01:03:32.459+0100][8.745s][info][gc,phases,start] GC(334) Phase 4: Compact heap
[2026-05-06T01:03:32.459+0100][8.745s][info][gc,phases      ] GC(334) Phase 4: Compact heap 0.206ms
[2026-05-06T01:03:32.459+0100][8.745s][info][gc,phases,start] GC(334) Phase 5: Reset Metadata
[2026-05-06T01:03:32.459+0100][8.745s][info][gc,phases      ] GC(334) Phase 5: Reset Metadata 0.366ms
[2026-05-06T01:03:32.460+0100][8.746s][info][gc,heap        ] GC(334) Eden regions: 5->0(218)
[2026-05-06T01:03:32.460+0100][8.746s][info][gc,heap        ] GC(334) Survivor regions: 1->0(28)
[2026-05-06T01:03:32.460+0100][8.746s][info][gc,heap        ] GC(334) Old regions: 13->13
[2026-05-06T01:03:32.460+0100][8.746s][info][gc,heap        ] GC(334) Humongous regions: 115->96
[2026-05-06T01:03:32.460+0100][8.746s][info][gc,metaspace   ] GC(334) Metaspace: 19075K(19392K)->19075K(19392K) NonClass: 16838K(17024K)->16838K(17024K) Class: 2236K(2368K)->2236K(2368K)
[2026-05-06T01:03:32.460+0100][8.746s][info][gc             ] GC(334) Pause Full (System.gc()) 249M->203M(728M) 6.049ms
[2026-05-06T01:03:32.460+0100][8.746s][info][gc,cpu         ] GC(334) User=0.02s Sys=0.01s Real=0.01s
[2026-05-06T01:03:32.475+0100][8.762s][info][gc,start       ] GC(335) Pause Young (Concurrent Start) (G1 Humongous Allocation)
[2026-05-06T01:03:32.475+0100][8.762s][info][gc,task        ] GC(335) Using 9 workers of 9 for evacuation
[2026-05-06T01:03:32.476+0100][8.762s][info][gc,phases      ] GC(335)   Pre Evacuate Collection Set: 0.1ms
[2026-05-06T01:03:32.476+0100][8.762s][info][gc,phases      ] GC(335)   Merge Heap Roots: 0.0ms
[2026-05-06T01:03:32.476+0100][8.762s][info][gc,phases      ] GC(335)   Evacuate Collection Set: 0.1ms
[2026-05-06T01:03:32.476+0100][8.762s][info][gc,phases      ] GC(335)   Post Evacuate Collection Set: 0.1ms
[2026-05-06T01:03:32.476+0100][8.762s][info][gc,phases      ] GC(335)   Other: 0.0ms
[2026-05-06T01:03:32.476+0100][8.762s][info][gc,heap        ] GC(335) Eden regions: 6->0(217)
[2026-05-06T01:03:32.476+0100][8.762s][info][gc,heap        ] GC(335) Survivor regions: 0->1(28)
[2026-05-06T01:03:32.476+0100][8.762s][info][gc,heap        ] GC(335) Old regions: 13->13
[2026-05-06T01:03:32.476+0100][8.762s][info][gc,heap        ] GC(335) Humongous regions: 134->96
[2026-05-06T01:03:32.476+0100][8.762s][info][gc,metaspace   ] GC(335) Metaspace: 19075K(19392K)->19075K(19392K) NonClass: 16838K(17024K)->16838K(17024K) Class: 2236K(2368K)->2236K(2368K)
[2026-05-06T01:03:32.476+0100][8.762s][info][gc             ] GC(335) Pause Young (Concurrent Start) (G1 Humongous Allocation) 290M->203M(728M) 0.504ms
[2026-05-06T01:03:32.476+0100][8.762s][info][gc,cpu         ] GC(335) User=0.00s Sys=0.00s Real=0.00s
[2026-05-06T01:03:32.476+0100][8.762s][info][gc             ] GC(336) Concurrent Undo Cycle
[2026-05-06T01:03:32.476+0100][8.762s][info][gc,marking     ] GC(336) Concurrent Clear Claimed Marks
[2026-05-06T01:03:32.476+0100][8.762s][info][gc,marking     ] GC(336) Concurrent Clear Claimed Marks 0.007ms
[2026-05-06T01:03:32.476+0100][8.762s][info][gc,marking     ] GC(336) Concurrent Cleanup for Next Mark
[2026-05-06T01:03:32.476+0100][8.762s][info][gc,marking     ] GC(336) Concurrent Cleanup for Next Mark 0.039ms
[2026-05-06T01:03:32.476+0100][8.762s][info][gc             ] GC(336) Concurrent Undo Cycle 0.072ms
[2026-05-06T01:03:32.489+0100][8.776s][info][gc,start       ] GC(337) Pause Young (Concurrent Start) (G1 Humongous Allocation)
[2026-05-06T01:03:32.489+0100][8.776s][info][gc,task        ] GC(337) Using 9 workers of 9 for evacuation
[2026-05-06T01:03:32.490+0100][8.776s][info][gc,phases      ] GC(337)   Pre Evacuate Collection Set: 0.1ms
[2026-05-06T01:03:32.490+0100][8.776s][info][gc,phases      ] GC(337)   Merge Heap Roots: 0.0ms
[2026-05-06T01:03:32.490+0100][8.776s][info][gc,phases      ] GC(337)   Evacuate Collection Set: 0.1ms
[2026-05-06T01:03:32.490+0100][8.776s][info][gc,phases      ] GC(337)   Post Evacuate Collection Set: 0.1ms
[2026-05-06T01:03:32.490+0100][8.776s][info][gc,phases      ] GC(337)   Other: 0.0ms
[2026-05-06T01:03:32.490+0100][8.776s][info][gc,heap        ] GC(337) Eden regions: 5->0(217)
[2026-05-06T01:03:32.490+0100][8.776s][info][gc,heap        ] GC(337) Survivor regions: 1->1(28)
[2026-05-06T01:03:32.490+0100][8.776s][info][gc,heap        ] GC(337) Old regions: 13->13
[2026-05-06T01:03:32.490+0100][8.776s][info][gc,heap        ] GC(337) Humongous regions: 134->96
[2026-05-06T01:03:32.490+0100][8.776s][info][gc,metaspace   ] GC(337) Metaspace: 19075K(19392K)->19075K(19392K) NonClass: 16838K(17024K)->16838K(17024K) Class: 2236K(2368K)->2236K(2368K)
[2026-05-06T01:03:32.490+0100][8.776s][info][gc             ] GC(337) Pause Young (Concurrent Start) (G1 Humongous Allocation) 287M->203M(728M) 0.439ms
[2026-05-06T01:03:32.490+0100][8.776s][info][gc,cpu         ] GC(337) User=0.00s Sys=0.00s Real=0.01s
[2026-05-06T01:03:32.490+0100][8.776s][info][gc             ] GC(338) Concurrent Undo Cycle
[2026-05-06T01:03:32.490+0100][8.776s][info][gc,marking     ] GC(338) Concurrent Clear Claimed Marks
[2026-05-06T01:03:32.490+0100][8.776s][info][gc,marking     ] GC(338) Concurrent Clear Claimed Marks 0.006ms
[2026-05-06T01:03:32.490+0100][8.776s][info][gc,marking     ] GC(338) Concurrent Cleanup for Next Mark
[2026-05-06T01:03:32.490+0100][8.776s][info][gc,marking     ] GC(338) Concurrent Cleanup for Next Mark 0.039ms
[2026-05-06T01:03:32.490+0100][8.776s][info][gc             ] GC(338) Concurrent Undo Cycle 0.067ms
[2026-05-06T01:03:32.503+0100][8.789s][info][gc,start       ] GC(339) Pause Young (Concurrent Start) (G1 Humongous Allocation)
[2026-05-06T01:03:32.503+0100][8.789s][info][gc,task        ] GC(339) Using 9 workers of 9 for evacuation
[2026-05-06T01:03:32.503+0100][8.790s][info][gc,phases      ] GC(339)   Pre Evacuate Collection Set: 0.1ms
[2026-05-06T01:03:32.503+0100][8.790s][info][gc,phases      ] GC(339)   Merge Heap Roots: 0.0ms
[2026-05-06T01:03:32.503+0100][8.790s][info][gc,phases      ] GC(339)   Evacuate Collection Set: 0.1ms
[2026-05-06T01:03:32.503+0100][8.790s][info][gc,phases      ] GC(339)   Post Evacuate Collection Set: 0.1ms
[2026-05-06T01:03:32.503+0100][8.790s][info][gc,phases      ] GC(339)   Other: 0.0ms
[2026-05-06T01:03:32.503+0100][8.790s][info][gc,heap        ] GC(339) Eden regions: 5->0(217)
[2026-05-06T01:03:32.503+0100][8.790s][info][gc,heap        ] GC(339) Survivor regions: 1->1(28)
[2026-05-06T01:03:32.503+0100][8.790s][info][gc,heap        ] GC(339) Old regions: 13->13
[2026-05-06T01:03:32.503+0100][8.790s][info][gc,heap        ] GC(339) Humongous regions: 134->96
[2026-05-06T01:03:32.503+0100][8.790s][info][gc,metaspace   ] GC(339) Metaspace: 19075K(19392K)->19075K(19392K) NonClass: 16838K(17024K)->16838K(17024K) Class: 2236K(2368K)->2236K(2368K)
[2026-05-06T01:03:32.503+0100][8.790s][info][gc             ] GC(339) Pause Young (Concurrent Start) (G1 Humongous Allocation) 287M->203M(728M) 0.404ms
[2026-05-06T01:03:32.503+0100][8.790s][info][gc,cpu         ] GC(339) User=0.00s Sys=0.00s Real=0.00s
[2026-05-06T01:03:32.503+0100][8.790s][info][gc             ] GC(340) Concurrent Undo Cycle
[2026-05-06T01:03:32.503+0100][8.790s][info][gc,marking     ] GC(340) Concurrent Clear Claimed Marks
[2026-05-06T01:03:32.503+0100][8.790s][info][gc,marking     ] GC(340) Concurrent Clear Claimed Marks 0.006ms
[2026-05-06T01:03:32.503+0100][8.790s][info][gc,marking     ] GC(340) Concurrent Cleanup for Next Mark
[2026-05-06T01:03:32.503+0100][8.790s][info][gc,marking     ] GC(340) Concurrent Cleanup for Next Mark 0.037ms
[2026-05-06T01:03:32.503+0100][8.790s][info][gc             ] GC(340) Concurrent Undo Cycle 0.066ms
[2026-05-06T01:03:32.516+0100][8.803s][info][gc,start       ] GC(341) Pause Young (Concurrent Start) (G1 Humongous Allocation)
[2026-05-06T01:03:32.516+0100][8.803s][info][gc,task        ] GC(341) Using 9 workers of 9 for evacuation
[2026-05-06T01:03:32.517+0100][8.803s][info][gc,phases      ] GC(341)   Pre Evacuate Collection Set: 0.1ms
[2026-05-06T01:03:32.517+0100][8.803s][info][gc,phases      ] GC(341)   Merge Heap Roots: 0.0ms
[2026-05-06T01:03:32.517+0100][8.803s][info][gc,phases      ] GC(341)   Evacuate Collection Set: 0.1ms
[2026-05-06T01:03:32.517+0100][8.803s][info][gc,phases      ] GC(341)   Post Evacuate Collection Set: 0.1ms
[2026-05-06T01:03:32.517+0100][8.803s][info][gc,phases      ] GC(341)   Other: 0.0ms
[2026-05-06T01:03:32.517+0100][8.803s][info][gc,heap        ] GC(341) Eden regions: 5->0(217)
[2026-05-06T01:03:32.517+0100][8.803s][info][gc,heap        ] GC(341) Survivor regions: 1->1(28)
[2026-05-06T01:03:32.517+0100][8.803s][info][gc,heap        ] GC(341) Old regions: 13->13
[2026-05-06T01:03:32.517+0100][8.803s][info][gc,heap        ] GC(341) Humongous regions: 134->96
[2026-05-06T01:03:32.517+0100][8.803s][info][gc,metaspace   ] GC(341) Metaspace: 19075K(19392K)->19075K(19392K) NonClass: 16838K(17024K)->16838K(17024K) Class: 2236K(2368K)->2236K(2368K)
[2026-05-06T01:03:32.517+0100][8.803s][info][gc             ] GC(341) Pause Young (Concurrent Start) (G1 Humongous Allocation) 287M->203M(728M) 0.444ms
[2026-05-06T01:03:32.517+0100][8.803s][info][gc,cpu         ] GC(341) User=0.00s Sys=0.00s Real=0.00s
[2026-05-06T01:03:32.517+0100][8.803s][info][gc             ] GC(342) Concurrent Undo Cycle
[2026-05-06T01:03:32.517+0100][8.803s][info][gc,marking     ] GC(342) Concurrent Clear Claimed Marks
[2026-05-06T01:03:32.517+0100][8.803s][info][gc,marking     ] GC(342) Concurrent Clear Claimed Marks 0.005ms
[2026-05-06T01:03:32.517+0100][8.803s][info][gc,marking     ] GC(342) Concurrent Cleanup for Next Mark
[2026-05-06T01:03:32.517+0100][8.803s][info][gc,marking     ] GC(342) Concurrent Cleanup for Next Mark 0.031ms
[2026-05-06T01:03:32.517+0100][8.803s][info][gc             ] GC(342) Concurrent Undo Cycle 0.056ms
[2026-05-06T01:03:32.590+0100][8.876s][info][gc,start       ] GC(343) Pause Young (Concurrent Start) (G1 Humongous Allocation)
[2026-05-06T01:03:32.590+0100][8.876s][info][gc,task        ] GC(343) Using 9 workers of 9 for evacuation
[2026-05-06T01:03:32.590+0100][8.877s][info][gc,phases      ] GC(343)   Pre Evacuate Collection Set: 0.1ms
[2026-05-06T01:03:32.591+0100][8.877s][info][gc,phases      ] GC(343)   Merge Heap Roots: 0.0ms
[2026-05-06T01:03:32.591+0100][8.877s][info][gc,phases      ] GC(343)   Evacuate Collection Set: 0.2ms
[2026-05-06T01:03:32.591+0100][8.877s][info][gc,phases      ] GC(343)   Post Evacuate Collection Set: 0.1ms
[2026-05-06T01:03:32.591+0100][8.877s][info][gc,phases      ] GC(343)   Other: 0.0ms
[2026-05-06T01:03:32.591+0100][8.877s][info][gc,heap        ] GC(343) Eden regions: 5->0(217)
[2026-05-06T01:03:32.591+0100][8.877s][info][gc,heap        ] GC(343) Survivor regions: 1->1(28)
[2026-05-06T01:03:32.591+0100][8.877s][info][gc,heap        ] GC(343) Old regions: 13->13
[2026-05-06T01:03:32.591+0100][8.877s][info][gc,heap        ] GC(343) Humongous regions: 134->96
[2026-05-06T01:03:32.591+0100][8.877s][info][gc,metaspace   ] GC(343) Metaspace: 19075K(19392K)->19075K(19392K) NonClass: 16839K(17024K)->16839K(17024K) Class: 2236K(2368K)->2236K(2368K)
[2026-05-06T01:03:32.591+0100][8.877s][info][gc             ] GC(343) Pause Young (Concurrent Start) (G1 Humongous Allocation) 287M->203M(728M) 0.520ms
[2026-05-06T01:03:32.591+0100][8.877s][info][gc,cpu         ] GC(343) User=0.00s Sys=0.00s Real=0.00s
[2026-05-06T01:03:32.591+0100][8.877s][info][gc             ] GC(344) Concurrent Undo Cycle
[2026-05-06T01:03:32.591+0100][8.877s][info][gc,marking     ] GC(344) Concurrent Clear Claimed Marks
[2026-05-06T01:03:32.591+0100][8.877s][info][gc,marking     ] GC(344) Concurrent Clear Claimed Marks 0.007ms
[2026-05-06T01:03:32.591+0100][8.877s][info][gc,marking     ] GC(344) Concurrent Cleanup for Next Mark
[2026-05-06T01:03:32.591+0100][8.877s][info][gc,marking     ] GC(344) Concurrent Cleanup for Next Mark 0.032ms
[2026-05-06T01:03:32.591+0100][8.877s][info][gc             ] GC(344) Concurrent Undo Cycle 0.066ms
[2026-05-06T01:03:32.736+0100][9.022s][info][gc,start       ] GC(345) Pause Young (Concurrent Start) (G1 Humongous Allocation)
[2026-05-06T01:03:32.736+0100][9.022s][info][gc,task        ] GC(345) Using 9 workers of 9 for evacuation
[2026-05-06T01:03:32.736+0100][9.023s][info][gc,phases      ] GC(345)   Pre Evacuate Collection Set: 0.1ms
[2026-05-06T01:03:32.736+0100][9.023s][info][gc,phases      ] GC(345)   Merge Heap Roots: 0.0ms
[2026-05-06T01:03:32.736+0100][9.023s][info][gc,phases      ] GC(345)   Evacuate Collection Set: 0.2ms
[2026-05-06T01:03:32.736+0100][9.023s][info][gc,phases      ] GC(345)   Post Evacuate Collection Set: 0.1ms
[2026-05-06T01:03:32.736+0100][9.023s][info][gc,phases      ] GC(345)   Other: 0.0ms
[2026-05-06T01:03:32.736+0100][9.023s][info][gc,heap        ] GC(345) Eden regions: 1->0(217)
[2026-05-06T01:03:32.736+0100][9.023s][info][gc,heap        ] GC(345) Survivor regions: 1->1(28)
[2026-05-06T01:03:32.736+0100][9.023s][info][gc,heap        ] GC(345) Old regions: 13->13
[2026-05-06T01:03:32.736+0100][9.023s][info][gc,heap        ] GC(345) Humongous regions: 169->96
[2026-05-06T01:03:32.736+0100][9.023s][info][gc,metaspace   ] GC(345) Metaspace: 19075K(19392K)->19075K(19392K) NonClass: 16839K(17024K)->16839K(17024K) Class: 2236K(2368K)->2236K(2368K)
[2026-05-06T01:03:32.736+0100][9.023s][info][gc             ] GC(345) Pause Young (Concurrent Start) (G1 Humongous Allocation) 350M->203M(728M) 0.580ms
[2026-05-06T01:03:32.736+0100][9.023s][info][gc,cpu         ] GC(345) User=0.00s Sys=0.00s Real=0.00s
[2026-05-06T01:03:32.736+0100][9.023s][info][gc             ] GC(346) Concurrent Undo Cycle
[2026-05-06T01:03:32.736+0100][9.023s][info][gc,marking     ] GC(346) Concurrent Clear Claimed Marks
[2026-05-06T01:03:32.736+0100][9.023s][info][gc,marking     ] GC(346) Concurrent Clear Claimed Marks 0.008ms
[2026-05-06T01:03:32.736+0100][9.023s][info][gc,marking     ] GC(346) Concurrent Cleanup for Next Mark
[2026-05-06T01:03:32.736+0100][9.023s][info][gc,marking     ] GC(346) Concurrent Cleanup for Next Mark 0.041ms
[2026-05-06T01:03:32.736+0100][9.023s][info][gc             ] GC(346) Concurrent Undo Cycle 0.081ms
[2026-05-06T01:03:32.883+0100][9.169s][info][gc,start       ] GC(347) Pause Young (Concurrent Start) (G1 Humongous Allocation)
[2026-05-06T01:03:32.883+0100][9.169s][info][gc,task        ] GC(347) Using 9 workers of 9 for evacuation
[2026-05-06T01:03:32.883+0100][9.170s][info][gc,phases      ] GC(347)   Pre Evacuate Collection Set: 0.1ms
[2026-05-06T01:03:32.883+0100][9.170s][info][gc,phases      ] GC(347)   Merge Heap Roots: 0.0ms
[2026-05-06T01:03:32.883+0100][9.170s][info][gc,phases      ] GC(347)   Evacuate Collection Set: 0.2ms
[2026-05-06T01:03:32.883+0100][9.170s][info][gc,phases      ] GC(347)   Post Evacuate Collection Set: 0.1ms
[2026-05-06T01:03:32.883+0100][9.170s][info][gc,phases      ] GC(347)   Other: 0.0ms
[2026-05-06T01:03:32.883+0100][9.170s][info][gc,heap        ] GC(347) Eden regions: 1->0(217)
[2026-05-06T01:03:32.883+0100][9.170s][info][gc,heap        ] GC(347) Survivor regions: 1->1(28)
[2026-05-06T01:03:32.883+0100][9.170s][info][gc,heap        ] GC(347) Old regions: 13->13
[2026-05-06T01:03:32.883+0100][9.170s][info][gc,heap        ] GC(347) Humongous regions: 169->96
[2026-05-06T01:03:32.883+0100][9.170s][info][gc,metaspace   ] GC(347) Metaspace: 19075K(19392K)->19075K(19392K) NonClass: 16839K(17024K)->16839K(17024K) Class: 2236K(2368K)->2236K(2368K)
[2026-05-06T01:03:32.883+0100][9.170s][info][gc             ] GC(347) Pause Young (Concurrent Start) (G1 Humongous Allocation) 350M->203M(728M) 0.553ms
[2026-05-06T01:03:32.883+0100][9.170s][info][gc,cpu         ] GC(347) User=0.00s Sys=0.00s Real=0.00s
[2026-05-06T01:03:32.883+0100][9.170s][info][gc             ] GC(348) Concurrent Undo Cycle
[2026-05-06T01:03:32.883+0100][9.170s][info][gc,marking     ] GC(348) Concurrent Clear Claimed Marks
[2026-05-06T01:03:32.883+0100][9.170s][info][gc,marking     ] GC(348) Concurrent Clear Claimed Marks 0.008ms
[2026-05-06T01:03:32.883+0100][9.170s][info][gc,marking     ] GC(348) Concurrent Cleanup for Next Mark
[2026-05-06T01:03:32.884+0100][9.170s][info][gc,marking     ] GC(348) Concurrent Cleanup for Next Mark 0.040ms
[2026-05-06T01:03:32.884+0100][9.170s][info][gc             ] GC(348) Concurrent Undo Cycle 0.079ms
[2026-05-06T01:03:32.965+0100][9.251s][info][gc,start       ] GC(349) Pause Full (System.gc())
[2026-05-06T01:03:32.965+0100][9.251s][info][gc,task        ] GC(349) Using 9 workers of 9 for full compaction
[2026-05-06T01:03:32.965+0100][9.251s][info][gc,phases,start] GC(349) Phase 1: Mark live objects
[2026-05-06T01:03:32.967+0100][9.254s][info][gc,phases      ] GC(349) Phase 1: Mark live objects 2.494ms
[2026-05-06T01:03:32.967+0100][9.254s][info][gc,phases,start] GC(349) Phase 2: Prepare compaction
[2026-05-06T01:03:32.968+0100][9.254s][info][gc,phases      ] GC(349) Phase 2: Prepare compaction 0.256ms
[2026-05-06T01:03:32.968+0100][9.254s][info][gc,phases,start] GC(349) Phase 3: Adjust pointers
[2026-05-06T01:03:32.969+0100][9.256s][info][gc,phases      ] GC(349) Phase 3: Adjust pointers 1.691ms
[2026-05-06T01:03:32.969+0100][9.256s][info][gc,phases,start] GC(349) Phase 4: Compact heap
[2026-05-06T01:03:32.969+0100][9.256s][info][gc,phases      ] GC(349) Phase 4: Compact heap 0.229ms
[2026-05-06T01:03:32.969+0100][9.256s][info][gc,phases,start] GC(349) Phase 5: Reset Metadata
[2026-05-06T01:03:32.970+0100][9.256s][info][gc,phases      ] GC(349) Phase 5: Reset Metadata 0.353ms
[2026-05-06T01:03:32.970+0100][9.257s][info][gc,heap        ] GC(349) Eden regions: 1->0(218)
[2026-05-06T01:03:32.970+0100][9.257s][info][gc,heap        ] GC(349) Survivor regions: 1->0(28)
[2026-05-06T01:03:32.970+0100][9.257s][info][gc,heap        ] GC(349) Old regions: 13->13
[2026-05-06T01:03:32.970+0100][9.257s][info][gc,heap        ] GC(349) Humongous regions: 169->96
[2026-05-06T01:03:32.970+0100][9.257s][info][gc,metaspace   ] GC(349) Metaspace: 19075K(19392K)->19075K(19392K) NonClass: 16839K(17024K)->16839K(17024K) Class: 2236K(2368K)->2236K(2368K)
[2026-05-06T01:03:32.970+0100][9.257s][info][gc             ] GC(349) Pause Full (System.gc()) 350M->203M(728M) 5.718ms
[2026-05-06T01:03:32.970+0100][9.257s][info][gc,cpu         ] GC(349) User=0.02s Sys=0.01s Real=0.01s
[2026-05-06T01:03:33.032+0100][9.318s][info][gc,start       ] GC(350) Pause Young (Concurrent Start) (G1 Humongous Allocation)
[2026-05-06T01:03:33.032+0100][9.318s][info][gc,task        ] GC(350) Using 9 workers of 9 for evacuation
[2026-05-06T01:03:33.032+0100][9.319s][info][gc,phases      ] GC(350)   Pre Evacuate Collection Set: 0.1ms
[2026-05-06T01:03:33.032+0100][9.319s][info][gc,phases      ] GC(350)   Merge Heap Roots: 0.0ms
[2026-05-06T01:03:33.032+0100][9.319s][info][gc,phases      ] GC(350)   Evacuate Collection Set: 0.1ms
[2026-05-06T01:03:33.032+0100][9.319s][info][gc,phases      ] GC(350)   Post Evacuate Collection Set: 0.1ms
[2026-05-06T01:03:33.032+0100][9.319s][info][gc,phases      ] GC(350)   Other: 0.0ms
[2026-05-06T01:03:33.032+0100][9.319s][info][gc,heap        ] GC(350) Eden regions: 1->0(217)
[2026-05-06T01:03:33.032+0100][9.319s][info][gc,heap        ] GC(350) Survivor regions: 0->1(28)
[2026-05-06T01:03:33.032+0100][9.319s][info][gc,heap        ] GC(350) Old regions: 13->13
[2026-05-06T01:03:33.032+0100][9.319s][info][gc,heap        ] GC(350) Humongous regions: 96->96
[2026-05-06T01:03:33.032+0100][9.319s][info][gc,metaspace   ] GC(350) Metaspace: 19075K(19392K)->19075K(19392K) NonClass: 16839K(17024K)->16839K(17024K) Class: 2236K(2368K)->2236K(2368K)
[2026-05-06T01:03:33.032+0100][9.319s][info][gc             ] GC(350) Pause Young (Concurrent Start) (G1 Humongous Allocation) 204M->203M(728M) 0.494ms
[2026-05-06T01:03:33.032+0100][9.319s][info][gc,cpu         ] GC(350) User=0.00s Sys=0.00s Real=0.00s
[2026-05-06T01:03:33.032+0100][9.319s][info][gc             ] GC(351) Concurrent Undo Cycle
[2026-05-06T01:03:33.032+0100][9.319s][info][gc,marking     ] GC(351) Concurrent Clear Claimed Marks
[2026-05-06T01:03:33.032+0100][9.319s][info][gc,marking     ] GC(351) Concurrent Clear Claimed Marks 0.006ms
[2026-05-06T01:03:33.032+0100][9.319s][info][gc,marking     ] GC(351) Concurrent Cleanup for Next Mark
[2026-05-06T01:03:33.032+0100][9.319s][info][gc,marking     ] GC(351) Concurrent Cleanup for Next Mark 0.036ms
[2026-05-06T01:03:33.032+0100][9.319s][info][gc             ] GC(351) Concurrent Undo Cycle 0.068ms
[2026-05-06T01:03:33.175+0100][9.461s][info][gc,start       ] GC(352) Pause Young (Concurrent Start) (G1 Humongous Allocation)
[2026-05-06T01:03:33.175+0100][9.461s][info][gc,task        ] GC(352) Using 9 workers of 9 for evacuation
[2026-05-06T01:03:33.176+0100][9.462s][info][gc,phases      ] GC(352)   Pre Evacuate Collection Set: 0.1ms
[2026-05-06T01:03:33.176+0100][9.462s][info][gc,phases      ] GC(352)   Merge Heap Roots: 0.0ms
[2026-05-06T01:03:33.176+0100][9.462s][info][gc,phases      ] GC(352)   Evacuate Collection Set: 0.2ms
[2026-05-06T01:03:33.176+0100][9.462s][info][gc,phases      ] GC(352)   Post Evacuate Collection Set: 0.1ms
[2026-05-06T01:03:33.176+0100][9.462s][info][gc,phases      ] GC(352)   Other: 0.0ms
[2026-05-06T01:03:33.176+0100][9.462s][info][gc,heap        ] GC(352) Eden regions: 1->0(217)
[2026-05-06T01:03:33.176+0100][9.462s][info][gc,heap        ] GC(352) Survivor regions: 1->1(28)
[2026-05-06T01:03:33.176+0100][9.462s][info][gc,heap        ] GC(352) Old regions: 13->13
[2026-05-06T01:03:33.176+0100][9.462s][info][gc,heap        ] GC(352) Humongous regions: 169->96
[2026-05-06T01:03:33.176+0100][9.462s][info][gc,metaspace   ] GC(352) Metaspace: 19075K(19392K)->19075K(19392K) NonClass: 16839K(17024K)->16839K(17024K) Class: 2236K(2368K)->2236K(2368K)
[2026-05-06T01:03:33.176+0100][9.462s][info][gc             ] GC(352) Pause Young (Concurrent Start) (G1 Humongous Allocation) 350M->203M(728M) 0.545ms
[2026-05-06T01:03:33.176+0100][9.462s][info][gc,cpu         ] GC(352) User=0.01s Sys=0.00s Real=0.00s
[2026-05-06T01:03:33.176+0100][9.462s][info][gc             ] GC(353) Concurrent Undo Cycle
[2026-05-06T01:03:33.176+0100][9.462s][info][gc,marking     ] GC(353) Concurrent Clear Claimed Marks
[2026-05-06T01:03:33.176+0100][9.462s][info][gc,marking     ] GC(353) Concurrent Clear Claimed Marks 0.007ms
[2026-05-06T01:03:33.176+0100][9.462s][info][gc,marking     ] GC(353) Concurrent Cleanup for Next Mark
[2026-05-06T01:03:33.176+0100][9.462s][info][gc,marking     ] GC(353) Concurrent Cleanup for Next Mark 0.031ms
[2026-05-06T01:03:33.176+0100][9.462s][info][gc             ] GC(353) Concurrent Undo Cycle 0.066ms
[2026-05-06T01:03:33.319+0100][9.605s][info][gc,start       ] GC(354) Pause Young (Concurrent Start) (G1 Humongous Allocation)
[2026-05-06T01:03:33.319+0100][9.605s][info][gc,task        ] GC(354) Using 9 workers of 9 for evacuation
[2026-05-06T01:03:33.319+0100][9.606s][info][gc,phases      ] GC(354)   Pre Evacuate Collection Set: 0.1ms
[2026-05-06T01:03:33.319+0100][9.606s][info][gc,phases      ] GC(354)   Merge Heap Roots: 0.0ms
[2026-05-06T01:03:33.319+0100][9.606s][info][gc,phases      ] GC(354)   Evacuate Collection Set: 0.2ms
[2026-05-06T01:03:33.319+0100][9.606s][info][gc,phases      ] GC(354)   Post Evacuate Collection Set: 0.1ms
[2026-05-06T01:03:33.319+0100][9.606s][info][gc,phases      ] GC(354)   Other: 0.0ms
[2026-05-06T01:03:33.319+0100][9.606s][info][gc,heap        ] GC(354) Eden regions: 1->0(217)
[2026-05-06T01:03:33.319+0100][9.606s][info][gc,heap        ] GC(354) Survivor regions: 1->1(28)
[2026-05-06T01:03:33.319+0100][9.606s][info][gc,heap        ] GC(354) Old regions: 13->13
[2026-05-06T01:03:33.319+0100][9.606s][info][gc,heap        ] GC(354) Humongous regions: 169->96
[2026-05-06T01:03:33.319+0100][9.606s][info][gc,metaspace   ] GC(354) Metaspace: 19075K(19392K)->19075K(19392K) NonClass: 16839K(17024K)->16839K(17024K) Class: 2236K(2368K)->2236K(2368K)
[2026-05-06T01:03:33.319+0100][9.606s][info][gc             ] GC(354) Pause Young (Concurrent Start) (G1 Humongous Allocation) 350M->203M(728M) 0.541ms
[2026-05-06T01:03:33.319+0100][9.606s][info][gc,cpu         ] GC(354) User=0.00s Sys=0.00s Real=0.00s
[2026-05-06T01:03:33.319+0100][9.606s][info][gc             ] GC(355) Concurrent Undo Cycle
[2026-05-06T01:03:33.320+0100][9.606s][info][gc,marking     ] GC(355) Concurrent Clear Claimed Marks
[2026-05-06T01:03:33.320+0100][9.606s][info][gc,marking     ] GC(355) Concurrent Clear Claimed Marks 0.008ms
[2026-05-06T01:03:33.320+0100][9.606s][info][gc,marking     ] GC(355) Concurrent Cleanup for Next Mark
[2026-05-06T01:03:33.320+0100][9.606s][info][gc,marking     ] GC(355) Concurrent Cleanup for Next Mark 0.032ms
[2026-05-06T01:03:33.320+0100][9.606s][info][gc             ] GC(355) Concurrent Undo Cycle 0.075ms
[2026-05-06T01:03:33.462+0100][9.748s][info][gc,start       ] GC(356) Pause Young (Concurrent Start) (G1 Humongous Allocation)
[2026-05-06T01:03:33.462+0100][9.748s][info][gc,task        ] GC(356) Using 9 workers of 9 for evacuation
[2026-05-06T01:03:33.462+0100][9.749s][info][gc,phases      ] GC(356)   Pre Evacuate Collection Set: 0.1ms
[2026-05-06T01:03:33.462+0100][9.749s][info][gc,phases      ] GC(356)   Merge Heap Roots: 0.0ms
[2026-05-06T01:03:33.462+0100][9.749s][info][gc,phases      ] GC(356)   Evacuate Collection Set: 0.1ms
[2026-05-06T01:03:33.462+0100][9.749s][info][gc,phases      ] GC(356)   Post Evacuate Collection Set: 0.1ms
[2026-05-06T01:03:33.462+0100][9.749s][info][gc,phases      ] GC(356)   Other: 0.0ms
[2026-05-06T01:03:33.462+0100][9.749s][info][gc,heap        ] GC(356) Eden regions: 1->0(217)
[2026-05-06T01:03:33.462+0100][9.749s][info][gc,heap        ] GC(356) Survivor regions: 1->1(28)
[2026-05-06T01:03:33.462+0100][9.749s][info][gc,heap        ] GC(356) Old regions: 13->13
[2026-05-06T01:03:33.462+0100][9.749s][info][gc,heap        ] GC(356) Humongous regions: 169->96
[2026-05-06T01:03:33.462+0100][9.749s][info][gc,metaspace   ] GC(356) Metaspace: 19075K(19392K)->19075K(19392K) NonClass: 16839K(17024K)->16839K(17024K) Class: 2236K(2368K)->2236K(2368K)
[2026-05-06T01:03:33.462+0100][9.749s][info][gc             ] GC(356) Pause Young (Concurrent Start) (G1 Humongous Allocation) 350M->203M(728M) 0.479ms
[2026-05-06T01:03:33.462+0100][9.749s][info][gc,cpu         ] GC(356) User=0.00s Sys=0.00s Real=0.00s
[2026-05-06T01:03:33.462+0100][9.749s][info][gc             ] GC(357) Concurrent Undo Cycle
[2026-05-06T01:03:33.463+0100][9.749s][info][gc,marking     ] GC(357) Concurrent Clear Claimed Marks
[2026-05-06T01:03:33.463+0100][9.749s][info][gc,marking     ] GC(357) Concurrent Clear Claimed Marks 0.007ms
[2026-05-06T01:03:33.463+0100][9.749s][info][gc,marking     ] GC(357) Concurrent Cleanup for Next Mark
[2026-05-06T01:03:33.463+0100][9.749s][info][gc,marking     ] GC(357) Concurrent Cleanup for Next Mark 0.035ms
[2026-05-06T01:03:33.463+0100][9.749s][info][gc             ] GC(357) Concurrent Undo Cycle 0.074ms
[2026-05-06T01:03:33.605+0100][9.892s][info][gc,start       ] GC(358) Pause Young (Concurrent Start) (G1 Humongous Allocation)
[2026-05-06T01:03:33.605+0100][9.892s][info][gc,task        ] GC(358) Using 9 workers of 9 for evacuation
[2026-05-06T01:03:33.606+0100][9.892s][info][gc,phases      ] GC(358)   Pre Evacuate Collection Set: 0.1ms
[2026-05-06T01:03:33.606+0100][9.892s][info][gc,phases      ] GC(358)   Merge Heap Roots: 0.0ms
[2026-05-06T01:03:33.606+0100][9.892s][info][gc,phases      ] GC(358)   Evacuate Collection Set: 0.2ms
[2026-05-06T01:03:33.606+0100][9.892s][info][gc,phases      ] GC(358)   Post Evacuate Collection Set: 0.1ms
[2026-05-06T01:03:33.606+0100][9.892s][info][gc,phases      ] GC(358)   Other: 0.0ms
[2026-05-06T01:03:33.606+0100][9.892s][info][gc,heap        ] GC(358) Eden regions: 1->0(217)
[2026-05-06T01:03:33.606+0100][9.892s][info][gc,heap        ] GC(358) Survivor regions: 1->1(28)
[2026-05-06T01:03:33.606+0100][9.892s][info][gc,heap        ] GC(358) Old regions: 13->13
[2026-05-06T01:03:33.606+0100][9.892s][info][gc,heap        ] GC(358) Humongous regions: 169->96
[2026-05-06T01:03:33.606+0100][9.892s][info][gc,metaspace   ] GC(358) Metaspace: 19075K(19392K)->19075K(19392K) NonClass: 16839K(17024K)->16839K(17024K) Class: 2236K(2368K)->2236K(2368K)
[2026-05-06T01:03:33.606+0100][9.892s][info][gc             ] GC(358) Pause Young (Concurrent Start) (G1 Humongous Allocation) 350M->203M(728M) 0.527ms
[2026-05-06T01:03:33.606+0100][9.892s][info][gc,cpu         ] GC(358) User=0.00s Sys=0.00s Real=0.00s
[2026-05-06T01:03:33.606+0100][9.892s][info][gc             ] GC(359) Concurrent Undo Cycle
[2026-05-06T01:03:33.606+0100][9.892s][info][gc,marking     ] GC(359) Concurrent Clear Claimed Marks
[2026-05-06T01:03:33.606+0100][9.892s][info][gc,marking     ] GC(359) Concurrent Clear Claimed Marks 0.006ms
[2026-05-06T01:03:33.606+0100][9.892s][info][gc,marking     ] GC(359) Concurrent Cleanup for Next Mark
[2026-05-06T01:03:33.606+0100][9.892s][info][gc,marking     ] GC(359) Concurrent Cleanup for Next Mark 0.031ms
[2026-05-06T01:03:33.606+0100][9.892s][info][gc             ] GC(359) Concurrent Undo Cycle 0.063ms
[2026-05-06T01:03:33.752+0100][10.039s][info][gc,start       ] GC(360) Pause Young (Concurrent Start) (G1 Humongous Allocation)
[2026-05-06T01:03:33.752+0100][10.039s][info][gc,task        ] GC(360) Using 9 workers of 9 for evacuation
[2026-05-06T01:03:33.753+0100][10.039s][info][gc,phases      ] GC(360)   Pre Evacuate Collection Set: 0.1ms
[2026-05-06T01:03:33.753+0100][10.039s][info][gc,phases      ] GC(360)   Merge Heap Roots: 0.0ms
[2026-05-06T01:03:33.753+0100][10.039s][info][gc,phases      ] GC(360)   Evacuate Collection Set: 0.2ms
[2026-05-06T01:03:33.753+0100][10.039s][info][gc,phases      ] GC(360)   Post Evacuate Collection Set: 0.1ms
[2026-05-06T01:03:33.753+0100][10.039s][info][gc,phases      ] GC(360)   Other: 0.0ms
[2026-05-06T01:03:33.753+0100][10.039s][info][gc,heap        ] GC(360) Eden regions: 1->0(217)
[2026-05-06T01:03:33.753+0100][10.039s][info][gc,heap        ] GC(360) Survivor regions: 1->1(28)
[2026-05-06T01:03:33.753+0100][10.039s][info][gc,heap        ] GC(360) Old regions: 13->13
[2026-05-06T01:03:33.753+0100][10.039s][info][gc,heap        ] GC(360) Humongous regions: 169->96
[2026-05-06T01:03:33.753+0100][10.039s][info][gc,metaspace   ] GC(360) Metaspace: 19075K(19392K)->19075K(19392K) NonClass: 16839K(17024K)->16839K(17024K) Class: 2236K(2368K)->2236K(2368K)
[2026-05-06T01:03:33.753+0100][10.039s][info][gc             ] GC(360) Pause Young (Concurrent Start) (G1 Humongous Allocation) 350M->203M(728M) 0.552ms
[2026-05-06T01:03:33.753+0100][10.039s][info][gc,cpu         ] GC(360) User=0.00s Sys=0.00s Real=0.00s
[2026-05-06T01:03:33.753+0100][10.039s][info][gc             ] GC(361) Concurrent Undo Cycle
[2026-05-06T01:03:33.753+0100][10.039s][info][gc,marking     ] GC(361) Concurrent Clear Claimed Marks
[2026-05-06T01:03:33.753+0100][10.039s][info][gc,marking     ] GC(361) Concurrent Clear Claimed Marks 0.007ms
[2026-05-06T01:03:33.753+0100][10.039s][info][gc,marking     ] GC(361) Concurrent Cleanup for Next Mark
[2026-05-06T01:03:33.753+0100][10.039s][info][gc,marking     ] GC(361) Concurrent Cleanup for Next Mark 0.041ms
[2026-05-06T01:03:33.753+0100][10.039s][info][gc             ] GC(361) Concurrent Undo Cycle 0.088ms
[2026-05-06T01:03:33.896+0100][10.182s][info][gc,start       ] GC(362) Pause Young (Concurrent Start) (G1 Humongous Allocation)
[2026-05-06T01:03:33.896+0100][10.182s][info][gc,task        ] GC(362) Using 9 workers of 9 for evacuation
[2026-05-06T01:03:33.896+0100][10.182s][info][gc,phases      ] GC(362)   Pre Evacuate Collection Set: 0.1ms
[2026-05-06T01:03:33.896+0100][10.182s][info][gc,phases      ] GC(362)   Merge Heap Roots: 0.0ms
[2026-05-06T01:03:33.896+0100][10.182s][info][gc,phases      ] GC(362)   Evacuate Collection Set: 0.1ms
[2026-05-06T01:03:33.896+0100][10.182s][info][gc,phases      ] GC(362)   Post Evacuate Collection Set: 0.1ms
[2026-05-06T01:03:33.896+0100][10.182s][info][gc,phases      ] GC(362)   Other: 0.0ms
[2026-05-06T01:03:33.896+0100][10.182s][info][gc,heap        ] GC(362) Eden regions: 1->0(217)
[2026-05-06T01:03:33.896+0100][10.182s][info][gc,heap        ] GC(362) Survivor regions: 1->1(28)
[2026-05-06T01:03:33.896+0100][10.182s][info][gc,heap        ] GC(362) Old regions: 13->13
[2026-05-06T01:03:33.896+0100][10.182s][info][gc,heap        ] GC(362) Humongous regions: 169->96
[2026-05-06T01:03:33.896+0100][10.182s][info][gc,metaspace   ] GC(362) Metaspace: 19075K(19392K)->19075K(19392K) NonClass: 16839K(17024K)->16839K(17024K) Class: 2236K(2368K)->2236K(2368K)
[2026-05-06T01:03:33.896+0100][10.182s][info][gc             ] GC(362) Pause Young (Concurrent Start) (G1 Humongous Allocation) 350M->203M(728M) 0.528ms
[2026-05-06T01:03:33.896+0100][10.182s][info][gc,cpu         ] GC(362) User=0.00s Sys=0.00s Real=0.00s
[2026-05-06T01:03:33.896+0100][10.182s][info][gc             ] GC(363) Concurrent Undo Cycle
[2026-05-06T01:03:33.896+0100][10.183s][info][gc,marking     ] GC(363) Concurrent Clear Claimed Marks
[2026-05-06T01:03:33.896+0100][10.183s][info][gc,marking     ] GC(363) Concurrent Clear Claimed Marks 0.008ms
[2026-05-06T01:03:33.896+0100][10.183s][info][gc,marking     ] GC(363) Concurrent Cleanup for Next Mark
[2026-05-06T01:03:33.896+0100][10.183s][info][gc,marking     ] GC(363) Concurrent Cleanup for Next Mark 0.037ms
[2026-05-06T01:03:33.896+0100][10.183s][info][gc             ] GC(363) Concurrent Undo Cycle 0.075ms
[2026-05-06T01:03:34.038+0100][10.324s][info][gc,start       ] GC(364) Pause Young (Concurrent Start) (G1 Humongous Allocation)
[2026-05-06T01:03:34.038+0100][10.324s][info][gc,task        ] GC(364) Using 9 workers of 9 for evacuation
[2026-05-06T01:03:34.038+0100][10.325s][info][gc,phases      ] GC(364)   Pre Evacuate Collection Set: 0.1ms
[2026-05-06T01:03:34.038+0100][10.325s][info][gc,phases      ] GC(364)   Merge Heap Roots: 0.0ms
[2026-05-06T01:03:34.038+0100][10.325s][info][gc,phases      ] GC(364)   Evacuate Collection Set: 0.1ms
[2026-05-06T01:03:34.038+0100][10.325s][info][gc,phases      ] GC(364)   Post Evacuate Collection Set: 0.1ms
[2026-05-06T01:03:34.038+0100][10.325s][info][gc,phases      ] GC(364)   Other: 0.0ms
[2026-05-06T01:03:34.038+0100][10.325s][info][gc,heap        ] GC(364) Eden regions: 1->0(217)
[2026-05-06T01:03:34.038+0100][10.325s][info][gc,heap        ] GC(364) Survivor regions: 1->1(28)
[2026-05-06T01:03:34.038+0100][10.325s][info][gc,heap        ] GC(364) Old regions: 13->13
[2026-05-06T01:03:34.038+0100][10.325s][info][gc,heap        ] GC(364) Humongous regions: 169->96
[2026-05-06T01:03:34.038+0100][10.325s][info][gc,metaspace   ] GC(364) Metaspace: 19075K(19392K)->19075K(19392K) NonClass: 16839K(17024K)->16839K(17024K) Class: 2236K(2368K)->2236K(2368K)
[2026-05-06T01:03:34.038+0100][10.325s][info][gc             ] GC(364) Pause Young (Concurrent Start) (G1 Humongous Allocation) 350M->203M(728M) 0.518ms
[2026-05-06T01:03:34.038+0100][10.325s][info][gc,cpu         ] GC(364) User=0.00s Sys=0.00s Real=0.00s
[2026-05-06T01:03:34.038+0100][10.325s][info][gc             ] GC(365) Concurrent Undo Cycle
[2026-05-06T01:03:34.038+0100][10.325s][info][gc,marking     ] GC(365) Concurrent Clear Claimed Marks
[2026-05-06T01:03:34.038+0100][10.325s][info][gc,marking     ] GC(365) Concurrent Clear Claimed Marks 0.007ms
[2026-05-06T01:03:34.038+0100][10.325s][info][gc,marking     ] GC(365) Concurrent Cleanup for Next Mark
[2026-05-06T01:03:34.038+0100][10.325s][info][gc,marking     ] GC(365) Concurrent Cleanup for Next Mark 0.034ms
[2026-05-06T01:03:34.038+0100][10.325s][info][gc             ] GC(365) Concurrent Undo Cycle 0.078ms
[2026-05-06T01:03:34.180+0100][10.467s][info][gc,start       ] GC(366) Pause Young (Concurrent Start) (G1 Humongous Allocation)
[2026-05-06T01:03:34.180+0100][10.467s][info][gc,task        ] GC(366) Using 9 workers of 9 for evacuation
[2026-05-06T01:03:34.181+0100][10.467s][info][gc,phases      ] GC(366)   Pre Evacuate Collection Set: 0.1ms
[2026-05-06T01:03:34.181+0100][10.467s][info][gc,phases      ] GC(366)   Merge Heap Roots: 0.0ms
[2026-05-06T01:03:34.181+0100][10.467s][info][gc,phases      ] GC(366)   Evacuate Collection Set: 0.1ms
[2026-05-06T01:03:34.181+0100][10.467s][info][gc,phases      ] GC(366)   Post Evacuate Collection Set: 0.1ms
[2026-05-06T01:03:34.181+0100][10.467s][info][gc,phases      ] GC(366)   Other: 0.0ms
[2026-05-06T01:03:34.181+0100][10.467s][info][gc,heap        ] GC(366) Eden regions: 1->0(217)
[2026-05-06T01:03:34.181+0100][10.467s][info][gc,heap        ] GC(366) Survivor regions: 1->1(28)
[2026-05-06T01:03:34.181+0100][10.467s][info][gc,heap        ] GC(366) Old regions: 13->13
[2026-05-06T01:03:34.181+0100][10.467s][info][gc,heap        ] GC(366) Humongous regions: 169->96
[2026-05-06T01:03:34.181+0100][10.467s][info][gc,metaspace   ] GC(366) Metaspace: 19075K(19392K)->19075K(19392K) NonClass: 16839K(17024K)->16839K(17024K) Class: 2236K(2368K)->2236K(2368K)
[2026-05-06T01:03:34.181+0100][10.467s][info][gc             ] GC(366) Pause Young (Concurrent Start) (G1 Humongous Allocation) 350M->203M(728M) 0.513ms
[2026-05-06T01:03:34.181+0100][10.467s][info][gc,cpu         ] GC(366) User=0.00s Sys=0.01s Real=0.00s
[2026-05-06T01:03:34.181+0100][10.467s][info][gc             ] GC(367) Concurrent Undo Cycle
[2026-05-06T01:03:34.181+0100][10.467s][info][gc,marking     ] GC(367) Concurrent Clear Claimed Marks
[2026-05-06T01:03:34.181+0100][10.467s][info][gc,marking     ] GC(367) Concurrent Clear Claimed Marks 0.007ms
[2026-05-06T01:03:34.181+0100][10.467s][info][gc,marking     ] GC(367) Concurrent Cleanup for Next Mark
[2026-05-06T01:03:34.181+0100][10.467s][info][gc,marking     ] GC(367) Concurrent Cleanup for Next Mark 0.042ms
[2026-05-06T01:03:34.181+0100][10.467s][info][gc             ] GC(367) Concurrent Undo Cycle 0.073ms
[2026-05-06T01:03:34.325+0100][10.611s][info][gc,start       ] GC(368) Pause Young (Concurrent Start) (G1 Humongous Allocation)
[2026-05-06T01:03:34.325+0100][10.611s][info][gc,task        ] GC(368) Using 9 workers of 9 for evacuation
[2026-05-06T01:03:34.325+0100][10.611s][info][gc,phases      ] GC(368)   Pre Evacuate Collection Set: 0.1ms
[2026-05-06T01:03:34.325+0100][10.611s][info][gc,phases      ] GC(368)   Merge Heap Roots: 0.0ms
[2026-05-06T01:03:34.325+0100][10.611s][info][gc,phases      ] GC(368)   Evacuate Collection Set: 0.2ms
[2026-05-06T01:03:34.325+0100][10.611s][info][gc,phases      ] GC(368)   Post Evacuate Collection Set: 0.1ms
[2026-05-06T01:03:34.325+0100][10.611s][info][gc,phases      ] GC(368)   Other: 0.0ms
[2026-05-06T01:03:34.325+0100][10.611s][info][gc,heap        ] GC(368) Eden regions: 1->0(217)
[2026-05-06T01:03:34.325+0100][10.611s][info][gc,heap        ] GC(368) Survivor regions: 1->1(28)
[2026-05-06T01:03:34.325+0100][10.611s][info][gc,heap        ] GC(368) Old regions: 13->13
[2026-05-06T01:03:34.325+0100][10.611s][info][gc,heap        ] GC(368) Humongous regions: 169->96
[2026-05-06T01:03:34.325+0100][10.611s][info][gc,metaspace   ] GC(368) Metaspace: 19075K(19392K)->19075K(19392K) NonClass: 16839K(17024K)->16839K(17024K) Class: 2236K(2368K)->2236K(2368K)
[2026-05-06T01:03:34.325+0100][10.611s][info][gc             ] GC(368) Pause Young (Concurrent Start) (G1 Humongous Allocation) 350M->203M(728M) 0.539ms
[2026-05-06T01:03:34.325+0100][10.611s][info][gc,cpu         ] GC(368) User=0.00s Sys=0.00s Real=0.00s
[2026-05-06T01:03:34.325+0100][10.611s][info][gc             ] GC(369) Concurrent Undo Cycle
[2026-05-06T01:03:34.325+0100][10.611s][info][gc,marking     ] GC(369) Concurrent Clear Claimed Marks
[2026-05-06T01:03:34.325+0100][10.611s][info][gc,marking     ] GC(369) Concurrent Clear Claimed Marks 0.008ms
[2026-05-06T01:03:34.325+0100][10.612s][info][gc,marking     ] GC(369) Concurrent Cleanup for Next Mark
[2026-05-06T01:03:34.325+0100][10.612s][info][gc,marking     ] GC(369) Concurrent Cleanup for Next Mark 0.041ms
[2026-05-06T01:03:34.325+0100][10.612s][info][gc             ] GC(369) Concurrent Undo Cycle 0.078ms
[2026-05-06T01:03:34.470+0100][10.756s][info][gc,start       ] GC(370) Pause Young (Concurrent Start) (G1 Humongous Allocation)
[2026-05-06T01:03:34.470+0100][10.756s][info][gc,task        ] GC(370) Using 9 workers of 9 for evacuation
[2026-05-06T01:03:34.470+0100][10.757s][info][gc,phases      ] GC(370)   Pre Evacuate Collection Set: 0.1ms
[2026-05-06T01:03:34.470+0100][10.757s][info][gc,phases      ] GC(370)   Merge Heap Roots: 0.0ms
[2026-05-06T01:03:34.470+0100][10.757s][info][gc,phases      ] GC(370)   Evacuate Collection Set: 0.2ms
[2026-05-06T01:03:34.470+0100][10.757s][info][gc,phases      ] GC(370)   Post Evacuate Collection Set: 0.1ms
[2026-05-06T01:03:34.470+0100][10.757s][info][gc,phases      ] GC(370)   Other: 0.0ms
[2026-05-06T01:03:34.470+0100][10.757s][info][gc,heap        ] GC(370) Eden regions: 1->0(217)
[2026-05-06T01:03:34.470+0100][10.757s][info][gc,heap        ] GC(370) Survivor regions: 1->1(28)
[2026-05-06T01:03:34.470+0100][10.757s][info][gc,heap        ] GC(370) Old regions: 13->13
[2026-05-06T01:03:34.470+0100][10.757s][info][gc,heap        ] GC(370) Humongous regions: 169->96
[2026-05-06T01:03:34.470+0100][10.757s][info][gc,metaspace   ] GC(370) Metaspace: 19076K(19392K)->19076K(19392K) NonClass: 16839K(17024K)->16839K(17024K) Class: 2236K(2368K)->2236K(2368K)
[2026-05-06T01:03:34.470+0100][10.757s][info][gc             ] GC(370) Pause Young (Concurrent Start) (G1 Humongous Allocation) 350M->203M(728M) 0.561ms
[2026-05-06T01:03:34.470+0100][10.757s][info][gc,cpu         ] GC(370) User=0.00s Sys=0.00s Real=0.00s
[2026-05-06T01:03:34.470+0100][10.757s][info][gc             ] GC(371) Concurrent Undo Cycle
[2026-05-06T01:03:34.470+0100][10.757s][info][gc,marking     ] GC(371) Concurrent Clear Claimed Marks
[2026-05-06T01:03:34.470+0100][10.757s][info][gc,marking     ] GC(371) Concurrent Clear Claimed Marks 0.007ms
[2026-05-06T01:03:34.470+0100][10.757s][info][gc,marking     ] GC(371) Concurrent Cleanup for Next Mark
[2026-05-06T01:03:34.470+0100][10.757s][info][gc,marking     ] GC(371) Concurrent Cleanup for Next Mark 0.037ms
[2026-05-06T01:03:34.470+0100][10.757s][info][gc             ] GC(371) Concurrent Undo Cycle 0.071ms
[2026-05-06T01:03:34.627+0100][10.913s][info][gc,start       ] GC(372) Pause Young (Concurrent Start) (G1 Humongous Allocation)
[2026-05-06T01:03:34.627+0100][10.913s][info][gc,task        ] GC(372) Using 9 workers of 9 for evacuation
[2026-05-06T01:03:34.627+0100][10.914s][info][gc,phases      ] GC(372)   Pre Evacuate Collection Set: 0.1ms
[2026-05-06T01:03:34.627+0100][10.914s][info][gc,phases      ] GC(372)   Merge Heap Roots: 0.0ms
[2026-05-06T01:03:34.627+0100][10.914s][info][gc,phases      ] GC(372)   Evacuate Collection Set: 0.2ms
[2026-05-06T01:03:34.627+0100][10.914s][info][gc,phases      ] GC(372)   Post Evacuate Collection Set: 0.1ms
[2026-05-06T01:03:34.627+0100][10.914s][info][gc,phases      ] GC(372)   Other: 0.0ms
[2026-05-06T01:03:34.627+0100][10.914s][info][gc,heap        ] GC(372) Eden regions: 1->0(217)
[2026-05-06T01:03:34.627+0100][10.914s][info][gc,heap        ] GC(372) Survivor regions: 1->1(28)
[2026-05-06T01:03:34.627+0100][10.914s][info][gc,heap        ] GC(372) Old regions: 13->13
[2026-05-06T01:03:34.627+0100][10.914s][info][gc,heap        ] GC(372) Humongous regions: 169->96
[2026-05-06T01:03:34.627+0100][10.914s][info][gc,metaspace   ] GC(372) Metaspace: 19076K(19392K)->19076K(19392K) NonClass: 16839K(17024K)->16839K(17024K) Class: 2236K(2368K)->2236K(2368K)
[2026-05-06T01:03:34.627+0100][10.914s][info][gc             ] GC(372) Pause Young (Concurrent Start) (G1 Humongous Allocation) 350M->203M(728M) 0.557ms
[2026-05-06T01:03:34.627+0100][10.914s][info][gc,cpu         ] GC(372) User=0.00s Sys=0.00s Real=0.00s
[2026-05-06T01:03:34.627+0100][10.914s][info][gc             ] GC(373) Concurrent Undo Cycle
[2026-05-06T01:03:34.627+0100][10.914s][info][gc,marking     ] GC(373) Concurrent Clear Claimed Marks
[2026-05-06T01:03:34.627+0100][10.914s][info][gc,marking     ] GC(373) Concurrent Clear Claimed Marks 0.009ms
[2026-05-06T01:03:34.627+0100][10.914s][info][gc,marking     ] GC(373) Concurrent Cleanup for Next Mark
[2026-05-06T01:03:34.627+0100][10.914s][info][gc,marking     ] GC(373) Concurrent Cleanup for Next Mark 0.039ms
[2026-05-06T01:03:34.627+0100][10.914s][info][gc             ] GC(373) Concurrent Undo Cycle 0.081ms
[2026-05-06T01:03:34.785+0100][11.071s][info][gc,start       ] GC(374) Pause Young (Concurrent Start) (G1 Humongous Allocation)
[2026-05-06T01:03:34.785+0100][11.071s][info][gc,task        ] GC(374) Using 9 workers of 9 for evacuation
[2026-05-06T01:03:34.785+0100][11.072s][info][gc,phases      ] GC(374)   Pre Evacuate Collection Set: 0.1ms
[2026-05-06T01:03:34.785+0100][11.072s][info][gc,phases      ] GC(374)   Merge Heap Roots: 0.0ms
[2026-05-06T01:03:34.785+0100][11.072s][info][gc,phases      ] GC(374)   Evacuate Collection Set: 0.2ms
[2026-05-06T01:03:34.785+0100][11.072s][info][gc,phases      ] GC(374)   Post Evacuate Collection Set: 0.1ms
[2026-05-06T01:03:34.785+0100][11.072s][info][gc,phases      ] GC(374)   Other: 0.0ms
[2026-05-06T01:03:34.785+0100][11.072s][info][gc,heap        ] GC(374) Eden regions: 1->0(217)
[2026-05-06T01:03:34.785+0100][11.072s][info][gc,heap        ] GC(374) Survivor regions: 1->1(28)
[2026-05-06T01:03:34.785+0100][11.072s][info][gc,heap        ] GC(374) Old regions: 13->13
[2026-05-06T01:03:34.785+0100][11.072s][info][gc,heap        ] GC(374) Humongous regions: 169->96
[2026-05-06T01:03:34.785+0100][11.072s][info][gc,metaspace   ] GC(374) Metaspace: 19076K(19392K)->19076K(19392K) NonClass: 16839K(17024K)->16839K(17024K) Class: 2236K(2368K)->2236K(2368K)
[2026-05-06T01:03:34.785+0100][11.072s][info][gc             ] GC(374) Pause Young (Concurrent Start) (G1 Humongous Allocation) 350M->203M(728M) 0.577ms
[2026-05-06T01:03:34.785+0100][11.072s][info][gc,cpu         ] GC(374) User=0.00s Sys=0.00s Real=0.00s
[2026-05-06T01:03:34.785+0100][11.072s][info][gc             ] GC(375) Concurrent Undo Cycle
[2026-05-06T01:03:34.785+0100][11.072s][info][gc,marking     ] GC(375) Concurrent Clear Claimed Marks
[2026-05-06T01:03:34.785+0100][11.072s][info][gc,marking     ] GC(375) Concurrent Clear Claimed Marks 0.008ms
[2026-05-06T01:03:34.785+0100][11.072s][info][gc,marking     ] GC(375) Concurrent Cleanup for Next Mark
[2026-05-06T01:03:34.786+0100][11.072s][info][gc,marking     ] GC(375) Concurrent Cleanup for Next Mark 0.036ms
[2026-05-06T01:03:34.786+0100][11.072s][info][gc             ] GC(375) Concurrent Undo Cycle 0.075ms
[2026-05-06T01:03:34.877+0100][11.164s][info][gc,start       ] GC(376) Pause Full (System.gc())
[2026-05-06T01:03:34.877+0100][11.164s][info][gc,task        ] GC(376) Using 9 workers of 9 for full compaction
[2026-05-06T01:03:34.877+0100][11.164s][info][gc,phases,start] GC(376) Phase 1: Mark live objects
[2026-05-06T01:03:34.880+0100][11.167s][info][gc,phases      ] GC(376) Phase 1: Mark live objects 3.129ms
[2026-05-06T01:03:34.880+0100][11.167s][info][gc,phases,start] GC(376) Phase 2: Prepare compaction
[2026-05-06T01:03:34.881+0100][11.167s][info][gc,phases      ] GC(376) Phase 2: Prepare compaction 0.270ms
[2026-05-06T01:03:34.881+0100][11.167s][info][gc,phases,start] GC(376) Phase 3: Adjust pointers
[2026-05-06T01:03:34.883+0100][11.169s][info][gc,phases      ] GC(376) Phase 3: Adjust pointers 2.254ms
[2026-05-06T01:03:34.883+0100][11.169s][info][gc,phases,start] GC(376) Phase 4: Compact heap
[2026-05-06T01:03:34.883+0100][11.170s][info][gc,phases      ] GC(376) Phase 4: Compact heap 0.280ms
[2026-05-06T01:03:34.883+0100][11.170s][info][gc,phases,start] GC(376) Phase 5: Reset Metadata
[2026-05-06T01:03:34.884+0100][11.170s][info][gc,phases      ] GC(376) Phase 5: Reset Metadata 0.371ms
[2026-05-06T01:03:34.884+0100][11.171s][info][gc,heap        ] GC(376) Eden regions: 1->0(218)
[2026-05-06T01:03:34.884+0100][11.171s][info][gc,heap        ] GC(376) Survivor regions: 1->0(28)
[2026-05-06T01:03:34.884+0100][11.171s][info][gc,heap        ] GC(376) Old regions: 13->13
[2026-05-06T01:03:34.884+0100][11.171s][info][gc,heap        ] GC(376) Humongous regions: 169->96
[2026-05-06T01:03:34.884+0100][11.171s][info][gc,metaspace   ] GC(376) Metaspace: 19076K(19392K)->19076K(19392K) NonClass: 16839K(17024K)->16839K(17024K) Class: 2236K(2368K)->2236K(2368K)
[2026-05-06T01:03:34.884+0100][11.171s][info][gc             ] GC(376) Pause Full (System.gc()) 350M->203M(728M) 7.151ms
[2026-05-06T01:03:34.884+0100][11.171s][info][gc,cpu         ] GC(376) User=0.02s Sys=0.01s Real=0.01s
[2026-05-06T01:03:34.948+0100][11.235s][info][gc,start       ] GC(377) Pause Young (Concurrent Start) (G1 Humongous Allocation)
[2026-05-06T01:03:34.948+0100][11.235s][info][gc,task        ] GC(377) Using 9 workers of 9 for evacuation
[2026-05-06T01:03:34.949+0100][11.235s][info][gc,phases      ] GC(377)   Pre Evacuate Collection Set: 0.1ms
[2026-05-06T01:03:34.949+0100][11.235s][info][gc,phases      ] GC(377)   Merge Heap Roots: 0.0ms
[2026-05-06T01:03:34.949+0100][11.235s][info][gc,phases      ] GC(377)   Evacuate Collection Set: 0.2ms
[2026-05-06T01:03:34.949+0100][11.235s][info][gc,phases      ] GC(377)   Post Evacuate Collection Set: 0.1ms
[2026-05-06T01:03:34.949+0100][11.235s][info][gc,phases      ] GC(377)   Other: 0.0ms
[2026-05-06T01:03:34.949+0100][11.235s][info][gc,heap        ] GC(377) Eden regions: 1->0(217)
[2026-05-06T01:03:34.949+0100][11.235s][info][gc,heap        ] GC(377) Survivor regions: 0->1(28)
[2026-05-06T01:03:34.949+0100][11.235s][info][gc,heap        ] GC(377) Old regions: 13->13
[2026-05-06T01:03:34.949+0100][11.235s][info][gc,heap        ] GC(377) Humongous regions: 96->96
[2026-05-06T01:03:34.949+0100][11.235s][info][gc,metaspace   ] GC(377) Metaspace: 19076K(19392K)->19076K(19392K) NonClass: 16839K(17024K)->16839K(17024K) Class: 2236K(2368K)->2236K(2368K)
[2026-05-06T01:03:34.949+0100][11.235s][info][gc             ] GC(377) Pause Young (Concurrent Start) (G1 Humongous Allocation) 204M->203M(728M) 0.544ms
[2026-05-06T01:03:34.949+0100][11.235s][info][gc,cpu         ] GC(377) User=0.00s Sys=0.00s Real=0.00s
[2026-05-06T01:03:34.949+0100][11.235s][info][gc             ] GC(378) Concurrent Undo Cycle
[2026-05-06T01:03:34.949+0100][11.235s][info][gc,marking     ] GC(378) Concurrent Clear Claimed Marks
[2026-05-06T01:03:34.949+0100][11.235s][info][gc,marking     ] GC(378) Concurrent Clear Claimed Marks 0.007ms
[2026-05-06T01:03:34.949+0100][11.235s][info][gc,marking     ] GC(378) Concurrent Cleanup for Next Mark
[2026-05-06T01:03:34.949+0100][11.235s][info][gc,marking     ] GC(378) Concurrent Cleanup for Next Mark 0.040ms
[2026-05-06T01:03:34.949+0100][11.235s][info][gc             ] GC(378) Concurrent Undo Cycle 0.076ms
[2026-05-06T01:03:35.105+0100][11.391s][info][gc,start       ] GC(379) Pause Young (Concurrent Start) (G1 Humongous Allocation)
[2026-05-06T01:03:35.105+0100][11.391s][info][gc,task        ] GC(379) Using 9 workers of 9 for evacuation
[2026-05-06T01:03:35.105+0100][11.392s][info][gc,phases      ] GC(379)   Pre Evacuate Collection Set: 0.1ms
[2026-05-06T01:03:35.105+0100][11.392s][info][gc,phases      ] GC(379)   Merge Heap Roots: 0.0ms
[2026-05-06T01:03:35.105+0100][11.392s][info][gc,phases      ] GC(379)   Evacuate Collection Set: 0.2ms
[2026-05-06T01:03:35.105+0100][11.392s][info][gc,phases      ] GC(379)   Post Evacuate Collection Set: 0.1ms
[2026-05-06T01:03:35.105+0100][11.392s][info][gc,phases      ] GC(379)   Other: 0.0ms
[2026-05-06T01:03:35.105+0100][11.392s][info][gc,heap        ] GC(379) Eden regions: 1->0(217)
[2026-05-06T01:03:35.105+0100][11.392s][info][gc,heap        ] GC(379) Survivor regions: 1->1(28)
[2026-05-06T01:03:35.105+0100][11.392s][info][gc,heap        ] GC(379) Old regions: 13->13
[2026-05-06T01:03:35.105+0100][11.392s][info][gc,heap        ] GC(379) Humongous regions: 169->96
[2026-05-06T01:03:35.105+0100][11.392s][info][gc,metaspace   ] GC(379) Metaspace: 19076K(19392K)->19076K(19392K) NonClass: 16839K(17024K)->16839K(17024K) Class: 2236K(2368K)->2236K(2368K)
[2026-05-06T01:03:35.105+0100][11.392s][info][gc             ] GC(379) Pause Young (Concurrent Start) (G1 Humongous Allocation) 350M->203M(728M) 0.497ms
[2026-05-06T01:03:35.105+0100][11.392s][info][gc,cpu         ] GC(379) User=0.00s Sys=0.00s Real=0.00s
[2026-05-06T01:03:35.105+0100][11.392s][info][gc             ] GC(380) Concurrent Undo Cycle
[2026-05-06T01:03:35.105+0100][11.392s][info][gc,marking     ] GC(380) Concurrent Clear Claimed Marks
[2026-05-06T01:03:35.105+0100][11.392s][info][gc,marking     ] GC(380) Concurrent Clear Claimed Marks 0.007ms
[2026-05-06T01:03:35.105+0100][11.392s][info][gc,marking     ] GC(380) Concurrent Cleanup for Next Mark
[2026-05-06T01:03:35.106+0100][11.392s][info][gc,marking     ] GC(380) Concurrent Cleanup for Next Mark 0.037ms
[2026-05-06T01:03:35.106+0100][11.392s][info][gc             ] GC(380) Concurrent Undo Cycle 0.072ms
[2026-05-06T01:03:35.261+0100][11.548s][info][gc,start       ] GC(381) Pause Young (Concurrent Start) (G1 Humongous Allocation)
[2026-05-06T01:03:35.261+0100][11.548s][info][gc,task        ] GC(381) Using 9 workers of 9 for evacuation
[2026-05-06T01:03:35.262+0100][11.548s][info][gc,phases      ] GC(381)   Pre Evacuate Collection Set: 0.1ms
[2026-05-06T01:03:35.262+0100][11.548s][info][gc,phases      ] GC(381)   Merge Heap Roots: 0.0ms
[2026-05-06T01:03:35.262+0100][11.548s][info][gc,phases      ] GC(381)   Evacuate Collection Set: 0.2ms
[2026-05-06T01:03:35.262+0100][11.548s][info][gc,phases      ] GC(381)   Post Evacuate Collection Set: 0.1ms
[2026-05-06T01:03:35.262+0100][11.548s][info][gc,phases      ] GC(381)   Other: 0.0ms
[2026-05-06T01:03:35.262+0100][11.548s][info][gc,heap        ] GC(381) Eden regions: 1->0(217)
[2026-05-06T01:03:35.262+0100][11.548s][info][gc,heap        ] GC(381) Survivor regions: 1->1(28)
[2026-05-06T01:03:35.262+0100][11.548s][info][gc,heap        ] GC(381) Old regions: 13->13
[2026-05-06T01:03:35.262+0100][11.548s][info][gc,heap        ] GC(381) Humongous regions: 169->96
[2026-05-06T01:03:35.262+0100][11.548s][info][gc,metaspace   ] GC(381) Metaspace: 19076K(19392K)->19076K(19392K) NonClass: 16839K(17024K)->16839K(17024K) Class: 2236K(2368K)->2236K(2368K)
[2026-05-06T01:03:35.262+0100][11.548s][info][gc             ] GC(381) Pause Young (Concurrent Start) (G1 Humongous Allocation) 350M->203M(728M) 0.513ms
[2026-05-06T01:03:35.262+0100][11.548s][info][gc,cpu         ] GC(381) User=0.00s Sys=0.00s Real=0.00s
[2026-05-06T01:03:35.262+0100][11.548s][info][gc             ] GC(382) Concurrent Undo Cycle
[2026-05-06T01:03:35.262+0100][11.548s][info][gc,marking     ] GC(382) Concurrent Clear Claimed Marks
[2026-05-06T01:03:35.262+0100][11.548s][info][gc,marking     ] GC(382) Concurrent Clear Claimed Marks 0.006ms
[2026-05-06T01:03:35.262+0100][11.548s][info][gc,marking     ] GC(382) Concurrent Cleanup for Next Mark
[2026-05-06T01:03:35.262+0100][11.548s][info][gc,marking     ] GC(382) Concurrent Cleanup for Next Mark 0.033ms
[2026-05-06T01:03:35.262+0100][11.548s][info][gc             ] GC(382) Concurrent Undo Cycle 0.064ms
[2026-05-06T01:03:35.418+0100][11.705s][info][gc,start       ] GC(383) Pause Young (Concurrent Start) (G1 Humongous Allocation)
[2026-05-06T01:03:35.418+0100][11.705s][info][gc,task        ] GC(383) Using 9 workers of 9 for evacuation
[2026-05-06T01:03:35.419+0100][11.705s][info][gc,phases      ] GC(383)   Pre Evacuate Collection Set: 0.1ms
[2026-05-06T01:03:35.419+0100][11.705s][info][gc,phases      ] GC(383)   Merge Heap Roots: 0.0ms
[2026-05-06T01:03:35.419+0100][11.705s][info][gc,phases      ] GC(383)   Evacuate Collection Set: 0.2ms
[2026-05-06T01:03:35.419+0100][11.705s][info][gc,phases      ] GC(383)   Post Evacuate Collection Set: 0.1ms
[2026-05-06T01:03:35.419+0100][11.705s][info][gc,phases      ] GC(383)   Other: 0.0ms
[2026-05-06T01:03:35.419+0100][11.705s][info][gc,heap        ] GC(383) Eden regions: 1->0(217)
[2026-05-06T01:03:35.419+0100][11.705s][info][gc,heap        ] GC(383) Survivor regions: 1->1(28)
[2026-05-06T01:03:35.419+0100][11.705s][info][gc,heap        ] GC(383) Old regions: 13->13
[2026-05-06T01:03:35.419+0100][11.705s][info][gc,heap        ] GC(383) Humongous regions: 169->96
[2026-05-06T01:03:35.419+0100][11.705s][info][gc,metaspace   ] GC(383) Metaspace: 19076K(19392K)->19076K(19392K) NonClass: 16839K(17024K)->16839K(17024K) Class: 2236K(2368K)->2236K(2368K)
[2026-05-06T01:03:35.419+0100][11.705s][info][gc             ] GC(383) Pause Young (Concurrent Start) (G1 Humongous Allocation) 350M->203M(728M) 0.521ms
[2026-05-06T01:03:35.419+0100][11.705s][info][gc,cpu         ] GC(383) User=0.00s Sys=0.00s Real=0.00s
[2026-05-06T01:03:35.419+0100][11.705s][info][gc             ] GC(384) Concurrent Undo Cycle
[2026-05-06T01:03:35.419+0100][11.705s][info][gc,marking     ] GC(384) Concurrent Clear Claimed Marks
[2026-05-06T01:03:35.419+0100][11.705s][info][gc,marking     ] GC(384) Concurrent Clear Claimed Marks 0.007ms
[2026-05-06T01:03:35.419+0100][11.705s][info][gc,marking     ] GC(384) Concurrent Cleanup for Next Mark
[2026-05-06T01:03:35.419+0100][11.705s][info][gc,marking     ] GC(384) Concurrent Cleanup for Next Mark 0.038ms
[2026-05-06T01:03:35.419+0100][11.705s][info][gc             ] GC(384) Concurrent Undo Cycle 0.071ms
[2026-05-06T01:03:35.574+0100][11.861s][info][gc,start       ] GC(385) Pause Young (Concurrent Start) (G1 Humongous Allocation)
[2026-05-06T01:03:35.574+0100][11.861s][info][gc,task        ] GC(385) Using 9 workers of 9 for evacuation
[2026-05-06T01:03:35.575+0100][11.861s][info][gc,phases      ] GC(385)   Pre Evacuate Collection Set: 0.1ms
[2026-05-06T01:03:35.575+0100][11.861s][info][gc,phases      ] GC(385)   Merge Heap Roots: 0.0ms
[2026-05-06T01:03:35.575+0100][11.861s][info][gc,phases      ] GC(385)   Evacuate Collection Set: 0.2ms
[2026-05-06T01:03:35.575+0100][11.861s][info][gc,phases      ] GC(385)   Post Evacuate Collection Set: 0.1ms
[2026-05-06T01:03:35.575+0100][11.861s][info][gc,phases      ] GC(385)   Other: 0.0ms
[2026-05-06T01:03:35.575+0100][11.861s][info][gc,heap        ] GC(385) Eden regions: 1->0(217)
[2026-05-06T01:03:35.575+0100][11.861s][info][gc,heap        ] GC(385) Survivor regions: 1->1(28)
[2026-05-06T01:03:35.575+0100][11.861s][info][gc,heap        ] GC(385) Old regions: 13->13
[2026-05-06T01:03:35.575+0100][11.861s][info][gc,heap        ] GC(385) Humongous regions: 169->96
[2026-05-06T01:03:35.575+0100][11.861s][info][gc,metaspace   ] GC(385) Metaspace: 19076K(19392K)->19076K(19392K) NonClass: 16839K(17024K)->16839K(17024K) Class: 2236K(2368K)->2236K(2368K)
[2026-05-06T01:03:35.575+0100][11.861s][info][gc             ] GC(385) Pause Young (Concurrent Start) (G1 Humongous Allocation) 350M->203M(728M) 0.510ms
[2026-05-06T01:03:35.575+0100][11.861s][info][gc,cpu         ] GC(385) User=0.00s Sys=0.00s Real=0.00s
[2026-05-06T01:03:35.575+0100][11.861s][info][gc             ] GC(386) Concurrent Undo Cycle
[2026-05-06T01:03:35.575+0100][11.861s][info][gc,marking     ] GC(386) Concurrent Clear Claimed Marks
[2026-05-06T01:03:35.575+0100][11.861s][info][gc,marking     ] GC(386) Concurrent Clear Claimed Marks 0.008ms
[2026-05-06T01:03:35.575+0100][11.861s][info][gc,marking     ] GC(386) Concurrent Cleanup for Next Mark
[2026-05-06T01:03:35.575+0100][11.861s][info][gc,marking     ] GC(386) Concurrent Cleanup for Next Mark 0.039ms
[2026-05-06T01:03:35.575+0100][11.861s][info][gc             ] GC(386) Concurrent Undo Cycle 0.076ms
[2026-05-06T01:03:35.730+0100][12.017s][info][gc,start       ] GC(387) Pause Young (Concurrent Start) (G1 Humongous Allocation)
[2026-05-06T01:03:35.730+0100][12.017s][info][gc,task        ] GC(387) Using 9 workers of 9 for evacuation
[2026-05-06T01:03:35.731+0100][12.017s][info][gc,phases      ] GC(387)   Pre Evacuate Collection Set: 0.1ms
[2026-05-06T01:03:35.731+0100][12.017s][info][gc,phases      ] GC(387)   Merge Heap Roots: 0.0ms
[2026-05-06T01:03:35.731+0100][12.017s][info][gc,phases      ] GC(387)   Evacuate Collection Set: 0.2ms
[2026-05-06T01:03:35.731+0100][12.017s][info][gc,phases      ] GC(387)   Post Evacuate Collection Set: 0.1ms
[2026-05-06T01:03:35.731+0100][12.017s][info][gc,phases      ] GC(387)   Other: 0.0ms
[2026-05-06T01:03:35.731+0100][12.017s][info][gc,heap        ] GC(387) Eden regions: 1->0(217)
[2026-05-06T01:03:35.731+0100][12.017s][info][gc,heap        ] GC(387) Survivor regions: 1->1(28)
[2026-05-06T01:03:35.731+0100][12.017s][info][gc,heap        ] GC(387) Old regions: 13->13
[2026-05-06T01:03:35.731+0100][12.017s][info][gc,heap        ] GC(387) Humongous regions: 169->96
[2026-05-06T01:03:35.731+0100][12.017s][info][gc,metaspace   ] GC(387) Metaspace: 19076K(19392K)->19076K(19392K) NonClass: 16839K(17024K)->16839K(17024K) Class: 2236K(2368K)->2236K(2368K)
[2026-05-06T01:03:35.731+0100][12.017s][info][gc             ] GC(387) Pause Young (Concurrent Start) (G1 Humongous Allocation) 350M->203M(728M) 0.591ms
[2026-05-06T01:03:35.731+0100][12.017s][info][gc,cpu         ] GC(387) User=0.00s Sys=0.00s Real=0.00s
[2026-05-06T01:03:35.731+0100][12.017s][info][gc             ] GC(388) Concurrent Undo Cycle
[2026-05-06T01:03:35.731+0100][12.017s][info][gc,marking     ] GC(388) Concurrent Clear Claimed Marks
[2026-05-06T01:03:35.731+0100][12.017s][info][gc,marking     ] GC(388) Concurrent Clear Claimed Marks 0.007ms
[2026-05-06T01:03:35.731+0100][12.017s][info][gc,marking     ] GC(388) Concurrent Cleanup for Next Mark
[2026-05-06T01:03:35.731+0100][12.017s][info][gc,marking     ] GC(388) Concurrent Cleanup for Next Mark 0.050ms
[2026-05-06T01:03:35.731+0100][12.017s][info][gc             ] GC(388) Concurrent Undo Cycle 0.092ms
[2026-05-06T01:03:35.888+0100][12.175s][info][gc,start       ] GC(389) Pause Young (Concurrent Start) (G1 Humongous Allocation)
[2026-05-06T01:03:35.888+0100][12.175s][info][gc,task        ] GC(389) Using 9 workers of 9 for evacuation
[2026-05-06T01:03:35.889+0100][12.175s][info][gc,phases      ] GC(389)   Pre Evacuate Collection Set: 0.1ms
[2026-05-06T01:03:35.889+0100][12.175s][info][gc,phases      ] GC(389)   Merge Heap Roots: 0.0ms
[2026-05-06T01:03:35.889+0100][12.175s][info][gc,phases      ] GC(389)   Evacuate Collection Set: 0.2ms
[2026-05-06T01:03:35.889+0100][12.175s][info][gc,phases      ] GC(389)   Post Evacuate Collection Set: 0.1ms
[2026-05-06T01:03:35.889+0100][12.175s][info][gc,phases      ] GC(389)   Other: 0.0ms
[2026-05-06T01:03:35.889+0100][12.175s][info][gc,heap        ] GC(389) Eden regions: 1->0(217)
[2026-05-06T01:03:35.889+0100][12.175s][info][gc,heap        ] GC(389) Survivor regions: 1->1(28)
[2026-05-06T01:03:35.889+0100][12.175s][info][gc,heap        ] GC(389) Old regions: 13->13
[2026-05-06T01:03:35.889+0100][12.175s][info][gc,heap        ] GC(389) Humongous regions: 169->96
[2026-05-06T01:03:35.889+0100][12.175s][info][gc,metaspace   ] GC(389) Metaspace: 19076K(19392K)->19076K(19392K) NonClass: 16839K(17024K)->16839K(17024K) Class: 2236K(2368K)->2236K(2368K)
[2026-05-06T01:03:35.889+0100][12.175s][info][gc             ] GC(389) Pause Young (Concurrent Start) (G1 Humongous Allocation) 350M->203M(728M) 0.558ms
[2026-05-06T01:03:35.889+0100][12.175s][info][gc,cpu         ] GC(389) User=0.00s Sys=0.00s Real=0.00s
[2026-05-06T01:03:35.889+0100][12.175s][info][gc             ] GC(390) Concurrent Undo Cycle
[2026-05-06T01:03:35.889+0100][12.175s][info][gc,marking     ] GC(390) Concurrent Clear Claimed Marks
[2026-05-06T01:03:35.889+0100][12.175s][info][gc,marking     ] GC(390) Concurrent Clear Claimed Marks 0.008ms
[2026-05-06T01:03:35.889+0100][12.175s][info][gc,marking     ] GC(390) Concurrent Cleanup for Next Mark
[2026-05-06T01:03:35.889+0100][12.175s][info][gc,marking     ] GC(390) Concurrent Cleanup for Next Mark 0.035ms
[2026-05-06T01:03:35.889+0100][12.175s][info][gc             ] GC(390) Concurrent Undo Cycle 0.076ms
[2026-05-06T01:03:36.043+0100][12.330s][info][gc,start       ] GC(391) Pause Young (Concurrent Start) (G1 Humongous Allocation)
[2026-05-06T01:03:36.043+0100][12.330s][info][gc,task        ] GC(391) Using 9 workers of 9 for evacuation
[2026-05-06T01:03:36.044+0100][12.330s][info][gc,phases      ] GC(391)   Pre Evacuate Collection Set: 0.1ms
[2026-05-06T01:03:36.044+0100][12.330s][info][gc,phases      ] GC(391)   Merge Heap Roots: 0.0ms
[2026-05-06T01:03:36.044+0100][12.330s][info][gc,phases      ] GC(391)   Evacuate Collection Set: 0.2ms
[2026-05-06T01:03:36.044+0100][12.330s][info][gc,phases      ] GC(391)   Post Evacuate Collection Set: 0.1ms
[2026-05-06T01:03:36.044+0100][12.330s][info][gc,phases      ] GC(391)   Other: 0.0ms
[2026-05-06T01:03:36.044+0100][12.330s][info][gc,heap        ] GC(391) Eden regions: 1->0(217)
[2026-05-06T01:03:36.044+0100][12.330s][info][gc,heap        ] GC(391) Survivor regions: 1->1(28)
[2026-05-06T01:03:36.044+0100][12.330s][info][gc,heap        ] GC(391) Old regions: 13->13
[2026-05-06T01:03:36.044+0100][12.330s][info][gc,heap        ] GC(391) Humongous regions: 169->96
[2026-05-06T01:03:36.044+0100][12.330s][info][gc,metaspace   ] GC(391) Metaspace: 19076K(19392K)->19076K(19392K) NonClass: 16839K(17024K)->16839K(17024K) Class: 2236K(2368K)->2236K(2368K)
[2026-05-06T01:03:36.044+0100][12.330s][info][gc             ] GC(391) Pause Young (Concurrent Start) (G1 Humongous Allocation) 350M->203M(728M) 0.605ms
[2026-05-06T01:03:36.044+0100][12.330s][info][gc,cpu         ] GC(391) User=0.00s Sys=0.00s Real=0.00s
[2026-05-06T01:03:36.044+0100][12.330s][info][gc             ] GC(392) Concurrent Undo Cycle
[2026-05-06T01:03:36.044+0100][12.330s][info][gc,marking     ] GC(392) Concurrent Clear Claimed Marks
[2026-05-06T01:03:36.044+0100][12.330s][info][gc,marking     ] GC(392) Concurrent Clear Claimed Marks 0.007ms
[2026-05-06T01:03:36.044+0100][12.330s][info][gc,marking     ] GC(392) Concurrent Cleanup for Next Mark
[2026-05-06T01:03:36.044+0100][12.330s][info][gc,marking     ] GC(392) Concurrent Cleanup for Next Mark 0.044ms
[2026-05-06T01:03:36.044+0100][12.330s][info][gc             ] GC(392) Concurrent Undo Cycle 0.082ms
[2026-05-06T01:03:36.202+0100][12.488s][info][gc,start       ] GC(393) Pause Young (Concurrent Start) (G1 Humongous Allocation)
[2026-05-06T01:03:36.202+0100][12.488s][info][gc,task        ] GC(393) Using 9 workers of 9 for evacuation
[2026-05-06T01:03:36.202+0100][12.489s][info][gc,phases      ] GC(393)   Pre Evacuate Collection Set: 0.1ms
[2026-05-06T01:03:36.202+0100][12.489s][info][gc,phases      ] GC(393)   Merge Heap Roots: 0.0ms
[2026-05-06T01:03:36.202+0100][12.489s][info][gc,phases      ] GC(393)   Evacuate Collection Set: 0.2ms
[2026-05-06T01:03:36.202+0100][12.489s][info][gc,phases      ] GC(393)   Post Evacuate Collection Set: 0.1ms
[2026-05-06T01:03:36.202+0100][12.489s][info][gc,phases      ] GC(393)   Other: 0.0ms
[2026-05-06T01:03:36.202+0100][12.489s][info][gc,heap        ] GC(393) Eden regions: 1->0(217)
[2026-05-06T01:03:36.202+0100][12.489s][info][gc,heap        ] GC(393) Survivor regions: 1->1(28)
[2026-05-06T01:03:36.202+0100][12.489s][info][gc,heap        ] GC(393) Old regions: 13->13
[2026-05-06T01:03:36.202+0100][12.489s][info][gc,heap        ] GC(393) Humongous regions: 169->96
[2026-05-06T01:03:36.202+0100][12.489s][info][gc,metaspace   ] GC(393) Metaspace: 19076K(19392K)->19076K(19392K) NonClass: 16839K(17024K)->16839K(17024K) Class: 2236K(2368K)->2236K(2368K)
[2026-05-06T01:03:36.202+0100][12.489s][info][gc             ] GC(393) Pause Young (Concurrent Start) (G1 Humongous Allocation) 350M->203M(728M) 0.586ms
[2026-05-06T01:03:36.202+0100][12.489s][info][gc,cpu         ] GC(393) User=0.01s Sys=0.00s Real=0.00s
[2026-05-06T01:03:36.202+0100][12.489s][info][gc             ] GC(394) Concurrent Undo Cycle
[2026-05-06T01:03:36.202+0100][12.489s][info][gc,marking     ] GC(394) Concurrent Clear Claimed Marks
[2026-05-06T01:03:36.202+0100][12.489s][info][gc,marking     ] GC(394) Concurrent Clear Claimed Marks 0.008ms
[2026-05-06T01:03:36.202+0100][12.489s][info][gc,marking     ] GC(394) Concurrent Cleanup for Next Mark
[2026-05-06T01:03:36.202+0100][12.489s][info][gc,marking     ] GC(394) Concurrent Cleanup for Next Mark 0.040ms
[2026-05-06T01:03:36.202+0100][12.489s][info][gc             ] GC(394) Concurrent Undo Cycle 0.078ms
[2026-05-06T01:03:36.356+0100][12.643s][info][gc,start       ] GC(395) Pause Young (Concurrent Start) (G1 Humongous Allocation)
[2026-05-06T01:03:36.356+0100][12.643s][info][gc,task        ] GC(395) Using 9 workers of 9 for evacuation
[2026-05-06T01:03:36.357+0100][12.643s][info][gc,phases      ] GC(395)   Pre Evacuate Collection Set: 0.1ms
[2026-05-06T01:03:36.357+0100][12.643s][info][gc,phases      ] GC(395)   Merge Heap Roots: 0.0ms
[2026-05-06T01:03:36.357+0100][12.643s][info][gc,phases      ] GC(395)   Evacuate Collection Set: 0.2ms
[2026-05-06T01:03:36.357+0100][12.643s][info][gc,phases      ] GC(395)   Post Evacuate Collection Set: 0.1ms
[2026-05-06T01:03:36.357+0100][12.643s][info][gc,phases      ] GC(395)   Other: 0.0ms
[2026-05-06T01:03:36.357+0100][12.643s][info][gc,heap        ] GC(395) Eden regions: 1->0(217)
[2026-05-06T01:03:36.357+0100][12.643s][info][gc,heap        ] GC(395) Survivor regions: 1->1(28)
[2026-05-06T01:03:36.357+0100][12.643s][info][gc,heap        ] GC(395) Old regions: 13->13
[2026-05-06T01:03:36.357+0100][12.643s][info][gc,heap        ] GC(395) Humongous regions: 169->96
[2026-05-06T01:03:36.357+0100][12.643s][info][gc,metaspace   ] GC(395) Metaspace: 19076K(19392K)->19076K(19392K) NonClass: 16839K(17024K)->16839K(17024K) Class: 2236K(2368K)->2236K(2368K)
[2026-05-06T01:03:36.357+0100][12.643s][info][gc             ] GC(395) Pause Young (Concurrent Start) (G1 Humongous Allocation) 350M->203M(728M) 0.562ms
[2026-05-06T01:03:36.357+0100][12.643s][info][gc,cpu         ] GC(395) User=0.00s Sys=0.01s Real=0.00s
[2026-05-06T01:03:36.357+0100][12.643s][info][gc             ] GC(396) Concurrent Undo Cycle
[2026-05-06T01:03:36.357+0100][12.643s][info][gc,marking     ] GC(396) Concurrent Clear Claimed Marks
[2026-05-06T01:03:36.357+0100][12.643s][info][gc,marking     ] GC(396) Concurrent Clear Claimed Marks 0.007ms
[2026-05-06T01:03:36.357+0100][12.643s][info][gc,marking     ] GC(396) Concurrent Cleanup for Next Mark
[2026-05-06T01:03:36.357+0100][12.643s][info][gc,marking     ] GC(396) Concurrent Cleanup for Next Mark 0.032ms
[2026-05-06T01:03:36.357+0100][12.643s][info][gc             ] GC(396) Concurrent Undo Cycle 0.062ms
[2026-05-06T01:03:36.511+0100][12.797s][info][gc,start       ] GC(397) Pause Young (Concurrent Start) (G1 Humongous Allocation)
[2026-05-06T01:03:36.511+0100][12.797s][info][gc,task        ] GC(397) Using 9 workers of 9 for evacuation
[2026-05-06T01:03:36.511+0100][12.798s][info][gc,phases      ] GC(397)   Pre Evacuate Collection Set: 0.1ms
[2026-05-06T01:03:36.511+0100][12.798s][info][gc,phases      ] GC(397)   Merge Heap Roots: 0.0ms
[2026-05-06T01:03:36.511+0100][12.798s][info][gc,phases      ] GC(397)   Evacuate Collection Set: 0.2ms
[2026-05-06T01:03:36.511+0100][12.798s][info][gc,phases      ] GC(397)   Post Evacuate Collection Set: 0.1ms
[2026-05-06T01:03:36.511+0100][12.798s][info][gc,phases      ] GC(397)   Other: 0.0ms
[2026-05-06T01:03:36.511+0100][12.798s][info][gc,heap        ] GC(397) Eden regions: 1->0(217)
[2026-05-06T01:03:36.511+0100][12.798s][info][gc,heap        ] GC(397) Survivor regions: 1->1(28)
[2026-05-06T01:03:36.511+0100][12.798s][info][gc,heap        ] GC(397) Old regions: 13->13
[2026-05-06T01:03:36.511+0100][12.798s][info][gc,heap        ] GC(397) Humongous regions: 169->96
[2026-05-06T01:03:36.511+0100][12.798s][info][gc,metaspace   ] GC(397) Metaspace: 19077K(19392K)->19077K(19392K) NonClass: 16841K(17024K)->16841K(17024K) Class: 2236K(2368K)->2236K(2368K)
[2026-05-06T01:03:36.511+0100][12.798s][info][gc             ] GC(397) Pause Young (Concurrent Start) (G1 Humongous Allocation) 351M->203M(728M) 0.591ms
[2026-05-06T01:03:36.511+0100][12.798s][info][gc,cpu         ] GC(397) User=0.01s Sys=0.00s Real=0.00s
[2026-05-06T01:03:36.511+0100][12.798s][info][gc             ] GC(398) Concurrent Undo Cycle
[2026-05-06T01:03:36.511+0100][12.798s][info][gc,marking     ] GC(398) Concurrent Clear Claimed Marks
[2026-05-06T01:03:36.511+0100][12.798s][info][gc,marking     ] GC(398) Concurrent Clear Claimed Marks 0.007ms
[2026-05-06T01:03:36.511+0100][12.798s][info][gc,marking     ] GC(398) Concurrent Cleanup for Next Mark
[2026-05-06T01:03:36.511+0100][12.798s][info][gc,marking     ] GC(398) Concurrent Cleanup for Next Mark 0.041ms
[2026-05-06T01:03:36.511+0100][12.798s][info][gc             ] GC(398) Concurrent Undo Cycle 0.082ms
[2026-05-06T01:03:36.668+0100][12.954s][info][gc,start       ] GC(399) Pause Young (Concurrent Start) (G1 Humongous Allocation)
[2026-05-06T01:03:36.668+0100][12.954s][info][gc,task        ] GC(399) Using 9 workers of 9 for evacuation
[2026-05-06T01:03:36.668+0100][12.955s][info][gc,phases      ] GC(399)   Pre Evacuate Collection Set: 0.1ms
[2026-05-06T01:03:36.668+0100][12.955s][info][gc,phases      ] GC(399)   Merge Heap Roots: 0.0ms
[2026-05-06T01:03:36.668+0100][12.955s][info][gc,phases      ] GC(399)   Evacuate Collection Set: 0.2ms
[2026-05-06T01:03:36.668+0100][12.955s][info][gc,phases      ] GC(399)   Post Evacuate Collection Set: 0.1ms
[2026-05-06T01:03:36.668+0100][12.955s][info][gc,phases      ] GC(399)   Other: 0.0ms
[2026-05-06T01:03:36.668+0100][12.955s][info][gc,heap        ] GC(399) Eden regions: 2->0(217)
[2026-05-06T01:03:36.668+0100][12.955s][info][gc,heap        ] GC(399) Survivor regions: 1->1(28)
[2026-05-06T01:03:36.668+0100][12.955s][info][gc,heap        ] GC(399) Old regions: 13->13
[2026-05-06T01:03:36.668+0100][12.955s][info][gc,heap        ] GC(399) Humongous regions: 169->96
[2026-05-06T01:03:36.668+0100][12.955s][info][gc,metaspace   ] GC(399) Metaspace: 19077K(19392K)->19077K(19392K) NonClass: 16841K(17024K)->16841K(17024K) Class: 2236K(2368K)->2236K(2368K)
[2026-05-06T01:03:36.668+0100][12.955s][info][gc             ] GC(399) Pause Young (Concurrent Start) (G1 Humongous Allocation) 352M->203M(728M) 0.564ms
[2026-05-06T01:03:36.668+0100][12.955s][info][gc,cpu         ] GC(399) User=0.00s Sys=0.00s Real=0.00s
[2026-05-06T01:03:36.668+0100][12.955s][info][gc             ] GC(400) Concurrent Undo Cycle
[2026-05-06T01:03:36.668+0100][12.955s][info][gc,marking     ] GC(400) Concurrent Clear Claimed Marks
[2026-05-06T01:03:36.668+0100][12.955s][info][gc,marking     ] GC(400) Concurrent Clear Claimed Marks 0.008ms
[2026-05-06T01:03:36.668+0100][12.955s][info][gc,marking     ] GC(400) Concurrent Cleanup for Next Mark
[2026-05-06T01:03:36.668+0100][12.955s][info][gc,marking     ] GC(400) Concurrent Cleanup for Next Mark 0.038ms
[2026-05-06T01:03:36.668+0100][12.955s][info][gc             ] GC(400) Concurrent Undo Cycle 0.085ms
[2026-05-06T01:03:36.821+0100][13.107s][info][gc,start       ] GC(401) Pause Young (Concurrent Start) (G1 Humongous Allocation)
[2026-05-06T01:03:36.821+0100][13.107s][info][gc,task        ] GC(401) Using 9 workers of 9 for evacuation
[2026-05-06T01:03:36.822+0100][13.108s][info][gc,phases      ] GC(401)   Pre Evacuate Collection Set: 0.1ms
[2026-05-06T01:03:36.822+0100][13.108s][info][gc,phases      ] GC(401)   Merge Heap Roots: 0.0ms
[2026-05-06T01:03:36.822+0100][13.108s][info][gc,phases      ] GC(401)   Evacuate Collection Set: 0.2ms
[2026-05-06T01:03:36.822+0100][13.108s][info][gc,phases      ] GC(401)   Post Evacuate Collection Set: 0.1ms
[2026-05-06T01:03:36.822+0100][13.108s][info][gc,phases      ] GC(401)   Other: 0.0ms
[2026-05-06T01:03:36.822+0100][13.108s][info][gc,heap        ] GC(401) Eden regions: 2->0(217)
[2026-05-06T01:03:36.822+0100][13.108s][info][gc,heap        ] GC(401) Survivor regions: 1->1(28)
[2026-05-06T01:03:36.822+0100][13.108s][info][gc,heap        ] GC(401) Old regions: 13->13
[2026-05-06T01:03:36.822+0100][13.108s][info][gc,heap        ] GC(401) Humongous regions: 169->96
[2026-05-06T01:03:36.822+0100][13.108s][info][gc,metaspace   ] GC(401) Metaspace: 19077K(19392K)->19077K(19392K) NonClass: 16841K(17024K)->16841K(17024K) Class: 2236K(2368K)->2236K(2368K)
[2026-05-06T01:03:36.822+0100][13.108s][info][gc             ] GC(401) Pause Young (Concurrent Start) (G1 Humongous Allocation) 352M->203M(728M) 0.573ms
[2026-05-06T01:03:36.822+0100][13.108s][info][gc,cpu         ] GC(401) User=0.01s Sys=0.00s Real=0.00s
[2026-05-06T01:03:36.822+0100][13.108s][info][gc             ] GC(402) Concurrent Undo Cycle
[2026-05-06T01:03:36.822+0100][13.108s][info][gc,marking     ] GC(402) Concurrent Clear Claimed Marks
[2026-05-06T01:03:36.822+0100][13.108s][info][gc,marking     ] GC(402) Concurrent Clear Claimed Marks 0.006ms
[2026-05-06T01:03:36.822+0100][13.108s][info][gc,marking     ] GC(402) Concurrent Cleanup for Next Mark
[2026-05-06T01:03:36.822+0100][13.108s][info][gc,marking     ] GC(402) Concurrent Cleanup for Next Mark 0.032ms
[2026-05-06T01:03:36.822+0100][13.108s][info][gc             ] GC(402) Concurrent Undo Cycle 0.066ms
[2026-05-06T01:03:36.913+0100][13.199s][info][gc,start       ] GC(403) Pause Full (System.gc())
[2026-05-06T01:03:36.913+0100][13.199s][info][gc,task        ] GC(403) Using 9 workers of 9 for full compaction
[2026-05-06T01:03:36.913+0100][13.199s][info][gc,phases,start] GC(403) Phase 1: Mark live objects
[2026-05-06T01:03:36.916+0100][13.202s][info][gc,phases      ] GC(403) Phase 1: Mark live objects 2.543ms
[2026-05-06T01:03:36.916+0100][13.202s][info][gc,phases,start] GC(403) Phase 2: Prepare compaction
[2026-05-06T01:03:36.916+0100][13.202s][info][gc,phases      ] GC(403) Phase 2: Prepare compaction 0.258ms
[2026-05-06T01:03:36.916+0100][13.202s][info][gc,phases,start] GC(403) Phase 3: Adjust pointers
[2026-05-06T01:03:36.917+0100][13.204s][info][gc,phases      ] GC(403) Phase 3: Adjust pointers 1.650ms
[2026-05-06T01:03:36.917+0100][13.204s][info][gc,phases,start] GC(403) Phase 4: Compact heap
[2026-05-06T01:03:36.918+0100][13.204s][info][gc,phases      ] GC(403) Phase 4: Compact heap 0.206ms
[2026-05-06T01:03:36.918+0100][13.204s][info][gc,phases,start] GC(403) Phase 5: Reset Metadata
[2026-05-06T01:03:36.918+0100][13.204s][info][gc,phases      ] GC(403) Phase 5: Reset Metadata 0.330ms
[2026-05-06T01:03:36.919+0100][13.205s][info][gc,heap        ] GC(403) Eden regions: 1->0(218)
[2026-05-06T01:03:36.919+0100][13.205s][info][gc,heap        ] GC(403) Survivor regions: 1->0(28)
[2026-05-06T01:03:36.919+0100][13.205s][info][gc,heap        ] GC(403) Old regions: 13->13
[2026-05-06T01:03:36.919+0100][13.205s][info][gc,heap        ] GC(403) Humongous regions: 169->96
[2026-05-06T01:03:36.919+0100][13.205s][info][gc,metaspace   ] GC(403) Metaspace: 19077K(19392K)->19077K(19392K) NonClass: 16841K(17024K)->16841K(17024K) Class: 2236K(2368K)->2236K(2368K)
[2026-05-06T01:03:36.919+0100][13.205s][info][gc             ] GC(403) Pause Full (System.gc()) 351M->203M(728M) 5.609ms
[2026-05-06T01:03:36.919+0100][13.205s][info][gc,cpu         ] GC(403) User=0.02s Sys=0.00s Real=0.00s
[2026-05-06T01:03:36.981+0100][13.267s][info][gc,start       ] GC(404) Pause Young (Concurrent Start) (G1 Humongous Allocation)
[2026-05-06T01:03:36.981+0100][13.267s][info][gc,task        ] GC(404) Using 9 workers of 9 for evacuation
[2026-05-06T01:03:36.981+0100][13.268s][info][gc,phases      ] GC(404)   Pre Evacuate Collection Set: 0.1ms
[2026-05-06T01:03:36.981+0100][13.268s][info][gc,phases      ] GC(404)   Merge Heap Roots: 0.0ms
[2026-05-06T01:03:36.981+0100][13.268s][info][gc,phases      ] GC(404)   Evacuate Collection Set: 0.2ms
[2026-05-06T01:03:36.981+0100][13.268s][info][gc,phases      ] GC(404)   Post Evacuate Collection Set: 0.1ms
[2026-05-06T01:03:36.981+0100][13.268s][info][gc,phases      ] GC(404)   Other: 0.0ms
[2026-05-06T01:03:36.981+0100][13.268s][info][gc,heap        ] GC(404) Eden regions: 1->0(217)
[2026-05-06T01:03:36.981+0100][13.268s][info][gc,heap        ] GC(404) Survivor regions: 0->1(28)
[2026-05-06T01:03:36.981+0100][13.268s][info][gc,heap        ] GC(404) Old regions: 13->13
[2026-05-06T01:03:36.981+0100][13.268s][info][gc,heap        ] GC(404) Humongous regions: 96->96
[2026-05-06T01:03:36.981+0100][13.268s][info][gc,metaspace   ] GC(404) Metaspace: 19077K(19392K)->19077K(19392K) NonClass: 16841K(17024K)->16841K(17024K) Class: 2236K(2368K)->2236K(2368K)
[2026-05-06T01:03:36.981+0100][13.268s][info][gc             ] GC(404) Pause Young (Concurrent Start) (G1 Humongous Allocation) 205M->203M(728M) 0.628ms
[2026-05-06T01:03:36.981+0100][13.268s][info][gc,cpu         ] GC(404) User=0.00s Sys=0.01s Real=0.00s
[2026-05-06T01:03:36.981+0100][13.268s][info][gc             ] GC(405) Concurrent Undo Cycle
[2026-05-06T01:03:36.981+0100][13.268s][info][gc,marking     ] GC(405) Concurrent Clear Claimed Marks
[2026-05-06T01:03:36.981+0100][13.268s][info][gc,marking     ] GC(405) Concurrent Clear Claimed Marks 0.008ms
[2026-05-06T01:03:36.981+0100][13.268s][info][gc,marking     ] GC(405) Concurrent Cleanup for Next Mark
[2026-05-06T01:03:36.981+0100][13.268s][info][gc,marking     ] GC(405) Concurrent Cleanup for Next Mark 0.038ms
[2026-05-06T01:03:36.981+0100][13.268s][info][gc             ] GC(405) Concurrent Undo Cycle 0.081ms
[2026-05-06T01:03:37.136+0100][13.422s][info][gc,start       ] GC(406) Pause Young (Concurrent Start) (G1 Humongous Allocation)
[2026-05-06T01:03:37.136+0100][13.422s][info][gc,task        ] GC(406) Using 9 workers of 9 for evacuation
[2026-05-06T01:03:37.137+0100][13.423s][info][gc,phases      ] GC(406)   Pre Evacuate Collection Set: 0.1ms
[2026-05-06T01:03:37.137+0100][13.423s][info][gc,phases      ] GC(406)   Merge Heap Roots: 0.0ms
[2026-05-06T01:03:37.137+0100][13.423s][info][gc,phases      ] GC(406)   Evacuate Collection Set: 0.2ms
[2026-05-06T01:03:37.137+0100][13.423s][info][gc,phases      ] GC(406)   Post Evacuate Collection Set: 0.1ms
[2026-05-06T01:03:37.137+0100][13.423s][info][gc,phases      ] GC(406)   Other: 0.0ms
[2026-05-06T01:03:37.137+0100][13.423s][info][gc,heap        ] GC(406) Eden regions: 1->0(217)
[2026-05-06T01:03:37.137+0100][13.423s][info][gc,heap        ] GC(406) Survivor regions: 1->1(28)
[2026-05-06T01:03:37.137+0100][13.423s][info][gc,heap        ] GC(406) Old regions: 13->13
[2026-05-06T01:03:37.137+0100][13.423s][info][gc,heap        ] GC(406) Humongous regions: 169->96
[2026-05-06T01:03:37.137+0100][13.423s][info][gc,metaspace   ] GC(406) Metaspace: 19077K(19392K)->19077K(19392K) NonClass: 16841K(17024K)->16841K(17024K) Class: 2236K(2368K)->2236K(2368K)
[2026-05-06T01:03:37.137+0100][13.423s][info][gc             ] GC(406) Pause Young (Concurrent Start) (G1 Humongous Allocation) 351M->203M(728M) 0.585ms
[2026-05-06T01:03:37.137+0100][13.423s][info][gc,cpu         ] GC(406) User=0.00s Sys=0.00s Real=0.00s
[2026-05-06T01:03:37.137+0100][13.423s][info][gc             ] GC(407) Concurrent Undo Cycle
[2026-05-06T01:03:37.137+0100][13.423s][info][gc,marking     ] GC(407) Concurrent Clear Claimed Marks
[2026-05-06T01:03:37.137+0100][13.423s][info][gc,marking     ] GC(407) Concurrent Clear Claimed Marks 0.008ms
[2026-05-06T01:03:37.137+0100][13.423s][info][gc,marking     ] GC(407) Concurrent Cleanup for Next Mark
[2026-05-06T01:03:37.137+0100][13.423s][info][gc,marking     ] GC(407) Concurrent Cleanup for Next Mark 0.039ms
[2026-05-06T01:03:37.137+0100][13.423s][info][gc             ] GC(407) Concurrent Undo Cycle 0.079ms
[2026-05-06T01:03:37.289+0100][13.576s][info][gc,start       ] GC(408) Pause Young (Concurrent Start) (G1 Humongous Allocation)
[2026-05-06T01:03:37.289+0100][13.576s][info][gc,task        ] GC(408) Using 9 workers of 9 for evacuation
[2026-05-06T01:03:37.290+0100][13.576s][info][gc,phases      ] GC(408)   Pre Evacuate Collection Set: 0.1ms
[2026-05-06T01:03:37.290+0100][13.576s][info][gc,phases      ] GC(408)   Merge Heap Roots: 0.0ms
[2026-05-06T01:03:37.290+0100][13.576s][info][gc,phases      ] GC(408)   Evacuate Collection Set: 0.1ms
[2026-05-06T01:03:37.290+0100][13.576s][info][gc,phases      ] GC(408)   Post Evacuate Collection Set: 0.1ms
[2026-05-06T01:03:37.290+0100][13.576s][info][gc,phases      ] GC(408)   Other: 0.0ms
[2026-05-06T01:03:37.290+0100][13.576s][info][gc,heap        ] GC(408) Eden regions: 2->0(217)
[2026-05-06T01:03:37.290+0100][13.576s][info][gc,heap        ] GC(408) Survivor regions: 1->1(28)
[2026-05-06T01:03:37.290+0100][13.576s][info][gc,heap        ] GC(408) Old regions: 13->13
[2026-05-06T01:03:37.290+0100][13.576s][info][gc,heap        ] GC(408) Humongous regions: 169->96
[2026-05-06T01:03:37.290+0100][13.576s][info][gc,metaspace   ] GC(408) Metaspace: 19077K(19392K)->19077K(19392K) NonClass: 16841K(17024K)->16841K(17024K) Class: 2236K(2368K)->2236K(2368K)
[2026-05-06T01:03:37.290+0100][13.576s][info][gc             ] GC(408) Pause Young (Concurrent Start) (G1 Humongous Allocation) 352M->203M(728M) 0.504ms
[2026-05-06T01:03:37.290+0100][13.576s][info][gc,cpu         ] GC(408) User=0.00s Sys=0.00s Real=0.01s
[2026-05-06T01:03:37.290+0100][13.576s][info][gc             ] GC(409) Concurrent Undo Cycle
[2026-05-06T01:03:37.290+0100][13.576s][info][gc,marking     ] GC(409) Concurrent Clear Claimed Marks
[2026-05-06T01:03:37.290+0100][13.576s][info][gc,marking     ] GC(409) Concurrent Clear Claimed Marks 0.007ms
[2026-05-06T01:03:37.290+0100][13.576s][info][gc,marking     ] GC(409) Concurrent Cleanup for Next Mark
[2026-05-06T01:03:37.290+0100][13.576s][info][gc,marking     ] GC(409) Concurrent Cleanup for Next Mark 0.037ms
[2026-05-06T01:03:37.290+0100][13.576s][info][gc             ] GC(409) Concurrent Undo Cycle 0.072ms
[2026-05-06T01:03:37.443+0100][13.729s][info][gc,start       ] GC(410) Pause Young (Concurrent Start) (G1 Humongous Allocation)
[2026-05-06T01:03:37.443+0100][13.729s][info][gc,task        ] GC(410) Using 9 workers of 9 for evacuation
[2026-05-06T01:03:37.443+0100][13.730s][info][gc,phases      ] GC(410)   Pre Evacuate Collection Set: 0.1ms
[2026-05-06T01:03:37.443+0100][13.730s][info][gc,phases      ] GC(410)   Merge Heap Roots: 0.0ms
[2026-05-06T01:03:37.443+0100][13.730s][info][gc,phases      ] GC(410)   Evacuate Collection Set: 0.2ms
[2026-05-06T01:03:37.443+0100][13.730s][info][gc,phases      ] GC(410)   Post Evacuate Collection Set: 0.1ms
[2026-05-06T01:03:37.443+0100][13.730s][info][gc,phases      ] GC(410)   Other: 0.0ms
[2026-05-06T01:03:37.443+0100][13.730s][info][gc,heap        ] GC(410) Eden regions: 2->0(217)
[2026-05-06T01:03:37.443+0100][13.730s][info][gc,heap        ] GC(410) Survivor regions: 1->1(28)
[2026-05-06T01:03:37.443+0100][13.730s][info][gc,heap        ] GC(410) Old regions: 13->13
[2026-05-06T01:03:37.443+0100][13.730s][info][gc,heap        ] GC(410) Humongous regions: 169->96
[2026-05-06T01:03:37.443+0100][13.730s][info][gc,metaspace   ] GC(410) Metaspace: 19077K(19392K)->19077K(19392K) NonClass: 16841K(17024K)->16841K(17024K) Class: 2236K(2368K)->2236K(2368K)
[2026-05-06T01:03:37.443+0100][13.730s][info][gc             ] GC(410) Pause Young (Concurrent Start) (G1 Humongous Allocation) 352M->203M(728M) 0.544ms
[2026-05-06T01:03:37.443+0100][13.730s][info][gc,cpu         ] GC(410) User=0.01s Sys=0.00s Real=0.00s
[2026-05-06T01:03:37.443+0100][13.730s][info][gc             ] GC(411) Concurrent Undo Cycle
[2026-05-06T01:03:37.443+0100][13.730s][info][gc,marking     ] GC(411) Concurrent Clear Claimed Marks
[2026-05-06T01:03:37.443+0100][13.730s][info][gc,marking     ] GC(411) Concurrent Clear Claimed Marks 0.007ms
[2026-05-06T01:03:37.443+0100][13.730s][info][gc,marking     ] GC(411) Concurrent Cleanup for Next Mark
[2026-05-06T01:03:37.444+0100][13.730s][info][gc,marking     ] GC(411) Concurrent Cleanup for Next Mark 0.039ms
[2026-05-06T01:03:37.444+0100][13.730s][info][gc             ] GC(411) Concurrent Undo Cycle 0.073ms
[2026-05-06T01:03:37.596+0100][13.883s][info][gc,start       ] GC(412) Pause Young (Concurrent Start) (G1 Humongous Allocation)
[2026-05-06T01:03:37.596+0100][13.883s][info][gc,task        ] GC(412) Using 9 workers of 9 for evacuation
[2026-05-06T01:03:37.597+0100][13.883s][info][gc,phases      ] GC(412)   Pre Evacuate Collection Set: 0.1ms
[2026-05-06T01:03:37.597+0100][13.883s][info][gc,phases      ] GC(412)   Merge Heap Roots: 0.0ms
[2026-05-06T01:03:37.597+0100][13.883s][info][gc,phases      ] GC(412)   Evacuate Collection Set: 0.1ms
[2026-05-06T01:03:37.597+0100][13.883s][info][gc,phases      ] GC(412)   Post Evacuate Collection Set: 0.1ms
[2026-05-06T01:03:37.597+0100][13.883s][info][gc,phases      ] GC(412)   Other: 0.0ms
[2026-05-06T01:03:37.597+0100][13.883s][info][gc,heap        ] GC(412) Eden regions: 2->0(217)
[2026-05-06T01:03:37.597+0100][13.883s][info][gc,heap        ] GC(412) Survivor regions: 1->1(28)
[2026-05-06T01:03:37.597+0100][13.883s][info][gc,heap        ] GC(412) Old regions: 13->13
[2026-05-06T01:03:37.597+0100][13.883s][info][gc,heap        ] GC(412) Humongous regions: 169->96
[2026-05-06T01:03:37.597+0100][13.883s][info][gc,metaspace   ] GC(412) Metaspace: 19077K(19392K)->19077K(19392K) NonClass: 16841K(17024K)->16841K(17024K) Class: 2236K(2368K)->2236K(2368K)
[2026-05-06T01:03:37.597+0100][13.883s][info][gc             ] GC(412) Pause Young (Concurrent Start) (G1 Humongous Allocation) 352M->203M(728M) 0.492ms
[2026-05-06T01:03:37.597+0100][13.883s][info][gc,cpu         ] GC(412) User=0.00s Sys=0.00s Real=0.00s
[2026-05-06T01:03:37.597+0100][13.883s][info][gc             ] GC(413) Concurrent Undo Cycle
[2026-05-06T01:03:37.597+0100][13.883s][info][gc,marking     ] GC(413) Concurrent Clear Claimed Marks
[2026-05-06T01:03:37.597+0100][13.883s][info][gc,marking     ] GC(413) Concurrent Clear Claimed Marks 0.007ms
[2026-05-06T01:03:37.597+0100][13.883s][info][gc,marking     ] GC(413) Concurrent Cleanup for Next Mark
[2026-05-06T01:03:37.597+0100][13.883s][info][gc,marking     ] GC(413) Concurrent Cleanup for Next Mark 0.037ms
[2026-05-06T01:03:37.597+0100][13.883s][info][gc             ] GC(413) Concurrent Undo Cycle 0.082ms
[2026-05-06T01:03:37.750+0100][14.037s][info][gc,start       ] GC(414) Pause Young (Concurrent Start) (G1 Humongous Allocation)
[2026-05-06T01:03:37.750+0100][14.037s][info][gc,task        ] GC(414) Using 9 workers of 9 for evacuation
[2026-05-06T01:03:37.751+0100][14.037s][info][gc,phases      ] GC(414)   Pre Evacuate Collection Set: 0.1ms
[2026-05-06T01:03:37.751+0100][14.037s][info][gc,phases      ] GC(414)   Merge Heap Roots: 0.0ms
[2026-05-06T01:03:37.751+0100][14.037s][info][gc,phases      ] GC(414)   Evacuate Collection Set: 0.2ms
[2026-05-06T01:03:37.751+0100][14.037s][info][gc,phases      ] GC(414)   Post Evacuate Collection Set: 0.1ms
[2026-05-06T01:03:37.751+0100][14.037s][info][gc,phases      ] GC(414)   Other: 0.0ms
[2026-05-06T01:03:37.751+0100][14.037s][info][gc,heap        ] GC(414) Eden regions: 2->0(217)
[2026-05-06T01:03:37.751+0100][14.037s][info][gc,heap        ] GC(414) Survivor regions: 1->1(28)
[2026-05-06T01:03:37.751+0100][14.037s][info][gc,heap        ] GC(414) Old regions: 13->13
[2026-05-06T01:03:37.751+0100][14.037s][info][gc,heap        ] GC(414) Humongous regions: 169->96
[2026-05-06T01:03:37.751+0100][14.037s][info][gc,metaspace   ] GC(414) Metaspace: 19077K(19392K)->19077K(19392K) NonClass: 16841K(17024K)->16841K(17024K) Class: 2236K(2368K)->2236K(2368K)
[2026-05-06T01:03:37.751+0100][14.037s][info][gc             ] GC(414) Pause Young (Concurrent Start) (G1 Humongous Allocation) 352M->203M(728M) 0.571ms
[2026-05-06T01:03:37.751+0100][14.037s][info][gc,cpu         ] GC(414) User=0.00s Sys=0.00s Real=0.00s
[2026-05-06T01:03:37.751+0100][14.037s][info][gc             ] GC(415) Concurrent Undo Cycle
[2026-05-06T01:03:37.751+0100][14.037s][info][gc,marking     ] GC(415) Concurrent Clear Claimed Marks
[2026-05-06T01:03:37.751+0100][14.037s][info][gc,marking     ] GC(415) Concurrent Clear Claimed Marks 0.009ms
[2026-05-06T01:03:37.751+0100][14.037s][info][gc,marking     ] GC(415) Concurrent Cleanup for Next Mark
[2026-05-06T01:03:37.751+0100][14.037s][info][gc,marking     ] GC(415) Concurrent Cleanup for Next Mark 0.047ms
[2026-05-06T01:03:37.751+0100][14.037s][info][gc             ] GC(415) Concurrent Undo Cycle 0.088ms
[2026-05-06T01:03:37.912+0100][14.199s][info][gc,start       ] GC(416) Pause Young (Concurrent Start) (G1 Humongous Allocation)
[2026-05-06T01:03:37.912+0100][14.199s][info][gc,task        ] GC(416) Using 9 workers of 9 for evacuation
[2026-05-06T01:03:37.913+0100][14.199s][info][gc,phases      ] GC(416)   Pre Evacuate Collection Set: 0.1ms
[2026-05-06T01:03:37.913+0100][14.199s][info][gc,phases      ] GC(416)   Merge Heap Roots: 0.0ms
[2026-05-06T01:03:37.913+0100][14.199s][info][gc,phases      ] GC(416)   Evacuate Collection Set: 0.2ms
[2026-05-06T01:03:37.913+0100][14.199s][info][gc,phases      ] GC(416)   Post Evacuate Collection Set: 0.2ms
[2026-05-06T01:03:37.913+0100][14.199s][info][gc,phases      ] GC(416)   Other: 0.1ms
[2026-05-06T01:03:37.913+0100][14.199s][info][gc,heap        ] GC(416) Eden regions: 2->0(217)
[2026-05-06T01:03:37.913+0100][14.199s][info][gc,heap        ] GC(416) Survivor regions: 1->1(28)
[2026-05-06T01:03:37.913+0100][14.199s][info][gc,heap        ] GC(416) Old regions: 13->13
[2026-05-06T01:03:37.913+0100][14.199s][info][gc,heap        ] GC(416) Humongous regions: 169->96
[2026-05-06T01:03:37.913+0100][14.199s][info][gc,metaspace   ] GC(416) Metaspace: 19077K(19392K)->19077K(19392K) NonClass: 16841K(17024K)->16841K(17024K) Class: 2236K(2368K)->2236K(2368K)
[2026-05-06T01:03:37.913+0100][14.199s][info][gc             ] GC(416) Pause Young (Concurrent Start) (G1 Humongous Allocation) 352M->203M(728M) 0.744ms
[2026-05-06T01:03:37.913+0100][14.199s][info][gc,cpu         ] GC(416) User=0.00s Sys=0.00s Real=0.00s
[2026-05-06T01:03:37.913+0100][14.199s][info][gc             ] GC(417) Concurrent Undo Cycle
[2026-05-06T01:03:37.913+0100][14.199s][info][gc,marking     ] GC(417) Concurrent Clear Claimed Marks
[2026-05-06T01:03:37.913+0100][14.199s][info][gc,marking     ] GC(417) Concurrent Clear Claimed Marks 0.009ms
[2026-05-06T01:03:37.913+0100][14.199s][info][gc,marking     ] GC(417) Concurrent Cleanup for Next Mark
[2026-05-06T01:03:37.913+0100][14.199s][info][gc,marking     ] GC(417) Concurrent Cleanup for Next Mark 0.040ms
[2026-05-06T01:03:37.913+0100][14.199s][info][gc             ] GC(417) Concurrent Undo Cycle 0.082ms
[2026-05-06T01:03:38.082+0100][14.368s][info][gc,start       ] GC(418) Pause Young (Concurrent Start) (G1 Humongous Allocation)
[2026-05-06T01:03:38.082+0100][14.368s][info][gc,task        ] GC(418) Using 9 workers of 9 for evacuation
[2026-05-06T01:03:38.082+0100][14.369s][info][gc,phases      ] GC(418)   Pre Evacuate Collection Set: 0.1ms
[2026-05-06T01:03:38.082+0100][14.369s][info][gc,phases      ] GC(418)   Merge Heap Roots: 0.0ms
[2026-05-06T01:03:38.082+0100][14.369s][info][gc,phases      ] GC(418)   Evacuate Collection Set: 0.2ms
[2026-05-06T01:03:38.082+0100][14.369s][info][gc,phases      ] GC(418)   Post Evacuate Collection Set: 0.1ms
[2026-05-06T01:03:38.082+0100][14.369s][info][gc,phases      ] GC(418)   Other: 0.0ms
[2026-05-06T01:03:38.082+0100][14.369s][info][gc,heap        ] GC(418) Eden regions: 2->0(217)
[2026-05-06T01:03:38.082+0100][14.369s][info][gc,heap        ] GC(418) Survivor regions: 1->1(28)
[2026-05-06T01:03:38.082+0100][14.369s][info][gc,heap        ] GC(418) Old regions: 13->13
[2026-05-06T01:03:38.082+0100][14.369s][info][gc,heap        ] GC(418) Humongous regions: 169->96
[2026-05-06T01:03:38.082+0100][14.369s][info][gc,metaspace   ] GC(418) Metaspace: 19077K(19392K)->19077K(19392K) NonClass: 16841K(17024K)->16841K(17024K) Class: 2236K(2368K)->2236K(2368K)
[2026-05-06T01:03:38.082+0100][14.369s][info][gc             ] GC(418) Pause Young (Concurrent Start) (G1 Humongous Allocation) 352M->203M(728M) 0.563ms
[2026-05-06T01:03:38.082+0100][14.369s][info][gc,cpu         ] GC(418) User=0.00s Sys=0.00s Real=0.00s
[2026-05-06T01:03:38.082+0100][14.369s][info][gc             ] GC(419) Concurrent Undo Cycle
[2026-05-06T01:03:38.083+0100][14.369s][info][gc,marking     ] GC(419) Concurrent Clear Claimed Marks
[2026-05-06T01:03:38.083+0100][14.369s][info][gc,marking     ] GC(419) Concurrent Clear Claimed Marks 0.010ms
[2026-05-06T01:03:38.083+0100][14.369s][info][gc,marking     ] GC(419) Concurrent Cleanup for Next Mark
[2026-05-06T01:03:38.083+0100][14.369s][info][gc,marking     ] GC(419) Concurrent Cleanup for Next Mark 0.034ms
[2026-05-06T01:03:38.083+0100][14.369s][info][gc             ] GC(419) Concurrent Undo Cycle 0.083ms
[2026-05-06T01:03:38.243+0100][14.529s][info][gc,start       ] GC(420) Pause Young (Concurrent Start) (G1 Humongous Allocation)
[2026-05-06T01:03:38.243+0100][14.530s][info][gc,task        ] GC(420) Using 9 workers of 9 for evacuation
[2026-05-06T01:03:38.244+0100][14.530s][info][gc,phases      ] GC(420)   Pre Evacuate Collection Set: 0.1ms
[2026-05-06T01:03:38.244+0100][14.530s][info][gc,phases      ] GC(420)   Merge Heap Roots: 0.0ms
[2026-05-06T01:03:38.244+0100][14.530s][info][gc,phases      ] GC(420)   Evacuate Collection Set: 0.2ms
[2026-05-06T01:03:38.244+0100][14.530s][info][gc,phases      ] GC(420)   Post Evacuate Collection Set: 0.2ms
[2026-05-06T01:03:38.244+0100][14.530s][info][gc,phases      ] GC(420)   Other: 0.1ms
[2026-05-06T01:03:38.244+0100][14.530s][info][gc,heap        ] GC(420) Eden regions: 2->0(217)
[2026-05-06T01:03:38.244+0100][14.530s][info][gc,heap        ] GC(420) Survivor regions: 1->1(28)
[2026-05-06T01:03:38.244+0100][14.530s][info][gc,heap        ] GC(420) Old regions: 13->13
[2026-05-06T01:03:38.244+0100][14.530s][info][gc,heap        ] GC(420) Humongous regions: 169->96
[2026-05-06T01:03:38.244+0100][14.530s][info][gc,metaspace   ] GC(420) Metaspace: 19077K(19392K)->19077K(19392K) NonClass: 16841K(17024K)->16841K(17024K) Class: 2236K(2368K)->2236K(2368K)
[2026-05-06T01:03:38.244+0100][14.530s][info][gc             ] GC(420) Pause Young (Concurrent Start) (G1 Humongous Allocation) 352M->203M(728M) 0.789ms
[2026-05-06T01:03:38.244+0100][14.530s][info][gc,cpu         ] GC(420) User=0.00s Sys=0.00s Real=0.00s
[2026-05-06T01:03:38.244+0100][14.530s][info][gc             ] GC(421) Concurrent Undo Cycle
[2026-05-06T01:03:38.244+0100][14.530s][info][gc,marking     ] GC(421) Concurrent Clear Claimed Marks
[2026-05-06T01:03:38.244+0100][14.530s][info][gc,marking     ] GC(421) Concurrent Clear Claimed Marks 0.011ms
[2026-05-06T01:03:38.244+0100][14.530s][info][gc,marking     ] GC(421) Concurrent Cleanup for Next Mark
[2026-05-06T01:03:38.244+0100][14.530s][info][gc,marking     ] GC(421) Concurrent Cleanup for Next Mark 0.045ms
[2026-05-06T01:03:38.244+0100][14.530s][info][gc             ] GC(421) Concurrent Undo Cycle 0.097ms
[2026-05-06T01:03:38.402+0100][14.688s][info][gc,start       ] GC(422) Pause Young (Concurrent Start) (G1 Humongous Allocation)
[2026-05-06T01:03:38.402+0100][14.688s][info][gc,task        ] GC(422) Using 9 workers of 9 for evacuation
[2026-05-06T01:03:38.402+0100][14.689s][info][gc,phases      ] GC(422)   Pre Evacuate Collection Set: 0.1ms
[2026-05-06T01:03:38.402+0100][14.689s][info][gc,phases      ] GC(422)   Merge Heap Roots: 0.0ms
[2026-05-06T01:03:38.402+0100][14.689s][info][gc,phases      ] GC(422)   Evacuate Collection Set: 0.2ms
[2026-05-06T01:03:38.402+0100][14.689s][info][gc,phases      ] GC(422)   Post Evacuate Collection Set: 0.1ms
[2026-05-06T01:03:38.402+0100][14.689s][info][gc,phases      ] GC(422)   Other: 0.0ms
[2026-05-06T01:03:38.402+0100][14.689s][info][gc,heap        ] GC(422) Eden regions: 2->0(217)
[2026-05-06T01:03:38.402+0100][14.689s][info][gc,heap        ] GC(422) Survivor regions: 1->1(28)
[2026-05-06T01:03:38.402+0100][14.689s][info][gc,heap        ] GC(422) Old regions: 13->13
[2026-05-06T01:03:38.402+0100][14.689s][info][gc,heap        ] GC(422) Humongous regions: 169->96
[2026-05-06T01:03:38.402+0100][14.689s][info][gc,metaspace   ] GC(422) Metaspace: 19077K(19392K)->19077K(19392K) NonClass: 16841K(17024K)->16841K(17024K) Class: 2236K(2368K)->2236K(2368K)
[2026-05-06T01:03:38.402+0100][14.689s][info][gc             ] GC(422) Pause Young (Concurrent Start) (G1 Humongous Allocation) 352M->203M(728M) 0.629ms
[2026-05-06T01:03:38.402+0100][14.689s][info][gc,cpu         ] GC(422) User=0.01s Sys=0.00s Real=0.00s
[2026-05-06T01:03:38.402+0100][14.689s][info][gc             ] GC(423) Concurrent Undo Cycle
[2026-05-06T01:03:38.403+0100][14.689s][info][gc,marking     ] GC(423) Concurrent Clear Claimed Marks
[2026-05-06T01:03:38.403+0100][14.689s][info][gc,marking     ] GC(423) Concurrent Clear Claimed Marks 0.010ms
[2026-05-06T01:03:38.403+0100][14.689s][info][gc,marking     ] GC(423) Concurrent Cleanup for Next Mark
[2026-05-06T01:03:38.403+0100][14.689s][info][gc,marking     ] GC(423) Concurrent Cleanup for Next Mark 0.037ms
[2026-05-06T01:03:38.403+0100][14.689s][info][gc             ] GC(423) Concurrent Undo Cycle 0.085ms
[2026-05-06T01:03:38.557+0100][14.843s][info][gc,start       ] GC(424) Pause Young (Concurrent Start) (G1 Humongous Allocation)
[2026-05-06T01:03:38.557+0100][14.843s][info][gc,task        ] GC(424) Using 9 workers of 9 for evacuation
[2026-05-06T01:03:38.557+0100][14.843s][info][gc,phases      ] GC(424)   Pre Evacuate Collection Set: 0.1ms
[2026-05-06T01:03:38.557+0100][14.843s][info][gc,phases      ] GC(424)   Merge Heap Roots: 0.0ms
[2026-05-06T01:03:38.557+0100][14.843s][info][gc,phases      ] GC(424)   Evacuate Collection Set: 0.2ms
[2026-05-06T01:03:38.557+0100][14.843s][info][gc,phases      ] GC(424)   Post Evacuate Collection Set: 0.1ms
[2026-05-06T01:03:38.557+0100][14.843s][info][gc,phases      ] GC(424)   Other: 0.0ms
[2026-05-06T01:03:38.557+0100][14.843s][info][gc,heap        ] GC(424) Eden regions: 2->0(217)
[2026-05-06T01:03:38.557+0100][14.843s][info][gc,heap        ] GC(424) Survivor regions: 1->1(28)
[2026-05-06T01:03:38.557+0100][14.843s][info][gc,heap        ] GC(424) Old regions: 13->13
[2026-05-06T01:03:38.557+0100][14.843s][info][gc,heap        ] GC(424) Humongous regions: 169->96
[2026-05-06T01:03:38.557+0100][14.843s][info][gc,metaspace   ] GC(424) Metaspace: 19078K(19392K)->19078K(19392K) NonClass: 16841K(17024K)->16841K(17024K) Class: 2236K(2368K)->2236K(2368K)
[2026-05-06T01:03:38.557+0100][14.843s][info][gc             ] GC(424) Pause Young (Concurrent Start) (G1 Humongous Allocation) 352M->203M(728M) 0.557ms
[2026-05-06T01:03:38.557+0100][14.843s][info][gc,cpu         ] GC(424) User=0.00s Sys=0.00s Real=0.00s
[2026-05-06T01:03:38.557+0100][14.843s][info][gc             ] GC(425) Concurrent Undo Cycle
[2026-05-06T01:03:38.557+0100][14.843s][info][gc,marking     ] GC(425) Concurrent Clear Claimed Marks
[2026-05-06T01:03:38.557+0100][14.843s][info][gc,marking     ] GC(425) Concurrent Clear Claimed Marks 0.006ms
[2026-05-06T01:03:38.557+0100][14.843s][info][gc,marking     ] GC(425) Concurrent Cleanup for Next Mark
[2026-05-06T01:03:38.557+0100][14.844s][info][gc,marking     ] GC(425) Concurrent Cleanup for Next Mark 0.041ms
[2026-05-06T01:03:38.557+0100][14.844s][info][gc             ] GC(425) Concurrent Undo Cycle 0.073ms
[2026-05-06T01:03:38.710+0100][14.997s][info][gc,start       ] GC(426) Pause Young (Concurrent Start) (G1 Humongous Allocation)
[2026-05-06T01:03:38.710+0100][14.997s][info][gc,task        ] GC(426) Using 9 workers of 9 for evacuation
[2026-05-06T01:03:38.711+0100][14.997s][info][gc,phases      ] GC(426)   Pre Evacuate Collection Set: 0.1ms
[2026-05-06T01:03:38.711+0100][14.997s][info][gc,phases      ] GC(426)   Merge Heap Roots: 0.0ms
[2026-05-06T01:03:38.711+0100][14.997s][info][gc,phases      ] GC(426)   Evacuate Collection Set: 0.2ms
[2026-05-06T01:03:38.711+0100][14.997s][info][gc,phases      ] GC(426)   Post Evacuate Collection Set: 0.1ms
[2026-05-06T01:03:38.711+0100][14.997s][info][gc,phases      ] GC(426)   Other: 0.0ms
[2026-05-06T01:03:38.711+0100][14.997s][info][gc,heap        ] GC(426) Eden regions: 2->0(217)
[2026-05-06T01:03:38.711+0100][14.997s][info][gc,heap        ] GC(426) Survivor regions: 1->1(28)
[2026-05-06T01:03:38.711+0100][14.997s][info][gc,heap        ] GC(426) Old regions: 13->13
[2026-05-06T01:03:38.711+0100][14.997s][info][gc,heap        ] GC(426) Humongous regions: 169->96
[2026-05-06T01:03:38.711+0100][14.997s][info][gc,metaspace   ] GC(426) Metaspace: 19078K(19392K)->19078K(19392K) NonClass: 16841K(17024K)->16841K(17024K) Class: 2236K(2368K)->2236K(2368K)
[2026-05-06T01:03:38.711+0100][14.997s][info][gc             ] GC(426) Pause Young (Concurrent Start) (G1 Humongous Allocation) 352M->203M(728M) 0.542ms
[2026-05-06T01:03:38.711+0100][14.997s][info][gc,cpu         ] GC(426) User=0.01s Sys=0.00s Real=0.00s
[2026-05-06T01:03:38.711+0100][14.997s][info][gc             ] GC(427) Concurrent Undo Cycle
[2026-05-06T01:03:38.711+0100][14.997s][info][gc,marking     ] GC(427) Concurrent Clear Claimed Marks
[2026-05-06T01:03:38.711+0100][14.997s][info][gc,marking     ] GC(427) Concurrent Clear Claimed Marks 0.007ms
[2026-05-06T01:03:38.711+0100][14.997s][info][gc,marking     ] GC(427) Concurrent Cleanup for Next Mark
[2026-05-06T01:03:38.711+0100][14.997s][info][gc,marking     ] GC(427) Concurrent Cleanup for Next Mark 0.042ms
[2026-05-06T01:03:38.711+0100][14.997s][info][gc             ] GC(427) Concurrent Undo Cycle 0.074ms
[2026-05-06T01:03:38.864+0100][15.150s][info][gc,start       ] GC(428) Pause Young (Concurrent Start) (G1 Humongous Allocation)
[2026-05-06T01:03:38.864+0100][15.150s][info][gc,task        ] GC(428) Using 9 workers of 9 for evacuation
[2026-05-06T01:03:38.864+0100][15.151s][info][gc,phases      ] GC(428)   Pre Evacuate Collection Set: 0.1ms
[2026-05-06T01:03:38.864+0100][15.151s][info][gc,phases      ] GC(428)   Merge Heap Roots: 0.0ms
[2026-05-06T01:03:38.864+0100][15.151s][info][gc,phases      ] GC(428)   Evacuate Collection Set: 0.2ms
[2026-05-06T01:03:38.864+0100][15.151s][info][gc,phases      ] GC(428)   Post Evacuate Collection Set: 0.1ms
[2026-05-06T01:03:38.864+0100][15.151s][info][gc,phases      ] GC(428)   Other: 0.0ms
[2026-05-06T01:03:38.864+0100][15.151s][info][gc,heap        ] GC(428) Eden regions: 2->0(217)
[2026-05-06T01:03:38.864+0100][15.151s][info][gc,heap        ] GC(428) Survivor regions: 1->1(28)
[2026-05-06T01:03:38.864+0100][15.151s][info][gc,heap        ] GC(428) Old regions: 13->13
[2026-05-06T01:03:38.864+0100][15.151s][info][gc,heap        ] GC(428) Humongous regions: 169->96
[2026-05-06T01:03:38.864+0100][15.151s][info][gc,metaspace   ] GC(428) Metaspace: 19078K(19392K)->19078K(19392K) NonClass: 16841K(17024K)->16841K(17024K) Class: 2236K(2368K)->2236K(2368K)
[2026-05-06T01:03:38.864+0100][15.151s][info][gc             ] GC(428) Pause Young (Concurrent Start) (G1 Humongous Allocation) 352M->203M(728M) 0.531ms
[2026-05-06T01:03:38.864+0100][15.151s][info][gc,cpu         ] GC(428) User=0.00s Sys=0.00s Real=0.00s
[2026-05-06T01:03:38.864+0100][15.151s][info][gc             ] GC(429) Concurrent Undo Cycle
[2026-05-06T01:03:38.864+0100][15.151s][info][gc,marking     ] GC(429) Concurrent Clear Claimed Marks
[2026-05-06T01:03:38.864+0100][15.151s][info][gc,marking     ] GC(429) Concurrent Clear Claimed Marks 0.006ms
[2026-05-06T01:03:38.864+0100][15.151s][info][gc,marking     ] GC(429) Concurrent Cleanup for Next Mark
[2026-05-06T01:03:38.864+0100][15.151s][info][gc,marking     ] GC(429) Concurrent Cleanup for Next Mark 0.038ms
[2026-05-06T01:03:38.864+0100][15.151s][info][gc             ] GC(429) Concurrent Undo Cycle 0.112ms
[2026-05-06T01:03:38.955+0100][15.242s][info][gc,start       ] GC(430) Pause Full (System.gc())
[2026-05-06T01:03:38.955+0100][15.242s][info][gc,task        ] GC(430) Using 9 workers of 9 for full compaction
[2026-05-06T01:03:38.956+0100][15.242s][info][gc,phases,start] GC(430) Phase 1: Mark live objects
[2026-05-06T01:03:38.959+0100][15.245s][info][gc,phases      ] GC(430) Phase 1: Mark live objects 3.048ms
[2026-05-06T01:03:38.959+0100][15.245s][info][gc,phases,start] GC(430) Phase 2: Prepare compaction
[2026-05-06T01:03:38.959+0100][15.245s][info][gc,phases      ] GC(430) Phase 2: Prepare compaction 0.257ms
[2026-05-06T01:03:38.959+0100][15.245s][info][gc,phases,start] GC(430) Phase 3: Adjust pointers
[2026-05-06T01:03:38.961+0100][15.247s][info][gc,phases      ] GC(430) Phase 3: Adjust pointers 1.706ms
[2026-05-06T01:03:38.961+0100][15.247s][info][gc,phases,start] GC(430) Phase 4: Compact heap
[2026-05-06T01:03:38.961+0100][15.247s][info][gc,phases      ] GC(430) Phase 4: Compact heap 0.211ms
[2026-05-06T01:03:38.961+0100][15.247s][info][gc,phases,start] GC(430) Phase 5: Reset Metadata
[2026-05-06T01:03:38.961+0100][15.247s][info][gc,phases      ] GC(430) Phase 5: Reset Metadata 0.333ms
[2026-05-06T01:03:38.962+0100][15.248s][info][gc,heap        ] GC(430) Eden regions: 1->0(218)
[2026-05-06T01:03:38.962+0100][15.248s][info][gc,heap        ] GC(430) Survivor regions: 1->0(28)
[2026-05-06T01:03:38.962+0100][15.248s][info][gc,heap        ] GC(430) Old regions: 13->13
[2026-05-06T01:03:38.962+0100][15.248s][info][gc,heap        ] GC(430) Humongous regions: 169->96
[2026-05-06T01:03:38.962+0100][15.248s][info][gc,metaspace   ] GC(430) Metaspace: 19078K(19392K)->19078K(19392K) NonClass: 16841K(17024K)->16841K(17024K) Class: 2236K(2368K)->2236K(2368K)
[2026-05-06T01:03:38.962+0100][15.248s][info][gc             ] GC(430) Pause Full (System.gc()) 351M->203M(728M) 6.215ms
[2026-05-06T01:03:38.962+0100][15.248s][info][gc,cpu         ] GC(430) User=0.02s Sys=0.01s Real=0.01s
[2026-05-06T01:03:39.061+0100][15.348s][info][gc,start       ] GC(431) Pause Young (Concurrent Start) (G1 Humongous Allocation)
[2026-05-06T01:03:39.061+0100][15.348s][info][gc,task        ] GC(431) Using 9 workers of 9 for evacuation
[2026-05-06T01:03:39.062+0100][15.348s][info][gc,phases      ] GC(431)   Pre Evacuate Collection Set: 0.1ms
[2026-05-06T01:03:39.062+0100][15.348s][info][gc,phases      ] GC(431)   Merge Heap Roots: 0.0ms
[2026-05-06T01:03:39.062+0100][15.348s][info][gc,phases      ] GC(431)   Evacuate Collection Set: 0.2ms
[2026-05-06T01:03:39.062+0100][15.348s][info][gc,phases      ] GC(431)   Post Evacuate Collection Set: 0.1ms
[2026-05-06T01:03:39.062+0100][15.348s][info][gc,phases      ] GC(431)   Other: 0.0ms
[2026-05-06T01:03:39.062+0100][15.348s][info][gc,heap        ] GC(431) Eden regions: 1->0(217)
[2026-05-06T01:03:39.062+0100][15.348s][info][gc,heap        ] GC(431) Survivor regions: 0->1(28)
[2026-05-06T01:03:39.062+0100][15.348s][info][gc,heap        ] GC(431) Old regions: 13->13
[2026-05-06T01:03:39.062+0100][15.348s][info][gc,heap        ] GC(431) Humongous regions: 96->96
[2026-05-06T01:03:39.062+0100][15.348s][info][gc,metaspace   ] GC(431) Metaspace: 19078K(19392K)->19078K(19392K) NonClass: 16841K(17024K)->16841K(17024K) Class: 2236K(2368K)->2236K(2368K)
[2026-05-06T01:03:39.062+0100][15.348s][info][gc             ] GC(431) Pause Young (Concurrent Start) (G1 Humongous Allocation) 205M->203M(728M) 0.588ms
[2026-05-06T01:03:39.062+0100][15.348s][info][gc,cpu         ] GC(431) User=0.00s Sys=0.00s Real=0.00s
[2026-05-06T01:03:39.062+0100][15.348s][info][gc             ] GC(432) Concurrent Undo Cycle
[2026-05-06T01:03:39.062+0100][15.348s][info][gc,marking     ] GC(432) Concurrent Clear Claimed Marks
[2026-05-06T01:03:39.062+0100][15.348s][info][gc,marking     ] GC(432) Concurrent Clear Claimed Marks 0.008ms
[2026-05-06T01:03:39.062+0100][15.348s][info][gc,marking     ] GC(432) Concurrent Cleanup for Next Mark
[2026-05-06T01:03:39.062+0100][15.348s][info][gc,marking     ] GC(432) Concurrent Cleanup for Next Mark 0.034ms
[2026-05-06T01:03:39.062+0100][15.348s][info][gc             ] GC(432) Concurrent Undo Cycle 0.073ms
[2026-05-06T01:03:39.218+0100][15.504s][info][gc,start       ] GC(433) Pause Young (Concurrent Start) (G1 Humongous Allocation)
[2026-05-06T01:03:39.218+0100][15.504s][info][gc,task        ] GC(433) Using 9 workers of 9 for evacuation
[2026-05-06T01:03:39.218+0100][15.504s][info][gc,phases      ] GC(433)   Pre Evacuate Collection Set: 0.1ms
[2026-05-06T01:03:39.218+0100][15.504s][info][gc,phases      ] GC(433)   Merge Heap Roots: 0.0ms
[2026-05-06T01:03:39.218+0100][15.504s][info][gc,phases      ] GC(433)   Evacuate Collection Set: 0.2ms
[2026-05-06T01:03:39.218+0100][15.504s][info][gc,phases      ] GC(433)   Post Evacuate Collection Set: 0.1ms
[2026-05-06T01:03:39.218+0100][15.504s][info][gc,phases      ] GC(433)   Other: 0.0ms
[2026-05-06T01:03:39.218+0100][15.504s][info][gc,heap        ] GC(433) Eden regions: 1->0(217)
[2026-05-06T01:03:39.218+0100][15.504s][info][gc,heap        ] GC(433) Survivor regions: 1->1(28)
[2026-05-06T01:03:39.218+0100][15.504s][info][gc,heap        ] GC(433) Old regions: 13->13
[2026-05-06T01:03:39.218+0100][15.504s][info][gc,heap        ] GC(433) Humongous regions: 169->96
[2026-05-06T01:03:39.218+0100][15.504s][info][gc,metaspace   ] GC(433) Metaspace: 19078K(19392K)->19078K(19392K) NonClass: 16841K(17024K)->16841K(17024K) Class: 2236K(2368K)->2236K(2368K)
[2026-05-06T01:03:39.218+0100][15.504s][info][gc             ] GC(433) Pause Young (Concurrent Start) (G1 Humongous Allocation) 351M->203M(728M) 0.583ms
[2026-05-06T01:03:39.218+0100][15.504s][info][gc,cpu         ] GC(433) User=0.00s Sys=0.01s Real=0.00s
[2026-05-06T01:03:39.218+0100][15.504s][info][gc             ] GC(434) Concurrent Undo Cycle
[2026-05-06T01:03:39.218+0100][15.504s][info][gc,marking     ] GC(434) Concurrent Clear Claimed Marks
[2026-05-06T01:03:39.218+0100][15.504s][info][gc,marking     ] GC(434) Concurrent Clear Claimed Marks 0.010ms
[2026-05-06T01:03:39.218+0100][15.504s][info][gc,marking     ] GC(434) Concurrent Cleanup for Next Mark
[2026-05-06T01:03:39.218+0100][15.505s][info][gc,marking     ] GC(434) Concurrent Cleanup for Next Mark 0.046ms
[2026-05-06T01:03:39.218+0100][15.505s][info][gc             ] GC(434) Concurrent Undo Cycle 0.104ms
[2026-05-06T01:03:39.420+0100][15.707s][info][gc,start       ] GC(435) Pause Young (Concurrent Start) (G1 Humongous Allocation)
[2026-05-06T01:03:39.420+0100][15.707s][info][gc,task        ] GC(435) Using 9 workers of 9 for evacuation
[2026-05-06T01:03:39.421+0100][15.707s][info][gc,phases      ] GC(435)   Pre Evacuate Collection Set: 0.1ms
[2026-05-06T01:03:39.421+0100][15.707s][info][gc,phases      ] GC(435)   Merge Heap Roots: 0.0ms
[2026-05-06T01:03:39.421+0100][15.707s][info][gc,phases      ] GC(435)   Evacuate Collection Set: 0.2ms
[2026-05-06T01:03:39.421+0100][15.707s][info][gc,phases      ] GC(435)   Post Evacuate Collection Set: 0.1ms
[2026-05-06T01:03:39.421+0100][15.707s][info][gc,phases      ] GC(435)   Other: 0.0ms
[2026-05-06T01:03:39.421+0100][15.707s][info][gc,heap        ] GC(435) Eden regions: 2->0(217)
[2026-05-06T01:03:39.421+0100][15.707s][info][gc,heap        ] GC(435) Survivor regions: 1->1(28)
[2026-05-06T01:03:39.421+0100][15.707s][info][gc,heap        ] GC(435) Old regions: 13->13
[2026-05-06T01:03:39.421+0100][15.707s][info][gc,heap        ] GC(435) Humongous regions: 169->96
[2026-05-06T01:03:39.421+0100][15.707s][info][gc,metaspace   ] GC(435) Metaspace: 19078K(19392K)->19078K(19392K) NonClass: 16841K(17024K)->16841K(17024K) Class: 2236K(2368K)->2236K(2368K)
[2026-05-06T01:03:39.421+0100][15.707s][info][gc             ] GC(435) Pause Young (Concurrent Start) (G1 Humongous Allocation) 352M->203M(728M) 0.574ms
[2026-05-06T01:03:39.421+0100][15.707s][info][gc,cpu         ] GC(435) User=0.00s Sys=0.00s Real=0.00s
[2026-05-06T01:03:39.421+0100][15.707s][info][gc             ] GC(436) Concurrent Undo Cycle
[2026-05-06T01:03:39.421+0100][15.707s][info][gc,marking     ] GC(436) Concurrent Clear Claimed Marks
[2026-05-06T01:03:39.421+0100][15.707s][info][gc,marking     ] GC(436) Concurrent Clear Claimed Marks 0.007ms
[2026-05-06T01:03:39.421+0100][15.707s][info][gc,marking     ] GC(436) Concurrent Cleanup for Next Mark
[2026-05-06T01:03:39.421+0100][15.707s][info][gc,marking     ] GC(436) Concurrent Cleanup for Next Mark 0.041ms
[2026-05-06T01:03:39.421+0100][15.707s][info][gc             ] GC(436) Concurrent Undo Cycle 0.076ms
[2026-05-06T01:03:39.574+0100][15.860s][info][gc,start       ] GC(437) Pause Young (Concurrent Start) (G1 Humongous Allocation)
[2026-05-06T01:03:39.574+0100][15.860s][info][gc,task        ] GC(437) Using 9 workers of 9 for evacuation
[2026-05-06T01:03:39.575+0100][15.861s][info][gc,phases      ] GC(437)   Pre Evacuate Collection Set: 0.1ms
[2026-05-06T01:03:39.575+0100][15.861s][info][gc,phases      ] GC(437)   Merge Heap Roots: 0.0ms
[2026-05-06T01:03:39.575+0100][15.861s][info][gc,phases      ] GC(437)   Evacuate Collection Set: 0.2ms
[2026-05-06T01:03:39.575+0100][15.861s][info][gc,phases      ] GC(437)   Post Evacuate Collection Set: 0.1ms
[2026-05-06T01:03:39.575+0100][15.861s][info][gc,phases      ] GC(437)   Other: 0.0ms
[2026-05-06T01:03:39.575+0100][15.861s][info][gc,heap        ] GC(437) Eden regions: 2->0(217)
[2026-05-06T01:03:39.575+0100][15.861s][info][gc,heap        ] GC(437) Survivor regions: 1->1(28)
[2026-05-06T01:03:39.575+0100][15.861s][info][gc,heap        ] GC(437) Old regions: 13->13
[2026-05-06T01:03:39.575+0100][15.861s][info][gc,heap        ] GC(437) Humongous regions: 169->96
[2026-05-06T01:03:39.575+0100][15.861s][info][gc,metaspace   ] GC(437) Metaspace: 19078K(19392K)->19078K(19392K) NonClass: 16841K(17024K)->16841K(17024K) Class: 2236K(2368K)->2236K(2368K)
[2026-05-06T01:03:39.575+0100][15.861s][info][gc             ] GC(437) Pause Young (Concurrent Start) (G1 Humongous Allocation) 352M->203M(728M) 0.540ms
[2026-05-06T01:03:39.575+0100][15.861s][info][gc,cpu         ] GC(437) User=0.00s Sys=0.00s Real=0.00s
[2026-05-06T01:03:39.575+0100][15.861s][info][gc             ] GC(438) Concurrent Undo Cycle
[2026-05-06T01:03:39.575+0100][15.861s][info][gc,marking     ] GC(438) Concurrent Clear Claimed Marks
[2026-05-06T01:03:39.575+0100][15.861s][info][gc,marking     ] GC(438) Concurrent Clear Claimed Marks 0.007ms
[2026-05-06T01:03:39.575+0100][15.861s][info][gc,marking     ] GC(438) Concurrent Cleanup for Next Mark
[2026-05-06T01:03:39.575+0100][15.861s][info][gc,marking     ] GC(438) Concurrent Cleanup for Next Mark 0.036ms
[2026-05-06T01:03:39.575+0100][15.861s][info][gc             ] GC(438) Concurrent Undo Cycle 0.071ms
[2026-05-06T01:03:39.728+0100][16.015s][info][gc,start       ] GC(439) Pause Young (Concurrent Start) (G1 Humongous Allocation)
[2026-05-06T01:03:39.728+0100][16.015s][info][gc,task        ] GC(439) Using 9 workers of 9 for evacuation
[2026-05-06T01:03:39.729+0100][16.015s][info][gc,phases      ] GC(439)   Pre Evacuate Collection Set: 0.1ms
[2026-05-06T01:03:39.729+0100][16.015s][info][gc,phases      ] GC(439)   Merge Heap Roots: 0.0ms
[2026-05-06T01:03:39.729+0100][16.015s][info][gc,phases      ] GC(439)   Evacuate Collection Set: 0.2ms
[2026-05-06T01:03:39.729+0100][16.015s][info][gc,phases      ] GC(439)   Post Evacuate Collection Set: 0.1ms
[2026-05-06T01:03:39.729+0100][16.015s][info][gc,phases      ] GC(439)   Other: 0.0ms
[2026-05-06T01:03:39.729+0100][16.015s][info][gc,heap        ] GC(439) Eden regions: 2->0(217)
[2026-05-06T01:03:39.729+0100][16.015s][info][gc,heap        ] GC(439) Survivor regions: 1->1(28)
[2026-05-06T01:03:39.729+0100][16.015s][info][gc,heap        ] GC(439) Old regions: 13->13
[2026-05-06T01:03:39.729+0100][16.015s][info][gc,heap        ] GC(439) Humongous regions: 169->96
[2026-05-06T01:03:39.729+0100][16.015s][info][gc,metaspace   ] GC(439) Metaspace: 19078K(19392K)->19078K(19392K) NonClass: 16841K(17024K)->16841K(17024K) Class: 2236K(2368K)->2236K(2368K)
[2026-05-06T01:03:39.729+0100][16.015s][info][gc             ] GC(439) Pause Young (Concurrent Start) (G1 Humongous Allocation) 352M->203M(728M) 0.585ms
[2026-05-06T01:03:39.729+0100][16.015s][info][gc,cpu         ] GC(439) User=0.00s Sys=0.00s Real=0.00s
[2026-05-06T01:03:39.729+0100][16.015s][info][gc             ] GC(440) Concurrent Undo Cycle
[2026-05-06T01:03:39.729+0100][16.015s][info][gc,marking     ] GC(440) Concurrent Clear Claimed Marks
[2026-05-06T01:03:39.729+0100][16.015s][info][gc,marking     ] GC(440) Concurrent Clear Claimed Marks 0.008ms
[2026-05-06T01:03:39.729+0100][16.015s][info][gc,marking     ] GC(440) Concurrent Cleanup for Next Mark
[2026-05-06T01:03:39.729+0100][16.015s][info][gc,marking     ] GC(440) Concurrent Cleanup for Next Mark 0.033ms
[2026-05-06T01:03:39.729+0100][16.015s][info][gc             ] GC(440) Concurrent Undo Cycle 0.070ms
[2026-05-06T01:03:39.898+0100][16.184s][info][gc,start       ] GC(441) Pause Young (Concurrent Start) (G1 Humongous Allocation)
[2026-05-06T01:03:39.898+0100][16.184s][info][gc,task        ] GC(441) Using 9 workers of 9 for evacuation
[2026-05-06T01:03:39.898+0100][16.184s][info][gc,phases      ] GC(441)   Pre Evacuate Collection Set: 0.1ms
[2026-05-06T01:03:39.898+0100][16.184s][info][gc,phases      ] GC(441)   Merge Heap Roots: 0.0ms
[2026-05-06T01:03:39.898+0100][16.184s][info][gc,phases      ] GC(441)   Evacuate Collection Set: 0.2ms
[2026-05-06T01:03:39.898+0100][16.184s][info][gc,phases      ] GC(441)   Post Evacuate Collection Set: 0.1ms
[2026-05-06T01:03:39.898+0100][16.184s][info][gc,phases      ] GC(441)   Other: 0.1ms
[2026-05-06T01:03:39.898+0100][16.184s][info][gc,heap        ] GC(441) Eden regions: 2->0(217)
[2026-05-06T01:03:39.898+0100][16.184s][info][gc,heap        ] GC(441) Survivor regions: 1->1(28)
[2026-05-06T01:03:39.898+0100][16.184s][info][gc,heap        ] GC(441) Old regions: 13->13
[2026-05-06T01:03:39.898+0100][16.184s][info][gc,heap        ] GC(441) Humongous regions: 169->96
[2026-05-06T01:03:39.898+0100][16.184s][info][gc,metaspace   ] GC(441) Metaspace: 19078K(19392K)->19078K(19392K) NonClass: 16841K(17024K)->16841K(17024K) Class: 2236K(2368K)->2236K(2368K)
[2026-05-06T01:03:39.898+0100][16.184s][info][gc             ] GC(441) Pause Young (Concurrent Start) (G1 Humongous Allocation) 352M->203M(728M) 0.674ms
[2026-05-06T01:03:39.898+0100][16.184s][info][gc,cpu         ] GC(441) User=0.00s Sys=0.00s Real=0.00s
[2026-05-06T01:03:39.898+0100][16.184s][info][gc             ] GC(442) Concurrent Undo Cycle
[2026-05-06T01:03:39.898+0100][16.185s][info][gc,marking     ] GC(442) Concurrent Clear Claimed Marks
[2026-05-06T01:03:39.898+0100][16.185s][info][gc,marking     ] GC(442) Concurrent Clear Claimed Marks 0.011ms
[2026-05-06T01:03:39.898+0100][16.185s][info][gc,marking     ] GC(442) Concurrent Cleanup for Next Mark
[2026-05-06T01:03:39.898+0100][16.185s][info][gc,marking     ] GC(442) Concurrent Cleanup for Next Mark 0.045ms
[2026-05-06T01:03:39.898+0100][16.185s][info][gc             ] GC(442) Concurrent Undo Cycle 0.098ms
[2026-05-06T01:03:40.056+0100][16.342s][info][gc,start       ] GC(443) Pause Young (Concurrent Start) (G1 Humongous Allocation)
[2026-05-06T01:03:40.056+0100][16.343s][info][gc,task        ] GC(443) Using 9 workers of 9 for evacuation
[2026-05-06T01:03:40.057+0100][16.343s][info][gc,phases      ] GC(443)   Pre Evacuate Collection Set: 0.1ms
[2026-05-06T01:03:40.057+0100][16.343s][info][gc,phases      ] GC(443)   Merge Heap Roots: 0.0ms
[2026-05-06T01:03:40.057+0100][16.343s][info][gc,phases      ] GC(443)   Evacuate Collection Set: 0.2ms
[2026-05-06T01:03:40.057+0100][16.343s][info][gc,phases      ] GC(443)   Post Evacuate Collection Set: 0.1ms
[2026-05-06T01:03:40.057+0100][16.343s][info][gc,phases      ] GC(443)   Other: 0.0ms
[2026-05-06T01:03:40.057+0100][16.343s][info][gc,heap        ] GC(443) Eden regions: 2->0(217)
[2026-05-06T01:03:40.057+0100][16.343s][info][gc,heap        ] GC(443) Survivor regions: 1->1(28)
[2026-05-06T01:03:40.057+0100][16.343s][info][gc,heap        ] GC(443) Old regions: 13->13
[2026-05-06T01:03:40.057+0100][16.343s][info][gc,heap        ] GC(443) Humongous regions: 169->96
[2026-05-06T01:03:40.057+0100][16.343s][info][gc,metaspace   ] GC(443) Metaspace: 19078K(19392K)->19078K(19392K) NonClass: 16841K(17024K)->16841K(17024K) Class: 2236K(2368K)->2236K(2368K)
[2026-05-06T01:03:40.057+0100][16.343s][info][gc             ] GC(443) Pause Young (Concurrent Start) (G1 Humongous Allocation) 352M->203M(728M) 0.610ms
[2026-05-06T01:03:40.057+0100][16.343s][info][gc,cpu         ] GC(443) User=0.01s Sys=0.00s Real=0.00s
[2026-05-06T01:03:40.057+0100][16.343s][info][gc             ] GC(444) Concurrent Undo Cycle
[2026-05-06T01:03:40.057+0100][16.343s][info][gc,marking     ] GC(444) Concurrent Clear Claimed Marks
[2026-05-06T01:03:40.057+0100][16.343s][info][gc,marking     ] GC(444) Concurrent Clear Claimed Marks 0.009ms
[2026-05-06T01:03:40.057+0100][16.343s][info][gc,marking     ] GC(444) Concurrent Cleanup for Next Mark
[2026-05-06T01:03:40.057+0100][16.343s][info][gc,marking     ] GC(444) Concurrent Cleanup for Next Mark 0.037ms
[2026-05-06T01:03:40.057+0100][16.343s][info][gc             ] GC(444) Concurrent Undo Cycle 0.081ms
[2026-05-06T01:03:40.210+0100][16.496s][info][gc,start       ] GC(445) Pause Young (Concurrent Start) (G1 Humongous Allocation)
[2026-05-06T01:03:40.210+0100][16.496s][info][gc,task        ] GC(445) Using 9 workers of 9 for evacuation
[2026-05-06T01:03:40.210+0100][16.496s][info][gc,phases      ] GC(445)   Pre Evacuate Collection Set: 0.1ms
[2026-05-06T01:03:40.210+0100][16.497s][info][gc,phases      ] GC(445)   Merge Heap Roots: 0.0ms
[2026-05-06T01:03:40.210+0100][16.497s][info][gc,phases      ] GC(445)   Evacuate Collection Set: 0.2ms
[2026-05-06T01:03:40.210+0100][16.497s][info][gc,phases      ] GC(445)   Post Evacuate Collection Set: 0.1ms
[2026-05-06T01:03:40.210+0100][16.497s][info][gc,phases      ] GC(445)   Other: 0.0ms
[2026-05-06T01:03:40.210+0100][16.497s][info][gc,heap        ] GC(445) Eden regions: 2->0(217)
[2026-05-06T01:03:40.210+0100][16.497s][info][gc,heap        ] GC(445) Survivor regions: 1->1(28)
[2026-05-06T01:03:40.210+0100][16.497s][info][gc,heap        ] GC(445) Old regions: 13->13
[2026-05-06T01:03:40.210+0100][16.497s][info][gc,heap        ] GC(445) Humongous regions: 169->96
[2026-05-06T01:03:40.210+0100][16.497s][info][gc,metaspace   ] GC(445) Metaspace: 19078K(19392K)->19078K(19392K) NonClass: 16841K(17024K)->16841K(17024K) Class: 2236K(2368K)->2236K(2368K)
[2026-05-06T01:03:40.210+0100][16.497s][info][gc             ] GC(445) Pause Young (Concurrent Start) (G1 Humongous Allocation) 352M->203M(728M) 0.538ms
[2026-05-06T01:03:40.210+0100][16.497s][info][gc,cpu         ] GC(445) User=0.00s Sys=0.01s Real=0.00s
[2026-05-06T01:03:40.210+0100][16.497s][info][gc             ] GC(446) Concurrent Undo Cycle
[2026-05-06T01:03:40.210+0100][16.497s][info][gc,marking     ] GC(446) Concurrent Clear Claimed Marks
[2026-05-06T01:03:40.210+0100][16.497s][info][gc,marking     ] GC(446) Concurrent Clear Claimed Marks 0.008ms
[2026-05-06T01:03:40.210+0100][16.497s][info][gc,marking     ] GC(446) Concurrent Cleanup for Next Mark
[2026-05-06T01:03:40.210+0100][16.497s][info][gc,marking     ] GC(446) Concurrent Cleanup for Next Mark 0.039ms
[2026-05-06T01:03:40.210+0100][16.497s][info][gc             ] GC(446) Concurrent Undo Cycle 0.076ms
[2026-05-06T01:03:40.363+0100][16.649s][info][gc,start       ] GC(447) Pause Young (Concurrent Start) (G1 Humongous Allocation)
[2026-05-06T01:03:40.363+0100][16.650s][info][gc,task        ] GC(447) Using 9 workers of 9 for evacuation
[2026-05-06T01:03:40.364+0100][16.650s][info][gc,phases      ] GC(447)   Pre Evacuate Collection Set: 0.1ms
[2026-05-06T01:03:40.364+0100][16.650s][info][gc,phases      ] GC(447)   Merge Heap Roots: 0.0ms
[2026-05-06T01:03:40.364+0100][16.650s][info][gc,phases      ] GC(447)   Evacuate Collection Set: 0.1ms
[2026-05-06T01:03:40.364+0100][16.650s][info][gc,phases      ] GC(447)   Post Evacuate Collection Set: 0.1ms
[2026-05-06T01:03:40.364+0100][16.650s][info][gc,phases      ] GC(447)   Other: 0.0ms
[2026-05-06T01:03:40.364+0100][16.650s][info][gc,heap        ] GC(447) Eden regions: 2->0(217)
[2026-05-06T01:03:40.364+0100][16.650s][info][gc,heap        ] GC(447) Survivor regions: 1->1(28)
[2026-05-06T01:03:40.364+0100][16.650s][info][gc,heap        ] GC(447) Old regions: 13->13
[2026-05-06T01:03:40.364+0100][16.650s][info][gc,heap        ] GC(447) Humongous regions: 169->96
[2026-05-06T01:03:40.364+0100][16.650s][info][gc,metaspace   ] GC(447) Metaspace: 19078K(19392K)->19078K(19392K) NonClass: 16841K(17024K)->16841K(17024K) Class: 2236K(2368K)->2236K(2368K)
[2026-05-06T01:03:40.364+0100][16.650s][info][gc             ] GC(447) Pause Young (Concurrent Start) (G1 Humongous Allocation) 352M->203M(728M) 0.523ms
[2026-05-06T01:03:40.364+0100][16.650s][info][gc,cpu         ] GC(447) User=0.00s Sys=0.00s Real=0.00s
[2026-05-06T01:03:40.364+0100][16.650s][info][gc             ] GC(448) Concurrent Undo Cycle
[2026-05-06T01:03:40.364+0100][16.650s][info][gc,marking     ] GC(448) Concurrent Clear Claimed Marks
[2026-05-06T01:03:40.364+0100][16.650s][info][gc,marking     ] GC(448) Concurrent Clear Claimed Marks 0.008ms
[2026-05-06T01:03:40.364+0100][16.650s][info][gc,marking     ] GC(448) Concurrent Cleanup for Next Mark
[2026-05-06T01:03:40.364+0100][16.650s][info][gc,marking     ] GC(448) Concurrent Cleanup for Next Mark 0.038ms
[2026-05-06T01:03:40.364+0100][16.650s][info][gc             ] GC(448) Concurrent Undo Cycle 0.077ms
[2026-05-06T01:03:40.517+0100][16.803s][info][gc,start       ] GC(449) Pause Young (Concurrent Start) (G1 Humongous Allocation)
[2026-05-06T01:03:40.517+0100][16.803s][info][gc,task        ] GC(449) Using 9 workers of 9 for evacuation
[2026-05-06T01:03:40.517+0100][16.803s][info][gc,phases      ] GC(449)   Pre Evacuate Collection Set: 0.1ms
[2026-05-06T01:03:40.517+0100][16.803s][info][gc,phases      ] GC(449)   Merge Heap Roots: 0.0ms
[2026-05-06T01:03:40.517+0100][16.803s][info][gc,phases      ] GC(449)   Evacuate Collection Set: 0.1ms
[2026-05-06T01:03:40.517+0100][16.803s][info][gc,phases      ] GC(449)   Post Evacuate Collection Set: 0.1ms
[2026-05-06T01:03:40.517+0100][16.803s][info][gc,phases      ] GC(449)   Other: 0.0ms
[2026-05-06T01:03:40.517+0100][16.803s][info][gc,heap        ] GC(449) Eden regions: 2->0(217)
[2026-05-06T01:03:40.517+0100][16.803s][info][gc,heap        ] GC(449) Survivor regions: 1->1(28)
[2026-05-06T01:03:40.517+0100][16.803s][info][gc,heap        ] GC(449) Old regions: 13->13
[2026-05-06T01:03:40.517+0100][16.803s][info][gc,heap        ] GC(449) Humongous regions: 169->96
[2026-05-06T01:03:40.517+0100][16.803s][info][gc,metaspace   ] GC(449) Metaspace: 19078K(19392K)->19078K(19392K) NonClass: 16841K(17024K)->16841K(17024K) Class: 2236K(2368K)->2236K(2368K)
[2026-05-06T01:03:40.517+0100][16.803s][info][gc             ] GC(449) Pause Young (Concurrent Start) (G1 Humongous Allocation) 352M->203M(728M) 0.546ms
[2026-05-06T01:03:40.517+0100][16.803s][info][gc,cpu         ] GC(449) User=0.00s Sys=0.00s Real=0.00s
[2026-05-06T01:03:40.517+0100][16.803s][info][gc             ] GC(450) Concurrent Undo Cycle
[2026-05-06T01:03:40.517+0100][16.803s][info][gc,marking     ] GC(450) Concurrent Clear Claimed Marks
[2026-05-06T01:03:40.517+0100][16.804s][info][gc,marking     ] GC(450) Concurrent Clear Claimed Marks 0.008ms
[2026-05-06T01:03:40.517+0100][16.804s][info][gc,marking     ] GC(450) Concurrent Cleanup for Next Mark
[2026-05-06T01:03:40.517+0100][16.804s][info][gc,marking     ] GC(450) Concurrent Cleanup for Next Mark 0.032ms
[2026-05-06T01:03:40.517+0100][16.804s][info][gc             ] GC(450) Concurrent Undo Cycle 0.074ms
[2026-05-06T01:03:40.642+0100][16.929s][info][gc,start       ] GC(451) Pause Young (Concurrent Start) (G1 Humongous Allocation)
[2026-05-06T01:03:40.642+0100][16.929s][info][gc,task        ] GC(451) Using 9 workers of 9 for evacuation
[2026-05-06T01:03:40.643+0100][16.929s][info][gc,phases      ] GC(451)   Pre Evacuate Collection Set: 0.1ms
[2026-05-06T01:03:40.643+0100][16.929s][info][gc,phases      ] GC(451)   Merge Heap Roots: 0.0ms
[2026-05-06T01:03:40.643+0100][16.929s][info][gc,phases      ] GC(451)   Evacuate Collection Set: 0.2ms
[2026-05-06T01:03:40.643+0100][16.929s][info][gc,phases      ] GC(451)   Post Evacuate Collection Set: 0.1ms
[2026-05-06T01:03:40.643+0100][16.929s][info][gc,phases      ] GC(451)   Other: 0.0ms
[2026-05-06T01:03:40.643+0100][16.929s][info][gc,heap        ] GC(451) Eden regions: 1->0(217)
[2026-05-06T01:03:40.643+0100][16.929s][info][gc,heap        ] GC(451) Survivor regions: 1->1(28)
[2026-05-06T01:03:40.643+0100][16.929s][info][gc,heap        ] GC(451) Old regions: 13->13
[2026-05-06T01:03:40.643+0100][16.929s][info][gc,heap        ] GC(451) Humongous regions: 169->96
[2026-05-06T01:03:40.643+0100][16.929s][info][gc,metaspace   ] GC(451) Metaspace: 19078K(19392K)->19078K(19392K) NonClass: 16841K(17024K)->16841K(17024K) Class: 2236K(2368K)->2236K(2368K)
[2026-05-06T01:03:40.643+0100][16.929s][info][gc             ] GC(451) Pause Young (Concurrent Start) (G1 Humongous Allocation) 351M->203M(728M) 0.555ms
[2026-05-06T01:03:40.643+0100][16.929s][info][gc,cpu         ] GC(451) User=0.00s Sys=0.00s Real=0.00s
[2026-05-06T01:03:40.643+0100][16.929s][info][gc             ] GC(452) Concurrent Undo Cycle
[2026-05-06T01:03:40.643+0100][16.929s][info][gc,marking     ] GC(452) Concurrent Clear Claimed Marks
[2026-05-06T01:03:40.643+0100][16.929s][info][gc,marking     ] GC(452) Concurrent Clear Claimed Marks 0.009ms
[2026-05-06T01:03:40.643+0100][16.929s][info][gc,marking     ] GC(452) Concurrent Cleanup for Next Mark
[2026-05-06T01:03:40.643+0100][16.929s][info][gc,marking     ] GC(452) Concurrent Cleanup for Next Mark 0.038ms
[2026-05-06T01:03:40.643+0100][16.929s][info][gc             ] GC(452) Concurrent Undo Cycle 0.085ms
[2026-05-06T01:03:40.723+0100][17.009s][info][gc,start       ] GC(453) Pause Young (Concurrent Start) (G1 Humongous Allocation)
[2026-05-06T01:03:40.723+0100][17.009s][info][gc,task        ] GC(453) Using 9 workers of 9 for evacuation
[2026-05-06T01:03:40.723+0100][17.010s][info][gc,phases      ] GC(453)   Pre Evacuate Collection Set: 0.1ms
[2026-05-06T01:03:40.723+0100][17.010s][info][gc,phases      ] GC(453)   Merge Heap Roots: 0.0ms
[2026-05-06T01:03:40.723+0100][17.010s][info][gc,phases      ] GC(453)   Evacuate Collection Set: 0.2ms
[2026-05-06T01:03:40.723+0100][17.010s][info][gc,phases      ] GC(453)   Post Evacuate Collection Set: 0.1ms
[2026-05-06T01:03:40.723+0100][17.010s][info][gc,phases      ] GC(453)   Other: 0.0ms
[2026-05-06T01:03:40.723+0100][17.010s][info][gc,heap        ] GC(453) Eden regions: 1->0(217)
[2026-05-06T01:03:40.723+0100][17.010s][info][gc,heap        ] GC(453) Survivor regions: 1->1(28)
[2026-05-06T01:03:40.723+0100][17.010s][info][gc,heap        ] GC(453) Old regions: 13->13
[2026-05-06T01:03:40.723+0100][17.010s][info][gc,heap        ] GC(453) Humongous regions: 169->96
[2026-05-06T01:03:40.723+0100][17.010s][info][gc,metaspace   ] GC(453) Metaspace: 19078K(19392K)->19078K(19392K) NonClass: 16841K(17024K)->16841K(17024K) Class: 2236K(2368K)->2236K(2368K)
[2026-05-06T01:03:40.723+0100][17.010s][info][gc             ] GC(453) Pause Young (Concurrent Start) (G1 Humongous Allocation) 350M->203M(728M) 0.549ms
[2026-05-06T01:03:40.723+0100][17.010s][info][gc,cpu         ] GC(453) User=0.01s Sys=0.00s Real=0.00s
[2026-05-06T01:03:40.723+0100][17.010s][info][gc             ] GC(454) Concurrent Undo Cycle
[2026-05-06T01:03:40.724+0100][17.010s][info][gc,marking     ] GC(454) Concurrent Clear Claimed Marks
[2026-05-06T01:03:40.724+0100][17.010s][info][gc,marking     ] GC(454) Concurrent Clear Claimed Marks 0.008ms
[2026-05-06T01:03:40.724+0100][17.010s][info][gc,marking     ] GC(454) Concurrent Cleanup for Next Mark
[2026-05-06T01:03:40.724+0100][17.010s][info][gc,marking     ] GC(454) Concurrent Cleanup for Next Mark 0.031ms
[2026-05-06T01:03:40.724+0100][17.010s][info][gc             ] GC(454) Concurrent Undo Cycle 0.072ms
[2026-05-06T01:03:40.803+0100][17.090s][info][gc,start       ] GC(455) Pause Young (Concurrent Start) (G1 Humongous Allocation)
[2026-05-06T01:03:40.803+0100][17.090s][info][gc,task        ] GC(455) Using 9 workers of 9 for evacuation
[2026-05-06T01:03:40.804+0100][17.090s][info][gc,phases      ] GC(455)   Pre Evacuate Collection Set: 0.1ms
[2026-05-06T01:03:40.804+0100][17.090s][info][gc,phases      ] GC(455)   Merge Heap Roots: 0.0ms
[2026-05-06T01:03:40.804+0100][17.090s][info][gc,phases      ] GC(455)   Evacuate Collection Set: 0.2ms
[2026-05-06T01:03:40.804+0100][17.090s][info][gc,phases      ] GC(455)   Post Evacuate Collection Set: 0.1ms
[2026-05-06T01:03:40.804+0100][17.090s][info][gc,phases      ] GC(455)   Other: 0.0ms
[2026-05-06T01:03:40.804+0100][17.090s][info][gc,heap        ] GC(455) Eden regions: 1->0(217)
[2026-05-06T01:03:40.804+0100][17.090s][info][gc,heap        ] GC(455) Survivor regions: 1->1(28)
[2026-05-06T01:03:40.804+0100][17.090s][info][gc,heap        ] GC(455) Old regions: 13->13
[2026-05-06T01:03:40.804+0100][17.090s][info][gc,heap        ] GC(455) Humongous regions: 169->96
[2026-05-06T01:03:40.804+0100][17.090s][info][gc,metaspace   ] GC(455) Metaspace: 19078K(19392K)->19078K(19392K) NonClass: 16841K(17024K)->16841K(17024K) Class: 2236K(2368K)->2236K(2368K)
[2026-05-06T01:03:40.804+0100][17.090s][info][gc             ] GC(455) Pause Young (Concurrent Start) (G1 Humongous Allocation) 350M->203M(728M) 0.499ms
[2026-05-06T01:03:40.804+0100][17.090s][info][gc,cpu         ] GC(455) User=0.00s Sys=0.00s Real=0.00s
[2026-05-06T01:03:40.804+0100][17.090s][info][gc             ] GC(456) Concurrent Undo Cycle
[2026-05-06T01:03:40.804+0100][17.090s][info][gc,marking     ] GC(456) Concurrent Clear Claimed Marks
[2026-05-06T01:03:40.804+0100][17.090s][info][gc,marking     ] GC(456) Concurrent Clear Claimed Marks 0.008ms
[2026-05-06T01:03:40.804+0100][17.090s][info][gc,marking     ] GC(456) Concurrent Cleanup for Next Mark
[2026-05-06T01:03:40.804+0100][17.090s][info][gc,marking     ] GC(456) Concurrent Cleanup for Next Mark 0.041ms
[2026-05-06T01:03:40.804+0100][17.090s][info][gc             ] GC(456) Concurrent Undo Cycle 0.080ms
[2026-05-06T01:03:40.851+0100][17.137s][info][gc,start       ] GC(457) Pause Full (System.gc())
[2026-05-06T01:03:40.851+0100][17.137s][info][gc,task        ] GC(457) Using 9 workers of 9 for full compaction
[2026-05-06T01:03:40.851+0100][17.137s][info][gc,phases,start] GC(457) Phase 1: Mark live objects
[2026-05-06T01:03:40.853+0100][17.140s][info][gc,phases      ] GC(457) Phase 1: Mark live objects 2.310ms
[2026-05-06T01:03:40.853+0100][17.140s][info][gc,phases,start] GC(457) Phase 2: Prepare compaction
[2026-05-06T01:03:40.854+0100][17.140s][info][gc,phases      ] GC(457) Phase 2: Prepare compaction 0.259ms
[2026-05-06T01:03:40.854+0100][17.140s][info][gc,phases,start] GC(457) Phase 3: Adjust pointers
[2026-05-06T01:03:40.855+0100][17.142s][info][gc,phases      ] GC(457) Phase 3: Adjust pointers 1.595ms
[2026-05-06T01:03:40.855+0100][17.142s][info][gc,phases,start] GC(457) Phase 4: Compact heap
[2026-05-06T01:03:40.855+0100][17.142s][info][gc,phases      ] GC(457) Phase 4: Compact heap 0.208ms
[2026-05-06T01:03:40.855+0100][17.142s][info][gc,phases,start] GC(457) Phase 5: Reset Metadata
[2026-05-06T01:03:40.856+0100][17.142s][info][gc,phases      ] GC(457) Phase 5: Reset Metadata 0.337ms
[2026-05-06T01:03:40.856+0100][17.143s][info][gc,heap        ] GC(457) Eden regions: 1->0(218)
[2026-05-06T01:03:40.856+0100][17.143s][info][gc,heap        ] GC(457) Survivor regions: 1->0(28)
[2026-05-06T01:03:40.856+0100][17.143s][info][gc,heap        ] GC(457) Old regions: 13->13
[2026-05-06T01:03:40.856+0100][17.143s][info][gc,heap        ] GC(457) Humongous regions: 169->96
[2026-05-06T01:03:40.856+0100][17.143s][info][gc,metaspace   ] GC(457) Metaspace: 19078K(19392K)->19078K(19392K) NonClass: 16841K(17024K)->16841K(17024K) Class: 2236K(2368K)->2236K(2368K)
[2026-05-06T01:03:40.856+0100][17.143s][info][gc             ] GC(457) Pause Full (System.gc()) 350M->203M(728M) 5.296ms
[2026-05-06T01:03:40.856+0100][17.143s][info][gc,cpu         ] GC(457) User=0.02s Sys=0.01s Real=0.00s
[2026-05-06T01:03:40.889+0100][17.175s][info][gc,start       ] GC(458) Pause Young (Concurrent Start) (G1 Humongous Allocation)
[2026-05-06T01:03:40.889+0100][17.175s][info][gc,task        ] GC(458) Using 9 workers of 9 for evacuation
[2026-05-06T01:03:40.889+0100][17.175s][info][gc,phases      ] GC(458)   Pre Evacuate Collection Set: 0.1ms
[2026-05-06T01:03:40.889+0100][17.175s][info][gc,phases      ] GC(458)   Merge Heap Roots: 0.0ms
[2026-05-06T01:03:40.889+0100][17.175s][info][gc,phases      ] GC(458)   Evacuate Collection Set: 0.1ms
[2026-05-06T01:03:40.889+0100][17.175s][info][gc,phases      ] GC(458)   Post Evacuate Collection Set: 0.1ms
[2026-05-06T01:03:40.889+0100][17.175s][info][gc,phases      ] GC(458)   Other: 0.0ms
[2026-05-06T01:03:40.889+0100][17.175s][info][gc,heap        ] GC(458) Eden regions: 1->0(217)
[2026-05-06T01:03:40.889+0100][17.175s][info][gc,heap        ] GC(458) Survivor regions: 0->1(28)
[2026-05-06T01:03:40.889+0100][17.175s][info][gc,heap        ] GC(458) Old regions: 13->13
[2026-05-06T01:03:40.889+0100][17.175s][info][gc,heap        ] GC(458) Humongous regions: 96->96
[2026-05-06T01:03:40.889+0100][17.175s][info][gc,metaspace   ] GC(458) Metaspace: 19078K(19392K)->19078K(19392K) NonClass: 16841K(17024K)->16841K(17024K) Class: 2236K(2368K)->2236K(2368K)
[2026-05-06T01:03:40.889+0100][17.175s][info][gc             ] GC(458) Pause Young (Concurrent Start) (G1 Humongous Allocation) 204M->203M(728M) 0.482ms
[2026-05-06T01:03:40.889+0100][17.175s][info][gc,cpu         ] GC(458) User=0.00s Sys=0.00s Real=0.00s
[2026-05-06T01:03:40.889+0100][17.175s][info][gc             ] GC(459) Concurrent Undo Cycle
[2026-05-06T01:03:40.889+0100][17.175s][info][gc,marking     ] GC(459) Concurrent Clear Claimed Marks
[2026-05-06T01:03:40.889+0100][17.175s][info][gc,marking     ] GC(459) Concurrent Clear Claimed Marks 0.008ms
[2026-05-06T01:03:40.889+0100][17.175s][info][gc,marking     ] GC(459) Concurrent Cleanup for Next Mark
[2026-05-06T01:03:40.889+0100][17.175s][info][gc,marking     ] GC(459) Concurrent Cleanup for Next Mark 0.037ms
[2026-05-06T01:03:40.889+0100][17.175s][info][gc             ] GC(459) Concurrent Undo Cycle 0.069ms
[2026-05-06T01:03:40.968+0100][17.255s][info][gc,start       ] GC(460) Pause Young (Concurrent Start) (G1 Humongous Allocation)
[2026-05-06T01:03:40.968+0100][17.255s][info][gc,task        ] GC(460) Using 9 workers of 9 for evacuation
[2026-05-06T01:03:40.969+0100][17.255s][info][gc,phases      ] GC(460)   Pre Evacuate Collection Set: 0.1ms
[2026-05-06T01:03:40.969+0100][17.255s][info][gc,phases      ] GC(460)   Merge Heap Roots: 0.0ms
[2026-05-06T01:03:40.969+0100][17.255s][info][gc,phases      ] GC(460)   Evacuate Collection Set: 0.1ms
[2026-05-06T01:03:40.969+0100][17.255s][info][gc,phases      ] GC(460)   Post Evacuate Collection Set: 0.1ms
[2026-05-06T01:03:40.969+0100][17.255s][info][gc,phases      ] GC(460)   Other: 0.0ms
[2026-05-06T01:03:40.969+0100][17.255s][info][gc,heap        ] GC(460) Eden regions: 1->0(217)
[2026-05-06T01:03:40.969+0100][17.255s][info][gc,heap        ] GC(460) Survivor regions: 1->1(28)
[2026-05-06T01:03:40.969+0100][17.255s][info][gc,heap        ] GC(460) Old regions: 13->13
[2026-05-06T01:03:40.969+0100][17.255s][info][gc,heap        ] GC(460) Humongous regions: 169->96
[2026-05-06T01:03:40.969+0100][17.255s][info][gc,metaspace   ] GC(460) Metaspace: 19078K(19392K)->19078K(19392K) NonClass: 16841K(17024K)->16841K(17024K) Class: 2236K(2368K)->2236K(2368K)
[2026-05-06T01:03:40.969+0100][17.255s][info][gc             ] GC(460) Pause Young (Concurrent Start) (G1 Humongous Allocation) 350M->203M(728M) 0.449ms
[2026-05-06T01:03:40.969+0100][17.255s][info][gc,cpu         ] GC(460) User=0.00s Sys=0.00s Real=0.00s
[2026-05-06T01:03:40.969+0100][17.255s][info][gc             ] GC(461) Concurrent Undo Cycle
[2026-05-06T01:03:40.969+0100][17.255s][info][gc,marking     ] GC(461) Concurrent Clear Claimed Marks
[2026-05-06T01:03:40.969+0100][17.255s][info][gc,marking     ] GC(461) Concurrent Clear Claimed Marks 0.008ms
[2026-05-06T01:03:40.969+0100][17.255s][info][gc,marking     ] GC(461) Concurrent Cleanup for Next Mark
[2026-05-06T01:03:40.969+0100][17.255s][info][gc,marking     ] GC(461) Concurrent Cleanup for Next Mark 0.039ms
[2026-05-06T01:03:40.969+0100][17.255s][info][gc             ] GC(461) Concurrent Undo Cycle 0.074ms
[2026-05-06T01:03:41.048+0100][17.335s][info][gc,start       ] GC(462) Pause Young (Concurrent Start) (G1 Humongous Allocation)
[2026-05-06T01:03:41.048+0100][17.335s][info][gc,task        ] GC(462) Using 9 workers of 9 for evacuation
[2026-05-06T01:03:41.049+0100][17.335s][info][gc,phases      ] GC(462)   Pre Evacuate Collection Set: 0.1ms
[2026-05-06T01:03:41.049+0100][17.335s][info][gc,phases      ] GC(462)   Merge Heap Roots: 0.0ms
[2026-05-06T01:03:41.049+0100][17.335s][info][gc,phases      ] GC(462)   Evacuate Collection Set: 0.1ms
[2026-05-06T01:03:41.049+0100][17.335s][info][gc,phases      ] GC(462)   Post Evacuate Collection Set: 0.1ms
[2026-05-06T01:03:41.049+0100][17.335s][info][gc,phases      ] GC(462)   Other: 0.0ms
[2026-05-06T01:03:41.049+0100][17.335s][info][gc,heap        ] GC(462) Eden regions: 1->0(217)
[2026-05-06T01:03:41.049+0100][17.335s][info][gc,heap        ] GC(462) Survivor regions: 1->1(28)
[2026-05-06T01:03:41.049+0100][17.335s][info][gc,heap        ] GC(462) Old regions: 13->13
[2026-05-06T01:03:41.049+0100][17.335s][info][gc,heap        ] GC(462) Humongous regions: 169->96
[2026-05-06T01:03:41.049+0100][17.335s][info][gc,metaspace   ] GC(462) Metaspace: 19078K(19392K)->19078K(19392K) NonClass: 16841K(17024K)->16841K(17024K) Class: 2236K(2368K)->2236K(2368K)
[2026-05-06T01:03:41.049+0100][17.335s][info][gc             ] GC(462) Pause Young (Concurrent Start) (G1 Humongous Allocation) 350M->203M(728M) 0.464ms
[2026-05-06T01:03:41.049+0100][17.335s][info][gc,cpu         ] GC(462) User=0.01s Sys=0.00s Real=0.00s
[2026-05-06T01:03:41.049+0100][17.335s][info][gc             ] GC(463) Concurrent Undo Cycle
[2026-05-06T01:03:41.049+0100][17.335s][info][gc,marking     ] GC(463) Concurrent Clear Claimed Marks
[2026-05-06T01:03:41.049+0100][17.335s][info][gc,marking     ] GC(463) Concurrent Clear Claimed Marks 0.008ms
[2026-05-06T01:03:41.049+0100][17.335s][info][gc,marking     ] GC(463) Concurrent Cleanup for Next Mark
[2026-05-06T01:03:41.049+0100][17.335s][info][gc,marking     ] GC(463) Concurrent Cleanup for Next Mark 0.035ms
[2026-05-06T01:03:41.049+0100][17.335s][info][gc             ] GC(463) Concurrent Undo Cycle 0.069ms
[2026-05-06T01:03:41.128+0100][17.415s][info][gc,start       ] GC(464) Pause Young (Concurrent Start) (G1 Humongous Allocation)
[2026-05-06T01:03:41.129+0100][17.415s][info][gc,task        ] GC(464) Using 9 workers of 9 for evacuation
[2026-05-06T01:03:41.129+0100][17.415s][info][gc,phases      ] GC(464)   Pre Evacuate Collection Set: 0.1ms
[2026-05-06T01:03:41.129+0100][17.415s][info][gc,phases      ] GC(464)   Merge Heap Roots: 0.0ms
[2026-05-06T01:03:41.129+0100][17.415s][info][gc,phases      ] GC(464)   Evacuate Collection Set: 0.2ms
[2026-05-06T01:03:41.129+0100][17.415s][info][gc,phases      ] GC(464)   Post Evacuate Collection Set: 0.1ms
[2026-05-06T01:03:41.129+0100][17.415s][info][gc,phases      ] GC(464)   Other: 0.0ms
[2026-05-06T01:03:41.129+0100][17.415s][info][gc,heap        ] GC(464) Eden regions: 1->0(217)
[2026-05-06T01:03:41.129+0100][17.415s][info][gc,heap        ] GC(464) Survivor regions: 1->1(28)
[2026-05-06T01:03:41.129+0100][17.415s][info][gc,heap        ] GC(464) Old regions: 13->13
[2026-05-06T01:03:41.129+0100][17.415s][info][gc,heap        ] GC(464) Humongous regions: 169->96
[2026-05-06T01:03:41.129+0100][17.415s][info][gc,metaspace   ] GC(464) Metaspace: 19078K(19392K)->19078K(19392K) NonClass: 16841K(17024K)->16841K(17024K) Class: 2236K(2368K)->2236K(2368K)
[2026-05-06T01:03:41.129+0100][17.415s][info][gc             ] GC(464) Pause Young (Concurrent Start) (G1 Humongous Allocation) 350M->203M(728M) 0.549ms
[2026-05-06T01:03:41.129+0100][17.415s][info][gc,cpu         ] GC(464) User=0.00s Sys=0.00s Real=0.00s
[2026-05-06T01:03:41.129+0100][17.415s][info][gc             ] GC(465) Concurrent Undo Cycle
[2026-05-06T01:03:41.129+0100][17.415s][info][gc,marking     ] GC(465) Concurrent Clear Claimed Marks
[2026-05-06T01:03:41.129+0100][17.415s][info][gc,marking     ] GC(465) Concurrent Clear Claimed Marks 0.007ms
[2026-05-06T01:03:41.129+0100][17.415s][info][gc,marking     ] GC(465) Concurrent Cleanup for Next Mark
[2026-05-06T01:03:41.129+0100][17.415s][info][gc,marking     ] GC(465) Concurrent Cleanup for Next Mark 0.039ms
[2026-05-06T01:03:41.129+0100][17.415s][info][gc             ] GC(465) Concurrent Undo Cycle 0.073ms
[2026-05-06T01:03:41.209+0100][17.495s][info][gc,start       ] GC(466) Pause Young (Concurrent Start) (G1 Humongous Allocation)
[2026-05-06T01:03:41.209+0100][17.495s][info][gc,task        ] GC(466) Using 9 workers of 9 for evacuation
[2026-05-06T01:03:41.209+0100][17.495s][info][gc,phases      ] GC(466)   Pre Evacuate Collection Set: 0.1ms
[2026-05-06T01:03:41.209+0100][17.495s][info][gc,phases      ] GC(466)   Merge Heap Roots: 0.0ms
[2026-05-06T01:03:41.209+0100][17.495s][info][gc,phases      ] GC(466)   Evacuate Collection Set: 0.2ms
[2026-05-06T01:03:41.209+0100][17.495s][info][gc,phases      ] GC(466)   Post Evacuate Collection Set: 0.1ms
[2026-05-06T01:03:41.209+0100][17.495s][info][gc,phases      ] GC(466)   Other: 0.0ms
[2026-05-06T01:03:41.209+0100][17.495s][info][gc,heap        ] GC(466) Eden regions: 1->0(217)
[2026-05-06T01:03:41.209+0100][17.495s][info][gc,heap        ] GC(466) Survivor regions: 1->1(28)
[2026-05-06T01:03:41.209+0100][17.495s][info][gc,heap        ] GC(466) Old regions: 13->13
[2026-05-06T01:03:41.209+0100][17.495s][info][gc,heap        ] GC(466) Humongous regions: 169->96
[2026-05-06T01:03:41.209+0100][17.495s][info][gc,metaspace   ] GC(466) Metaspace: 19078K(19392K)->19078K(19392K) NonClass: 16841K(17024K)->16841K(17024K) Class: 2236K(2368K)->2236K(2368K)
[2026-05-06T01:03:41.209+0100][17.495s][info][gc             ] GC(466) Pause Young (Concurrent Start) (G1 Humongous Allocation) 350M->203M(728M) 0.565ms
[2026-05-06T01:03:41.209+0100][17.495s][info][gc,cpu         ] GC(466) User=0.00s Sys=0.00s Real=0.00s
[2026-05-06T01:03:41.209+0100][17.495s][info][gc             ] GC(467) Concurrent Undo Cycle
[2026-05-06T01:03:41.209+0100][17.495s][info][gc,marking     ] GC(467) Concurrent Clear Claimed Marks
[2026-05-06T01:03:41.209+0100][17.495s][info][gc,marking     ] GC(467) Concurrent Clear Claimed Marks 0.008ms
[2026-05-06T01:03:41.209+0100][17.495s][info][gc,marking     ] GC(467) Concurrent Cleanup for Next Mark
[2026-05-06T01:03:41.209+0100][17.495s][info][gc,marking     ] GC(467) Concurrent Cleanup for Next Mark 0.032ms
[2026-05-06T01:03:41.209+0100][17.495s][info][gc             ] GC(467) Concurrent Undo Cycle 0.067ms
[2026-05-06T01:03:41.289+0100][17.575s][info][gc,start       ] GC(468) Pause Young (Concurrent Start) (G1 Humongous Allocation)
[2026-05-06T01:03:41.289+0100][17.575s][info][gc,task        ] GC(468) Using 9 workers of 9 for evacuation
[2026-05-06T01:03:41.289+0100][17.575s][info][gc,phases      ] GC(468)   Pre Evacuate Collection Set: 0.1ms
[2026-05-06T01:03:41.289+0100][17.575s][info][gc,phases      ] GC(468)   Merge Heap Roots: 0.0ms
[2026-05-06T01:03:41.289+0100][17.575s][info][gc,phases      ] GC(468)   Evacuate Collection Set: 0.2ms
[2026-05-06T01:03:41.289+0100][17.575s][info][gc,phases      ] GC(468)   Post Evacuate Collection Set: 0.1ms
[2026-05-06T01:03:41.289+0100][17.575s][info][gc,phases      ] GC(468)   Other: 0.0ms
[2026-05-06T01:03:41.289+0100][17.575s][info][gc,heap        ] GC(468) Eden regions: 1->0(217)
[2026-05-06T01:03:41.289+0100][17.575s][info][gc,heap        ] GC(468) Survivor regions: 1->1(28)
[2026-05-06T01:03:41.289+0100][17.575s][info][gc,heap        ] GC(468) Old regions: 13->13
[2026-05-06T01:03:41.289+0100][17.575s][info][gc,heap        ] GC(468) Humongous regions: 169->96
[2026-05-06T01:03:41.289+0100][17.575s][info][gc,metaspace   ] GC(468) Metaspace: 19079K(19392K)->19079K(19392K) NonClass: 16842K(17024K)->16842K(17024K) Class: 2236K(2368K)->2236K(2368K)
[2026-05-06T01:03:41.289+0100][17.575s][info][gc             ] GC(468) Pause Young (Concurrent Start) (G1 Humongous Allocation) 350M->203M(728M) 0.510ms
[2026-05-06T01:03:41.289+0100][17.575s][info][gc,cpu         ] GC(468) User=0.00s Sys=0.00s Real=0.00s
[2026-05-06T01:03:41.289+0100][17.575s][info][gc             ] GC(469) Concurrent Undo Cycle
[2026-05-06T01:03:41.289+0100][17.575s][info][gc,marking     ] GC(469) Concurrent Clear Claimed Marks
[2026-05-06T01:03:41.289+0100][17.575s][info][gc,marking     ] GC(469) Concurrent Clear Claimed Marks 0.009ms
[2026-05-06T01:03:41.289+0100][17.575s][info][gc,marking     ] GC(469) Concurrent Cleanup for Next Mark
[2026-05-06T01:03:41.289+0100][17.575s][info][gc,marking     ] GC(469) Concurrent Cleanup for Next Mark 0.030ms
[2026-05-06T01:03:41.289+0100][17.575s][info][gc             ] GC(469) Concurrent Undo Cycle 0.070ms
[2026-05-06T01:03:41.369+0100][17.655s][info][gc,start       ] GC(470) Pause Young (Concurrent Start) (G1 Humongous Allocation)
[2026-05-06T01:03:41.369+0100][17.655s][info][gc,task        ] GC(470) Using 9 workers of 9 for evacuation
[2026-05-06T01:03:41.369+0100][17.655s][info][gc,phases      ] GC(470)   Pre Evacuate Collection Set: 0.1ms
[2026-05-06T01:03:41.369+0100][17.655s][info][gc,phases      ] GC(470)   Merge Heap Roots: 0.0ms
[2026-05-06T01:03:41.369+0100][17.655s][info][gc,phases      ] GC(470)   Evacuate Collection Set: 0.1ms
[2026-05-06T01:03:41.369+0100][17.655s][info][gc,phases      ] GC(470)   Post Evacuate Collection Set: 0.1ms
[2026-05-06T01:03:41.369+0100][17.655s][info][gc,phases      ] GC(470)   Other: 0.0ms
[2026-05-06T01:03:41.369+0100][17.655s][info][gc,heap        ] GC(470) Eden regions: 1->0(217)
[2026-05-06T01:03:41.369+0100][17.655s][info][gc,heap        ] GC(470) Survivor regions: 1->1(28)
[2026-05-06T01:03:41.369+0100][17.655s][info][gc,heap        ] GC(470) Old regions: 13->13
[2026-05-06T01:03:41.369+0100][17.655s][info][gc,heap        ] GC(470) Humongous regions: 169->96
[2026-05-06T01:03:41.369+0100][17.655s][info][gc,metaspace   ] GC(470) Metaspace: 19079K(19392K)->19079K(19392K) NonClass: 16842K(17024K)->16842K(17024K) Class: 2236K(2368K)->2236K(2368K)
[2026-05-06T01:03:41.369+0100][17.655s][info][gc             ] GC(470) Pause Young (Concurrent Start) (G1 Humongous Allocation) 350M->203M(728M) 0.526ms
[2026-05-06T01:03:41.369+0100][17.655s][info][gc,cpu         ] GC(470) User=0.00s Sys=0.00s Real=0.00s
[2026-05-06T01:03:41.369+0100][17.655s][info][gc             ] GC(471) Concurrent Undo Cycle
[2026-05-06T01:03:41.369+0100][17.655s][info][gc,marking     ] GC(471) Concurrent Clear Claimed Marks
[2026-05-06T01:03:41.369+0100][17.655s][info][gc,marking     ] GC(471) Concurrent Clear Claimed Marks 0.008ms
[2026-05-06T01:03:41.369+0100][17.655s][info][gc,marking     ] GC(471) Concurrent Cleanup for Next Mark
[2026-05-06T01:03:41.369+0100][17.655s][info][gc,marking     ] GC(471) Concurrent Cleanup for Next Mark 0.030ms
[2026-05-06T01:03:41.369+0100][17.655s][info][gc             ] GC(471) Concurrent Undo Cycle 0.065ms
[2026-05-06T01:03:41.449+0100][17.735s][info][gc,start       ] GC(472) Pause Young (Concurrent Start) (G1 Humongous Allocation)
[2026-05-06T01:03:41.449+0100][17.735s][info][gc,task        ] GC(472) Using 9 workers of 9 for evacuation
[2026-05-06T01:03:41.449+0100][17.735s][info][gc,phases      ] GC(472)   Pre Evacuate Collection Set: 0.1ms
[2026-05-06T01:03:41.449+0100][17.735s][info][gc,phases      ] GC(472)   Merge Heap Roots: 0.0ms
[2026-05-06T01:03:41.449+0100][17.735s][info][gc,phases      ] GC(472)   Evacuate Collection Set: 0.1ms
[2026-05-06T01:03:41.449+0100][17.735s][info][gc,phases      ] GC(472)   Post Evacuate Collection Set: 0.1ms
[2026-05-06T01:03:41.449+0100][17.735s][info][gc,phases      ] GC(472)   Other: 0.0ms
[2026-05-06T01:03:41.449+0100][17.735s][info][gc,heap        ] GC(472) Eden regions: 1->0(217)
[2026-05-06T01:03:41.449+0100][17.735s][info][gc,heap        ] GC(472) Survivor regions: 1->1(28)
[2026-05-06T01:03:41.449+0100][17.735s][info][gc,heap        ] GC(472) Old regions: 13->13
[2026-05-06T01:03:41.449+0100][17.735s][info][gc,heap        ] GC(472) Humongous regions: 169->96
[2026-05-06T01:03:41.449+0100][17.735s][info][gc,metaspace   ] GC(472) Metaspace: 19079K(19392K)->19079K(19392K) NonClass: 16842K(17024K)->16842K(17024K) Class: 2236K(2368K)->2236K(2368K)
[2026-05-06T01:03:41.449+0100][17.735s][info][gc             ] GC(472) Pause Young (Concurrent Start) (G1 Humongous Allocation) 350M->203M(728M) 0.515ms
[2026-05-06T01:03:41.449+0100][17.735s][info][gc,cpu         ] GC(472) User=0.00s Sys=0.01s Real=0.00s
[2026-05-06T01:03:41.449+0100][17.735s][info][gc             ] GC(473) Concurrent Undo Cycle
[2026-05-06T01:03:41.449+0100][17.735s][info][gc,marking     ] GC(473) Concurrent Clear Claimed Marks
[2026-05-06T01:03:41.449+0100][17.735s][info][gc,marking     ] GC(473) Concurrent Clear Claimed Marks 0.007ms
[2026-05-06T01:03:41.449+0100][17.735s][info][gc,marking     ] GC(473) Concurrent Cleanup for Next Mark
[2026-05-06T01:03:41.449+0100][17.735s][info][gc,marking     ] GC(473) Concurrent Cleanup for Next Mark 0.032ms
[2026-05-06T01:03:41.449+0100][17.735s][info][gc             ] GC(473) Concurrent Undo Cycle 0.066ms
[2026-05-06T01:03:41.528+0100][17.815s][info][gc,start       ] GC(474) Pause Young (Concurrent Start) (G1 Humongous Allocation)
[2026-05-06T01:03:41.528+0100][17.815s][info][gc,task        ] GC(474) Using 9 workers of 9 for evacuation
[2026-05-06T01:03:41.529+0100][17.815s][info][gc,phases      ] GC(474)   Pre Evacuate Collection Set: 0.1ms
[2026-05-06T01:03:41.529+0100][17.815s][info][gc,phases      ] GC(474)   Merge Heap Roots: 0.0ms
[2026-05-06T01:03:41.529+0100][17.815s][info][gc,phases      ] GC(474)   Evacuate Collection Set: 0.1ms
[2026-05-06T01:03:41.529+0100][17.815s][info][gc,phases      ] GC(474)   Post Evacuate Collection Set: 0.1ms
[2026-05-06T01:03:41.529+0100][17.815s][info][gc,phases      ] GC(474)   Other: 0.0ms
[2026-05-06T01:03:41.529+0100][17.815s][info][gc,heap        ] GC(474) Eden regions: 1->0(217)
[2026-05-06T01:03:41.529+0100][17.815s][info][gc,heap        ] GC(474) Survivor regions: 1->1(28)
[2026-05-06T01:03:41.529+0100][17.815s][info][gc,heap        ] GC(474) Old regions: 13->13
[2026-05-06T01:03:41.529+0100][17.815s][info][gc,heap        ] GC(474) Humongous regions: 169->96
[2026-05-06T01:03:41.529+0100][17.815s][info][gc,metaspace   ] GC(474) Metaspace: 19079K(19392K)->19079K(19392K) NonClass: 16842K(17024K)->16842K(17024K) Class: 2236K(2368K)->2236K(2368K)
[2026-05-06T01:03:41.529+0100][17.815s][info][gc             ] GC(474) Pause Young (Concurrent Start) (G1 Humongous Allocation) 350M->203M(728M) 0.496ms
[2026-05-06T01:03:41.529+0100][17.815s][info][gc,cpu         ] GC(474) User=0.00s Sys=0.00s Real=0.00s
[2026-05-06T01:03:41.529+0100][17.815s][info][gc             ] GC(475) Concurrent Undo Cycle
[2026-05-06T01:03:41.529+0100][17.815s][info][gc,marking     ] GC(475) Concurrent Clear Claimed Marks
[2026-05-06T01:03:41.529+0100][17.815s][info][gc,marking     ] GC(475) Concurrent Clear Claimed Marks 0.007ms
[2026-05-06T01:03:41.529+0100][17.815s][info][gc,marking     ] GC(475) Concurrent Cleanup for Next Mark
[2026-05-06T01:03:41.529+0100][17.815s][info][gc,marking     ] GC(475) Concurrent Cleanup for Next Mark 0.034ms
[2026-05-06T01:03:41.529+0100][17.815s][info][gc             ] GC(475) Concurrent Undo Cycle 0.072ms
[2026-05-06T01:03:41.609+0100][17.895s][info][gc,start       ] GC(476) Pause Young (Concurrent Start) (G1 Humongous Allocation)
[2026-05-06T01:03:41.609+0100][17.895s][info][gc,task        ] GC(476) Using 9 workers of 9 for evacuation
[2026-05-06T01:03:41.609+0100][17.895s][info][gc,phases      ] GC(476)   Pre Evacuate Collection Set: 0.1ms
[2026-05-06T01:03:41.609+0100][17.895s][info][gc,phases      ] GC(476)   Merge Heap Roots: 0.0ms
[2026-05-06T01:03:41.609+0100][17.895s][info][gc,phases      ] GC(476)   Evacuate Collection Set: 0.2ms
[2026-05-06T01:03:41.609+0100][17.895s][info][gc,phases      ] GC(476)   Post Evacuate Collection Set: 0.1ms
[2026-05-06T01:03:41.609+0100][17.895s][info][gc,phases      ] GC(476)   Other: 0.0ms
[2026-05-06T01:03:41.609+0100][17.895s][info][gc,heap        ] GC(476) Eden regions: 1->0(217)
[2026-05-06T01:03:41.609+0100][17.895s][info][gc,heap        ] GC(476) Survivor regions: 1->1(28)
[2026-05-06T01:03:41.609+0100][17.895s][info][gc,heap        ] GC(476) Old regions: 13->13
[2026-05-06T01:03:41.609+0100][17.895s][info][gc,heap        ] GC(476) Humongous regions: 169->96
[2026-05-06T01:03:41.609+0100][17.895s][info][gc,metaspace   ] GC(476) Metaspace: 19079K(19392K)->19079K(19392K) NonClass: 16842K(17024K)->16842K(17024K) Class: 2236K(2368K)->2236K(2368K)
[2026-05-06T01:03:41.609+0100][17.895s][info][gc             ] GC(476) Pause Young (Concurrent Start) (G1 Humongous Allocation) 350M->203M(728M) 0.543ms
[2026-05-06T01:03:41.609+0100][17.895s][info][gc,cpu         ] GC(476) User=0.00s Sys=0.00s Real=0.00s
[2026-05-06T01:03:41.609+0100][17.895s][info][gc             ] GC(477) Concurrent Undo Cycle
[2026-05-06T01:03:41.609+0100][17.895s][info][gc,marking     ] GC(477) Concurrent Clear Claimed Marks
[2026-05-06T01:03:41.609+0100][17.895s][info][gc,marking     ] GC(477) Concurrent Clear Claimed Marks 0.007ms
[2026-05-06T01:03:41.609+0100][17.895s][info][gc,marking     ] GC(477) Concurrent Cleanup for Next Mark
[2026-05-06T01:03:41.609+0100][17.895s][info][gc,marking     ] GC(477) Concurrent Cleanup for Next Mark 0.038ms
[2026-05-06T01:03:41.609+0100][17.895s][info][gc             ] GC(477) Concurrent Undo Cycle 0.073ms
[2026-05-06T01:03:41.689+0100][17.975s][info][gc,start       ] GC(478) Pause Young (Concurrent Start) (G1 Humongous Allocation)
[2026-05-06T01:03:41.689+0100][17.975s][info][gc,task        ] GC(478) Using 9 workers of 9 for evacuation
[2026-05-06T01:03:41.689+0100][17.976s][info][gc,phases      ] GC(478)   Pre Evacuate Collection Set: 0.1ms
[2026-05-06T01:03:41.689+0100][17.976s][info][gc,phases      ] GC(478)   Merge Heap Roots: 0.0ms
[2026-05-06T01:03:41.689+0100][17.976s][info][gc,phases      ] GC(478)   Evacuate Collection Set: 0.2ms
[2026-05-06T01:03:41.689+0100][17.976s][info][gc,phases      ] GC(478)   Post Evacuate Collection Set: 0.1ms
[2026-05-06T01:03:41.689+0100][17.976s][info][gc,phases      ] GC(478)   Other: 0.0ms
[2026-05-06T01:03:41.689+0100][17.976s][info][gc,heap        ] GC(478) Eden regions: 2->0(217)
[2026-05-06T01:03:41.689+0100][17.976s][info][gc,heap        ] GC(478) Survivor regions: 1->1(28)
[2026-05-06T01:03:41.689+0100][17.976s][info][gc,heap        ] GC(478) Old regions: 13->13
[2026-05-06T01:03:41.689+0100][17.976s][info][gc,heap        ] GC(478) Humongous regions: 169->96
[2026-05-06T01:03:41.689+0100][17.976s][info][gc,metaspace   ] GC(478) Metaspace: 19079K(19392K)->19079K(19392K) NonClass: 16842K(17024K)->16842K(17024K) Class: 2236K(2368K)->2236K(2368K)
[2026-05-06T01:03:41.689+0100][17.976s][info][gc             ] GC(478) Pause Young (Concurrent Start) (G1 Humongous Allocation) 352M->203M(728M) 0.613ms
[2026-05-06T01:03:41.689+0100][17.976s][info][gc,cpu         ] GC(478) User=0.00s Sys=0.00s Real=0.00s
[2026-05-06T01:03:41.689+0100][17.976s][info][gc             ] GC(479) Concurrent Undo Cycle
[2026-05-06T01:03:41.689+0100][17.976s][info][gc,marking     ] GC(479) Concurrent Clear Claimed Marks
[2026-05-06T01:03:41.689+0100][17.976s][info][gc,marking     ] GC(479) Concurrent Clear Claimed Marks 0.008ms
[2026-05-06T01:03:41.689+0100][17.976s][info][gc,marking     ] GC(479) Concurrent Cleanup for Next Mark
[2026-05-06T01:03:41.689+0100][17.976s][info][gc,marking     ] GC(479) Concurrent Cleanup for Next Mark 0.043ms
[2026-05-06T01:03:41.689+0100][17.976s][info][gc             ] GC(479) Concurrent Undo Cycle 0.080ms
[2026-05-06T01:03:41.769+0100][18.055s][info][gc,start       ] GC(480) Pause Young (Concurrent Start) (G1 Humongous Allocation)
[2026-05-06T01:03:41.769+0100][18.055s][info][gc,task        ] GC(480) Using 9 workers of 9 for evacuation
[2026-05-06T01:03:41.769+0100][18.055s][info][gc,phases      ] GC(480)   Pre Evacuate Collection Set: 0.1ms
[2026-05-06T01:03:41.769+0100][18.055s][info][gc,phases      ] GC(480)   Merge Heap Roots: 0.0ms
[2026-05-06T01:03:41.769+0100][18.055s][info][gc,phases      ] GC(480)   Evacuate Collection Set: 0.2ms
[2026-05-06T01:03:41.769+0100][18.055s][info][gc,phases      ] GC(480)   Post Evacuate Collection Set: 0.1ms
[2026-05-06T01:03:41.769+0100][18.055s][info][gc,phases      ] GC(480)   Other: 0.0ms
[2026-05-06T01:03:41.769+0100][18.055s][info][gc,heap        ] GC(480) Eden regions: 3->0(217)
[2026-05-06T01:03:41.769+0100][18.055s][info][gc,heap        ] GC(480) Survivor regions: 1->1(28)
[2026-05-06T01:03:41.769+0100][18.055s][info][gc,heap        ] GC(480) Old regions: 13->13
[2026-05-06T01:03:41.769+0100][18.055s][info][gc,heap        ] GC(480) Humongous regions: 169->96
[2026-05-06T01:03:41.769+0100][18.055s][info][gc,metaspace   ] GC(480) Metaspace: 19079K(19392K)->19079K(19392K) NonClass: 16842K(17024K)->16842K(17024K) Class: 2236K(2368K)->2236K(2368K)
[2026-05-06T01:03:41.769+0100][18.055s][info][gc             ] GC(480) Pause Young (Concurrent Start) (G1 Humongous Allocation) 354M->203M(728M) 0.563ms
[2026-05-06T01:03:41.769+0100][18.055s][info][gc,cpu         ] GC(480) User=0.00s Sys=0.00s Real=0.00s
[2026-05-06T01:03:41.769+0100][18.055s][info][gc             ] GC(481) Concurrent Undo Cycle
[2026-05-06T01:03:41.769+0100][18.055s][info][gc,marking     ] GC(481) Concurrent Clear Claimed Marks
[2026-05-06T01:03:41.769+0100][18.055s][info][gc,marking     ] GC(481) Concurrent Clear Claimed Marks 0.008ms
[2026-05-06T01:03:41.769+0100][18.055s][info][gc,marking     ] GC(481) Concurrent Cleanup for Next Mark
[2026-05-06T01:03:41.769+0100][18.055s][info][gc,marking     ] GC(481) Concurrent Cleanup for Next Mark 0.036ms
[2026-05-06T01:03:41.769+0100][18.056s][info][gc             ] GC(481) Concurrent Undo Cycle 0.082ms
[2026-05-06T01:03:41.848+0100][18.134s][info][gc,start       ] GC(482) Pause Young (Concurrent Start) (G1 Humongous Allocation)
[2026-05-06T01:03:41.848+0100][18.134s][info][gc,task        ] GC(482) Using 9 workers of 9 for evacuation
[2026-05-06T01:03:41.848+0100][18.134s][info][gc,phases      ] GC(482)   Pre Evacuate Collection Set: 0.1ms
[2026-05-06T01:03:41.848+0100][18.134s][info][gc,phases      ] GC(482)   Merge Heap Roots: 0.0ms
[2026-05-06T01:03:41.848+0100][18.134s][info][gc,phases      ] GC(482)   Evacuate Collection Set: 0.1ms
[2026-05-06T01:03:41.848+0100][18.134s][info][gc,phases      ] GC(482)   Post Evacuate Collection Set: 0.1ms
[2026-05-06T01:03:41.848+0100][18.134s][info][gc,phases      ] GC(482)   Other: 0.0ms
[2026-05-06T01:03:41.848+0100][18.134s][info][gc,heap        ] GC(482) Eden regions: 3->0(217)
[2026-05-06T01:03:41.848+0100][18.134s][info][gc,heap        ] GC(482) Survivor regions: 1->1(28)
[2026-05-06T01:03:41.848+0100][18.134s][info][gc,heap        ] GC(482) Old regions: 13->13
[2026-05-06T01:03:41.848+0100][18.134s][info][gc,heap        ] GC(482) Humongous regions: 169->96
[2026-05-06T01:03:41.848+0100][18.134s][info][gc,metaspace   ] GC(482) Metaspace: 19079K(19392K)->19079K(19392K) NonClass: 16842K(17024K)->16842K(17024K) Class: 2236K(2368K)->2236K(2368K)
[2026-05-06T01:03:41.848+0100][18.134s][info][gc             ] GC(482) Pause Young (Concurrent Start) (G1 Humongous Allocation) 354M->203M(728M) 0.516ms
[2026-05-06T01:03:41.848+0100][18.134s][info][gc,cpu         ] GC(482) User=0.00s Sys=0.00s Real=0.00s
[2026-05-06T01:03:41.848+0100][18.134s][info][gc             ] GC(483) Concurrent Undo Cycle
[2026-05-06T01:03:41.848+0100][18.134s][info][gc,marking     ] GC(483) Concurrent Clear Claimed Marks
[2026-05-06T01:03:41.848+0100][18.134s][info][gc,marking     ] GC(483) Concurrent Clear Claimed Marks 0.007ms
[2026-05-06T01:03:41.848+0100][18.134s][info][gc,marking     ] GC(483) Concurrent Cleanup for Next Mark
[2026-05-06T01:03:41.848+0100][18.135s][info][gc,marking     ] GC(483) Concurrent Cleanup for Next Mark 0.034ms
[2026-05-06T01:03:41.848+0100][18.135s][info][gc             ] GC(483) Concurrent Undo Cycle 0.065ms
[2026-05-06T01:03:41.895+0100][18.182s][info][gc,start       ] GC(484) Pause Full (System.gc())
[2026-05-06T01:03:41.895+0100][18.182s][info][gc,task        ] GC(484) Using 9 workers of 9 for full compaction
[2026-05-06T01:03:41.895+0100][18.182s][info][gc,phases,start] GC(484) Phase 1: Mark live objects
[2026-05-06T01:03:41.898+0100][18.184s][info][gc,phases      ] GC(484) Phase 1: Mark live objects 2.370ms
[2026-05-06T01:03:41.898+0100][18.184s][info][gc,phases,start] GC(484) Phase 2: Prepare compaction
[2026-05-06T01:03:41.898+0100][18.184s][info][gc,phases      ] GC(484) Phase 2: Prepare compaction 0.256ms
[2026-05-06T01:03:41.898+0100][18.184s][info][gc,phases,start] GC(484) Phase 3: Adjust pointers
[2026-05-06T01:03:41.900+0100][18.186s][info][gc,phases      ] GC(484) Phase 3: Adjust pointers 1.689ms
[2026-05-06T01:03:41.900+0100][18.186s][info][gc,phases,start] GC(484) Phase 4: Compact heap
[2026-05-06T01:03:41.900+0100][18.186s][info][gc,phases      ] GC(484) Phase 4: Compact heap 0.212ms
[2026-05-06T01:03:41.900+0100][18.186s][info][gc,phases,start] GC(484) Phase 5: Reset Metadata
[2026-05-06T01:03:41.900+0100][18.186s][info][gc,phases      ] GC(484) Phase 5: Reset Metadata 0.335ms
[2026-05-06T01:03:41.901+0100][18.187s][info][gc,heap        ] GC(484) Eden regions: 2->0(218)
[2026-05-06T01:03:41.901+0100][18.187s][info][gc,heap        ] GC(484) Survivor regions: 1->0(28)
[2026-05-06T01:03:41.901+0100][18.187s][info][gc,heap        ] GC(484) Old regions: 13->13
[2026-05-06T01:03:41.901+0100][18.187s][info][gc,heap        ] GC(484) Humongous regions: 169->96
[2026-05-06T01:03:41.901+0100][18.187s][info][gc,metaspace   ] GC(484) Metaspace: 19079K(19392K)->19079K(19392K) NonClass: 16842K(17024K)->16842K(17024K) Class: 2236K(2368K)->2236K(2368K)
[2026-05-06T01:03:41.901+0100][18.187s][info][gc             ] GC(484) Pause Full (System.gc()) 352M->203M(728M) 5.513ms
[2026-05-06T01:03:41.901+0100][18.187s][info][gc,cpu         ] GC(484) User=0.03s Sys=0.01s Real=0.01s
[2026-05-06T01:03:41.932+0100][18.219s][info][gc,start       ] GC(485) Pause Young (Concurrent Start) (G1 Humongous Allocation)
[2026-05-06T01:03:41.932+0100][18.219s][info][gc,task        ] GC(485) Using 9 workers of 9 for evacuation
[2026-05-06T01:03:41.933+0100][18.219s][info][gc,phases      ] GC(485)   Pre Evacuate Collection Set: 0.1ms
[2026-05-06T01:03:41.933+0100][18.219s][info][gc,phases      ] GC(485)   Merge Heap Roots: 0.0ms
[2026-05-06T01:03:41.933+0100][18.219s][info][gc,phases      ] GC(485)   Evacuate Collection Set: 0.2ms
[2026-05-06T01:03:41.933+0100][18.219s][info][gc,phases      ] GC(485)   Post Evacuate Collection Set: 0.1ms
[2026-05-06T01:03:41.933+0100][18.219s][info][gc,phases      ] GC(485)   Other: 0.0ms
[2026-05-06T01:03:41.933+0100][18.219s][info][gc,heap        ] GC(485) Eden regions: 3->0(217)
[2026-05-06T01:03:41.933+0100][18.219s][info][gc,heap        ] GC(485) Survivor regions: 0->1(28)
[2026-05-06T01:03:41.933+0100][18.219s][info][gc,heap        ] GC(485) Old regions: 13->13
[2026-05-06T01:03:41.933+0100][18.219s][info][gc,heap        ] GC(485) Humongous regions: 96->96
[2026-05-06T01:03:41.933+0100][18.219s][info][gc,metaspace   ] GC(485) Metaspace: 19079K(19392K)->19079K(19392K) NonClass: 16842K(17024K)->16842K(17024K) Class: 2236K(2368K)->2236K(2368K)
[2026-05-06T01:03:41.933+0100][18.219s][info][gc             ] GC(485) Pause Young (Concurrent Start) (G1 Humongous Allocation) 208M->203M(728M) 0.518ms
[2026-05-06T01:03:41.933+0100][18.219s][info][gc,cpu         ] GC(485) User=0.00s Sys=0.00s Real=0.00s
[2026-05-06T01:03:41.933+0100][18.219s][info][gc             ] GC(486) Concurrent Undo Cycle
[2026-05-06T01:03:41.933+0100][18.219s][info][gc,marking     ] GC(486) Concurrent Clear Claimed Marks
[2026-05-06T01:03:41.933+0100][18.219s][info][gc,marking     ] GC(486) Concurrent Clear Claimed Marks 0.007ms
[2026-05-06T01:03:41.933+0100][18.219s][info][gc,marking     ] GC(486) Concurrent Cleanup for Next Mark
[2026-05-06T01:03:41.933+0100][18.219s][info][gc,marking     ] GC(486) Concurrent Cleanup for Next Mark 0.038ms
[2026-05-06T01:03:41.933+0100][18.219s][info][gc             ] GC(486) Concurrent Undo Cycle 0.071ms
[2026-05-06T01:03:42.014+0100][18.300s][info][gc,start       ] GC(487) Pause Young (Concurrent Start) (G1 Humongous Allocation)
[2026-05-06T01:03:42.014+0100][18.300s][info][gc,task        ] GC(487) Using 9 workers of 9 for evacuation
[2026-05-06T01:03:42.014+0100][18.301s][info][gc,phases      ] GC(487)   Pre Evacuate Collection Set: 0.2ms
[2026-05-06T01:03:42.014+0100][18.301s][info][gc,phases      ] GC(487)   Merge Heap Roots: 0.0ms
[2026-05-06T01:03:42.014+0100][18.301s][info][gc,phases      ] GC(487)   Evacuate Collection Set: 0.2ms
[2026-05-06T01:03:42.014+0100][18.301s][info][gc,phases      ] GC(487)   Post Evacuate Collection Set: 0.1ms
[2026-05-06T01:03:42.014+0100][18.301s][info][gc,phases      ] GC(487)   Other: 0.0ms
[2026-05-06T01:03:42.014+0100][18.301s][info][gc,heap        ] GC(487) Eden regions: 2->0(217)
[2026-05-06T01:03:42.014+0100][18.301s][info][gc,heap        ] GC(487) Survivor regions: 1->1(28)
[2026-05-06T01:03:42.014+0100][18.301s][info][gc,heap        ] GC(487) Old regions: 13->13
[2026-05-06T01:03:42.014+0100][18.301s][info][gc,heap        ] GC(487) Humongous regions: 169->96
[2026-05-06T01:03:42.014+0100][18.301s][info][gc,metaspace   ] GC(487) Metaspace: 19079K(19392K)->19079K(19392K) NonClass: 16842K(17024K)->16842K(17024K) Class: 2236K(2368K)->2236K(2368K)
[2026-05-06T01:03:42.014+0100][18.301s][info][gc             ] GC(487) Pause Young (Concurrent Start) (G1 Humongous Allocation) 353M->203M(728M) 0.639ms
[2026-05-06T01:03:42.014+0100][18.301s][info][gc,cpu         ] GC(487) User=0.00s Sys=0.00s Real=0.00s
[2026-05-06T01:03:42.014+0100][18.301s][info][gc             ] GC(488) Concurrent Undo Cycle
[2026-05-06T01:03:42.014+0100][18.301s][info][gc,marking     ] GC(488) Concurrent Clear Claimed Marks
[2026-05-06T01:03:42.014+0100][18.301s][info][gc,marking     ] GC(488) Concurrent Clear Claimed Marks 0.007ms
[2026-05-06T01:03:42.014+0100][18.301s][info][gc,marking     ] GC(488) Concurrent Cleanup for Next Mark
[2026-05-06T01:03:42.015+0100][18.301s][info][gc,marking     ] GC(488) Concurrent Cleanup for Next Mark 0.040ms
[2026-05-06T01:03:42.015+0100][18.301s][info][gc             ] GC(488) Concurrent Undo Cycle 0.075ms
[2026-05-06T01:03:42.093+0100][18.379s][info][gc,start       ] GC(489) Pause Young (Concurrent Start) (G1 Humongous Allocation)
[2026-05-06T01:03:42.093+0100][18.379s][info][gc,task        ] GC(489) Using 9 workers of 9 for evacuation
[2026-05-06T01:03:42.094+0100][18.380s][info][gc,phases      ] GC(489)   Pre Evacuate Collection Set: 0.1ms
[2026-05-06T01:03:42.094+0100][18.380s][info][gc,phases      ] GC(489)   Merge Heap Roots: 0.0ms
[2026-05-06T01:03:42.094+0100][18.380s][info][gc,phases      ] GC(489)   Evacuate Collection Set: 0.2ms
[2026-05-06T01:03:42.094+0100][18.380s][info][gc,phases      ] GC(489)   Post Evacuate Collection Set: 0.1ms
[2026-05-06T01:03:42.094+0100][18.380s][info][gc,phases      ] GC(489)   Other: 0.0ms
[2026-05-06T01:03:42.094+0100][18.380s][info][gc,heap        ] GC(489) Eden regions: 3->0(217)
[2026-05-06T01:03:42.094+0100][18.380s][info][gc,heap        ] GC(489) Survivor regions: 1->1(28)
[2026-05-06T01:03:42.094+0100][18.380s][info][gc,heap        ] GC(489) Old regions: 13->13
[2026-05-06T01:03:42.094+0100][18.380s][info][gc,heap        ] GC(489) Humongous regions: 169->96
[2026-05-06T01:03:42.094+0100][18.380s][info][gc,metaspace   ] GC(489) Metaspace: 19079K(19392K)->19079K(19392K) NonClass: 16842K(17024K)->16842K(17024K) Class: 2236K(2368K)->2236K(2368K)
[2026-05-06T01:03:42.094+0100][18.380s][info][gc             ] GC(489) Pause Young (Concurrent Start) (G1 Humongous Allocation) 354M->203M(728M) 0.546ms
[2026-05-06T01:03:42.094+0100][18.380s][info][gc,cpu         ] GC(489) User=0.01s Sys=0.00s Real=0.00s
[2026-05-06T01:03:42.094+0100][18.380s][info][gc             ] GC(490) Concurrent Undo Cycle
[2026-05-06T01:03:42.094+0100][18.380s][info][gc,marking     ] GC(490) Concurrent Clear Claimed Marks
[2026-05-06T01:03:42.094+0100][18.380s][info][gc,marking     ] GC(490) Concurrent Clear Claimed Marks 0.007ms
[2026-05-06T01:03:42.094+0100][18.380s][info][gc,marking     ] GC(490) Concurrent Cleanup for Next Mark
[2026-05-06T01:03:42.094+0100][18.380s][info][gc,marking     ] GC(490) Concurrent Cleanup for Next Mark 0.032ms
[2026-05-06T01:03:42.094+0100][18.380s][info][gc             ] GC(490) Concurrent Undo Cycle 0.063ms
[2026-05-06T01:03:42.172+0100][18.459s][info][gc,start       ] GC(491) Pause Young (Concurrent Start) (G1 Humongous Allocation)
[2026-05-06T01:03:42.172+0100][18.459s][info][gc,task        ] GC(491) Using 9 workers of 9 for evacuation
[2026-05-06T01:03:42.173+0100][18.459s][info][gc,phases      ] GC(491)   Pre Evacuate Collection Set: 0.1ms
[2026-05-06T01:03:42.173+0100][18.459s][info][gc,phases      ] GC(491)   Merge Heap Roots: 0.0ms
[2026-05-06T01:03:42.173+0100][18.459s][info][gc,phases      ] GC(491)   Evacuate Collection Set: 0.2ms
[2026-05-06T01:03:42.173+0100][18.459s][info][gc,phases      ] GC(491)   Post Evacuate Collection Set: 0.1ms
[2026-05-06T01:03:42.173+0100][18.459s][info][gc,phases      ] GC(491)   Other: 0.0ms
[2026-05-06T01:03:42.173+0100][18.459s][info][gc,heap        ] GC(491) Eden regions: 3->0(217)
[2026-05-06T01:03:42.173+0100][18.459s][info][gc,heap        ] GC(491) Survivor regions: 1->1(28)
[2026-05-06T01:03:42.173+0100][18.459s][info][gc,heap        ] GC(491) Old regions: 13->13
[2026-05-06T01:03:42.173+0100][18.459s][info][gc,heap        ] GC(491) Humongous regions: 169->96
[2026-05-06T01:03:42.173+0100][18.459s][info][gc,metaspace   ] GC(491) Metaspace: 19079K(19392K)->19079K(19392K) NonClass: 16842K(17024K)->16842K(17024K) Class: 2236K(2368K)->2236K(2368K)
[2026-05-06T01:03:42.173+0100][18.459s][info][gc             ] GC(491) Pause Young (Concurrent Start) (G1 Humongous Allocation) 354M->203M(728M) 0.575ms
[2026-05-06T01:03:42.173+0100][18.459s][info][gc,cpu         ] GC(491) User=0.00s Sys=0.00s Real=0.00s
[2026-05-06T01:03:42.173+0100][18.459s][info][gc             ] GC(492) Concurrent Undo Cycle
[2026-05-06T01:03:42.173+0100][18.459s][info][gc,marking     ] GC(492) Concurrent Clear Claimed Marks
[2026-05-06T01:03:42.173+0100][18.459s][info][gc,marking     ] GC(492) Concurrent Clear Claimed Marks 0.010ms
[2026-05-06T01:03:42.173+0100][18.459s][info][gc,marking     ] GC(492) Concurrent Cleanup for Next Mark
[2026-05-06T01:03:42.173+0100][18.459s][info][gc,marking     ] GC(492) Concurrent Cleanup for Next Mark 0.031ms
[2026-05-06T01:03:42.173+0100][18.459s][info][gc             ] GC(492) Concurrent Undo Cycle 0.070ms
[2026-05-06T01:03:42.252+0100][18.538s][info][gc,start       ] GC(493) Pause Young (Concurrent Start) (G1 Humongous Allocation)
[2026-05-06T01:03:42.252+0100][18.538s][info][gc,task        ] GC(493) Using 9 workers of 9 for evacuation
[2026-05-06T01:03:42.252+0100][18.538s][info][gc,phases      ] GC(493)   Pre Evacuate Collection Set: 0.1ms
[2026-05-06T01:03:42.252+0100][18.538s][info][gc,phases      ] GC(493)   Merge Heap Roots: 0.0ms
[2026-05-06T01:03:42.252+0100][18.538s][info][gc,phases      ] GC(493)   Evacuate Collection Set: 0.2ms
[2026-05-06T01:03:42.252+0100][18.538s][info][gc,phases      ] GC(493)   Post Evacuate Collection Set: 0.1ms
[2026-05-06T01:03:42.252+0100][18.538s][info][gc,phases      ] GC(493)   Other: 0.0ms
[2026-05-06T01:03:42.252+0100][18.538s][info][gc,heap        ] GC(493) Eden regions: 3->0(217)
[2026-05-06T01:03:42.252+0100][18.538s][info][gc,heap        ] GC(493) Survivor regions: 1->1(28)
[2026-05-06T01:03:42.252+0100][18.538s][info][gc,heap        ] GC(493) Old regions: 13->13
[2026-05-06T01:03:42.252+0100][18.538s][info][gc,heap        ] GC(493) Humongous regions: 169->96
[2026-05-06T01:03:42.252+0100][18.538s][info][gc,metaspace   ] GC(493) Metaspace: 19079K(19392K)->19079K(19392K) NonClass: 16842K(17024K)->16842K(17024K) Class: 2236K(2368K)->2236K(2368K)
[2026-05-06T01:03:42.252+0100][18.538s][info][gc             ] GC(493) Pause Young (Concurrent Start) (G1 Humongous Allocation) 354M->203M(728M) 0.509ms
[2026-05-06T01:03:42.252+0100][18.538s][info][gc,cpu         ] GC(493) User=0.00s Sys=0.00s Real=0.00s
[2026-05-06T01:03:42.252+0100][18.538s][info][gc             ] GC(494) Concurrent Undo Cycle
[2026-05-06T01:03:42.252+0100][18.538s][info][gc,marking     ] GC(494) Concurrent Clear Claimed Marks
[2026-05-06T01:03:42.252+0100][18.539s][info][gc,marking     ] GC(494) Concurrent Clear Claimed Marks 0.007ms
[2026-05-06T01:03:42.252+0100][18.539s][info][gc,marking     ] GC(494) Concurrent Cleanup for Next Mark
[2026-05-06T01:03:42.252+0100][18.539s][info][gc,marking     ] GC(494) Concurrent Cleanup for Next Mark 0.040ms
[2026-05-06T01:03:42.252+0100][18.539s][info][gc             ] GC(494) Concurrent Undo Cycle 0.072ms
[2026-05-06T01:03:42.331+0100][18.617s][info][gc,start       ] GC(495) Pause Young (Concurrent Start) (G1 Humongous Allocation)
[2026-05-06T01:03:42.331+0100][18.617s][info][gc,task        ] GC(495) Using 9 workers of 9 for evacuation
[2026-05-06T01:03:42.332+0100][18.618s][info][gc,phases      ] GC(495)   Pre Evacuate Collection Set: 0.1ms
[2026-05-06T01:03:42.332+0100][18.618s][info][gc,phases      ] GC(495)   Merge Heap Roots: 0.0ms
[2026-05-06T01:03:42.332+0100][18.618s][info][gc,phases      ] GC(495)   Evacuate Collection Set: 0.2ms
[2026-05-06T01:03:42.332+0100][18.618s][info][gc,phases      ] GC(495)   Post Evacuate Collection Set: 0.1ms
[2026-05-06T01:03:42.332+0100][18.618s][info][gc,phases      ] GC(495)   Other: 0.0ms
[2026-05-06T01:03:42.332+0100][18.618s][info][gc,heap        ] GC(495) Eden regions: 3->0(217)
[2026-05-06T01:03:42.332+0100][18.618s][info][gc,heap        ] GC(495) Survivor regions: 1->1(28)
[2026-05-06T01:03:42.332+0100][18.618s][info][gc,heap        ] GC(495) Old regions: 13->13
[2026-05-06T01:03:42.332+0100][18.618s][info][gc,heap        ] GC(495) Humongous regions: 169->96
[2026-05-06T01:03:42.332+0100][18.618s][info][gc,metaspace   ] GC(495) Metaspace: 19079K(19392K)->19079K(19392K) NonClass: 16843K(17024K)->16843K(17024K) Class: 2236K(2368K)->2236K(2368K)
[2026-05-06T01:03:42.332+0100][18.618s][info][gc             ] GC(495) Pause Young (Concurrent Start) (G1 Humongous Allocation) 354M->203M(728M) 0.515ms
[2026-05-06T01:03:42.332+0100][18.618s][info][gc,cpu         ] GC(495) User=0.01s Sys=0.00s Real=0.00s
[2026-05-06T01:03:42.332+0100][18.618s][info][gc             ] GC(496) Concurrent Undo Cycle
[2026-05-06T01:03:42.332+0100][18.618s][info][gc,marking     ] GC(496) Concurrent Clear Claimed Marks
[2026-05-06T01:03:42.332+0100][18.618s][info][gc,marking     ] GC(496) Concurrent Clear Claimed Marks 0.006ms
[2026-05-06T01:03:42.332+0100][18.618s][info][gc,marking     ] GC(496) Concurrent Cleanup for Next Mark
[2026-05-06T01:03:42.332+0100][18.618s][info][gc,marking     ] GC(496) Concurrent Cleanup for Next Mark 0.036ms
[2026-05-06T01:03:42.332+0100][18.618s][info][gc             ] GC(496) Concurrent Undo Cycle 0.068ms
[2026-05-06T01:03:42.410+0100][18.697s][info][gc,start       ] GC(497) Pause Young (Concurrent Start) (G1 Humongous Allocation)
[2026-05-06T01:03:42.411+0100][18.697s][info][gc,task        ] GC(497) Using 9 workers of 9 for evacuation
[2026-05-06T01:03:42.411+0100][18.697s][info][gc,phases      ] GC(497)   Pre Evacuate Collection Set: 0.1ms
[2026-05-06T01:03:42.411+0100][18.697s][info][gc,phases      ] GC(497)   Merge Heap Roots: 0.0ms
[2026-05-06T01:03:42.411+0100][18.697s][info][gc,phases      ] GC(497)   Evacuate Collection Set: 0.1ms
[2026-05-06T01:03:42.411+0100][18.697s][info][gc,phases      ] GC(497)   Post Evacuate Collection Set: 0.1ms
[2026-05-06T01:03:42.411+0100][18.697s][info][gc,phases      ] GC(497)   Other: 0.0ms
[2026-05-06T01:03:42.411+0100][18.697s][info][gc,heap        ] GC(497) Eden regions: 3->0(217)
[2026-05-06T01:03:42.411+0100][18.697s][info][gc,heap        ] GC(497) Survivor regions: 1->1(28)
[2026-05-06T01:03:42.411+0100][18.697s][info][gc,heap        ] GC(497) Old regions: 13->13
[2026-05-06T01:03:42.411+0100][18.697s][info][gc,heap        ] GC(497) Humongous regions: 169->96
[2026-05-06T01:03:42.411+0100][18.697s][info][gc,metaspace   ] GC(497) Metaspace: 19079K(19392K)->19079K(19392K) NonClass: 16843K(17024K)->16843K(17024K) Class: 2236K(2368K)->2236K(2368K)
[2026-05-06T01:03:42.411+0100][18.697s][info][gc             ] GC(497) Pause Young (Concurrent Start) (G1 Humongous Allocation) 354M->203M(728M) 0.502ms
[2026-05-06T01:03:42.411+0100][18.697s][info][gc,cpu         ] GC(497) User=0.00s Sys=0.00s Real=0.00s
[2026-05-06T01:03:42.411+0100][18.697s][info][gc             ] GC(498) Concurrent Undo Cycle
[2026-05-06T01:03:42.411+0100][18.697s][info][gc,marking     ] GC(498) Concurrent Clear Claimed Marks
[2026-05-06T01:03:42.411+0100][18.697s][info][gc,marking     ] GC(498) Concurrent Clear Claimed Marks 0.006ms
[2026-05-06T01:03:42.411+0100][18.697s][info][gc,marking     ] GC(498) Concurrent Cleanup for Next Mark
[2026-05-06T01:03:42.411+0100][18.697s][info][gc,marking     ] GC(498) Concurrent Cleanup for Next Mark 0.033ms
[2026-05-06T01:03:42.411+0100][18.697s][info][gc             ] GC(498) Concurrent Undo Cycle 0.061ms
[2026-05-06T01:03:42.490+0100][18.776s][info][gc,start       ] GC(499) Pause Young (Concurrent Start) (G1 Humongous Allocation)
[2026-05-06T01:03:42.490+0100][18.776s][info][gc,task        ] GC(499) Using 9 workers of 9 for evacuation
[2026-05-06T01:03:42.490+0100][18.776s][info][gc,phases      ] GC(499)   Pre Evacuate Collection Set: 0.1ms
[2026-05-06T01:03:42.490+0100][18.776s][info][gc,phases      ] GC(499)   Merge Heap Roots: 0.0ms
[2026-05-06T01:03:42.490+0100][18.776s][info][gc,phases      ] GC(499)   Evacuate Collection Set: 0.1ms
[2026-05-06T01:03:42.490+0100][18.776s][info][gc,phases      ] GC(499)   Post Evacuate Collection Set: 0.1ms
[2026-05-06T01:03:42.490+0100][18.776s][info][gc,phases      ] GC(499)   Other: 0.0ms
[2026-05-06T01:03:42.490+0100][18.776s][info][gc,heap        ] GC(499) Eden regions: 3->0(217)
[2026-05-06T01:03:42.490+0100][18.776s][info][gc,heap        ] GC(499) Survivor regions: 1->1(28)
[2026-05-06T01:03:42.490+0100][18.776s][info][gc,heap        ] GC(499) Old regions: 13->13
[2026-05-06T01:03:42.490+0100][18.776s][info][gc,heap        ] GC(499) Humongous regions: 169->96
[2026-05-06T01:03:42.490+0100][18.776s][info][gc,metaspace   ] GC(499) Metaspace: 19079K(19392K)->19079K(19392K) NonClass: 16843K(17024K)->16843K(17024K) Class: 2236K(2368K)->2236K(2368K)
[2026-05-06T01:03:42.490+0100][18.776s][info][gc             ] GC(499) Pause Young (Concurrent Start) (G1 Humongous Allocation) 354M->203M(728M) 0.480ms
[2026-05-06T01:03:42.490+0100][18.776s][info][gc,cpu         ] GC(499) User=0.00s Sys=0.00s Real=0.00s
[2026-05-06T01:03:42.490+0100][18.776s][info][gc             ] GC(500) Concurrent Undo Cycle
[2026-05-06T01:03:42.490+0100][18.776s][info][gc,marking     ] GC(500) Concurrent Clear Claimed Marks
[2026-05-06T01:03:42.490+0100][18.776s][info][gc,marking     ] GC(500) Concurrent Clear Claimed Marks 0.007ms
[2026-05-06T01:03:42.490+0100][18.776s][info][gc,marking     ] GC(500) Concurrent Cleanup for Next Mark
[2026-05-06T01:03:42.490+0100][18.776s][info][gc,marking     ] GC(500) Concurrent Cleanup for Next Mark 0.038ms
[2026-05-06T01:03:42.490+0100][18.777s][info][gc             ] GC(500) Concurrent Undo Cycle 0.068ms
[2026-05-06T01:03:42.570+0100][18.857s][info][gc,start       ] GC(501) Pause Young (Concurrent Start) (G1 Humongous Allocation)
[2026-05-06T01:03:42.570+0100][18.857s][info][gc,task        ] GC(501) Using 9 workers of 9 for evacuation
[2026-05-06T01:03:42.571+0100][18.857s][info][gc,phases      ] GC(501)   Pre Evacuate Collection Set: 0.1ms
[2026-05-06T01:03:42.571+0100][18.857s][info][gc,phases      ] GC(501)   Merge Heap Roots: 0.0ms
[2026-05-06T01:03:42.571+0100][18.857s][info][gc,phases      ] GC(501)   Evacuate Collection Set: 0.2ms
[2026-05-06T01:03:42.571+0100][18.857s][info][gc,phases      ] GC(501)   Post Evacuate Collection Set: 0.1ms
[2026-05-06T01:03:42.571+0100][18.857s][info][gc,phases      ] GC(501)   Other: 0.0ms
[2026-05-06T01:03:42.571+0100][18.857s][info][gc,heap        ] GC(501) Eden regions: 3->0(217)
[2026-05-06T01:03:42.571+0100][18.857s][info][gc,heap        ] GC(501) Survivor regions: 1->1(28)
[2026-05-06T01:03:42.571+0100][18.857s][info][gc,heap        ] GC(501) Old regions: 13->13
[2026-05-06T01:03:42.571+0100][18.857s][info][gc,heap        ] GC(501) Humongous regions: 169->96
[2026-05-06T01:03:42.571+0100][18.857s][info][gc,metaspace   ] GC(501) Metaspace: 19079K(19392K)->19079K(19392K) NonClass: 16843K(17024K)->16843K(17024K) Class: 2236K(2368K)->2236K(2368K)
[2026-05-06T01:03:42.571+0100][18.857s][info][gc             ] GC(501) Pause Young (Concurrent Start) (G1 Humongous Allocation) 354M->203M(728M) 0.580ms
[2026-05-06T01:03:42.571+0100][18.857s][info][gc,cpu         ] GC(501) User=0.01s Sys=0.00s Real=0.00s
[2026-05-06T01:03:42.571+0100][18.857s][info][gc             ] GC(502) Concurrent Undo Cycle
[2026-05-06T01:03:42.571+0100][18.857s][info][gc,marking     ] GC(502) Concurrent Clear Claimed Marks
[2026-05-06T01:03:42.571+0100][18.857s][info][gc,marking     ] GC(502) Concurrent Clear Claimed Marks 0.007ms
[2026-05-06T01:03:42.571+0100][18.857s][info][gc,marking     ] GC(502) Concurrent Cleanup for Next Mark
[2026-05-06T01:03:42.571+0100][18.857s][info][gc,marking     ] GC(502) Concurrent Cleanup for Next Mark 0.037ms
[2026-05-06T01:03:42.571+0100][18.857s][info][gc             ] GC(502) Concurrent Undo Cycle 0.074ms
[2026-05-06T01:03:42.655+0100][18.941s][info][gc,start       ] GC(503) Pause Young (Concurrent Start) (G1 Humongous Allocation)
[2026-05-06T01:03:42.655+0100][18.941s][info][gc,task        ] GC(503) Using 9 workers of 9 for evacuation
[2026-05-06T01:03:42.655+0100][18.941s][info][gc,phases      ] GC(503)   Pre Evacuate Collection Set: 0.1ms
[2026-05-06T01:03:42.655+0100][18.941s][info][gc,phases      ] GC(503)   Merge Heap Roots: 0.0ms
[2026-05-06T01:03:42.655+0100][18.942s][info][gc,phases      ] GC(503)   Evacuate Collection Set: 0.2ms
[2026-05-06T01:03:42.655+0100][18.942s][info][gc,phases      ] GC(503)   Post Evacuate Collection Set: 0.1ms
[2026-05-06T01:03:42.655+0100][18.942s][info][gc,phases      ] GC(503)   Other: 0.0ms
[2026-05-06T01:03:42.655+0100][18.942s][info][gc,heap        ] GC(503) Eden regions: 3->0(217)
[2026-05-06T01:03:42.655+0100][18.942s][info][gc,heap        ] GC(503) Survivor regions: 1->1(28)
[2026-05-06T01:03:42.655+0100][18.942s][info][gc,heap        ] GC(503) Old regions: 13->13
[2026-05-06T01:03:42.655+0100][18.942s][info][gc,heap        ] GC(503) Humongous regions: 169->96
[2026-05-06T01:03:42.655+0100][18.942s][info][gc,metaspace   ] GC(503) Metaspace: 19079K(19392K)->19079K(19392K) NonClass: 16843K(17024K)->16843K(17024K) Class: 2236K(2368K)->2236K(2368K)
[2026-05-06T01:03:42.655+0100][18.942s][info][gc             ] GC(503) Pause Young (Concurrent Start) (G1 Humongous Allocation) 354M->203M(728M) 0.560ms
[2026-05-06T01:03:42.655+0100][18.942s][info][gc,cpu         ] GC(503) User=0.00s Sys=0.00s Real=0.00s
[2026-05-06T01:03:42.655+0100][18.942s][info][gc             ] GC(504) Concurrent Undo Cycle
[2026-05-06T01:03:42.655+0100][18.942s][info][gc,marking     ] GC(504) Concurrent Clear Claimed Marks
[2026-05-06T01:03:42.655+0100][18.942s][info][gc,marking     ] GC(504) Concurrent Clear Claimed Marks 0.008ms
[2026-05-06T01:03:42.655+0100][18.942s][info][gc,marking     ] GC(504) Concurrent Cleanup for Next Mark
[2026-05-06T01:03:42.655+0100][18.942s][info][gc,marking     ] GC(504) Concurrent Cleanup for Next Mark 0.030ms
[2026-05-06T01:03:42.655+0100][18.942s][info][gc             ] GC(504) Concurrent Undo Cycle 0.072ms
[2026-05-06T01:03:42.735+0100][19.021s][info][gc,start       ] GC(505) Pause Young (Concurrent Start) (G1 Humongous Allocation)
[2026-05-06T01:03:42.735+0100][19.022s][info][gc,task        ] GC(505) Using 9 workers of 9 for evacuation
[2026-05-06T01:03:42.736+0100][19.022s][info][gc,phases      ] GC(505)   Pre Evacuate Collection Set: 0.1ms
[2026-05-06T01:03:42.736+0100][19.022s][info][gc,phases      ] GC(505)   Merge Heap Roots: 0.0ms
[2026-05-06T01:03:42.736+0100][19.022s][info][gc,phases      ] GC(505)   Evacuate Collection Set: 0.2ms
[2026-05-06T01:03:42.736+0100][19.022s][info][gc,phases      ] GC(505)   Post Evacuate Collection Set: 0.1ms
[2026-05-06T01:03:42.736+0100][19.022s][info][gc,phases      ] GC(505)   Other: 0.0ms
[2026-05-06T01:03:42.736+0100][19.022s][info][gc,heap        ] GC(505) Eden regions: 3->0(217)
[2026-05-06T01:03:42.736+0100][19.022s][info][gc,heap        ] GC(505) Survivor regions: 1->1(28)
[2026-05-06T01:03:42.736+0100][19.022s][info][gc,heap        ] GC(505) Old regions: 13->13
[2026-05-06T01:03:42.736+0100][19.022s][info][gc,heap        ] GC(505) Humongous regions: 169->96
[2026-05-06T01:03:42.736+0100][19.022s][info][gc,metaspace   ] GC(505) Metaspace: 19079K(19392K)->19079K(19392K) NonClass: 16843K(17024K)->16843K(17024K) Class: 2236K(2368K)->2236K(2368K)
[2026-05-06T01:03:42.736+0100][19.022s][info][gc             ] GC(505) Pause Young (Concurrent Start) (G1 Humongous Allocation) 354M->203M(728M) 0.571ms
[2026-05-06T01:03:42.736+0100][19.022s][info][gc,cpu         ] GC(505) User=0.01s Sys=0.00s Real=0.00s
[2026-05-06T01:03:42.736+0100][19.022s][info][gc             ] GC(506) Concurrent Undo Cycle
[2026-05-06T01:03:42.736+0100][19.022s][info][gc,marking     ] GC(506) Concurrent Clear Claimed Marks
[2026-05-06T01:03:42.736+0100][19.022s][info][gc,marking     ] GC(506) Concurrent Clear Claimed Marks 0.007ms
[2026-05-06T01:03:42.736+0100][19.022s][info][gc,marking     ] GC(506) Concurrent Cleanup for Next Mark
[2026-05-06T01:03:42.736+0100][19.022s][info][gc,marking     ] GC(506) Concurrent Cleanup for Next Mark 0.033ms
[2026-05-06T01:03:42.736+0100][19.022s][info][gc             ] GC(506) Concurrent Undo Cycle 0.072ms
[2026-05-06T01:03:42.815+0100][19.101s][info][gc,start       ] GC(507) Pause Young (Concurrent Start) (G1 Humongous Allocation)
[2026-05-06T01:03:42.815+0100][19.101s][info][gc,task        ] GC(507) Using 9 workers of 9 for evacuation
[2026-05-06T01:03:42.816+0100][19.102s][info][gc,phases      ] GC(507)   Pre Evacuate Collection Set: 0.1ms
[2026-05-06T01:03:42.816+0100][19.102s][info][gc,phases      ] GC(507)   Merge Heap Roots: 0.0ms
[2026-05-06T01:03:42.816+0100][19.102s][info][gc,phases      ] GC(507)   Evacuate Collection Set: 0.2ms
[2026-05-06T01:03:42.816+0100][19.102s][info][gc,phases      ] GC(507)   Post Evacuate Collection Set: 0.1ms
[2026-05-06T01:03:42.816+0100][19.102s][info][gc,phases      ] GC(507)   Other: 0.0ms
[2026-05-06T01:03:42.816+0100][19.102s][info][gc,heap        ] GC(507) Eden regions: 3->0(217)
[2026-05-06T01:03:42.816+0100][19.102s][info][gc,heap        ] GC(507) Survivor regions: 1->1(28)
[2026-05-06T01:03:42.816+0100][19.102s][info][gc,heap        ] GC(507) Old regions: 13->13
[2026-05-06T01:03:42.816+0100][19.102s][info][gc,heap        ] GC(507) Humongous regions: 169->96
[2026-05-06T01:03:42.816+0100][19.102s][info][gc,metaspace   ] GC(507) Metaspace: 19079K(19392K)->19079K(19392K) NonClass: 16843K(17024K)->16843K(17024K) Class: 2236K(2368K)->2236K(2368K)
[2026-05-06T01:03:42.816+0100][19.102s][info][gc             ] GC(507) Pause Young (Concurrent Start) (G1 Humongous Allocation) 354M->203M(728M) 0.587ms
[2026-05-06T01:03:42.816+0100][19.102s][info][gc,cpu         ] GC(507) User=0.00s Sys=0.00s Real=0.00s
[2026-05-06T01:03:42.816+0100][19.102s][info][gc             ] GC(508) Concurrent Undo Cycle
[2026-05-06T01:03:42.816+0100][19.102s][info][gc,marking     ] GC(508) Concurrent Clear Claimed Marks
[2026-05-06T01:03:42.816+0100][19.102s][info][gc,marking     ] GC(508) Concurrent Clear Claimed Marks 0.008ms
[2026-05-06T01:03:42.816+0100][19.102s][info][gc,marking     ] GC(508) Concurrent Cleanup for Next Mark
[2026-05-06T01:03:42.816+0100][19.102s][info][gc,marking     ] GC(508) Concurrent Cleanup for Next Mark 0.033ms
[2026-05-06T01:03:42.816+0100][19.102s][info][gc             ] GC(508) Concurrent Undo Cycle 0.074ms
[2026-05-06T01:03:42.894+0100][19.180s][info][gc,start       ] GC(509) Pause Young (Concurrent Start) (G1 Humongous Allocation)
[2026-05-06T01:03:42.894+0100][19.180s][info][gc,task        ] GC(509) Using 9 workers of 9 for evacuation
[2026-05-06T01:03:42.895+0100][19.181s][info][gc,phases      ] GC(509)   Pre Evacuate Collection Set: 0.1ms
[2026-05-06T01:03:42.895+0100][19.181s][info][gc,phases      ] GC(509)   Merge Heap Roots: 0.0ms
[2026-05-06T01:03:42.895+0100][19.181s][info][gc,phases      ] GC(509)   Evacuate Collection Set: 0.1ms
[2026-05-06T01:03:42.895+0100][19.181s][info][gc,phases      ] GC(509)   Post Evacuate Collection Set: 0.1ms
[2026-05-06T01:03:42.895+0100][19.181s][info][gc,phases      ] GC(509)   Other: 0.0ms
[2026-05-06T01:03:42.895+0100][19.181s][info][gc,heap        ] GC(509) Eden regions: 3->0(217)
[2026-05-06T01:03:42.895+0100][19.181s][info][gc,heap        ] GC(509) Survivor regions: 1->1(28)
[2026-05-06T01:03:42.895+0100][19.181s][info][gc,heap        ] GC(509) Old regions: 13->13
[2026-05-06T01:03:42.895+0100][19.181s][info][gc,heap        ] GC(509) Humongous regions: 169->96
[2026-05-06T01:03:42.895+0100][19.181s][info][gc,metaspace   ] GC(509) Metaspace: 19079K(19392K)->19079K(19392K) NonClass: 16843K(17024K)->16843K(17024K) Class: 2236K(2368K)->2236K(2368K)
[2026-05-06T01:03:42.895+0100][19.181s][info][gc             ] GC(509) Pause Young (Concurrent Start) (G1 Humongous Allocation) 354M->203M(728M) 0.517ms
[2026-05-06T01:03:42.895+0100][19.181s][info][gc,cpu         ] GC(509) User=0.00s Sys=0.00s Real=0.00s
[2026-05-06T01:03:42.895+0100][19.181s][info][gc             ] GC(510) Concurrent Undo Cycle
[2026-05-06T01:03:42.895+0100][19.181s][info][gc,marking     ] GC(510) Concurrent Clear Claimed Marks
[2026-05-06T01:03:42.895+0100][19.181s][info][gc,marking     ] GC(510) Concurrent Clear Claimed Marks 0.007ms
[2026-05-06T01:03:42.895+0100][19.181s][info][gc,marking     ] GC(510) Concurrent Cleanup for Next Mark
[2026-05-06T01:03:42.895+0100][19.181s][info][gc,marking     ] GC(510) Concurrent Cleanup for Next Mark 0.035ms
[2026-05-06T01:03:42.895+0100][19.181s][info][gc             ] GC(510) Concurrent Undo Cycle 0.069ms
[2026-05-06T01:03:42.942+0100][19.228s][info][gc,start       ] GC(511) Pause Full (System.gc())
[2026-05-06T01:03:42.942+0100][19.228s][info][gc,task        ] GC(511) Using 9 workers of 9 for full compaction
[2026-05-06T01:03:42.942+0100][19.228s][info][gc,phases,start] GC(511) Phase 1: Mark live objects
[2026-05-06T01:03:42.945+0100][19.232s][info][gc,phases      ] GC(511) Phase 1: Mark live objects 3.484ms
[2026-05-06T01:03:42.945+0100][19.232s][info][gc,phases,start] GC(511) Phase 2: Prepare compaction
[2026-05-06T01:03:42.946+0100][19.232s][info][gc,phases      ] GC(511) Phase 2: Prepare compaction 0.247ms
[2026-05-06T01:03:42.946+0100][19.232s][info][gc,phases,start] GC(511) Phase 3: Adjust pointers
[2026-05-06T01:03:42.947+0100][19.233s][info][gc,phases      ] GC(511) Phase 3: Adjust pointers 1.576ms
[2026-05-06T01:03:42.947+0100][19.233s][info][gc,phases,start] GC(511) Phase 4: Compact heap
[2026-05-06T01:03:42.947+0100][19.234s][info][gc,phases      ] GC(511) Phase 4: Compact heap 0.206ms
[2026-05-06T01:03:42.947+0100][19.234s][info][gc,phases,start] GC(511) Phase 5: Reset Metadata
[2026-05-06T01:03:42.948+0100][19.234s][info][gc,phases      ] GC(511) Phase 5: Reset Metadata 0.331ms
[2026-05-06T01:03:42.948+0100][19.234s][info][gc,heap        ] GC(511) Eden regions: 2->0(218)
[2026-05-06T01:03:42.948+0100][19.234s][info][gc,heap        ] GC(511) Survivor regions: 1->0(28)
[2026-05-06T01:03:42.948+0100][19.234s][info][gc,heap        ] GC(511) Old regions: 13->13
[2026-05-06T01:03:42.948+0100][19.234s][info][gc,heap        ] GC(511) Humongous regions: 169->96
[2026-05-06T01:03:42.948+0100][19.234s][info][gc,metaspace   ] GC(511) Metaspace: 19079K(19392K)->19079K(19392K) NonClass: 16843K(17024K)->16843K(17024K) Class: 2236K(2368K)->2236K(2368K)
[2026-05-06T01:03:42.948+0100][19.234s][info][gc             ] GC(511) Pause Full (System.gc()) 352M->203M(728M) 6.445ms
[2026-05-06T01:03:42.948+0100][19.234s][info][gc,cpu         ] GC(511) User=0.02s Sys=0.01s Real=0.00s
[2026-05-06T01:03:42.980+0100][19.266s][info][gc,start       ] GC(512) Pause Young (Concurrent Start) (G1 Humongous Allocation)
[2026-05-06T01:03:42.980+0100][19.266s][info][gc,task        ] GC(512) Using 9 workers of 9 for evacuation
[2026-05-06T01:03:42.980+0100][19.266s][info][gc,phases      ] GC(512)   Pre Evacuate Collection Set: 0.1ms
[2026-05-06T01:03:42.980+0100][19.266s][info][gc,phases      ] GC(512)   Merge Heap Roots: 0.0ms
[2026-05-06T01:03:42.980+0100][19.266s][info][gc,phases      ] GC(512)   Evacuate Collection Set: 0.1ms
[2026-05-06T01:03:42.980+0100][19.266s][info][gc,phases      ] GC(512)   Post Evacuate Collection Set: 0.1ms
[2026-05-06T01:03:42.980+0100][19.266s][info][gc,phases      ] GC(512)   Other: 0.0ms
[2026-05-06T01:03:42.980+0100][19.266s][info][gc,heap        ] GC(512) Eden regions: 3->0(217)
[2026-05-06T01:03:42.980+0100][19.266s][info][gc,heap        ] GC(512) Survivor regions: 0->1(28)
[2026-05-06T01:03:42.980+0100][19.266s][info][gc,heap        ] GC(512) Old regions: 13->13
[2026-05-06T01:03:42.980+0100][19.266s][info][gc,heap        ] GC(512) Humongous regions: 96->96
[2026-05-06T01:03:42.980+0100][19.266s][info][gc,metaspace   ] GC(512) Metaspace: 19080K(19392K)->19080K(19392K) NonClass: 16843K(17024K)->16843K(17024K) Class: 2236K(2368K)->2236K(2368K)
[2026-05-06T01:03:42.980+0100][19.266s][info][gc             ] GC(512) Pause Young (Concurrent Start) (G1 Humongous Allocation) 208M->203M(728M) 0.498ms
[2026-05-06T01:03:42.980+0100][19.266s][info][gc,cpu         ] GC(512) User=0.01s Sys=0.00s Real=0.00s
[2026-05-06T01:03:42.980+0100][19.266s][info][gc             ] GC(513) Concurrent Undo Cycle
[2026-05-06T01:03:42.980+0100][19.266s][info][gc,marking     ] GC(513) Concurrent Clear Claimed Marks
[2026-05-06T01:03:42.980+0100][19.266s][info][gc,marking     ] GC(513) Concurrent Clear Claimed Marks 0.007ms
[2026-05-06T01:03:42.980+0100][19.266s][info][gc,marking     ] GC(513) Concurrent Cleanup for Next Mark
[2026-05-06T01:03:42.980+0100][19.267s][info][gc,marking     ] GC(513) Concurrent Cleanup for Next Mark 0.037ms
[2026-05-06T01:03:42.980+0100][19.267s][info][gc             ] GC(513) Concurrent Undo Cycle 0.068ms
[2026-05-06T01:03:43.062+0100][19.348s][info][gc,start       ] GC(514) Pause Young (Concurrent Start) (G1 Humongous Allocation)
[2026-05-06T01:03:43.062+0100][19.348s][info][gc,task        ] GC(514) Using 9 workers of 9 for evacuation
[2026-05-06T01:03:43.062+0100][19.348s][info][gc,phases      ] GC(514)   Pre Evacuate Collection Set: 0.1ms
[2026-05-06T01:03:43.062+0100][19.348s][info][gc,phases      ] GC(514)   Merge Heap Roots: 0.0ms
[2026-05-06T01:03:43.062+0100][19.348s][info][gc,phases      ] GC(514)   Evacuate Collection Set: 0.2ms
[2026-05-06T01:03:43.062+0100][19.348s][info][gc,phases      ] GC(514)   Post Evacuate Collection Set: 0.1ms
[2026-05-06T01:03:43.062+0100][19.348s][info][gc,phases      ] GC(514)   Other: 0.0ms
[2026-05-06T01:03:43.062+0100][19.348s][info][gc,heap        ] GC(514) Eden regions: 2->0(217)
[2026-05-06T01:03:43.062+0100][19.348s][info][gc,heap        ] GC(514) Survivor regions: 1->1(28)
[2026-05-06T01:03:43.062+0100][19.348s][info][gc,heap        ] GC(514) Old regions: 13->13
[2026-05-06T01:03:43.062+0100][19.348s][info][gc,heap        ] GC(514) Humongous regions: 169->96
[2026-05-06T01:03:43.062+0100][19.348s][info][gc,metaspace   ] GC(514) Metaspace: 19080K(19392K)->19080K(19392K) NonClass: 16843K(17024K)->16843K(17024K) Class: 2236K(2368K)->2236K(2368K)
[2026-05-06T01:03:43.062+0100][19.348s][info][gc             ] GC(514) Pause Young (Concurrent Start) (G1 Humongous Allocation) 353M->203M(728M) 0.548ms
[2026-05-06T01:03:43.062+0100][19.348s][info][gc,cpu         ] GC(514) User=0.01s Sys=0.00s Real=0.00s
[2026-05-06T01:03:43.062+0100][19.348s][info][gc             ] GC(515) Concurrent Undo Cycle
[2026-05-06T01:03:43.062+0100][19.348s][info][gc,marking     ] GC(515) Concurrent Clear Claimed Marks
[2026-05-06T01:03:43.062+0100][19.348s][info][gc,marking     ] GC(515) Concurrent Clear Claimed Marks 0.008ms
[2026-05-06T01:03:43.062+0100][19.348s][info][gc,marking     ] GC(515) Concurrent Cleanup for Next Mark
[2026-05-06T01:03:43.062+0100][19.349s][info][gc,marking     ] GC(515) Concurrent Cleanup for Next Mark 0.036ms
[2026-05-06T01:03:43.062+0100][19.349s][info][gc             ] GC(515) Concurrent Undo Cycle 0.075ms
[2026-05-06T01:03:43.142+0100][19.428s][info][gc,start       ] GC(516) Pause Young (Concurrent Start) (G1 Humongous Allocation)
[2026-05-06T01:03:43.142+0100][19.428s][info][gc,task        ] GC(516) Using 9 workers of 9 for evacuation
[2026-05-06T01:03:43.143+0100][19.429s][info][gc,phases      ] GC(516)   Pre Evacuate Collection Set: 0.1ms
[2026-05-06T01:03:43.143+0100][19.429s][info][gc,phases      ] GC(516)   Merge Heap Roots: 0.0ms
[2026-05-06T01:03:43.143+0100][19.429s][info][gc,phases      ] GC(516)   Evacuate Collection Set: 0.2ms
[2026-05-06T01:03:43.143+0100][19.429s][info][gc,phases      ] GC(516)   Post Evacuate Collection Set: 0.1ms
[2026-05-06T01:03:43.143+0100][19.429s][info][gc,phases      ] GC(516)   Other: 0.0ms
[2026-05-06T01:03:43.143+0100][19.429s][info][gc,heap        ] GC(516) Eden regions: 3->0(217)
[2026-05-06T01:03:43.143+0100][19.429s][info][gc,heap        ] GC(516) Survivor regions: 1->1(28)
[2026-05-06T01:03:43.143+0100][19.429s][info][gc,heap        ] GC(516) Old regions: 13->13
[2026-05-06T01:03:43.143+0100][19.429s][info][gc,heap        ] GC(516) Humongous regions: 169->96
[2026-05-06T01:03:43.143+0100][19.429s][info][gc,metaspace   ] GC(516) Metaspace: 19080K(19392K)->19080K(19392K) NonClass: 16843K(17024K)->16843K(17024K) Class: 2236K(2368K)->2236K(2368K)
[2026-05-06T01:03:43.143+0100][19.429s][info][gc             ] GC(516) Pause Young (Concurrent Start) (G1 Humongous Allocation) 354M->203M(728M) 0.563ms
[2026-05-06T01:03:43.143+0100][19.429s][info][gc,cpu         ] GC(516) User=0.00s Sys=0.00s Real=0.00s
[2026-05-06T01:03:43.143+0100][19.429s][info][gc             ] GC(517) Concurrent Undo Cycle
[2026-05-06T01:03:43.143+0100][19.429s][info][gc,marking     ] GC(517) Concurrent Clear Claimed Marks
[2026-05-06T01:03:43.143+0100][19.429s][info][gc,marking     ] GC(517) Concurrent Clear Claimed Marks 0.007ms
[2026-05-06T01:03:43.143+0100][19.429s][info][gc,marking     ] GC(517) Concurrent Cleanup for Next Mark
[2026-05-06T01:03:43.143+0100][19.429s][info][gc,marking     ] GC(517) Concurrent Cleanup for Next Mark 0.027ms
[2026-05-06T01:03:43.143+0100][19.429s][info][gc             ] GC(517) Concurrent Undo Cycle 0.064ms
[2026-05-06T01:03:43.222+0100][19.508s][info][gc,start       ] GC(518) Pause Young (Concurrent Start) (G1 Humongous Allocation)
[2026-05-06T01:03:43.222+0100][19.508s][info][gc,task        ] GC(518) Using 9 workers of 9 for evacuation
[2026-05-06T01:03:43.222+0100][19.509s][info][gc,phases      ] GC(518)   Pre Evacuate Collection Set: 0.1ms
[2026-05-06T01:03:43.222+0100][19.509s][info][gc,phases      ] GC(518)   Merge Heap Roots: 0.0ms
[2026-05-06T01:03:43.222+0100][19.509s][info][gc,phases      ] GC(518)   Evacuate Collection Set: 0.2ms
[2026-05-06T01:03:43.222+0100][19.509s][info][gc,phases      ] GC(518)   Post Evacuate Collection Set: 0.1ms
[2026-05-06T01:03:43.222+0100][19.509s][info][gc,phases      ] GC(518)   Other: 0.0ms
[2026-05-06T01:03:43.222+0100][19.509s][info][gc,heap        ] GC(518) Eden regions: 3->0(217)
[2026-05-06T01:03:43.222+0100][19.509s][info][gc,heap        ] GC(518) Survivor regions: 1->1(28)
[2026-05-06T01:03:43.222+0100][19.509s][info][gc,heap        ] GC(518) Old regions: 13->13
[2026-05-06T01:03:43.222+0100][19.509s][info][gc,heap        ] GC(518) Humongous regions: 169->96
[2026-05-06T01:03:43.222+0100][19.509s][info][gc,metaspace   ] GC(518) Metaspace: 19080K(19392K)->19080K(19392K) NonClass: 16843K(17024K)->16843K(17024K) Class: 2236K(2368K)->2236K(2368K)
[2026-05-06T01:03:43.222+0100][19.509s][info][gc             ] GC(518) Pause Young (Concurrent Start) (G1 Humongous Allocation) 354M->203M(728M) 0.578ms
[2026-05-06T01:03:43.222+0100][19.509s][info][gc,cpu         ] GC(518) User=0.00s Sys=0.00s Real=0.00s
[2026-05-06T01:03:43.222+0100][19.509s][info][gc             ] GC(519) Concurrent Undo Cycle
[2026-05-06T01:03:43.222+0100][19.509s][info][gc,marking     ] GC(519) Concurrent Clear Claimed Marks
[2026-05-06T01:03:43.222+0100][19.509s][info][gc,marking     ] GC(519) Concurrent Clear Claimed Marks 0.006ms
[2026-05-06T01:03:43.222+0100][19.509s][info][gc,marking     ] GC(519) Concurrent Cleanup for Next Mark
[2026-05-06T01:03:43.222+0100][19.509s][info][gc,marking     ] GC(519) Concurrent Cleanup for Next Mark 0.033ms
[2026-05-06T01:03:43.223+0100][19.509s][info][gc             ] GC(519) Concurrent Undo Cycle 0.066ms
[2026-05-06T01:03:43.302+0100][19.588s][info][gc,start       ] GC(520) Pause Young (Concurrent Start) (G1 Humongous Allocation)
[2026-05-06T01:03:43.302+0100][19.588s][info][gc,task        ] GC(520) Using 9 workers of 9 for evacuation
[2026-05-06T01:03:43.302+0100][19.589s][info][gc,phases      ] GC(520)   Pre Evacuate Collection Set: 0.1ms
[2026-05-06T01:03:43.302+0100][19.589s][info][gc,phases      ] GC(520)   Merge Heap Roots: 0.0ms
[2026-05-06T01:03:43.302+0100][19.589s][info][gc,phases      ] GC(520)   Evacuate Collection Set: 0.2ms
[2026-05-06T01:03:43.302+0100][19.589s][info][gc,phases      ] GC(520)   Post Evacuate Collection Set: 0.1ms
[2026-05-06T01:03:43.302+0100][19.589s][info][gc,phases      ] GC(520)   Other: 0.0ms
[2026-05-06T01:03:43.302+0100][19.589s][info][gc,heap        ] GC(520) Eden regions: 3->0(217)
[2026-05-06T01:03:43.302+0100][19.589s][info][gc,heap        ] GC(520) Survivor regions: 1->1(28)
[2026-05-06T01:03:43.302+0100][19.589s][info][gc,heap        ] GC(520) Old regions: 13->13
[2026-05-06T01:03:43.302+0100][19.589s][info][gc,heap        ] GC(520) Humongous regions: 169->96
[2026-05-06T01:03:43.302+0100][19.589s][info][gc,metaspace   ] GC(520) Metaspace: 19080K(19392K)->19080K(19392K) NonClass: 16843K(17024K)->16843K(17024K) Class: 2236K(2368K)->2236K(2368K)
[2026-05-06T01:03:43.302+0100][19.589s][info][gc             ] GC(520) Pause Young (Concurrent Start) (G1 Humongous Allocation) 354M->203M(728M) 0.534ms
[2026-05-06T01:03:43.302+0100][19.589s][info][gc,cpu         ] GC(520) User=0.00s Sys=0.00s Real=0.00s
[2026-05-06T01:03:43.302+0100][19.589s][info][gc             ] GC(521) Concurrent Undo Cycle
[2026-05-06T01:03:43.302+0100][19.589s][info][gc,marking     ] GC(521) Concurrent Clear Claimed Marks
[2026-05-06T01:03:43.302+0100][19.589s][info][gc,marking     ] GC(521) Concurrent Clear Claimed Marks 0.008ms
[2026-05-06T01:03:43.302+0100][19.589s][info][gc,marking     ] GC(521) Concurrent Cleanup for Next Mark
[2026-05-06T01:03:43.303+0100][19.589s][info][gc,marking     ] GC(521) Concurrent Cleanup for Next Mark 0.042ms
[2026-05-06T01:03:43.303+0100][19.589s][info][gc             ] GC(521) Concurrent Undo Cycle 0.077ms
[2026-05-06T01:03:43.382+0100][19.669s][info][gc,start       ] GC(522) Pause Young (Concurrent Start) (G1 Humongous Allocation)
[2026-05-06T01:03:43.382+0100][19.669s][info][gc,task        ] GC(522) Using 9 workers of 9 for evacuation
[2026-05-06T01:03:43.383+0100][19.669s][info][gc,phases      ] GC(522)   Pre Evacuate Collection Set: 0.1ms
[2026-05-06T01:03:43.383+0100][19.669s][info][gc,phases      ] GC(522)   Merge Heap Roots: 0.0ms
[2026-05-06T01:03:43.383+0100][19.669s][info][gc,phases      ] GC(522)   Evacuate Collection Set: 0.2ms
[2026-05-06T01:03:43.383+0100][19.669s][info][gc,phases      ] GC(522)   Post Evacuate Collection Set: 0.1ms
[2026-05-06T01:03:43.383+0100][19.669s][info][gc,phases      ] GC(522)   Other: 0.0ms
[2026-05-06T01:03:43.383+0100][19.669s][info][gc,heap        ] GC(522) Eden regions: 3->0(217)
[2026-05-06T01:03:43.383+0100][19.669s][info][gc,heap        ] GC(522) Survivor regions: 1->1(28)
[2026-05-06T01:03:43.383+0100][19.669s][info][gc,heap        ] GC(522) Old regions: 13->13
[2026-05-06T01:03:43.383+0100][19.669s][info][gc,heap        ] GC(522) Humongous regions: 169->96
[2026-05-06T01:03:43.383+0100][19.669s][info][gc,metaspace   ] GC(522) Metaspace: 19085K(19392K)->19085K(19392K) NonClass: 16848K(17024K)->16848K(17024K) Class: 2236K(2368K)->2236K(2368K)
[2026-05-06T01:03:43.383+0100][19.669s][info][gc             ] GC(522) Pause Young (Concurrent Start) (G1 Humongous Allocation) 354M->203M(728M) 0.540ms
[2026-05-06T01:03:43.383+0100][19.669s][info][gc,cpu         ] GC(522) User=0.00s Sys=0.00s Real=0.00s
[2026-05-06T01:03:43.383+0100][19.669s][info][gc             ] GC(523) Concurrent Undo Cycle
[2026-05-06T01:03:43.383+0100][19.669s][info][gc,marking     ] GC(523) Concurrent Clear Claimed Marks
[2026-05-06T01:03:43.383+0100][19.669s][info][gc,marking     ] GC(523) Concurrent Clear Claimed Marks 0.007ms
[2026-05-06T01:03:43.383+0100][19.669s][info][gc,marking     ] GC(523) Concurrent Cleanup for Next Mark
[2026-05-06T01:03:43.383+0100][19.669s][info][gc,marking     ] GC(523) Concurrent Cleanup for Next Mark 0.033ms
[2026-05-06T01:03:43.383+0100][19.669s][info][gc             ] GC(523) Concurrent Undo Cycle 0.067ms
[2026-05-06T01:03:43.462+0100][19.748s][info][gc,start       ] GC(524) Pause Young (Concurrent Start) (G1 Humongous Allocation)
[2026-05-06T01:03:43.462+0100][19.748s][info][gc,task        ] GC(524) Using 9 workers of 9 for evacuation
[2026-05-06T01:03:43.462+0100][19.748s][info][gc,phases      ] GC(524)   Pre Evacuate Collection Set: 0.1ms
[2026-05-06T01:03:43.462+0100][19.748s][info][gc,phases      ] GC(524)   Merge Heap Roots: 0.0ms
[2026-05-06T01:03:43.462+0100][19.748s][info][gc,phases      ] GC(524)   Evacuate Collection Set: 0.2ms
[2026-05-06T01:03:43.462+0100][19.748s][info][gc,phases      ] GC(524)   Post Evacuate Collection Set: 0.1ms
[2026-05-06T01:03:43.462+0100][19.748s][info][gc,phases      ] GC(524)   Other: 0.0ms
[2026-05-06T01:03:43.462+0100][19.748s][info][gc,heap        ] GC(524) Eden regions: 3->0(217)
[2026-05-06T01:03:43.462+0100][19.748s][info][gc,heap        ] GC(524) Survivor regions: 1->1(28)
[2026-05-06T01:03:43.462+0100][19.748s][info][gc,heap        ] GC(524) Old regions: 13->13
[2026-05-06T01:03:43.462+0100][19.748s][info][gc,heap        ] GC(524) Humongous regions: 169->96
[2026-05-06T01:03:43.462+0100][19.748s][info][gc,metaspace   ] GC(524) Metaspace: 19086K(19392K)->19086K(19392K) NonClass: 16850K(17024K)->16850K(17024K) Class: 2236K(2368K)->2236K(2368K)
[2026-05-06T01:03:43.462+0100][19.748s][info][gc             ] GC(524) Pause Young (Concurrent Start) (G1 Humongous Allocation) 354M->203M(728M) 0.513ms
[2026-05-06T01:03:43.462+0100][19.748s][info][gc,cpu         ] GC(524) User=0.00s Sys=0.00s Real=0.00s
[2026-05-06T01:03:43.462+0100][19.748s][info][gc             ] GC(525) Concurrent Undo Cycle
[2026-05-06T01:03:43.462+0100][19.749s][info][gc,marking     ] GC(525) Concurrent Clear Claimed Marks
[2026-05-06T01:03:43.462+0100][19.749s][info][gc,marking     ] GC(525) Concurrent Clear Claimed Marks 0.007ms
[2026-05-06T01:03:43.462+0100][19.749s][info][gc,marking     ] GC(525) Concurrent Cleanup for Next Mark
[2026-05-06T01:03:43.462+0100][19.749s][info][gc,marking     ] GC(525) Concurrent Cleanup for Next Mark 0.033ms
[2026-05-06T01:03:43.462+0100][19.749s][info][gc             ] GC(525) Concurrent Undo Cycle 0.067ms
[2026-05-06T01:03:43.541+0100][19.827s][info][gc,start       ] GC(526) Pause Young (Concurrent Start) (G1 Humongous Allocation)
[2026-05-06T01:03:43.541+0100][19.827s][info][gc,task        ] GC(526) Using 9 workers of 9 for evacuation
[2026-05-06T01:03:43.542+0100][19.828s][info][gc,phases      ] GC(526)   Pre Evacuate Collection Set: 0.1ms
[2026-05-06T01:03:43.542+0100][19.828s][info][gc,phases      ] GC(526)   Merge Heap Roots: 0.0ms
[2026-05-06T01:03:43.542+0100][19.828s][info][gc,phases      ] GC(526)   Evacuate Collection Set: 0.1ms
[2026-05-06T01:03:43.542+0100][19.828s][info][gc,phases      ] GC(526)   Post Evacuate Collection Set: 0.1ms
[2026-05-06T01:03:43.542+0100][19.828s][info][gc,phases      ] GC(526)   Other: 0.0ms
[2026-05-06T01:03:43.542+0100][19.828s][info][gc,heap        ] GC(526) Eden regions: 3->0(217)
[2026-05-06T01:03:43.542+0100][19.828s][info][gc,heap        ] GC(526) Survivor regions: 1->1(28)
[2026-05-06T01:03:43.542+0100][19.828s][info][gc,heap        ] GC(526) Old regions: 13->13
[2026-05-06T01:03:43.542+0100][19.828s][info][gc,heap        ] GC(526) Humongous regions: 169->96
[2026-05-06T01:03:43.542+0100][19.828s][info][gc,metaspace   ] GC(526) Metaspace: 19086K(19392K)->19086K(19392K) NonClass: 16850K(17024K)->16850K(17024K) Class: 2236K(2368K)->2236K(2368K)
[2026-05-06T01:03:43.542+0100][19.828s][info][gc             ] GC(526) Pause Young (Concurrent Start) (G1 Humongous Allocation) 354M->203M(728M) 0.537ms
[2026-05-06T01:03:43.542+0100][19.828s][info][gc,cpu         ] GC(526) User=0.00s Sys=0.00s Real=0.00s
[2026-05-06T01:03:43.542+0100][19.828s][info][gc             ] GC(527) Concurrent Undo Cycle
[2026-05-06T01:03:43.542+0100][19.828s][info][gc,marking     ] GC(527) Concurrent Clear Claimed Marks
[2026-05-06T01:03:43.542+0100][19.828s][info][gc,marking     ] GC(527) Concurrent Clear Claimed Marks 0.007ms
[2026-05-06T01:03:43.542+0100][19.828s][info][gc,marking     ] GC(527) Concurrent Cleanup for Next Mark
[2026-05-06T01:03:43.542+0100][19.828s][info][gc,marking     ] GC(527) Concurrent Cleanup for Next Mark 0.030ms
[2026-05-06T01:03:43.542+0100][19.828s][info][gc             ] GC(527) Concurrent Undo Cycle 0.062ms
[2026-05-06T01:03:43.621+0100][19.907s][info][gc,start       ] GC(528) Pause Young (Concurrent Start) (G1 Humongous Allocation)
[2026-05-06T01:03:43.621+0100][19.907s][info][gc,task        ] GC(528) Using 9 workers of 9 for evacuation
[2026-05-06T01:03:43.621+0100][19.907s][info][gc,phases      ] GC(528)   Pre Evacuate Collection Set: 0.1ms
[2026-05-06T01:03:43.621+0100][19.907s][info][gc,phases      ] GC(528)   Merge Heap Roots: 0.0ms
[2026-05-06T01:03:43.621+0100][19.907s][info][gc,phases      ] GC(528)   Evacuate Collection Set: 0.2ms
[2026-05-06T01:03:43.621+0100][19.907s][info][gc,phases      ] GC(528)   Post Evacuate Collection Set: 0.1ms
[2026-05-06T01:03:43.621+0100][19.907s][info][gc,phases      ] GC(528)   Other: 0.0ms
[2026-05-06T01:03:43.621+0100][19.907s][info][gc,heap        ] GC(528) Eden regions: 3->0(217)
[2026-05-06T01:03:43.621+0100][19.907s][info][gc,heap        ] GC(528) Survivor regions: 1->1(28)
[2026-05-06T01:03:43.621+0100][19.907s][info][gc,heap        ] GC(528) Old regions: 13->13
[2026-05-06T01:03:43.621+0100][19.907s][info][gc,heap        ] GC(528) Humongous regions: 169->96
[2026-05-06T01:03:43.621+0100][19.907s][info][gc,metaspace   ] GC(528) Metaspace: 19086K(19392K)->19086K(19392K) NonClass: 16850K(17024K)->16850K(17024K) Class: 2236K(2368K)->2236K(2368K)
[2026-05-06T01:03:43.621+0100][19.907s][info][gc             ] GC(528) Pause Young (Concurrent Start) (G1 Humongous Allocation) 354M->203M(728M) 0.533ms
[2026-05-06T01:03:43.621+0100][19.907s][info][gc,cpu         ] GC(528) User=0.00s Sys=0.00s Real=0.00s
[2026-05-06T01:03:43.621+0100][19.907s][info][gc             ] GC(529) Concurrent Undo Cycle
[2026-05-06T01:03:43.621+0100][19.907s][info][gc,marking     ] GC(529) Concurrent Clear Claimed Marks
[2026-05-06T01:03:43.621+0100][19.907s][info][gc,marking     ] GC(529) Concurrent Clear Claimed Marks 0.009ms
[2026-05-06T01:03:43.621+0100][19.907s][info][gc,marking     ] GC(529) Concurrent Cleanup for Next Mark
[2026-05-06T01:03:43.621+0100][19.907s][info][gc,marking     ] GC(529) Concurrent Cleanup for Next Mark 0.029ms
[2026-05-06T01:03:43.621+0100][19.907s][info][gc             ] GC(529) Concurrent Undo Cycle 0.073ms
[2026-05-06T01:03:43.700+0100][19.986s][info][gc,start       ] GC(530) Pause Young (Concurrent Start) (G1 Humongous Allocation)
[2026-05-06T01:03:43.700+0100][19.986s][info][gc,task        ] GC(530) Using 9 workers of 9 for evacuation
[2026-05-06T01:03:43.701+0100][19.987s][info][gc,phases      ] GC(530)   Pre Evacuate Collection Set: 0.1ms
[2026-05-06T01:03:43.701+0100][19.987s][info][gc,phases      ] GC(530)   Merge Heap Roots: 0.0ms
[2026-05-06T01:03:43.701+0100][19.987s][info][gc,phases      ] GC(530)   Evacuate Collection Set: 0.2ms
[2026-05-06T01:03:43.701+0100][19.987s][info][gc,phases      ] GC(530)   Post Evacuate Collection Set: 0.1ms
[2026-05-06T01:03:43.701+0100][19.987s][info][gc,phases      ] GC(530)   Other: 0.0ms
[2026-05-06T01:03:43.701+0100][19.987s][info][gc,heap        ] GC(530) Eden regions: 3->0(217)
[2026-05-06T01:03:43.701+0100][19.987s][info][gc,heap        ] GC(530) Survivor regions: 1->1(28)
[2026-05-06T01:03:43.701+0100][19.987s][info][gc,heap        ] GC(530) Old regions: 13->13
[2026-05-06T01:03:43.701+0100][19.987s][info][gc,heap        ] GC(530) Humongous regions: 169->96
[2026-05-06T01:03:43.701+0100][19.987s][info][gc,metaspace   ] GC(530) Metaspace: 19086K(19392K)->19086K(19392K) NonClass: 16850K(17024K)->16850K(17024K) Class: 2236K(2368K)->2236K(2368K)
[2026-05-06T01:03:43.701+0100][19.987s][info][gc             ] GC(530) Pause Young (Concurrent Start) (G1 Humongous Allocation) 354M->203M(728M) 0.516ms
[2026-05-06T01:03:43.701+0100][19.987s][info][gc,cpu         ] GC(530) User=0.00s Sys=0.00s Real=0.00s
[2026-05-06T01:03:43.701+0100][19.987s][info][gc             ] GC(531) Concurrent Undo Cycle
[2026-05-06T01:03:43.701+0100][19.987s][info][gc,marking     ] GC(531) Concurrent Clear Claimed Marks
[2026-05-06T01:03:43.701+0100][19.987s][info][gc,marking     ] GC(531) Concurrent Clear Claimed Marks 0.007ms
[2026-05-06T01:03:43.701+0100][19.987s][info][gc,marking     ] GC(531) Concurrent Cleanup for Next Mark
[2026-05-06T01:03:43.701+0100][19.987s][info][gc,marking     ] GC(531) Concurrent Cleanup for Next Mark 0.037ms
[2026-05-06T01:03:43.701+0100][19.987s][info][gc             ] GC(531) Concurrent Undo Cycle 0.074ms
[2026-05-06T01:03:43.765+0100][20.051s][info][gc,start       ] GC(532) Pause Young (Concurrent Start) (G1 Humongous Allocation)
[2026-05-06T01:03:43.765+0100][20.051s][info][gc,task        ] GC(532) Using 9 workers of 9 for evacuation
[2026-05-06T01:03:43.765+0100][20.052s][info][gc,phases      ] GC(532)   Pre Evacuate Collection Set: 0.1ms
[2026-05-06T01:03:43.765+0100][20.052s][info][gc,phases      ] GC(532)   Merge Heap Roots: 0.0ms
[2026-05-06T01:03:43.765+0100][20.052s][info][gc,phases      ] GC(532)   Evacuate Collection Set: 0.2ms
[2026-05-06T01:03:43.765+0100][20.052s][info][gc,phases      ] GC(532)   Post Evacuate Collection Set: 0.1ms
[2026-05-06T01:03:43.766+0100][20.052s][info][gc,phases      ] GC(532)   Other: 0.0ms
[2026-05-06T01:03:43.766+0100][20.052s][info][gc,heap        ] GC(532) Eden regions: 2->0(217)
[2026-05-06T01:03:43.766+0100][20.052s][info][gc,heap        ] GC(532) Survivor regions: 1->1(28)
[2026-05-06T01:03:43.766+0100][20.052s][info][gc,heap        ] GC(532) Old regions: 13->13
[2026-05-06T01:03:43.766+0100][20.052s][info][gc,heap        ] GC(532) Humongous regions: 169->96
[2026-05-06T01:03:43.766+0100][20.052s][info][gc,metaspace   ] GC(532) Metaspace: 19086K(19392K)->19086K(19392K) NonClass: 16850K(17024K)->16850K(17024K) Class: 2236K(2368K)->2236K(2368K)
[2026-05-06T01:03:43.766+0100][20.052s][info][gc             ] GC(532) Pause Young (Concurrent Start) (G1 Humongous Allocation) 352M->203M(728M) 0.542ms
[2026-05-06T01:03:43.766+0100][20.052s][info][gc,cpu         ] GC(532) User=0.00s Sys=0.00s Real=0.00s
[2026-05-06T01:03:43.766+0100][20.052s][info][gc             ] GC(533) Concurrent Undo Cycle
[2026-05-06T01:03:43.766+0100][20.052s][info][gc,marking     ] GC(533) Concurrent Clear Claimed Marks
[2026-05-06T01:03:43.766+0100][20.052s][info][gc,marking     ] GC(533) Concurrent Clear Claimed Marks 0.007ms
[2026-05-06T01:03:43.766+0100][20.052s][info][gc,marking     ] GC(533) Concurrent Cleanup for Next Mark
[2026-05-06T01:03:43.766+0100][20.052s][info][gc,marking     ] GC(533) Concurrent Cleanup for Next Mark 0.039ms
[2026-05-06T01:03:43.766+0100][20.052s][info][gc             ] GC(533) Concurrent Undo Cycle 0.071ms
[2026-05-06T01:03:43.808+0100][20.094s][info][gc,start       ] GC(534) Pause Young (Concurrent Start) (G1 Humongous Allocation)
[2026-05-06T01:03:43.808+0100][20.094s][info][gc,task        ] GC(534) Using 9 workers of 9 for evacuation
[2026-05-06T01:03:43.809+0100][20.095s][info][gc,phases      ] GC(534)   Pre Evacuate Collection Set: 0.1ms
[2026-05-06T01:03:43.809+0100][20.095s][info][gc,phases      ] GC(534)   Merge Heap Roots: 0.0ms
[2026-05-06T01:03:43.809+0100][20.095s][info][gc,phases      ] GC(534)   Evacuate Collection Set: 0.2ms
[2026-05-06T01:03:43.809+0100][20.095s][info][gc,phases      ] GC(534)   Post Evacuate Collection Set: 0.1ms
[2026-05-06T01:03:43.809+0100][20.095s][info][gc,phases      ] GC(534)   Other: 0.0ms
[2026-05-06T01:03:43.809+0100][20.095s][info][gc,heap        ] GC(534) Eden regions: 1->0(217)
[2026-05-06T01:03:43.809+0100][20.095s][info][gc,heap        ] GC(534) Survivor regions: 1->1(28)
[2026-05-06T01:03:43.809+0100][20.095s][info][gc,heap        ] GC(534) Old regions: 13->13
[2026-05-06T01:03:43.809+0100][20.095s][info][gc,heap        ] GC(534) Humongous regions: 169->96
[2026-05-06T01:03:43.809+0100][20.095s][info][gc,metaspace   ] GC(534) Metaspace: 19086K(19392K)->19086K(19392K) NonClass: 16850K(17024K)->16850K(17024K) Class: 2236K(2368K)->2236K(2368K)
[2026-05-06T01:03:43.809+0100][20.095s][info][gc             ] GC(534) Pause Young (Concurrent Start) (G1 Humongous Allocation) 350M->203M(728M) 0.577ms
[2026-05-06T01:03:43.809+0100][20.095s][info][gc,cpu         ] GC(534) User=0.01s Sys=0.00s Real=0.00s
[2026-05-06T01:03:43.809+0100][20.095s][info][gc             ] GC(535) Concurrent Undo Cycle
[2026-05-06T01:03:43.809+0100][20.095s][info][gc,marking     ] GC(535) Concurrent Clear Claimed Marks
[2026-05-06T01:03:43.809+0100][20.095s][info][gc,marking     ] GC(535) Concurrent Clear Claimed Marks 0.007ms
[2026-05-06T01:03:43.809+0100][20.095s][info][gc,marking     ] GC(535) Concurrent Cleanup for Next Mark
[2026-05-06T01:03:43.809+0100][20.095s][info][gc,marking     ] GC(535) Concurrent Cleanup for Next Mark 0.038ms
[2026-05-06T01:03:43.809+0100][20.095s][info][gc             ] GC(535) Concurrent Undo Cycle 0.074ms
[2026-05-06T01:03:43.851+0100][20.137s][info][gc,start       ] GC(536) Pause Young (Concurrent Start) (G1 Humongous Allocation)
[2026-05-06T01:03:43.851+0100][20.137s][info][gc,task        ] GC(536) Using 9 workers of 9 for evacuation
[2026-05-06T01:03:43.851+0100][20.137s][info][gc,phases      ] GC(536)   Pre Evacuate Collection Set: 0.1ms
[2026-05-06T01:03:43.851+0100][20.137s][info][gc,phases      ] GC(536)   Merge Heap Roots: 0.0ms
[2026-05-06T01:03:43.851+0100][20.137s][info][gc,phases      ] GC(536)   Evacuate Collection Set: 0.2ms
[2026-05-06T01:03:43.851+0100][20.137s][info][gc,phases      ] GC(536)   Post Evacuate Collection Set: 0.1ms
[2026-05-06T01:03:43.851+0100][20.137s][info][gc,phases      ] GC(536)   Other: 0.0ms
[2026-05-06T01:03:43.851+0100][20.137s][info][gc,heap        ] GC(536) Eden regions: 1->0(217)
[2026-05-06T01:03:43.851+0100][20.137s][info][gc,heap        ] GC(536) Survivor regions: 1->1(28)
[2026-05-06T01:03:43.851+0100][20.137s][info][gc,heap        ] GC(536) Old regions: 13->13
[2026-05-06T01:03:43.851+0100][20.137s][info][gc,heap        ] GC(536) Humongous regions: 169->96
[2026-05-06T01:03:43.851+0100][20.137s][info][gc,metaspace   ] GC(536) Metaspace: 19086K(19392K)->19086K(19392K) NonClass: 16850K(17024K)->16850K(17024K) Class: 2236K(2368K)->2236K(2368K)
[2026-05-06T01:03:43.851+0100][20.137s][info][gc             ] GC(536) Pause Young (Concurrent Start) (G1 Humongous Allocation) 350M->203M(728M) 0.572ms
[2026-05-06T01:03:43.851+0100][20.137s][info][gc,cpu         ] GC(536) User=0.00s Sys=0.00s Real=0.00s
[2026-05-06T01:03:43.851+0100][20.137s][info][gc             ] GC(537) Concurrent Undo Cycle
[2026-05-06T01:03:43.851+0100][20.137s][info][gc,marking     ] GC(537) Concurrent Clear Claimed Marks
[2026-05-06T01:03:43.851+0100][20.137s][info][gc,marking     ] GC(537) Concurrent Clear Claimed Marks 0.007ms
[2026-05-06T01:03:43.851+0100][20.137s][info][gc,marking     ] GC(537) Concurrent Cleanup for Next Mark
[2026-05-06T01:03:43.851+0100][20.137s][info][gc,marking     ] GC(537) Concurrent Cleanup for Next Mark 0.041ms
[2026-05-06T01:03:43.851+0100][20.137s][info][gc             ] GC(537) Concurrent Undo Cycle 0.076ms
[2026-05-06T01:03:43.876+0100][20.162s][info][gc,start       ] GC(538) Pause Full (System.gc())
[2026-05-06T01:03:43.876+0100][20.162s][info][gc,task        ] GC(538) Using 9 workers of 9 for full compaction
[2026-05-06T01:03:43.876+0100][20.162s][info][gc,phases,start] GC(538) Phase 1: Mark live objects
[2026-05-06T01:03:43.879+0100][20.166s][info][gc,phases      ] GC(538) Phase 1: Mark live objects 3.542ms
[2026-05-06T01:03:43.879+0100][20.166s][info][gc,phases,start] GC(538) Phase 2: Prepare compaction
[2026-05-06T01:03:43.880+0100][20.166s][info][gc,phases      ] GC(538) Phase 2: Prepare compaction 0.249ms
[2026-05-06T01:03:43.880+0100][20.166s][info][gc,phases,start] GC(538) Phase 3: Adjust pointers
[2026-05-06T01:03:43.881+0100][20.168s][info][gc,phases      ] GC(538) Phase 3: Adjust pointers 1.636ms
[2026-05-06T01:03:43.881+0100][20.168s][info][gc,phases,start] GC(538) Phase 4: Compact heap
[2026-05-06T01:03:43.882+0100][20.168s][info][gc,phases      ] GC(538) Phase 4: Compact heap 0.207ms
[2026-05-06T01:03:43.882+0100][20.168s][info][gc,phases,start] GC(538) Phase 5: Reset Metadata
[2026-05-06T01:03:43.882+0100][20.168s][info][gc,phases      ] GC(538) Phase 5: Reset Metadata 0.344ms
[2026-05-06T01:03:43.882+0100][20.169s][info][gc,heap        ] GC(538) Eden regions: 1->0(218)
[2026-05-06T01:03:43.882+0100][20.169s][info][gc,heap        ] GC(538) Survivor regions: 1->0(28)
[2026-05-06T01:03:43.882+0100][20.169s][info][gc,heap        ] GC(538) Old regions: 13->13
[2026-05-06T01:03:43.882+0100][20.169s][info][gc,heap        ] GC(538) Humongous regions: 169->96
[2026-05-06T01:03:43.882+0100][20.169s][info][gc,metaspace   ] GC(538) Metaspace: 19086K(19392K)->19086K(19392K) NonClass: 16850K(17024K)->16850K(17024K) Class: 2236K(2368K)->2236K(2368K)
[2026-05-06T01:03:43.882+0100][20.169s][info][gc             ] GC(538) Pause Full (System.gc()) 350M->203M(728M) 6.627ms
[2026-05-06T01:03:43.883+0100][20.169s][info][gc,cpu         ] GC(538) User=0.02s Sys=0.01s Real=0.01s
[2026-05-06T01:03:43.899+0100][20.186s][info][gc,start       ] GC(539) Pause Young (Concurrent Start) (G1 Humongous Allocation)
[2026-05-06T01:03:43.899+0100][20.186s][info][gc,task        ] GC(539) Using 9 workers of 9 for evacuation
[2026-05-06T01:03:43.900+0100][20.186s][info][gc,phases      ] GC(539)   Pre Evacuate Collection Set: 0.1ms
[2026-05-06T01:03:43.900+0100][20.186s][info][gc,phases      ] GC(539)   Merge Heap Roots: 0.0ms
[2026-05-06T01:03:43.900+0100][20.186s][info][gc,phases      ] GC(539)   Evacuate Collection Set: 0.1ms
[2026-05-06T01:03:43.900+0100][20.186s][info][gc,phases      ] GC(539)   Post Evacuate Collection Set: 0.1ms
[2026-05-06T01:03:43.900+0100][20.186s][info][gc,phases      ] GC(539)   Other: 0.0ms
[2026-05-06T01:03:43.900+0100][20.186s][info][gc,heap        ] GC(539) Eden regions: 1->0(217)
[2026-05-06T01:03:43.900+0100][20.186s][info][gc,heap        ] GC(539) Survivor regions: 0->1(28)
[2026-05-06T01:03:43.900+0100][20.186s][info][gc,heap        ] GC(539) Old regions: 13->13
[2026-05-06T01:03:43.900+0100][20.186s][info][gc,heap        ] GC(539) Humongous regions: 96->96
[2026-05-06T01:03:43.900+0100][20.186s][info][gc,metaspace   ] GC(539) Metaspace: 19086K(19392K)->19086K(19392K) NonClass: 16850K(17024K)->16850K(17024K) Class: 2236K(2368K)->2236K(2368K)
[2026-05-06T01:03:43.900+0100][20.186s][info][gc             ] GC(539) Pause Young (Concurrent Start) (G1 Humongous Allocation) 204M->203M(728M) 0.472ms
[2026-05-06T01:03:43.900+0100][20.186s][info][gc,cpu         ] GC(539) User=0.00s Sys=0.00s Real=0.01s
[2026-05-06T01:03:43.900+0100][20.186s][info][gc             ] GC(540) Concurrent Undo Cycle
[2026-05-06T01:03:43.900+0100][20.186s][info][gc,marking     ] GC(540) Concurrent Clear Claimed Marks
[2026-05-06T01:03:43.900+0100][20.186s][info][gc,marking     ] GC(540) Concurrent Clear Claimed Marks 0.007ms
[2026-05-06T01:03:43.900+0100][20.186s][info][gc,marking     ] GC(540) Concurrent Cleanup for Next Mark
[2026-05-06T01:03:43.900+0100][20.186s][info][gc,marking     ] GC(540) Concurrent Cleanup for Next Mark 0.030ms
[2026-05-06T01:03:43.900+0100][20.186s][info][gc             ] GC(540) Concurrent Undo Cycle 0.062ms
[2026-05-06T01:03:43.941+0100][20.227s][info][gc,start       ] GC(541) Pause Young (Concurrent Start) (G1 Humongous Allocation)
[2026-05-06T01:03:43.941+0100][20.227s][info][gc,task        ] GC(541) Using 9 workers of 9 for evacuation
[2026-05-06T01:03:43.941+0100][20.228s][info][gc,phases      ] GC(541)   Pre Evacuate Collection Set: 0.1ms
[2026-05-06T01:03:43.941+0100][20.228s][info][gc,phases      ] GC(541)   Merge Heap Roots: 0.0ms
[2026-05-06T01:03:43.941+0100][20.228s][info][gc,phases      ] GC(541)   Evacuate Collection Set: 0.1ms
[2026-05-06T01:03:43.941+0100][20.228s][info][gc,phases      ] GC(541)   Post Evacuate Collection Set: 0.1ms
[2026-05-06T01:03:43.941+0100][20.228s][info][gc,phases      ] GC(541)   Other: 0.0ms
[2026-05-06T01:03:43.941+0100][20.228s][info][gc,heap        ] GC(541) Eden regions: 1->0(217)
[2026-05-06T01:03:43.941+0100][20.228s][info][gc,heap        ] GC(541) Survivor regions: 1->1(28)
[2026-05-06T01:03:43.941+0100][20.228s][info][gc,heap        ] GC(541) Old regions: 13->13
[2026-05-06T01:03:43.941+0100][20.228s][info][gc,heap        ] GC(541) Humongous regions: 169->96
[2026-05-06T01:03:43.941+0100][20.228s][info][gc,metaspace   ] GC(541) Metaspace: 19086K(19392K)->19086K(19392K) NonClass: 16850K(17024K)->16850K(17024K) Class: 2236K(2368K)->2236K(2368K)
[2026-05-06T01:03:43.941+0100][20.228s][info][gc             ] GC(541) Pause Young (Concurrent Start) (G1 Humongous Allocation) 350M->203M(728M) 0.470ms
[2026-05-06T01:03:43.941+0100][20.228s][info][gc,cpu         ] GC(541) User=0.00s Sys=0.01s Real=0.00s
[2026-05-06T01:03:43.941+0100][20.228s][info][gc             ] GC(542) Concurrent Undo Cycle
[2026-05-06T01:03:43.941+0100][20.228s][info][gc,marking     ] GC(542) Concurrent Clear Claimed Marks
[2026-05-06T01:03:43.941+0100][20.228s][info][gc,marking     ] GC(542) Concurrent Clear Claimed Marks 0.007ms
[2026-05-06T01:03:43.941+0100][20.228s][info][gc,marking     ] GC(542) Concurrent Cleanup for Next Mark
[2026-05-06T01:03:43.942+0100][20.228s][info][gc,marking     ] GC(542) Concurrent Cleanup for Next Mark 0.036ms
[2026-05-06T01:03:43.942+0100][20.228s][info][gc             ] GC(542) Concurrent Undo Cycle 0.065ms
[2026-05-06T01:03:43.983+0100][20.269s][info][gc,start       ] GC(543) Pause Young (Concurrent Start) (G1 Humongous Allocation)
[2026-05-06T01:03:43.983+0100][20.269s][info][gc,task        ] GC(543) Using 9 workers of 9 for evacuation
[2026-05-06T01:03:43.983+0100][20.270s][info][gc,phases      ] GC(543)   Pre Evacuate Collection Set: 0.1ms
[2026-05-06T01:03:43.983+0100][20.270s][info][gc,phases      ] GC(543)   Merge Heap Roots: 0.0ms
[2026-05-06T01:03:43.983+0100][20.270s][info][gc,phases      ] GC(543)   Evacuate Collection Set: 0.1ms
[2026-05-06T01:03:43.983+0100][20.270s][info][gc,phases      ] GC(543)   Post Evacuate Collection Set: 0.1ms
[2026-05-06T01:03:43.983+0100][20.270s][info][gc,phases      ] GC(543)   Other: 0.0ms
[2026-05-06T01:03:43.983+0100][20.270s][info][gc,heap        ] GC(543) Eden regions: 1->0(217)
[2026-05-06T01:03:43.983+0100][20.270s][info][gc,heap        ] GC(543) Survivor regions: 1->1(28)
[2026-05-06T01:03:43.983+0100][20.270s][info][gc,heap        ] GC(543) Old regions: 13->13
[2026-05-06T01:03:43.983+0100][20.270s][info][gc,heap        ] GC(543) Humongous regions: 169->96
[2026-05-06T01:03:43.983+0100][20.270s][info][gc,metaspace   ] GC(543) Metaspace: 19086K(19392K)->19086K(19392K) NonClass: 16850K(17024K)->16850K(17024K) Class: 2236K(2368K)->2236K(2368K)
[2026-05-06T01:03:43.983+0100][20.270s][info][gc             ] GC(543) Pause Young (Concurrent Start) (G1 Humongous Allocation) 350M->203M(728M) 0.472ms
[2026-05-06T01:03:43.983+0100][20.270s][info][gc,cpu         ] GC(543) User=0.00s Sys=0.00s Real=0.00s
[2026-05-06T01:03:43.983+0100][20.270s][info][gc             ] GC(544) Concurrent Undo Cycle
[2026-05-06T01:03:43.983+0100][20.270s][info][gc,marking     ] GC(544) Concurrent Clear Claimed Marks
[2026-05-06T01:03:43.983+0100][20.270s][info][gc,marking     ] GC(544) Concurrent Clear Claimed Marks 0.006ms
[2026-05-06T01:03:43.983+0100][20.270s][info][gc,marking     ] GC(544) Concurrent Cleanup for Next Mark
[2026-05-06T01:03:43.983+0100][20.270s][info][gc,marking     ] GC(544) Concurrent Cleanup for Next Mark 0.029ms
[2026-05-06T01:03:43.983+0100][20.270s][info][gc             ] GC(544) Concurrent Undo Cycle 0.060ms
[2026-05-06T01:03:44.025+0100][20.311s][info][gc,start       ] GC(545) Pause Young (Concurrent Start) (G1 Humongous Allocation)
[2026-05-06T01:03:44.025+0100][20.311s][info][gc,task        ] GC(545) Using 9 workers of 9 for evacuation
[2026-05-06T01:03:44.025+0100][20.311s][info][gc,phases      ] GC(545)   Pre Evacuate Collection Set: 0.1ms
[2026-05-06T01:03:44.025+0100][20.311s][info][gc,phases      ] GC(545)   Merge Heap Roots: 0.0ms
[2026-05-06T01:03:44.025+0100][20.311s][info][gc,phases      ] GC(545)   Evacuate Collection Set: 0.1ms
[2026-05-06T01:03:44.025+0100][20.311s][info][gc,phases      ] GC(545)   Post Evacuate Collection Set: 0.1ms
[2026-05-06T01:03:44.025+0100][20.311s][info][gc,phases      ] GC(545)   Other: 0.0ms
[2026-05-06T01:03:44.025+0100][20.311s][info][gc,heap        ] GC(545) Eden regions: 1->0(217)
[2026-05-06T01:03:44.025+0100][20.311s][info][gc,heap        ] GC(545) Survivor regions: 1->1(28)
[2026-05-06T01:03:44.025+0100][20.311s][info][gc,heap        ] GC(545) Old regions: 13->13
[2026-05-06T01:03:44.025+0100][20.311s][info][gc,heap        ] GC(545) Humongous regions: 169->96
[2026-05-06T01:03:44.025+0100][20.311s][info][gc,metaspace   ] GC(545) Metaspace: 19086K(19392K)->19086K(19392K) NonClass: 16850K(17024K)->16850K(17024K) Class: 2236K(2368K)->2236K(2368K)
[2026-05-06T01:03:44.025+0100][20.311s][info][gc             ] GC(545) Pause Young (Concurrent Start) (G1 Humongous Allocation) 350M->203M(728M) 0.451ms
[2026-05-06T01:03:44.025+0100][20.311s][info][gc,cpu         ] GC(545) User=0.00s Sys=0.00s Real=0.00s
[2026-05-06T01:03:44.025+0100][20.311s][info][gc             ] GC(546) Concurrent Undo Cycle
[2026-05-06T01:03:44.025+0100][20.311s][info][gc,marking     ] GC(546) Concurrent Clear Claimed Marks
[2026-05-06T01:03:44.025+0100][20.311s][info][gc,marking     ] GC(546) Concurrent Clear Claimed Marks 0.007ms
[2026-05-06T01:03:44.025+0100][20.311s][info][gc,marking     ] GC(546) Concurrent Cleanup for Next Mark
[2026-05-06T01:03:44.025+0100][20.311s][info][gc,marking     ] GC(546) Concurrent Cleanup for Next Mark 0.033ms
[2026-05-06T01:03:44.025+0100][20.311s][info][gc             ] GC(546) Concurrent Undo Cycle 0.065ms
[2026-05-06T01:03:44.066+0100][20.353s][info][gc,start       ] GC(547) Pause Young (Concurrent Start) (G1 Humongous Allocation)
[2026-05-06T01:03:44.066+0100][20.353s][info][gc,task        ] GC(547) Using 9 workers of 9 for evacuation
[2026-05-06T01:03:44.067+0100][20.353s][info][gc,phases      ] GC(547)   Pre Evacuate Collection Set: 0.1ms
[2026-05-06T01:03:44.067+0100][20.353s][info][gc,phases      ] GC(547)   Merge Heap Roots: 0.0ms
[2026-05-06T01:03:44.067+0100][20.353s][info][gc,phases      ] GC(547)   Evacuate Collection Set: 0.1ms
[2026-05-06T01:03:44.067+0100][20.353s][info][gc,phases      ] GC(547)   Post Evacuate Collection Set: 0.1ms
[2026-05-06T01:03:44.067+0100][20.353s][info][gc,phases      ] GC(547)   Other: 0.0ms
[2026-05-06T01:03:44.067+0100][20.353s][info][gc,heap        ] GC(547) Eden regions: 1->0(217)
[2026-05-06T01:03:44.067+0100][20.353s][info][gc,heap        ] GC(547) Survivor regions: 1->1(28)
[2026-05-06T01:03:44.067+0100][20.353s][info][gc,heap        ] GC(547) Old regions: 13->13
[2026-05-06T01:03:44.067+0100][20.353s][info][gc,heap        ] GC(547) Humongous regions: 169->96
[2026-05-06T01:03:44.067+0100][20.353s][info][gc,metaspace   ] GC(547) Metaspace: 19086K(19392K)->19086K(19392K) NonClass: 16850K(17024K)->16850K(17024K) Class: 2236K(2368K)->2236K(2368K)
[2026-05-06T01:03:44.067+0100][20.353s][info][gc             ] GC(547) Pause Young (Concurrent Start) (G1 Humongous Allocation) 350M->203M(728M) 0.458ms
[2026-05-06T01:03:44.067+0100][20.353s][info][gc,cpu         ] GC(547) User=0.00s Sys=0.00s Real=0.00s
[2026-05-06T01:03:44.067+0100][20.353s][info][gc             ] GC(548) Concurrent Undo Cycle
[2026-05-06T01:03:44.067+0100][20.353s][info][gc,marking     ] GC(548) Concurrent Clear Claimed Marks
[2026-05-06T01:03:44.067+0100][20.353s][info][gc,marking     ] GC(548) Concurrent Clear Claimed Marks 0.007ms
[2026-05-06T01:03:44.067+0100][20.353s][info][gc,marking     ] GC(548) Concurrent Cleanup for Next Mark
[2026-05-06T01:03:44.067+0100][20.353s][info][gc,marking     ] GC(548) Concurrent Cleanup for Next Mark 0.039ms
[2026-05-06T01:03:44.067+0100][20.353s][info][gc             ] GC(548) Concurrent Undo Cycle 0.070ms
[2026-05-06T01:03:44.108+0100][20.395s][info][gc,start       ] GC(549) Pause Young (Concurrent Start) (G1 Humongous Allocation)
[2026-05-06T01:03:44.108+0100][20.395s][info][gc,task        ] GC(549) Using 9 workers of 9 for evacuation
[2026-05-06T01:03:44.109+0100][20.395s][info][gc,phases      ] GC(549)   Pre Evacuate Collection Set: 0.1ms
[2026-05-06T01:03:44.109+0100][20.395s][info][gc,phases      ] GC(549)   Merge Heap Roots: 0.0ms
[2026-05-06T01:03:44.109+0100][20.395s][info][gc,phases      ] GC(549)   Evacuate Collection Set: 0.1ms
[2026-05-06T01:03:44.109+0100][20.395s][info][gc,phases      ] GC(549)   Post Evacuate Collection Set: 0.1ms
[2026-05-06T01:03:44.109+0100][20.395s][info][gc,phases      ] GC(549)   Other: 0.0ms
[2026-05-06T01:03:44.109+0100][20.395s][info][gc,heap        ] GC(549) Eden regions: 1->0(217)
[2026-05-06T01:03:44.109+0100][20.395s][info][gc,heap        ] GC(549) Survivor regions: 1->1(28)
[2026-05-06T01:03:44.109+0100][20.395s][info][gc,heap        ] GC(549) Old regions: 13->13
[2026-05-06T01:03:44.109+0100][20.395s][info][gc,heap        ] GC(549) Humongous regions: 169->96
[2026-05-06T01:03:44.109+0100][20.395s][info][gc,metaspace   ] GC(549) Metaspace: 19086K(19392K)->19086K(19392K) NonClass: 16850K(17024K)->16850K(17024K) Class: 2236K(2368K)->2236K(2368K)
[2026-05-06T01:03:44.109+0100][20.395s][info][gc             ] GC(549) Pause Young (Concurrent Start) (G1 Humongous Allocation) 350M->203M(728M) 0.496ms
[2026-05-06T01:03:44.109+0100][20.395s][info][gc,cpu         ] GC(549) User=0.00s Sys=0.00s Real=0.00s
[2026-05-06T01:03:44.109+0100][20.395s][info][gc             ] GC(550) Concurrent Undo Cycle
[2026-05-06T01:03:44.109+0100][20.395s][info][gc,marking     ] GC(550) Concurrent Clear Claimed Marks
[2026-05-06T01:03:44.109+0100][20.395s][info][gc,marking     ] GC(550) Concurrent Clear Claimed Marks 0.006ms
[2026-05-06T01:03:44.109+0100][20.395s][info][gc,marking     ] GC(550) Concurrent Cleanup for Next Mark
[2026-05-06T01:03:44.109+0100][20.395s][info][gc,marking     ] GC(550) Concurrent Cleanup for Next Mark 0.037ms
[2026-05-06T01:03:44.109+0100][20.395s][info][gc             ] GC(550) Concurrent Undo Cycle 0.069ms
[2026-05-06T01:03:44.150+0100][20.437s][info][gc,start       ] GC(551) Pause Young (Concurrent Start) (G1 Humongous Allocation)
[2026-05-06T01:03:44.150+0100][20.437s][info][gc,task        ] GC(551) Using 9 workers of 9 for evacuation
[2026-05-06T01:03:44.151+0100][20.437s][info][gc,phases      ] GC(551)   Pre Evacuate Collection Set: 0.1ms
[2026-05-06T01:03:44.151+0100][20.437s][info][gc,phases      ] GC(551)   Merge Heap Roots: 0.0ms
[2026-05-06T01:03:44.151+0100][20.437s][info][gc,phases      ] GC(551)   Evacuate Collection Set: 0.2ms
[2026-05-06T01:03:44.151+0100][20.437s][info][gc,phases      ] GC(551)   Post Evacuate Collection Set: 0.1ms
[2026-05-06T01:03:44.151+0100][20.437s][info][gc,phases      ] GC(551)   Other: 0.0ms
[2026-05-06T01:03:44.151+0100][20.437s][info][gc,heap        ] GC(551) Eden regions: 1->0(217)
[2026-05-06T01:03:44.151+0100][20.437s][info][gc,heap        ] GC(551) Survivor regions: 1->1(28)
[2026-05-06T01:03:44.151+0100][20.437s][info][gc,heap        ] GC(551) Old regions: 13->13
[2026-05-06T01:03:44.151+0100][20.437s][info][gc,heap        ] GC(551) Humongous regions: 169->96
[2026-05-06T01:03:44.151+0100][20.437s][info][gc,metaspace   ] GC(551) Metaspace: 19086K(19392K)->19086K(19392K) NonClass: 16850K(17024K)->16850K(17024K) Class: 2236K(2368K)->2236K(2368K)
[2026-05-06T01:03:44.151+0100][20.437s][info][gc             ] GC(551) Pause Young (Concurrent Start) (G1 Humongous Allocation) 350M->203M(728M) 0.536ms
[2026-05-06T01:03:44.151+0100][20.437s][info][gc,cpu         ] GC(551) User=0.00s Sys=0.00s Real=0.00s
[2026-05-06T01:03:44.151+0100][20.437s][info][gc             ] GC(552) Concurrent Undo Cycle
[2026-05-06T01:03:44.151+0100][20.437s][info][gc,marking     ] GC(552) Concurrent Clear Claimed Marks
[2026-05-06T01:03:44.151+0100][20.437s][info][gc,marking     ] GC(552) Concurrent Clear Claimed Marks 0.006ms
[2026-05-06T01:03:44.151+0100][20.437s][info][gc,marking     ] GC(552) Concurrent Cleanup for Next Mark
[2026-05-06T01:03:44.151+0100][20.437s][info][gc,marking     ] GC(552) Concurrent Cleanup for Next Mark 0.035ms
[2026-05-06T01:03:44.151+0100][20.437s][info][gc             ] GC(552) Concurrent Undo Cycle 0.064ms
[2026-05-06T01:03:44.193+0100][20.479s][info][gc,start       ] GC(553) Pause Young (Concurrent Start) (G1 Humongous Allocation)
[2026-05-06T01:03:44.193+0100][20.479s][info][gc,task        ] GC(553) Using 9 workers of 9 for evacuation
[2026-05-06T01:03:44.193+0100][20.480s][info][gc,phases      ] GC(553)   Pre Evacuate Collection Set: 0.1ms
[2026-05-06T01:03:44.193+0100][20.480s][info][gc,phases      ] GC(553)   Merge Heap Roots: 0.0ms
[2026-05-06T01:03:44.193+0100][20.480s][info][gc,phases      ] GC(553)   Evacuate Collection Set: 0.1ms
[2026-05-06T01:03:44.193+0100][20.480s][info][gc,phases      ] GC(553)   Post Evacuate Collection Set: 0.1ms
[2026-05-06T01:03:44.193+0100][20.480s][info][gc,phases      ] GC(553)   Other: 0.0ms
[2026-05-06T01:03:44.193+0100][20.480s][info][gc,heap        ] GC(553) Eden regions: 1->0(217)
[2026-05-06T01:03:44.193+0100][20.480s][info][gc,heap        ] GC(553) Survivor regions: 1->1(28)
[2026-05-06T01:03:44.193+0100][20.480s][info][gc,heap        ] GC(553) Old regions: 13->13
[2026-05-06T01:03:44.193+0100][20.480s][info][gc,heap        ] GC(553) Humongous regions: 169->96
[2026-05-06T01:03:44.193+0100][20.480s][info][gc,metaspace   ] GC(553) Metaspace: 19086K(19392K)->19086K(19392K) NonClass: 16850K(17024K)->16850K(17024K) Class: 2236K(2368K)->2236K(2368K)
[2026-05-06T01:03:44.193+0100][20.480s][info][gc             ] GC(553) Pause Young (Concurrent Start) (G1 Humongous Allocation) 350M->203M(728M) 0.475ms
[2026-05-06T01:03:44.193+0100][20.480s][info][gc,cpu         ] GC(553) User=0.00s Sys=0.00s Real=0.00s
[2026-05-06T01:03:44.194+0100][20.480s][info][gc             ] GC(554) Concurrent Undo Cycle
[2026-05-06T01:03:44.194+0100][20.480s][info][gc,marking     ] GC(554) Concurrent Clear Claimed Marks
[2026-05-06T01:03:44.194+0100][20.480s][info][gc,marking     ] GC(554) Concurrent Clear Claimed Marks 0.006ms
[2026-05-06T01:03:44.194+0100][20.480s][info][gc,marking     ] GC(554) Concurrent Cleanup for Next Mark
[2026-05-06T01:03:44.194+0100][20.480s][info][gc,marking     ] GC(554) Concurrent Cleanup for Next Mark 0.030ms
[2026-05-06T01:03:44.194+0100][20.480s][info][gc             ] GC(554) Concurrent Undo Cycle 0.059ms
[2026-05-06T01:03:44.235+0100][20.521s][info][gc,start       ] GC(555) Pause Young (Concurrent Start) (G1 Humongous Allocation)
[2026-05-06T01:03:44.235+0100][20.521s][info][gc,task        ] GC(555) Using 9 workers of 9 for evacuation
[2026-05-06T01:03:44.235+0100][20.522s][info][gc,phases      ] GC(555)   Pre Evacuate Collection Set: 0.1ms
[2026-05-06T01:03:44.236+0100][20.522s][info][gc,phases      ] GC(555)   Merge Heap Roots: 0.0ms
[2026-05-06T01:03:44.236+0100][20.522s][info][gc,phases      ] GC(555)   Evacuate Collection Set: 0.1ms
[2026-05-06T01:03:44.236+0100][20.522s][info][gc,phases      ] GC(555)   Post Evacuate Collection Set: 0.1ms
[2026-05-06T01:03:44.236+0100][20.522s][info][gc,phases      ] GC(555)   Other: 0.0ms
[2026-05-06T01:03:44.236+0100][20.522s][info][gc,heap        ] GC(555) Eden regions: 1->0(217)
[2026-05-06T01:03:44.236+0100][20.522s][info][gc,heap        ] GC(555) Survivor regions: 1->1(28)
[2026-05-06T01:03:44.236+0100][20.522s][info][gc,heap        ] GC(555) Old regions: 13->13
[2026-05-06T01:03:44.236+0100][20.522s][info][gc,heap        ] GC(555) Humongous regions: 169->96
[2026-05-06T01:03:44.236+0100][20.522s][info][gc,metaspace   ] GC(555) Metaspace: 19086K(19392K)->19086K(19392K) NonClass: 16850K(17024K)->16850K(17024K) Class: 2236K(2368K)->2236K(2368K)
[2026-05-06T01:03:44.236+0100][20.522s][info][gc             ] GC(555) Pause Young (Concurrent Start) (G1 Humongous Allocation) 350M->203M(728M) 0.533ms
[2026-05-06T01:03:44.236+0100][20.522s][info][gc,cpu         ] GC(555) User=0.01s Sys=0.00s Real=0.00s
[2026-05-06T01:03:44.236+0100][20.522s][info][gc             ] GC(556) Concurrent Undo Cycle
[2026-05-06T01:03:44.236+0100][20.522s][info][gc,marking     ] GC(556) Concurrent Clear Claimed Marks
[2026-05-06T01:03:44.236+0100][20.522s][info][gc,marking     ] GC(556) Concurrent Clear Claimed Marks 0.007ms
[2026-05-06T01:03:44.236+0100][20.522s][info][gc,marking     ] GC(556) Concurrent Cleanup for Next Mark
[2026-05-06T01:03:44.236+0100][20.522s][info][gc,marking     ] GC(556) Concurrent Cleanup for Next Mark 0.038ms
[2026-05-06T01:03:44.236+0100][20.522s][info][gc             ] GC(556) Concurrent Undo Cycle 0.068ms
[2026-05-06T01:03:44.278+0100][20.564s][info][gc,start       ] GC(557) Pause Young (Concurrent Start) (G1 Humongous Allocation)
[2026-05-06T01:03:44.278+0100][20.564s][info][gc,task        ] GC(557) Using 9 workers of 9 for evacuation
[2026-05-06T01:03:44.278+0100][20.564s][info][gc,phases      ] GC(557)   Pre Evacuate Collection Set: 0.1ms
[2026-05-06T01:03:44.278+0100][20.564s][info][gc,phases      ] GC(557)   Merge Heap Roots: 0.0ms
[2026-05-06T01:03:44.278+0100][20.564s][info][gc,phases      ] GC(557)   Evacuate Collection Set: 0.2ms
[2026-05-06T01:03:44.278+0100][20.564s][info][gc,phases      ] GC(557)   Post Evacuate Collection Set: 0.1ms
[2026-05-06T01:03:44.278+0100][20.564s][info][gc,phases      ] GC(557)   Other: 0.0ms
[2026-05-06T01:03:44.278+0100][20.564s][info][gc,heap        ] GC(557) Eden regions: 1->0(217)
[2026-05-06T01:03:44.278+0100][20.564s][info][gc,heap        ] GC(557) Survivor regions: 1->1(28)
[2026-05-06T01:03:44.278+0100][20.564s][info][gc,heap        ] GC(557) Old regions: 13->13
[2026-05-06T01:03:44.278+0100][20.564s][info][gc,heap        ] GC(557) Humongous regions: 169->96
[2026-05-06T01:03:44.278+0100][20.564s][info][gc,metaspace   ] GC(557) Metaspace: 19086K(19392K)->19086K(19392K) NonClass: 16850K(17024K)->16850K(17024K) Class: 2236K(2368K)->2236K(2368K)
[2026-05-06T01:03:44.278+0100][20.564s][info][gc             ] GC(557) Pause Young (Concurrent Start) (G1 Humongous Allocation) 350M->203M(728M) 0.549ms
[2026-05-06T01:03:44.278+0100][20.564s][info][gc,cpu         ] GC(557) User=0.00s Sys=0.01s Real=0.00s
[2026-05-06T01:03:44.278+0100][20.564s][info][gc             ] GC(558) Concurrent Undo Cycle
[2026-05-06T01:03:44.278+0100][20.565s][info][gc,marking     ] GC(558) Concurrent Clear Claimed Marks
[2026-05-06T01:03:44.278+0100][20.565s][info][gc,marking     ] GC(558) Concurrent Clear Claimed Marks 0.007ms
[2026-05-06T01:03:44.278+0100][20.565s][info][gc,marking     ] GC(558) Concurrent Cleanup for Next Mark
[2026-05-06T01:03:44.278+0100][20.565s][info][gc,marking     ] GC(558) Concurrent Cleanup for Next Mark 0.041ms
[2026-05-06T01:03:44.278+0100][20.565s][info][gc             ] GC(558) Concurrent Undo Cycle 0.073ms
[2026-05-06T01:03:44.320+0100][20.606s][info][gc,start       ] GC(559) Pause Young (Concurrent Start) (G1 Humongous Allocation)
[2026-05-06T01:03:44.320+0100][20.606s][info][gc,task        ] GC(559) Using 9 workers of 9 for evacuation
[2026-05-06T01:03:44.321+0100][20.607s][info][gc,phases      ] GC(559)   Pre Evacuate Collection Set: 0.1ms
[2026-05-06T01:03:44.321+0100][20.607s][info][gc,phases      ] GC(559)   Merge Heap Roots: 0.0ms
[2026-05-06T01:03:44.321+0100][20.607s][info][gc,phases      ] GC(559)   Evacuate Collection Set: 0.2ms
[2026-05-06T01:03:44.321+0100][20.607s][info][gc,phases      ] GC(559)   Post Evacuate Collection Set: 0.2ms
[2026-05-06T01:03:44.321+0100][20.607s][info][gc,phases      ] GC(559)   Other: 0.0ms
[2026-05-06T01:03:44.321+0100][20.607s][info][gc,heap        ] GC(559) Eden regions: 3->0(217)
[2026-05-06T01:03:44.321+0100][20.607s][info][gc,heap        ] GC(559) Survivor regions: 1->1(28)
[2026-05-06T01:03:44.321+0100][20.607s][info][gc,heap        ] GC(559) Old regions: 13->13
[2026-05-06T01:03:44.321+0100][20.607s][info][gc,heap        ] GC(559) Humongous regions: 169->96
[2026-05-06T01:03:44.321+0100][20.607s][info][gc,metaspace   ] GC(559) Metaspace: 19086K(19392K)->19086K(19392K) NonClass: 16850K(17024K)->16850K(17024K) Class: 2236K(2368K)->2236K(2368K)
[2026-05-06T01:03:44.321+0100][20.607s][info][gc             ] GC(559) Pause Young (Concurrent Start) (G1 Humongous Allocation) 354M->203M(728M) 0.584ms
[2026-05-06T01:03:44.321+0100][20.607s][info][gc,cpu         ] GC(559) User=0.00s Sys=0.00s Real=0.00s
[2026-05-06T01:03:44.321+0100][20.607s][info][gc             ] GC(560) Concurrent Undo Cycle
[2026-05-06T01:03:44.321+0100][20.607s][info][gc,marking     ] GC(560) Concurrent Clear Claimed Marks
[2026-05-06T01:03:44.321+0100][20.607s][info][gc,marking     ] GC(560) Concurrent Clear Claimed Marks 0.009ms
[2026-05-06T01:03:44.321+0100][20.607s][info][gc,marking     ] GC(560) Concurrent Cleanup for Next Mark
[2026-05-06T01:03:44.321+0100][20.607s][info][gc,marking     ] GC(560) Concurrent Cleanup for Next Mark 0.043ms
[2026-05-06T01:03:44.321+0100][20.607s][info][gc             ] GC(560) Concurrent Undo Cycle 0.089ms
[2026-05-06T01:03:44.362+0100][20.649s][info][gc,start       ] GC(561) Pause Young (Concurrent Start) (G1 Humongous Allocation)
[2026-05-06T01:03:44.362+0100][20.649s][info][gc,task        ] GC(561) Using 9 workers of 9 for evacuation
[2026-05-06T01:03:44.363+0100][20.649s][info][gc,phases      ] GC(561)   Pre Evacuate Collection Set: 0.1ms
[2026-05-06T01:03:44.363+0100][20.649s][info][gc,phases      ] GC(561)   Merge Heap Roots: 0.0ms
[2026-05-06T01:03:44.363+0100][20.649s][info][gc,phases      ] GC(561)   Evacuate Collection Set: 0.2ms
[2026-05-06T01:03:44.363+0100][20.649s][info][gc,phases      ] GC(561)   Post Evacuate Collection Set: 0.1ms
[2026-05-06T01:03:44.363+0100][20.649s][info][gc,phases      ] GC(561)   Other: 0.0ms
[2026-05-06T01:03:44.363+0100][20.649s][info][gc,heap        ] GC(561) Eden regions: 5->0(217)
[2026-05-06T01:03:44.363+0100][20.649s][info][gc,heap        ] GC(561) Survivor regions: 1->1(28)
[2026-05-06T01:03:44.363+0100][20.649s][info][gc,heap        ] GC(561) Old regions: 13->13
[2026-05-06T01:03:44.363+0100][20.649s][info][gc,heap        ] GC(561) Humongous regions: 169->96
[2026-05-06T01:03:44.363+0100][20.649s][info][gc,metaspace   ] GC(561) Metaspace: 19086K(19392K)->19086K(19392K) NonClass: 16850K(17024K)->16850K(17024K) Class: 2236K(2368K)->2236K(2368K)
[2026-05-06T01:03:44.363+0100][20.649s][info][gc             ] GC(561) Pause Young (Concurrent Start) (G1 Humongous Allocation) 358M->203M(728M) 0.547ms
[2026-05-06T01:03:44.363+0100][20.649s][info][gc,cpu         ] GC(561) User=0.00s Sys=0.00s Real=0.00s
[2026-05-06T01:03:44.363+0100][20.649s][info][gc             ] GC(562) Concurrent Undo Cycle
[2026-05-06T01:03:44.363+0100][20.649s][info][gc,marking     ] GC(562) Concurrent Clear Claimed Marks
[2026-05-06T01:03:44.363+0100][20.649s][info][gc,marking     ] GC(562) Concurrent Clear Claimed Marks 0.008ms
[2026-05-06T01:03:44.363+0100][20.649s][info][gc,marking     ] GC(562) Concurrent Cleanup for Next Mark
[2026-05-06T01:03:44.363+0100][20.649s][info][gc,marking     ] GC(562) Concurrent Cleanup for Next Mark 0.039ms
[2026-05-06T01:03:44.363+0100][20.649s][info][gc             ] GC(562) Concurrent Undo Cycle 0.077ms
[2026-05-06T01:03:44.404+0100][20.690s][info][gc,start       ] GC(563) Pause Young (Concurrent Start) (G1 Humongous Allocation)
[2026-05-06T01:03:44.404+0100][20.690s][info][gc,task        ] GC(563) Using 9 workers of 9 for evacuation
[2026-05-06T01:03:44.404+0100][20.691s][info][gc,phases      ] GC(563)   Pre Evacuate Collection Set: 0.1ms
[2026-05-06T01:03:44.404+0100][20.691s][info][gc,phases      ] GC(563)   Merge Heap Roots: 0.0ms
[2026-05-06T01:03:44.404+0100][20.691s][info][gc,phases      ] GC(563)   Evacuate Collection Set: 0.1ms
[2026-05-06T01:03:44.404+0100][20.691s][info][gc,phases      ] GC(563)   Post Evacuate Collection Set: 0.1ms
[2026-05-06T01:03:44.404+0100][20.691s][info][gc,phases      ] GC(563)   Other: 0.0ms
[2026-05-06T01:03:44.404+0100][20.691s][info][gc,heap        ] GC(563) Eden regions: 5->0(217)
[2026-05-06T01:03:44.404+0100][20.691s][info][gc,heap        ] GC(563) Survivor regions: 1->1(28)
[2026-05-06T01:03:44.404+0100][20.691s][info][gc,heap        ] GC(563) Old regions: 13->13
[2026-05-06T01:03:44.404+0100][20.691s][info][gc,heap        ] GC(563) Humongous regions: 169->96
[2026-05-06T01:03:44.404+0100][20.691s][info][gc,metaspace   ] GC(563) Metaspace: 19086K(19392K)->19086K(19392K) NonClass: 16850K(17024K)->16850K(17024K) Class: 2236K(2368K)->2236K(2368K)
[2026-05-06T01:03:44.404+0100][20.691s][info][gc             ] GC(563) Pause Young (Concurrent Start) (G1 Humongous Allocation) 358M->203M(728M) 0.490ms
[2026-05-06T01:03:44.404+0100][20.691s][info][gc,cpu         ] GC(563) User=0.00s Sys=0.00s Real=0.00s
[2026-05-06T01:03:44.404+0100][20.691s][info][gc             ] GC(564) Concurrent Undo Cycle
[2026-05-06T01:03:44.404+0100][20.691s][info][gc,marking     ] GC(564) Concurrent Clear Claimed Marks
[2026-05-06T01:03:44.404+0100][20.691s][info][gc,marking     ] GC(564) Concurrent Clear Claimed Marks 0.007ms
[2026-05-06T01:03:44.405+0100][20.691s][info][gc,marking     ] GC(564) Concurrent Cleanup for Next Mark
[2026-05-06T01:03:44.405+0100][20.691s][info][gc,marking     ] GC(564) Concurrent Cleanup for Next Mark 0.041ms
[2026-05-06T01:03:44.405+0100][20.691s][info][gc             ] GC(564) Concurrent Undo Cycle 0.072ms
[2026-05-06T01:03:44.429+0100][20.716s][info][gc,start       ] GC(565) Pause Full (System.gc())
[2026-05-06T01:03:44.429+0100][20.716s][info][gc,task        ] GC(565) Using 9 workers of 9 for full compaction
[2026-05-06T01:03:44.429+0100][20.716s][info][gc,phases,start] GC(565) Phase 1: Mark live objects
[2026-05-06T01:03:44.432+0100][20.718s][info][gc,phases      ] GC(565) Phase 1: Mark live objects 2.195ms
[2026-05-06T01:03:44.432+0100][20.718s][info][gc,phases,start] GC(565) Phase 2: Prepare compaction
[2026-05-06T01:03:44.432+0100][20.718s][info][gc,phases      ] GC(565) Phase 2: Prepare compaction 0.260ms
[2026-05-06T01:03:44.432+0100][20.718s][info][gc,phases,start] GC(565) Phase 3: Adjust pointers
[2026-05-06T01:03:44.433+0100][20.720s][info][gc,phases      ] GC(565) Phase 3: Adjust pointers 1.645ms
[2026-05-06T01:03:44.434+0100][20.720s][info][gc,phases,start] GC(565) Phase 4: Compact heap
[2026-05-06T01:03:44.434+0100][20.720s][info][gc,phases      ] GC(565) Phase 4: Compact heap 0.225ms
[2026-05-06T01:03:44.434+0100][20.720s][info][gc,phases,start] GC(565) Phase 5: Reset Metadata
[2026-05-06T01:03:44.434+0100][20.720s][info][gc,phases      ] GC(565) Phase 5: Reset Metadata 0.338ms
[2026-05-06T01:03:44.435+0100][20.721s][info][gc,heap        ] GC(565) Eden regions: 3->0(218)
[2026-05-06T01:03:44.435+0100][20.721s][info][gc,heap        ] GC(565) Survivor regions: 1->0(28)
[2026-05-06T01:03:44.435+0100][20.721s][info][gc,heap        ] GC(565) Old regions: 13->13
[2026-05-06T01:03:44.435+0100][20.721s][info][gc,heap        ] GC(565) Humongous regions: 169->96
[2026-05-06T01:03:44.435+0100][20.721s][info][gc,metaspace   ] GC(565) Metaspace: 19086K(19392K)->19086K(19392K) NonClass: 16850K(17024K)->16850K(17024K) Class: 2236K(2368K)->2236K(2368K)
[2026-05-06T01:03:44.435+0100][20.721s][info][gc             ] GC(565) Pause Full (System.gc()) 354M->203M(728M) 5.307ms
[2026-05-06T01:03:44.435+0100][20.721s][info][gc,cpu         ] GC(565) User=0.02s Sys=0.00s Real=0.01s
[2026-05-06T01:03:44.453+0100][20.739s][info][gc,start       ] GC(566) Pause Young (Concurrent Start) (G1 Humongous Allocation)
[2026-05-06T01:03:44.453+0100][20.739s][info][gc,task        ] GC(566) Using 9 workers of 9 for evacuation
[2026-05-06T01:03:44.454+0100][20.740s][info][gc,phases      ] GC(566)   Pre Evacuate Collection Set: 0.1ms
[2026-05-06T01:03:44.454+0100][20.740s][info][gc,phases      ] GC(566)   Merge Heap Roots: 0.0ms
[2026-05-06T01:03:44.454+0100][20.740s][info][gc,phases      ] GC(566)   Evacuate Collection Set: 0.2ms
[2026-05-06T01:03:44.454+0100][20.740s][info][gc,phases      ] GC(566)   Post Evacuate Collection Set: 0.1ms
[2026-05-06T01:03:44.454+0100][20.740s][info][gc,phases      ] GC(566)   Other: 0.0ms
[2026-05-06T01:03:44.454+0100][20.740s][info][gc,heap        ] GC(566) Eden regions: 5->0(217)
[2026-05-06T01:03:44.454+0100][20.740s][info][gc,heap        ] GC(566) Survivor regions: 0->1(28)
[2026-05-06T01:03:44.454+0100][20.740s][info][gc,heap        ] GC(566) Old regions: 13->13
[2026-05-06T01:03:44.454+0100][20.740s][info][gc,heap        ] GC(566) Humongous regions: 96->96
[2026-05-06T01:03:44.454+0100][20.740s][info][gc,metaspace   ] GC(566) Metaspace: 19086K(19392K)->19086K(19392K) NonClass: 16850K(17024K)->16850K(17024K) Class: 2236K(2368K)->2236K(2368K)
[2026-05-06T01:03:44.454+0100][20.740s][info][gc             ] GC(566) Pause Young (Concurrent Start) (G1 Humongous Allocation) 212M->203M(728M) 0.570ms
[2026-05-06T01:03:44.454+0100][20.740s][info][gc,cpu         ] GC(566) User=0.00s Sys=0.00s Real=0.00s
[2026-05-06T01:03:44.454+0100][20.740s][info][gc             ] GC(567) Concurrent Undo Cycle
[2026-05-06T01:03:44.454+0100][20.740s][info][gc,marking     ] GC(567) Concurrent Clear Claimed Marks
[2026-05-06T01:03:44.454+0100][20.740s][info][gc,marking     ] GC(567) Concurrent Clear Claimed Marks 0.006ms
[2026-05-06T01:03:44.454+0100][20.740s][info][gc,marking     ] GC(567) Concurrent Cleanup for Next Mark
[2026-05-06T01:03:44.454+0100][20.740s][info][gc,marking     ] GC(567) Concurrent Cleanup for Next Mark 0.039ms
[2026-05-06T01:03:44.454+0100][20.740s][info][gc             ] GC(567) Concurrent Undo Cycle 0.071ms
[2026-05-06T01:03:44.503+0100][20.789s][info][gc,start       ] GC(568) Pause Young (Concurrent Start) (G1 Humongous Allocation)
[2026-05-06T01:03:44.503+0100][20.789s][info][gc,task        ] GC(568) Using 9 workers of 9 for evacuation
[2026-05-06T01:03:44.504+0100][20.790s][info][gc,phases      ] GC(568)   Pre Evacuate Collection Set: 0.1ms
[2026-05-06T01:03:44.504+0100][20.790s][info][gc,phases      ] GC(568)   Merge Heap Roots: 0.0ms
[2026-05-06T01:03:44.504+0100][20.790s][info][gc,phases      ] GC(568)   Evacuate Collection Set: 0.2ms
[2026-05-06T01:03:44.504+0100][20.790s][info][gc,phases      ] GC(568)   Post Evacuate Collection Set: 0.1ms
[2026-05-06T01:03:44.504+0100][20.790s][info][gc,phases      ] GC(568)   Other: 0.0ms
[2026-05-06T01:03:44.504+0100][20.790s][info][gc,heap        ] GC(568) Eden regions: 4->0(217)
[2026-05-06T01:03:44.504+0100][20.790s][info][gc,heap        ] GC(568) Survivor regions: 1->1(28)
[2026-05-06T01:03:44.504+0100][20.790s][info][gc,heap        ] GC(568) Old regions: 13->13
[2026-05-06T01:03:44.504+0100][20.790s][info][gc,heap        ] GC(568) Humongous regions: 169->96
[2026-05-06T01:03:44.504+0100][20.790s][info][gc,metaspace   ] GC(568) Metaspace: 19086K(19392K)->19086K(19392K) NonClass: 16850K(17024K)->16850K(17024K) Class: 2236K(2368K)->2236K(2368K)
[2026-05-06T01:03:44.504+0100][20.790s][info][gc             ] GC(568) Pause Young (Concurrent Start) (G1 Humongous Allocation) 356M->203M(728M) 0.524ms
[2026-05-06T01:03:44.504+0100][20.790s][info][gc,cpu         ] GC(568) User=0.00s Sys=0.00s Real=0.00s
[2026-05-06T01:03:44.504+0100][20.790s][info][gc             ] GC(569) Concurrent Undo Cycle
[2026-05-06T01:03:44.504+0100][20.790s][info][gc,marking     ] GC(569) Concurrent Clear Claimed Marks
[2026-05-06T01:03:44.504+0100][20.790s][info][gc,marking     ] GC(569) Concurrent Clear Claimed Marks 0.007ms
[2026-05-06T01:03:44.504+0100][20.790s][info][gc,marking     ] GC(569) Concurrent Cleanup for Next Mark
[2026-05-06T01:03:44.504+0100][20.790s][info][gc,marking     ] GC(569) Concurrent Cleanup for Next Mark 0.038ms
[2026-05-06T01:03:44.504+0100][20.790s][info][gc             ] GC(569) Concurrent Undo Cycle 0.070ms
[2026-05-06T01:03:44.545+0100][20.831s][info][gc,start       ] GC(570) Pause Young (Concurrent Start) (G1 Humongous Allocation)
[2026-05-06T01:03:44.545+0100][20.831s][info][gc,task        ] GC(570) Using 9 workers of 9 for evacuation
[2026-05-06T01:03:44.545+0100][20.831s][info][gc,phases      ] GC(570)   Pre Evacuate Collection Set: 0.1ms
[2026-05-06T01:03:44.545+0100][20.831s][info][gc,phases      ] GC(570)   Merge Heap Roots: 0.0ms
[2026-05-06T01:03:44.545+0100][20.831s][info][gc,phases      ] GC(570)   Evacuate Collection Set: 0.1ms
[2026-05-06T01:03:44.545+0100][20.831s][info][gc,phases      ] GC(570)   Post Evacuate Collection Set: 0.1ms
[2026-05-06T01:03:44.545+0100][20.831s][info][gc,phases      ] GC(570)   Other: 0.0ms
[2026-05-06T01:03:44.545+0100][20.831s][info][gc,heap        ] GC(570) Eden regions: 5->0(217)
[2026-05-06T01:03:44.545+0100][20.831s][info][gc,heap        ] GC(570) Survivor regions: 1->1(28)
[2026-05-06T01:03:44.545+0100][20.831s][info][gc,heap        ] GC(570) Old regions: 13->13
[2026-05-06T01:03:44.545+0100][20.831s][info][gc,heap        ] GC(570) Humongous regions: 169->96
[2026-05-06T01:03:44.545+0100][20.831s][info][gc,metaspace   ] GC(570) Metaspace: 19086K(19392K)->19086K(19392K) NonClass: 16850K(17024K)->16850K(17024K) Class: 2236K(2368K)->2236K(2368K)
[2026-05-06T01:03:44.545+0100][20.831s][info][gc             ] GC(570) Pause Young (Concurrent Start) (G1 Humongous Allocation) 358M->203M(728M) 0.459ms
[2026-05-06T01:03:44.545+0100][20.831s][info][gc,cpu         ] GC(570) User=0.01s Sys=0.00s Real=0.00s
[2026-05-06T01:03:44.545+0100][20.831s][info][gc             ] GC(571) Concurrent Undo Cycle
[2026-05-06T01:03:44.545+0100][20.831s][info][gc,marking     ] GC(571) Concurrent Clear Claimed Marks
[2026-05-06T01:03:44.545+0100][20.831s][info][gc,marking     ] GC(571) Concurrent Clear Claimed Marks 0.007ms
[2026-05-06T01:03:44.545+0100][20.831s][info][gc,marking     ] GC(571) Concurrent Cleanup for Next Mark
[2026-05-06T01:03:44.545+0100][20.832s][info][gc,marking     ] GC(571) Concurrent Cleanup for Next Mark 0.034ms
[2026-05-06T01:03:44.545+0100][20.832s][info][gc             ] GC(571) Concurrent Undo Cycle 0.064ms
[2026-05-06T01:03:44.586+0100][20.872s][info][gc,start       ] GC(572) Pause Young (Concurrent Start) (G1 Humongous Allocation)
[2026-05-06T01:03:44.586+0100][20.872s][info][gc,task        ] GC(572) Using 9 workers of 9 for evacuation
[2026-05-06T01:03:44.587+0100][20.873s][info][gc,phases      ] GC(572)   Pre Evacuate Collection Set: 0.1ms
[2026-05-06T01:03:44.587+0100][20.873s][info][gc,phases      ] GC(572)   Merge Heap Roots: 0.0ms
[2026-05-06T01:03:44.587+0100][20.873s][info][gc,phases      ] GC(572)   Evacuate Collection Set: 0.1ms
[2026-05-06T01:03:44.587+0100][20.873s][info][gc,phases      ] GC(572)   Post Evacuate Collection Set: 0.1ms
[2026-05-06T01:03:44.587+0100][20.873s][info][gc,phases      ] GC(572)   Other: 0.0ms
[2026-05-06T01:03:44.587+0100][20.873s][info][gc,heap        ] GC(572) Eden regions: 5->0(217)
[2026-05-06T01:03:44.587+0100][20.873s][info][gc,heap        ] GC(572) Survivor regions: 1->1(28)
[2026-05-06T01:03:44.587+0100][20.873s][info][gc,heap        ] GC(572) Old regions: 13->13
[2026-05-06T01:03:44.587+0100][20.873s][info][gc,heap        ] GC(572) Humongous regions: 169->96
[2026-05-06T01:03:44.587+0100][20.873s][info][gc,metaspace   ] GC(572) Metaspace: 19086K(19392K)->19086K(19392K) NonClass: 16850K(17024K)->16850K(17024K) Class: 2236K(2368K)->2236K(2368K)
[2026-05-06T01:03:44.587+0100][20.873s][info][gc             ] GC(572) Pause Young (Concurrent Start) (G1 Humongous Allocation) 358M->203M(728M) 0.452ms
[2026-05-06T01:03:44.587+0100][20.873s][info][gc,cpu         ] GC(572) User=0.00s Sys=0.00s Real=0.00s
[2026-05-06T01:03:44.587+0100][20.873s][info][gc             ] GC(573) Concurrent Undo Cycle
[2026-05-06T01:03:44.587+0100][20.873s][info][gc,marking     ] GC(573) Concurrent Clear Claimed Marks
[2026-05-06T01:03:44.587+0100][20.873s][info][gc,marking     ] GC(573) Concurrent Clear Claimed Marks 0.008ms
[2026-05-06T01:03:44.587+0100][20.873s][info][gc,marking     ] GC(573) Concurrent Cleanup for Next Mark
[2026-05-06T01:03:44.587+0100][20.873s][info][gc,marking     ] GC(573) Concurrent Cleanup for Next Mark 0.035ms
[2026-05-06T01:03:44.587+0100][20.873s][info][gc             ] GC(573) Concurrent Undo Cycle 0.064ms
[2026-05-06T01:03:44.627+0100][20.914s][info][gc,start       ] GC(574) Pause Young (Concurrent Start) (G1 Humongous Allocation)
[2026-05-06T01:03:44.627+0100][20.914s][info][gc,task        ] GC(574) Using 9 workers of 9 for evacuation
[2026-05-06T01:03:44.628+0100][20.914s][info][gc,phases      ] GC(574)   Pre Evacuate Collection Set: 0.1ms
[2026-05-06T01:03:44.628+0100][20.914s][info][gc,phases      ] GC(574)   Merge Heap Roots: 0.0ms
[2026-05-06T01:03:44.628+0100][20.914s][info][gc,phases      ] GC(574)   Evacuate Collection Set: 0.1ms
[2026-05-06T01:03:44.628+0100][20.914s][info][gc,phases      ] GC(574)   Post Evacuate Collection Set: 0.1ms
[2026-05-06T01:03:44.628+0100][20.914s][info][gc,phases      ] GC(574)   Other: 0.0ms
[2026-05-06T01:03:44.628+0100][20.914s][info][gc,heap        ] GC(574) Eden regions: 5->0(217)
[2026-05-06T01:03:44.628+0100][20.914s][info][gc,heap        ] GC(574) Survivor regions: 1->1(28)
[2026-05-06T01:03:44.628+0100][20.914s][info][gc,heap        ] GC(574) Old regions: 13->13
[2026-05-06T01:03:44.628+0100][20.914s][info][gc,heap        ] GC(574) Humongous regions: 169->96
[2026-05-06T01:03:44.628+0100][20.914s][info][gc,metaspace   ] GC(574) Metaspace: 19086K(19392K)->19086K(19392K) NonClass: 16850K(17024K)->16850K(17024K) Class: 2236K(2368K)->2236K(2368K)
[2026-05-06T01:03:44.628+0100][20.914s][info][gc             ] GC(574) Pause Young (Concurrent Start) (G1 Humongous Allocation) 358M->203M(728M) 0.468ms
[2026-05-06T01:03:44.628+0100][20.914s][info][gc,cpu         ] GC(574) User=0.00s Sys=0.00s Real=0.00s
[2026-05-06T01:03:44.628+0100][20.914s][info][gc             ] GC(575) Concurrent Undo Cycle
[2026-05-06T01:03:44.628+0100][20.914s][info][gc,marking     ] GC(575) Concurrent Clear Claimed Marks
[2026-05-06T01:03:44.628+0100][20.914s][info][gc,marking     ] GC(575) Concurrent Clear Claimed Marks 0.007ms
[2026-05-06T01:03:44.628+0100][20.914s][info][gc,marking     ] GC(575) Concurrent Cleanup for Next Mark
[2026-05-06T01:03:44.628+0100][20.914s][info][gc,marking     ] GC(575) Concurrent Cleanup for Next Mark 0.041ms
[2026-05-06T01:03:44.628+0100][20.914s][info][gc             ] GC(575) Concurrent Undo Cycle 0.070ms
[2026-05-06T01:03:44.669+0100][20.955s][info][gc,start       ] GC(576) Pause Young (Concurrent Start) (G1 Humongous Allocation)
[2026-05-06T01:03:44.669+0100][20.955s][info][gc,task        ] GC(576) Using 9 workers of 9 for evacuation
[2026-05-06T01:03:44.669+0100][20.955s][info][gc,phases      ] GC(576)   Pre Evacuate Collection Set: 0.1ms
[2026-05-06T01:03:44.669+0100][20.955s][info][gc,phases      ] GC(576)   Merge Heap Roots: 0.0ms
[2026-05-06T01:03:44.669+0100][20.955s][info][gc,phases      ] GC(576)   Evacuate Collection Set: 0.1ms
[2026-05-06T01:03:44.669+0100][20.955s][info][gc,phases      ] GC(576)   Post Evacuate Collection Set: 0.1ms
[2026-05-06T01:03:44.669+0100][20.955s][info][gc,phases      ] GC(576)   Other: 0.0ms
[2026-05-06T01:03:44.669+0100][20.955s][info][gc,heap        ] GC(576) Eden regions: 5->0(217)
[2026-05-06T01:03:44.669+0100][20.955s][info][gc,heap        ] GC(576) Survivor regions: 1->1(28)
[2026-05-06T01:03:44.669+0100][20.955s][info][gc,heap        ] GC(576) Old regions: 13->13
[2026-05-06T01:03:44.669+0100][20.955s][info][gc,heap        ] GC(576) Humongous regions: 169->96
[2026-05-06T01:03:44.669+0100][20.955s][info][gc,metaspace   ] GC(576) Metaspace: 19086K(19392K)->19086K(19392K) NonClass: 16850K(17024K)->16850K(17024K) Class: 2236K(2368K)->2236K(2368K)
[2026-05-06T01:03:44.669+0100][20.955s][info][gc             ] GC(576) Pause Young (Concurrent Start) (G1 Humongous Allocation) 358M->203M(728M) 0.483ms
[2026-05-06T01:03:44.669+0100][20.955s][info][gc,cpu         ] GC(576) User=0.00s Sys=0.00s Real=0.00s
[2026-05-06T01:03:44.669+0100][20.955s][info][gc             ] GC(577) Concurrent Undo Cycle
[2026-05-06T01:03:44.669+0100][20.955s][info][gc,marking     ] GC(577) Concurrent Clear Claimed Marks
[2026-05-06T01:03:44.669+0100][20.955s][info][gc,marking     ] GC(577) Concurrent Clear Claimed Marks 0.008ms
[2026-05-06T01:03:44.669+0100][20.955s][info][gc,marking     ] GC(577) Concurrent Cleanup for Next Mark
[2026-05-06T01:03:44.669+0100][20.955s][info][gc,marking     ] GC(577) Concurrent Cleanup for Next Mark 0.037ms
[2026-05-06T01:03:44.669+0100][20.955s][info][gc             ] GC(577) Concurrent Undo Cycle 0.072ms
[2026-05-06T01:03:44.710+0100][20.996s][info][gc,start       ] GC(578) Pause Young (Concurrent Start) (G1 Humongous Allocation)
[2026-05-06T01:03:44.710+0100][20.996s][info][gc,task        ] GC(578) Using 9 workers of 9 for evacuation
[2026-05-06T01:03:44.711+0100][20.997s][info][gc,phases      ] GC(578)   Pre Evacuate Collection Set: 0.1ms
[2026-05-06T01:03:44.711+0100][20.997s][info][gc,phases      ] GC(578)   Merge Heap Roots: 0.0ms
[2026-05-06T01:03:44.711+0100][20.997s][info][gc,phases      ] GC(578)   Evacuate Collection Set: 0.1ms
[2026-05-06T01:03:44.711+0100][20.997s][info][gc,phases      ] GC(578)   Post Evacuate Collection Set: 0.1ms
[2026-05-06T01:03:44.711+0100][20.997s][info][gc,phases      ] GC(578)   Other: 0.0ms
[2026-05-06T01:03:44.711+0100][20.997s][info][gc,heap        ] GC(578) Eden regions: 5->0(217)
[2026-05-06T01:03:44.711+0100][20.997s][info][gc,heap        ] GC(578) Survivor regions: 1->1(28)
[2026-05-06T01:03:44.711+0100][20.997s][info][gc,heap        ] GC(578) Old regions: 13->13
[2026-05-06T01:03:44.711+0100][20.997s][info][gc,heap        ] GC(578) Humongous regions: 169->96
[2026-05-06T01:03:44.711+0100][20.997s][info][gc,metaspace   ] GC(578) Metaspace: 19086K(19392K)->19086K(19392K) NonClass: 16850K(17024K)->16850K(17024K) Class: 2236K(2368K)->2236K(2368K)
[2026-05-06T01:03:44.711+0100][20.997s][info][gc             ] GC(578) Pause Young (Concurrent Start) (G1 Humongous Allocation) 358M->203M(728M) 0.510ms
[2026-05-06T01:03:44.711+0100][20.997s][info][gc,cpu         ] GC(578) User=0.00s Sys=0.00s Real=0.00s
[2026-05-06T01:03:44.711+0100][20.997s][info][gc             ] GC(579) Concurrent Undo Cycle
[2026-05-06T01:03:44.711+0100][20.997s][info][gc,marking     ] GC(579) Concurrent Clear Claimed Marks
[2026-05-06T01:03:44.711+0100][20.997s][info][gc,marking     ] GC(579) Concurrent Clear Claimed Marks 0.007ms
[2026-05-06T01:03:44.711+0100][20.997s][info][gc,marking     ] GC(579) Concurrent Cleanup for Next Mark
[2026-05-06T01:03:44.711+0100][20.997s][info][gc,marking     ] GC(579) Concurrent Cleanup for Next Mark 0.038ms
[2026-05-06T01:03:44.711+0100][20.997s][info][gc             ] GC(579) Concurrent Undo Cycle 0.069ms
[2026-05-06T01:03:44.752+0100][21.038s][info][gc,start       ] GC(580) Pause Young (Concurrent Start) (G1 Humongous Allocation)
[2026-05-06T01:03:44.752+0100][21.038s][info][gc,task        ] GC(580) Using 9 workers of 9 for evacuation
[2026-05-06T01:03:44.752+0100][21.039s][info][gc,phases      ] GC(580)   Pre Evacuate Collection Set: 0.1ms
[2026-05-06T01:03:44.752+0100][21.039s][info][gc,phases      ] GC(580)   Merge Heap Roots: 0.0ms
[2026-05-06T01:03:44.752+0100][21.039s][info][gc,phases      ] GC(580)   Evacuate Collection Set: 0.2ms
[2026-05-06T01:03:44.752+0100][21.039s][info][gc,phases      ] GC(580)   Post Evacuate Collection Set: 0.1ms
[2026-05-06T01:03:44.752+0100][21.039s][info][gc,phases      ] GC(580)   Other: 0.0ms
[2026-05-06T01:03:44.752+0100][21.039s][info][gc,heap        ] GC(580) Eden regions: 5->0(217)
[2026-05-06T01:03:44.752+0100][21.039s][info][gc,heap        ] GC(580) Survivor regions: 1->1(28)
[2026-05-06T01:03:44.752+0100][21.039s][info][gc,heap        ] GC(580) Old regions: 13->13
[2026-05-06T01:03:44.752+0100][21.039s][info][gc,heap        ] GC(580) Humongous regions: 169->96
[2026-05-06T01:03:44.752+0100][21.039s][info][gc,metaspace   ] GC(580) Metaspace: 19086K(19392K)->19086K(19392K) NonClass: 16850K(17024K)->16850K(17024K) Class: 2236K(2368K)->2236K(2368K)
[2026-05-06T01:03:44.752+0100][21.039s][info][gc             ] GC(580) Pause Young (Concurrent Start) (G1 Humongous Allocation) 358M->203M(728M) 0.510ms
[2026-05-06T01:03:44.752+0100][21.039s][info][gc,cpu         ] GC(580) User=0.00s Sys=0.00s Real=0.00s
[2026-05-06T01:03:44.752+0100][21.039s][info][gc             ] GC(581) Concurrent Undo Cycle
[2026-05-06T01:03:44.752+0100][21.039s][info][gc,marking     ] GC(581) Concurrent Clear Claimed Marks
[2026-05-06T01:03:44.752+0100][21.039s][info][gc,marking     ] GC(581) Concurrent Clear Claimed Marks 0.006ms
[2026-05-06T01:03:44.752+0100][21.039s][info][gc,marking     ] GC(581) Concurrent Cleanup for Next Mark
[2026-05-06T01:03:44.752+0100][21.039s][info][gc,marking     ] GC(581) Concurrent Cleanup for Next Mark 0.037ms
[2026-05-06T01:03:44.752+0100][21.039s][info][gc             ] GC(581) Concurrent Undo Cycle 0.067ms
[2026-05-06T01:03:44.794+0100][21.080s][info][gc,start       ] GC(582) Pause Young (Concurrent Start) (G1 Humongous Allocation)
[2026-05-06T01:03:44.794+0100][21.080s][info][gc,task        ] GC(582) Using 9 workers of 9 for evacuation
[2026-05-06T01:03:44.794+0100][21.080s][info][gc,phases      ] GC(582)   Pre Evacuate Collection Set: 0.1ms
[2026-05-06T01:03:44.794+0100][21.080s][info][gc,phases      ] GC(582)   Merge Heap Roots: 0.0ms
[2026-05-06T01:03:44.794+0100][21.080s][info][gc,phases      ] GC(582)   Evacuate Collection Set: 0.1ms
[2026-05-06T01:03:44.794+0100][21.080s][info][gc,phases      ] GC(582)   Post Evacuate Collection Set: 0.1ms
[2026-05-06T01:03:44.794+0100][21.081s][info][gc,phases      ] GC(582)   Other: 0.0ms
[2026-05-06T01:03:44.794+0100][21.081s][info][gc,heap        ] GC(582) Eden regions: 5->0(217)
[2026-05-06T01:03:44.794+0100][21.081s][info][gc,heap        ] GC(582) Survivor regions: 1->1(28)
[2026-05-06T01:03:44.794+0100][21.081s][info][gc,heap        ] GC(582) Old regions: 13->13
[2026-05-06T01:03:44.794+0100][21.081s][info][gc,heap        ] GC(582) Humongous regions: 169->96
[2026-05-06T01:03:44.794+0100][21.081s][info][gc,metaspace   ] GC(582) Metaspace: 19086K(19392K)->19086K(19392K) NonClass: 16850K(17024K)->16850K(17024K) Class: 2236K(2368K)->2236K(2368K)
[2026-05-06T01:03:44.794+0100][21.081s][info][gc             ] GC(582) Pause Young (Concurrent Start) (G1 Humongous Allocation) 358M->203M(728M) 0.482ms
[2026-05-06T01:03:44.794+0100][21.081s][info][gc,cpu         ] GC(582) User=0.00s Sys=0.00s Real=0.00s
[2026-05-06T01:03:44.794+0100][21.081s][info][gc             ] GC(583) Concurrent Undo Cycle
[2026-05-06T01:03:44.794+0100][21.081s][info][gc,marking     ] GC(583) Concurrent Clear Claimed Marks
[2026-05-06T01:03:44.794+0100][21.081s][info][gc,marking     ] GC(583) Concurrent Clear Claimed Marks 0.007ms
[2026-05-06T01:03:44.794+0100][21.081s][info][gc,marking     ] GC(583) Concurrent Cleanup for Next Mark
[2026-05-06T01:03:44.794+0100][21.081s][info][gc,marking     ] GC(583) Concurrent Cleanup for Next Mark 0.034ms
[2026-05-06T01:03:44.794+0100][21.081s][info][gc             ] GC(583) Concurrent Undo Cycle 0.064ms
[2026-05-06T01:03:44.836+0100][21.122s][info][gc,start       ] GC(584) Pause Young (Concurrent Start) (G1 Humongous Allocation)
[2026-05-06T01:03:44.836+0100][21.122s][info][gc,task        ] GC(584) Using 9 workers of 9 for evacuation
[2026-05-06T01:03:44.837+0100][21.123s][info][gc,phases      ] GC(584)   Pre Evacuate Collection Set: 0.1ms
[2026-05-06T01:03:44.837+0100][21.123s][info][gc,phases      ] GC(584)   Merge Heap Roots: 0.0ms
[2026-05-06T01:03:44.837+0100][21.123s][info][gc,phases      ] GC(584)   Evacuate Collection Set: 0.2ms
[2026-05-06T01:03:44.837+0100][21.123s][info][gc,phases      ] GC(584)   Post Evacuate Collection Set: 0.1ms
[2026-05-06T01:03:44.837+0100][21.123s][info][gc,phases      ] GC(584)   Other: 0.0ms
[2026-05-06T01:03:44.837+0100][21.123s][info][gc,heap        ] GC(584) Eden regions: 5->0(217)
[2026-05-06T01:03:44.837+0100][21.123s][info][gc,heap        ] GC(584) Survivor regions: 1->1(28)
[2026-05-06T01:03:44.837+0100][21.123s][info][gc,heap        ] GC(584) Old regions: 13->13
[2026-05-06T01:03:44.837+0100][21.123s][info][gc,heap        ] GC(584) Humongous regions: 169->96
[2026-05-06T01:03:44.837+0100][21.123s][info][gc,metaspace   ] GC(584) Metaspace: 19086K(19392K)->19086K(19392K) NonClass: 16850K(17024K)->16850K(17024K) Class: 2236K(2368K)->2236K(2368K)
[2026-05-06T01:03:44.837+0100][21.123s][info][gc             ] GC(584) Pause Young (Concurrent Start) (G1 Humongous Allocation) 358M->203M(728M) 0.559ms
[2026-05-06T01:03:44.837+0100][21.123s][info][gc,cpu         ] GC(584) User=0.00s Sys=0.00s Real=0.00s
[2026-05-06T01:03:44.837+0100][21.123s][info][gc             ] GC(585) Concurrent Undo Cycle
[2026-05-06T01:03:44.837+0100][21.123s][info][gc,marking     ] GC(585) Concurrent Clear Claimed Marks
[2026-05-06T01:03:44.837+0100][21.123s][info][gc,marking     ] GC(585) Concurrent Clear Claimed Marks 0.006ms
[2026-05-06T01:03:44.837+0100][21.123s][info][gc,marking     ] GC(585) Concurrent Cleanup for Next Mark
[2026-05-06T01:03:44.837+0100][21.123s][info][gc,marking     ] GC(585) Concurrent Cleanup for Next Mark 0.034ms
[2026-05-06T01:03:44.837+0100][21.123s][info][gc             ] GC(585) Concurrent Undo Cycle 0.064ms
[2026-05-06T01:03:44.878+0100][21.165s][info][gc,start       ] GC(586) Pause Young (Concurrent Start) (G1 Humongous Allocation)
[2026-05-06T01:03:44.878+0100][21.165s][info][gc,task        ] GC(586) Using 9 workers of 9 for evacuation
[2026-05-06T01:03:44.879+0100][21.165s][info][gc,phases      ] GC(586)   Pre Evacuate Collection Set: 0.1ms
[2026-05-06T01:03:44.879+0100][21.165s][info][gc,phases      ] GC(586)   Merge Heap Roots: 0.0ms
[2026-05-06T01:03:44.879+0100][21.165s][info][gc,phases      ] GC(586)   Evacuate Collection Set: 0.2ms
[2026-05-06T01:03:44.879+0100][21.165s][info][gc,phases      ] GC(586)   Post Evacuate Collection Set: 0.1ms
[2026-05-06T01:03:44.879+0100][21.165s][info][gc,phases      ] GC(586)   Other: 0.0ms
[2026-05-06T01:03:44.879+0100][21.165s][info][gc,heap        ] GC(586) Eden regions: 5->0(217)
[2026-05-06T01:03:44.879+0100][21.165s][info][gc,heap        ] GC(586) Survivor regions: 1->1(28)
[2026-05-06T01:03:44.879+0100][21.165s][info][gc,heap        ] GC(586) Old regions: 13->13
[2026-05-06T01:03:44.879+0100][21.165s][info][gc,heap        ] GC(586) Humongous regions: 169->96
[2026-05-06T01:03:44.879+0100][21.165s][info][gc,metaspace   ] GC(586) Metaspace: 19087K(19392K)->19087K(19392K) NonClass: 16850K(17024K)->16850K(17024K) Class: 2236K(2368K)->2236K(2368K)
[2026-05-06T01:03:44.879+0100][21.165s][info][gc             ] GC(586) Pause Young (Concurrent Start) (G1 Humongous Allocation) 358M->203M(728M) 0.587ms
[2026-05-06T01:03:44.879+0100][21.165s][info][gc,cpu         ] GC(586) User=0.00s Sys=0.00s Real=0.00s
[2026-05-06T01:03:44.879+0100][21.165s][info][gc             ] GC(587) Concurrent Undo Cycle
[2026-05-06T01:03:44.879+0100][21.165s][info][gc,marking     ] GC(587) Concurrent Clear Claimed Marks
[2026-05-06T01:03:44.879+0100][21.165s][info][gc,marking     ] GC(587) Concurrent Clear Claimed Marks 0.007ms
[2026-05-06T01:03:44.879+0100][21.165s][info][gc,marking     ] GC(587) Concurrent Cleanup for Next Mark
[2026-05-06T01:03:44.879+0100][21.165s][info][gc,marking     ] GC(587) Concurrent Cleanup for Next Mark 0.040ms
[2026-05-06T01:03:44.879+0100][21.165s][info][gc             ] GC(587) Concurrent Undo Cycle 0.070ms
[2026-05-06T01:03:44.920+0100][21.207s][info][gc,start       ] GC(588) Pause Young (Concurrent Start) (G1 Humongous Allocation)
[2026-05-06T01:03:44.920+0100][21.207s][info][gc,task        ] GC(588) Using 9 workers of 9 for evacuation
[2026-05-06T01:03:44.921+0100][21.207s][info][gc,phases      ] GC(588)   Pre Evacuate Collection Set: 0.1ms
[2026-05-06T01:03:44.921+0100][21.207s][info][gc,phases      ] GC(588)   Merge Heap Roots: 0.0ms
[2026-05-06T01:03:44.921+0100][21.207s][info][gc,phases      ] GC(588)   Evacuate Collection Set: 0.2ms
[2026-05-06T01:03:44.921+0100][21.207s][info][gc,phases      ] GC(588)   Post Evacuate Collection Set: 0.1ms
[2026-05-06T01:03:44.921+0100][21.207s][info][gc,phases      ] GC(588)   Other: 0.0ms
[2026-05-06T01:03:44.921+0100][21.207s][info][gc,heap        ] GC(588) Eden regions: 5->0(217)
[2026-05-06T01:03:44.921+0100][21.207s][info][gc,heap        ] GC(588) Survivor regions: 1->1(28)
[2026-05-06T01:03:44.921+0100][21.207s][info][gc,heap        ] GC(588) Old regions: 13->13
[2026-05-06T01:03:44.921+0100][21.207s][info][gc,heap        ] GC(588) Humongous regions: 169->96
[2026-05-06T01:03:44.921+0100][21.207s][info][gc,metaspace   ] GC(588) Metaspace: 19087K(19392K)->19087K(19392K) NonClass: 16850K(17024K)->16850K(17024K) Class: 2236K(2368K)->2236K(2368K)
[2026-05-06T01:03:44.921+0100][21.207s][info][gc             ] GC(588) Pause Young (Concurrent Start) (G1 Humongous Allocation) 358M->203M(728M) 0.562ms
[2026-05-06T01:03:44.921+0100][21.207s][info][gc,cpu         ] GC(588) User=0.00s Sys=0.00s Real=0.00s
[2026-05-06T01:03:44.921+0100][21.207s][info][gc             ] GC(589) Concurrent Undo Cycle
[2026-05-06T01:03:44.921+0100][21.207s][info][gc,marking     ] GC(589) Concurrent Clear Claimed Marks
[2026-05-06T01:03:44.921+0100][21.207s][info][gc,marking     ] GC(589) Concurrent Clear Claimed Marks 0.007ms
[2026-05-06T01:03:44.921+0100][21.207s][info][gc,marking     ] GC(589) Concurrent Cleanup for Next Mark
[2026-05-06T01:03:44.921+0100][21.207s][info][gc,marking     ] GC(589) Concurrent Cleanup for Next Mark 0.042ms
[2026-05-06T01:03:44.921+0100][21.207s][info][gc             ] GC(589) Concurrent Undo Cycle 0.072ms
[2026-05-06T01:03:44.962+0100][21.248s][info][gc,start       ] GC(590) Pause Young (Concurrent Start) (G1 Humongous Allocation)
[2026-05-06T01:03:44.962+0100][21.248s][info][gc,task        ] GC(590) Using 9 workers of 9 for evacuation
[2026-05-06T01:03:44.963+0100][21.249s][info][gc,phases      ] GC(590)   Pre Evacuate Collection Set: 0.1ms
[2026-05-06T01:03:44.963+0100][21.249s][info][gc,phases      ] GC(590)   Merge Heap Roots: 0.0ms
[2026-05-06T01:03:44.963+0100][21.249s][info][gc,phases      ] GC(590)   Evacuate Collection Set: 0.1ms
[2026-05-06T01:03:44.963+0100][21.249s][info][gc,phases      ] GC(590)   Post Evacuate Collection Set: 0.1ms
[2026-05-06T01:03:44.963+0100][21.249s][info][gc,phases      ] GC(590)   Other: 0.0ms
[2026-05-06T01:03:44.963+0100][21.249s][info][gc,heap        ] GC(590) Eden regions: 5->0(217)
[2026-05-06T01:03:44.963+0100][21.249s][info][gc,heap        ] GC(590) Survivor regions: 1->1(28)
[2026-05-06T01:03:44.963+0100][21.249s][info][gc,heap        ] GC(590) Old regions: 13->13
[2026-05-06T01:03:44.963+0100][21.249s][info][gc,heap        ] GC(590) Humongous regions: 169->96
[2026-05-06T01:03:44.963+0100][21.249s][info][gc,metaspace   ] GC(590) Metaspace: 19087K(19392K)->19087K(19392K) NonClass: 16850K(17024K)->16850K(17024K) Class: 2236K(2368K)->2236K(2368K)
[2026-05-06T01:03:44.963+0100][21.249s][info][gc             ] GC(590) Pause Young (Concurrent Start) (G1 Humongous Allocation) 358M->203M(728M) 0.527ms
[2026-05-06T01:03:44.963+0100][21.249s][info][gc,cpu         ] GC(590) User=0.00s Sys=0.00s Real=0.00s
[2026-05-06T01:03:44.963+0100][21.249s][info][gc             ] GC(591) Concurrent Undo Cycle
[2026-05-06T01:03:44.963+0100][21.249s][info][gc,marking     ] GC(591) Concurrent Clear Claimed Marks
[2026-05-06T01:03:44.963+0100][21.249s][info][gc,marking     ] GC(591) Concurrent Clear Claimed Marks 0.006ms
[2026-05-06T01:03:44.963+0100][21.249s][info][gc,marking     ] GC(591) Concurrent Cleanup for Next Mark
[2026-05-06T01:03:44.963+0100][21.249s][info][gc,marking     ] GC(591) Concurrent Cleanup for Next Mark 0.037ms
[2026-05-06T01:03:44.963+0100][21.249s][info][gc             ] GC(591) Concurrent Undo Cycle 0.069ms
[2026-05-06T01:03:44.987+0100][21.274s][info][gc,start       ] GC(592) Pause Full (System.gc())
[2026-05-06T01:03:44.987+0100][21.274s][info][gc,task        ] GC(592) Using 9 workers of 9 for full compaction
[2026-05-06T01:03:44.987+0100][21.274s][info][gc,phases,start] GC(592) Phase 1: Mark live objects
[2026-05-06T01:03:44.990+0100][21.276s][info][gc,phases      ] GC(592) Phase 1: Mark live objects 2.460ms
[2026-05-06T01:03:44.990+0100][21.276s][info][gc,phases,start] GC(592) Phase 2: Prepare compaction
[2026-05-06T01:03:44.990+0100][21.276s][info][gc,phases      ] GC(592) Phase 2: Prepare compaction 0.247ms
[2026-05-06T01:03:44.990+0100][21.276s][info][gc,phases,start] GC(592) Phase 3: Adjust pointers
[2026-05-06T01:03:44.992+0100][21.278s][info][gc,phases      ] GC(592) Phase 3: Adjust pointers 1.704ms
[2026-05-06T01:03:44.992+0100][21.278s][info][gc,phases,start] GC(592) Phase 4: Compact heap
[2026-05-06T01:03:44.992+0100][21.278s][info][gc,phases      ] GC(592) Phase 4: Compact heap 0.207ms
[2026-05-06T01:03:44.992+0100][21.278s][info][gc,phases,start] GC(592) Phase 5: Reset Metadata
[2026-05-06T01:03:44.992+0100][21.279s][info][gc,phases      ] GC(592) Phase 5: Reset Metadata 0.335ms
[2026-05-06T01:03:44.993+0100][21.279s][info][gc,heap        ] GC(592) Eden regions: 3->0(218)
[2026-05-06T01:03:44.993+0100][21.279s][info][gc,heap        ] GC(592) Survivor regions: 1->0(28)
[2026-05-06T01:03:44.993+0100][21.279s][info][gc,heap        ] GC(592) Old regions: 13->13
[2026-05-06T01:03:44.993+0100][21.279s][info][gc,heap        ] GC(592) Humongous regions: 169->96
[2026-05-06T01:03:44.993+0100][21.279s][info][gc,metaspace   ] GC(592) Metaspace: 19087K(19392K)->19087K(19392K) NonClass: 16850K(17024K)->16850K(17024K) Class: 2236K(2368K)->2236K(2368K)
[2026-05-06T01:03:44.993+0100][21.279s][info][gc             ] GC(592) Pause Full (System.gc()) 354M->203M(728M) 5.570ms
[2026-05-06T01:03:44.993+0100][21.279s][info][gc,cpu         ] GC(592) User=0.02s Sys=0.01s Real=0.01s
[2026-05-06T01:03:45.009+0100][21.295s][info][gc,start       ] GC(593) Pause Young (Concurrent Start) (G1 Humongous Allocation)
[2026-05-06T01:03:45.009+0100][21.295s][info][gc,task        ] GC(593) Using 9 workers of 9 for evacuation
[2026-05-06T01:03:45.010+0100][21.296s][info][gc,phases      ] GC(593)   Pre Evacuate Collection Set: 0.1ms
[2026-05-06T01:03:45.010+0100][21.296s][info][gc,phases      ] GC(593)   Merge Heap Roots: 0.0ms
[2026-05-06T01:03:45.010+0100][21.296s][info][gc,phases      ] GC(593)   Evacuate Collection Set: 0.2ms
[2026-05-06T01:03:45.010+0100][21.296s][info][gc,phases      ] GC(593)   Post Evacuate Collection Set: 0.1ms
[2026-05-06T01:03:45.010+0100][21.296s][info][gc,phases      ] GC(593)   Other: 0.0ms
[2026-05-06T01:03:45.010+0100][21.296s][info][gc,heap        ] GC(593) Eden regions: 5->0(217)
[2026-05-06T01:03:45.010+0100][21.296s][info][gc,heap        ] GC(593) Survivor regions: 0->1(28)
[2026-05-06T01:03:45.010+0100][21.296s][info][gc,heap        ] GC(593) Old regions: 13->13
[2026-05-06T01:03:45.010+0100][21.296s][info][gc,heap        ] GC(593) Humongous regions: 96->96
[2026-05-06T01:03:45.010+0100][21.296s][info][gc,metaspace   ] GC(593) Metaspace: 19087K(19392K)->19087K(19392K) NonClass: 16850K(17024K)->16850K(17024K) Class: 2236K(2368K)->2236K(2368K)
[2026-05-06T01:03:45.010+0100][21.296s][info][gc             ] GC(593) Pause Young (Concurrent Start) (G1 Humongous Allocation) 212M->203M(728M) 0.491ms
[2026-05-06T01:03:45.010+0100][21.296s][info][gc,cpu         ] GC(593) User=0.00s Sys=0.00s Real=0.01s
[2026-05-06T01:03:45.010+0100][21.296s][info][gc             ] GC(594) Concurrent Undo Cycle
[2026-05-06T01:03:45.010+0100][21.296s][info][gc,marking     ] GC(594) Concurrent Clear Claimed Marks
[2026-05-06T01:03:45.010+0100][21.296s][info][gc,marking     ] GC(594) Concurrent Clear Claimed Marks 0.007ms
[2026-05-06T01:03:45.010+0100][21.296s][info][gc,marking     ] GC(594) Concurrent Cleanup for Next Mark
[2026-05-06T01:03:45.010+0100][21.296s][info][gc,marking     ] GC(594) Concurrent Cleanup for Next Mark 0.041ms
[2026-05-06T01:03:45.010+0100][21.296s][info][gc             ] GC(594) Concurrent Undo Cycle 0.070ms
[2026-05-06T01:03:45.051+0100][21.337s][info][gc,start       ] GC(595) Pause Young (Concurrent Start) (G1 Humongous Allocation)
[2026-05-06T01:03:45.051+0100][21.337s][info][gc,task        ] GC(595) Using 9 workers of 9 for evacuation
[2026-05-06T01:03:45.051+0100][21.338s][info][gc,phases      ] GC(595)   Pre Evacuate Collection Set: 0.1ms
[2026-05-06T01:03:45.051+0100][21.338s][info][gc,phases      ] GC(595)   Merge Heap Roots: 0.0ms
[2026-05-06T01:03:45.051+0100][21.338s][info][gc,phases      ] GC(595)   Evacuate Collection Set: 0.1ms
[2026-05-06T01:03:45.051+0100][21.338s][info][gc,phases      ] GC(595)   Post Evacuate Collection Set: 0.1ms
[2026-05-06T01:03:45.051+0100][21.338s][info][gc,phases      ] GC(595)   Other: 0.0ms
[2026-05-06T01:03:45.051+0100][21.338s][info][gc,heap        ] GC(595) Eden regions: 4->0(217)
[2026-05-06T01:03:45.051+0100][21.338s][info][gc,heap        ] GC(595) Survivor regions: 1->1(28)
[2026-05-06T01:03:45.051+0100][21.338s][info][gc,heap        ] GC(595) Old regions: 13->13
[2026-05-06T01:03:45.051+0100][21.338s][info][gc,heap        ] GC(595) Humongous regions: 169->96
[2026-05-06T01:03:45.051+0100][21.338s][info][gc,metaspace   ] GC(595) Metaspace: 19087K(19392K)->19087K(19392K) NonClass: 16850K(17024K)->16850K(17024K) Class: 2236K(2368K)->2236K(2368K)
[2026-05-06T01:03:45.051+0100][21.338s][info][gc             ] GC(595) Pause Young (Concurrent Start) (G1 Humongous Allocation) 356M->203M(728M) 0.508ms
[2026-05-06T01:03:45.051+0100][21.338s][info][gc,cpu         ] GC(595) User=0.00s Sys=0.00s Real=0.00s
[2026-05-06T01:03:45.051+0100][21.338s][info][gc             ] GC(596) Concurrent Undo Cycle
[2026-05-06T01:03:45.051+0100][21.338s][info][gc,marking     ] GC(596) Concurrent Clear Claimed Marks
[2026-05-06T01:03:45.051+0100][21.338s][info][gc,marking     ] GC(596) Concurrent Clear Claimed Marks 0.007ms
[2026-05-06T01:03:45.051+0100][21.338s][info][gc,marking     ] GC(596) Concurrent Cleanup for Next Mark
[2026-05-06T01:03:45.051+0100][21.338s][info][gc,marking     ] GC(596) Concurrent Cleanup for Next Mark 0.039ms
[2026-05-06T01:03:45.051+0100][21.338s][info][gc             ] GC(596) Concurrent Undo Cycle 0.072ms
[2026-05-06T01:03:45.094+0100][21.380s][info][gc,start       ] GC(597) Pause Young (Concurrent Start) (G1 Humongous Allocation)
[2026-05-06T01:03:45.094+0100][21.380s][info][gc,task        ] GC(597) Using 9 workers of 9 for evacuation
[2026-05-06T01:03:45.094+0100][21.380s][info][gc,phases      ] GC(597)   Pre Evacuate Collection Set: 0.2ms
[2026-05-06T01:03:45.094+0100][21.381s][info][gc,phases      ] GC(597)   Merge Heap Roots: 0.0ms
[2026-05-06T01:03:45.094+0100][21.381s][info][gc,phases      ] GC(597)   Evacuate Collection Set: 0.2ms
[2026-05-06T01:03:45.094+0100][21.381s][info][gc,phases      ] GC(597)   Post Evacuate Collection Set: 0.1ms
[2026-05-06T01:03:45.094+0100][21.381s][info][gc,phases      ] GC(597)   Other: 0.0ms
[2026-05-06T01:03:45.094+0100][21.381s][info][gc,heap        ] GC(597) Eden regions: 5->0(217)
[2026-05-06T01:03:45.094+0100][21.381s][info][gc,heap        ] GC(597) Survivor regions: 1->1(28)
[2026-05-06T01:03:45.094+0100][21.381s][info][gc,heap        ] GC(597) Old regions: 13->13
[2026-05-06T01:03:45.094+0100][21.381s][info][gc,heap        ] GC(597) Humongous regions: 169->96
[2026-05-06T01:03:45.094+0100][21.381s][info][gc,metaspace   ] GC(597) Metaspace: 19087K(19392K)->19087K(19392K) NonClass: 16850K(17024K)->16850K(17024K) Class: 2236K(2368K)->2236K(2368K)
[2026-05-06T01:03:45.094+0100][21.381s][info][gc             ] GC(597) Pause Young (Concurrent Start) (G1 Humongous Allocation) 358M->203M(728M) 0.688ms
[2026-05-06T01:03:45.094+0100][21.381s][info][gc,cpu         ] GC(597) User=0.00s Sys=0.00s Real=0.00s
[2026-05-06T01:03:45.094+0100][21.381s][info][gc             ] GC(598) Concurrent Undo Cycle
[2026-05-06T01:03:45.094+0100][21.381s][info][gc,marking     ] GC(598) Concurrent Clear Claimed Marks
[2026-05-06T01:03:45.094+0100][21.381s][info][gc,marking     ] GC(598) Concurrent Clear Claimed Marks 0.010ms
[2026-05-06T01:03:45.094+0100][21.381s][info][gc,marking     ] GC(598) Concurrent Cleanup for Next Mark
[2026-05-06T01:03:45.094+0100][21.381s][info][gc,marking     ] GC(598) Concurrent Cleanup for Next Mark 0.041ms
[2026-05-06T01:03:45.094+0100][21.381s][info][gc             ] GC(598) Concurrent Undo Cycle 0.077ms
[2026-05-06T01:03:45.135+0100][21.421s][info][gc,start       ] GC(599) Pause Young (Concurrent Start) (G1 Humongous Allocation)
[2026-05-06T01:03:45.135+0100][21.421s][info][gc,task        ] GC(599) Using 9 workers of 9 for evacuation
[2026-05-06T01:03:45.136+0100][21.422s][info][gc,phases      ] GC(599)   Pre Evacuate Collection Set: 0.1ms
[2026-05-06T01:03:45.136+0100][21.422s][info][gc,phases      ] GC(599)   Merge Heap Roots: 0.0ms
[2026-05-06T01:03:45.136+0100][21.422s][info][gc,phases      ] GC(599)   Evacuate Collection Set: 0.1ms
[2026-05-06T01:03:45.136+0100][21.422s][info][gc,phases      ] GC(599)   Post Evacuate Collection Set: 0.1ms
[2026-05-06T01:03:45.136+0100][21.422s][info][gc,phases      ] GC(599)   Other: 0.0ms
[2026-05-06T01:03:45.136+0100][21.422s][info][gc,heap        ] GC(599) Eden regions: 5->0(217)
[2026-05-06T01:03:45.136+0100][21.422s][info][gc,heap        ] GC(599) Survivor regions: 1->1(28)
[2026-05-06T01:03:45.136+0100][21.422s][info][gc,heap        ] GC(599) Old regions: 13->13
[2026-05-06T01:03:45.136+0100][21.422s][info][gc,heap        ] GC(599) Humongous regions: 169->96
[2026-05-06T01:03:45.136+0100][21.422s][info][gc,metaspace   ] GC(599) Metaspace: 19087K(19392K)->19087K(19392K) NonClass: 16850K(17024K)->16850K(17024K) Class: 2236K(2368K)->2236K(2368K)
[2026-05-06T01:03:45.136+0100][21.422s][info][gc             ] GC(599) Pause Young (Concurrent Start) (G1 Humongous Allocation) 358M->203M(728M) 0.463ms
[2026-05-06T01:03:45.136+0100][21.422s][info][gc,cpu         ] GC(599) User=0.00s Sys=0.00s Real=0.00s
[2026-05-06T01:03:45.136+0100][21.422s][info][gc             ] GC(600) Concurrent Undo Cycle
[2026-05-06T01:03:45.136+0100][21.422s][info][gc,marking     ] GC(600) Concurrent Clear Claimed Marks
[2026-05-06T01:03:45.136+0100][21.422s][info][gc,marking     ] GC(600) Concurrent Clear Claimed Marks 0.007ms
[2026-05-06T01:03:45.136+0100][21.422s][info][gc,marking     ] GC(600) Concurrent Cleanup for Next Mark
[2026-05-06T01:03:45.136+0100][21.422s][info][gc,marking     ] GC(600) Concurrent Cleanup for Next Mark 0.038ms
[2026-05-06T01:03:45.136+0100][21.422s][info][gc             ] GC(600) Concurrent Undo Cycle 0.067ms
[2026-05-06T01:03:45.176+0100][21.463s][info][gc,start       ] GC(601) Pause Young (Concurrent Start) (G1 Humongous Allocation)
[2026-05-06T01:03:45.176+0100][21.463s][info][gc,task        ] GC(601) Using 9 workers of 9 for evacuation
[2026-05-06T01:03:45.177+0100][21.463s][info][gc,phases      ] GC(601)   Pre Evacuate Collection Set: 0.1ms
[2026-05-06T01:03:45.177+0100][21.463s][info][gc,phases      ] GC(601)   Merge Heap Roots: 0.0ms
[2026-05-06T01:03:45.177+0100][21.463s][info][gc,phases      ] GC(601)   Evacuate Collection Set: 0.1ms
[2026-05-06T01:03:45.177+0100][21.463s][info][gc,phases      ] GC(601)   Post Evacuate Collection Set: 0.1ms
[2026-05-06T01:03:45.177+0100][21.463s][info][gc,phases      ] GC(601)   Other: 0.0ms
[2026-05-06T01:03:45.177+0100][21.463s][info][gc,heap        ] GC(601) Eden regions: 5->0(217)
[2026-05-06T01:03:45.177+0100][21.463s][info][gc,heap        ] GC(601) Survivor regions: 1->1(28)
[2026-05-06T01:03:45.177+0100][21.463s][info][gc,heap        ] GC(601) Old regions: 13->13
[2026-05-06T01:03:45.177+0100][21.463s][info][gc,heap        ] GC(601) Humongous regions: 169->96
[2026-05-06T01:03:45.177+0100][21.463s][info][gc,metaspace   ] GC(601) Metaspace: 19087K(19392K)->19087K(19392K) NonClass: 16850K(17024K)->16850K(17024K) Class: 2236K(2368K)->2236K(2368K)
[2026-05-06T01:03:45.177+0100][21.463s][info][gc             ] GC(601) Pause Young (Concurrent Start) (G1 Humongous Allocation) 358M->203M(728M) 0.463ms
[2026-05-06T01:03:45.177+0100][21.463s][info][gc,cpu         ] GC(601) User=0.00s Sys=0.00s Real=0.00s
[2026-05-06T01:03:45.177+0100][21.463s][info][gc             ] GC(602) Concurrent Undo Cycle
[2026-05-06T01:03:45.177+0100][21.463s][info][gc,marking     ] GC(602) Concurrent Clear Claimed Marks
[2026-05-06T01:03:45.177+0100][21.463s][info][gc,marking     ] GC(602) Concurrent Clear Claimed Marks 0.006ms
[2026-05-06T01:03:45.177+0100][21.463s][info][gc,marking     ] GC(602) Concurrent Cleanup for Next Mark
[2026-05-06T01:03:45.177+0100][21.463s][info][gc,marking     ] GC(602) Concurrent Cleanup for Next Mark 0.035ms
[2026-05-06T01:03:45.177+0100][21.463s][info][gc             ] GC(602) Concurrent Undo Cycle 0.064ms
[2026-05-06T01:03:45.218+0100][21.504s][info][gc,start       ] GC(603) Pause Young (Concurrent Start) (G1 Humongous Allocation)
[2026-05-06T01:03:45.218+0100][21.504s][info][gc,task        ] GC(603) Using 9 workers of 9 for evacuation
[2026-05-06T01:03:45.218+0100][21.504s][info][gc,phases      ] GC(603)   Pre Evacuate Collection Set: 0.1ms
[2026-05-06T01:03:45.218+0100][21.504s][info][gc,phases      ] GC(603)   Merge Heap Roots: 0.0ms
[2026-05-06T01:03:45.218+0100][21.504s][info][gc,phases      ] GC(603)   Evacuate Collection Set: 0.1ms
[2026-05-06T01:03:45.218+0100][21.504s][info][gc,phases      ] GC(603)   Post Evacuate Collection Set: 0.1ms
[2026-05-06T01:03:45.218+0100][21.504s][info][gc,phases      ] GC(603)   Other: 0.0ms
[2026-05-06T01:03:45.218+0100][21.504s][info][gc,heap        ] GC(603) Eden regions: 5->0(217)
[2026-05-06T01:03:45.218+0100][21.504s][info][gc,heap        ] GC(603) Survivor regions: 1->1(28)
[2026-05-06T01:03:45.218+0100][21.504s][info][gc,heap        ] GC(603) Old regions: 13->13
[2026-05-06T01:03:45.218+0100][21.504s][info][gc,heap        ] GC(603) Humongous regions: 169->96
[2026-05-06T01:03:45.218+0100][21.504s][info][gc,metaspace   ] GC(603) Metaspace: 19087K(19392K)->19087K(19392K) NonClass: 16850K(17024K)->16850K(17024K) Class: 2236K(2368K)->2236K(2368K)
[2026-05-06T01:03:45.218+0100][21.504s][info][gc             ] GC(603) Pause Young (Concurrent Start) (G1 Humongous Allocation) 358M->203M(728M) 0.452ms
[2026-05-06T01:03:45.218+0100][21.504s][info][gc,cpu         ] GC(603) User=0.00s Sys=0.00s Real=0.00s
[2026-05-06T01:03:45.218+0100][21.504s][info][gc             ] GC(604) Concurrent Undo Cycle
[2026-05-06T01:03:45.218+0100][21.504s][info][gc,marking     ] GC(604) Concurrent Clear Claimed Marks
[2026-05-06T01:03:45.218+0100][21.504s][info][gc,marking     ] GC(604) Concurrent Clear Claimed Marks 0.007ms
[2026-05-06T01:03:45.218+0100][21.504s][info][gc,marking     ] GC(604) Concurrent Cleanup for Next Mark
[2026-05-06T01:03:45.218+0100][21.504s][info][gc,marking     ] GC(604) Concurrent Cleanup for Next Mark 0.038ms
[2026-05-06T01:03:45.218+0100][21.504s][info][gc             ] GC(604) Concurrent Undo Cycle 0.066ms
[2026-05-06T01:03:45.259+0100][21.545s][info][gc,start       ] GC(605) Pause Young (Concurrent Start) (G1 Humongous Allocation)
[2026-05-06T01:03:45.259+0100][21.545s][info][gc,task        ] GC(605) Using 9 workers of 9 for evacuation
[2026-05-06T01:03:45.259+0100][21.545s][info][gc,phases      ] GC(605)   Pre Evacuate Collection Set: 0.1ms
[2026-05-06T01:03:45.259+0100][21.545s][info][gc,phases      ] GC(605)   Merge Heap Roots: 0.0ms
[2026-05-06T01:03:45.259+0100][21.545s][info][gc,phases      ] GC(605)   Evacuate Collection Set: 0.1ms
[2026-05-06T01:03:45.259+0100][21.545s][info][gc,phases      ] GC(605)   Post Evacuate Collection Set: 0.1ms
[2026-05-06T01:03:45.259+0100][21.545s][info][gc,phases      ] GC(605)   Other: 0.0ms
[2026-05-06T01:03:45.259+0100][21.545s][info][gc,heap        ] GC(605) Eden regions: 5->0(217)
[2026-05-06T01:03:45.259+0100][21.545s][info][gc,heap        ] GC(605) Survivor regions: 1->1(28)
[2026-05-06T01:03:45.259+0100][21.545s][info][gc,heap        ] GC(605) Old regions: 13->13
[2026-05-06T01:03:45.259+0100][21.545s][info][gc,heap        ] GC(605) Humongous regions: 169->96
[2026-05-06T01:03:45.259+0100][21.545s][info][gc,metaspace   ] GC(605) Metaspace: 19087K(19392K)->19087K(19392K) NonClass: 16850K(17024K)->16850K(17024K) Class: 2236K(2368K)->2236K(2368K)
[2026-05-06T01:03:45.259+0100][21.545s][info][gc             ] GC(605) Pause Young (Concurrent Start) (G1 Humongous Allocation) 358M->203M(728M) 0.473ms
[2026-05-06T01:03:45.259+0100][21.545s][info][gc,cpu         ] GC(605) User=0.00s Sys=0.00s Real=0.00s
[2026-05-06T01:03:45.259+0100][21.545s][info][gc             ] GC(606) Concurrent Undo Cycle
[2026-05-06T01:03:45.259+0100][21.545s][info][gc,marking     ] GC(606) Concurrent Clear Claimed Marks
[2026-05-06T01:03:45.259+0100][21.545s][info][gc,marking     ] GC(606) Concurrent Clear Claimed Marks 0.006ms
[2026-05-06T01:03:45.259+0100][21.545s][info][gc,marking     ] GC(606) Concurrent Cleanup for Next Mark
[2026-05-06T01:03:45.259+0100][21.545s][info][gc,marking     ] GC(606) Concurrent Cleanup for Next Mark 0.040ms
[2026-05-06T01:03:45.259+0100][21.545s][info][gc             ] GC(606) Concurrent Undo Cycle 0.068ms
[2026-05-06T01:03:45.300+0100][21.586s][info][gc,start       ] GC(607) Pause Young (Concurrent Start) (G1 Humongous Allocation)
[2026-05-06T01:03:45.300+0100][21.586s][info][gc,task        ] GC(607) Using 9 workers of 9 for evacuation
[2026-05-06T01:03:45.301+0100][21.587s][info][gc,phases      ] GC(607)   Pre Evacuate Collection Set: 0.1ms
[2026-05-06T01:03:45.301+0100][21.587s][info][gc,phases      ] GC(607)   Merge Heap Roots: 0.0ms
[2026-05-06T01:03:45.301+0100][21.587s][info][gc,phases      ] GC(607)   Evacuate Collection Set: 0.1ms
[2026-05-06T01:03:45.301+0100][21.587s][info][gc,phases      ] GC(607)   Post Evacuate Collection Set: 0.1ms
[2026-05-06T01:03:45.301+0100][21.587s][info][gc,phases      ] GC(607)   Other: 0.0ms
[2026-05-06T01:03:45.301+0100][21.587s][info][gc,heap        ] GC(607) Eden regions: 5->0(217)
[2026-05-06T01:03:45.301+0100][21.587s][info][gc,heap        ] GC(607) Survivor regions: 1->1(28)
[2026-05-06T01:03:45.301+0100][21.587s][info][gc,heap        ] GC(607) Old regions: 13->13
[2026-05-06T01:03:45.301+0100][21.587s][info][gc,heap        ] GC(607) Humongous regions: 169->96
[2026-05-06T01:03:45.301+0100][21.587s][info][gc,metaspace   ] GC(607) Metaspace: 19087K(19392K)->19087K(19392K) NonClass: 16850K(17024K)->16850K(17024K) Class: 2236K(2368K)->2236K(2368K)
[2026-05-06T01:03:45.301+0100][21.587s][info][gc             ] GC(607) Pause Young (Concurrent Start) (G1 Humongous Allocation) 358M->203M(728M) 0.483ms
[2026-05-06T01:03:45.301+0100][21.587s][info][gc,cpu         ] GC(607) User=0.00s Sys=0.00s Real=0.00s
[2026-05-06T01:03:45.301+0100][21.587s][info][gc             ] GC(608) Concurrent Undo Cycle
[2026-05-06T01:03:45.301+0100][21.587s][info][gc,marking     ] GC(608) Concurrent Clear Claimed Marks
[2026-05-06T01:03:45.301+0100][21.587s][info][gc,marking     ] GC(608) Concurrent Clear Claimed Marks 0.007ms
[2026-05-06T01:03:45.301+0100][21.587s][info][gc,marking     ] GC(608) Concurrent Cleanup for Next Mark
[2026-05-06T01:03:45.301+0100][21.587s][info][gc,marking     ] GC(608) Concurrent Cleanup for Next Mark 0.027ms
[2026-05-06T01:03:45.301+0100][21.587s][info][gc             ] GC(608) Concurrent Undo Cycle 0.058ms
[2026-05-06T01:03:45.342+0100][21.628s][info][gc,start       ] GC(609) Pause Young (Concurrent Start) (G1 Humongous Allocation)
[2026-05-06T01:03:45.342+0100][21.628s][info][gc,task        ] GC(609) Using 9 workers of 9 for evacuation
[2026-05-06T01:03:45.342+0100][21.629s][info][gc,phases      ] GC(609)   Pre Evacuate Collection Set: 0.1ms
[2026-05-06T01:03:45.342+0100][21.629s][info][gc,phases      ] GC(609)   Merge Heap Roots: 0.0ms
[2026-05-06T01:03:45.342+0100][21.629s][info][gc,phases      ] GC(609)   Evacuate Collection Set: 0.1ms
[2026-05-06T01:03:45.342+0100][21.629s][info][gc,phases      ] GC(609)   Post Evacuate Collection Set: 0.1ms
[2026-05-06T01:03:45.342+0100][21.629s][info][gc,phases      ] GC(609)   Other: 0.0ms
[2026-05-06T01:03:45.342+0100][21.629s][info][gc,heap        ] GC(609) Eden regions: 5->0(217)
[2026-05-06T01:03:45.342+0100][21.629s][info][gc,heap        ] GC(609) Survivor regions: 1->1(28)
[2026-05-06T01:03:45.343+0100][21.629s][info][gc,heap        ] GC(609) Old regions: 13->13
[2026-05-06T01:03:45.343+0100][21.629s][info][gc,heap        ] GC(609) Humongous regions: 169->96
[2026-05-06T01:03:45.343+0100][21.629s][info][gc,metaspace   ] GC(609) Metaspace: 19087K(19392K)->19087K(19392K) NonClass: 16850K(17024K)->16850K(17024K) Class: 2236K(2368K)->2236K(2368K)
[2026-05-06T01:03:45.343+0100][21.629s][info][gc             ] GC(609) Pause Young (Concurrent Start) (G1 Humongous Allocation) 358M->203M(728M) 0.513ms
[2026-05-06T01:03:45.343+0100][21.629s][info][gc,cpu         ] GC(609) User=0.00s Sys=0.00s Real=0.00s
[2026-05-06T01:03:45.343+0100][21.629s][info][gc             ] GC(610) Concurrent Undo Cycle
[2026-05-06T01:03:45.343+0100][21.629s][info][gc,marking     ] GC(610) Concurrent Clear Claimed Marks
[2026-05-06T01:03:45.343+0100][21.629s][info][gc,marking     ] GC(610) Concurrent Clear Claimed Marks 0.007ms
[2026-05-06T01:03:45.343+0100][21.629s][info][gc,marking     ] GC(610) Concurrent Cleanup for Next Mark
[2026-05-06T01:03:45.343+0100][21.629s][info][gc,marking     ] GC(610) Concurrent Cleanup for Next Mark 0.038ms
[2026-05-06T01:03:45.343+0100][21.629s][info][gc             ] GC(610) Concurrent Undo Cycle 0.068ms
[2026-05-06T01:03:45.384+0100][21.670s][info][gc,start       ] GC(611) Pause Young (Concurrent Start) (G1 Humongous Allocation)
[2026-05-06T01:03:45.384+0100][21.670s][info][gc,task        ] GC(611) Using 9 workers of 9 for evacuation
[2026-05-06T01:03:45.385+0100][21.671s][info][gc,phases      ] GC(611)   Pre Evacuate Collection Set: 0.1ms
[2026-05-06T01:03:45.385+0100][21.671s][info][gc,phases      ] GC(611)   Merge Heap Roots: 0.0ms
[2026-05-06T01:03:45.385+0100][21.671s][info][gc,phases      ] GC(611)   Evacuate Collection Set: 0.2ms
[2026-05-06T01:03:45.385+0100][21.671s][info][gc,phases      ] GC(611)   Post Evacuate Collection Set: 0.1ms
[2026-05-06T01:03:45.385+0100][21.671s][info][gc,phases      ] GC(611)   Other: 0.0ms
[2026-05-06T01:03:45.385+0100][21.671s][info][gc,heap        ] GC(611) Eden regions: 5->0(217)
[2026-05-06T01:03:45.385+0100][21.671s][info][gc,heap        ] GC(611) Survivor regions: 1->1(28)
[2026-05-06T01:03:45.385+0100][21.671s][info][gc,heap        ] GC(611) Old regions: 13->13
[2026-05-06T01:03:45.385+0100][21.671s][info][gc,heap        ] GC(611) Humongous regions: 169->96
[2026-05-06T01:03:45.385+0100][21.671s][info][gc,metaspace   ] GC(611) Metaspace: 19087K(19392K)->19087K(19392K) NonClass: 16850K(17024K)->16850K(17024K) Class: 2236K(2368K)->2236K(2368K)
[2026-05-06T01:03:45.385+0100][21.671s][info][gc             ] GC(611) Pause Young (Concurrent Start) (G1 Humongous Allocation) 358M->203M(728M) 0.554ms
[2026-05-06T01:03:45.385+0100][21.671s][info][gc,cpu         ] GC(611) User=0.00s Sys=0.00s Real=0.00s
[2026-05-06T01:03:45.385+0100][21.671s][info][gc             ] GC(612) Concurrent Undo Cycle
[2026-05-06T01:03:45.385+0100][21.671s][info][gc,marking     ] GC(612) Concurrent Clear Claimed Marks
[2026-05-06T01:03:45.385+0100][21.671s][info][gc,marking     ] GC(612) Concurrent Clear Claimed Marks 0.006ms
[2026-05-06T01:03:45.385+0100][21.671s][info][gc,marking     ] GC(612) Concurrent Cleanup for Next Mark
[2026-05-06T01:03:45.385+0100][21.671s][info][gc,marking     ] GC(612) Concurrent Cleanup for Next Mark 0.034ms
[2026-05-06T01:03:45.385+0100][21.671s][info][gc             ] GC(612) Concurrent Undo Cycle 0.072ms
[2026-05-06T01:03:45.422+0100][21.708s][info][gc,start       ] GC(613) Pause Young (Concurrent Start) (G1 Humongous Allocation)
[2026-05-06T01:03:45.422+0100][21.708s][info][gc,task        ] GC(613) Using 9 workers of 9 for evacuation
[2026-05-06T01:03:45.423+0100][21.709s][info][gc,phases      ] GC(613)   Pre Evacuate Collection Set: 0.1ms
[2026-05-06T01:03:45.423+0100][21.709s][info][gc,phases      ] GC(613)   Merge Heap Roots: 0.0ms
[2026-05-06T01:03:45.423+0100][21.709s][info][gc,phases      ] GC(613)   Evacuate Collection Set: 0.2ms
[2026-05-06T01:03:45.423+0100][21.709s][info][gc,phases      ] GC(613)   Post Evacuate Collection Set: 0.1ms
[2026-05-06T01:03:45.423+0100][21.709s][info][gc,phases      ] GC(613)   Other: 0.0ms
[2026-05-06T01:03:45.423+0100][21.709s][info][gc,heap        ] GC(613) Eden regions: 3->0(217)
[2026-05-06T01:03:45.423+0100][21.709s][info][gc,heap        ] GC(613) Survivor regions: 1->1(28)
[2026-05-06T01:03:45.423+0100][21.709s][info][gc,heap        ] GC(613) Old regions: 13->13
[2026-05-06T01:03:45.423+0100][21.709s][info][gc,heap        ] GC(613) Humongous regions: 169->96
[2026-05-06T01:03:45.423+0100][21.709s][info][gc,metaspace   ] GC(613) Metaspace: 19087K(19392K)->19087K(19392K) NonClass: 16850K(17024K)->16850K(17024K) Class: 2236K(2368K)->2236K(2368K)
[2026-05-06T01:03:45.423+0100][21.709s][info][gc             ] GC(613) Pause Young (Concurrent Start) (G1 Humongous Allocation) 354M->203M(728M) 0.552ms
[2026-05-06T01:03:45.423+0100][21.709s][info][gc,cpu         ] GC(613) User=0.00s Sys=0.00s Real=0.00s
[2026-05-06T01:03:45.423+0100][21.709s][info][gc             ] GC(614) Concurrent Undo Cycle
[2026-05-06T01:03:45.423+0100][21.709s][info][gc,marking     ] GC(614) Concurrent Clear Claimed Marks
[2026-05-06T01:03:45.423+0100][21.709s][info][gc,marking     ] GC(614) Concurrent Clear Claimed Marks 0.007ms
[2026-05-06T01:03:45.423+0100][21.709s][info][gc,marking     ] GC(614) Concurrent Cleanup for Next Mark
[2026-05-06T01:03:45.423+0100][21.709s][info][gc,marking     ] GC(614) Concurrent Cleanup for Next Mark 0.038ms
[2026-05-06T01:03:45.423+0100][21.709s][info][gc             ] GC(614) Concurrent Undo Cycle 0.071ms
[2026-05-06T01:03:45.456+0100][21.742s][info][gc,start       ] GC(615) Pause Young (Concurrent Start) (G1 Humongous Allocation)
[2026-05-06T01:03:45.456+0100][21.742s][info][gc,task        ] GC(615) Using 9 workers of 9 for evacuation
[2026-05-06T01:03:45.457+0100][21.743s][info][gc,phases      ] GC(615)   Pre Evacuate Collection Set: 0.1ms
[2026-05-06T01:03:45.457+0100][21.743s][info][gc,phases      ] GC(615)   Merge Heap Roots: 0.0ms
[2026-05-06T01:03:45.457+0100][21.743s][info][gc,phases      ] GC(615)   Evacuate Collection Set: 0.2ms
[2026-05-06T01:03:45.457+0100][21.743s][info][gc,phases      ] GC(615)   Post Evacuate Collection Set: 0.1ms
[2026-05-06T01:03:45.457+0100][21.743s][info][gc,phases      ] GC(615)   Other: 0.0ms
[2026-05-06T01:03:45.457+0100][21.743s][info][gc,heap        ] GC(615) Eden regions: 1->0(217)
[2026-05-06T01:03:45.457+0100][21.743s][info][gc,heap        ] GC(615) Survivor regions: 1->1(28)
[2026-05-06T01:03:45.457+0100][21.743s][info][gc,heap        ] GC(615) Old regions: 13->13
[2026-05-06T01:03:45.457+0100][21.743s][info][gc,heap        ] GC(615) Humongous regions: 169->96
[2026-05-06T01:03:45.457+0100][21.743s][info][gc,metaspace   ] GC(615) Metaspace: 19087K(19392K)->19087K(19392K) NonClass: 16850K(17024K)->16850K(17024K) Class: 2236K(2368K)->2236K(2368K)
[2026-05-06T01:03:45.457+0100][21.743s][info][gc             ] GC(615) Pause Young (Concurrent Start) (G1 Humongous Allocation) 350M->203M(728M) 0.518ms
[2026-05-06T01:03:45.457+0100][21.743s][info][gc,cpu         ] GC(615) User=0.00s Sys=0.01s Real=0.00s
[2026-05-06T01:03:45.457+0100][21.743s][info][gc             ] GC(616) Concurrent Undo Cycle
[2026-05-06T01:03:45.457+0100][21.743s][info][gc,marking     ] GC(616) Concurrent Clear Claimed Marks
[2026-05-06T01:03:45.457+0100][21.743s][info][gc,marking     ] GC(616) Concurrent Clear Claimed Marks 0.006ms
[2026-05-06T01:03:45.457+0100][21.743s][info][gc,marking     ] GC(616) Concurrent Cleanup for Next Mark
[2026-05-06T01:03:45.457+0100][21.743s][info][gc,marking     ] GC(616) Concurrent Cleanup for Next Mark 0.040ms
[2026-05-06T01:03:45.457+0100][21.743s][info][gc             ] GC(616) Concurrent Undo Cycle 0.071ms
[2026-05-06T01:03:45.489+0100][21.775s][info][gc,start       ] GC(617) Pause Young (Concurrent Start) (G1 Humongous Allocation)
[2026-05-06T01:03:45.489+0100][21.775s][info][gc,task        ] GC(617) Using 9 workers of 9 for evacuation
[2026-05-06T01:03:45.489+0100][21.775s][info][gc,phases      ] GC(617)   Pre Evacuate Collection Set: 0.1ms
[2026-05-06T01:03:45.489+0100][21.775s][info][gc,phases      ] GC(617)   Merge Heap Roots: 0.0ms
[2026-05-06T01:03:45.489+0100][21.775s][info][gc,phases      ] GC(617)   Evacuate Collection Set: 0.1ms
[2026-05-06T01:03:45.489+0100][21.775s][info][gc,phases      ] GC(617)   Post Evacuate Collection Set: 0.1ms
[2026-05-06T01:03:45.489+0100][21.775s][info][gc,phases      ] GC(617)   Other: 0.0ms
[2026-05-06T01:03:45.489+0100][21.775s][info][gc,heap        ] GC(617) Eden regions: 1->0(217)
[2026-05-06T01:03:45.489+0100][21.775s][info][gc,heap        ] GC(617) Survivor regions: 1->1(28)
[2026-05-06T01:03:45.489+0100][21.775s][info][gc,heap        ] GC(617) Old regions: 13->13
[2026-05-06T01:03:45.489+0100][21.775s][info][gc,heap        ] GC(617) Humongous regions: 169->96
[2026-05-06T01:03:45.489+0100][21.775s][info][gc,metaspace   ] GC(617) Metaspace: 19087K(19392K)->19087K(19392K) NonClass: 16850K(17024K)->16850K(17024K) Class: 2236K(2368K)->2236K(2368K)
[2026-05-06T01:03:45.489+0100][21.775s][info][gc             ] GC(617) Pause Young (Concurrent Start) (G1 Humongous Allocation) 350M->203M(728M) 0.471ms
[2026-05-06T01:03:45.489+0100][21.775s][info][gc,cpu         ] GC(617) User=0.00s Sys=0.00s Real=0.00s
[2026-05-06T01:03:45.489+0100][21.775s][info][gc             ] GC(618) Concurrent Undo Cycle
[2026-05-06T01:03:45.489+0100][21.775s][info][gc,marking     ] GC(618) Concurrent Clear Claimed Marks
[2026-05-06T01:03:45.489+0100][21.775s][info][gc,marking     ] GC(618) Concurrent Clear Claimed Marks 0.007ms
[2026-05-06T01:03:45.489+0100][21.775s][info][gc,marking     ] GC(618) Concurrent Cleanup for Next Mark
[2026-05-06T01:03:45.489+0100][21.775s][info][gc,marking     ] GC(618) Concurrent Cleanup for Next Mark 0.038ms
[2026-05-06T01:03:45.489+0100][21.775s][info][gc             ] GC(618) Concurrent Undo Cycle 0.066ms
[2026-05-06T01:03:45.509+0100][21.795s][info][gc,start       ] GC(619) Pause Full (System.gc())
[2026-05-06T01:03:45.509+0100][21.795s][info][gc,task        ] GC(619) Using 9 workers of 9 for full compaction
[2026-05-06T01:03:45.509+0100][21.795s][info][gc,phases,start] GC(619) Phase 1: Mark live objects
[2026-05-06T01:03:45.512+0100][21.798s][info][gc,phases      ] GC(619) Phase 1: Mark live objects 2.411ms
[2026-05-06T01:03:45.512+0100][21.798s][info][gc,phases,start] GC(619) Phase 2: Prepare compaction
[2026-05-06T01:03:45.512+0100][21.798s][info][gc,phases      ] GC(619) Phase 2: Prepare compaction 0.259ms
[2026-05-06T01:03:45.512+0100][21.798s][info][gc,phases,start] GC(619) Phase 3: Adjust pointers
[2026-05-06T01:03:45.514+0100][21.800s][info][gc,phases      ] GC(619) Phase 3: Adjust pointers 1.668ms
[2026-05-06T01:03:45.514+0100][21.800s][info][gc,phases,start] GC(619) Phase 4: Compact heap
[2026-05-06T01:03:45.514+0100][21.800s][info][gc,phases      ] GC(619) Phase 4: Compact heap 0.202ms
[2026-05-06T01:03:45.514+0100][21.800s][info][gc,phases,start] GC(619) Phase 5: Reset Metadata
[2026-05-06T01:03:45.514+0100][21.800s][info][gc,phases      ] GC(619) Phase 5: Reset Metadata 0.332ms
[2026-05-06T01:03:45.515+0100][21.801s][info][gc,heap        ] GC(619) Eden regions: 1->0(218)
[2026-05-06T01:03:45.515+0100][21.801s][info][gc,heap        ] GC(619) Survivor regions: 1->0(28)
[2026-05-06T01:03:45.515+0100][21.801s][info][gc,heap        ] GC(619) Old regions: 13->13
[2026-05-06T01:03:45.515+0100][21.801s][info][gc,heap        ] GC(619) Humongous regions: 169->96
[2026-05-06T01:03:45.515+0100][21.801s][info][gc,metaspace   ] GC(619) Metaspace: 19087K(19392K)->19087K(19392K) NonClass: 16850K(17024K)->16850K(17024K) Class: 2236K(2368K)->2236K(2368K)
[2026-05-06T01:03:45.515+0100][21.801s][info][gc             ] GC(619) Pause Full (System.gc()) 350M->203M(728M) 5.522ms
[2026-05-06T01:03:45.515+0100][21.801s][info][gc,cpu         ] GC(619) User=0.02s Sys=0.00s Real=0.01s
[2026-05-06T01:03:45.527+0100][21.813s][info][gc,start       ] GC(620) Pause Young (Concurrent Start) (G1 Humongous Allocation)
[2026-05-06T01:03:45.527+0100][21.813s][info][gc,task        ] GC(620) Using 9 workers of 9 for evacuation
[2026-05-06T01:03:45.527+0100][21.813s][info][gc,phases      ] GC(620)   Pre Evacuate Collection Set: 0.1ms
[2026-05-06T01:03:45.527+0100][21.813s][info][gc,phases      ] GC(620)   Merge Heap Roots: 0.0ms
[2026-05-06T01:03:45.527+0100][21.813s][info][gc,phases      ] GC(620)   Evacuate Collection Set: 0.1ms
[2026-05-06T01:03:45.527+0100][21.813s][info][gc,phases      ] GC(620)   Post Evacuate Collection Set: 0.1ms
[2026-05-06T01:03:45.527+0100][21.813s][info][gc,phases      ] GC(620)   Other: 0.0ms
[2026-05-06T01:03:45.527+0100][21.813s][info][gc,heap        ] GC(620) Eden regions: 1->0(217)
[2026-05-06T01:03:45.527+0100][21.813s][info][gc,heap        ] GC(620) Survivor regions: 0->1(28)
[2026-05-06T01:03:45.527+0100][21.813s][info][gc,heap        ] GC(620) Old regions: 13->13
[2026-05-06T01:03:45.527+0100][21.813s][info][gc,heap        ] GC(620) Humongous regions: 96->96
[2026-05-06T01:03:45.527+0100][21.813s][info][gc,metaspace   ] GC(620) Metaspace: 19087K(19392K)->19087K(19392K) NonClass: 16850K(17024K)->16850K(17024K) Class: 2236K(2368K)->2236K(2368K)
[2026-05-06T01:03:45.527+0100][21.813s][info][gc             ] GC(620) Pause Young (Concurrent Start) (G1 Humongous Allocation) 204M->203M(728M) 0.489ms
[2026-05-06T01:03:45.527+0100][21.813s][info][gc,cpu         ] GC(620) User=0.00s Sys=0.00s Real=0.00s
[2026-05-06T01:03:45.527+0100][21.813s][info][gc             ] GC(621) Concurrent Undo Cycle
[2026-05-06T01:03:45.527+0100][21.813s][info][gc,marking     ] GC(621) Concurrent Clear Claimed Marks
[2026-05-06T01:03:45.527+0100][21.813s][info][gc,marking     ] GC(621) Concurrent Clear Claimed Marks 0.007ms
[2026-05-06T01:03:45.527+0100][21.813s][info][gc,marking     ] GC(621) Concurrent Cleanup for Next Mark
[2026-05-06T01:03:45.527+0100][21.813s][info][gc,marking     ] GC(621) Concurrent Cleanup for Next Mark 0.037ms
[2026-05-06T01:03:45.527+0100][21.813s][info][gc             ] GC(621) Concurrent Undo Cycle 0.066ms
[2026-05-06T01:03:45.559+0100][21.845s][info][gc,start       ] GC(622) Pause Young (Concurrent Start) (G1 Humongous Allocation)
[2026-05-06T01:03:45.559+0100][21.845s][info][gc,task        ] GC(622) Using 9 workers of 9 for evacuation
[2026-05-06T01:03:45.560+0100][21.846s][info][gc,phases      ] GC(622)   Pre Evacuate Collection Set: 0.1ms
[2026-05-06T01:03:45.560+0100][21.846s][info][gc,phases      ] GC(622)   Merge Heap Roots: 0.0ms
[2026-05-06T01:03:45.560+0100][21.846s][info][gc,phases      ] GC(622)   Evacuate Collection Set: 0.1ms
[2026-05-06T01:03:45.560+0100][21.846s][info][gc,phases      ] GC(622)   Post Evacuate Collection Set: 0.1ms
[2026-05-06T01:03:45.560+0100][21.846s][info][gc,phases      ] GC(622)   Other: 0.0ms
[2026-05-06T01:03:45.560+0100][21.846s][info][gc,heap        ] GC(622) Eden regions: 1->0(217)
[2026-05-06T01:03:45.560+0100][21.846s][info][gc,heap        ] GC(622) Survivor regions: 1->1(28)
[2026-05-06T01:03:45.560+0100][21.846s][info][gc,heap        ] GC(622) Old regions: 13->13
[2026-05-06T01:03:45.560+0100][21.846s][info][gc,heap        ] GC(622) Humongous regions: 169->96
[2026-05-06T01:03:45.560+0100][21.846s][info][gc,metaspace   ] GC(622) Metaspace: 19087K(19392K)->19087K(19392K) NonClass: 16850K(17024K)->16850K(17024K) Class: 2236K(2368K)->2236K(2368K)
[2026-05-06T01:03:45.560+0100][21.846s][info][gc             ] GC(622) Pause Young (Concurrent Start) (G1 Humongous Allocation) 350M->203M(728M) 0.466ms
[2026-05-06T01:03:45.560+0100][21.846s][info][gc,cpu         ] GC(622) User=0.00s Sys=0.00s Real=0.01s
[2026-05-06T01:03:45.560+0100][21.846s][info][gc             ] GC(623) Concurrent Undo Cycle
[2026-05-06T01:03:45.560+0100][21.846s][info][gc,marking     ] GC(623) Concurrent Clear Claimed Marks
[2026-05-06T01:03:45.560+0100][21.846s][info][gc,marking     ] GC(623) Concurrent Clear Claimed Marks 0.007ms
[2026-05-06T01:03:45.560+0100][21.846s][info][gc,marking     ] GC(623) Concurrent Cleanup for Next Mark
[2026-05-06T01:03:45.560+0100][21.846s][info][gc,marking     ] GC(623) Concurrent Cleanup for Next Mark 0.034ms
[2026-05-06T01:03:45.560+0100][21.846s][info][gc             ] GC(623) Concurrent Undo Cycle 0.067ms
[2026-05-06T01:03:45.592+0100][21.878s][info][gc,start       ] GC(624) Pause Young (Concurrent Start) (G1 Humongous Allocation)
[2026-05-06T01:03:45.592+0100][21.878s][info][gc,task        ] GC(624) Using 9 workers of 9 for evacuation
[2026-05-06T01:03:45.592+0100][21.878s][info][gc,phases      ] GC(624)   Pre Evacuate Collection Set: 0.1ms
[2026-05-06T01:03:45.592+0100][21.878s][info][gc,phases      ] GC(624)   Merge Heap Roots: 0.0ms
[2026-05-06T01:03:45.592+0100][21.878s][info][gc,phases      ] GC(624)   Evacuate Collection Set: 0.1ms
[2026-05-06T01:03:45.592+0100][21.878s][info][gc,phases      ] GC(624)   Post Evacuate Collection Set: 0.1ms
[2026-05-06T01:03:45.592+0100][21.878s][info][gc,phases      ] GC(624)   Other: 0.0ms
[2026-05-06T01:03:45.592+0100][21.878s][info][gc,heap        ] GC(624) Eden regions: 1->0(217)
[2026-05-06T01:03:45.592+0100][21.878s][info][gc,heap        ] GC(624) Survivor regions: 1->1(28)
[2026-05-06T01:03:45.592+0100][21.878s][info][gc,heap        ] GC(624) Old regions: 13->13
[2026-05-06T01:03:45.592+0100][21.878s][info][gc,heap        ] GC(624) Humongous regions: 169->96
[2026-05-06T01:03:45.592+0100][21.878s][info][gc,metaspace   ] GC(624) Metaspace: 19087K(19392K)->19087K(19392K) NonClass: 16850K(17024K)->16850K(17024K) Class: 2236K(2368K)->2236K(2368K)
[2026-05-06T01:03:45.592+0100][21.878s][info][gc             ] GC(624) Pause Young (Concurrent Start) (G1 Humongous Allocation) 350M->203M(728M) 0.491ms
[2026-05-06T01:03:45.592+0100][21.878s][info][gc,cpu         ] GC(624) User=0.00s Sys=0.00s Real=0.00s
[2026-05-06T01:03:45.592+0100][21.878s][info][gc             ] GC(625) Concurrent Undo Cycle
[2026-05-06T01:03:45.592+0100][21.878s][info][gc,marking     ] GC(625) Concurrent Clear Claimed Marks
[2026-05-06T01:03:45.592+0100][21.878s][info][gc,marking     ] GC(625) Concurrent Clear Claimed Marks 0.007ms
[2026-05-06T01:03:45.592+0100][21.878s][info][gc,marking     ] GC(625) Concurrent Cleanup for Next Mark
[2026-05-06T01:03:45.592+0100][21.878s][info][gc,marking     ] GC(625) Concurrent Cleanup for Next Mark 0.030ms
[2026-05-06T01:03:45.592+0100][21.878s][info][gc             ] GC(625) Concurrent Undo Cycle 0.061ms
[2026-05-06T01:03:45.624+0100][21.910s][info][gc,start       ] GC(626) Pause Young (Concurrent Start) (G1 Humongous Allocation)
[2026-05-06T01:03:45.624+0100][21.910s][info][gc,task        ] GC(626) Using 9 workers of 9 for evacuation
[2026-05-06T01:03:45.625+0100][21.911s][info][gc,phases      ] GC(626)   Pre Evacuate Collection Set: 0.1ms
[2026-05-06T01:03:45.625+0100][21.911s][info][gc,phases      ] GC(626)   Merge Heap Roots: 0.0ms
[2026-05-06T01:03:45.625+0100][21.911s][info][gc,phases      ] GC(626)   Evacuate Collection Set: 0.1ms
[2026-05-06T01:03:45.625+0100][21.911s][info][gc,phases      ] GC(626)   Post Evacuate Collection Set: 0.1ms
[2026-05-06T01:03:45.625+0100][21.911s][info][gc,phases      ] GC(626)   Other: 0.0ms
[2026-05-06T01:03:45.625+0100][21.911s][info][gc,heap        ] GC(626) Eden regions: 1->0(217)
[2026-05-06T01:03:45.625+0100][21.911s][info][gc,heap        ] GC(626) Survivor regions: 1->1(28)
[2026-05-06T01:03:45.625+0100][21.911s][info][gc,heap        ] GC(626) Old regions: 13->13
[2026-05-06T01:03:45.625+0100][21.911s][info][gc,heap        ] GC(626) Humongous regions: 169->96
[2026-05-06T01:03:45.625+0100][21.911s][info][gc,metaspace   ] GC(626) Metaspace: 19087K(19392K)->19087K(19392K) NonClass: 16850K(17024K)->16850K(17024K) Class: 2236K(2368K)->2236K(2368K)
[2026-05-06T01:03:45.625+0100][21.911s][info][gc             ] GC(626) Pause Young (Concurrent Start) (G1 Humongous Allocation) 350M->203M(728M) 0.492ms
[2026-05-06T01:03:45.625+0100][21.911s][info][gc,cpu         ] GC(626) User=0.00s Sys=0.00s Real=0.00s
[2026-05-06T01:03:45.625+0100][21.911s][info][gc             ] GC(627) Concurrent Undo Cycle
[2026-05-06T01:03:45.625+0100][21.911s][info][gc,marking     ] GC(627) Concurrent Clear Claimed Marks
[2026-05-06T01:03:45.625+0100][21.911s][info][gc,marking     ] GC(627) Concurrent Clear Claimed Marks 0.007ms
[2026-05-06T01:03:45.625+0100][21.911s][info][gc,marking     ] GC(627) Concurrent Cleanup for Next Mark
[2026-05-06T01:03:45.625+0100][21.911s][info][gc,marking     ] GC(627) Concurrent Cleanup for Next Mark 0.038ms
[2026-05-06T01:03:45.625+0100][21.911s][info][gc             ] GC(627) Concurrent Undo Cycle 0.067ms
[2026-05-06T01:03:45.657+0100][21.943s][info][gc,start       ] GC(628) Pause Young (Concurrent Start) (G1 Humongous Allocation)
[2026-05-06T01:03:45.657+0100][21.943s][info][gc,task        ] GC(628) Using 9 workers of 9 for evacuation
[2026-05-06T01:03:45.657+0100][21.943s][info][gc,phases      ] GC(628)   Pre Evacuate Collection Set: 0.1ms
[2026-05-06T01:03:45.657+0100][21.943s][info][gc,phases      ] GC(628)   Merge Heap Roots: 0.0ms
[2026-05-06T01:03:45.657+0100][21.943s][info][gc,phases      ] GC(628)   Evacuate Collection Set: 0.1ms
[2026-05-06T01:03:45.657+0100][21.943s][info][gc,phases      ] GC(628)   Post Evacuate Collection Set: 0.1ms
[2026-05-06T01:03:45.657+0100][21.943s][info][gc,phases      ] GC(628)   Other: 0.0ms
[2026-05-06T01:03:45.657+0100][21.943s][info][gc,heap        ] GC(628) Eden regions: 1->0(217)
[2026-05-06T01:03:45.657+0100][21.943s][info][gc,heap        ] GC(628) Survivor regions: 1->1(28)
[2026-05-06T01:03:45.657+0100][21.943s][info][gc,heap        ] GC(628) Old regions: 13->13
[2026-05-06T01:03:45.657+0100][21.943s][info][gc,heap        ] GC(628) Humongous regions: 169->96
[2026-05-06T01:03:45.657+0100][21.943s][info][gc,metaspace   ] GC(628) Metaspace: 19087K(19392K)->19087K(19392K) NonClass: 16850K(17024K)->16850K(17024K) Class: 2236K(2368K)->2236K(2368K)
[2026-05-06T01:03:45.657+0100][21.943s][info][gc             ] GC(628) Pause Young (Concurrent Start) (G1 Humongous Allocation) 350M->203M(728M) 0.467ms
[2026-05-06T01:03:45.657+0100][21.943s][info][gc,cpu         ] GC(628) User=0.00s Sys=0.00s Real=0.00s
[2026-05-06T01:03:45.657+0100][21.943s][info][gc             ] GC(629) Concurrent Undo Cycle
[2026-05-06T01:03:45.657+0100][21.943s][info][gc,marking     ] GC(629) Concurrent Clear Claimed Marks
[2026-05-06T01:03:45.657+0100][21.943s][info][gc,marking     ] GC(629) Concurrent Clear Claimed Marks 0.006ms
[2026-05-06T01:03:45.657+0100][21.943s][info][gc,marking     ] GC(629) Concurrent Cleanup for Next Mark
[2026-05-06T01:03:45.657+0100][21.943s][info][gc,marking     ] GC(629) Concurrent Cleanup for Next Mark 0.033ms
[2026-05-06T01:03:45.657+0100][21.943s][info][gc             ] GC(629) Concurrent Undo Cycle 0.061ms
[2026-05-06T01:03:45.689+0100][21.975s][info][gc,start       ] GC(630) Pause Young (Concurrent Start) (G1 Humongous Allocation)
[2026-05-06T01:03:45.689+0100][21.975s][info][gc,task        ] GC(630) Using 9 workers of 9 for evacuation
[2026-05-06T01:03:45.690+0100][21.976s][info][gc,phases      ] GC(630)   Pre Evacuate Collection Set: 0.1ms
[2026-05-06T01:03:45.690+0100][21.976s][info][gc,phases      ] GC(630)   Merge Heap Roots: 0.0ms
[2026-05-06T01:03:45.690+0100][21.976s][info][gc,phases      ] GC(630)   Evacuate Collection Set: 0.2ms
[2026-05-06T01:03:45.690+0100][21.976s][info][gc,phases      ] GC(630)   Post Evacuate Collection Set: 0.1ms
[2026-05-06T01:03:45.690+0100][21.976s][info][gc,phases      ] GC(630)   Other: 0.0ms
[2026-05-06T01:03:45.690+0100][21.976s][info][gc,heap        ] GC(630) Eden regions: 1->0(217)
[2026-05-06T01:03:45.690+0100][21.976s][info][gc,heap        ] GC(630) Survivor regions: 1->1(28)
[2026-05-06T01:03:45.690+0100][21.976s][info][gc,heap        ] GC(630) Old regions: 13->13
[2026-05-06T01:03:45.690+0100][21.976s][info][gc,heap        ] GC(630) Humongous regions: 169->96
[2026-05-06T01:03:45.690+0100][21.976s][info][gc,metaspace   ] GC(630) Metaspace: 19087K(19392K)->19087K(19392K) NonClass: 16850K(17024K)->16850K(17024K) Class: 2236K(2368K)->2236K(2368K)
[2026-05-06T01:03:45.690+0100][21.976s][info][gc             ] GC(630) Pause Young (Concurrent Start) (G1 Humongous Allocation) 350M->203M(728M) 0.491ms
[2026-05-06T01:03:45.690+0100][21.976s][info][gc,cpu         ] GC(630) User=0.00s Sys=0.00s Real=0.01s
[2026-05-06T01:03:45.690+0100][21.976s][info][gc             ] GC(631) Concurrent Undo Cycle
[2026-05-06T01:03:45.690+0100][21.976s][info][gc,marking     ] GC(631) Concurrent Clear Claimed Marks
[2026-05-06T01:03:45.690+0100][21.976s][info][gc,marking     ] GC(631) Concurrent Clear Claimed Marks 0.007ms
[2026-05-06T01:03:45.690+0100][21.976s][info][gc,marking     ] GC(631) Concurrent Cleanup for Next Mark
[2026-05-06T01:03:45.690+0100][21.976s][info][gc,marking     ] GC(631) Concurrent Cleanup for Next Mark 0.034ms
[2026-05-06T01:03:45.690+0100][21.976s][info][gc             ] GC(631) Concurrent Undo Cycle 0.063ms
[2026-05-06T01:03:45.723+0100][22.009s][info][gc,start       ] GC(632) Pause Young (Concurrent Start) (G1 Humongous Allocation)
[2026-05-06T01:03:45.723+0100][22.009s][info][gc,task        ] GC(632) Using 9 workers of 9 for evacuation
[2026-05-06T01:03:45.723+0100][22.009s][info][gc,phases      ] GC(632)   Pre Evacuate Collection Set: 0.1ms
[2026-05-06T01:03:45.723+0100][22.009s][info][gc,phases      ] GC(632)   Merge Heap Roots: 0.0ms
[2026-05-06T01:03:45.723+0100][22.009s][info][gc,phases      ] GC(632)   Evacuate Collection Set: 0.1ms
[2026-05-06T01:03:45.723+0100][22.009s][info][gc,phases      ] GC(632)   Post Evacuate Collection Set: 0.1ms
[2026-05-06T01:03:45.723+0100][22.009s][info][gc,phases      ] GC(632)   Other: 0.0ms
[2026-05-06T01:03:45.723+0100][22.009s][info][gc,heap        ] GC(632) Eden regions: 1->0(217)
[2026-05-06T01:03:45.723+0100][22.009s][info][gc,heap        ] GC(632) Survivor regions: 1->1(28)
[2026-05-06T01:03:45.723+0100][22.009s][info][gc,heap        ] GC(632) Old regions: 13->13
[2026-05-06T01:03:45.723+0100][22.009s][info][gc,heap        ] GC(632) Humongous regions: 169->96
[2026-05-06T01:03:45.723+0100][22.009s][info][gc,metaspace   ] GC(632) Metaspace: 19087K(19392K)->19087K(19392K) NonClass: 16850K(17024K)->16850K(17024K) Class: 2236K(2368K)->2236K(2368K)
[2026-05-06T01:03:45.723+0100][22.009s][info][gc             ] GC(632) Pause Young (Concurrent Start) (G1 Humongous Allocation) 350M->203M(728M) 0.497ms
[2026-05-06T01:03:45.723+0100][22.009s][info][gc,cpu         ] GC(632) User=0.00s Sys=0.00s Real=0.00s
[2026-05-06T01:03:45.723+0100][22.009s][info][gc             ] GC(633) Concurrent Undo Cycle
[2026-05-06T01:03:45.723+0100][22.009s][info][gc,marking     ] GC(633) Concurrent Clear Claimed Marks
[2026-05-06T01:03:45.723+0100][22.009s][info][gc,marking     ] GC(633) Concurrent Clear Claimed Marks 0.006ms
[2026-05-06T01:03:45.723+0100][22.009s][info][gc,marking     ] GC(633) Concurrent Cleanup for Next Mark
[2026-05-06T01:03:45.723+0100][22.010s][info][gc,marking     ] GC(633) Concurrent Cleanup for Next Mark 0.033ms
[2026-05-06T01:03:45.723+0100][22.010s][info][gc             ] GC(633) Concurrent Undo Cycle 0.062ms
[2026-05-06T01:03:45.755+0100][22.041s][info][gc,start       ] GC(634) Pause Young (Concurrent Start) (G1 Humongous Allocation)
[2026-05-06T01:03:45.755+0100][22.042s][info][gc,task        ] GC(634) Using 9 workers of 9 for evacuation
[2026-05-06T01:03:45.756+0100][22.042s][info][gc,phases      ] GC(634)   Pre Evacuate Collection Set: 0.1ms
[2026-05-06T01:03:45.756+0100][22.042s][info][gc,phases      ] GC(634)   Merge Heap Roots: 0.0ms
[2026-05-06T01:03:45.756+0100][22.042s][info][gc,phases      ] GC(634)   Evacuate Collection Set: 0.1ms
[2026-05-06T01:03:45.756+0100][22.042s][info][gc,phases      ] GC(634)   Post Evacuate Collection Set: 0.1ms
[2026-05-06T01:03:45.756+0100][22.042s][info][gc,phases      ] GC(634)   Other: 0.0ms
[2026-05-06T01:03:45.756+0100][22.042s][info][gc,heap        ] GC(634) Eden regions: 1->0(217)
[2026-05-06T01:03:45.756+0100][22.042s][info][gc,heap        ] GC(634) Survivor regions: 1->1(28)
[2026-05-06T01:03:45.756+0100][22.042s][info][gc,heap        ] GC(634) Old regions: 13->13
[2026-05-06T01:03:45.756+0100][22.042s][info][gc,heap        ] GC(634) Humongous regions: 169->96
[2026-05-06T01:03:45.756+0100][22.042s][info][gc,metaspace   ] GC(634) Metaspace: 19087K(19392K)->19087K(19392K) NonClass: 16850K(17024K)->16850K(17024K) Class: 2236K(2368K)->2236K(2368K)
[2026-05-06T01:03:45.756+0100][22.042s][info][gc             ] GC(634) Pause Young (Concurrent Start) (G1 Humongous Allocation) 350M->203M(728M) 0.506ms
[2026-05-06T01:03:45.756+0100][22.042s][info][gc,cpu         ] GC(634) User=0.00s Sys=0.00s Real=0.00s
[2026-05-06T01:03:45.756+0100][22.042s][info][gc             ] GC(635) Concurrent Undo Cycle
[2026-05-06T01:03:45.756+0100][22.042s][info][gc,marking     ] GC(635) Concurrent Clear Claimed Marks
[2026-05-06T01:03:45.756+0100][22.042s][info][gc,marking     ] GC(635) Concurrent Clear Claimed Marks 0.007ms
[2026-05-06T01:03:45.756+0100][22.042s][info][gc,marking     ] GC(635) Concurrent Cleanup for Next Mark
[2026-05-06T01:03:45.756+0100][22.042s][info][gc,marking     ] GC(635) Concurrent Cleanup for Next Mark 0.034ms
[2026-05-06T01:03:45.756+0100][22.042s][info][gc             ] GC(635) Concurrent Undo Cycle 0.063ms
[2026-05-06T01:03:45.788+0100][22.074s][info][gc,start       ] GC(636) Pause Young (Concurrent Start) (G1 Humongous Allocation)
[2026-05-06T01:03:45.788+0100][22.074s][info][gc,task        ] GC(636) Using 9 workers of 9 for evacuation
[2026-05-06T01:03:45.788+0100][22.075s][info][gc,phases      ] GC(636)   Pre Evacuate Collection Set: 0.1ms
[2026-05-06T01:03:45.788+0100][22.075s][info][gc,phases      ] GC(636)   Merge Heap Roots: 0.0ms
[2026-05-06T01:03:45.788+0100][22.075s][info][gc,phases      ] GC(636)   Evacuate Collection Set: 0.1ms
[2026-05-06T01:03:45.788+0100][22.075s][info][gc,phases      ] GC(636)   Post Evacuate Collection Set: 0.1ms
[2026-05-06T01:03:45.788+0100][22.075s][info][gc,phases      ] GC(636)   Other: 0.0ms
[2026-05-06T01:03:45.788+0100][22.075s][info][gc,heap        ] GC(636) Eden regions: 1->0(217)
[2026-05-06T01:03:45.788+0100][22.075s][info][gc,heap        ] GC(636) Survivor regions: 1->1(28)
[2026-05-06T01:03:45.788+0100][22.075s][info][gc,heap        ] GC(636) Old regions: 13->13
[2026-05-06T01:03:45.788+0100][22.075s][info][gc,heap        ] GC(636) Humongous regions: 169->96
[2026-05-06T01:03:45.788+0100][22.075s][info][gc,metaspace   ] GC(636) Metaspace: 19087K(19392K)->19087K(19392K) NonClass: 16850K(17024K)->16850K(17024K) Class: 2236K(2368K)->2236K(2368K)
[2026-05-06T01:03:45.788+0100][22.075s][info][gc             ] GC(636) Pause Young (Concurrent Start) (G1 Humongous Allocation) 350M->203M(728M) 0.494ms
[2026-05-06T01:03:45.788+0100][22.075s][info][gc,cpu         ] GC(636) User=0.00s Sys=0.00s Real=0.00s
[2026-05-06T01:03:45.788+0100][22.075s][info][gc             ] GC(637) Concurrent Undo Cycle
[2026-05-06T01:03:45.788+0100][22.075s][info][gc,marking     ] GC(637) Concurrent Clear Claimed Marks
[2026-05-06T01:03:45.788+0100][22.075s][info][gc,marking     ] GC(637) Concurrent Clear Claimed Marks 0.007ms
[2026-05-06T01:03:45.788+0100][22.075s][info][gc,marking     ] GC(637) Concurrent Cleanup for Next Mark
[2026-05-06T01:03:45.788+0100][22.075s][info][gc,marking     ] GC(637) Concurrent Cleanup for Next Mark 0.028ms
[2026-05-06T01:03:45.788+0100][22.075s][info][gc             ] GC(637) Concurrent Undo Cycle 0.058ms
[2026-05-06T01:03:45.820+0100][22.107s][info][gc,start       ] GC(638) Pause Young (Concurrent Start) (G1 Humongous Allocation)
[2026-05-06T01:03:45.820+0100][22.107s][info][gc,task        ] GC(638) Using 9 workers of 9 for evacuation
[2026-05-06T01:03:45.821+0100][22.107s][info][gc,phases      ] GC(638)   Pre Evacuate Collection Set: 0.1ms
[2026-05-06T01:03:45.821+0100][22.107s][info][gc,phases      ] GC(638)   Merge Heap Roots: 0.0ms
[2026-05-06T01:03:45.821+0100][22.107s][info][gc,phases      ] GC(638)   Evacuate Collection Set: 0.1ms
[2026-05-06T01:03:45.821+0100][22.107s][info][gc,phases      ] GC(638)   Post Evacuate Collection Set: 0.1ms
[2026-05-06T01:03:45.821+0100][22.107s][info][gc,phases      ] GC(638)   Other: 0.0ms
[2026-05-06T01:03:45.821+0100][22.107s][info][gc,heap        ] GC(638) Eden regions: 1->0(217)
[2026-05-06T01:03:45.821+0100][22.107s][info][gc,heap        ] GC(638) Survivor regions: 1->1(28)
[2026-05-06T01:03:45.821+0100][22.107s][info][gc,heap        ] GC(638) Old regions: 13->13
[2026-05-06T01:03:45.821+0100][22.107s][info][gc,heap        ] GC(638) Humongous regions: 169->96
[2026-05-06T01:03:45.821+0100][22.107s][info][gc,metaspace   ] GC(638) Metaspace: 19087K(19392K)->19087K(19392K) NonClass: 16850K(17024K)->16850K(17024K) Class: 2236K(2368K)->2236K(2368K)
[2026-05-06T01:03:45.821+0100][22.107s][info][gc             ] GC(638) Pause Young (Concurrent Start) (G1 Humongous Allocation) 350M->203M(728M) 0.485ms
[2026-05-06T01:03:45.821+0100][22.107s][info][gc,cpu         ] GC(638) User=0.00s Sys=0.00s Real=0.00s
[2026-05-06T01:03:45.821+0100][22.107s][info][gc             ] GC(639) Concurrent Undo Cycle
[2026-05-06T01:03:45.821+0100][22.107s][info][gc,marking     ] GC(639) Concurrent Clear Claimed Marks
[2026-05-06T01:03:45.821+0100][22.107s][info][gc,marking     ] GC(639) Concurrent Clear Claimed Marks 0.007ms
[2026-05-06T01:03:45.821+0100][22.107s][info][gc,marking     ] GC(639) Concurrent Cleanup for Next Mark
[2026-05-06T01:03:45.821+0100][22.107s][info][gc,marking     ] GC(639) Concurrent Cleanup for Next Mark 0.038ms
[2026-05-06T01:03:45.821+0100][22.107s][info][gc             ] GC(639) Concurrent Undo Cycle 0.066ms
[2026-05-06T01:03:45.854+0100][22.140s][info][gc,start       ] GC(640) Pause Young (Concurrent Start) (G1 Humongous Allocation)
[2026-05-06T01:03:45.854+0100][22.140s][info][gc,task        ] GC(640) Using 9 workers of 9 for evacuation
[2026-05-06T01:03:45.854+0100][22.140s][info][gc,phases      ] GC(640)   Pre Evacuate Collection Set: 0.1ms
[2026-05-06T01:03:45.854+0100][22.140s][info][gc,phases      ] GC(640)   Merge Heap Roots: 0.0ms
[2026-05-06T01:03:45.854+0100][22.140s][info][gc,phases      ] GC(640)   Evacuate Collection Set: 0.2ms
[2026-05-06T01:03:45.854+0100][22.140s][info][gc,phases      ] GC(640)   Post Evacuate Collection Set: 0.1ms
[2026-05-06T01:03:45.854+0100][22.140s][info][gc,phases      ] GC(640)   Other: 0.0ms
[2026-05-06T01:03:45.854+0100][22.140s][info][gc,heap        ] GC(640) Eden regions: 5->0(217)
[2026-05-06T01:03:45.854+0100][22.140s][info][gc,heap        ] GC(640) Survivor regions: 1->1(28)
[2026-05-06T01:03:45.854+0100][22.140s][info][gc,heap        ] GC(640) Old regions: 13->13
[2026-05-06T01:03:45.854+0100][22.140s][info][gc,heap        ] GC(640) Humongous regions: 169->96
[2026-05-06T01:03:45.854+0100][22.140s][info][gc,metaspace   ] GC(640) Metaspace: 19103K(19392K)->19103K(19392K) NonClass: 16867K(17024K)->16867K(17024K) Class: 2236K(2368K)->2236K(2368K)
[2026-05-06T01:03:45.854+0100][22.140s][info][gc             ] GC(640) Pause Young (Concurrent Start) (G1 Humongous Allocation) 359M->203M(728M) 0.566ms
[2026-05-06T01:03:45.854+0100][22.140s][info][gc,cpu         ] GC(640) User=0.00s Sys=0.00s Real=0.00s
[2026-05-06T01:03:45.854+0100][22.140s][info][gc             ] GC(641) Concurrent Undo Cycle
[2026-05-06T01:03:45.854+0100][22.140s][info][gc,marking     ] GC(641) Concurrent Clear Claimed Marks
[2026-05-06T01:03:45.854+0100][22.140s][info][gc,marking     ] GC(641) Concurrent Clear Claimed Marks 0.007ms
[2026-05-06T01:03:45.854+0100][22.140s][info][gc,marking     ] GC(641) Concurrent Cleanup for Next Mark
[2026-05-06T01:03:45.854+0100][22.140s][info][gc,marking     ] GC(641) Concurrent Cleanup for Next Mark 0.034ms
[2026-05-06T01:03:45.854+0100][22.140s][info][gc             ] GC(641) Concurrent Undo Cycle 0.066ms
[2026-05-06T01:03:45.887+0100][22.174s][info][gc,start       ] GC(642) Pause Young (Concurrent Start) (G1 Humongous Allocation)
[2026-05-06T01:03:45.888+0100][22.174s][info][gc,task        ] GC(642) Using 9 workers of 9 for evacuation
[2026-05-06T01:03:45.888+0100][22.174s][info][gc,phases      ] GC(642)   Pre Evacuate Collection Set: 0.1ms
[2026-05-06T01:03:45.888+0100][22.174s][info][gc,phases      ] GC(642)   Merge Heap Roots: 0.0ms
[2026-05-06T01:03:45.888+0100][22.174s][info][gc,phases      ] GC(642)   Evacuate Collection Set: 0.2ms
[2026-05-06T01:03:45.888+0100][22.174s][info][gc,phases      ] GC(642)   Post Evacuate Collection Set: 0.1ms
[2026-05-06T01:03:45.888+0100][22.174s][info][gc,phases      ] GC(642)   Other: 0.0ms
[2026-05-06T01:03:45.888+0100][22.174s][info][gc,heap        ] GC(642) Eden regions: 9->0(217)
[2026-05-06T01:03:45.888+0100][22.174s][info][gc,heap        ] GC(642) Survivor regions: 1->1(28)
[2026-05-06T01:03:45.888+0100][22.174s][info][gc,heap        ] GC(642) Old regions: 13->13
[2026-05-06T01:03:45.888+0100][22.174s][info][gc,heap        ] GC(642) Humongous regions: 169->96
[2026-05-06T01:03:45.888+0100][22.174s][info][gc,metaspace   ] GC(642) Metaspace: 19103K(19392K)->19103K(19392K) NonClass: 16867K(17024K)->16867K(17024K) Class: 2236K(2368K)->2236K(2368K)
[2026-05-06T01:03:45.888+0100][22.174s][info][gc             ] GC(642) Pause Young (Concurrent Start) (G1 Humongous Allocation) 366M->203M(728M) 0.559ms
[2026-05-06T01:03:45.888+0100][22.174s][info][gc,cpu         ] GC(642) User=0.00s Sys=0.00s Real=0.00s
[2026-05-06T01:03:45.888+0100][22.174s][info][gc             ] GC(643) Concurrent Undo Cycle
[2026-05-06T01:03:45.888+0100][22.174s][info][gc,marking     ] GC(643) Concurrent Clear Claimed Marks
[2026-05-06T01:03:45.888+0100][22.174s][info][gc,marking     ] GC(643) Concurrent Clear Claimed Marks 0.007ms
[2026-05-06T01:03:45.888+0100][22.174s][info][gc,marking     ] GC(643) Concurrent Cleanup for Next Mark
[2026-05-06T01:03:45.888+0100][22.174s][info][gc,marking     ] GC(643) Concurrent Cleanup for Next Mark 0.035ms
[2026-05-06T01:03:45.888+0100][22.174s][info][gc             ] GC(643) Concurrent Undo Cycle 0.069ms
[2026-05-06T01:03:45.921+0100][22.207s][info][gc,start       ] GC(644) Pause Young (Concurrent Start) (G1 Humongous Allocation)
[2026-05-06T01:03:45.921+0100][22.207s][info][gc,task        ] GC(644) Using 9 workers of 9 for evacuation
[2026-05-06T01:03:45.921+0100][22.207s][info][gc,phases      ] GC(644)   Pre Evacuate Collection Set: 0.1ms
[2026-05-06T01:03:45.921+0100][22.207s][info][gc,phases      ] GC(644)   Merge Heap Roots: 0.0ms
[2026-05-06T01:03:45.921+0100][22.207s][info][gc,phases      ] GC(644)   Evacuate Collection Set: 0.1ms
[2026-05-06T01:03:45.921+0100][22.207s][info][gc,phases      ] GC(644)   Post Evacuate Collection Set: 0.1ms
[2026-05-06T01:03:45.921+0100][22.207s][info][gc,phases      ] GC(644)   Other: 0.0ms
[2026-05-06T01:03:45.921+0100][22.207s][info][gc,heap        ] GC(644) Eden regions: 9->0(217)
[2026-05-06T01:03:45.921+0100][22.207s][info][gc,heap        ] GC(644) Survivor regions: 1->1(28)
[2026-05-06T01:03:45.921+0100][22.207s][info][gc,heap        ] GC(644) Old regions: 13->13
[2026-05-06T01:03:45.921+0100][22.207s][info][gc,heap        ] GC(644) Humongous regions: 169->96
[2026-05-06T01:03:45.921+0100][22.207s][info][gc,metaspace   ] GC(644) Metaspace: 19103K(19392K)->19103K(19392K) NonClass: 16867K(17024K)->16867K(17024K) Class: 2236K(2368K)->2236K(2368K)
[2026-05-06T01:03:45.921+0100][22.207s][info][gc             ] GC(644) Pause Young (Concurrent Start) (G1 Humongous Allocation) 366M->203M(728M) 0.510ms
[2026-05-06T01:03:45.921+0100][22.207s][info][gc,cpu         ] GC(644) User=0.00s Sys=0.00s Real=0.00s
[2026-05-06T01:03:45.921+0100][22.207s][info][gc             ] GC(645) Concurrent Undo Cycle
[2026-05-06T01:03:45.921+0100][22.207s][info][gc,marking     ] GC(645) Concurrent Clear Claimed Marks
[2026-05-06T01:03:45.921+0100][22.207s][info][gc,marking     ] GC(645) Concurrent Clear Claimed Marks 0.007ms
[2026-05-06T01:03:45.921+0100][22.207s][info][gc,marking     ] GC(645) Concurrent Cleanup for Next Mark
[2026-05-06T01:03:45.921+0100][22.207s][info][gc,marking     ] GC(645) Concurrent Cleanup for Next Mark 0.042ms
[2026-05-06T01:03:45.921+0100][22.207s][info][gc             ] GC(645) Concurrent Undo Cycle 0.071ms
[2026-05-06T01:03:45.942+0100][22.228s][info][gc,start       ] GC(646) Pause Full (System.gc())
[2026-05-06T01:03:45.942+0100][22.228s][info][gc,task        ] GC(646) Using 9 workers of 9 for full compaction
[2026-05-06T01:03:45.942+0100][22.228s][info][gc,phases,start] GC(646) Phase 1: Mark live objects
[2026-05-06T01:03:45.944+0100][22.230s][info][gc,phases      ] GC(646) Phase 1: Mark live objects 2.411ms
[2026-05-06T01:03:45.944+0100][22.230s][info][gc,phases,start] GC(646) Phase 2: Prepare compaction
[2026-05-06T01:03:45.945+0100][22.231s][info][gc,phases      ] GC(646) Phase 2: Prepare compaction 0.245ms
[2026-05-06T01:03:45.945+0100][22.231s][info][gc,phases,start] GC(646) Phase 3: Adjust pointers
[2026-05-06T01:03:45.946+0100][22.232s][info][gc,phases      ] GC(646) Phase 3: Adjust pointers 1.678ms
[2026-05-06T01:03:45.946+0100][22.232s][info][gc,phases,start] GC(646) Phase 4: Compact heap
[2026-05-06T01:03:45.946+0100][22.233s][info][gc,phases      ] GC(646) Phase 4: Compact heap 0.205ms
[2026-05-06T01:03:45.946+0100][22.233s][info][gc,phases,start] GC(646) Phase 5: Reset Metadata
[2026-05-06T01:03:45.947+0100][22.233s][info][gc,phases      ] GC(646) Phase 5: Reset Metadata 0.339ms
[2026-05-06T01:03:45.947+0100][22.233s][info][gc,heap        ] GC(646) Eden regions: 5->0(218)
[2026-05-06T01:03:45.947+0100][22.233s][info][gc,heap        ] GC(646) Survivor regions: 1->0(28)
[2026-05-06T01:03:45.947+0100][22.233s][info][gc,heap        ] GC(646) Old regions: 13->13
[2026-05-06T01:03:45.947+0100][22.233s][info][gc,heap        ] GC(646) Humongous regions: 169->96
[2026-05-06T01:03:45.947+0100][22.233s][info][gc,metaspace   ] GC(646) Metaspace: 19103K(19392K)->19103K(19392K) NonClass: 16867K(17024K)->16867K(17024K) Class: 2236K(2368K)->2236K(2368K)
[2026-05-06T01:03:45.947+0100][22.233s][info][gc             ] GC(646) Pause Full (System.gc()) 358M->203M(728M) 5.521ms
[2026-05-06T01:03:45.947+0100][22.234s][info][gc,cpu         ] GC(646) User=0.02s Sys=0.01s Real=0.00s
[2026-05-06T01:03:45.959+0100][22.246s][info][gc,start       ] GC(647) Pause Young (Concurrent Start) (G1 Humongous Allocation)
[2026-05-06T01:03:45.959+0100][22.246s][info][gc,task        ] GC(647) Using 9 workers of 9 for evacuation
[2026-05-06T01:03:45.960+0100][22.246s][info][gc,phases      ] GC(647)   Pre Evacuate Collection Set: 0.1ms
[2026-05-06T01:03:45.960+0100][22.246s][info][gc,phases      ] GC(647)   Merge Heap Roots: 0.0ms
[2026-05-06T01:03:45.960+0100][22.246s][info][gc,phases      ] GC(647)   Evacuate Collection Set: 0.2ms
[2026-05-06T01:03:45.960+0100][22.246s][info][gc,phases      ] GC(647)   Post Evacuate Collection Set: 0.1ms
[2026-05-06T01:03:45.960+0100][22.246s][info][gc,phases      ] GC(647)   Other: 0.0ms
[2026-05-06T01:03:45.960+0100][22.246s][info][gc,heap        ] GC(647) Eden regions: 8->0(217)
[2026-05-06T01:03:45.960+0100][22.246s][info][gc,heap        ] GC(647) Survivor regions: 0->1(28)
[2026-05-06T01:03:45.960+0100][22.246s][info][gc,heap        ] GC(647) Old regions: 13->13
[2026-05-06T01:03:45.960+0100][22.246s][info][gc,heap        ] GC(647) Humongous regions: 96->96
[2026-05-06T01:03:45.960+0100][22.246s][info][gc,metaspace   ] GC(647) Metaspace: 19103K(19392K)->19103K(19392K) NonClass: 16867K(17024K)->16867K(17024K) Class: 2236K(2368K)->2236K(2368K)
[2026-05-06T01:03:45.960+0100][22.246s][info][gc             ] GC(647) Pause Young (Concurrent Start) (G1 Humongous Allocation) 219M->203M(728M) 0.527ms
[2026-05-06T01:03:45.960+0100][22.246s][info][gc,cpu         ] GC(647) User=0.00s Sys=0.00s Real=0.01s
[2026-05-06T01:03:45.960+0100][22.246s][info][gc             ] GC(648) Concurrent Undo Cycle
[2026-05-06T01:03:45.960+0100][22.246s][info][gc,marking     ] GC(648) Concurrent Clear Claimed Marks
[2026-05-06T01:03:45.960+0100][22.246s][info][gc,marking     ] GC(648) Concurrent Clear Claimed Marks 0.007ms
[2026-05-06T01:03:45.960+0100][22.246s][info][gc,marking     ] GC(648) Concurrent Cleanup for Next Mark
[2026-05-06T01:03:45.960+0100][22.246s][info][gc,marking     ] GC(648) Concurrent Cleanup for Next Mark 0.040ms
[2026-05-06T01:03:45.960+0100][22.246s][info][gc             ] GC(648) Concurrent Undo Cycle 0.073ms
[2026-05-06T01:03:45.991+0100][22.278s][info][gc,start       ] GC(649) Pause Young (Concurrent Start) (G1 Humongous Allocation)
[2026-05-06T01:03:45.992+0100][22.278s][info][gc,task        ] GC(649) Using 9 workers of 9 for evacuation
[2026-05-06T01:03:45.992+0100][22.278s][info][gc,phases      ] GC(649)   Pre Evacuate Collection Set: 0.1ms
[2026-05-06T01:03:45.992+0100][22.278s][info][gc,phases      ] GC(649)   Merge Heap Roots: 0.0ms
[2026-05-06T01:03:45.992+0100][22.278s][info][gc,phases      ] GC(649)   Evacuate Collection Set: 0.1ms
[2026-05-06T01:03:45.992+0100][22.278s][info][gc,phases      ] GC(649)   Post Evacuate Collection Set: 0.1ms
[2026-05-06T01:03:45.992+0100][22.278s][info][gc,phases      ] GC(649)   Other: 0.0ms
[2026-05-06T01:03:45.992+0100][22.278s][info][gc,heap        ] GC(649) Eden regions: 7->0(217)
[2026-05-06T01:03:45.992+0100][22.278s][info][gc,heap        ] GC(649) Survivor regions: 1->1(28)
[2026-05-06T01:03:45.992+0100][22.278s][info][gc,heap        ] GC(649) Old regions: 13->13
[2026-05-06T01:03:45.992+0100][22.278s][info][gc,heap        ] GC(649) Humongous regions: 169->96
[2026-05-06T01:03:45.992+0100][22.278s][info][gc,metaspace   ] GC(649) Metaspace: 19103K(19392K)->19103K(19392K) NonClass: 16867K(17024K)->16867K(17024K) Class: 2236K(2368K)->2236K(2368K)
[2026-05-06T01:03:45.992+0100][22.278s][info][gc             ] GC(649) Pause Young (Concurrent Start) (G1 Humongous Allocation) 363M->203M(728M) 0.507ms
[2026-05-06T01:03:45.992+0100][22.278s][info][gc,cpu         ] GC(649) User=0.00s Sys=0.00s Real=0.00s
[2026-05-06T01:03:45.992+0100][22.278s][info][gc             ] GC(650) Concurrent Undo Cycle
[2026-05-06T01:03:45.992+0100][22.278s][info][gc,marking     ] GC(650) Concurrent Clear Claimed Marks
[2026-05-06T01:03:45.992+0100][22.278s][info][gc,marking     ] GC(650) Concurrent Clear Claimed Marks 0.005ms
[2026-05-06T01:03:45.992+0100][22.278s][info][gc,marking     ] GC(650) Concurrent Cleanup for Next Mark
[2026-05-06T01:03:45.992+0100][22.278s][info][gc,marking     ] GC(650) Concurrent Cleanup for Next Mark 0.033ms
[2026-05-06T01:03:45.992+0100][22.278s][info][gc             ] GC(650) Concurrent Undo Cycle 0.060ms
[2026-05-06T01:03:46.024+0100][22.310s][info][gc,start       ] GC(651) Pause Young (Concurrent Start) (G1 Humongous Allocation)
[2026-05-06T01:03:46.024+0100][22.310s][info][gc,task        ] GC(651) Using 9 workers of 9 for evacuation
[2026-05-06T01:03:46.024+0100][22.310s][info][gc,phases      ] GC(651)   Pre Evacuate Collection Set: 0.1ms
[2026-05-06T01:03:46.024+0100][22.310s][info][gc,phases      ] GC(651)   Merge Heap Roots: 0.0ms
[2026-05-06T01:03:46.024+0100][22.310s][info][gc,phases      ] GC(651)   Evacuate Collection Set: 0.1ms
[2026-05-06T01:03:46.024+0100][22.310s][info][gc,phases      ] GC(651)   Post Evacuate Collection Set: 0.1ms
[2026-05-06T01:03:46.024+0100][22.310s][info][gc,phases      ] GC(651)   Other: 0.0ms
[2026-05-06T01:03:46.024+0100][22.310s][info][gc,heap        ] GC(651) Eden regions: 9->0(217)
[2026-05-06T01:03:46.024+0100][22.310s][info][gc,heap        ] GC(651) Survivor regions: 1->1(28)
[2026-05-06T01:03:46.024+0100][22.310s][info][gc,heap        ] GC(651) Old regions: 13->13
[2026-05-06T01:03:46.024+0100][22.310s][info][gc,heap        ] GC(651) Humongous regions: 169->96
[2026-05-06T01:03:46.024+0100][22.310s][info][gc,metaspace   ] GC(651) Metaspace: 19103K(19392K)->19103K(19392K) NonClass: 16867K(17024K)->16867K(17024K) Class: 2236K(2368K)->2236K(2368K)
[2026-05-06T01:03:46.024+0100][22.310s][info][gc             ] GC(651) Pause Young (Concurrent Start) (G1 Humongous Allocation) 366M->203M(728M) 0.476ms
[2026-05-06T01:03:46.024+0100][22.310s][info][gc,cpu         ] GC(651) User=0.00s Sys=0.00s Real=0.00s
[2026-05-06T01:03:46.024+0100][22.310s][info][gc             ] GC(652) Concurrent Undo Cycle
[2026-05-06T01:03:46.024+0100][22.310s][info][gc,marking     ] GC(652) Concurrent Clear Claimed Marks
[2026-05-06T01:03:46.024+0100][22.310s][info][gc,marking     ] GC(652) Concurrent Clear Claimed Marks 0.006ms
[2026-05-06T01:03:46.024+0100][22.310s][info][gc,marking     ] GC(652) Concurrent Cleanup for Next Mark
[2026-05-06T01:03:46.024+0100][22.310s][info][gc,marking     ] GC(652) Concurrent Cleanup for Next Mark 0.028ms
[2026-05-06T01:03:46.024+0100][22.310s][info][gc             ] GC(652) Concurrent Undo Cycle 0.060ms
[2026-05-06T01:03:46.056+0100][22.342s][info][gc,start       ] GC(653) Pause Young (Concurrent Start) (G1 Humongous Allocation)
[2026-05-06T01:03:46.056+0100][22.342s][info][gc,task        ] GC(653) Using 9 workers of 9 for evacuation
[2026-05-06T01:03:46.056+0100][22.342s][info][gc,phases      ] GC(653)   Pre Evacuate Collection Set: 0.1ms
[2026-05-06T01:03:46.056+0100][22.342s][info][gc,phases      ] GC(653)   Merge Heap Roots: 0.0ms
[2026-05-06T01:03:46.056+0100][22.342s][info][gc,phases      ] GC(653)   Evacuate Collection Set: 0.1ms
[2026-05-06T01:03:46.056+0100][22.342s][info][gc,phases      ] GC(653)   Post Evacuate Collection Set: 0.1ms
[2026-05-06T01:03:46.056+0100][22.342s][info][gc,phases      ] GC(653)   Other: 0.0ms
[2026-05-06T01:03:46.056+0100][22.342s][info][gc,heap        ] GC(653) Eden regions: 7->0(217)
[2026-05-06T01:03:46.056+0100][22.342s][info][gc,heap        ] GC(653) Survivor regions: 1->1(28)
[2026-05-06T01:03:46.056+0100][22.342s][info][gc,heap        ] GC(653) Old regions: 13->13
[2026-05-06T01:03:46.056+0100][22.342s][info][gc,heap        ] GC(653) Humongous regions: 169->96
[2026-05-06T01:03:46.056+0100][22.342s][info][gc,metaspace   ] GC(653) Metaspace: 19103K(19392K)->19103K(19392K) NonClass: 16867K(17024K)->16867K(17024K) Class: 2236K(2368K)->2236K(2368K)
[2026-05-06T01:03:46.056+0100][22.342s][info][gc             ] GC(653) Pause Young (Concurrent Start) (G1 Humongous Allocation) 363M->203M(728M) 0.498ms
[2026-05-06T01:03:46.056+0100][22.342s][info][gc,cpu         ] GC(653) User=0.01s Sys=0.00s Real=0.00s
[2026-05-06T01:03:46.056+0100][22.342s][info][gc             ] GC(654) Concurrent Undo Cycle
[2026-05-06T01:03:46.056+0100][22.342s][info][gc,marking     ] GC(654) Concurrent Clear Claimed Marks
[2026-05-06T01:03:46.056+0100][22.342s][info][gc,marking     ] GC(654) Concurrent Clear Claimed Marks 0.005ms
[2026-05-06T01:03:46.056+0100][22.342s][info][gc,marking     ] GC(654) Concurrent Cleanup for Next Mark
[2026-05-06T01:03:46.056+0100][22.342s][info][gc,marking     ] GC(654) Concurrent Cleanup for Next Mark 0.031ms
[2026-05-06T01:03:46.056+0100][22.342s][info][gc             ] GC(654) Concurrent Undo Cycle 0.058ms
[2026-05-06T01:03:46.088+0100][22.374s][info][gc,start       ] GC(655) Pause Young (Concurrent Start) (G1 Humongous Allocation)
[2026-05-06T01:03:46.088+0100][22.374s][info][gc,task        ] GC(655) Using 9 workers of 9 for evacuation
[2026-05-06T01:03:46.089+0100][22.375s][info][gc,phases      ] GC(655)   Pre Evacuate Collection Set: 0.1ms
[2026-05-06T01:03:46.089+0100][22.375s][info][gc,phases      ] GC(655)   Merge Heap Roots: 0.0ms
[2026-05-06T01:03:46.089+0100][22.375s][info][gc,phases      ] GC(655)   Evacuate Collection Set: 0.1ms
[2026-05-06T01:03:46.089+0100][22.375s][info][gc,phases      ] GC(655)   Post Evacuate Collection Set: 0.1ms
[2026-05-06T01:03:46.089+0100][22.375s][info][gc,phases      ] GC(655)   Other: 0.0ms
[2026-05-06T01:03:46.089+0100][22.375s][info][gc,heap        ] GC(655) Eden regions: 6->0(217)
[2026-05-06T01:03:46.089+0100][22.375s][info][gc,heap        ] GC(655) Survivor regions: 1->1(28)
[2026-05-06T01:03:46.089+0100][22.375s][info][gc,heap        ] GC(655) Old regions: 13->13
[2026-05-06T01:03:46.089+0100][22.375s][info][gc,heap        ] GC(655) Humongous regions: 169->96
[2026-05-06T01:03:46.089+0100][22.375s][info][gc,metaspace   ] GC(655) Metaspace: 19103K(19392K)->19103K(19392K) NonClass: 16867K(17024K)->16867K(17024K) Class: 2236K(2368K)->2236K(2368K)
[2026-05-06T01:03:46.089+0100][22.375s][info][gc             ] GC(655) Pause Young (Concurrent Start) (G1 Humongous Allocation) 361M->203M(728M) 0.510ms
[2026-05-06T01:03:46.089+0100][22.375s][info][gc,cpu         ] GC(655) User=0.00s Sys=0.00s Real=0.00s
[2026-05-06T01:03:46.089+0100][22.375s][info][gc             ] GC(656) Concurrent Undo Cycle
[2026-05-06T01:03:46.089+0100][22.375s][info][gc,marking     ] GC(656) Concurrent Clear Claimed Marks
[2026-05-06T01:03:46.089+0100][22.375s][info][gc,marking     ] GC(656) Concurrent Clear Claimed Marks 0.006ms
[2026-05-06T01:03:46.089+0100][22.375s][info][gc,marking     ] GC(656) Concurrent Cleanup for Next Mark
[2026-05-06T01:03:46.089+0100][22.375s][info][gc,marking     ] GC(656) Concurrent Cleanup for Next Mark 0.031ms
[2026-05-06T01:03:46.089+0100][22.375s][info][gc             ] GC(656) Concurrent Undo Cycle 0.058ms
[2026-05-06T01:03:46.120+0100][22.407s][info][gc,start       ] GC(657) Pause Young (Concurrent Start) (G1 Humongous Allocation)
[2026-05-06T01:03:46.120+0100][22.407s][info][gc,task        ] GC(657) Using 9 workers of 9 for evacuation
[2026-05-06T01:03:46.121+0100][22.407s][info][gc,phases      ] GC(657)   Pre Evacuate Collection Set: 0.1ms
[2026-05-06T01:03:46.121+0100][22.407s][info][gc,phases      ] GC(657)   Merge Heap Roots: 0.0ms
[2026-05-06T01:03:46.121+0100][22.407s][info][gc,phases      ] GC(657)   Evacuate Collection Set: 0.1ms
[2026-05-06T01:03:46.121+0100][22.407s][info][gc,phases      ] GC(657)   Post Evacuate Collection Set: 0.1ms
[2026-05-06T01:03:46.121+0100][22.407s][info][gc,phases      ] GC(657)   Other: 0.0ms
[2026-05-06T01:03:46.121+0100][22.407s][info][gc,heap        ] GC(657) Eden regions: 6->0(217)
[2026-05-06T01:03:46.121+0100][22.407s][info][gc,heap        ] GC(657) Survivor regions: 1->1(28)
[2026-05-06T01:03:46.121+0100][22.407s][info][gc,heap        ] GC(657) Old regions: 13->13
[2026-05-06T01:03:46.121+0100][22.407s][info][gc,heap        ] GC(657) Humongous regions: 169->96
[2026-05-06T01:03:46.121+0100][22.407s][info][gc,metaspace   ] GC(657) Metaspace: 19103K(19392K)->19103K(19392K) NonClass: 16867K(17024K)->16867K(17024K) Class: 2236K(2368K)->2236K(2368K)
[2026-05-06T01:03:46.121+0100][22.407s][info][gc             ] GC(657) Pause Young (Concurrent Start) (G1 Humongous Allocation) 361M->203M(728M) 0.502ms
[2026-05-06T01:03:46.121+0100][22.407s][info][gc,cpu         ] GC(657) User=0.00s Sys=0.00s Real=0.00s
[2026-05-06T01:03:46.121+0100][22.407s][info][gc             ] GC(658) Concurrent Undo Cycle
[2026-05-06T01:03:46.121+0100][22.407s][info][gc,marking     ] GC(658) Concurrent Clear Claimed Marks
[2026-05-06T01:03:46.121+0100][22.407s][info][gc,marking     ] GC(658) Concurrent Clear Claimed Marks 0.006ms
[2026-05-06T01:03:46.121+0100][22.407s][info][gc,marking     ] GC(658) Concurrent Cleanup for Next Mark
[2026-05-06T01:03:46.121+0100][22.407s][info][gc,marking     ] GC(658) Concurrent Cleanup for Next Mark 0.028ms
[2026-05-06T01:03:46.121+0100][22.407s][info][gc             ] GC(658) Concurrent Undo Cycle 0.055ms
[2026-05-06T01:03:46.154+0100][22.440s][info][gc,start       ] GC(659) Pause Young (Concurrent Start) (G1 Humongous Allocation)
[2026-05-06T01:03:46.154+0100][22.440s][info][gc,task        ] GC(659) Using 9 workers of 9 for evacuation
[2026-05-06T01:03:46.154+0100][22.440s][info][gc,phases      ] GC(659)   Pre Evacuate Collection Set: 0.1ms
[2026-05-06T01:03:46.154+0100][22.440s][info][gc,phases      ] GC(659)   Merge Heap Roots: 0.0ms
[2026-05-06T01:03:46.154+0100][22.440s][info][gc,phases      ] GC(659)   Evacuate Collection Set: 0.1ms
[2026-05-06T01:03:46.154+0100][22.440s][info][gc,phases      ] GC(659)   Post Evacuate Collection Set: 0.1ms
[2026-05-06T01:03:46.154+0100][22.440s][info][gc,phases      ] GC(659)   Other: 0.0ms
[2026-05-06T01:03:46.154+0100][22.440s][info][gc,heap        ] GC(659) Eden regions: 6->0(217)
[2026-05-06T01:03:46.154+0100][22.440s][info][gc,heap        ] GC(659) Survivor regions: 1->1(28)
[2026-05-06T01:03:46.154+0100][22.440s][info][gc,heap        ] GC(659) Old regions: 13->13
[2026-05-06T01:03:46.154+0100][22.440s][info][gc,heap        ] GC(659) Humongous regions: 169->96
[2026-05-06T01:03:46.154+0100][22.440s][info][gc,metaspace   ] GC(659) Metaspace: 19103K(19392K)->19103K(19392K) NonClass: 16867K(17024K)->16867K(17024K) Class: 2236K(2368K)->2236K(2368K)
[2026-05-06T01:03:46.154+0100][22.440s][info][gc             ] GC(659) Pause Young (Concurrent Start) (G1 Humongous Allocation) 361M->203M(728M) 0.488ms
[2026-05-06T01:03:46.154+0100][22.440s][info][gc,cpu         ] GC(659) User=0.00s Sys=0.00s Real=0.00s
[2026-05-06T01:03:46.154+0100][22.440s][info][gc             ] GC(660) Concurrent Undo Cycle
[2026-05-06T01:03:46.154+0100][22.440s][info][gc,marking     ] GC(660) Concurrent Clear Claimed Marks
[2026-05-06T01:03:46.154+0100][22.440s][info][gc,marking     ] GC(660) Concurrent Clear Claimed Marks 0.007ms
[2026-05-06T01:03:46.154+0100][22.440s][info][gc,marking     ] GC(660) Concurrent Cleanup for Next Mark
[2026-05-06T01:03:46.154+0100][22.441s][info][gc,marking     ] GC(660) Concurrent Cleanup for Next Mark 0.034ms
[2026-05-06T01:03:46.154+0100][22.441s][info][gc             ] GC(660) Concurrent Undo Cycle 0.065ms
[2026-05-06T01:03:46.185+0100][22.471s][info][gc,start       ] GC(661) Pause Young (Concurrent Start) (G1 Humongous Allocation)
[2026-05-06T01:03:46.185+0100][22.471s][info][gc,task        ] GC(661) Using 9 workers of 9 for evacuation
[2026-05-06T01:03:46.185+0100][22.472s][info][gc,phases      ] GC(661)   Pre Evacuate Collection Set: 0.1ms
[2026-05-06T01:03:46.185+0100][22.472s][info][gc,phases      ] GC(661)   Merge Heap Roots: 0.0ms
[2026-05-06T01:03:46.185+0100][22.472s][info][gc,phases      ] GC(661)   Evacuate Collection Set: 0.1ms
[2026-05-06T01:03:46.185+0100][22.472s][info][gc,phases      ] GC(661)   Post Evacuate Collection Set: 0.1ms
[2026-05-06T01:03:46.185+0100][22.472s][info][gc,phases      ] GC(661)   Other: 0.0ms
[2026-05-06T01:03:46.185+0100][22.472s][info][gc,heap        ] GC(661) Eden regions: 6->0(217)
[2026-05-06T01:03:46.185+0100][22.472s][info][gc,heap        ] GC(661) Survivor regions: 1->1(28)
[2026-05-06T01:03:46.185+0100][22.472s][info][gc,heap        ] GC(661) Old regions: 13->13
[2026-05-06T01:03:46.185+0100][22.472s][info][gc,heap        ] GC(661) Humongous regions: 169->96
[2026-05-06T01:03:46.185+0100][22.472s][info][gc,metaspace   ] GC(661) Metaspace: 19103K(19392K)->19103K(19392K) NonClass: 16867K(17024K)->16867K(17024K) Class: 2236K(2368K)->2236K(2368K)
[2026-05-06T01:03:46.185+0100][22.472s][info][gc             ] GC(661) Pause Young (Concurrent Start) (G1 Humongous Allocation) 361M->203M(728M) 0.496ms
[2026-05-06T01:03:46.185+0100][22.472s][info][gc,cpu         ] GC(661) User=0.00s Sys=0.00s Real=0.00s
[2026-05-06T01:03:46.185+0100][22.472s][info][gc             ] GC(662) Concurrent Undo Cycle
[2026-05-06T01:03:46.185+0100][22.472s][info][gc,marking     ] GC(662) Concurrent Clear Claimed Marks
[2026-05-06T01:03:46.185+0100][22.472s][info][gc,marking     ] GC(662) Concurrent Clear Claimed Marks 0.006ms
[2026-05-06T01:03:46.185+0100][22.472s][info][gc,marking     ] GC(662) Concurrent Cleanup for Next Mark
[2026-05-06T01:03:46.185+0100][22.472s][info][gc,marking     ] GC(662) Concurrent Cleanup for Next Mark 0.038ms
[2026-05-06T01:03:46.185+0100][22.472s][info][gc             ] GC(662) Concurrent Undo Cycle 0.067ms
[2026-05-06T01:03:46.217+0100][22.503s][info][gc,start       ] GC(663) Pause Young (Concurrent Start) (G1 Humongous Allocation)
[2026-05-06T01:03:46.217+0100][22.503s][info][gc,task        ] GC(663) Using 9 workers of 9 for evacuation
[2026-05-06T01:03:46.218+0100][22.504s][info][gc,phases      ] GC(663)   Pre Evacuate Collection Set: 0.1ms
[2026-05-06T01:03:46.218+0100][22.504s][info][gc,phases      ] GC(663)   Merge Heap Roots: 0.0ms
[2026-05-06T01:03:46.218+0100][22.504s][info][gc,phases      ] GC(663)   Evacuate Collection Set: 0.1ms
[2026-05-06T01:03:46.218+0100][22.504s][info][gc,phases      ] GC(663)   Post Evacuate Collection Set: 0.1ms
[2026-05-06T01:03:46.218+0100][22.504s][info][gc,phases      ] GC(663)   Other: 0.0ms
[2026-05-06T01:03:46.218+0100][22.504s][info][gc,heap        ] GC(663) Eden regions: 6->0(217)
[2026-05-06T01:03:46.218+0100][22.504s][info][gc,heap        ] GC(663) Survivor regions: 1->1(28)
[2026-05-06T01:03:46.218+0100][22.504s][info][gc,heap        ] GC(663) Old regions: 13->13
[2026-05-06T01:03:46.218+0100][22.504s][info][gc,heap        ] GC(663) Humongous regions: 169->96
[2026-05-06T01:03:46.218+0100][22.504s][info][gc,metaspace   ] GC(663) Metaspace: 19103K(19392K)->19103K(19392K) NonClass: 16867K(17024K)->16867K(17024K) Class: 2236K(2368K)->2236K(2368K)
[2026-05-06T01:03:46.218+0100][22.504s][info][gc             ] GC(663) Pause Young (Concurrent Start) (G1 Humongous Allocation) 361M->203M(728M) 0.497ms
[2026-05-06T01:03:46.218+0100][22.504s][info][gc,cpu         ] GC(663) User=0.00s Sys=0.00s Real=0.00s
[2026-05-06T01:03:46.218+0100][22.504s][info][gc             ] GC(664) Concurrent Undo Cycle
[2026-05-06T01:03:46.218+0100][22.504s][info][gc,marking     ] GC(664) Concurrent Clear Claimed Marks
[2026-05-06T01:03:46.218+0100][22.504s][info][gc,marking     ] GC(664) Concurrent Clear Claimed Marks 0.007ms
[2026-05-06T01:03:46.218+0100][22.504s][info][gc,marking     ] GC(664) Concurrent Cleanup for Next Mark
[2026-05-06T01:03:46.218+0100][22.504s][info][gc,marking     ] GC(664) Concurrent Cleanup for Next Mark 0.038ms
[2026-05-06T01:03:46.218+0100][22.504s][info][gc             ] GC(664) Concurrent Undo Cycle 0.066ms
[2026-05-06T01:03:46.249+0100][22.535s][info][gc,start       ] GC(665) Pause Young (Concurrent Start) (G1 Humongous Allocation)
[2026-05-06T01:03:46.249+0100][22.535s][info][gc,task        ] GC(665) Using 9 workers of 9 for evacuation
[2026-05-06T01:03:46.250+0100][22.536s][info][gc,phases      ] GC(665)   Pre Evacuate Collection Set: 0.1ms
[2026-05-06T01:03:46.250+0100][22.536s][info][gc,phases      ] GC(665)   Merge Heap Roots: 0.0ms
[2026-05-06T01:03:46.250+0100][22.536s][info][gc,phases      ] GC(665)   Evacuate Collection Set: 0.1ms
[2026-05-06T01:03:46.250+0100][22.536s][info][gc,phases      ] GC(665)   Post Evacuate Collection Set: 0.1ms
[2026-05-06T01:03:46.250+0100][22.536s][info][gc,phases      ] GC(665)   Other: 0.0ms
[2026-05-06T01:03:46.250+0100][22.536s][info][gc,heap        ] GC(665) Eden regions: 6->0(217)
[2026-05-06T01:03:46.250+0100][22.536s][info][gc,heap        ] GC(665) Survivor regions: 1->1(28)
[2026-05-06T01:03:46.250+0100][22.536s][info][gc,heap        ] GC(665) Old regions: 13->13
[2026-05-06T01:03:46.250+0100][22.536s][info][gc,heap        ] GC(665) Humongous regions: 169->96
[2026-05-06T01:03:46.250+0100][22.536s][info][gc,metaspace   ] GC(665) Metaspace: 19103K(19392K)->19103K(19392K) NonClass: 16867K(17024K)->16867K(17024K) Class: 2236K(2368K)->2236K(2368K)
[2026-05-06T01:03:46.250+0100][22.536s][info][gc             ] GC(665) Pause Young (Concurrent Start) (G1 Humongous Allocation) 361M->203M(728M) 0.501ms
[2026-05-06T01:03:46.250+0100][22.536s][info][gc,cpu         ] GC(665) User=0.00s Sys=0.00s Real=0.01s
[2026-05-06T01:03:46.250+0100][22.536s][info][gc             ] GC(666) Concurrent Undo Cycle
[2026-05-06T01:03:46.250+0100][22.536s][info][gc,marking     ] GC(666) Concurrent Clear Claimed Marks
[2026-05-06T01:03:46.250+0100][22.536s][info][gc,marking     ] GC(666) Concurrent Clear Claimed Marks 0.007ms
[2026-05-06T01:03:46.250+0100][22.536s][info][gc,marking     ] GC(666) Concurrent Cleanup for Next Mark
[2026-05-06T01:03:46.250+0100][22.536s][info][gc,marking     ] GC(666) Concurrent Cleanup for Next Mark 0.035ms
[2026-05-06T01:03:46.250+0100][22.536s][info][gc             ] GC(666) Concurrent Undo Cycle 0.065ms
[2026-05-06T01:03:46.282+0100][22.568s][info][gc,start       ] GC(667) Pause Young (Concurrent Start) (G1 Humongous Allocation)
[2026-05-06T01:03:46.282+0100][22.568s][info][gc,task        ] GC(667) Using 9 workers of 9 for evacuation
[2026-05-06T01:03:46.282+0100][22.569s][info][gc,phases      ] GC(667)   Pre Evacuate Collection Set: 0.1ms
[2026-05-06T01:03:46.282+0100][22.569s][info][gc,phases      ] GC(667)   Merge Heap Roots: 0.0ms
[2026-05-06T01:03:46.282+0100][22.569s][info][gc,phases      ] GC(667)   Evacuate Collection Set: 0.2ms
[2026-05-06T01:03:46.282+0100][22.569s][info][gc,phases      ] GC(667)   Post Evacuate Collection Set: 0.1ms
[2026-05-06T01:03:46.282+0100][22.569s][info][gc,phases      ] GC(667)   Other: 0.0ms
[2026-05-06T01:03:46.282+0100][22.569s][info][gc,heap        ] GC(667) Eden regions: 6->0(217)
[2026-05-06T01:03:46.282+0100][22.569s][info][gc,heap        ] GC(667) Survivor regions: 1->1(28)
[2026-05-06T01:03:46.282+0100][22.569s][info][gc,heap        ] GC(667) Old regions: 13->13
[2026-05-06T01:03:46.282+0100][22.569s][info][gc,heap        ] GC(667) Humongous regions: 169->96
[2026-05-06T01:03:46.282+0100][22.569s][info][gc,metaspace   ] GC(667) Metaspace: 19106K(19392K)->19106K(19392K) NonClass: 16870K(17024K)->16870K(17024K) Class: 2236K(2368K)->2236K(2368K)
[2026-05-06T01:03:46.283+0100][22.569s][info][gc             ] GC(667) Pause Young (Concurrent Start) (G1 Humongous Allocation) 361M->203M(728M) 0.602ms
[2026-05-06T01:03:46.283+0100][22.569s][info][gc,cpu         ] GC(667) User=0.00s Sys=0.00s Real=0.00s
[2026-05-06T01:03:46.283+0100][22.569s][info][gc             ] GC(668) Concurrent Undo Cycle
[2026-05-06T01:03:46.283+0100][22.569s][info][gc,marking     ] GC(668) Concurrent Clear Claimed Marks
[2026-05-06T01:03:46.283+0100][22.569s][info][gc,marking     ] GC(668) Concurrent Clear Claimed Marks 0.051ms
[2026-05-06T01:03:46.283+0100][22.569s][info][gc,marking     ] GC(668) Concurrent Cleanup for Next Mark
[2026-05-06T01:03:46.283+0100][22.569s][info][gc,marking     ] GC(668) Concurrent Cleanup for Next Mark 0.065ms
[2026-05-06T01:03:46.283+0100][22.569s][info][gc             ] GC(668) Concurrent Undo Cycle 0.219ms
[2026-05-06T01:03:46.314+0100][22.601s][info][gc,start       ] GC(669) Pause Young (Concurrent Start) (G1 Humongous Allocation)
[2026-05-06T01:03:46.314+0100][22.601s][info][gc,task        ] GC(669) Using 9 workers of 9 for evacuation
[2026-05-06T01:03:46.315+0100][22.601s][info][gc,phases      ] GC(669)   Pre Evacuate Collection Set: 0.1ms
[2026-05-06T01:03:46.315+0100][22.601s][info][gc,phases      ] GC(669)   Merge Heap Roots: 0.0ms
[2026-05-06T01:03:46.315+0100][22.601s][info][gc,phases      ] GC(669)   Evacuate Collection Set: 0.2ms
[2026-05-06T01:03:46.315+0100][22.601s][info][gc,phases      ] GC(669)   Post Evacuate Collection Set: 0.1ms
[2026-05-06T01:03:46.315+0100][22.601s][info][gc,phases      ] GC(669)   Other: 0.0ms
[2026-05-06T01:03:46.315+0100][22.601s][info][gc,heap        ] GC(669) Eden regions: 6->0(217)
[2026-05-06T01:03:46.315+0100][22.601s][info][gc,heap        ] GC(669) Survivor regions: 1->1(28)
[2026-05-06T01:03:46.315+0100][22.601s][info][gc,heap        ] GC(669) Old regions: 13->13
[2026-05-06T01:03:46.315+0100][22.601s][info][gc,heap        ] GC(669) Humongous regions: 169->96
[2026-05-06T01:03:46.315+0100][22.601s][info][gc,metaspace   ] GC(669) Metaspace: 19106K(19392K)->19106K(19392K) NonClass: 16870K(17024K)->16870K(17024K) Class: 2236K(2368K)->2236K(2368K)
[2026-05-06T01:03:46.315+0100][22.601s][info][gc             ] GC(669) Pause Young (Concurrent Start) (G1 Humongous Allocation) 361M->203M(728M) 0.537ms
[2026-05-06T01:03:46.315+0100][22.601s][info][gc,cpu         ] GC(669) User=0.00s Sys=0.00s Real=0.00s
[2026-05-06T01:03:46.315+0100][22.601s][info][gc             ] GC(670) Concurrent Undo Cycle
[2026-05-06T01:03:46.315+0100][22.601s][info][gc,marking     ] GC(670) Concurrent Clear Claimed Marks
[2026-05-06T01:03:46.315+0100][22.601s][info][gc,marking     ] GC(670) Concurrent Clear Claimed Marks 0.007ms
[2026-05-06T01:03:46.315+0100][22.601s][info][gc,marking     ] GC(670) Concurrent Cleanup for Next Mark
[2026-05-06T01:03:46.315+0100][22.601s][info][gc,marking     ] GC(670) Concurrent Cleanup for Next Mark 0.037ms
[2026-05-06T01:03:46.315+0100][22.601s][info][gc             ] GC(670) Concurrent Undo Cycle 0.066ms
[2026-05-06T01:03:46.346+0100][22.632s][info][gc,start       ] GC(671) Pause Young (Concurrent Start) (G1 Humongous Allocation)
[2026-05-06T01:03:46.346+0100][22.632s][info][gc,task        ] GC(671) Using 9 workers of 9 for evacuation
[2026-05-06T01:03:46.346+0100][22.633s][info][gc,phases      ] GC(671)   Pre Evacuate Collection Set: 0.1ms
[2026-05-06T01:03:46.346+0100][22.633s][info][gc,phases      ] GC(671)   Merge Heap Roots: 0.0ms
[2026-05-06T01:03:46.346+0100][22.633s][info][gc,phases      ] GC(671)   Evacuate Collection Set: 0.1ms
[2026-05-06T01:03:46.346+0100][22.633s][info][gc,phases      ] GC(671)   Post Evacuate Collection Set: 0.1ms
[2026-05-06T01:03:46.346+0100][22.633s][info][gc,phases      ] GC(671)   Other: 0.0ms
[2026-05-06T01:03:46.346+0100][22.633s][info][gc,heap        ] GC(671) Eden regions: 6->0(217)
[2026-05-06T01:03:46.346+0100][22.633s][info][gc,heap        ] GC(671) Survivor regions: 1->1(28)
[2026-05-06T01:03:46.346+0100][22.633s][info][gc,heap        ] GC(671) Old regions: 13->13
[2026-05-06T01:03:46.346+0100][22.633s][info][gc,heap        ] GC(671) Humongous regions: 169->96
[2026-05-06T01:03:46.346+0100][22.633s][info][gc,metaspace   ] GC(671) Metaspace: 19106K(19392K)->19106K(19392K) NonClass: 16870K(17024K)->16870K(17024K) Class: 2236K(2368K)->2236K(2368K)
[2026-05-06T01:03:46.346+0100][22.633s][info][gc             ] GC(671) Pause Young (Concurrent Start) (G1 Humongous Allocation) 361M->203M(728M) 0.503ms
[2026-05-06T01:03:46.346+0100][22.633s][info][gc,cpu         ] GC(671) User=0.00s Sys=0.00s Real=0.00s
[2026-05-06T01:03:46.346+0100][22.633s][info][gc             ] GC(672) Concurrent Undo Cycle
[2026-05-06T01:03:46.346+0100][22.633s][info][gc,marking     ] GC(672) Concurrent Clear Claimed Marks
[2026-05-06T01:03:46.346+0100][22.633s][info][gc,marking     ] GC(672) Concurrent Clear Claimed Marks 0.006ms
[2026-05-06T01:03:46.346+0100][22.633s][info][gc,marking     ] GC(672) Concurrent Cleanup for Next Mark
[2026-05-06T01:03:46.346+0100][22.633s][info][gc,marking     ] GC(672) Concurrent Cleanup for Next Mark 0.032ms
[2026-05-06T01:03:46.346+0100][22.633s][info][gc             ] GC(672) Concurrent Undo Cycle 0.060ms
[2026-05-06T01:03:46.368+0100][22.654s][info][gc,start       ] GC(673) Pause Full (System.gc())
[2026-05-06T01:03:46.368+0100][22.654s][info][gc,task        ] GC(673) Using 9 workers of 9 for full compaction
[2026-05-06T01:03:46.368+0100][22.654s][info][gc,phases,start] GC(673) Phase 1: Mark live objects
[2026-05-06T01:03:46.370+0100][22.656s][info][gc,phases      ] GC(673) Phase 1: Mark live objects 2.270ms
[2026-05-06T01:03:46.370+0100][22.656s][info][gc,phases,start] GC(673) Phase 2: Prepare compaction
[2026-05-06T01:03:46.370+0100][22.657s][info][gc,phases      ] GC(673) Phase 2: Prepare compaction 0.258ms
[2026-05-06T01:03:46.370+0100][22.657s][info][gc,phases,start] GC(673) Phase 3: Adjust pointers
[2026-05-06T01:03:46.372+0100][22.658s][info][gc,phases      ] GC(673) Phase 3: Adjust pointers 1.662ms
[2026-05-06T01:03:46.372+0100][22.658s][info][gc,phases,start] GC(673) Phase 4: Compact heap
[2026-05-06T01:03:46.372+0100][22.658s][info][gc,phases      ] GC(673) Phase 4: Compact heap 0.200ms
[2026-05-06T01:03:46.372+0100][22.658s][info][gc,phases,start] GC(673) Phase 5: Reset Metadata
[2026-05-06T01:03:46.373+0100][22.659s][info][gc,phases      ] GC(673) Phase 5: Reset Metadata 0.359ms
[2026-05-06T01:03:46.373+0100][22.659s][info][gc,heap        ] GC(673) Eden regions: 3->0(218)
[2026-05-06T01:03:46.373+0100][22.659s][info][gc,heap        ] GC(673) Survivor regions: 1->0(28)
[2026-05-06T01:03:46.373+0100][22.659s][info][gc,heap        ] GC(673) Old regions: 13->13
[2026-05-06T01:03:46.373+0100][22.659s][info][gc,heap        ] GC(673) Humongous regions: 169->96
[2026-05-06T01:03:46.373+0100][22.659s][info][gc,metaspace   ] GC(673) Metaspace: 19106K(19392K)->19106K(19392K) NonClass: 16870K(17024K)->16870K(17024K) Class: 2236K(2368K)->2236K(2368K)
[2026-05-06T01:03:46.373+0100][22.659s][info][gc             ] GC(673) Pause Full (System.gc()) 355M->203M(728M) 5.380ms
[2026-05-06T01:03:46.373+0100][22.659s][info][gc,cpu         ] GC(673) User=0.02s Sys=0.01s Real=0.01s
[2026-05-06T01:03:46.385+0100][22.671s][info][gc,start       ] GC(674) Pause Young (Concurrent Start) (G1 Humongous Allocation)
[2026-05-06T01:03:46.385+0100][22.671s][info][gc,task        ] GC(674) Using 9 workers of 9 for evacuation
[2026-05-06T01:03:46.385+0100][22.672s][info][gc,phases      ] GC(674)   Pre Evacuate Collection Set: 0.1ms
[2026-05-06T01:03:46.385+0100][22.672s][info][gc,phases      ] GC(674)   Merge Heap Roots: 0.0ms
[2026-05-06T01:03:46.385+0100][22.672s][info][gc,phases      ] GC(674)   Evacuate Collection Set: 0.2ms
[2026-05-06T01:03:46.386+0100][22.672s][info][gc,phases      ] GC(674)   Post Evacuate Collection Set: 0.1ms
[2026-05-06T01:03:46.386+0100][22.672s][info][gc,phases      ] GC(674)   Other: 0.0ms
[2026-05-06T01:03:46.386+0100][22.672s][info][gc,heap        ] GC(674) Eden regions: 6->0(217)
[2026-05-06T01:03:46.386+0100][22.672s][info][gc,heap        ] GC(674) Survivor regions: 0->1(28)
[2026-05-06T01:03:46.386+0100][22.672s][info][gc,heap        ] GC(674) Old regions: 13->13
[2026-05-06T01:03:46.386+0100][22.672s][info][gc,heap        ] GC(674) Humongous regions: 96->96
[2026-05-06T01:03:46.386+0100][22.672s][info][gc,metaspace   ] GC(674) Metaspace: 19106K(19392K)->19106K(19392K) NonClass: 16870K(17024K)->16870K(17024K) Class: 2236K(2368K)->2236K(2368K)
[2026-05-06T01:03:46.386+0100][22.672s][info][gc             ] GC(674) Pause Young (Concurrent Start) (G1 Humongous Allocation) 214M->203M(728M) 0.518ms
[2026-05-06T01:03:46.386+0100][22.672s][info][gc,cpu         ] GC(674) User=0.00s Sys=0.00s Real=0.00s
[2026-05-06T01:03:46.386+0100][22.672s][info][gc             ] GC(675) Concurrent Undo Cycle
[2026-05-06T01:03:46.386+0100][22.672s][info][gc,marking     ] GC(675) Concurrent Clear Claimed Marks
[2026-05-06T01:03:46.386+0100][22.672s][info][gc,marking     ] GC(675) Concurrent Clear Claimed Marks 0.007ms
[2026-05-06T01:03:46.386+0100][22.672s][info][gc,marking     ] GC(675) Concurrent Cleanup for Next Mark
[2026-05-06T01:03:46.386+0100][22.672s][info][gc,marking     ] GC(675) Concurrent Cleanup for Next Mark 0.037ms
[2026-05-06T01:03:46.386+0100][22.672s][info][gc             ] GC(675) Concurrent Undo Cycle 0.066ms
[2026-05-06T01:03:46.417+0100][22.703s][info][gc,start       ] GC(676) Pause Young (Concurrent Start) (G1 Humongous Allocation)
[2026-05-06T01:03:46.417+0100][22.703s][info][gc,task        ] GC(676) Using 9 workers of 9 for evacuation
[2026-05-06T01:03:46.418+0100][22.704s][info][gc,phases      ] GC(676)   Pre Evacuate Collection Set: 0.1ms
[2026-05-06T01:03:46.418+0100][22.704s][info][gc,phases      ] GC(676)   Merge Heap Roots: 0.0ms
[2026-05-06T01:03:46.418+0100][22.704s][info][gc,phases      ] GC(676)   Evacuate Collection Set: 0.1ms
[2026-05-06T01:03:46.418+0100][22.704s][info][gc,phases      ] GC(676)   Post Evacuate Collection Set: 0.1ms
[2026-05-06T01:03:46.418+0100][22.704s][info][gc,phases      ] GC(676)   Other: 0.0ms
[2026-05-06T01:03:46.418+0100][22.704s][info][gc,heap        ] GC(676) Eden regions: 7->0(217)
[2026-05-06T01:03:46.418+0100][22.704s][info][gc,heap        ] GC(676) Survivor regions: 1->1(28)
[2026-05-06T01:03:46.418+0100][22.704s][info][gc,heap        ] GC(676) Old regions: 13->13
[2026-05-06T01:03:46.418+0100][22.704s][info][gc,heap        ] GC(676) Humongous regions: 169->96
[2026-05-06T01:03:46.418+0100][22.704s][info][gc,metaspace   ] GC(676) Metaspace: 19106K(19392K)->19106K(19392K) NonClass: 16870K(17024K)->16870K(17024K) Class: 2236K(2368K)->2236K(2368K)
[2026-05-06T01:03:46.418+0100][22.704s][info][gc             ] GC(676) Pause Young (Concurrent Start) (G1 Humongous Allocation) 363M->203M(728M) 0.496ms
[2026-05-06T01:03:46.418+0100][22.704s][info][gc,cpu         ] GC(676) User=0.00s Sys=0.00s Real=0.00s
[2026-05-06T01:03:46.418+0100][22.704s][info][gc             ] GC(677) Concurrent Undo Cycle
[2026-05-06T01:03:46.418+0100][22.704s][info][gc,marking     ] GC(677) Concurrent Clear Claimed Marks
[2026-05-06T01:03:46.418+0100][22.704s][info][gc,marking     ] GC(677) Concurrent Clear Claimed Marks 0.006ms
[2026-05-06T01:03:46.418+0100][22.704s][info][gc,marking     ] GC(677) Concurrent Cleanup for Next Mark
[2026-05-06T01:03:46.418+0100][22.704s][info][gc,marking     ] GC(677) Concurrent Cleanup for Next Mark 0.032ms
[2026-05-06T01:03:46.418+0100][22.704s][info][gc             ] GC(677) Concurrent Undo Cycle 0.062ms
[2026-05-06T01:03:46.449+0100][22.735s][info][gc,start       ] GC(678) Pause Young (Concurrent Start) (G1 Humongous Allocation)
[2026-05-06T01:03:46.449+0100][22.735s][info][gc,task        ] GC(678) Using 9 workers of 9 for evacuation
[2026-05-06T01:03:46.450+0100][22.736s][info][gc,phases      ] GC(678)   Pre Evacuate Collection Set: 0.1ms
[2026-05-06T01:03:46.450+0100][22.736s][info][gc,phases      ] GC(678)   Merge Heap Roots: 0.0ms
[2026-05-06T01:03:46.450+0100][22.736s][info][gc,phases      ] GC(678)   Evacuate Collection Set: 0.1ms
[2026-05-06T01:03:46.450+0100][22.736s][info][gc,phases      ] GC(678)   Post Evacuate Collection Set: 0.1ms
[2026-05-06T01:03:46.450+0100][22.736s][info][gc,phases      ] GC(678)   Other: 0.0ms
[2026-05-06T01:03:46.450+0100][22.736s][info][gc,heap        ] GC(678) Eden regions: 7->0(217)
[2026-05-06T01:03:46.450+0100][22.736s][info][gc,heap        ] GC(678) Survivor regions: 1->1(28)
[2026-05-06T01:03:46.450+0100][22.736s][info][gc,heap        ] GC(678) Old regions: 13->13
[2026-05-06T01:03:46.450+0100][22.736s][info][gc,heap        ] GC(678) Humongous regions: 169->96
[2026-05-06T01:03:46.450+0100][22.736s][info][gc,metaspace   ] GC(678) Metaspace: 19106K(19392K)->19106K(19392K) NonClass: 16870K(17024K)->16870K(17024K) Class: 2236K(2368K)->2236K(2368K)
[2026-05-06T01:03:46.450+0100][22.736s][info][gc             ] GC(678) Pause Young (Concurrent Start) (G1 Humongous Allocation) 363M->203M(728M) 0.505ms
[2026-05-06T01:03:46.450+0100][22.736s][info][gc,cpu         ] GC(678) User=0.00s Sys=0.00s Real=0.01s
[2026-05-06T01:03:46.450+0100][22.736s][info][gc             ] GC(679) Concurrent Undo Cycle
[2026-05-06T01:03:46.450+0100][22.736s][info][gc,marking     ] GC(679) Concurrent Clear Claimed Marks
[2026-05-06T01:03:46.450+0100][22.736s][info][gc,marking     ] GC(679) Concurrent Clear Claimed Marks 0.007ms
[2026-05-06T01:03:46.450+0100][22.736s][info][gc,marking     ] GC(679) Concurrent Cleanup for Next Mark
[2026-05-06T01:03:46.450+0100][22.736s][info][gc,marking     ] GC(679) Concurrent Cleanup for Next Mark 0.027ms
[2026-05-06T01:03:46.450+0100][22.736s][info][gc             ] GC(679) Concurrent Undo Cycle 0.058ms
[2026-05-06T01:03:46.481+0100][22.767s][info][gc,start       ] GC(680) Pause Young (Concurrent Start) (G1 Humongous Allocation)
[2026-05-06T01:03:46.481+0100][22.767s][info][gc,task        ] GC(680) Using 9 workers of 9 for evacuation
[2026-05-06T01:03:46.482+0100][22.768s][info][gc,phases      ] GC(680)   Pre Evacuate Collection Set: 0.1ms
[2026-05-06T01:03:46.482+0100][22.768s][info][gc,phases      ] GC(680)   Merge Heap Roots: 0.0ms
[2026-05-06T01:03:46.482+0100][22.768s][info][gc,phases      ] GC(680)   Evacuate Collection Set: 0.1ms
[2026-05-06T01:03:46.482+0100][22.768s][info][gc,phases      ] GC(680)   Post Evacuate Collection Set: 0.1ms
[2026-05-06T01:03:46.482+0100][22.768s][info][gc,phases      ] GC(680)   Other: 0.0ms
[2026-05-06T01:03:46.482+0100][22.768s][info][gc,heap        ] GC(680) Eden regions: 6->0(217)
[2026-05-06T01:03:46.482+0100][22.768s][info][gc,heap        ] GC(680) Survivor regions: 1->1(28)
[2026-05-06T01:03:46.482+0100][22.768s][info][gc,heap        ] GC(680) Old regions: 13->13
[2026-05-06T01:03:46.482+0100][22.768s][info][gc,heap        ] GC(680) Humongous regions: 169->96
[2026-05-06T01:03:46.482+0100][22.768s][info][gc,metaspace   ] GC(680) Metaspace: 19106K(19392K)->19106K(19392K) NonClass: 16870K(17024K)->16870K(17024K) Class: 2236K(2368K)->2236K(2368K)
[2026-05-06T01:03:46.482+0100][22.768s][info][gc             ] GC(680) Pause Young (Concurrent Start) (G1 Humongous Allocation) 361M->203M(728M) 0.497ms
[2026-05-06T01:03:46.482+0100][22.768s][info][gc,cpu         ] GC(680) User=0.00s Sys=0.00s Real=0.00s
[2026-05-06T01:03:46.482+0100][22.768s][info][gc             ] GC(681) Concurrent Undo Cycle
[2026-05-06T01:03:46.482+0100][22.768s][info][gc,marking     ] GC(681) Concurrent Clear Claimed Marks
[2026-05-06T01:03:46.482+0100][22.768s][info][gc,marking     ] GC(681) Concurrent Clear Claimed Marks 0.011ms
[2026-05-06T01:03:46.482+0100][22.768s][info][gc,marking     ] GC(681) Concurrent Cleanup for Next Mark
[2026-05-06T01:03:46.482+0100][22.768s][info][gc,marking     ] GC(681) Concurrent Cleanup for Next Mark 0.022ms
[2026-05-06T01:03:46.482+0100][22.768s][info][gc             ] GC(681) Concurrent Undo Cycle 0.060ms
[2026-05-06T01:03:46.513+0100][22.800s][info][gc,start       ] GC(682) Pause Young (Concurrent Start) (G1 Humongous Allocation)
[2026-05-06T01:03:46.513+0100][22.800s][info][gc,task        ] GC(682) Using 9 workers of 9 for evacuation
[2026-05-06T01:03:46.514+0100][22.800s][info][gc,phases      ] GC(682)   Pre Evacuate Collection Set: 0.1ms
[2026-05-06T01:03:46.514+0100][22.800s][info][gc,phases      ] GC(682)   Merge Heap Roots: 0.0ms
[2026-05-06T01:03:46.514+0100][22.800s][info][gc,phases      ] GC(682)   Evacuate Collection Set: 0.1ms
[2026-05-06T01:03:46.514+0100][22.800s][info][gc,phases      ] GC(682)   Post Evacuate Collection Set: 0.1ms
[2026-05-06T01:03:46.514+0100][22.800s][info][gc,phases      ] GC(682)   Other: 0.0ms
[2026-05-06T01:03:46.514+0100][22.800s][info][gc,heap        ] GC(682) Eden regions: 6->0(217)
[2026-05-06T01:03:46.514+0100][22.800s][info][gc,heap        ] GC(682) Survivor regions: 1->1(28)
[2026-05-06T01:03:46.514+0100][22.800s][info][gc,heap        ] GC(682) Old regions: 13->13
[2026-05-06T01:03:46.514+0100][22.800s][info][gc,heap        ] GC(682) Humongous regions: 169->96
[2026-05-06T01:03:46.514+0100][22.800s][info][gc,metaspace   ] GC(682) Metaspace: 19106K(19392K)->19106K(19392K) NonClass: 16870K(17024K)->16870K(17024K) Class: 2236K(2368K)->2236K(2368K)
[2026-05-06T01:03:46.514+0100][22.800s][info][gc             ] GC(682) Pause Young (Concurrent Start) (G1 Humongous Allocation) 361M->203M(728M) 0.454ms
[2026-05-06T01:03:46.514+0100][22.800s][info][gc,cpu         ] GC(682) User=0.00s Sys=0.00s Real=0.00s
[2026-05-06T01:03:46.514+0100][22.800s][info][gc             ] GC(683) Concurrent Undo Cycle
[2026-05-06T01:03:46.514+0100][22.800s][info][gc,marking     ] GC(683) Concurrent Clear Claimed Marks
[2026-05-06T01:03:46.514+0100][22.800s][info][gc,marking     ] GC(683) Concurrent Clear Claimed Marks 0.006ms
[2026-05-06T01:03:46.514+0100][22.800s][info][gc,marking     ] GC(683) Concurrent Cleanup for Next Mark
[2026-05-06T01:03:46.514+0100][22.800s][info][gc,marking     ] GC(683) Concurrent Cleanup for Next Mark 0.035ms
[2026-05-06T01:03:46.514+0100][22.800s][info][gc             ] GC(683) Concurrent Undo Cycle 0.063ms
[2026-05-06T01:03:46.545+0100][22.832s][info][gc,start       ] GC(684) Pause Young (Concurrent Start) (G1 Humongous Allocation)
[2026-05-06T01:03:46.545+0100][22.832s][info][gc,task        ] GC(684) Using 9 workers of 9 for evacuation
[2026-05-06T01:03:46.546+0100][22.832s][info][gc,phases      ] GC(684)   Pre Evacuate Collection Set: 0.1ms
[2026-05-06T01:03:46.546+0100][22.832s][info][gc,phases      ] GC(684)   Merge Heap Roots: 0.0ms
[2026-05-06T01:03:46.546+0100][22.832s][info][gc,phases      ] GC(684)   Evacuate Collection Set: 0.1ms
[2026-05-06T01:03:46.546+0100][22.832s][info][gc,phases      ] GC(684)   Post Evacuate Collection Set: 0.1ms
[2026-05-06T01:03:46.546+0100][22.832s][info][gc,phases      ] GC(684)   Other: 0.0ms
[2026-05-06T01:03:46.546+0100][22.832s][info][gc,heap        ] GC(684) Eden regions: 6->0(217)
[2026-05-06T01:03:46.546+0100][22.832s][info][gc,heap        ] GC(684) Survivor regions: 1->1(28)
[2026-05-06T01:03:46.546+0100][22.832s][info][gc,heap        ] GC(684) Old regions: 13->13
[2026-05-06T01:03:46.546+0100][22.832s][info][gc,heap        ] GC(684) Humongous regions: 169->96
[2026-05-06T01:03:46.546+0100][22.832s][info][gc,metaspace   ] GC(684) Metaspace: 19106K(19392K)->19106K(19392K) NonClass: 16870K(17024K)->16870K(17024K) Class: 2236K(2368K)->2236K(2368K)
[2026-05-06T01:03:46.546+0100][22.832s][info][gc             ] GC(684) Pause Young (Concurrent Start) (G1 Humongous Allocation) 361M->203M(728M) 0.484ms
[2026-05-06T01:03:46.546+0100][22.832s][info][gc,cpu         ] GC(684) User=0.00s Sys=0.00s Real=0.00s
[2026-05-06T01:03:46.546+0100][22.832s][info][gc             ] GC(685) Concurrent Undo Cycle
[2026-05-06T01:03:46.546+0100][22.832s][info][gc,marking     ] GC(685) Concurrent Clear Claimed Marks
[2026-05-06T01:03:46.546+0100][22.832s][info][gc,marking     ] GC(685) Concurrent Clear Claimed Marks 0.006ms
[2026-05-06T01:03:46.546+0100][22.832s][info][gc,marking     ] GC(685) Concurrent Cleanup for Next Mark
[2026-05-06T01:03:46.546+0100][22.832s][info][gc,marking     ] GC(685) Concurrent Cleanup for Next Mark 0.032ms
[2026-05-06T01:03:46.546+0100][22.832s][info][gc             ] GC(685) Concurrent Undo Cycle 0.059ms
[2026-05-06T01:03:46.578+0100][22.864s][info][gc,start       ] GC(686) Pause Young (Concurrent Start) (G1 Humongous Allocation)
[2026-05-06T01:03:46.578+0100][22.864s][info][gc,task        ] GC(686) Using 9 workers of 9 for evacuation
[2026-05-06T01:03:46.578+0100][22.864s][info][gc,phases      ] GC(686)   Pre Evacuate Collection Set: 0.1ms
[2026-05-06T01:03:46.578+0100][22.864s][info][gc,phases      ] GC(686)   Merge Heap Roots: 0.0ms
[2026-05-06T01:03:46.578+0100][22.864s][info][gc,phases      ] GC(686)   Evacuate Collection Set: 0.1ms
[2026-05-06T01:03:46.578+0100][22.864s][info][gc,phases      ] GC(686)   Post Evacuate Collection Set: 0.1ms
[2026-05-06T01:03:46.578+0100][22.864s][info][gc,phases      ] GC(686)   Other: 0.0ms
[2026-05-06T01:03:46.578+0100][22.864s][info][gc,heap        ] GC(686) Eden regions: 6->0(217)
[2026-05-06T01:03:46.578+0100][22.864s][info][gc,heap        ] GC(686) Survivor regions: 1->1(28)
[2026-05-06T01:03:46.578+0100][22.864s][info][gc,heap        ] GC(686) Old regions: 13->13
[2026-05-06T01:03:46.578+0100][22.864s][info][gc,heap        ] GC(686) Humongous regions: 169->96
[2026-05-06T01:03:46.578+0100][22.864s][info][gc,metaspace   ] GC(686) Metaspace: 19106K(19392K)->19106K(19392K) NonClass: 16870K(17024K)->16870K(17024K) Class: 2236K(2368K)->2236K(2368K)
[2026-05-06T01:03:46.578+0100][22.864s][info][gc             ] GC(686) Pause Young (Concurrent Start) (G1 Humongous Allocation) 361M->203M(728M) 0.453ms
[2026-05-06T01:03:46.578+0100][22.864s][info][gc,cpu         ] GC(686) User=0.00s Sys=0.00s Real=0.00s
[2026-05-06T01:03:46.578+0100][22.864s][info][gc             ] GC(687) Concurrent Undo Cycle
[2026-05-06T01:03:46.578+0100][22.864s][info][gc,marking     ] GC(687) Concurrent Clear Claimed Marks
[2026-05-06T01:03:46.578+0100][22.864s][info][gc,marking     ] GC(687) Concurrent Clear Claimed Marks 0.006ms
[2026-05-06T01:03:46.578+0100][22.864s][info][gc,marking     ] GC(687) Concurrent Cleanup for Next Mark
[2026-05-06T01:03:46.578+0100][22.864s][info][gc,marking     ] GC(687) Concurrent Cleanup for Next Mark 0.030ms
[2026-05-06T01:03:46.578+0100][22.864s][info][gc             ] GC(687) Concurrent Undo Cycle 0.058ms
[2026-05-06T01:03:46.610+0100][22.896s][info][gc,start       ] GC(688) Pause Young (Concurrent Start) (G1 Humongous Allocation)
[2026-05-06T01:03:46.610+0100][22.896s][info][gc,task        ] GC(688) Using 9 workers of 9 for evacuation
[2026-05-06T01:03:46.610+0100][22.896s][info][gc,phases      ] GC(688)   Pre Evacuate Collection Set: 0.1ms
[2026-05-06T01:03:46.610+0100][22.896s][info][gc,phases      ] GC(688)   Merge Heap Roots: 0.0ms
[2026-05-06T01:03:46.610+0100][22.896s][info][gc,phases      ] GC(688)   Evacuate Collection Set: 0.1ms
[2026-05-06T01:03:46.610+0100][22.896s][info][gc,phases      ] GC(688)   Post Evacuate Collection Set: 0.1ms
[2026-05-06T01:03:46.610+0100][22.896s][info][gc,phases      ] GC(688)   Other: 0.0ms
[2026-05-06T01:03:46.610+0100][22.896s][info][gc,heap        ] GC(688) Eden regions: 6->0(217)
[2026-05-06T01:03:46.610+0100][22.896s][info][gc,heap        ] GC(688) Survivor regions: 1->1(28)
[2026-05-06T01:03:46.610+0100][22.896s][info][gc,heap        ] GC(688) Old regions: 13->13
[2026-05-06T01:03:46.610+0100][22.896s][info][gc,heap        ] GC(688) Humongous regions: 169->96
[2026-05-06T01:03:46.610+0100][22.896s][info][gc,metaspace   ] GC(688) Metaspace: 19106K(19392K)->19106K(19392K) NonClass: 16870K(17024K)->16870K(17024K) Class: 2236K(2368K)->2236K(2368K)
[2026-05-06T01:03:46.610+0100][22.896s][info][gc             ] GC(688) Pause Young (Concurrent Start) (G1 Humongous Allocation) 361M->203M(728M) 0.496ms
[2026-05-06T01:03:46.610+0100][22.896s][info][gc,cpu         ] GC(688) User=0.00s Sys=0.00s Real=0.00s
[2026-05-06T01:03:46.610+0100][22.896s][info][gc             ] GC(689) Concurrent Undo Cycle
[2026-05-06T01:03:46.610+0100][22.896s][info][gc,marking     ] GC(689) Concurrent Clear Claimed Marks
[2026-05-06T01:03:46.610+0100][22.896s][info][gc,marking     ] GC(689) Concurrent Clear Claimed Marks 0.006ms
[2026-05-06T01:03:46.610+0100][22.896s][info][gc,marking     ] GC(689) Concurrent Cleanup for Next Mark
[2026-05-06T01:03:46.610+0100][22.896s][info][gc,marking     ] GC(689) Concurrent Cleanup for Next Mark 0.037ms
[2026-05-06T01:03:46.610+0100][22.896s][info][gc             ] GC(689) Concurrent Undo Cycle 0.067ms
[2026-05-06T01:03:46.642+0100][22.928s][info][gc,start       ] GC(690) Pause Young (Concurrent Start) (G1 Humongous Allocation)
[2026-05-06T01:03:46.642+0100][22.928s][info][gc,task        ] GC(690) Using 9 workers of 9 for evacuation
[2026-05-06T01:03:46.642+0100][22.928s][info][gc,phases      ] GC(690)   Pre Evacuate Collection Set: 0.1ms
[2026-05-06T01:03:46.642+0100][22.928s][info][gc,phases      ] GC(690)   Merge Heap Roots: 0.0ms
[2026-05-06T01:03:46.642+0100][22.928s][info][gc,phases      ] GC(690)   Evacuate Collection Set: 0.1ms
[2026-05-06T01:03:46.642+0100][22.928s][info][gc,phases      ] GC(690)   Post Evacuate Collection Set: 0.1ms
[2026-05-06T01:03:46.642+0100][22.928s][info][gc,phases      ] GC(690)   Other: 0.0ms
[2026-05-06T01:03:46.642+0100][22.928s][info][gc,heap        ] GC(690) Eden regions: 6->0(217)
[2026-05-06T01:03:46.642+0100][22.928s][info][gc,heap        ] GC(690) Survivor regions: 1->1(28)
[2026-05-06T01:03:46.642+0100][22.928s][info][gc,heap        ] GC(690) Old regions: 13->13
[2026-05-06T01:03:46.642+0100][22.928s][info][gc,heap        ] GC(690) Humongous regions: 169->96
[2026-05-06T01:03:46.642+0100][22.928s][info][gc,metaspace   ] GC(690) Metaspace: 19106K(19392K)->19106K(19392K) NonClass: 16870K(17024K)->16870K(17024K) Class: 2236K(2368K)->2236K(2368K)
[2026-05-06T01:03:46.642+0100][22.928s][info][gc             ] GC(690) Pause Young (Concurrent Start) (G1 Humongous Allocation) 361M->203M(728M) 0.507ms
[2026-05-06T01:03:46.642+0100][22.928s][info][gc,cpu         ] GC(690) User=0.00s Sys=0.01s Real=0.00s
[2026-05-06T01:03:46.642+0100][22.928s][info][gc             ] GC(691) Concurrent Undo Cycle
[2026-05-06T01:03:46.642+0100][22.928s][info][gc,marking     ] GC(691) Concurrent Clear Claimed Marks
[2026-05-06T01:03:46.642+0100][22.928s][info][gc,marking     ] GC(691) Concurrent Clear Claimed Marks 0.006ms
[2026-05-06T01:03:46.642+0100][22.928s][info][gc,marking     ] GC(691) Concurrent Cleanup for Next Mark
[2026-05-06T01:03:46.642+0100][22.928s][info][gc,marking     ] GC(691) Concurrent Cleanup for Next Mark 0.037ms
[2026-05-06T01:03:46.642+0100][22.928s][info][gc             ] GC(691) Concurrent Undo Cycle 0.066ms
[2026-05-06T01:03:46.674+0100][22.960s][info][gc,start       ] GC(692) Pause Young (Concurrent Start) (G1 Humongous Allocation)
[2026-05-06T01:03:46.674+0100][22.960s][info][gc,task        ] GC(692) Using 9 workers of 9 for evacuation
[2026-05-06T01:03:46.674+0100][22.960s][info][gc,phases      ] GC(692)   Pre Evacuate Collection Set: 0.1ms
[2026-05-06T01:03:46.674+0100][22.960s][info][gc,phases      ] GC(692)   Merge Heap Roots: 0.0ms
[2026-05-06T01:03:46.674+0100][22.960s][info][gc,phases      ] GC(692)   Evacuate Collection Set: 0.1ms
[2026-05-06T01:03:46.674+0100][22.960s][info][gc,phases      ] GC(692)   Post Evacuate Collection Set: 0.1ms
[2026-05-06T01:03:46.674+0100][22.960s][info][gc,phases      ] GC(692)   Other: 0.0ms
[2026-05-06T01:03:46.674+0100][22.960s][info][gc,heap        ] GC(692) Eden regions: 6->0(217)
[2026-05-06T01:03:46.674+0100][22.960s][info][gc,heap        ] GC(692) Survivor regions: 1->1(28)
[2026-05-06T01:03:46.674+0100][22.960s][info][gc,heap        ] GC(692) Old regions: 13->13
[2026-05-06T01:03:46.674+0100][22.960s][info][gc,heap        ] GC(692) Humongous regions: 169->96
[2026-05-06T01:03:46.674+0100][22.960s][info][gc,metaspace   ] GC(692) Metaspace: 19106K(19392K)->19106K(19392K) NonClass: 16870K(17024K)->16870K(17024K) Class: 2236K(2368K)->2236K(2368K)
[2026-05-06T01:03:46.674+0100][22.960s][info][gc             ] GC(692) Pause Young (Concurrent Start) (G1 Humongous Allocation) 361M->203M(728M) 0.491ms
[2026-05-06T01:03:46.674+0100][22.960s][info][gc,cpu         ] GC(692) User=0.00s Sys=0.00s Real=0.00s
[2026-05-06T01:03:46.674+0100][22.960s][info][gc             ] GC(693) Concurrent Undo Cycle
[2026-05-06T01:03:46.674+0100][22.960s][info][gc,marking     ] GC(693) Concurrent Clear Claimed Marks
[2026-05-06T01:03:46.674+0100][22.960s][info][gc,marking     ] GC(693) Concurrent Clear Claimed Marks 0.007ms
[2026-05-06T01:03:46.674+0100][22.960s][info][gc,marking     ] GC(693) Concurrent Cleanup for Next Mark
[2026-05-06T01:03:46.674+0100][22.960s][info][gc,marking     ] GC(693) Concurrent Cleanup for Next Mark 0.039ms
[2026-05-06T01:03:46.674+0100][22.960s][info][gc             ] GC(693) Concurrent Undo Cycle 0.068ms
[2026-05-06T01:03:46.705+0100][22.991s][info][gc,start       ] GC(694) Pause Young (Concurrent Start) (G1 Humongous Allocation)
[2026-05-06T01:03:46.705+0100][22.991s][info][gc,task        ] GC(694) Using 9 workers of 9 for evacuation
[2026-05-06T01:03:46.705+0100][22.991s][info][gc,phases      ] GC(694)   Pre Evacuate Collection Set: 0.1ms
[2026-05-06T01:03:46.705+0100][22.991s][info][gc,phases      ] GC(694)   Merge Heap Roots: 0.0ms
[2026-05-06T01:03:46.705+0100][22.991s][info][gc,phases      ] GC(694)   Evacuate Collection Set: 0.2ms
[2026-05-06T01:03:46.705+0100][22.991s][info][gc,phases      ] GC(694)   Post Evacuate Collection Set: 0.1ms
[2026-05-06T01:03:46.705+0100][22.991s][info][gc,phases      ] GC(694)   Other: 0.0ms
[2026-05-06T01:03:46.705+0100][22.991s][info][gc,heap        ] GC(694) Eden regions: 3->0(217)
[2026-05-06T01:03:46.705+0100][22.991s][info][gc,heap        ] GC(694) Survivor regions: 1->1(28)
[2026-05-06T01:03:46.705+0100][22.991s][info][gc,heap        ] GC(694) Old regions: 13->13
[2026-05-06T01:03:46.705+0100][22.991s][info][gc,heap        ] GC(694) Humongous regions: 169->96
[2026-05-06T01:03:46.705+0100][22.991s][info][gc,metaspace   ] GC(694) Metaspace: 19108K(19392K)->19108K(19392K) NonClass: 16871K(17024K)->16871K(17024K) Class: 2236K(2368K)->2236K(2368K)
[2026-05-06T01:03:46.705+0100][22.991s][info][gc             ] GC(694) Pause Young (Concurrent Start) (G1 Humongous Allocation) 355M->203M(728M) 0.514ms
[2026-05-06T01:03:46.705+0100][22.991s][info][gc,cpu         ] GC(694) User=0.00s Sys=0.00s Real=0.00s
[2026-05-06T01:03:46.705+0100][22.991s][info][gc             ] GC(695) Concurrent Undo Cycle
[2026-05-06T01:03:46.705+0100][22.991s][info][gc,marking     ] GC(695) Concurrent Clear Claimed Marks
[2026-05-06T01:03:46.705+0100][22.991s][info][gc,marking     ] GC(695) Concurrent Clear Claimed Marks 0.007ms
[2026-05-06T01:03:46.705+0100][22.991s][info][gc,marking     ] GC(695) Concurrent Cleanup for Next Mark
[2026-05-06T01:03:46.705+0100][22.991s][info][gc,marking     ] GC(695) Concurrent Cleanup for Next Mark 0.039ms
[2026-05-06T01:03:46.705+0100][22.992s][info][gc             ] GC(695) Concurrent Undo Cycle 0.077ms
[2026-05-06T01:03:46.734+0100][23.020s][info][gc,start       ] GC(696) Pause Young (Concurrent Start) (G1 Humongous Allocation)
[2026-05-06T01:03:46.734+0100][23.020s][info][gc,task        ] GC(696) Using 9 workers of 9 for evacuation
[2026-05-06T01:03:46.734+0100][23.020s][info][gc,phases      ] GC(696)   Pre Evacuate Collection Set: 0.2ms
[2026-05-06T01:03:46.734+0100][23.020s][info][gc,phases      ] GC(696)   Merge Heap Roots: 0.0ms
[2026-05-06T01:03:46.734+0100][23.020s][info][gc,phases      ] GC(696)   Evacuate Collection Set: 0.1ms
[2026-05-06T01:03:46.734+0100][23.020s][info][gc,phases      ] GC(696)   Post Evacuate Collection Set: 0.1ms
[2026-05-06T01:03:46.734+0100][23.020s][info][gc,phases      ] GC(696)   Other: 0.0ms
[2026-05-06T01:03:46.734+0100][23.020s][info][gc,heap        ] GC(696) Eden regions: 1->0(217)
[2026-05-06T01:03:46.734+0100][23.020s][info][gc,heap        ] GC(696) Survivor regions: 1->1(28)
[2026-05-06T01:03:46.734+0100][23.020s][info][gc,heap        ] GC(696) Old regions: 13->13
[2026-05-06T01:03:46.734+0100][23.020s][info][gc,heap        ] GC(696) Humongous regions: 169->96
[2026-05-06T01:03:46.734+0100][23.020s][info][gc,metaspace   ] GC(696) Metaspace: 19108K(19392K)->19108K(19392K) NonClass: 16871K(17024K)->16871K(17024K) Class: 2236K(2368K)->2236K(2368K)
[2026-05-06T01:03:46.734+0100][23.020s][info][gc             ] GC(696) Pause Young (Concurrent Start) (G1 Humongous Allocation) 350M->203M(728M) 0.573ms
[2026-05-06T01:03:46.734+0100][23.020s][info][gc,cpu         ] GC(696) User=0.00s Sys=0.00s Real=0.00s
[2026-05-06T01:03:46.734+0100][23.020s][info][gc             ] GC(697) Concurrent Undo Cycle
[2026-05-06T01:03:46.734+0100][23.020s][info][gc,marking     ] GC(697) Concurrent Clear Claimed Marks
[2026-05-06T01:03:46.734+0100][23.020s][info][gc,marking     ] GC(697) Concurrent Clear Claimed Marks 0.007ms
[2026-05-06T01:03:46.734+0100][23.020s][info][gc,marking     ] GC(697) Concurrent Cleanup for Next Mark
[2026-05-06T01:03:46.734+0100][23.020s][info][gc,marking     ] GC(697) Concurrent Cleanup for Next Mark 0.037ms
[2026-05-06T01:03:46.734+0100][23.020s][info][gc             ] GC(697) Concurrent Undo Cycle 0.068ms
[2026-05-06T01:03:46.762+0100][23.048s][info][gc,start       ] GC(698) Pause Young (Concurrent Start) (G1 Humongous Allocation)
[2026-05-06T01:03:46.762+0100][23.048s][info][gc,task        ] GC(698) Using 9 workers of 9 for evacuation
[2026-05-06T01:03:46.763+0100][23.049s][info][gc,phases      ] GC(698)   Pre Evacuate Collection Set: 0.1ms
[2026-05-06T01:03:46.763+0100][23.049s][info][gc,phases      ] GC(698)   Merge Heap Roots: 0.0ms
[2026-05-06T01:03:46.763+0100][23.049s][info][gc,phases      ] GC(698)   Evacuate Collection Set: 0.1ms
[2026-05-06T01:03:46.763+0100][23.049s][info][gc,phases      ] GC(698)   Post Evacuate Collection Set: 0.1ms
[2026-05-06T01:03:46.763+0100][23.049s][info][gc,phases      ] GC(698)   Other: 0.0ms
[2026-05-06T01:03:46.763+0100][23.049s][info][gc,heap        ] GC(698) Eden regions: 1->0(217)
[2026-05-06T01:03:46.763+0100][23.049s][info][gc,heap        ] GC(698) Survivor regions: 1->1(28)
[2026-05-06T01:03:46.763+0100][23.049s][info][gc,heap        ] GC(698) Old regions: 13->13
[2026-05-06T01:03:46.763+0100][23.049s][info][gc,heap        ] GC(698) Humongous regions: 169->96
[2026-05-06T01:03:46.763+0100][23.049s][info][gc,metaspace   ] GC(698) Metaspace: 19108K(19392K)->19108K(19392K) NonClass: 16871K(17024K)->16871K(17024K) Class: 2236K(2368K)->2236K(2368K)
[2026-05-06T01:03:46.763+0100][23.049s][info][gc             ] GC(698) Pause Young (Concurrent Start) (G1 Humongous Allocation) 350M->203M(728M) 0.476ms
[2026-05-06T01:03:46.763+0100][23.049s][info][gc,cpu         ] GC(698) User=0.00s Sys=0.00s Real=0.00s
[2026-05-06T01:03:46.763+0100][23.049s][info][gc             ] GC(699) Concurrent Undo Cycle
[2026-05-06T01:03:46.763+0100][23.049s][info][gc,marking     ] GC(699) Concurrent Clear Claimed Marks
[2026-05-06T01:03:46.763+0100][23.049s][info][gc,marking     ] GC(699) Concurrent Clear Claimed Marks 0.007ms
[2026-05-06T01:03:46.763+0100][23.049s][info][gc,marking     ] GC(699) Concurrent Cleanup for Next Mark
[2026-05-06T01:03:46.763+0100][23.049s][info][gc,marking     ] GC(699) Concurrent Cleanup for Next Mark 0.031ms
[2026-05-06T01:03:46.763+0100][23.049s][info][gc             ] GC(699) Concurrent Undo Cycle 0.063ms
[2026-05-06T01:03:46.781+0100][23.068s][info][gc,start       ] GC(700) Pause Full (System.gc())
[2026-05-06T01:03:46.781+0100][23.068s][info][gc,task        ] GC(700) Using 9 workers of 9 for full compaction
[2026-05-06T01:03:46.781+0100][23.068s][info][gc,phases,start] GC(700) Phase 1: Mark live objects
[2026-05-06T01:03:46.784+0100][23.070s][info][gc,phases      ] GC(700) Phase 1: Mark live objects 2.587ms
[2026-05-06T01:03:46.784+0100][23.070s][info][gc,phases,start] GC(700) Phase 2: Prepare compaction
[2026-05-06T01:03:46.784+0100][23.070s][info][gc,phases      ] GC(700) Phase 2: Prepare compaction 0.231ms
[2026-05-06T01:03:46.784+0100][23.070s][info][gc,phases,start] GC(700) Phase 3: Adjust pointers
[2026-05-06T01:03:46.786+0100][23.072s][info][gc,phases      ] GC(700) Phase 3: Adjust pointers 1.680ms
[2026-05-06T01:03:46.786+0100][23.072s][info][gc,phases,start] GC(700) Phase 4: Compact heap
[2026-05-06T01:03:46.786+0100][23.072s][info][gc,phases      ] GC(700) Phase 4: Compact heap 0.204ms
[2026-05-06T01:03:46.786+0100][23.072s][info][gc,phases,start] GC(700) Phase 5: Reset Metadata
[2026-05-06T01:03:46.787+0100][23.073s][info][gc,phases      ] GC(700) Phase 5: Reset Metadata 0.333ms
[2026-05-06T01:03:46.787+0100][23.073s][info][gc,heap        ] GC(700) Eden regions: 1->0(218)
[2026-05-06T01:03:46.787+0100][23.073s][info][gc,heap        ] GC(700) Survivor regions: 1->0(28)
[2026-05-06T01:03:46.787+0100][23.073s][info][gc,heap        ] GC(700) Old regions: 13->13
[2026-05-06T01:03:46.787+0100][23.073s][info][gc,heap        ] GC(700) Humongous regions: 169->96
[2026-05-06T01:03:46.787+0100][23.073s][info][gc,metaspace   ] GC(700) Metaspace: 19108K(19392K)->19108K(19392K) NonClass: 16871K(17024K)->16871K(17024K) Class: 2236K(2368K)->2236K(2368K)
[2026-05-06T01:03:46.787+0100][23.073s][info][gc             ] GC(700) Pause Full (System.gc()) 350M->203M(728M) 5.659ms
[2026-05-06T01:03:46.787+0100][23.073s][info][gc,cpu         ] GC(700) User=0.02s Sys=0.00s Real=0.00s
[2026-05-06T01:03:46.797+0100][23.083s][info][gc,start       ] GC(701) Pause Young (Concurrent Start) (G1 Humongous Allocation)
[2026-05-06T01:03:46.797+0100][23.083s][info][gc,task        ] GC(701) Using 9 workers of 9 for evacuation
[2026-05-06T01:03:46.798+0100][23.084s][info][gc,phases      ] GC(701)   Pre Evacuate Collection Set: 0.1ms
[2026-05-06T01:03:46.798+0100][23.084s][info][gc,phases      ] GC(701)   Merge Heap Roots: 0.0ms
[2026-05-06T01:03:46.798+0100][23.084s][info][gc,phases      ] GC(701)   Evacuate Collection Set: 0.1ms
[2026-05-06T01:03:46.798+0100][23.084s][info][gc,phases      ] GC(701)   Post Evacuate Collection Set: 0.1ms
[2026-05-06T01:03:46.798+0100][23.084s][info][gc,phases      ] GC(701)   Other: 0.0ms
[2026-05-06T01:03:46.798+0100][23.084s][info][gc,heap        ] GC(701) Eden regions: 1->0(217)
[2026-05-06T01:03:46.798+0100][23.084s][info][gc,heap        ] GC(701) Survivor regions: 0->1(28)
[2026-05-06T01:03:46.798+0100][23.084s][info][gc,heap        ] GC(701) Old regions: 13->13
[2026-05-06T01:03:46.798+0100][23.084s][info][gc,heap        ] GC(701) Humongous regions: 96->96
[2026-05-06T01:03:46.798+0100][23.084s][info][gc,metaspace   ] GC(701) Metaspace: 19108K(19392K)->19108K(19392K) NonClass: 16871K(17024K)->16871K(17024K) Class: 2236K(2368K)->2236K(2368K)
[2026-05-06T01:03:46.798+0100][23.084s][info][gc             ] GC(701) Pause Young (Concurrent Start) (G1 Humongous Allocation) 204M->203M(728M) 0.446ms
[2026-05-06T01:03:46.798+0100][23.084s][info][gc,cpu         ] GC(701) User=0.01s Sys=0.01s Real=0.00s
[2026-05-06T01:03:46.798+0100][23.084s][info][gc             ] GC(702) Concurrent Undo Cycle
[2026-05-06T01:03:46.798+0100][23.084s][info][gc,marking     ] GC(702) Concurrent Clear Claimed Marks
[2026-05-06T01:03:46.798+0100][23.084s][info][gc,marking     ] GC(702) Concurrent Clear Claimed Marks 0.007ms
[2026-05-06T01:03:46.798+0100][23.084s][info][gc,marking     ] GC(702) Concurrent Cleanup for Next Mark
[2026-05-06T01:03:46.798+0100][23.084s][info][gc,marking     ] GC(702) Concurrent Cleanup for Next Mark 0.036ms
[2026-05-06T01:03:46.798+0100][23.084s][info][gc             ] GC(702) Concurrent Undo Cycle 0.067ms
[2026-05-06T01:03:46.826+0100][23.112s][info][gc,start       ] GC(703) Pause Young (Concurrent Start) (G1 Humongous Allocation)
[2026-05-06T01:03:46.826+0100][23.112s][info][gc,task        ] GC(703) Using 9 workers of 9 for evacuation
[2026-05-06T01:03:46.826+0100][23.113s][info][gc,phases      ] GC(703)   Pre Evacuate Collection Set: 0.1ms
[2026-05-06T01:03:46.826+0100][23.113s][info][gc,phases      ] GC(703)   Merge Heap Roots: 0.0ms
[2026-05-06T01:03:46.826+0100][23.113s][info][gc,phases      ] GC(703)   Evacuate Collection Set: 0.1ms
[2026-05-06T01:03:46.826+0100][23.113s][info][gc,phases      ] GC(703)   Post Evacuate Collection Set: 0.1ms
[2026-05-06T01:03:46.826+0100][23.113s][info][gc,phases      ] GC(703)   Other: 0.0ms
[2026-05-06T01:03:46.826+0100][23.113s][info][gc,heap        ] GC(703) Eden regions: 1->0(217)
[2026-05-06T01:03:46.826+0100][23.113s][info][gc,heap        ] GC(703) Survivor regions: 1->1(28)
[2026-05-06T01:03:46.826+0100][23.113s][info][gc,heap        ] GC(703) Old regions: 13->13
[2026-05-06T01:03:46.826+0100][23.113s][info][gc,heap        ] GC(703) Humongous regions: 169->96
[2026-05-06T01:03:46.826+0100][23.113s][info][gc,metaspace   ] GC(703) Metaspace: 19108K(19392K)->19108K(19392K) NonClass: 16871K(17024K)->16871K(17024K) Class: 2236K(2368K)->2236K(2368K)
[2026-05-06T01:03:46.826+0100][23.113s][info][gc             ] GC(703) Pause Young (Concurrent Start) (G1 Humongous Allocation) 350M->203M(728M) 0.433ms
[2026-05-06T01:03:46.826+0100][23.113s][info][gc,cpu         ] GC(703) User=0.00s Sys=0.00s Real=0.00s
[2026-05-06T01:03:46.826+0100][23.113s][info][gc             ] GC(704) Concurrent Undo Cycle
[2026-05-06T01:03:46.826+0100][23.113s][info][gc,marking     ] GC(704) Concurrent Clear Claimed Marks
[2026-05-06T01:03:46.826+0100][23.113s][info][gc,marking     ] GC(704) Concurrent Clear Claimed Marks 0.006ms
[2026-05-06T01:03:46.826+0100][23.113s][info][gc,marking     ] GC(704) Concurrent Cleanup for Next Mark
[2026-05-06T01:03:46.826+0100][23.113s][info][gc,marking     ] GC(704) Concurrent Cleanup for Next Mark 0.033ms
[2026-05-06T01:03:46.826+0100][23.113s][info][gc             ] GC(704) Concurrent Undo Cycle 0.061ms
[2026-05-06T01:03:46.855+0100][23.141s][info][gc,start       ] GC(705) Pause Young (Concurrent Start) (G1 Humongous Allocation)
[2026-05-06T01:03:46.855+0100][23.141s][info][gc,task        ] GC(705) Using 9 workers of 9 for evacuation
[2026-05-06T01:03:46.855+0100][23.141s][info][gc,phases      ] GC(705)   Pre Evacuate Collection Set: 0.1ms
[2026-05-06T01:03:46.855+0100][23.141s][info][gc,phases      ] GC(705)   Merge Heap Roots: 0.0ms
[2026-05-06T01:03:46.855+0100][23.141s][info][gc,phases      ] GC(705)   Evacuate Collection Set: 0.1ms
[2026-05-06T01:03:46.855+0100][23.141s][info][gc,phases      ] GC(705)   Post Evacuate Collection Set: 0.1ms
[2026-05-06T01:03:46.855+0100][23.141s][info][gc,phases      ] GC(705)   Other: 0.0ms
[2026-05-06T01:03:46.855+0100][23.141s][info][gc,heap        ] GC(705) Eden regions: 1->0(217)
[2026-05-06T01:03:46.855+0100][23.141s][info][gc,heap        ] GC(705) Survivor regions: 1->1(28)
[2026-05-06T01:03:46.855+0100][23.141s][info][gc,heap        ] GC(705) Old regions: 13->13
[2026-05-06T01:03:46.855+0100][23.141s][info][gc,heap        ] GC(705) Humongous regions: 169->96
[2026-05-06T01:03:46.855+0100][23.141s][info][gc,metaspace   ] GC(705) Metaspace: 19108K(19392K)->19108K(19392K) NonClass: 16871K(17024K)->16871K(17024K) Class: 2236K(2368K)->2236K(2368K)
[2026-05-06T01:03:46.855+0100][23.141s][info][gc             ] GC(705) Pause Young (Concurrent Start) (G1 Humongous Allocation) 350M->203M(728M) 0.425ms
[2026-05-06T01:03:46.855+0100][23.141s][info][gc,cpu         ] GC(705) User=0.00s Sys=0.00s Real=0.00s
[2026-05-06T01:03:46.855+0100][23.141s][info][gc             ] GC(706) Concurrent Undo Cycle
[2026-05-06T01:03:46.855+0100][23.141s][info][gc,marking     ] GC(706) Concurrent Clear Claimed Marks
[2026-05-06T01:03:46.855+0100][23.141s][info][gc,marking     ] GC(706) Concurrent Clear Claimed Marks 0.006ms
[2026-05-06T01:03:46.855+0100][23.141s][info][gc,marking     ] GC(706) Concurrent Cleanup for Next Mark
[2026-05-06T01:03:46.855+0100][23.142s][info][gc,marking     ] GC(706) Concurrent Cleanup for Next Mark 0.029ms
[2026-05-06T01:03:46.855+0100][23.142s][info][gc             ] GC(706) Concurrent Undo Cycle 0.057ms
[2026-05-06T01:03:46.884+0100][23.170s][info][gc,start       ] GC(707) Pause Young (Concurrent Start) (G1 Humongous Allocation)
[2026-05-06T01:03:46.884+0100][23.170s][info][gc,task        ] GC(707) Using 9 workers of 9 for evacuation
[2026-05-06T01:03:46.884+0100][23.170s][info][gc,phases      ] GC(707)   Pre Evacuate Collection Set: 0.1ms
[2026-05-06T01:03:46.884+0100][23.170s][info][gc,phases      ] GC(707)   Merge Heap Roots: 0.0ms
[2026-05-06T01:03:46.884+0100][23.170s][info][gc,phases      ] GC(707)   Evacuate Collection Set: 0.1ms
[2026-05-06T01:03:46.884+0100][23.170s][info][gc,phases      ] GC(707)   Post Evacuate Collection Set: 0.1ms
[2026-05-06T01:03:46.884+0100][23.170s][info][gc,phases      ] GC(707)   Other: 0.0ms
[2026-05-06T01:03:46.884+0100][23.170s][info][gc,heap        ] GC(707) Eden regions: 1->0(217)
[2026-05-06T01:03:46.884+0100][23.170s][info][gc,heap        ] GC(707) Survivor regions: 1->1(28)
[2026-05-06T01:03:46.884+0100][23.170s][info][gc,heap        ] GC(707) Old regions: 13->13
[2026-05-06T01:03:46.884+0100][23.170s][info][gc,heap        ] GC(707) Humongous regions: 169->96
[2026-05-06T01:03:46.884+0100][23.170s][info][gc,metaspace   ] GC(707) Metaspace: 19108K(19392K)->19108K(19392K) NonClass: 16871K(17024K)->16871K(17024K) Class: 2236K(2368K)->2236K(2368K)
[2026-05-06T01:03:46.884+0100][23.170s][info][gc             ] GC(707) Pause Young (Concurrent Start) (G1 Humongous Allocation) 350M->203M(728M) 0.452ms
[2026-05-06T01:03:46.884+0100][23.170s][info][gc,cpu         ] GC(707) User=0.01s Sys=0.00s Real=0.00s
[2026-05-06T01:03:46.884+0100][23.170s][info][gc             ] GC(708) Concurrent Undo Cycle
[2026-05-06T01:03:46.884+0100][23.170s][info][gc,marking     ] GC(708) Concurrent Clear Claimed Marks
[2026-05-06T01:03:46.884+0100][23.170s][info][gc,marking     ] GC(708) Concurrent Clear Claimed Marks 0.007ms
[2026-05-06T01:03:46.884+0100][23.170s][info][gc,marking     ] GC(708) Concurrent Cleanup for Next Mark
[2026-05-06T01:03:46.884+0100][23.170s][info][gc,marking     ] GC(708) Concurrent Cleanup for Next Mark 0.037ms
[2026-05-06T01:03:46.884+0100][23.170s][info][gc             ] GC(708) Concurrent Undo Cycle 0.072ms
[2026-05-06T01:03:46.913+0100][23.199s][info][gc,start       ] GC(709) Pause Young (Concurrent Start) (G1 Humongous Allocation)
[2026-05-06T01:03:46.913+0100][23.199s][info][gc,task        ] GC(709) Using 9 workers of 9 for evacuation
[2026-05-06T01:03:46.913+0100][23.199s][info][gc,phases      ] GC(709)   Pre Evacuate Collection Set: 0.1ms
[2026-05-06T01:03:46.913+0100][23.199s][info][gc,phases      ] GC(709)   Merge Heap Roots: 0.0ms
[2026-05-06T01:03:46.913+0100][23.199s][info][gc,phases      ] GC(709)   Evacuate Collection Set: 0.1ms
[2026-05-06T01:03:46.913+0100][23.199s][info][gc,phases      ] GC(709)   Post Evacuate Collection Set: 0.1ms
[2026-05-06T01:03:46.913+0100][23.199s][info][gc,phases      ] GC(709)   Other: 0.0ms
[2026-05-06T01:03:46.913+0100][23.199s][info][gc,heap        ] GC(709) Eden regions: 1->0(217)
[2026-05-06T01:03:46.913+0100][23.199s][info][gc,heap        ] GC(709) Survivor regions: 1->1(28)
[2026-05-06T01:03:46.913+0100][23.199s][info][gc,heap        ] GC(709) Old regions: 13->13
[2026-05-06T01:03:46.913+0100][23.199s][info][gc,heap        ] GC(709) Humongous regions: 169->96
[2026-05-06T01:03:46.913+0100][23.199s][info][gc,metaspace   ] GC(709) Metaspace: 19108K(19392K)->19108K(19392K) NonClass: 16871K(17024K)->16871K(17024K) Class: 2236K(2368K)->2236K(2368K)
[2026-05-06T01:03:46.913+0100][23.199s][info][gc             ] GC(709) Pause Young (Concurrent Start) (G1 Humongous Allocation) 350M->203M(728M) 0.471ms
[2026-05-06T01:03:46.913+0100][23.199s][info][gc,cpu         ] GC(709) User=0.00s Sys=0.01s Real=0.00s
[2026-05-06T01:03:46.913+0100][23.199s][info][gc             ] GC(710) Concurrent Undo Cycle
[2026-05-06T01:03:46.913+0100][23.199s][info][gc,marking     ] GC(710) Concurrent Clear Claimed Marks
[2026-05-06T01:03:46.913+0100][23.199s][info][gc,marking     ] GC(710) Concurrent Clear Claimed Marks 0.007ms
[2026-05-06T01:03:46.913+0100][23.199s][info][gc,marking     ] GC(710) Concurrent Cleanup for Next Mark
[2026-05-06T01:03:46.913+0100][23.200s][info][gc,marking     ] GC(710) Concurrent Cleanup for Next Mark 0.039ms
[2026-05-06T01:03:46.913+0100][23.200s][info][gc             ] GC(710) Concurrent Undo Cycle 0.072ms
[2026-05-06T01:03:46.942+0100][23.228s][info][gc,start       ] GC(711) Pause Young (Concurrent Start) (G1 Humongous Allocation)
[2026-05-06T01:03:46.942+0100][23.228s][info][gc,task        ] GC(711) Using 9 workers of 9 for evacuation
[2026-05-06T01:03:46.942+0100][23.229s][info][gc,phases      ] GC(711)   Pre Evacuate Collection Set: 0.1ms
[2026-05-06T01:03:46.942+0100][23.229s][info][gc,phases      ] GC(711)   Merge Heap Roots: 0.0ms
[2026-05-06T01:03:46.942+0100][23.229s][info][gc,phases      ] GC(711)   Evacuate Collection Set: 0.1ms
[2026-05-06T01:03:46.942+0100][23.229s][info][gc,phases      ] GC(711)   Post Evacuate Collection Set: 0.1ms
[2026-05-06T01:03:46.942+0100][23.229s][info][gc,phases      ] GC(711)   Other: 0.0ms
[2026-05-06T01:03:46.942+0100][23.229s][info][gc,heap        ] GC(711) Eden regions: 1->0(217)
[2026-05-06T01:03:46.942+0100][23.229s][info][gc,heap        ] GC(711) Survivor regions: 1->1(28)
[2026-05-06T01:03:46.942+0100][23.229s][info][gc,heap        ] GC(711) Old regions: 13->13
[2026-05-06T01:03:46.942+0100][23.229s][info][gc,heap        ] GC(711) Humongous regions: 169->96
[2026-05-06T01:03:46.942+0100][23.229s][info][gc,metaspace   ] GC(711) Metaspace: 19108K(19392K)->19108K(19392K) NonClass: 16871K(17024K)->16871K(17024K) Class: 2236K(2368K)->2236K(2368K)
[2026-05-06T01:03:46.942+0100][23.229s][info][gc             ] GC(711) Pause Young (Concurrent Start) (G1 Humongous Allocation) 350M->203M(728M) 0.631ms
[2026-05-06T01:03:46.942+0100][23.229s][info][gc,cpu         ] GC(711) User=0.00s Sys=0.00s Real=0.00s
[2026-05-06T01:03:46.942+0100][23.229s][info][gc             ] GC(712) Concurrent Undo Cycle
[2026-05-06T01:03:46.942+0100][23.229s][info][gc,marking     ] GC(712) Concurrent Clear Claimed Marks
[2026-05-06T01:03:46.942+0100][23.229s][info][gc,marking     ] GC(712) Concurrent Clear Claimed Marks 0.008ms
[2026-05-06T01:03:46.942+0100][23.229s][info][gc,marking     ] GC(712) Concurrent Cleanup for Next Mark
[2026-05-06T01:03:46.942+0100][23.229s][info][gc,marking     ] GC(712) Concurrent Cleanup for Next Mark 0.040ms
[2026-05-06T01:03:46.942+0100][23.229s][info][gc             ] GC(712) Concurrent Undo Cycle 0.071ms
[2026-05-06T01:03:46.971+0100][23.257s][info][gc,start       ] GC(713) Pause Young (Concurrent Start) (G1 Humongous Allocation)
[2026-05-06T01:03:46.971+0100][23.257s][info][gc,task        ] GC(713) Using 9 workers of 9 for evacuation
[2026-05-06T01:03:46.971+0100][23.258s][info][gc,phases      ] GC(713)   Pre Evacuate Collection Set: 0.1ms
[2026-05-06T01:03:46.971+0100][23.258s][info][gc,phases      ] GC(713)   Merge Heap Roots: 0.0ms
[2026-05-06T01:03:46.972+0100][23.258s][info][gc,phases      ] GC(713)   Evacuate Collection Set: 0.1ms
[2026-05-06T01:03:46.972+0100][23.258s][info][gc,phases      ] GC(713)   Post Evacuate Collection Set: 0.1ms
[2026-05-06T01:03:46.972+0100][23.258s][info][gc,phases      ] GC(713)   Other: 0.0ms
[2026-05-06T01:03:46.972+0100][23.258s][info][gc,heap        ] GC(713) Eden regions: 1->0(217)
[2026-05-06T01:03:46.972+0100][23.258s][info][gc,heap        ] GC(713) Survivor regions: 1->1(28)
[2026-05-06T01:03:46.972+0100][23.258s][info][gc,heap        ] GC(713) Old regions: 13->13
[2026-05-06T01:03:46.972+0100][23.258s][info][gc,heap        ] GC(713) Humongous regions: 169->96
[2026-05-06T01:03:46.972+0100][23.258s][info][gc,metaspace   ] GC(713) Metaspace: 19108K(19392K)->19108K(19392K) NonClass: 16871K(17024K)->16871K(17024K) Class: 2236K(2368K)->2236K(2368K)
[2026-05-06T01:03:46.972+0100][23.258s][info][gc             ] GC(713) Pause Young (Concurrent Start) (G1 Humongous Allocation) 350M->203M(728M) 0.468ms
[2026-05-06T01:03:46.972+0100][23.258s][info][gc,cpu         ] GC(713) User=0.00s Sys=0.00s Real=0.00s
[2026-05-06T01:03:46.972+0100][23.258s][info][gc             ] GC(714) Concurrent Undo Cycle
[2026-05-06T01:03:46.972+0100][23.258s][info][gc,marking     ] GC(714) Concurrent Clear Claimed Marks
[2026-05-06T01:03:46.972+0100][23.258s][info][gc,marking     ] GC(714) Concurrent Clear Claimed Marks 0.006ms
[2026-05-06T01:03:46.972+0100][23.258s][info][gc,marking     ] GC(714) Concurrent Cleanup for Next Mark
[2026-05-06T01:03:46.972+0100][23.258s][info][gc,marking     ] GC(714) Concurrent Cleanup for Next Mark 0.023ms
[2026-05-06T01:03:46.972+0100][23.258s][info][gc             ] GC(714) Concurrent Undo Cycle 0.071ms
[2026-05-06T01:03:47.000+0100][23.286s][info][gc,start       ] GC(715) Pause Young (Concurrent Start) (G1 Humongous Allocation)
[2026-05-06T01:03:47.000+0100][23.287s][info][gc,task        ] GC(715) Using 9 workers of 9 for evacuation
[2026-05-06T01:03:47.001+0100][23.287s][info][gc,phases      ] GC(715)   Pre Evacuate Collection Set: 0.1ms
[2026-05-06T01:03:47.001+0100][23.287s][info][gc,phases      ] GC(715)   Merge Heap Roots: 0.0ms
[2026-05-06T01:03:47.001+0100][23.287s][info][gc,phases      ] GC(715)   Evacuate Collection Set: 0.2ms
[2026-05-06T01:03:47.001+0100][23.287s][info][gc,phases      ] GC(715)   Post Evacuate Collection Set: 0.1ms
[2026-05-06T01:03:47.001+0100][23.287s][info][gc,phases      ] GC(715)   Other: 0.0ms
[2026-05-06T01:03:47.001+0100][23.287s][info][gc,heap        ] GC(715) Eden regions: 1->0(217)
[2026-05-06T01:03:47.001+0100][23.287s][info][gc,heap        ] GC(715) Survivor regions: 1->1(28)
[2026-05-06T01:03:47.001+0100][23.287s][info][gc,heap        ] GC(715) Old regions: 13->13
[2026-05-06T01:03:47.001+0100][23.287s][info][gc,heap        ] GC(715) Humongous regions: 169->96
[2026-05-06T01:03:47.001+0100][23.287s][info][gc,metaspace   ] GC(715) Metaspace: 19108K(19392K)->19108K(19392K) NonClass: 16871K(17024K)->16871K(17024K) Class: 2236K(2368K)->2236K(2368K)
[2026-05-06T01:03:47.001+0100][23.287s][info][gc             ] GC(715) Pause Young (Concurrent Start) (G1 Humongous Allocation) 350M->203M(728M) 0.539ms
[2026-05-06T01:03:47.001+0100][23.287s][info][gc,cpu         ] GC(715) User=0.00s Sys=0.00s Real=0.00s
[2026-05-06T01:03:47.001+0100][23.287s][info][gc             ] GC(716) Concurrent Undo Cycle
[2026-05-06T01:03:47.001+0100][23.287s][info][gc,marking     ] GC(716) Concurrent Clear Claimed Marks
[2026-05-06T01:03:47.001+0100][23.287s][info][gc,marking     ] GC(716) Concurrent Clear Claimed Marks 0.007ms
[2026-05-06T01:03:47.001+0100][23.287s][info][gc,marking     ] GC(716) Concurrent Cleanup for Next Mark
[2026-05-06T01:03:47.001+0100][23.287s][info][gc,marking     ] GC(716) Concurrent Cleanup for Next Mark 0.034ms
[2026-05-06T01:03:47.001+0100][23.287s][info][gc             ] GC(716) Concurrent Undo Cycle 0.067ms
[2026-05-06T01:03:47.035+0100][23.321s][info][gc,start       ] GC(717) Pause Young (Concurrent Start) (G1 Humongous Allocation)
[2026-05-06T01:03:47.035+0100][23.321s][info][gc,task        ] GC(717) Using 9 workers of 9 for evacuation
[2026-05-06T01:03:47.035+0100][23.321s][info][gc,phases      ] GC(717)   Pre Evacuate Collection Set: 0.1ms
[2026-05-06T01:03:47.035+0100][23.321s][info][gc,phases      ] GC(717)   Merge Heap Roots: 0.0ms
[2026-05-06T01:03:47.035+0100][23.321s][info][gc,phases      ] GC(717)   Evacuate Collection Set: 0.2ms
[2026-05-06T01:03:47.035+0100][23.321s][info][gc,phases      ] GC(717)   Post Evacuate Collection Set: 0.1ms
[2026-05-06T01:03:47.035+0100][23.321s][info][gc,phases      ] GC(717)   Other: 0.0ms
[2026-05-06T01:03:47.035+0100][23.321s][info][gc,heap        ] GC(717) Eden regions: 1->0(217)
[2026-05-06T01:03:47.035+0100][23.321s][info][gc,heap        ] GC(717) Survivor regions: 1->1(28)
[2026-05-06T01:03:47.035+0100][23.321s][info][gc,heap        ] GC(717) Old regions: 13->13
[2026-05-06T01:03:47.035+0100][23.321s][info][gc,heap        ] GC(717) Humongous regions: 169->96
[2026-05-06T01:03:47.035+0100][23.321s][info][gc,metaspace   ] GC(717) Metaspace: 19108K(19392K)->19108K(19392K) NonClass: 16871K(17024K)->16871K(17024K) Class: 2236K(2368K)->2236K(2368K)
[2026-05-06T01:03:47.035+0100][23.321s][info][gc             ] GC(717) Pause Young (Concurrent Start) (G1 Humongous Allocation) 350M->203M(728M) 0.576ms
[2026-05-06T01:03:47.035+0100][23.321s][info][gc,cpu         ] GC(717) User=0.00s Sys=0.00s Real=0.00s
[2026-05-06T01:03:47.035+0100][23.321s][info][gc             ] GC(718) Concurrent Undo Cycle
[2026-05-06T01:03:47.035+0100][23.321s][info][gc,marking     ] GC(718) Concurrent Clear Claimed Marks
[2026-05-06T01:03:47.035+0100][23.321s][info][gc,marking     ] GC(718) Concurrent Clear Claimed Marks 0.006ms
[2026-05-06T01:03:47.035+0100][23.321s][info][gc,marking     ] GC(718) Concurrent Cleanup for Next Mark
[2026-05-06T01:03:47.035+0100][23.321s][info][gc,marking     ] GC(718) Concurrent Cleanup for Next Mark 0.027ms
[2026-05-06T01:03:47.035+0100][23.321s][info][gc             ] GC(718) Concurrent Undo Cycle 0.063ms
[2026-05-06T01:03:47.068+0100][23.354s][info][gc,start       ] GC(719) Pause Young (Concurrent Start) (G1 Humongous Allocation)
[2026-05-06T01:03:47.068+0100][23.354s][info][gc,task        ] GC(719) Using 9 workers of 9 for evacuation
[2026-05-06T01:03:47.068+0100][23.354s][info][gc,phases      ] GC(719)   Pre Evacuate Collection Set: 0.1ms
[2026-05-06T01:03:47.068+0100][23.354s][info][gc,phases      ] GC(719)   Merge Heap Roots: 0.0ms
[2026-05-06T01:03:47.068+0100][23.354s][info][gc,phases      ] GC(719)   Evacuate Collection Set: 0.1ms
[2026-05-06T01:03:47.068+0100][23.354s][info][gc,phases      ] GC(719)   Post Evacuate Collection Set: 0.1ms
[2026-05-06T01:03:47.068+0100][23.354s][info][gc,phases      ] GC(719)   Other: 0.0ms
[2026-05-06T01:03:47.068+0100][23.354s][info][gc,heap        ] GC(719) Eden regions: 1->0(217)
[2026-05-06T01:03:47.068+0100][23.354s][info][gc,heap        ] GC(719) Survivor regions: 1->1(28)
[2026-05-06T01:03:47.068+0100][23.354s][info][gc,heap        ] GC(719) Old regions: 13->13
[2026-05-06T01:03:47.068+0100][23.354s][info][gc,heap        ] GC(719) Humongous regions: 169->96
[2026-05-06T01:03:47.068+0100][23.354s][info][gc,metaspace   ] GC(719) Metaspace: 19108K(19392K)->19108K(19392K) NonClass: 16871K(17024K)->16871K(17024K) Class: 2236K(2368K)->2236K(2368K)
[2026-05-06T01:03:47.068+0100][23.354s][info][gc             ] GC(719) Pause Young (Concurrent Start) (G1 Humongous Allocation) 350M->203M(728M) 0.521ms
[2026-05-06T01:03:47.068+0100][23.354s][info][gc,cpu         ] GC(719) User=0.00s Sys=0.00s Real=0.00s
[2026-05-06T01:03:47.068+0100][23.354s][info][gc             ] GC(720) Concurrent Undo Cycle
[2026-05-06T01:03:47.068+0100][23.354s][info][gc,marking     ] GC(720) Concurrent Clear Claimed Marks
[2026-05-06T01:03:47.068+0100][23.354s][info][gc,marking     ] GC(720) Concurrent Clear Claimed Marks 0.008ms
[2026-05-06T01:03:47.068+0100][23.355s][info][gc,marking     ] GC(720) Concurrent Cleanup for Next Mark
[2026-05-06T01:03:47.068+0100][23.355s][info][gc,marking     ] GC(720) Concurrent Cleanup for Next Mark 0.037ms
[2026-05-06T01:03:47.068+0100][23.355s][info][gc             ] GC(720) Concurrent Undo Cycle 0.074ms
[2026-05-06T01:03:47.098+0100][23.385s][info][gc,start       ] GC(721) Pause Young (Concurrent Start) (G1 Humongous Allocation)
[2026-05-06T01:03:47.098+0100][23.385s][info][gc,task        ] GC(721) Using 9 workers of 9 for evacuation
[2026-05-06T01:03:47.099+0100][23.385s][info][gc,phases      ] GC(721)   Pre Evacuate Collection Set: 0.1ms
[2026-05-06T01:03:47.099+0100][23.385s][info][gc,phases      ] GC(721)   Merge Heap Roots: 0.0ms
[2026-05-06T01:03:47.099+0100][23.385s][info][gc,phases      ] GC(721)   Evacuate Collection Set: 0.2ms
[2026-05-06T01:03:47.099+0100][23.385s][info][gc,phases      ] GC(721)   Post Evacuate Collection Set: 0.1ms
[2026-05-06T01:03:47.099+0100][23.385s][info][gc,phases      ] GC(721)   Other: 0.0ms
[2026-05-06T01:03:47.099+0100][23.385s][info][gc,heap        ] GC(721) Eden regions: 6->0(217)
[2026-05-06T01:03:47.099+0100][23.385s][info][gc,heap        ] GC(721) Survivor regions: 1->1(28)
[2026-05-06T01:03:47.099+0100][23.385s][info][gc,heap        ] GC(721) Old regions: 13->13
[2026-05-06T01:03:47.099+0100][23.385s][info][gc,heap        ] GC(721) Humongous regions: 169->96
[2026-05-06T01:03:47.099+0100][23.385s][info][gc,metaspace   ] GC(721) Metaspace: 19108K(19392K)->19108K(19392K) NonClass: 16871K(17024K)->16871K(17024K) Class: 2236K(2368K)->2236K(2368K)
[2026-05-06T01:03:47.099+0100][23.385s][info][gc             ] GC(721) Pause Young (Concurrent Start) (G1 Humongous Allocation) 361M->203M(728M) 0.517ms
[2026-05-06T01:03:47.099+0100][23.385s][info][gc,cpu         ] GC(721) User=0.01s Sys=0.00s Real=0.00s
[2026-05-06T01:03:47.099+0100][23.385s][info][gc             ] GC(722) Concurrent Undo Cycle
[2026-05-06T01:03:47.099+0100][23.385s][info][gc,marking     ] GC(722) Concurrent Clear Claimed Marks
[2026-05-06T01:03:47.099+0100][23.385s][info][gc,marking     ] GC(722) Concurrent Clear Claimed Marks 0.007ms
[2026-05-06T01:03:47.099+0100][23.385s][info][gc,marking     ] GC(722) Concurrent Cleanup for Next Mark
[2026-05-06T01:03:47.099+0100][23.385s][info][gc,marking     ] GC(722) Concurrent Cleanup for Next Mark 0.036ms
[2026-05-06T01:03:47.099+0100][23.385s][info][gc             ] GC(722) Concurrent Undo Cycle 0.066ms
[2026-05-06T01:03:47.127+0100][23.413s][info][gc,start       ] GC(723) Pause Young (Concurrent Start) (G1 Humongous Allocation)
[2026-05-06T01:03:47.127+0100][23.413s][info][gc,task        ] GC(723) Using 9 workers of 9 for evacuation
[2026-05-06T01:03:47.128+0100][23.414s][info][gc,phases      ] GC(723)   Pre Evacuate Collection Set: 0.1ms
[2026-05-06T01:03:47.128+0100][23.414s][info][gc,phases      ] GC(723)   Merge Heap Roots: 0.0ms
[2026-05-06T01:03:47.128+0100][23.414s][info][gc,phases      ] GC(723)   Evacuate Collection Set: 0.2ms
[2026-05-06T01:03:47.128+0100][23.414s][info][gc,phases      ] GC(723)   Post Evacuate Collection Set: 0.1ms
[2026-05-06T01:03:47.128+0100][23.414s][info][gc,phases      ] GC(723)   Other: 0.0ms
[2026-05-06T01:03:47.128+0100][23.414s][info][gc,heap        ] GC(723) Eden regions: 12->0(217)
[2026-05-06T01:03:47.128+0100][23.414s][info][gc,heap        ] GC(723) Survivor regions: 1->1(28)
[2026-05-06T01:03:47.128+0100][23.414s][info][gc,heap        ] GC(723) Old regions: 13->13
[2026-05-06T01:03:47.128+0100][23.414s][info][gc,heap        ] GC(723) Humongous regions: 169->96
[2026-05-06T01:03:47.128+0100][23.414s][info][gc,metaspace   ] GC(723) Metaspace: 19108K(19392K)->19108K(19392K) NonClass: 16871K(17024K)->16871K(17024K) Class: 2236K(2368K)->2236K(2368K)
[2026-05-06T01:03:47.128+0100][23.414s][info][gc             ] GC(723) Pause Young (Concurrent Start) (G1 Humongous Allocation) 372M->203M(728M) 0.546ms
[2026-05-06T01:03:47.128+0100][23.414s][info][gc,cpu         ] GC(723) User=0.00s Sys=0.00s Real=0.00s
[2026-05-06T01:03:47.128+0100][23.414s][info][gc             ] GC(724) Concurrent Undo Cycle
[2026-05-06T01:03:47.128+0100][23.414s][info][gc,marking     ] GC(724) Concurrent Clear Claimed Marks
[2026-05-06T01:03:47.128+0100][23.414s][info][gc,marking     ] GC(724) Concurrent Clear Claimed Marks 0.008ms
[2026-05-06T01:03:47.128+0100][23.414s][info][gc,marking     ] GC(724) Concurrent Cleanup for Next Mark
[2026-05-06T01:03:47.128+0100][23.414s][info][gc,marking     ] GC(724) Concurrent Cleanup for Next Mark 0.034ms
[2026-05-06T01:03:47.128+0100][23.414s][info][gc             ] GC(724) Concurrent Undo Cycle 0.078ms
[2026-05-06T01:03:47.156+0100][23.442s][info][gc,start       ] GC(725) Pause Young (Concurrent Start) (G1 Humongous Allocation)
[2026-05-06T01:03:47.156+0100][23.442s][info][gc,task        ] GC(725) Using 9 workers of 9 for evacuation
[2026-05-06T01:03:47.156+0100][23.442s][info][gc,phases      ] GC(725)   Pre Evacuate Collection Set: 0.1ms
[2026-05-06T01:03:47.156+0100][23.442s][info][gc,phases      ] GC(725)   Merge Heap Roots: 0.0ms
[2026-05-06T01:03:47.156+0100][23.442s][info][gc,phases      ] GC(725)   Evacuate Collection Set: 0.2ms
[2026-05-06T01:03:47.156+0100][23.442s][info][gc,phases      ] GC(725)   Post Evacuate Collection Set: 0.1ms
[2026-05-06T01:03:47.156+0100][23.442s][info][gc,phases      ] GC(725)   Other: 0.0ms
[2026-05-06T01:03:47.156+0100][23.443s][info][gc,heap        ] GC(725) Eden regions: 12->0(217)
[2026-05-06T01:03:47.156+0100][23.443s][info][gc,heap        ] GC(725) Survivor regions: 1->1(28)
[2026-05-06T01:03:47.156+0100][23.443s][info][gc,heap        ] GC(725) Old regions: 13->13
[2026-05-06T01:03:47.156+0100][23.443s][info][gc,heap        ] GC(725) Humongous regions: 169->96
[2026-05-06T01:03:47.156+0100][23.443s][info][gc,metaspace   ] GC(725) Metaspace: 19108K(19392K)->19108K(19392K) NonClass: 16871K(17024K)->16871K(17024K) Class: 2236K(2368K)->2236K(2368K)
[2026-05-06T01:03:47.156+0100][23.443s][info][gc             ] GC(725) Pause Young (Concurrent Start) (G1 Humongous Allocation) 372M->203M(728M) 0.492ms
[2026-05-06T01:03:47.156+0100][23.443s][info][gc,cpu         ] GC(725) User=0.00s Sys=0.00s Real=0.00s
[2026-05-06T01:03:47.156+0100][23.443s][info][gc             ] GC(726) Concurrent Undo Cycle
[2026-05-06T01:03:47.156+0100][23.443s][info][gc,marking     ] GC(726) Concurrent Clear Claimed Marks
[2026-05-06T01:03:47.156+0100][23.443s][info][gc,marking     ] GC(726) Concurrent Clear Claimed Marks 0.006ms
[2026-05-06T01:03:47.156+0100][23.443s][info][gc,marking     ] GC(726) Concurrent Cleanup for Next Mark
[2026-05-06T01:03:47.156+0100][23.443s][info][gc,marking     ] GC(726) Concurrent Cleanup for Next Mark 0.033ms
[2026-05-06T01:03:47.156+0100][23.443s][info][gc             ] GC(726) Concurrent Undo Cycle 0.062ms
[2026-05-06T01:03:47.174+0100][23.461s][info][gc,start       ] GC(727) Pause Full (System.gc())
[2026-05-06T01:03:47.174+0100][23.461s][info][gc,task        ] GC(727) Using 9 workers of 9 for full compaction
[2026-05-06T01:03:47.174+0100][23.461s][info][gc,phases,start] GC(727) Phase 1: Mark live objects
[2026-05-06T01:03:47.177+0100][23.463s][info][gc,phases      ] GC(727) Phase 1: Mark live objects 2.292ms
[2026-05-06T01:03:47.177+0100][23.463s][info][gc,phases,start] GC(727) Phase 2: Prepare compaction
[2026-05-06T01:03:47.177+0100][23.463s][info][gc,phases      ] GC(727) Phase 2: Prepare compaction 0.246ms
[2026-05-06T01:03:47.177+0100][23.463s][info][gc,phases,start] GC(727) Phase 3: Adjust pointers
[2026-05-06T01:03:47.179+0100][23.465s][info][gc,phases      ] GC(727) Phase 3: Adjust pointers 1.821ms
[2026-05-06T01:03:47.179+0100][23.465s][info][gc,phases,start] GC(727) Phase 4: Compact heap
[2026-05-06T01:03:47.179+0100][23.465s][info][gc,phases      ] GC(727) Phase 4: Compact heap 0.204ms
[2026-05-06T01:03:47.179+0100][23.465s][info][gc,phases,start] GC(727) Phase 5: Reset Metadata
[2026-05-06T01:03:47.179+0100][23.466s][info][gc,phases      ] GC(727) Phase 5: Reset Metadata 0.329ms
[2026-05-06T01:03:47.180+0100][23.466s][info][gc,heap        ] GC(727) Eden regions: 6->0(218)
[2026-05-06T01:03:47.180+0100][23.466s][info][gc,heap        ] GC(727) Survivor regions: 1->0(28)
[2026-05-06T01:03:47.180+0100][23.466s][info][gc,heap        ] GC(727) Old regions: 13->13
[2026-05-06T01:03:47.180+0100][23.466s][info][gc,heap        ] GC(727) Humongous regions: 169->96
[2026-05-06T01:03:47.180+0100][23.466s][info][gc,metaspace   ] GC(727) Metaspace: 19108K(19392K)->19108K(19392K) NonClass: 16871K(17024K)->16871K(17024K) Class: 2236K(2368K)->2236K(2368K)
[2026-05-06T01:03:47.180+0100][23.466s][info][gc             ] GC(727) Pause Full (System.gc()) 361M->203M(728M) 5.450ms
[2026-05-06T01:03:47.180+0100][23.466s][info][gc,cpu         ] GC(727) User=0.02s Sys=0.00s Real=0.01s
[2026-05-06T01:03:47.190+0100][23.476s][info][gc,start       ] GC(728) Pause Young (Concurrent Start) (G1 Humongous Allocation)
[2026-05-06T01:03:47.190+0100][23.476s][info][gc,task        ] GC(728) Using 9 workers of 9 for evacuation
[2026-05-06T01:03:47.191+0100][23.477s][info][gc,phases      ] GC(728)   Pre Evacuate Collection Set: 0.1ms
[2026-05-06T01:03:47.191+0100][23.477s][info][gc,phases      ] GC(728)   Merge Heap Roots: 0.0ms
[2026-05-06T01:03:47.191+0100][23.477s][info][gc,phases      ] GC(728)   Evacuate Collection Set: 0.1ms
[2026-05-06T01:03:47.191+0100][23.477s][info][gc,phases      ] GC(728)   Post Evacuate Collection Set: 0.1ms
[2026-05-06T01:03:47.191+0100][23.477s][info][gc,phases      ] GC(728)   Other: 0.0ms
[2026-05-06T01:03:47.191+0100][23.477s][info][gc,heap        ] GC(728) Eden regions: 6->0(217)
[2026-05-06T01:03:47.191+0100][23.477s][info][gc,heap        ] GC(728) Survivor regions: 0->1(28)
[2026-05-06T01:03:47.191+0100][23.477s][info][gc,heap        ] GC(728) Old regions: 13->13
[2026-05-06T01:03:47.191+0100][23.477s][info][gc,heap        ] GC(728) Humongous regions: 96->96
[2026-05-06T01:03:47.191+0100][23.477s][info][gc,metaspace   ] GC(728) Metaspace: 19108K(19392K)->19108K(19392K) NonClass: 16871K(17024K)->16871K(17024K) Class: 2236K(2368K)->2236K(2368K)
[2026-05-06T01:03:47.191+0100][23.477s][info][gc             ] GC(728) Pause Young (Concurrent Start) (G1 Humongous Allocation) 215M->203M(728M) 0.483ms
[2026-05-06T01:03:47.191+0100][23.477s][info][gc,cpu         ] GC(728) User=0.01s Sys=0.00s Real=0.00s
[2026-05-06T01:03:47.191+0100][23.477s][info][gc             ] GC(729) Concurrent Undo Cycle
[2026-05-06T01:03:47.191+0100][23.477s][info][gc,marking     ] GC(729) Concurrent Clear Claimed Marks
[2026-05-06T01:03:47.191+0100][23.477s][info][gc,marking     ] GC(729) Concurrent Clear Claimed Marks 0.007ms
[2026-05-06T01:03:47.191+0100][23.477s][info][gc,marking     ] GC(729) Concurrent Cleanup for Next Mark
[2026-05-06T01:03:47.191+0100][23.477s][info][gc,marking     ] GC(729) Concurrent Cleanup for Next Mark 0.036ms
[2026-05-06T01:03:47.191+0100][23.477s][info][gc             ] GC(729) Concurrent Undo Cycle 0.066ms
[2026-05-06T01:03:47.219+0100][23.505s][info][gc,start       ] GC(730) Pause Young (Concurrent Start) (G1 Humongous Allocation)
[2026-05-06T01:03:47.219+0100][23.505s][info][gc,task        ] GC(730) Using 9 workers of 9 for evacuation
[2026-05-06T01:03:47.219+0100][23.505s][info][gc,phases      ] GC(730)   Pre Evacuate Collection Set: 0.1ms
[2026-05-06T01:03:47.219+0100][23.505s][info][gc,phases      ] GC(730)   Merge Heap Roots: 0.0ms
[2026-05-06T01:03:47.219+0100][23.505s][info][gc,phases      ] GC(730)   Evacuate Collection Set: 0.1ms
[2026-05-06T01:03:47.219+0100][23.505s][info][gc,phases      ] GC(730)   Post Evacuate Collection Set: 0.1ms
[2026-05-06T01:03:47.219+0100][23.505s][info][gc,phases      ] GC(730)   Other: 0.0ms
[2026-05-06T01:03:47.219+0100][23.505s][info][gc,heap        ] GC(730) Eden regions: 8->0(217)
[2026-05-06T01:03:47.219+0100][23.505s][info][gc,heap        ] GC(730) Survivor regions: 1->1(28)
[2026-05-06T01:03:47.219+0100][23.505s][info][gc,heap        ] GC(730) Old regions: 13->13
[2026-05-06T01:03:47.219+0100][23.505s][info][gc,heap        ] GC(730) Humongous regions: 169->96
[2026-05-06T01:03:47.219+0100][23.505s][info][gc,metaspace   ] GC(730) Metaspace: 19108K(19392K)->19108K(19392K) NonClass: 16871K(17024K)->16871K(17024K) Class: 2236K(2368K)->2236K(2368K)
[2026-05-06T01:03:47.219+0100][23.505s][info][gc             ] GC(730) Pause Young (Concurrent Start) (G1 Humongous Allocation) 365M->203M(728M) 0.481ms
[2026-05-06T01:03:47.219+0100][23.505s][info][gc,cpu         ] GC(730) User=0.00s Sys=0.00s Real=0.00s
[2026-05-06T01:03:47.219+0100][23.505s][info][gc             ] GC(731) Concurrent Undo Cycle
[2026-05-06T01:03:47.219+0100][23.505s][info][gc,marking     ] GC(731) Concurrent Clear Claimed Marks
[2026-05-06T01:03:47.219+0100][23.505s][info][gc,marking     ] GC(731) Concurrent Clear Claimed Marks 0.007ms
[2026-05-06T01:03:47.219+0100][23.505s][info][gc,marking     ] GC(731) Concurrent Cleanup for Next Mark
[2026-05-06T01:03:47.219+0100][23.505s][info][gc,marking     ] GC(731) Concurrent Cleanup for Next Mark 0.040ms
[2026-05-06T01:03:47.219+0100][23.505s][info][gc             ] GC(731) Concurrent Undo Cycle 0.074ms
[2026-05-06T01:03:47.247+0100][23.533s][info][gc,start       ] GC(732) Pause Young (Concurrent Start) (G1 Humongous Allocation)
[2026-05-06T01:03:47.247+0100][23.533s][info][gc,task        ] GC(732) Using 9 workers of 9 for evacuation
[2026-05-06T01:03:47.248+0100][23.534s][info][gc,phases      ] GC(732)   Pre Evacuate Collection Set: 0.1ms
[2026-05-06T01:03:47.248+0100][23.534s][info][gc,phases      ] GC(732)   Merge Heap Roots: 0.0ms
[2026-05-06T01:03:47.248+0100][23.534s][info][gc,phases      ] GC(732)   Evacuate Collection Set: 0.1ms
[2026-05-06T01:03:47.248+0100][23.534s][info][gc,phases      ] GC(732)   Post Evacuate Collection Set: 0.1ms
[2026-05-06T01:03:47.248+0100][23.534s][info][gc,phases      ] GC(732)   Other: 0.0ms
[2026-05-06T01:03:47.248+0100][23.534s][info][gc,heap        ] GC(732) Eden regions: 8->0(217)
[2026-05-06T01:03:47.248+0100][23.534s][info][gc,heap        ] GC(732) Survivor regions: 1->1(28)
[2026-05-06T01:03:47.248+0100][23.534s][info][gc,heap        ] GC(732) Old regions: 13->13
[2026-05-06T01:03:47.248+0100][23.534s][info][gc,heap        ] GC(732) Humongous regions: 169->96
[2026-05-06T01:03:47.248+0100][23.534s][info][gc,metaspace   ] GC(732) Metaspace: 19108K(19392K)->19108K(19392K) NonClass: 16871K(17024K)->16871K(17024K) Class: 2236K(2368K)->2236K(2368K)
[2026-05-06T01:03:47.248+0100][23.534s][info][gc             ] GC(732) Pause Young (Concurrent Start) (G1 Humongous Allocation) 364M->203M(728M) 0.448ms
[2026-05-06T01:03:47.248+0100][23.534s][info][gc,cpu         ] GC(732) User=0.00s Sys=0.00s Real=0.00s
[2026-05-06T01:03:47.248+0100][23.534s][info][gc             ] GC(733) Concurrent Undo Cycle
[2026-05-06T01:03:47.248+0100][23.534s][info][gc,marking     ] GC(733) Concurrent Clear Claimed Marks
[2026-05-06T01:03:47.248+0100][23.534s][info][gc,marking     ] GC(733) Concurrent Clear Claimed Marks 0.007ms
[2026-05-06T01:03:47.248+0100][23.534s][info][gc,marking     ] GC(733) Concurrent Cleanup for Next Mark
[2026-05-06T01:03:47.248+0100][23.534s][info][gc,marking     ] GC(733) Concurrent Cleanup for Next Mark 0.031ms
[2026-05-06T01:03:47.248+0100][23.534s][info][gc             ] GC(733) Concurrent Undo Cycle 0.062ms
[2026-05-06T01:03:47.276+0100][23.562s][info][gc,start       ] GC(734) Pause Young (Concurrent Start) (G1 Humongous Allocation)
[2026-05-06T01:03:47.276+0100][23.562s][info][gc,task        ] GC(734) Using 9 workers of 9 for evacuation
[2026-05-06T01:03:47.276+0100][23.562s][info][gc,phases      ] GC(734)   Pre Evacuate Collection Set: 0.1ms
[2026-05-06T01:03:47.276+0100][23.562s][info][gc,phases      ] GC(734)   Merge Heap Roots: 0.0ms
[2026-05-06T01:03:47.276+0100][23.562s][info][gc,phases      ] GC(734)   Evacuate Collection Set: 0.1ms
[2026-05-06T01:03:47.276+0100][23.562s][info][gc,phases      ] GC(734)   Post Evacuate Collection Set: 0.1ms
[2026-05-06T01:03:47.276+0100][23.562s][info][gc,phases      ] GC(734)   Other: 0.0ms
[2026-05-06T01:03:47.276+0100][23.562s][info][gc,heap        ] GC(734) Eden regions: 8->0(217)
[2026-05-06T01:03:47.276+0100][23.562s][info][gc,heap        ] GC(734) Survivor regions: 1->1(28)
[2026-05-06T01:03:47.276+0100][23.562s][info][gc,heap        ] GC(734) Old regions: 13->13
[2026-05-06T01:03:47.276+0100][23.562s][info][gc,heap        ] GC(734) Humongous regions: 169->96
[2026-05-06T01:03:47.276+0100][23.562s][info][gc,metaspace   ] GC(734) Metaspace: 19108K(19392K)->19108K(19392K) NonClass: 16871K(17024K)->16871K(17024K) Class: 2236K(2368K)->2236K(2368K)
[2026-05-06T01:03:47.276+0100][23.562s][info][gc             ] GC(734) Pause Young (Concurrent Start) (G1 Humongous Allocation) 364M->203M(728M) 0.478ms
[2026-05-06T01:03:47.276+0100][23.562s][info][gc,cpu         ] GC(734) User=0.00s Sys=0.00s Real=0.00s
[2026-05-06T01:03:47.276+0100][23.562s][info][gc             ] GC(735) Concurrent Undo Cycle
[2026-05-06T01:03:47.276+0100][23.563s][info][gc,marking     ] GC(735) Concurrent Clear Claimed Marks
[2026-05-06T01:03:47.276+0100][23.563s][info][gc,marking     ] GC(735) Concurrent Clear Claimed Marks 0.007ms
[2026-05-06T01:03:47.276+0100][23.563s][info][gc,marking     ] GC(735) Concurrent Cleanup for Next Mark
[2026-05-06T01:03:47.276+0100][23.563s][info][gc,marking     ] GC(735) Concurrent Cleanup for Next Mark 0.037ms
[2026-05-06T01:03:47.276+0100][23.563s][info][gc             ] GC(735) Concurrent Undo Cycle 0.068ms
[2026-05-06T01:03:47.304+0100][23.591s][info][gc,start       ] GC(736) Pause Young (Concurrent Start) (G1 Humongous Allocation)
[2026-05-06T01:03:47.304+0100][23.591s][info][gc,task        ] GC(736) Using 9 workers of 9 for evacuation
[2026-05-06T01:03:47.305+0100][23.591s][info][gc,phases      ] GC(736)   Pre Evacuate Collection Set: 0.1ms
[2026-05-06T01:03:47.305+0100][23.591s][info][gc,phases      ] GC(736)   Merge Heap Roots: 0.0ms
[2026-05-06T01:03:47.305+0100][23.591s][info][gc,phases      ] GC(736)   Evacuate Collection Set: 0.1ms
[2026-05-06T01:03:47.305+0100][23.591s][info][gc,phases      ] GC(736)   Post Evacuate Collection Set: 0.1ms
[2026-05-06T01:03:47.305+0100][23.591s][info][gc,phases      ] GC(736)   Other: 0.0ms
[2026-05-06T01:03:47.305+0100][23.591s][info][gc,heap        ] GC(736) Eden regions: 8->0(217)
[2026-05-06T01:03:47.305+0100][23.591s][info][gc,heap        ] GC(736) Survivor regions: 1->1(28)
[2026-05-06T01:03:47.305+0100][23.591s][info][gc,heap        ] GC(736) Old regions: 13->13
[2026-05-06T01:03:47.305+0100][23.591s][info][gc,heap        ] GC(736) Humongous regions: 169->96
[2026-05-06T01:03:47.305+0100][23.591s][info][gc,metaspace   ] GC(736) Metaspace: 19108K(19392K)->19108K(19392K) NonClass: 16871K(17024K)->16871K(17024K) Class: 2236K(2368K)->2236K(2368K)
[2026-05-06T01:03:47.305+0100][23.591s][info][gc             ] GC(736) Pause Young (Concurrent Start) (G1 Humongous Allocation) 364M->203M(728M) 0.487ms
[2026-05-06T01:03:47.305+0100][23.591s][info][gc,cpu         ] GC(736) User=0.00s Sys=0.01s Real=0.00s
[2026-05-06T01:03:47.305+0100][23.591s][info][gc             ] GC(737) Concurrent Undo Cycle
[2026-05-06T01:03:47.305+0100][23.591s][info][gc,marking     ] GC(737) Concurrent Clear Claimed Marks
[2026-05-06T01:03:47.305+0100][23.591s][info][gc,marking     ] GC(737) Concurrent Clear Claimed Marks 0.007ms
[2026-05-06T01:03:47.305+0100][23.591s][info][gc,marking     ] GC(737) Concurrent Cleanup for Next Mark
[2026-05-06T01:03:47.305+0100][23.591s][info][gc,marking     ] GC(737) Concurrent Cleanup for Next Mark 0.039ms
[2026-05-06T01:03:47.305+0100][23.591s][info][gc             ] GC(737) Concurrent Undo Cycle 0.069ms
[2026-05-06T01:03:47.333+0100][23.619s][info][gc,start       ] GC(738) Pause Young (Concurrent Start) (G1 Humongous Allocation)
[2026-05-06T01:03:47.333+0100][23.619s][info][gc,task        ] GC(738) Using 9 workers of 9 for evacuation
[2026-05-06T01:03:47.334+0100][23.620s][info][gc,phases      ] GC(738)   Pre Evacuate Collection Set: 0.1ms
[2026-05-06T01:03:47.334+0100][23.620s][info][gc,phases      ] GC(738)   Merge Heap Roots: 0.0ms
[2026-05-06T01:03:47.334+0100][23.620s][info][gc,phases      ] GC(738)   Evacuate Collection Set: 0.1ms
[2026-05-06T01:03:47.334+0100][23.620s][info][gc,phases      ] GC(738)   Post Evacuate Collection Set: 0.1ms
[2026-05-06T01:03:47.334+0100][23.620s][info][gc,phases      ] GC(738)   Other: 0.0ms
[2026-05-06T01:03:47.334+0100][23.620s][info][gc,heap        ] GC(738) Eden regions: 8->0(217)
[2026-05-06T01:03:47.334+0100][23.620s][info][gc,heap        ] GC(738) Survivor regions: 1->1(28)
[2026-05-06T01:03:47.334+0100][23.620s][info][gc,heap        ] GC(738) Old regions: 13->13
[2026-05-06T01:03:47.334+0100][23.620s][info][gc,heap        ] GC(738) Humongous regions: 169->96
[2026-05-06T01:03:47.334+0100][23.620s][info][gc,metaspace   ] GC(738) Metaspace: 19108K(19392K)->19108K(19392K) NonClass: 16871K(17024K)->16871K(17024K) Class: 2236K(2368K)->2236K(2368K)
[2026-05-06T01:03:47.334+0100][23.620s][info][gc             ] GC(738) Pause Young (Concurrent Start) (G1 Humongous Allocation) 364M->203M(728M) 0.455ms
[2026-05-06T01:03:47.334+0100][23.620s][info][gc,cpu         ] GC(738) User=0.00s Sys=0.00s Real=0.00s
[2026-05-06T01:03:47.334+0100][23.620s][info][gc             ] GC(739) Concurrent Undo Cycle
[2026-05-06T01:03:47.334+0100][23.620s][info][gc,marking     ] GC(739) Concurrent Clear Claimed Marks
[2026-05-06T01:03:47.334+0100][23.620s][info][gc,marking     ] GC(739) Concurrent Clear Claimed Marks 0.007ms
[2026-05-06T01:03:47.334+0100][23.620s][info][gc,marking     ] GC(739) Concurrent Cleanup for Next Mark
[2026-05-06T01:03:47.334+0100][23.620s][info][gc,marking     ] GC(739) Concurrent Cleanup for Next Mark 0.036ms
[2026-05-06T01:03:47.334+0100][23.620s][info][gc             ] GC(739) Concurrent Undo Cycle 0.069ms
[2026-05-06T01:03:47.362+0100][23.648s][info][gc,start       ] GC(740) Pause Young (Concurrent Start) (G1 Humongous Allocation)
[2026-05-06T01:03:47.362+0100][23.648s][info][gc,task        ] GC(740) Using 9 workers of 9 for evacuation
[2026-05-06T01:03:47.362+0100][23.649s][info][gc,phases      ] GC(740)   Pre Evacuate Collection Set: 0.1ms
[2026-05-06T01:03:47.362+0100][23.649s][info][gc,phases      ] GC(740)   Merge Heap Roots: 0.0ms
[2026-05-06T01:03:47.362+0100][23.649s][info][gc,phases      ] GC(740)   Evacuate Collection Set: 0.1ms
[2026-05-06T01:03:47.362+0100][23.649s][info][gc,phases      ] GC(740)   Post Evacuate Collection Set: 0.1ms
[2026-05-06T01:03:47.362+0100][23.649s][info][gc,phases      ] GC(740)   Other: 0.0ms
[2026-05-06T01:03:47.362+0100][23.649s][info][gc,heap        ] GC(740) Eden regions: 8->0(217)
[2026-05-06T01:03:47.362+0100][23.649s][info][gc,heap        ] GC(740) Survivor regions: 1->1(28)
[2026-05-06T01:03:47.362+0100][23.649s][info][gc,heap        ] GC(740) Old regions: 13->13
[2026-05-06T01:03:47.362+0100][23.649s][info][gc,heap        ] GC(740) Humongous regions: 169->96
[2026-05-06T01:03:47.362+0100][23.649s][info][gc,metaspace   ] GC(740) Metaspace: 19108K(19392K)->19108K(19392K) NonClass: 16871K(17024K)->16871K(17024K) Class: 2236K(2368K)->2236K(2368K)
[2026-05-06T01:03:47.362+0100][23.649s][info][gc             ] GC(740) Pause Young (Concurrent Start) (G1 Humongous Allocation) 364M->203M(728M) 0.478ms
[2026-05-06T01:03:47.362+0100][23.649s][info][gc,cpu         ] GC(740) User=0.00s Sys=0.00s Real=0.00s
[2026-05-06T01:03:47.362+0100][23.649s][info][gc             ] GC(741) Concurrent Undo Cycle
[2026-05-06T01:03:47.362+0100][23.649s][info][gc,marking     ] GC(741) Concurrent Clear Claimed Marks
[2026-05-06T01:03:47.362+0100][23.649s][info][gc,marking     ] GC(741) Concurrent Clear Claimed Marks 0.006ms
[2026-05-06T01:03:47.363+0100][23.649s][info][gc,marking     ] GC(741) Concurrent Cleanup for Next Mark
[2026-05-06T01:03:47.363+0100][23.649s][info][gc,marking     ] GC(741) Concurrent Cleanup for Next Mark 0.032ms
[2026-05-06T01:03:47.363+0100][23.649s][info][gc             ] GC(741) Concurrent Undo Cycle 0.060ms
[2026-05-06T01:03:47.391+0100][23.677s][info][gc,start       ] GC(742) Pause Young (Concurrent Start) (G1 Humongous Allocation)
[2026-05-06T01:03:47.391+0100][23.677s][info][gc,task        ] GC(742) Using 9 workers of 9 for evacuation
[2026-05-06T01:03:47.391+0100][23.677s][info][gc,phases      ] GC(742)   Pre Evacuate Collection Set: 0.1ms
[2026-05-06T01:03:47.391+0100][23.677s][info][gc,phases      ] GC(742)   Merge Heap Roots: 0.0ms
[2026-05-06T01:03:47.391+0100][23.677s][info][gc,phases      ] GC(742)   Evacuate Collection Set: 0.1ms
[2026-05-06T01:03:47.391+0100][23.677s][info][gc,phases      ] GC(742)   Post Evacuate Collection Set: 0.1ms
[2026-05-06T01:03:47.391+0100][23.677s][info][gc,phases      ] GC(742)   Other: 0.0ms
[2026-05-06T01:03:47.391+0100][23.678s][info][gc,heap        ] GC(742) Eden regions: 8->0(217)
[2026-05-06T01:03:47.391+0100][23.678s][info][gc,heap        ] GC(742) Survivor regions: 1->1(28)
[2026-05-06T01:03:47.391+0100][23.678s][info][gc,heap        ] GC(742) Old regions: 13->13
[2026-05-06T01:03:47.391+0100][23.678s][info][gc,heap        ] GC(742) Humongous regions: 169->96
[2026-05-06T01:03:47.391+0100][23.678s][info][gc,metaspace   ] GC(742) Metaspace: 19108K(19392K)->19108K(19392K) NonClass: 16871K(17024K)->16871K(17024K) Class: 2236K(2368K)->2236K(2368K)
[2026-05-06T01:03:47.391+0100][23.678s][info][gc             ] GC(742) Pause Young (Concurrent Start) (G1 Humongous Allocation) 364M->203M(728M) 0.488ms
[2026-05-06T01:03:47.391+0100][23.678s][info][gc,cpu         ] GC(742) User=0.00s Sys=0.00s Real=0.00s
[2026-05-06T01:03:47.391+0100][23.678s][info][gc             ] GC(743) Concurrent Undo Cycle
[2026-05-06T01:03:47.391+0100][23.678s][info][gc,marking     ] GC(743) Concurrent Clear Claimed Marks
[2026-05-06T01:03:47.391+0100][23.678s][info][gc,marking     ] GC(743) Concurrent Clear Claimed Marks 0.006ms
[2026-05-06T01:03:47.391+0100][23.678s][info][gc,marking     ] GC(743) Concurrent Cleanup for Next Mark
[2026-05-06T01:03:47.391+0100][23.678s][info][gc,marking     ] GC(743) Concurrent Cleanup for Next Mark 0.029ms
[2026-05-06T01:03:47.391+0100][23.678s][info][gc             ] GC(743) Concurrent Undo Cycle 0.058ms
[2026-05-06T01:03:47.421+0100][23.707s][info][gc,start       ] GC(744) Pause Young (Concurrent Start) (G1 Humongous Allocation)
[2026-05-06T01:03:47.421+0100][23.707s][info][gc,task        ] GC(744) Using 9 workers of 9 for evacuation
[2026-05-06T01:03:47.422+0100][23.708s][info][gc,phases      ] GC(744)   Pre Evacuate Collection Set: 0.1ms
[2026-05-06T01:03:47.422+0100][23.708s][info][gc,phases      ] GC(744)   Merge Heap Roots: 0.0ms
[2026-05-06T01:03:47.422+0100][23.708s][info][gc,phases      ] GC(744)   Evacuate Collection Set: 0.1ms
[2026-05-06T01:03:47.422+0100][23.708s][info][gc,phases      ] GC(744)   Post Evacuate Collection Set: 0.1ms
[2026-05-06T01:03:47.422+0100][23.708s][info][gc,phases      ] GC(744)   Other: 0.0ms
[2026-05-06T01:03:47.422+0100][23.708s][info][gc,heap        ] GC(744) Eden regions: 8->0(217)
[2026-05-06T01:03:47.422+0100][23.708s][info][gc,heap        ] GC(744) Survivor regions: 1->1(28)
[2026-05-06T01:03:47.422+0100][23.708s][info][gc,heap        ] GC(744) Old regions: 13->13
[2026-05-06T01:03:47.422+0100][23.708s][info][gc,heap        ] GC(744) Humongous regions: 169->96
[2026-05-06T01:03:47.422+0100][23.708s][info][gc,metaspace   ] GC(744) Metaspace: 19108K(19392K)->19108K(19392K) NonClass: 16871K(17024K)->16871K(17024K) Class: 2236K(2368K)->2236K(2368K)
[2026-05-06T01:03:47.422+0100][23.708s][info][gc             ] GC(744) Pause Young (Concurrent Start) (G1 Humongous Allocation) 364M->203M(728M) 0.504ms
[2026-05-06T01:03:47.422+0100][23.708s][info][gc,cpu         ] GC(744) User=0.00s Sys=0.00s Real=0.00s
[2026-05-06T01:03:47.422+0100][23.708s][info][gc             ] GC(745) Concurrent Undo Cycle
[2026-05-06T01:03:47.422+0100][23.708s][info][gc,marking     ] GC(745) Concurrent Clear Claimed Marks
[2026-05-06T01:03:47.422+0100][23.708s][info][gc,marking     ] GC(745) Concurrent Clear Claimed Marks 0.006ms
[2026-05-06T01:03:47.422+0100][23.708s][info][gc,marking     ] GC(745) Concurrent Cleanup for Next Mark
[2026-05-06T01:03:47.422+0100][23.708s][info][gc,marking     ] GC(745) Concurrent Cleanup for Next Mark 0.039ms
[2026-05-06T01:03:47.422+0100][23.708s][info][gc             ] GC(745) Concurrent Undo Cycle 0.071ms
[2026-05-06T01:03:47.450+0100][23.736s][info][gc,start       ] GC(746) Pause Young (Concurrent Start) (G1 Humongous Allocation)
[2026-05-06T01:03:47.450+0100][23.736s][info][gc,task        ] GC(746) Using 9 workers of 9 for evacuation
[2026-05-06T01:03:47.450+0100][23.736s][info][gc,phases      ] GC(746)   Pre Evacuate Collection Set: 0.1ms
[2026-05-06T01:03:47.450+0100][23.736s][info][gc,phases      ] GC(746)   Merge Heap Roots: 0.0ms
[2026-05-06T01:03:47.450+0100][23.736s][info][gc,phases      ] GC(746)   Evacuate Collection Set: 0.1ms
[2026-05-06T01:03:47.450+0100][23.736s][info][gc,phases      ] GC(746)   Post Evacuate Collection Set: 0.1ms
[2026-05-06T01:03:47.450+0100][23.737s][info][gc,phases      ] GC(746)   Other: 0.0ms
[2026-05-06T01:03:47.450+0100][23.737s][info][gc,heap        ] GC(746) Eden regions: 8->0(217)
[2026-05-06T01:03:47.450+0100][23.737s][info][gc,heap        ] GC(746) Survivor regions: 1->1(28)
[2026-05-06T01:03:47.450+0100][23.737s][info][gc,heap        ] GC(746) Old regions: 13->13
[2026-05-06T01:03:47.450+0100][23.737s][info][gc,heap        ] GC(746) Humongous regions: 169->96
[2026-05-06T01:03:47.450+0100][23.737s][info][gc,metaspace   ] GC(746) Metaspace: 19108K(19392K)->19108K(19392K) NonClass: 16871K(17024K)->16871K(17024K) Class: 2236K(2368K)->2236K(2368K)
[2026-05-06T01:03:47.450+0100][23.737s][info][gc             ] GC(746) Pause Young (Concurrent Start) (G1 Humongous Allocation) 364M->203M(728M) 0.451ms
[2026-05-06T01:03:47.450+0100][23.737s][info][gc,cpu         ] GC(746) User=0.00s Sys=0.00s Real=0.00s
[2026-05-06T01:03:47.450+0100][23.737s][info][gc             ] GC(747) Concurrent Undo Cycle
[2026-05-06T01:03:47.450+0100][23.737s][info][gc,marking     ] GC(747) Concurrent Clear Claimed Marks
[2026-05-06T01:03:47.450+0100][23.737s][info][gc,marking     ] GC(747) Concurrent Clear Claimed Marks 0.007ms
[2026-05-06T01:03:47.450+0100][23.737s][info][gc,marking     ] GC(747) Concurrent Cleanup for Next Mark
[2026-05-06T01:03:47.450+0100][23.737s][info][gc,marking     ] GC(747) Concurrent Cleanup for Next Mark 0.034ms
[2026-05-06T01:03:47.450+0100][23.737s][info][gc             ] GC(747) Concurrent Undo Cycle 0.065ms
[2026-05-06T01:03:47.479+0100][23.765s][info][gc,start       ] GC(748) Pause Young (Concurrent Start) (G1 Humongous Allocation)
[2026-05-06T01:03:47.479+0100][23.765s][info][gc,task        ] GC(748) Using 9 workers of 9 for evacuation
[2026-05-06T01:03:47.479+0100][23.765s][info][gc,phases      ] GC(748)   Pre Evacuate Collection Set: 0.1ms
[2026-05-06T01:03:47.479+0100][23.765s][info][gc,phases      ] GC(748)   Merge Heap Roots: 0.0ms
[2026-05-06T01:03:47.479+0100][23.765s][info][gc,phases      ] GC(748)   Evacuate Collection Set: 0.2ms
[2026-05-06T01:03:47.479+0100][23.765s][info][gc,phases      ] GC(748)   Post Evacuate Collection Set: 0.1ms
[2026-05-06T01:03:47.479+0100][23.766s][info][gc,phases      ] GC(748)   Other: 0.0ms
[2026-05-06T01:03:47.479+0100][23.766s][info][gc,heap        ] GC(748) Eden regions: 8->0(217)
[2026-05-06T01:03:47.479+0100][23.766s][info][gc,heap        ] GC(748) Survivor regions: 1->1(28)
[2026-05-06T01:03:47.479+0100][23.766s][info][gc,heap        ] GC(748) Old regions: 13->13
[2026-05-06T01:03:47.479+0100][23.766s][info][gc,heap        ] GC(748) Humongous regions: 169->96
[2026-05-06T01:03:47.479+0100][23.766s][info][gc,metaspace   ] GC(748) Metaspace: 19108K(19392K)->19108K(19392K) NonClass: 16871K(17024K)->16871K(17024K) Class: 2236K(2368K)->2236K(2368K)
[2026-05-06T01:03:47.479+0100][23.766s][info][gc             ] GC(748) Pause Young (Concurrent Start) (G1 Humongous Allocation) 364M->203M(728M) 0.497ms
[2026-05-06T01:03:47.479+0100][23.766s][info][gc,cpu         ] GC(748) User=0.00s Sys=0.00s Real=0.00s
[2026-05-06T01:03:47.479+0100][23.766s][info][gc             ] GC(749) Concurrent Undo Cycle
[2026-05-06T01:03:47.479+0100][23.766s][info][gc,marking     ] GC(749) Concurrent Clear Claimed Marks
[2026-05-06T01:03:47.479+0100][23.766s][info][gc,marking     ] GC(749) Concurrent Clear Claimed Marks 0.006ms
[2026-05-06T01:03:47.479+0100][23.766s][info][gc,marking     ] GC(749) Concurrent Cleanup for Next Mark
[2026-05-06T01:03:47.479+0100][23.766s][info][gc,marking     ] GC(749) Concurrent Cleanup for Next Mark 0.036ms
[2026-05-06T01:03:47.479+0100][23.766s][info][gc             ] GC(749) Concurrent Undo Cycle 0.068ms
[2026-05-06T01:03:47.507+0100][23.793s][info][gc,start       ] GC(750) Pause Young (Concurrent Start) (G1 Humongous Allocation)
[2026-05-06T01:03:47.507+0100][23.793s][info][gc,task        ] GC(750) Using 9 workers of 9 for evacuation
[2026-05-06T01:03:47.507+0100][23.794s][info][gc,phases      ] GC(750)   Pre Evacuate Collection Set: 0.1ms
[2026-05-06T01:03:47.507+0100][23.794s][info][gc,phases      ] GC(750)   Merge Heap Roots: 0.0ms
[2026-05-06T01:03:47.507+0100][23.794s][info][gc,phases      ] GC(750)   Evacuate Collection Set: 0.2ms
[2026-05-06T01:03:47.507+0100][23.794s][info][gc,phases      ] GC(750)   Post Evacuate Collection Set: 0.1ms
[2026-05-06T01:03:47.507+0100][23.794s][info][gc,phases      ] GC(750)   Other: 0.0ms
[2026-05-06T01:03:47.507+0100][23.794s][info][gc,heap        ] GC(750) Eden regions: 8->0(217)
[2026-05-06T01:03:47.507+0100][23.794s][info][gc,heap        ] GC(750) Survivor regions: 1->1(28)
[2026-05-06T01:03:47.507+0100][23.794s][info][gc,heap        ] GC(750) Old regions: 13->13
[2026-05-06T01:03:47.507+0100][23.794s][info][gc,heap        ] GC(750) Humongous regions: 169->96
[2026-05-06T01:03:47.507+0100][23.794s][info][gc,metaspace   ] GC(750) Metaspace: 19108K(19392K)->19108K(19392K) NonClass: 16871K(17024K)->16871K(17024K) Class: 2236K(2368K)->2236K(2368K)
[2026-05-06T01:03:47.507+0100][23.794s][info][gc             ] GC(750) Pause Young (Concurrent Start) (G1 Humongous Allocation) 364M->203M(728M) 0.627ms
[2026-05-06T01:03:47.507+0100][23.794s][info][gc,cpu         ] GC(750) User=0.00s Sys=0.01s Real=0.00s
[2026-05-06T01:03:47.507+0100][23.794s][info][gc             ] GC(751) Concurrent Undo Cycle
[2026-05-06T01:03:47.508+0100][23.794s][info][gc,marking     ] GC(751) Concurrent Clear Claimed Marks
[2026-05-06T01:03:47.508+0100][23.794s][info][gc,marking     ] GC(751) Concurrent Clear Claimed Marks 0.012ms
[2026-05-06T01:03:47.508+0100][23.794s][info][gc,marking     ] GC(751) Concurrent Cleanup for Next Mark
[2026-05-06T01:03:47.508+0100][23.794s][info][gc,marking     ] GC(751) Concurrent Cleanup for Next Mark 0.042ms
[2026-05-06T01:03:47.508+0100][23.794s][info][gc             ] GC(751) Concurrent Undo Cycle 0.079ms
[2026-05-06T01:03:47.536+0100][23.822s][info][gc,start       ] GC(752) Pause Young (Concurrent Start) (G1 Humongous Allocation)
[2026-05-06T01:03:47.536+0100][23.822s][info][gc,task        ] GC(752) Using 9 workers of 9 for evacuation
[2026-05-06T01:03:47.536+0100][23.823s][info][gc,phases      ] GC(752)   Pre Evacuate Collection Set: 0.1ms
[2026-05-06T01:03:47.536+0100][23.823s][info][gc,phases      ] GC(752)   Merge Heap Roots: 0.0ms
[2026-05-06T01:03:47.536+0100][23.823s][info][gc,phases      ] GC(752)   Evacuate Collection Set: 0.2ms
[2026-05-06T01:03:47.537+0100][23.823s][info][gc,phases      ] GC(752)   Post Evacuate Collection Set: 0.1ms
[2026-05-06T01:03:47.537+0100][23.823s][info][gc,phases      ] GC(752)   Other: 0.0ms
[2026-05-06T01:03:47.537+0100][23.823s][info][gc,heap        ] GC(752) Eden regions: 8->0(217)
[2026-05-06T01:03:47.537+0100][23.823s][info][gc,heap        ] GC(752) Survivor regions: 1->1(28)
[2026-05-06T01:03:47.537+0100][23.823s][info][gc,heap        ] GC(752) Old regions: 13->13
[2026-05-06T01:03:47.537+0100][23.823s][info][gc,heap        ] GC(752) Humongous regions: 169->96
[2026-05-06T01:03:47.537+0100][23.823s][info][gc,metaspace   ] GC(752) Metaspace: 19108K(19392K)->19108K(19392K) NonClass: 16871K(17024K)->16871K(17024K) Class: 2236K(2368K)->2236K(2368K)
[2026-05-06T01:03:47.537+0100][23.823s][info][gc             ] GC(752) Pause Young (Concurrent Start) (G1 Humongous Allocation) 364M->203M(728M) 0.506ms
[2026-05-06T01:03:47.537+0100][23.823s][info][gc,cpu         ] GC(752) User=0.00s Sys=0.00s Real=0.00s
[2026-05-06T01:03:47.537+0100][23.823s][info][gc             ] GC(753) Concurrent Undo Cycle
[2026-05-06T01:03:47.537+0100][23.823s][info][gc,marking     ] GC(753) Concurrent Clear Claimed Marks
[2026-05-06T01:03:47.537+0100][23.823s][info][gc,marking     ] GC(753) Concurrent Clear Claimed Marks 0.008ms
[2026-05-06T01:03:47.537+0100][23.823s][info][gc,marking     ] GC(753) Concurrent Cleanup for Next Mark
[2026-05-06T01:03:47.537+0100][23.823s][info][gc,marking     ] GC(753) Concurrent Cleanup for Next Mark 0.037ms
[2026-05-06T01:03:47.537+0100][23.823s][info][gc             ] GC(753) Concurrent Undo Cycle 0.068ms
[2026-05-06T01:03:47.555+0100][23.841s][info][gc,start       ] GC(754) Pause Full (System.gc())
[2026-05-06T01:03:47.555+0100][23.841s][info][gc,task        ] GC(754) Using 9 workers of 9 for full compaction
[2026-05-06T01:03:47.555+0100][23.841s][info][gc,phases,start] GC(754) Phase 1: Mark live objects
[2026-05-06T01:03:47.558+0100][23.844s][info][gc,phases      ] GC(754) Phase 1: Mark live objects 2.394ms
[2026-05-06T01:03:47.558+0100][23.844s][info][gc,phases,start] GC(754) Phase 2: Prepare compaction
[2026-05-06T01:03:47.558+0100][23.844s][info][gc,phases      ] GC(754) Phase 2: Prepare compaction 0.248ms
[2026-05-06T01:03:47.558+0100][23.844s][info][gc,phases,start] GC(754) Phase 3: Adjust pointers
[2026-05-06T01:03:47.560+0100][23.846s][info][gc,phases      ] GC(754) Phase 3: Adjust pointers 1.656ms
[2026-05-06T01:03:47.560+0100][23.846s][info][gc,phases,start] GC(754) Phase 4: Compact heap
[2026-05-06T01:03:47.560+0100][23.846s][info][gc,phases      ] GC(754) Phase 4: Compact heap 0.238ms
[2026-05-06T01:03:47.560+0100][23.846s][info][gc,phases,start] GC(754) Phase 5: Reset Metadata
[2026-05-06T01:03:47.560+0100][23.846s][info][gc,phases      ] GC(754) Phase 5: Reset Metadata 0.347ms
[2026-05-06T01:03:47.561+0100][23.847s][info][gc,heap        ] GC(754) Eden regions: 4->0(218)
[2026-05-06T01:03:47.561+0100][23.847s][info][gc,heap        ] GC(754) Survivor regions: 1->0(28)
[2026-05-06T01:03:47.561+0100][23.847s][info][gc,heap        ] GC(754) Old regions: 13->13
[2026-05-06T01:03:47.561+0100][23.847s][info][gc,heap        ] GC(754) Humongous regions: 169->96
[2026-05-06T01:03:47.561+0100][23.847s][info][gc,metaspace   ] GC(754) Metaspace: 19108K(19392K)->19108K(19392K) NonClass: 16871K(17024K)->16871K(17024K) Class: 2236K(2368K)->2236K(2368K)
[2026-05-06T01:03:47.561+0100][23.847s][info][gc             ] GC(754) Pause Full (System.gc()) 357M->203M(728M) 5.509ms
[2026-05-06T01:03:47.561+0100][23.847s][info][gc,cpu         ] GC(754) User=0.02s Sys=0.00s Real=0.01s
[2026-05-06T01:03:47.571+0100][23.857s][info][gc,start       ] GC(755) Pause Young (Concurrent Start) (G1 Humongous Allocation)
[2026-05-06T01:03:47.571+0100][23.857s][info][gc,task        ] GC(755) Using 9 workers of 9 for evacuation
[2026-05-06T01:03:47.571+0100][23.857s][info][gc,phases      ] GC(755)   Pre Evacuate Collection Set: 0.1ms
[2026-05-06T01:03:47.571+0100][23.857s][info][gc,phases      ] GC(755)   Merge Heap Roots: 0.0ms
[2026-05-06T01:03:47.571+0100][23.857s][info][gc,phases      ] GC(755)   Evacuate Collection Set: 0.1ms
[2026-05-06T01:03:47.571+0100][23.857s][info][gc,phases      ] GC(755)   Post Evacuate Collection Set: 0.1ms
[2026-05-06T01:03:47.571+0100][23.857s][info][gc,phases      ] GC(755)   Other: 0.0ms
[2026-05-06T01:03:47.571+0100][23.857s][info][gc,heap        ] GC(755) Eden regions: 8->0(217)
[2026-05-06T01:03:47.571+0100][23.857s][info][gc,heap        ] GC(755) Survivor regions: 0->1(28)
[2026-05-06T01:03:47.571+0100][23.857s][info][gc,heap        ] GC(755) Old regions: 13->13
[2026-05-06T01:03:47.571+0100][23.857s][info][gc,heap        ] GC(755) Humongous regions: 96->96
[2026-05-06T01:03:47.571+0100][23.857s][info][gc,metaspace   ] GC(755) Metaspace: 19108K(19392K)->19108K(19392K) NonClass: 16871K(17024K)->16871K(17024K) Class: 2236K(2368K)->2236K(2368K)
[2026-05-06T01:03:47.571+0100][23.857s][info][gc             ] GC(755) Pause Young (Concurrent Start) (G1 Humongous Allocation) 217M->203M(728M) 0.471ms
[2026-05-06T01:03:47.571+0100][23.857s][info][gc,cpu         ] GC(755) User=0.00s Sys=0.00s Real=0.00s
[2026-05-06T01:03:47.571+0100][23.857s][info][gc             ] GC(756) Concurrent Undo Cycle
[2026-05-06T01:03:47.571+0100][23.857s][info][gc,marking     ] GC(756) Concurrent Clear Claimed Marks
[2026-05-06T01:03:47.571+0100][23.857s][info][gc,marking     ] GC(756) Concurrent Clear Claimed Marks 0.006ms
[2026-05-06T01:03:47.571+0100][23.857s][info][gc,marking     ] GC(756) Concurrent Cleanup for Next Mark
[2026-05-06T01:03:47.571+0100][23.857s][info][gc,marking     ] GC(756) Concurrent Cleanup for Next Mark 0.039ms
[2026-05-06T01:03:47.571+0100][23.857s][info][gc             ] GC(756) Concurrent Undo Cycle 0.067ms
[2026-05-06T01:03:47.599+0100][23.885s][info][gc,start       ] GC(757) Pause Young (Concurrent Start) (G1 Humongous Allocation)
[2026-05-06T01:03:47.599+0100][23.885s][info][gc,task        ] GC(757) Using 9 workers of 9 for evacuation
[2026-05-06T01:03:47.600+0100][23.886s][info][gc,phases      ] GC(757)   Pre Evacuate Collection Set: 0.1ms
[2026-05-06T01:03:47.600+0100][23.886s][info][gc,phases      ] GC(757)   Merge Heap Roots: 0.0ms
[2026-05-06T01:03:47.600+0100][23.886s][info][gc,phases      ] GC(757)   Evacuate Collection Set: 0.1ms
[2026-05-06T01:03:47.600+0100][23.886s][info][gc,phases      ] GC(757)   Post Evacuate Collection Set: 0.1ms
[2026-05-06T01:03:47.600+0100][23.886s][info][gc,phases      ] GC(757)   Other: 0.0ms
[2026-05-06T01:03:47.600+0100][23.886s][info][gc,heap        ] GC(757) Eden regions: 8->0(217)
[2026-05-06T01:03:47.600+0100][23.886s][info][gc,heap        ] GC(757) Survivor regions: 1->1(28)
[2026-05-06T01:03:47.600+0100][23.886s][info][gc,heap        ] GC(757) Old regions: 13->13
[2026-05-06T01:03:47.600+0100][23.886s][info][gc,heap        ] GC(757) Humongous regions: 169->96
[2026-05-06T01:03:47.600+0100][23.886s][info][gc,metaspace   ] GC(757) Metaspace: 19108K(19392K)->19108K(19392K) NonClass: 16871K(17024K)->16871K(17024K) Class: 2236K(2368K)->2236K(2368K)
[2026-05-06T01:03:47.600+0100][23.886s][info][gc             ] GC(757) Pause Young (Concurrent Start) (G1 Humongous Allocation) 364M->203M(728M) 0.448ms
[2026-05-06T01:03:47.600+0100][23.886s][info][gc,cpu         ] GC(757) User=0.00s Sys=0.00s Real=0.01s
[2026-05-06T01:03:47.600+0100][23.886s][info][gc             ] GC(758) Concurrent Undo Cycle
[2026-05-06T01:03:47.600+0100][23.886s][info][gc,marking     ] GC(758) Concurrent Clear Claimed Marks
[2026-05-06T01:03:47.600+0100][23.886s][info][gc,marking     ] GC(758) Concurrent Clear Claimed Marks 0.006ms
[2026-05-06T01:03:47.600+0100][23.886s][info][gc,marking     ] GC(758) Concurrent Cleanup for Next Mark
[2026-05-06T01:03:47.600+0100][23.886s][info][gc,marking     ] GC(758) Concurrent Cleanup for Next Mark 0.029ms
[2026-05-06T01:03:47.600+0100][23.886s][info][gc             ] GC(758) Concurrent Undo Cycle 0.059ms
[2026-05-06T01:03:47.629+0100][23.915s][info][gc,start       ] GC(759) Pause Young (Concurrent Start) (G1 Humongous Allocation)
[2026-05-06T01:03:47.629+0100][23.915s][info][gc,task        ] GC(759) Using 9 workers of 9 for evacuation
[2026-05-06T01:03:47.629+0100][23.915s][info][gc,phases      ] GC(759)   Pre Evacuate Collection Set: 0.1ms
[2026-05-06T01:03:47.629+0100][23.915s][info][gc,phases      ] GC(759)   Merge Heap Roots: 0.0ms
[2026-05-06T01:03:47.629+0100][23.915s][info][gc,phases      ] GC(759)   Evacuate Collection Set: 0.1ms
[2026-05-06T01:03:47.629+0100][23.915s][info][gc,phases      ] GC(759)   Post Evacuate Collection Set: 0.1ms
[2026-05-06T01:03:47.629+0100][23.915s][info][gc,phases      ] GC(759)   Other: 0.0ms
[2026-05-06T01:03:47.629+0100][23.915s][info][gc,heap        ] GC(759) Eden regions: 8->0(217)
[2026-05-06T01:03:47.629+0100][23.915s][info][gc,heap        ] GC(759) Survivor regions: 1->1(28)
[2026-05-06T01:03:47.629+0100][23.915s][info][gc,heap        ] GC(759) Old regions: 13->13
[2026-05-06T01:03:47.629+0100][23.915s][info][gc,heap        ] GC(759) Humongous regions: 169->96
[2026-05-06T01:03:47.629+0100][23.916s][info][gc,metaspace   ] GC(759) Metaspace: 19108K(19392K)->19108K(19392K) NonClass: 16871K(17024K)->16871K(17024K) Class: 2236K(2368K)->2236K(2368K)
[2026-05-06T01:03:47.629+0100][23.916s][info][gc             ] GC(759) Pause Young (Concurrent Start) (G1 Humongous Allocation) 364M->203M(728M) 0.484ms
[2026-05-06T01:03:47.629+0100][23.916s][info][gc,cpu         ] GC(759) User=0.00s Sys=0.00s Real=0.00s
[2026-05-06T01:03:47.629+0100][23.916s][info][gc             ] GC(760) Concurrent Undo Cycle
[2026-05-06T01:03:47.629+0100][23.916s][info][gc,marking     ] GC(760) Concurrent Clear Claimed Marks
[2026-05-06T01:03:47.629+0100][23.916s][info][gc,marking     ] GC(760) Concurrent Clear Claimed Marks 0.007ms
[2026-05-06T01:03:47.629+0100][23.916s][info][gc,marking     ] GC(760) Concurrent Cleanup for Next Mark
[2026-05-06T01:03:47.629+0100][23.916s][info][gc,marking     ] GC(760) Concurrent Cleanup for Next Mark 0.042ms
[2026-05-06T01:03:47.629+0100][23.916s][info][gc             ] GC(760) Concurrent Undo Cycle 0.074ms
[2026-05-06T01:03:47.658+0100][23.944s][info][gc,start       ] GC(761) Pause Young (Concurrent Start) (G1 Humongous Allocation)
[2026-05-06T01:03:47.658+0100][23.944s][info][gc,task        ] GC(761) Using 9 workers of 9 for evacuation
[2026-05-06T01:03:47.658+0100][23.944s][info][gc,phases      ] GC(761)   Pre Evacuate Collection Set: 0.1ms
[2026-05-06T01:03:47.658+0100][23.944s][info][gc,phases      ] GC(761)   Merge Heap Roots: 0.0ms
[2026-05-06T01:03:47.658+0100][23.944s][info][gc,phases      ] GC(761)   Evacuate Collection Set: 0.1ms
[2026-05-06T01:03:47.658+0100][23.944s][info][gc,phases      ] GC(761)   Post Evacuate Collection Set: 0.1ms
[2026-05-06T01:03:47.658+0100][23.944s][info][gc,phases      ] GC(761)   Other: 0.0ms
[2026-05-06T01:03:47.658+0100][23.944s][info][gc,heap        ] GC(761) Eden regions: 8->0(217)
[2026-05-06T01:03:47.658+0100][23.944s][info][gc,heap        ] GC(761) Survivor regions: 1->1(28)
[2026-05-06T01:03:47.658+0100][23.944s][info][gc,heap        ] GC(761) Old regions: 13->13
[2026-05-06T01:03:47.658+0100][23.944s][info][gc,heap        ] GC(761) Humongous regions: 169->96
[2026-05-06T01:03:47.658+0100][23.944s][info][gc,metaspace   ] GC(761) Metaspace: 19108K(19392K)->19108K(19392K) NonClass: 16871K(17024K)->16871K(17024K) Class: 2236K(2368K)->2236K(2368K)
[2026-05-06T01:03:47.658+0100][23.944s][info][gc             ] GC(761) Pause Young (Concurrent Start) (G1 Humongous Allocation) 364M->203M(728M) 0.440ms
[2026-05-06T01:03:47.658+0100][23.944s][info][gc,cpu         ] GC(761) User=0.00s Sys=0.00s Real=0.00s
[2026-05-06T01:03:47.658+0100][23.944s][info][gc             ] GC(762) Concurrent Undo Cycle
[2026-05-06T01:03:47.658+0100][23.945s][info][gc,marking     ] GC(762) Concurrent Clear Claimed Marks
[2026-05-06T01:03:47.658+0100][23.945s][info][gc,marking     ] GC(762) Concurrent Clear Claimed Marks 0.006ms
[2026-05-06T01:03:47.658+0100][23.945s][info][gc,marking     ] GC(762) Concurrent Cleanup for Next Mark
[2026-05-06T01:03:47.658+0100][23.945s][info][gc,marking     ] GC(762) Concurrent Cleanup for Next Mark 0.036ms
[2026-05-06T01:03:47.658+0100][23.945s][info][gc             ] GC(762) Concurrent Undo Cycle 0.064ms
[2026-05-06T01:03:47.687+0100][23.973s][info][gc,start       ] GC(763) Pause Young (Concurrent Start) (G1 Humongous Allocation)
[2026-05-06T01:03:47.687+0100][23.973s][info][gc,task        ] GC(763) Using 9 workers of 9 for evacuation
[2026-05-06T01:03:47.687+0100][23.973s][info][gc,phases      ] GC(763)   Pre Evacuate Collection Set: 0.1ms
[2026-05-06T01:03:47.687+0100][23.973s][info][gc,phases      ] GC(763)   Merge Heap Roots: 0.0ms
[2026-05-06T01:03:47.687+0100][23.973s][info][gc,phases      ] GC(763)   Evacuate Collection Set: 0.1ms
[2026-05-06T01:03:47.687+0100][23.973s][info][gc,phases      ] GC(763)   Post Evacuate Collection Set: 0.1ms
[2026-05-06T01:03:47.687+0100][23.973s][info][gc,phases      ] GC(763)   Other: 0.0ms
[2026-05-06T01:03:47.687+0100][23.973s][info][gc,heap        ] GC(763) Eden regions: 8->0(217)
[2026-05-06T01:03:47.687+0100][23.973s][info][gc,heap        ] GC(763) Survivor regions: 1->1(28)
[2026-05-06T01:03:47.687+0100][23.973s][info][gc,heap        ] GC(763) Old regions: 13->13
[2026-05-06T01:03:47.687+0100][23.973s][info][gc,heap        ] GC(763) Humongous regions: 169->96
[2026-05-06T01:03:47.687+0100][23.973s][info][gc,metaspace   ] GC(763) Metaspace: 19108K(19392K)->19108K(19392K) NonClass: 16871K(17024K)->16871K(17024K) Class: 2236K(2368K)->2236K(2368K)
[2026-05-06T01:03:47.687+0100][23.973s][info][gc             ] GC(763) Pause Young (Concurrent Start) (G1 Humongous Allocation) 364M->203M(728M) 0.423ms
[2026-05-06T01:03:47.687+0100][23.973s][info][gc,cpu         ] GC(763) User=0.00s Sys=0.00s Real=0.00s
[2026-05-06T01:03:47.687+0100][23.973s][info][gc             ] GC(764) Concurrent Undo Cycle
[2026-05-06T01:03:47.687+0100][23.973s][info][gc,marking     ] GC(764) Concurrent Clear Claimed Marks
[2026-05-06T01:03:47.687+0100][23.973s][info][gc,marking     ] GC(764) Concurrent Clear Claimed Marks 0.006ms
[2026-05-06T01:03:47.687+0100][23.973s][info][gc,marking     ] GC(764) Concurrent Cleanup for Next Mark
[2026-05-06T01:03:47.687+0100][23.973s][info][gc,marking     ] GC(764) Concurrent Cleanup for Next Mark 0.028ms
[2026-05-06T01:03:47.687+0100][23.973s][info][gc             ] GC(764) Concurrent Undo Cycle 0.056ms
[2026-05-06T01:03:47.715+0100][24.001s][info][gc,start       ] GC(765) Pause Young (Concurrent Start) (G1 Humongous Allocation)
[2026-05-06T01:03:47.715+0100][24.001s][info][gc,task        ] GC(765) Using 9 workers of 9 for evacuation
[2026-05-06T01:03:47.715+0100][24.002s][info][gc,phases      ] GC(765)   Pre Evacuate Collection Set: 0.1ms
[2026-05-06T01:03:47.715+0100][24.002s][info][gc,phases      ] GC(765)   Merge Heap Roots: 0.0ms
[2026-05-06T01:03:47.715+0100][24.002s][info][gc,phases      ] GC(765)   Evacuate Collection Set: 0.1ms
[2026-05-06T01:03:47.715+0100][24.002s][info][gc,phases      ] GC(765)   Post Evacuate Collection Set: 0.1ms
[2026-05-06T01:03:47.715+0100][24.002s][info][gc,phases      ] GC(765)   Other: 0.0ms
[2026-05-06T01:03:47.715+0100][24.002s][info][gc,heap        ] GC(765) Eden regions: 8->0(217)
[2026-05-06T01:03:47.715+0100][24.002s][info][gc,heap        ] GC(765) Survivor regions: 1->1(28)
[2026-05-06T01:03:47.715+0100][24.002s][info][gc,heap        ] GC(765) Old regions: 13->13
[2026-05-06T01:03:47.715+0100][24.002s][info][gc,heap        ] GC(765) Humongous regions: 169->96
[2026-05-06T01:03:47.715+0100][24.002s][info][gc,metaspace   ] GC(765) Metaspace: 19108K(19392K)->19108K(19392K) NonClass: 16871K(17024K)->16871K(17024K) Class: 2236K(2368K)->2236K(2368K)
[2026-05-06T01:03:47.715+0100][24.002s][info][gc             ] GC(765) Pause Young (Concurrent Start) (G1 Humongous Allocation) 364M->203M(728M) 0.478ms
[2026-05-06T01:03:47.716+0100][24.002s][info][gc,cpu         ] GC(765) User=0.00s Sys=0.00s Real=0.00s
[2026-05-06T01:03:47.716+0100][24.002s][info][gc             ] GC(766) Concurrent Undo Cycle
[2026-05-06T01:03:47.716+0100][24.002s][info][gc,marking     ] GC(766) Concurrent Clear Claimed Marks
[2026-05-06T01:03:47.716+0100][24.002s][info][gc,marking     ] GC(766) Concurrent Clear Claimed Marks 0.006ms
[2026-05-06T01:03:47.716+0100][24.002s][info][gc,marking     ] GC(766) Concurrent Cleanup for Next Mark
[2026-05-06T01:03:47.716+0100][24.002s][info][gc,marking     ] GC(766) Concurrent Cleanup for Next Mark 0.033ms
[2026-05-06T01:03:47.716+0100][24.002s][info][gc             ] GC(766) Concurrent Undo Cycle 0.060ms
[2026-05-06T01:03:47.744+0100][24.030s][info][gc,start       ] GC(767) Pause Young (Concurrent Start) (G1 Humongous Allocation)
[2026-05-06T01:03:47.744+0100][24.030s][info][gc,task        ] GC(767) Using 9 workers of 9 for evacuation
[2026-05-06T01:03:47.744+0100][24.031s][info][gc,phases      ] GC(767)   Pre Evacuate Collection Set: 0.1ms
[2026-05-06T01:03:47.744+0100][24.031s][info][gc,phases      ] GC(767)   Merge Heap Roots: 0.0ms
[2026-05-06T01:03:47.744+0100][24.031s][info][gc,phases      ] GC(767)   Evacuate Collection Set: 0.1ms
[2026-05-06T01:03:47.744+0100][24.031s][info][gc,phases      ] GC(767)   Post Evacuate Collection Set: 0.1ms
[2026-05-06T01:03:47.744+0100][24.031s][info][gc,phases      ] GC(767)   Other: 0.0ms
[2026-05-06T01:03:47.744+0100][24.031s][info][gc,heap        ] GC(767) Eden regions: 8->0(217)
[2026-05-06T01:03:47.745+0100][24.031s][info][gc,heap        ] GC(767) Survivor regions: 1->1(28)
[2026-05-06T01:03:47.745+0100][24.031s][info][gc,heap        ] GC(767) Old regions: 13->13
[2026-05-06T01:03:47.745+0100][24.031s][info][gc,heap        ] GC(767) Humongous regions: 169->96
[2026-05-06T01:03:47.745+0100][24.031s][info][gc,metaspace   ] GC(767) Metaspace: 19108K(19392K)->19108K(19392K) NonClass: 16871K(17024K)->16871K(17024K) Class: 2236K(2368K)->2236K(2368K)
[2026-05-06T01:03:47.745+0100][24.031s][info][gc             ] GC(767) Pause Young (Concurrent Start) (G1 Humongous Allocation) 364M->203M(728M) 0.456ms
[2026-05-06T01:03:47.745+0100][24.031s][info][gc,cpu         ] GC(767) User=0.00s Sys=0.00s Real=0.00s
[2026-05-06T01:03:47.745+0100][24.031s][info][gc             ] GC(768) Concurrent Undo Cycle
[2026-05-06T01:03:47.745+0100][24.031s][info][gc,marking     ] GC(768) Concurrent Clear Claimed Marks
[2026-05-06T01:03:47.745+0100][24.031s][info][gc,marking     ] GC(768) Concurrent Clear Claimed Marks 0.006ms
[2026-05-06T01:03:47.745+0100][24.031s][info][gc,marking     ] GC(768) Concurrent Cleanup for Next Mark
[2026-05-06T01:03:47.745+0100][24.031s][info][gc,marking     ] GC(768) Concurrent Cleanup for Next Mark 0.034ms
[2026-05-06T01:03:47.745+0100][24.031s][info][gc             ] GC(768) Concurrent Undo Cycle 0.062ms
[2026-05-06T01:03:47.772+0100][24.059s][info][gc,start       ] GC(769) Pause Young (Concurrent Start) (G1 Humongous Allocation)
[2026-05-06T01:03:47.772+0100][24.059s][info][gc,task        ] GC(769) Using 9 workers of 9 for evacuation
[2026-05-06T01:03:47.773+0100][24.059s][info][gc,phases      ] GC(769)   Pre Evacuate Collection Set: 0.1ms
[2026-05-06T01:03:47.773+0100][24.059s][info][gc,phases      ] GC(769)   Merge Heap Roots: 0.0ms
[2026-05-06T01:03:47.773+0100][24.059s][info][gc,phases      ] GC(769)   Evacuate Collection Set: 0.1ms
[2026-05-06T01:03:47.773+0100][24.059s][info][gc,phases      ] GC(769)   Post Evacuate Collection Set: 0.1ms
[2026-05-06T01:03:47.773+0100][24.059s][info][gc,phases      ] GC(769)   Other: 0.0ms
[2026-05-06T01:03:47.773+0100][24.059s][info][gc,heap        ] GC(769) Eden regions: 8->0(217)
[2026-05-06T01:03:47.773+0100][24.059s][info][gc,heap        ] GC(769) Survivor regions: 1->1(28)
[2026-05-06T01:03:47.773+0100][24.059s][info][gc,heap        ] GC(769) Old regions: 13->13
[2026-05-06T01:03:47.773+0100][24.059s][info][gc,heap        ] GC(769) Humongous regions: 169->96
[2026-05-06T01:03:47.773+0100][24.059s][info][gc,metaspace   ] GC(769) Metaspace: 19108K(19392K)->19108K(19392K) NonClass: 16871K(17024K)->16871K(17024K) Class: 2236K(2368K)->2236K(2368K)
[2026-05-06T01:03:47.773+0100][24.059s][info][gc             ] GC(769) Pause Young (Concurrent Start) (G1 Humongous Allocation) 364M->203M(728M) 0.487ms
[2026-05-06T01:03:47.773+0100][24.059s][info][gc,cpu         ] GC(769) User=0.00s Sys=0.01s Real=0.00s
[2026-05-06T01:03:47.773+0100][24.059s][info][gc             ] GC(770) Concurrent Undo Cycle
[2026-05-06T01:03:47.773+0100][24.059s][info][gc,marking     ] GC(770) Concurrent Clear Claimed Marks
[2026-05-06T01:03:47.773+0100][24.059s][info][gc,marking     ] GC(770) Concurrent Clear Claimed Marks 0.007ms
[2026-05-06T01:03:47.773+0100][24.059s][info][gc,marking     ] GC(770) Concurrent Cleanup for Next Mark
[2026-05-06T01:03:47.773+0100][24.059s][info][gc,marking     ] GC(770) Concurrent Cleanup for Next Mark 0.034ms
[2026-05-06T01:03:47.773+0100][24.059s][info][gc             ] GC(770) Concurrent Undo Cycle 0.065ms
[2026-05-06T01:03:47.863+0100][24.149s][info][gc,start       ] GC(771) Pause Young (Concurrent Start) (G1 Humongous Allocation)
[2026-05-06T01:03:47.863+0100][24.149s][info][gc,task        ] GC(771) Using 9 workers of 9 for evacuation
[2026-05-06T01:03:47.863+0100][24.149s][info][gc,phases      ] GC(771)   Pre Evacuate Collection Set: 0.1ms
[2026-05-06T01:03:47.863+0100][24.149s][info][gc,phases      ] GC(771)   Merge Heap Roots: 0.0ms
[2026-05-06T01:03:47.863+0100][24.149s][info][gc,phases      ] GC(771)   Evacuate Collection Set: 0.2ms
[2026-05-06T01:03:47.863+0100][24.149s][info][gc,phases      ] GC(771)   Post Evacuate Collection Set: 0.1ms
[2026-05-06T01:03:47.863+0100][24.149s][info][gc,phases      ] GC(771)   Other: 0.0ms
[2026-05-06T01:03:47.863+0100][24.149s][info][gc,heap        ] GC(771) Eden regions: 8->0(217)
[2026-05-06T01:03:47.863+0100][24.149s][info][gc,heap        ] GC(771) Survivor regions: 1->1(28)
[2026-05-06T01:03:47.863+0100][24.149s][info][gc,heap        ] GC(771) Old regions: 13->13
[2026-05-06T01:03:47.863+0100][24.149s][info][gc,heap        ] GC(771) Humongous regions: 169->96
[2026-05-06T01:03:47.863+0100][24.149s][info][gc,metaspace   ] GC(771) Metaspace: 19108K(19392K)->19108K(19392K) NonClass: 16871K(17024K)->16871K(17024K) Class: 2236K(2368K)->2236K(2368K)
[2026-05-06T01:03:47.863+0100][24.149s][info][gc             ] GC(771) Pause Young (Concurrent Start) (G1 Humongous Allocation) 364M->203M(728M) 0.579ms
[2026-05-06T01:03:47.863+0100][24.149s][info][gc,cpu         ] GC(771) User=0.00s Sys=0.00s Real=0.00s
[2026-05-06T01:03:47.863+0100][24.149s][info][gc             ] GC(772) Concurrent Undo Cycle
[2026-05-06T01:03:47.863+0100][24.149s][info][gc,marking     ] GC(772) Concurrent Clear Claimed Marks
[2026-05-06T01:03:47.863+0100][24.149s][info][gc,marking     ] GC(772) Concurrent Clear Claimed Marks 0.009ms
[2026-05-06T01:03:47.863+0100][24.149s][info][gc,marking     ] GC(772) Concurrent Cleanup for Next Mark
[2026-05-06T01:03:47.863+0100][24.150s][info][gc,marking     ] GC(772) Concurrent Cleanup for Next Mark 0.043ms
[2026-05-06T01:03:47.863+0100][24.150s][info][gc             ] GC(772) Concurrent Undo Cycle 0.095ms
[2026-05-06T01:03:47.899+0100][24.185s][info][gc,start       ] GC(773) Pause Young (Concurrent Start) (G1 Humongous Allocation)
[2026-05-06T01:03:47.899+0100][24.185s][info][gc,task        ] GC(773) Using 9 workers of 9 for evacuation
[2026-05-06T01:03:47.899+0100][24.186s][info][gc,phases      ] GC(773)   Pre Evacuate Collection Set: 0.1ms
[2026-05-06T01:03:47.899+0100][24.186s][info][gc,phases      ] GC(773)   Merge Heap Roots: 0.0ms
[2026-05-06T01:03:47.899+0100][24.186s][info][gc,phases      ] GC(773)   Evacuate Collection Set: 0.2ms
[2026-05-06T01:03:47.899+0100][24.186s][info][gc,phases      ] GC(773)   Post Evacuate Collection Set: 0.1ms
[2026-05-06T01:03:47.899+0100][24.186s][info][gc,phases      ] GC(773)   Other: 0.0ms
[2026-05-06T01:03:47.899+0100][24.186s][info][gc,heap        ] GC(773) Eden regions: 8->0(217)
[2026-05-06T01:03:47.899+0100][24.186s][info][gc,heap        ] GC(773) Survivor regions: 1->1(28)
[2026-05-06T01:03:47.899+0100][24.186s][info][gc,heap        ] GC(773) Old regions: 13->13
[2026-05-06T01:03:47.899+0100][24.186s][info][gc,heap        ] GC(773) Humongous regions: 169->96
[2026-05-06T01:03:47.899+0100][24.186s][info][gc,metaspace   ] GC(773) Metaspace: 19108K(19392K)->19108K(19392K) NonClass: 16871K(17024K)->16871K(17024K) Class: 2236K(2368K)->2236K(2368K)
[2026-05-06T01:03:47.899+0100][24.186s][info][gc             ] GC(773) Pause Young (Concurrent Start) (G1 Humongous Allocation) 364M->203M(728M) 0.553ms
[2026-05-06T01:03:47.899+0100][24.186s][info][gc,cpu         ] GC(773) User=0.00s Sys=0.00s Real=0.00s
[2026-05-06T01:03:47.899+0100][24.186s][info][gc             ] GC(774) Concurrent Undo Cycle
[2026-05-06T01:03:47.899+0100][24.186s][info][gc,marking     ] GC(774) Concurrent Clear Claimed Marks
[2026-05-06T01:03:47.899+0100][24.186s][info][gc,marking     ] GC(774) Concurrent Clear Claimed Marks 0.007ms
[2026-05-06T01:03:47.900+0100][24.186s][info][gc,marking     ] GC(774) Concurrent Cleanup for Next Mark
[2026-05-06T01:03:47.900+0100][24.186s][info][gc,marking     ] GC(774) Concurrent Cleanup for Next Mark 0.038ms
[2026-05-06T01:03:47.900+0100][24.186s][info][gc             ] GC(774) Concurrent Undo Cycle 0.070ms
[2026-05-06T01:03:47.928+0100][24.215s][info][gc,start       ] GC(775) Pause Young (Concurrent Start) (G1 Humongous Allocation)
[2026-05-06T01:03:47.928+0100][24.215s][info][gc,task        ] GC(775) Using 9 workers of 9 for evacuation
[2026-05-06T01:03:47.929+0100][24.215s][info][gc,phases      ] GC(775)   Pre Evacuate Collection Set: 0.1ms
[2026-05-06T01:03:47.929+0100][24.215s][info][gc,phases      ] GC(775)   Merge Heap Roots: 0.0ms
[2026-05-06T01:03:47.929+0100][24.215s][info][gc,phases      ] GC(775)   Evacuate Collection Set: 0.1ms
[2026-05-06T01:03:47.929+0100][24.215s][info][gc,phases      ] GC(775)   Post Evacuate Collection Set: 0.1ms
[2026-05-06T01:03:47.929+0100][24.215s][info][gc,phases      ] GC(775)   Other: 0.0ms
[2026-05-06T01:03:47.929+0100][24.215s][info][gc,heap        ] GC(775) Eden regions: 4->0(217)
[2026-05-06T01:03:47.929+0100][24.215s][info][gc,heap        ] GC(775) Survivor regions: 1->1(28)
[2026-05-06T01:03:47.929+0100][24.215s][info][gc,heap        ] GC(775) Old regions: 13->13
[2026-05-06T01:03:47.929+0100][24.215s][info][gc,heap        ] GC(775) Humongous regions: 169->96
[2026-05-06T01:03:47.929+0100][24.215s][info][gc,metaspace   ] GC(775) Metaspace: 19108K(19392K)->19108K(19392K) NonClass: 16871K(17024K)->16871K(17024K) Class: 2236K(2368K)->2236K(2368K)
[2026-05-06T01:03:47.929+0100][24.215s][info][gc             ] GC(775) Pause Young (Concurrent Start) (G1 Humongous Allocation) 357M->203M(728M) 0.503ms
[2026-05-06T01:03:47.929+0100][24.215s][info][gc,cpu         ] GC(775) User=0.00s Sys=0.00s Real=0.00s
[2026-05-06T01:03:47.929+0100][24.215s][info][gc             ] GC(776) Concurrent Undo Cycle
[2026-05-06T01:03:47.929+0100][24.215s][info][gc,marking     ] GC(776) Concurrent Clear Claimed Marks
[2026-05-06T01:03:47.929+0100][24.215s][info][gc,marking     ] GC(776) Concurrent Clear Claimed Marks 0.005ms
[2026-05-06T01:03:47.929+0100][24.215s][info][gc,marking     ] GC(776) Concurrent Cleanup for Next Mark
[2026-05-06T01:03:47.929+0100][24.215s][info][gc,marking     ] GC(776) Concurrent Cleanup for Next Mark 0.034ms
[2026-05-06T01:03:47.929+0100][24.215s][info][gc             ] GC(776) Concurrent Undo Cycle 0.064ms
[2026-05-06T01:03:47.957+0100][24.243s][info][gc,start       ] GC(777) Pause Young (Concurrent Start) (G1 Humongous Allocation)
[2026-05-06T01:03:47.957+0100][24.243s][info][gc,task        ] GC(777) Using 9 workers of 9 for evacuation
[2026-05-06T01:03:47.958+0100][24.244s][info][gc,phases      ] GC(777)   Pre Evacuate Collection Set: 0.1ms
[2026-05-06T01:03:47.958+0100][24.244s][info][gc,phases      ] GC(777)   Merge Heap Roots: 0.0ms
[2026-05-06T01:03:47.958+0100][24.244s][info][gc,phases      ] GC(777)   Evacuate Collection Set: 0.1ms
[2026-05-06T01:03:47.958+0100][24.244s][info][gc,phases      ] GC(777)   Post Evacuate Collection Set: 0.1ms
[2026-05-06T01:03:47.958+0100][24.244s][info][gc,phases      ] GC(777)   Other: 0.0ms
[2026-05-06T01:03:47.958+0100][24.244s][info][gc,heap        ] GC(777) Eden regions: 1->0(217)
[2026-05-06T01:03:47.958+0100][24.244s][info][gc,heap        ] GC(777) Survivor regions: 1->1(28)
[2026-05-06T01:03:47.958+0100][24.244s][info][gc,heap        ] GC(777) Old regions: 13->13
[2026-05-06T01:03:47.958+0100][24.244s][info][gc,heap        ] GC(777) Humongous regions: 169->96
[2026-05-06T01:03:47.958+0100][24.244s][info][gc,metaspace   ] GC(777) Metaspace: 19108K(19392K)->19108K(19392K) NonClass: 16871K(17024K)->16871K(17024K) Class: 2236K(2368K)->2236K(2368K)
[2026-05-06T01:03:47.958+0100][24.244s][info][gc             ] GC(777) Pause Young (Concurrent Start) (G1 Humongous Allocation) 350M->203M(728M) 0.507ms
[2026-05-06T01:03:47.958+0100][24.244s][info][gc,cpu         ] GC(777) User=0.00s Sys=0.00s Real=0.00s
[2026-05-06T01:03:47.958+0100][24.244s][info][gc             ] GC(778) Concurrent Undo Cycle
[2026-05-06T01:03:47.958+0100][24.244s][info][gc,marking     ] GC(778) Concurrent Clear Claimed Marks
[2026-05-06T01:03:47.958+0100][24.244s][info][gc,marking     ] GC(778) Concurrent Clear Claimed Marks 0.007ms
[2026-05-06T01:03:47.958+0100][24.244s][info][gc,marking     ] GC(778) Concurrent Cleanup for Next Mark
[2026-05-06T01:03:47.958+0100][24.244s][info][gc,marking     ] GC(778) Concurrent Cleanup for Next Mark 0.032ms
[2026-05-06T01:03:47.958+0100][24.244s][info][gc             ] GC(778) Concurrent Undo Cycle 0.064ms
[2026-05-06T01:03:47.985+0100][24.271s][info][gc,start       ] GC(779) Pause Young (Concurrent Start) (G1 Humongous Allocation)
[2026-05-06T01:03:47.985+0100][24.271s][info][gc,task        ] GC(779) Using 9 workers of 9 for evacuation
[2026-05-06T01:03:47.985+0100][24.271s][info][gc,phases      ] GC(779)   Pre Evacuate Collection Set: 0.1ms
[2026-05-06T01:03:47.985+0100][24.271s][info][gc,phases      ] GC(779)   Merge Heap Roots: 0.0ms
[2026-05-06T01:03:47.985+0100][24.271s][info][gc,phases      ] GC(779)   Evacuate Collection Set: 0.1ms
[2026-05-06T01:03:47.985+0100][24.271s][info][gc,phases      ] GC(779)   Post Evacuate Collection Set: 0.1ms
[2026-05-06T01:03:47.985+0100][24.271s][info][gc,phases      ] GC(779)   Other: 0.0ms
[2026-05-06T01:03:47.985+0100][24.271s][info][gc,heap        ] GC(779) Eden regions: 1->0(217)
[2026-05-06T01:03:47.985+0100][24.271s][info][gc,heap        ] GC(779) Survivor regions: 1->1(28)
[2026-05-06T01:03:47.985+0100][24.271s][info][gc,heap        ] GC(779) Old regions: 13->13
[2026-05-06T01:03:47.985+0100][24.271s][info][gc,heap        ] GC(779) Humongous regions: 169->96
[2026-05-06T01:03:47.985+0100][24.271s][info][gc,metaspace   ] GC(779) Metaspace: 19108K(19392K)->19108K(19392K) NonClass: 16871K(17024K)->16871K(17024K) Class: 2236K(2368K)->2236K(2368K)
[2026-05-06T01:03:47.985+0100][24.271s][info][gc             ] GC(779) Pause Young (Concurrent Start) (G1 Humongous Allocation) 350M->203M(728M) 0.446ms
[2026-05-06T01:03:47.985+0100][24.271s][info][gc,cpu         ] GC(779) User=0.00s Sys=0.00s Real=0.00s
[2026-05-06T01:03:47.985+0100][24.271s][info][gc             ] GC(780) Concurrent Undo Cycle
[2026-05-06T01:03:47.985+0100][24.271s][info][gc,marking     ] GC(780) Concurrent Clear Claimed Marks
[2026-05-06T01:03:47.985+0100][24.271s][info][gc,marking     ] GC(780) Concurrent Clear Claimed Marks 0.007ms
[2026-05-06T01:03:47.985+0100][24.271s][info][gc,marking     ] GC(780) Concurrent Cleanup for Next Mark
[2026-05-06T01:03:47.985+0100][24.271s][info][gc,marking     ] GC(780) Concurrent Cleanup for Next Mark 0.036ms
[2026-05-06T01:03:47.985+0100][24.271s][info][gc             ] GC(780) Concurrent Undo Cycle 0.065ms
[2026-05-06T01:03:48.002+0100][24.288s][info][gc,start       ] GC(781) Pause Full (System.gc())
[2026-05-06T01:03:48.002+0100][24.288s][info][gc,task        ] GC(781) Using 9 workers of 9 for full compaction
[2026-05-06T01:03:48.002+0100][24.288s][info][gc,phases,start] GC(781) Phase 1: Mark live objects
[2026-05-06T01:03:48.004+0100][24.291s][info][gc,phases      ] GC(781) Phase 1: Mark live objects 2.305ms
[2026-05-06T01:03:48.004+0100][24.291s][info][gc,phases,start] GC(781) Phase 2: Prepare compaction
[2026-05-06T01:03:48.005+0100][24.291s][info][gc,phases      ] GC(781) Phase 2: Prepare compaction 0.248ms
[2026-05-06T01:03:48.005+0100][24.291s][info][gc,phases,start] GC(781) Phase 3: Adjust pointers
[2026-05-06T01:03:48.006+0100][24.292s][info][gc,phases      ] GC(781) Phase 3: Adjust pointers 1.586ms
[2026-05-06T01:03:48.006+0100][24.292s][info][gc,phases,start] GC(781) Phase 4: Compact heap
[2026-05-06T01:03:48.006+0100][24.293s][info][gc,phases      ] GC(781) Phase 4: Compact heap 0.204ms
[2026-05-06T01:03:48.006+0100][24.293s][info][gc,phases,start] GC(781) Phase 5: Reset Metadata
[2026-05-06T01:03:48.007+0100][24.293s][info][gc,phases      ] GC(781) Phase 5: Reset Metadata 0.321ms
[2026-05-06T01:03:48.007+0100][24.293s][info][gc,heap        ] GC(781) Eden regions: 1->0(218)
[2026-05-06T01:03:48.007+0100][24.293s][info][gc,heap        ] GC(781) Survivor regions: 1->0(28)
[2026-05-06T01:03:48.007+0100][24.293s][info][gc,heap        ] GC(781) Old regions: 13->13
[2026-05-06T01:03:48.007+0100][24.293s][info][gc,heap        ] GC(781) Humongous regions: 169->96
[2026-05-06T01:03:48.007+0100][24.293s][info][gc,metaspace   ] GC(781) Metaspace: 19108K(19392K)->19108K(19392K) NonClass: 16871K(17024K)->16871K(17024K) Class: 2236K(2368K)->2236K(2368K)
[2026-05-06T01:03:48.007+0100][24.293s][info][gc             ] GC(781) Pause Full (System.gc()) 350M->203M(728M) 5.220ms
[2026-05-06T01:03:48.007+0100][24.293s][info][gc,cpu         ] GC(781) User=0.02s Sys=0.01s Real=0.00s
[2026-05-06T01:03:48.017+0100][24.303s][info][gc,start       ] GC(782) Pause Young (Concurrent Start) (G1 Humongous Allocation)
[2026-05-06T01:03:48.017+0100][24.303s][info][gc,task        ] GC(782) Using 9 workers of 9 for evacuation
[2026-05-06T01:03:48.018+0100][24.304s][info][gc,phases      ] GC(782)   Pre Evacuate Collection Set: 0.1ms
[2026-05-06T01:03:48.018+0100][24.304s][info][gc,phases      ] GC(782)   Merge Heap Roots: 0.0ms
[2026-05-06T01:03:48.018+0100][24.304s][info][gc,phases      ] GC(782)   Evacuate Collection Set: 0.1ms
[2026-05-06T01:03:48.018+0100][24.304s][info][gc,phases      ] GC(782)   Post Evacuate Collection Set: 0.1ms
[2026-05-06T01:03:48.018+0100][24.304s][info][gc,phases      ] GC(782)   Other: 0.0ms
[2026-05-06T01:03:48.018+0100][24.304s][info][gc,heap        ] GC(782) Eden regions: 1->0(217)
[2026-05-06T01:03:48.018+0100][24.304s][info][gc,heap        ] GC(782) Survivor regions: 0->1(28)
[2026-05-06T01:03:48.018+0100][24.304s][info][gc,heap        ] GC(782) Old regions: 13->13
[2026-05-06T01:03:48.018+0100][24.304s][info][gc,heap        ] GC(782) Humongous regions: 96->96
[2026-05-06T01:03:48.018+0100][24.304s][info][gc,metaspace   ] GC(782) Metaspace: 19108K(19392K)->19108K(19392K) NonClass: 16871K(17024K)->16871K(17024K) Class: 2236K(2368K)->2236K(2368K)
[2026-05-06T01:03:48.018+0100][24.304s][info][gc             ] GC(782) Pause Young (Concurrent Start) (G1 Humongous Allocation) 204M->203M(728M) 0.452ms
[2026-05-06T01:03:48.018+0100][24.304s][info][gc,cpu         ] GC(782) User=0.00s Sys=0.00s Real=0.00s
[2026-05-06T01:03:48.018+0100][24.304s][info][gc             ] GC(783) Concurrent Undo Cycle
[2026-05-06T01:03:48.018+0100][24.304s][info][gc,marking     ] GC(783) Concurrent Clear Claimed Marks
[2026-05-06T01:03:48.018+0100][24.304s][info][gc,marking     ] GC(783) Concurrent Clear Claimed Marks 0.005ms
[2026-05-06T01:03:48.018+0100][24.304s][info][gc,marking     ] GC(783) Concurrent Cleanup for Next Mark
[2026-05-06T01:03:48.018+0100][24.304s][info][gc,marking     ] GC(783) Concurrent Cleanup for Next Mark 0.034ms
[2026-05-06T01:03:48.018+0100][24.304s][info][gc             ] GC(783) Concurrent Undo Cycle 0.062ms
[2026-05-06T01:03:48.045+0100][24.331s][info][gc,start       ] GC(784) Pause Young (Concurrent Start) (G1 Humongous Allocation)
[2026-05-06T01:03:48.045+0100][24.331s][info][gc,task        ] GC(784) Using 9 workers of 9 for evacuation
[2026-05-06T01:03:48.045+0100][24.331s][info][gc,phases      ] GC(784)   Pre Evacuate Collection Set: 0.1ms
[2026-05-06T01:03:48.045+0100][24.331s][info][gc,phases      ] GC(784)   Merge Heap Roots: 0.0ms
[2026-05-06T01:03:48.045+0100][24.331s][info][gc,phases      ] GC(784)   Evacuate Collection Set: 0.1ms
[2026-05-06T01:03:48.045+0100][24.331s][info][gc,phases      ] GC(784)   Post Evacuate Collection Set: 0.1ms
[2026-05-06T01:03:48.045+0100][24.331s][info][gc,phases      ] GC(784)   Other: 0.0ms
[2026-05-06T01:03:48.045+0100][24.331s][info][gc,heap        ] GC(784) Eden regions: 1->0(217)
[2026-05-06T01:03:48.045+0100][24.331s][info][gc,heap        ] GC(784) Survivor regions: 1->1(28)
[2026-05-06T01:03:48.045+0100][24.331s][info][gc,heap        ] GC(784) Old regions: 13->13
[2026-05-06T01:03:48.045+0100][24.331s][info][gc,heap        ] GC(784) Humongous regions: 169->96
[2026-05-06T01:03:48.045+0100][24.331s][info][gc,metaspace   ] GC(784) Metaspace: 19108K(19392K)->19108K(19392K) NonClass: 16871K(17024K)->16871K(17024K) Class: 2236K(2368K)->2236K(2368K)
[2026-05-06T01:03:48.045+0100][24.331s][info][gc             ] GC(784) Pause Young (Concurrent Start) (G1 Humongous Allocation) 350M->203M(728M) 0.439ms
[2026-05-06T01:03:48.045+0100][24.331s][info][gc,cpu         ] GC(784) User=0.00s Sys=0.00s Real=0.00s
[2026-05-06T01:03:48.045+0100][24.331s][info][gc             ] GC(785) Concurrent Undo Cycle
[2026-05-06T01:03:48.045+0100][24.331s][info][gc,marking     ] GC(785) Concurrent Clear Claimed Marks
[2026-05-06T01:03:48.045+0100][24.331s][info][gc,marking     ] GC(785) Concurrent Clear Claimed Marks 0.006ms
[2026-05-06T01:03:48.045+0100][24.331s][info][gc,marking     ] GC(785) Concurrent Cleanup for Next Mark
[2026-05-06T01:03:48.045+0100][24.331s][info][gc,marking     ] GC(785) Concurrent Cleanup for Next Mark 0.029ms
[2026-05-06T01:03:48.045+0100][24.331s][info][gc             ] GC(785) Concurrent Undo Cycle 0.057ms
[2026-05-06T01:03:48.073+0100][24.359s][info][gc,start       ] GC(786) Pause Young (Concurrent Start) (G1 Humongous Allocation)
[2026-05-06T01:03:48.073+0100][24.359s][info][gc,task        ] GC(786) Using 9 workers of 9 for evacuation
[2026-05-06T01:03:48.073+0100][24.359s][info][gc,phases      ] GC(786)   Pre Evacuate Collection Set: 0.1ms
[2026-05-06T01:03:48.073+0100][24.359s][info][gc,phases      ] GC(786)   Merge Heap Roots: 0.0ms
[2026-05-06T01:03:48.073+0100][24.359s][info][gc,phases      ] GC(786)   Evacuate Collection Set: 0.1ms
[2026-05-06T01:03:48.073+0100][24.359s][info][gc,phases      ] GC(786)   Post Evacuate Collection Set: 0.1ms
[2026-05-06T01:03:48.073+0100][24.359s][info][gc,phases      ] GC(786)   Other: 0.0ms
[2026-05-06T01:03:48.073+0100][24.359s][info][gc,heap        ] GC(786) Eden regions: 1->0(217)
[2026-05-06T01:03:48.073+0100][24.359s][info][gc,heap        ] GC(786) Survivor regions: 1->1(28)
[2026-05-06T01:03:48.073+0100][24.360s][info][gc,heap        ] GC(786) Old regions: 13->13
[2026-05-06T01:03:48.073+0100][24.360s][info][gc,heap        ] GC(786) Humongous regions: 169->96
[2026-05-06T01:03:48.073+0100][24.360s][info][gc,metaspace   ] GC(786) Metaspace: 19108K(19392K)->19108K(19392K) NonClass: 16871K(17024K)->16871K(17024K) Class: 2236K(2368K)->2236K(2368K)
[2026-05-06T01:03:48.073+0100][24.360s][info][gc             ] GC(786) Pause Young (Concurrent Start) (G1 Humongous Allocation) 350M->203M(728M) 0.473ms
[2026-05-06T01:03:48.073+0100][24.360s][info][gc,cpu         ] GC(786) User=0.00s Sys=0.00s Real=0.00s
[2026-05-06T01:03:48.073+0100][24.360s][info][gc             ] GC(787) Concurrent Undo Cycle
[2026-05-06T01:03:48.073+0100][24.360s][info][gc,marking     ] GC(787) Concurrent Clear Claimed Marks
[2026-05-06T01:03:48.073+0100][24.360s][info][gc,marking     ] GC(787) Concurrent Clear Claimed Marks 0.006ms
[2026-05-06T01:03:48.073+0100][24.360s][info][gc,marking     ] GC(787) Concurrent Cleanup for Next Mark
[2026-05-06T01:03:48.073+0100][24.360s][info][gc,marking     ] GC(787) Concurrent Cleanup for Next Mark 0.040ms
[2026-05-06T01:03:48.073+0100][24.360s][info][gc             ] GC(787) Concurrent Undo Cycle 0.072ms
[2026-05-06T01:03:48.101+0100][24.387s][info][gc,start       ] GC(788) Pause Young (Concurrent Start) (G1 Humongous Allocation)
[2026-05-06T01:03:48.101+0100][24.387s][info][gc,task        ] GC(788) Using 9 workers of 9 for evacuation
[2026-05-06T01:03:48.101+0100][24.387s][info][gc,phases      ] GC(788)   Pre Evacuate Collection Set: 0.1ms
[2026-05-06T01:03:48.101+0100][24.387s][info][gc,phases      ] GC(788)   Merge Heap Roots: 0.0ms
[2026-05-06T01:03:48.101+0100][24.387s][info][gc,phases      ] GC(788)   Evacuate Collection Set: 0.1ms
[2026-05-06T01:03:48.101+0100][24.387s][info][gc,phases      ] GC(788)   Post Evacuate Collection Set: 0.1ms
[2026-05-06T01:03:48.101+0100][24.387s][info][gc,phases      ] GC(788)   Other: 0.0ms
[2026-05-06T01:03:48.101+0100][24.387s][info][gc,heap        ] GC(788) Eden regions: 1->0(217)
[2026-05-06T01:03:48.101+0100][24.387s][info][gc,heap        ] GC(788) Survivor regions: 1->1(28)
[2026-05-06T01:03:48.101+0100][24.387s][info][gc,heap        ] GC(788) Old regions: 13->13
[2026-05-06T01:03:48.101+0100][24.387s][info][gc,heap        ] GC(788) Humongous regions: 169->96
[2026-05-06T01:03:48.101+0100][24.387s][info][gc,metaspace   ] GC(788) Metaspace: 19108K(19392K)->19108K(19392K) NonClass: 16871K(17024K)->16871K(17024K) Class: 2236K(2368K)->2236K(2368K)
[2026-05-06T01:03:48.101+0100][24.387s][info][gc             ] GC(788) Pause Young (Concurrent Start) (G1 Humongous Allocation) 350M->203M(728M) 0.432ms
[2026-05-06T01:03:48.101+0100][24.387s][info][gc,cpu         ] GC(788) User=0.00s Sys=0.00s Real=0.00s
[2026-05-06T01:03:48.101+0100][24.387s][info][gc             ] GC(789) Concurrent Undo Cycle
[2026-05-06T01:03:48.101+0100][24.387s][info][gc,marking     ] GC(789) Concurrent Clear Claimed Marks
[2026-05-06T01:03:48.101+0100][24.387s][info][gc,marking     ] GC(789) Concurrent Clear Claimed Marks 0.006ms
[2026-05-06T01:03:48.101+0100][24.387s][info][gc,marking     ] GC(789) Concurrent Cleanup for Next Mark
[2026-05-06T01:03:48.101+0100][24.388s][info][gc,marking     ] GC(789) Concurrent Cleanup for Next Mark 0.027ms
[2026-05-06T01:03:48.101+0100][24.388s][info][gc             ] GC(789) Concurrent Undo Cycle 0.055ms
[2026-05-06T01:03:48.128+0100][24.415s][info][gc,start       ] GC(790) Pause Young (Concurrent Start) (G1 Humongous Allocation)
[2026-05-06T01:03:48.128+0100][24.415s][info][gc,task        ] GC(790) Using 9 workers of 9 for evacuation
[2026-05-06T01:03:48.129+0100][24.415s][info][gc,phases      ] GC(790)   Pre Evacuate Collection Set: 0.1ms
[2026-05-06T01:03:48.129+0100][24.415s][info][gc,phases      ] GC(790)   Merge Heap Roots: 0.0ms
[2026-05-06T01:03:48.129+0100][24.415s][info][gc,phases      ] GC(790)   Evacuate Collection Set: 0.1ms
[2026-05-06T01:03:48.129+0100][24.415s][info][gc,phases      ] GC(790)   Post Evacuate Collection Set: 0.1ms
[2026-05-06T01:03:48.129+0100][24.415s][info][gc,phases      ] GC(790)   Other: 0.0ms
[2026-05-06T01:03:48.129+0100][24.415s][info][gc,heap        ] GC(790) Eden regions: 1->0(217)
[2026-05-06T01:03:48.129+0100][24.415s][info][gc,heap        ] GC(790) Survivor regions: 1->1(28)
[2026-05-06T01:03:48.129+0100][24.415s][info][gc,heap        ] GC(790) Old regions: 13->13
[2026-05-06T01:03:48.129+0100][24.415s][info][gc,heap        ] GC(790) Humongous regions: 169->96
[2026-05-06T01:03:48.129+0100][24.415s][info][gc,metaspace   ] GC(790) Metaspace: 19108K(19392K)->19108K(19392K) NonClass: 16871K(17024K)->16871K(17024K) Class: 2236K(2368K)->2236K(2368K)
[2026-05-06T01:03:48.129+0100][24.415s][info][gc             ] GC(790) Pause Young (Concurrent Start) (G1 Humongous Allocation) 350M->203M(728M) 0.453ms
[2026-05-06T01:03:48.129+0100][24.415s][info][gc,cpu         ] GC(790) User=0.00s Sys=0.00s Real=0.00s
[2026-05-06T01:03:48.129+0100][24.415s][info][gc             ] GC(791) Concurrent Undo Cycle
[2026-05-06T01:03:48.129+0100][24.415s][info][gc,marking     ] GC(791) Concurrent Clear Claimed Marks
[2026-05-06T01:03:48.129+0100][24.415s][info][gc,marking     ] GC(791) Concurrent Clear Claimed Marks 0.006ms
[2026-05-06T01:03:48.129+0100][24.415s][info][gc,marking     ] GC(791) Concurrent Cleanup for Next Mark
[2026-05-06T01:03:48.129+0100][24.415s][info][gc,marking     ] GC(791) Concurrent Cleanup for Next Mark 0.034ms
[2026-05-06T01:03:48.129+0100][24.415s][info][gc             ] GC(791) Concurrent Undo Cycle 0.065ms
[2026-05-06T01:03:48.155+0100][24.442s][info][gc,start       ] GC(792) Pause Young (Concurrent Start) (G1 Humongous Allocation)
[2026-05-06T01:03:48.155+0100][24.442s][info][gc,task        ] GC(792) Using 9 workers of 9 for evacuation
[2026-05-06T01:03:48.156+0100][24.442s][info][gc,phases      ] GC(792)   Pre Evacuate Collection Set: 0.1ms
[2026-05-06T01:03:48.156+0100][24.442s][info][gc,phases      ] GC(792)   Merge Heap Roots: 0.0ms
[2026-05-06T01:03:48.156+0100][24.442s][info][gc,phases      ] GC(792)   Evacuate Collection Set: 0.1ms
[2026-05-06T01:03:48.156+0100][24.442s][info][gc,phases      ] GC(792)   Post Evacuate Collection Set: 0.1ms
[2026-05-06T01:03:48.156+0100][24.442s][info][gc,phases      ] GC(792)   Other: 0.0ms
[2026-05-06T01:03:48.156+0100][24.442s][info][gc,heap        ] GC(792) Eden regions: 1->0(217)
[2026-05-06T01:03:48.156+0100][24.442s][info][gc,heap        ] GC(792) Survivor regions: 1->1(28)
[2026-05-06T01:03:48.156+0100][24.442s][info][gc,heap        ] GC(792) Old regions: 13->13
[2026-05-06T01:03:48.156+0100][24.442s][info][gc,heap        ] GC(792) Humongous regions: 169->96
[2026-05-06T01:03:48.156+0100][24.442s][info][gc,metaspace   ] GC(792) Metaspace: 19108K(19392K)->19108K(19392K) NonClass: 16871K(17024K)->16871K(17024K) Class: 2236K(2368K)->2236K(2368K)
[2026-05-06T01:03:48.156+0100][24.442s][info][gc             ] GC(792) Pause Young (Concurrent Start) (G1 Humongous Allocation) 350M->203M(728M) 0.439ms
[2026-05-06T01:03:48.156+0100][24.442s][info][gc,cpu         ] GC(792) User=0.00s Sys=0.00s Real=0.00s
[2026-05-06T01:03:48.156+0100][24.442s][info][gc             ] GC(793) Concurrent Undo Cycle
[2026-05-06T01:03:48.156+0100][24.442s][info][gc,marking     ] GC(793) Concurrent Clear Claimed Marks
[2026-05-06T01:03:48.156+0100][24.442s][info][gc,marking     ] GC(793) Concurrent Clear Claimed Marks 0.006ms
[2026-05-06T01:03:48.156+0100][24.442s][info][gc,marking     ] GC(793) Concurrent Cleanup for Next Mark
[2026-05-06T01:03:48.156+0100][24.442s][info][gc,marking     ] GC(793) Concurrent Cleanup for Next Mark 0.040ms
[2026-05-06T01:03:48.156+0100][24.442s][info][gc             ] GC(793) Concurrent Undo Cycle 0.068ms
[2026-05-06T01:03:48.183+0100][24.469s][info][gc,start       ] GC(794) Pause Young (Concurrent Start) (G1 Humongous Allocation)
[2026-05-06T01:03:48.183+0100][24.469s][info][gc,task        ] GC(794) Using 9 workers of 9 for evacuation
[2026-05-06T01:03:48.183+0100][24.469s][info][gc,phases      ] GC(794)   Pre Evacuate Collection Set: 0.1ms
[2026-05-06T01:03:48.183+0100][24.469s][info][gc,phases      ] GC(794)   Merge Heap Roots: 0.0ms
[2026-05-06T01:03:48.183+0100][24.469s][info][gc,phases      ] GC(794)   Evacuate Collection Set: 0.1ms
[2026-05-06T01:03:48.183+0100][24.469s][info][gc,phases      ] GC(794)   Post Evacuate Collection Set: 0.1ms
[2026-05-06T01:03:48.183+0100][24.469s][info][gc,phases      ] GC(794)   Other: 0.0ms
[2026-05-06T01:03:48.183+0100][24.469s][info][gc,heap        ] GC(794) Eden regions: 1->0(217)
[2026-05-06T01:03:48.183+0100][24.469s][info][gc,heap        ] GC(794) Survivor regions: 1->1(28)
[2026-05-06T01:03:48.183+0100][24.469s][info][gc,heap        ] GC(794) Old regions: 13->13
[2026-05-06T01:03:48.183+0100][24.469s][info][gc,heap        ] GC(794) Humongous regions: 169->96
[2026-05-06T01:03:48.183+0100][24.469s][info][gc,metaspace   ] GC(794) Metaspace: 19108K(19392K)->19108K(19392K) NonClass: 16871K(17024K)->16871K(17024K) Class: 2236K(2368K)->2236K(2368K)
[2026-05-06T01:03:48.183+0100][24.469s][info][gc             ] GC(794) Pause Young (Concurrent Start) (G1 Humongous Allocation) 350M->203M(728M) 0.447ms
[2026-05-06T01:03:48.183+0100][24.469s][info][gc,cpu         ] GC(794) User=0.00s Sys=0.00s Real=0.00s
[2026-05-06T01:03:48.183+0100][24.469s][info][gc             ] GC(795) Concurrent Undo Cycle
[2026-05-06T01:03:48.183+0100][24.469s][info][gc,marking     ] GC(795) Concurrent Clear Claimed Marks
[2026-05-06T01:03:48.183+0100][24.469s][info][gc,marking     ] GC(795) Concurrent Clear Claimed Marks 0.006ms
[2026-05-06T01:03:48.183+0100][24.469s][info][gc,marking     ] GC(795) Concurrent Cleanup for Next Mark
[2026-05-06T01:03:48.183+0100][24.469s][info][gc,marking     ] GC(795) Concurrent Cleanup for Next Mark 0.031ms
[2026-05-06T01:03:48.183+0100][24.469s][info][gc             ] GC(795) Concurrent Undo Cycle 0.061ms
[2026-05-06T01:03:48.210+0100][24.496s][info][gc,start       ] GC(796) Pause Young (Concurrent Start) (G1 Humongous Allocation)
[2026-05-06T01:03:48.210+0100][24.496s][info][gc,task        ] GC(796) Using 9 workers of 9 for evacuation
[2026-05-06T01:03:48.210+0100][24.496s][info][gc,phases      ] GC(796)   Pre Evacuate Collection Set: 0.1ms
[2026-05-06T01:03:48.210+0100][24.496s][info][gc,phases      ] GC(796)   Merge Heap Roots: 0.0ms
[2026-05-06T01:03:48.210+0100][24.496s][info][gc,phases      ] GC(796)   Evacuate Collection Set: 0.1ms
[2026-05-06T01:03:48.210+0100][24.496s][info][gc,phases      ] GC(796)   Post Evacuate Collection Set: 0.1ms
[2026-05-06T01:03:48.210+0100][24.496s][info][gc,phases      ] GC(796)   Other: 0.0ms
[2026-05-06T01:03:48.210+0100][24.496s][info][gc,heap        ] GC(796) Eden regions: 1->0(217)
[2026-05-06T01:03:48.210+0100][24.496s][info][gc,heap        ] GC(796) Survivor regions: 1->1(28)
[2026-05-06T01:03:48.210+0100][24.496s][info][gc,heap        ] GC(796) Old regions: 13->13
[2026-05-06T01:03:48.210+0100][24.496s][info][gc,heap        ] GC(796) Humongous regions: 169->96
[2026-05-06T01:03:48.210+0100][24.496s][info][gc,metaspace   ] GC(796) Metaspace: 19108K(19392K)->19108K(19392K) NonClass: 16871K(17024K)->16871K(17024K) Class: 2236K(2368K)->2236K(2368K)
[2026-05-06T01:03:48.210+0100][24.496s][info][gc             ] GC(796) Pause Young (Concurrent Start) (G1 Humongous Allocation) 350M->203M(728M) 0.415ms
[2026-05-06T01:03:48.210+0100][24.496s][info][gc,cpu         ] GC(796) User=0.00s Sys=0.00s Real=0.00s
[2026-05-06T01:03:48.210+0100][24.496s][info][gc             ] GC(797) Concurrent Undo Cycle
[2026-05-06T01:03:48.210+0100][24.496s][info][gc,marking     ] GC(797) Concurrent Clear Claimed Marks
[2026-05-06T01:03:48.210+0100][24.496s][info][gc,marking     ] GC(797) Concurrent Clear Claimed Marks 0.006ms
[2026-05-06T01:03:48.210+0100][24.496s][info][gc,marking     ] GC(797) Concurrent Cleanup for Next Mark
[2026-05-06T01:03:48.210+0100][24.496s][info][gc,marking     ] GC(797) Concurrent Cleanup for Next Mark 0.031ms
[2026-05-06T01:03:48.210+0100][24.496s][info][gc             ] GC(797) Concurrent Undo Cycle 0.058ms
[2026-05-06T01:03:48.238+0100][24.524s][info][gc,start       ] GC(798) Pause Young (Concurrent Start) (G1 Humongous Allocation)
[2026-05-06T01:03:48.238+0100][24.524s][info][gc,task        ] GC(798) Using 9 workers of 9 for evacuation
[2026-05-06T01:03:48.238+0100][24.525s][info][gc,phases      ] GC(798)   Pre Evacuate Collection Set: 0.1ms
[2026-05-06T01:03:48.238+0100][24.525s][info][gc,phases      ] GC(798)   Merge Heap Roots: 0.0ms
[2026-05-06T01:03:48.238+0100][24.525s][info][gc,phases      ] GC(798)   Evacuate Collection Set: 0.1ms
[2026-05-06T01:03:48.238+0100][24.525s][info][gc,phases      ] GC(798)   Post Evacuate Collection Set: 0.1ms
[2026-05-06T01:03:48.238+0100][24.525s][info][gc,phases      ] GC(798)   Other: 0.0ms
[2026-05-06T01:03:48.238+0100][24.525s][info][gc,heap        ] GC(798) Eden regions: 1->0(217)
[2026-05-06T01:03:48.238+0100][24.525s][info][gc,heap        ] GC(798) Survivor regions: 1->1(28)
[2026-05-06T01:03:48.238+0100][24.525s][info][gc,heap        ] GC(798) Old regions: 13->13
[2026-05-06T01:03:48.238+0100][24.525s][info][gc,heap        ] GC(798) Humongous regions: 169->96
[2026-05-06T01:03:48.238+0100][24.525s][info][gc,metaspace   ] GC(798) Metaspace: 19108K(19392K)->19108K(19392K) NonClass: 16871K(17024K)->16871K(17024K) Class: 2236K(2368K)->2236K(2368K)
[2026-05-06T01:03:48.238+0100][24.525s][info][gc             ] GC(798) Pause Young (Concurrent Start) (G1 Humongous Allocation) 350M->203M(728M) 0.466ms
[2026-05-06T01:03:48.238+0100][24.525s][info][gc,cpu         ] GC(798) User=0.00s Sys=0.00s Real=0.00s
[2026-05-06T01:03:48.238+0100][24.525s][info][gc             ] GC(799) Concurrent Undo Cycle
[2026-05-06T01:03:48.238+0100][24.525s][info][gc,marking     ] GC(799) Concurrent Clear Claimed Marks
[2026-05-06T01:03:48.238+0100][24.525s][info][gc,marking     ] GC(799) Concurrent Clear Claimed Marks 0.006ms
[2026-05-06T01:03:48.238+0100][24.525s][info][gc,marking     ] GC(799) Concurrent Cleanup for Next Mark
[2026-05-06T01:03:48.238+0100][24.525s][info][gc,marking     ] GC(799) Concurrent Cleanup for Next Mark 0.031ms
[2026-05-06T01:03:48.238+0100][24.525s][info][gc             ] GC(799) Concurrent Undo Cycle 0.057ms
[2026-05-06T01:03:48.266+0100][24.552s][info][gc,start       ] GC(800) Pause Young (Concurrent Start) (G1 Humongous Allocation)
[2026-05-06T01:03:48.266+0100][24.552s][info][gc,task        ] GC(800) Using 9 workers of 9 for evacuation
[2026-05-06T01:03:48.267+0100][24.553s][info][gc,phases      ] GC(800)   Pre Evacuate Collection Set: 0.1ms
[2026-05-06T01:03:48.267+0100][24.553s][info][gc,phases      ] GC(800)   Merge Heap Roots: 0.0ms
[2026-05-06T01:03:48.267+0100][24.553s][info][gc,phases      ] GC(800)   Evacuate Collection Set: 0.1ms
[2026-05-06T01:03:48.267+0100][24.553s][info][gc,phases      ] GC(800)   Post Evacuate Collection Set: 0.1ms
[2026-05-06T01:03:48.267+0100][24.553s][info][gc,phases      ] GC(800)   Other: 0.0ms
[2026-05-06T01:03:48.267+0100][24.553s][info][gc,heap        ] GC(800) Eden regions: 1->0(217)
[2026-05-06T01:03:48.267+0100][24.553s][info][gc,heap        ] GC(800) Survivor regions: 1->1(28)
[2026-05-06T01:03:48.267+0100][24.553s][info][gc,heap        ] GC(800) Old regions: 13->13
[2026-05-06T01:03:48.267+0100][24.553s][info][gc,heap        ] GC(800) Humongous regions: 169->96
[2026-05-06T01:03:48.267+0100][24.553s][info][gc,metaspace   ] GC(800) Metaspace: 19108K(19392K)->19108K(19392K) NonClass: 16871K(17024K)->16871K(17024K) Class: 2236K(2368K)->2236K(2368K)
[2026-05-06T01:03:48.267+0100][24.553s][info][gc             ] GC(800) Pause Young (Concurrent Start) (G1 Humongous Allocation) 350M->203M(728M) 0.453ms
[2026-05-06T01:03:48.267+0100][24.553s][info][gc,cpu         ] GC(800) User=0.00s Sys=0.00s Real=0.00s
[2026-05-06T01:03:48.267+0100][24.553s][info][gc             ] GC(801) Concurrent Undo Cycle
[2026-05-06T01:03:48.267+0100][24.553s][info][gc,marking     ] GC(801) Concurrent Clear Claimed Marks
[2026-05-06T01:03:48.267+0100][24.553s][info][gc,marking     ] GC(801) Concurrent Clear Claimed Marks 0.006ms
[2026-05-06T01:03:48.267+0100][24.553s][info][gc,marking     ] GC(801) Concurrent Cleanup for Next Mark
[2026-05-06T01:03:48.267+0100][24.553s][info][gc,marking     ] GC(801) Concurrent Cleanup for Next Mark 0.035ms
[2026-05-06T01:03:48.267+0100][24.553s][info][gc             ] GC(801) Concurrent Undo Cycle 0.063ms
[2026-05-06T01:03:48.296+0100][24.582s][info][gc,start       ] GC(802) Pause Young (Concurrent Start) (G1 Humongous Allocation)
[2026-05-06T01:03:48.296+0100][24.582s][info][gc,task        ] GC(802) Using 9 workers of 9 for evacuation
[2026-05-06T01:03:48.297+0100][24.583s][info][gc,phases      ] GC(802)   Pre Evacuate Collection Set: 0.2ms
[2026-05-06T01:03:48.297+0100][24.583s][info][gc,phases      ] GC(802)   Merge Heap Roots: 0.0ms
[2026-05-06T01:03:48.297+0100][24.583s][info][gc,phases      ] GC(802)   Evacuate Collection Set: 0.3ms
[2026-05-06T01:03:48.297+0100][24.583s][info][gc,phases      ] GC(802)   Post Evacuate Collection Set: 0.1ms
[2026-05-06T01:03:48.297+0100][24.583s][info][gc,phases      ] GC(802)   Other: 0.0ms
[2026-05-06T01:03:48.297+0100][24.583s][info][gc,heap        ] GC(802) Eden regions: 9->0(217)
[2026-05-06T01:03:48.297+0100][24.583s][info][gc,heap        ] GC(802) Survivor regions: 1->1(28)
[2026-05-06T01:03:48.297+0100][24.583s][info][gc,heap        ] GC(802) Old regions: 13->13
[2026-05-06T01:03:48.297+0100][24.583s][info][gc,heap        ] GC(802) Humongous regions: 169->96
[2026-05-06T01:03:48.297+0100][24.583s][info][gc,metaspace   ] GC(802) Metaspace: 19108K(19392K)->19108K(19392K) NonClass: 16871K(17024K)->16871K(17024K) Class: 2236K(2368K)->2236K(2368K)
[2026-05-06T01:03:48.297+0100][24.583s][info][gc             ] GC(802) Pause Young (Concurrent Start) (G1 Humongous Allocation) 366M->203M(728M) 0.758ms
[2026-05-06T01:03:48.297+0100][24.583s][info][gc,cpu         ] GC(802) User=0.00s Sys=0.01s Real=0.00s
[2026-05-06T01:03:48.297+0100][24.583s][info][gc             ] GC(803) Concurrent Undo Cycle
[2026-05-06T01:03:48.297+0100][24.583s][info][gc,marking     ] GC(803) Concurrent Clear Claimed Marks
[2026-05-06T01:03:48.297+0100][24.583s][info][gc,marking     ] GC(803) Concurrent Clear Claimed Marks 0.008ms
[2026-05-06T01:03:48.297+0100][24.583s][info][gc,marking     ] GC(803) Concurrent Cleanup for Next Mark
[2026-05-06T01:03:48.297+0100][24.583s][info][gc,marking     ] GC(803) Concurrent Cleanup for Next Mark 0.041ms
[2026-05-06T01:03:48.297+0100][24.583s][info][gc             ] GC(803) Concurrent Undo Cycle 0.083ms
[2026-05-06T01:03:48.327+0100][24.613s][info][gc,start       ] GC(804) Pause Young (Concurrent Start) (G1 Humongous Allocation)
[2026-05-06T01:03:48.327+0100][24.613s][info][gc,task        ] GC(804) Using 9 workers of 9 for evacuation
[2026-05-06T01:03:48.327+0100][24.613s][info][gc,phases      ] GC(804)   Pre Evacuate Collection Set: 0.1ms
[2026-05-06T01:03:48.327+0100][24.613s][info][gc,phases      ] GC(804)   Merge Heap Roots: 0.0ms
[2026-05-06T01:03:48.327+0100][24.613s][info][gc,phases      ] GC(804)   Evacuate Collection Set: 0.2ms
[2026-05-06T01:03:48.327+0100][24.613s][info][gc,phases      ] GC(804)   Post Evacuate Collection Set: 0.1ms
[2026-05-06T01:03:48.327+0100][24.613s][info][gc,phases      ] GC(804)   Other: 0.0ms
[2026-05-06T01:03:48.327+0100][24.613s][info][gc,heap        ] GC(804) Eden regions: 17->0(217)
[2026-05-06T01:03:48.327+0100][24.613s][info][gc,heap        ] GC(804) Survivor regions: 1->1(28)
[2026-05-06T01:03:48.327+0100][24.613s][info][gc,heap        ] GC(804) Old regions: 13->13
[2026-05-06T01:03:48.327+0100][24.613s][info][gc,heap        ] GC(804) Humongous regions: 169->96
[2026-05-06T01:03:48.327+0100][24.613s][info][gc,metaspace   ] GC(804) Metaspace: 19108K(19392K)->19108K(19392K) NonClass: 16871K(17024K)->16871K(17024K) Class: 2236K(2368K)->2236K(2368K)
[2026-05-06T01:03:48.327+0100][24.613s][info][gc             ] GC(804) Pause Young (Concurrent Start) (G1 Humongous Allocation) 382M->203M(728M) 0.553ms
[2026-05-06T01:03:48.327+0100][24.613s][info][gc,cpu         ] GC(804) User=0.01s Sys=0.00s Real=0.00s
[2026-05-06T01:03:48.327+0100][24.613s][info][gc             ] GC(805) Concurrent Undo Cycle
[2026-05-06T01:03:48.327+0100][24.613s][info][gc,marking     ] GC(805) Concurrent Clear Claimed Marks
[2026-05-06T01:03:48.327+0100][24.613s][info][gc,marking     ] GC(805) Concurrent Clear Claimed Marks 0.007ms
[2026-05-06T01:03:48.327+0100][24.613s][info][gc,marking     ] GC(805) Concurrent Cleanup for Next Mark
[2026-05-06T01:03:48.327+0100][24.613s][info][gc,marking     ] GC(805) Concurrent Cleanup for Next Mark 0.029ms
[2026-05-06T01:03:48.327+0100][24.613s][info][gc             ] GC(805) Concurrent Undo Cycle 0.062ms
[2026-05-06T01:03:48.356+0100][24.642s][info][gc,start       ] GC(806) Pause Young (Concurrent Start) (G1 Humongous Allocation)
[2026-05-06T01:03:48.356+0100][24.642s][info][gc,task        ] GC(806) Using 9 workers of 9 for evacuation
[2026-05-06T01:03:48.357+0100][24.643s][info][gc,phases      ] GC(806)   Pre Evacuate Collection Set: 0.1ms
[2026-05-06T01:03:48.357+0100][24.643s][info][gc,phases      ] GC(806)   Merge Heap Roots: 0.0ms
[2026-05-06T01:03:48.357+0100][24.643s][info][gc,phases      ] GC(806)   Evacuate Collection Set: 0.2ms
[2026-05-06T01:03:48.357+0100][24.643s][info][gc,phases      ] GC(806)   Post Evacuate Collection Set: 0.1ms
[2026-05-06T01:03:48.357+0100][24.643s][info][gc,phases      ] GC(806)   Other: 0.0ms
[2026-05-06T01:03:48.357+0100][24.643s][info][gc,heap        ] GC(806) Eden regions: 14->0(217)
[2026-05-06T01:03:48.357+0100][24.643s][info][gc,heap        ] GC(806) Survivor regions: 1->1(28)
[2026-05-06T01:03:48.357+0100][24.643s][info][gc,heap        ] GC(806) Old regions: 13->13
[2026-05-06T01:03:48.357+0100][24.643s][info][gc,heap        ] GC(806) Humongous regions: 169->96
[2026-05-06T01:03:48.357+0100][24.643s][info][gc,metaspace   ] GC(806) Metaspace: 19108K(19392K)->19108K(19392K) NonClass: 16871K(17024K)->16871K(17024K) Class: 2236K(2368K)->2236K(2368K)
[2026-05-06T01:03:48.357+0100][24.643s][info][gc             ] GC(806) Pause Young (Concurrent Start) (G1 Humongous Allocation) 376M->203M(728M) 0.579ms
[2026-05-06T01:03:48.357+0100][24.643s][info][gc,cpu         ] GC(806) User=0.01s Sys=0.00s Real=0.00s
[2026-05-06T01:03:48.357+0100][24.643s][info][gc             ] GC(807) Concurrent Undo Cycle
[2026-05-06T01:03:48.357+0100][24.643s][info][gc,marking     ] GC(807) Concurrent Clear Claimed Marks
[2026-05-06T01:03:48.357+0100][24.643s][info][gc,marking     ] GC(807) Concurrent Clear Claimed Marks 0.011ms
[2026-05-06T01:03:48.357+0100][24.643s][info][gc,marking     ] GC(807) Concurrent Cleanup for Next Mark
[2026-05-06T01:03:48.357+0100][24.643s][info][gc,marking     ] GC(807) Concurrent Cleanup for Next Mark 0.037ms
[2026-05-06T01:03:48.357+0100][24.643s][info][gc             ] GC(807) Concurrent Undo Cycle 0.075ms
[2026-05-06T01:03:48.373+0100][24.660s][info][gc,start       ] GC(808) Pause Full (System.gc())
[2026-05-06T01:03:48.373+0100][24.660s][info][gc,task        ] GC(808) Using 9 workers of 9 for full compaction
[2026-05-06T01:03:48.373+0100][24.660s][info][gc,phases,start] GC(808) Phase 1: Mark live objects
[2026-05-06T01:03:48.376+0100][24.662s][info][gc,phases      ] GC(808) Phase 1: Mark live objects 2.223ms
[2026-05-06T01:03:48.376+0100][24.662s][info][gc,phases,start] GC(808) Phase 2: Prepare compaction
[2026-05-06T01:03:48.376+0100][24.662s][info][gc,phases      ] GC(808) Phase 2: Prepare compaction 0.241ms
[2026-05-06T01:03:48.376+0100][24.662s][info][gc,phases,start] GC(808) Phase 3: Adjust pointers
[2026-05-06T01:03:48.377+0100][24.664s][info][gc,phases      ] GC(808) Phase 3: Adjust pointers 1.560ms
[2026-05-06T01:03:48.377+0100][24.664s][info][gc,phases,start] GC(808) Phase 4: Compact heap
[2026-05-06T01:03:48.378+0100][24.664s][info][gc,phases      ] GC(808) Phase 4: Compact heap 0.211ms
[2026-05-06T01:03:48.378+0100][24.664s][info][gc,phases,start] GC(808) Phase 5: Reset Metadata
[2026-05-06T01:03:48.378+0100][24.664s][info][gc,phases      ] GC(808) Phase 5: Reset Metadata 0.326ms
[2026-05-06T01:03:48.378+0100][24.665s][info][gc,heap        ] GC(808) Eden regions: 6->0(218)
[2026-05-06T01:03:48.378+0100][24.665s][info][gc,heap        ] GC(808) Survivor regions: 1->0(28)
[2026-05-06T01:03:48.378+0100][24.665s][info][gc,heap        ] GC(808) Old regions: 13->13
[2026-05-06T01:03:48.378+0100][24.665s][info][gc,heap        ] GC(808) Humongous regions: 169->96
[2026-05-06T01:03:48.378+0100][24.665s][info][gc,metaspace   ] GC(808) Metaspace: 19108K(19392K)->19108K(19392K) NonClass: 16871K(17024K)->16871K(17024K) Class: 2236K(2368K)->2236K(2368K)
[2026-05-06T01:03:48.378+0100][24.665s][info][gc             ] GC(808) Pause Full (System.gc()) 360M->203M(728M) 5.102ms
[2026-05-06T01:03:48.378+0100][24.665s][info][gc,cpu         ] GC(808) User=0.02s Sys=0.01s Real=0.00s
[2026-05-06T01:03:48.388+0100][24.674s][info][gc,start       ] GC(809) Pause Young (Concurrent Start) (G1 Humongous Allocation)
[2026-05-06T01:03:48.388+0100][24.674s][info][gc,task        ] GC(809) Using 9 workers of 9 for evacuation
[2026-05-06T01:03:48.388+0100][24.674s][info][gc,phases      ] GC(809)   Pre Evacuate Collection Set: 0.1ms
[2026-05-06T01:03:48.388+0100][24.674s][info][gc,phases      ] GC(809)   Merge Heap Roots: 0.0ms
[2026-05-06T01:03:48.388+0100][24.674s][info][gc,phases      ] GC(809)   Evacuate Collection Set: 0.2ms
[2026-05-06T01:03:48.388+0100][24.674s][info][gc,phases      ] GC(809)   Post Evacuate Collection Set: 0.1ms
[2026-05-06T01:03:48.388+0100][24.674s][info][gc,phases      ] GC(809)   Other: 0.0ms
[2026-05-06T01:03:48.388+0100][24.674s][info][gc,heap        ] GC(809) Eden regions: 10->0(217)
[2026-05-06T01:03:48.388+0100][24.674s][info][gc,heap        ] GC(809) Survivor regions: 0->1(28)
[2026-05-06T01:03:48.388+0100][24.674s][info][gc,heap        ] GC(809) Old regions: 13->13
[2026-05-06T01:03:48.388+0100][24.674s][info][gc,heap        ] GC(809) Humongous regions: 96->96
[2026-05-06T01:03:48.388+0100][24.674s][info][gc,metaspace   ] GC(809) Metaspace: 19108K(19392K)->19108K(19392K) NonClass: 16871K(17024K)->16871K(17024K) Class: 2236K(2368K)->2236K(2368K)
[2026-05-06T01:03:48.388+0100][24.674s][info][gc             ] GC(809) Pause Young (Concurrent Start) (G1 Humongous Allocation) 222M->203M(728M) 0.500ms
[2026-05-06T01:03:48.388+0100][24.674s][info][gc,cpu         ] GC(809) User=0.00s Sys=0.00s Real=0.00s
[2026-05-06T01:03:48.388+0100][24.674s][info][gc             ] GC(810) Concurrent Undo Cycle
[2026-05-06T01:03:48.388+0100][24.674s][info][gc,marking     ] GC(810) Concurrent Clear Claimed Marks
[2026-05-06T01:03:48.388+0100][24.674s][info][gc,marking     ] GC(810) Concurrent Clear Claimed Marks 0.007ms
[2026-05-06T01:03:48.388+0100][24.674s][info][gc,marking     ] GC(810) Concurrent Cleanup for Next Mark
[2026-05-06T01:03:48.388+0100][24.674s][info][gc,marking     ] GC(810) Concurrent Cleanup for Next Mark 0.036ms
[2026-05-06T01:03:48.388+0100][24.674s][info][gc             ] GC(810) Concurrent Undo Cycle 0.065ms
[2026-05-06T01:03:48.413+0100][24.699s][info][gc,start       ] GC(811) Pause Young (Concurrent Start) (G1 Humongous Allocation)
[2026-05-06T01:03:48.413+0100][24.699s][info][gc,task        ] GC(811) Using 9 workers of 9 for evacuation
[2026-05-06T01:03:48.413+0100][24.699s][info][gc,phases      ] GC(811)   Pre Evacuate Collection Set: 0.1ms
[2026-05-06T01:03:48.413+0100][24.699s][info][gc,phases      ] GC(811)   Merge Heap Roots: 0.0ms
[2026-05-06T01:03:48.413+0100][24.699s][info][gc,phases      ] GC(811)   Evacuate Collection Set: 0.2ms
[2026-05-06T01:03:48.413+0100][24.699s][info][gc,phases      ] GC(811)   Post Evacuate Collection Set: 0.1ms
[2026-05-06T01:03:48.413+0100][24.699s][info][gc,phases      ] GC(811)   Other: 0.0ms
[2026-05-06T01:03:48.413+0100][24.699s][info][gc,heap        ] GC(811) Eden regions: 9->0(217)
[2026-05-06T01:03:48.413+0100][24.699s][info][gc,heap        ] GC(811) Survivor regions: 1->1(28)
[2026-05-06T01:03:48.413+0100][24.699s][info][gc,heap        ] GC(811) Old regions: 13->13
[2026-05-06T01:03:48.413+0100][24.699s][info][gc,heap        ] GC(811) Humongous regions: 169->96
[2026-05-06T01:03:48.413+0100][24.699s][info][gc,metaspace   ] GC(811) Metaspace: 19108K(19392K)->19108K(19392K) NonClass: 16871K(17024K)->16871K(17024K) Class: 2236K(2368K)->2236K(2368K)
[2026-05-06T01:03:48.413+0100][24.699s][info][gc             ] GC(811) Pause Young (Concurrent Start) (G1 Humongous Allocation) 366M->203M(728M) 0.478ms
[2026-05-06T01:03:48.413+0100][24.699s][info][gc,cpu         ] GC(811) User=0.00s Sys=0.00s Real=0.00s
[2026-05-06T01:03:48.413+0100][24.699s][info][gc             ] GC(812) Concurrent Undo Cycle
[2026-05-06T01:03:48.413+0100][24.699s][info][gc,marking     ] GC(812) Concurrent Clear Claimed Marks
[2026-05-06T01:03:48.413+0100][24.699s][info][gc,marking     ] GC(812) Concurrent Clear Claimed Marks 0.007ms
[2026-05-06T01:03:48.413+0100][24.699s][info][gc,marking     ] GC(812) Concurrent Cleanup for Next Mark
[2026-05-06T01:03:48.413+0100][24.699s][info][gc,marking     ] GC(812) Concurrent Cleanup for Next Mark 0.036ms
[2026-05-06T01:03:48.413+0100][24.699s][info][gc             ] GC(812) Concurrent Undo Cycle 0.066ms
[2026-05-06T01:03:48.439+0100][24.725s][info][gc,start       ] GC(813) Pause Young (Concurrent Start) (G1 Humongous Allocation)
[2026-05-06T01:03:48.439+0100][24.725s][info][gc,task        ] GC(813) Using 9 workers of 9 for evacuation
[2026-05-06T01:03:48.440+0100][24.726s][info][gc,phases      ] GC(813)   Pre Evacuate Collection Set: 0.1ms
[2026-05-06T01:03:48.440+0100][24.726s][info][gc,phases      ] GC(813)   Merge Heap Roots: 0.0ms
[2026-05-06T01:03:48.440+0100][24.726s][info][gc,phases      ] GC(813)   Evacuate Collection Set: 0.1ms
[2026-05-06T01:03:48.440+0100][24.726s][info][gc,phases      ] GC(813)   Post Evacuate Collection Set: 0.1ms
[2026-05-06T01:03:48.440+0100][24.726s][info][gc,phases      ] GC(813)   Other: 0.0ms
[2026-05-06T01:03:48.440+0100][24.726s][info][gc,heap        ] GC(813) Eden regions: 9->0(217)
[2026-05-06T01:03:48.440+0100][24.726s][info][gc,heap        ] GC(813) Survivor regions: 1->1(28)
[2026-05-06T01:03:48.440+0100][24.726s][info][gc,heap        ] GC(813) Old regions: 13->13
[2026-05-06T01:03:48.440+0100][24.726s][info][gc,heap        ] GC(813) Humongous regions: 169->96
[2026-05-06T01:03:48.440+0100][24.726s][info][gc,metaspace   ] GC(813) Metaspace: 19108K(19392K)->19108K(19392K) NonClass: 16871K(17024K)->16871K(17024K) Class: 2236K(2368K)->2236K(2368K)
[2026-05-06T01:03:48.440+0100][24.726s][info][gc             ] GC(813) Pause Young (Concurrent Start) (G1 Humongous Allocation) 366M->203M(728M) 0.448ms
[2026-05-06T01:03:48.440+0100][24.726s][info][gc,cpu         ] GC(813) User=0.00s Sys=0.00s Real=0.01s
[2026-05-06T01:03:48.440+0100][24.726s][info][gc             ] GC(814) Concurrent Undo Cycle
[2026-05-06T01:03:48.440+0100][24.726s][info][gc,marking     ] GC(814) Concurrent Clear Claimed Marks
[2026-05-06T01:03:48.440+0100][24.726s][info][gc,marking     ] GC(814) Concurrent Clear Claimed Marks 0.007ms
[2026-05-06T01:03:48.440+0100][24.726s][info][gc,marking     ] GC(814) Concurrent Cleanup for Next Mark
[2026-05-06T01:03:48.440+0100][24.726s][info][gc,marking     ] GC(814) Concurrent Cleanup for Next Mark 0.034ms
[2026-05-06T01:03:48.440+0100][24.726s][info][gc             ] GC(814) Concurrent Undo Cycle 0.063ms
[2026-05-06T01:03:48.465+0100][24.751s][info][gc,start       ] GC(815) Pause Young (Concurrent Start) (G1 Humongous Allocation)
[2026-05-06T01:03:48.465+0100][24.751s][info][gc,task        ] GC(815) Using 9 workers of 9 for evacuation
[2026-05-06T01:03:48.465+0100][24.751s][info][gc,phases      ] GC(815)   Pre Evacuate Collection Set: 0.1ms
[2026-05-06T01:03:48.465+0100][24.751s][info][gc,phases      ] GC(815)   Merge Heap Roots: 0.0ms
[2026-05-06T01:03:48.465+0100][24.751s][info][gc,phases      ] GC(815)   Evacuate Collection Set: 0.1ms
[2026-05-06T01:03:48.465+0100][24.751s][info][gc,phases      ] GC(815)   Post Evacuate Collection Set: 0.1ms
[2026-05-06T01:03:48.465+0100][24.751s][info][gc,phases      ] GC(815)   Other: 0.0ms
[2026-05-06T01:03:48.465+0100][24.751s][info][gc,heap        ] GC(815) Eden regions: 9->0(217)
[2026-05-06T01:03:48.465+0100][24.751s][info][gc,heap        ] GC(815) Survivor regions: 1->1(28)
[2026-05-06T01:03:48.465+0100][24.751s][info][gc,heap        ] GC(815) Old regions: 13->13
[2026-05-06T01:03:48.465+0100][24.751s][info][gc,heap        ] GC(815) Humongous regions: 169->96
[2026-05-06T01:03:48.465+0100][24.751s][info][gc,metaspace   ] GC(815) Metaspace: 19108K(19392K)->19108K(19392K) NonClass: 16871K(17024K)->16871K(17024K) Class: 2236K(2368K)->2236K(2368K)
[2026-05-06T01:03:48.465+0100][24.751s][info][gc             ] GC(815) Pause Young (Concurrent Start) (G1 Humongous Allocation) 366M->203M(728M) 0.439ms
[2026-05-06T01:03:48.465+0100][24.751s][info][gc,cpu         ] GC(815) User=0.00s Sys=0.00s Real=0.00s
[2026-05-06T01:03:48.465+0100][24.751s][info][gc             ] GC(816) Concurrent Undo Cycle
[2026-05-06T01:03:48.465+0100][24.751s][info][gc,marking     ] GC(816) Concurrent Clear Claimed Marks
[2026-05-06T01:03:48.465+0100][24.751s][info][gc,marking     ] GC(816) Concurrent Clear Claimed Marks 0.006ms
[2026-05-06T01:03:48.465+0100][24.751s][info][gc,marking     ] GC(816) Concurrent Cleanup for Next Mark
[2026-05-06T01:03:48.465+0100][24.751s][info][gc,marking     ] GC(816) Concurrent Cleanup for Next Mark 0.028ms
[2026-05-06T01:03:48.465+0100][24.751s][info][gc             ] GC(816) Concurrent Undo Cycle 0.055ms
[2026-05-06T01:03:48.491+0100][24.777s][info][gc,start       ] GC(817) Pause Young (Concurrent Start) (G1 Humongous Allocation)
[2026-05-06T01:03:48.491+0100][24.777s][info][gc,task        ] GC(817) Using 9 workers of 9 for evacuation
[2026-05-06T01:03:48.491+0100][24.777s][info][gc,phases      ] GC(817)   Pre Evacuate Collection Set: 0.1ms
[2026-05-06T01:03:48.491+0100][24.777s][info][gc,phases      ] GC(817)   Merge Heap Roots: 0.0ms
[2026-05-06T01:03:48.491+0100][24.777s][info][gc,phases      ] GC(817)   Evacuate Collection Set: 0.2ms
[2026-05-06T01:03:48.491+0100][24.777s][info][gc,phases      ] GC(817)   Post Evacuate Collection Set: 0.1ms
[2026-05-06T01:03:48.491+0100][24.777s][info][gc,phases      ] GC(817)   Other: 0.0ms
[2026-05-06T01:03:48.491+0100][24.777s][info][gc,heap        ] GC(817) Eden regions: 9->0(217)
[2026-05-06T01:03:48.491+0100][24.777s][info][gc,heap        ] GC(817) Survivor regions: 1->1(28)
[2026-05-06T01:03:48.491+0100][24.777s][info][gc,heap        ] GC(817) Old regions: 13->13
[2026-05-06T01:03:48.491+0100][24.777s][info][gc,heap        ] GC(817) Humongous regions: 169->96
[2026-05-06T01:03:48.491+0100][24.777s][info][gc,metaspace   ] GC(817) Metaspace: 19108K(19392K)->19108K(19392K) NonClass: 16871K(17024K)->16871K(17024K) Class: 2236K(2368K)->2236K(2368K)
[2026-05-06T01:03:48.491+0100][24.778s][info][gc             ] GC(817) Pause Young (Concurrent Start) (G1 Humongous Allocation) 366M->203M(728M) 0.493ms
[2026-05-06T01:03:48.491+0100][24.778s][info][gc,cpu         ] GC(817) User=0.00s Sys=0.00s Real=0.00s
[2026-05-06T01:03:48.491+0100][24.778s][info][gc             ] GC(818) Concurrent Undo Cycle
[2026-05-06T01:03:48.491+0100][24.778s][info][gc,marking     ] GC(818) Concurrent Clear Claimed Marks
[2026-05-06T01:03:48.491+0100][24.778s][info][gc,marking     ] GC(818) Concurrent Clear Claimed Marks 0.007ms
[2026-05-06T01:03:48.491+0100][24.778s][info][gc,marking     ] GC(818) Concurrent Cleanup for Next Mark
[2026-05-06T01:03:48.491+0100][24.778s][info][gc,marking     ] GC(818) Concurrent Cleanup for Next Mark 0.032ms
[2026-05-06T01:03:48.491+0100][24.778s][info][gc             ] GC(818) Concurrent Undo Cycle 0.061ms
[2026-05-06T01:03:48.517+0100][24.803s][info][gc,start       ] GC(819) Pause Young (Concurrent Start) (G1 Humongous Allocation)
[2026-05-06T01:03:48.517+0100][24.803s][info][gc,task        ] GC(819) Using 9 workers of 9 for evacuation
[2026-05-06T01:03:48.518+0100][24.804s][info][gc,phases      ] GC(819)   Pre Evacuate Collection Set: 0.1ms
[2026-05-06T01:03:48.518+0100][24.804s][info][gc,phases      ] GC(819)   Merge Heap Roots: 0.0ms
[2026-05-06T01:03:48.518+0100][24.804s][info][gc,phases      ] GC(819)   Evacuate Collection Set: 0.2ms
[2026-05-06T01:03:48.518+0100][24.804s][info][gc,phases      ] GC(819)   Post Evacuate Collection Set: 0.1ms
[2026-05-06T01:03:48.518+0100][24.804s][info][gc,phases      ] GC(819)   Other: 0.0ms
[2026-05-06T01:03:48.518+0100][24.804s][info][gc,heap        ] GC(819) Eden regions: 9->0(217)
[2026-05-06T01:03:48.518+0100][24.804s][info][gc,heap        ] GC(819) Survivor regions: 1->1(28)
[2026-05-06T01:03:48.518+0100][24.804s][info][gc,heap        ] GC(819) Old regions: 13->13
[2026-05-06T01:03:48.518+0100][24.804s][info][gc,heap        ] GC(819) Humongous regions: 169->96
[2026-05-06T01:03:48.518+0100][24.804s][info][gc,metaspace   ] GC(819) Metaspace: 19108K(19392K)->19108K(19392K) NonClass: 16871K(17024K)->16871K(17024K) Class: 2236K(2368K)->2236K(2368K)
[2026-05-06T01:03:48.518+0100][24.804s][info][gc             ] GC(819) Pause Young (Concurrent Start) (G1 Humongous Allocation) 366M->203M(728M) 0.472ms
[2026-05-06T01:03:48.518+0100][24.804s][info][gc,cpu         ] GC(819) User=0.01s Sys=0.00s Real=0.00s
[2026-05-06T01:03:48.518+0100][24.804s][info][gc             ] GC(820) Concurrent Undo Cycle
[2026-05-06T01:03:48.518+0100][24.804s][info][gc,marking     ] GC(820) Concurrent Clear Claimed Marks
[2026-05-06T01:03:48.518+0100][24.804s][info][gc,marking     ] GC(820) Concurrent Clear Claimed Marks 0.006ms
[2026-05-06T01:03:48.518+0100][24.804s][info][gc,marking     ] GC(820) Concurrent Cleanup for Next Mark
[2026-05-06T01:03:48.518+0100][24.804s][info][gc,marking     ] GC(820) Concurrent Cleanup for Next Mark 0.028ms
[2026-05-06T01:03:48.518+0100][24.804s][info][gc             ] GC(820) Concurrent Undo Cycle 0.055ms
[2026-05-06T01:03:48.542+0100][24.829s][info][gc,start       ] GC(821) Pause Young (Concurrent Start) (G1 Humongous Allocation)
[2026-05-06T01:03:48.543+0100][24.829s][info][gc,task        ] GC(821) Using 9 workers of 9 for evacuation
[2026-05-06T01:03:48.543+0100][24.829s][info][gc,phases      ] GC(821)   Pre Evacuate Collection Set: 0.1ms
[2026-05-06T01:03:48.543+0100][24.829s][info][gc,phases      ] GC(821)   Merge Heap Roots: 0.0ms
[2026-05-06T01:03:48.543+0100][24.829s][info][gc,phases      ] GC(821)   Evacuate Collection Set: 0.2ms
[2026-05-06T01:03:48.543+0100][24.829s][info][gc,phases      ] GC(821)   Post Evacuate Collection Set: 0.1ms
[2026-05-06T01:03:48.543+0100][24.829s][info][gc,phases      ] GC(821)   Other: 0.0ms
[2026-05-06T01:03:48.543+0100][24.829s][info][gc,heap        ] GC(821) Eden regions: 9->0(217)
[2026-05-06T01:03:48.543+0100][24.829s][info][gc,heap        ] GC(821) Survivor regions: 1->1(28)
[2026-05-06T01:03:48.543+0100][24.829s][info][gc,heap        ] GC(821) Old regions: 13->13
[2026-05-06T01:03:48.543+0100][24.829s][info][gc,heap        ] GC(821) Humongous regions: 169->96
[2026-05-06T01:03:48.543+0100][24.829s][info][gc,metaspace   ] GC(821) Metaspace: 19108K(19392K)->19108K(19392K) NonClass: 16871K(17024K)->16871K(17024K) Class: 2236K(2368K)->2236K(2368K)
[2026-05-06T01:03:48.543+0100][24.829s][info][gc             ] GC(821) Pause Young (Concurrent Start) (G1 Humongous Allocation) 366M->203M(728M) 0.445ms
[2026-05-06T01:03:48.543+0100][24.829s][info][gc,cpu         ] GC(821) User=0.01s Sys=0.00s Real=0.00s
[2026-05-06T01:03:48.543+0100][24.829s][info][gc             ] GC(822) Concurrent Undo Cycle
[2026-05-06T01:03:48.543+0100][24.829s][info][gc,marking     ] GC(822) Concurrent Clear Claimed Marks
[2026-05-06T01:03:48.543+0100][24.829s][info][gc,marking     ] GC(822) Concurrent Clear Claimed Marks 0.006ms
[2026-05-06T01:03:48.543+0100][24.829s][info][gc,marking     ] GC(822) Concurrent Cleanup for Next Mark
[2026-05-06T01:03:48.543+0100][24.829s][info][gc,marking     ] GC(822) Concurrent Cleanup for Next Mark 0.032ms
[2026-05-06T01:03:48.543+0100][24.829s][info][gc             ] GC(822) Concurrent Undo Cycle 0.060ms
[2026-05-06T01:03:48.568+0100][24.854s][info][gc,start       ] GC(823) Pause Young (Concurrent Start) (G1 Humongous Allocation)
[2026-05-06T01:03:48.568+0100][24.854s][info][gc,task        ] GC(823) Using 9 workers of 9 for evacuation
[2026-05-06T01:03:48.569+0100][24.855s][info][gc,phases      ] GC(823)   Pre Evacuate Collection Set: 0.1ms
[2026-05-06T01:03:48.569+0100][24.855s][info][gc,phases      ] GC(823)   Merge Heap Roots: 0.0ms
[2026-05-06T01:03:48.569+0100][24.855s][info][gc,phases      ] GC(823)   Evacuate Collection Set: 0.1ms
[2026-05-06T01:03:48.569+0100][24.855s][info][gc,phases      ] GC(823)   Post Evacuate Collection Set: 0.1ms
[2026-05-06T01:03:48.569+0100][24.855s][info][gc,phases      ] GC(823)   Other: 0.0ms
[2026-05-06T01:03:48.569+0100][24.855s][info][gc,heap        ] GC(823) Eden regions: 9->0(217)
[2026-05-06T01:03:48.569+0100][24.855s][info][gc,heap        ] GC(823) Survivor regions: 1->1(28)
[2026-05-06T01:03:48.569+0100][24.855s][info][gc,heap        ] GC(823) Old regions: 13->13
[2026-05-06T01:03:48.569+0100][24.855s][info][gc,heap        ] GC(823) Humongous regions: 169->96
[2026-05-06T01:03:48.569+0100][24.855s][info][gc,metaspace   ] GC(823) Metaspace: 19108K(19392K)->19108K(19392K) NonClass: 16871K(17024K)->16871K(17024K) Class: 2236K(2368K)->2236K(2368K)
[2026-05-06T01:03:48.569+0100][24.855s][info][gc             ] GC(823) Pause Young (Concurrent Start) (G1 Humongous Allocation) 366M->203M(728M) 0.454ms
[2026-05-06T01:03:48.569+0100][24.855s][info][gc,cpu         ] GC(823) User=0.00s Sys=0.00s Real=0.00s
[2026-05-06T01:03:48.569+0100][24.855s][info][gc             ] GC(824) Concurrent Undo Cycle
[2026-05-06T01:03:48.569+0100][24.855s][info][gc,marking     ] GC(824) Concurrent Clear Claimed Marks
[2026-05-06T01:03:48.569+0100][24.855s][info][gc,marking     ] GC(824) Concurrent Clear Claimed Marks 0.006ms
[2026-05-06T01:03:48.569+0100][24.855s][info][gc,marking     ] GC(824) Concurrent Cleanup for Next Mark
[2026-05-06T01:03:48.569+0100][24.855s][info][gc,marking     ] GC(824) Concurrent Cleanup for Next Mark 0.032ms
[2026-05-06T01:03:48.569+0100][24.855s][info][gc             ] GC(824) Concurrent Undo Cycle 0.062ms
[2026-05-06T01:03:48.594+0100][24.881s][info][gc,start       ] GC(825) Pause Young (Concurrent Start) (G1 Humongous Allocation)
[2026-05-06T01:03:48.594+0100][24.881s][info][gc,task        ] GC(825) Using 9 workers of 9 for evacuation
[2026-05-06T01:03:48.595+0100][24.881s][info][gc,phases      ] GC(825)   Pre Evacuate Collection Set: 0.1ms
[2026-05-06T01:03:48.595+0100][24.881s][info][gc,phases      ] GC(825)   Merge Heap Roots: 0.0ms
[2026-05-06T01:03:48.595+0100][24.881s][info][gc,phases      ] GC(825)   Evacuate Collection Set: 0.1ms
[2026-05-06T01:03:48.595+0100][24.881s][info][gc,phases      ] GC(825)   Post Evacuate Collection Set: 0.1ms
[2026-05-06T01:03:48.595+0100][24.881s][info][gc,phases      ] GC(825)   Other: 0.0ms
[2026-05-06T01:03:48.595+0100][24.881s][info][gc,heap        ] GC(825) Eden regions: 9->0(217)
[2026-05-06T01:03:48.595+0100][24.881s][info][gc,heap        ] GC(825) Survivor regions: 1->1(28)
[2026-05-06T01:03:48.595+0100][24.881s][info][gc,heap        ] GC(825) Old regions: 13->13
[2026-05-06T01:03:48.595+0100][24.881s][info][gc,heap        ] GC(825) Humongous regions: 169->96
[2026-05-06T01:03:48.595+0100][24.881s][info][gc,metaspace   ] GC(825) Metaspace: 19108K(19392K)->19108K(19392K) NonClass: 16871K(17024K)->16871K(17024K) Class: 2236K(2368K)->2236K(2368K)
[2026-05-06T01:03:48.595+0100][24.881s][info][gc             ] GC(825) Pause Young (Concurrent Start) (G1 Humongous Allocation) 366M->203M(728M) 0.447ms
[2026-05-06T01:03:48.595+0100][24.881s][info][gc,cpu         ] GC(825) User=0.00s Sys=0.00s Real=0.00s
[2026-05-06T01:03:48.595+0100][24.881s][info][gc             ] GC(826) Concurrent Undo Cycle
[2026-05-06T01:03:48.595+0100][24.881s][info][gc,marking     ] GC(826) Concurrent Clear Claimed Marks
[2026-05-06T01:03:48.595+0100][24.881s][info][gc,marking     ] GC(826) Concurrent Clear Claimed Marks 0.006ms
[2026-05-06T01:03:48.595+0100][24.881s][info][gc,marking     ] GC(826) Concurrent Cleanup for Next Mark
[2026-05-06T01:03:48.595+0100][24.881s][info][gc,marking     ] GC(826) Concurrent Cleanup for Next Mark 0.036ms
[2026-05-06T01:03:48.595+0100][24.881s][info][gc             ] GC(826) Concurrent Undo Cycle 0.065ms
[2026-05-06T01:03:48.619+0100][24.906s][info][gc,start       ] GC(827) Pause Young (Concurrent Start) (G1 Humongous Allocation)
[2026-05-06T01:03:48.619+0100][24.906s][info][gc,task        ] GC(827) Using 9 workers of 9 for evacuation
[2026-05-06T01:03:48.620+0100][24.906s][info][gc,phases      ] GC(827)   Pre Evacuate Collection Set: 0.1ms
[2026-05-06T01:03:48.620+0100][24.906s][info][gc,phases      ] GC(827)   Merge Heap Roots: 0.0ms
[2026-05-06T01:03:48.620+0100][24.906s][info][gc,phases      ] GC(827)   Evacuate Collection Set: 0.1ms
[2026-05-06T01:03:48.620+0100][24.906s][info][gc,phases      ] GC(827)   Post Evacuate Collection Set: 0.1ms
[2026-05-06T01:03:48.620+0100][24.906s][info][gc,phases      ] GC(827)   Other: 0.0ms
[2026-05-06T01:03:48.620+0100][24.906s][info][gc,heap        ] GC(827) Eden regions: 9->0(217)
[2026-05-06T01:03:48.620+0100][24.906s][info][gc,heap        ] GC(827) Survivor regions: 1->1(28)
[2026-05-06T01:03:48.620+0100][24.906s][info][gc,heap        ] GC(827) Old regions: 13->13
[2026-05-06T01:03:48.620+0100][24.906s][info][gc,heap        ] GC(827) Humongous regions: 169->96
[2026-05-06T01:03:48.620+0100][24.906s][info][gc,metaspace   ] GC(827) Metaspace: 19108K(19392K)->19108K(19392K) NonClass: 16871K(17024K)->16871K(17024K) Class: 2236K(2368K)->2236K(2368K)
[2026-05-06T01:03:48.620+0100][24.906s][info][gc             ] GC(827) Pause Young (Concurrent Start) (G1 Humongous Allocation) 366M->203M(728M) 0.496ms
[2026-05-06T01:03:48.620+0100][24.906s][info][gc,cpu         ] GC(827) User=0.00s Sys=0.00s Real=0.01s
[2026-05-06T01:03:48.620+0100][24.906s][info][gc             ] GC(828) Concurrent Undo Cycle
[2026-05-06T01:03:48.620+0100][24.906s][info][gc,marking     ] GC(828) Concurrent Clear Claimed Marks
[2026-05-06T01:03:48.620+0100][24.906s][info][gc,marking     ] GC(828) Concurrent Clear Claimed Marks 0.006ms
[2026-05-06T01:03:48.620+0100][24.906s][info][gc,marking     ] GC(828) Concurrent Cleanup for Next Mark
[2026-05-06T01:03:48.620+0100][24.906s][info][gc,marking     ] GC(828) Concurrent Cleanup for Next Mark 0.037ms
[2026-05-06T01:03:48.620+0100][24.906s][info][gc             ] GC(828) Concurrent Undo Cycle 0.064ms
[2026-05-06T01:03:48.647+0100][24.934s][info][gc,start       ] GC(829) Pause Young (Concurrent Start) (G1 Humongous Allocation)
[2026-05-06T01:03:48.647+0100][24.934s][info][gc,task        ] GC(829) Using 9 workers of 9 for evacuation
[2026-05-06T01:03:48.648+0100][24.934s][info][gc,phases      ] GC(829)   Pre Evacuate Collection Set: 0.1ms
[2026-05-06T01:03:48.648+0100][24.934s][info][gc,phases      ] GC(829)   Merge Heap Roots: 0.0ms
[2026-05-06T01:03:48.648+0100][24.934s][info][gc,phases      ] GC(829)   Evacuate Collection Set: 0.2ms
[2026-05-06T01:03:48.648+0100][24.934s][info][gc,phases      ] GC(829)   Post Evacuate Collection Set: 0.1ms
[2026-05-06T01:03:48.648+0100][24.934s][info][gc,phases      ] GC(829)   Other: 0.0ms
[2026-05-06T01:03:48.648+0100][24.934s][info][gc,heap        ] GC(829) Eden regions: 9->0(217)
[2026-05-06T01:03:48.648+0100][24.934s][info][gc,heap        ] GC(829) Survivor regions: 1->1(28)
[2026-05-06T01:03:48.648+0100][24.934s][info][gc,heap        ] GC(829) Old regions: 13->13
[2026-05-06T01:03:48.648+0100][24.934s][info][gc,heap        ] GC(829) Humongous regions: 169->96
[2026-05-06T01:03:48.648+0100][24.934s][info][gc,metaspace   ] GC(829) Metaspace: 19111K(19392K)->19111K(19392K) NonClass: 16874K(17024K)->16874K(17024K) Class: 2236K(2368K)->2236K(2368K)
[2026-05-06T01:03:48.648+0100][24.934s][info][gc             ] GC(829) Pause Young (Concurrent Start) (G1 Humongous Allocation) 366M->203M(728M) 0.570ms
[2026-05-06T01:03:48.648+0100][24.934s][info][gc,cpu         ] GC(829) User=0.00s Sys=0.00s Real=0.00s
[2026-05-06T01:03:48.648+0100][24.934s][info][gc             ] GC(830) Concurrent Undo Cycle
[2026-05-06T01:03:48.648+0100][24.934s][info][gc,marking     ] GC(830) Concurrent Clear Claimed Marks
[2026-05-06T01:03:48.648+0100][24.934s][info][gc,marking     ] GC(830) Concurrent Clear Claimed Marks 0.007ms
[2026-05-06T01:03:48.648+0100][24.934s][info][gc,marking     ] GC(830) Concurrent Cleanup for Next Mark
[2026-05-06T01:03:48.648+0100][24.934s][info][gc,marking     ] GC(830) Concurrent Cleanup for Next Mark 0.049ms
[2026-05-06T01:03:48.648+0100][24.934s][info][gc             ] GC(830) Concurrent Undo Cycle 0.086ms
[2026-05-06T01:03:48.675+0100][24.961s][info][gc,start       ] GC(831) Pause Young (Concurrent Start) (G1 Humongous Allocation)
[2026-05-06T01:03:48.675+0100][24.961s][info][gc,task        ] GC(831) Using 9 workers of 9 for evacuation
[2026-05-06T01:03:48.675+0100][24.961s][info][gc,phases      ] GC(831)   Pre Evacuate Collection Set: 0.1ms
[2026-05-06T01:03:48.675+0100][24.961s][info][gc,phases      ] GC(831)   Merge Heap Roots: 0.0ms
[2026-05-06T01:03:48.675+0100][24.961s][info][gc,phases      ] GC(831)   Evacuate Collection Set: 0.2ms
[2026-05-06T01:03:48.675+0100][24.961s][info][gc,phases      ] GC(831)   Post Evacuate Collection Set: 0.1ms
[2026-05-06T01:03:48.675+0100][24.961s][info][gc,phases      ] GC(831)   Other: 0.0ms
[2026-05-06T01:03:48.675+0100][24.961s][info][gc,heap        ] GC(831) Eden regions: 9->0(217)
[2026-05-06T01:03:48.675+0100][24.961s][info][gc,heap        ] GC(831) Survivor regions: 1->1(28)
[2026-05-06T01:03:48.675+0100][24.961s][info][gc,heap        ] GC(831) Old regions: 13->13
[2026-05-06T01:03:48.675+0100][24.961s][info][gc,heap        ] GC(831) Humongous regions: 169->96
[2026-05-06T01:03:48.675+0100][24.961s][info][gc,metaspace   ] GC(831) Metaspace: 19111K(19392K)->19111K(19392K) NonClass: 16874K(17024K)->16874K(17024K) Class: 2236K(2368K)->2236K(2368K)
[2026-05-06T01:03:48.675+0100][24.961s][info][gc             ] GC(831) Pause Young (Concurrent Start) (G1 Humongous Allocation) 366M->203M(728M) 0.540ms
[2026-05-06T01:03:48.675+0100][24.961s][info][gc,cpu         ] GC(831) User=0.01s Sys=0.00s Real=0.00s
[2026-05-06T01:03:48.675+0100][24.961s][info][gc             ] GC(832) Concurrent Undo Cycle
[2026-05-06T01:03:48.675+0100][24.961s][info][gc,marking     ] GC(832) Concurrent Clear Claimed Marks
[2026-05-06T01:03:48.675+0100][24.961s][info][gc,marking     ] GC(832) Concurrent Clear Claimed Marks 0.006ms
[2026-05-06T01:03:48.675+0100][24.961s][info][gc,marking     ] GC(832) Concurrent Cleanup for Next Mark
[2026-05-06T01:03:48.675+0100][24.961s][info][gc,marking     ] GC(832) Concurrent Cleanup for Next Mark 0.033ms
[2026-05-06T01:03:48.675+0100][24.962s][info][gc             ] GC(832) Concurrent Undo Cycle 0.064ms
[2026-05-06T01:03:48.701+0100][24.987s][info][gc,start       ] GC(833) Pause Young (Concurrent Start) (G1 Humongous Allocation)
[2026-05-06T01:03:48.701+0100][24.987s][info][gc,task        ] GC(833) Using 9 workers of 9 for evacuation
[2026-05-06T01:03:48.702+0100][24.988s][info][gc,phases      ] GC(833)   Pre Evacuate Collection Set: 0.1ms
[2026-05-06T01:03:48.702+0100][24.988s][info][gc,phases      ] GC(833)   Merge Heap Roots: 0.0ms
[2026-05-06T01:03:48.702+0100][24.988s][info][gc,phases      ] GC(833)   Evacuate Collection Set: 0.2ms
[2026-05-06T01:03:48.702+0100][24.988s][info][gc,phases      ] GC(833)   Post Evacuate Collection Set: 0.1ms
[2026-05-06T01:03:48.702+0100][24.988s][info][gc,phases      ] GC(833)   Other: 0.0ms
[2026-05-06T01:03:48.702+0100][24.988s][info][gc,heap        ] GC(833) Eden regions: 9->0(217)
[2026-05-06T01:03:48.702+0100][24.988s][info][gc,heap        ] GC(833) Survivor regions: 1->1(28)
[2026-05-06T01:03:48.702+0100][24.988s][info][gc,heap        ] GC(833) Old regions: 13->13
[2026-05-06T01:03:48.702+0100][24.988s][info][gc,heap        ] GC(833) Humongous regions: 169->96
[2026-05-06T01:03:48.702+0100][24.988s][info][gc,metaspace   ] GC(833) Metaspace: 19111K(19392K)->19111K(19392K) NonClass: 16874K(17024K)->16874K(17024K) Class: 2236K(2368K)->2236K(2368K)
[2026-05-06T01:03:48.702+0100][24.988s][info][gc             ] GC(833) Pause Young (Concurrent Start) (G1 Humongous Allocation) 366M->203M(728M) 0.491ms
[2026-05-06T01:03:48.702+0100][24.988s][info][gc,cpu         ] GC(833) User=0.00s Sys=0.00s Real=0.00s
[2026-05-06T01:03:48.702+0100][24.988s][info][gc             ] GC(834) Concurrent Undo Cycle
[2026-05-06T01:03:48.702+0100][24.988s][info][gc,marking     ] GC(834) Concurrent Clear Claimed Marks
[2026-05-06T01:03:48.702+0100][24.988s][info][gc,marking     ] GC(834) Concurrent Clear Claimed Marks 0.007ms
[2026-05-06T01:03:48.702+0100][24.988s][info][gc,marking     ] GC(834) Concurrent Cleanup for Next Mark
[2026-05-06T01:03:48.702+0100][24.988s][info][gc,marking     ] GC(834) Concurrent Cleanup for Next Mark 0.037ms
[2026-05-06T01:03:48.702+0100][24.988s][info][gc             ] GC(834) Concurrent Undo Cycle 0.066ms
[2026-05-06T01:03:48.718+0100][25.005s][info][gc,start       ] GC(835) Pause Full (System.gc())
[2026-05-06T01:03:48.718+0100][25.005s][info][gc,task        ] GC(835) Using 9 workers of 9 for full compaction
[2026-05-06T01:03:48.718+0100][25.005s][info][gc,phases,start] GC(835) Phase 1: Mark live objects
[2026-05-06T01:03:48.721+0100][25.007s][info][gc,phases      ] GC(835) Phase 1: Mark live objects 2.386ms
[2026-05-06T01:03:48.721+0100][25.007s][info][gc,phases,start] GC(835) Phase 2: Prepare compaction
[2026-05-06T01:03:48.721+0100][25.007s][info][gc,phases      ] GC(835) Phase 2: Prepare compaction 0.231ms
[2026-05-06T01:03:48.721+0100][25.007s][info][gc,phases,start] GC(835) Phase 3: Adjust pointers
[2026-05-06T01:03:48.723+0100][25.009s][info][gc,phases      ] GC(835) Phase 3: Adjust pointers 1.647ms
[2026-05-06T01:03:48.723+0100][25.009s][info][gc,phases,start] GC(835) Phase 4: Compact heap
[2026-05-06T01:03:48.723+0100][25.009s][info][gc,phases      ] GC(835) Phase 4: Compact heap 0.218ms
[2026-05-06T01:03:48.723+0100][25.009s][info][gc,phases,start] GC(835) Phase 5: Reset Metadata
[2026-05-06T01:03:48.723+0100][25.009s][info][gc,phases      ] GC(835) Phase 5: Reset Metadata 0.317ms
[2026-05-06T01:03:48.724+0100][25.010s][info][gc,heap        ] GC(835) Eden regions: 5->0(218)
[2026-05-06T01:03:48.724+0100][25.010s][info][gc,heap        ] GC(835) Survivor regions: 1->0(28)
[2026-05-06T01:03:48.724+0100][25.010s][info][gc,heap        ] GC(835) Old regions: 13->13
[2026-05-06T01:03:48.724+0100][25.010s][info][gc,heap        ] GC(835) Humongous regions: 169->96
[2026-05-06T01:03:48.724+0100][25.010s][info][gc,metaspace   ] GC(835) Metaspace: 19111K(19392K)->19111K(19392K) NonClass: 16874K(17024K)->16874K(17024K) Class: 2236K(2368K)->2236K(2368K)
[2026-05-06T01:03:48.724+0100][25.010s][info][gc             ] GC(835) Pause Full (System.gc()) 358M->203M(728M) 5.355ms
[2026-05-06T01:03:48.724+0100][25.010s][info][gc,cpu         ] GC(835) User=0.02s Sys=0.01s Real=0.01s
[2026-05-06T01:03:48.732+0100][25.018s][info][gc,start       ] GC(836) Pause Young (Concurrent Start) (G1 Humongous Allocation)
[2026-05-06T01:03:48.732+0100][25.018s][info][gc,task        ] GC(836) Using 9 workers of 9 for evacuation
[2026-05-06T01:03:48.733+0100][25.019s][info][gc,phases      ] GC(836)   Pre Evacuate Collection Set: 0.1ms
[2026-05-06T01:03:48.733+0100][25.019s][info][gc,phases      ] GC(836)   Merge Heap Roots: 0.0ms
[2026-05-06T01:03:48.733+0100][25.019s][info][gc,phases      ] GC(836)   Evacuate Collection Set: 0.2ms
[2026-05-06T01:03:48.733+0100][25.019s][info][gc,phases      ] GC(836)   Post Evacuate Collection Set: 0.1ms
[2026-05-06T01:03:48.733+0100][25.019s][info][gc,phases      ] GC(836)   Other: 0.0ms
[2026-05-06T01:03:48.733+0100][25.019s][info][gc,heap        ] GC(836) Eden regions: 9->0(217)
[2026-05-06T01:03:48.733+0100][25.019s][info][gc,heap        ] GC(836) Survivor regions: 0->1(28)
[2026-05-06T01:03:48.733+0100][25.019s][info][gc,heap        ] GC(836) Old regions: 13->13
[2026-05-06T01:03:48.733+0100][25.019s][info][gc,heap        ] GC(836) Humongous regions: 96->96
[2026-05-06T01:03:48.733+0100][25.019s][info][gc,metaspace   ] GC(836) Metaspace: 19111K(19392K)->19111K(19392K) NonClass: 16874K(17024K)->16874K(17024K) Class: 2236K(2368K)->2236K(2368K)
[2026-05-06T01:03:48.733+0100][25.019s][info][gc             ] GC(836) Pause Young (Concurrent Start) (G1 Humongous Allocation) 219M->203M(728M) 0.491ms
[2026-05-06T01:03:48.733+0100][25.019s][info][gc,cpu         ] GC(836) User=0.00s Sys=0.00s Real=0.00s
[2026-05-06T01:03:48.733+0100][25.019s][info][gc             ] GC(837) Concurrent Undo Cycle
[2026-05-06T01:03:48.733+0100][25.019s][info][gc,marking     ] GC(837) Concurrent Clear Claimed Marks
[2026-05-06T01:03:48.733+0100][25.019s][info][gc,marking     ] GC(837) Concurrent Clear Claimed Marks 0.007ms
[2026-05-06T01:03:48.733+0100][25.019s][info][gc,marking     ] GC(837) Concurrent Cleanup for Next Mark
[2026-05-06T01:03:48.733+0100][25.019s][info][gc,marking     ] GC(837) Concurrent Cleanup for Next Mark 0.039ms
[2026-05-06T01:03:48.733+0100][25.019s][info][gc             ] GC(837) Concurrent Undo Cycle 0.068ms
[2026-05-06T01:03:48.759+0100][25.045s][info][gc,start       ] GC(838) Pause Young (Concurrent Start) (G1 Humongous Allocation)
[2026-05-06T01:03:48.759+0100][25.045s][info][gc,task        ] GC(838) Using 9 workers of 9 for evacuation
[2026-05-06T01:03:48.760+0100][25.046s][info][gc,phases      ] GC(838)   Pre Evacuate Collection Set: 0.1ms
[2026-05-06T01:03:48.760+0100][25.046s][info][gc,phases      ] GC(838)   Merge Heap Roots: 0.0ms
[2026-05-06T01:03:48.760+0100][25.046s][info][gc,phases      ] GC(838)   Evacuate Collection Set: 0.1ms
[2026-05-06T01:03:48.760+0100][25.046s][info][gc,phases      ] GC(838)   Post Evacuate Collection Set: 0.1ms
[2026-05-06T01:03:48.760+0100][25.046s][info][gc,phases      ] GC(838)   Other: 0.0ms
[2026-05-06T01:03:48.760+0100][25.046s][info][gc,heap        ] GC(838) Eden regions: 9->0(217)
[2026-05-06T01:03:48.760+0100][25.046s][info][gc,heap        ] GC(838) Survivor regions: 1->1(28)
[2026-05-06T01:03:48.760+0100][25.046s][info][gc,heap        ] GC(838) Old regions: 13->13
[2026-05-06T01:03:48.760+0100][25.046s][info][gc,heap        ] GC(838) Humongous regions: 169->96
[2026-05-06T01:03:48.760+0100][25.046s][info][gc,metaspace   ] GC(838) Metaspace: 19111K(19392K)->19111K(19392K) NonClass: 16874K(17024K)->16874K(17024K) Class: 2236K(2368K)->2236K(2368K)
[2026-05-06T01:03:48.760+0100][25.046s][info][gc             ] GC(838) Pause Young (Concurrent Start) (G1 Humongous Allocation) 366M->203M(728M) 0.471ms
[2026-05-06T01:03:48.760+0100][25.046s][info][gc,cpu         ] GC(838) User=0.00s Sys=0.00s Real=0.01s
[2026-05-06T01:03:48.760+0100][25.046s][info][gc             ] GC(839) Concurrent Undo Cycle
[2026-05-06T01:03:48.760+0100][25.046s][info][gc,marking     ] GC(839) Concurrent Clear Claimed Marks
[2026-05-06T01:03:48.760+0100][25.046s][info][gc,marking     ] GC(839) Concurrent Clear Claimed Marks 0.007ms
[2026-05-06T01:03:48.760+0100][25.046s][info][gc,marking     ] GC(839) Concurrent Cleanup for Next Mark
[2026-05-06T01:03:48.760+0100][25.046s][info][gc,marking     ] GC(839) Concurrent Cleanup for Next Mark 0.035ms
[2026-05-06T01:03:48.760+0100][25.046s][info][gc             ] GC(839) Concurrent Undo Cycle 0.065ms
[2026-05-06T01:03:48.787+0100][25.073s][info][gc,start       ] GC(840) Pause Young (Concurrent Start) (G1 Humongous Allocation)
[2026-05-06T01:03:48.787+0100][25.073s][info][gc,task        ] GC(840) Using 9 workers of 9 for evacuation
[2026-05-06T01:03:48.787+0100][25.073s][info][gc,phases      ] GC(840)   Pre Evacuate Collection Set: 0.1ms
[2026-05-06T01:03:48.787+0100][25.073s][info][gc,phases      ] GC(840)   Merge Heap Roots: 0.0ms
[2026-05-06T01:03:48.787+0100][25.073s][info][gc,phases      ] GC(840)   Evacuate Collection Set: 0.2ms
[2026-05-06T01:03:48.787+0100][25.073s][info][gc,phases      ] GC(840)   Post Evacuate Collection Set: 0.1ms
[2026-05-06T01:03:48.787+0100][25.073s][info][gc,phases      ] GC(840)   Other: 0.0ms
[2026-05-06T01:03:48.787+0100][25.074s][info][gc,heap        ] GC(840) Eden regions: 9->0(217)
[2026-05-06T01:03:48.787+0100][25.074s][info][gc,heap        ] GC(840) Survivor regions: 1->1(28)
[2026-05-06T01:03:48.787+0100][25.074s][info][gc,heap        ] GC(840) Old regions: 13->13
[2026-05-06T01:03:48.787+0100][25.074s][info][gc,heap        ] GC(840) Humongous regions: 169->96
[2026-05-06T01:03:48.787+0100][25.074s][info][gc,metaspace   ] GC(840) Metaspace: 19111K(19392K)->19111K(19392K) NonClass: 16874K(17024K)->16874K(17024K) Class: 2236K(2368K)->2236K(2368K)
[2026-05-06T01:03:48.787+0100][25.074s][info][gc             ] GC(840) Pause Young (Concurrent Start) (G1 Humongous Allocation) 366M->203M(728M) 0.533ms
[2026-05-06T01:03:48.787+0100][25.074s][info][gc,cpu         ] GC(840) User=0.01s Sys=0.00s Real=0.00s
[2026-05-06T01:03:48.787+0100][25.074s][info][gc             ] GC(841) Concurrent Undo Cycle
[2026-05-06T01:03:48.787+0100][25.074s][info][gc,marking     ] GC(841) Concurrent Clear Claimed Marks
[2026-05-06T01:03:48.787+0100][25.074s][info][gc,marking     ] GC(841) Concurrent Clear Claimed Marks 0.006ms
[2026-05-06T01:03:48.787+0100][25.074s][info][gc,marking     ] GC(841) Concurrent Cleanup for Next Mark
[2026-05-06T01:03:48.787+0100][25.074s][info][gc,marking     ] GC(841) Concurrent Cleanup for Next Mark 0.032ms
[2026-05-06T01:03:48.787+0100][25.074s][info][gc             ] GC(841) Concurrent Undo Cycle 0.062ms
[2026-05-06T01:03:48.813+0100][25.099s][info][gc,start       ] GC(842) Pause Young (Concurrent Start) (G1 Humongous Allocation)
[2026-05-06T01:03:48.813+0100][25.099s][info][gc,task        ] GC(842) Using 9 workers of 9 for evacuation
[2026-05-06T01:03:48.814+0100][25.100s][info][gc,phases      ] GC(842)   Pre Evacuate Collection Set: 0.1ms
[2026-05-06T01:03:48.814+0100][25.100s][info][gc,phases      ] GC(842)   Merge Heap Roots: 0.0ms
[2026-05-06T01:03:48.814+0100][25.100s][info][gc,phases      ] GC(842)   Evacuate Collection Set: 0.2ms
[2026-05-06T01:03:48.814+0100][25.100s][info][gc,phases      ] GC(842)   Post Evacuate Collection Set: 0.1ms
[2026-05-06T01:03:48.814+0100][25.100s][info][gc,phases      ] GC(842)   Other: 0.0ms
[2026-05-06T01:03:48.814+0100][25.100s][info][gc,heap        ] GC(842) Eden regions: 9->0(217)
[2026-05-06T01:03:48.814+0100][25.100s][info][gc,heap        ] GC(842) Survivor regions: 1->1(28)
[2026-05-06T01:03:48.814+0100][25.100s][info][gc,heap        ] GC(842) Old regions: 13->13
[2026-05-06T01:03:48.814+0100][25.100s][info][gc,heap        ] GC(842) Humongous regions: 169->96
[2026-05-06T01:03:48.814+0100][25.100s][info][gc,metaspace   ] GC(842) Metaspace: 19111K(19392K)->19111K(19392K) NonClass: 16874K(17024K)->16874K(17024K) Class: 2236K(2368K)->2236K(2368K)
[2026-05-06T01:03:48.814+0100][25.100s][info][gc             ] GC(842) Pause Young (Concurrent Start) (G1 Humongous Allocation) 366M->203M(728M) 0.515ms
[2026-05-06T01:03:48.814+0100][25.100s][info][gc,cpu         ] GC(842) User=0.00s Sys=0.00s Real=0.00s
[2026-05-06T01:03:48.814+0100][25.100s][info][gc             ] GC(843) Concurrent Undo Cycle
[2026-05-06T01:03:48.814+0100][25.100s][info][gc,marking     ] GC(843) Concurrent Clear Claimed Marks
[2026-05-06T01:03:48.814+0100][25.100s][info][gc,marking     ] GC(843) Concurrent Clear Claimed Marks 0.006ms
[2026-05-06T01:03:48.814+0100][25.100s][info][gc,marking     ] GC(843) Concurrent Cleanup for Next Mark
[2026-05-06T01:03:48.814+0100][25.100s][info][gc,marking     ] GC(843) Concurrent Cleanup for Next Mark 0.029ms
[2026-05-06T01:03:48.814+0100][25.100s][info][gc             ] GC(843) Concurrent Undo Cycle 0.056ms
[2026-05-06T01:03:48.839+0100][25.125s][info][gc,start       ] GC(844) Pause Young (Concurrent Start) (G1 Humongous Allocation)
[2026-05-06T01:03:48.839+0100][25.125s][info][gc,task        ] GC(844) Using 9 workers of 9 for evacuation
[2026-05-06T01:03:48.839+0100][25.125s][info][gc,phases      ] GC(844)   Pre Evacuate Collection Set: 0.1ms
[2026-05-06T01:03:48.839+0100][25.125s][info][gc,phases      ] GC(844)   Merge Heap Roots: 0.0ms
[2026-05-06T01:03:48.839+0100][25.125s][info][gc,phases      ] GC(844)   Evacuate Collection Set: 0.1ms
[2026-05-06T01:03:48.839+0100][25.125s][info][gc,phases      ] GC(844)   Post Evacuate Collection Set: 0.1ms
[2026-05-06T01:03:48.839+0100][25.125s][info][gc,phases      ] GC(844)   Other: 0.0ms
[2026-05-06T01:03:48.839+0100][25.125s][info][gc,heap        ] GC(844) Eden regions: 9->0(217)
[2026-05-06T01:03:48.839+0100][25.125s][info][gc,heap        ] GC(844) Survivor regions: 1->1(28)
[2026-05-06T01:03:48.839+0100][25.125s][info][gc,heap        ] GC(844) Old regions: 13->13
[2026-05-06T01:03:48.839+0100][25.125s][info][gc,heap        ] GC(844) Humongous regions: 169->96
[2026-05-06T01:03:48.839+0100][25.125s][info][gc,metaspace   ] GC(844) Metaspace: 19111K(19392K)->19111K(19392K) NonClass: 16874K(17024K)->16874K(17024K) Class: 2236K(2368K)->2236K(2368K)
[2026-05-06T01:03:48.839+0100][25.125s][info][gc             ] GC(844) Pause Young (Concurrent Start) (G1 Humongous Allocation) 366M->203M(728M) 0.447ms
[2026-05-06T01:03:48.839+0100][25.125s][info][gc,cpu         ] GC(844) User=0.00s Sys=0.00s Real=0.00s
[2026-05-06T01:03:48.839+0100][25.125s][info][gc             ] GC(845) Concurrent Undo Cycle
[2026-05-06T01:03:48.839+0100][25.125s][info][gc,marking     ] GC(845) Concurrent Clear Claimed Marks
[2026-05-06T01:03:48.839+0100][25.125s][info][gc,marking     ] GC(845) Concurrent Clear Claimed Marks 0.006ms
[2026-05-06T01:03:48.839+0100][25.125s][info][gc,marking     ] GC(845) Concurrent Cleanup for Next Mark
[2026-05-06T01:03:48.839+0100][25.125s][info][gc,marking     ] GC(845) Concurrent Cleanup for Next Mark 0.033ms
[2026-05-06T01:03:48.839+0100][25.125s][info][gc             ] GC(845) Concurrent Undo Cycle 0.061ms
[2026-05-06T01:03:48.864+0100][25.150s][info][gc,start       ] GC(846) Pause Young (Concurrent Start) (G1 Humongous Allocation)
[2026-05-06T01:03:48.864+0100][25.150s][info][gc,task        ] GC(846) Using 9 workers of 9 for evacuation
[2026-05-06T01:03:48.865+0100][25.151s][info][gc,phases      ] GC(846)   Pre Evacuate Collection Set: 0.1ms
[2026-05-06T01:03:48.865+0100][25.151s][info][gc,phases      ] GC(846)   Merge Heap Roots: 0.0ms
[2026-05-06T01:03:48.865+0100][25.151s][info][gc,phases      ] GC(846)   Evacuate Collection Set: 0.1ms
[2026-05-06T01:03:48.865+0100][25.151s][info][gc,phases      ] GC(846)   Post Evacuate Collection Set: 0.1ms
[2026-05-06T01:03:48.865+0100][25.151s][info][gc,phases      ] GC(846)   Other: 0.0ms
[2026-05-06T01:03:48.865+0100][25.151s][info][gc,heap        ] GC(846) Eden regions: 9->0(217)
[2026-05-06T01:03:48.865+0100][25.151s][info][gc,heap        ] GC(846) Survivor regions: 1->1(28)
[2026-05-06T01:03:48.865+0100][25.151s][info][gc,heap        ] GC(846) Old regions: 13->13
[2026-05-06T01:03:48.865+0100][25.151s][info][gc,heap        ] GC(846) Humongous regions: 169->96
[2026-05-06T01:03:48.865+0100][25.151s][info][gc,metaspace   ] GC(846) Metaspace: 19111K(19392K)->19111K(19392K) NonClass: 16874K(17024K)->16874K(17024K) Class: 2236K(2368K)->2236K(2368K)
[2026-05-06T01:03:48.865+0100][25.151s][info][gc             ] GC(846) Pause Young (Concurrent Start) (G1 Humongous Allocation) 366M->203M(728M) 0.434ms
[2026-05-06T01:03:48.865+0100][25.151s][info][gc,cpu         ] GC(846) User=0.00s Sys=0.00s Real=0.00s
[2026-05-06T01:03:48.865+0100][25.151s][info][gc             ] GC(847) Concurrent Undo Cycle
[2026-05-06T01:03:48.865+0100][25.151s][info][gc,marking     ] GC(847) Concurrent Clear Claimed Marks
[2026-05-06T01:03:48.865+0100][25.151s][info][gc,marking     ] GC(847) Concurrent Clear Claimed Marks 0.005ms
[2026-05-06T01:03:48.865+0100][25.151s][info][gc,marking     ] GC(847) Concurrent Cleanup for Next Mark
[2026-05-06T01:03:48.865+0100][25.151s][info][gc,marking     ] GC(847) Concurrent Cleanup for Next Mark 0.030ms
[2026-05-06T01:03:48.865+0100][25.151s][info][gc             ] GC(847) Concurrent Undo Cycle 0.057ms
[2026-05-06T01:03:48.889+0100][25.176s][info][gc,start       ] GC(848) Pause Young (Concurrent Start) (G1 Humongous Allocation)
[2026-05-06T01:03:48.889+0100][25.176s][info][gc,task        ] GC(848) Using 9 workers of 9 for evacuation
[2026-05-06T01:03:48.890+0100][25.176s][info][gc,phases      ] GC(848)   Pre Evacuate Collection Set: 0.1ms
[2026-05-06T01:03:48.890+0100][25.176s][info][gc,phases      ] GC(848)   Merge Heap Roots: 0.0ms
[2026-05-06T01:03:48.890+0100][25.176s][info][gc,phases      ] GC(848)   Evacuate Collection Set: 0.2ms
[2026-05-06T01:03:48.890+0100][25.176s][info][gc,phases      ] GC(848)   Post Evacuate Collection Set: 0.1ms
[2026-05-06T01:03:48.890+0100][25.176s][info][gc,phases      ] GC(848)   Other: 0.0ms
[2026-05-06T01:03:48.890+0100][25.176s][info][gc,heap        ] GC(848) Eden regions: 9->0(217)
[2026-05-06T01:03:48.890+0100][25.176s][info][gc,heap        ] GC(848) Survivor regions: 1->1(28)
[2026-05-06T01:03:48.890+0100][25.176s][info][gc,heap        ] GC(848) Old regions: 13->13
[2026-05-06T01:03:48.890+0100][25.176s][info][gc,heap        ] GC(848) Humongous regions: 169->96
[2026-05-06T01:03:48.890+0100][25.176s][info][gc,metaspace   ] GC(848) Metaspace: 19111K(19392K)->19111K(19392K) NonClass: 16874K(17024K)->16874K(17024K) Class: 2236K(2368K)->2236K(2368K)
[2026-05-06T01:03:48.890+0100][25.176s][info][gc             ] GC(848) Pause Young (Concurrent Start) (G1 Humongous Allocation) 366M->203M(728M) 0.449ms
[2026-05-06T01:03:48.890+0100][25.176s][info][gc,cpu         ] GC(848) User=0.00s Sys=0.00s Real=0.01s
[2026-05-06T01:03:48.890+0100][25.176s][info][gc             ] GC(849) Concurrent Undo Cycle
[2026-05-06T01:03:48.890+0100][25.176s][info][gc,marking     ] GC(849) Concurrent Clear Claimed Marks
[2026-05-06T01:03:48.890+0100][25.176s][info][gc,marking     ] GC(849) Concurrent Clear Claimed Marks 0.006ms
[2026-05-06T01:03:48.890+0100][25.176s][info][gc,marking     ] GC(849) Concurrent Cleanup for Next Mark
[2026-05-06T01:03:48.890+0100][25.176s][info][gc,marking     ] GC(849) Concurrent Cleanup for Next Mark 0.029ms
[2026-05-06T01:03:48.890+0100][25.176s][info][gc             ] GC(849) Concurrent Undo Cycle 0.056ms
[2026-05-06T01:03:48.916+0100][25.202s][info][gc,start       ] GC(850) Pause Young (Concurrent Start) (G1 Humongous Allocation)
[2026-05-06T01:03:48.916+0100][25.202s][info][gc,task        ] GC(850) Using 9 workers of 9 for evacuation
[2026-05-06T01:03:48.917+0100][25.203s][info][gc,phases      ] GC(850)   Pre Evacuate Collection Set: 0.1ms
[2026-05-06T01:03:48.917+0100][25.203s][info][gc,phases      ] GC(850)   Merge Heap Roots: 0.0ms
[2026-05-06T01:03:48.917+0100][25.203s][info][gc,phases      ] GC(850)   Evacuate Collection Set: 0.1ms
[2026-05-06T01:03:48.917+0100][25.203s][info][gc,phases      ] GC(850)   Post Evacuate Collection Set: 0.1ms
[2026-05-06T01:03:48.917+0100][25.203s][info][gc,phases      ] GC(850)   Other: 0.0ms
[2026-05-06T01:03:48.917+0100][25.203s][info][gc,heap        ] GC(850) Eden regions: 9->0(217)
[2026-05-06T01:03:48.917+0100][25.203s][info][gc,heap        ] GC(850) Survivor regions: 1->1(28)
[2026-05-06T01:03:48.917+0100][25.203s][info][gc,heap        ] GC(850) Old regions: 13->13
[2026-05-06T01:03:48.917+0100][25.203s][info][gc,heap        ] GC(850) Humongous regions: 169->96
[2026-05-06T01:03:48.917+0100][25.203s][info][gc,metaspace   ] GC(850) Metaspace: 19111K(19392K)->19111K(19392K) NonClass: 16874K(17024K)->16874K(17024K) Class: 2236K(2368K)->2236K(2368K)
[2026-05-06T01:03:48.917+0100][25.203s][info][gc             ] GC(850) Pause Young (Concurrent Start) (G1 Humongous Allocation) 366M->203M(728M) 0.437ms
[2026-05-06T01:03:48.917+0100][25.203s][info][gc,cpu         ] GC(850) User=0.00s Sys=0.00s Real=0.00s
[2026-05-06T01:03:48.917+0100][25.203s][info][gc             ] GC(851) Concurrent Undo Cycle
[2026-05-06T01:03:48.917+0100][25.203s][info][gc,marking     ] GC(851) Concurrent Clear Claimed Marks
[2026-05-06T01:03:48.917+0100][25.203s][info][gc,marking     ] GC(851) Concurrent Clear Claimed Marks 0.006ms
[2026-05-06T01:03:48.917+0100][25.203s][info][gc,marking     ] GC(851) Concurrent Cleanup for Next Mark
[2026-05-06T01:03:48.917+0100][25.203s][info][gc,marking     ] GC(851) Concurrent Cleanup for Next Mark 0.036ms
[2026-05-06T01:03:48.917+0100][25.203s][info][gc             ] GC(851) Concurrent Undo Cycle 0.064ms
[2026-05-06T01:03:48.943+0100][25.229s][info][gc,start       ] GC(852) Pause Young (Concurrent Start) (G1 Humongous Allocation)
[2026-05-06T01:03:48.943+0100][25.229s][info][gc,task        ] GC(852) Using 9 workers of 9 for evacuation
[2026-05-06T01:03:48.943+0100][25.229s][info][gc,phases      ] GC(852)   Pre Evacuate Collection Set: 0.1ms
[2026-05-06T01:03:48.943+0100][25.229s][info][gc,phases      ] GC(852)   Merge Heap Roots: 0.0ms
[2026-05-06T01:03:48.943+0100][25.229s][info][gc,phases      ] GC(852)   Evacuate Collection Set: 0.1ms
[2026-05-06T01:03:48.943+0100][25.229s][info][gc,phases      ] GC(852)   Post Evacuate Collection Set: 0.1ms
[2026-05-06T01:03:48.943+0100][25.229s][info][gc,phases      ] GC(852)   Other: 0.0ms
[2026-05-06T01:03:48.943+0100][25.229s][info][gc,heap        ] GC(852) Eden regions: 9->0(217)
[2026-05-06T01:03:48.943+0100][25.229s][info][gc,heap        ] GC(852) Survivor regions: 1->1(28)
[2026-05-06T01:03:48.943+0100][25.229s][info][gc,heap        ] GC(852) Old regions: 13->13
[2026-05-06T01:03:48.943+0100][25.229s][info][gc,heap        ] GC(852) Humongous regions: 169->96
[2026-05-06T01:03:48.943+0100][25.229s][info][gc,metaspace   ] GC(852) Metaspace: 19111K(19392K)->19111K(19392K) NonClass: 16874K(17024K)->16874K(17024K) Class: 2236K(2368K)->2236K(2368K)
[2026-05-06T01:03:48.943+0100][25.229s][info][gc             ] GC(852) Pause Young (Concurrent Start) (G1 Humongous Allocation) 366M->203M(728M) 0.456ms
[2026-05-06T01:03:48.943+0100][25.229s][info][gc,cpu         ] GC(852) User=0.01s Sys=0.00s Real=0.00s
[2026-05-06T01:03:48.943+0100][25.229s][info][gc             ] GC(853) Concurrent Undo Cycle
[2026-05-06T01:03:48.943+0100][25.229s][info][gc,marking     ] GC(853) Concurrent Clear Claimed Marks
[2026-05-06T01:03:48.943+0100][25.229s][info][gc,marking     ] GC(853) Concurrent Clear Claimed Marks 0.006ms
[2026-05-06T01:03:48.943+0100][25.229s][info][gc,marking     ] GC(853) Concurrent Cleanup for Next Mark
[2026-05-06T01:03:48.943+0100][25.229s][info][gc,marking     ] GC(853) Concurrent Cleanup for Next Mark 0.029ms
[2026-05-06T01:03:48.943+0100][25.229s][info][gc             ] GC(853) Concurrent Undo Cycle 0.057ms
[2026-05-06T01:03:48.969+0100][25.255s][info][gc,start       ] GC(854) Pause Young (Concurrent Start) (G1 Humongous Allocation)
[2026-05-06T01:03:48.969+0100][25.255s][info][gc,task        ] GC(854) Using 9 workers of 9 for evacuation
[2026-05-06T01:03:48.970+0100][25.256s][info][gc,phases      ] GC(854)   Pre Evacuate Collection Set: 0.1ms
[2026-05-06T01:03:48.970+0100][25.256s][info][gc,phases      ] GC(854)   Merge Heap Roots: 0.0ms
[2026-05-06T01:03:48.970+0100][25.256s][info][gc,phases      ] GC(854)   Evacuate Collection Set: 0.1ms
[2026-05-06T01:03:48.970+0100][25.256s][info][gc,phases      ] GC(854)   Post Evacuate Collection Set: 0.1ms
[2026-05-06T01:03:48.970+0100][25.256s][info][gc,phases      ] GC(854)   Other: 0.0ms
[2026-05-06T01:03:48.970+0100][25.256s][info][gc,heap        ] GC(854) Eden regions: 9->0(217)
[2026-05-06T01:03:48.970+0100][25.256s][info][gc,heap        ] GC(854) Survivor regions: 1->1(28)
[2026-05-06T01:03:48.970+0100][25.256s][info][gc,heap        ] GC(854) Old regions: 13->13
[2026-05-06T01:03:48.970+0100][25.256s][info][gc,heap        ] GC(854) Humongous regions: 169->96
[2026-05-06T01:03:48.970+0100][25.256s][info][gc,metaspace   ] GC(854) Metaspace: 19111K(19392K)->19111K(19392K) NonClass: 16874K(17024K)->16874K(17024K) Class: 2236K(2368K)->2236K(2368K)
[2026-05-06T01:03:48.970+0100][25.256s][info][gc             ] GC(854) Pause Young (Concurrent Start) (G1 Humongous Allocation) 366M->203M(728M) 0.425ms
[2026-05-06T01:03:48.970+0100][25.256s][info][gc,cpu         ] GC(854) User=0.00s Sys=0.00s Real=0.01s
[2026-05-06T01:03:48.970+0100][25.256s][info][gc             ] GC(855) Concurrent Undo Cycle
[2026-05-06T01:03:48.970+0100][25.256s][info][gc,marking     ] GC(855) Concurrent Clear Claimed Marks
[2026-05-06T01:03:48.970+0100][25.256s][info][gc,marking     ] GC(855) Concurrent Clear Claimed Marks 0.006ms
[2026-05-06T01:03:48.970+0100][25.256s][info][gc,marking     ] GC(855) Concurrent Cleanup for Next Mark
[2026-05-06T01:03:48.970+0100][25.256s][info][gc,marking     ] GC(855) Concurrent Cleanup for Next Mark 0.030ms
[2026-05-06T01:03:48.970+0100][25.256s][info][gc             ] GC(855) Concurrent Undo Cycle 0.061ms
[2026-05-06T01:03:48.996+0100][25.282s][info][gc,start       ] GC(856) Pause Young (Concurrent Start) (G1 Humongous Allocation)
[2026-05-06T01:03:48.996+0100][25.282s][info][gc,task        ] GC(856) Using 9 workers of 9 for evacuation
[2026-05-06T01:03:48.996+0100][25.282s][info][gc,phases      ] GC(856)   Pre Evacuate Collection Set: 0.1ms
[2026-05-06T01:03:48.996+0100][25.282s][info][gc,phases      ] GC(856)   Merge Heap Roots: 0.0ms
[2026-05-06T01:03:48.996+0100][25.282s][info][gc,phases      ] GC(856)   Evacuate Collection Set: 0.1ms
[2026-05-06T01:03:48.996+0100][25.282s][info][gc,phases      ] GC(856)   Post Evacuate Collection Set: 0.1ms
[2026-05-06T01:03:48.996+0100][25.282s][info][gc,phases      ] GC(856)   Other: 0.0ms
[2026-05-06T01:03:48.996+0100][25.282s][info][gc,heap        ] GC(856) Eden regions: 9->0(217)
[2026-05-06T01:03:48.996+0100][25.282s][info][gc,heap        ] GC(856) Survivor regions: 1->1(28)
[2026-05-06T01:03:48.996+0100][25.282s][info][gc,heap        ] GC(856) Old regions: 13->13
[2026-05-06T01:03:48.996+0100][25.282s][info][gc,heap        ] GC(856) Humongous regions: 169->96
[2026-05-06T01:03:48.996+0100][25.282s][info][gc,metaspace   ] GC(856) Metaspace: 19111K(19392K)->19111K(19392K) NonClass: 16874K(17024K)->16874K(17024K) Class: 2236K(2368K)->2236K(2368K)
[2026-05-06T01:03:48.996+0100][25.282s][info][gc             ] GC(856) Pause Young (Concurrent Start) (G1 Humongous Allocation) 365M->203M(728M) 0.511ms
[2026-05-06T01:03:48.996+0100][25.282s][info][gc,cpu         ] GC(856) User=0.01s Sys=0.00s Real=0.00s
[2026-05-06T01:03:48.996+0100][25.282s][info][gc             ] GC(857) Concurrent Undo Cycle
[2026-05-06T01:03:48.996+0100][25.282s][info][gc,marking     ] GC(857) Concurrent Clear Claimed Marks
[2026-05-06T01:03:48.996+0100][25.282s][info][gc,marking     ] GC(857) Concurrent Clear Claimed Marks 0.007ms
[2026-05-06T01:03:48.996+0100][25.282s][info][gc,marking     ] GC(857) Concurrent Cleanup for Next Mark
[2026-05-06T01:03:48.996+0100][25.282s][info][gc,marking     ] GC(857) Concurrent Cleanup for Next Mark 0.059ms
[2026-05-06T01:03:48.996+0100][25.282s][info][gc             ] GC(857) Concurrent Undo Cycle 0.090ms
[2026-05-06T01:03:49.021+0100][25.308s][info][gc,start       ] GC(858) Pause Young (Concurrent Start) (G1 Humongous Allocation)
[2026-05-06T01:03:49.021+0100][25.308s][info][gc,task        ] GC(858) Using 9 workers of 9 for evacuation
[2026-05-06T01:03:49.022+0100][25.308s][info][gc,phases      ] GC(858)   Pre Evacuate Collection Set: 0.1ms
[2026-05-06T01:03:49.022+0100][25.308s][info][gc,phases      ] GC(858)   Merge Heap Roots: 0.0ms
[2026-05-06T01:03:49.022+0100][25.308s][info][gc,phases      ] GC(858)   Evacuate Collection Set: 0.2ms
[2026-05-06T01:03:49.022+0100][25.308s][info][gc,phases      ] GC(858)   Post Evacuate Collection Set: 0.1ms
[2026-05-06T01:03:49.022+0100][25.308s][info][gc,phases      ] GC(858)   Other: 0.0ms
[2026-05-06T01:03:49.022+0100][25.308s][info][gc,heap        ] GC(858) Eden regions: 5->0(217)
[2026-05-06T01:03:49.022+0100][25.308s][info][gc,heap        ] GC(858) Survivor regions: 1->1(28)
[2026-05-06T01:03:49.022+0100][25.308s][info][gc,heap        ] GC(858) Old regions: 13->13
[2026-05-06T01:03:49.022+0100][25.308s][info][gc,heap        ] GC(858) Humongous regions: 169->96
[2026-05-06T01:03:49.022+0100][25.308s][info][gc,metaspace   ] GC(858) Metaspace: 19111K(19392K)->19111K(19392K) NonClass: 16874K(17024K)->16874K(17024K) Class: 2236K(2368K)->2236K(2368K)
[2026-05-06T01:03:49.022+0100][25.308s][info][gc             ] GC(858) Pause Young (Concurrent Start) (G1 Humongous Allocation) 357M->203M(728M) 0.525ms
[2026-05-06T01:03:49.022+0100][25.308s][info][gc,cpu         ] GC(858) User=0.00s Sys=0.00s Real=0.00s
[2026-05-06T01:03:49.022+0100][25.308s][info][gc             ] GC(859) Concurrent Undo Cycle
[2026-05-06T01:03:49.022+0100][25.308s][info][gc,marking     ] GC(859) Concurrent Clear Claimed Marks
[2026-05-06T01:03:49.022+0100][25.308s][info][gc,marking     ] GC(859) Concurrent Clear Claimed Marks 0.007ms
[2026-05-06T01:03:49.022+0100][25.308s][info][gc,marking     ] GC(859) Concurrent Cleanup for Next Mark
[2026-05-06T01:03:49.022+0100][25.308s][info][gc,marking     ] GC(859) Concurrent Cleanup for Next Mark 0.042ms
[2026-05-06T01:03:49.022+0100][25.308s][info][gc             ] GC(859) Concurrent Undo Cycle 0.074ms
[2026-05-06T01:03:49.046+0100][25.333s][info][gc,start       ] GC(860) Pause Young (Concurrent Start) (G1 Humongous Allocation)
[2026-05-06T01:03:49.046+0100][25.333s][info][gc,task        ] GC(860) Using 9 workers of 9 for evacuation
[2026-05-06T01:03:49.047+0100][25.333s][info][gc,phases      ] GC(860)   Pre Evacuate Collection Set: 0.1ms
[2026-05-06T01:03:49.047+0100][25.333s][info][gc,phases      ] GC(860)   Merge Heap Roots: 0.0ms
[2026-05-06T01:03:49.047+0100][25.333s][info][gc,phases      ] GC(860)   Evacuate Collection Set: 0.1ms
[2026-05-06T01:03:49.047+0100][25.333s][info][gc,phases      ] GC(860)   Post Evacuate Collection Set: 0.1ms
[2026-05-06T01:03:49.047+0100][25.333s][info][gc,phases      ] GC(860)   Other: 0.0ms
[2026-05-06T01:03:49.047+0100][25.333s][info][gc,heap        ] GC(860) Eden regions: 5->0(217)
[2026-05-06T01:03:49.047+0100][25.333s][info][gc,heap        ] GC(860) Survivor regions: 1->1(28)
[2026-05-06T01:03:49.047+0100][25.333s][info][gc,heap        ] GC(860) Old regions: 13->13
[2026-05-06T01:03:49.047+0100][25.333s][info][gc,heap        ] GC(860) Humongous regions: 169->96
[2026-05-06T01:03:49.047+0100][25.333s][info][gc,metaspace   ] GC(860) Metaspace: 19111K(19392K)->19111K(19392K) NonClass: 16874K(17024K)->16874K(17024K) Class: 2236K(2368K)->2236K(2368K)
[2026-05-06T01:03:49.047+0100][25.333s][info][gc             ] GC(860) Pause Young (Concurrent Start) (G1 Humongous Allocation) 357M->203M(728M) 0.472ms
[2026-05-06T01:03:49.047+0100][25.333s][info][gc,cpu         ] GC(860) User=0.00s Sys=0.01s Real=0.00s
[2026-05-06T01:03:49.047+0100][25.333s][info][gc             ] GC(861) Concurrent Undo Cycle
[2026-05-06T01:03:49.047+0100][25.333s][info][gc,marking     ] GC(861) Concurrent Clear Claimed Marks
[2026-05-06T01:03:49.047+0100][25.333s][info][gc,marking     ] GC(861) Concurrent Clear Claimed Marks 0.007ms
[2026-05-06T01:03:49.047+0100][25.333s][info][gc,marking     ] GC(861) Concurrent Cleanup for Next Mark
[2026-05-06T01:03:49.047+0100][25.333s][info][gc,marking     ] GC(861) Concurrent Cleanup for Next Mark 0.031ms
[2026-05-06T01:03:49.047+0100][25.333s][info][gc             ] GC(861) Concurrent Undo Cycle 0.061ms
[2026-05-06T01:03:49.062+0100][25.348s][info][gc,start       ] GC(862) Pause Full (System.gc())
[2026-05-06T01:03:49.062+0100][25.348s][info][gc,task        ] GC(862) Using 9 workers of 9 for full compaction
[2026-05-06T01:03:49.062+0100][25.348s][info][gc,phases,start] GC(862) Phase 1: Mark live objects
[2026-05-06T01:03:49.064+0100][25.351s][info][gc,phases      ] GC(862) Phase 1: Mark live objects 2.250ms
[2026-05-06T01:03:49.065+0100][25.351s][info][gc,phases,start] GC(862) Phase 2: Prepare compaction
[2026-05-06T01:03:49.065+0100][25.351s][info][gc,phases      ] GC(862) Phase 2: Prepare compaction 0.247ms
[2026-05-06T01:03:49.065+0100][25.351s][info][gc,phases,start] GC(862) Phase 3: Adjust pointers
[2026-05-06T01:03:49.066+0100][25.353s][info][gc,phases      ] GC(862) Phase 3: Adjust pointers 1.653ms
[2026-05-06T01:03:49.066+0100][25.353s][info][gc,phases,start] GC(862) Phase 4: Compact heap
[2026-05-06T01:03:49.067+0100][25.353s][info][gc,phases      ] GC(862) Phase 4: Compact heap 0.211ms
[2026-05-06T01:03:49.067+0100][25.353s][info][gc,phases,start] GC(862) Phase 5: Reset Metadata
[2026-05-06T01:03:49.067+0100][25.353s][info][gc,phases      ] GC(862) Phase 5: Reset Metadata 0.324ms
[2026-05-06T01:03:49.067+0100][25.354s][info][gc,heap        ] GC(862) Eden regions: 5->0(218)
[2026-05-06T01:03:49.067+0100][25.354s][info][gc,heap        ] GC(862) Survivor regions: 1->0(28)
[2026-05-06T01:03:49.067+0100][25.354s][info][gc,heap        ] GC(862) Old regions: 13->13
[2026-05-06T01:03:49.067+0100][25.354s][info][gc,heap        ] GC(862) Humongous regions: 169->96
[2026-05-06T01:03:49.067+0100][25.354s][info][gc,metaspace   ] GC(862) Metaspace: 19111K(19392K)->19111K(19392K) NonClass: 16874K(17024K)->16874K(17024K) Class: 2236K(2368K)->2236K(2368K)
[2026-05-06T01:03:49.067+0100][25.354s][info][gc             ] GC(862) Pause Full (System.gc()) 357M->203M(728M) 5.270ms
[2026-05-06T01:03:49.067+0100][25.354s][info][gc,cpu         ] GC(862) User=0.02s Sys=0.00s Real=0.00s
[2026-05-06T01:03:49.077+0100][25.363s][info][gc,start       ] GC(863) Pause Young (Concurrent Start) (G1 Humongous Allocation)
[2026-05-06T01:03:49.077+0100][25.363s][info][gc,task        ] GC(863) Using 9 workers of 9 for evacuation
[2026-05-06T01:03:49.077+0100][25.363s][info][gc,phases      ] GC(863)   Pre Evacuate Collection Set: 0.1ms
[2026-05-06T01:03:49.077+0100][25.363s][info][gc,phases      ] GC(863)   Merge Heap Roots: 0.0ms
[2026-05-06T01:03:49.077+0100][25.363s][info][gc,phases      ] GC(863)   Evacuate Collection Set: 0.1ms
[2026-05-06T01:03:49.077+0100][25.363s][info][gc,phases      ] GC(863)   Post Evacuate Collection Set: 0.1ms
[2026-05-06T01:03:49.077+0100][25.363s][info][gc,phases      ] GC(863)   Other: 0.0ms
[2026-05-06T01:03:49.077+0100][25.363s][info][gc,heap        ] GC(863) Eden regions: 5->0(217)
[2026-05-06T01:03:49.077+0100][25.363s][info][gc,heap        ] GC(863) Survivor regions: 0->1(28)
[2026-05-06T01:03:49.077+0100][25.363s][info][gc,heap        ] GC(863) Old regions: 13->13
[2026-05-06T01:03:49.077+0100][25.363s][info][gc,heap        ] GC(863) Humongous regions: 96->96
[2026-05-06T01:03:49.077+0100][25.363s][info][gc,metaspace   ] GC(863) Metaspace: 19111K(19392K)->19111K(19392K) NonClass: 16874K(17024K)->16874K(17024K) Class: 2236K(2368K)->2236K(2368K)
[2026-05-06T01:03:49.077+0100][25.363s][info][gc             ] GC(863) Pause Young (Concurrent Start) (G1 Humongous Allocation) 211M->203M(728M) 0.442ms
[2026-05-06T01:03:49.077+0100][25.363s][info][gc,cpu         ] GC(863) User=0.00s Sys=0.00s Real=0.00s
[2026-05-06T01:03:49.077+0100][25.363s][info][gc             ] GC(864) Concurrent Undo Cycle
[2026-05-06T01:03:49.077+0100][25.363s][info][gc,marking     ] GC(864) Concurrent Clear Claimed Marks
[2026-05-06T01:03:49.077+0100][25.363s][info][gc,marking     ] GC(864) Concurrent Clear Claimed Marks 0.005ms
[2026-05-06T01:03:49.077+0100][25.363s][info][gc,marking     ] GC(864) Concurrent Cleanup for Next Mark
[2026-05-06T01:03:49.077+0100][25.363s][info][gc,marking     ] GC(864) Concurrent Cleanup for Next Mark 0.032ms
[2026-05-06T01:03:49.077+0100][25.363s][info][gc             ] GC(864) Concurrent Undo Cycle 0.059ms
[2026-05-06T01:03:49.101+0100][25.387s][info][gc,start       ] GC(865) Pause Young (Concurrent Start) (G1 Humongous Allocation)
[2026-05-06T01:03:49.101+0100][25.387s][info][gc,task        ] GC(865) Using 9 workers of 9 for evacuation
[2026-05-06T01:03:49.101+0100][25.387s][info][gc,phases      ] GC(865)   Pre Evacuate Collection Set: 0.1ms
[2026-05-06T01:03:49.101+0100][25.387s][info][gc,phases      ] GC(865)   Merge Heap Roots: 0.0ms
[2026-05-06T01:03:49.101+0100][25.387s][info][gc,phases      ] GC(865)   Evacuate Collection Set: 0.1ms
[2026-05-06T01:03:49.101+0100][25.387s][info][gc,phases      ] GC(865)   Post Evacuate Collection Set: 0.1ms
[2026-05-06T01:03:49.101+0100][25.387s][info][gc,phases      ] GC(865)   Other: 0.0ms
[2026-05-06T01:03:49.101+0100][25.387s][info][gc,heap        ] GC(865) Eden regions: 5->0(217)
[2026-05-06T01:03:49.101+0100][25.387s][info][gc,heap        ] GC(865) Survivor regions: 1->1(28)
[2026-05-06T01:03:49.101+0100][25.387s][info][gc,heap        ] GC(865) Old regions: 13->13
[2026-05-06T01:03:49.101+0100][25.387s][info][gc,heap        ] GC(865) Humongous regions: 169->96
[2026-05-06T01:03:49.101+0100][25.387s][info][gc,metaspace   ] GC(865) Metaspace: 19111K(19392K)->19111K(19392K) NonClass: 16874K(17024K)->16874K(17024K) Class: 2236K(2368K)->2236K(2368K)
[2026-05-06T01:03:49.101+0100][25.387s][info][gc             ] GC(865) Pause Young (Concurrent Start) (G1 Humongous Allocation) 357M->203M(728M) 0.412ms
[2026-05-06T01:03:49.101+0100][25.387s][info][gc,cpu         ] GC(865) User=0.00s Sys=0.00s Real=0.00s
[2026-05-06T01:03:49.101+0100][25.387s][info][gc             ] GC(866) Concurrent Undo Cycle
[2026-05-06T01:03:49.101+0100][25.387s][info][gc,marking     ] GC(866) Concurrent Clear Claimed Marks
[2026-05-06T01:03:49.101+0100][25.387s][info][gc,marking     ] GC(866) Concurrent Clear Claimed Marks 0.006ms
[2026-05-06T01:03:49.101+0100][25.387s][info][gc,marking     ] GC(866) Concurrent Cleanup for Next Mark
[2026-05-06T01:03:49.101+0100][25.388s][info][gc,marking     ] GC(866) Concurrent Cleanup for Next Mark 0.031ms
[2026-05-06T01:03:49.101+0100][25.388s][info][gc             ] GC(866) Concurrent Undo Cycle 0.060ms
[2026-05-06T01:03:49.125+0100][25.411s][info][gc,start       ] GC(867) Pause Young (Concurrent Start) (G1 Humongous Allocation)
[2026-05-06T01:03:49.125+0100][25.411s][info][gc,task        ] GC(867) Using 9 workers of 9 for evacuation
[2026-05-06T01:03:49.126+0100][25.412s][info][gc,phases      ] GC(867)   Pre Evacuate Collection Set: 0.1ms
[2026-05-06T01:03:49.126+0100][25.412s][info][gc,phases      ] GC(867)   Merge Heap Roots: 0.0ms
[2026-05-06T01:03:49.126+0100][25.412s][info][gc,phases      ] GC(867)   Evacuate Collection Set: 0.1ms
[2026-05-06T01:03:49.126+0100][25.412s][info][gc,phases      ] GC(867)   Post Evacuate Collection Set: 0.1ms
[2026-05-06T01:03:49.126+0100][25.412s][info][gc,phases      ] GC(867)   Other: 0.0ms
[2026-05-06T01:03:49.126+0100][25.412s][info][gc,heap        ] GC(867) Eden regions: 4->0(217)
[2026-05-06T01:03:49.126+0100][25.412s][info][gc,heap        ] GC(867) Survivor regions: 1->1(28)
[2026-05-06T01:03:49.126+0100][25.412s][info][gc,heap        ] GC(867) Old regions: 13->13
[2026-05-06T01:03:49.126+0100][25.412s][info][gc,heap        ] GC(867) Humongous regions: 169->96
[2026-05-06T01:03:49.126+0100][25.412s][info][gc,metaspace   ] GC(867) Metaspace: 19111K(19392K)->19111K(19392K) NonClass: 16874K(17024K)->16874K(17024K) Class: 2236K(2368K)->2236K(2368K)
[2026-05-06T01:03:49.126+0100][25.412s][info][gc             ] GC(867) Pause Young (Concurrent Start) (G1 Humongous Allocation) 357M->203M(728M) 0.464ms
[2026-05-06T01:03:49.126+0100][25.412s][info][gc,cpu         ] GC(867) User=0.00s Sys=0.00s Real=0.00s
[2026-05-06T01:03:49.126+0100][25.412s][info][gc             ] GC(868) Concurrent Undo Cycle
[2026-05-06T01:03:49.126+0100][25.412s][info][gc,marking     ] GC(868) Concurrent Clear Claimed Marks
[2026-05-06T01:03:49.126+0100][25.412s][info][gc,marking     ] GC(868) Concurrent Clear Claimed Marks 0.007ms
[2026-05-06T01:03:49.126+0100][25.412s][info][gc,marking     ] GC(868) Concurrent Cleanup for Next Mark
[2026-05-06T01:03:49.126+0100][25.412s][info][gc,marking     ] GC(868) Concurrent Cleanup for Next Mark 0.037ms
[2026-05-06T01:03:49.126+0100][25.412s][info][gc             ] GC(868) Concurrent Undo Cycle 0.065ms
[2026-05-06T01:03:49.150+0100][25.436s][info][gc,start       ] GC(869) Pause Young (Concurrent Start) (G1 Humongous Allocation)
[2026-05-06T01:03:49.150+0100][25.437s][info][gc,task        ] GC(869) Using 9 workers of 9 for evacuation
[2026-05-06T01:03:49.151+0100][25.437s][info][gc,phases      ] GC(869)   Pre Evacuate Collection Set: 0.1ms
[2026-05-06T01:03:49.151+0100][25.437s][info][gc,phases      ] GC(869)   Merge Heap Roots: 0.0ms
[2026-05-06T01:03:49.151+0100][25.437s][info][gc,phases      ] GC(869)   Evacuate Collection Set: 0.1ms
[2026-05-06T01:03:49.151+0100][25.437s][info][gc,phases      ] GC(869)   Post Evacuate Collection Set: 0.1ms
[2026-05-06T01:03:49.151+0100][25.437s][info][gc,phases      ] GC(869)   Other: 0.0ms
[2026-05-06T01:03:49.151+0100][25.437s][info][gc,heap        ] GC(869) Eden regions: 5->0(217)
[2026-05-06T01:03:49.151+0100][25.437s][info][gc,heap        ] GC(869) Survivor regions: 1->1(28)
[2026-05-06T01:03:49.151+0100][25.437s][info][gc,heap        ] GC(869) Old regions: 13->13
[2026-05-06T01:03:49.151+0100][25.437s][info][gc,heap        ] GC(869) Humongous regions: 169->96
[2026-05-06T01:03:49.151+0100][25.437s][info][gc,metaspace   ] GC(869) Metaspace: 19112K(19392K)->19112K(19392K) NonClass: 16875K(17024K)->16875K(17024K) Class: 2236K(2368K)->2236K(2368K)
[2026-05-06T01:03:49.151+0100][25.437s][info][gc             ] GC(869) Pause Young (Concurrent Start) (G1 Humongous Allocation) 357M->203M(728M) 0.477ms
[2026-05-06T01:03:49.151+0100][25.437s][info][gc,cpu         ] GC(869) User=0.01s Sys=0.00s Real=0.00s
[2026-05-06T01:03:49.151+0100][25.437s][info][gc             ] GC(870) Concurrent Undo Cycle
[2026-05-06T01:03:49.151+0100][25.437s][info][gc,marking     ] GC(870) Concurrent Clear Claimed Marks
[2026-05-06T01:03:49.151+0100][25.437s][info][gc,marking     ] GC(870) Concurrent Clear Claimed Marks 0.007ms
[2026-05-06T01:03:49.151+0100][25.437s][info][gc,marking     ] GC(870) Concurrent Cleanup for Next Mark
[2026-05-06T01:03:49.151+0100][25.437s][info][gc,marking     ] GC(870) Concurrent Cleanup for Next Mark 0.035ms
[2026-05-06T01:03:49.151+0100][25.437s][info][gc             ] GC(870) Concurrent Undo Cycle 0.068ms
[2026-05-06T01:03:49.175+0100][25.461s][info][gc,start       ] GC(871) Pause Young (Concurrent Start) (G1 Humongous Allocation)
[2026-05-06T01:03:49.175+0100][25.461s][info][gc,task        ] GC(871) Using 9 workers of 9 for evacuation
[2026-05-06T01:03:49.175+0100][25.461s][info][gc,phases      ] GC(871)   Pre Evacuate Collection Set: 0.1ms
[2026-05-06T01:03:49.175+0100][25.461s][info][gc,phases      ] GC(871)   Merge Heap Roots: 0.0ms
[2026-05-06T01:03:49.175+0100][25.461s][info][gc,phases      ] GC(871)   Evacuate Collection Set: 0.1ms
[2026-05-06T01:03:49.175+0100][25.461s][info][gc,phases      ] GC(871)   Post Evacuate Collection Set: 0.1ms
[2026-05-06T01:03:49.175+0100][25.461s][info][gc,phases      ] GC(871)   Other: 0.0ms
[2026-05-06T01:03:49.175+0100][25.461s][info][gc,heap        ] GC(871) Eden regions: 4->0(217)
[2026-05-06T01:03:49.175+0100][25.461s][info][gc,heap        ] GC(871) Survivor regions: 1->1(28)
[2026-05-06T01:03:49.175+0100][25.461s][info][gc,heap        ] GC(871) Old regions: 13->13
[2026-05-06T01:03:49.175+0100][25.461s][info][gc,heap        ] GC(871) Humongous regions: 169->96
[2026-05-06T01:03:49.175+0100][25.461s][info][gc,metaspace   ] GC(871) Metaspace: 19112K(19392K)->19112K(19392K) NonClass: 16875K(17024K)->16875K(17024K) Class: 2236K(2368K)->2236K(2368K)
[2026-05-06T01:03:49.175+0100][25.461s][info][gc             ] GC(871) Pause Young (Concurrent Start) (G1 Humongous Allocation) 357M->203M(728M) 0.445ms
[2026-05-06T01:03:49.175+0100][25.461s][info][gc,cpu         ] GC(871) User=0.00s Sys=0.00s Real=0.00s
[2026-05-06T01:03:49.175+0100][25.461s][info][gc             ] GC(872) Concurrent Undo Cycle
[2026-05-06T01:03:49.175+0100][25.461s][info][gc,marking     ] GC(872) Concurrent Clear Claimed Marks
[2026-05-06T01:03:49.175+0100][25.461s][info][gc,marking     ] GC(872) Concurrent Clear Claimed Marks 0.007ms
[2026-05-06T01:03:49.175+0100][25.461s][info][gc,marking     ] GC(872) Concurrent Cleanup for Next Mark
[2026-05-06T01:03:49.175+0100][25.461s][info][gc,marking     ] GC(872) Concurrent Cleanup for Next Mark 0.031ms
[2026-05-06T01:03:49.175+0100][25.461s][info][gc             ] GC(872) Concurrent Undo Cycle 0.059ms
[2026-05-06T01:03:49.200+0100][25.486s][info][gc,start       ] GC(873) Pause Young (Concurrent Start) (G1 Humongous Allocation)
[2026-05-06T01:03:49.200+0100][25.486s][info][gc,task        ] GC(873) Using 9 workers of 9 for evacuation
[2026-05-06T01:03:49.200+0100][25.486s][info][gc,phases      ] GC(873)   Pre Evacuate Collection Set: 0.1ms
[2026-05-06T01:03:49.200+0100][25.486s][info][gc,phases      ] GC(873)   Merge Heap Roots: 0.0ms
[2026-05-06T01:03:49.200+0100][25.486s][info][gc,phases      ] GC(873)   Evacuate Collection Set: 0.1ms
[2026-05-06T01:03:49.200+0100][25.486s][info][gc,phases      ] GC(873)   Post Evacuate Collection Set: 0.1ms
[2026-05-06T01:03:49.200+0100][25.486s][info][gc,phases      ] GC(873)   Other: 0.0ms
[2026-05-06T01:03:49.200+0100][25.486s][info][gc,heap        ] GC(873) Eden regions: 5->0(217)
[2026-05-06T01:03:49.200+0100][25.486s][info][gc,heap        ] GC(873) Survivor regions: 1->1(28)
[2026-05-06T01:03:49.200+0100][25.486s][info][gc,heap        ] GC(873) Old regions: 13->13
[2026-05-06T01:03:49.200+0100][25.486s][info][gc,heap        ] GC(873) Humongous regions: 169->96
[2026-05-06T01:03:49.200+0100][25.486s][info][gc,metaspace   ] GC(873) Metaspace: 19112K(19392K)->19112K(19392K) NonClass: 16875K(17024K)->16875K(17024K) Class: 2236K(2368K)->2236K(2368K)
[2026-05-06T01:03:49.200+0100][25.486s][info][gc             ] GC(873) Pause Young (Concurrent Start) (G1 Humongous Allocation) 358M->203M(728M) 0.427ms
[2026-05-06T01:03:49.200+0100][25.486s][info][gc,cpu         ] GC(873) User=0.00s Sys=0.00s Real=0.00s
[2026-05-06T01:03:49.200+0100][25.486s][info][gc             ] GC(874) Concurrent Undo Cycle
[2026-05-06T01:03:49.200+0100][25.486s][info][gc,marking     ] GC(874) Concurrent Clear Claimed Marks
[2026-05-06T01:03:49.200+0100][25.486s][info][gc,marking     ] GC(874) Concurrent Clear Claimed Marks 0.006ms
[2026-05-06T01:03:49.200+0100][25.486s][info][gc,marking     ] GC(874) Concurrent Cleanup for Next Mark
[2026-05-06T01:03:49.200+0100][25.486s][info][gc,marking     ] GC(874) Concurrent Cleanup for Next Mark 0.034ms
[2026-05-06T01:03:49.200+0100][25.486s][info][gc             ] GC(874) Concurrent Undo Cycle 0.061ms
[2026-05-06T01:03:49.224+0100][25.510s][info][gc,start       ] GC(875) Pause Young (Concurrent Start) (G1 Humongous Allocation)
[2026-05-06T01:03:49.224+0100][25.510s][info][gc,task        ] GC(875) Using 9 workers of 9 for evacuation
[2026-05-06T01:03:49.224+0100][25.511s][info][gc,phases      ] GC(875)   Pre Evacuate Collection Set: 0.1ms
[2026-05-06T01:03:49.224+0100][25.511s][info][gc,phases      ] GC(875)   Merge Heap Roots: 0.0ms
[2026-05-06T01:03:49.224+0100][25.511s][info][gc,phases      ] GC(875)   Evacuate Collection Set: 0.1ms
[2026-05-06T01:03:49.224+0100][25.511s][info][gc,phases      ] GC(875)   Post Evacuate Collection Set: 0.1ms
[2026-05-06T01:03:49.224+0100][25.511s][info][gc,phases      ] GC(875)   Other: 0.0ms
[2026-05-06T01:03:49.224+0100][25.511s][info][gc,heap        ] GC(875) Eden regions: 5->0(217)
[2026-05-06T01:03:49.225+0100][25.511s][info][gc,heap        ] GC(875) Survivor regions: 1->1(28)
[2026-05-06T01:03:49.225+0100][25.511s][info][gc,heap        ] GC(875) Old regions: 13->13
[2026-05-06T01:03:49.225+0100][25.511s][info][gc,heap        ] GC(875) Humongous regions: 169->96
[2026-05-06T01:03:49.225+0100][25.511s][info][gc,metaspace   ] GC(875) Metaspace: 19112K(19392K)->19112K(19392K) NonClass: 16875K(17024K)->16875K(17024K) Class: 2236K(2368K)->2236K(2368K)
[2026-05-06T01:03:49.225+0100][25.511s][info][gc             ] GC(875) Pause Young (Concurrent Start) (G1 Humongous Allocation) 357M->203M(728M) 0.447ms
[2026-05-06T01:03:49.225+0100][25.511s][info][gc,cpu         ] GC(875) User=0.00s Sys=0.00s Real=0.00s
[2026-05-06T01:03:49.225+0100][25.511s][info][gc             ] GC(876) Concurrent Undo Cycle
[2026-05-06T01:03:49.225+0100][25.511s][info][gc,marking     ] GC(876) Concurrent Clear Claimed Marks
[2026-05-06T01:03:49.225+0100][25.511s][info][gc,marking     ] GC(876) Concurrent Clear Claimed Marks 0.006ms
[2026-05-06T01:03:49.225+0100][25.511s][info][gc,marking     ] GC(876) Concurrent Cleanup for Next Mark
[2026-05-06T01:03:49.225+0100][25.511s][info][gc,marking     ] GC(876) Concurrent Cleanup for Next Mark 0.031ms
[2026-05-06T01:03:49.225+0100][25.511s][info][gc             ] GC(876) Concurrent Undo Cycle 0.060ms
[2026-05-06T01:03:49.249+0100][25.535s][info][gc,start       ] GC(877) Pause Young (Concurrent Start) (G1 Humongous Allocation)
[2026-05-06T01:03:49.249+0100][25.535s][info][gc,task        ] GC(877) Using 9 workers of 9 for evacuation
[2026-05-06T01:03:49.249+0100][25.535s][info][gc,phases      ] GC(877)   Pre Evacuate Collection Set: 0.1ms
[2026-05-06T01:03:49.249+0100][25.535s][info][gc,phases      ] GC(877)   Merge Heap Roots: 0.0ms
[2026-05-06T01:03:49.249+0100][25.535s][info][gc,phases      ] GC(877)   Evacuate Collection Set: 0.1ms
[2026-05-06T01:03:49.249+0100][25.535s][info][gc,phases      ] GC(877)   Post Evacuate Collection Set: 0.1ms
[2026-05-06T01:03:49.249+0100][25.535s][info][gc,phases      ] GC(877)   Other: 0.0ms
[2026-05-06T01:03:49.249+0100][25.535s][info][gc,heap        ] GC(877) Eden regions: 5->0(217)
[2026-05-06T01:03:49.249+0100][25.535s][info][gc,heap        ] GC(877) Survivor regions: 1->1(28)
[2026-05-06T01:03:49.249+0100][25.535s][info][gc,heap        ] GC(877) Old regions: 13->13
[2026-05-06T01:03:49.249+0100][25.535s][info][gc,heap        ] GC(877) Humongous regions: 169->96
[2026-05-06T01:03:49.249+0100][25.535s][info][gc,metaspace   ] GC(877) Metaspace: 19112K(19392K)->19112K(19392K) NonClass: 16875K(17024K)->16875K(17024K) Class: 2236K(2368K)->2236K(2368K)
[2026-05-06T01:03:49.249+0100][25.535s][info][gc             ] GC(877) Pause Young (Concurrent Start) (G1 Humongous Allocation) 357M->203M(728M) 0.486ms
[2026-05-06T01:03:49.249+0100][25.535s][info][gc,cpu         ] GC(877) User=0.00s Sys=0.00s Real=0.00s
[2026-05-06T01:03:49.249+0100][25.535s][info][gc             ] GC(878) Concurrent Undo Cycle
[2026-05-06T01:03:49.249+0100][25.535s][info][gc,marking     ] GC(878) Concurrent Clear Claimed Marks
[2026-05-06T01:03:49.249+0100][25.535s][info][gc,marking     ] GC(878) Concurrent Clear Claimed Marks 0.006ms
[2026-05-06T01:03:49.249+0100][25.535s][info][gc,marking     ] GC(878) Concurrent Cleanup for Next Mark
[2026-05-06T01:03:49.249+0100][25.535s][info][gc,marking     ] GC(878) Concurrent Cleanup for Next Mark 0.027ms
[2026-05-06T01:03:49.249+0100][25.535s][info][gc             ] GC(878) Concurrent Undo Cycle 0.055ms
[2026-05-06T01:03:49.273+0100][25.559s][info][gc,start       ] GC(879) Pause Young (Concurrent Start) (G1 Humongous Allocation)
[2026-05-06T01:03:49.273+0100][25.559s][info][gc,task        ] GC(879) Using 9 workers of 9 for evacuation
[2026-05-06T01:03:49.273+0100][25.560s][info][gc,phases      ] GC(879)   Pre Evacuate Collection Set: 0.1ms
[2026-05-06T01:03:49.273+0100][25.560s][info][gc,phases      ] GC(879)   Merge Heap Roots: 0.0ms
[2026-05-06T01:03:49.273+0100][25.560s][info][gc,phases      ] GC(879)   Evacuate Collection Set: 0.1ms
[2026-05-06T01:03:49.273+0100][25.560s][info][gc,phases      ] GC(879)   Post Evacuate Collection Set: 0.1ms
[2026-05-06T01:03:49.273+0100][25.560s][info][gc,phases      ] GC(879)   Other: 0.0ms
[2026-05-06T01:03:49.273+0100][25.560s][info][gc,heap        ] GC(879) Eden regions: 5->0(217)
[2026-05-06T01:03:49.273+0100][25.560s][info][gc,heap        ] GC(879) Survivor regions: 1->1(28)
[2026-05-06T01:03:49.273+0100][25.560s][info][gc,heap        ] GC(879) Old regions: 13->13
[2026-05-06T01:03:49.273+0100][25.560s][info][gc,heap        ] GC(879) Humongous regions: 169->96
[2026-05-06T01:03:49.273+0100][25.560s][info][gc,metaspace   ] GC(879) Metaspace: 19112K(19392K)->19112K(19392K) NonClass: 16876K(17024K)->16876K(17024K) Class: 2236K(2368K)->2236K(2368K)
[2026-05-06T01:03:49.273+0100][25.560s][info][gc             ] GC(879) Pause Young (Concurrent Start) (G1 Humongous Allocation) 357M->203M(728M) 0.463ms
[2026-05-06T01:03:49.273+0100][25.560s][info][gc,cpu         ] GC(879) User=0.00s Sys=0.00s Real=0.00s
[2026-05-06T01:03:49.273+0100][25.560s][info][gc             ] GC(880) Concurrent Undo Cycle
[2026-05-06T01:03:49.273+0100][25.560s][info][gc,marking     ] GC(880) Concurrent Clear Claimed Marks
[2026-05-06T01:03:49.273+0100][25.560s][info][gc,marking     ] GC(880) Concurrent Clear Claimed Marks 0.007ms
[2026-05-06T01:03:49.273+0100][25.560s][info][gc,marking     ] GC(880) Concurrent Cleanup for Next Mark
[2026-05-06T01:03:49.274+0100][25.560s][info][gc,marking     ] GC(880) Concurrent Cleanup for Next Mark 0.037ms
[2026-05-06T01:03:49.274+0100][25.560s][info][gc             ] GC(880) Concurrent Undo Cycle 0.067ms
[2026-05-06T01:03:49.298+0100][25.584s][info][gc,start       ] GC(881) Pause Young (Concurrent Start) (G1 Humongous Allocation)
[2026-05-06T01:03:49.298+0100][25.584s][info][gc,task        ] GC(881) Using 9 workers of 9 for evacuation
[2026-05-06T01:03:49.298+0100][25.584s][info][gc,phases      ] GC(881)   Pre Evacuate Collection Set: 0.1ms
[2026-05-06T01:03:49.298+0100][25.584s][info][gc,phases      ] GC(881)   Merge Heap Roots: 0.0ms
[2026-05-06T01:03:49.298+0100][25.584s][info][gc,phases      ] GC(881)   Evacuate Collection Set: 0.1ms
[2026-05-06T01:03:49.298+0100][25.584s][info][gc,phases      ] GC(881)   Post Evacuate Collection Set: 0.1ms
[2026-05-06T01:03:49.298+0100][25.584s][info][gc,phases      ] GC(881)   Other: 0.0ms
[2026-05-06T01:03:49.298+0100][25.584s][info][gc,heap        ] GC(881) Eden regions: 5->0(217)
[2026-05-06T01:03:49.298+0100][25.584s][info][gc,heap        ] GC(881) Survivor regions: 1->1(28)
[2026-05-06T01:03:49.298+0100][25.584s][info][gc,heap        ] GC(881) Old regions: 13->13
[2026-05-06T01:03:49.298+0100][25.584s][info][gc,heap        ] GC(881) Humongous regions: 169->96
[2026-05-06T01:03:49.298+0100][25.584s][info][gc,metaspace   ] GC(881) Metaspace: 19112K(19392K)->19112K(19392K) NonClass: 16876K(17024K)->16876K(17024K) Class: 2236K(2368K)->2236K(2368K)
[2026-05-06T01:03:49.298+0100][25.584s][info][gc             ] GC(881) Pause Young (Concurrent Start) (G1 Humongous Allocation) 357M->203M(728M) 0.443ms
[2026-05-06T01:03:49.298+0100][25.584s][info][gc,cpu         ] GC(881) User=0.00s Sys=0.00s Real=0.00s
[2026-05-06T01:03:49.298+0100][25.584s][info][gc             ] GC(882) Concurrent Undo Cycle
[2026-05-06T01:03:49.298+0100][25.584s][info][gc,marking     ] GC(882) Concurrent Clear Claimed Marks
[2026-05-06T01:03:49.298+0100][25.584s][info][gc,marking     ] GC(882) Concurrent Clear Claimed Marks 0.006ms
[2026-05-06T01:03:49.298+0100][25.584s][info][gc,marking     ] GC(882) Concurrent Cleanup for Next Mark
[2026-05-06T01:03:49.298+0100][25.584s][info][gc,marking     ] GC(882) Concurrent Cleanup for Next Mark 0.032ms
[2026-05-06T01:03:49.298+0100][25.584s][info][gc             ] GC(882) Concurrent Undo Cycle 0.062ms
[2026-05-06T01:03:49.323+0100][25.609s][info][gc,start       ] GC(883) Pause Young (Concurrent Start) (G1 Humongous Allocation)
[2026-05-06T01:03:49.323+0100][25.609s][info][gc,task        ] GC(883) Using 9 workers of 9 for evacuation
[2026-05-06T01:03:49.324+0100][25.610s][info][gc,phases      ] GC(883)   Pre Evacuate Collection Set: 0.1ms
[2026-05-06T01:03:49.324+0100][25.610s][info][gc,phases      ] GC(883)   Merge Heap Roots: 0.0ms
[2026-05-06T01:03:49.324+0100][25.610s][info][gc,phases      ] GC(883)   Evacuate Collection Set: 0.1ms
[2026-05-06T01:03:49.324+0100][25.610s][info][gc,phases      ] GC(883)   Post Evacuate Collection Set: 0.1ms
[2026-05-06T01:03:49.324+0100][25.610s][info][gc,phases      ] GC(883)   Other: 0.0ms
[2026-05-06T01:03:49.324+0100][25.610s][info][gc,heap        ] GC(883) Eden regions: 5->0(217)
[2026-05-06T01:03:49.324+0100][25.610s][info][gc,heap        ] GC(883) Survivor regions: 1->1(28)
[2026-05-06T01:03:49.324+0100][25.610s][info][gc,heap        ] GC(883) Old regions: 13->13
[2026-05-06T01:03:49.324+0100][25.610s][info][gc,heap        ] GC(883) Humongous regions: 169->96
[2026-05-06T01:03:49.324+0100][25.610s][info][gc,metaspace   ] GC(883) Metaspace: 19112K(19392K)->19112K(19392K) NonClass: 16876K(17024K)->16876K(17024K) Class: 2236K(2368K)->2236K(2368K)
[2026-05-06T01:03:49.324+0100][25.610s][info][gc             ] GC(883) Pause Young (Concurrent Start) (G1 Humongous Allocation) 357M->203M(728M) 0.465ms
[2026-05-06T01:03:49.324+0100][25.610s][info][gc,cpu         ] GC(883) User=0.00s Sys=0.00s Real=0.00s
[2026-05-06T01:03:49.324+0100][25.610s][info][gc             ] GC(884) Concurrent Undo Cycle
[2026-05-06T01:03:49.324+0100][25.610s][info][gc,marking     ] GC(884) Concurrent Clear Claimed Marks
[2026-05-06T01:03:49.324+0100][25.610s][info][gc,marking     ] GC(884) Concurrent Clear Claimed Marks 0.006ms
[2026-05-06T01:03:49.324+0100][25.610s][info][gc,marking     ] GC(884) Concurrent Cleanup for Next Mark
[2026-05-06T01:03:49.324+0100][25.610s][info][gc,marking     ] GC(884) Concurrent Cleanup for Next Mark 0.036ms
[2026-05-06T01:03:49.324+0100][25.610s][info][gc             ] GC(884) Concurrent Undo Cycle 0.075ms
[2026-05-06T01:03:49.349+0100][25.635s][info][gc,start       ] GC(885) Pause Young (Concurrent Start) (G1 Humongous Allocation)
[2026-05-06T01:03:49.349+0100][25.635s][info][gc,task        ] GC(885) Using 9 workers of 9 for evacuation
[2026-05-06T01:03:49.349+0100][25.635s][info][gc,phases      ] GC(885)   Pre Evacuate Collection Set: 0.1ms
[2026-05-06T01:03:49.349+0100][25.635s][info][gc,phases      ] GC(885)   Merge Heap Roots: 0.0ms
[2026-05-06T01:03:49.349+0100][25.635s][info][gc,phases      ] GC(885)   Evacuate Collection Set: 0.2ms
[2026-05-06T01:03:49.349+0100][25.635s][info][gc,phases      ] GC(885)   Post Evacuate Collection Set: 0.1ms
[2026-05-06T01:03:49.349+0100][25.635s][info][gc,phases      ] GC(885)   Other: 0.0ms
[2026-05-06T01:03:49.349+0100][25.635s][info][gc,heap        ] GC(885) Eden regions: 4->0(217)
[2026-05-06T01:03:49.349+0100][25.635s][info][gc,heap        ] GC(885) Survivor regions: 1->1(28)
[2026-05-06T01:03:49.349+0100][25.635s][info][gc,heap        ] GC(885) Old regions: 13->13
[2026-05-06T01:03:49.349+0100][25.635s][info][gc,heap        ] GC(885) Humongous regions: 169->96
[2026-05-06T01:03:49.349+0100][25.635s][info][gc,metaspace   ] GC(885) Metaspace: 19114K(19392K)->19114K(19392K) NonClass: 16877K(17024K)->16877K(17024K) Class: 2236K(2368K)->2236K(2368K)
[2026-05-06T01:03:49.349+0100][25.635s][info][gc             ] GC(885) Pause Young (Concurrent Start) (G1 Humongous Allocation) 357M->203M(728M) 0.514ms
[2026-05-06T01:03:49.349+0100][25.635s][info][gc,cpu         ] GC(885) User=0.00s Sys=0.00s Real=0.00s
[2026-05-06T01:03:49.349+0100][25.635s][info][gc             ] GC(886) Concurrent Undo Cycle
[2026-05-06T01:03:49.349+0100][25.635s][info][gc,marking     ] GC(886) Concurrent Clear Claimed Marks
[2026-05-06T01:03:49.349+0100][25.635s][info][gc,marking     ] GC(886) Concurrent Clear Claimed Marks 0.007ms
[2026-05-06T01:03:49.349+0100][25.635s][info][gc,marking     ] GC(886) Concurrent Cleanup for Next Mark
[2026-05-06T01:03:49.349+0100][25.635s][info][gc,marking     ] GC(886) Concurrent Cleanup for Next Mark 0.038ms
[2026-05-06T01:03:49.349+0100][25.635s][info][gc             ] GC(886) Concurrent Undo Cycle 0.071ms
[2026-05-06T01:03:49.374+0100][25.660s][info][gc,start       ] GC(887) Pause Young (Concurrent Start) (G1 Humongous Allocation)
[2026-05-06T01:03:49.374+0100][25.660s][info][gc,task        ] GC(887) Using 9 workers of 9 for evacuation
[2026-05-06T01:03:49.374+0100][25.660s][info][gc,phases      ] GC(887)   Pre Evacuate Collection Set: 0.1ms
[2026-05-06T01:03:49.374+0100][25.660s][info][gc,phases      ] GC(887)   Merge Heap Roots: 0.0ms
[2026-05-06T01:03:49.374+0100][25.660s][info][gc,phases      ] GC(887)   Evacuate Collection Set: 0.1ms
[2026-05-06T01:03:49.374+0100][25.660s][info][gc,phases      ] GC(887)   Post Evacuate Collection Set: 0.1ms
[2026-05-06T01:03:49.374+0100][25.660s][info][gc,phases      ] GC(887)   Other: 0.0ms
[2026-05-06T01:03:49.374+0100][25.660s][info][gc,heap        ] GC(887) Eden regions: 5->0(217)
[2026-05-06T01:03:49.374+0100][25.660s][info][gc,heap        ] GC(887) Survivor regions: 1->1(28)
[2026-05-06T01:03:49.374+0100][25.660s][info][gc,heap        ] GC(887) Old regions: 13->13
[2026-05-06T01:03:49.374+0100][25.660s][info][gc,heap        ] GC(887) Humongous regions: 169->96
[2026-05-06T01:03:49.374+0100][25.660s][info][gc,metaspace   ] GC(887) Metaspace: 19114K(19392K)->19114K(19392K) NonClass: 16877K(17024K)->16877K(17024K) Class: 2236K(2368K)->2236K(2368K)
[2026-05-06T01:03:49.374+0100][25.660s][info][gc             ] GC(887) Pause Young (Concurrent Start) (G1 Humongous Allocation) 357M->203M(728M) 0.486ms
[2026-05-06T01:03:49.374+0100][25.660s][info][gc,cpu         ] GC(887) User=0.00s Sys=0.01s Real=0.00s
[2026-05-06T01:03:49.374+0100][25.660s][info][gc             ] GC(888) Concurrent Undo Cycle
[2026-05-06T01:03:49.374+0100][25.660s][info][gc,marking     ] GC(888) Concurrent Clear Claimed Marks
[2026-05-06T01:03:49.374+0100][25.660s][info][gc,marking     ] GC(888) Concurrent Clear Claimed Marks 0.006ms
[2026-05-06T01:03:49.374+0100][25.660s][info][gc,marking     ] GC(888) Concurrent Cleanup for Next Mark
[2026-05-06T01:03:49.374+0100][25.660s][info][gc,marking     ] GC(888) Concurrent Cleanup for Next Mark 0.028ms
[2026-05-06T01:03:49.374+0100][25.660s][info][gc             ] GC(888) Concurrent Undo Cycle 0.057ms
[2026-05-06T01:03:49.389+0100][25.676s][info][gc,start       ] GC(889) Pause Full (System.gc())
[2026-05-06T01:03:49.389+0100][25.676s][info][gc,task        ] GC(889) Using 9 workers of 9 for full compaction
[2026-05-06T01:03:49.390+0100][25.676s][info][gc,phases,start] GC(889) Phase 1: Mark live objects
[2026-05-06T01:03:49.392+0100][25.678s][info][gc,phases      ] GC(889) Phase 1: Mark live objects 2.217ms
[2026-05-06T01:03:49.392+0100][25.678s][info][gc,phases,start] GC(889) Phase 2: Prepare compaction
[2026-05-06T01:03:49.392+0100][25.678s][info][gc,phases      ] GC(889) Phase 2: Prepare compaction 0.245ms
[2026-05-06T01:03:49.392+0100][25.678s][info][gc,phases,start] GC(889) Phase 3: Adjust pointers
[2026-05-06T01:03:49.394+0100][25.680s][info][gc,phases      ] GC(889) Phase 3: Adjust pointers 1.665ms
[2026-05-06T01:03:49.394+0100][25.680s][info][gc,phases,start] GC(889) Phase 4: Compact heap
[2026-05-06T01:03:49.394+0100][25.680s][info][gc,phases      ] GC(889) Phase 4: Compact heap 0.205ms
[2026-05-06T01:03:49.394+0100][25.680s][info][gc,phases,start] GC(889) Phase 5: Reset Metadata
[2026-05-06T01:03:49.394+0100][25.680s][info][gc,phases      ] GC(889) Phase 5: Reset Metadata 0.323ms
[2026-05-06T01:03:49.395+0100][25.681s][info][gc,heap        ] GC(889) Eden regions: 5->0(218)
[2026-05-06T01:03:49.395+0100][25.681s][info][gc,heap        ] GC(889) Survivor regions: 1->0(28)
[2026-05-06T01:03:49.395+0100][25.681s][info][gc,heap        ] GC(889) Old regions: 13->13
[2026-05-06T01:03:49.395+0100][25.681s][info][gc,heap        ] GC(889) Humongous regions: 169->96
[2026-05-06T01:03:49.395+0100][25.681s][info][gc,metaspace   ] GC(889) Metaspace: 19114K(19392K)->19114K(19392K) NonClass: 16877K(17024K)->16877K(17024K) Class: 2236K(2368K)->2236K(2368K)
[2026-05-06T01:03:49.395+0100][25.681s][info][gc             ] GC(889) Pause Full (System.gc()) 357M->203M(728M) 5.250ms
[2026-05-06T01:03:49.395+0100][25.681s][info][gc,cpu         ] GC(889) User=0.02s Sys=0.00s Real=0.01s
[2026-05-06T01:03:49.404+0100][25.690s][info][gc,start       ] GC(890) Pause Young (Concurrent Start) (G1 Humongous Allocation)
[2026-05-06T01:03:49.404+0100][25.690s][info][gc,task        ] GC(890) Using 9 workers of 9 for evacuation
[2026-05-06T01:03:49.404+0100][25.690s][info][gc,phases      ] GC(890)   Pre Evacuate Collection Set: 0.1ms
[2026-05-06T01:03:49.404+0100][25.690s][info][gc,phases      ] GC(890)   Merge Heap Roots: 0.0ms
[2026-05-06T01:03:49.404+0100][25.690s][info][gc,phases      ] GC(890)   Evacuate Collection Set: 0.1ms
[2026-05-06T01:03:49.404+0100][25.690s][info][gc,phases      ] GC(890)   Post Evacuate Collection Set: 0.1ms
[2026-05-06T01:03:49.404+0100][25.690s][info][gc,phases      ] GC(890)   Other: 0.0ms
[2026-05-06T01:03:49.404+0100][25.690s][info][gc,heap        ] GC(890) Eden regions: 5->0(217)
[2026-05-06T01:03:49.404+0100][25.690s][info][gc,heap        ] GC(890) Survivor regions: 0->1(28)
[2026-05-06T01:03:49.404+0100][25.690s][info][gc,heap        ] GC(890) Old regions: 13->13
[2026-05-06T01:03:49.404+0100][25.690s][info][gc,heap        ] GC(890) Humongous regions: 96->96
[2026-05-06T01:03:49.404+0100][25.690s][info][gc,metaspace   ] GC(890) Metaspace: 19114K(19392K)->19114K(19392K) NonClass: 16877K(17024K)->16877K(17024K) Class: 2236K(2368K)->2236K(2368K)
[2026-05-06T01:03:49.404+0100][25.690s][info][gc             ] GC(890) Pause Young (Concurrent Start) (G1 Humongous Allocation) 211M->203M(728M) 0.482ms
[2026-05-06T01:03:49.404+0100][25.690s][info][gc,cpu         ] GC(890) User=0.00s Sys=0.00s Real=0.00s
[2026-05-06T01:03:49.404+0100][25.690s][info][gc             ] GC(891) Concurrent Undo Cycle
[2026-05-06T01:03:49.404+0100][25.690s][info][gc,marking     ] GC(891) Concurrent Clear Claimed Marks
[2026-05-06T01:03:49.404+0100][25.690s][info][gc,marking     ] GC(891) Concurrent Clear Claimed Marks 0.006ms
[2026-05-06T01:03:49.404+0100][25.690s][info][gc,marking     ] GC(891) Concurrent Cleanup for Next Mark
[2026-05-06T01:03:49.404+0100][25.690s][info][gc,marking     ] GC(891) Concurrent Cleanup for Next Mark 0.034ms
[2026-05-06T01:03:49.404+0100][25.690s][info][gc             ] GC(891) Concurrent Undo Cycle 0.064ms
[2026-05-06T01:03:49.428+0100][25.715s][info][gc,start       ] GC(892) Pause Young (Concurrent Start) (G1 Humongous Allocation)
[2026-05-06T01:03:49.428+0100][25.715s][info][gc,task        ] GC(892) Using 9 workers of 9 for evacuation
[2026-05-06T01:03:49.429+0100][25.715s][info][gc,phases      ] GC(892)   Pre Evacuate Collection Set: 0.1ms
[2026-05-06T01:03:49.429+0100][25.715s][info][gc,phases      ] GC(892)   Merge Heap Roots: 0.0ms
[2026-05-06T01:03:49.429+0100][25.715s][info][gc,phases      ] GC(892)   Evacuate Collection Set: 0.1ms
[2026-05-06T01:03:49.429+0100][25.715s][info][gc,phases      ] GC(892)   Post Evacuate Collection Set: 0.1ms
[2026-05-06T01:03:49.429+0100][25.715s][info][gc,phases      ] GC(892)   Other: 0.0ms
[2026-05-06T01:03:49.429+0100][25.715s][info][gc,heap        ] GC(892) Eden regions: 5->0(217)
[2026-05-06T01:03:49.429+0100][25.715s][info][gc,heap        ] GC(892) Survivor regions: 1->1(28)
[2026-05-06T01:03:49.429+0100][25.715s][info][gc,heap        ] GC(892) Old regions: 13->13
[2026-05-06T01:03:49.429+0100][25.715s][info][gc,heap        ] GC(892) Humongous regions: 169->96
[2026-05-06T01:03:49.429+0100][25.715s][info][gc,metaspace   ] GC(892) Metaspace: 19114K(19392K)->19114K(19392K) NonClass: 16877K(17024K)->16877K(17024K) Class: 2236K(2368K)->2236K(2368K)
[2026-05-06T01:03:49.429+0100][25.715s][info][gc             ] GC(892) Pause Young (Concurrent Start) (G1 Humongous Allocation) 357M->203M(728M) 0.448ms
[2026-05-06T01:03:49.429+0100][25.715s][info][gc,cpu         ] GC(892) User=0.00s Sys=0.00s Real=0.00s
[2026-05-06T01:03:49.429+0100][25.715s][info][gc             ] GC(893) Concurrent Undo Cycle
[2026-05-06T01:03:49.429+0100][25.715s][info][gc,marking     ] GC(893) Concurrent Clear Claimed Marks
[2026-05-06T01:03:49.429+0100][25.715s][info][gc,marking     ] GC(893) Concurrent Clear Claimed Marks 0.006ms
[2026-05-06T01:03:49.429+0100][25.715s][info][gc,marking     ] GC(893) Concurrent Cleanup for Next Mark
[2026-05-06T01:03:49.429+0100][25.715s][info][gc,marking     ] GC(893) Concurrent Cleanup for Next Mark 0.033ms
[2026-05-06T01:03:49.429+0100][25.715s][info][gc             ] GC(893) Concurrent Undo Cycle 0.060ms
[2026-05-06T01:03:49.453+0100][25.739s][info][gc,start       ] GC(894) Pause Young (Concurrent Start) (G1 Humongous Allocation)
[2026-05-06T01:03:49.453+0100][25.739s][info][gc,task        ] GC(894) Using 9 workers of 9 for evacuation
[2026-05-06T01:03:49.454+0100][25.740s][info][gc,phases      ] GC(894)   Pre Evacuate Collection Set: 0.1ms
[2026-05-06T01:03:49.454+0100][25.740s][info][gc,phases      ] GC(894)   Merge Heap Roots: 0.0ms
[2026-05-06T01:03:49.454+0100][25.740s][info][gc,phases      ] GC(894)   Evacuate Collection Set: 0.1ms
[2026-05-06T01:03:49.454+0100][25.740s][info][gc,phases      ] GC(894)   Post Evacuate Collection Set: 0.1ms
[2026-05-06T01:03:49.454+0100][25.740s][info][gc,phases      ] GC(894)   Other: 0.0ms
[2026-05-06T01:03:49.454+0100][25.740s][info][gc,heap        ] GC(894) Eden regions: 4->0(217)
[2026-05-06T01:03:49.454+0100][25.740s][info][gc,heap        ] GC(894) Survivor regions: 1->1(28)
[2026-05-06T01:03:49.454+0100][25.740s][info][gc,heap        ] GC(894) Old regions: 13->13
[2026-05-06T01:03:49.454+0100][25.740s][info][gc,heap        ] GC(894) Humongous regions: 169->96
[2026-05-06T01:03:49.454+0100][25.740s][info][gc,metaspace   ] GC(894) Metaspace: 19114K(19392K)->19114K(19392K) NonClass: 16877K(17024K)->16877K(17024K) Class: 2236K(2368K)->2236K(2368K)
[2026-05-06T01:03:49.454+0100][25.740s][info][gc             ] GC(894) Pause Young (Concurrent Start) (G1 Humongous Allocation) 357M->203M(728M) 0.427ms
[2026-05-06T01:03:49.454+0100][25.740s][info][gc,cpu         ] GC(894) User=0.00s Sys=0.00s Real=0.00s
[2026-05-06T01:03:49.454+0100][25.740s][info][gc             ] GC(895) Concurrent Undo Cycle
[2026-05-06T01:03:49.454+0100][25.740s][info][gc,marking     ] GC(895) Concurrent Clear Claimed Marks
[2026-05-06T01:03:49.454+0100][25.740s][info][gc,marking     ] GC(895) Concurrent Clear Claimed Marks 0.006ms
[2026-05-06T01:03:49.454+0100][25.740s][info][gc,marking     ] GC(895) Concurrent Cleanup for Next Mark
[2026-05-06T01:03:49.454+0100][25.740s][info][gc,marking     ] GC(895) Concurrent Cleanup for Next Mark 0.034ms
[2026-05-06T01:03:49.454+0100][25.740s][info][gc             ] GC(895) Concurrent Undo Cycle 0.061ms
[2026-05-06T01:03:49.478+0100][25.764s][info][gc,start       ] GC(896) Pause Young (Concurrent Start) (G1 Humongous Allocation)
[2026-05-06T01:03:49.478+0100][25.764s][info][gc,task        ] GC(896) Using 9 workers of 9 for evacuation
[2026-05-06T01:03:49.478+0100][25.765s][info][gc,phases      ] GC(896)   Pre Evacuate Collection Set: 0.1ms
[2026-05-06T01:03:49.478+0100][25.765s][info][gc,phases      ] GC(896)   Merge Heap Roots: 0.0ms
[2026-05-06T01:03:49.478+0100][25.765s][info][gc,phases      ] GC(896)   Evacuate Collection Set: 0.1ms
[2026-05-06T01:03:49.478+0100][25.765s][info][gc,phases      ] GC(896)   Post Evacuate Collection Set: 0.1ms
[2026-05-06T01:03:49.478+0100][25.765s][info][gc,phases      ] GC(896)   Other: 0.0ms
[2026-05-06T01:03:49.478+0100][25.765s][info][gc,heap        ] GC(896) Eden regions: 5->0(217)
[2026-05-06T01:03:49.478+0100][25.765s][info][gc,heap        ] GC(896) Survivor regions: 1->1(28)
[2026-05-06T01:03:49.478+0100][25.765s][info][gc,heap        ] GC(896) Old regions: 13->13
[2026-05-06T01:03:49.478+0100][25.765s][info][gc,heap        ] GC(896) Humongous regions: 169->96
[2026-05-06T01:03:49.478+0100][25.765s][info][gc,metaspace   ] GC(896) Metaspace: 19114K(19392K)->19114K(19392K) NonClass: 16877K(17024K)->16877K(17024K) Class: 2236K(2368K)->2236K(2368K)
[2026-05-06T01:03:49.478+0100][25.765s][info][gc             ] GC(896) Pause Young (Concurrent Start) (G1 Humongous Allocation) 357M->203M(728M) 0.440ms
[2026-05-06T01:03:49.478+0100][25.765s][info][gc,cpu         ] GC(896) User=0.00s Sys=0.00s Real=0.00s
[2026-05-06T01:03:49.478+0100][25.765s][info][gc             ] GC(897) Concurrent Undo Cycle
[2026-05-06T01:03:49.478+0100][25.765s][info][gc,marking     ] GC(897) Concurrent Clear Claimed Marks
[2026-05-06T01:03:49.478+0100][25.765s][info][gc,marking     ] GC(897) Concurrent Clear Claimed Marks 0.005ms
[2026-05-06T01:03:49.478+0100][25.765s][info][gc,marking     ] GC(897) Concurrent Cleanup for Next Mark
[2026-05-06T01:03:49.479+0100][25.765s][info][gc,marking     ] GC(897) Concurrent Cleanup for Next Mark 0.031ms
[2026-05-06T01:03:49.479+0100][25.765s][info][gc             ] GC(897) Concurrent Undo Cycle 0.057ms
[2026-05-06T01:03:49.502+0100][25.789s][info][gc,start       ] GC(898) Pause Young (Concurrent Start) (G1 Humongous Allocation)
[2026-05-06T01:03:49.502+0100][25.789s][info][gc,task        ] GC(898) Using 9 workers of 9 for evacuation
[2026-05-06T01:03:49.503+0100][25.789s][info][gc,phases      ] GC(898)   Pre Evacuate Collection Set: 0.1ms
[2026-05-06T01:03:49.503+0100][25.789s][info][gc,phases      ] GC(898)   Merge Heap Roots: 0.0ms
[2026-05-06T01:03:49.503+0100][25.789s][info][gc,phases      ] GC(898)   Evacuate Collection Set: 0.1ms
[2026-05-06T01:03:49.503+0100][25.789s][info][gc,phases      ] GC(898)   Post Evacuate Collection Set: 0.1ms
[2026-05-06T01:03:49.503+0100][25.789s][info][gc,phases      ] GC(898)   Other: 0.0ms
[2026-05-06T01:03:49.503+0100][25.789s][info][gc,heap        ] GC(898) Eden regions: 4->0(217)
[2026-05-06T01:03:49.503+0100][25.789s][info][gc,heap        ] GC(898) Survivor regions: 1->1(28)
[2026-05-06T01:03:49.503+0100][25.789s][info][gc,heap        ] GC(898) Old regions: 13->13
[2026-05-06T01:03:49.503+0100][25.789s][info][gc,heap        ] GC(898) Humongous regions: 169->96
[2026-05-06T01:03:49.503+0100][25.789s][info][gc,metaspace   ] GC(898) Metaspace: 19114K(19392K)->19114K(19392K) NonClass: 16877K(17024K)->16877K(17024K) Class: 2236K(2368K)->2236K(2368K)
[2026-05-06T01:03:49.503+0100][25.789s][info][gc             ] GC(898) Pause Young (Concurrent Start) (G1 Humongous Allocation) 357M->203M(728M) 0.439ms
[2026-05-06T01:03:49.503+0100][25.789s][info][gc,cpu         ] GC(898) User=0.01s Sys=0.00s Real=0.00s
[2026-05-06T01:03:49.503+0100][25.789s][info][gc             ] GC(899) Concurrent Undo Cycle
[2026-05-06T01:03:49.503+0100][25.789s][info][gc,marking     ] GC(899) Concurrent Clear Claimed Marks
[2026-05-06T01:03:49.503+0100][25.789s][info][gc,marking     ] GC(899) Concurrent Clear Claimed Marks 0.006ms
[2026-05-06T01:03:49.503+0100][25.789s][info][gc,marking     ] GC(899) Concurrent Cleanup for Next Mark
[2026-05-06T01:03:49.503+0100][25.789s][info][gc,marking     ] GC(899) Concurrent Cleanup for Next Mark 0.029ms
[2026-05-06T01:03:49.503+0100][25.789s][info][gc             ] GC(899) Concurrent Undo Cycle 0.061ms
[2026-05-06T01:03:49.527+0100][25.813s][info][gc,start       ] GC(900) Pause Young (Concurrent Start) (G1 Humongous Allocation)
[2026-05-06T01:03:49.527+0100][25.813s][info][gc,task        ] GC(900) Using 9 workers of 9 for evacuation
[2026-05-06T01:03:49.527+0100][25.814s][info][gc,phases      ] GC(900)   Pre Evacuate Collection Set: 0.1ms
[2026-05-06T01:03:49.527+0100][25.814s][info][gc,phases      ] GC(900)   Merge Heap Roots: 0.0ms
[2026-05-06T01:03:49.527+0100][25.814s][info][gc,phases      ] GC(900)   Evacuate Collection Set: 0.1ms
[2026-05-06T01:03:49.527+0100][25.814s][info][gc,phases      ] GC(900)   Post Evacuate Collection Set: 0.1ms
[2026-05-06T01:03:49.527+0100][25.814s][info][gc,phases      ] GC(900)   Other: 0.0ms
[2026-05-06T01:03:49.527+0100][25.814s][info][gc,heap        ] GC(900) Eden regions: 5->0(217)
[2026-05-06T01:03:49.527+0100][25.814s][info][gc,heap        ] GC(900) Survivor regions: 1->1(28)
[2026-05-06T01:03:49.527+0100][25.814s][info][gc,heap        ] GC(900) Old regions: 13->13
[2026-05-06T01:03:49.527+0100][25.814s][info][gc,heap        ] GC(900) Humongous regions: 169->96
[2026-05-06T01:03:49.527+0100][25.814s][info][gc,metaspace   ] GC(900) Metaspace: 19114K(19392K)->19114K(19392K) NonClass: 16877K(17024K)->16877K(17024K) Class: 2236K(2368K)->2236K(2368K)
[2026-05-06T01:03:49.528+0100][25.814s][info][gc             ] GC(900) Pause Young (Concurrent Start) (G1 Humongous Allocation) 357M->203M(728M) 0.426ms
[2026-05-06T01:03:49.528+0100][25.814s][info][gc,cpu         ] GC(900) User=0.00s Sys=0.00s Real=0.00s
[2026-05-06T01:03:49.528+0100][25.814s][info][gc             ] GC(901) Concurrent Undo Cycle
[2026-05-06T01:03:49.528+0100][25.814s][info][gc,marking     ] GC(901) Concurrent Clear Claimed Marks
[2026-05-06T01:03:49.528+0100][25.814s][info][gc,marking     ] GC(901) Concurrent Clear Claimed Marks 0.006ms
[2026-05-06T01:03:49.528+0100][25.814s][info][gc,marking     ] GC(901) Concurrent Cleanup for Next Mark
[2026-05-06T01:03:49.528+0100][25.814s][info][gc,marking     ] GC(901) Concurrent Cleanup for Next Mark 0.028ms
[2026-05-06T01:03:49.528+0100][25.814s][info][gc             ] GC(901) Concurrent Undo Cycle 0.055ms
[2026-05-06T01:03:49.555+0100][25.841s][info][gc,start       ] GC(902) Pause Young (Concurrent Start) (G1 Humongous Allocation)
[2026-05-06T01:03:49.555+0100][25.841s][info][gc,task        ] GC(902) Using 9 workers of 9 for evacuation
[2026-05-06T01:03:49.556+0100][25.842s][info][gc,phases      ] GC(902)   Pre Evacuate Collection Set: 0.1ms
[2026-05-06T01:03:49.556+0100][25.842s][info][gc,phases      ] GC(902)   Merge Heap Roots: 0.0ms
[2026-05-06T01:03:49.556+0100][25.842s][info][gc,phases      ] GC(902)   Evacuate Collection Set: 0.2ms
[2026-05-06T01:03:49.556+0100][25.842s][info][gc,phases      ] GC(902)   Post Evacuate Collection Set: 0.1ms
[2026-05-06T01:03:49.556+0100][25.842s][info][gc,phases      ] GC(902)   Other: 0.0ms
[2026-05-06T01:03:49.556+0100][25.842s][info][gc,heap        ] GC(902) Eden regions: 5->0(217)
[2026-05-06T01:03:49.556+0100][25.842s][info][gc,heap        ] GC(902) Survivor regions: 1->1(28)
[2026-05-06T01:03:49.556+0100][25.842s][info][gc,heap        ] GC(902) Old regions: 13->13
[2026-05-06T01:03:49.556+0100][25.842s][info][gc,heap        ] GC(902) Humongous regions: 169->96
[2026-05-06T01:03:49.556+0100][25.842s][info][gc,metaspace   ] GC(902) Metaspace: 19114K(19392K)->19114K(19392K) NonClass: 16877K(17024K)->16877K(17024K) Class: 2236K(2368K)->2236K(2368K)
[2026-05-06T01:03:49.556+0100][25.842s][info][gc             ] GC(902) Pause Young (Concurrent Start) (G1 Humongous Allocation) 357M->203M(728M) 0.584ms
[2026-05-06T01:03:49.556+0100][25.842s][info][gc,cpu         ] GC(902) User=0.00s Sys=0.00s Real=0.00s
[2026-05-06T01:03:49.556+0100][25.842s][info][gc             ] GC(903) Concurrent Undo Cycle
[2026-05-06T01:03:49.556+0100][25.842s][info][gc,marking     ] GC(903) Concurrent Clear Claimed Marks
[2026-05-06T01:03:49.556+0100][25.842s][info][gc,marking     ] GC(903) Concurrent Clear Claimed Marks 0.006ms
[2026-05-06T01:03:49.556+0100][25.842s][info][gc,marking     ] GC(903) Concurrent Cleanup for Next Mark
[2026-05-06T01:03:49.556+0100][25.842s][info][gc,marking     ] GC(903) Concurrent Cleanup for Next Mark 0.090ms
[2026-05-06T01:03:49.556+0100][25.842s][info][gc             ] GC(903) Concurrent Undo Cycle 0.121ms
[2026-05-06T01:03:49.586+0100][25.872s][info][gc,start       ] GC(904) Pause Young (Concurrent Start) (G1 Humongous Allocation)
[2026-05-06T01:03:49.586+0100][25.872s][info][gc,task        ] GC(904) Using 9 workers of 9 for evacuation
[2026-05-06T01:03:49.587+0100][25.873s][info][gc,phases      ] GC(904)   Pre Evacuate Collection Set: 0.1ms
[2026-05-06T01:03:49.587+0100][25.873s][info][gc,phases      ] GC(904)   Merge Heap Roots: 0.0ms
[2026-05-06T01:03:49.587+0100][25.873s][info][gc,phases      ] GC(904)   Evacuate Collection Set: 0.1ms
[2026-05-06T01:03:49.587+0100][25.873s][info][gc,phases      ] GC(904)   Post Evacuate Collection Set: 0.1ms
[2026-05-06T01:03:49.587+0100][25.873s][info][gc,phases      ] GC(904)   Other: 0.0ms
[2026-05-06T01:03:49.587+0100][25.873s][info][gc,heap        ] GC(904) Eden regions: 5->0(217)
[2026-05-06T01:03:49.587+0100][25.873s][info][gc,heap        ] GC(904) Survivor regions: 1->1(28)
[2026-05-06T01:03:49.587+0100][25.873s][info][gc,heap        ] GC(904) Old regions: 13->13
[2026-05-06T01:03:49.587+0100][25.873s][info][gc,heap        ] GC(904) Humongous regions: 169->96
[2026-05-06T01:03:49.587+0100][25.873s][info][gc,metaspace   ] GC(904) Metaspace: 19114K(19392K)->19114K(19392K) NonClass: 16877K(17024K)->16877K(17024K) Class: 2236K(2368K)->2236K(2368K)
[2026-05-06T01:03:49.587+0100][25.873s][info][gc             ] GC(904) Pause Young (Concurrent Start) (G1 Humongous Allocation) 357M->203M(728M) 0.509ms
[2026-05-06T01:03:49.587+0100][25.873s][info][gc,cpu         ] GC(904) User=0.00s Sys=0.00s Real=0.00s
[2026-05-06T01:03:49.587+0100][25.873s][info][gc             ] GC(905) Concurrent Undo Cycle
[2026-05-06T01:03:49.587+0100][25.873s][info][gc,marking     ] GC(905) Concurrent Clear Claimed Marks
[2026-05-06T01:03:49.587+0100][25.873s][info][gc,marking     ] GC(905) Concurrent Clear Claimed Marks 0.007ms
[2026-05-06T01:03:49.587+0100][25.873s][info][gc,marking     ] GC(905) Concurrent Cleanup for Next Mark
[2026-05-06T01:03:49.587+0100][25.873s][info][gc,marking     ] GC(905) Concurrent Cleanup for Next Mark 0.037ms
[2026-05-06T01:03:49.587+0100][25.873s][info][gc             ] GC(905) Concurrent Undo Cycle 0.067ms
[2026-05-06T01:03:49.611+0100][25.897s][info][gc,start       ] GC(906) Pause Young (Concurrent Start) (G1 Humongous Allocation)
[2026-05-06T01:03:49.611+0100][25.897s][info][gc,task        ] GC(906) Using 9 workers of 9 for evacuation
[2026-05-06T01:03:49.611+0100][25.897s][info][gc,phases      ] GC(906)   Pre Evacuate Collection Set: 0.1ms
[2026-05-06T01:03:49.611+0100][25.897s][info][gc,phases      ] GC(906)   Merge Heap Roots: 0.0ms
[2026-05-06T01:03:49.611+0100][25.897s][info][gc,phases      ] GC(906)   Evacuate Collection Set: 0.1ms
[2026-05-06T01:03:49.611+0100][25.897s][info][gc,phases      ] GC(906)   Post Evacuate Collection Set: 0.1ms
[2026-05-06T01:03:49.611+0100][25.897s][info][gc,phases      ] GC(906)   Other: 0.0ms
[2026-05-06T01:03:49.611+0100][25.897s][info][gc,heap        ] GC(906) Eden regions: 4->0(217)
[2026-05-06T01:03:49.611+0100][25.897s][info][gc,heap        ] GC(906) Survivor regions: 1->1(28)
[2026-05-06T01:03:49.611+0100][25.897s][info][gc,heap        ] GC(906) Old regions: 13->13
[2026-05-06T01:03:49.611+0100][25.897s][info][gc,heap        ] GC(906) Humongous regions: 169->96
[2026-05-06T01:03:49.611+0100][25.897s][info][gc,metaspace   ] GC(906) Metaspace: 19114K(19392K)->19114K(19392K) NonClass: 16877K(17024K)->16877K(17024K) Class: 2236K(2368K)->2236K(2368K)
[2026-05-06T01:03:49.611+0100][25.897s][info][gc             ] GC(906) Pause Young (Concurrent Start) (G1 Humongous Allocation) 357M->203M(728M) 0.414ms
[2026-05-06T01:03:49.611+0100][25.897s][info][gc,cpu         ] GC(906) User=0.00s Sys=0.01s Real=0.00s
[2026-05-06T01:03:49.611+0100][25.897s][info][gc             ] GC(907) Concurrent Undo Cycle
[2026-05-06T01:03:49.611+0100][25.897s][info][gc,marking     ] GC(907) Concurrent Clear Claimed Marks
[2026-05-06T01:03:49.611+0100][25.897s][info][gc,marking     ] GC(907) Concurrent Clear Claimed Marks 0.006ms
[2026-05-06T01:03:49.611+0100][25.897s][info][gc,marking     ] GC(907) Concurrent Cleanup for Next Mark
[2026-05-06T01:03:49.611+0100][25.897s][info][gc,marking     ] GC(907) Concurrent Cleanup for Next Mark 0.035ms
[2026-05-06T01:03:49.611+0100][25.897s][info][gc             ] GC(907) Concurrent Undo Cycle 0.063ms
[2026-05-06T01:03:49.635+0100][25.921s][info][gc,start       ] GC(908) Pause Young (Concurrent Start) (G1 Humongous Allocation)
[2026-05-06T01:03:49.635+0100][25.921s][info][gc,task        ] GC(908) Using 9 workers of 9 for evacuation
[2026-05-06T01:03:49.635+0100][25.921s][info][gc,phases      ] GC(908)   Pre Evacuate Collection Set: 0.1ms
[2026-05-06T01:03:49.635+0100][25.922s][info][gc,phases      ] GC(908)   Merge Heap Roots: 0.0ms
[2026-05-06T01:03:49.635+0100][25.922s][info][gc,phases      ] GC(908)   Evacuate Collection Set: 0.1ms
[2026-05-06T01:03:49.635+0100][25.922s][info][gc,phases      ] GC(908)   Post Evacuate Collection Set: 0.1ms
[2026-05-06T01:03:49.635+0100][25.922s][info][gc,phases      ] GC(908)   Other: 0.0ms
[2026-05-06T01:03:49.635+0100][25.922s][info][gc,heap        ] GC(908) Eden regions: 5->0(217)
[2026-05-06T01:03:49.635+0100][25.922s][info][gc,heap        ] GC(908) Survivor regions: 1->1(28)
[2026-05-06T01:03:49.635+0100][25.922s][info][gc,heap        ] GC(908) Old regions: 13->13
[2026-05-06T01:03:49.635+0100][25.922s][info][gc,heap        ] GC(908) Humongous regions: 169->96
[2026-05-06T01:03:49.635+0100][25.922s][info][gc,metaspace   ] GC(908) Metaspace: 19114K(19392K)->19114K(19392K) NonClass: 16877K(17024K)->16877K(17024K) Class: 2236K(2368K)->2236K(2368K)
[2026-05-06T01:03:49.635+0100][25.922s][info][gc             ] GC(908) Pause Young (Concurrent Start) (G1 Humongous Allocation) 357M->203M(728M) 0.440ms
[2026-05-06T01:03:49.635+0100][25.922s][info][gc,cpu         ] GC(908) User=0.00s Sys=0.00s Real=0.00s
[2026-05-06T01:03:49.635+0100][25.922s][info][gc             ] GC(909) Concurrent Undo Cycle
[2026-05-06T01:03:49.635+0100][25.922s][info][gc,marking     ] GC(909) Concurrent Clear Claimed Marks
[2026-05-06T01:03:49.635+0100][25.922s][info][gc,marking     ] GC(909) Concurrent Clear Claimed Marks 0.006ms
[2026-05-06T01:03:49.635+0100][25.922s][info][gc,marking     ] GC(909) Concurrent Cleanup for Next Mark
[2026-05-06T01:03:49.635+0100][25.922s][info][gc,marking     ] GC(909) Concurrent Cleanup for Next Mark 0.030ms
[2026-05-06T01:03:49.635+0100][25.922s][info][gc             ] GC(909) Concurrent Undo Cycle 0.059ms
[2026-05-06T01:03:49.660+0100][25.947s][info][gc,start       ] GC(910) Pause Young (Concurrent Start) (G1 Humongous Allocation)
[2026-05-06T01:03:49.660+0100][25.947s][info][gc,task        ] GC(910) Using 9 workers of 9 for evacuation
[2026-05-06T01:03:49.661+0100][25.947s][info][gc,phases      ] GC(910)   Pre Evacuate Collection Set: 0.1ms
[2026-05-06T01:03:49.661+0100][25.947s][info][gc,phases      ] GC(910)   Merge Heap Roots: 0.0ms
[2026-05-06T01:03:49.661+0100][25.947s][info][gc,phases      ] GC(910)   Evacuate Collection Set: 0.1ms
[2026-05-06T01:03:49.661+0100][25.947s][info][gc,phases      ] GC(910)   Post Evacuate Collection Set: 0.1ms
[2026-05-06T01:03:49.661+0100][25.947s][info][gc,phases      ] GC(910)   Other: 0.0ms
[2026-05-06T01:03:49.661+0100][25.947s][info][gc,heap        ] GC(910) Eden regions: 4->0(217)
[2026-05-06T01:03:49.661+0100][25.947s][info][gc,heap        ] GC(910) Survivor regions: 1->1(28)
[2026-05-06T01:03:49.661+0100][25.947s][info][gc,heap        ] GC(910) Old regions: 13->13
[2026-05-06T01:03:49.661+0100][25.947s][info][gc,heap        ] GC(910) Humongous regions: 169->96
[2026-05-06T01:03:49.661+0100][25.947s][info][gc,metaspace   ] GC(910) Metaspace: 19114K(19392K)->19114K(19392K) NonClass: 16877K(17024K)->16877K(17024K) Class: 2236K(2368K)->2236K(2368K)
[2026-05-06T01:03:49.661+0100][25.947s][info][gc             ] GC(910) Pause Young (Concurrent Start) (G1 Humongous Allocation) 357M->203M(728M) 0.452ms
[2026-05-06T01:03:49.661+0100][25.947s][info][gc,cpu         ] GC(910) User=0.01s Sys=0.00s Real=0.00s
[2026-05-06T01:03:49.661+0100][25.947s][info][gc             ] GC(911) Concurrent Undo Cycle
[2026-05-06T01:03:49.661+0100][25.947s][info][gc,marking     ] GC(911) Concurrent Clear Claimed Marks
[2026-05-06T01:03:49.661+0100][25.947s][info][gc,marking     ] GC(911) Concurrent Clear Claimed Marks 0.006ms
[2026-05-06T01:03:49.661+0100][25.947s][info][gc,marking     ] GC(911) Concurrent Cleanup for Next Mark
[2026-05-06T01:03:49.661+0100][25.947s][info][gc,marking     ] GC(911) Concurrent Cleanup for Next Mark 0.025ms
[2026-05-06T01:03:49.661+0100][25.947s][info][gc             ] GC(911) Concurrent Undo Cycle 0.052ms
[2026-05-06T01:03:49.686+0100][25.972s][info][gc,start       ] GC(912) Pause Young (Concurrent Start) (G1 Humongous Allocation)
[2026-05-06T01:03:49.686+0100][25.972s][info][gc,task        ] GC(912) Using 9 workers of 9 for evacuation
[2026-05-06T01:03:49.687+0100][25.973s][info][gc,phases      ] GC(912)   Pre Evacuate Collection Set: 0.1ms
[2026-05-06T01:03:49.687+0100][25.973s][info][gc,phases      ] GC(912)   Merge Heap Roots: 0.0ms
[2026-05-06T01:03:49.687+0100][25.973s][info][gc,phases      ] GC(912)   Evacuate Collection Set: 0.2ms
[2026-05-06T01:03:49.687+0100][25.973s][info][gc,phases      ] GC(912)   Post Evacuate Collection Set: 0.1ms
[2026-05-06T01:03:49.687+0100][25.973s][info][gc,phases      ] GC(912)   Other: 0.0ms
[2026-05-06T01:03:49.687+0100][25.973s][info][gc,heap        ] GC(912) Eden regions: 5->0(217)
[2026-05-06T01:03:49.687+0100][25.973s][info][gc,heap        ] GC(912) Survivor regions: 1->1(28)
[2026-05-06T01:03:49.687+0100][25.973s][info][gc,heap        ] GC(912) Old regions: 13->13
[2026-05-06T01:03:49.687+0100][25.973s][info][gc,heap        ] GC(912) Humongous regions: 169->96
[2026-05-06T01:03:49.687+0100][25.973s][info][gc,metaspace   ] GC(912) Metaspace: 19114K(19392K)->19114K(19392K) NonClass: 16877K(17024K)->16877K(17024K) Class: 2236K(2368K)->2236K(2368K)
[2026-05-06T01:03:49.687+0100][25.973s][info][gc             ] GC(912) Pause Young (Concurrent Start) (G1 Humongous Allocation) 357M->203M(728M) 0.515ms
[2026-05-06T01:03:49.687+0100][25.973s][info][gc,cpu         ] GC(912) User=0.00s Sys=0.00s Real=0.00s
[2026-05-06T01:03:49.687+0100][25.973s][info][gc             ] GC(913) Concurrent Undo Cycle
[2026-05-06T01:03:49.687+0100][25.973s][info][gc,marking     ] GC(913) Concurrent Clear Claimed Marks
[2026-05-06T01:03:49.687+0100][25.973s][info][gc,marking     ] GC(913) Concurrent Clear Claimed Marks 0.006ms
[2026-05-06T01:03:49.687+0100][25.973s][info][gc,marking     ] GC(913) Concurrent Cleanup for Next Mark
[2026-05-06T01:03:49.687+0100][25.973s][info][gc,marking     ] GC(913) Concurrent Cleanup for Next Mark 0.033ms
[2026-05-06T01:03:49.687+0100][25.973s][info][gc             ] GC(913) Concurrent Undo Cycle 0.064ms
[2026-05-06T01:03:49.712+0100][25.998s][info][gc,start       ] GC(914) Pause Young (Concurrent Start) (G1 Humongous Allocation)
[2026-05-06T01:03:49.712+0100][25.998s][info][gc,task        ] GC(914) Using 9 workers of 9 for evacuation
[2026-05-06T01:03:49.712+0100][25.998s][info][gc,phases      ] GC(914)   Pre Evacuate Collection Set: 0.1ms
[2026-05-06T01:03:49.712+0100][25.998s][info][gc,phases      ] GC(914)   Merge Heap Roots: 0.0ms
[2026-05-06T01:03:49.712+0100][25.998s][info][gc,phases      ] GC(914)   Evacuate Collection Set: 0.1ms
[2026-05-06T01:03:49.712+0100][25.998s][info][gc,phases      ] GC(914)   Post Evacuate Collection Set: 0.1ms
[2026-05-06T01:03:49.712+0100][25.998s][info][gc,phases      ] GC(914)   Other: 0.0ms
[2026-05-06T01:03:49.712+0100][25.998s][info][gc,heap        ] GC(914) Eden regions: 4->0(217)
[2026-05-06T01:03:49.712+0100][25.998s][info][gc,heap        ] GC(914) Survivor regions: 1->1(28)
[2026-05-06T01:03:49.712+0100][25.998s][info][gc,heap        ] GC(914) Old regions: 13->13
[2026-05-06T01:03:49.712+0100][25.998s][info][gc,heap        ] GC(914) Humongous regions: 169->96
[2026-05-06T01:03:49.712+0100][25.998s][info][gc,metaspace   ] GC(914) Metaspace: 19114K(19392K)->19114K(19392K) NonClass: 16877K(17024K)->16877K(17024K) Class: 2236K(2368K)->2236K(2368K)
[2026-05-06T01:03:49.712+0100][25.998s][info][gc             ] GC(914) Pause Young (Concurrent Start) (G1 Humongous Allocation) 357M->203M(728M) 0.461ms
[2026-05-06T01:03:49.712+0100][25.998s][info][gc,cpu         ] GC(914) User=0.00s Sys=0.00s Real=0.00s
[2026-05-06T01:03:49.712+0100][25.998s][info][gc             ] GC(915) Concurrent Undo Cycle
[2026-05-06T01:03:49.712+0100][25.998s][info][gc,marking     ] GC(915) Concurrent Clear Claimed Marks
[2026-05-06T01:03:49.712+0100][25.998s][info][gc,marking     ] GC(915) Concurrent Clear Claimed Marks 0.006ms
[2026-05-06T01:03:49.712+0100][25.998s][info][gc,marking     ] GC(915) Concurrent Cleanup for Next Mark
[2026-05-06T01:03:49.712+0100][25.998s][info][gc,marking     ] GC(915) Concurrent Cleanup for Next Mark 0.035ms
[2026-05-06T01:03:49.712+0100][25.998s][info][gc             ] GC(915) Concurrent Undo Cycle 0.065ms
[2026-05-06T01:03:49.728+0100][26.014s][info][gc,start       ] GC(916) Pause Full (System.gc())
[2026-05-06T01:03:49.728+0100][26.014s][info][gc,task        ] GC(916) Using 9 workers of 9 for full compaction
[2026-05-06T01:03:49.728+0100][26.014s][info][gc,phases,start] GC(916) Phase 1: Mark live objects
[2026-05-06T01:03:49.730+0100][26.016s][info][gc,phases      ] GC(916) Phase 1: Mark live objects 2.302ms
[2026-05-06T01:03:49.730+0100][26.016s][info][gc,phases,start] GC(916) Phase 2: Prepare compaction
[2026-05-06T01:03:49.730+0100][26.016s][info][gc,phases      ] GC(916) Phase 2: Prepare compaction 0.230ms
[2026-05-06T01:03:49.730+0100][26.016s][info][gc,phases,start] GC(916) Phase 3: Adjust pointers
[2026-05-06T01:03:49.732+0100][26.018s][info][gc,phases      ] GC(916) Phase 3: Adjust pointers 1.750ms
[2026-05-06T01:03:49.732+0100][26.018s][info][gc,phases,start] GC(916) Phase 4: Compact heap
[2026-05-06T01:03:49.732+0100][26.018s][info][gc,phases      ] GC(916) Phase 4: Compact heap 0.260ms
[2026-05-06T01:03:49.732+0100][26.018s][info][gc,phases,start] GC(916) Phase 5: Reset Metadata
[2026-05-06T01:03:49.733+0100][26.019s][info][gc,phases      ] GC(916) Phase 5: Reset Metadata 0.331ms
[2026-05-06T01:03:49.733+0100][26.019s][info][gc,heap        ] GC(916) Eden regions: 5->0(218)
[2026-05-06T01:03:49.733+0100][26.019s][info][gc,heap        ] GC(916) Survivor regions: 1->0(28)
[2026-05-06T01:03:49.733+0100][26.019s][info][gc,heap        ] GC(916) Old regions: 13->13
[2026-05-06T01:03:49.733+0100][26.019s][info][gc,heap        ] GC(916) Humongous regions: 169->96
[2026-05-06T01:03:49.733+0100][26.019s][info][gc,metaspace   ] GC(916) Metaspace: 19114K(19392K)->19114K(19392K) NonClass: 16877K(17024K)->16877K(17024K) Class: 2236K(2368K)->2236K(2368K)
[2026-05-06T01:03:49.733+0100][26.019s][info][gc             ] GC(916) Pause Full (System.gc()) 357M->203M(728M) 5.485ms
[2026-05-06T01:03:49.733+0100][26.019s][info][gc,cpu         ] GC(916) User=0.02s Sys=0.01s Real=0.01s
[2026-05-06T01:03:49.743+0100][26.029s][info][gc,start       ] GC(917) Pause Young (Concurrent Start) (G1 Humongous Allocation)
[2026-05-06T01:03:49.743+0100][26.029s][info][gc,task        ] GC(917) Using 9 workers of 9 for evacuation
[2026-05-06T01:03:49.743+0100][26.029s][info][gc,phases      ] GC(917)   Pre Evacuate Collection Set: 0.1ms
[2026-05-06T01:03:49.743+0100][26.029s][info][gc,phases      ] GC(917)   Merge Heap Roots: 0.0ms
[2026-05-06T01:03:49.743+0100][26.029s][info][gc,phases      ] GC(917)   Evacuate Collection Set: 0.2ms
[2026-05-06T01:03:49.743+0100][26.029s][info][gc,phases      ] GC(917)   Post Evacuate Collection Set: 0.1ms
[2026-05-06T01:03:49.743+0100][26.029s][info][gc,phases      ] GC(917)   Other: 0.0ms
[2026-05-06T01:03:49.743+0100][26.029s][info][gc,heap        ] GC(917) Eden regions: 4->0(217)
[2026-05-06T01:03:49.743+0100][26.029s][info][gc,heap        ] GC(917) Survivor regions: 0->1(28)
[2026-05-06T01:03:49.743+0100][26.029s][info][gc,heap        ] GC(917) Old regions: 13->13
[2026-05-06T01:03:49.743+0100][26.029s][info][gc,heap        ] GC(917) Humongous regions: 96->96
[2026-05-06T01:03:49.743+0100][26.029s][info][gc,metaspace   ] GC(917) Metaspace: 19114K(19392K)->19114K(19392K) NonClass: 16878K(17024K)->16878K(17024K) Class: 2236K(2368K)->2236K(2368K)
[2026-05-06T01:03:49.743+0100][26.029s][info][gc             ] GC(917) Pause Young (Concurrent Start) (G1 Humongous Allocation) 210M->203M(728M) 0.489ms
[2026-05-06T01:03:49.743+0100][26.029s][info][gc,cpu         ] GC(917) User=0.00s Sys=0.00s Real=0.00s
[2026-05-06T01:03:49.743+0100][26.029s][info][gc             ] GC(918) Concurrent Undo Cycle
[2026-05-06T01:03:49.743+0100][26.029s][info][gc,marking     ] GC(918) Concurrent Clear Claimed Marks
[2026-05-06T01:03:49.743+0100][26.029s][info][gc,marking     ] GC(918) Concurrent Clear Claimed Marks 0.006ms
[2026-05-06T01:03:49.743+0100][26.029s][info][gc,marking     ] GC(918) Concurrent Cleanup for Next Mark
[2026-05-06T01:03:49.743+0100][26.029s][info][gc,marking     ] GC(918) Concurrent Cleanup for Next Mark 0.039ms
[2026-05-06T01:03:49.743+0100][26.029s][info][gc             ] GC(918) Concurrent Undo Cycle 0.068ms
[2026-05-06T01:03:49.768+0100][26.054s][info][gc,start       ] GC(919) Pause Young (Concurrent Start) (G1 Humongous Allocation)
[2026-05-06T01:03:49.768+0100][26.054s][info][gc,task        ] GC(919) Using 9 workers of 9 for evacuation
[2026-05-06T01:03:49.768+0100][26.054s][info][gc,phases      ] GC(919)   Pre Evacuate Collection Set: 0.1ms
[2026-05-06T01:03:49.768+0100][26.054s][info][gc,phases      ] GC(919)   Merge Heap Roots: 0.0ms
[2026-05-06T01:03:49.768+0100][26.054s][info][gc,phases      ] GC(919)   Evacuate Collection Set: 0.1ms
[2026-05-06T01:03:49.768+0100][26.054s][info][gc,phases      ] GC(919)   Post Evacuate Collection Set: 0.1ms
[2026-05-06T01:03:49.768+0100][26.054s][info][gc,phases      ] GC(919)   Other: 0.0ms
[2026-05-06T01:03:49.768+0100][26.054s][info][gc,heap        ] GC(919) Eden regions: 4->0(217)
[2026-05-06T01:03:49.768+0100][26.054s][info][gc,heap        ] GC(919) Survivor regions: 1->1(28)
[2026-05-06T01:03:49.768+0100][26.054s][info][gc,heap        ] GC(919) Old regions: 13->13
[2026-05-06T01:03:49.768+0100][26.054s][info][gc,heap        ] GC(919) Humongous regions: 169->96
[2026-05-06T01:03:49.768+0100][26.054s][info][gc,metaspace   ] GC(919) Metaspace: 19114K(19392K)->19114K(19392K) NonClass: 16878K(17024K)->16878K(17024K) Class: 2236K(2368K)->2236K(2368K)
[2026-05-06T01:03:49.768+0100][26.054s][info][gc             ] GC(919) Pause Young (Concurrent Start) (G1 Humongous Allocation) 357M->203M(728M) 0.446ms
[2026-05-06T01:03:49.768+0100][26.054s][info][gc,cpu         ] GC(919) User=0.00s Sys=0.00s Real=0.00s
[2026-05-06T01:03:49.768+0100][26.054s][info][gc             ] GC(920) Concurrent Undo Cycle
[2026-05-06T01:03:49.768+0100][26.054s][info][gc,marking     ] GC(920) Concurrent Clear Claimed Marks
[2026-05-06T01:03:49.768+0100][26.054s][info][gc,marking     ] GC(920) Concurrent Clear Claimed Marks 0.007ms
[2026-05-06T01:03:49.768+0100][26.054s][info][gc,marking     ] GC(920) Concurrent Cleanup for Next Mark
[2026-05-06T01:03:49.768+0100][26.054s][info][gc,marking     ] GC(920) Concurrent Cleanup for Next Mark 0.030ms
[2026-05-06T01:03:49.768+0100][26.054s][info][gc             ] GC(920) Concurrent Undo Cycle 0.058ms
[2026-05-06T01:03:49.794+0100][26.080s][info][gc,start       ] GC(921) Pause Young (Concurrent Start) (G1 Humongous Allocation)
[2026-05-06T01:03:49.794+0100][26.080s][info][gc,task        ] GC(921) Using 9 workers of 9 for evacuation
[2026-05-06T01:03:49.794+0100][26.080s][info][gc,phases      ] GC(921)   Pre Evacuate Collection Set: 0.1ms
[2026-05-06T01:03:49.794+0100][26.080s][info][gc,phases      ] GC(921)   Merge Heap Roots: 0.0ms
[2026-05-06T01:03:49.794+0100][26.080s][info][gc,phases      ] GC(921)   Evacuate Collection Set: 0.1ms
[2026-05-06T01:03:49.794+0100][26.080s][info][gc,phases      ] GC(921)   Post Evacuate Collection Set: 0.1ms
[2026-05-06T01:03:49.794+0100][26.080s][info][gc,phases      ] GC(921)   Other: 0.0ms
[2026-05-06T01:03:49.794+0100][26.080s][info][gc,heap        ] GC(921) Eden regions: 4->0(217)
[2026-05-06T01:03:49.794+0100][26.080s][info][gc,heap        ] GC(921) Survivor regions: 1->1(28)
[2026-05-06T01:03:49.794+0100][26.080s][info][gc,heap        ] GC(921) Old regions: 13->13
[2026-05-06T01:03:49.794+0100][26.080s][info][gc,heap        ] GC(921) Humongous regions: 169->96
[2026-05-06T01:03:49.794+0100][26.080s][info][gc,metaspace   ] GC(921) Metaspace: 19114K(19392K)->19114K(19392K) NonClass: 16878K(17024K)->16878K(17024K) Class: 2236K(2368K)->2236K(2368K)
[2026-05-06T01:03:49.794+0100][26.080s][info][gc             ] GC(921) Pause Young (Concurrent Start) (G1 Humongous Allocation) 357M->203M(728M) 0.479ms
[2026-05-06T01:03:49.794+0100][26.080s][info][gc,cpu         ] GC(921) User=0.00s Sys=0.00s Real=0.00s
[2026-05-06T01:03:49.794+0100][26.080s][info][gc             ] GC(922) Concurrent Undo Cycle
[2026-05-06T01:03:49.794+0100][26.080s][info][gc,marking     ] GC(922) Concurrent Clear Claimed Marks
[2026-05-06T01:03:49.794+0100][26.080s][info][gc,marking     ] GC(922) Concurrent Clear Claimed Marks 0.006ms
[2026-05-06T01:03:49.794+0100][26.080s][info][gc,marking     ] GC(922) Concurrent Cleanup for Next Mark
[2026-05-06T01:03:49.794+0100][26.080s][info][gc,marking     ] GC(922) Concurrent Cleanup for Next Mark 0.031ms
[2026-05-06T01:03:49.794+0100][26.080s][info][gc             ] GC(922) Concurrent Undo Cycle 0.061ms
[2026-05-06T01:03:49.819+0100][26.105s][info][gc,start       ] GC(923) Pause Young (Concurrent Start) (G1 Humongous Allocation)
[2026-05-06T01:03:49.819+0100][26.105s][info][gc,task        ] GC(923) Using 9 workers of 9 for evacuation
[2026-05-06T01:03:49.819+0100][26.105s][info][gc,phases      ] GC(923)   Pre Evacuate Collection Set: 0.1ms
[2026-05-06T01:03:49.819+0100][26.105s][info][gc,phases      ] GC(923)   Merge Heap Roots: 0.0ms
[2026-05-06T01:03:49.819+0100][26.105s][info][gc,phases      ] GC(923)   Evacuate Collection Set: 0.1ms
[2026-05-06T01:03:49.819+0100][26.105s][info][gc,phases      ] GC(923)   Post Evacuate Collection Set: 0.1ms
[2026-05-06T01:03:49.819+0100][26.105s][info][gc,phases      ] GC(923)   Other: 0.0ms
[2026-05-06T01:03:49.819+0100][26.105s][info][gc,heap        ] GC(923) Eden regions: 5->0(217)
[2026-05-06T01:03:49.819+0100][26.105s][info][gc,heap        ] GC(923) Survivor regions: 1->1(28)
[2026-05-06T01:03:49.819+0100][26.105s][info][gc,heap        ] GC(923) Old regions: 13->13
[2026-05-06T01:03:49.819+0100][26.105s][info][gc,heap        ] GC(923) Humongous regions: 169->96
[2026-05-06T01:03:49.819+0100][26.105s][info][gc,metaspace   ] GC(923) Metaspace: 19114K(19392K)->19114K(19392K) NonClass: 16878K(17024K)->16878K(17024K) Class: 2236K(2368K)->2236K(2368K)
[2026-05-06T01:03:49.819+0100][26.105s][info][gc             ] GC(923) Pause Young (Concurrent Start) (G1 Humongous Allocation) 357M->203M(728M) 0.435ms
[2026-05-06T01:03:49.819+0100][26.105s][info][gc,cpu         ] GC(923) User=0.00s Sys=0.01s Real=0.00s
[2026-05-06T01:03:49.819+0100][26.105s][info][gc             ] GC(924) Concurrent Undo Cycle
[2026-05-06T01:03:49.819+0100][26.105s][info][gc,marking     ] GC(924) Concurrent Clear Claimed Marks
[2026-05-06T01:03:49.819+0100][26.105s][info][gc,marking     ] GC(924) Concurrent Clear Claimed Marks 0.005ms
[2026-05-06T01:03:49.819+0100][26.105s][info][gc,marking     ] GC(924) Concurrent Cleanup for Next Mark
[2026-05-06T01:03:49.819+0100][26.105s][info][gc,marking     ] GC(924) Concurrent Cleanup for Next Mark 0.033ms
[2026-05-06T01:03:49.819+0100][26.105s][info][gc             ] GC(924) Concurrent Undo Cycle 0.058ms
[2026-05-06T01:03:49.844+0100][26.130s][info][gc,start       ] GC(925) Pause Young (Concurrent Start) (G1 Humongous Allocation)
[2026-05-06T01:03:49.844+0100][26.130s][info][gc,task        ] GC(925) Using 9 workers of 9 for evacuation
[2026-05-06T01:03:49.844+0100][26.131s][info][gc,phases      ] GC(925)   Pre Evacuate Collection Set: 0.1ms
[2026-05-06T01:03:49.844+0100][26.131s][info][gc,phases      ] GC(925)   Merge Heap Roots: 0.0ms
[2026-05-06T01:03:49.844+0100][26.131s][info][gc,phases      ] GC(925)   Evacuate Collection Set: 0.1ms
[2026-05-06T01:03:49.844+0100][26.131s][info][gc,phases      ] GC(925)   Post Evacuate Collection Set: 0.1ms
[2026-05-06T01:03:49.844+0100][26.131s][info][gc,phases      ] GC(925)   Other: 0.0ms
[2026-05-06T01:03:49.844+0100][26.131s][info][gc,heap        ] GC(925) Eden regions: 4->0(217)
[2026-05-06T01:03:49.844+0100][26.131s][info][gc,heap        ] GC(925) Survivor regions: 1->1(28)
[2026-05-06T01:03:49.844+0100][26.131s][info][gc,heap        ] GC(925) Old regions: 13->13
[2026-05-06T01:03:49.844+0100][26.131s][info][gc,heap        ] GC(925) Humongous regions: 169->96
[2026-05-06T01:03:49.844+0100][26.131s][info][gc,metaspace   ] GC(925) Metaspace: 19114K(19392K)->19114K(19392K) NonClass: 16878K(17024K)->16878K(17024K) Class: 2236K(2368K)->2236K(2368K)
[2026-05-06T01:03:49.844+0100][26.131s][info][gc             ] GC(925) Pause Young (Concurrent Start) (G1 Humongous Allocation) 356M->203M(728M) 0.440ms
[2026-05-06T01:03:49.844+0100][26.131s][info][gc,cpu         ] GC(925) User=0.00s Sys=0.00s Real=0.00s
[2026-05-06T01:03:49.844+0100][26.131s][info][gc             ] GC(926) Concurrent Undo Cycle
[2026-05-06T01:03:49.844+0100][26.131s][info][gc,marking     ] GC(926) Concurrent Clear Claimed Marks
[2026-05-06T01:03:49.844+0100][26.131s][info][gc,marking     ] GC(926) Concurrent Clear Claimed Marks 0.006ms
[2026-05-06T01:03:49.844+0100][26.131s][info][gc,marking     ] GC(926) Concurrent Cleanup for Next Mark
[2026-05-06T01:03:49.845+0100][26.131s][info][gc,marking     ] GC(926) Concurrent Cleanup for Next Mark 0.029ms
[2026-05-06T01:03:49.845+0100][26.131s][info][gc             ] GC(926) Concurrent Undo Cycle 0.057ms
[2026-05-06T01:03:49.869+0100][26.155s][info][gc,start       ] GC(927) Pause Young (Concurrent Start) (G1 Humongous Allocation)
[2026-05-06T01:03:49.869+0100][26.155s][info][gc,task        ] GC(927) Using 9 workers of 9 for evacuation
[2026-05-06T01:03:49.869+0100][26.156s][info][gc,phases      ] GC(927)   Pre Evacuate Collection Set: 0.1ms
[2026-05-06T01:03:49.869+0100][26.156s][info][gc,phases      ] GC(927)   Merge Heap Roots: 0.0ms
[2026-05-06T01:03:49.869+0100][26.156s][info][gc,phases      ] GC(927)   Evacuate Collection Set: 0.1ms
[2026-05-06T01:03:49.869+0100][26.156s][info][gc,phases      ] GC(927)   Post Evacuate Collection Set: 0.1ms
[2026-05-06T01:03:49.869+0100][26.156s][info][gc,phases      ] GC(927)   Other: 0.0ms
[2026-05-06T01:03:49.869+0100][26.156s][info][gc,heap        ] GC(927) Eden regions: 5->0(217)
[2026-05-06T01:03:49.869+0100][26.156s][info][gc,heap        ] GC(927) Survivor regions: 1->1(28)
[2026-05-06T01:03:49.869+0100][26.156s][info][gc,heap        ] GC(927) Old regions: 13->13
[2026-05-06T01:03:49.869+0100][26.156s][info][gc,heap        ] GC(927) Humongous regions: 169->96
[2026-05-06T01:03:49.869+0100][26.156s][info][gc,metaspace   ] GC(927) Metaspace: 19114K(19392K)->19114K(19392K) NonClass: 16878K(17024K)->16878K(17024K) Class: 2236K(2368K)->2236K(2368K)
[2026-05-06T01:03:49.869+0100][26.156s][info][gc             ] GC(927) Pause Young (Concurrent Start) (G1 Humongous Allocation) 357M->203M(728M) 0.441ms
[2026-05-06T01:03:49.869+0100][26.156s][info][gc,cpu         ] GC(927) User=0.00s Sys=0.00s Real=0.00s
[2026-05-06T01:03:49.869+0100][26.156s][info][gc             ] GC(928) Concurrent Undo Cycle
[2026-05-06T01:03:49.870+0100][26.156s][info][gc,marking     ] GC(928) Concurrent Clear Claimed Marks
[2026-05-06T01:03:49.870+0100][26.156s][info][gc,marking     ] GC(928) Concurrent Clear Claimed Marks 0.006ms
[2026-05-06T01:03:49.870+0100][26.156s][info][gc,marking     ] GC(928) Concurrent Cleanup for Next Mark
[2026-05-06T01:03:49.870+0100][26.156s][info][gc,marking     ] GC(928) Concurrent Cleanup for Next Mark 0.038ms
[2026-05-06T01:03:49.870+0100][26.156s][info][gc             ] GC(928) Concurrent Undo Cycle 0.064ms
[2026-05-06T01:03:49.894+0100][26.180s][info][gc,start       ] GC(929) Pause Young (Concurrent Start) (G1 Humongous Allocation)
[2026-05-06T01:03:49.894+0100][26.180s][info][gc,task        ] GC(929) Using 9 workers of 9 for evacuation
[2026-05-06T01:03:49.895+0100][26.181s][info][gc,phases      ] GC(929)   Pre Evacuate Collection Set: 0.1ms
[2026-05-06T01:03:49.895+0100][26.181s][info][gc,phases      ] GC(929)   Merge Heap Roots: 0.0ms
[2026-05-06T01:03:49.895+0100][26.181s][info][gc,phases      ] GC(929)   Evacuate Collection Set: 0.1ms
[2026-05-06T01:03:49.895+0100][26.181s][info][gc,phases      ] GC(929)   Post Evacuate Collection Set: 0.1ms
[2026-05-06T01:03:49.895+0100][26.181s][info][gc,phases      ] GC(929)   Other: 0.0ms
[2026-05-06T01:03:49.895+0100][26.181s][info][gc,heap        ] GC(929) Eden regions: 5->0(217)
[2026-05-06T01:03:49.895+0100][26.181s][info][gc,heap        ] GC(929) Survivor regions: 1->1(28)
[2026-05-06T01:03:49.895+0100][26.181s][info][gc,heap        ] GC(929) Old regions: 13->13
[2026-05-06T01:03:49.895+0100][26.181s][info][gc,heap        ] GC(929) Humongous regions: 169->96
[2026-05-06T01:03:49.895+0100][26.181s][info][gc,metaspace   ] GC(929) Metaspace: 19114K(19392K)->19114K(19392K) NonClass: 16878K(17024K)->16878K(17024K) Class: 2236K(2368K)->2236K(2368K)
[2026-05-06T01:03:49.895+0100][26.181s][info][gc             ] GC(929) Pause Young (Concurrent Start) (G1 Humongous Allocation) 357M->203M(728M) 0.455ms
[2026-05-06T01:03:49.895+0100][26.181s][info][gc,cpu         ] GC(929) User=0.00s Sys=0.00s Real=0.00s
[2026-05-06T01:03:49.895+0100][26.181s][info][gc             ] GC(930) Concurrent Undo Cycle
[2026-05-06T01:03:49.895+0100][26.181s][info][gc,marking     ] GC(930) Concurrent Clear Claimed Marks
[2026-05-06T01:03:49.895+0100][26.181s][info][gc,marking     ] GC(930) Concurrent Clear Claimed Marks 0.006ms
[2026-05-06T01:03:49.895+0100][26.181s][info][gc,marking     ] GC(930) Concurrent Cleanup for Next Mark
[2026-05-06T01:03:49.895+0100][26.181s][info][gc,marking     ] GC(930) Concurrent Cleanup for Next Mark 0.030ms
[2026-05-06T01:03:49.895+0100][26.181s][info][gc             ] GC(930) Concurrent Undo Cycle 0.057ms
[2026-05-06T01:03:49.920+0100][26.206s][info][gc,start       ] GC(931) Pause Young (Concurrent Start) (G1 Humongous Allocation)
[2026-05-06T01:03:49.920+0100][26.206s][info][gc,task        ] GC(931) Using 9 workers of 9 for evacuation
[2026-05-06T01:03:49.920+0100][26.206s][info][gc,phases      ] GC(931)   Pre Evacuate Collection Set: 0.1ms
[2026-05-06T01:03:49.920+0100][26.206s][info][gc,phases      ] GC(931)   Merge Heap Roots: 0.0ms
[2026-05-06T01:03:49.920+0100][26.206s][info][gc,phases      ] GC(931)   Evacuate Collection Set: 0.1ms
[2026-05-06T01:03:49.920+0100][26.206s][info][gc,phases      ] GC(931)   Post Evacuate Collection Set: 0.1ms
[2026-05-06T01:03:49.920+0100][26.206s][info][gc,phases      ] GC(931)   Other: 0.0ms
[2026-05-06T01:03:49.920+0100][26.206s][info][gc,heap        ] GC(931) Eden regions: 4->0(217)
[2026-05-06T01:03:49.920+0100][26.206s][info][gc,heap        ] GC(931) Survivor regions: 1->1(28)
[2026-05-06T01:03:49.920+0100][26.206s][info][gc,heap        ] GC(931) Old regions: 13->13
[2026-05-06T01:03:49.920+0100][26.206s][info][gc,heap        ] GC(931) Humongous regions: 169->96
[2026-05-06T01:03:49.920+0100][26.206s][info][gc,metaspace   ] GC(931) Metaspace: 19114K(19392K)->19114K(19392K) NonClass: 16878K(17024K)->16878K(17024K) Class: 2236K(2368K)->2236K(2368K)
[2026-05-06T01:03:49.920+0100][26.206s][info][gc             ] GC(931) Pause Young (Concurrent Start) (G1 Humongous Allocation) 357M->203M(728M) 0.453ms
[2026-05-06T01:03:49.920+0100][26.206s][info][gc,cpu         ] GC(931) User=0.00s Sys=0.00s Real=0.00s
[2026-05-06T01:03:49.920+0100][26.206s][info][gc             ] GC(932) Concurrent Undo Cycle
[2026-05-06T01:03:49.920+0100][26.206s][info][gc,marking     ] GC(932) Concurrent Clear Claimed Marks
[2026-05-06T01:03:49.920+0100][26.206s][info][gc,marking     ] GC(932) Concurrent Clear Claimed Marks 0.006ms
[2026-05-06T01:03:49.920+0100][26.206s][info][gc,marking     ] GC(932) Concurrent Cleanup for Next Mark
[2026-05-06T01:03:49.920+0100][26.206s][info][gc,marking     ] GC(932) Concurrent Cleanup for Next Mark 0.037ms
[2026-05-06T01:03:49.920+0100][26.206s][info][gc             ] GC(932) Concurrent Undo Cycle 0.063ms
[2026-05-06T01:03:49.945+0100][26.231s][info][gc,start       ] GC(933) Pause Young (Concurrent Start) (G1 Humongous Allocation)
[2026-05-06T01:03:49.945+0100][26.231s][info][gc,task        ] GC(933) Using 9 workers of 9 for evacuation
[2026-05-06T01:03:49.946+0100][26.232s][info][gc,phases      ] GC(933)   Pre Evacuate Collection Set: 0.1ms
[2026-05-06T01:03:49.946+0100][26.232s][info][gc,phases      ] GC(933)   Merge Heap Roots: 0.0ms
[2026-05-06T01:03:49.946+0100][26.232s][info][gc,phases      ] GC(933)   Evacuate Collection Set: 0.1ms
[2026-05-06T01:03:49.946+0100][26.232s][info][gc,phases      ] GC(933)   Post Evacuate Collection Set: 0.1ms
[2026-05-06T01:03:49.946+0100][26.232s][info][gc,phases      ] GC(933)   Other: 0.0ms
[2026-05-06T01:03:49.946+0100][26.232s][info][gc,heap        ] GC(933) Eden regions: 4->0(217)
[2026-05-06T01:03:49.946+0100][26.232s][info][gc,heap        ] GC(933) Survivor regions: 1->1(28)
[2026-05-06T01:03:49.946+0100][26.232s][info][gc,heap        ] GC(933) Old regions: 13->13
[2026-05-06T01:03:49.946+0100][26.232s][info][gc,heap        ] GC(933) Humongous regions: 169->96
[2026-05-06T01:03:49.946+0100][26.232s][info][gc,metaspace   ] GC(933) Metaspace: 19114K(19392K)->19114K(19392K) NonClass: 16878K(17024K)->16878K(17024K) Class: 2236K(2368K)->2236K(2368K)
[2026-05-06T01:03:49.946+0100][26.232s][info][gc             ] GC(933) Pause Young (Concurrent Start) (G1 Humongous Allocation) 357M->203M(728M) 0.465ms
[2026-05-06T01:03:49.946+0100][26.232s][info][gc,cpu         ] GC(933) User=0.00s Sys=0.00s Real=0.00s
[2026-05-06T01:03:49.946+0100][26.232s][info][gc             ] GC(934) Concurrent Undo Cycle
[2026-05-06T01:03:49.946+0100][26.232s][info][gc,marking     ] GC(934) Concurrent Clear Claimed Marks
[2026-05-06T01:03:49.946+0100][26.232s][info][gc,marking     ] GC(934) Concurrent Clear Claimed Marks 0.007ms
[2026-05-06T01:03:49.946+0100][26.232s][info][gc,marking     ] GC(934) Concurrent Cleanup for Next Mark
[2026-05-06T01:03:49.946+0100][26.232s][info][gc,marking     ] GC(934) Concurrent Cleanup for Next Mark 0.035ms
[2026-05-06T01:03:49.946+0100][26.232s][info][gc             ] GC(934) Concurrent Undo Cycle 0.064ms
[2026-05-06T01:03:49.971+0100][26.257s][info][gc,start       ] GC(935) Pause Young (Concurrent Start) (G1 Humongous Allocation)
[2026-05-06T01:03:49.971+0100][26.257s][info][gc,task        ] GC(935) Using 9 workers of 9 for evacuation
[2026-05-06T01:03:49.971+0100][26.257s][info][gc,phases      ] GC(935)   Pre Evacuate Collection Set: 0.1ms
[2026-05-06T01:03:49.971+0100][26.257s][info][gc,phases      ] GC(935)   Merge Heap Roots: 0.0ms
[2026-05-06T01:03:49.971+0100][26.257s][info][gc,phases      ] GC(935)   Evacuate Collection Set: 0.1ms
[2026-05-06T01:03:49.971+0100][26.257s][info][gc,phases      ] GC(935)   Post Evacuate Collection Set: 0.1ms
[2026-05-06T01:03:49.971+0100][26.257s][info][gc,phases      ] GC(935)   Other: 0.0ms
[2026-05-06T01:03:49.971+0100][26.257s][info][gc,heap        ] GC(935) Eden regions: 5->0(217)
[2026-05-06T01:03:49.971+0100][26.257s][info][gc,heap        ] GC(935) Survivor regions: 1->1(28)
[2026-05-06T01:03:49.971+0100][26.257s][info][gc,heap        ] GC(935) Old regions: 13->13
[2026-05-06T01:03:49.971+0100][26.257s][info][gc,heap        ] GC(935) Humongous regions: 169->96
[2026-05-06T01:03:49.971+0100][26.257s][info][gc,metaspace   ] GC(935) Metaspace: 19114K(19392K)->19114K(19392K) NonClass: 16878K(17024K)->16878K(17024K) Class: 2236K(2368K)->2236K(2368K)
[2026-05-06T01:03:49.971+0100][26.257s][info][gc             ] GC(935) Pause Young (Concurrent Start) (G1 Humongous Allocation) 357M->203M(728M) 0.462ms
[2026-05-06T01:03:49.971+0100][26.257s][info][gc,cpu         ] GC(935) User=0.00s Sys=0.01s Real=0.00s
[2026-05-06T01:03:49.971+0100][26.257s][info][gc             ] GC(936) Concurrent Undo Cycle
[2026-05-06T01:03:49.971+0100][26.257s][info][gc,marking     ] GC(936) Concurrent Clear Claimed Marks
[2026-05-06T01:03:49.971+0100][26.257s][info][gc,marking     ] GC(936) Concurrent Clear Claimed Marks 0.006ms
[2026-05-06T01:03:49.971+0100][26.257s][info][gc,marking     ] GC(936) Concurrent Cleanup for Next Mark
[2026-05-06T01:03:49.971+0100][26.257s][info][gc,marking     ] GC(936) Concurrent Cleanup for Next Mark 0.035ms
[2026-05-06T01:03:49.971+0100][26.257s][info][gc             ] GC(936) Concurrent Undo Cycle 0.065ms
[2026-05-06T01:03:50.009+0100][26.295s][info][gc,start       ] GC(937) Pause Young (Concurrent Start) (G1 Humongous Allocation)
[2026-05-06T01:03:50.009+0100][26.295s][info][gc,task        ] GC(937) Using 9 workers of 9 for evacuation
[2026-05-06T01:03:50.010+0100][26.296s][info][gc,phases      ] GC(937)   Pre Evacuate Collection Set: 0.1ms
[2026-05-06T01:03:50.010+0100][26.296s][info][gc,phases      ] GC(937)   Merge Heap Roots: 0.0ms
[2026-05-06T01:03:50.010+0100][26.296s][info][gc,phases      ] GC(937)   Evacuate Collection Set: 0.2ms
[2026-05-06T01:03:50.010+0100][26.296s][info][gc,phases      ] GC(937)   Post Evacuate Collection Set: 0.1ms
[2026-05-06T01:03:50.010+0100][26.296s][info][gc,phases      ] GC(937)   Other: 0.0ms
[2026-05-06T01:03:50.010+0100][26.296s][info][gc,heap        ] GC(937) Eden regions: 6->0(217)
[2026-05-06T01:03:50.010+0100][26.296s][info][gc,heap        ] GC(937) Survivor regions: 1->1(28)
[2026-05-06T01:03:50.010+0100][26.296s][info][gc,heap        ] GC(937) Old regions: 13->13
[2026-05-06T01:03:50.010+0100][26.296s][info][gc,heap        ] GC(937) Humongous regions: 169->96
[2026-05-06T01:03:50.010+0100][26.296s][info][gc,metaspace   ] GC(937) Metaspace: 20020K(20480K)->20020K(20480K) NonClass: 17676K(17920K)->17676K(17920K) Class: 2344K(2560K)->2344K(2560K)
[2026-05-06T01:03:50.010+0100][26.296s][info][gc             ] GC(937) Pause Young (Concurrent Start) (G1 Humongous Allocation) 361M->203M(728M) 0.612ms
[2026-05-06T01:03:50.010+0100][26.296s][info][gc             ] GC(938) Concurrent Undo Cycle
[2026-05-06T01:03:50.010+0100][26.296s][info][gc,cpu         ] GC(937) User=0.01s Sys=0.00s Real=0.01s
[2026-05-06T01:03:50.010+0100][26.296s][info][gc,marking     ] GC(938) Concurrent Clear Claimed Marks
[2026-05-06T01:03:50.010+0100][26.296s][info][gc,marking     ] GC(938) Concurrent Clear Claimed Marks 0.007ms
[2026-05-06T01:03:50.010+0100][26.296s][info][gc,marking     ] GC(938) Concurrent Cleanup for Next Mark
[2026-05-06T01:03:50.010+0100][26.296s][info][gc,marking     ] GC(938) Concurrent Cleanup for Next Mark 0.042ms
[2026-05-06T01:03:50.010+0100][26.296s][info][gc             ] GC(938) Concurrent Undo Cycle 0.071ms
[2026-05-06T01:03:50.777+0100][27.063s][info][gc,heap,exit   ] Heap
[2026-05-06T01:03:50.777+0100][27.063s][info][gc,heap,exit   ]  garbage-first heap   total 745472K, used 320727K [0x0000000700000000, 0x0000000800000000)
[2026-05-06T01:03:50.777+0100][27.063s][info][gc,heap,exit   ]   region size 2048K, 42 young (86016K), 1 survivors (2048K)
[2026-05-06T01:03:50.777+0100][27.063s][info][gc,heap,exit   ]  Metaspace       used 23780K, committed 24192K, reserved 1114112K
[2026-05-06T01:03:50.777+0100][27.063s][info][gc,heap,exit   ]   class space    used 2686K, committed 2880K, reserved 1048576K
