[2026-05-06T01:32:36.575+0100][0.005s][info][gc,init] Initializing The Z Garbage Collector
[2026-05-06T01:32:36.575+0100][0.005s][info][gc,init] Version: 21.0.6+7-LTS (release)
[2026-05-06T01:32:36.575+0100][0.005s][info][gc,init] Using legacy single-generation mode
[2026-05-06T01:32:36.575+0100][0.005s][info][gc,init] NUMA Support: Disabled
[2026-05-06T01:32:36.575+0100][0.005s][info][gc,init] CPUs: 11 total, 11 available
[2026-05-06T01:32:36.575+0100][0.005s][info][gc,init] Memory: 18432M
[2026-05-06T01:32:36.575+0100][0.005s][info][gc,init] Large Page Support: Disabled
[2026-05-06T01:32:36.575+0100][0.005s][info][gc,init] GC Workers: 3 (dynamic)
[2026-05-06T01:32:36.575+0100][0.006s][info][gc,init] Address Space Type: Contiguous/Unrestricted/Complete
[2026-05-06T01:32:36.575+0100][0.006s][info][gc,init] Address Space Size: 65536M x 3 = 196608M
[2026-05-06T01:32:36.575+0100][0.006s][info][gc,init] Min Capacity: 8M
[2026-05-06T01:32:36.575+0100][0.006s][info][gc,init] Initial Capacity: 288M
[2026-05-06T01:32:36.575+0100][0.006s][info][gc,init] Max Capacity: 4096M
[2026-05-06T01:32:36.575+0100][0.006s][info][gc,init] Medium Page Size: 32M
[2026-05-06T01:32:36.575+0100][0.006s][info][gc,init] Pre-touch: Disabled
[2026-05-06T01:32:36.575+0100][0.006s][info][gc,init] Uncommit: Enabled
[2026-05-06T01:32:36.575+0100][0.006s][info][gc,init] Uncommit Delay: 300s
[2026-05-06T01:32:36.575+0100][0.006s][info][gc,init] Runtime Workers: 7
[2026-05-06T01:32:36.576+0100][0.006s][info][gc     ] Using The Z Garbage Collector
[2026-05-06T01:32:36.579+0100][0.010s][info][gc,metaspace] CDS archive(s) mapped at: [0x0000007000000000-0x0000007000c90000-0x0000007000c90000), size 13172736, SharedBaseAddress: 0x0000007000000000, ArchiveRelocationMode: 1.
[2026-05-06T01:32:36.579+0100][0.010s][info][gc,metaspace] Compressed class space mapped at: 0x0000007001000000-0x0000007041000000, reserved size: 1073741824
[2026-05-06T01:32:36.579+0100][0.010s][info][gc,metaspace] Narrow klass base: 0x0000007000000000, Narrow klass shift: 0, Narrow klass range: 0x100000000
[2026-05-06T01:32:37.590+0100][1.021s][info][gc,start    ] GC(0) Garbage Collection (Warmup)
[2026-05-06T01:32:37.590+0100][1.021s][info][gc,task     ] GC(0) Using 3 workers
[2026-05-06T01:32:37.590+0100][1.021s][info][gc,phases   ] GC(0) Pause Mark Start 0.003ms
[2026-05-06T01:32:37.597+0100][1.028s][info][gc,phases   ] GC(0) Concurrent Mark 6.766ms
[2026-05-06T01:32:37.597+0100][1.028s][info][gc,phases   ] GC(0) Pause Mark End 0.005ms
[2026-05-06T01:32:37.597+0100][1.028s][info][gc,phases   ] GC(0) Concurrent Mark Free 0.000ms
[2026-05-06T01:32:37.599+0100][1.030s][info][gc,phases   ] GC(0) Concurrent Process Non-Strong References 2.124ms
[2026-05-06T01:32:37.599+0100][1.030s][info][gc,phases   ] GC(0) Concurrent Reset Relocation Set 0.000ms
[2026-05-06T01:32:37.601+0100][1.032s][info][gc,phases   ] GC(0) Concurrent Select Relocation Set 1.854ms
[2026-05-06T01:32:37.601+0100][1.032s][info][gc,phases   ] GC(0) Pause Relocate Start 0.003ms
[2026-05-06T01:32:37.604+0100][1.035s][info][gc,phases   ] GC(0) Concurrent Relocate 2.596ms
[2026-05-06T01:32:37.604+0100][1.035s][info][gc,load     ] GC(0) Load: 2.86/2.96/3.50
[2026-05-06T01:32:37.604+0100][1.035s][info][gc,mmu      ] GC(0) MMU: 2ms/99.7%, 5ms/99.8%, 10ms/99.9%, 20ms/99.9%, 50ms/100.0%, 100ms/100.0%
[2026-05-06T01:32:37.604+0100][1.035s][info][gc,marking  ] GC(0) Mark: 2 stripe(s), 2 proactive flush(es), 1 terminate flush(es), 0 completion(s), 0 continuation(s) 
[2026-05-06T01:32:37.604+0100][1.035s][info][gc,marking  ] GC(0) Mark Stack Usage: 32M
[2026-05-06T01:32:37.604+0100][1.035s][info][gc,nmethod  ] GC(0) NMethods: 3304 registered, 548 unregistered
[2026-05-06T01:32:37.604+0100][1.035s][info][gc,metaspace] GC(0) Metaspace: 17M used, 17M committed, 1088M reserved
[2026-05-06T01:32:37.604+0100][1.035s][info][gc,ref      ] GC(0) Soft: 4208 encountered, 0 discovered, 0 enqueued
[2026-05-06T01:32:37.604+0100][1.035s][info][gc,ref      ] GC(0) Weak: 2934 encountered, 1364 discovered, 725 enqueued
[2026-05-06T01:32:37.604+0100][1.035s][info][gc,ref      ] GC(0) Final: 6 encountered, 6 discovered, 0 enqueued
[2026-05-06T01:32:37.604+0100][1.035s][info][gc,ref      ] GC(0) Phantom: 510 encountered, 442 discovered, 239 enqueued
[2026-05-06T01:32:37.604+0100][1.035s][info][gc,reloc    ] GC(0) Small Pages: 150 / 300M, Empty: 168M, Relocated: 11M, In-Place: 0
[2026-05-06T01:32:37.604+0100][1.035s][info][gc,reloc    ] GC(0) Medium Pages: 1 / 32M, Empty: 0M, Relocated: 0M, In-Place: 0
[2026-05-06T01:32:37.604+0100][1.035s][info][gc,reloc    ] GC(0) Large Pages: 4 / 80M, Empty: 6M, Relocated: 0M, In-Place: 0
[2026-05-06T01:32:37.604+0100][1.035s][info][gc,reloc    ] GC(0) Forwarding Usage: 4M
[2026-05-06T01:32:37.604+0100][1.035s][info][gc,heap     ] GC(0) Min Capacity: 8M(0%)
[2026-05-06T01:32:37.604+0100][1.035s][info][gc,heap     ] GC(0) Max Capacity: 4096M(100%)
[2026-05-06T01:32:37.604+0100][1.035s][info][gc,heap     ] GC(0) Soft Max Capacity: 4096M(100%)
[2026-05-06T01:32:37.604+0100][1.035s][info][gc,heap     ] GC(0)                Mark Start          Mark End        Relocate Start      Relocate End           High               Low         
[2026-05-06T01:32:37.604+0100][1.035s][info][gc,heap     ] GC(0)  Capacity:      412M (10%)         420M (10%)         422M (10%)         422M (10%)         422M (10%)         412M (10%)    
[2026-05-06T01:32:37.604+0100][1.035s][info][gc,heap     ] GC(0)      Free:     3684M (90%)        3676M (90%)        3844M (94%)        3958M (97%)        3958M (97%)        3674M (90%)    
[2026-05-06T01:32:37.604+0100][1.035s][info][gc,heap     ] GC(0)      Used:      412M (10%)         420M (10%)         252M (6%)          138M (3%)          422M (10%)         138M (3%)     
[2026-05-06T01:32:37.604+0100][1.035s][info][gc,heap     ] GC(0)      Live:         -                87M (2%)           87M (2%)           87M (2%)             -                  -          
[2026-05-06T01:32:37.604+0100][1.035s][info][gc,heap     ] GC(0) Allocated:         -                 8M (0%)           14M (0%)           15M (0%)             -                  -          
[2026-05-06T01:32:37.604+0100][1.035s][info][gc,heap     ] GC(0)   Garbage:         -               324M (8%)          150M (4%)           34M (1%)             -                  -          
[2026-05-06T01:32:37.604+0100][1.035s][info][gc,heap     ] GC(0) Reclaimed:         -                  -               174M (4%)          289M (7%)             -                  -          
[2026-05-06T01:32:37.604+0100][1.035s][info][gc          ] GC(0) Garbage Collection (Warmup) 412M(10%)->138M(3%)
[2026-05-06T01:32:38.190+0100][1.621s][info][gc,start    ] GC(1) Garbage Collection (Warmup)
[2026-05-06T01:32:38.190+0100][1.621s][info][gc,task     ] GC(1) Using 3 workers
[2026-05-06T01:32:38.190+0100][1.621s][info][gc,phases   ] GC(1) Pause Mark Start 0.008ms
[2026-05-06T01:32:38.198+0100][1.628s][info][gc,phases   ] GC(1) Concurrent Mark 7.314ms
[2026-05-06T01:32:38.198+0100][1.628s][info][gc,phases   ] GC(1) Pause Mark End 0.006ms
[2026-05-06T01:32:38.198+0100][1.628s][info][gc,phases   ] GC(1) Concurrent Mark Free 0.000ms
[2026-05-06T01:32:38.200+0100][1.630s][info][gc,phases   ] GC(1) Concurrent Process Non-Strong References 1.993ms
[2026-05-06T01:32:38.200+0100][1.631s][info][gc,phases   ] GC(1) Concurrent Reset Relocation Set 0.003ms
[2026-05-06T01:32:38.202+0100][1.633s][info][gc,phases   ] GC(1) Concurrent Select Relocation Set 2.169ms
[2026-05-06T01:32:38.202+0100][1.633s][info][gc,phases   ] GC(1) Pause Relocate Start 0.003ms
[2026-05-06T01:32:38.203+0100][1.633s][info][gc,phases   ] GC(1) Concurrent Relocate 0.424ms
[2026-05-06T01:32:38.203+0100][1.633s][info][gc,load     ] GC(1) Load: 2.86/2.96/3.50
[2026-05-06T01:32:38.203+0100][1.633s][info][gc,mmu      ] GC(1) MMU: 2ms/99.6%, 5ms/99.8%, 10ms/99.9%, 20ms/99.9%, 50ms/100.0%, 100ms/100.0%
[2026-05-06T01:32:38.203+0100][1.633s][info][gc,marking  ] GC(1) Mark: 2 stripe(s), 2 proactive flush(es), 1 terminate flush(es), 0 completion(s), 0 continuation(s) 
[2026-05-06T01:32:38.203+0100][1.633s][info][gc,marking  ] GC(1) Mark Stack Usage: 32M
[2026-05-06T01:32:38.203+0100][1.633s][info][gc,nmethod  ] GC(1) NMethods: 3299 registered, 556 unregistered
[2026-05-06T01:32:38.203+0100][1.633s][info][gc,metaspace] GC(1) Metaspace: 17M used, 17M committed, 1088M reserved
[2026-05-06T01:32:38.203+0100][1.633s][info][gc,ref      ] GC(1) Soft: 4208 encountered, 0 discovered, 0 enqueued
[2026-05-06T01:32:38.203+0100][1.633s][info][gc,ref      ] GC(1) Weak: 2209 encountered, 284 discovered, 0 enqueued
[2026-05-06T01:32:38.203+0100][1.633s][info][gc,ref      ] GC(1) Final: 6 encountered, 6 discovered, 0 enqueued
[2026-05-06T01:32:38.203+0100][1.633s][info][gc,ref      ] GC(1) Phantom: 272 encountered, 177 discovered, 2 enqueued
[2026-05-06T01:32:38.203+0100][1.633s][info][gc,reloc    ] GC(1) Small Pages: 242 / 484M, Empty: 456M, Relocated: 0M, In-Place: 0
[2026-05-06T01:32:38.203+0100][1.633s][info][gc,reloc    ] GC(1) Medium Pages: 1 / 32M, Empty: 0M, Relocated: 0M, In-Place: 0
[2026-05-06T01:32:38.203+0100][1.633s][info][gc,reloc    ] GC(1) Large Pages: 5 / 330M, Empty: 28M, Relocated: 0M, In-Place: 0
[2026-05-06T01:32:38.203+0100][1.633s][info][gc,reloc    ] GC(1) Forwarding Usage: 0M
[2026-05-06T01:32:38.203+0100][1.633s][info][gc,heap     ] GC(1) Min Capacity: 8M(0%)
[2026-05-06T01:32:38.203+0100][1.633s][info][gc,heap     ] GC(1) Max Capacity: 4096M(100%)
[2026-05-06T01:32:38.203+0100][1.633s][info][gc,heap     ] GC(1) Soft Max Capacity: 4096M(100%)
[2026-05-06T01:32:38.203+0100][1.633s][info][gc,heap     ] GC(1)                Mark Start          Mark End        Relocate Start      Relocate End           High               Low         
[2026-05-06T01:32:38.203+0100][1.633s][info][gc,heap     ] GC(1)  Capacity:      846M (21%)         850M (21%)         852M (21%)         852M (21%)         852M (21%)         846M (21%)    
[2026-05-06T01:32:38.203+0100][1.633s][info][gc,heap     ] GC(1)      Free:     3250M (79%)        3246M (79%)        3728M (91%)        3736M (91%)        3736M (91%)        3244M (79%)    
[2026-05-06T01:32:38.203+0100][1.633s][info][gc,heap     ] GC(1)      Used:      846M (21%)         850M (21%)         368M (9%)          360M (9%)          852M (21%)         360M (9%)     
[2026-05-06T01:32:38.203+0100][1.633s][info][gc,heap     ] GC(1)      Live:         -               315M (8%)          315M (8%)          315M (8%)             -                  -          
[2026-05-06T01:32:38.203+0100][1.633s][info][gc,heap     ] GC(1) Allocated:         -                 4M (0%)            6M (0%)            7M (0%)             -                  -          
[2026-05-06T01:32:38.203+0100][1.633s][info][gc,heap     ] GC(1)   Garbage:         -               530M (13%)          46M (1%)           36M (1%)             -                  -          
[2026-05-06T01:32:38.203+0100][1.633s][info][gc,heap     ] GC(1) Reclaimed:         -                  -               484M (12%)         493M (12%)            -                  -          
[2026-05-06T01:32:38.203+0100][1.633s][info][gc          ] GC(1) Garbage Collection (Warmup) 846M(21%)->360M(9%)
[2026-05-06T01:32:39.098+0100][2.529s][info][gc,start    ] GC(2) Garbage Collection (System.gc())
[2026-05-06T01:32:39.098+0100][2.529s][info][gc,task     ] GC(2) Using 3 workers
[2026-05-06T01:32:39.098+0100][2.529s][info][gc,phases   ] GC(2) Pause Mark Start 0.003ms
[2026-05-06T01:32:39.104+0100][2.535s][info][gc,phases   ] GC(2) Concurrent Mark 5.845ms
[2026-05-06T01:32:39.104+0100][2.535s][info][gc,phases   ] GC(2) Pause Mark End 0.007ms
[2026-05-06T01:32:39.104+0100][2.535s][info][gc,phases   ] GC(2) Concurrent Mark Free 0.000ms
[2026-05-06T01:32:39.106+0100][2.537s][info][gc,phases   ] GC(2) Concurrent Process Non-Strong References 1.932ms
[2026-05-06T01:32:39.106+0100][2.537s][info][gc,phases   ] GC(2) Concurrent Reset Relocation Set 0.001ms
[2026-05-06T01:32:39.107+0100][2.538s][info][gc,phases   ] GC(2) Concurrent Select Relocation Set 0.826ms
[2026-05-06T01:32:39.107+0100][2.538s][info][gc,phases   ] GC(2) Pause Relocate Start 0.004ms
[2026-05-06T01:32:39.107+0100][2.538s][info][gc,phases   ] GC(2) Concurrent Relocate 0.227ms
[2026-05-06T01:32:39.107+0100][2.538s][info][gc,load     ] GC(2) Load: 2.86/2.96/3.50
[2026-05-06T01:32:39.107+0100][2.538s][info][gc,mmu      ] GC(2) MMU: 2ms/99.6%, 5ms/99.8%, 10ms/99.9%, 20ms/99.9%, 50ms/100.0%, 100ms/100.0%
[2026-05-06T01:32:39.107+0100][2.538s][info][gc,marking  ] GC(2) Mark: 2 stripe(s), 2 proactive flush(es), 1 terminate flush(es), 0 completion(s), 0 continuation(s) 
[2026-05-06T01:32:39.107+0100][2.538s][info][gc,marking  ] GC(2) Mark Stack Usage: 32M
[2026-05-06T01:32:39.107+0100][2.538s][info][gc,nmethod  ] GC(2) NMethods: 3318 registered, 575 unregistered
[2026-05-06T01:32:39.107+0100][2.538s][info][gc,metaspace] GC(2) Metaspace: 17M used, 18M committed, 1088M reserved
[2026-05-06T01:32:39.107+0100][2.538s][info][gc,ref      ] GC(2) Soft: 4215 encountered, 0 discovered, 0 enqueued
[2026-05-06T01:32:39.107+0100][2.538s][info][gc,ref      ] GC(2) Weak: 2271 encountered, 915 discovered, 31 enqueued
[2026-05-06T01:32:39.107+0100][2.538s][info][gc,ref      ] GC(2) Final: 6 encountered, 6 discovered, 0 enqueued
[2026-05-06T01:32:39.107+0100][2.538s][info][gc,ref      ] GC(2) Phantom: 290 encountered, 200 discovered, 20 enqueued
[2026-05-06T01:32:39.107+0100][2.538s][info][gc,reloc    ] GC(2) Small Pages: 331 / 662M, Empty: 636M, Relocated: 0M, In-Place: 0
[2026-05-06T01:32:39.107+0100][2.538s][info][gc,reloc    ] GC(2) Medium Pages: 2 / 64M, Empty: 32M, Relocated: 0M, In-Place: 0
[2026-05-06T01:32:39.107+0100][2.538s][info][gc,reloc    ] GC(2) Large Pages: 4 / 302M, Empty: 110M, Relocated: 0M, In-Place: 0
[2026-05-06T01:32:39.107+0100][2.538s][info][gc,reloc    ] GC(2) Forwarding Usage: 0M
[2026-05-06T01:32:39.107+0100][2.538s][info][gc,heap     ] GC(2) Min Capacity: 8M(0%)
[2026-05-06T01:32:39.107+0100][2.538s][info][gc,heap     ] GC(2) Max Capacity: 4096M(100%)
[2026-05-06T01:32:39.107+0100][2.538s][info][gc,heap     ] GC(2) Soft Max Capacity: 4096M(100%)
[2026-05-06T01:32:39.107+0100][2.538s][info][gc,heap     ] GC(2)                Mark Start          Mark End        Relocate Start      Relocate End           High               Low         
[2026-05-06T01:32:39.107+0100][2.538s][info][gc,heap     ] GC(2)  Capacity:     1028M (25%)        1028M (25%)        1028M (25%)        1028M (25%)        1028M (25%)        1028M (25%)    
[2026-05-06T01:32:39.107+0100][2.538s][info][gc,heap     ] GC(2)      Free:     3068M (75%)        3068M (75%)        3844M (94%)        3852M (94%)        3852M (94%)        3068M (75%)    
[2026-05-06T01:32:39.107+0100][2.538s][info][gc,heap     ] GC(2)      Used:     1028M (25%)        1028M (25%)         252M (6%)          244M (6%)         1028M (25%)         244M (6%)     
[2026-05-06T01:32:39.108+0100][2.538s][info][gc,heap     ] GC(2)      Live:         -               205M (5%)          205M (5%)          205M (5%)             -                  -          
[2026-05-06T01:32:39.108+0100][2.538s][info][gc,heap     ] GC(2) Allocated:         -                 0M (0%)            2M (0%)            2M (0%)             -                  -          
[2026-05-06T01:32:39.108+0100][2.538s][info][gc,heap     ] GC(2)   Garbage:         -               822M (20%)          44M (1%)           36M (1%)             -                  -          
[2026-05-06T01:32:39.108+0100][2.538s][info][gc,heap     ] GC(2) Reclaimed:         -                  -               778M (19%)         786M (19%)            -                  -          
[2026-05-06T01:32:39.108+0100][2.538s][info][gc          ] GC(2) Garbage Collection (System.gc()) 1028M(25%)->244M(6%)
[2026-05-06T01:32:39.147+0100][2.577s][info][gc,start    ] GC(3) Garbage Collection (System.gc())
[2026-05-06T01:32:39.147+0100][2.577s][info][gc,task     ] GC(3) Using 3 workers
[2026-05-06T01:32:39.147+0100][2.577s][info][gc,phases   ] GC(3) Pause Mark Start 0.004ms
[2026-05-06T01:32:39.153+0100][2.583s][info][gc,phases   ] GC(3) Concurrent Mark 5.910ms
[2026-05-06T01:32:39.153+0100][2.583s][info][gc,phases   ] GC(3) Pause Mark End 0.007ms
[2026-05-06T01:32:39.153+0100][2.583s][info][gc,phases   ] GC(3) Concurrent Mark Free 0.000ms
[2026-05-06T01:32:39.155+0100][2.585s][info][gc,phases   ] GC(3) Concurrent Process Non-Strong References 1.926ms
[2026-05-06T01:32:39.155+0100][2.585s][info][gc,phases   ] GC(3) Concurrent Reset Relocation Set 0.001ms
[2026-05-06T01:32:39.156+0100][2.586s][info][gc,phases   ] GC(3) Concurrent Select Relocation Set 0.746ms
[2026-05-06T01:32:39.156+0100][2.586s][info][gc,phases   ] GC(3) Pause Relocate Start 0.003ms
[2026-05-06T01:32:39.156+0100][2.587s][info][gc,phases   ] GC(3) Concurrent Relocate 0.419ms
[2026-05-06T01:32:39.156+0100][2.587s][info][gc,load     ] GC(3) Load: 2.86/2.96/3.50
[2026-05-06T01:32:39.156+0100][2.587s][info][gc,mmu      ] GC(3) MMU: 2ms/99.6%, 5ms/99.8%, 10ms/99.9%, 20ms/99.9%, 50ms/100.0%, 100ms/100.0%
[2026-05-06T01:32:39.156+0100][2.587s][info][gc,marking  ] GC(3) Mark: 2 stripe(s), 1 proactive flush(es), 1 terminate flush(es), 0 completion(s), 0 continuation(s) 
[2026-05-06T01:32:39.156+0100][2.587s][info][gc,marking  ] GC(3) Mark Stack Usage: 32M
[2026-05-06T01:32:39.156+0100][2.587s][info][gc,nmethod  ] GC(3) NMethods: 3359 registered, 581 unregistered
[2026-05-06T01:32:39.156+0100][2.587s][info][gc,metaspace] GC(3) Metaspace: 18M used, 18M committed, 1088M reserved
[2026-05-06T01:32:39.156+0100][2.587s][info][gc,ref      ] GC(3) Soft: 4233 encountered, 0 discovered, 0 enqueued
[2026-05-06T01:32:39.156+0100][2.587s][info][gc,ref      ] GC(3) Weak: 2342 encountered, 544 discovered, 34 enqueued
[2026-05-06T01:32:39.156+0100][2.587s][info][gc,ref      ] GC(3) Final: 6 encountered, 6 discovered, 0 enqueued
[2026-05-06T01:32:39.156+0100][2.587s][info][gc,ref      ] GC(3) Phantom: 285 encountered, 192 discovered, 15 enqueued
[2026-05-06T01:32:39.156+0100][2.587s][info][gc,reloc    ] GC(3) Small Pages: 10 / 20M, Empty: 0M, Relocated: 1M, In-Place: 0
[2026-05-06T01:32:39.156+0100][2.587s][info][gc,reloc    ] GC(3) Medium Pages: 2 / 64M, Empty: 32M, Relocated: 0M, In-Place: 0
[2026-05-06T01:32:39.156+0100][2.587s][info][gc,reloc    ] GC(3) Large Pages: 3 / 192M, Empty: 0M, Relocated: 0M, In-Place: 0
[2026-05-06T01:32:39.156+0100][2.587s][info][gc,reloc    ] GC(3) Forwarding Usage: 0M
[2026-05-06T01:32:39.156+0100][2.587s][info][gc,heap     ] GC(3) Min Capacity: 8M(0%)
[2026-05-06T01:32:39.156+0100][2.587s][info][gc,heap     ] GC(3) Max Capacity: 4096M(100%)
[2026-05-06T01:32:39.156+0100][2.587s][info][gc,heap     ] GC(3) Soft Max Capacity: 4096M(100%)
[2026-05-06T01:32:39.156+0100][2.587s][info][gc,heap     ] GC(3)                Mark Start          Mark End        Relocate Start      Relocate End           High               Low         
[2026-05-06T01:32:39.156+0100][2.587s][info][gc,heap     ] GC(3)  Capacity:     1028M (25%)        1028M (25%)        1028M (25%)        1028M (25%)        1028M (25%)        1028M (25%)    
[2026-05-06T01:32:39.156+0100][2.587s][info][gc,heap     ] GC(3)      Free:     3820M (93%)        3820M (93%)        3850M (94%)        3852M (94%)        3852M (94%)        3818M (93%)    
[2026-05-06T01:32:39.156+0100][2.587s][info][gc,heap     ] GC(3)      Used:      276M (7%)          276M (7%)          246M (6%)          244M (6%)          278M (7%)          244M (6%)     
[2026-05-06T01:32:39.156+0100][2.587s][info][gc,heap     ] GC(3)      Live:         -               205M (5%)          205M (5%)          205M (5%)             -                  -          
[2026-05-06T01:32:39.156+0100][2.587s][info][gc,heap     ] GC(3) Allocated:         -                 0M (0%)            2M (0%)            2M (0%)             -                  -          
[2026-05-06T01:32:39.156+0100][2.587s][info][gc,heap     ] GC(3)   Garbage:         -                70M (2%)           38M (1%)           36M (1%)             -                  -          
[2026-05-06T01:32:39.156+0100][2.587s][info][gc,heap     ] GC(3) Reclaimed:         -                  -                32M (1%)           34M (1%)             -                  -          
[2026-05-06T01:32:39.156+0100][2.587s][info][gc          ] GC(3) Garbage Collection (System.gc()) 276M(7%)->244M(6%)
[2026-05-06T01:32:39.204+0100][2.635s][info][gc,start    ] GC(4) Garbage Collection (System.gc())
[2026-05-06T01:32:39.204+0100][2.635s][info][gc,task     ] GC(4) Using 3 workers
[2026-05-06T01:32:39.204+0100][2.635s][info][gc,phases   ] GC(4) Pause Mark Start 0.003ms
[2026-05-06T01:32:39.209+0100][2.640s][info][gc,phases   ] GC(4) Concurrent Mark 5.034ms
[2026-05-06T01:32:39.209+0100][2.640s][info][gc,phases   ] GC(4) Pause Mark End 0.007ms
[2026-05-06T01:32:39.209+0100][2.640s][info][gc,phases   ] GC(4) Concurrent Mark Free 0.000ms
[2026-05-06T01:32:39.211+0100][2.642s][info][gc,phases   ] GC(4) Concurrent Process Non-Strong References 1.946ms
[2026-05-06T01:32:39.211+0100][2.642s][info][gc,phases   ] GC(4) Concurrent Reset Relocation Set 0.001ms
[2026-05-06T01:32:39.212+0100][2.643s][info][gc,phases   ] GC(4) Concurrent Select Relocation Set 0.699ms
[2026-05-06T01:32:39.212+0100][2.643s][info][gc,phases   ] GC(4) Pause Relocate Start 0.003ms
[2026-05-06T01:32:39.212+0100][2.643s][info][gc,phases   ] GC(4) Concurrent Relocate 0.255ms
[2026-05-06T01:32:39.212+0100][2.643s][info][gc,load     ] GC(4) Load: 2.86/2.96/3.50
[2026-05-06T01:32:39.212+0100][2.643s][info][gc,mmu      ] GC(4) MMU: 2ms/99.6%, 5ms/99.8%, 10ms/99.9%, 20ms/99.9%, 50ms/100.0%, 100ms/100.0%
[2026-05-06T01:32:39.212+0100][2.643s][info][gc,marking  ] GC(4) Mark: 2 stripe(s), 1 proactive flush(es), 1 terminate flush(es), 0 completion(s), 0 continuation(s) 
[2026-05-06T01:32:39.212+0100][2.643s][info][gc,marking  ] GC(4) Mark Stack Usage: 32M
[2026-05-06T01:32:39.212+0100][2.643s][info][gc,nmethod  ] GC(4) NMethods: 3383 registered, 586 unregistered
[2026-05-06T01:32:39.212+0100][2.643s][info][gc,metaspace] GC(4) Metaspace: 18M used, 18M committed, 1088M reserved
[2026-05-06T01:32:39.212+0100][2.643s][info][gc,ref      ] GC(4) Soft: 4238 encountered, 0 discovered, 0 enqueued
[2026-05-06T01:32:39.212+0100][2.643s][info][gc,ref      ] GC(4) Weak: 2354 encountered, 1166 discovered, 11 enqueued
[2026-05-06T01:32:39.212+0100][2.643s][info][gc,ref      ] GC(4) Final: 6 encountered, 6 discovered, 0 enqueued
[2026-05-06T01:32:39.212+0100][2.643s][info][gc,ref      ] GC(4) Phantom: 273 encountered, 172 discovered, 3 enqueued
[2026-05-06T01:32:39.213+0100][2.643s][info][gc,reloc    ] GC(4) Small Pages: 10 / 20M, Empty: 0M, Relocated: 1M, In-Place: 0
[2026-05-06T01:32:39.213+0100][2.643s][info][gc,reloc    ] GC(4) Medium Pages: 2 / 64M, Empty: 32M, Relocated: 0M, In-Place: 0
[2026-05-06T01:32:39.213+0100][2.643s][info][gc,reloc    ] GC(4) Large Pages: 3 / 192M, Empty: 0M, Relocated: 0M, In-Place: 0
[2026-05-06T01:32:39.213+0100][2.643s][info][gc,reloc    ] GC(4) Forwarding Usage: 0M
[2026-05-06T01:32:39.213+0100][2.643s][info][gc,heap     ] GC(4) Min Capacity: 8M(0%)
[2026-05-06T01:32:39.213+0100][2.643s][info][gc,heap     ] GC(4) Max Capacity: 4096M(100%)
[2026-05-06T01:32:39.213+0100][2.643s][info][gc,heap     ] GC(4) Soft Max Capacity: 4096M(100%)
[2026-05-06T01:32:39.213+0100][2.643s][info][gc,heap     ] GC(4)                Mark Start          Mark End        Relocate Start      Relocate End           High               Low         
[2026-05-06T01:32:39.213+0100][2.643s][info][gc,heap     ] GC(4)  Capacity:     1028M (25%)        1028M (25%)        1028M (25%)        1028M (25%)        1028M (25%)        1028M (25%)    
[2026-05-06T01:32:39.213+0100][2.643s][info][gc,heap     ] GC(4)      Free:     3820M (93%)        3820M (93%)        3850M (94%)        3852M (94%)        3852M (94%)        3818M (93%)    
[2026-05-06T01:32:39.213+0100][2.643s][info][gc,heap     ] GC(4)      Used:      276M (7%)          276M (7%)          246M (6%)          244M (6%)          278M (7%)          244M (6%)     
[2026-05-06T01:32:39.213+0100][2.643s][info][gc,heap     ] GC(4)      Live:         -               205M (5%)          205M (5%)          205M (5%)             -                  -          
[2026-05-06T01:32:39.213+0100][2.643s][info][gc,heap     ] GC(4) Allocated:         -                 0M (0%)            2M (0%)            2M (0%)             -                  -          
[2026-05-06T01:32:39.213+0100][2.643s][info][gc,heap     ] GC(4)   Garbage:         -                70M (2%)           38M (1%)           36M (1%)             -                  -          
[2026-05-06T01:32:39.213+0100][2.643s][info][gc,heap     ] GC(4) Reclaimed:         -                  -                32M (1%)           34M (1%)             -                  -          
[2026-05-06T01:32:39.213+0100][2.643s][info][gc          ] GC(4) Garbage Collection (System.gc()) 276M(7%)->244M(6%)
[2026-05-06T01:32:39.238+0100][2.668s][info][gc,start    ] GC(5) Garbage Collection (System.gc())
[2026-05-06T01:32:39.238+0100][2.668s][info][gc,task     ] GC(5) Using 3 workers
[2026-05-06T01:32:39.238+0100][2.668s][info][gc,phases   ] GC(5) Pause Mark Start 0.003ms
[2026-05-06T01:32:39.242+0100][2.673s][info][gc,phases   ] GC(5) Concurrent Mark 4.292ms
[2026-05-06T01:32:39.242+0100][2.673s][info][gc,phases   ] GC(5) Pause Mark End 0.005ms
[2026-05-06T01:32:39.242+0100][2.673s][info][gc,phases   ] GC(5) Concurrent Mark Free 0.000ms
[2026-05-06T01:32:39.244+0100][2.675s][info][gc,phases   ] GC(5) Concurrent Process Non-Strong References 1.676ms
[2026-05-06T01:32:39.244+0100][2.675s][info][gc,phases   ] GC(5) Concurrent Reset Relocation Set 0.001ms
[2026-05-06T01:32:39.245+0100][2.675s][info][gc,phases   ] GC(5) Concurrent Select Relocation Set 0.605ms
[2026-05-06T01:32:39.245+0100][2.675s][info][gc,phases   ] GC(5) Pause Relocate Start 0.003ms
[2026-05-06T01:32:39.245+0100][2.675s][info][gc,phases   ] GC(5) Concurrent Relocate 0.195ms
[2026-05-06T01:32:39.245+0100][2.675s][info][gc,load     ] GC(5) Load: 2.86/2.96/3.50
[2026-05-06T01:32:39.245+0100][2.675s][info][gc,mmu      ] GC(5) MMU: 2ms/99.6%, 5ms/99.8%, 10ms/99.9%, 20ms/99.9%, 50ms/100.0%, 100ms/100.0%
[2026-05-06T01:32:39.245+0100][2.675s][info][gc,marking  ] GC(5) Mark: 2 stripe(s), 2 proactive flush(es), 1 terminate flush(es), 0 completion(s), 0 continuation(s) 
[2026-05-06T01:32:39.245+0100][2.675s][info][gc,marking  ] GC(5) Mark Stack Usage: 32M
[2026-05-06T01:32:39.245+0100][2.675s][info][gc,nmethod  ] GC(5) NMethods: 3398 registered, 596 unregistered
[2026-05-06T01:32:39.245+0100][2.675s][info][gc,metaspace] GC(5) Metaspace: 18M used, 18M committed, 1088M reserved
[2026-05-06T01:32:39.245+0100][2.675s][info][gc,ref      ] GC(5) Soft: 4238 encountered, 0 discovered, 0 enqueued
[2026-05-06T01:32:39.245+0100][2.675s][info][gc,ref      ] GC(5) Weak: 2366 encountered, 1118 discovered, 6 enqueued
[2026-05-06T01:32:39.245+0100][2.675s][info][gc,ref      ] GC(5) Final: 6 encountered, 0 discovered, 0 enqueued
[2026-05-06T01:32:39.245+0100][2.675s][info][gc,ref      ] GC(5) Phantom: 273 encountered, 177 discovered, 3 enqueued
[2026-05-06T01:32:39.245+0100][2.675s][info][gc,reloc    ] GC(5) Small Pages: 11 / 22M, Empty: 0M, Relocated: 1M, In-Place: 0
[2026-05-06T01:32:39.245+0100][2.675s][info][gc,reloc    ] GC(5) Medium Pages: 2 / 64M, Empty: 32M, Relocated: 0M, In-Place: 0
[2026-05-06T01:32:39.245+0100][2.675s][info][gc,reloc    ] GC(5) Large Pages: 3 / 192M, Empty: 0M, Relocated: 0M, In-Place: 0
[2026-05-06T01:32:39.245+0100][2.675s][info][gc,reloc    ] GC(5) Forwarding Usage: 0M
[2026-05-06T01:32:39.245+0100][2.675s][info][gc,heap     ] GC(5) Min Capacity: 8M(0%)
[2026-05-06T01:32:39.245+0100][2.675s][info][gc,heap     ] GC(5) Max Capacity: 4096M(100%)
[2026-05-06T01:32:39.245+0100][2.675s][info][gc,heap     ] GC(5) Soft Max Capacity: 4096M(100%)
[2026-05-06T01:32:39.245+0100][2.675s][info][gc,heap     ] GC(5)                Mark Start          Mark End        Relocate Start      Relocate End           High               Low         
[2026-05-06T01:32:39.245+0100][2.675s][info][gc,heap     ] GC(5)  Capacity:     1028M (25%)        1028M (25%)        1028M (25%)        1028M (25%)        1028M (25%)        1028M (25%)    
[2026-05-06T01:32:39.245+0100][2.676s][info][gc,heap     ] GC(5)      Free:     3818M (93%)        3818M (93%)        3848M (94%)        3852M (94%)        3852M (94%)        3816M (93%)    
[2026-05-06T01:32:39.245+0100][2.676s][info][gc,heap     ] GC(5)      Used:      278M (7%)          278M (7%)          248M (6%)          244M (6%)          280M (7%)          244M (6%)     
[2026-05-06T01:32:39.245+0100][2.676s][info][gc,heap     ] GC(5)      Live:         -               205M (5%)          205M (5%)          205M (5%)             -                  -          
[2026-05-06T01:32:39.245+0100][2.676s][info][gc,heap     ] GC(5) Allocated:         -                 0M (0%)            2M (0%)            2M (0%)             -                  -          
[2026-05-06T01:32:39.245+0100][2.676s][info][gc,heap     ] GC(5)   Garbage:         -                72M (2%)           40M (1%)           36M (1%)             -                  -          
[2026-05-06T01:32:39.245+0100][2.676s][info][gc,heap     ] GC(5) Reclaimed:         -                  -                32M (1%)           36M (1%)             -                  -          
[2026-05-06T01:32:39.245+0100][2.676s][info][gc          ] GC(5) Garbage Collection (System.gc()) 278M(7%)->244M(6%)
[2026-05-06T01:32:39.260+0100][2.691s][info][gc,start    ] GC(6) Garbage Collection (System.gc())
[2026-05-06T01:32:39.260+0100][2.691s][info][gc,task     ] GC(6) Using 3 workers
[2026-05-06T01:32:39.260+0100][2.691s][info][gc,phases   ] GC(6) Pause Mark Start 0.002ms
[2026-05-06T01:32:39.266+0100][2.696s][info][gc,phases   ] GC(6) Concurrent Mark 5.464ms
[2026-05-06T01:32:39.266+0100][2.696s][info][gc,phases   ] GC(6) Pause Mark End 0.006ms
[2026-05-06T01:32:39.266+0100][2.696s][info][gc,phases   ] GC(6) Concurrent Mark Free 0.000ms
[2026-05-06T01:32:39.268+0100][2.698s][info][gc,phases   ] GC(6) Concurrent Process Non-Strong References 1.825ms
[2026-05-06T01:32:39.268+0100][2.698s][info][gc,phases   ] GC(6) Concurrent Reset Relocation Set 0.001ms
[2026-05-06T01:32:39.268+0100][2.699s][info][gc,phases   ] GC(6) Concurrent Select Relocation Set 0.609ms
[2026-05-06T01:32:39.268+0100][2.699s][info][gc,phases   ] GC(6) Pause Relocate Start 0.003ms
[2026-05-06T01:32:39.268+0100][2.699s][info][gc,phases   ] GC(6) Concurrent Relocate 0.193ms
[2026-05-06T01:32:39.268+0100][2.699s][info][gc,load     ] GC(6) Load: 2.86/2.96/3.50
[2026-05-06T01:32:39.268+0100][2.699s][info][gc,mmu      ] GC(6) MMU: 2ms/99.6%, 5ms/99.8%, 10ms/99.9%, 20ms/99.9%, 50ms/100.0%, 100ms/100.0%
[2026-05-06T01:32:39.268+0100][2.699s][info][gc,marking  ] GC(6) Mark: 2 stripe(s), 4 proactive flush(es), 1 terminate flush(es), 0 completion(s), 0 continuation(s) 
[2026-05-06T01:32:39.268+0100][2.699s][info][gc,marking  ] GC(6) Mark Stack Usage: 32M
[2026-05-06T01:32:39.268+0100][2.699s][info][gc,nmethod  ] GC(6) NMethods: 3405 registered, 600 unregistered
[2026-05-06T01:32:39.268+0100][2.699s][info][gc,metaspace] GC(6) Metaspace: 18M used, 18M committed, 1088M reserved
[2026-05-06T01:32:39.268+0100][2.699s][info][gc,ref      ] GC(6) Soft: 4238 encountered, 0 discovered, 0 enqueued
[2026-05-06T01:32:39.269+0100][2.699s][info][gc,ref      ] GC(6) Weak: 2359 encountered, 224 discovered, 0 enqueued
[2026-05-06T01:32:39.269+0100][2.699s][info][gc,ref      ] GC(6) Final: 6 encountered, 6 discovered, 0 enqueued
[2026-05-06T01:32:39.269+0100][2.699s][info][gc,ref      ] GC(6) Phantom: 270 encountered, 200 discovered, 0 enqueued
[2026-05-06T01:32:39.269+0100][2.699s][info][gc,reloc    ] GC(6) Small Pages: 11 / 22M, Empty: 2M, Relocated: 1M, In-Place: 0
[2026-05-06T01:32:39.269+0100][2.699s][info][gc,reloc    ] GC(6) Medium Pages: 2 / 64M, Empty: 32M, Relocated: 0M, In-Place: 0
[2026-05-06T01:32:39.269+0100][2.699s][info][gc,reloc    ] GC(6) Large Pages: 3 / 192M, Empty: 0M, Relocated: 0M, In-Place: 0
[2026-05-06T01:32:39.269+0100][2.699s][info][gc,reloc    ] GC(6) Forwarding Usage: 0M
[2026-05-06T01:32:39.269+0100][2.699s][info][gc,heap     ] GC(6) Min Capacity: 8M(0%)
[2026-05-06T01:32:39.269+0100][2.699s][info][gc,heap     ] GC(6) Max Capacity: 4096M(100%)
[2026-05-06T01:32:39.269+0100][2.699s][info][gc,heap     ] GC(6) Soft Max Capacity: 4096M(100%)
[2026-05-06T01:32:39.269+0100][2.699s][info][gc,heap     ] GC(6)                Mark Start          Mark End        Relocate Start      Relocate End           High               Low         
[2026-05-06T01:32:39.269+0100][2.699s][info][gc,heap     ] GC(6)  Capacity:     1028M (25%)        1028M (25%)        1028M (25%)        1028M (25%)        1028M (25%)        1028M (25%)    
[2026-05-06T01:32:39.269+0100][2.699s][info][gc,heap     ] GC(6)      Free:     3818M (93%)        3818M (93%)        3852M (94%)        3854M (94%)        3854M (94%)        3818M (93%)    
[2026-05-06T01:32:39.269+0100][2.699s][info][gc,heap     ] GC(6)      Used:      278M (7%)          278M (7%)          244M (6%)          242M (6%)          278M (7%)          242M (6%)     
[2026-05-06T01:32:39.269+0100][2.699s][info][gc,heap     ] GC(6)      Live:         -               205M (5%)          205M (5%)          205M (5%)             -                  -          
[2026-05-06T01:32:39.269+0100][2.699s][info][gc,heap     ] GC(6) Allocated:         -                 0M (0%)            0M (0%)            0M (0%)             -                  -          
[2026-05-06T01:32:39.269+0100][2.699s][info][gc,heap     ] GC(6)   Garbage:         -                72M (2%)           38M (1%)           36M (1%)             -                  -          
[2026-05-06T01:32:39.269+0100][2.699s][info][gc,heap     ] GC(6) Reclaimed:         -                  -                34M (1%)           36M (1%)             -                  -          
[2026-05-06T01:32:39.269+0100][2.699s][info][gc          ] GC(6) Garbage Collection (System.gc()) 278M(7%)->242M(6%)
[2026-05-06T01:32:39.278+0100][2.709s][info][gc,start    ] GC(7) Garbage Collection (System.gc())
[2026-05-06T01:32:39.278+0100][2.709s][info][gc,task     ] GC(7) Using 3 workers
[2026-05-06T01:32:39.278+0100][2.709s][info][gc,phases   ] GC(7) Pause Mark Start 0.003ms
[2026-05-06T01:32:39.283+0100][2.713s][info][gc,phases   ] GC(7) Concurrent Mark 4.408ms
[2026-05-06T01:32:39.283+0100][2.713s][info][gc,phases   ] GC(7) Pause Mark End 0.007ms
[2026-05-06T01:32:39.283+0100][2.713s][info][gc,phases   ] GC(7) Concurrent Mark Free 0.000ms
[2026-05-06T01:32:39.286+0100][2.717s][info][gc,phases   ] GC(7) Concurrent Process Non-Strong References 3.557ms
[2026-05-06T01:32:39.286+0100][2.717s][info][gc,phases   ] GC(7) Concurrent Reset Relocation Set 0.001ms
[2026-05-06T01:32:39.287+0100][2.718s][info][gc,phases   ] GC(7) Concurrent Select Relocation Set 0.621ms
[2026-05-06T01:32:39.287+0100][2.718s][info][gc,phases   ] GC(7) Pause Relocate Start 0.004ms
[2026-05-06T01:32:39.287+0100][2.718s][info][gc,phases   ] GC(7) Concurrent Relocate 0.282ms
[2026-05-06T01:32:39.288+0100][2.718s][info][gc,load     ] GC(7) Load: 2.86/2.96/3.50
[2026-05-06T01:32:39.288+0100][2.718s][info][gc,mmu      ] GC(7) MMU: 2ms/99.6%, 5ms/99.8%, 10ms/99.9%, 20ms/99.9%, 50ms/99.9%, 100ms/100.0%
[2026-05-06T01:32:39.288+0100][2.718s][info][gc,marking  ] GC(7) Mark: 2 stripe(s), 1 proactive flush(es), 1 terminate flush(es), 0 completion(s), 0 continuation(s) 
[2026-05-06T01:32:39.288+0100][2.718s][info][gc,marking  ] GC(7) Mark Stack Usage: 32M
[2026-05-06T01:32:39.288+0100][2.718s][info][gc,nmethod  ] GC(7) NMethods: 3416 registered, 600 unregistered
[2026-05-06T01:32:39.288+0100][2.718s][info][gc,metaspace] GC(7) Metaspace: 18M used, 18M committed, 1088M reserved
[2026-05-06T01:32:39.288+0100][2.718s][info][gc,ref      ] GC(7) Soft: 4238 encountered, 0 discovered, 0 enqueued
[2026-05-06T01:32:39.288+0100][2.718s][info][gc,ref      ] GC(7) Weak: 2359 encountered, 1198 discovered, 0 enqueued
[2026-05-06T01:32:39.288+0100][2.718s][info][gc,ref      ] GC(7) Final: 6 encountered, 6 discovered, 0 enqueued
[2026-05-06T01:32:39.288+0100][2.718s][info][gc,ref      ] GC(7) Phantom: 270 encountered, 175 discovered, 0 enqueued
[2026-05-06T01:32:39.288+0100][2.718s][info][gc,reloc    ] GC(7) Small Pages: 10 / 20M, Empty: 0M, Relocated: 1M, In-Place: 0
[2026-05-06T01:32:39.288+0100][2.718s][info][gc,reloc    ] GC(7) Medium Pages: 2 / 64M, Empty: 32M, Relocated: 0M, In-Place: 0
[2026-05-06T01:32:39.288+0100][2.718s][info][gc,reloc    ] GC(7) Large Pages: 3 / 192M, Empty: 0M, Relocated: 0M, In-Place: 0
[2026-05-06T01:32:39.288+0100][2.718s][info][gc,reloc    ] GC(7) Forwarding Usage: 0M
[2026-05-06T01:32:39.288+0100][2.718s][info][gc,heap     ] GC(7) Min Capacity: 8M(0%)
[2026-05-06T01:32:39.288+0100][2.718s][info][gc,heap     ] GC(7) Max Capacity: 4096M(100%)
[2026-05-06T01:32:39.288+0100][2.718s][info][gc,heap     ] GC(7) Soft Max Capacity: 4096M(100%)
[2026-05-06T01:32:39.288+0100][2.718s][info][gc,heap     ] GC(7)                Mark Start          Mark End        Relocate Start      Relocate End           High               Low         
[2026-05-06T01:32:39.288+0100][2.718s][info][gc,heap     ] GC(7)  Capacity:     1028M (25%)        1028M (25%)        1028M (25%)        1028M (25%)        1028M (25%)        1028M (25%)    
[2026-05-06T01:32:39.288+0100][2.718s][info][gc,heap     ] GC(7)      Free:     3820M (93%)        3820M (93%)        3852M (94%)        3854M (94%)        3854M (94%)        3820M (93%)    
[2026-05-06T01:32:39.288+0100][2.718s][info][gc,heap     ] GC(7)      Used:      276M (7%)          276M (7%)          244M (6%)          242M (6%)          276M (7%)          242M (6%)     
[2026-05-06T01:32:39.288+0100][2.718s][info][gc,heap     ] GC(7)      Live:         -               205M (5%)          205M (5%)          205M (5%)             -                  -          
[2026-05-06T01:32:39.288+0100][2.718s][info][gc,heap     ] GC(7) Allocated:         -                 0M (0%)            0M (0%)            0M (0%)             -                  -          
[2026-05-06T01:32:39.288+0100][2.718s][info][gc,heap     ] GC(7)   Garbage:         -                70M (2%)           38M (1%)           36M (1%)             -                  -          
[2026-05-06T01:32:39.288+0100][2.718s][info][gc,heap     ] GC(7) Reclaimed:         -                  -                32M (1%)           34M (1%)             -                  -          
[2026-05-06T01:32:39.288+0100][2.718s][info][gc          ] GC(7) Garbage Collection (System.gc()) 276M(7%)->242M(6%)
[2026-05-06T01:32:39.297+0100][2.727s][info][gc,start    ] GC(8) Garbage Collection (System.gc())
[2026-05-06T01:32:39.297+0100][2.727s][info][gc,task     ] GC(8) Using 3 workers
[2026-05-06T01:32:39.297+0100][2.727s][info][gc,phases   ] GC(8) Pause Mark Start 0.003ms
[2026-05-06T01:32:39.301+0100][2.732s][info][gc,phases   ] GC(8) Concurrent Mark 4.297ms
[2026-05-06T01:32:39.301+0100][2.732s][info][gc,phases   ] GC(8) Pause Mark End 0.006ms
[2026-05-06T01:32:39.301+0100][2.732s][info][gc,phases   ] GC(8) Concurrent Mark Free 0.000ms
[2026-05-06T01:32:39.303+0100][2.734s][info][gc,phases   ] GC(8) Concurrent Process Non-Strong References 1.616ms
[2026-05-06T01:32:39.303+0100][2.734s][info][gc,phases   ] GC(8) Concurrent Reset Relocation Set 0.000ms
[2026-05-06T01:32:39.304+0100][2.734s][info][gc,phases   ] GC(8) Concurrent Select Relocation Set 0.656ms
[2026-05-06T01:32:39.304+0100][2.734s][info][gc,phases   ] GC(8) Pause Relocate Start 0.003ms
[2026-05-06T01:32:39.304+0100][2.734s][info][gc,phases   ] GC(8) Concurrent Relocate 0.207ms
[2026-05-06T01:32:39.304+0100][2.735s][info][gc,load     ] GC(8) Load: 2.86/2.96/3.50
[2026-05-06T01:32:39.304+0100][2.735s][info][gc,mmu      ] GC(8) MMU: 2ms/99.6%, 5ms/99.8%, 10ms/99.9%, 20ms/99.9%, 50ms/99.9%, 100ms/99.9%
[2026-05-06T01:32:39.304+0100][2.735s][info][gc,marking  ] GC(8) Mark: 2 stripe(s), 1 proactive flush(es), 1 terminate flush(es), 0 completion(s), 0 continuation(s) 
[2026-05-06T01:32:39.304+0100][2.735s][info][gc,marking  ] GC(8) Mark Stack Usage: 32M
[2026-05-06T01:32:39.304+0100][2.735s][info][gc,nmethod  ] GC(8) NMethods: 3432 registered, 601 unregistered
[2026-05-06T01:32:39.304+0100][2.735s][info][gc,metaspace] GC(8) Metaspace: 18M used, 18M committed, 1088M reserved
[2026-05-06T01:32:39.304+0100][2.735s][info][gc,ref      ] GC(8) Soft: 4238 encountered, 0 discovered, 0 enqueued
[2026-05-06T01:32:39.304+0100][2.735s][info][gc,ref      ] GC(8) Weak: 2359 encountered, 1080 discovered, 0 enqueued
[2026-05-06T01:32:39.304+0100][2.735s][info][gc,ref      ] GC(8) Final: 6 encountered, 4 discovered, 0 enqueued
[2026-05-06T01:32:39.304+0100][2.735s][info][gc,ref      ] GC(8) Phantom: 270 encountered, 178 discovered, 0 enqueued
[2026-05-06T01:32:39.304+0100][2.735s][info][gc,reloc    ] GC(8) Small Pages: 13 / 26M, Empty: 6M, Relocated: 1M, In-Place: 0
[2026-05-06T01:32:39.304+0100][2.735s][info][gc,reloc    ] GC(8) Medium Pages: 2 / 64M, Empty: 32M, Relocated: 0M, In-Place: 0
[2026-05-06T01:32:39.304+0100][2.735s][info][gc,reloc    ] GC(8) Large Pages: 3 / 192M, Empty: 0M, Relocated: 0M, In-Place: 0
[2026-05-06T01:32:39.304+0100][2.735s][info][gc,reloc    ] GC(8) Forwarding Usage: 0M
[2026-05-06T01:32:39.304+0100][2.735s][info][gc,heap     ] GC(8) Min Capacity: 8M(0%)
[2026-05-06T01:32:39.304+0100][2.735s][info][gc,heap     ] GC(8) Max Capacity: 4096M(100%)
[2026-05-06T01:32:39.304+0100][2.735s][info][gc,heap     ] GC(8) Soft Max Capacity: 4096M(100%)
[2026-05-06T01:32:39.304+0100][2.735s][info][gc,heap     ] GC(8)                Mark Start          Mark End        Relocate Start      Relocate End           High               Low         
[2026-05-06T01:32:39.304+0100][2.735s][info][gc,heap     ] GC(8)  Capacity:     1028M (25%)        1028M (25%)        1028M (25%)        1028M (25%)        1028M (25%)        1028M (25%)    
[2026-05-06T01:32:39.304+0100][2.735s][info][gc,heap     ] GC(8)      Free:     3814M (93%)        3814M (93%)        3852M (94%)        3854M (94%)        3854M (94%)        3814M (93%)    
[2026-05-06T01:32:39.304+0100][2.735s][info][gc,heap     ] GC(8)      Used:      282M (7%)          282M (7%)          244M (6%)          242M (6%)          282M (7%)          242M (6%)     
[2026-05-06T01:32:39.304+0100][2.735s][info][gc,heap     ] GC(8)      Live:         -               205M (5%)          205M (5%)          205M (5%)             -                  -          
[2026-05-06T01:32:39.304+0100][2.735s][info][gc,heap     ] GC(8) Allocated:         -                 0M (0%)            0M (0%)            0M (0%)             -                  -          
[2026-05-06T01:32:39.304+0100][2.735s][info][gc,heap     ] GC(8)   Garbage:         -                76M (2%)           38M (1%)           36M (1%)             -                  -          
[2026-05-06T01:32:39.304+0100][2.735s][info][gc,heap     ] GC(8) Reclaimed:         -                  -                38M (1%)           40M (1%)             -                  -          
[2026-05-06T01:32:39.304+0100][2.735s][info][gc          ] GC(8) Garbage Collection (System.gc()) 282M(7%)->242M(6%)
[2026-05-06T01:32:39.313+0100][2.744s][info][gc,start    ] GC(9) Garbage Collection (System.gc())
[2026-05-06T01:32:39.313+0100][2.744s][info][gc,task     ] GC(9) Using 3 workers
[2026-05-06T01:32:39.313+0100][2.744s][info][gc,phases   ] GC(9) Pause Mark Start 0.003ms
[2026-05-06T01:32:39.317+0100][2.748s][info][gc,phases   ] GC(9) Concurrent Mark 4.164ms
[2026-05-06T01:32:39.317+0100][2.748s][info][gc,phases   ] GC(9) Pause Mark End 0.010ms
[2026-05-06T01:32:39.317+0100][2.748s][info][gc,phases   ] GC(9) Concurrent Mark Free 0.001ms
[2026-05-06T01:32:39.319+0100][2.750s][info][gc,phases   ] GC(9) Concurrent Process Non-Strong References 1.776ms
[2026-05-06T01:32:39.319+0100][2.750s][info][gc,phases   ] GC(9) Concurrent Reset Relocation Set 0.001ms
[2026-05-06T01:32:39.320+0100][2.751s][info][gc,phases   ] GC(9) Concurrent Select Relocation Set 0.662ms
[2026-05-06T01:32:39.320+0100][2.751s][info][gc,phases   ] GC(9) Pause Relocate Start 0.003ms
[2026-05-06T01:32:39.320+0100][2.751s][info][gc,phases   ] GC(9) Concurrent Relocate 0.184ms
[2026-05-06T01:32:39.320+0100][2.751s][info][gc,load     ] GC(9) Load: 2.86/2.96/3.50
[2026-05-06T01:32:39.320+0100][2.751s][info][gc,mmu      ] GC(9) MMU: 2ms/99.5%, 5ms/99.8%, 10ms/99.9%, 20ms/99.9%, 50ms/99.9%, 100ms/99.9%
[2026-05-06T01:32:39.320+0100][2.751s][info][gc,marking  ] GC(9) Mark: 2 stripe(s), 1 proactive flush(es), 1 terminate flush(es), 0 completion(s), 0 continuation(s) 
[2026-05-06T01:32:39.320+0100][2.751s][info][gc,marking  ] GC(9) Mark Stack Usage: 32M
[2026-05-06T01:32:39.320+0100][2.751s][info][gc,nmethod  ] GC(9) NMethods: 3456 registered, 601 unregistered
[2026-05-06T01:32:39.320+0100][2.751s][info][gc,metaspace] GC(9) Metaspace: 18M used, 18M committed, 1088M reserved
[2026-05-06T01:32:39.320+0100][2.751s][info][gc,ref      ] GC(9) Soft: 4238 encountered, 0 discovered, 0 enqueued
[2026-05-06T01:32:39.320+0100][2.751s][info][gc,ref      ] GC(9) Weak: 2359 encountered, 396 discovered, 0 enqueued
[2026-05-06T01:32:39.320+0100][2.751s][info][gc,ref      ] GC(9) Final: 6 encountered, 6 discovered, 0 enqueued
[2026-05-06T01:32:39.320+0100][2.751s][info][gc,ref      ] GC(9) Phantom: 270 encountered, 170 discovered, 0 enqueued
[2026-05-06T01:32:39.320+0100][2.751s][info][gc,reloc    ] GC(9) Small Pages: 12 / 24M, Empty: 4M, Relocated: 1M, In-Place: 0
[2026-05-06T01:32:39.320+0100][2.751s][info][gc,reloc    ] GC(9) Medium Pages: 2 / 64M, Empty: 32M, Relocated: 0M, In-Place: 0
[2026-05-06T01:32:39.320+0100][2.751s][info][gc,reloc    ] GC(9) Large Pages: 3 / 192M, Empty: 0M, Relocated: 0M, In-Place: 0
[2026-05-06T01:32:39.320+0100][2.751s][info][gc,reloc    ] GC(9) Forwarding Usage: 0M
[2026-05-06T01:32:39.320+0100][2.751s][info][gc,heap     ] GC(9) Min Capacity: 8M(0%)
[2026-05-06T01:32:39.320+0100][2.751s][info][gc,heap     ] GC(9) Max Capacity: 4096M(100%)
[2026-05-06T01:32:39.320+0100][2.751s][info][gc,heap     ] GC(9) Soft Max Capacity: 4096M(100%)
[2026-05-06T01:32:39.320+0100][2.751s][info][gc,heap     ] GC(9)                Mark Start          Mark End        Relocate Start      Relocate End           High               Low         
[2026-05-06T01:32:39.320+0100][2.751s][info][gc,heap     ] GC(9)  Capacity:     1028M (25%)        1028M (25%)        1028M (25%)        1028M (25%)        1028M (25%)        1028M (25%)    
[2026-05-06T01:32:39.320+0100][2.751s][info][gc,heap     ] GC(9)      Free:     3816M (93%)        3816M (93%)        3852M (94%)        3854M (94%)        3854M (94%)        3816M (93%)    
[2026-05-06T01:32:39.320+0100][2.751s][info][gc,heap     ] GC(9)      Used:      280M (7%)          280M (7%)          244M (6%)          242M (6%)          280M (7%)          242M (6%)     
[2026-05-06T01:32:39.320+0100][2.751s][info][gc,heap     ] GC(9)      Live:         -               205M (5%)          205M (5%)          205M (5%)             -                  -          
[2026-05-06T01:32:39.320+0100][2.751s][info][gc,heap     ] GC(9) Allocated:         -                 0M (0%)            0M (0%)            0M (0%)             -                  -          
[2026-05-06T01:32:39.320+0100][2.751s][info][gc,heap     ] GC(9)   Garbage:         -                74M (2%)           38M (1%)           36M (1%)             -                  -          
[2026-05-06T01:32:39.320+0100][2.751s][info][gc,heap     ] GC(9) Reclaimed:         -                  -                36M (1%)           38M (1%)             -                  -          
[2026-05-06T01:32:39.320+0100][2.751s][info][gc          ] GC(9) Garbage Collection (System.gc()) 280M(7%)->242M(6%)
[2026-05-06T01:32:39.328+0100][2.759s][info][gc,start    ] GC(10) Garbage Collection (System.gc())
[2026-05-06T01:32:39.328+0100][2.759s][info][gc,task     ] GC(10) Using 3 workers
[2026-05-06T01:32:39.328+0100][2.759s][info][gc,phases   ] GC(10) Pause Mark Start 0.003ms
[2026-05-06T01:32:39.333+0100][2.764s][info][gc,phases   ] GC(10) Concurrent Mark 4.908ms
[2026-05-06T01:32:39.333+0100][2.764s][info][gc,phases   ] GC(10) Pause Mark End 0.006ms
[2026-05-06T01:32:39.333+0100][2.764s][info][gc,phases   ] GC(10) Concurrent Mark Free 0.000ms
[2026-05-06T01:32:39.335+0100][2.766s][info][gc,phases   ] GC(10) Concurrent Process Non-Strong References 1.895ms
[2026-05-06T01:32:39.335+0100][2.766s][info][gc,phases   ] GC(10) Concurrent Reset Relocation Set 0.001ms
[2026-05-06T01:32:39.336+0100][2.767s][info][gc,phases   ] GC(10) Concurrent Select Relocation Set 0.696ms
[2026-05-06T01:32:39.336+0100][2.767s][info][gc,phases   ] GC(10) Pause Relocate Start 0.004ms
[2026-05-06T01:32:39.336+0100][2.767s][info][gc,phases   ] GC(10) Concurrent Relocate 0.268ms
[2026-05-06T01:32:39.336+0100][2.767s][info][gc,load     ] GC(10) Load: 2.86/2.96/3.50
[2026-05-06T01:32:39.336+0100][2.767s][info][gc,mmu      ] GC(10) MMU: 2ms/99.5%, 5ms/99.8%, 10ms/99.9%, 20ms/99.9%, 50ms/99.9%, 100ms/99.9%
[2026-05-06T01:32:39.336+0100][2.767s][info][gc,marking  ] GC(10) Mark: 2 stripe(s), 2 proactive flush(es), 1 terminate flush(es), 0 completion(s), 0 continuation(s) 
[2026-05-06T01:32:39.336+0100][2.767s][info][gc,marking  ] GC(10) Mark Stack Usage: 32M
[2026-05-06T01:32:39.336+0100][2.767s][info][gc,nmethod  ] GC(10) NMethods: 3485 registered, 601 unregistered
[2026-05-06T01:32:39.336+0100][2.767s][info][gc,metaspace] GC(10) Metaspace: 18M used, 18M committed, 1088M reserved
[2026-05-06T01:32:39.336+0100][2.767s][info][gc,ref      ] GC(10) Soft: 4238 encountered, 0 discovered, 0 enqueued
[2026-05-06T01:32:39.336+0100][2.767s][info][gc,ref      ] GC(10) Weak: 2360 encountered, 422 discovered, 0 enqueued
[2026-05-06T01:32:39.336+0100][2.767s][info][gc,ref      ] GC(10) Final: 6 encountered, 1 discovered, 0 enqueued
[2026-05-06T01:32:39.336+0100][2.767s][info][gc,ref      ] GC(10) Phantom: 270 encountered, 139 discovered, 0 enqueued
[2026-05-06T01:32:39.336+0100][2.767s][info][gc,reloc    ] GC(10) Small Pages: 11 / 22M, Empty: 0M, Relocated: 1M, In-Place: 0
[2026-05-06T01:32:39.336+0100][2.767s][info][gc,reloc    ] GC(10) Medium Pages: 2 / 64M, Empty: 32M, Relocated: 0M, In-Place: 0
[2026-05-06T01:32:39.336+0100][2.767s][info][gc,reloc    ] GC(10) Large Pages: 3 / 192M, Empty: 0M, Relocated: 0M, In-Place: 0
[2026-05-06T01:32:39.336+0100][2.767s][info][gc,reloc    ] GC(10) Forwarding Usage: 0M
[2026-05-06T01:32:39.336+0100][2.767s][info][gc,heap     ] GC(10) Min Capacity: 8M(0%)
[2026-05-06T01:32:39.336+0100][2.767s][info][gc,heap     ] GC(10) Max Capacity: 4096M(100%)
[2026-05-06T01:32:39.336+0100][2.767s][info][gc,heap     ] GC(10) Soft Max Capacity: 4096M(100%)
[2026-05-06T01:32:39.336+0100][2.767s][info][gc,heap     ] GC(10)                Mark Start          Mark End        Relocate Start      Relocate End           High               Low         
[2026-05-06T01:32:39.336+0100][2.767s][info][gc,heap     ] GC(10)  Capacity:     1028M (25%)        1028M (25%)        1028M (25%)        1028M (25%)        1028M (25%)        1028M (25%)    
[2026-05-06T01:32:39.336+0100][2.767s][info][gc,heap     ] GC(10)      Free:     3818M (93%)        3818M (93%)        3850M (94%)        3854M (94%)        3854M (94%)        3818M (93%)    
[2026-05-06T01:32:39.336+0100][2.767s][info][gc,heap     ] GC(10)      Used:      278M (7%)          278M (7%)          246M (6%)          242M (6%)          278M (7%)          242M (6%)     
[2026-05-06T01:32:39.336+0100][2.767s][info][gc,heap     ] GC(10)      Live:         -               205M (5%)          205M (5%)          205M (5%)             -                  -          
[2026-05-06T01:32:39.336+0100][2.767s][info][gc,heap     ] GC(10) Allocated:         -                 0M (0%)            0M (0%)            0M (0%)             -                  -          
[2026-05-06T01:32:39.336+0100][2.767s][info][gc,heap     ] GC(10)   Garbage:         -                72M (2%)           40M (1%)           36M (1%)             -                  -          
[2026-05-06T01:32:39.336+0100][2.767s][info][gc,heap     ] GC(10) Reclaimed:         -                  -                32M (1%)           36M (1%)             -                  -          
[2026-05-06T01:32:39.336+0100][2.767s][info][gc          ] GC(10) Garbage Collection (System.gc()) 278M(7%)->242M(6%)
[2026-05-06T01:32:39.350+0100][2.780s][info][gc,start    ] GC(11) Garbage Collection (System.gc())
[2026-05-06T01:32:39.350+0100][2.781s][info][gc,task     ] GC(11) Using 3 workers
[2026-05-06T01:32:39.350+0100][2.781s][info][gc,phases   ] GC(11) Pause Mark Start 0.003ms
[2026-05-06T01:32:39.381+0100][2.812s][info][gc,phases   ] GC(11) Concurrent Mark 31.432ms
[2026-05-06T01:32:39.381+0100][2.812s][info][gc,phases   ] GC(11) Pause Mark End 0.007ms
[2026-05-06T01:32:39.381+0100][2.812s][info][gc,phases   ] GC(11) Concurrent Mark Free 0.000ms
[2026-05-06T01:32:39.418+0100][2.848s][info][gc,phases   ] GC(11) Concurrent Process Non-Strong References 36.186ms
[2026-05-06T01:32:39.418+0100][2.848s][info][gc,phases   ] GC(11) Concurrent Reset Relocation Set 0.001ms
[2026-05-06T01:32:39.420+0100][2.851s][info][gc,phases   ] GC(11) Concurrent Select Relocation Set 2.285ms
[2026-05-06T01:32:39.420+0100][2.851s][info][gc,phases   ] GC(11) Pause Relocate Start 0.088ms
[2026-05-06T01:32:39.421+0100][2.852s][info][gc,phases   ] GC(11) Concurrent Relocate 1.029ms
[2026-05-06T01:32:39.421+0100][2.852s][info][gc,load     ] GC(11) Load: 2.86/2.96/3.50
[2026-05-06T01:32:39.421+0100][2.852s][info][gc,mmu      ] GC(11) MMU: 2ms/95.6%, 5ms/98.2%, 10ms/99.1%, 20ms/99.6%, 50ms/99.8%, 100ms/99.9%
[2026-05-06T01:32:39.421+0100][2.852s][info][gc,marking  ] GC(11) Mark: 2 stripe(s), 1 proactive flush(es), 1 terminate flush(es), 0 completion(s), 0 continuation(s) 
[2026-05-06T01:32:39.421+0100][2.852s][info][gc,marking  ] GC(11) Mark Stack Usage: 32M
[2026-05-06T01:32:39.421+0100][2.852s][info][gc,nmethod  ] GC(11) NMethods: 3510 registered, 602 unregistered
[2026-05-06T01:32:39.422+0100][2.852s][info][gc,metaspace] GC(11) Metaspace: 18M used, 18M committed, 1088M reserved
[2026-05-06T01:32:39.422+0100][2.852s][info][gc,ref      ] GC(11) Soft: 4238 encountered, 0 discovered, 0 enqueued
[2026-05-06T01:32:39.422+0100][2.852s][info][gc,ref      ] GC(11) Weak: 2359 encountered, 1355 discovered, 0 enqueued
[2026-05-06T01:32:39.422+0100][2.852s][info][gc,ref      ] GC(11) Final: 6 encountered, 1 discovered, 0 enqueued
[2026-05-06T01:32:39.422+0100][2.852s][info][gc,ref      ] GC(11) Phantom: 270 encountered, 200 discovered, 0 enqueued
[2026-05-06T01:32:39.422+0100][2.852s][info][gc,reloc    ] GC(11) Small Pages: 16 / 32M, Empty: 12M, Relocated: 1M, In-Place: 0
[2026-05-06T01:32:39.422+0100][2.852s][info][gc,reloc    ] GC(11) Medium Pages: 2 / 64M, Empty: 32M, Relocated: 0M, In-Place: 0
[2026-05-06T01:32:39.422+0100][2.852s][info][gc,reloc    ] GC(11) Large Pages: 3 / 192M, Empty: 0M, Relocated: 0M, In-Place: 0
[2026-05-06T01:32:39.422+0100][2.852s][info][gc,reloc    ] GC(11) Forwarding Usage: 0M
[2026-05-06T01:32:39.422+0100][2.852s][info][gc,heap     ] GC(11) Min Capacity: 8M(0%)
[2026-05-06T01:32:39.422+0100][2.852s][info][gc,heap     ] GC(11) Max Capacity: 4096M(100%)
[2026-05-06T01:32:39.422+0100][2.852s][info][gc,heap     ] GC(11) Soft Max Capacity: 4096M(100%)
[2026-05-06T01:32:39.422+0100][2.852s][info][gc,heap     ] GC(11)                Mark Start          Mark End        Relocate Start      Relocate End           High               Low         
[2026-05-06T01:32:39.422+0100][2.852s][info][gc,heap     ] GC(11)  Capacity:     1028M (25%)        1028M (25%)        1028M (25%)        1028M (25%)        1028M (25%)        1028M (25%)    
[2026-05-06T01:32:39.422+0100][2.852s][info][gc,heap     ] GC(11)      Free:     3808M (93%)        3808M (93%)        3852M (94%)        3854M (94%)        3854M (94%)        3808M (93%)    
[2026-05-06T01:32:39.422+0100][2.852s][info][gc,heap     ] GC(11)      Used:      288M (7%)          288M (7%)          244M (6%)          242M (6%)          288M (7%)          242M (6%)     
[2026-05-06T01:32:39.422+0100][2.852s][info][gc,heap     ] GC(11)      Live:         -               205M (5%)          205M (5%)          205M (5%)             -                  -          
[2026-05-06T01:32:39.422+0100][2.852s][info][gc,heap     ] GC(11) Allocated:         -                 0M (0%)            0M (0%)            0M (0%)             -                  -          
[2026-05-06T01:32:39.422+0100][2.852s][info][gc,heap     ] GC(11)   Garbage:         -                82M (2%)           38M (1%)           36M (1%)             -                  -          
[2026-05-06T01:32:39.422+0100][2.852s][info][gc,heap     ] GC(11) Reclaimed:         -                  -                44M (1%)           46M (1%)             -                  -          
[2026-05-06T01:32:39.422+0100][2.852s][info][gc          ] GC(11) Garbage Collection (System.gc()) 288M(7%)->242M(6%)
[2026-05-06T01:32:39.449+0100][2.880s][info][gc,start    ] GC(12) Garbage Collection (System.gc())
[2026-05-06T01:32:39.449+0100][2.880s][info][gc,task     ] GC(12) Using 3 workers
[2026-05-06T01:32:39.449+0100][2.880s][info][gc,phases   ] GC(12) Pause Mark Start 0.003ms
[2026-05-06T01:32:39.456+0100][2.887s][info][gc,phases   ] GC(12) Concurrent Mark 7.099ms
[2026-05-06T01:32:39.456+0100][2.887s][info][gc,phases   ] GC(12) Pause Mark End 0.006ms
[2026-05-06T01:32:39.456+0100][2.887s][info][gc,phases   ] GC(12) Concurrent Mark Free 0.000ms
[2026-05-06T01:32:39.458+0100][2.889s][info][gc,phases   ] GC(12) Concurrent Process Non-Strong References 1.738ms
[2026-05-06T01:32:39.458+0100][2.889s][info][gc,phases   ] GC(12) Concurrent Reset Relocation Set 0.001ms
[2026-05-06T01:32:39.459+0100][2.889s][info][gc,phases   ] GC(12) Concurrent Select Relocation Set 0.617ms
[2026-05-06T01:32:39.459+0100][2.889s][info][gc,phases   ] GC(12) Pause Relocate Start 0.004ms
[2026-05-06T01:32:39.459+0100][2.890s][info][gc,phases   ] GC(12) Concurrent Relocate 0.256ms
[2026-05-06T01:32:39.459+0100][2.890s][info][gc,load     ] GC(12) Load: 2.86/2.96/3.50
[2026-05-06T01:32:39.459+0100][2.890s][info][gc,mmu      ] GC(12) MMU: 2ms/95.6%, 5ms/98.2%, 10ms/99.1%, 20ms/99.6%, 50ms/99.8%, 100ms/99.9%
[2026-05-06T01:32:39.459+0100][2.890s][info][gc,marking  ] GC(12) Mark: 2 stripe(s), 2 proactive flush(es), 1 terminate flush(es), 0 completion(s), 0 continuation(s) 
[2026-05-06T01:32:39.459+0100][2.890s][info][gc,marking  ] GC(12) Mark Stack Usage: 32M
[2026-05-06T01:32:39.459+0100][2.890s][info][gc,nmethod  ] GC(12) NMethods: 3533 registered, 608 unregistered
[2026-05-06T01:32:39.459+0100][2.890s][info][gc,metaspace] GC(12) Metaspace: 18M used, 18M committed, 1088M reserved
[2026-05-06T01:32:39.459+0100][2.890s][info][gc,ref      ] GC(12) Soft: 4238 encountered, 0 discovered, 0 enqueued
[2026-05-06T01:32:39.459+0100][2.890s][info][gc,ref      ] GC(12) Weak: 2359 encountered, 1222 discovered, 0 enqueued
[2026-05-06T01:32:39.459+0100][2.890s][info][gc,ref      ] GC(12) Final: 6 encountered, 6 discovered, 0 enqueued
[2026-05-06T01:32:39.459+0100][2.890s][info][gc,ref      ] GC(12) Phantom: 270 encountered, 182 discovered, 0 enqueued
[2026-05-06T01:32:39.459+0100][2.890s][info][gc,reloc    ] GC(12) Small Pages: 15 / 30M, Empty: 8M, Relocated: 1M, In-Place: 0
[2026-05-06T01:32:39.459+0100][2.890s][info][gc,reloc    ] GC(12) Medium Pages: 2 / 64M, Empty: 32M, Relocated: 0M, In-Place: 0
[2026-05-06T01:32:39.459+0100][2.890s][info][gc,reloc    ] GC(12) Large Pages: 3 / 192M, Empty: 0M, Relocated: 0M, In-Place: 0
[2026-05-06T01:32:39.459+0100][2.890s][info][gc,reloc    ] GC(12) Forwarding Usage: 0M
[2026-05-06T01:32:39.459+0100][2.890s][info][gc,heap     ] GC(12) Min Capacity: 8M(0%)
[2026-05-06T01:32:39.459+0100][2.890s][info][gc,heap     ] GC(12) Max Capacity: 4096M(100%)
[2026-05-06T01:32:39.459+0100][2.890s][info][gc,heap     ] GC(12) Soft Max Capacity: 4096M(100%)
[2026-05-06T01:32:39.459+0100][2.890s][info][gc,heap     ] GC(12)                Mark Start          Mark End        Relocate Start      Relocate End           High               Low         
[2026-05-06T01:32:39.459+0100][2.890s][info][gc,heap     ] GC(12)  Capacity:     1028M (25%)        1028M (25%)        1028M (25%)        1028M (25%)        1028M (25%)        1028M (25%)    
[2026-05-06T01:32:39.459+0100][2.890s][info][gc,heap     ] GC(12)      Free:     3810M (93%)        3810M (93%)        3850M (94%)        3854M (94%)        3854M (94%)        3810M (93%)    
[2026-05-06T01:32:39.459+0100][2.890s][info][gc,heap     ] GC(12)      Used:      286M (7%)          286M (7%)          246M (6%)          242M (6%)          286M (7%)          242M (6%)     
[2026-05-06T01:32:39.459+0100][2.890s][info][gc,heap     ] GC(12)      Live:         -               205M (5%)          205M (5%)          205M (5%)             -                  -          
[2026-05-06T01:32:39.459+0100][2.890s][info][gc,heap     ] GC(12) Allocated:         -                 0M (0%)            0M (0%)            0M (0%)             -                  -          
[2026-05-06T01:32:39.459+0100][2.890s][info][gc,heap     ] GC(12)   Garbage:         -                80M (2%)           40M (1%)           36M (1%)             -                  -          
[2026-05-06T01:32:39.459+0100][2.890s][info][gc,heap     ] GC(12) Reclaimed:         -                  -                40M (1%)           44M (1%)             -                  -          
[2026-05-06T01:32:39.459+0100][2.890s][info][gc          ] GC(12) Garbage Collection (System.gc()) 286M(7%)->242M(6%)
[2026-05-06T01:32:39.481+0100][2.912s][info][gc,start    ] GC(13) Garbage Collection (System.gc())
[2026-05-06T01:32:39.481+0100][2.912s][info][gc,task     ] GC(13) Using 3 workers
[2026-05-06T01:32:39.481+0100][2.912s][info][gc,phases   ] GC(13) Pause Mark Start 0.005ms
[2026-05-06T01:32:39.488+0100][2.918s][info][gc,phases   ] GC(13) Concurrent Mark 6.184ms
[2026-05-06T01:32:39.488+0100][2.918s][info][gc,phases   ] GC(13) Pause Mark End 0.006ms
[2026-05-06T01:32:39.488+0100][2.918s][info][gc,phases   ] GC(13) Concurrent Mark Free 0.000ms
[2026-05-06T01:32:39.490+0100][2.921s][info][gc,phases   ] GC(13) Concurrent Process Non-Strong References 2.218ms
[2026-05-06T01:32:39.490+0100][2.921s][info][gc,phases   ] GC(13) Concurrent Reset Relocation Set 0.004ms
[2026-05-06T01:32:39.491+0100][2.921s][info][gc,phases   ] GC(13) Concurrent Select Relocation Set 0.648ms
[2026-05-06T01:32:39.491+0100][2.921s][info][gc,phases   ] GC(13) Pause Relocate Start 0.003ms
[2026-05-06T01:32:39.491+0100][2.921s][info][gc,phases   ] GC(13) Concurrent Relocate 0.196ms
[2026-05-06T01:32:39.491+0100][2.921s][info][gc,load     ] GC(13) Load: 2.86/2.96/3.50
[2026-05-06T01:32:39.491+0100][2.921s][info][gc,mmu      ] GC(13) MMU: 2ms/95.6%, 5ms/98.2%, 10ms/99.1%, 20ms/99.6%, 50ms/99.8%, 100ms/99.9%
[2026-05-06T01:32:39.491+0100][2.921s][info][gc,marking  ] GC(13) Mark: 2 stripe(s), 1 proactive flush(es), 1 terminate flush(es), 0 completion(s), 0 continuation(s) 
[2026-05-06T01:32:39.491+0100][2.921s][info][gc,marking  ] GC(13) Mark Stack Usage: 32M
[2026-05-06T01:32:39.491+0100][2.921s][info][gc,nmethod  ] GC(13) NMethods: 3561 registered, 610 unregistered
[2026-05-06T01:32:39.491+0100][2.921s][info][gc,metaspace] GC(13) Metaspace: 18M used, 18M committed, 1088M reserved
[2026-05-06T01:32:39.491+0100][2.921s][info][gc,ref      ] GC(13) Soft: 4238 encountered, 0 discovered, 0 enqueued
[2026-05-06T01:32:39.491+0100][2.921s][info][gc,ref      ] GC(13) Weak: 2359 encountered, 1193 discovered, 0 enqueued
[2026-05-06T01:32:39.491+0100][2.921s][info][gc,ref      ] GC(13) Final: 6 encountered, 0 discovered, 0 enqueued
[2026-05-06T01:32:39.491+0100][2.921s][info][gc,ref      ] GC(13) Phantom: 270 encountered, 211 discovered, 0 enqueued
[2026-05-06T01:32:39.491+0100][2.921s][info][gc,reloc    ] GC(13) Small Pages: 13 / 26M, Empty: 6M, Relocated: 1M, In-Place: 0
[2026-05-06T01:32:39.491+0100][2.921s][info][gc,reloc    ] GC(13) Medium Pages: 2 / 64M, Empty: 32M, Relocated: 0M, In-Place: 0
[2026-05-06T01:32:39.491+0100][2.921s][info][gc,reloc    ] GC(13) Large Pages: 3 / 192M, Empty: 0M, Relocated: 0M, In-Place: 0
[2026-05-06T01:32:39.491+0100][2.922s][info][gc,reloc    ] GC(13) Forwarding Usage: 0M
[2026-05-06T01:32:39.491+0100][2.922s][info][gc,heap     ] GC(13) Min Capacity: 8M(0%)
[2026-05-06T01:32:39.491+0100][2.922s][info][gc,heap     ] GC(13) Max Capacity: 4096M(100%)
[2026-05-06T01:32:39.491+0100][2.922s][info][gc,heap     ] GC(13) Soft Max Capacity: 4096M(100%)
[2026-05-06T01:32:39.491+0100][2.922s][info][gc,heap     ] GC(13)                Mark Start          Mark End        Relocate Start      Relocate End           High               Low         
[2026-05-06T01:32:39.491+0100][2.922s][info][gc,heap     ] GC(13)  Capacity:     1028M (25%)        1028M (25%)        1028M (25%)        1028M (25%)        1028M (25%)        1028M (25%)    
[2026-05-06T01:32:39.491+0100][2.922s][info][gc,heap     ] GC(13)      Free:     3814M (93%)        3814M (93%)        3852M (94%)        3854M (94%)        3854M (94%)        3814M (93%)    
[2026-05-06T01:32:39.491+0100][2.922s][info][gc,heap     ] GC(13)      Used:      282M (7%)          282M (7%)          244M (6%)          242M (6%)          282M (7%)          242M (6%)     
[2026-05-06T01:32:39.491+0100][2.922s][info][gc,heap     ] GC(13)      Live:         -               205M (5%)          205M (5%)          205M (5%)             -                  -          
[2026-05-06T01:32:39.491+0100][2.922s][info][gc,heap     ] GC(13) Allocated:         -                 0M (0%)            0M (0%)            0M (0%)             -                  -          
[2026-05-06T01:32:39.491+0100][2.922s][info][gc,heap     ] GC(13)   Garbage:         -                76M (2%)           38M (1%)           36M (1%)             -                  -          
[2026-05-06T01:32:39.491+0100][2.922s][info][gc,heap     ] GC(13) Reclaimed:         -                  -                38M (1%)           40M (1%)             -                  -          
[2026-05-06T01:32:39.491+0100][2.922s][info][gc          ] GC(13) Garbage Collection (System.gc()) 282M(7%)->242M(6%)
[2026-05-06T01:32:39.501+0100][2.931s][info][gc,start    ] GC(14) Garbage Collection (System.gc())
[2026-05-06T01:32:39.501+0100][2.931s][info][gc,task     ] GC(14) Using 3 workers
[2026-05-06T01:32:39.501+0100][2.931s][info][gc,phases   ] GC(14) Pause Mark Start 0.003ms
[2026-05-06T01:32:39.505+0100][2.936s][info][gc,phases   ] GC(14) Concurrent Mark 4.279ms
[2026-05-06T01:32:39.505+0100][2.936s][info][gc,phases   ] GC(14) Pause Mark End 0.003ms
[2026-05-06T01:32:39.505+0100][2.936s][info][gc,phases   ] GC(14) Concurrent Mark Free 0.000ms
[2026-05-06T01:32:39.507+0100][2.937s][info][gc,phases   ] GC(14) Concurrent Process Non-Strong References 1.667ms
[2026-05-06T01:32:39.507+0100][2.937s][info][gc,phases   ] GC(14) Concurrent Reset Relocation Set 0.000ms
[2026-05-06T01:32:39.507+0100][2.938s][info][gc,phases   ] GC(14) Concurrent Select Relocation Set 0.634ms
[2026-05-06T01:32:39.507+0100][2.938s][info][gc,phases   ] GC(14) Pause Relocate Start 0.002ms
[2026-05-06T01:32:39.508+0100][2.938s][info][gc,phases   ] GC(14) Concurrent Relocate 0.179ms
[2026-05-06T01:32:39.508+0100][2.938s][info][gc,load     ] GC(14) Load: 2.86/2.96/3.50
[2026-05-06T01:32:39.508+0100][2.938s][info][gc,mmu      ] GC(14) MMU: 2ms/95.6%, 5ms/98.2%, 10ms/99.1%, 20ms/99.6%, 50ms/99.8%, 100ms/99.9%
[2026-05-06T01:32:39.508+0100][2.938s][info][gc,marking  ] GC(14) Mark: 2 stripe(s), 1 proactive flush(es), 1 terminate flush(es), 0 completion(s), 0 continuation(s) 
[2026-05-06T01:32:39.508+0100][2.938s][info][gc,marking  ] GC(14) Mark Stack Usage: 32M
[2026-05-06T01:32:39.508+0100][2.938s][info][gc,nmethod  ] GC(14) NMethods: 3592 registered, 610 unregistered
[2026-05-06T01:32:39.508+0100][2.938s][info][gc,metaspace] GC(14) Metaspace: 18M used, 18M committed, 1088M reserved
[2026-05-06T01:32:39.508+0100][2.938s][info][gc,ref      ] GC(14) Soft: 4238 encountered, 0 discovered, 0 enqueued
[2026-05-06T01:32:39.508+0100][2.938s][info][gc,ref      ] GC(14) Weak: 2359 encountered, 1278 discovered, 0 enqueued
[2026-05-06T01:32:39.508+0100][2.938s][info][gc,ref      ] GC(14) Final: 6 encountered, 6 discovered, 0 enqueued
[2026-05-06T01:32:39.508+0100][2.938s][info][gc,ref      ] GC(14) Phantom: 270 encountered, 193 discovered, 0 enqueued
[2026-05-06T01:32:39.508+0100][2.938s][info][gc,reloc    ] GC(14) Small Pages: 23 / 46M, Empty: 26M, Relocated: 1M, In-Place: 0
[2026-05-06T01:32:39.508+0100][2.938s][info][gc,reloc    ] GC(14) Medium Pages: 2 / 64M, Empty: 32M, Relocated: 0M, In-Place: 0
[2026-05-06T01:32:39.508+0100][2.938s][info][gc,reloc    ] GC(14) Large Pages: 3 / 192M, Empty: 0M, Relocated: 0M, In-Place: 0
[2026-05-06T01:32:39.508+0100][2.938s][info][gc,reloc    ] GC(14) Forwarding Usage: 0M
[2026-05-06T01:32:39.508+0100][2.938s][info][gc,heap     ] GC(14) Min Capacity: 8M(0%)
[2026-05-06T01:32:39.508+0100][2.938s][info][gc,heap     ] GC(14) Max Capacity: 4096M(100%)
[2026-05-06T01:32:39.508+0100][2.938s][info][gc,heap     ] GC(14) Soft Max Capacity: 4096M(100%)
[2026-05-06T01:32:39.508+0100][2.938s][info][gc,heap     ] GC(14)                Mark Start          Mark End        Relocate Start      Relocate End           High               Low         
[2026-05-06T01:32:39.508+0100][2.938s][info][gc,heap     ] GC(14)  Capacity:     1028M (25%)        1028M (25%)        1028M (25%)        1028M (25%)        1028M (25%)        1028M (25%)    
[2026-05-06T01:32:39.508+0100][2.938s][info][gc,heap     ] GC(14)      Free:     3794M (93%)        3794M (93%)        3852M (94%)        3854M (94%)        3854M (94%)        3794M (93%)    
[2026-05-06T01:32:39.508+0100][2.938s][info][gc,heap     ] GC(14)      Used:      302M (7%)          302M (7%)          244M (6%)          242M (6%)          302M (7%)          242M (6%)     
[2026-05-06T01:32:39.508+0100][2.938s][info][gc,heap     ] GC(14)      Live:         -               205M (5%)          205M (5%)          205M (5%)             -                  -          
[2026-05-06T01:32:39.508+0100][2.938s][info][gc,heap     ] GC(14) Allocated:         -                 0M (0%)            0M (0%)            0M (0%)             -                  -          
[2026-05-06T01:32:39.508+0100][2.938s][info][gc,heap     ] GC(14)   Garbage:         -                96M (2%)           38M (1%)           36M (1%)             -                  -          
[2026-05-06T01:32:39.508+0100][2.938s][info][gc,heap     ] GC(14) Reclaimed:         -                  -                58M (1%)           60M (1%)             -                  -          
[2026-05-06T01:32:39.508+0100][2.938s][info][gc          ] GC(14) Garbage Collection (System.gc()) 302M(7%)->242M(6%)
[2026-05-06T01:32:39.517+0100][2.948s][info][gc,start    ] GC(15) Garbage Collection (System.gc())
[2026-05-06T01:32:39.517+0100][2.948s][info][gc,task     ] GC(15) Using 3 workers
[2026-05-06T01:32:39.517+0100][2.948s][info][gc,phases   ] GC(15) Pause Mark Start 0.002ms
[2026-05-06T01:32:39.521+0100][2.952s][info][gc,phases   ] GC(15) Concurrent Mark 4.173ms
[2026-05-06T01:32:39.521+0100][2.952s][info][gc,phases   ] GC(15) Pause Mark End 0.005ms
[2026-05-06T01:32:39.521+0100][2.952s][info][gc,phases   ] GC(15) Concurrent Mark Free 0.000ms
[2026-05-06T01:32:39.523+0100][2.954s][info][gc,phases   ] GC(15) Concurrent Process Non-Strong References 1.685ms
[2026-05-06T01:32:39.523+0100][2.954s][info][gc,phases   ] GC(15) Concurrent Reset Relocation Set 0.000ms
[2026-05-06T01:32:39.524+0100][2.954s][info][gc,phases   ] GC(15) Concurrent Select Relocation Set 0.640ms
[2026-05-06T01:32:39.524+0100][2.954s][info][gc,phases   ] GC(15) Pause Relocate Start 0.002ms
[2026-05-06T01:32:39.524+0100][2.955s][info][gc,phases   ] GC(15) Concurrent Relocate 0.234ms
[2026-05-06T01:32:39.524+0100][2.955s][info][gc,load     ] GC(15) Load: 2.86/2.96/3.50
[2026-05-06T01:32:39.524+0100][2.955s][info][gc,mmu      ] GC(15) MMU: 2ms/95.6%, 5ms/98.2%, 10ms/99.1%, 20ms/99.6%, 50ms/99.8%, 100ms/99.9%
[2026-05-06T01:32:39.524+0100][2.955s][info][gc,marking  ] GC(15) Mark: 2 stripe(s), 1 proactive flush(es), 1 terminate flush(es), 0 completion(s), 0 continuation(s) 
[2026-05-06T01:32:39.524+0100][2.955s][info][gc,marking  ] GC(15) Mark Stack Usage: 32M
[2026-05-06T01:32:39.524+0100][2.955s][info][gc,nmethod  ] GC(15) NMethods: 3625 registered, 611 unregistered
[2026-05-06T01:32:39.524+0100][2.955s][info][gc,metaspace] GC(15) Metaspace: 18M used, 18M committed, 1088M reserved
[2026-05-06T01:32:39.524+0100][2.955s][info][gc,ref      ] GC(15) Soft: 4238 encountered, 0 discovered, 0 enqueued
[2026-05-06T01:32:39.524+0100][2.955s][info][gc,ref      ] GC(15) Weak: 2359 encountered, 314 discovered, 0 enqueued
[2026-05-06T01:32:39.524+0100][2.955s][info][gc,ref      ] GC(15) Final: 6 encountered, 0 discovered, 0 enqueued
[2026-05-06T01:32:39.524+0100][2.955s][info][gc,ref      ] GC(15) Phantom: 270 encountered, 200 discovered, 0 enqueued
[2026-05-06T01:32:39.524+0100][2.955s][info][gc,reloc    ] GC(15) Small Pages: 20 / 40M, Empty: 18M, Relocated: 1M, In-Place: 0
[2026-05-06T01:32:39.524+0100][2.955s][info][gc,reloc    ] GC(15) Medium Pages: 2 / 64M, Empty: 32M, Relocated: 0M, In-Place: 0
[2026-05-06T01:32:39.524+0100][2.955s][info][gc,reloc    ] GC(15) Large Pages: 3 / 192M, Empty: 0M, Relocated: 0M, In-Place: 0
[2026-05-06T01:32:39.524+0100][2.955s][info][gc,reloc    ] GC(15) Forwarding Usage: 0M
[2026-05-06T01:32:39.524+0100][2.955s][info][gc,heap     ] GC(15) Min Capacity: 8M(0%)
[2026-05-06T01:32:39.524+0100][2.955s][info][gc,heap     ] GC(15) Max Capacity: 4096M(100%)
[2026-05-06T01:32:39.524+0100][2.955s][info][gc,heap     ] GC(15) Soft Max Capacity: 4096M(100%)
[2026-05-06T01:32:39.524+0100][2.955s][info][gc,heap     ] GC(15)                Mark Start          Mark End        Relocate Start      Relocate End           High               Low         
[2026-05-06T01:32:39.524+0100][2.955s][info][gc,heap     ] GC(15)  Capacity:     1028M (25%)        1028M (25%)        1028M (25%)        1028M (25%)        1028M (25%)        1028M (25%)    
[2026-05-06T01:32:39.524+0100][2.955s][info][gc,heap     ] GC(15)      Free:     3800M (93%)        3800M (93%)        3850M (94%)        3854M (94%)        3854M (94%)        3800M (93%)    
[2026-05-06T01:32:39.524+0100][2.955s][info][gc,heap     ] GC(15)      Used:      296M (7%)          296M (7%)          246M (6%)          242M (6%)          296M (7%)          242M (6%)     
[2026-05-06T01:32:39.524+0100][2.955s][info][gc,heap     ] GC(15)      Live:         -               205M (5%)          205M (5%)          205M (5%)             -                  -          
[2026-05-06T01:32:39.524+0100][2.955s][info][gc,heap     ] GC(15) Allocated:         -                 0M (0%)            0M (0%)            0M (0%)             -                  -          
[2026-05-06T01:32:39.524+0100][2.955s][info][gc,heap     ] GC(15)   Garbage:         -                90M (2%)           40M (1%)           36M (1%)             -                  -          
[2026-05-06T01:32:39.524+0100][2.955s][info][gc,heap     ] GC(15) Reclaimed:         -                  -                50M (1%)           54M (1%)             -                  -          
[2026-05-06T01:32:39.524+0100][2.955s][info][gc          ] GC(15) Garbage Collection (System.gc()) 296M(7%)->242M(6%)
[2026-05-06T01:32:39.535+0100][2.966s][info][gc,start    ] GC(16) Garbage Collection (System.gc())
[2026-05-06T01:32:39.535+0100][2.966s][info][gc,task     ] GC(16) Using 3 workers
[2026-05-06T01:32:39.535+0100][2.966s][info][gc,phases   ] GC(16) Pause Mark Start 0.003ms
[2026-05-06T01:32:39.539+0100][2.970s][info][gc,phases   ] GC(16) Concurrent Mark 4.047ms
[2026-05-06T01:32:39.539+0100][2.970s][info][gc,phases   ] GC(16) Pause Mark End 0.005ms
[2026-05-06T01:32:39.539+0100][2.970s][info][gc,phases   ] GC(16) Concurrent Mark Free 0.000ms
[2026-05-06T01:32:39.541+0100][2.972s][info][gc,phases   ] GC(16) Concurrent Process Non-Strong References 1.756ms
[2026-05-06T01:32:39.541+0100][2.972s][info][gc,phases   ] GC(16) Concurrent Reset Relocation Set 0.001ms
[2026-05-06T01:32:39.542+0100][2.972s][info][gc,phases   ] GC(16) Concurrent Select Relocation Set 0.671ms
[2026-05-06T01:32:39.542+0100][2.972s][info][gc,phases   ] GC(16) Pause Relocate Start 0.003ms
[2026-05-06T01:32:39.542+0100][2.972s][info][gc,phases   ] GC(16) Concurrent Relocate 0.204ms
[2026-05-06T01:32:39.542+0100][2.972s][info][gc,load     ] GC(16) Load: 2.86/2.96/3.50
[2026-05-06T01:32:39.542+0100][2.973s][info][gc,mmu      ] GC(16) MMU: 2ms/95.6%, 5ms/98.2%, 10ms/99.1%, 20ms/99.6%, 50ms/99.8%, 100ms/99.9%
[2026-05-06T01:32:39.542+0100][2.973s][info][gc,marking  ] GC(16) Mark: 2 stripe(s), 1 proactive flush(es), 1 terminate flush(es), 0 completion(s), 0 continuation(s) 
[2026-05-06T01:32:39.542+0100][2.973s][info][gc,marking  ] GC(16) Mark Stack Usage: 32M
[2026-05-06T01:32:39.542+0100][2.973s][info][gc,nmethod  ] GC(16) NMethods: 3643 registered, 613 unregistered
[2026-05-06T01:32:39.542+0100][2.973s][info][gc,metaspace] GC(16) Metaspace: 18M used, 18M committed, 1088M reserved
[2026-05-06T01:32:39.542+0100][2.973s][info][gc,ref      ] GC(16) Soft: 4238 encountered, 0 discovered, 0 enqueued
[2026-05-06T01:32:39.542+0100][2.973s][info][gc,ref      ] GC(16) Weak: 2360 encountered, 764 discovered, 0 enqueued
[2026-05-06T01:32:39.542+0100][2.973s][info][gc,ref      ] GC(16) Final: 6 encountered, 6 discovered, 0 enqueued
[2026-05-06T01:32:39.542+0100][2.973s][info][gc,ref      ] GC(16) Phantom: 270 encountered, 170 discovered, 0 enqueued
[2026-05-06T01:32:39.542+0100][2.973s][info][gc,reloc    ] GC(16) Small Pages: 14 / 28M, Empty: 2M, Relocated: 1M, In-Place: 0
[2026-05-06T01:32:39.542+0100][2.973s][info][gc,reloc    ] GC(16) Medium Pages: 2 / 64M, Empty: 32M, Relocated: 0M, In-Place: 0
[2026-05-06T01:32:39.542+0100][2.973s][info][gc,reloc    ] GC(16) Large Pages: 3 / 192M, Empty: 0M, Relocated: 0M, In-Place: 0
[2026-05-06T01:32:39.542+0100][2.973s][info][gc,reloc    ] GC(16) Forwarding Usage: 0M
[2026-05-06T01:32:39.542+0100][2.973s][info][gc,heap     ] GC(16) Min Capacity: 8M(0%)
[2026-05-06T01:32:39.542+0100][2.973s][info][gc,heap     ] GC(16) Max Capacity: 4096M(100%)
[2026-05-06T01:32:39.542+0100][2.973s][info][gc,heap     ] GC(16) Soft Max Capacity: 4096M(100%)
[2026-05-06T01:32:39.542+0100][2.973s][info][gc,heap     ] GC(16)                Mark Start          Mark End        Relocate Start      Relocate End           High               Low         
[2026-05-06T01:32:39.542+0100][2.973s][info][gc,heap     ] GC(16)  Capacity:     1028M (25%)        1028M (25%)        1028M (25%)        1028M (25%)        1028M (25%)        1028M (25%)    
[2026-05-06T01:32:39.542+0100][2.973s][info][gc,heap     ] GC(16)      Free:     3812M (93%)        3810M (93%)        3844M (94%)        3852M (94%)        3852M (94%)        3810M (93%)    
[2026-05-06T01:32:39.542+0100][2.973s][info][gc,heap     ] GC(16)      Used:      284M (7%)          286M (7%)          252M (6%)          244M (6%)          286M (7%)          244M (6%)     
[2026-05-06T01:32:39.542+0100][2.973s][info][gc,heap     ] GC(16)      Live:         -               205M (5%)          205M (5%)          205M (5%)             -                  -          
[2026-05-06T01:32:39.542+0100][2.973s][info][gc,heap     ] GC(16) Allocated:         -                 2M (0%)            2M (0%)            2M (0%)             -                  -          
[2026-05-06T01:32:39.542+0100][2.973s][info][gc,heap     ] GC(16)   Garbage:         -                78M (2%)           44M (1%)           36M (1%)             -                  -          
[2026-05-06T01:32:39.542+0100][2.973s][info][gc,heap     ] GC(16) Reclaimed:         -                  -                34M (1%)           42M (1%)             -                  -          
[2026-05-06T01:32:39.542+0100][2.973s][info][gc          ] GC(16) Garbage Collection (System.gc()) 284M(7%)->244M(6%)
[2026-05-06T01:32:39.552+0100][2.982s][info][gc,start    ] GC(17) Garbage Collection (System.gc())
[2026-05-06T01:32:39.552+0100][2.982s][info][gc,task     ] GC(17) Using 3 workers
[2026-05-06T01:32:39.552+0100][2.982s][info][gc,phases   ] GC(17) Pause Mark Start 0.003ms
[2026-05-06T01:32:39.556+0100][2.987s][info][gc,phases   ] GC(17) Concurrent Mark 4.330ms
[2026-05-06T01:32:39.556+0100][2.987s][info][gc,phases   ] GC(17) Pause Mark End 0.004ms
[2026-05-06T01:32:39.556+0100][2.987s][info][gc,phases   ] GC(17) Concurrent Mark Free 0.000ms
[2026-05-06T01:32:39.558+0100][2.988s][info][gc,phases   ] GC(17) Concurrent Process Non-Strong References 1.652ms
[2026-05-06T01:32:39.558+0100][2.988s][info][gc,phases   ] GC(17) Concurrent Reset Relocation Set 0.001ms
[2026-05-06T01:32:39.559+0100][2.989s][info][gc,phases   ] GC(17) Concurrent Select Relocation Set 0.766ms
[2026-05-06T01:32:39.559+0100][2.989s][info][gc,phases   ] GC(17) Pause Relocate Start 0.002ms
[2026-05-06T01:32:39.559+0100][2.990s][info][gc,phases   ] GC(17) Concurrent Relocate 0.349ms
[2026-05-06T01:32:39.559+0100][2.990s][info][gc,load     ] GC(17) Load: 2.86/2.96/3.50
[2026-05-06T01:32:39.559+0100][2.990s][info][gc,mmu      ] GC(17) MMU: 2ms/95.6%, 5ms/98.2%, 10ms/99.1%, 20ms/99.6%, 50ms/99.8%, 100ms/99.9%
[2026-05-06T01:32:39.559+0100][2.990s][info][gc,marking  ] GC(17) Mark: 2 stripe(s), 2 proactive flush(es), 1 terminate flush(es), 0 completion(s), 0 continuation(s) 
[2026-05-06T01:32:39.559+0100][2.990s][info][gc,marking  ] GC(17) Mark Stack Usage: 32M
[2026-05-06T01:32:39.559+0100][2.990s][info][gc,nmethod  ] GC(17) NMethods: 3670 registered, 616 unregistered
[2026-05-06T01:32:39.559+0100][2.990s][info][gc,metaspace] GC(17) Metaspace: 18M used, 18M committed, 1088M reserved
[2026-05-06T01:32:39.559+0100][2.990s][info][gc,ref      ] GC(17) Soft: 4238 encountered, 0 discovered, 0 enqueued
[2026-05-06T01:32:39.559+0100][2.990s][info][gc,ref      ] GC(17) Weak: 2360 encountered, 1430 discovered, 0 enqueued
[2026-05-06T01:32:39.559+0100][2.990s][info][gc,ref      ] GC(17) Final: 6 encountered, 6 discovered, 0 enqueued
[2026-05-06T01:32:39.559+0100][2.990s][info][gc,ref      ] GC(17) Phantom: 270 encountered, 257 discovered, 0 enqueued
[2026-05-06T01:32:39.559+0100][2.990s][info][gc,reloc    ] GC(17) Small Pages: 28 / 56M, Empty: 30M, Relocated: 1M, In-Place: 0
[2026-05-06T01:32:39.559+0100][2.990s][info][gc,reloc    ] GC(17) Medium Pages: 2 / 64M, Empty: 32M, Relocated: 0M, In-Place: 0
[2026-05-06T01:32:39.559+0100][2.990s][info][gc,reloc    ] GC(17) Large Pages: 3 / 192M, Empty: 0M, Relocated: 0M, In-Place: 0
[2026-05-06T01:32:39.559+0100][2.990s][info][gc,reloc    ] GC(17) Forwarding Usage: 0M
[2026-05-06T01:32:39.559+0100][2.990s][info][gc,heap     ] GC(17) Min Capacity: 8M(0%)
[2026-05-06T01:32:39.559+0100][2.990s][info][gc,heap     ] GC(17) Max Capacity: 4096M(100%)
[2026-05-06T01:32:39.559+0100][2.990s][info][gc,heap     ] GC(17) Soft Max Capacity: 4096M(100%)
[2026-05-06T01:32:39.559+0100][2.990s][info][gc,heap     ] GC(17)                Mark Start          Mark End        Relocate Start      Relocate End           High               Low         
[2026-05-06T01:32:39.559+0100][2.990s][info][gc,heap     ] GC(17)  Capacity:     1028M (25%)        1028M (25%)        1028M (25%)        1028M (25%)        1028M (25%)        1028M (25%)    
[2026-05-06T01:32:39.559+0100][2.990s][info][gc,heap     ] GC(17)      Free:     3784M (92%)        3782M (92%)        3844M (94%)        3852M (94%)        3852M (94%)        3782M (92%)    
[2026-05-06T01:32:39.559+0100][2.990s][info][gc,heap     ] GC(17)      Used:      312M (8%)          314M (8%)          252M (6%)          244M (6%)          314M (8%)          244M (6%)     
[2026-05-06T01:32:39.559+0100][2.990s][info][gc,heap     ] GC(17)      Live:         -               205M (5%)          205M (5%)          205M (5%)             -                  -          
[2026-05-06T01:32:39.559+0100][2.990s][info][gc,heap     ] GC(17) Allocated:         -                 2M (0%)            2M (0%)            2M (0%)             -                  -          
[2026-05-06T01:32:39.559+0100][2.990s][info][gc,heap     ] GC(17)   Garbage:         -               106M (3%)           44M (1%)           36M (1%)             -                  -          
[2026-05-06T01:32:39.559+0100][2.990s][info][gc,heap     ] GC(17) Reclaimed:         -                  -                62M (2%)           70M (2%)             -                  -          
[2026-05-06T01:32:39.559+0100][2.990s][info][gc          ] GC(17) Garbage Collection (System.gc()) 312M(8%)->244M(6%)
[2026-05-06T01:32:39.570+0100][3.000s][info][gc,start    ] GC(18) Garbage Collection (System.gc())
[2026-05-06T01:32:39.570+0100][3.000s][info][gc,task     ] GC(18) Using 3 workers
[2026-05-06T01:32:39.570+0100][3.001s][info][gc,phases   ] GC(18) Pause Mark Start 0.005ms
[2026-05-06T01:32:39.574+0100][3.005s][info][gc,phases   ] GC(18) Concurrent Mark 3.991ms
[2026-05-06T01:32:39.574+0100][3.005s][info][gc,phases   ] GC(18) Pause Mark End 0.005ms
[2026-05-06T01:32:39.574+0100][3.005s][info][gc,phases   ] GC(18) Concurrent Mark Free 0.000ms
[2026-05-06T01:32:39.576+0100][3.006s][info][gc,phases   ] GC(18) Concurrent Process Non-Strong References 1.784ms
[2026-05-06T01:32:39.576+0100][3.006s][info][gc,phases   ] GC(18) Concurrent Reset Relocation Set 0.003ms
[2026-05-06T01:32:39.577+0100][3.007s][info][gc,phases   ] GC(18) Concurrent Select Relocation Set 0.752ms
[2026-05-06T01:32:39.577+0100][3.007s][info][gc,phases   ] GC(18) Pause Relocate Start 0.003ms
[2026-05-06T01:32:39.577+0100][3.007s][info][gc,phases   ] GC(18) Concurrent Relocate 0.202ms
[2026-05-06T01:32:39.577+0100][3.007s][info][gc,load     ] GC(18) Load: 2.86/2.96/3.50
[2026-05-06T01:32:39.577+0100][3.007s][info][gc,mmu      ] GC(18) MMU: 2ms/95.6%, 5ms/98.2%, 10ms/99.1%, 20ms/99.6%, 50ms/99.8%, 100ms/99.9%
[2026-05-06T01:32:39.577+0100][3.007s][info][gc,marking  ] GC(18) Mark: 2 stripe(s), 1 proactive flush(es), 1 terminate flush(es), 0 completion(s), 0 continuation(s) 
[2026-05-06T01:32:39.577+0100][3.007s][info][gc,marking  ] GC(18) Mark Stack Usage: 32M
[2026-05-06T01:32:39.577+0100][3.007s][info][gc,nmethod  ] GC(18) NMethods: 3685 registered, 624 unregistered
[2026-05-06T01:32:39.577+0100][3.007s][info][gc,metaspace] GC(18) Metaspace: 18M used, 18M committed, 1088M reserved
[2026-05-06T01:32:39.577+0100][3.007s][info][gc,ref      ] GC(18) Soft: 4238 encountered, 0 discovered, 0 enqueued
[2026-05-06T01:32:39.577+0100][3.007s][info][gc,ref      ] GC(18) Weak: 2359 encountered, 614 discovered, 0 enqueued
[2026-05-06T01:32:39.577+0100][3.007s][info][gc,ref      ] GC(18) Final: 6 encountered, 0 discovered, 0 enqueued
[2026-05-06T01:32:39.577+0100][3.007s][info][gc,ref      ] GC(18) Phantom: 270 encountered, 163 discovered, 0 enqueued
[2026-05-06T01:32:39.577+0100][3.007s][info][gc,reloc    ] GC(18) Small Pages: 24 / 48M, Empty: 28M, Relocated: 1M, In-Place: 0
[2026-05-06T01:32:39.577+0100][3.007s][info][gc,reloc    ] GC(18) Medium Pages: 2 / 64M, Empty: 32M, Relocated: 0M, In-Place: 0
[2026-05-06T01:32:39.577+0100][3.007s][info][gc,reloc    ] GC(18) Large Pages: 3 / 192M, Empty: 0M, Relocated: 0M, In-Place: 0
[2026-05-06T01:32:39.577+0100][3.007s][info][gc,reloc    ] GC(18) Forwarding Usage: 0M
[2026-05-06T01:32:39.577+0100][3.007s][info][gc,heap     ] GC(18) Min Capacity: 8M(0%)
[2026-05-06T01:32:39.577+0100][3.007s][info][gc,heap     ] GC(18) Max Capacity: 4096M(100%)
[2026-05-06T01:32:39.577+0100][3.007s][info][gc,heap     ] GC(18) Soft Max Capacity: 4096M(100%)
[2026-05-06T01:32:39.577+0100][3.007s][info][gc,heap     ] GC(18)                Mark Start          Mark End        Relocate Start      Relocate End           High               Low         
[2026-05-06T01:32:39.577+0100][3.007s][info][gc,heap     ] GC(18)  Capacity:     1028M (25%)        1028M (25%)        1028M (25%)        1028M (25%)        1028M (25%)        1028M (25%)    
[2026-05-06T01:32:39.577+0100][3.007s][info][gc,heap     ] GC(18)      Free:     3792M (93%)        3792M (93%)        3852M (94%)        3854M (94%)        3854M (94%)        3792M (93%)    
[2026-05-06T01:32:39.577+0100][3.007s][info][gc,heap     ] GC(18)      Used:      304M (7%)          304M (7%)          244M (6%)          242M (6%)          304M (7%)          242M (6%)     
[2026-05-06T01:32:39.577+0100][3.007s][info][gc,heap     ] GC(18)      Live:         -               205M (5%)          205M (5%)          205M (5%)             -                  -          
[2026-05-06T01:32:39.577+0100][3.007s][info][gc,heap     ] GC(18) Allocated:         -                 0M (0%)            0M (0%)            0M (0%)             -                  -          
[2026-05-06T01:32:39.577+0100][3.007s][info][gc,heap     ] GC(18)   Garbage:         -                98M (2%)           38M (1%)           36M (1%)             -                  -          
[2026-05-06T01:32:39.577+0100][3.007s][info][gc,heap     ] GC(18) Reclaimed:         -                  -                60M (1%)           62M (2%)             -                  -          
[2026-05-06T01:32:39.577+0100][3.007s][info][gc          ] GC(18) Garbage Collection (System.gc()) 304M(7%)->242M(6%)
[2026-05-06T01:32:39.589+0100][3.020s][info][gc,start    ] GC(19) Garbage Collection (System.gc())
[2026-05-06T01:32:39.589+0100][3.020s][info][gc,task     ] GC(19) Using 3 workers
[2026-05-06T01:32:39.589+0100][3.020s][info][gc,phases   ] GC(19) Pause Mark Start 0.003ms
[2026-05-06T01:32:39.593+0100][3.023s][info][gc,phases   ] GC(19) Concurrent Mark 3.727ms
[2026-05-06T01:32:39.593+0100][3.024s][info][gc,phases   ] GC(19) Pause Mark End 0.005ms
[2026-05-06T01:32:39.593+0100][3.024s][info][gc,phases   ] GC(19) Concurrent Mark Free 0.000ms
[2026-05-06T01:32:39.595+0100][3.025s][info][gc,phases   ] GC(19) Concurrent Process Non-Strong References 1.803ms
[2026-05-06T01:32:39.595+0100][3.025s][info][gc,phases   ] GC(19) Concurrent Reset Relocation Set 0.004ms
[2026-05-06T01:32:39.596+0100][3.026s][info][gc,phases   ] GC(19) Concurrent Select Relocation Set 0.741ms
[2026-05-06T01:32:39.596+0100][3.026s][info][gc,phases   ] GC(19) Pause Relocate Start 0.003ms
[2026-05-06T01:32:39.596+0100][3.026s][info][gc,phases   ] GC(19) Concurrent Relocate 0.285ms
[2026-05-06T01:32:39.596+0100][3.027s][info][gc,load     ] GC(19) Load: 2.86/2.96/3.50
[2026-05-06T01:32:39.596+0100][3.027s][info][gc,mmu      ] GC(19) MMU: 2ms/95.6%, 5ms/98.2%, 10ms/99.1%, 20ms/99.6%, 50ms/99.8%, 100ms/99.9%
[2026-05-06T01:32:39.596+0100][3.027s][info][gc,marking  ] GC(19) Mark: 2 stripe(s), 1 proactive flush(es), 1 terminate flush(es), 0 completion(s), 0 continuation(s) 
[2026-05-06T01:32:39.596+0100][3.027s][info][gc,marking  ] GC(19) Mark Stack Usage: 32M
[2026-05-06T01:32:39.596+0100][3.027s][info][gc,nmethod  ] GC(19) NMethods: 3695 registered, 628 unregistered
[2026-05-06T01:32:39.596+0100][3.027s][info][gc,metaspace] GC(19) Metaspace: 18M used, 18M committed, 1088M reserved
[2026-05-06T01:32:39.596+0100][3.027s][info][gc,ref      ] GC(19) Soft: 4238 encountered, 0 discovered, 0 enqueued
[2026-05-06T01:32:39.596+0100][3.027s][info][gc,ref      ] GC(19) Weak: 2359 encountered, 1230 discovered, 0 enqueued
[2026-05-06T01:32:39.596+0100][3.027s][info][gc,ref      ] GC(19) Final: 6 encountered, 0 discovered, 0 enqueued
[2026-05-06T01:32:39.596+0100][3.027s][info][gc,ref      ] GC(19) Phantom: 270 encountered, 177 discovered, 0 enqueued
[2026-05-06T01:32:39.596+0100][3.027s][info][gc,reloc    ] GC(19) Small Pages: 16 / 32M, Empty: 12M, Relocated: 1M, In-Place: 0
[2026-05-06T01:32:39.596+0100][3.027s][info][gc,reloc    ] GC(19) Medium Pages: 2 / 64M, Empty: 32M, Relocated: 0M, In-Place: 0
[2026-05-06T01:32:39.596+0100][3.027s][info][gc,reloc    ] GC(19) Large Pages: 3 / 192M, Empty: 0M, Relocated: 0M, In-Place: 0
[2026-05-06T01:32:39.596+0100][3.027s][info][gc,reloc    ] GC(19) Forwarding Usage: 0M
[2026-05-06T01:32:39.596+0100][3.027s][info][gc,heap     ] GC(19) Min Capacity: 8M(0%)
[2026-05-06T01:32:39.596+0100][3.027s][info][gc,heap     ] GC(19) Max Capacity: 4096M(100%)
[2026-05-06T01:32:39.596+0100][3.027s][info][gc,heap     ] GC(19) Soft Max Capacity: 4096M(100%)
[2026-05-06T01:32:39.596+0100][3.027s][info][gc,heap     ] GC(19)                Mark Start          Mark End        Relocate Start      Relocate End           High               Low         
[2026-05-06T01:32:39.596+0100][3.027s][info][gc,heap     ] GC(19)  Capacity:     1028M (25%)        1028M (25%)        1028M (25%)        1028M (25%)        1028M (25%)        1028M (25%)    
[2026-05-06T01:32:39.596+0100][3.027s][info][gc,heap     ] GC(19)      Free:     3808M (93%)        3808M (93%)        3852M (94%)        3854M (94%)        3854M (94%)        3808M (93%)    
[2026-05-06T01:32:39.596+0100][3.027s][info][gc,heap     ] GC(19)      Used:      288M (7%)          288M (7%)          244M (6%)          242M (6%)          288M (7%)          242M (6%)     
[2026-05-06T01:32:39.596+0100][3.027s][info][gc,heap     ] GC(19)      Live:         -               205M (5%)          205M (5%)          205M (5%)             -                  -          
[2026-05-06T01:32:39.596+0100][3.027s][info][gc,heap     ] GC(19) Allocated:         -                 0M (0%)            0M (0%)            0M (0%)             -                  -          
[2026-05-06T01:32:39.596+0100][3.027s][info][gc,heap     ] GC(19)   Garbage:         -                82M (2%)           38M (1%)           36M (1%)             -                  -          
[2026-05-06T01:32:39.596+0100][3.027s][info][gc,heap     ] GC(19) Reclaimed:         -                  -                44M (1%)           46M (1%)             -                  -          
[2026-05-06T01:32:39.596+0100][3.027s][info][gc          ] GC(19) Garbage Collection (System.gc()) 288M(7%)->242M(6%)
[2026-05-06T01:32:39.607+0100][3.037s][info][gc,start    ] GC(20) Garbage Collection (System.gc())
[2026-05-06T01:32:39.607+0100][3.037s][info][gc,task     ] GC(20) Using 3 workers
[2026-05-06T01:32:39.607+0100][3.038s][info][gc,phases   ] GC(20) Pause Mark Start 0.003ms
[2026-05-06T01:32:39.611+0100][3.042s][info][gc,phases   ] GC(20) Concurrent Mark 4.321ms
[2026-05-06T01:32:39.611+0100][3.042s][info][gc,phases   ] GC(20) Pause Mark End 0.004ms
[2026-05-06T01:32:39.611+0100][3.042s][info][gc,phases   ] GC(20) Concurrent Mark Free 0.000ms
[2026-05-06T01:32:39.613+0100][3.044s][info][gc,phases   ] GC(20) Concurrent Process Non-Strong References 1.956ms
[2026-05-06T01:32:39.613+0100][3.044s][info][gc,phases   ] GC(20) Concurrent Reset Relocation Set 0.001ms
[2026-05-06T01:32:39.614+0100][3.045s][info][gc,phases   ] GC(20) Concurrent Select Relocation Set 0.660ms
[2026-05-06T01:32:39.614+0100][3.045s][info][gc,phases   ] GC(20) Pause Relocate Start 0.004ms
[2026-05-06T01:32:39.614+0100][3.045s][info][gc,phases   ] GC(20) Concurrent Relocate 0.202ms
[2026-05-06T01:32:39.614+0100][3.045s][info][gc,load     ] GC(20) Load: 2.86/2.96/3.50
[2026-05-06T01:32:39.614+0100][3.045s][info][gc,mmu      ] GC(20) MMU: 2ms/95.6%, 5ms/98.2%, 10ms/99.1%, 20ms/99.6%, 50ms/99.8%, 100ms/99.9%
[2026-05-06T01:32:39.614+0100][3.045s][info][gc,marking  ] GC(20) Mark: 2 stripe(s), 2 proactive flush(es), 1 terminate flush(es), 0 completion(s), 0 continuation(s) 
[2026-05-06T01:32:39.614+0100][3.045s][info][gc,marking  ] GC(20) Mark Stack Usage: 32M
[2026-05-06T01:32:39.614+0100][3.045s][info][gc,nmethod  ] GC(20) NMethods: 3713 registered, 630 unregistered
[2026-05-06T01:32:39.614+0100][3.045s][info][gc,metaspace] GC(20) Metaspace: 18M used, 18M committed, 1088M reserved
[2026-05-06T01:32:39.614+0100][3.045s][info][gc,ref      ] GC(20) Soft: 4238 encountered, 0 discovered, 0 enqueued
[2026-05-06T01:32:39.614+0100][3.045s][info][gc,ref      ] GC(20) Weak: 2360 encountered, 959 discovered, 0 enqueued
[2026-05-06T01:32:39.614+0100][3.045s][info][gc,ref      ] GC(20) Final: 6 encountered, 0 discovered, 0 enqueued
[2026-05-06T01:32:39.614+0100][3.045s][info][gc,ref      ] GC(20) Phantom: 270 encountered, 209 discovered, 0 enqueued
[2026-05-06T01:32:39.614+0100][3.045s][info][gc,reloc    ] GC(20) Small Pages: 36 / 72M, Empty: 44M, Relocated: 1M, In-Place: 0
[2026-05-06T01:32:39.614+0100][3.045s][info][gc,reloc    ] GC(20) Medium Pages: 2 / 64M, Empty: 32M, Relocated: 0M, In-Place: 0
[2026-05-06T01:32:39.614+0100][3.045s][info][gc,reloc    ] GC(20) Large Pages: 3 / 192M, Empty: 0M, Relocated: 0M, In-Place: 0
[2026-05-06T01:32:39.614+0100][3.045s][info][gc,reloc    ] GC(20) Forwarding Usage: 0M
[2026-05-06T01:32:39.614+0100][3.045s][info][gc,heap     ] GC(20) Min Capacity: 8M(0%)
[2026-05-06T01:32:39.614+0100][3.045s][info][gc,heap     ] GC(20) Max Capacity: 4096M(100%)
[2026-05-06T01:32:39.614+0100][3.045s][info][gc,heap     ] GC(20) Soft Max Capacity: 4096M(100%)
[2026-05-06T01:32:39.614+0100][3.045s][info][gc,heap     ] GC(20)                Mark Start          Mark End        Relocate Start      Relocate End           High               Low         
[2026-05-06T01:32:39.614+0100][3.045s][info][gc,heap     ] GC(20)  Capacity:     1028M (25%)        1028M (25%)        1028M (25%)        1028M (25%)        1028M (25%)        1028M (25%)    
[2026-05-06T01:32:39.614+0100][3.045s][info][gc,heap     ] GC(20)      Free:     3768M (92%)        3766M (92%)        3842M (94%)        3852M (94%)        3852M (94%)        3762M (92%)    
[2026-05-06T01:32:39.614+0100][3.045s][info][gc,heap     ] GC(20)      Used:      328M (8%)          330M (8%)          254M (6%)          244M (6%)          334M (8%)          244M (6%)     
[2026-05-06T01:32:39.614+0100][3.045s][info][gc,heap     ] GC(20)      Live:         -               205M (5%)          205M (5%)          205M (5%)             -                  -          
[2026-05-06T01:32:39.614+0100][3.045s][info][gc,heap     ] GC(20) Allocated:         -                 2M (0%)            2M (0%)            2M (0%)             -                  -          
[2026-05-06T01:32:39.614+0100][3.045s][info][gc,heap     ] GC(20)   Garbage:         -               122M (3%)           46M (1%)           36M (1%)             -                  -          
[2026-05-06T01:32:39.614+0100][3.045s][info][gc,heap     ] GC(20) Reclaimed:         -                  -                76M (2%)           86M (2%)             -                  -          
[2026-05-06T01:32:39.614+0100][3.045s][info][gc          ] GC(20) Garbage Collection (System.gc()) 328M(8%)->244M(6%)
[2026-05-06T01:32:39.690+0100][3.121s][info][gc,start    ] GC(21) Garbage Collection (System.gc())
[2026-05-06T01:32:39.690+0100][3.121s][info][gc,task     ] GC(21) Using 3 workers
[2026-05-06T01:32:39.690+0100][3.121s][info][gc,phases   ] GC(21) Pause Mark Start 0.003ms
[2026-05-06T01:32:39.695+0100][3.125s][info][gc,phases   ] GC(21) Concurrent Mark 4.136ms
[2026-05-06T01:32:39.695+0100][3.125s][info][gc,phases   ] GC(21) Pause Mark End 0.004ms
[2026-05-06T01:32:39.695+0100][3.125s][info][gc,phases   ] GC(21) Concurrent Mark Free 0.000ms
[2026-05-06T01:32:39.696+0100][3.127s][info][gc,phases   ] GC(21) Concurrent Process Non-Strong References 1.712ms
[2026-05-06T01:32:39.696+0100][3.127s][info][gc,phases   ] GC(21) Concurrent Reset Relocation Set 0.001ms
[2026-05-06T01:32:39.697+0100][3.128s][info][gc,phases   ] GC(21) Concurrent Select Relocation Set 0.587ms
[2026-05-06T01:32:39.697+0100][3.128s][info][gc,phases   ] GC(21) Pause Relocate Start 0.002ms
[2026-05-06T01:32:39.697+0100][3.128s][info][gc,phases   ] GC(21) Concurrent Relocate 0.210ms
[2026-05-06T01:32:39.697+0100][3.128s][info][gc,load     ] GC(21) Load: 2.86/2.96/3.50
[2026-05-06T01:32:39.697+0100][3.128s][info][gc,mmu      ] GC(21) MMU: 2ms/95.6%, 5ms/98.2%, 10ms/99.1%, 20ms/99.6%, 50ms/99.8%, 100ms/99.9%
[2026-05-06T01:32:39.697+0100][3.128s][info][gc,marking  ] GC(21) Mark: 2 stripe(s), 2 proactive flush(es), 1 terminate flush(es), 0 completion(s), 0 continuation(s) 
[2026-05-06T01:32:39.697+0100][3.128s][info][gc,marking  ] GC(21) Mark Stack Usage: 32M
[2026-05-06T01:32:39.697+0100][3.128s][info][gc,nmethod  ] GC(21) NMethods: 3748 registered, 640 unregistered
[2026-05-06T01:32:39.697+0100][3.128s][info][gc,metaspace] GC(21) Metaspace: 18M used, 18M committed, 1088M reserved
[2026-05-06T01:32:39.697+0100][3.128s][info][gc,ref      ] GC(21) Soft: 4238 encountered, 0 discovered, 0 enqueued
[2026-05-06T01:32:39.697+0100][3.128s][info][gc,ref      ] GC(21) Weak: 2367 encountered, 1138 discovered, 0 enqueued
[2026-05-06T01:32:39.697+0100][3.128s][info][gc,ref      ] GC(21) Final: 6 encountered, 0 discovered, 0 enqueued
[2026-05-06T01:32:39.697+0100][3.128s][info][gc,ref      ] GC(21) Phantom: 270 encountered, 177 discovered, 0 enqueued
[2026-05-06T01:32:39.697+0100][3.128s][info][gc,reloc    ] GC(21) Small Pages: 32 / 64M, Empty: 36M, Relocated: 1M, In-Place: 0
[2026-05-06T01:32:39.697+0100][3.128s][info][gc,reloc    ] GC(21) Medium Pages: 2 / 64M, Empty: 32M, Relocated: 0M, In-Place: 0
[2026-05-06T01:32:39.697+0100][3.128s][info][gc,reloc    ] GC(21) Large Pages: 3 / 192M, Empty: 0M, Relocated: 0M, In-Place: 0
[2026-05-06T01:32:39.697+0100][3.128s][info][gc,reloc    ] GC(21) Forwarding Usage: 0M
[2026-05-06T01:32:39.697+0100][3.128s][info][gc,heap     ] GC(21) Min Capacity: 8M(0%)
[2026-05-06T01:32:39.697+0100][3.128s][info][gc,heap     ] GC(21) Max Capacity: 4096M(100%)
[2026-05-06T01:32:39.697+0100][3.128s][info][gc,heap     ] GC(21) Soft Max Capacity: 4096M(100%)
[2026-05-06T01:32:39.697+0100][3.128s][info][gc,heap     ] GC(21)                Mark Start          Mark End        Relocate Start      Relocate End           High               Low         
[2026-05-06T01:32:39.697+0100][3.128s][info][gc,heap     ] GC(21)  Capacity:     1028M (25%)        1028M (25%)        1028M (25%)        1028M (25%)        1028M (25%)        1028M (25%)    
[2026-05-06T01:32:39.697+0100][3.128s][info][gc,heap     ] GC(21)      Free:     3776M (92%)        3776M (92%)        3844M (94%)        3854M (94%)        3854M (94%)        3776M (92%)    
[2026-05-06T01:32:39.697+0100][3.128s][info][gc,heap     ] GC(21)      Used:      320M (8%)          320M (8%)          252M (6%)          242M (6%)          320M (8%)          242M (6%)     
[2026-05-06T01:32:39.697+0100][3.128s][info][gc,heap     ] GC(21)      Live:         -               205M (5%)          205M (5%)          205M (5%)             -                  -          
[2026-05-06T01:32:39.697+0100][3.128s][info][gc,heap     ] GC(21) Allocated:         -                 0M (0%)            0M (0%)            0M (0%)             -                  -          
[2026-05-06T01:32:39.697+0100][3.128s][info][gc,heap     ] GC(21)   Garbage:         -               114M (3%)           46M (1%)           36M (1%)             -                  -          
[2026-05-06T01:32:39.697+0100][3.128s][info][gc,heap     ] GC(21) Reclaimed:         -                  -                68M (2%)           78M (2%)             -                  -          
[2026-05-06T01:32:39.697+0100][3.128s][info][gc          ] GC(21) Garbage Collection (System.gc()) 320M(8%)->242M(6%)
[2026-05-06T01:32:39.702+0100][3.133s][info][gc,start    ] GC(22) Garbage Collection (System.gc())
[2026-05-06T01:32:39.702+0100][3.133s][info][gc,task     ] GC(22) Using 3 workers
[2026-05-06T01:32:39.702+0100][3.133s][info][gc,phases   ] GC(22) Pause Mark Start 0.002ms
[2026-05-06T01:32:39.707+0100][3.138s][info][gc,phases   ] GC(22) Concurrent Mark 5.043ms
[2026-05-06T01:32:39.707+0100][3.138s][info][gc,phases   ] GC(22) Pause Mark End 0.004ms
[2026-05-06T01:32:39.707+0100][3.138s][info][gc,phases   ] GC(22) Concurrent Mark Free 0.000ms
[2026-05-06T01:32:39.709+0100][3.140s][info][gc,phases   ] GC(22) Concurrent Process Non-Strong References 1.696ms
[2026-05-06T01:32:39.709+0100][3.140s][info][gc,phases   ] GC(22) Concurrent Reset Relocation Set 0.001ms
[2026-05-06T01:32:39.710+0100][3.140s][info][gc,phases   ] GC(22) Concurrent Select Relocation Set 0.604ms
[2026-05-06T01:32:39.710+0100][3.140s][info][gc,phases   ] GC(22) Pause Relocate Start 0.003ms
[2026-05-06T01:32:39.710+0100][3.141s][info][gc,phases   ] GC(22) Concurrent Relocate 0.183ms
[2026-05-06T01:32:39.710+0100][3.141s][info][gc,load     ] GC(22) Load: 2.86/2.96/3.50
[2026-05-06T01:32:39.710+0100][3.141s][info][gc,mmu      ] GC(22) MMU: 2ms/95.6%, 5ms/98.2%, 10ms/99.1%, 20ms/99.6%, 50ms/99.8%, 100ms/99.9%
[2026-05-06T01:32:39.710+0100][3.141s][info][gc,marking  ] GC(22) Mark: 2 stripe(s), 2 proactive flush(es), 1 terminate flush(es), 0 completion(s), 0 continuation(s) 
[2026-05-06T01:32:39.710+0100][3.141s][info][gc,marking  ] GC(22) Mark Stack Usage: 32M
[2026-05-06T01:32:39.710+0100][3.141s][info][gc,nmethod  ] GC(22) NMethods: 3764 registered, 641 unregistered
[2026-05-06T01:32:39.710+0100][3.141s][info][gc,metaspace] GC(22) Metaspace: 18M used, 19M committed, 1088M reserved
[2026-05-06T01:32:39.710+0100][3.141s][info][gc,ref      ] GC(22) Soft: 4238 encountered, 0 discovered, 0 enqueued
[2026-05-06T01:32:39.710+0100][3.141s][info][gc,ref      ] GC(22) Weak: 2367 encountered, 383 discovered, 0 enqueued
[2026-05-06T01:32:39.710+0100][3.141s][info][gc,ref      ] GC(22) Final: 6 encountered, 0 discovered, 0 enqueued
[2026-05-06T01:32:39.710+0100][3.141s][info][gc,ref      ] GC(22) Phantom: 270 encountered, 175 discovered, 0 enqueued
[2026-05-06T01:32:39.710+0100][3.141s][info][gc,reloc    ] GC(22) Small Pages: 11 / 22M, Empty: 2M, Relocated: 1M, In-Place: 0
[2026-05-06T01:32:39.710+0100][3.141s][info][gc,reloc    ] GC(22) Medium Pages: 2 / 64M, Empty: 32M, Relocated: 0M, In-Place: 0
[2026-05-06T01:32:39.710+0100][3.141s][info][gc,reloc    ] GC(22) Large Pages: 3 / 192M, Empty: 0M, Relocated: 0M, In-Place: 0
[2026-05-06T01:32:39.710+0100][3.141s][info][gc,reloc    ] GC(22) Forwarding Usage: 0M
[2026-05-06T01:32:39.710+0100][3.141s][info][gc,heap     ] GC(22) Min Capacity: 8M(0%)
[2026-05-06T01:32:39.710+0100][3.141s][info][gc,heap     ] GC(22) Max Capacity: 4096M(100%)
[2026-05-06T01:32:39.710+0100][3.141s][info][gc,heap     ] GC(22) Soft Max Capacity: 4096M(100%)
[2026-05-06T01:32:39.710+0100][3.141s][info][gc,heap     ] GC(22)                Mark Start          Mark End        Relocate Start      Relocate End           High               Low         
[2026-05-06T01:32:39.710+0100][3.141s][info][gc,heap     ] GC(22)  Capacity:     1028M (25%)        1028M (25%)        1028M (25%)        1028M (25%)        1028M (25%)        1028M (25%)    
[2026-05-06T01:32:39.710+0100][3.141s][info][gc,heap     ] GC(22)      Free:     3818M (93%)        3818M (93%)        3852M (94%)        3854M (94%)        3854M (94%)        3818M (93%)    
[2026-05-06T01:32:39.710+0100][3.141s][info][gc,heap     ] GC(22)      Used:      278M (7%)          278M (7%)          244M (6%)          242M (6%)          278M (7%)          242M (6%)     
[2026-05-06T01:32:39.710+0100][3.141s][info][gc,heap     ] GC(22)      Live:         -               205M (5%)          205M (5%)          205M (5%)             -                  -          
[2026-05-06T01:32:39.710+0100][3.141s][info][gc,heap     ] GC(22) Allocated:         -                 0M (0%)            0M (0%)            0M (0%)             -                  -          
[2026-05-06T01:32:39.710+0100][3.141s][info][gc,heap     ] GC(22)   Garbage:         -                72M (2%)           38M (1%)           36M (1%)             -                  -          
[2026-05-06T01:32:39.710+0100][3.141s][info][gc,heap     ] GC(22) Reclaimed:         -                  -                34M (1%)           36M (1%)             -                  -          
[2026-05-06T01:32:39.710+0100][3.141s][info][gc          ] GC(22) Garbage Collection (System.gc()) 278M(7%)->242M(6%)
[2026-05-06T01:32:39.716+0100][3.147s][info][gc,start    ] GC(23) Garbage Collection (System.gc())
[2026-05-06T01:32:39.716+0100][3.147s][info][gc,task     ] GC(23) Using 3 workers
[2026-05-06T01:32:39.716+0100][3.147s][info][gc,phases   ] GC(23) Pause Mark Start 0.002ms
[2026-05-06T01:32:39.721+0100][3.151s][info][gc,phases   ] GC(23) Concurrent Mark 4.460ms
[2026-05-06T01:32:39.721+0100][3.151s][info][gc,phases   ] GC(23) Pause Mark End 0.004ms
[2026-05-06T01:32:39.721+0100][3.151s][info][gc,phases   ] GC(23) Concurrent Mark Free 0.000ms
[2026-05-06T01:32:39.723+0100][3.153s][info][gc,phases   ] GC(23) Concurrent Process Non-Strong References 2.101ms
[2026-05-06T01:32:39.723+0100][3.153s][info][gc,phases   ] GC(23) Concurrent Reset Relocation Set 0.001ms
[2026-05-06T01:32:39.723+0100][3.154s][info][gc,phases   ] GC(23) Concurrent Select Relocation Set 0.638ms
[2026-05-06T01:32:39.723+0100][3.154s][info][gc,phases   ] GC(23) Pause Relocate Start 0.003ms
[2026-05-06T01:32:39.724+0100][3.154s][info][gc,phases   ] GC(23) Concurrent Relocate 0.242ms
[2026-05-06T01:32:39.724+0100][3.154s][info][gc,load     ] GC(23) Load: 2.86/2.96/3.50
[2026-05-06T01:32:39.724+0100][3.154s][info][gc,mmu      ] GC(23) MMU: 2ms/95.6%, 5ms/98.2%, 10ms/99.1%, 20ms/99.6%, 50ms/99.8%, 100ms/99.9%
[2026-05-06T01:32:39.724+0100][3.154s][info][gc,marking  ] GC(23) Mark: 2 stripe(s), 1 proactive flush(es), 1 terminate flush(es), 0 completion(s), 0 continuation(s) 
[2026-05-06T01:32:39.724+0100][3.154s][info][gc,marking  ] GC(23) Mark Stack Usage: 32M
[2026-05-06T01:32:39.724+0100][3.154s][info][gc,nmethod  ] GC(23) NMethods: 3770 registered, 641 unregistered
[2026-05-06T01:32:39.724+0100][3.154s][info][gc,metaspace] GC(23) Metaspace: 18M used, 19M committed, 1088M reserved
[2026-05-06T01:32:39.724+0100][3.154s][info][gc,ref      ] GC(23) Soft: 4238 encountered, 0 discovered, 0 enqueued
[2026-05-06T01:32:39.724+0100][3.154s][info][gc,ref      ] GC(23) Weak: 2367 encountered, 543 discovered, 0 enqueued
[2026-05-06T01:32:39.724+0100][3.154s][info][gc,ref      ] GC(23) Final: 6 encountered, 0 discovered, 0 enqueued
[2026-05-06T01:32:39.724+0100][3.154s][info][gc,ref      ] GC(23) Phantom: 270 encountered, 178 discovered, 0 enqueued
[2026-05-06T01:32:39.724+0100][3.154s][info][gc,reloc    ] GC(23) Small Pages: 11 / 22M, Empty: 2M, Relocated: 1M, In-Place: 0
[2026-05-06T01:32:39.724+0100][3.154s][info][gc,reloc    ] GC(23) Medium Pages: 2 / 64M, Empty: 32M, Relocated: 0M, In-Place: 0
[2026-05-06T01:32:39.724+0100][3.154s][info][gc,reloc    ] GC(23) Large Pages: 3 / 192M, Empty: 0M, Relocated: 0M, In-Place: 0
[2026-05-06T01:32:39.724+0100][3.154s][info][gc,reloc    ] GC(23) Forwarding Usage: 0M
[2026-05-06T01:32:39.724+0100][3.154s][info][gc,heap     ] GC(23) Min Capacity: 8M(0%)
[2026-05-06T01:32:39.724+0100][3.154s][info][gc,heap     ] GC(23) Max Capacity: 4096M(100%)
[2026-05-06T01:32:39.724+0100][3.154s][info][gc,heap     ] GC(23) Soft Max Capacity: 4096M(100%)
[2026-05-06T01:32:39.724+0100][3.154s][info][gc,heap     ] GC(23)                Mark Start          Mark End        Relocate Start      Relocate End           High               Low         
[2026-05-06T01:32:39.724+0100][3.154s][info][gc,heap     ] GC(23)  Capacity:     1028M (25%)        1028M (25%)        1028M (25%)        1028M (25%)        1028M (25%)        1028M (25%)    
[2026-05-06T01:32:39.724+0100][3.154s][info][gc,heap     ] GC(23)      Free:     3818M (93%)        3818M (93%)        3852M (94%)        3854M (94%)        3854M (94%)        3818M (93%)    
[2026-05-06T01:32:39.724+0100][3.154s][info][gc,heap     ] GC(23)      Used:      278M (7%)          278M (7%)          244M (6%)          242M (6%)          278M (7%)          242M (6%)     
[2026-05-06T01:32:39.724+0100][3.154s][info][gc,heap     ] GC(23)      Live:         -               205M (5%)          205M (5%)          205M (5%)             -                  -          
[2026-05-06T01:32:39.724+0100][3.154s][info][gc,heap     ] GC(23) Allocated:         -                 0M (0%)            0M (0%)            0M (0%)             -                  -          
[2026-05-06T01:32:39.724+0100][3.154s][info][gc,heap     ] GC(23)   Garbage:         -                72M (2%)           38M (1%)           36M (1%)             -                  -          
[2026-05-06T01:32:39.724+0100][3.154s][info][gc,heap     ] GC(23) Reclaimed:         -                  -                34M (1%)           36M (1%)             -                  -          
[2026-05-06T01:32:39.724+0100][3.154s][info][gc          ] GC(23) Garbage Collection (System.gc()) 278M(7%)->242M(6%)
[2026-05-06T01:32:39.752+0100][3.183s][info][gc,start    ] GC(24) Garbage Collection (System.gc())
[2026-05-06T01:32:39.752+0100][3.183s][info][gc,task     ] GC(24) Using 3 workers
[2026-05-06T01:32:39.752+0100][3.183s][info][gc,phases   ] GC(24) Pause Mark Start 0.003ms
[2026-05-06T01:32:39.756+0100][3.187s][info][gc,phases   ] GC(24) Concurrent Mark 3.880ms
[2026-05-06T01:32:39.756+0100][3.187s][info][gc,phases   ] GC(24) Pause Mark End 0.004ms
[2026-05-06T01:32:39.756+0100][3.187s][info][gc,phases   ] GC(24) Concurrent Mark Free 0.000ms
[2026-05-06T01:32:39.758+0100][3.189s][info][gc,phases   ] GC(24) Concurrent Process Non-Strong References 1.693ms
[2026-05-06T01:32:39.758+0100][3.189s][info][gc,phases   ] GC(24) Concurrent Reset Relocation Set 0.000ms
[2026-05-06T01:32:39.759+0100][3.189s][info][gc,phases   ] GC(24) Concurrent Select Relocation Set 0.660ms
[2026-05-06T01:32:39.759+0100][3.189s][info][gc,phases   ] GC(24) Pause Relocate Start 0.002ms
[2026-05-06T01:32:39.759+0100][3.190s][info][gc,phases   ] GC(24) Concurrent Relocate 0.186ms
[2026-05-06T01:32:39.759+0100][3.190s][info][gc,load     ] GC(24) Load: 2.86/2.96/3.50
[2026-05-06T01:32:39.759+0100][3.190s][info][gc,mmu      ] GC(24) MMU: 2ms/95.6%, 5ms/98.2%, 10ms/99.1%, 20ms/99.6%, 50ms/99.8%, 100ms/99.9%
[2026-05-06T01:32:39.759+0100][3.190s][info][gc,marking  ] GC(24) Mark: 2 stripe(s), 1 proactive flush(es), 1 terminate flush(es), 0 completion(s), 0 continuation(s) 
[2026-05-06T01:32:39.759+0100][3.190s][info][gc,marking  ] GC(24) Mark Stack Usage: 32M
[2026-05-06T01:32:39.759+0100][3.190s][info][gc,nmethod  ] GC(24) NMethods: 3772 registered, 643 unregistered
[2026-05-06T01:32:39.759+0100][3.190s][info][gc,metaspace] GC(24) Metaspace: 18M used, 19M committed, 1088M reserved
[2026-05-06T01:32:39.759+0100][3.190s][info][gc,ref      ] GC(24) Soft: 4238 encountered, 0 discovered, 0 enqueued
[2026-05-06T01:32:39.759+0100][3.190s][info][gc,ref      ] GC(24) Weak: 2367 encountered, 1268 discovered, 0 enqueued
[2026-05-06T01:32:39.759+0100][3.190s][info][gc,ref      ] GC(24) Final: 6 encountered, 6 discovered, 0 enqueued
[2026-05-06T01:32:39.759+0100][3.190s][info][gc,ref      ] GC(24) Phantom: 270 encountered, 174 discovered, 0 enqueued
[2026-05-06T01:32:39.759+0100][3.190s][info][gc,reloc    ] GC(24) Small Pages: 10 / 20M, Empty: 0M, Relocated: 1M, In-Place: 0
[2026-05-06T01:32:39.759+0100][3.190s][info][gc,reloc    ] GC(24) Medium Pages: 2 / 64M, Empty: 32M, Relocated: 0M, In-Place: 0
[2026-05-06T01:32:39.759+0100][3.190s][info][gc,reloc    ] GC(24) Large Pages: 6 / 216M, Empty: 24M, Relocated: 0M, In-Place: 0
[2026-05-06T01:32:39.759+0100][3.190s][info][gc,reloc    ] GC(24) Forwarding Usage: 0M
[2026-05-06T01:32:39.759+0100][3.190s][info][gc,heap     ] GC(24) Min Capacity: 8M(0%)
[2026-05-06T01:32:39.759+0100][3.190s][info][gc,heap     ] GC(24) Max Capacity: 4096M(100%)
[2026-05-06T01:32:39.759+0100][3.190s][info][gc,heap     ] GC(24) Soft Max Capacity: 4096M(100%)
[2026-05-06T01:32:39.759+0100][3.190s][info][gc,heap     ] GC(24)                Mark Start          Mark End        Relocate Start      Relocate End           High               Low         
[2026-05-06T01:32:39.759+0100][3.190s][info][gc,heap     ] GC(24)  Capacity:     1028M (25%)        1028M (25%)        1028M (25%)        1028M (25%)        1028M (25%)        1028M (25%)    
[2026-05-06T01:32:39.759+0100][3.190s][info][gc,heap     ] GC(24)      Free:     3796M (93%)        3796M (93%)        3852M (94%)        3854M (94%)        3854M (94%)        3796M (93%)    
[2026-05-06T01:32:39.759+0100][3.190s][info][gc,heap     ] GC(24)      Used:      300M (7%)          300M (7%)          244M (6%)          242M (6%)          300M (7%)          242M (6%)     
[2026-05-06T01:32:39.759+0100][3.190s][info][gc,heap     ] GC(24)      Live:         -               205M (5%)          205M (5%)          205M (5%)             -                  -          
[2026-05-06T01:32:39.759+0100][3.190s][info][gc,heap     ] GC(24) Allocated:         -                 0M (0%)            0M (0%)            0M (0%)             -                  -          
[2026-05-06T01:32:39.759+0100][3.190s][info][gc,heap     ] GC(24)   Garbage:         -                94M (2%)           38M (1%)           36M (1%)             -                  -          
[2026-05-06T01:32:39.759+0100][3.190s][info][gc,heap     ] GC(24) Reclaimed:         -                  -                56M (1%)           58M (1%)             -                  -          
[2026-05-06T01:32:39.759+0100][3.190s][info][gc          ] GC(24) Garbage Collection (System.gc()) 300M(7%)->242M(6%)
[2026-05-06T01:32:39.860+0100][3.290s][info][gc,start    ] GC(25) Garbage Collection (System.gc())
[2026-05-06T01:32:39.860+0100][3.290s][info][gc,task     ] GC(25) Using 3 workers
[2026-05-06T01:32:39.860+0100][3.290s][info][gc,phases   ] GC(25) Pause Mark Start 0.003ms
[2026-05-06T01:32:39.864+0100][3.294s][info][gc,phases   ] GC(25) Concurrent Mark 3.780ms
[2026-05-06T01:32:39.864+0100][3.294s][info][gc,phases   ] GC(25) Pause Mark End 0.003ms
[2026-05-06T01:32:39.864+0100][3.294s][info][gc,phases   ] GC(25) Concurrent Mark Free 0.000ms
[2026-05-06T01:32:39.865+0100][3.296s][info][gc,phases   ] GC(25) Concurrent Process Non-Strong References 1.717ms
[2026-05-06T01:32:39.865+0100][3.296s][info][gc,phases   ] GC(25) Concurrent Reset Relocation Set 0.000ms
[2026-05-06T01:32:39.866+0100][3.297s][info][gc,phases   ] GC(25) Concurrent Select Relocation Set 0.642ms
[2026-05-06T01:32:39.866+0100][3.297s][info][gc,phases   ] GC(25) Pause Relocate Start 0.002ms
[2026-05-06T01:32:39.866+0100][3.297s][info][gc,phases   ] GC(25) Concurrent Relocate 0.188ms
[2026-05-06T01:32:39.866+0100][3.297s][info][gc,load     ] GC(25) Load: 2.86/2.96/3.50
[2026-05-06T01:32:39.866+0100][3.297s][info][gc,mmu      ] GC(25) MMU: 2ms/95.6%, 5ms/98.2%, 10ms/99.1%, 20ms/99.6%, 50ms/99.8%, 100ms/99.9%
[2026-05-06T01:32:39.866+0100][3.297s][info][gc,marking  ] GC(25) Mark: 2 stripe(s), 1 proactive flush(es), 1 terminate flush(es), 0 completion(s), 0 continuation(s) 
[2026-05-06T01:32:39.866+0100][3.297s][info][gc,marking  ] GC(25) Mark Stack Usage: 32M
[2026-05-06T01:32:39.866+0100][3.297s][info][gc,nmethod  ] GC(25) NMethods: 3772 registered, 643 unregistered
[2026-05-06T01:32:39.866+0100][3.297s][info][gc,metaspace] GC(25) Metaspace: 18M used, 19M committed, 1088M reserved
[2026-05-06T01:32:39.866+0100][3.297s][info][gc,ref      ] GC(25) Soft: 4238 encountered, 0 discovered, 0 enqueued
[2026-05-06T01:32:39.866+0100][3.297s][info][gc,ref      ] GC(25) Weak: 2367 encountered, 1319 discovered, 0 enqueued
[2026-05-06T01:32:39.866+0100][3.297s][info][gc,ref      ] GC(25) Final: 6 encountered, 0 discovered, 0 enqueued
[2026-05-06T01:32:39.866+0100][3.297s][info][gc,ref      ] GC(25) Phantom: 270 encountered, 177 discovered, 0 enqueued
[2026-05-06T01:32:39.866+0100][3.297s][info][gc,reloc    ] GC(25) Small Pages: 10 / 20M, Empty: 0M, Relocated: 1M, In-Place: 0
[2026-05-06T01:32:39.866+0100][3.297s][info][gc,reloc    ] GC(25) Medium Pages: 1 / 32M, Empty: 0M, Relocated: 0M, In-Place: 0
[2026-05-06T01:32:39.866+0100][3.297s][info][gc,reloc    ] GC(25) Large Pages: 16 / 296M, Empty: 104M, Relocated: 0M, In-Place: 0
[2026-05-06T01:32:39.866+0100][3.297s][info][gc,reloc    ] GC(25) Forwarding Usage: 0M
[2026-05-06T01:32:39.866+0100][3.297s][info][gc,heap     ] GC(25) Min Capacity: 8M(0%)
[2026-05-06T01:32:39.866+0100][3.297s][info][gc,heap     ] GC(25) Max Capacity: 4096M(100%)
[2026-05-06T01:32:39.866+0100][3.297s][info][gc,heap     ] GC(25) Soft Max Capacity: 4096M(100%)
[2026-05-06T01:32:39.866+0100][3.297s][info][gc,heap     ] GC(25)                Mark Start          Mark End        Relocate Start      Relocate End           High               Low         
[2026-05-06T01:32:39.866+0100][3.297s][info][gc,heap     ] GC(25)  Capacity:     1028M (25%)        1028M (25%)        1028M (25%)        1028M (25%)        1028M (25%)        1028M (25%)    
[2026-05-06T01:32:39.866+0100][3.297s][info][gc,heap     ] GC(25)      Free:     3748M (92%)        3748M (92%)        3852M (94%)        3854M (94%)        3854M (94%)        3748M (92%)    
[2026-05-06T01:32:39.866+0100][3.297s][info][gc,heap     ] GC(25)      Used:      348M (8%)          348M (8%)          244M (6%)          242M (6%)          348M (8%)          242M (6%)     
[2026-05-06T01:32:39.866+0100][3.297s][info][gc,heap     ] GC(25)      Live:         -               205M (5%)          205M (5%)          205M (5%)             -                  -          
[2026-05-06T01:32:39.866+0100][3.297s][info][gc,heap     ] GC(25) Allocated:         -                 0M (0%)            0M (0%)            0M (0%)             -                  -          
[2026-05-06T01:32:39.866+0100][3.297s][info][gc,heap     ] GC(25)   Garbage:         -               142M (3%)           38M (1%)           36M (1%)             -                  -          
[2026-05-06T01:32:39.866+0100][3.297s][info][gc,heap     ] GC(25) Reclaimed:         -                  -               104M (3%)          106M (3%)             -                  -          
[2026-05-06T01:32:39.866+0100][3.297s][info][gc          ] GC(25) Garbage Collection (System.gc()) 348M(8%)->242M(6%)
[2026-05-06T01:32:39.971+0100][3.402s][info][gc,start    ] GC(26) Garbage Collection (System.gc())
[2026-05-06T01:32:39.971+0100][3.402s][info][gc,task     ] GC(26) Using 3 workers
[2026-05-06T01:32:39.971+0100][3.402s][info][gc,phases   ] GC(26) Pause Mark Start 0.003ms
[2026-05-06T01:32:39.975+0100][3.406s][info][gc,phases   ] GC(26) Concurrent Mark 4.121ms
[2026-05-06T01:32:39.975+0100][3.406s][info][gc,phases   ] GC(26) Pause Mark End 0.003ms
[2026-05-06T01:32:39.975+0100][3.406s][info][gc,phases   ] GC(26) Concurrent Mark Free 0.000ms
[2026-05-06T01:32:39.977+0100][3.407s][info][gc,phases   ] GC(26) Concurrent Process Non-Strong References 1.654ms
[2026-05-06T01:32:39.977+0100][3.407s][info][gc,phases   ] GC(26) Concurrent Reset Relocation Set 0.000ms
[2026-05-06T01:32:39.978+0100][3.408s][info][gc,phases   ] GC(26) Concurrent Select Relocation Set 0.611ms
[2026-05-06T01:32:39.978+0100][3.408s][info][gc,phases   ] GC(26) Pause Relocate Start 0.003ms
[2026-05-06T01:32:39.978+0100][3.408s][info][gc,phases   ] GC(26) Concurrent Relocate 0.185ms
[2026-05-06T01:32:39.978+0100][3.408s][info][gc,load     ] GC(26) Load: 2.86/2.96/3.50
[2026-05-06T01:32:39.978+0100][3.408s][info][gc,mmu      ] GC(26) MMU: 2ms/95.6%, 5ms/98.2%, 10ms/99.1%, 20ms/99.6%, 50ms/99.8%, 100ms/99.9%
[2026-05-06T01:32:39.978+0100][3.408s][info][gc,marking  ] GC(26) Mark: 2 stripe(s), 1 proactive flush(es), 1 terminate flush(es), 0 completion(s), 0 continuation(s) 
[2026-05-06T01:32:39.978+0100][3.408s][info][gc,marking  ] GC(26) Mark Stack Usage: 32M
[2026-05-06T01:32:39.978+0100][3.408s][info][gc,nmethod  ] GC(26) NMethods: 3775 registered, 643 unregistered
[2026-05-06T01:32:39.978+0100][3.408s][info][gc,metaspace] GC(26) Metaspace: 18M used, 19M committed, 1088M reserved
[2026-05-06T01:32:39.978+0100][3.408s][info][gc,ref      ] GC(26) Soft: 4238 encountered, 0 discovered, 0 enqueued
[2026-05-06T01:32:39.978+0100][3.408s][info][gc,ref      ] GC(26) Weak: 2367 encountered, 220 discovered, 0 enqueued
[2026-05-06T01:32:39.978+0100][3.408s][info][gc,ref      ] GC(26) Final: 6 encountered, 0 discovered, 0 enqueued
[2026-05-06T01:32:39.978+0100][3.408s][info][gc,ref      ] GC(26) Phantom: 270 encountered, 178 discovered, 0 enqueued
[2026-05-06T01:32:39.978+0100][3.408s][info][gc,reloc    ] GC(26) Small Pages: 10 / 20M, Empty: 0M, Relocated: 1M, In-Place: 0
[2026-05-06T01:32:39.978+0100][3.408s][info][gc,reloc    ] GC(26) Medium Pages: 1 / 32M, Empty: 0M, Relocated: 0M, In-Place: 0
[2026-05-06T01:32:39.978+0100][3.408s][info][gc,reloc    ] GC(26) Large Pages: 16 / 296M, Empty: 104M, Relocated: 0M, In-Place: 0
[2026-05-06T01:32:39.978+0100][3.408s][info][gc,reloc    ] GC(26) Forwarding Usage: 0M
[2026-05-06T01:32:39.978+0100][3.408s][info][gc,heap     ] GC(26) Min Capacity: 8M(0%)
[2026-05-06T01:32:39.978+0100][3.408s][info][gc,heap     ] GC(26) Max Capacity: 4096M(100%)
[2026-05-06T01:32:39.978+0100][3.408s][info][gc,heap     ] GC(26) Soft Max Capacity: 4096M(100%)
[2026-05-06T01:32:39.978+0100][3.408s][info][gc,heap     ] GC(26)                Mark Start          Mark End        Relocate Start      Relocate End           High               Low         
[2026-05-06T01:32:39.978+0100][3.408s][info][gc,heap     ] GC(26)  Capacity:     1028M (25%)        1028M (25%)        1028M (25%)        1028M (25%)        1028M (25%)        1028M (25%)    
[2026-05-06T01:32:39.978+0100][3.408s][info][gc,heap     ] GC(26)      Free:     3748M (92%)        3748M (92%)        3852M (94%)        3854M (94%)        3854M (94%)        3748M (92%)    
[2026-05-06T01:32:39.978+0100][3.408s][info][gc,heap     ] GC(26)      Used:      348M (8%)          348M (8%)          244M (6%)          242M (6%)          348M (8%)          242M (6%)     
[2026-05-06T01:32:39.978+0100][3.408s][info][gc,heap     ] GC(26)      Live:         -               205M (5%)          205M (5%)          205M (5%)             -                  -          
[2026-05-06T01:32:39.978+0100][3.408s][info][gc,heap     ] GC(26) Allocated:         -                 0M (0%)            0M (0%)            0M (0%)             -                  -          
[2026-05-06T01:32:39.978+0100][3.408s][info][gc,heap     ] GC(26)   Garbage:         -               142M (3%)           38M (1%)           36M (1%)             -                  -          
[2026-05-06T01:32:39.978+0100][3.408s][info][gc,heap     ] GC(26) Reclaimed:         -                  -               104M (3%)          106M (3%)             -                  -          
[2026-05-06T01:32:39.978+0100][3.408s][info][gc          ] GC(26) Garbage Collection (System.gc()) 348M(8%)->242M(6%)
[2026-05-06T01:32:40.084+0100][3.515s][info][gc,start    ] GC(27) Garbage Collection (System.gc())
[2026-05-06T01:32:40.084+0100][3.515s][info][gc,task     ] GC(27) Using 3 workers
[2026-05-06T01:32:40.084+0100][3.515s][info][gc,phases   ] GC(27) Pause Mark Start 0.002ms
[2026-05-06T01:32:40.088+0100][3.519s][info][gc,phases   ] GC(27) Concurrent Mark 3.873ms
[2026-05-06T01:32:40.088+0100][3.519s][info][gc,phases   ] GC(27) Pause Mark End 0.004ms
[2026-05-06T01:32:40.088+0100][3.519s][info][gc,phases   ] GC(27) Concurrent Mark Free 0.000ms
[2026-05-06T01:32:40.090+0100][3.520s][info][gc,phases   ] GC(27) Concurrent Process Non-Strong References 1.656ms
[2026-05-06T01:32:40.090+0100][3.520s][info][gc,phases   ] GC(27) Concurrent Reset Relocation Set 0.001ms
[2026-05-06T01:32:40.090+0100][3.521s][info][gc,phases   ] GC(27) Concurrent Select Relocation Set 0.543ms
[2026-05-06T01:32:40.090+0100][3.521s][info][gc,phases   ] GC(27) Pause Relocate Start 0.002ms
[2026-05-06T01:32:40.090+0100][3.521s][info][gc,phases   ] GC(27) Concurrent Relocate 0.184ms
[2026-05-06T01:32:40.090+0100][3.521s][info][gc,load     ] GC(27) Load: 2.86/2.96/3.50
[2026-05-06T01:32:40.090+0100][3.521s][info][gc,mmu      ] GC(27) MMU: 2ms/95.6%, 5ms/98.2%, 10ms/99.1%, 20ms/99.6%, 50ms/99.8%, 100ms/99.9%
[2026-05-06T01:32:40.090+0100][3.521s][info][gc,marking  ] GC(27) Mark: 2 stripe(s), 1 proactive flush(es), 1 terminate flush(es), 0 completion(s), 0 continuation(s) 
[2026-05-06T01:32:40.090+0100][3.521s][info][gc,marking  ] GC(27) Mark Stack Usage: 32M
[2026-05-06T01:32:40.090+0100][3.521s][info][gc,nmethod  ] GC(27) NMethods: 3777 registered, 646 unregistered
[2026-05-06T01:32:40.090+0100][3.521s][info][gc,metaspace] GC(27) Metaspace: 18M used, 19M committed, 1088M reserved
[2026-05-06T01:32:40.090+0100][3.521s][info][gc,ref      ] GC(27) Soft: 4238 encountered, 0 discovered, 0 enqueued
[2026-05-06T01:32:40.090+0100][3.521s][info][gc,ref      ] GC(27) Weak: 2367 encountered, 403 discovered, 0 enqueued
[2026-05-06T01:32:40.090+0100][3.521s][info][gc,ref      ] GC(27) Final: 6 encountered, 0 discovered, 0 enqueued
[2026-05-06T01:32:40.090+0100][3.521s][info][gc,ref      ] GC(27) Phantom: 270 encountered, 197 discovered, 0 enqueued
[2026-05-06T01:32:40.090+0100][3.521s][info][gc,reloc    ] GC(27) Small Pages: 11 / 22M, Empty: 2M, Relocated: 1M, In-Place: 0
[2026-05-06T01:32:40.090+0100][3.521s][info][gc,reloc    ] GC(27) Medium Pages: 1 / 32M, Empty: 0M, Relocated: 0M, In-Place: 0
[2026-05-06T01:32:40.090+0100][3.521s][info][gc,reloc    ] GC(27) Large Pages: 16 / 296M, Empty: 104M, Relocated: 0M, In-Place: 0
[2026-05-06T01:32:40.090+0100][3.521s][info][gc,reloc    ] GC(27) Forwarding Usage: 0M
[2026-05-06T01:32:40.090+0100][3.521s][info][gc,heap     ] GC(27) Min Capacity: 8M(0%)
[2026-05-06T01:32:40.091+0100][3.521s][info][gc,heap     ] GC(27) Max Capacity: 4096M(100%)
[2026-05-06T01:32:40.091+0100][3.521s][info][gc,heap     ] GC(27) Soft Max Capacity: 4096M(100%)
[2026-05-06T01:32:40.091+0100][3.521s][info][gc,heap     ] GC(27)                Mark Start          Mark End        Relocate Start      Relocate End           High               Low         
[2026-05-06T01:32:40.091+0100][3.521s][info][gc,heap     ] GC(27)  Capacity:     1028M (25%)        1028M (25%)        1028M (25%)        1028M (25%)        1028M (25%)        1028M (25%)    
[2026-05-06T01:32:40.091+0100][3.521s][info][gc,heap     ] GC(27)      Free:     3746M (91%)        3746M (91%)        3852M (94%)        3854M (94%)        3854M (94%)        3746M (91%)    
[2026-05-06T01:32:40.091+0100][3.521s][info][gc,heap     ] GC(27)      Used:      350M (9%)          350M (9%)          244M (6%)          242M (6%)          350M (9%)          242M (6%)     
[2026-05-06T01:32:40.091+0100][3.521s][info][gc,heap     ] GC(27)      Live:         -               205M (5%)          205M (5%)          205M (5%)             -                  -          
[2026-05-06T01:32:40.091+0100][3.521s][info][gc,heap     ] GC(27) Allocated:         -                 0M (0%)            0M (0%)            0M (0%)             -                  -          
[2026-05-06T01:32:40.091+0100][3.521s][info][gc,heap     ] GC(27)   Garbage:         -               144M (4%)           38M (1%)           36M (1%)             -                  -          
[2026-05-06T01:32:40.091+0100][3.521s][info][gc,heap     ] GC(27) Reclaimed:         -                  -               106M (3%)          108M (3%)             -                  -          
[2026-05-06T01:32:40.091+0100][3.521s][info][gc          ] GC(27) Garbage Collection (System.gc()) 350M(9%)->242M(6%)
[2026-05-06T01:32:40.187+0100][3.618s][info][gc,start    ] GC(28) Garbage Collection (System.gc())
[2026-05-06T01:32:40.187+0100][3.618s][info][gc,task     ] GC(28) Using 3 workers
[2026-05-06T01:32:40.187+0100][3.618s][info][gc,phases   ] GC(28) Pause Mark Start 0.003ms
[2026-05-06T01:32:40.191+0100][3.622s][info][gc,phases   ] GC(28) Concurrent Mark 3.917ms
[2026-05-06T01:32:40.191+0100][3.622s][info][gc,phases   ] GC(28) Pause Mark End 0.004ms
[2026-05-06T01:32:40.191+0100][3.622s][info][gc,phases   ] GC(28) Concurrent Mark Free 0.000ms
[2026-05-06T01:32:40.193+0100][3.624s][info][gc,phases   ] GC(28) Concurrent Process Non-Strong References 1.713ms
[2026-05-06T01:32:40.193+0100][3.624s][info][gc,phases   ] GC(28) Concurrent Reset Relocation Set 0.001ms
[2026-05-06T01:32:40.194+0100][3.624s][info][gc,phases   ] GC(28) Concurrent Select Relocation Set 0.589ms
[2026-05-06T01:32:40.194+0100][3.624s][info][gc,phases   ] GC(28) Pause Relocate Start 0.002ms
[2026-05-06T01:32:40.194+0100][3.625s][info][gc,phases   ] GC(28) Concurrent Relocate 0.227ms
[2026-05-06T01:32:40.194+0100][3.625s][info][gc,load     ] GC(28) Load: 2.86/2.96/3.50
[2026-05-06T01:32:40.194+0100][3.625s][info][gc,mmu      ] GC(28) MMU: 2ms/95.6%, 5ms/98.2%, 10ms/99.1%, 20ms/99.6%, 50ms/99.8%, 100ms/99.9%
[2026-05-06T01:32:40.194+0100][3.625s][info][gc,marking  ] GC(28) Mark: 2 stripe(s), 1 proactive flush(es), 1 terminate flush(es), 0 completion(s), 0 continuation(s) 
[2026-05-06T01:32:40.194+0100][3.625s][info][gc,marking  ] GC(28) Mark Stack Usage: 32M
[2026-05-06T01:32:40.194+0100][3.625s][info][gc,nmethod  ] GC(28) NMethods: 3789 registered, 647 unregistered
[2026-05-06T01:32:40.194+0100][3.625s][info][gc,metaspace] GC(28) Metaspace: 18M used, 19M committed, 1088M reserved
[2026-05-06T01:32:40.194+0100][3.625s][info][gc,ref      ] GC(28) Soft: 4238 encountered, 0 discovered, 0 enqueued
[2026-05-06T01:32:40.194+0100][3.625s][info][gc,ref      ] GC(28) Weak: 2367 encountered, 1062 discovered, 0 enqueued
[2026-05-06T01:32:40.194+0100][3.625s][info][gc,ref      ] GC(28) Final: 6 encountered, 0 discovered, 0 enqueued
[2026-05-06T01:32:40.194+0100][3.625s][info][gc,ref      ] GC(28) Phantom: 270 encountered, 159 discovered, 0 enqueued
[2026-05-06T01:32:40.194+0100][3.625s][info][gc,reloc    ] GC(28) Small Pages: 11 / 22M, Empty: 2M, Relocated: 1M, In-Place: 0
[2026-05-06T01:32:40.194+0100][3.625s][info][gc,reloc    ] GC(28) Medium Pages: 1 / 32M, Empty: 0M, Relocated: 0M, In-Place: 0
[2026-05-06T01:32:40.194+0100][3.625s][info][gc,reloc    ] GC(28) Large Pages: 16 / 296M, Empty: 104M, Relocated: 0M, In-Place: 0
[2026-05-06T01:32:40.194+0100][3.625s][info][gc,reloc    ] GC(28) Forwarding Usage: 0M
[2026-05-06T01:32:40.194+0100][3.625s][info][gc,heap     ] GC(28) Min Capacity: 8M(0%)
[2026-05-06T01:32:40.194+0100][3.625s][info][gc,heap     ] GC(28) Max Capacity: 4096M(100%)
[2026-05-06T01:32:40.194+0100][3.625s][info][gc,heap     ] GC(28) Soft Max Capacity: 4096M(100%)
[2026-05-06T01:32:40.194+0100][3.625s][info][gc,heap     ] GC(28)                Mark Start          Mark End        Relocate Start      Relocate End           High               Low         
[2026-05-06T01:32:40.194+0100][3.625s][info][gc,heap     ] GC(28)  Capacity:     1028M (25%)        1028M (25%)        1028M (25%)        1028M (25%)        1028M (25%)        1028M (25%)    
[2026-05-06T01:32:40.194+0100][3.625s][info][gc,heap     ] GC(28)      Free:     3746M (91%)        3746M (91%)        3852M (94%)        3854M (94%)        3854M (94%)        3746M (91%)    
[2026-05-06T01:32:40.194+0100][3.625s][info][gc,heap     ] GC(28)      Used:      350M (9%)          350M (9%)          244M (6%)          242M (6%)          350M (9%)          242M (6%)     
[2026-05-06T01:32:40.194+0100][3.625s][info][gc,heap     ] GC(28)      Live:         -               205M (5%)          205M (5%)          205M (5%)             -                  -          
[2026-05-06T01:32:40.194+0100][3.625s][info][gc,heap     ] GC(28) Allocated:         -                 0M (0%)            0M (0%)            0M (0%)             -                  -          
[2026-05-06T01:32:40.194+0100][3.625s][info][gc,heap     ] GC(28)   Garbage:         -               144M (4%)           38M (1%)           36M (1%)             -                  -          
[2026-05-06T01:32:40.194+0100][3.625s][info][gc,heap     ] GC(28) Reclaimed:         -                  -               106M (3%)          108M (3%)             -                  -          
[2026-05-06T01:32:40.194+0100][3.625s][info][gc          ] GC(28) Garbage Collection (System.gc()) 350M(9%)->242M(6%)
[2026-05-06T01:32:40.252+0100][3.683s][info][gc,start    ] GC(29) Garbage Collection (System.gc())
[2026-05-06T01:32:40.252+0100][3.683s][info][gc,task     ] GC(29) Using 3 workers
[2026-05-06T01:32:40.252+0100][3.683s][info][gc,phases   ] GC(29) Pause Mark Start 0.003ms
[2026-05-06T01:32:40.257+0100][3.687s][info][gc,phases   ] GC(29) Concurrent Mark 4.331ms
[2026-05-06T01:32:40.257+0100][3.687s][info][gc,phases   ] GC(29) Pause Mark End 0.004ms
[2026-05-06T01:32:40.257+0100][3.687s][info][gc,phases   ] GC(29) Concurrent Mark Free 0.000ms
[2026-05-06T01:32:40.258+0100][3.689s][info][gc,phases   ] GC(29) Concurrent Process Non-Strong References 1.780ms
[2026-05-06T01:32:40.259+0100][3.689s][info][gc,phases   ] GC(29) Concurrent Reset Relocation Set 0.001ms
[2026-05-06T01:32:40.259+0100][3.690s][info][gc,phases   ] GC(29) Concurrent Select Relocation Set 0.638ms
[2026-05-06T01:32:40.259+0100][3.690s][info][gc,phases   ] GC(29) Pause Relocate Start 0.002ms
[2026-05-06T01:32:40.259+0100][3.690s][info][gc,phases   ] GC(29) Concurrent Relocate 0.191ms
[2026-05-06T01:32:40.259+0100][3.690s][info][gc,load     ] GC(29) Load: 2.86/2.96/3.50
[2026-05-06T01:32:40.259+0100][3.690s][info][gc,mmu      ] GC(29) MMU: 2ms/95.6%, 5ms/98.2%, 10ms/99.1%, 20ms/99.6%, 50ms/99.8%, 100ms/99.9%
[2026-05-06T01:32:40.259+0100][3.690s][info][gc,marking  ] GC(29) Mark: 2 stripe(s), 1 proactive flush(es), 1 terminate flush(es), 0 completion(s), 0 continuation(s) 
[2026-05-06T01:32:40.259+0100][3.690s][info][gc,marking  ] GC(29) Mark Stack Usage: 32M
[2026-05-06T01:32:40.259+0100][3.690s][info][gc,nmethod  ] GC(29) NMethods: 3790 registered, 647 unregistered
[2026-05-06T01:32:40.259+0100][3.690s][info][gc,metaspace] GC(29) Metaspace: 18M used, 19M committed, 1088M reserved
[2026-05-06T01:32:40.259+0100][3.690s][info][gc,ref      ] GC(29) Soft: 4238 encountered, 0 discovered, 0 enqueued
[2026-05-06T01:32:40.259+0100][3.690s][info][gc,ref      ] GC(29) Weak: 2367 encountered, 550 discovered, 0 enqueued
[2026-05-06T01:32:40.259+0100][3.690s][info][gc,ref      ] GC(29) Final: 6 encountered, 6 discovered, 0 enqueued
[2026-05-06T01:32:40.259+0100][3.690s][info][gc,ref      ] GC(29) Phantom: 270 encountered, 172 discovered, 0 enqueued
[2026-05-06T01:32:40.259+0100][3.690s][info][gc,reloc    ] GC(29) Small Pages: 10 / 20M, Empty: 0M, Relocated: 1M, In-Place: 0
[2026-05-06T01:32:40.259+0100][3.690s][info][gc,reloc    ] GC(29) Medium Pages: 1 / 32M, Empty: 0M, Relocated: 0M, In-Place: 0
[2026-05-06T01:32:40.259+0100][3.690s][info][gc,reloc    ] GC(29) Large Pages: 16 / 296M, Empty: 104M, Relocated: 0M, In-Place: 0
[2026-05-06T01:32:40.259+0100][3.690s][info][gc,reloc    ] GC(29) Forwarding Usage: 0M
[2026-05-06T01:32:40.259+0100][3.690s][info][gc,heap     ] GC(29) Min Capacity: 8M(0%)
[2026-05-06T01:32:40.259+0100][3.690s][info][gc,heap     ] GC(29) Max Capacity: 4096M(100%)
[2026-05-06T01:32:40.259+0100][3.690s][info][gc,heap     ] GC(29) Soft Max Capacity: 4096M(100%)
[2026-05-06T01:32:40.259+0100][3.690s][info][gc,heap     ] GC(29)                Mark Start          Mark End        Relocate Start      Relocate End           High               Low         
[2026-05-06T01:32:40.259+0100][3.690s][info][gc,heap     ] GC(29)  Capacity:     1028M (25%)        1028M (25%)        1028M (25%)        1028M (25%)        1028M (25%)        1028M (25%)    
[2026-05-06T01:32:40.259+0100][3.690s][info][gc,heap     ] GC(29)      Free:     3748M (92%)        3748M (92%)        3852M (94%)        3854M (94%)        3854M (94%)        3748M (92%)    
[2026-05-06T01:32:40.259+0100][3.690s][info][gc,heap     ] GC(29)      Used:      348M (8%)          348M (8%)          244M (6%)          242M (6%)          348M (8%)          242M (6%)     
[2026-05-06T01:32:40.259+0100][3.690s][info][gc,heap     ] GC(29)      Live:         -               205M (5%)          205M (5%)          205M (5%)             -                  -          
[2026-05-06T01:32:40.259+0100][3.690s][info][gc,heap     ] GC(29) Allocated:         -                 0M (0%)            0M (0%)            0M (0%)             -                  -          
[2026-05-06T01:32:40.259+0100][3.690s][info][gc,heap     ] GC(29)   Garbage:         -               142M (3%)           38M (1%)           36M (1%)             -                  -          
[2026-05-06T01:32:40.259+0100][3.690s][info][gc,heap     ] GC(29) Reclaimed:         -                  -               104M (3%)          106M (3%)             -                  -          
[2026-05-06T01:32:40.259+0100][3.690s][info][gc          ] GC(29) Garbage Collection (System.gc()) 348M(8%)->242M(6%)
[2026-05-06T01:32:40.315+0100][3.745s][info][gc,start    ] GC(30) Garbage Collection (System.gc())
[2026-05-06T01:32:40.315+0100][3.746s][info][gc,task     ] GC(30) Using 3 workers
[2026-05-06T01:32:40.315+0100][3.746s][info][gc,phases   ] GC(30) Pause Mark Start 0.003ms
[2026-05-06T01:32:40.319+0100][3.750s][info][gc,phases   ] GC(30) Concurrent Mark 4.139ms
[2026-05-06T01:32:40.319+0100][3.750s][info][gc,phases   ] GC(30) Pause Mark End 0.005ms
[2026-05-06T01:32:40.319+0100][3.750s][info][gc,phases   ] GC(30) Concurrent Mark Free 0.000ms
[2026-05-06T01:32:40.321+0100][3.751s][info][gc,phases   ] GC(30) Concurrent Process Non-Strong References 1.676ms
[2026-05-06T01:32:40.321+0100][3.751s][info][gc,phases   ] GC(30) Concurrent Reset Relocation Set 0.001ms
[2026-05-06T01:32:40.322+0100][3.752s][info][gc,phases   ] GC(30) Concurrent Select Relocation Set 0.688ms
[2026-05-06T01:32:40.322+0100][3.752s][info][gc,phases   ] GC(30) Pause Relocate Start 0.002ms
[2026-05-06T01:32:40.322+0100][3.752s][info][gc,phases   ] GC(30) Concurrent Relocate 0.179ms
[2026-05-06T01:32:40.322+0100][3.752s][info][gc,load     ] GC(30) Load: 2.86/2.96/3.50
[2026-05-06T01:32:40.322+0100][3.752s][info][gc,mmu      ] GC(30) MMU: 2ms/95.6%, 5ms/98.2%, 10ms/99.1%, 20ms/99.6%, 50ms/99.8%, 100ms/99.9%
[2026-05-06T01:32:40.322+0100][3.752s][info][gc,marking  ] GC(30) Mark: 2 stripe(s), 2 proactive flush(es), 1 terminate flush(es), 0 completion(s), 0 continuation(s) 
[2026-05-06T01:32:40.322+0100][3.752s][info][gc,marking  ] GC(30) Mark Stack Usage: 32M
[2026-05-06T01:32:40.322+0100][3.752s][info][gc,nmethod  ] GC(30) NMethods: 3797 registered, 649 unregistered
[2026-05-06T01:32:40.322+0100][3.752s][info][gc,metaspace] GC(30) Metaspace: 18M used, 19M committed, 1088M reserved
[2026-05-06T01:32:40.322+0100][3.752s][info][gc,ref      ] GC(30) Soft: 4238 encountered, 0 discovered, 0 enqueued
[2026-05-06T01:32:40.322+0100][3.752s][info][gc,ref      ] GC(30) Weak: 2367 encountered, 358 discovered, 0 enqueued
[2026-05-06T01:32:40.322+0100][3.752s][info][gc,ref      ] GC(30) Final: 6 encountered, 6 discovered, 0 enqueued
[2026-05-06T01:32:40.322+0100][3.752s][info][gc,ref      ] GC(30) Phantom: 270 encountered, 197 discovered, 0 enqueued
[2026-05-06T01:32:40.322+0100][3.752s][info][gc,reloc    ] GC(30) Small Pages: 13 / 26M, Empty: 6M, Relocated: 1M, In-Place: 0
[2026-05-06T01:32:40.322+0100][3.752s][info][gc,reloc    ] GC(30) Medium Pages: 1 / 32M, Empty: 0M, Relocated: 0M, In-Place: 0
[2026-05-06T01:32:40.322+0100][3.752s][info][gc,reloc    ] GC(30) Large Pages: 16 / 296M, Empty: 104M, Relocated: 0M, In-Place: 0
[2026-05-06T01:32:40.322+0100][3.752s][info][gc,reloc    ] GC(30) Forwarding Usage: 0M
[2026-05-06T01:32:40.322+0100][3.752s][info][gc,heap     ] GC(30) Min Capacity: 8M(0%)
[2026-05-06T01:32:40.322+0100][3.752s][info][gc,heap     ] GC(30) Max Capacity: 4096M(100%)
[2026-05-06T01:32:40.322+0100][3.752s][info][gc,heap     ] GC(30) Soft Max Capacity: 4096M(100%)
[2026-05-06T01:32:40.322+0100][3.752s][info][gc,heap     ] GC(30)                Mark Start          Mark End        Relocate Start      Relocate End           High               Low         
[2026-05-06T01:32:40.322+0100][3.752s][info][gc,heap     ] GC(30)  Capacity:     1028M (25%)        1028M (25%)        1028M (25%)        1028M (25%)        1028M (25%)        1028M (25%)    
[2026-05-06T01:32:40.322+0100][3.752s][info][gc,heap     ] GC(30)      Free:     3742M (91%)        3742M (91%)        3852M (94%)        3854M (94%)        3854M (94%)        3742M (91%)    
[2026-05-06T01:32:40.322+0100][3.752s][info][gc,heap     ] GC(30)      Used:      354M (9%)          354M (9%)          244M (6%)          242M (6%)          354M (9%)          242M (6%)     
[2026-05-06T01:32:40.322+0100][3.752s][info][gc,heap     ] GC(30)      Live:         -               205M (5%)          205M (5%)          205M (5%)             -                  -          
[2026-05-06T01:32:40.322+0100][3.752s][info][gc,heap     ] GC(30) Allocated:         -                 0M (0%)            0M (0%)            0M (0%)             -                  -          
[2026-05-06T01:32:40.322+0100][3.752s][info][gc,heap     ] GC(30)   Garbage:         -               148M (4%)           38M (1%)           36M (1%)             -                  -          
[2026-05-06T01:32:40.322+0100][3.752s][info][gc,heap     ] GC(30) Reclaimed:         -                  -               110M (3%)          112M (3%)             -                  -          
[2026-05-06T01:32:40.322+0100][3.752s][info][gc          ] GC(30) Garbage Collection (System.gc()) 354M(9%)->242M(6%)
[2026-05-06T01:32:40.375+0100][3.805s][info][gc,start    ] GC(31) Garbage Collection (System.gc())
[2026-05-06T01:32:40.375+0100][3.805s][info][gc,task     ] GC(31) Using 3 workers
[2026-05-06T01:32:40.375+0100][3.805s][info][gc,phases   ] GC(31) Pause Mark Start 0.004ms
[2026-05-06T01:32:40.379+0100][3.810s][info][gc,phases   ] GC(31) Concurrent Mark 4.488ms
[2026-05-06T01:32:40.379+0100][3.810s][info][gc,phases   ] GC(31) Pause Mark End 0.008ms
[2026-05-06T01:32:40.379+0100][3.810s][info][gc,phases   ] GC(31) Concurrent Mark Free 0.000ms
[2026-05-06T01:32:40.381+0100][3.811s][info][gc,phases   ] GC(31) Concurrent Process Non-Strong References 1.722ms
[2026-05-06T01:32:40.381+0100][3.811s][info][gc,phases   ] GC(31) Concurrent Reset Relocation Set 0.001ms
[2026-05-06T01:32:40.381+0100][3.812s][info][gc,phases   ] GC(31) Concurrent Select Relocation Set 0.603ms
[2026-05-06T01:32:40.381+0100][3.812s][info][gc,phases   ] GC(31) Pause Relocate Start 0.003ms
[2026-05-06T01:32:40.382+0100][3.812s][info][gc,phases   ] GC(31) Concurrent Relocate 0.186ms
[2026-05-06T01:32:40.382+0100][3.812s][info][gc,load     ] GC(31) Load: 2.86/2.96/3.50
[2026-05-06T01:32:40.382+0100][3.812s][info][gc,mmu      ] GC(31) MMU: 2ms/95.6%, 5ms/98.2%, 10ms/99.1%, 20ms/99.6%, 50ms/99.8%, 100ms/99.9%
[2026-05-06T01:32:40.382+0100][3.812s][info][gc,marking  ] GC(31) Mark: 2 stripe(s), 2 proactive flush(es), 1 terminate flush(es), 0 completion(s), 0 continuation(s) 
[2026-05-06T01:32:40.382+0100][3.812s][info][gc,marking  ] GC(31) Mark Stack Usage: 32M
[2026-05-06T01:32:40.382+0100][3.812s][info][gc,nmethod  ] GC(31) NMethods: 3801 registered, 650 unregistered
[2026-05-06T01:32:40.382+0100][3.812s][info][gc,metaspace] GC(31) Metaspace: 18M used, 19M committed, 1088M reserved
[2026-05-06T01:32:40.382+0100][3.812s][info][gc,ref      ] GC(31) Soft: 4238 encountered, 0 discovered, 0 enqueued
[2026-05-06T01:32:40.382+0100][3.812s][info][gc,ref      ] GC(31) Weak: 2367 encountered, 1030 discovered, 0 enqueued
[2026-05-06T01:32:40.382+0100][3.812s][info][gc,ref      ] GC(31) Final: 6 encountered, 6 discovered, 0 enqueued
[2026-05-06T01:32:40.382+0100][3.812s][info][gc,ref      ] GC(31) Phantom: 270 encountered, 170 discovered, 0 enqueued
[2026-05-06T01:32:40.382+0100][3.812s][info][gc,reloc    ] GC(31) Small Pages: 12 / 24M, Empty: 4M, Relocated: 1M, In-Place: 0
[2026-05-06T01:32:40.382+0100][3.812s][info][gc,reloc    ] GC(31) Medium Pages: 1 / 32M, Empty: 0M, Relocated: 0M, In-Place: 0
[2026-05-06T01:32:40.382+0100][3.812s][info][gc,reloc    ] GC(31) Large Pages: 16 / 296M, Empty: 104M, Relocated: 0M, In-Place: 0
[2026-05-06T01:32:40.382+0100][3.812s][info][gc,reloc    ] GC(31) Forwarding Usage: 0M
[2026-05-06T01:32:40.382+0100][3.812s][info][gc,heap     ] GC(31) Min Capacity: 8M(0%)
[2026-05-06T01:32:40.382+0100][3.812s][info][gc,heap     ] GC(31) Max Capacity: 4096M(100%)
[2026-05-06T01:32:40.382+0100][3.812s][info][gc,heap     ] GC(31) Soft Max Capacity: 4096M(100%)
[2026-05-06T01:32:40.382+0100][3.812s][info][gc,heap     ] GC(31)                Mark Start          Mark End        Relocate Start      Relocate End           High               Low         
[2026-05-06T01:32:40.382+0100][3.812s][info][gc,heap     ] GC(31)  Capacity:     1028M (25%)        1028M (25%)        1028M (25%)        1028M (25%)        1028M (25%)        1028M (25%)    
[2026-05-06T01:32:40.382+0100][3.812s][info][gc,heap     ] GC(31)      Free:     3744M (91%)        3744M (91%)        3852M (94%)        3854M (94%)        3854M (94%)        3744M (91%)    
[2026-05-06T01:32:40.382+0100][3.812s][info][gc,heap     ] GC(31)      Used:      352M (9%)          352M (9%)          244M (6%)          242M (6%)          352M (9%)          242M (6%)     
[2026-05-06T01:32:40.382+0100][3.812s][info][gc,heap     ] GC(31)      Live:         -               205M (5%)          205M (5%)          205M (5%)             -                  -          
[2026-05-06T01:32:40.382+0100][3.812s][info][gc,heap     ] GC(31) Allocated:         -                 0M (0%)            0M (0%)            0M (0%)             -                  -          
[2026-05-06T01:32:40.382+0100][3.812s][info][gc,heap     ] GC(31)   Garbage:         -               146M (4%)           38M (1%)           36M (1%)             -                  -          
[2026-05-06T01:32:40.382+0100][3.812s][info][gc,heap     ] GC(31) Reclaimed:         -                  -               108M (3%)          110M (3%)             -                  -          
[2026-05-06T01:32:40.382+0100][3.812s][info][gc          ] GC(31) Garbage Collection (System.gc()) 352M(9%)->242M(6%)
[2026-05-06T01:32:40.415+0100][3.845s][info][gc,start    ] GC(32) Garbage Collection (System.gc())
[2026-05-06T01:32:40.415+0100][3.846s][info][gc,task     ] GC(32) Using 3 workers
[2026-05-06T01:32:40.415+0100][3.846s][info][gc,phases   ] GC(32) Pause Mark Start 0.003ms
[2026-05-06T01:32:40.419+0100][3.850s][info][gc,phases   ] GC(32) Concurrent Mark 4.076ms
[2026-05-06T01:32:40.419+0100][3.850s][info][gc,phases   ] GC(32) Pause Mark End 0.005ms
[2026-05-06T01:32:40.419+0100][3.850s][info][gc,phases   ] GC(32) Concurrent Mark Free 0.000ms
[2026-05-06T01:32:40.421+0100][3.852s][info][gc,phases   ] GC(32) Concurrent Process Non-Strong References 1.896ms
[2026-05-06T01:32:40.421+0100][3.852s][info][gc,phases   ] GC(32) Concurrent Reset Relocation Set 0.001ms
[2026-05-06T01:32:40.422+0100][3.852s][info][gc,phases   ] GC(32) Concurrent Select Relocation Set 0.626ms
[2026-05-06T01:32:40.422+0100][3.852s][info][gc,phases   ] GC(32) Pause Relocate Start 0.003ms
[2026-05-06T01:32:40.422+0100][3.852s][info][gc,phases   ] GC(32) Concurrent Relocate 0.182ms
[2026-05-06T01:32:40.422+0100][3.852s][info][gc,load     ] GC(32) Load: 2.86/2.96/3.50
[2026-05-06T01:32:40.422+0100][3.852s][info][gc,mmu      ] GC(32) MMU: 2ms/95.6%, 5ms/98.2%, 10ms/99.1%, 20ms/99.6%, 50ms/99.8%, 100ms/99.9%
[2026-05-06T01:32:40.422+0100][3.852s][info][gc,marking  ] GC(32) Mark: 2 stripe(s), 1 proactive flush(es), 1 terminate flush(es), 0 completion(s), 0 continuation(s) 
[2026-05-06T01:32:40.422+0100][3.852s][info][gc,marking  ] GC(32) Mark Stack Usage: 32M
[2026-05-06T01:32:40.422+0100][3.853s][info][gc,nmethod  ] GC(32) NMethods: 3801 registered, 650 unregistered
[2026-05-06T01:32:40.422+0100][3.853s][info][gc,metaspace] GC(32) Metaspace: 18M used, 19M committed, 1088M reserved
[2026-05-06T01:32:40.422+0100][3.853s][info][gc,ref      ] GC(32) Soft: 4238 encountered, 0 discovered, 0 enqueued
[2026-05-06T01:32:40.422+0100][3.853s][info][gc,ref      ] GC(32) Weak: 2367 encountered, 550 discovered, 0 enqueued
[2026-05-06T01:32:40.422+0100][3.853s][info][gc,ref      ] GC(32) Final: 6 encountered, 6 discovered, 0 enqueued
[2026-05-06T01:32:40.422+0100][3.853s][info][gc,ref      ] GC(32) Phantom: 270 encountered, 171 discovered, 0 enqueued
[2026-05-06T01:32:40.422+0100][3.853s][info][gc,reloc    ] GC(32) Small Pages: 11 / 22M, Empty: 2M, Relocated: 1M, In-Place: 0
[2026-05-06T01:32:40.422+0100][3.853s][info][gc,reloc    ] GC(32) Medium Pages: 1 / 32M, Empty: 0M, Relocated: 0M, In-Place: 0
[2026-05-06T01:32:40.422+0100][3.853s][info][gc,reloc    ] GC(32) Large Pages: 16 / 296M, Empty: 104M, Relocated: 0M, In-Place: 0
[2026-05-06T01:32:40.422+0100][3.853s][info][gc,reloc    ] GC(32) Forwarding Usage: 0M
[2026-05-06T01:32:40.422+0100][3.853s][info][gc,heap     ] GC(32) Min Capacity: 8M(0%)
[2026-05-06T01:32:40.422+0100][3.853s][info][gc,heap     ] GC(32) Max Capacity: 4096M(100%)
[2026-05-06T01:32:40.422+0100][3.853s][info][gc,heap     ] GC(32) Soft Max Capacity: 4096M(100%)
[2026-05-06T01:32:40.422+0100][3.853s][info][gc,heap     ] GC(32)                Mark Start          Mark End        Relocate Start      Relocate End           High               Low         
[2026-05-06T01:32:40.422+0100][3.853s][info][gc,heap     ] GC(32)  Capacity:     1028M (25%)        1028M (25%)        1028M (25%)        1028M (25%)        1028M (25%)        1028M (25%)    
[2026-05-06T01:32:40.422+0100][3.853s][info][gc,heap     ] GC(32)      Free:     3746M (91%)        3746M (91%)        3852M (94%)        3854M (94%)        3854M (94%)        3746M (91%)    
[2026-05-06T01:32:40.422+0100][3.853s][info][gc,heap     ] GC(32)      Used:      350M (9%)          350M (9%)          244M (6%)          242M (6%)          350M (9%)          242M (6%)     
[2026-05-06T01:32:40.422+0100][3.853s][info][gc,heap     ] GC(32)      Live:         -               205M (5%)          205M (5%)          205M (5%)             -                  -          
[2026-05-06T01:32:40.422+0100][3.853s][info][gc,heap     ] GC(32) Allocated:         -                 0M (0%)            0M (0%)            0M (0%)             -                  -          
[2026-05-06T01:32:40.422+0100][3.853s][info][gc,heap     ] GC(32)   Garbage:         -               144M (4%)           38M (1%)           36M (1%)             -                  -          
[2026-05-06T01:32:40.422+0100][3.853s][info][gc,heap     ] GC(32) Reclaimed:         -                  -               106M (3%)          108M (3%)             -                  -          
[2026-05-06T01:32:40.422+0100][3.853s][info][gc          ] GC(32) Garbage Collection (System.gc()) 350M(9%)->242M(6%)
[2026-05-06T01:32:40.455+0100][3.885s][info][gc,start    ] GC(33) Garbage Collection (System.gc())
[2026-05-06T01:32:40.455+0100][3.885s][info][gc,task     ] GC(33) Using 3 workers
[2026-05-06T01:32:40.455+0100][3.885s][info][gc,phases   ] GC(33) Pause Mark Start 0.003ms
[2026-05-06T01:32:40.459+0100][3.889s][info][gc,phases   ] GC(33) Concurrent Mark 3.854ms
[2026-05-06T01:32:40.459+0100][3.889s][info][gc,phases   ] GC(33) Pause Mark End 0.003ms
[2026-05-06T01:32:40.459+0100][3.889s][info][gc,phases   ] GC(33) Concurrent Mark Free 0.000ms
[2026-05-06T01:32:40.461+0100][3.891s][info][gc,phases   ] GC(33) Concurrent Process Non-Strong References 1.708ms
[2026-05-06T01:32:40.461+0100][3.891s][info][gc,phases   ] GC(33) Concurrent Reset Relocation Set 0.001ms
[2026-05-06T01:32:40.461+0100][3.892s][info][gc,phases   ] GC(33) Concurrent Select Relocation Set 0.683ms
[2026-05-06T01:32:40.461+0100][3.892s][info][gc,phases   ] GC(33) Pause Relocate Start 0.002ms
[2026-05-06T01:32:40.461+0100][3.892s][info][gc,phases   ] GC(33) Concurrent Relocate 0.183ms
[2026-05-06T01:32:40.461+0100][3.892s][info][gc,load     ] GC(33) Load: 2.86/2.96/3.50
[2026-05-06T01:32:40.461+0100][3.892s][info][gc,mmu      ] GC(33) MMU: 2ms/95.6%, 5ms/98.2%, 10ms/99.1%, 20ms/99.6%, 50ms/99.8%, 100ms/99.9%
[2026-05-06T01:32:40.461+0100][3.892s][info][gc,marking  ] GC(33) Mark: 2 stripe(s), 1 proactive flush(es), 1 terminate flush(es), 0 completion(s), 0 continuation(s) 
[2026-05-06T01:32:40.461+0100][3.892s][info][gc,marking  ] GC(33) Mark Stack Usage: 32M
[2026-05-06T01:32:40.461+0100][3.892s][info][gc,nmethod  ] GC(33) NMethods: 3809 registered, 653 unregistered
[2026-05-06T01:32:40.461+0100][3.892s][info][gc,metaspace] GC(33) Metaspace: 18M used, 19M committed, 1088M reserved
[2026-05-06T01:32:40.461+0100][3.892s][info][gc,ref      ] GC(33) Soft: 4238 encountered, 0 discovered, 0 enqueued
[2026-05-06T01:32:40.462+0100][3.892s][info][gc,ref      ] GC(33) Weak: 2367 encountered, 831 discovered, 0 enqueued
[2026-05-06T01:32:40.462+0100][3.892s][info][gc,ref      ] GC(33) Final: 6 encountered, 6 discovered, 0 enqueued
[2026-05-06T01:32:40.462+0100][3.892s][info][gc,ref      ] GC(33) Phantom: 270 encountered, 192 discovered, 0 enqueued
[2026-05-06T01:32:40.462+0100][3.892s][info][gc,reloc    ] GC(33) Small Pages: 16 / 32M, Empty: 12M, Relocated: 1M, In-Place: 0
[2026-05-06T01:32:40.462+0100][3.892s][info][gc,reloc    ] GC(33) Medium Pages: 1 / 32M, Empty: 0M, Relocated: 0M, In-Place: 0
[2026-05-06T01:32:40.462+0100][3.892s][info][gc,reloc    ] GC(33) Large Pages: 16 / 296M, Empty: 104M, Relocated: 0M, In-Place: 0
[2026-05-06T01:32:40.462+0100][3.892s][info][gc,reloc    ] GC(33) Forwarding Usage: 0M
[2026-05-06T01:32:40.462+0100][3.892s][info][gc,heap     ] GC(33) Min Capacity: 8M(0%)
[2026-05-06T01:32:40.462+0100][3.892s][info][gc,heap     ] GC(33) Max Capacity: 4096M(100%)
[2026-05-06T01:32:40.462+0100][3.892s][info][gc,heap     ] GC(33) Soft Max Capacity: 4096M(100%)
[2026-05-06T01:32:40.462+0100][3.892s][info][gc,heap     ] GC(33)                Mark Start          Mark End        Relocate Start      Relocate End           High               Low         
[2026-05-06T01:32:40.462+0100][3.892s][info][gc,heap     ] GC(33)  Capacity:     1028M (25%)        1028M (25%)        1028M (25%)        1028M (25%)        1028M (25%)        1028M (25%)    
[2026-05-06T01:32:40.462+0100][3.892s][info][gc,heap     ] GC(33)      Free:     3736M (91%)        3736M (91%)        3852M (94%)        3854M (94%)        3854M (94%)        3736M (91%)    
[2026-05-06T01:32:40.462+0100][3.892s][info][gc,heap     ] GC(33)      Used:      360M (9%)          360M (9%)          244M (6%)          242M (6%)          360M (9%)          242M (6%)     
[2026-05-06T01:32:40.462+0100][3.892s][info][gc,heap     ] GC(33)      Live:         -               205M (5%)          205M (5%)          205M (5%)             -                  -          
[2026-05-06T01:32:40.462+0100][3.892s][info][gc,heap     ] GC(33) Allocated:         -                 0M (0%)            0M (0%)            0M (0%)             -                  -          
[2026-05-06T01:32:40.462+0100][3.892s][info][gc,heap     ] GC(33)   Garbage:         -               154M (4%)           38M (1%)           36M (1%)             -                  -          
[2026-05-06T01:32:40.462+0100][3.892s][info][gc,heap     ] GC(33) Reclaimed:         -                  -               116M (3%)          118M (3%)             -                  -          
[2026-05-06T01:32:40.462+0100][3.892s][info][gc          ] GC(33) Garbage Collection (System.gc()) 360M(9%)->242M(6%)
[2026-05-06T01:32:40.494+0100][3.925s][info][gc,start    ] GC(34) Garbage Collection (System.gc())
[2026-05-06T01:32:40.494+0100][3.925s][info][gc,task     ] GC(34) Using 3 workers
[2026-05-06T01:32:40.494+0100][3.925s][info][gc,phases   ] GC(34) Pause Mark Start 0.003ms
[2026-05-06T01:32:40.500+0100][3.930s][info][gc,phases   ] GC(34) Concurrent Mark 5.402ms
[2026-05-06T01:32:40.500+0100][3.930s][info][gc,phases   ] GC(34) Pause Mark End 0.006ms
[2026-05-06T01:32:40.500+0100][3.930s][info][gc,phases   ] GC(34) Concurrent Mark Free 0.000ms
[2026-05-06T01:32:40.502+0100][3.932s][info][gc,phases   ] GC(34) Concurrent Process Non-Strong References 1.784ms
[2026-05-06T01:32:40.502+0100][3.932s][info][gc,phases   ] GC(34) Concurrent Reset Relocation Set 0.001ms
[2026-05-06T01:32:40.502+0100][3.933s][info][gc,phases   ] GC(34) Concurrent Select Relocation Set 0.601ms
[2026-05-06T01:32:40.502+0100][3.933s][info][gc,phases   ] GC(34) Pause Relocate Start 0.003ms
[2026-05-06T01:32:40.502+0100][3.933s][info][gc,phases   ] GC(34) Concurrent Relocate 0.202ms
[2026-05-06T01:32:40.503+0100][3.933s][info][gc,load     ] GC(34) Load: 2.86/2.96/3.50
[2026-05-06T01:32:40.503+0100][3.933s][info][gc,mmu      ] GC(34) MMU: 2ms/95.6%, 5ms/98.2%, 10ms/99.1%, 20ms/99.6%, 50ms/99.8%, 100ms/99.9%
[2026-05-06T01:32:40.503+0100][3.933s][info][gc,marking  ] GC(34) Mark: 2 stripe(s), 1 proactive flush(es), 1 terminate flush(es), 0 completion(s), 0 continuation(s) 
[2026-05-06T01:32:40.503+0100][3.933s][info][gc,marking  ] GC(34) Mark Stack Usage: 32M
[2026-05-06T01:32:40.503+0100][3.933s][info][gc,nmethod  ] GC(34) NMethods: 3817 registered, 654 unregistered
[2026-05-06T01:32:40.503+0100][3.933s][info][gc,metaspace] GC(34) Metaspace: 18M used, 19M committed, 1088M reserved
[2026-05-06T01:32:40.503+0100][3.933s][info][gc,ref      ] GC(34) Soft: 4238 encountered, 0 discovered, 0 enqueued
[2026-05-06T01:32:40.503+0100][3.933s][info][gc,ref      ] GC(34) Weak: 2367 encountered, 313 discovered, 0 enqueued
[2026-05-06T01:32:40.503+0100][3.933s][info][gc,ref      ] GC(34) Final: 6 encountered, 6 discovered, 0 enqueued
[2026-05-06T01:32:40.503+0100][3.933s][info][gc,ref      ] GC(34) Phantom: 270 encountered, 200 discovered, 0 enqueued
[2026-05-06T01:32:40.503+0100][3.933s][info][gc,reloc    ] GC(34) Small Pages: 15 / 30M, Empty: 10M, Relocated: 1M, In-Place: 0
[2026-05-06T01:32:40.503+0100][3.933s][info][gc,reloc    ] GC(34) Medium Pages: 1 / 32M, Empty: 0M, Relocated: 0M, In-Place: 0
[2026-05-06T01:32:40.503+0100][3.933s][info][gc,reloc    ] GC(34) Large Pages: 16 / 296M, Empty: 104M, Relocated: 0M, In-Place: 0
[2026-05-06T01:32:40.503+0100][3.933s][info][gc,reloc    ] GC(34) Forwarding Usage: 0M
[2026-05-06T01:32:40.503+0100][3.933s][info][gc,heap     ] GC(34) Min Capacity: 8M(0%)
[2026-05-06T01:32:40.503+0100][3.933s][info][gc,heap     ] GC(34) Max Capacity: 4096M(100%)
[2026-05-06T01:32:40.503+0100][3.933s][info][gc,heap     ] GC(34) Soft Max Capacity: 4096M(100%)
[2026-05-06T01:32:40.503+0100][3.933s][info][gc,heap     ] GC(34)                Mark Start          Mark End        Relocate Start      Relocate End           High               Low         
[2026-05-06T01:32:40.503+0100][3.933s][info][gc,heap     ] GC(34)  Capacity:     1028M (25%)        1028M (25%)        1028M (25%)        1028M (25%)        1028M (25%)        1028M (25%)    
[2026-05-06T01:32:40.503+0100][3.933s][info][gc,heap     ] GC(34)      Free:     3738M (91%)        3738M (91%)        3852M (94%)        3854M (94%)        3854M (94%)        3738M (91%)    
[2026-05-06T01:32:40.503+0100][3.933s][info][gc,heap     ] GC(34)      Used:      358M (9%)          358M (9%)          244M (6%)          242M (6%)          358M (9%)          242M (6%)     
[2026-05-06T01:32:40.503+0100][3.933s][info][gc,heap     ] GC(34)      Live:         -               205M (5%)          205M (5%)          205M (5%)             -                  -          
[2026-05-06T01:32:40.503+0100][3.933s][info][gc,heap     ] GC(34) Allocated:         -                 0M (0%)            0M (0%)            0M (0%)             -                  -          
[2026-05-06T01:32:40.503+0100][3.933s][info][gc,heap     ] GC(34)   Garbage:         -               152M (4%)           38M (1%)           36M (1%)             -                  -          
[2026-05-06T01:32:40.503+0100][3.933s][info][gc,heap     ] GC(34) Reclaimed:         -                  -               114M (3%)          116M (3%)             -                  -          
[2026-05-06T01:32:40.503+0100][3.933s][info][gc          ] GC(34) Garbage Collection (System.gc()) 358M(9%)->242M(6%)
[2026-05-06T01:32:40.532+0100][3.962s][info][gc,start    ] GC(35) Garbage Collection (System.gc())
[2026-05-06T01:32:40.532+0100][3.963s][info][gc,task     ] GC(35) Using 3 workers
[2026-05-06T01:32:40.532+0100][3.963s][info][gc,phases   ] GC(35) Pause Mark Start 0.003ms
[2026-05-06T01:32:40.536+0100][3.967s][info][gc,phases   ] GC(35) Concurrent Mark 4.163ms
[2026-05-06T01:32:40.536+0100][3.967s][info][gc,phases   ] GC(35) Pause Mark End 0.006ms
[2026-05-06T01:32:40.536+0100][3.967s][info][gc,phases   ] GC(35) Concurrent Mark Free 0.000ms
[2026-05-06T01:32:40.538+0100][3.969s][info][gc,phases   ] GC(35) Concurrent Process Non-Strong References 1.958ms
[2026-05-06T01:32:40.538+0100][3.969s][info][gc,phases   ] GC(35) Concurrent Reset Relocation Set 0.001ms
[2026-05-06T01:32:40.539+0100][3.969s][info][gc,phases   ] GC(35) Concurrent Select Relocation Set 0.653ms
[2026-05-06T01:32:40.539+0100][3.969s][info][gc,phases   ] GC(35) Pause Relocate Start 0.003ms
[2026-05-06T01:32:40.539+0100][3.970s][info][gc,phases   ] GC(35) Concurrent Relocate 0.246ms
[2026-05-06T01:32:40.539+0100][3.970s][info][gc,load     ] GC(35) Load: 2.86/2.96/3.50
[2026-05-06T01:32:40.539+0100][3.970s][info][gc,mmu      ] GC(35) MMU: 2ms/95.6%, 5ms/98.2%, 10ms/99.1%, 20ms/99.6%, 50ms/99.8%, 100ms/99.9%
[2026-05-06T01:32:40.539+0100][3.970s][info][gc,marking  ] GC(35) Mark: 2 stripe(s), 1 proactive flush(es), 1 terminate flush(es), 0 completion(s), 0 continuation(s) 
[2026-05-06T01:32:40.539+0100][3.970s][info][gc,marking  ] GC(35) Mark Stack Usage: 32M
[2026-05-06T01:32:40.539+0100][3.970s][info][gc,nmethod  ] GC(35) NMethods: 3820 registered, 655 unregistered
[2026-05-06T01:32:40.539+0100][3.970s][info][gc,metaspace] GC(35) Metaspace: 18M used, 19M committed, 1088M reserved
[2026-05-06T01:32:40.539+0100][3.970s][info][gc,ref      ] GC(35) Soft: 4238 encountered, 0 discovered, 0 enqueued
[2026-05-06T01:32:40.539+0100][3.970s][info][gc,ref      ] GC(35) Weak: 2368 encountered, 1268 discovered, 0 enqueued
[2026-05-06T01:32:40.539+0100][3.970s][info][gc,ref      ] GC(35) Final: 6 encountered, 6 discovered, 0 enqueued
[2026-05-06T01:32:40.539+0100][3.970s][info][gc,ref      ] GC(35) Phantom: 270 encountered, 202 discovered, 0 enqueued
[2026-05-06T01:32:40.539+0100][3.970s][info][gc,reloc    ] GC(35) Small Pages: 13 / 26M, Empty: 4M, Relocated: 1M, In-Place: 0
[2026-05-06T01:32:40.539+0100][3.970s][info][gc,reloc    ] GC(35) Medium Pages: 1 / 32M, Empty: 0M, Relocated: 0M, In-Place: 0
[2026-05-06T01:32:40.539+0100][3.970s][info][gc,reloc    ] GC(35) Large Pages: 16 / 296M, Empty: 104M, Relocated: 0M, In-Place: 0
[2026-05-06T01:32:40.539+0100][3.970s][info][gc,reloc    ] GC(35) Forwarding Usage: 0M
[2026-05-06T01:32:40.539+0100][3.970s][info][gc,heap     ] GC(35) Min Capacity: 8M(0%)
[2026-05-06T01:32:40.539+0100][3.970s][info][gc,heap     ] GC(35) Max Capacity: 4096M(100%)
[2026-05-06T01:32:40.539+0100][3.970s][info][gc,heap     ] GC(35) Soft Max Capacity: 4096M(100%)
[2026-05-06T01:32:40.539+0100][3.970s][info][gc,heap     ] GC(35)                Mark Start          Mark End        Relocate Start      Relocate End           High               Low         
[2026-05-06T01:32:40.539+0100][3.970s][info][gc,heap     ] GC(35)  Capacity:     1028M (25%)        1028M (25%)        1028M (25%)        1028M (25%)        1028M (25%)        1028M (25%)    
[2026-05-06T01:32:40.539+0100][3.970s][info][gc,heap     ] GC(35)      Free:     3742M (91%)        3742M (91%)        3850M (94%)        3854M (94%)        3854M (94%)        3742M (91%)    
[2026-05-06T01:32:40.539+0100][3.970s][info][gc,heap     ] GC(35)      Used:      354M (9%)          354M (9%)          246M (6%)          242M (6%)          354M (9%)          242M (6%)     
[2026-05-06T01:32:40.539+0100][3.970s][info][gc,heap     ] GC(35)      Live:         -               205M (5%)          205M (5%)          205M (5%)             -                  -          
[2026-05-06T01:32:40.539+0100][3.970s][info][gc,heap     ] GC(35) Allocated:         -                 0M (0%)            0M (0%)            0M (0%)             -                  -          
[2026-05-06T01:32:40.539+0100][3.970s][info][gc,heap     ] GC(35)   Garbage:         -               148M (4%)           40M (1%)           36M (1%)             -                  -          
[2026-05-06T01:32:40.539+0100][3.970s][info][gc,heap     ] GC(35) Reclaimed:         -                  -               108M (3%)          112M (3%)             -                  -          
[2026-05-06T01:32:40.539+0100][3.970s][info][gc          ] GC(35) Garbage Collection (System.gc()) 354M(9%)->242M(6%)
[2026-05-06T01:32:40.568+0100][3.999s][info][gc,start    ] GC(36) Garbage Collection (System.gc())
[2026-05-06T01:32:40.568+0100][3.999s][info][gc,task     ] GC(36) Using 3 workers
[2026-05-06T01:32:40.568+0100][3.999s][info][gc,phases   ] GC(36) Pause Mark Start 0.002ms
[2026-05-06T01:32:40.573+0100][4.004s][info][gc,phases   ] GC(36) Concurrent Mark 5.265ms
[2026-05-06T01:32:40.573+0100][4.004s][info][gc,phases   ] GC(36) Pause Mark End 0.005ms
[2026-05-06T01:32:40.573+0100][4.004s][info][gc,phases   ] GC(36) Concurrent Mark Free 0.000ms
[2026-05-06T01:32:40.575+0100][4.006s][info][gc,phases   ] GC(36) Concurrent Process Non-Strong References 1.740ms
[2026-05-06T01:32:40.575+0100][4.006s][info][gc,phases   ] GC(36) Concurrent Reset Relocation Set 0.001ms
[2026-05-06T01:32:40.576+0100][4.006s][info][gc,phases   ] GC(36) Concurrent Select Relocation Set 0.608ms
[2026-05-06T01:32:40.576+0100][4.006s][info][gc,phases   ] GC(36) Pause Relocate Start 0.003ms
[2026-05-06T01:32:40.576+0100][4.007s][info][gc,phases   ] GC(36) Concurrent Relocate 0.188ms
[2026-05-06T01:32:40.576+0100][4.007s][info][gc,load     ] GC(36) Load: 2.86/2.96/3.50
[2026-05-06T01:32:40.576+0100][4.007s][info][gc,mmu      ] GC(36) MMU: 2ms/95.6%, 5ms/98.2%, 10ms/99.1%, 20ms/99.6%, 50ms/99.8%, 100ms/99.9%
[2026-05-06T01:32:40.576+0100][4.007s][info][gc,marking  ] GC(36) Mark: 2 stripe(s), 2 proactive flush(es), 1 terminate flush(es), 0 completion(s), 0 continuation(s) 
[2026-05-06T01:32:40.576+0100][4.007s][info][gc,marking  ] GC(36) Mark Stack Usage: 32M
[2026-05-06T01:32:40.576+0100][4.007s][info][gc,nmethod  ] GC(36) NMethods: 3826 registered, 656 unregistered
[2026-05-06T01:32:40.576+0100][4.007s][info][gc,metaspace] GC(36) Metaspace: 18M used, 19M committed, 1088M reserved
[2026-05-06T01:32:40.576+0100][4.007s][info][gc,ref      ] GC(36) Soft: 4238 encountered, 0 discovered, 0 enqueued
[2026-05-06T01:32:40.576+0100][4.007s][info][gc,ref      ] GC(36) Weak: 2368 encountered, 240 discovered, 0 enqueued
[2026-05-06T01:32:40.576+0100][4.007s][info][gc,ref      ] GC(36) Final: 6 encountered, 6 discovered, 0 enqueued
[2026-05-06T01:32:40.576+0100][4.007s][info][gc,ref      ] GC(36) Phantom: 270 encountered, 175 discovered, 0 enqueued
[2026-05-06T01:32:40.576+0100][4.007s][info][gc,reloc    ] GC(36) Small Pages: 23 / 46M, Empty: 24M, Relocated: 1M, In-Place: 0
[2026-05-06T01:32:40.576+0100][4.007s][info][gc,reloc    ] GC(36) Medium Pages: 1 / 32M, Empty: 0M, Relocated: 0M, In-Place: 0
[2026-05-06T01:32:40.576+0100][4.007s][info][gc,reloc    ] GC(36) Large Pages: 16 / 296M, Empty: 104M, Relocated: 0M, In-Place: 0
[2026-05-06T01:32:40.576+0100][4.007s][info][gc,reloc    ] GC(36) Forwarding Usage: 0M
[2026-05-06T01:32:40.576+0100][4.007s][info][gc,heap     ] GC(36) Min Capacity: 8M(0%)
[2026-05-06T01:32:40.576+0100][4.007s][info][gc,heap     ] GC(36) Max Capacity: 4096M(100%)
[2026-05-06T01:32:40.576+0100][4.007s][info][gc,heap     ] GC(36) Soft Max Capacity: 4096M(100%)
[2026-05-06T01:32:40.576+0100][4.007s][info][gc,heap     ] GC(36)                Mark Start          Mark End        Relocate Start      Relocate End           High               Low         
[2026-05-06T01:32:40.576+0100][4.007s][info][gc,heap     ] GC(36)  Capacity:     1028M (25%)        1028M (25%)        1028M (25%)        1028M (25%)        1028M (25%)        1028M (25%)    
[2026-05-06T01:32:40.576+0100][4.007s][info][gc,heap     ] GC(36)      Free:     3722M (91%)        3722M (91%)        3850M (94%)        3854M (94%)        3854M (94%)        3722M (91%)    
[2026-05-06T01:32:40.576+0100][4.007s][info][gc,heap     ] GC(36)      Used:      374M (9%)          374M (9%)          246M (6%)          242M (6%)          374M (9%)          242M (6%)     
[2026-05-06T01:32:40.576+0100][4.007s][info][gc,heap     ] GC(36)      Live:         -               205M (5%)          205M (5%)          205M (5%)             -                  -          
[2026-05-06T01:32:40.576+0100][4.007s][info][gc,heap     ] GC(36) Allocated:         -                 0M (0%)            0M (0%)            0M (0%)             -                  -          
[2026-05-06T01:32:40.576+0100][4.007s][info][gc,heap     ] GC(36)   Garbage:         -               168M (4%)           40M (1%)           36M (1%)             -                  -          
[2026-05-06T01:32:40.576+0100][4.007s][info][gc,heap     ] GC(36) Reclaimed:         -                  -               128M (3%)          132M (3%)             -                  -          
[2026-05-06T01:32:40.576+0100][4.007s][info][gc          ] GC(36) Garbage Collection (System.gc()) 374M(9%)->242M(6%)
[2026-05-06T01:32:40.605+0100][4.035s][info][gc,start    ] GC(37) Garbage Collection (System.gc())
[2026-05-06T01:32:40.605+0100][4.035s][info][gc,task     ] GC(37) Using 3 workers
[2026-05-06T01:32:40.605+0100][4.035s][info][gc,phases   ] GC(37) Pause Mark Start 0.003ms
[2026-05-06T01:32:40.609+0100][4.039s][info][gc,phases   ] GC(37) Concurrent Mark 4.297ms
[2026-05-06T01:32:40.609+0100][4.040s][info][gc,phases   ] GC(37) Pause Mark End 0.008ms
[2026-05-06T01:32:40.609+0100][4.040s][info][gc,phases   ] GC(37) Concurrent Mark Free 0.000ms
[2026-05-06T01:32:40.611+0100][4.041s][info][gc,phases   ] GC(37) Concurrent Process Non-Strong References 1.801ms
[2026-05-06T01:32:40.611+0100][4.041s][info][gc,phases   ] GC(37) Concurrent Reset Relocation Set 0.001ms
[2026-05-06T01:32:40.612+0100][4.042s][info][gc,phases   ] GC(37) Concurrent Select Relocation Set 0.725ms
[2026-05-06T01:32:40.612+0100][4.042s][info][gc,phases   ] GC(37) Pause Relocate Start 0.002ms
[2026-05-06T01:32:40.612+0100][4.042s][info][gc,phases   ] GC(37) Concurrent Relocate 0.192ms
[2026-05-06T01:32:40.612+0100][4.042s][info][gc,load     ] GC(37) Load: 2.86/2.96/3.50
[2026-05-06T01:32:40.612+0100][4.042s][info][gc,mmu      ] GC(37) MMU: 2ms/95.6%, 5ms/98.2%, 10ms/99.1%, 20ms/99.6%, 50ms/99.8%, 100ms/99.9%
[2026-05-06T01:32:40.612+0100][4.042s][info][gc,marking  ] GC(37) Mark: 2 stripe(s), 1 proactive flush(es), 1 terminate flush(es), 0 completion(s), 0 continuation(s) 
[2026-05-06T01:32:40.612+0100][4.042s][info][gc,marking  ] GC(37) Mark Stack Usage: 32M
[2026-05-06T01:32:40.612+0100][4.042s][info][gc,nmethod  ] GC(37) NMethods: 3841 registered, 657 unregistered
[2026-05-06T01:32:40.612+0100][4.042s][info][gc,metaspace] GC(37) Metaspace: 18M used, 19M committed, 1088M reserved
[2026-05-06T01:32:40.612+0100][4.042s][info][gc,ref      ] GC(37) Soft: 4238 encountered, 0 discovered, 0 enqueued
[2026-05-06T01:32:40.612+0100][4.042s][info][gc,ref      ] GC(37) Weak: 2367 encountered, 1065 discovered, 0 enqueued
[2026-05-06T01:32:40.612+0100][4.042s][info][gc,ref      ] GC(37) Final: 6 encountered, 6 discovered, 0 enqueued
[2026-05-06T01:32:40.612+0100][4.042s][info][gc,ref      ] GC(37) Phantom: 270 encountered, 162 discovered, 0 enqueued
[2026-05-06T01:32:40.612+0100][4.042s][info][gc,reloc    ] GC(37) Small Pages: 20 / 40M, Empty: 20M, Relocated: 1M, In-Place: 0
[2026-05-06T01:32:40.612+0100][4.042s][info][gc,reloc    ] GC(37) Medium Pages: 1 / 32M, Empty: 0M, Relocated: 0M, In-Place: 0
[2026-05-06T01:32:40.612+0100][4.042s][info][gc,reloc    ] GC(37) Large Pages: 16 / 296M, Empty: 104M, Relocated: 0M, In-Place: 0
[2026-05-06T01:32:40.612+0100][4.042s][info][gc,reloc    ] GC(37) Forwarding Usage: 0M
[2026-05-06T01:32:40.612+0100][4.042s][info][gc,heap     ] GC(37) Min Capacity: 8M(0%)
[2026-05-06T01:32:40.612+0100][4.042s][info][gc,heap     ] GC(37) Max Capacity: 4096M(100%)
[2026-05-06T01:32:40.612+0100][4.042s][info][gc,heap     ] GC(37) Soft Max Capacity: 4096M(100%)
[2026-05-06T01:32:40.612+0100][4.042s][info][gc,heap     ] GC(37)                Mark Start          Mark End        Relocate Start      Relocate End           High               Low         
[2026-05-06T01:32:40.612+0100][4.042s][info][gc,heap     ] GC(37)  Capacity:     1028M (25%)        1028M (25%)        1028M (25%)        1028M (25%)        1028M (25%)        1028M (25%)    
[2026-05-06T01:32:40.612+0100][4.042s][info][gc,heap     ] GC(37)      Free:     3728M (91%)        3728M (91%)        3852M (94%)        3854M (94%)        3854M (94%)        3728M (91%)    
[2026-05-06T01:32:40.612+0100][4.042s][info][gc,heap     ] GC(37)      Used:      368M (9%)          368M (9%)          244M (6%)          242M (6%)          368M (9%)          242M (6%)     
[2026-05-06T01:32:40.612+0100][4.042s][info][gc,heap     ] GC(37)      Live:         -               205M (5%)          205M (5%)          205M (5%)             -                  -          
[2026-05-06T01:32:40.612+0100][4.042s][info][gc,heap     ] GC(37) Allocated:         -                 0M (0%)            0M (0%)            0M (0%)             -                  -          
[2026-05-06T01:32:40.612+0100][4.042s][info][gc,heap     ] GC(37)   Garbage:         -               162M (4%)           38M (1%)           36M (1%)             -                  -          
[2026-05-06T01:32:40.612+0100][4.042s][info][gc,heap     ] GC(37) Reclaimed:         -                  -               124M (3%)          126M (3%)             -                  -          
[2026-05-06T01:32:40.612+0100][4.042s][info][gc          ] GC(37) Garbage Collection (System.gc()) 368M(9%)->242M(6%)
[2026-05-06T01:32:40.640+0100][4.070s][info][gc,start    ] GC(38) Garbage Collection (System.gc())
[2026-05-06T01:32:40.640+0100][4.070s][info][gc,task     ] GC(38) Using 3 workers
[2026-05-06T01:32:40.640+0100][4.070s][info][gc,phases   ] GC(38) Pause Mark Start 0.003ms
[2026-05-06T01:32:40.644+0100][4.075s][info][gc,phases   ] GC(38) Concurrent Mark 4.335ms
[2026-05-06T01:32:40.644+0100][4.075s][info][gc,phases   ] GC(38) Pause Mark End 0.005ms
[2026-05-06T01:32:40.644+0100][4.075s][info][gc,phases   ] GC(38) Concurrent Mark Free 0.000ms
[2026-05-06T01:32:40.646+0100][4.076s][info][gc,phases   ] GC(38) Concurrent Process Non-Strong References 1.744ms
[2026-05-06T01:32:40.646+0100][4.076s][info][gc,phases   ] GC(38) Concurrent Reset Relocation Set 0.001ms
[2026-05-06T01:32:40.647+0100][4.077s][info][gc,phases   ] GC(38) Concurrent Select Relocation Set 0.674ms
[2026-05-06T01:32:40.647+0100][4.077s][info][gc,phases   ] GC(38) Pause Relocate Start 0.004ms
[2026-05-06T01:32:40.647+0100][4.077s][info][gc,phases   ] GC(38) Concurrent Relocate 0.187ms
[2026-05-06T01:32:40.647+0100][4.077s][info][gc,load     ] GC(38) Load: 2.86/2.96/3.50
[2026-05-06T01:32:40.647+0100][4.077s][info][gc,mmu      ] GC(38) MMU: 2ms/95.6%, 5ms/98.2%, 10ms/99.1%, 20ms/99.6%, 50ms/99.8%, 100ms/99.9%
[2026-05-06T01:32:40.647+0100][4.077s][info][gc,marking  ] GC(38) Mark: 2 stripe(s), 1 proactive flush(es), 1 terminate flush(es), 0 completion(s), 0 continuation(s) 
[2026-05-06T01:32:40.647+0100][4.077s][info][gc,marking  ] GC(38) Mark Stack Usage: 32M
[2026-05-06T01:32:40.647+0100][4.077s][info][gc,nmethod  ] GC(38) NMethods: 3843 registered, 658 unregistered
[2026-05-06T01:32:40.647+0100][4.077s][info][gc,metaspace] GC(38) Metaspace: 18M used, 19M committed, 1088M reserved
[2026-05-06T01:32:40.647+0100][4.077s][info][gc,ref      ] GC(38) Soft: 4238 encountered, 0 discovered, 0 enqueued
[2026-05-06T01:32:40.647+0100][4.077s][info][gc,ref      ] GC(38) Weak: 2368 encountered, 205 discovered, 0 enqueued
[2026-05-06T01:32:40.647+0100][4.077s][info][gc,ref      ] GC(38) Final: 6 encountered, 6 discovered, 0 enqueued
[2026-05-06T01:32:40.647+0100][4.077s][info][gc,ref      ] GC(38) Phantom: 270 encountered, 147 discovered, 0 enqueued
[2026-05-06T01:32:40.647+0100][4.077s][info][gc,reloc    ] GC(38) Small Pages: 14 / 28M, Empty: 2M, Relocated: 1M, In-Place: 0
[2026-05-06T01:32:40.647+0100][4.077s][info][gc,reloc    ] GC(38) Medium Pages: 1 / 32M, Empty: 0M, Relocated: 0M, In-Place: 0
[2026-05-06T01:32:40.647+0100][4.077s][info][gc,reloc    ] GC(38) Large Pages: 16 / 296M, Empty: 104M, Relocated: 0M, In-Place: 0
[2026-05-06T01:32:40.647+0100][4.077s][info][gc,reloc    ] GC(38) Forwarding Usage: 0M
[2026-05-06T01:32:40.647+0100][4.077s][info][gc,heap     ] GC(38) Min Capacity: 8M(0%)
[2026-05-06T01:32:40.647+0100][4.077s][info][gc,heap     ] GC(38) Max Capacity: 4096M(100%)
[2026-05-06T01:32:40.647+0100][4.077s][info][gc,heap     ] GC(38) Soft Max Capacity: 4096M(100%)
[2026-05-06T01:32:40.647+0100][4.077s][info][gc,heap     ] GC(38)                Mark Start          Mark End        Relocate Start      Relocate End           High               Low         
[2026-05-06T01:32:40.647+0100][4.077s][info][gc,heap     ] GC(38)  Capacity:     1028M (25%)        1028M (25%)        1028M (25%)        1028M (25%)        1028M (25%)        1028M (25%)    
[2026-05-06T01:32:40.647+0100][4.077s][info][gc,heap     ] GC(38)      Free:     3740M (91%)        3738M (91%)        3844M (94%)        3852M (94%)        3852M (94%)        3738M (91%)    
[2026-05-06T01:32:40.647+0100][4.077s][info][gc,heap     ] GC(38)      Used:      356M (9%)          358M (9%)          252M (6%)          244M (6%)          358M (9%)          244M (6%)     
[2026-05-06T01:32:40.647+0100][4.077s][info][gc,heap     ] GC(38)      Live:         -               205M (5%)          205M (5%)          205M (5%)             -                  -          
[2026-05-06T01:32:40.647+0100][4.077s][info][gc,heap     ] GC(38) Allocated:         -                 2M (0%)            2M (0%)            2M (0%)             -                  -          
[2026-05-06T01:32:40.647+0100][4.077s][info][gc,heap     ] GC(38)   Garbage:         -               150M (4%)           44M (1%)           36M (1%)             -                  -          
[2026-05-06T01:32:40.647+0100][4.077s][info][gc,heap     ] GC(38) Reclaimed:         -                  -               106M (3%)          114M (3%)             -                  -          
[2026-05-06T01:32:40.647+0100][4.077s][info][gc          ] GC(38) Garbage Collection (System.gc()) 356M(9%)->244M(6%)
[2026-05-06T01:32:40.674+0100][4.105s][info][gc,start    ] GC(39) Garbage Collection (System.gc())
[2026-05-06T01:32:40.674+0100][4.105s][info][gc,task     ] GC(39) Using 3 workers
[2026-05-06T01:32:40.675+0100][4.105s][info][gc,phases   ] GC(39) Pause Mark Start 0.003ms
[2026-05-06T01:32:40.680+0100][4.111s][info][gc,phases   ] GC(39) Concurrent Mark 5.454ms
[2026-05-06T01:32:40.680+0100][4.111s][info][gc,phases   ] GC(39) Pause Mark End 0.005ms
[2026-05-06T01:32:40.680+0100][4.111s][info][gc,phases   ] GC(39) Concurrent Mark Free 0.000ms
[2026-05-06T01:32:40.682+0100][4.112s][info][gc,phases   ] GC(39) Concurrent Process Non-Strong References 1.754ms
[2026-05-06T01:32:40.682+0100][4.112s][info][gc,phases   ] GC(39) Concurrent Reset Relocation Set 0.001ms
[2026-05-06T01:32:40.682+0100][4.113s][info][gc,phases   ] GC(39) Concurrent Select Relocation Set 0.616ms
[2026-05-06T01:32:40.682+0100][4.113s][info][gc,phases   ] GC(39) Pause Relocate Start 0.003ms
[2026-05-06T01:32:40.683+0100][4.113s][info][gc,phases   ] GC(39) Concurrent Relocate 0.183ms
[2026-05-06T01:32:40.683+0100][4.113s][info][gc,load     ] GC(39) Load: 2.86/2.96/3.50
[2026-05-06T01:32:40.683+0100][4.113s][info][gc,mmu      ] GC(39) MMU: 2ms/95.6%, 5ms/98.2%, 10ms/99.1%, 20ms/99.6%, 50ms/99.8%, 100ms/99.9%
[2026-05-06T01:32:40.683+0100][4.113s][info][gc,marking  ] GC(39) Mark: 2 stripe(s), 1 proactive flush(es), 1 terminate flush(es), 0 completion(s), 0 continuation(s) 
[2026-05-06T01:32:40.683+0100][4.113s][info][gc,marking  ] GC(39) Mark Stack Usage: 32M
[2026-05-06T01:32:40.683+0100][4.113s][info][gc,nmethod  ] GC(39) NMethods: 3846 registered, 659 unregistered
[2026-05-06T01:32:40.683+0100][4.113s][info][gc,metaspace] GC(39) Metaspace: 18M used, 19M committed, 1088M reserved
[2026-05-06T01:32:40.683+0100][4.113s][info][gc,ref      ] GC(39) Soft: 4238 encountered, 0 discovered, 0 enqueued
[2026-05-06T01:32:40.683+0100][4.113s][info][gc,ref      ] GC(39) Weak: 2368 encountered, 1405 discovered, 0 enqueued
[2026-05-06T01:32:40.683+0100][4.113s][info][gc,ref      ] GC(39) Final: 6 encountered, 6 discovered, 0 enqueued
[2026-05-06T01:32:40.683+0100][4.113s][info][gc,ref      ] GC(39) Phantom: 270 encountered, 173 discovered, 0 enqueued
[2026-05-06T01:32:40.683+0100][4.113s][info][gc,reloc    ] GC(39) Small Pages: 28 / 56M, Empty: 32M, Relocated: 1M, In-Place: 0
[2026-05-06T01:32:40.683+0100][4.113s][info][gc,reloc    ] GC(39) Medium Pages: 1 / 32M, Empty: 0M, Relocated: 0M, In-Place: 0
[2026-05-06T01:32:40.683+0100][4.113s][info][gc,reloc    ] GC(39) Large Pages: 16 / 296M, Empty: 104M, Relocated: 0M, In-Place: 0
[2026-05-06T01:32:40.683+0100][4.113s][info][gc,reloc    ] GC(39) Forwarding Usage: 0M
[2026-05-06T01:32:40.683+0100][4.113s][info][gc,heap     ] GC(39) Min Capacity: 8M(0%)
[2026-05-06T01:32:40.683+0100][4.113s][info][gc,heap     ] GC(39) Max Capacity: 4096M(100%)
[2026-05-06T01:32:40.683+0100][4.113s][info][gc,heap     ] GC(39) Soft Max Capacity: 4096M(100%)
[2026-05-06T01:32:40.683+0100][4.113s][info][gc,heap     ] GC(39)                Mark Start          Mark End        Relocate Start      Relocate End           High               Low         
[2026-05-06T01:32:40.683+0100][4.113s][info][gc,heap     ] GC(39)  Capacity:     1028M (25%)        1028M (25%)        1028M (25%)        1028M (25%)        1028M (25%)        1028M (25%)    
[2026-05-06T01:32:40.683+0100][4.113s][info][gc,heap     ] GC(39)      Free:     3712M (91%)        3710M (91%)        3846M (94%)        3852M (94%)        3852M (94%)        3710M (91%)    
[2026-05-06T01:32:40.683+0100][4.113s][info][gc,heap     ] GC(39)      Used:      384M (9%)          386M (9%)          250M (6%)          244M (6%)          386M (9%)          244M (6%)     
[2026-05-06T01:32:40.683+0100][4.113s][info][gc,heap     ] GC(39)      Live:         -               205M (5%)          205M (5%)          205M (5%)             -                  -          
[2026-05-06T01:32:40.683+0100][4.113s][info][gc,heap     ] GC(39) Allocated:         -                 2M (0%)            2M (0%)            2M (0%)             -                  -          
[2026-05-06T01:32:40.683+0100][4.113s][info][gc,heap     ] GC(39)   Garbage:         -               178M (4%)           42M (1%)           36M (1%)             -                  -          
[2026-05-06T01:32:40.683+0100][4.113s][info][gc,heap     ] GC(39) Reclaimed:         -                  -               136M (3%)          142M (3%)             -                  -          
[2026-05-06T01:32:40.683+0100][4.113s][info][gc          ] GC(39) Garbage Collection (System.gc()) 384M(9%)->244M(6%)
[2026-05-06T01:32:40.711+0100][4.141s][info][gc,start    ] GC(40) Garbage Collection (System.gc())
[2026-05-06T01:32:40.711+0100][4.141s][info][gc,task     ] GC(40) Using 3 workers
[2026-05-06T01:32:40.711+0100][4.141s][info][gc,phases   ] GC(40) Pause Mark Start 0.003ms
[2026-05-06T01:32:40.715+0100][4.146s][info][gc,phases   ] GC(40) Concurrent Mark 4.449ms
[2026-05-06T01:32:40.715+0100][4.146s][info][gc,phases   ] GC(40) Pause Mark End 0.006ms
[2026-05-06T01:32:40.715+0100][4.146s][info][gc,phases   ] GC(40) Concurrent Mark Free 0.000ms
[2026-05-06T01:32:40.717+0100][4.148s][info][gc,phases   ] GC(40) Concurrent Process Non-Strong References 1.750ms
[2026-05-06T01:32:40.717+0100][4.148s][info][gc,phases   ] GC(40) Concurrent Reset Relocation Set 0.001ms
[2026-05-06T01:32:40.718+0100][4.148s][info][gc,phases   ] GC(40) Concurrent Select Relocation Set 0.590ms
[2026-05-06T01:32:40.718+0100][4.148s][info][gc,phases   ] GC(40) Pause Relocate Start 0.003ms
[2026-05-06T01:32:40.718+0100][4.149s][info][gc,phases   ] GC(40) Concurrent Relocate 0.195ms
[2026-05-06T01:32:40.718+0100][4.149s][info][gc,load     ] GC(40) Load: 2.86/2.96/3.50
[2026-05-06T01:32:40.718+0100][4.149s][info][gc,mmu      ] GC(40) MMU: 2ms/95.6%, 5ms/98.2%, 10ms/99.1%, 20ms/99.6%, 50ms/99.8%, 100ms/99.9%
[2026-05-06T01:32:40.718+0100][4.149s][info][gc,marking  ] GC(40) Mark: 2 stripe(s), 1 proactive flush(es), 1 terminate flush(es), 0 completion(s), 0 continuation(s) 
[2026-05-06T01:32:40.718+0100][4.149s][info][gc,marking  ] GC(40) Mark Stack Usage: 32M
[2026-05-06T01:32:40.718+0100][4.149s][info][gc,nmethod  ] GC(40) NMethods: 3847 registered, 661 unregistered
[2026-05-06T01:32:40.718+0100][4.149s][info][gc,metaspace] GC(40) Metaspace: 18M used, 19M committed, 1088M reserved
[2026-05-06T01:32:40.718+0100][4.149s][info][gc,ref      ] GC(40) Soft: 4238 encountered, 0 discovered, 0 enqueued
[2026-05-06T01:32:40.718+0100][4.149s][info][gc,ref      ] GC(40) Weak: 2367 encountered, 827 discovered, 0 enqueued
[2026-05-06T01:32:40.718+0100][4.149s][info][gc,ref      ] GC(40) Final: 6 encountered, 6 discovered, 0 enqueued
[2026-05-06T01:32:40.718+0100][4.149s][info][gc,ref      ] GC(40) Phantom: 270 encountered, 193 discovered, 0 enqueued
[2026-05-06T01:32:40.718+0100][4.149s][info][gc,reloc    ] GC(40) Small Pages: 24 / 48M, Empty: 28M, Relocated: 1M, In-Place: 0
[2026-05-06T01:32:40.718+0100][4.149s][info][gc,reloc    ] GC(40) Medium Pages: 1 / 32M, Empty: 0M, Relocated: 0M, In-Place: 0
[2026-05-06T01:32:40.718+0100][4.149s][info][gc,reloc    ] GC(40) Large Pages: 16 / 296M, Empty: 104M, Relocated: 0M, In-Place: 0
[2026-05-06T01:32:40.718+0100][4.149s][info][gc,reloc    ] GC(40) Forwarding Usage: 0M
[2026-05-06T01:32:40.718+0100][4.149s][info][gc,heap     ] GC(40) Min Capacity: 8M(0%)
[2026-05-06T01:32:40.718+0100][4.149s][info][gc,heap     ] GC(40) Max Capacity: 4096M(100%)
[2026-05-06T01:32:40.718+0100][4.149s][info][gc,heap     ] GC(40) Soft Max Capacity: 4096M(100%)
[2026-05-06T01:32:40.718+0100][4.149s][info][gc,heap     ] GC(40)                Mark Start          Mark End        Relocate Start      Relocate End           High               Low         
[2026-05-06T01:32:40.718+0100][4.149s][info][gc,heap     ] GC(40)  Capacity:     1028M (25%)        1028M (25%)        1028M (25%)        1028M (25%)        1028M (25%)        1028M (25%)    
[2026-05-06T01:32:40.718+0100][4.149s][info][gc,heap     ] GC(40)      Free:     3720M (91%)        3720M (91%)        3852M (94%)        3854M (94%)        3854M (94%)        3720M (91%)    
[2026-05-06T01:32:40.718+0100][4.149s][info][gc,heap     ] GC(40)      Used:      376M (9%)          376M (9%)          244M (6%)          242M (6%)          376M (9%)          242M (6%)     
[2026-05-06T01:32:40.718+0100][4.149s][info][gc,heap     ] GC(40)      Live:         -               205M (5%)          205M (5%)          205M (5%)             -                  -          
[2026-05-06T01:32:40.718+0100][4.149s][info][gc,heap     ] GC(40) Allocated:         -                 0M (0%)            0M (0%)            0M (0%)             -                  -          
[2026-05-06T01:32:40.718+0100][4.149s][info][gc,heap     ] GC(40)   Garbage:         -               170M (4%)           38M (1%)           36M (1%)             -                  -          
[2026-05-06T01:32:40.718+0100][4.149s][info][gc,heap     ] GC(40) Reclaimed:         -                  -               132M (3%)          134M (3%)             -                  -          
[2026-05-06T01:32:40.718+0100][4.149s][info][gc          ] GC(40) Garbage Collection (System.gc()) 376M(9%)->242M(6%)
[2026-05-06T01:32:40.746+0100][4.177s][info][gc,start    ] GC(41) Garbage Collection (System.gc())
[2026-05-06T01:32:40.746+0100][4.177s][info][gc,task     ] GC(41) Using 3 workers
[2026-05-06T01:32:40.746+0100][4.177s][info][gc,phases   ] GC(41) Pause Mark Start 0.002ms
[2026-05-06T01:32:40.751+0100][4.182s][info][gc,phases   ] GC(41) Concurrent Mark 4.528ms
[2026-05-06T01:32:40.751+0100][4.182s][info][gc,phases   ] GC(41) Pause Mark End 0.005ms
[2026-05-06T01:32:40.751+0100][4.182s][info][gc,phases   ] GC(41) Concurrent Mark Free 0.000ms
[2026-05-06T01:32:40.753+0100][4.183s][info][gc,phases   ] GC(41) Concurrent Process Non-Strong References 1.779ms
[2026-05-06T01:32:40.753+0100][4.183s][info][gc,phases   ] GC(41) Concurrent Reset Relocation Set 0.001ms
[2026-05-06T01:32:40.753+0100][4.184s][info][gc,phases   ] GC(41) Concurrent Select Relocation Set 0.667ms
[2026-05-06T01:32:40.754+0100][4.184s][info][gc,phases   ] GC(41) Pause Relocate Start 0.003ms
[2026-05-06T01:32:40.754+0100][4.184s][info][gc,phases   ] GC(41) Concurrent Relocate 0.193ms
[2026-05-06T01:32:40.754+0100][4.184s][info][gc,load     ] GC(41) Load: 2.86/2.96/3.50
[2026-05-06T01:32:40.754+0100][4.184s][info][gc,mmu      ] GC(41) MMU: 2ms/95.6%, 5ms/98.2%, 10ms/99.1%, 20ms/99.6%, 50ms/99.8%, 100ms/99.9%
[2026-05-06T01:32:40.754+0100][4.184s][info][gc,marking  ] GC(41) Mark: 2 stripe(s), 1 proactive flush(es), 1 terminate flush(es), 0 completion(s), 0 continuation(s) 
[2026-05-06T01:32:40.754+0100][4.184s][info][gc,marking  ] GC(41) Mark Stack Usage: 32M
[2026-05-06T01:32:40.754+0100][4.184s][info][gc,nmethod  ] GC(41) NMethods: 3857 registered, 661 unregistered
[2026-05-06T01:32:40.754+0100][4.184s][info][gc,metaspace] GC(41) Metaspace: 18M used, 19M committed, 1088M reserved
[2026-05-06T01:32:40.754+0100][4.184s][info][gc,ref      ] GC(41) Soft: 4238 encountered, 0 discovered, 0 enqueued
[2026-05-06T01:32:40.754+0100][4.184s][info][gc,ref      ] GC(41) Weak: 2368 encountered, 247 discovered, 0 enqueued
[2026-05-06T01:32:40.754+0100][4.184s][info][gc,ref      ] GC(41) Final: 6 encountered, 6 discovered, 0 enqueued
[2026-05-06T01:32:40.754+0100][4.184s][info][gc,ref      ] GC(41) Phantom: 270 encountered, 178 discovered, 0 enqueued
[2026-05-06T01:32:40.754+0100][4.184s][info][gc,reloc    ] GC(41) Small Pages: 16 / 32M, Empty: 6M, Relocated: 1M, In-Place: 0
[2026-05-06T01:32:40.754+0100][4.184s][info][gc,reloc    ] GC(41) Medium Pages: 1 / 32M, Empty: 0M, Relocated: 0M, In-Place: 0
[2026-05-06T01:32:40.754+0100][4.184s][info][gc,reloc    ] GC(41) Large Pages: 16 / 296M, Empty: 104M, Relocated: 0M, In-Place: 0
[2026-05-06T01:32:40.754+0100][4.184s][info][gc,reloc    ] GC(41) Forwarding Usage: 0M
[2026-05-06T01:32:40.754+0100][4.184s][info][gc,heap     ] GC(41) Min Capacity: 8M(0%)
[2026-05-06T01:32:40.754+0100][4.184s][info][gc,heap     ] GC(41) Max Capacity: 4096M(100%)
[2026-05-06T01:32:40.754+0100][4.184s][info][gc,heap     ] GC(41) Soft Max Capacity: 4096M(100%)
[2026-05-06T01:32:40.754+0100][4.184s][info][gc,heap     ] GC(41)                Mark Start          Mark End        Relocate Start      Relocate End           High               Low         
[2026-05-06T01:32:40.754+0100][4.184s][info][gc,heap     ] GC(41)  Capacity:     1028M (25%)        1028M (25%)        1028M (25%)        1028M (25%)        1028M (25%)        1028M (25%)    
[2026-05-06T01:32:40.754+0100][4.184s][info][gc,heap     ] GC(41)      Free:     3736M (91%)        3732M (91%)        3842M (94%)        3850M (94%)        3850M (94%)        3732M (91%)    
[2026-05-06T01:32:40.754+0100][4.184s][info][gc,heap     ] GC(41)      Used:      360M (9%)          364M (9%)          254M (6%)          246M (6%)          364M (9%)          246M (6%)     
[2026-05-06T01:32:40.754+0100][4.184s][info][gc,heap     ] GC(41)      Live:         -               205M (5%)          205M (5%)          205M (5%)             -                  -          
[2026-05-06T01:32:40.754+0100][4.184s][info][gc,heap     ] GC(41) Allocated:         -                 4M (0%)            4M (0%)            4M (0%)             -                  -          
[2026-05-06T01:32:40.754+0100][4.184s][info][gc,heap     ] GC(41)   Garbage:         -               154M (4%)           44M (1%)           36M (1%)             -                  -          
[2026-05-06T01:32:40.754+0100][4.184s][info][gc,heap     ] GC(41) Reclaimed:         -                  -               110M (3%)          118M (3%)             -                  -          
[2026-05-06T01:32:40.754+0100][4.184s][info][gc          ] GC(41) Garbage Collection (System.gc()) 360M(9%)->246M(6%)
[2026-05-06T01:32:40.781+0100][4.212s][info][gc,start    ] GC(42) Garbage Collection (System.gc())
[2026-05-06T01:32:40.781+0100][4.212s][info][gc,task     ] GC(42) Using 3 workers
[2026-05-06T01:32:40.781+0100][4.212s][info][gc,phases   ] GC(42) Pause Mark Start 0.003ms
[2026-05-06T01:32:40.786+0100][4.216s][info][gc,phases   ] GC(42) Concurrent Mark 4.261ms
[2026-05-06T01:32:40.786+0100][4.216s][info][gc,phases   ] GC(42) Pause Mark End 0.006ms
[2026-05-06T01:32:40.786+0100][4.216s][info][gc,phases   ] GC(42) Concurrent Mark Free 0.000ms
[2026-05-06T01:32:40.788+0100][4.218s][info][gc,phases   ] GC(42) Concurrent Process Non-Strong References 1.784ms
[2026-05-06T01:32:40.788+0100][4.218s][info][gc,phases   ] GC(42) Concurrent Reset Relocation Set 0.001ms
[2026-05-06T01:32:40.788+0100][4.219s][info][gc,phases   ] GC(42) Concurrent Select Relocation Set 0.728ms
[2026-05-06T01:32:40.788+0100][4.219s][info][gc,phases   ] GC(42) Pause Relocate Start 0.002ms
[2026-05-06T01:32:40.789+0100][4.219s][info][gc,phases   ] GC(42) Concurrent Relocate 0.200ms
[2026-05-06T01:32:40.789+0100][4.219s][info][gc,load     ] GC(42) Load: 2.86/2.96/3.50
[2026-05-06T01:32:40.789+0100][4.219s][info][gc,mmu      ] GC(42) MMU: 2ms/95.6%, 5ms/98.2%, 10ms/99.1%, 20ms/99.6%, 50ms/99.8%, 100ms/99.9%
[2026-05-06T01:32:40.789+0100][4.219s][info][gc,marking  ] GC(42) Mark: 2 stripe(s), 1 proactive flush(es), 1 terminate flush(es), 0 completion(s), 0 continuation(s) 
[2026-05-06T01:32:40.789+0100][4.219s][info][gc,marking  ] GC(42) Mark Stack Usage: 32M
[2026-05-06T01:32:40.789+0100][4.219s][info][gc,nmethod  ] GC(42) NMethods: 3861 registered, 665 unregistered
[2026-05-06T01:32:40.789+0100][4.219s][info][gc,metaspace] GC(42) Metaspace: 18M used, 19M committed, 1088M reserved
[2026-05-06T01:32:40.789+0100][4.219s][info][gc,ref      ] GC(42) Soft: 4238 encountered, 0 discovered, 0 enqueued
[2026-05-06T01:32:40.789+0100][4.219s][info][gc,ref      ] GC(42) Weak: 2368 encountered, 1227 discovered, 0 enqueued
[2026-05-06T01:32:40.789+0100][4.219s][info][gc,ref      ] GC(42) Final: 6 encountered, 5 discovered, 0 enqueued
[2026-05-06T01:32:40.789+0100][4.219s][info][gc,ref      ] GC(42) Phantom: 270 encountered, 171 discovered, 0 enqueued
[2026-05-06T01:32:40.789+0100][4.219s][info][gc,reloc    ] GC(42) Small Pages: 37 / 74M, Empty: 46M, Relocated: 1M, In-Place: 0
[2026-05-06T01:32:40.789+0100][4.219s][info][gc,reloc    ] GC(42) Medium Pages: 1 / 32M, Empty: 0M, Relocated: 0M, In-Place: 0
[2026-05-06T01:32:40.789+0100][4.219s][info][gc,reloc    ] GC(42) Large Pages: 16 / 296M, Empty: 104M, Relocated: 0M, In-Place: 0
[2026-05-06T01:32:40.789+0100][4.219s][info][gc,reloc    ] GC(42) Forwarding Usage: 0M
[2026-05-06T01:32:40.789+0100][4.219s][info][gc,heap     ] GC(42) Min Capacity: 8M(0%)
[2026-05-06T01:32:40.789+0100][4.219s][info][gc,heap     ] GC(42) Max Capacity: 4096M(100%)
[2026-05-06T01:32:40.789+0100][4.219s][info][gc,heap     ] GC(42) Soft Max Capacity: 4096M(100%)
[2026-05-06T01:32:40.789+0100][4.219s][info][gc,heap     ] GC(42)                Mark Start          Mark End        Relocate Start      Relocate End           High               Low         
[2026-05-06T01:32:40.789+0100][4.219s][info][gc,heap     ] GC(42)  Capacity:     1028M (25%)        1028M (25%)        1028M (25%)        1028M (25%)        1028M (25%)        1028M (25%)    
[2026-05-06T01:32:40.789+0100][4.219s][info][gc,heap     ] GC(42)      Free:     3694M (90%)        3692M (90%)        3842M (94%)        3852M (94%)        3852M (94%)        3692M (90%)    
[2026-05-06T01:32:40.789+0100][4.219s][info][gc,heap     ] GC(42)      Used:      402M (10%)         404M (10%)         254M (6%)          244M (6%)          404M (10%)         244M (6%)     
[2026-05-06T01:32:40.789+0100][4.219s][info][gc,heap     ] GC(42)      Live:         -               205M (5%)          205M (5%)          205M (5%)             -                  -          
[2026-05-06T01:32:40.789+0100][4.219s][info][gc,heap     ] GC(42) Allocated:         -                 2M (0%)            2M (0%)            2M (0%)             -                  -          
[2026-05-06T01:32:40.789+0100][4.219s][info][gc,heap     ] GC(42)   Garbage:         -               196M (5%)           46M (1%)           36M (1%)             -                  -          
[2026-05-06T01:32:40.789+0100][4.219s][info][gc,heap     ] GC(42) Reclaimed:         -                  -               150M (4%)          160M (4%)             -                  -          
[2026-05-06T01:32:40.789+0100][4.219s][info][gc          ] GC(42) Garbage Collection (System.gc()) 402M(10%)->244M(6%)
[2026-05-06T01:32:40.815+0100][4.245s][info][gc,start    ] GC(43) Garbage Collection (System.gc())
[2026-05-06T01:32:40.815+0100][4.245s][info][gc,task     ] GC(43) Using 3 workers
[2026-05-06T01:32:40.815+0100][4.245s][info][gc,phases   ] GC(43) Pause Mark Start 0.002ms
[2026-05-06T01:32:40.819+0100][4.250s][info][gc,phases   ] GC(43) Concurrent Mark 4.426ms
[2026-05-06T01:32:40.819+0100][4.250s][info][gc,phases   ] GC(43) Pause Mark End 0.005ms
[2026-05-06T01:32:40.819+0100][4.250s][info][gc,phases   ] GC(43) Concurrent Mark Free 0.000ms
[2026-05-06T01:32:40.821+0100][4.252s][info][gc,phases   ] GC(43) Concurrent Process Non-Strong References 1.661ms
[2026-05-06T01:32:40.821+0100][4.252s][info][gc,phases   ] GC(43) Concurrent Reset Relocation Set 0.001ms
[2026-05-06T01:32:40.822+0100][4.252s][info][gc,phases   ] GC(43) Concurrent Select Relocation Set 0.663ms
[2026-05-06T01:32:40.822+0100][4.252s][info][gc,phases   ] GC(43) Pause Relocate Start 0.002ms
[2026-05-06T01:32:40.822+0100][4.253s][info][gc,phases   ] GC(43) Concurrent Relocate 0.202ms
[2026-05-06T01:32:40.822+0100][4.253s][info][gc,load     ] GC(43) Load: 2.86/2.96/3.50
[2026-05-06T01:32:40.822+0100][4.253s][info][gc,mmu      ] GC(43) MMU: 2ms/95.6%, 5ms/98.2%, 10ms/99.1%, 20ms/99.6%, 50ms/99.8%, 100ms/99.9%
[2026-05-06T01:32:40.822+0100][4.253s][info][gc,marking  ] GC(43) Mark: 2 stripe(s), 1 proactive flush(es), 1 terminate flush(es), 0 completion(s), 0 continuation(s) 
[2026-05-06T01:32:40.822+0100][4.253s][info][gc,marking  ] GC(43) Mark Stack Usage: 32M
[2026-05-06T01:32:40.822+0100][4.253s][info][gc,nmethod  ] GC(43) NMethods: 3862 registered, 668 unregistered
[2026-05-06T01:32:40.822+0100][4.253s][info][gc,metaspace] GC(43) Metaspace: 18M used, 19M committed, 1088M reserved
[2026-05-06T01:32:40.822+0100][4.253s][info][gc,ref      ] GC(43) Soft: 4238 encountered, 0 discovered, 0 enqueued
[2026-05-06T01:32:40.822+0100][4.253s][info][gc,ref      ] GC(43) Weak: 2367 encountered, 304 discovered, 0 enqueued
[2026-05-06T01:32:40.822+0100][4.253s][info][gc,ref      ] GC(43) Final: 6 encountered, 0 discovered, 0 enqueued
[2026-05-06T01:32:40.822+0100][4.253s][info][gc,ref      ] GC(43) Phantom: 270 encountered, 201 discovered, 0 enqueued
[2026-05-06T01:32:40.822+0100][4.253s][info][gc,reloc    ] GC(43) Small Pages: 32 / 64M, Empty: 44M, Relocated: 1M, In-Place: 0
[2026-05-06T01:32:40.822+0100][4.253s][info][gc,reloc    ] GC(43) Medium Pages: 1 / 32M, Empty: 0M, Relocated: 0M, In-Place: 0
[2026-05-06T01:32:40.822+0100][4.253s][info][gc,reloc    ] GC(43) Large Pages: 16 / 296M, Empty: 104M, Relocated: 0M, In-Place: 0
[2026-05-06T01:32:40.822+0100][4.253s][info][gc,reloc    ] GC(43) Forwarding Usage: 0M
[2026-05-06T01:32:40.822+0100][4.253s][info][gc,heap     ] GC(43) Min Capacity: 8M(0%)
[2026-05-06T01:32:40.822+0100][4.253s][info][gc,heap     ] GC(43) Max Capacity: 4096M(100%)
[2026-05-06T01:32:40.822+0100][4.253s][info][gc,heap     ] GC(43) Soft Max Capacity: 4096M(100%)
[2026-05-06T01:32:40.822+0100][4.253s][info][gc,heap     ] GC(43)                Mark Start          Mark End        Relocate Start      Relocate End           High               Low         
[2026-05-06T01:32:40.822+0100][4.253s][info][gc,heap     ] GC(43)  Capacity:     1028M (25%)        1028M (25%)        1028M (25%)        1028M (25%)        1028M (25%)        1028M (25%)    
[2026-05-06T01:32:40.822+0100][4.253s][info][gc,heap     ] GC(43)      Free:     3704M (90%)        3704M (90%)        3852M (94%)        3854M (94%)        3854M (94%)        3704M (90%)    
[2026-05-06T01:32:40.822+0100][4.253s][info][gc,heap     ] GC(43)      Used:      392M (10%)         392M (10%)         244M (6%)          242M (6%)          392M (10%)         242M (6%)     
[2026-05-06T01:32:40.822+0100][4.253s][info][gc,heap     ] GC(43)      Live:         -               205M (5%)          205M (5%)          205M (5%)             -                  -          
[2026-05-06T01:32:40.822+0100][4.253s][info][gc,heap     ] GC(43) Allocated:         -                 0M (0%)            0M (0%)            0M (0%)             -                  -          
[2026-05-06T01:32:40.822+0100][4.253s][info][gc,heap     ] GC(43)   Garbage:         -               186M (5%)           38M (1%)           36M (1%)             -                  -          
[2026-05-06T01:32:40.822+0100][4.253s][info][gc,heap     ] GC(43) Reclaimed:         -                  -               148M (4%)          150M (4%)             -                  -          
[2026-05-06T01:32:40.822+0100][4.253s][info][gc          ] GC(43) Garbage Collection (System.gc()) 392M(10%)->242M(6%)
[2026-05-06T01:32:40.845+0100][4.276s][info][gc,start    ] GC(44) Garbage Collection (System.gc())
[2026-05-06T01:32:40.845+0100][4.276s][info][gc,task     ] GC(44) Using 3 workers
[2026-05-06T01:32:40.845+0100][4.276s][info][gc,phases   ] GC(44) Pause Mark Start 0.003ms
[2026-05-06T01:32:40.850+0100][4.280s][info][gc,phases   ] GC(44) Concurrent Mark 4.185ms
[2026-05-06T01:32:40.850+0100][4.280s][info][gc,phases   ] GC(44) Pause Mark End 0.006ms
[2026-05-06T01:32:40.850+0100][4.280s][info][gc,phases   ] GC(44) Concurrent Mark Free 0.000ms
[2026-05-06T01:32:40.852+0100][4.282s][info][gc,phases   ] GC(44) Concurrent Process Non-Strong References 1.927ms
[2026-05-06T01:32:40.852+0100][4.282s][info][gc,phases   ] GC(44) Concurrent Reset Relocation Set 0.001ms
[2026-05-06T01:32:40.852+0100][4.283s][info][gc,phases   ] GC(44) Concurrent Select Relocation Set 0.640ms
[2026-05-06T01:32:40.852+0100][4.283s][info][gc,phases   ] GC(44) Pause Relocate Start 0.003ms
[2026-05-06T01:32:40.853+0100][4.283s][info][gc,phases   ] GC(44) Concurrent Relocate 0.196ms
[2026-05-06T01:32:40.853+0100][4.283s][info][gc,load     ] GC(44) Load: 2.86/2.96/3.50
[2026-05-06T01:32:40.853+0100][4.283s][info][gc,mmu      ] GC(44) MMU: 2ms/95.6%, 5ms/98.2%, 10ms/99.1%, 20ms/99.6%, 50ms/99.8%, 100ms/99.9%
[2026-05-06T01:32:40.853+0100][4.283s][info][gc,marking  ] GC(44) Mark: 2 stripe(s), 2 proactive flush(es), 1 terminate flush(es), 0 completion(s), 0 continuation(s) 
[2026-05-06T01:32:40.853+0100][4.283s][info][gc,marking  ] GC(44) Mark Stack Usage: 32M
[2026-05-06T01:32:40.853+0100][4.283s][info][gc,nmethod  ] GC(44) NMethods: 3863 registered, 682 unregistered
[2026-05-06T01:32:40.853+0100][4.283s][info][gc,metaspace] GC(44) Metaspace: 18M used, 19M committed, 1088M reserved
[2026-05-06T01:32:40.853+0100][4.283s][info][gc,ref      ] GC(44) Soft: 4238 encountered, 0 discovered, 0 enqueued
[2026-05-06T01:32:40.853+0100][4.283s][info][gc,ref      ] GC(44) Weak: 2367 encountered, 1069 discovered, 0 enqueued
[2026-05-06T01:32:40.853+0100][4.283s][info][gc,ref      ] GC(44) Final: 6 encountered, 5 discovered, 0 enqueued
[2026-05-06T01:32:40.853+0100][4.283s][info][gc,ref      ] GC(44) Phantom: 270 encountered, 149 discovered, 0 enqueued
[2026-05-06T01:32:40.853+0100][4.283s][info][gc,reloc    ] GC(44) Small Pages: 14 / 28M, Empty: 6M, Relocated: 1M, In-Place: 0
[2026-05-06T01:32:40.853+0100][4.283s][info][gc,reloc    ] GC(44) Medium Pages: 1 / 32M, Empty: 0M, Relocated: 0M, In-Place: 0
[2026-05-06T01:32:40.853+0100][4.283s][info][gc,reloc    ] GC(44) Large Pages: 16 / 296M, Empty: 104M, Relocated: 0M, In-Place: 0
[2026-05-06T01:32:40.853+0100][4.283s][info][gc,reloc    ] GC(44) Forwarding Usage: 0M
[2026-05-06T01:32:40.853+0100][4.283s][info][gc,heap     ] GC(44) Min Capacity: 8M(0%)
[2026-05-06T01:32:40.853+0100][4.283s][info][gc,heap     ] GC(44) Max Capacity: 4096M(100%)
[2026-05-06T01:32:40.853+0100][4.283s][info][gc,heap     ] GC(44) Soft Max Capacity: 4096M(100%)
[2026-05-06T01:32:40.853+0100][4.283s][info][gc,heap     ] GC(44)                Mark Start          Mark End        Relocate Start      Relocate End           High               Low         
[2026-05-06T01:32:40.853+0100][4.283s][info][gc,heap     ] GC(44)  Capacity:     1028M (25%)        1028M (25%)        1028M (25%)        1028M (25%)        1028M (25%)        1028M (25%)    
[2026-05-06T01:32:40.853+0100][4.283s][info][gc,heap     ] GC(44)      Free:     3740M (91%)        3740M (91%)        3850M (94%)        3854M (94%)        3854M (94%)        3740M (91%)    
[2026-05-06T01:32:40.853+0100][4.283s][info][gc,heap     ] GC(44)      Used:      356M (9%)          356M (9%)          246M (6%)          242M (6%)          356M (9%)          242M (6%)     
[2026-05-06T01:32:40.853+0100][4.283s][info][gc,heap     ] GC(44)      Live:         -               205M (5%)          205M (5%)          205M (5%)             -                  -          
[2026-05-06T01:32:40.853+0100][4.283s][info][gc,heap     ] GC(44) Allocated:         -                 0M (0%)            0M (0%)            0M (0%)             -                  -          
[2026-05-06T01:32:40.853+0100][4.283s][info][gc,heap     ] GC(44)   Garbage:         -               150M (4%)           40M (1%)           36M (1%)             -                  -          
[2026-05-06T01:32:40.853+0100][4.283s][info][gc,heap     ] GC(44) Reclaimed:         -                  -               110M (3%)          114M (3%)             -                  -          
[2026-05-06T01:32:40.853+0100][4.283s][info][gc          ] GC(44) Garbage Collection (System.gc()) 356M(9%)->242M(6%)
[2026-05-06T01:32:40.874+0100][4.305s][info][gc,start    ] GC(45) Garbage Collection (System.gc())
[2026-05-06T01:32:40.874+0100][4.305s][info][gc,task     ] GC(45) Using 3 workers
[2026-05-06T01:32:40.874+0100][4.305s][info][gc,phases   ] GC(45) Pause Mark Start 0.003ms
[2026-05-06T01:32:40.878+0100][4.309s][info][gc,phases   ] GC(45) Concurrent Mark 4.037ms
[2026-05-06T01:32:40.879+0100][4.309s][info][gc,phases   ] GC(45) Pause Mark End 0.005ms
[2026-05-06T01:32:40.879+0100][4.309s][info][gc,phases   ] GC(45) Concurrent Mark Free 0.000ms
[2026-05-06T01:32:40.880+0100][4.311s][info][gc,phases   ] GC(45) Concurrent Process Non-Strong References 1.874ms
[2026-05-06T01:32:40.880+0100][4.311s][info][gc,phases   ] GC(45) Concurrent Reset Relocation Set 0.001ms
[2026-05-06T01:32:40.881+0100][4.312s][info][gc,phases   ] GC(45) Concurrent Select Relocation Set 0.608ms
[2026-05-06T01:32:40.881+0100][4.312s][info][gc,phases   ] GC(45) Pause Relocate Start 0.003ms
[2026-05-06T01:32:40.881+0100][4.312s][info][gc,phases   ] GC(45) Concurrent Relocate 0.191ms
[2026-05-06T01:32:40.881+0100][4.312s][info][gc,load     ] GC(45) Load: 2.86/2.96/3.50
[2026-05-06T01:32:40.881+0100][4.312s][info][gc,mmu      ] GC(45) MMU: 2ms/95.6%, 5ms/98.2%, 10ms/99.1%, 20ms/99.6%, 50ms/99.8%, 100ms/99.9%
[2026-05-06T01:32:40.881+0100][4.312s][info][gc,marking  ] GC(45) Mark: 2 stripe(s), 1 proactive flush(es), 1 terminate flush(es), 0 completion(s), 0 continuation(s) 
[2026-05-06T01:32:40.881+0100][4.312s][info][gc,marking  ] GC(45) Mark Stack Usage: 32M
[2026-05-06T01:32:40.881+0100][4.312s][info][gc,nmethod  ] GC(45) NMethods: 3870 registered, 686 unregistered
[2026-05-06T01:32:40.881+0100][4.312s][info][gc,metaspace] GC(45) Metaspace: 18M used, 19M committed, 1088M reserved
[2026-05-06T01:32:40.881+0100][4.312s][info][gc,ref      ] GC(45) Soft: 4238 encountered, 0 discovered, 0 enqueued
[2026-05-06T01:32:40.881+0100][4.312s][info][gc,ref      ] GC(45) Weak: 2367 encountered, 966 discovered, 0 enqueued
[2026-05-06T01:32:40.881+0100][4.312s][info][gc,ref      ] GC(45) Final: 6 encountered, 6 discovered, 0 enqueued
[2026-05-06T01:32:40.881+0100][4.312s][info][gc,ref      ] GC(45) Phantom: 270 encountered, 162 discovered, 0 enqueued
[2026-05-06T01:32:40.881+0100][4.312s][info][gc,reloc    ] GC(45) Small Pages: 11 / 22M, Empty: 2M, Relocated: 1M, In-Place: 0
[2026-05-06T01:32:40.881+0100][4.312s][info][gc,reloc    ] GC(45) Medium Pages: 1 / 32M, Empty: 0M, Relocated: 0M, In-Place: 0
[2026-05-06T01:32:40.881+0100][4.312s][info][gc,reloc    ] GC(45) Large Pages: 16 / 296M, Empty: 104M, Relocated: 0M, In-Place: 0
[2026-05-06T01:32:40.881+0100][4.312s][info][gc,reloc    ] GC(45) Forwarding Usage: 0M
[2026-05-06T01:32:40.881+0100][4.312s][info][gc,heap     ] GC(45) Min Capacity: 8M(0%)
[2026-05-06T01:32:40.881+0100][4.312s][info][gc,heap     ] GC(45) Max Capacity: 4096M(100%)
[2026-05-06T01:32:40.881+0100][4.312s][info][gc,heap     ] GC(45) Soft Max Capacity: 4096M(100%)
[2026-05-06T01:32:40.881+0100][4.312s][info][gc,heap     ] GC(45)                Mark Start          Mark End        Relocate Start      Relocate End           High               Low         
[2026-05-06T01:32:40.881+0100][4.312s][info][gc,heap     ] GC(45)  Capacity:     1028M (25%)        1028M (25%)        1028M (25%)        1028M (25%)        1028M (25%)        1028M (25%)    
[2026-05-06T01:32:40.881+0100][4.312s][info][gc,heap     ] GC(45)      Free:     3746M (91%)        3746M (91%)        3852M (94%)        3854M (94%)        3854M (94%)        3746M (91%)    
[2026-05-06T01:32:40.881+0100][4.312s][info][gc,heap     ] GC(45)      Used:      350M (9%)          350M (9%)          244M (6%)          242M (6%)          350M (9%)          242M (6%)     
[2026-05-06T01:32:40.881+0100][4.312s][info][gc,heap     ] GC(45)      Live:         -               205M (5%)          205M (5%)          205M (5%)             -                  -          
[2026-05-06T01:32:40.881+0100][4.312s][info][gc,heap     ] GC(45) Allocated:         -                 0M (0%)            0M (0%)            0M (0%)             -                  -          
[2026-05-06T01:32:40.881+0100][4.312s][info][gc,heap     ] GC(45)   Garbage:         -               144M (4%)           38M (1%)           36M (1%)             -                  -          
[2026-05-06T01:32:40.881+0100][4.312s][info][gc,heap     ] GC(45) Reclaimed:         -                  -               106M (3%)          108M (3%)             -                  -          
[2026-05-06T01:32:40.881+0100][4.312s][info][gc          ] GC(45) Garbage Collection (System.gc()) 350M(9%)->242M(6%)
[2026-05-06T01:32:41.027+0100][4.457s][info][gc,start    ] GC(46) Garbage Collection (System.gc())
[2026-05-06T01:32:41.027+0100][4.457s][info][gc,task     ] GC(46) Using 3 workers
[2026-05-06T01:32:41.027+0100][4.457s][info][gc,phases   ] GC(46) Pause Mark Start 0.003ms
[2026-05-06T01:32:41.031+0100][4.462s][info][gc,phases   ] GC(46) Concurrent Mark 4.218ms
[2026-05-06T01:32:41.031+0100][4.462s][info][gc,phases   ] GC(46) Pause Mark End 0.003ms
[2026-05-06T01:32:41.031+0100][4.462s][info][gc,phases   ] GC(46) Concurrent Mark Free 0.000ms
[2026-05-06T01:32:41.033+0100][4.463s][info][gc,phases   ] GC(46) Concurrent Process Non-Strong References 1.692ms
[2026-05-06T01:32:41.033+0100][4.463s][info][gc,phases   ] GC(46) Concurrent Reset Relocation Set 0.002ms
[2026-05-06T01:32:41.033+0100][4.464s][info][gc,phases   ] GC(46) Concurrent Select Relocation Set 0.601ms
[2026-05-06T01:32:41.034+0100][4.464s][info][gc,phases   ] GC(46) Pause Relocate Start 0.002ms
[2026-05-06T01:32:41.034+0100][4.464s][info][gc,phases   ] GC(46) Concurrent Relocate 0.184ms
[2026-05-06T01:32:41.034+0100][4.464s][info][gc,load     ] GC(46) Load: 2.86/2.96/3.50
[2026-05-06T01:32:41.034+0100][4.464s][info][gc,mmu      ] GC(46) MMU: 2ms/95.6%, 5ms/98.2%, 10ms/99.1%, 20ms/99.6%, 50ms/99.8%, 100ms/99.9%
[2026-05-06T01:32:41.034+0100][4.464s][info][gc,marking  ] GC(46) Mark: 2 stripe(s), 1 proactive flush(es), 1 terminate flush(es), 0 completion(s), 0 continuation(s) 
[2026-05-06T01:32:41.034+0100][4.464s][info][gc,marking  ] GC(46) Mark Stack Usage: 32M
[2026-05-06T01:32:41.034+0100][4.464s][info][gc,nmethod  ] GC(46) NMethods: 3870 registered, 687 unregistered
[2026-05-06T01:32:41.034+0100][4.464s][info][gc,metaspace] GC(46) Metaspace: 18M used, 19M committed, 1088M reserved
[2026-05-06T01:32:41.034+0100][4.464s][info][gc,ref      ] GC(46) Soft: 4238 encountered, 0 discovered, 0 enqueued
[2026-05-06T01:32:41.034+0100][4.464s][info][gc,ref      ] GC(46) Weak: 2367 encountered, 1152 discovered, 0 enqueued
[2026-05-06T01:32:41.034+0100][4.464s][info][gc,ref      ] GC(46) Final: 6 encountered, 6 discovered, 0 enqueued
[2026-05-06T01:32:41.034+0100][4.464s][info][gc,ref      ] GC(46) Phantom: 270 encountered, 193 discovered, 0 enqueued
[2026-05-06T01:32:41.034+0100][4.464s][info][gc,reloc    ] GC(46) Small Pages: 11 / 22M, Empty: 2M, Relocated: 1M, In-Place: 0
[2026-05-06T01:32:41.034+0100][4.464s][info][gc,reloc    ] GC(46) Medium Pages: 1 / 32M, Empty: 0M, Relocated: 0M, In-Place: 0
[2026-05-06T01:32:41.034+0100][4.464s][info][gc,reloc    ] GC(46) Large Pages: 16 / 386M, Empty: 194M, Relocated: 0M, In-Place: 0
[2026-05-06T01:32:41.034+0100][4.464s][info][gc,reloc    ] GC(46) Forwarding Usage: 0M
[2026-05-06T01:32:41.034+0100][4.464s][info][gc,heap     ] GC(46) Min Capacity: 8M(0%)
[2026-05-06T01:32:41.034+0100][4.464s][info][gc,heap     ] GC(46) Max Capacity: 4096M(100%)
[2026-05-06T01:32:41.034+0100][4.464s][info][gc,heap     ] GC(46) Soft Max Capacity: 4096M(100%)
[2026-05-06T01:32:41.034+0100][4.464s][info][gc,heap     ] GC(46)                Mark Start          Mark End        Relocate Start      Relocate End           High               Low         
[2026-05-06T01:32:41.034+0100][4.464s][info][gc,heap     ] GC(46)  Capacity:     1142M (28%)        1142M (28%)        1142M (28%)        1142M (28%)        1142M (28%)        1142M (28%)    
[2026-05-06T01:32:41.034+0100][4.464s][info][gc,heap     ] GC(46)      Free:     3656M (89%)        3656M (89%)        3852M (94%)        3854M (94%)        3854M (94%)        3656M (89%)    
[2026-05-06T01:32:41.034+0100][4.464s][info][gc,heap     ] GC(46)      Used:      440M (11%)         440M (11%)         244M (6%)          242M (6%)          440M (11%)         242M (6%)     
[2026-05-06T01:32:41.034+0100][4.464s][info][gc,heap     ] GC(46)      Live:         -               205M (5%)          205M (5%)          205M (5%)             -                  -          
[2026-05-06T01:32:41.034+0100][4.464s][info][gc,heap     ] GC(46) Allocated:         -                 0M (0%)            0M (0%)            0M (0%)             -                  -          
[2026-05-06T01:32:41.034+0100][4.464s][info][gc,heap     ] GC(46)   Garbage:         -               234M (6%)           38M (1%)           36M (1%)             -                  -          
[2026-05-06T01:32:41.034+0100][4.464s][info][gc,heap     ] GC(46) Reclaimed:         -                  -               196M (5%)          198M (5%)             -                  -          
[2026-05-06T01:32:41.034+0100][4.464s][info][gc          ] GC(46) Garbage Collection (System.gc()) 440M(11%)->242M(6%)
[2026-05-06T01:32:41.558+0100][4.989s][info][gc,start    ] GC(47) Garbage Collection (System.gc())
[2026-05-06T01:32:41.558+0100][4.989s][info][gc,task     ] GC(47) Using 3 workers
[2026-05-06T01:32:41.558+0100][4.989s][info][gc,phases   ] GC(47) Pause Mark Start 0.002ms
[2026-05-06T01:32:41.562+0100][4.993s][info][gc,phases   ] GC(47) Concurrent Mark 3.786ms
[2026-05-06T01:32:41.562+0100][4.993s][info][gc,phases   ] GC(47) Pause Mark End 0.003ms
[2026-05-06T01:32:41.562+0100][4.993s][info][gc,phases   ] GC(47) Concurrent Mark Free 0.000ms
[2026-05-06T01:32:41.564+0100][4.995s][info][gc,phases   ] GC(47) Concurrent Process Non-Strong References 1.736ms
[2026-05-06T01:32:41.564+0100][4.995s][info][gc,phases   ] GC(47) Concurrent Reset Relocation Set 0.001ms
[2026-05-06T01:32:41.565+0100][4.995s][info][gc,phases   ] GC(47) Concurrent Select Relocation Set 0.584ms
[2026-05-06T01:32:41.565+0100][4.995s][info][gc,phases   ] GC(47) Pause Relocate Start 0.003ms
[2026-05-06T01:32:41.565+0100][4.995s][info][gc,phases   ] GC(47) Concurrent Relocate 0.182ms
[2026-05-06T01:32:41.565+0100][4.995s][info][gc,load     ] GC(47) Load: 2.87/2.96/3.50
[2026-05-06T01:32:41.565+0100][4.995s][info][gc,mmu      ] GC(47) MMU: 2ms/95.6%, 5ms/98.2%, 10ms/99.1%, 20ms/99.6%, 50ms/99.8%, 100ms/99.9%
[2026-05-06T01:32:41.565+0100][4.995s][info][gc,marking  ] GC(47) Mark: 2 stripe(s), 1 proactive flush(es), 1 terminate flush(es), 0 completion(s), 0 continuation(s) 
[2026-05-06T01:32:41.565+0100][4.995s][info][gc,marking  ] GC(47) Mark Stack Usage: 32M
[2026-05-06T01:32:41.565+0100][4.995s][info][gc,nmethod  ] GC(47) NMethods: 3870 registered, 687 unregistered
[2026-05-06T01:32:41.565+0100][4.995s][info][gc,metaspace] GC(47) Metaspace: 18M used, 19M committed, 1088M reserved
[2026-05-06T01:32:41.565+0100][4.995s][info][gc,ref      ] GC(47) Soft: 4238 encountered, 0 discovered, 0 enqueued
[2026-05-06T01:32:41.565+0100][4.995s][info][gc,ref      ] GC(47) Weak: 2367 encountered, 1152 discovered, 0 enqueued
[2026-05-06T01:32:41.565+0100][4.995s][info][gc,ref      ] GC(47) Final: 6 encountered, 0 discovered, 0 enqueued
[2026-05-06T01:32:41.565+0100][4.995s][info][gc,ref      ] GC(47) Phantom: 270 encountered, 176 discovered, 0 enqueued
[2026-05-06T01:32:41.565+0100][4.995s][info][gc,reloc    ] GC(47) Small Pages: 10 / 20M, Empty: 0M, Relocated: 1M, In-Place: 0
[2026-05-06T01:32:41.565+0100][4.995s][info][gc,reloc    ] GC(47) Medium Pages: 1 / 32M, Empty: 0M, Relocated: 0M, In-Place: 0
[2026-05-06T01:32:41.565+0100][4.995s][info][gc,reloc    ] GC(47) Large Pages: 16 / 686M, Empty: 494M, Relocated: 0M, In-Place: 0
[2026-05-06T01:32:41.565+0100][4.995s][info][gc,reloc    ] GC(47) Forwarding Usage: 0M
[2026-05-06T01:32:41.565+0100][4.995s][info][gc,heap     ] GC(47) Min Capacity: 8M(0%)
[2026-05-06T01:32:41.565+0100][4.995s][info][gc,heap     ] GC(47) Max Capacity: 4096M(100%)
[2026-05-06T01:32:41.565+0100][4.995s][info][gc,heap     ] GC(47) Soft Max Capacity: 4096M(100%)
[2026-05-06T01:32:41.565+0100][4.995s][info][gc,heap     ] GC(47)                Mark Start          Mark End        Relocate Start      Relocate End           High               Low         
[2026-05-06T01:32:41.565+0100][4.995s][info][gc,heap     ] GC(47)  Capacity:     1522M (37%)        1522M (37%)        1522M (37%)        1522M (37%)        1522M (37%)        1522M (37%)    
[2026-05-06T01:32:41.565+0100][4.995s][info][gc,heap     ] GC(47)      Free:     3358M (82%)        3358M (82%)        3852M (94%)        3854M (94%)        3854M (94%)        3358M (82%)    
[2026-05-06T01:32:41.565+0100][4.995s][info][gc,heap     ] GC(47)      Used:      738M (18%)         738M (18%)         244M (6%)          242M (6%)          738M (18%)         242M (6%)     
[2026-05-06T01:32:41.565+0100][4.995s][info][gc,heap     ] GC(47)      Live:         -               205M (5%)          205M (5%)          205M (5%)             -                  -          
[2026-05-06T01:32:41.565+0100][4.995s][info][gc,heap     ] GC(47) Allocated:         -                 0M (0%)            0M (0%)            0M (0%)             -                  -          
[2026-05-06T01:32:41.565+0100][4.995s][info][gc,heap     ] GC(47)   Garbage:         -               532M (13%)          38M (1%)           36M (1%)             -                  -          
[2026-05-06T01:32:41.565+0100][4.995s][info][gc,heap     ] GC(47) Reclaimed:         -                  -               494M (12%)         496M (12%)            -                  -          
[2026-05-06T01:32:41.565+0100][4.995s][info][gc          ] GC(47) Garbage Collection (System.gc()) 738M(18%)->242M(6%)
[2026-05-06T01:32:42.072+0100][5.503s][info][gc,start    ] GC(48) Garbage Collection (System.gc())
[2026-05-06T01:32:42.072+0100][5.503s][info][gc,task     ] GC(48) Using 3 workers
[2026-05-06T01:32:42.072+0100][5.503s][info][gc,phases   ] GC(48) Pause Mark Start 0.003ms
[2026-05-06T01:32:42.076+0100][5.507s][info][gc,phases   ] GC(48) Concurrent Mark 3.725ms
[2026-05-06T01:32:42.076+0100][5.507s][info][gc,phases   ] GC(48) Pause Mark End 0.003ms
[2026-05-06T01:32:42.076+0100][5.507s][info][gc,phases   ] GC(48) Concurrent Mark Free 0.000ms
[2026-05-06T01:32:42.078+0100][5.508s][info][gc,phases   ] GC(48) Concurrent Process Non-Strong References 1.661ms
[2026-05-06T01:32:42.078+0100][5.508s][info][gc,phases   ] GC(48) Concurrent Reset Relocation Set 0.001ms
[2026-05-06T01:32:42.078+0100][5.509s][info][gc,phases   ] GC(48) Concurrent Select Relocation Set 0.582ms
[2026-05-06T01:32:42.078+0100][5.509s][info][gc,phases   ] GC(48) Pause Relocate Start 0.002ms
[2026-05-06T01:32:42.079+0100][5.509s][info][gc,phases   ] GC(48) Concurrent Relocate 0.190ms
[2026-05-06T01:32:42.079+0100][5.509s][info][gc,load     ] GC(48) Load: 2.87/2.96/3.50
[2026-05-06T01:32:42.079+0100][5.509s][info][gc,mmu      ] GC(48) MMU: 2ms/95.6%, 5ms/98.2%, 10ms/99.1%, 20ms/99.6%, 50ms/99.8%, 100ms/99.9%
[2026-05-06T01:32:42.079+0100][5.509s][info][gc,marking  ] GC(48) Mark: 2 stripe(s), 1 proactive flush(es), 1 terminate flush(es), 0 completion(s), 0 continuation(s) 
[2026-05-06T01:32:42.079+0100][5.509s][info][gc,marking  ] GC(48) Mark Stack Usage: 32M
[2026-05-06T01:32:42.079+0100][5.509s][info][gc,nmethod  ] GC(48) NMethods: 3870 registered, 688 unregistered
[2026-05-06T01:32:42.079+0100][5.509s][info][gc,metaspace] GC(48) Metaspace: 18M used, 19M committed, 1088M reserved
[2026-05-06T01:32:42.079+0100][5.509s][info][gc,ref      ] GC(48) Soft: 4238 encountered, 0 discovered, 0 enqueued
[2026-05-06T01:32:42.079+0100][5.509s][info][gc,ref      ] GC(48) Weak: 2367 encountered, 1216 discovered, 0 enqueued
[2026-05-06T01:32:42.079+0100][5.509s][info][gc,ref      ] GC(48) Final: 6 encountered, 0 discovered, 0 enqueued
[2026-05-06T01:32:42.079+0100][5.509s][info][gc,ref      ] GC(48) Phantom: 270 encountered, 177 discovered, 0 enqueued
[2026-05-06T01:32:42.079+0100][5.509s][info][gc,reloc    ] GC(48) Small Pages: 10 / 20M, Empty: 0M, Relocated: 1M, In-Place: 0
[2026-05-06T01:32:42.079+0100][5.509s][info][gc,reloc    ] GC(48) Medium Pages: 1 / 32M, Empty: 0M, Relocated: 0M, In-Place: 0
[2026-05-06T01:32:42.079+0100][5.509s][info][gc,reloc    ] GC(48) Large Pages: 16 / 686M, Empty: 494M, Relocated: 0M, In-Place: 0
[2026-05-06T01:32:42.079+0100][5.509s][info][gc,reloc    ] GC(48) Forwarding Usage: 0M
[2026-05-06T01:32:42.079+0100][5.509s][info][gc,heap     ] GC(48) Min Capacity: 8M(0%)
[2026-05-06T01:32:42.079+0100][5.509s][info][gc,heap     ] GC(48) Max Capacity: 4096M(100%)
[2026-05-06T01:32:42.079+0100][5.509s][info][gc,heap     ] GC(48) Soft Max Capacity: 4096M(100%)
[2026-05-06T01:32:42.079+0100][5.509s][info][gc,heap     ] GC(48)                Mark Start          Mark End        Relocate Start      Relocate End           High               Low         
[2026-05-06T01:32:42.079+0100][5.509s][info][gc,heap     ] GC(48)  Capacity:     1522M (37%)        1522M (37%)        1522M (37%)        1522M (37%)        1522M (37%)        1522M (37%)    
[2026-05-06T01:32:42.079+0100][5.509s][info][gc,heap     ] GC(48)      Free:     3358M (82%)        3358M (82%)        3852M (94%)        3854M (94%)        3854M (94%)        3358M (82%)    
[2026-05-06T01:32:42.079+0100][5.509s][info][gc,heap     ] GC(48)      Used:      738M (18%)         738M (18%)         244M (6%)          242M (6%)          738M (18%)         242M (6%)     
[2026-05-06T01:32:42.079+0100][5.509s][info][gc,heap     ] GC(48)      Live:         -               205M (5%)          205M (5%)          205M (5%)             -                  -          
[2026-05-06T01:32:42.079+0100][5.509s][info][gc,heap     ] GC(48) Allocated:         -                 0M (0%)            0M (0%)            0M (0%)             -                  -          
[2026-05-06T01:32:42.079+0100][5.509s][info][gc,heap     ] GC(48)   Garbage:         -               532M (13%)          38M (1%)           36M (1%)             -                  -          
[2026-05-06T01:32:42.079+0100][5.509s][info][gc,heap     ] GC(48) Reclaimed:         -                  -               494M (12%)         496M (12%)            -                  -          
[2026-05-06T01:32:42.079+0100][5.509s][info][gc          ] GC(48) Garbage Collection (System.gc()) 738M(18%)->242M(6%)
[2026-05-06T01:32:42.583+0100][6.014s][info][gc,start    ] GC(49) Garbage Collection (System.gc())
[2026-05-06T01:32:42.583+0100][6.014s][info][gc,task     ] GC(49) Using 3 workers
[2026-05-06T01:32:42.583+0100][6.014s][info][gc,phases   ] GC(49) Pause Mark Start 0.003ms
[2026-05-06T01:32:42.588+0100][6.018s][info][gc,phases   ] GC(49) Concurrent Mark 4.232ms
[2026-05-06T01:32:42.588+0100][6.018s][info][gc,phases   ] GC(49) Pause Mark End 0.003ms
[2026-05-06T01:32:42.588+0100][6.018s][info][gc,phases   ] GC(49) Concurrent Mark Free 0.000ms
[2026-05-06T01:32:42.589+0100][6.020s][info][gc,phases   ] GC(49) Concurrent Process Non-Strong References 1.731ms
[2026-05-06T01:32:42.589+0100][6.020s][info][gc,phases   ] GC(49) Concurrent Reset Relocation Set 0.001ms
[2026-05-06T01:32:42.590+0100][6.020s][info][gc,phases   ] GC(49) Concurrent Select Relocation Set 0.567ms
[2026-05-06T01:32:42.590+0100][6.020s][info][gc,phases   ] GC(49) Pause Relocate Start 0.002ms
[2026-05-06T01:32:42.590+0100][6.021s][info][gc,phases   ] GC(49) Concurrent Relocate 0.258ms
[2026-05-06T01:32:42.590+0100][6.021s][info][gc,load     ] GC(49) Load: 2.87/2.96/3.50
[2026-05-06T01:32:42.590+0100][6.021s][info][gc,mmu      ] GC(49) MMU: 2ms/95.6%, 5ms/98.2%, 10ms/99.1%, 20ms/99.6%, 50ms/99.8%, 100ms/99.9%
[2026-05-06T01:32:42.590+0100][6.021s][info][gc,marking  ] GC(49) Mark: 2 stripe(s), 1 proactive flush(es), 1 terminate flush(es), 0 completion(s), 0 continuation(s) 
[2026-05-06T01:32:42.590+0100][6.021s][info][gc,marking  ] GC(49) Mark Stack Usage: 32M
[2026-05-06T01:32:42.590+0100][6.021s][info][gc,nmethod  ] GC(49) NMethods: 3873 registered, 689 unregistered
[2026-05-06T01:32:42.590+0100][6.021s][info][gc,metaspace] GC(49) Metaspace: 18M used, 19M committed, 1088M reserved
[2026-05-06T01:32:42.590+0100][6.021s][info][gc,ref      ] GC(49) Soft: 4238 encountered, 0 discovered, 0 enqueued
[2026-05-06T01:32:42.590+0100][6.021s][info][gc,ref      ] GC(49) Weak: 2367 encountered, 1079 discovered, 0 enqueued
[2026-05-06T01:32:42.590+0100][6.021s][info][gc,ref      ] GC(49) Final: 6 encountered, 6 discovered, 0 enqueued
[2026-05-06T01:32:42.590+0100][6.021s][info][gc,ref      ] GC(49) Phantom: 270 encountered, 161 discovered, 0 enqueued
[2026-05-06T01:32:42.590+0100][6.021s][info][gc,reloc    ] GC(49) Small Pages: 11 / 22M, Empty: 2M, Relocated: 1M, In-Place: 0
[2026-05-06T01:32:42.590+0100][6.021s][info][gc,reloc    ] GC(49) Medium Pages: 1 / 32M, Empty: 0M, Relocated: 0M, In-Place: 0
[2026-05-06T01:32:42.590+0100][6.021s][info][gc,reloc    ] GC(49) Large Pages: 16 / 686M, Empty: 494M, Relocated: 0M, In-Place: 0
[2026-05-06T01:32:42.590+0100][6.021s][info][gc,reloc    ] GC(49) Forwarding Usage: 0M
[2026-05-06T01:32:42.590+0100][6.021s][info][gc,heap     ] GC(49) Min Capacity: 8M(0%)
[2026-05-06T01:32:42.590+0100][6.021s][info][gc,heap     ] GC(49) Max Capacity: 4096M(100%)
[2026-05-06T01:32:42.590+0100][6.021s][info][gc,heap     ] GC(49) Soft Max Capacity: 4096M(100%)
[2026-05-06T01:32:42.590+0100][6.021s][info][gc,heap     ] GC(49)                Mark Start          Mark End        Relocate Start      Relocate End           High               Low         
[2026-05-06T01:32:42.590+0100][6.021s][info][gc,heap     ] GC(49)  Capacity:     1522M (37%)        1522M (37%)        1522M (37%)        1522M (37%)        1522M (37%)        1522M (37%)    
[2026-05-06T01:32:42.590+0100][6.021s][info][gc,heap     ] GC(49)      Free:     3356M (82%)        3356M (82%)        3852M (94%)        3854M (94%)        3854M (94%)        3356M (82%)    
[2026-05-06T01:32:42.590+0100][6.021s][info][gc,heap     ] GC(49)      Used:      740M (18%)         740M (18%)         244M (6%)          242M (6%)          740M (18%)         242M (6%)     
[2026-05-06T01:32:42.590+0100][6.021s][info][gc,heap     ] GC(49)      Live:         -               205M (5%)          205M (5%)          205M (5%)             -                  -          
[2026-05-06T01:32:42.590+0100][6.021s][info][gc,heap     ] GC(49) Allocated:         -                 0M (0%)            0M (0%)            0M (0%)             -                  -          
[2026-05-06T01:32:42.590+0100][6.021s][info][gc,heap     ] GC(49)   Garbage:         -               534M (13%)          38M (1%)           36M (1%)             -                  -          
[2026-05-06T01:32:42.590+0100][6.021s][info][gc,heap     ] GC(49) Reclaimed:         -                  -               496M (12%)         498M (12%)            -                  -          
[2026-05-06T01:32:42.590+0100][6.021s][info][gc          ] GC(49) Garbage Collection (System.gc()) 740M(18%)->242M(6%)
[2026-05-06T01:32:43.043+0100][6.474s][info][gc,start    ] GC(50) Garbage Collection (System.gc())
[2026-05-06T01:32:43.043+0100][6.474s][info][gc,task     ] GC(50) Using 3 workers
[2026-05-06T01:32:43.043+0100][6.474s][info][gc,phases   ] GC(50) Pause Mark Start 0.003ms
[2026-05-06T01:32:43.047+0100][6.478s][info][gc,phases   ] GC(50) Concurrent Mark 4.083ms
[2026-05-06T01:32:43.047+0100][6.478s][info][gc,phases   ] GC(50) Pause Mark End 0.007ms
[2026-05-06T01:32:43.047+0100][6.478s][info][gc,phases   ] GC(50) Concurrent Mark Free 0.000ms
[2026-05-06T01:32:43.049+0100][6.480s][info][gc,phases   ] GC(50) Concurrent Process Non-Strong References 1.782ms
[2026-05-06T01:32:43.049+0100][6.480s][info][gc,phases   ] GC(50) Concurrent Reset Relocation Set 0.001ms
[2026-05-06T01:32:43.050+0100][6.480s][info][gc,phases   ] GC(50) Concurrent Select Relocation Set 0.691ms
[2026-05-06T01:32:43.050+0100][6.480s][info][gc,phases   ] GC(50) Pause Relocate Start 0.003ms
[2026-05-06T01:32:43.050+0100][6.481s][info][gc,phases   ] GC(50) Concurrent Relocate 0.266ms
[2026-05-06T01:32:43.050+0100][6.481s][info][gc,load     ] GC(50) Load: 2.87/2.96/3.50
[2026-05-06T01:32:43.050+0100][6.481s][info][gc,mmu      ] GC(50) MMU: 2ms/95.6%, 5ms/98.2%, 10ms/99.1%, 20ms/99.6%, 50ms/99.8%, 100ms/99.9%
[2026-05-06T01:32:43.050+0100][6.481s][info][gc,marking  ] GC(50) Mark: 2 stripe(s), 1 proactive flush(es), 1 terminate flush(es), 0 completion(s), 0 continuation(s) 
[2026-05-06T01:32:43.050+0100][6.481s][info][gc,marking  ] GC(50) Mark Stack Usage: 32M
[2026-05-06T01:32:43.050+0100][6.481s][info][gc,nmethod  ] GC(50) NMethods: 3874 registered, 689 unregistered
[2026-05-06T01:32:43.050+0100][6.481s][info][gc,metaspace] GC(50) Metaspace: 18M used, 19M committed, 1088M reserved
[2026-05-06T01:32:43.050+0100][6.481s][info][gc,ref      ] GC(50) Soft: 4238 encountered, 0 discovered, 0 enqueued
[2026-05-06T01:32:43.050+0100][6.481s][info][gc,ref      ] GC(50) Weak: 2367 encountered, 948 discovered, 0 enqueued
[2026-05-06T01:32:43.050+0100][6.481s][info][gc,ref      ] GC(50) Final: 6 encountered, 6 discovered, 0 enqueued
[2026-05-06T01:32:43.050+0100][6.481s][info][gc,ref      ] GC(50) Phantom: 270 encountered, 171 discovered, 0 enqueued
[2026-05-06T01:32:43.050+0100][6.481s][info][gc,reloc    ] GC(50) Small Pages: 11 / 22M, Empty: 2M, Relocated: 1M, In-Place: 0
[2026-05-06T01:32:43.050+0100][6.481s][info][gc,reloc    ] GC(50) Medium Pages: 1 / 32M, Empty: 0M, Relocated: 0M, In-Place: 0
[2026-05-06T01:32:43.050+0100][6.481s][info][gc,reloc    ] GC(50) Large Pages: 16 / 686M, Empty: 494M, Relocated: 0M, In-Place: 0
[2026-05-06T01:32:43.050+0100][6.481s][info][gc,reloc    ] GC(50) Forwarding Usage: 0M
[2026-05-06T01:32:43.050+0100][6.481s][info][gc,heap     ] GC(50) Min Capacity: 8M(0%)
[2026-05-06T01:32:43.050+0100][6.481s][info][gc,heap     ] GC(50) Max Capacity: 4096M(100%)
[2026-05-06T01:32:43.050+0100][6.481s][info][gc,heap     ] GC(50) Soft Max Capacity: 4096M(100%)
[2026-05-06T01:32:43.050+0100][6.481s][info][gc,heap     ] GC(50)                Mark Start          Mark End        Relocate Start      Relocate End           High               Low         
[2026-05-06T01:32:43.050+0100][6.481s][info][gc,heap     ] GC(50)  Capacity:     1522M (37%)        1522M (37%)        1522M (37%)        1522M (37%)        1522M (37%)        1522M (37%)    
[2026-05-06T01:32:43.050+0100][6.481s][info][gc,heap     ] GC(50)      Free:     3356M (82%)        3356M (82%)        3852M (94%)        3854M (94%)        3854M (94%)        3356M (82%)    
[2026-05-06T01:32:43.050+0100][6.481s][info][gc,heap     ] GC(50)      Used:      740M (18%)         740M (18%)         244M (6%)          242M (6%)          740M (18%)         242M (6%)     
[2026-05-06T01:32:43.050+0100][6.481s][info][gc,heap     ] GC(50)      Live:         -               205M (5%)          205M (5%)          205M (5%)             -                  -          
[2026-05-06T01:32:43.050+0100][6.481s][info][gc,heap     ] GC(50) Allocated:         -                 0M (0%)            0M (0%)            0M (0%)             -                  -          
[2026-05-06T01:32:43.050+0100][6.481s][info][gc,heap     ] GC(50)   Garbage:         -               534M (13%)          38M (1%)           36M (1%)             -                  -          
[2026-05-06T01:32:43.050+0100][6.481s][info][gc,heap     ] GC(50) Reclaimed:         -                  -               496M (12%)         498M (12%)            -                  -          
[2026-05-06T01:32:43.050+0100][6.481s][info][gc          ] GC(50) Garbage Collection (System.gc()) 740M(18%)->242M(6%)
[2026-05-06T01:32:43.313+0100][6.743s][info][gc,start    ] GC(51) Garbage Collection (System.gc())
[2026-05-06T01:32:43.313+0100][6.743s][info][gc,task     ] GC(51) Using 3 workers
[2026-05-06T01:32:43.313+0100][6.743s][info][gc,phases   ] GC(51) Pause Mark Start 0.003ms
[2026-05-06T01:32:43.317+0100][6.747s][info][gc,phases   ] GC(51) Concurrent Mark 4.108ms
[2026-05-06T01:32:43.317+0100][6.747s][info][gc,phases   ] GC(51) Pause Mark End 0.004ms
[2026-05-06T01:32:43.317+0100][6.747s][info][gc,phases   ] GC(51) Concurrent Mark Free 0.000ms
[2026-05-06T01:32:43.319+0100][6.749s][info][gc,phases   ] GC(51) Concurrent Process Non-Strong References 1.715ms
[2026-05-06T01:32:43.319+0100][6.749s][info][gc,phases   ] GC(51) Concurrent Reset Relocation Set 0.001ms
[2026-05-06T01:32:43.319+0100][6.750s][info][gc,phases   ] GC(51) Concurrent Select Relocation Set 0.592ms
[2026-05-06T01:32:43.319+0100][6.750s][info][gc,phases   ] GC(51) Pause Relocate Start 0.002ms
[2026-05-06T01:32:43.319+0100][6.750s][info][gc,phases   ] GC(51) Concurrent Relocate 0.190ms
[2026-05-06T01:32:43.319+0100][6.750s][info][gc,load     ] GC(51) Load: 2.87/2.96/3.50
[2026-05-06T01:32:43.319+0100][6.750s][info][gc,mmu      ] GC(51) MMU: 2ms/95.6%, 5ms/98.2%, 10ms/99.1%, 20ms/99.6%, 50ms/99.8%, 100ms/99.9%
[2026-05-06T01:32:43.319+0100][6.750s][info][gc,marking  ] GC(51) Mark: 2 stripe(s), 1 proactive flush(es), 1 terminate flush(es), 0 completion(s), 0 continuation(s) 
[2026-05-06T01:32:43.320+0100][6.750s][info][gc,marking  ] GC(51) Mark Stack Usage: 32M
[2026-05-06T01:32:43.320+0100][6.750s][info][gc,nmethod  ] GC(51) NMethods: 3876 registered, 689 unregistered
[2026-05-06T01:32:43.320+0100][6.750s][info][gc,metaspace] GC(51) Metaspace: 18M used, 19M committed, 1088M reserved
[2026-05-06T01:32:43.320+0100][6.750s][info][gc,ref      ] GC(51) Soft: 4238 encountered, 0 discovered, 0 enqueued
[2026-05-06T01:32:43.320+0100][6.750s][info][gc,ref      ] GC(51) Weak: 2367 encountered, 442 discovered, 0 enqueued
[2026-05-06T01:32:43.320+0100][6.750s][info][gc,ref      ] GC(51) Final: 6 encountered, 6 discovered, 0 enqueued
[2026-05-06T01:32:43.320+0100][6.750s][info][gc,ref      ] GC(51) Phantom: 270 encountered, 170 discovered, 0 enqueued
[2026-05-06T01:32:43.320+0100][6.750s][info][gc,reloc    ] GC(51) Small Pages: 10 / 20M, Empty: 0M, Relocated: 1M, In-Place: 0
[2026-05-06T01:32:43.320+0100][6.750s][info][gc,reloc    ] GC(51) Medium Pages: 1 / 32M, Empty: 0M, Relocated: 0M, In-Place: 0
[2026-05-06T01:32:43.320+0100][6.750s][info][gc,reloc    ] GC(51) Large Pages: 16 / 686M, Empty: 494M, Relocated: 0M, In-Place: 0
[2026-05-06T01:32:43.320+0100][6.750s][info][gc,reloc    ] GC(51) Forwarding Usage: 0M
[2026-05-06T01:32:43.320+0100][6.750s][info][gc,heap     ] GC(51) Min Capacity: 8M(0%)
[2026-05-06T01:32:43.320+0100][6.750s][info][gc,heap     ] GC(51) Max Capacity: 4096M(100%)
[2026-05-06T01:32:43.320+0100][6.750s][info][gc,heap     ] GC(51) Soft Max Capacity: 4096M(100%)
[2026-05-06T01:32:43.320+0100][6.750s][info][gc,heap     ] GC(51)                Mark Start          Mark End        Relocate Start      Relocate End           High               Low         
[2026-05-06T01:32:43.320+0100][6.750s][info][gc,heap     ] GC(51)  Capacity:     1522M (37%)        1522M (37%)        1522M (37%)        1522M (37%)        1522M (37%)        1522M (37%)    
[2026-05-06T01:32:43.320+0100][6.750s][info][gc,heap     ] GC(51)      Free:     3358M (82%)        3358M (82%)        3852M (94%)        3854M (94%)        3854M (94%)        3358M (82%)    
[2026-05-06T01:32:43.320+0100][6.750s][info][gc,heap     ] GC(51)      Used:      738M (18%)         738M (18%)         244M (6%)          242M (6%)          738M (18%)         242M (6%)     
[2026-05-06T01:32:43.320+0100][6.750s][info][gc,heap     ] GC(51)      Live:         -               205M (5%)          205M (5%)          205M (5%)             -                  -          
[2026-05-06T01:32:43.320+0100][6.750s][info][gc,heap     ] GC(51) Allocated:         -                 0M (0%)            0M (0%)            0M (0%)             -                  -          
[2026-05-06T01:32:43.320+0100][6.750s][info][gc,heap     ] GC(51)   Garbage:         -               532M (13%)          38M (1%)           36M (1%)             -                  -          
[2026-05-06T01:32:43.320+0100][6.750s][info][gc,heap     ] GC(51) Reclaimed:         -                  -               494M (12%)         496M (12%)            -                  -          
[2026-05-06T01:32:43.320+0100][6.750s][info][gc          ] GC(51) Garbage Collection (System.gc()) 738M(18%)->242M(6%)
[2026-05-06T01:32:43.580+0100][7.011s][info][gc,start    ] GC(52) Garbage Collection (System.gc())
[2026-05-06T01:32:43.580+0100][7.011s][info][gc,task     ] GC(52) Using 3 workers
[2026-05-06T01:32:43.580+0100][7.011s][info][gc,phases   ] GC(52) Pause Mark Start 0.002ms
[2026-05-06T01:32:43.585+0100][7.015s][info][gc,phases   ] GC(52) Concurrent Mark 4.251ms
[2026-05-06T01:32:43.585+0100][7.015s][info][gc,phases   ] GC(52) Pause Mark End 0.003ms
[2026-05-06T01:32:43.585+0100][7.015s][info][gc,phases   ] GC(52) Concurrent Mark Free 0.000ms
[2026-05-06T01:32:43.586+0100][7.017s][info][gc,phases   ] GC(52) Concurrent Process Non-Strong References 1.794ms
[2026-05-06T01:32:43.586+0100][7.017s][info][gc,phases   ] GC(52) Concurrent Reset Relocation Set 0.001ms
[2026-05-06T01:32:43.587+0100][7.017s][info][gc,phases   ] GC(52) Concurrent Select Relocation Set 0.590ms
[2026-05-06T01:32:43.587+0100][7.018s][info][gc,phases   ] GC(52) Pause Relocate Start 0.003ms
[2026-05-06T01:32:43.587+0100][7.018s][info][gc,phases   ] GC(52) Concurrent Relocate 0.198ms
[2026-05-06T01:32:43.587+0100][7.018s][info][gc,load     ] GC(52) Load: 2.87/2.96/3.50
[2026-05-06T01:32:43.587+0100][7.018s][info][gc,mmu      ] GC(52) MMU: 2ms/95.6%, 5ms/98.2%, 10ms/99.1%, 20ms/99.6%, 50ms/99.8%, 100ms/99.9%
[2026-05-06T01:32:43.587+0100][7.018s][info][gc,marking  ] GC(52) Mark: 2 stripe(s), 1 proactive flush(es), 1 terminate flush(es), 0 completion(s), 0 continuation(s) 
[2026-05-06T01:32:43.587+0100][7.018s][info][gc,marking  ] GC(52) Mark Stack Usage: 32M
[2026-05-06T01:32:43.587+0100][7.018s][info][gc,nmethod  ] GC(52) NMethods: 3880 registered, 690 unregistered
[2026-05-06T01:32:43.587+0100][7.018s][info][gc,metaspace] GC(52) Metaspace: 18M used, 19M committed, 1088M reserved
[2026-05-06T01:32:43.587+0100][7.018s][info][gc,ref      ] GC(52) Soft: 4238 encountered, 0 discovered, 0 enqueued
[2026-05-06T01:32:43.587+0100][7.018s][info][gc,ref      ] GC(52) Weak: 2367 encountered, 973 discovered, 0 enqueued
[2026-05-06T01:32:43.587+0100][7.018s][info][gc,ref      ] GC(52) Final: 6 encountered, 6 discovered, 0 enqueued
[2026-05-06T01:32:43.587+0100][7.018s][info][gc,ref      ] GC(52) Phantom: 270 encountered, 173 discovered, 0 enqueued
[2026-05-06T01:32:43.587+0100][7.018s][info][gc,reloc    ] GC(52) Small Pages: 13 / 26M, Empty: 6M, Relocated: 1M, In-Place: 0
[2026-05-06T01:32:43.587+0100][7.018s][info][gc,reloc    ] GC(52) Medium Pages: 1 / 32M, Empty: 0M, Relocated: 0M, In-Place: 0
[2026-05-06T01:32:43.587+0100][7.018s][info][gc,reloc    ] GC(52) Large Pages: 16 / 686M, Empty: 494M, Relocated: 0M, In-Place: 0
[2026-05-06T01:32:43.587+0100][7.018s][info][gc,reloc    ] GC(52) Forwarding Usage: 0M
[2026-05-06T01:32:43.587+0100][7.018s][info][gc,heap     ] GC(52) Min Capacity: 8M(0%)
[2026-05-06T01:32:43.587+0100][7.018s][info][gc,heap     ] GC(52) Max Capacity: 4096M(100%)
[2026-05-06T01:32:43.587+0100][7.018s][info][gc,heap     ] GC(52) Soft Max Capacity: 4096M(100%)
[2026-05-06T01:32:43.587+0100][7.018s][info][gc,heap     ] GC(52)                Mark Start          Mark End        Relocate Start      Relocate End           High               Low         
[2026-05-06T01:32:43.587+0100][7.018s][info][gc,heap     ] GC(52)  Capacity:     1522M (37%)        1522M (37%)        1522M (37%)        1522M (37%)        1522M (37%)        1522M (37%)    
[2026-05-06T01:32:43.587+0100][7.018s][info][gc,heap     ] GC(52)      Free:     3352M (82%)        3352M (82%)        3852M (94%)        3854M (94%)        3854M (94%)        3352M (82%)    
[2026-05-06T01:32:43.587+0100][7.018s][info][gc,heap     ] GC(52)      Used:      744M (18%)         744M (18%)         244M (6%)          242M (6%)          744M (18%)         242M (6%)     
[2026-05-06T01:32:43.587+0100][7.018s][info][gc,heap     ] GC(52)      Live:         -               205M (5%)          205M (5%)          205M (5%)             -                  -          
[2026-05-06T01:32:43.587+0100][7.018s][info][gc,heap     ] GC(52) Allocated:         -                 0M (0%)            0M (0%)            0M (0%)             -                  -          
[2026-05-06T01:32:43.587+0100][7.018s][info][gc,heap     ] GC(52)   Garbage:         -               538M (13%)          38M (1%)           36M (1%)             -                  -          
[2026-05-06T01:32:43.587+0100][7.018s][info][gc,heap     ] GC(52) Reclaimed:         -                  -               500M (12%)         502M (12%)            -                  -          
[2026-05-06T01:32:43.587+0100][7.018s][info][gc          ] GC(52) Garbage Collection (System.gc()) 744M(18%)->242M(6%)
[2026-05-06T01:32:43.822+0100][7.252s][info][gc,start    ] GC(53) Garbage Collection (System.gc())
[2026-05-06T01:32:43.822+0100][7.252s][info][gc,task     ] GC(53) Using 3 workers
[2026-05-06T01:32:43.822+0100][7.252s][info][gc,phases   ] GC(53) Pause Mark Start 0.003ms
[2026-05-06T01:32:43.826+0100][7.256s][info][gc,phases   ] GC(53) Concurrent Mark 3.815ms
[2026-05-06T01:32:43.826+0100][7.256s][info][gc,phases   ] GC(53) Pause Mark End 0.004ms
[2026-05-06T01:32:43.826+0100][7.256s][info][gc,phases   ] GC(53) Concurrent Mark Free 0.000ms
[2026-05-06T01:32:43.827+0100][7.258s][info][gc,phases   ] GC(53) Concurrent Process Non-Strong References 1.724ms
[2026-05-06T01:32:43.827+0100][7.258s][info][gc,phases   ] GC(53) Concurrent Reset Relocation Set 0.001ms
[2026-05-06T01:32:43.828+0100][7.258s][info][gc,phases   ] GC(53) Concurrent Select Relocation Set 0.592ms
[2026-05-06T01:32:43.828+0100][7.258s][info][gc,phases   ] GC(53) Pause Relocate Start 0.002ms
[2026-05-06T01:32:43.828+0100][7.259s][info][gc,phases   ] GC(53) Concurrent Relocate 0.187ms
[2026-05-06T01:32:43.828+0100][7.259s][info][gc,load     ] GC(53) Load: 2.87/2.96/3.50
[2026-05-06T01:32:43.828+0100][7.259s][info][gc,mmu      ] GC(53) MMU: 2ms/95.6%, 5ms/98.2%, 10ms/99.1%, 20ms/99.6%, 50ms/99.8%, 100ms/99.9%
[2026-05-06T01:32:43.828+0100][7.259s][info][gc,marking  ] GC(53) Mark: 2 stripe(s), 1 proactive flush(es), 1 terminate flush(es), 0 completion(s), 0 continuation(s) 
[2026-05-06T01:32:43.828+0100][7.259s][info][gc,marking  ] GC(53) Mark Stack Usage: 32M
[2026-05-06T01:32:43.828+0100][7.259s][info][gc,nmethod  ] GC(53) NMethods: 3884 registered, 690 unregistered
[2026-05-06T01:32:43.828+0100][7.259s][info][gc,metaspace] GC(53) Metaspace: 18M used, 19M committed, 1088M reserved
[2026-05-06T01:32:43.828+0100][7.259s][info][gc,ref      ] GC(53) Soft: 4238 encountered, 0 discovered, 0 enqueued
[2026-05-06T01:32:43.828+0100][7.259s][info][gc,ref      ] GC(53) Weak: 2367 encountered, 308 discovered, 0 enqueued
[2026-05-06T01:32:43.828+0100][7.259s][info][gc,ref      ] GC(53) Final: 6 encountered, 0 discovered, 0 enqueued
[2026-05-06T01:32:43.828+0100][7.259s][info][gc,ref      ] GC(53) Phantom: 270 encountered, 163 discovered, 0 enqueued
[2026-05-06T01:32:43.828+0100][7.259s][info][gc,reloc    ] GC(53) Small Pages: 12 / 24M, Empty: 4M, Relocated: 1M, In-Place: 0
[2026-05-06T01:32:43.828+0100][7.259s][info][gc,reloc    ] GC(53) Medium Pages: 1 / 32M, Empty: 0M, Relocated: 0M, In-Place: 0
[2026-05-06T01:32:43.828+0100][7.259s][info][gc,reloc    ] GC(53) Large Pages: 16 / 686M, Empty: 494M, Relocated: 0M, In-Place: 0
[2026-05-06T01:32:43.828+0100][7.259s][info][gc,reloc    ] GC(53) Forwarding Usage: 0M
[2026-05-06T01:32:43.828+0100][7.259s][info][gc,heap     ] GC(53) Min Capacity: 8M(0%)
[2026-05-06T01:32:43.828+0100][7.259s][info][gc,heap     ] GC(53) Max Capacity: 4096M(100%)
[2026-05-06T01:32:43.828+0100][7.259s][info][gc,heap     ] GC(53) Soft Max Capacity: 4096M(100%)
[2026-05-06T01:32:43.828+0100][7.259s][info][gc,heap     ] GC(53)                Mark Start          Mark End        Relocate Start      Relocate End           High               Low         
[2026-05-06T01:32:43.828+0100][7.259s][info][gc,heap     ] GC(53)  Capacity:     1522M (37%)        1522M (37%)        1522M (37%)        1522M (37%)        1522M (37%)        1522M (37%)    
[2026-05-06T01:32:43.828+0100][7.259s][info][gc,heap     ] GC(53)      Free:     3354M (82%)        3354M (82%)        3852M (94%)        3854M (94%)        3854M (94%)        3354M (82%)    
[2026-05-06T01:32:43.828+0100][7.259s][info][gc,heap     ] GC(53)      Used:      742M (18%)         742M (18%)         244M (6%)          242M (6%)          742M (18%)         242M (6%)     
[2026-05-06T01:32:43.828+0100][7.259s][info][gc,heap     ] GC(53)      Live:         -               205M (5%)          205M (5%)          205M (5%)             -                  -          
[2026-05-06T01:32:43.828+0100][7.259s][info][gc,heap     ] GC(53) Allocated:         -                 0M (0%)            0M (0%)            0M (0%)             -                  -          
[2026-05-06T01:32:43.828+0100][7.259s][info][gc,heap     ] GC(53)   Garbage:         -               536M (13%)          38M (1%)           36M (1%)             -                  -          
[2026-05-06T01:32:43.828+0100][7.259s][info][gc,heap     ] GC(53) Reclaimed:         -                  -               498M (12%)         500M (12%)            -                  -          
[2026-05-06T01:32:43.828+0100][7.259s][info][gc          ] GC(53) Garbage Collection (System.gc()) 742M(18%)->242M(6%)
[2026-05-06T01:32:43.967+0100][7.398s][info][gc,start    ] GC(54) Garbage Collection (System.gc())
[2026-05-06T01:32:43.967+0100][7.398s][info][gc,task     ] GC(54) Using 3 workers
[2026-05-06T01:32:43.967+0100][7.398s][info][gc,phases   ] GC(54) Pause Mark Start 0.004ms
[2026-05-06T01:32:43.971+0100][7.402s][info][gc,phases   ] GC(54) Concurrent Mark 4.123ms
[2026-05-06T01:32:43.972+0100][7.402s][info][gc,phases   ] GC(54) Pause Mark End 0.004ms
[2026-05-06T01:32:43.972+0100][7.402s][info][gc,phases   ] GC(54) Concurrent Mark Free 0.000ms
[2026-05-06T01:32:43.973+0100][7.404s][info][gc,phases   ] GC(54) Concurrent Process Non-Strong References 1.710ms
[2026-05-06T01:32:43.973+0100][7.404s][info][gc,phases   ] GC(54) Concurrent Reset Relocation Set 0.001ms
[2026-05-06T01:32:43.974+0100][7.404s][info][gc,phases   ] GC(54) Concurrent Select Relocation Set 0.589ms
[2026-05-06T01:32:43.974+0100][7.404s][info][gc,phases   ] GC(54) Pause Relocate Start 0.002ms
[2026-05-06T01:32:43.974+0100][7.405s][info][gc,phases   ] GC(54) Concurrent Relocate 0.204ms
[2026-05-06T01:32:43.974+0100][7.405s][info][gc,load     ] GC(54) Load: 2.87/2.96/3.50
[2026-05-06T01:32:43.974+0100][7.405s][info][gc,mmu      ] GC(54) MMU: 2ms/95.6%, 5ms/98.2%, 10ms/99.1%, 20ms/99.6%, 50ms/99.8%, 100ms/99.9%
[2026-05-06T01:32:43.974+0100][7.405s][info][gc,marking  ] GC(54) Mark: 2 stripe(s), 2 proactive flush(es), 1 terminate flush(es), 0 completion(s), 0 continuation(s) 
[2026-05-06T01:32:43.974+0100][7.405s][info][gc,marking  ] GC(54) Mark Stack Usage: 32M
[2026-05-06T01:32:43.974+0100][7.405s][info][gc,nmethod  ] GC(54) NMethods: 3889 registered, 690 unregistered
[2026-05-06T01:32:43.974+0100][7.405s][info][gc,metaspace] GC(54) Metaspace: 18M used, 19M committed, 1088M reserved
[2026-05-06T01:32:43.974+0100][7.405s][info][gc,ref      ] GC(54) Soft: 4238 encountered, 0 discovered, 0 enqueued
[2026-05-06T01:32:43.974+0100][7.405s][info][gc,ref      ] GC(54) Weak: 2368 encountered, 930 discovered, 0 enqueued
[2026-05-06T01:32:43.974+0100][7.405s][info][gc,ref      ] GC(54) Final: 6 encountered, 6 discovered, 0 enqueued
[2026-05-06T01:32:43.974+0100][7.405s][info][gc,ref      ] GC(54) Phantom: 270 encountered, 175 discovered, 0 enqueued
[2026-05-06T01:32:43.974+0100][7.405s][info][gc,reloc    ] GC(54) Small Pages: 11 / 22M, Empty: 0M, Relocated: 1M, In-Place: 0
[2026-05-06T01:32:43.974+0100][7.405s][info][gc,reloc    ] GC(54) Medium Pages: 1 / 32M, Empty: 0M, Relocated: 0M, In-Place: 0
[2026-05-06T01:32:43.974+0100][7.405s][info][gc,reloc    ] GC(54) Large Pages: 16 / 686M, Empty: 494M, Relocated: 0M, In-Place: 0
[2026-05-06T01:32:43.974+0100][7.405s][info][gc,reloc    ] GC(54) Forwarding Usage: 0M
[2026-05-06T01:32:43.974+0100][7.405s][info][gc,heap     ] GC(54) Min Capacity: 8M(0%)
[2026-05-06T01:32:43.974+0100][7.405s][info][gc,heap     ] GC(54) Max Capacity: 4096M(100%)
[2026-05-06T01:32:43.974+0100][7.405s][info][gc,heap     ] GC(54) Soft Max Capacity: 4096M(100%)
[2026-05-06T01:32:43.974+0100][7.405s][info][gc,heap     ] GC(54)                Mark Start          Mark End        Relocate Start      Relocate End           High               Low         
[2026-05-06T01:32:43.974+0100][7.405s][info][gc,heap     ] GC(54)  Capacity:     1522M (37%)        1522M (37%)        1522M (37%)        1522M (37%)        1522M (37%)        1522M (37%)    
[2026-05-06T01:32:43.974+0100][7.405s][info][gc,heap     ] GC(54)      Free:     3356M (82%)        3356M (82%)        3850M (94%)        3854M (94%)        3854M (94%)        3356M (82%)    
[2026-05-06T01:32:43.974+0100][7.405s][info][gc,heap     ] GC(54)      Used:      740M (18%)         740M (18%)         246M (6%)          242M (6%)          740M (18%)         242M (6%)     
[2026-05-06T01:32:43.974+0100][7.405s][info][gc,heap     ] GC(54)      Live:         -               205M (5%)          205M (5%)          205M (5%)             -                  -          
[2026-05-06T01:32:43.974+0100][7.405s][info][gc,heap     ] GC(54) Allocated:         -                 0M (0%)            0M (0%)            0M (0%)             -                  -          
[2026-05-06T01:32:43.974+0100][7.405s][info][gc,heap     ] GC(54)   Garbage:         -               534M (13%)          40M (1%)           36M (1%)             -                  -          
[2026-05-06T01:32:43.974+0100][7.405s][info][gc,heap     ] GC(54) Reclaimed:         -                  -               494M (12%)         498M (12%)            -                  -          
[2026-05-06T01:32:43.974+0100][7.405s][info][gc          ] GC(54) Garbage Collection (System.gc()) 740M(18%)->242M(6%)
[2026-05-06T01:32:44.113+0100][7.543s][info][gc,start    ] GC(55) Garbage Collection (System.gc())
[2026-05-06T01:32:44.113+0100][7.543s][info][gc,task     ] GC(55) Using 3 workers
[2026-05-06T01:32:44.113+0100][7.543s][info][gc,phases   ] GC(55) Pause Mark Start 0.003ms
[2026-05-06T01:32:44.118+0100][7.548s][info][gc,phases   ] GC(55) Concurrent Mark 4.929ms
[2026-05-06T01:32:44.118+0100][7.548s][info][gc,phases   ] GC(55) Pause Mark End 0.004ms
[2026-05-06T01:32:44.118+0100][7.548s][info][gc,phases   ] GC(55) Concurrent Mark Free 0.000ms
[2026-05-06T01:32:44.119+0100][7.550s][info][gc,phases   ] GC(55) Concurrent Process Non-Strong References 1.755ms
[2026-05-06T01:32:44.119+0100][7.550s][info][gc,phases   ] GC(55) Concurrent Reset Relocation Set 0.001ms
[2026-05-06T01:32:44.120+0100][7.551s][info][gc,phases   ] GC(55) Concurrent Select Relocation Set 0.670ms
[2026-05-06T01:32:44.120+0100][7.551s][info][gc,phases   ] GC(55) Pause Relocate Start 0.003ms
[2026-05-06T01:32:44.120+0100][7.551s][info][gc,phases   ] GC(55) Concurrent Relocate 0.186ms
[2026-05-06T01:32:44.120+0100][7.551s][info][gc,load     ] GC(55) Load: 2.87/2.96/3.50
[2026-05-06T01:32:44.120+0100][7.551s][info][gc,mmu      ] GC(55) MMU: 2ms/95.6%, 5ms/98.2%, 10ms/99.1%, 20ms/99.6%, 50ms/99.8%, 100ms/99.9%
[2026-05-06T01:32:44.120+0100][7.551s][info][gc,marking  ] GC(55) Mark: 2 stripe(s), 2 proactive flush(es), 1 terminate flush(es), 0 completion(s), 0 continuation(s) 
[2026-05-06T01:32:44.120+0100][7.551s][info][gc,marking  ] GC(55) Mark Stack Usage: 32M
[2026-05-06T01:32:44.120+0100][7.551s][info][gc,nmethod  ] GC(55) NMethods: 3889 registered, 690 unregistered
[2026-05-06T01:32:44.120+0100][7.551s][info][gc,metaspace] GC(55) Metaspace: 18M used, 19M committed, 1088M reserved
[2026-05-06T01:32:44.120+0100][7.551s][info][gc,ref      ] GC(55) Soft: 4238 encountered, 0 discovered, 0 enqueued
[2026-05-06T01:32:44.120+0100][7.551s][info][gc,ref      ] GC(55) Weak: 2367 encountered, 246 discovered, 0 enqueued
[2026-05-06T01:32:44.120+0100][7.551s][info][gc,ref      ] GC(55) Final: 6 encountered, 6 discovered, 0 enqueued
[2026-05-06T01:32:44.120+0100][7.551s][info][gc,ref      ] GC(55) Phantom: 270 encountered, 188 discovered, 0 enqueued
[2026-05-06T01:32:44.120+0100][7.551s][info][gc,reloc    ] GC(55) Small Pages: 16 / 32M, Empty: 12M, Relocated: 1M, In-Place: 0
[2026-05-06T01:32:44.120+0100][7.551s][info][gc,reloc    ] GC(55) Medium Pages: 1 / 32M, Empty: 0M, Relocated: 0M, In-Place: 0
[2026-05-06T01:32:44.120+0100][7.551s][info][gc,reloc    ] GC(55) Large Pages: 16 / 686M, Empty: 494M, Relocated: 0M, In-Place: 0
[2026-05-06T01:32:44.120+0100][7.551s][info][gc,reloc    ] GC(55) Forwarding Usage: 0M
[2026-05-06T01:32:44.120+0100][7.551s][info][gc,heap     ] GC(55) Min Capacity: 8M(0%)
[2026-05-06T01:32:44.120+0100][7.551s][info][gc,heap     ] GC(55) Max Capacity: 4096M(100%)
[2026-05-06T01:32:44.120+0100][7.551s][info][gc,heap     ] GC(55) Soft Max Capacity: 4096M(100%)
[2026-05-06T01:32:44.120+0100][7.551s][info][gc,heap     ] GC(55)                Mark Start          Mark End        Relocate Start      Relocate End           High               Low         
[2026-05-06T01:32:44.120+0100][7.551s][info][gc,heap     ] GC(55)  Capacity:     1522M (37%)        1522M (37%)        1522M (37%)        1522M (37%)        1522M (37%)        1522M (37%)    
[2026-05-06T01:32:44.120+0100][7.551s][info][gc,heap     ] GC(55)      Free:     3346M (82%)        3346M (82%)        3852M (94%)        3854M (94%)        3854M (94%)        3346M (82%)    
[2026-05-06T01:32:44.120+0100][7.551s][info][gc,heap     ] GC(55)      Used:      750M (18%)         750M (18%)         244M (6%)          242M (6%)          750M (18%)         242M (6%)     
[2026-05-06T01:32:44.120+0100][7.551s][info][gc,heap     ] GC(55)      Live:         -               205M (5%)          205M (5%)          205M (5%)             -                  -          
[2026-05-06T01:32:44.120+0100][7.551s][info][gc,heap     ] GC(55) Allocated:         -                 0M (0%)            0M (0%)            0M (0%)             -                  -          
[2026-05-06T01:32:44.120+0100][7.551s][info][gc,heap     ] GC(55)   Garbage:         -               544M (13%)          38M (1%)           36M (1%)             -                  -          
[2026-05-06T01:32:44.120+0100][7.551s][info][gc,heap     ] GC(55) Reclaimed:         -                  -               506M (12%)         508M (12%)            -                  -          
[2026-05-06T01:32:44.120+0100][7.551s][info][gc          ] GC(55) Garbage Collection (System.gc()) 750M(18%)->242M(6%)
[2026-05-06T01:32:44.257+0100][7.688s][info][gc,start    ] GC(56) Garbage Collection (System.gc())
[2026-05-06T01:32:44.257+0100][7.688s][info][gc,task     ] GC(56) Using 3 workers
[2026-05-06T01:32:44.257+0100][7.688s][info][gc,phases   ] GC(56) Pause Mark Start 0.003ms
[2026-05-06T01:32:44.261+0100][7.692s][info][gc,phases   ] GC(56) Concurrent Mark 3.953ms
[2026-05-06T01:32:44.261+0100][7.692s][info][gc,phases   ] GC(56) Pause Mark End 0.003ms
[2026-05-06T01:32:44.261+0100][7.692s][info][gc,phases   ] GC(56) Concurrent Mark Free 0.000ms
[2026-05-06T01:32:44.263+0100][7.694s][info][gc,phases   ] GC(56) Concurrent Process Non-Strong References 1.695ms
[2026-05-06T01:32:44.263+0100][7.694s][info][gc,phases   ] GC(56) Concurrent Reset Relocation Set 0.001ms
[2026-05-06T01:32:44.264+0100][7.694s][info][gc,phases   ] GC(56) Concurrent Select Relocation Set 0.627ms
[2026-05-06T01:32:44.264+0100][7.694s][info][gc,phases   ] GC(56) Pause Relocate Start 0.002ms
[2026-05-06T01:32:44.264+0100][7.694s][info][gc,phases   ] GC(56) Concurrent Relocate 0.189ms
[2026-05-06T01:32:44.264+0100][7.695s][info][gc,load     ] GC(56) Load: 2.87/2.96/3.50
[2026-05-06T01:32:44.264+0100][7.695s][info][gc,mmu      ] GC(56) MMU: 2ms/95.6%, 5ms/98.2%, 10ms/99.1%, 20ms/99.6%, 50ms/99.8%, 100ms/99.9%
[2026-05-06T01:32:44.264+0100][7.695s][info][gc,marking  ] GC(56) Mark: 2 stripe(s), 1 proactive flush(es), 1 terminate flush(es), 0 completion(s), 0 continuation(s) 
[2026-05-06T01:32:44.264+0100][7.695s][info][gc,marking  ] GC(56) Mark Stack Usage: 32M
[2026-05-06T01:32:44.264+0100][7.695s][info][gc,nmethod  ] GC(56) NMethods: 3898 registered, 691 unregistered
[2026-05-06T01:32:44.264+0100][7.695s][info][gc,metaspace] GC(56) Metaspace: 18M used, 19M committed, 1088M reserved
[2026-05-06T01:32:44.264+0100][7.695s][info][gc,ref      ] GC(56) Soft: 4238 encountered, 0 discovered, 0 enqueued
[2026-05-06T01:32:44.264+0100][7.695s][info][gc,ref      ] GC(56) Weak: 2367 encountered, 580 discovered, 0 enqueued
[2026-05-06T01:32:44.264+0100][7.695s][info][gc,ref      ] GC(56) Final: 6 encountered, 6 discovered, 0 enqueued
[2026-05-06T01:32:44.264+0100][7.695s][info][gc,ref      ] GC(56) Phantom: 270 encountered, 193 discovered, 0 enqueued
[2026-05-06T01:32:44.264+0100][7.695s][info][gc,reloc    ] GC(56) Small Pages: 15 / 30M, Empty: 8M, Relocated: 1M, In-Place: 0
[2026-05-06T01:32:44.264+0100][7.695s][info][gc,reloc    ] GC(56) Medium Pages: 1 / 32M, Empty: 0M, Relocated: 0M, In-Place: 0
[2026-05-06T01:32:44.264+0100][7.695s][info][gc,reloc    ] GC(56) Large Pages: 16 / 686M, Empty: 494M, Relocated: 0M, In-Place: 0
[2026-05-06T01:32:44.264+0100][7.695s][info][gc,reloc    ] GC(56) Forwarding Usage: 0M
[2026-05-06T01:32:44.264+0100][7.695s][info][gc,heap     ] GC(56) Min Capacity: 8M(0%)
[2026-05-06T01:32:44.264+0100][7.695s][info][gc,heap     ] GC(56) Max Capacity: 4096M(100%)
[2026-05-06T01:32:44.264+0100][7.695s][info][gc,heap     ] GC(56) Soft Max Capacity: 4096M(100%)
[2026-05-06T01:32:44.264+0100][7.695s][info][gc,heap     ] GC(56)                Mark Start          Mark End        Relocate Start      Relocate End           High               Low         
[2026-05-06T01:32:44.264+0100][7.695s][info][gc,heap     ] GC(56)  Capacity:     1522M (37%)        1522M (37%)        1522M (37%)        1522M (37%)        1522M (37%)        1522M (37%)    
[2026-05-06T01:32:44.264+0100][7.695s][info][gc,heap     ] GC(56)      Free:     3348M (82%)        3348M (82%)        3850M (94%)        3854M (94%)        3854M (94%)        3348M (82%)    
[2026-05-06T01:32:44.264+0100][7.695s][info][gc,heap     ] GC(56)      Used:      748M (18%)         748M (18%)         246M (6%)          242M (6%)          748M (18%)         242M (6%)     
[2026-05-06T01:32:44.264+0100][7.695s][info][gc,heap     ] GC(56)      Live:         -               205M (5%)          205M (5%)          205M (5%)             -                  -          
[2026-05-06T01:32:44.264+0100][7.695s][info][gc,heap     ] GC(56) Allocated:         -                 0M (0%)            0M (0%)            0M (0%)             -                  -          
[2026-05-06T01:32:44.264+0100][7.695s][info][gc,heap     ] GC(56)   Garbage:         -               542M (13%)          40M (1%)           36M (1%)             -                  -          
[2026-05-06T01:32:44.264+0100][7.695s][info][gc,heap     ] GC(56) Reclaimed:         -                  -               502M (12%)         506M (12%)            -                  -          
[2026-05-06T01:32:44.264+0100][7.695s][info][gc          ] GC(56) Garbage Collection (System.gc()) 748M(18%)->242M(6%)
[2026-05-06T01:32:44.377+0100][7.808s][info][gc,start    ] GC(57) Garbage Collection (System.gc())
[2026-05-06T01:32:44.377+0100][7.808s][info][gc,task     ] GC(57) Using 3 workers
[2026-05-06T01:32:44.377+0100][7.808s][info][gc,phases   ] GC(57) Pause Mark Start 0.006ms
[2026-05-06T01:32:44.381+0100][7.812s][info][gc,phases   ] GC(57) Concurrent Mark 3.950ms
[2026-05-06T01:32:44.381+0100][7.812s][info][gc,phases   ] GC(57) Pause Mark End 0.003ms
[2026-05-06T01:32:44.381+0100][7.812s][info][gc,phases   ] GC(57) Concurrent Mark Free 0.000ms
[2026-05-06T01:32:44.383+0100][7.813s][info][gc,phases   ] GC(57) Concurrent Process Non-Strong References 1.714ms
[2026-05-06T01:32:44.383+0100][7.813s][info][gc,phases   ] GC(57) Concurrent Reset Relocation Set 0.001ms
[2026-05-06T01:32:44.384+0100][7.814s][info][gc,phases   ] GC(57) Concurrent Select Relocation Set 0.589ms
[2026-05-06T01:32:44.384+0100][7.814s][info][gc,phases   ] GC(57) Pause Relocate Start 0.002ms
[2026-05-06T01:32:44.384+0100][7.814s][info][gc,phases   ] GC(57) Concurrent Relocate 0.184ms
[2026-05-06T01:32:44.384+0100][7.814s][info][gc,load     ] GC(57) Load: 2.87/2.96/3.50
[2026-05-06T01:32:44.384+0100][7.814s][info][gc,mmu      ] GC(57) MMU: 2ms/95.6%, 5ms/98.2%, 10ms/99.1%, 20ms/99.6%, 50ms/99.8%, 100ms/99.9%
[2026-05-06T01:32:44.384+0100][7.814s][info][gc,marking  ] GC(57) Mark: 2 stripe(s), 1 proactive flush(es), 1 terminate flush(es), 0 completion(s), 0 continuation(s) 
[2026-05-06T01:32:44.384+0100][7.814s][info][gc,marking  ] GC(57) Mark Stack Usage: 32M
[2026-05-06T01:32:44.384+0100][7.814s][info][gc,nmethod  ] GC(57) NMethods: 3898 registered, 694 unregistered
[2026-05-06T01:32:44.384+0100][7.814s][info][gc,metaspace] GC(57) Metaspace: 18M used, 19M committed, 1088M reserved
[2026-05-06T01:32:44.384+0100][7.814s][info][gc,ref      ] GC(57) Soft: 4238 encountered, 0 discovered, 0 enqueued
[2026-05-06T01:32:44.384+0100][7.814s][info][gc,ref      ] GC(57) Weak: 2367 encountered, 942 discovered, 0 enqueued
[2026-05-06T01:32:44.384+0100][7.814s][info][gc,ref      ] GC(57) Final: 6 encountered, 0 discovered, 0 enqueued
[2026-05-06T01:32:44.384+0100][7.814s][info][gc,ref      ] GC(57) Phantom: 270 encountered, 140 discovered, 0 enqueued
[2026-05-06T01:32:44.384+0100][7.814s][info][gc,reloc    ] GC(57) Small Pages: 13 / 26M, Empty: 6M, Relocated: 1M, In-Place: 0
[2026-05-06T01:32:44.384+0100][7.814s][info][gc,reloc    ] GC(57) Medium Pages: 1 / 32M, Empty: 0M, Relocated: 0M, In-Place: 0
[2026-05-06T01:32:44.384+0100][7.814s][info][gc,reloc    ] GC(57) Large Pages: 16 / 686M, Empty: 494M, Relocated: 0M, In-Place: 0
[2026-05-06T01:32:44.384+0100][7.814s][info][gc,reloc    ] GC(57) Forwarding Usage: 0M
[2026-05-06T01:32:44.384+0100][7.814s][info][gc,heap     ] GC(57) Min Capacity: 8M(0%)
[2026-05-06T01:32:44.384+0100][7.814s][info][gc,heap     ] GC(57) Max Capacity: 4096M(100%)
[2026-05-06T01:32:44.384+0100][7.814s][info][gc,heap     ] GC(57) Soft Max Capacity: 4096M(100%)
[2026-05-06T01:32:44.384+0100][7.814s][info][gc,heap     ] GC(57)                Mark Start          Mark End        Relocate Start      Relocate End           High               Low         
[2026-05-06T01:32:44.384+0100][7.814s][info][gc,heap     ] GC(57)  Capacity:     1522M (37%)        1522M (37%)        1522M (37%)        1522M (37%)        1522M (37%)        1522M (37%)    
[2026-05-06T01:32:44.384+0100][7.814s][info][gc,heap     ] GC(57)      Free:     3352M (82%)        3352M (82%)        3852M (94%)        3854M (94%)        3854M (94%)        3352M (82%)    
[2026-05-06T01:32:44.384+0100][7.814s][info][gc,heap     ] GC(57)      Used:      744M (18%)         744M (18%)         244M (6%)          242M (6%)          744M (18%)         242M (6%)     
[2026-05-06T01:32:44.384+0100][7.814s][info][gc,heap     ] GC(57)      Live:         -               205M (5%)          205M (5%)          205M (5%)             -                  -          
[2026-05-06T01:32:44.384+0100][7.814s][info][gc,heap     ] GC(57) Allocated:         -                 0M (0%)            0M (0%)            0M (0%)             -                  -          
[2026-05-06T01:32:44.384+0100][7.814s][info][gc,heap     ] GC(57)   Garbage:         -               538M (13%)          38M (1%)           36M (1%)             -                  -          
[2026-05-06T01:32:44.384+0100][7.814s][info][gc,heap     ] GC(57) Reclaimed:         -                  -               500M (12%)         502M (12%)            -                  -          
[2026-05-06T01:32:44.384+0100][7.814s][info][gc          ] GC(57) Garbage Collection (System.gc()) 744M(18%)->242M(6%)
[2026-05-06T01:32:44.496+0100][7.926s][info][gc,start    ] GC(58) Garbage Collection (System.gc())
[2026-05-06T01:32:44.496+0100][7.926s][info][gc,task     ] GC(58) Using 3 workers
[2026-05-06T01:32:44.496+0100][7.926s][info][gc,phases   ] GC(58) Pause Mark Start 0.003ms
[2026-05-06T01:32:44.500+0100][7.930s][info][gc,phases   ] GC(58) Concurrent Mark 3.917ms
[2026-05-06T01:32:44.500+0100][7.930s][info][gc,phases   ] GC(58) Pause Mark End 0.004ms
[2026-05-06T01:32:44.500+0100][7.930s][info][gc,phases   ] GC(58) Concurrent Mark Free 0.000ms
[2026-05-06T01:32:44.501+0100][7.932s][info][gc,phases   ] GC(58) Concurrent Process Non-Strong References 1.660ms
[2026-05-06T01:32:44.501+0100][7.932s][info][gc,phases   ] GC(58) Concurrent Reset Relocation Set 0.000ms
[2026-05-06T01:32:44.502+0100][7.933s][info][gc,phases   ] GC(58) Concurrent Select Relocation Set 0.646ms
[2026-05-06T01:32:44.502+0100][7.933s][info][gc,phases   ] GC(58) Pause Relocate Start 0.002ms
[2026-05-06T01:32:44.502+0100][7.933s][info][gc,phases   ] GC(58) Concurrent Relocate 0.193ms
[2026-05-06T01:32:44.502+0100][7.933s][info][gc,load     ] GC(58) Load: 2.87/2.96/3.50
[2026-05-06T01:32:44.502+0100][7.933s][info][gc,mmu      ] GC(58) MMU: 2ms/95.6%, 5ms/98.2%, 10ms/99.1%, 20ms/99.6%, 50ms/99.8%, 100ms/99.9%
[2026-05-06T01:32:44.502+0100][7.933s][info][gc,marking  ] GC(58) Mark: 2 stripe(s), 2 proactive flush(es), 1 terminate flush(es), 0 completion(s), 0 continuation(s) 
[2026-05-06T01:32:44.502+0100][7.933s][info][gc,marking  ] GC(58) Mark Stack Usage: 32M
[2026-05-06T01:32:44.502+0100][7.933s][info][gc,nmethod  ] GC(58) NMethods: 3899 registered, 695 unregistered
[2026-05-06T01:32:44.502+0100][7.933s][info][gc,metaspace] GC(58) Metaspace: 18M used, 19M committed, 1088M reserved
[2026-05-06T01:32:44.502+0100][7.933s][info][gc,ref      ] GC(58) Soft: 4238 encountered, 0 discovered, 0 enqueued
[2026-05-06T01:32:44.502+0100][7.933s][info][gc,ref      ] GC(58) Weak: 2368 encountered, 281 discovered, 0 enqueued
[2026-05-06T01:32:44.502+0100][7.933s][info][gc,ref      ] GC(58) Final: 6 encountered, 6 discovered, 0 enqueued
[2026-05-06T01:32:44.502+0100][7.933s][info][gc,ref      ] GC(58) Phantom: 270 encountered, 174 discovered, 0 enqueued
[2026-05-06T01:32:44.502+0100][7.933s][info][gc,reloc    ] GC(58) Small Pages: 23 / 46M, Empty: 22M, Relocated: 1M, In-Place: 0
[2026-05-06T01:32:44.502+0100][7.933s][info][gc,reloc    ] GC(58) Medium Pages: 1 / 32M, Empty: 0M, Relocated: 0M, In-Place: 0
[2026-05-06T01:32:44.502+0100][7.933s][info][gc,reloc    ] GC(58) Large Pages: 16 / 686M, Empty: 494M, Relocated: 0M, In-Place: 0
[2026-05-06T01:32:44.502+0100][7.933s][info][gc,reloc    ] GC(58) Forwarding Usage: 0M
[2026-05-06T01:32:44.502+0100][7.933s][info][gc,heap     ] GC(58) Min Capacity: 8M(0%)
[2026-05-06T01:32:44.502+0100][7.933s][info][gc,heap     ] GC(58) Max Capacity: 4096M(100%)
[2026-05-06T01:32:44.502+0100][7.933s][info][gc,heap     ] GC(58) Soft Max Capacity: 4096M(100%)
[2026-05-06T01:32:44.502+0100][7.933s][info][gc,heap     ] GC(58)                Mark Start          Mark End        Relocate Start      Relocate End           High               Low         
[2026-05-06T01:32:44.502+0100][7.933s][info][gc,heap     ] GC(58)  Capacity:     1522M (37%)        1522M (37%)        1522M (37%)        1522M (37%)        1522M (37%)        1522M (37%)    
[2026-05-06T01:32:44.502+0100][7.933s][info][gc,heap     ] GC(58)      Free:     3332M (81%)        3332M (81%)        3848M (94%)        3854M (94%)        3854M (94%)        3332M (81%)    
[2026-05-06T01:32:44.502+0100][7.933s][info][gc,heap     ] GC(58)      Used:      764M (19%)         764M (19%)         248M (6%)          242M (6%)          764M (19%)         242M (6%)     
[2026-05-06T01:32:44.502+0100][7.933s][info][gc,heap     ] GC(58)      Live:         -               205M (5%)          205M (5%)          205M (5%)             -                  -          
[2026-05-06T01:32:44.502+0100][7.933s][info][gc,heap     ] GC(58) Allocated:         -                 0M (0%)            0M (0%)            0M (0%)             -                  -          
[2026-05-06T01:32:44.502+0100][7.933s][info][gc,heap     ] GC(58)   Garbage:         -               558M (14%)          42M (1%)           36M (1%)             -                  -          
[2026-05-06T01:32:44.502+0100][7.933s][info][gc,heap     ] GC(58) Reclaimed:         -                  -               516M (13%)         522M (13%)            -                  -          
[2026-05-06T01:32:44.502+0100][7.933s][info][gc          ] GC(58) Garbage Collection (System.gc()) 764M(19%)->242M(6%)
[2026-05-06T01:32:44.613+0100][8.043s][info][gc,start    ] GC(59) Garbage Collection (System.gc())
[2026-05-06T01:32:44.613+0100][8.043s][info][gc,task     ] GC(59) Using 3 workers
[2026-05-06T01:32:44.613+0100][8.043s][info][gc,phases   ] GC(59) Pause Mark Start 0.003ms
[2026-05-06T01:32:44.617+0100][8.047s][info][gc,phases   ] GC(59) Concurrent Mark 3.925ms
[2026-05-06T01:32:44.617+0100][8.047s][info][gc,phases   ] GC(59) Pause Mark End 0.003ms
[2026-05-06T01:32:44.617+0100][8.047s][info][gc,phases   ] GC(59) Concurrent Mark Free 0.000ms
[2026-05-06T01:32:44.618+0100][8.049s][info][gc,phases   ] GC(59) Concurrent Process Non-Strong References 1.724ms
[2026-05-06T01:32:44.618+0100][8.049s][info][gc,phases   ] GC(59) Concurrent Reset Relocation Set 0.001ms
[2026-05-06T01:32:44.619+0100][8.049s][info][gc,phases   ] GC(59) Concurrent Select Relocation Set 0.594ms
[2026-05-06T01:32:44.619+0100][8.049s][info][gc,phases   ] GC(59) Pause Relocate Start 0.002ms
[2026-05-06T01:32:44.619+0100][8.050s][info][gc,phases   ] GC(59) Concurrent Relocate 0.179ms
[2026-05-06T01:32:44.619+0100][8.050s][info][gc,load     ] GC(59) Load: 2.87/2.96/3.50
[2026-05-06T01:32:44.619+0100][8.050s][info][gc,mmu      ] GC(59) MMU: 2ms/95.6%, 5ms/98.2%, 10ms/99.1%, 20ms/99.6%, 50ms/99.8%, 100ms/99.9%
[2026-05-06T01:32:44.619+0100][8.050s][info][gc,marking  ] GC(59) Mark: 2 stripe(s), 1 proactive flush(es), 1 terminate flush(es), 0 completion(s), 0 continuation(s) 
[2026-05-06T01:32:44.619+0100][8.050s][info][gc,marking  ] GC(59) Mark Stack Usage: 32M
[2026-05-06T01:32:44.619+0100][8.050s][info][gc,nmethod  ] GC(59) NMethods: 3899 registered, 696 unregistered
[2026-05-06T01:32:44.619+0100][8.050s][info][gc,metaspace] GC(59) Metaspace: 18M used, 19M committed, 1088M reserved
[2026-05-06T01:32:44.619+0100][8.050s][info][gc,ref      ] GC(59) Soft: 4238 encountered, 0 discovered, 0 enqueued
[2026-05-06T01:32:44.619+0100][8.050s][info][gc,ref      ] GC(59) Weak: 2367 encountered, 993 discovered, 0 enqueued
[2026-05-06T01:32:44.619+0100][8.050s][info][gc,ref      ] GC(59) Final: 6 encountered, 6 discovered, 0 enqueued
[2026-05-06T01:32:44.619+0100][8.050s][info][gc,ref      ] GC(59) Phantom: 270 encountered, 203 discovered, 0 enqueued
[2026-05-06T01:32:44.619+0100][8.050s][info][gc,reloc    ] GC(59) Small Pages: 20 / 40M, Empty: 20M, Relocated: 1M, In-Place: 0
[2026-05-06T01:32:44.619+0100][8.050s][info][gc,reloc    ] GC(59) Medium Pages: 1 / 32M, Empty: 0M, Relocated: 0M, In-Place: 0
[2026-05-06T01:32:44.619+0100][8.050s][info][gc,reloc    ] GC(59) Large Pages: 16 / 686M, Empty: 494M, Relocated: 0M, In-Place: 0
[2026-05-06T01:32:44.619+0100][8.050s][info][gc,reloc    ] GC(59) Forwarding Usage: 0M
[2026-05-06T01:32:44.619+0100][8.050s][info][gc,heap     ] GC(59) Min Capacity: 8M(0%)
[2026-05-06T01:32:44.619+0100][8.050s][info][gc,heap     ] GC(59) Max Capacity: 4096M(100%)
[2026-05-06T01:32:44.619+0100][8.050s][info][gc,heap     ] GC(59) Soft Max Capacity: 4096M(100%)
[2026-05-06T01:32:44.619+0100][8.050s][info][gc,heap     ] GC(59)                Mark Start          Mark End        Relocate Start      Relocate End           High               Low         
[2026-05-06T01:32:44.619+0100][8.050s][info][gc,heap     ] GC(59)  Capacity:     1522M (37%)        1522M (37%)        1522M (37%)        1522M (37%)        1522M (37%)        1522M (37%)    
[2026-05-06T01:32:44.619+0100][8.050s][info][gc,heap     ] GC(59)      Free:     3338M (81%)        3338M (81%)        3852M (94%)        3854M (94%)        3854M (94%)        3338M (81%)    
[2026-05-06T01:32:44.619+0100][8.050s][info][gc,heap     ] GC(59)      Used:      758M (19%)         758M (19%)         244M (6%)          242M (6%)          758M (19%)         242M (6%)     
[2026-05-06T01:32:44.619+0100][8.050s][info][gc,heap     ] GC(59)      Live:         -               205M (5%)          205M (5%)          205M (5%)             -                  -          
[2026-05-06T01:32:44.619+0100][8.050s][info][gc,heap     ] GC(59) Allocated:         -                 0M (0%)            0M (0%)            0M (0%)             -                  -          
[2026-05-06T01:32:44.619+0100][8.050s][info][gc,heap     ] GC(59)   Garbage:         -               552M (13%)          38M (1%)           36M (1%)             -                  -          
[2026-05-06T01:32:44.619+0100][8.050s][info][gc,heap     ] GC(59) Reclaimed:         -                  -               514M (13%)         516M (13%)            -                  -          
[2026-05-06T01:32:44.619+0100][8.050s][info][gc          ] GC(59) Garbage Collection (System.gc()) 758M(19%)->242M(6%)
[2026-05-06T01:32:44.725+0100][8.156s][info][gc,start    ] GC(60) Garbage Collection (System.gc())
[2026-05-06T01:32:44.725+0100][8.156s][info][gc,task     ] GC(60) Using 3 workers
[2026-05-06T01:32:44.725+0100][8.156s][info][gc,phases   ] GC(60) Pause Mark Start 0.003ms
[2026-05-06T01:32:44.729+0100][8.159s][info][gc,phases   ] GC(60) Concurrent Mark 3.724ms
[2026-05-06T01:32:44.729+0100][8.159s][info][gc,phases   ] GC(60) Pause Mark End 0.003ms
[2026-05-06T01:32:44.729+0100][8.159s][info][gc,phases   ] GC(60) Concurrent Mark Free 0.000ms
[2026-05-06T01:32:44.731+0100][8.161s][info][gc,phases   ] GC(60) Concurrent Process Non-Strong References 1.709ms
[2026-05-06T01:32:44.731+0100][8.161s][info][gc,phases   ] GC(60) Concurrent Reset Relocation Set 0.001ms
[2026-05-06T01:32:44.731+0100][8.162s][info][gc,phases   ] GC(60) Concurrent Select Relocation Set 0.666ms
[2026-05-06T01:32:44.731+0100][8.162s][info][gc,phases   ] GC(60) Pause Relocate Start 0.002ms
[2026-05-06T01:32:44.732+0100][8.162s][info][gc,phases   ] GC(60) Concurrent Relocate 0.188ms
[2026-05-06T01:32:44.732+0100][8.162s][info][gc,load     ] GC(60) Load: 2.87/2.96/3.50
[2026-05-06T01:32:44.732+0100][8.162s][info][gc,mmu      ] GC(60) MMU: 2ms/95.6%, 5ms/98.2%, 10ms/99.1%, 20ms/99.6%, 50ms/99.8%, 100ms/99.9%
[2026-05-06T01:32:44.732+0100][8.162s][info][gc,marking  ] GC(60) Mark: 2 stripe(s), 1 proactive flush(es), 1 terminate flush(es), 0 completion(s), 0 continuation(s) 
[2026-05-06T01:32:44.732+0100][8.162s][info][gc,marking  ] GC(60) Mark Stack Usage: 32M
[2026-05-06T01:32:44.732+0100][8.162s][info][gc,nmethod  ] GC(60) NMethods: 3899 registered, 703 unregistered
[2026-05-06T01:32:44.732+0100][8.162s][info][gc,metaspace] GC(60) Metaspace: 18M used, 19M committed, 1088M reserved
[2026-05-06T01:32:44.732+0100][8.162s][info][gc,ref      ] GC(60) Soft: 4238 encountered, 0 discovered, 0 enqueued
[2026-05-06T01:32:44.732+0100][8.162s][info][gc,ref      ] GC(60) Weak: 2367 encountered, 397 discovered, 0 enqueued
[2026-05-06T01:32:44.732+0100][8.162s][info][gc,ref      ] GC(60) Final: 6 encountered, 0 discovered, 0 enqueued
[2026-05-06T01:32:44.732+0100][8.162s][info][gc,ref      ] GC(60) Phantom: 270 encountered, 193 discovered, 0 enqueued
[2026-05-06T01:32:44.732+0100][8.162s][info][gc,reloc    ] GC(60) Small Pages: 14 / 28M, Empty: 8M, Relocated: 1M, In-Place: 0
[2026-05-06T01:32:44.732+0100][8.162s][info][gc,reloc    ] GC(60) Medium Pages: 1 / 32M, Empty: 0M, Relocated: 0M, In-Place: 0
[2026-05-06T01:32:44.732+0100][8.162s][info][gc,reloc    ] GC(60) Large Pages: 16 / 686M, Empty: 494M, Relocated: 0M, In-Place: 0
[2026-05-06T01:32:44.732+0100][8.162s][info][gc,reloc    ] GC(60) Forwarding Usage: 0M
[2026-05-06T01:32:44.732+0100][8.162s][info][gc,heap     ] GC(60) Min Capacity: 8M(0%)
[2026-05-06T01:32:44.732+0100][8.162s][info][gc,heap     ] GC(60) Max Capacity: 4096M(100%)
[2026-05-06T01:32:44.732+0100][8.162s][info][gc,heap     ] GC(60) Soft Max Capacity: 4096M(100%)
[2026-05-06T01:32:44.732+0100][8.162s][info][gc,heap     ] GC(60)                Mark Start          Mark End        Relocate Start      Relocate End           High               Low         
[2026-05-06T01:32:44.732+0100][8.162s][info][gc,heap     ] GC(60)  Capacity:     1522M (37%)        1522M (37%)        1522M (37%)        1522M (37%)        1522M (37%)        1522M (37%)    
[2026-05-06T01:32:44.732+0100][8.162s][info][gc,heap     ] GC(60)      Free:     3350M (82%)        3350M (82%)        3852M (94%)        3854M (94%)        3854M (94%)        3350M (82%)    
[2026-05-06T01:32:44.732+0100][8.162s][info][gc,heap     ] GC(60)      Used:      746M (18%)         746M (18%)         244M (6%)          242M (6%)          746M (18%)         242M (6%)     
[2026-05-06T01:32:44.732+0100][8.162s][info][gc,heap     ] GC(60)      Live:         -               205M (5%)          205M (5%)          205M (5%)             -                  -          
[2026-05-06T01:32:44.732+0100][8.162s][info][gc,heap     ] GC(60) Allocated:         -                 0M (0%)            0M (0%)            0M (0%)             -                  -          
[2026-05-06T01:32:44.732+0100][8.162s][info][gc,heap     ] GC(60)   Garbage:         -               540M (13%)          38M (1%)           36M (1%)             -                  -          
[2026-05-06T01:32:44.732+0100][8.162s][info][gc,heap     ] GC(60) Reclaimed:         -                  -               502M (12%)         504M (12%)            -                  -          
[2026-05-06T01:32:44.732+0100][8.162s][info][gc          ] GC(60) Garbage Collection (System.gc()) 746M(18%)->242M(6%)
[2026-05-06T01:32:44.837+0100][8.268s][info][gc,start    ] GC(61) Garbage Collection (System.gc())
[2026-05-06T01:32:44.837+0100][8.268s][info][gc,task     ] GC(61) Using 3 workers
[2026-05-06T01:32:44.837+0100][8.268s][info][gc,phases   ] GC(61) Pause Mark Start 0.003ms
[2026-05-06T01:32:44.841+0100][8.272s][info][gc,phases   ] GC(61) Concurrent Mark 4.209ms
[2026-05-06T01:32:44.841+0100][8.272s][info][gc,phases   ] GC(61) Pause Mark End 0.003ms
[2026-05-06T01:32:44.841+0100][8.272s][info][gc,phases   ] GC(61) Concurrent Mark Free 0.000ms
[2026-05-06T01:32:44.843+0100][8.274s][info][gc,phases   ] GC(61) Concurrent Process Non-Strong References 1.831ms
[2026-05-06T01:32:44.843+0100][8.274s][info][gc,phases   ] GC(61) Concurrent Reset Relocation Set 0.000ms
[2026-05-06T01:32:44.844+0100][8.274s][info][gc,phases   ] GC(61) Concurrent Select Relocation Set 0.631ms
[2026-05-06T01:32:44.844+0100][8.274s][info][gc,phases   ] GC(61) Pause Relocate Start 0.002ms
[2026-05-06T01:32:44.844+0100][8.275s][info][gc,phases   ] GC(61) Concurrent Relocate 0.188ms
[2026-05-06T01:32:44.844+0100][8.275s][info][gc,load     ] GC(61) Load: 2.87/2.96/3.50
[2026-05-06T01:32:44.844+0100][8.275s][info][gc,mmu      ] GC(61) MMU: 2ms/95.6%, 5ms/98.2%, 10ms/99.1%, 20ms/99.6%, 50ms/99.8%, 100ms/99.9%
[2026-05-06T01:32:44.844+0100][8.275s][info][gc,marking  ] GC(61) Mark: 2 stripe(s), 2 proactive flush(es), 1 terminate flush(es), 0 completion(s), 0 continuation(s) 
[2026-05-06T01:32:44.844+0100][8.275s][info][gc,marking  ] GC(61) Mark Stack Usage: 32M
[2026-05-06T01:32:44.844+0100][8.275s][info][gc,nmethod  ] GC(61) NMethods: 3900 registered, 706 unregistered
[2026-05-06T01:32:44.844+0100][8.275s][info][gc,metaspace] GC(61) Metaspace: 18M used, 19M committed, 1088M reserved
[2026-05-06T01:32:44.844+0100][8.275s][info][gc,ref      ] GC(61) Soft: 4238 encountered, 0 discovered, 0 enqueued
[2026-05-06T01:32:44.844+0100][8.275s][info][gc,ref      ] GC(61) Weak: 2368 encountered, 1091 discovered, 0 enqueued
[2026-05-06T01:32:44.844+0100][8.275s][info][gc,ref      ] GC(61) Final: 6 encountered, 6 discovered, 0 enqueued
[2026-05-06T01:32:44.844+0100][8.275s][info][gc,ref      ] GC(61) Phantom: 270 encountered, 177 discovered, 0 enqueued
[2026-05-06T01:32:44.844+0100][8.275s][info][gc,reloc    ] GC(61) Small Pages: 28 / 56M, Empty: 30M, Relocated: 1M, In-Place: 0
[2026-05-06T01:32:44.844+0100][8.275s][info][gc,reloc    ] GC(61) Medium Pages: 1 / 32M, Empty: 0M, Relocated: 0M, In-Place: 0
[2026-05-06T01:32:44.844+0100][8.275s][info][gc,reloc    ] GC(61) Large Pages: 16 / 686M, Empty: 494M, Relocated: 0M, In-Place: 0
[2026-05-06T01:32:44.844+0100][8.275s][info][gc,reloc    ] GC(61) Forwarding Usage: 0M
[2026-05-06T01:32:44.844+0100][8.275s][info][gc,heap     ] GC(61) Min Capacity: 8M(0%)
[2026-05-06T01:32:44.844+0100][8.275s][info][gc,heap     ] GC(61) Max Capacity: 4096M(100%)
[2026-05-06T01:32:44.844+0100][8.275s][info][gc,heap     ] GC(61) Soft Max Capacity: 4096M(100%)
[2026-05-06T01:32:44.844+0100][8.275s][info][gc,heap     ] GC(61)                Mark Start          Mark End        Relocate Start      Relocate End           High               Low         
[2026-05-06T01:32:44.844+0100][8.275s][info][gc,heap     ] GC(61)  Capacity:     1522M (37%)        1522M (37%)        1522M (37%)        1522M (37%)        1522M (37%)        1522M (37%)    
[2026-05-06T01:32:44.844+0100][8.275s][info][gc,heap     ] GC(61)      Free:     3322M (81%)        3320M (81%)        3844M (94%)        3852M (94%)        3852M (94%)        3316M (81%)    
[2026-05-06T01:32:44.844+0100][8.275s][info][gc,heap     ] GC(61)      Used:      774M (19%)         776M (19%)         252M (6%)          244M (6%)          780M (19%)         244M (6%)     
[2026-05-06T01:32:44.844+0100][8.275s][info][gc,heap     ] GC(61)      Live:         -               205M (5%)          205M (5%)          205M (5%)             -                  -          
[2026-05-06T01:32:44.844+0100][8.275s][info][gc,heap     ] GC(61) Allocated:         -                 2M (0%)            2M (0%)            2M (0%)             -                  -          
[2026-05-06T01:32:44.844+0100][8.275s][info][gc,heap     ] GC(61)   Garbage:         -               568M (14%)          44M (1%)           36M (1%)             -                  -          
[2026-05-06T01:32:44.844+0100][8.275s][info][gc,heap     ] GC(61) Reclaimed:         -                  -               524M (13%)         532M (13%)            -                  -          
[2026-05-06T01:32:44.844+0100][8.275s][info][gc          ] GC(61) Garbage Collection (System.gc()) 774M(19%)->244M(6%)
[2026-05-06T01:32:44.946+0100][8.377s][info][gc,start    ] GC(62) Garbage Collection (System.gc())
[2026-05-06T01:32:44.946+0100][8.377s][info][gc,task     ] GC(62) Using 3 workers
[2026-05-06T01:32:44.946+0100][8.377s][info][gc,phases   ] GC(62) Pause Mark Start 0.003ms
[2026-05-06T01:32:44.950+0100][8.381s][info][gc,phases   ] GC(62) Concurrent Mark 3.849ms
[2026-05-06T01:32:44.950+0100][8.381s][info][gc,phases   ] GC(62) Pause Mark End 0.004ms
[2026-05-06T01:32:44.950+0100][8.381s][info][gc,phases   ] GC(62) Concurrent Mark Free 0.000ms
[2026-05-06T01:32:44.952+0100][8.383s][info][gc,phases   ] GC(62) Concurrent Process Non-Strong References 1.730ms
[2026-05-06T01:32:44.952+0100][8.383s][info][gc,phases   ] GC(62) Concurrent Reset Relocation Set 0.001ms
[2026-05-06T01:32:44.953+0100][8.383s][info][gc,phases   ] GC(62) Concurrent Select Relocation Set 0.608ms
[2026-05-06T01:32:44.953+0100][8.383s][info][gc,phases   ] GC(62) Pause Relocate Start 0.002ms
[2026-05-06T01:32:44.953+0100][8.383s][info][gc,phases   ] GC(62) Concurrent Relocate 0.184ms
[2026-05-06T01:32:44.953+0100][8.383s][info][gc,load     ] GC(62) Load: 2.87/2.96/3.50
[2026-05-06T01:32:44.953+0100][8.383s][info][gc,mmu      ] GC(62) MMU: 2ms/95.6%, 5ms/98.2%, 10ms/99.1%, 20ms/99.6%, 50ms/99.8%, 100ms/99.9%
[2026-05-06T01:32:44.953+0100][8.383s][info][gc,marking  ] GC(62) Mark: 2 stripe(s), 1 proactive flush(es), 1 terminate flush(es), 0 completion(s), 0 continuation(s) 
[2026-05-06T01:32:44.953+0100][8.383s][info][gc,marking  ] GC(62) Mark Stack Usage: 32M
[2026-05-06T01:32:44.953+0100][8.383s][info][gc,nmethod  ] GC(62) NMethods: 3899 registered, 709 unregistered
[2026-05-06T01:32:44.953+0100][8.383s][info][gc,metaspace] GC(62) Metaspace: 18M used, 19M committed, 1088M reserved
[2026-05-06T01:32:44.953+0100][8.383s][info][gc,ref      ] GC(62) Soft: 4238 encountered, 0 discovered, 0 enqueued
[2026-05-06T01:32:44.953+0100][8.383s][info][gc,ref      ] GC(62) Weak: 2367 encountered, 417 discovered, 0 enqueued
[2026-05-06T01:32:44.953+0100][8.383s][info][gc,ref      ] GC(62) Final: 6 encountered, 6 discovered, 0 enqueued
[2026-05-06T01:32:44.953+0100][8.383s][info][gc,ref      ] GC(62) Phantom: 270 encountered, 169 discovered, 0 enqueued
[2026-05-06T01:32:44.953+0100][8.383s][info][gc,reloc    ] GC(62) Small Pages: 24 / 48M, Empty: 28M, Relocated: 1M, In-Place: 0
[2026-05-06T01:32:44.953+0100][8.383s][info][gc,reloc    ] GC(62) Medium Pages: 1 / 32M, Empty: 0M, Relocated: 0M, In-Place: 0
[2026-05-06T01:32:44.953+0100][8.383s][info][gc,reloc    ] GC(62) Large Pages: 16 / 686M, Empty: 494M, Relocated: 0M, In-Place: 0
[2026-05-06T01:32:44.953+0100][8.383s][info][gc,reloc    ] GC(62) Forwarding Usage: 0M
[2026-05-06T01:32:44.953+0100][8.383s][info][gc,heap     ] GC(62) Min Capacity: 8M(0%)
[2026-05-06T01:32:44.953+0100][8.383s][info][gc,heap     ] GC(62) Max Capacity: 4096M(100%)
[2026-05-06T01:32:44.953+0100][8.383s][info][gc,heap     ] GC(62) Soft Max Capacity: 4096M(100%)
[2026-05-06T01:32:44.953+0100][8.383s][info][gc,heap     ] GC(62)                Mark Start          Mark End        Relocate Start      Relocate End           High               Low         
[2026-05-06T01:32:44.953+0100][8.383s][info][gc,heap     ] GC(62)  Capacity:     1522M (37%)        1522M (37%)        1522M (37%)        1522M (37%)        1522M (37%)        1522M (37%)    
[2026-05-06T01:32:44.953+0100][8.383s][info][gc,heap     ] GC(62)      Free:     3330M (81%)        3330M (81%)        3852M (94%)        3854M (94%)        3854M (94%)        3330M (81%)    
[2026-05-06T01:32:44.953+0100][8.383s][info][gc,heap     ] GC(62)      Used:      766M (19%)         766M (19%)         244M (6%)          242M (6%)          766M (19%)         242M (6%)     
[2026-05-06T01:32:44.953+0100][8.383s][info][gc,heap     ] GC(62)      Live:         -               205M (5%)          205M (5%)          205M (5%)             -                  -          
[2026-05-06T01:32:44.953+0100][8.383s][info][gc,heap     ] GC(62) Allocated:         -                 0M (0%)            0M (0%)            0M (0%)             -                  -          
[2026-05-06T01:32:44.953+0100][8.383s][info][gc,heap     ] GC(62)   Garbage:         -               560M (14%)          38M (1%)           36M (1%)             -                  -          
[2026-05-06T01:32:44.953+0100][8.384s][info][gc,heap     ] GC(62) Reclaimed:         -                  -               522M (13%)         524M (13%)            -                  -          
[2026-05-06T01:32:44.953+0100][8.384s][info][gc          ] GC(62) Garbage Collection (System.gc()) 766M(19%)->242M(6%)
[2026-05-06T01:32:45.047+0100][8.477s][info][gc,start    ] GC(63) Garbage Collection (System.gc())
[2026-05-06T01:32:45.047+0100][8.477s][info][gc,task     ] GC(63) Using 3 workers
[2026-05-06T01:32:45.047+0100][8.477s][info][gc,phases   ] GC(63) Pause Mark Start 0.003ms
[2026-05-06T01:32:45.051+0100][8.481s][info][gc,phases   ] GC(63) Concurrent Mark 3.986ms
[2026-05-06T01:32:45.051+0100][8.482s][info][gc,phases   ] GC(63) Pause Mark End 0.003ms
[2026-05-06T01:32:45.051+0100][8.482s][info][gc,phases   ] GC(63) Concurrent Mark Free 0.000ms
[2026-05-06T01:32:45.053+0100][8.483s][info][gc,phases   ] GC(63) Concurrent Process Non-Strong References 1.764ms
[2026-05-06T01:32:45.053+0100][8.483s][info][gc,phases   ] GC(63) Concurrent Reset Relocation Set 0.001ms
[2026-05-06T01:32:45.053+0100][8.484s][info][gc,phases   ] GC(63) Concurrent Select Relocation Set 0.599ms
[2026-05-06T01:32:45.053+0100][8.484s][info][gc,phases   ] GC(63) Pause Relocate Start 0.003ms
[2026-05-06T01:32:45.054+0100][8.484s][info][gc,phases   ] GC(63) Concurrent Relocate 0.187ms
[2026-05-06T01:32:45.054+0100][8.484s][info][gc,load     ] GC(63) Load: 2.87/2.96/3.50
[2026-05-06T01:32:45.054+0100][8.484s][info][gc,mmu      ] GC(63) MMU: 2ms/95.6%, 5ms/98.2%, 10ms/99.1%, 20ms/99.6%, 50ms/99.8%, 100ms/99.9%
[2026-05-06T01:32:45.054+0100][8.484s][info][gc,marking  ] GC(63) Mark: 2 stripe(s), 2 proactive flush(es), 1 terminate flush(es), 0 completion(s), 0 continuation(s) 
[2026-05-06T01:32:45.054+0100][8.484s][info][gc,marking  ] GC(63) Mark Stack Usage: 32M
[2026-05-06T01:32:45.054+0100][8.484s][info][gc,nmethod  ] GC(63) NMethods: 3901 registered, 709 unregistered
[2026-05-06T01:32:45.054+0100][8.484s][info][gc,metaspace] GC(63) Metaspace: 18M used, 19M committed, 1088M reserved
[2026-05-06T01:32:45.054+0100][8.484s][info][gc,ref      ] GC(63) Soft: 4238 encountered, 0 discovered, 0 enqueued
[2026-05-06T01:32:45.054+0100][8.484s][info][gc,ref      ] GC(63) Weak: 2368 encountered, 442 discovered, 0 enqueued
[2026-05-06T01:32:45.054+0100][8.484s][info][gc,ref      ] GC(63) Final: 6 encountered, 0 discovered, 0 enqueued
[2026-05-06T01:32:45.054+0100][8.484s][info][gc,ref      ] GC(63) Phantom: 270 encountered, 157 discovered, 0 enqueued
[2026-05-06T01:32:45.054+0100][8.484s][info][gc,reloc    ] GC(63) Small Pages: 16 / 32M, Empty: 8M, Relocated: 1M, In-Place: 0
[2026-05-06T01:32:45.054+0100][8.484s][info][gc,reloc    ] GC(63) Medium Pages: 1 / 32M, Empty: 0M, Relocated: 0M, In-Place: 0
[2026-05-06T01:32:45.054+0100][8.484s][info][gc,reloc    ] GC(63) Large Pages: 16 / 686M, Empty: 494M, Relocated: 0M, In-Place: 0
[2026-05-06T01:32:45.054+0100][8.484s][info][gc,reloc    ] GC(63) Forwarding Usage: 0M
[2026-05-06T01:32:45.054+0100][8.484s][info][gc,heap     ] GC(63) Min Capacity: 8M(0%)
[2026-05-06T01:32:45.054+0100][8.484s][info][gc,heap     ] GC(63) Max Capacity: 4096M(100%)
[2026-05-06T01:32:45.054+0100][8.484s][info][gc,heap     ] GC(63) Soft Max Capacity: 4096M(100%)
[2026-05-06T01:32:45.054+0100][8.484s][info][gc,heap     ] GC(63)                Mark Start          Mark End        Relocate Start      Relocate End           High               Low         
[2026-05-06T01:32:45.054+0100][8.484s][info][gc,heap     ] GC(63)  Capacity:     1522M (37%)        1522M (37%)        1522M (37%)        1522M (37%)        1522M (37%)        1522M (37%)    
[2026-05-06T01:32:45.054+0100][8.484s][info][gc,heap     ] GC(63)      Free:     3346M (82%)        3344M (82%)        3846M (94%)        3852M (94%)        3852M (94%)        3344M (82%)    
[2026-05-06T01:32:45.054+0100][8.484s][info][gc,heap     ] GC(63)      Used:      750M (18%)         752M (18%)         250M (6%)          244M (6%)          752M (18%)         244M (6%)     
[2026-05-06T01:32:45.054+0100][8.484s][info][gc,heap     ] GC(63)      Live:         -               205M (5%)          205M (5%)          205M (5%)             -                  -          
[2026-05-06T01:32:45.054+0100][8.484s][info][gc,heap     ] GC(63) Allocated:         -                 2M (0%)            2M (0%)            2M (0%)             -                  -          
[2026-05-06T01:32:45.054+0100][8.484s][info][gc,heap     ] GC(63)   Garbage:         -               544M (13%)          42M (1%)           36M (1%)             -                  -          
[2026-05-06T01:32:45.054+0100][8.484s][info][gc,heap     ] GC(63) Reclaimed:         -                  -               502M (12%)         508M (12%)            -                  -          
[2026-05-06T01:32:45.054+0100][8.484s][info][gc          ] GC(63) Garbage Collection (System.gc()) 750M(18%)->244M(6%)
[2026-05-06T01:32:45.148+0100][8.579s][info][gc,start    ] GC(64) Garbage Collection (System.gc())
[2026-05-06T01:32:45.148+0100][8.579s][info][gc,task     ] GC(64) Using 3 workers
[2026-05-06T01:32:45.148+0100][8.579s][info][gc,phases   ] GC(64) Pause Mark Start 0.003ms
[2026-05-06T01:32:45.153+0100][8.583s][info][gc,phases   ] GC(64) Concurrent Mark 4.461ms
[2026-05-06T01:32:45.153+0100][8.583s][info][gc,phases   ] GC(64) Pause Mark End 0.004ms
[2026-05-06T01:32:45.153+0100][8.583s][info][gc,phases   ] GC(64) Concurrent Mark Free 0.000ms
[2026-05-06T01:32:45.155+0100][8.585s][info][gc,phases   ] GC(64) Concurrent Process Non-Strong References 1.742ms
[2026-05-06T01:32:45.155+0100][8.585s][info][gc,phases   ] GC(64) Concurrent Reset Relocation Set 0.001ms
[2026-05-06T01:32:45.155+0100][8.586s][info][gc,phases   ] GC(64) Concurrent Select Relocation Set 0.644ms
[2026-05-06T01:32:45.155+0100][8.586s][info][gc,phases   ] GC(64) Pause Relocate Start 0.002ms
[2026-05-06T01:32:45.155+0100][8.586s][info][gc,phases   ] GC(64) Concurrent Relocate 0.190ms
[2026-05-06T01:32:45.155+0100][8.586s][info][gc,load     ] GC(64) Load: 2.87/2.96/3.50
[2026-05-06T01:32:45.155+0100][8.586s][info][gc,mmu      ] GC(64) MMU: 2ms/95.6%, 5ms/98.2%, 10ms/99.1%, 20ms/99.6%, 50ms/99.8%, 100ms/99.9%
[2026-05-06T01:32:45.155+0100][8.586s][info][gc,marking  ] GC(64) Mark: 2 stripe(s), 1 proactive flush(es), 1 terminate flush(es), 0 completion(s), 0 continuation(s) 
[2026-05-06T01:32:45.155+0100][8.586s][info][gc,marking  ] GC(64) Mark Stack Usage: 32M
[2026-05-06T01:32:45.155+0100][8.586s][info][gc,nmethod  ] GC(64) NMethods: 3902 registered, 709 unregistered
[2026-05-06T01:32:45.155+0100][8.586s][info][gc,metaspace] GC(64) Metaspace: 18M used, 19M committed, 1088M reserved
[2026-05-06T01:32:45.155+0100][8.586s][info][gc,ref      ] GC(64) Soft: 4238 encountered, 0 discovered, 0 enqueued
[2026-05-06T01:32:45.155+0100][8.586s][info][gc,ref      ] GC(64) Weak: 2368 encountered, 1268 discovered, 0 enqueued
[2026-05-06T01:32:45.155+0100][8.586s][info][gc,ref      ] GC(64) Final: 6 encountered, 6 discovered, 0 enqueued
[2026-05-06T01:32:45.155+0100][8.586s][info][gc,ref      ] GC(64) Phantom: 270 encountered, 173 discovered, 0 enqueued
[2026-05-06T01:32:45.155+0100][8.586s][info][gc,reloc    ] GC(64) Small Pages: 36 / 72M, Empty: 44M, Relocated: 1M, In-Place: 0
[2026-05-06T01:32:45.155+0100][8.586s][info][gc,reloc    ] GC(64) Medium Pages: 1 / 32M, Empty: 0M, Relocated: 0M, In-Place: 0
[2026-05-06T01:32:45.155+0100][8.586s][info][gc,reloc    ] GC(64) Large Pages: 16 / 686M, Empty: 494M, Relocated: 0M, In-Place: 0
[2026-05-06T01:32:45.155+0100][8.586s][info][gc,reloc    ] GC(64) Forwarding Usage: 0M
[2026-05-06T01:32:45.155+0100][8.586s][info][gc,heap     ] GC(64) Min Capacity: 8M(0%)
[2026-05-06T01:32:45.156+0100][8.586s][info][gc,heap     ] GC(64) Max Capacity: 4096M(100%)
[2026-05-06T01:32:45.156+0100][8.586s][info][gc,heap     ] GC(64) Soft Max Capacity: 4096M(100%)
[2026-05-06T01:32:45.156+0100][8.586s][info][gc,heap     ] GC(64)                Mark Start          Mark End        Relocate Start      Relocate End           High               Low         
[2026-05-06T01:32:45.156+0100][8.586s][info][gc,heap     ] GC(64)  Capacity:     1522M (37%)        1522M (37%)        1522M (37%)        1522M (37%)        1522M (37%)        1522M (37%)    
[2026-05-06T01:32:45.156+0100][8.586s][info][gc,heap     ] GC(64)      Free:     3306M (81%)        3304M (81%)        3842M (94%)        3852M (94%)        3852M (94%)        3304M (81%)    
[2026-05-06T01:32:45.156+0100][8.586s][info][gc,heap     ] GC(64)      Used:      790M (19%)         792M (19%)         254M (6%)          244M (6%)          792M (19%)         244M (6%)     
[2026-05-06T01:32:45.156+0100][8.586s][info][gc,heap     ] GC(64)      Live:         -               205M (5%)          205M (5%)          205M (5%)             -                  -          
[2026-05-06T01:32:45.156+0100][8.586s][info][gc,heap     ] GC(64) Allocated:         -                 2M (0%)            2M (0%)            2M (0%)             -                  -          
[2026-05-06T01:32:45.156+0100][8.586s][info][gc,heap     ] GC(64)   Garbage:         -               584M (14%)          46M (1%)           36M (1%)             -                  -          
[2026-05-06T01:32:45.156+0100][8.586s][info][gc,heap     ] GC(64) Reclaimed:         -                  -               538M (13%)         548M (13%)            -                  -          
[2026-05-06T01:32:45.156+0100][8.586s][info][gc          ] GC(64) Garbage Collection (System.gc()) 790M(19%)->244M(6%)
[2026-05-06T01:32:45.251+0100][8.681s][info][gc,start    ] GC(65) Garbage Collection (System.gc())
[2026-05-06T01:32:45.251+0100][8.681s][info][gc,task     ] GC(65) Using 3 workers
[2026-05-06T01:32:45.251+0100][8.681s][info][gc,phases   ] GC(65) Pause Mark Start 0.003ms
[2026-05-06T01:32:45.255+0100][8.685s][info][gc,phases   ] GC(65) Concurrent Mark 3.965ms
[2026-05-06T01:32:45.255+0100][8.685s][info][gc,phases   ] GC(65) Pause Mark End 0.004ms
[2026-05-06T01:32:45.255+0100][8.685s][info][gc,phases   ] GC(65) Concurrent Mark Free 0.000ms
[2026-05-06T01:32:45.256+0100][8.687s][info][gc,phases   ] GC(65) Concurrent Process Non-Strong References 1.720ms
[2026-05-06T01:32:45.257+0100][8.687s][info][gc,phases   ] GC(65) Concurrent Reset Relocation Set 0.001ms
[2026-05-06T01:32:45.257+0100][8.688s][info][gc,phases   ] GC(65) Concurrent Select Relocation Set 0.674ms
[2026-05-06T01:32:45.257+0100][8.688s][info][gc,phases   ] GC(65) Pause Relocate Start 0.002ms
[2026-05-06T01:32:45.257+0100][8.688s][info][gc,phases   ] GC(65) Concurrent Relocate 0.183ms
[2026-05-06T01:32:45.257+0100][8.688s][info][gc,load     ] GC(65) Load: 2.87/2.96/3.50
[2026-05-06T01:32:45.257+0100][8.688s][info][gc,mmu      ] GC(65) MMU: 2ms/95.6%, 5ms/98.2%, 10ms/99.1%, 20ms/99.6%, 50ms/99.8%, 100ms/99.9%
[2026-05-06T01:32:45.257+0100][8.688s][info][gc,marking  ] GC(65) Mark: 2 stripe(s), 1 proactive flush(es), 1 terminate flush(es), 0 completion(s), 0 continuation(s) 
[2026-05-06T01:32:45.257+0100][8.688s][info][gc,marking  ] GC(65) Mark Stack Usage: 32M
[2026-05-06T01:32:45.257+0100][8.688s][info][gc,nmethod  ] GC(65) NMethods: 3906 registered, 712 unregistered
[2026-05-06T01:32:45.257+0100][8.688s][info][gc,metaspace] GC(65) Metaspace: 18M used, 19M committed, 1088M reserved
[2026-05-06T01:32:45.257+0100][8.688s][info][gc,ref      ] GC(65) Soft: 4238 encountered, 0 discovered, 0 enqueued
[2026-05-06T01:32:45.257+0100][8.688s][info][gc,ref      ] GC(65) Weak: 2367 encountered, 942 discovered, 0 enqueued
[2026-05-06T01:32:45.257+0100][8.688s][info][gc,ref      ] GC(65) Final: 6 encountered, 6 discovered, 0 enqueued
[2026-05-06T01:32:45.257+0100][8.688s][info][gc,ref      ] GC(65) Phantom: 270 encountered, 160 discovered, 0 enqueued
[2026-05-06T01:32:45.257+0100][8.688s][info][gc,reloc    ] GC(65) Small Pages: 33 / 66M, Empty: 46M, Relocated: 1M, In-Place: 0
[2026-05-06T01:32:45.257+0100][8.688s][info][gc,reloc    ] GC(65) Medium Pages: 1 / 32M, Empty: 0M, Relocated: 0M, In-Place: 0
[2026-05-06T01:32:45.257+0100][8.688s][info][gc,reloc    ] GC(65) Large Pages: 16 / 686M, Empty: 494M, Relocated: 0M, In-Place: 0
[2026-05-06T01:32:45.257+0100][8.688s][info][gc,reloc    ] GC(65) Forwarding Usage: 0M
[2026-05-06T01:32:45.257+0100][8.688s][info][gc,heap     ] GC(65) Min Capacity: 8M(0%)
[2026-05-06T01:32:45.257+0100][8.688s][info][gc,heap     ] GC(65) Max Capacity: 4096M(100%)
[2026-05-06T01:32:45.257+0100][8.688s][info][gc,heap     ] GC(65) Soft Max Capacity: 4096M(100%)
[2026-05-06T01:32:45.257+0100][8.688s][info][gc,heap     ] GC(65)                Mark Start          Mark End        Relocate Start      Relocate End           High               Low         
[2026-05-06T01:32:45.257+0100][8.688s][info][gc,heap     ] GC(65)  Capacity:     1522M (37%)        1522M (37%)        1522M (37%)        1522M (37%)        1522M (37%)        1522M (37%)    
[2026-05-06T01:32:45.257+0100][8.688s][info][gc,heap     ] GC(65)      Free:     3312M (81%)        3312M (81%)        3852M (94%)        3854M (94%)        3854M (94%)        3312M (81%)    
[2026-05-06T01:32:45.257+0100][8.688s][info][gc,heap     ] GC(65)      Used:      784M (19%)         784M (19%)         244M (6%)          242M (6%)          784M (19%)         242M (6%)     
[2026-05-06T01:32:45.258+0100][8.688s][info][gc,heap     ] GC(65)      Live:         -               205M (5%)          205M (5%)          205M (5%)             -                  -          
[2026-05-06T01:32:45.258+0100][8.688s][info][gc,heap     ] GC(65) Allocated:         -                 0M (0%)            0M (0%)            0M (0%)             -                  -          
[2026-05-06T01:32:45.258+0100][8.688s][info][gc,heap     ] GC(65)   Garbage:         -               578M (14%)          38M (1%)           36M (1%)             -                  -          
[2026-05-06T01:32:45.258+0100][8.688s][info][gc,heap     ] GC(65) Reclaimed:         -                  -               540M (13%)         542M (13%)            -                  -          
[2026-05-06T01:32:45.258+0100][8.688s][info][gc          ] GC(65) Garbage Collection (System.gc()) 784M(19%)->242M(6%)
[2026-05-06T01:32:45.341+0100][8.771s][info][gc,start    ] GC(66) Garbage Collection (System.gc())
[2026-05-06T01:32:45.341+0100][8.771s][info][gc,task     ] GC(66) Using 3 workers
[2026-05-06T01:32:45.341+0100][8.771s][info][gc,phases   ] GC(66) Pause Mark Start 0.003ms
[2026-05-06T01:32:45.345+0100][8.776s][info][gc,phases   ] GC(66) Concurrent Mark 4.416ms
[2026-05-06T01:32:45.345+0100][8.776s][info][gc,phases   ] GC(66) Pause Mark End 0.004ms
[2026-05-06T01:32:45.345+0100][8.776s][info][gc,phases   ] GC(66) Concurrent Mark Free 0.000ms
[2026-05-06T01:32:45.347+0100][8.778s][info][gc,phases   ] GC(66) Concurrent Process Non-Strong References 1.648ms
[2026-05-06T01:32:45.347+0100][8.778s][info][gc,phases   ] GC(66) Concurrent Reset Relocation Set 0.000ms
[2026-05-06T01:32:45.348+0100][8.778s][info][gc,phases   ] GC(66) Concurrent Select Relocation Set 0.590ms
[2026-05-06T01:32:45.348+0100][8.778s][info][gc,phases   ] GC(66) Pause Relocate Start 0.002ms
[2026-05-06T01:32:45.348+0100][8.778s][info][gc,phases   ] GC(66) Concurrent Relocate 0.181ms
[2026-05-06T01:32:45.348+0100][8.778s][info][gc,load     ] GC(66) Load: 2.87/2.96/3.50
[2026-05-06T01:32:45.348+0100][8.778s][info][gc,mmu      ] GC(66) MMU: 2ms/95.6%, 5ms/98.2%, 10ms/99.1%, 20ms/99.6%, 50ms/99.8%, 100ms/99.9%
[2026-05-06T01:32:45.348+0100][8.778s][info][gc,marking  ] GC(66) Mark: 2 stripe(s), 1 proactive flush(es), 1 terminate flush(es), 0 completion(s), 0 continuation(s) 
[2026-05-06T01:32:45.348+0100][8.778s][info][gc,marking  ] GC(66) Mark Stack Usage: 32M
[2026-05-06T01:32:45.348+0100][8.778s][info][gc,nmethod  ] GC(66) NMethods: 3919 registered, 713 unregistered
[2026-05-06T01:32:45.348+0100][8.778s][info][gc,metaspace] GC(66) Metaspace: 18M used, 19M committed, 1088M reserved
[2026-05-06T01:32:45.348+0100][8.778s][info][gc,ref      ] GC(66) Soft: 4238 encountered, 0 discovered, 0 enqueued
[2026-05-06T01:32:45.348+0100][8.778s][info][gc,ref      ] GC(66) Weak: 2367 encountered, 356 discovered, 0 enqueued
[2026-05-06T01:32:45.348+0100][8.778s][info][gc,ref      ] GC(66) Final: 6 encountered, 6 discovered, 0 enqueued
[2026-05-06T01:32:45.348+0100][8.778s][info][gc,ref      ] GC(66) Phantom: 270 encountered, 182 discovered, 0 enqueued
[2026-05-06T01:32:45.348+0100][8.778s][info][gc,reloc    ] GC(66) Small Pages: 17 / 34M, Empty: 14M, Relocated: 1M, In-Place: 0
[2026-05-06T01:32:45.348+0100][8.778s][info][gc,reloc    ] GC(66) Medium Pages: 1 / 32M, Empty: 0M, Relocated: 0M, In-Place: 0
[2026-05-06T01:32:45.348+0100][8.778s][info][gc,reloc    ] GC(66) Large Pages: 16 / 686M, Empty: 494M, Relocated: 0M, In-Place: 0
[2026-05-06T01:32:45.348+0100][8.778s][info][gc,reloc    ] GC(66) Forwarding Usage: 0M
[2026-05-06T01:32:45.348+0100][8.778s][info][gc,heap     ] GC(66) Min Capacity: 8M(0%)
[2026-05-06T01:32:45.348+0100][8.778s][info][gc,heap     ] GC(66) Max Capacity: 4096M(100%)
[2026-05-06T01:32:45.348+0100][8.778s][info][gc,heap     ] GC(66) Soft Max Capacity: 4096M(100%)
[2026-05-06T01:32:45.348+0100][8.778s][info][gc,heap     ] GC(66)                Mark Start          Mark End        Relocate Start      Relocate End           High               Low         
[2026-05-06T01:32:45.348+0100][8.778s][info][gc,heap     ] GC(66)  Capacity:     1522M (37%)        1522M (37%)        1522M (37%)        1522M (37%)        1522M (37%)        1522M (37%)    
[2026-05-06T01:32:45.348+0100][8.778s][info][gc,heap     ] GC(66)      Free:     3344M (82%)        3344M (82%)        3852M (94%)        3854M (94%)        3854M (94%)        3344M (82%)    
[2026-05-06T01:32:45.348+0100][8.778s][info][gc,heap     ] GC(66)      Used:      752M (18%)         752M (18%)         244M (6%)          242M (6%)          752M (18%)         242M (6%)     
[2026-05-06T01:32:45.348+0100][8.778s][info][gc,heap     ] GC(66)      Live:         -               205M (5%)          205M (5%)          205M (5%)             -                  -          
[2026-05-06T01:32:45.348+0100][8.778s][info][gc,heap     ] GC(66) Allocated:         -                 0M (0%)            0M (0%)            0M (0%)             -                  -          
[2026-05-06T01:32:45.348+0100][8.778s][info][gc,heap     ] GC(66)   Garbage:         -               546M (13%)          38M (1%)           36M (1%)             -                  -          
[2026-05-06T01:32:45.348+0100][8.778s][info][gc,heap     ] GC(66) Reclaimed:         -                  -               508M (12%)         510M (12%)            -                  -          
[2026-05-06T01:32:45.348+0100][8.778s][info][gc          ] GC(66) Garbage Collection (System.gc()) 752M(18%)->242M(6%)
[2026-05-06T01:32:45.431+0100][8.862s][info][gc,start    ] GC(67) Garbage Collection (System.gc())
[2026-05-06T01:32:45.431+0100][8.862s][info][gc,task     ] GC(67) Using 3 workers
[2026-05-06T01:32:45.431+0100][8.862s][info][gc,phases   ] GC(67) Pause Mark Start 0.003ms
[2026-05-06T01:32:45.436+0100][8.866s][info][gc,phases   ] GC(67) Concurrent Mark 4.302ms
[2026-05-06T01:32:45.436+0100][8.866s][info][gc,phases   ] GC(67) Pause Mark End 0.004ms
[2026-05-06T01:32:45.436+0100][8.866s][info][gc,phases   ] GC(67) Concurrent Mark Free 0.000ms
[2026-05-06T01:32:45.437+0100][8.868s][info][gc,phases   ] GC(67) Concurrent Process Non-Strong References 1.717ms
[2026-05-06T01:32:45.437+0100][8.868s][info][gc,phases   ] GC(67) Concurrent Reset Relocation Set 0.001ms
[2026-05-06T01:32:45.438+0100][8.869s][info][gc,phases   ] GC(67) Concurrent Select Relocation Set 0.583ms
[2026-05-06T01:32:45.438+0100][8.869s][info][gc,phases   ] GC(67) Pause Relocate Start 0.002ms
[2026-05-06T01:32:45.438+0100][8.869s][info][gc,phases   ] GC(67) Concurrent Relocate 0.183ms
[2026-05-06T01:32:45.438+0100][8.869s][info][gc,load     ] GC(67) Load: 2.87/2.96/3.50
[2026-05-06T01:32:45.438+0100][8.869s][info][gc,mmu      ] GC(67) MMU: 2ms/95.6%, 5ms/98.2%, 10ms/99.1%, 20ms/99.6%, 50ms/99.8%, 100ms/99.9%
[2026-05-06T01:32:45.438+0100][8.869s][info][gc,marking  ] GC(67) Mark: 2 stripe(s), 1 proactive flush(es), 1 terminate flush(es), 0 completion(s), 0 continuation(s) 
[2026-05-06T01:32:45.438+0100][8.869s][info][gc,marking  ] GC(67) Mark Stack Usage: 32M
[2026-05-06T01:32:45.438+0100][8.869s][info][gc,nmethod  ] GC(67) NMethods: 3925 registered, 713 unregistered
[2026-05-06T01:32:45.438+0100][8.869s][info][gc,metaspace] GC(67) Metaspace: 18M used, 19M committed, 1088M reserved
[2026-05-06T01:32:45.438+0100][8.869s][info][gc,ref      ] GC(67) Soft: 4238 encountered, 0 discovered, 0 enqueued
[2026-05-06T01:32:45.438+0100][8.869s][info][gc,ref      ] GC(67) Weak: 2367 encountered, 771 discovered, 0 enqueued
[2026-05-06T01:32:45.438+0100][8.869s][info][gc,ref      ] GC(67) Final: 6 encountered, 0 discovered, 0 enqueued
[2026-05-06T01:32:45.438+0100][8.869s][info][gc,ref      ] GC(67) Phantom: 270 encountered, 170 discovered, 0 enqueued
[2026-05-06T01:32:45.438+0100][8.869s][info][gc,reloc    ] GC(67) Small Pages: 12 / 24M, Empty: 4M, Relocated: 1M, In-Place: 0
[2026-05-06T01:32:45.438+0100][8.869s][info][gc,reloc    ] GC(67) Medium Pages: 1 / 32M, Empty: 0M, Relocated: 0M, In-Place: 0
[2026-05-06T01:32:45.438+0100][8.869s][info][gc,reloc    ] GC(67) Large Pages: 16 / 686M, Empty: 494M, Relocated: 0M, In-Place: 0
[2026-05-06T01:32:45.438+0100][8.869s][info][gc,reloc    ] GC(67) Forwarding Usage: 0M
[2026-05-06T01:32:45.438+0100][8.869s][info][gc,heap     ] GC(67) Min Capacity: 8M(0%)
[2026-05-06T01:32:45.438+0100][8.869s][info][gc,heap     ] GC(67) Max Capacity: 4096M(100%)
[2026-05-06T01:32:45.438+0100][8.869s][info][gc,heap     ] GC(67) Soft Max Capacity: 4096M(100%)
[2026-05-06T01:32:45.438+0100][8.869s][info][gc,heap     ] GC(67)                Mark Start          Mark End        Relocate Start      Relocate End           High               Low         
[2026-05-06T01:32:45.438+0100][8.869s][info][gc,heap     ] GC(67)  Capacity:     1522M (37%)        1522M (37%)        1522M (37%)        1522M (37%)        1522M (37%)        1522M (37%)    
[2026-05-06T01:32:45.438+0100][8.869s][info][gc,heap     ] GC(67)      Free:     3354M (82%)        3354M (82%)        3852M (94%)        3854M (94%)        3854M (94%)        3354M (82%)    
[2026-05-06T01:32:45.438+0100][8.869s][info][gc,heap     ] GC(67)      Used:      742M (18%)         742M (18%)         244M (6%)          242M (6%)          742M (18%)         242M (6%)     
[2026-05-06T01:32:45.438+0100][8.869s][info][gc,heap     ] GC(67)      Live:         -               205M (5%)          205M (5%)          205M (5%)             -                  -          
[2026-05-06T01:32:45.438+0100][8.869s][info][gc,heap     ] GC(67) Allocated:         -                 0M (0%)            0M (0%)            0M (0%)             -                  -          
[2026-05-06T01:32:45.438+0100][8.869s][info][gc,heap     ] GC(67)   Garbage:         -               536M (13%)          38M (1%)           36M (1%)             -                  -          
[2026-05-06T01:32:45.438+0100][8.869s][info][gc,heap     ] GC(67) Reclaimed:         -                  -               498M (12%)         500M (12%)            -                  -          
[2026-05-06T01:32:45.438+0100][8.869s][info][gc          ] GC(67) Garbage Collection (System.gc()) 742M(18%)->242M(6%)
[2026-05-06T01:32:46.046+0100][9.477s][info][gc,start    ] GC(68) Garbage Collection (System.gc())
[2026-05-06T01:32:46.047+0100][9.477s][info][gc,task     ] GC(68) Using 3 workers
[2026-05-06T01:32:46.047+0100][9.477s][info][gc,phases   ] GC(68) Pause Mark Start 0.003ms
[2026-05-06T01:32:46.051+0100][9.481s][info][gc,phases   ] GC(68) Concurrent Mark 4.009ms
[2026-05-06T01:32:46.051+0100][9.481s][info][gc,phases   ] GC(68) Pause Mark End 0.004ms
[2026-05-06T01:32:46.051+0100][9.481s][info][gc,phases   ] GC(68) Concurrent Mark Free 0.000ms
[2026-05-06T01:32:46.053+0100][9.483s][info][gc,phases   ] GC(68) Concurrent Process Non-Strong References 1.810ms
[2026-05-06T01:32:46.053+0100][9.483s][info][gc,phases   ] GC(68) Concurrent Reset Relocation Set 0.001ms
[2026-05-06T01:32:46.053+0100][9.484s][info][gc,phases   ] GC(68) Concurrent Select Relocation Set 0.603ms
[2026-05-06T01:32:46.053+0100][9.484s][info][gc,phases   ] GC(68) Pause Relocate Start 0.004ms
[2026-05-06T01:32:46.053+0100][9.484s][info][gc,phases   ] GC(68) Concurrent Relocate 0.189ms
[2026-05-06T01:32:46.053+0100][9.484s][info][gc,load     ] GC(68) Load: 2.87/2.96/3.50
[2026-05-06T01:32:46.053+0100][9.484s][info][gc,mmu      ] GC(68) MMU: 2ms/95.6%, 5ms/98.2%, 10ms/99.1%, 20ms/99.6%, 50ms/99.8%, 100ms/99.9%
[2026-05-06T01:32:46.053+0100][9.484s][info][gc,marking  ] GC(68) Mark: 2 stripe(s), 1 proactive flush(es), 1 terminate flush(es), 0 completion(s), 0 continuation(s) 
[2026-05-06T01:32:46.053+0100][9.484s][info][gc,marking  ] GC(68) Mark Stack Usage: 32M
[2026-05-06T01:32:46.053+0100][9.484s][info][gc,nmethod  ] GC(68) NMethods: 3928 registered, 713 unregistered
[2026-05-06T01:32:46.053+0100][9.484s][info][gc,metaspace] GC(68) Metaspace: 18M used, 19M committed, 1088M reserved
[2026-05-06T01:32:46.053+0100][9.484s][info][gc,ref      ] GC(68) Soft: 4238 encountered, 0 discovered, 0 enqueued
[2026-05-06T01:32:46.053+0100][9.484s][info][gc,ref      ] GC(68) Weak: 2367 encountered, 422 discovered, 0 enqueued
[2026-05-06T01:32:46.054+0100][9.484s][info][gc,ref      ] GC(68) Final: 6 encountered, 6 discovered, 0 enqueued
[2026-05-06T01:32:46.054+0100][9.484s][info][gc,ref      ] GC(68) Phantom: 270 encountered, 170 discovered, 0 enqueued
[2026-05-06T01:32:46.054+0100][9.484s][info][gc,reloc    ] GC(68) Small Pages: 11 / 22M, Empty: 2M, Relocated: 1M, In-Place: 0
[2026-05-06T01:32:46.054+0100][9.484s][info][gc,reloc    ] GC(68) Medium Pages: 1 / 32M, Empty: 0M, Relocated: 0M, In-Place: 0
[2026-05-06T01:32:46.054+0100][9.484s][info][gc,reloc    ] GC(68) Large Pages: 16 / 1010M, Empty: 818M, Relocated: 0M, In-Place: 0
[2026-05-06T01:32:46.054+0100][9.484s][info][gc,reloc    ] GC(68) Forwarding Usage: 0M
[2026-05-06T01:32:46.054+0100][9.484s][info][gc,heap     ] GC(68) Min Capacity: 8M(0%)
[2026-05-06T01:32:46.054+0100][9.484s][info][gc,heap     ] GC(68) Max Capacity: 4096M(100%)
[2026-05-06T01:32:46.054+0100][9.484s][info][gc,heap     ] GC(68) Soft Max Capacity: 4096M(100%)
[2026-05-06T01:32:46.054+0100][9.484s][info][gc,heap     ] GC(68)                Mark Start          Mark End        Relocate Start      Relocate End           High               Low         
[2026-05-06T01:32:46.054+0100][9.484s][info][gc,heap     ] GC(68)  Capacity:     1960M (48%)        1960M (48%)        1960M (48%)        1960M (48%)        1960M (48%)        1960M (48%)    
[2026-05-06T01:32:46.054+0100][9.484s][info][gc,heap     ] GC(68)      Free:     3032M (74%)        3032M (74%)        3852M (94%)        3854M (94%)        3854M (94%)        3032M (74%)    
[2026-05-06T01:32:46.054+0100][9.484s][info][gc,heap     ] GC(68)      Used:     1064M (26%)        1064M (26%)         244M (6%)          242M (6%)         1064M (26%)         242M (6%)     
[2026-05-06T01:32:46.054+0100][9.484s][info][gc,heap     ] GC(68)      Live:         -               205M (5%)          205M (5%)          205M (5%)             -                  -          
[2026-05-06T01:32:46.054+0100][9.484s][info][gc,heap     ] GC(68) Allocated:         -                 0M (0%)            0M (0%)            0M (0%)             -                  -          
[2026-05-06T01:32:46.054+0100][9.484s][info][gc,heap     ] GC(68)   Garbage:         -               858M (21%)          38M (1%)           36M (1%)             -                  -          
[2026-05-06T01:32:46.054+0100][9.484s][info][gc,heap     ] GC(68) Reclaimed:         -                  -               820M (20%)         822M (20%)            -                  -          
[2026-05-06T01:32:46.054+0100][9.484s][info][gc          ] GC(68) Garbage Collection (System.gc()) 1064M(26%)->242M(6%)
[2026-05-06T01:32:46.587+0100][10.018s][info][gc,stats    ] === Garbage Collection Statistics =======================================================================================================================
[2026-05-06T01:32:46.588+0100][10.018s][info][gc,stats    ]                                                              Last 10s              Last 10m              Last 10h                Total
[2026-05-06T01:32:46.588+0100][10.018s][info][gc,stats    ]                                                              Avg / Max             Avg / Max             Avg / Max             Avg / Max
[2026-05-06T01:32:46.588+0100][10.018s][info][gc,stats    ]   Collector: Garbage Collection Cycle                      8.351 / 71.526        8.351 / 71.526        8.351 / 71.526        8.351 / 71.526      ms
[2026-05-06T01:32:46.588+0100][10.018s][info][gc,stats    ]  Contention: Mark Segment Reset Contention                     5 / 15                5 / 15                5 / 15                5 / 15          ops/s
[2026-05-06T01:32:46.588+0100][10.018s][info][gc,stats    ]  Contention: Mark SeqNum Reset Contention                      1 / 5                 1 / 5                 1 / 5                 1 / 5           ops/s
[2026-05-06T01:32:46.588+0100][10.018s][info][gc,stats    ]    Critical: Allocation Stall                                  0 / 0                 0 / 0                 0 / 0                 0 / 0           ops/s
[2026-05-06T01:32:46.588+0100][10.018s][info][gc,stats    ]    Critical: Allocation Stall                              0.000 / 0.000         0.000 / 0.000         0.000 / 0.000         0.000 / 0.000       ms
[2026-05-06T01:32:46.588+0100][10.018s][info][gc,stats    ]    Critical: GC Locker Stall                                   0 / 0                 0 / 0                 0 / 0                 0 / 0           ops/s
[2026-05-06T01:32:46.588+0100][10.018s][info][gc,stats    ]    Critical: GC Locker Stall                               0.000 / 0.000         0.000 / 0.000         0.000 / 0.000         0.000 / 0.000       ms
[2026-05-06T01:32:46.588+0100][10.018s][info][gc,stats    ]    Critical: Relocation Stall                                  0 / 0                 0 / 0                 0 / 0                 0 / 0           ops/s
[2026-05-06T01:32:46.588+0100][10.018s][info][gc,stats    ]    Critical: Relocation Stall                              0.000 / 0.000         0.000 / 0.000         0.000 / 0.000         0.000 / 0.000       ms
[2026-05-06T01:32:46.588+0100][10.018s][info][gc,stats    ]      Memory: Allocation Rate                                1775 / 4864           1775 / 4864           1775 / 4864           1775 / 4864        MB/s
[2026-05-06T01:32:46.588+0100][10.018s][info][gc,stats    ]      Memory: Defragment                                        0 / 0                 0 / 0                 0 / 0                 0 / 0           ops/s
[2026-05-06T01:32:46.588+0100][10.018s][info][gc,stats    ]      Memory: Out Of Memory                                     0 / 0                 0 / 0                 0 / 0                 0 / 0           ops/s
[2026-05-06T01:32:46.588+0100][10.018s][info][gc,stats    ]      Memory: Page Cache Flush                                  0 / 0                 0 / 0                 0 / 0                 0 / 0           MB/s
[2026-05-06T01:32:46.588+0100][10.018s][info][gc,stats    ]      Memory: Page Cache Hit L1                               169 / 330             169 / 330             169 / 330             169 / 330         ops/s
[2026-05-06T01:32:46.588+0100][10.018s][info][gc,stats    ]      Memory: Page Cache Hit L2                                 0 / 0                 0 / 0                 0 / 0                 0 / 0           ops/s
[2026-05-06T01:32:46.588+0100][10.018s][info][gc,stats    ]      Memory: Page Cache Hit L3                                13 / 110              13 / 110              13 / 110              13 / 110         ops/s
[2026-05-06T01:32:46.588+0100][10.018s][info][gc,stats    ]      Memory: Page Cache Miss                                  22 / 94               22 / 94               22 / 94               22 / 94          ops/s
[2026-05-06T01:32:46.588+0100][10.018s][info][gc,stats    ]      Memory: Uncommit                                          0 / 0                 0 / 0                 0 / 0                 0 / 0           MB/s
[2026-05-06T01:32:46.588+0100][10.018s][info][gc,stats    ]      Memory: Undo Object Allocation Failed                     0 / 0                 0 / 0                 0 / 0                 0 / 0           ops/s
[2026-05-06T01:32:46.588+0100][10.018s][info][gc,stats    ]      Memory: Undo Object Allocation Succeeded                  0 / 0                 0 / 0                 0 / 0                 0 / 0           ops/s
[2026-05-06T01:32:46.588+0100][10.018s][info][gc,stats    ]      Memory: Undo Page Allocation                              3 / 26                3 / 26                3 / 26                3 / 26          ops/s
[2026-05-06T01:32:46.588+0100][10.018s][info][gc,stats    ]       Phase: Concurrent Mark                               4.852 / 31.432        4.852 / 31.432        4.852 / 31.432        4.852 / 31.432      ms
[2026-05-06T01:32:46.588+0100][10.018s][info][gc,stats    ]       Phase: Concurrent Mark Continue                      0.000 / 0.000         0.000 / 0.000         0.000 / 0.000         0.000 / 0.000       ms
[2026-05-06T01:32:46.588+0100][10.018s][info][gc,stats    ]       Phase: Concurrent Mark Free                          0.000 / 0.001         0.000 / 0.001         0.000 / 0.001         0.000 / 0.001       ms
[2026-05-06T01:32:46.588+0100][10.018s][info][gc,stats    ]       Phase: Concurrent Process Non-Strong References      2.301 / 36.186        2.301 / 36.186        2.301 / 36.186        2.301 / 36.186      ms
[2026-05-06T01:32:46.588+0100][10.018s][info][gc,stats    ]       Phase: Concurrent Relocate                           0.257 / 2.596         0.257 / 2.596         0.257 / 2.596         0.257 / 2.596       ms
[2026-05-06T01:32:46.588+0100][10.018s][info][gc,stats    ]       Phase: Concurrent Reset Relocation Set               0.001 / 0.004         0.001 / 0.004         0.001 / 0.004         0.001 / 0.004       ms
[2026-05-06T01:32:46.588+0100][10.018s][info][gc,stats    ]       Phase: Concurrent Select Relocation Set              0.704 / 2.285         0.704 / 2.285         0.704 / 2.285         0.704 / 2.285       ms
[2026-05-06T01:32:46.588+0100][10.018s][info][gc,stats    ]       Phase: Pause Mark End                                0.005 / 0.010         0.005 / 0.010         0.005 / 0.010         0.005 / 0.010       ms
[2026-05-06T01:32:46.588+0100][10.018s][info][gc,stats    ]       Phase: Pause Mark Start                              0.003 / 0.008         0.003 / 0.008         0.003 / 0.008         0.003 / 0.008       ms
[2026-05-06T01:32:46.588+0100][10.018s][info][gc,stats    ]       Phase: Pause Relocate Start                          0.004 / 0.088         0.004 / 0.088         0.004 / 0.088         0.004 / 0.088       ms
[2026-05-06T01:32:46.588+0100][10.018s][info][gc,stats    ]    Subphase: Concurrent Classes Purge                      0.010 / 0.188         0.010 / 0.188         0.010 / 0.188         0.010 / 0.188       ms
[2026-05-06T01:32:46.588+0100][10.018s][info][gc,stats    ]    Subphase: Concurrent Classes Unlink                     2.163 / 35.895        2.163 / 35.895        2.163 / 35.895        2.163 / 35.895      ms
[2026-05-06T01:32:46.588+0100][10.018s][info][gc,stats    ]    Subphase: Concurrent Mark                               4.414 / 31.317        4.414 / 31.317        4.414 / 31.317        4.414 / 31.317      ms
[2026-05-06T01:32:46.588+0100][10.018s][info][gc,stats    ]    Subphase: Concurrent Mark Try Flush                     0.013 / 0.035         0.013 / 0.035         0.013 / 0.035         0.013 / 0.035       ms
[2026-05-06T01:32:46.588+0100][10.018s][info][gc,stats    ]    Subphase: Concurrent Mark Try Terminate                 0.674 / 1.364         0.674 / 1.364         0.674 / 1.364         0.674 / 1.364       ms
[2026-05-06T01:32:46.588+0100][10.018s][info][gc,stats    ]    Subphase: Concurrent References Enqueue                 0.000 / 0.004         0.000 / 0.004         0.000 / 0.004         0.000 / 0.004       ms
[2026-05-06T01:32:46.588+0100][10.018s][info][gc,stats    ]    Subphase: Concurrent References Process                 0.035 / 0.121         0.035 / 0.121         0.035 / 0.121         0.035 / 0.121       ms
[2026-05-06T01:32:46.588+0100][10.018s][info][gc,stats    ]    Subphase: Concurrent Roots ClassLoaderDataGraph         0.037 / 0.254         0.037 / 0.254         0.037 / 0.254         0.037 / 0.254       ms
[2026-05-06T01:32:46.588+0100][10.018s][info][gc,stats    ]    Subphase: Concurrent Roots CodeCache                    0.000 / 0.000         0.000 / 0.000         0.000 / 0.000         0.000 / 0.000       ms
[2026-05-06T01:32:46.588+0100][10.018s][info][gc,stats    ]    Subphase: Concurrent Roots JavaThreads                  0.045 / 0.300         0.045 / 0.300         0.045 / 0.300         0.045 / 0.300       ms
[2026-05-06T01:32:46.588+0100][10.018s][info][gc,stats    ]    Subphase: Concurrent Roots OopStorageSet                0.008 / 0.046         0.008 / 0.046         0.008 / 0.046         0.008 / 0.046       ms
[2026-05-06T01:32:46.588+0100][10.018s][info][gc,stats    ]    Subphase: Concurrent Weak Roots OopStorageSet           0.062 / 0.133         0.062 / 0.133         0.062 / 0.133         0.062 / 0.133       ms
[2026-05-06T01:32:46.588+0100][10.018s][info][gc,stats    ]    Subphase: Pause Mark Try Complete                       0.000 / 0.000         0.000 / 0.000         0.000 / 0.000         0.000 / 0.000       ms
[2026-05-06T01:32:46.588+0100][10.018s][info][gc,stats    ]      System: Java Threads                                     19 / 34               19 / 34               19 / 34               19 / 34          threads
[2026-05-06T01:32:46.588+0100][10.018s][info][gc,stats    ] =========================================================================================================================================================
[2026-05-06T01:32:47.187+0100][10.618s][info][gc,start    ] GC(69) Garbage Collection (Warmup)
[2026-05-06T01:32:47.187+0100][10.618s][info][gc,task     ] GC(69) Using 3 workers
[2026-05-06T01:32:47.187+0100][10.618s][info][gc,phases   ] GC(69) Pause Mark Start 0.003ms
[2026-05-06T01:32:47.192+0100][10.622s][info][gc,phases   ] GC(69) Concurrent Mark 4.330ms
[2026-05-06T01:32:47.192+0100][10.622s][info][gc,phases   ] GC(69) Pause Mark End 0.004ms
[2026-05-06T01:32:47.192+0100][10.622s][info][gc,phases   ] GC(69) Concurrent Mark Free 0.000ms
[2026-05-06T01:32:47.194+0100][10.624s][info][gc,phases   ] GC(69) Concurrent Process Non-Strong References 1.772ms
[2026-05-06T01:32:47.194+0100][10.624s][info][gc,phases   ] GC(69) Concurrent Reset Relocation Set 0.001ms
[2026-05-06T01:32:47.194+0100][10.625s][info][gc,phases   ] GC(69) Concurrent Select Relocation Set 0.606ms
[2026-05-06T01:32:47.194+0100][10.625s][info][gc,phases   ] GC(69) Pause Relocate Start 0.002ms
[2026-05-06T01:32:47.194+0100][10.625s][info][gc,phases   ] GC(69) Concurrent Relocate 0.183ms
[2026-05-06T01:32:47.194+0100][10.625s][info][gc,load     ] GC(69) Load: 2.72/2.93/3.48
[2026-05-06T01:32:47.194+0100][10.625s][info][gc,mmu      ] GC(69) MMU: 2ms/95.6%, 5ms/98.2%, 10ms/99.1%, 20ms/99.6%, 50ms/99.8%, 100ms/99.9%
[2026-05-06T01:32:47.194+0100][10.625s][info][gc,marking  ] GC(69) Mark: 2 stripe(s), 2 proactive flush(es), 1 terminate flush(es), 0 completion(s), 0 continuation(s) 
[2026-05-06T01:32:47.194+0100][10.625s][info][gc,marking  ] GC(69) Mark Stack Usage: 32M
[2026-05-06T01:32:47.194+0100][10.625s][info][gc,nmethod  ] GC(69) NMethods: 3928 registered, 713 unregistered
[2026-05-06T01:32:47.194+0100][10.625s][info][gc,metaspace] GC(69) Metaspace: 18M used, 19M committed, 1088M reserved
[2026-05-06T01:32:47.194+0100][10.625s][info][gc,ref      ] GC(69) Soft: 4238 encountered, 0 discovered, 0 enqueued
[2026-05-06T01:32:47.194+0100][10.625s][info][gc,ref      ] GC(69) Weak: 2367 encountered, 938 discovered, 0 enqueued
[2026-05-06T01:32:47.194+0100][10.625s][info][gc,ref      ] GC(69) Final: 6 encountered, 6 discovered, 0 enqueued
[2026-05-06T01:32:47.194+0100][10.625s][info][gc,ref      ] GC(69) Phantom: 270 encountered, 149 discovered, 0 enqueued
[2026-05-06T01:32:47.195+0100][10.625s][info][gc,reloc    ] GC(69) Small Pages: 10 / 20M, Empty: 0M, Relocated: 1M, In-Place: 0
[2026-05-06T01:32:47.195+0100][10.625s][info][gc,reloc    ] GC(69) Medium Pages: 1 / 32M, Empty: 0M, Relocated: 0M, In-Place: 0
[2026-05-06T01:32:47.195+0100][10.625s][info][gc,reloc    ] GC(69) Large Pages: 10 / 1214M, Empty: 876M, Relocated: 0M, In-Place: 0
[2026-05-06T01:32:47.195+0100][10.625s][info][gc,reloc    ] GC(69) Forwarding Usage: 0M
[2026-05-06T01:32:47.195+0100][10.625s][info][gc,heap     ] GC(69) Min Capacity: 8M(0%)
[2026-05-06T01:32:47.195+0100][10.625s][info][gc,heap     ] GC(69) Max Capacity: 4096M(100%)
[2026-05-06T01:32:47.195+0100][10.625s][info][gc,heap     ] GC(69) Soft Max Capacity: 4096M(100%)
[2026-05-06T01:32:47.195+0100][10.625s][info][gc,heap     ] GC(69)                Mark Start          Mark End        Relocate Start      Relocate End           High               Low         
[2026-05-06T01:32:47.195+0100][10.625s][info][gc,heap     ] GC(69)  Capacity:     2544M (62%)        2544M (62%)        2544M (62%)        2544M (62%)        2544M (62%)        2544M (62%)    
[2026-05-06T01:32:47.195+0100][10.625s][info][gc,heap     ] GC(69)      Free:     2830M (69%)        2830M (69%)        3706M (90%)        3706M (90%)        3706M (90%)        2830M (69%)    
[2026-05-06T01:32:47.195+0100][10.625s][info][gc,heap     ] GC(69)      Used:     1266M (31%)        1266M (31%)         390M (10%)         390M (10%)        1266M (31%)         390M (10%)    
[2026-05-06T01:32:47.195+0100][10.625s][info][gc,heap     ] GC(69)      Live:         -               351M (9%)          351M (9%)          351M (9%)             -                  -          
[2026-05-06T01:32:47.195+0100][10.625s][info][gc,heap     ] GC(69) Allocated:         -                 0M (0%)            0M (0%)            1M (0%)             -                  -          
[2026-05-06T01:32:47.195+0100][10.625s][info][gc,heap     ] GC(69)   Garbage:         -               914M (22%)          38M (1%)           36M (1%)             -                  -          
[2026-05-06T01:32:47.195+0100][10.625s][info][gc,heap     ] GC(69) Reclaimed:         -                  -               876M (21%)         877M (21%)            -                  -          
[2026-05-06T01:32:47.195+0100][10.625s][info][gc          ] GC(69) Garbage Collection (Warmup) 1266M(31%)->390M(10%)
[2026-05-06T01:32:47.690+0100][11.120s][info][gc,start    ] GC(70) Garbage Collection (Proactive)
[2026-05-06T01:32:47.690+0100][11.120s][info][gc,task     ] GC(70) Using 3 workers
[2026-05-06T01:32:47.690+0100][11.120s][info][gc,phases   ] GC(70) Pause Mark Start 0.002ms
[2026-05-06T01:32:47.694+0100][11.125s][info][gc,phases   ] GC(70) Concurrent Mark 4.519ms
[2026-05-06T01:32:47.695+0100][11.125s][info][gc,phases   ] GC(70) Pause Mark End 0.005ms
[2026-05-06T01:32:47.695+0100][11.125s][info][gc,phases   ] GC(70) Concurrent Mark Free 0.000ms
[2026-05-06T01:32:47.696+0100][11.127s][info][gc,phases   ] GC(70) Concurrent Process Non-Strong References 1.753ms
[2026-05-06T01:32:47.696+0100][11.127s][info][gc,phases   ] GC(70) Concurrent Reset Relocation Set 0.001ms
[2026-05-06T01:32:47.697+0100][11.127s][info][gc,phases   ] GC(70) Concurrent Select Relocation Set 0.597ms
[2026-05-06T01:32:47.697+0100][11.127s][info][gc,phases   ] GC(70) Pause Relocate Start 0.002ms
[2026-05-06T01:32:47.697+0100][11.128s][info][gc,phases   ] GC(70) Concurrent Relocate 0.275ms
[2026-05-06T01:32:47.697+0100][11.128s][info][gc,load     ] GC(70) Load: 2.72/2.93/3.48
[2026-05-06T01:32:47.697+0100][11.128s][info][gc,mmu      ] GC(70) MMU: 2ms/95.6%, 5ms/98.2%, 10ms/99.1%, 20ms/99.6%, 50ms/99.8%, 100ms/99.9%
[2026-05-06T01:32:47.697+0100][11.128s][info][gc,marking  ] GC(70) Mark: 2 stripe(s), 2 proactive flush(es), 1 terminate flush(es), 0 completion(s), 0 continuation(s) 
[2026-05-06T01:32:47.697+0100][11.128s][info][gc,marking  ] GC(70) Mark Stack Usage: 32M
[2026-05-06T01:32:47.697+0100][11.128s][info][gc,nmethod  ] GC(70) NMethods: 3929 registered, 713 unregistered
[2026-05-06T01:32:47.697+0100][11.128s][info][gc,metaspace] GC(70) Metaspace: 18M used, 19M committed, 1088M reserved
[2026-05-06T01:32:47.697+0100][11.128s][info][gc,ref      ] GC(70) Soft: 4238 encountered, 0 discovered, 0 enqueued
[2026-05-06T01:32:47.697+0100][11.128s][info][gc,ref      ] GC(70) Weak: 2368 encountered, 344 discovered, 0 enqueued
[2026-05-06T01:32:47.697+0100][11.128s][info][gc,ref      ] GC(70) Final: 6 encountered, 6 discovered, 0 enqueued
[2026-05-06T01:32:47.697+0100][11.128s][info][gc,ref      ] GC(70) Phantom: 270 encountered, 178 discovered, 0 enqueued
[2026-05-06T01:32:47.697+0100][11.128s][info][gc,reloc    ] GC(70) Small Pages: 10 / 20M, Empty: 0M, Relocated: 1M, In-Place: 0
[2026-05-06T01:32:47.697+0100][11.128s][info][gc,reloc    ] GC(70) Medium Pages: 1 / 32M, Empty: 0M, Relocated: 0M, In-Place: 0
[2026-05-06T01:32:47.697+0100][11.128s][info][gc,reloc    ] GC(70) Large Pages: 7 / 776M, Empty: 584M, Relocated: 0M, In-Place: 0
[2026-05-06T01:32:47.697+0100][11.128s][info][gc,reloc    ] GC(70) Forwarding Usage: 0M
[2026-05-06T01:32:47.697+0100][11.128s][info][gc,heap     ] GC(70) Min Capacity: 8M(0%)
[2026-05-06T01:32:47.697+0100][11.128s][info][gc,heap     ] GC(70) Max Capacity: 4096M(100%)
[2026-05-06T01:32:47.697+0100][11.128s][info][gc,heap     ] GC(70) Soft Max Capacity: 4096M(100%)
[2026-05-06T01:32:47.697+0100][11.128s][info][gc,heap     ] GC(70)                Mark Start          Mark End        Relocate Start      Relocate End           High               Low         
[2026-05-06T01:32:47.697+0100][11.128s][info][gc,heap     ] GC(70)  Capacity:     2544M (62%)        2544M (62%)        2544M (62%)        2544M (62%)        2544M (62%)        2544M (62%)    
[2026-05-06T01:32:47.697+0100][11.128s][info][gc,heap     ] GC(70)      Free:     3268M (80%)        3268M (80%)        3852M (94%)        3852M (94%)        3852M (94%)        3268M (80%)    
[2026-05-06T01:32:47.697+0100][11.128s][info][gc,heap     ] GC(70)      Used:      828M (20%)         828M (20%)         244M (6%)          244M (6%)          828M (20%)         244M (6%)     
[2026-05-06T01:32:47.697+0100][11.128s][info][gc,heap     ] GC(70)      Live:         -               205M (5%)          205M (5%)          205M (5%)             -                  -          
[2026-05-06T01:32:47.697+0100][11.128s][info][gc,heap     ] GC(70) Allocated:         -                 0M (0%)            0M (0%)            1M (0%)             -                  -          
[2026-05-06T01:32:47.697+0100][11.128s][info][gc,heap     ] GC(70)   Garbage:         -               622M (15%)          38M (1%)           36M (1%)             -                  -          
[2026-05-06T01:32:47.697+0100][11.128s][info][gc,heap     ] GC(70) Reclaimed:         -                  -               584M (14%)         585M (14%)            -                  -          
[2026-05-06T01:32:47.697+0100][11.128s][info][gc          ] GC(70) Garbage Collection (Proactive) 828M(20%)->244M(6%)
[2026-05-06T01:32:48.090+0100][11.521s][info][gc,start    ] GC(71) Garbage Collection (Proactive)
[2026-05-06T01:32:48.090+0100][11.521s][info][gc,task     ] GC(71) Using 3 workers
[2026-05-06T01:32:48.090+0100][11.521s][info][gc,phases   ] GC(71) Pause Mark Start 0.009ms
[2026-05-06T01:32:48.096+0100][11.527s][info][gc,phases   ] GC(71) Concurrent Mark 5.761ms
[2026-05-06T01:32:48.096+0100][11.527s][info][gc,phases   ] GC(71) Pause Mark End 0.006ms
[2026-05-06T01:32:48.096+0100][11.527s][info][gc,phases   ] GC(71) Concurrent Mark Free 0.000ms
[2026-05-06T01:32:48.099+0100][11.529s][info][gc,phases   ] GC(71) Concurrent Process Non-Strong References 2.732ms
[2026-05-06T01:32:48.099+0100][11.530s][info][gc,phases   ] GC(71) Concurrent Reset Relocation Set 0.000ms
[2026-05-06T01:32:48.100+0100][11.530s][info][gc,phases   ] GC(71) Concurrent Select Relocation Set 0.690ms
[2026-05-06T01:32:48.100+0100][11.530s][info][gc,phases   ] GC(71) Pause Relocate Start 0.003ms
[2026-05-06T01:32:48.100+0100][11.531s][info][gc,phases   ] GC(71) Concurrent Relocate 0.209ms
[2026-05-06T01:32:48.100+0100][11.531s][info][gc,load     ] GC(71) Load: 2.72/2.93/3.48
[2026-05-06T01:32:48.100+0100][11.531s][info][gc,mmu      ] GC(71) MMU: 2ms/95.6%, 5ms/98.2%, 10ms/99.1%, 20ms/99.6%, 50ms/99.8%, 100ms/99.9%
[2026-05-06T01:32:48.100+0100][11.531s][info][gc,marking  ] GC(71) Mark: 2 stripe(s), 2 proactive flush(es), 1 terminate flush(es), 0 completion(s), 0 continuation(s) 
[2026-05-06T01:32:48.100+0100][11.531s][info][gc,marking  ] GC(71) Mark Stack Usage: 32M
[2026-05-06T01:32:48.100+0100][11.531s][info][gc,nmethod  ] GC(71) NMethods: 3929 registered, 713 unregistered
[2026-05-06T01:32:48.100+0100][11.531s][info][gc,metaspace] GC(71) Metaspace: 18M used, 19M committed, 1088M reserved
[2026-05-06T01:32:48.100+0100][11.531s][info][gc,ref      ] GC(71) Soft: 4238 encountered, 0 discovered, 0 enqueued
[2026-05-06T01:32:48.100+0100][11.531s][info][gc,ref      ] GC(71) Weak: 2368 encountered, 172 discovered, 0 enqueued
[2026-05-06T01:32:48.100+0100][11.531s][info][gc,ref      ] GC(71) Final: 6 encountered, 6 discovered, 0 enqueued
[2026-05-06T01:32:48.100+0100][11.531s][info][gc,ref      ] GC(71) Phantom: 270 encountered, 181 discovered, 0 enqueued
[2026-05-06T01:32:48.100+0100][11.531s][info][gc,reloc    ] GC(71) Small Pages: 10 / 20M, Empty: 0M, Relocated: 1M, In-Place: 0
[2026-05-06T01:32:48.100+0100][11.531s][info][gc,reloc    ] GC(71) Medium Pages: 1 / 32M, Empty: 0M, Relocated: 0M, In-Place: 0
[2026-05-06T01:32:48.100+0100][11.531s][info][gc,reloc    ] GC(71) Large Pages: 6 / 630M, Empty: 292M, Relocated: 0M, In-Place: 0
[2026-05-06T01:32:48.100+0100][11.531s][info][gc,reloc    ] GC(71) Forwarding Usage: 0M
[2026-05-06T01:32:48.100+0100][11.531s][info][gc,heap     ] GC(71) Min Capacity: 8M(0%)
[2026-05-06T01:32:48.100+0100][11.531s][info][gc,heap     ] GC(71) Max Capacity: 4096M(100%)
[2026-05-06T01:32:48.100+0100][11.531s][info][gc,heap     ] GC(71) Soft Max Capacity: 4096M(100%)
[2026-05-06T01:32:48.100+0100][11.531s][info][gc,heap     ] GC(71)                Mark Start          Mark End        Relocate Start      Relocate End           High               Low         
[2026-05-06T01:32:48.100+0100][11.531s][info][gc,heap     ] GC(71)  Capacity:     2544M (62%)        2544M (62%)        2544M (62%)        2544M (62%)        2544M (62%)        2544M (62%)    
[2026-05-06T01:32:48.100+0100][11.531s][info][gc,heap     ] GC(71)      Free:     3414M (83%)        3414M (83%)        3706M (90%)        3706M (90%)        3706M (90%)        3414M (83%)    
[2026-05-06T01:32:48.100+0100][11.531s][info][gc,heap     ] GC(71)      Used:      682M (17%)         682M (17%)         390M (10%)         390M (10%)         682M (17%)         390M (10%)    
[2026-05-06T01:32:48.100+0100][11.531s][info][gc,heap     ] GC(71)      Live:         -               351M (9%)          351M (9%)          351M (9%)             -                  -          
[2026-05-06T01:32:48.100+0100][11.531s][info][gc,heap     ] GC(71) Allocated:         -                 0M (0%)            0M (0%)            1M (0%)             -                  -          
[2026-05-06T01:32:48.100+0100][11.531s][info][gc,heap     ] GC(71)   Garbage:         -               330M (8%)           38M (1%)           36M (1%)             -                  -          
[2026-05-06T01:32:48.100+0100][11.531s][info][gc,heap     ] GC(71) Reclaimed:         -                  -               292M (7%)          293M (7%)             -                  -          
[2026-05-06T01:32:48.100+0100][11.531s][info][gc          ] GC(71) Garbage Collection (Proactive) 682M(17%)->390M(10%)
[2026-05-06T01:32:48.144+0100][11.575s][info][gc,start    ] GC(72) Garbage Collection (System.gc())
[2026-05-06T01:32:48.144+0100][11.575s][info][gc,task     ] GC(72) Using 3 workers
[2026-05-06T01:32:48.144+0100][11.575s][info][gc,phases   ] GC(72) Pause Mark Start 0.002ms
[2026-05-06T01:32:48.149+0100][11.579s][info][gc,phases   ] GC(72) Concurrent Mark 4.133ms
[2026-05-06T01:32:48.149+0100][11.579s][info][gc,phases   ] GC(72) Pause Mark End 0.003ms
[2026-05-06T01:32:48.149+0100][11.579s][info][gc,phases   ] GC(72) Concurrent Mark Free 0.000ms
[2026-05-06T01:32:48.150+0100][11.581s][info][gc,phases   ] GC(72) Concurrent Process Non-Strong References 1.696ms
[2026-05-06T01:32:48.150+0100][11.581s][info][gc,phases   ] GC(72) Concurrent Reset Relocation Set 0.000ms
[2026-05-06T01:32:48.151+0100][11.581s][info][gc,phases   ] GC(72) Concurrent Select Relocation Set 0.624ms
[2026-05-06T01:32:48.151+0100][11.581s][info][gc,phases   ] GC(72) Pause Relocate Start 0.002ms
[2026-05-06T01:32:48.151+0100][11.582s][info][gc,phases   ] GC(72) Concurrent Relocate 0.184ms
[2026-05-06T01:32:48.151+0100][11.582s][info][gc,load     ] GC(72) Load: 2.72/2.93/3.48
[2026-05-06T01:32:48.151+0100][11.582s][info][gc,mmu      ] GC(72) MMU: 2ms/95.6%, 5ms/98.2%, 10ms/99.1%, 20ms/99.6%, 50ms/99.8%, 100ms/99.9%
[2026-05-06T01:32:48.151+0100][11.582s][info][gc,marking  ] GC(72) Mark: 2 stripe(s), 1 proactive flush(es), 1 terminate flush(es), 0 completion(s), 0 continuation(s) 
[2026-05-06T01:32:48.151+0100][11.582s][info][gc,marking  ] GC(72) Mark Stack Usage: 32M
[2026-05-06T01:32:48.151+0100][11.582s][info][gc,nmethod  ] GC(72) NMethods: 3929 registered, 713 unregistered
[2026-05-06T01:32:48.151+0100][11.582s][info][gc,metaspace] GC(72) Metaspace: 18M used, 19M committed, 1088M reserved
[2026-05-06T01:32:48.151+0100][11.582s][info][gc,ref      ] GC(72) Soft: 4238 encountered, 0 discovered, 0 enqueued
[2026-05-06T01:32:48.151+0100][11.582s][info][gc,ref      ] GC(72) Weak: 2367 encountered, 381 discovered, 0 enqueued
[2026-05-06T01:32:48.151+0100][11.582s][info][gc,ref      ] GC(72) Final: 6 encountered, 0 discovered, 0 enqueued
[2026-05-06T01:32:48.151+0100][11.582s][info][gc,ref      ] GC(72) Phantom: 270 encountered, 170 discovered, 0 enqueued
[2026-05-06T01:32:48.151+0100][11.582s][info][gc,reloc    ] GC(72) Small Pages: 10 / 20M, Empty: 2M, Relocated: 1M, In-Place: 0
[2026-05-06T01:32:48.151+0100][11.582s][info][gc,reloc    ] GC(72) Medium Pages: 1 / 32M, Empty: 0M, Relocated: 0M, In-Place: 0
[2026-05-06T01:32:48.151+0100][11.582s][info][gc,reloc    ] GC(72) Large Pages: 4 / 338M, Empty: 146M, Relocated: 0M, In-Place: 0
[2026-05-06T01:32:48.151+0100][11.582s][info][gc,reloc    ] GC(72) Forwarding Usage: 0M
[2026-05-06T01:32:48.151+0100][11.582s][info][gc,heap     ] GC(72) Min Capacity: 8M(0%)
[2026-05-06T01:32:48.151+0100][11.582s][info][gc,heap     ] GC(72) Max Capacity: 4096M(100%)
[2026-05-06T01:32:48.151+0100][11.582s][info][gc,heap     ] GC(72) Soft Max Capacity: 4096M(100%)
[2026-05-06T01:32:48.151+0100][11.582s][info][gc,heap     ] GC(72)                Mark Start          Mark End        Relocate Start      Relocate End           High               Low         
[2026-05-06T01:32:48.151+0100][11.582s][info][gc,heap     ] GC(72)  Capacity:     2544M (62%)        2544M (62%)        2544M (62%)        2544M (62%)        2544M (62%)        2544M (62%)    
[2026-05-06T01:32:48.151+0100][11.582s][info][gc,heap     ] GC(72)      Free:     3706M (90%)        3706M (90%)        3854M (94%)        3854M (94%)        3854M (94%)        3706M (90%)    
[2026-05-06T01:32:48.151+0100][11.582s][info][gc,heap     ] GC(72)      Used:      390M (10%)         390M (10%)         242M (6%)          242M (6%)          390M (10%)         242M (6%)     
[2026-05-06T01:32:48.151+0100][11.582s][info][gc,heap     ] GC(72)      Live:         -               205M (5%)          205M (5%)          205M (5%)             -                  -          
[2026-05-06T01:32:48.151+0100][11.582s][info][gc,heap     ] GC(72) Allocated:         -                 0M (0%)            0M (0%)            0M (0%)             -                  -          
[2026-05-06T01:32:48.151+0100][11.582s][info][gc,heap     ] GC(72)   Garbage:         -               184M (5%)           36M (1%)           36M (1%)             -                  -          
[2026-05-06T01:32:48.151+0100][11.582s][info][gc,heap     ] GC(72) Reclaimed:         -                  -               148M (4%)          148M (4%)             -                  -          
[2026-05-06T01:32:48.151+0100][11.582s][info][gc          ] GC(72) Garbage Collection (System.gc()) 390M(10%)->242M(6%)
[2026-05-06T01:32:48.790+0100][12.220s][info][gc,start    ] GC(73) Garbage Collection (Proactive)
[2026-05-06T01:32:48.790+0100][12.221s][info][gc,task     ] GC(73) Using 3 workers
[2026-05-06T01:32:48.790+0100][12.221s][info][gc,phases   ] GC(73) Pause Mark Start 0.003ms
[2026-05-06T01:32:48.794+0100][12.225s][info][gc,phases   ] GC(73) Concurrent Mark 4.215ms
[2026-05-06T01:32:48.794+0100][12.225s][info][gc,phases   ] GC(73) Pause Mark End 0.004ms
[2026-05-06T01:32:48.794+0100][12.225s][info][gc,phases   ] GC(73) Concurrent Mark Free 0.000ms
[2026-05-06T01:32:48.796+0100][12.227s][info][gc,phases   ] GC(73) Concurrent Process Non-Strong References 1.788ms
[2026-05-06T01:32:48.796+0100][12.227s][info][gc,phases   ] GC(73) Concurrent Reset Relocation Set 0.001ms
[2026-05-06T01:32:48.797+0100][12.227s][info][gc,phases   ] GC(73) Concurrent Select Relocation Set 0.670ms
[2026-05-06T01:32:48.797+0100][12.227s][info][gc,phases   ] GC(73) Pause Relocate Start 0.002ms
[2026-05-06T01:32:48.797+0100][12.228s][info][gc,phases   ] GC(73) Concurrent Relocate 0.190ms
[2026-05-06T01:32:48.797+0100][12.228s][info][gc,load     ] GC(73) Load: 2.72/2.93/3.48
[2026-05-06T01:32:48.797+0100][12.228s][info][gc,mmu      ] GC(73) MMU: 2ms/95.6%, 5ms/98.2%, 10ms/99.1%, 20ms/99.6%, 50ms/99.8%, 100ms/99.9%
[2026-05-06T01:32:48.797+0100][12.228s][info][gc,marking  ] GC(73) Mark: 2 stripe(s), 3 proactive flush(es), 1 terminate flush(es), 0 completion(s), 0 continuation(s) 
[2026-05-06T01:32:48.797+0100][12.228s][info][gc,marking  ] GC(73) Mark Stack Usage: 32M
[2026-05-06T01:32:48.797+0100][12.228s][info][gc,nmethod  ] GC(73) NMethods: 3929 registered, 713 unregistered
[2026-05-06T01:32:48.797+0100][12.228s][info][gc,metaspace] GC(73) Metaspace: 18M used, 19M committed, 1088M reserved
[2026-05-06T01:32:48.797+0100][12.228s][info][gc,ref      ] GC(73) Soft: 4238 encountered, 0 discovered, 0 enqueued
[2026-05-06T01:32:48.797+0100][12.228s][info][gc,ref      ] GC(73) Weak: 2368 encountered, 355 discovered, 0 enqueued
[2026-05-06T01:32:48.797+0100][12.228s][info][gc,ref      ] GC(73) Final: 6 encountered, 6 discovered, 0 enqueued
[2026-05-06T01:32:48.797+0100][12.228s][info][gc,ref      ] GC(73) Phantom: 270 encountered, 203 discovered, 0 enqueued
[2026-05-06T01:32:48.797+0100][12.228s][info][gc,reloc    ] GC(73) Small Pages: 10 / 20M, Empty: 0M, Relocated: 1M, In-Place: 0
[2026-05-06T01:32:48.797+0100][12.228s][info][gc,reloc    ] GC(73) Medium Pages: 1 / 32M, Empty: 0M, Relocated: 0M, In-Place: 0
[2026-05-06T01:32:48.797+0100][12.228s][info][gc,reloc    ] GC(73) Large Pages: 7 / 776M, Empty: 584M, Relocated: 0M, In-Place: 0
[2026-05-06T01:32:48.797+0100][12.228s][info][gc,reloc    ] GC(73) Forwarding Usage: 0M
[2026-05-06T01:32:48.797+0100][12.228s][info][gc,heap     ] GC(73) Min Capacity: 8M(0%)
[2026-05-06T01:32:48.797+0100][12.228s][info][gc,heap     ] GC(73) Max Capacity: 4096M(100%)
[2026-05-06T01:32:48.797+0100][12.228s][info][gc,heap     ] GC(73) Soft Max Capacity: 4096M(100%)
[2026-05-06T01:32:48.797+0100][12.228s][info][gc,heap     ] GC(73)                Mark Start          Mark End        Relocate Start      Relocate End           High               Low         
[2026-05-06T01:32:48.797+0100][12.228s][info][gc,heap     ] GC(73)  Capacity:     2544M (62%)        2544M (62%)        2544M (62%)        2544M (62%)        2544M (62%)        2544M (62%)    
[2026-05-06T01:32:48.797+0100][12.228s][info][gc,heap     ] GC(73)      Free:     3268M (80%)        3268M (80%)        3852M (94%)        3852M (94%)        3852M (94%)        3268M (80%)    
[2026-05-06T01:32:48.797+0100][12.228s][info][gc,heap     ] GC(73)      Used:      828M (20%)         828M (20%)         244M (6%)          244M (6%)          828M (20%)         244M (6%)     
[2026-05-06T01:32:48.797+0100][12.228s][info][gc,heap     ] GC(73)      Live:         -               205M (5%)          205M (5%)          205M (5%)             -                  -          
[2026-05-06T01:32:48.797+0100][12.228s][info][gc,heap     ] GC(73) Allocated:         -                 0M (0%)            0M (0%)            1M (0%)             -                  -          
[2026-05-06T01:32:48.797+0100][12.228s][info][gc,heap     ] GC(73)   Garbage:         -               622M (15%)          38M (1%)           36M (1%)             -                  -          
[2026-05-06T01:32:48.797+0100][12.228s][info][gc,heap     ] GC(73) Reclaimed:         -                  -               584M (14%)         585M (14%)            -                  -          
[2026-05-06T01:32:48.797+0100][12.228s][info][gc          ] GC(73) Garbage Collection (Proactive) 828M(20%)->244M(6%)
[2026-05-06T01:32:49.290+0100][12.721s][info][gc,start    ] GC(74) Garbage Collection (Proactive)
[2026-05-06T01:32:49.290+0100][12.721s][info][gc,task     ] GC(74) Using 3 workers
[2026-05-06T01:32:49.290+0100][12.721s][info][gc,phases   ] GC(74) Pause Mark Start 0.003ms
[2026-05-06T01:32:49.294+0100][12.725s][info][gc,phases   ] GC(74) Concurrent Mark 3.934ms
[2026-05-06T01:32:49.294+0100][12.725s][info][gc,phases   ] GC(74) Pause Mark End 0.003ms
[2026-05-06T01:32:49.294+0100][12.725s][info][gc,phases   ] GC(74) Concurrent Mark Free 0.000ms
[2026-05-06T01:32:49.296+0100][12.726s][info][gc,phases   ] GC(74) Concurrent Process Non-Strong References 1.723ms
[2026-05-06T01:32:49.296+0100][12.726s][info][gc,phases   ] GC(74) Concurrent Reset Relocation Set 0.000ms
[2026-05-06T01:32:49.297+0100][12.727s][info][gc,phases   ] GC(74) Concurrent Select Relocation Set 0.600ms
[2026-05-06T01:32:49.297+0100][12.727s][info][gc,phases   ] GC(74) Pause Relocate Start 0.002ms
[2026-05-06T01:32:49.297+0100][12.727s][info][gc,phases   ] GC(74) Concurrent Relocate 0.182ms
[2026-05-06T01:32:49.297+0100][12.727s][info][gc,load     ] GC(74) Load: 2.72/2.93/3.48
[2026-05-06T01:32:49.297+0100][12.727s][info][gc,mmu      ] GC(74) MMU: 2ms/95.6%, 5ms/98.2%, 10ms/99.1%, 20ms/99.6%, 50ms/99.8%, 100ms/99.9%
[2026-05-06T01:32:49.297+0100][12.727s][info][gc,marking  ] GC(74) Mark: 2 stripe(s), 2 proactive flush(es), 1 terminate flush(es), 0 completion(s), 0 continuation(s) 
[2026-05-06T01:32:49.297+0100][12.727s][info][gc,marking  ] GC(74) Mark Stack Usage: 32M
[2026-05-06T01:32:49.297+0100][12.727s][info][gc,nmethod  ] GC(74) NMethods: 3929 registered, 713 unregistered
[2026-05-06T01:32:49.297+0100][12.727s][info][gc,metaspace] GC(74) Metaspace: 18M used, 19M committed, 1088M reserved
[2026-05-06T01:32:49.297+0100][12.727s][info][gc,ref      ] GC(74) Soft: 4238 encountered, 0 discovered, 0 enqueued
[2026-05-06T01:32:49.297+0100][12.727s][info][gc,ref      ] GC(74) Weak: 2368 encountered, 806 discovered, 0 enqueued
[2026-05-06T01:32:49.297+0100][12.727s][info][gc,ref      ] GC(74) Final: 6 encountered, 6 discovered, 0 enqueued
[2026-05-06T01:32:49.297+0100][12.727s][info][gc,ref      ] GC(74) Phantom: 270 encountered, 192 discovered, 0 enqueued
[2026-05-06T01:32:49.297+0100][12.727s][info][gc,reloc    ] GC(74) Small Pages: 10 / 20M, Empty: 0M, Relocated: 1M, In-Place: 0
[2026-05-06T01:32:49.297+0100][12.727s][info][gc,reloc    ] GC(74) Medium Pages: 1 / 32M, Empty: 0M, Relocated: 0M, In-Place: 0
[2026-05-06T01:32:49.297+0100][12.727s][info][gc,reloc    ] GC(74) Large Pages: 6 / 630M, Empty: 438M, Relocated: 0M, In-Place: 0
[2026-05-06T01:32:49.297+0100][12.727s][info][gc,reloc    ] GC(74) Forwarding Usage: 0M
[2026-05-06T01:32:49.297+0100][12.727s][info][gc,heap     ] GC(74) Min Capacity: 8M(0%)
[2026-05-06T01:32:49.297+0100][12.727s][info][gc,heap     ] GC(74) Max Capacity: 4096M(100%)
[2026-05-06T01:32:49.297+0100][12.727s][info][gc,heap     ] GC(74) Soft Max Capacity: 4096M(100%)
[2026-05-06T01:32:49.297+0100][12.727s][info][gc,heap     ] GC(74)                Mark Start          Mark End        Relocate Start      Relocate End           High               Low         
[2026-05-06T01:32:49.297+0100][12.727s][info][gc,heap     ] GC(74)  Capacity:     2544M (62%)        2544M (62%)        2544M (62%)        2544M (62%)        2544M (62%)        2544M (62%)    
[2026-05-06T01:32:49.297+0100][12.727s][info][gc,heap     ] GC(74)      Free:     3414M (83%)        3414M (83%)        3852M (94%)        3852M (94%)        3852M (94%)        3414M (83%)    
[2026-05-06T01:32:49.297+0100][12.727s][info][gc,heap     ] GC(74)      Used:      682M (17%)         682M (17%)         244M (6%)          244M (6%)          682M (17%)         244M (6%)     
[2026-05-06T01:32:49.297+0100][12.727s][info][gc,heap     ] GC(74)      Live:         -               205M (5%)          205M (5%)          205M (5%)             -                  -          
[2026-05-06T01:32:49.297+0100][12.727s][info][gc,heap     ] GC(74) Allocated:         -                 0M (0%)            0M (0%)            1M (0%)             -                  -          
[2026-05-06T01:32:49.297+0100][12.727s][info][gc,heap     ] GC(74)   Garbage:         -               476M (12%)          38M (1%)           36M (1%)             -                  -          
[2026-05-06T01:32:49.297+0100][12.727s][info][gc,heap     ] GC(74) Reclaimed:         -                  -               438M (11%)         439M (11%)            -                  -          
[2026-05-06T01:32:49.297+0100][12.727s][info][gc          ] GC(74) Garbage Collection (Proactive) 682M(17%)->244M(6%)
[2026-05-06T01:32:49.790+0100][13.221s][info][gc,start    ] GC(75) Garbage Collection (Proactive)
[2026-05-06T01:32:49.790+0100][13.221s][info][gc,task     ] GC(75) Using 3 workers
[2026-05-06T01:32:49.790+0100][13.221s][info][gc,phases   ] GC(75) Pause Mark Start 0.003ms
[2026-05-06T01:32:49.795+0100][13.225s][info][gc,phases   ] GC(75) Concurrent Mark 4.420ms
[2026-05-06T01:32:49.795+0100][13.225s][info][gc,phases   ] GC(75) Pause Mark End 0.005ms
[2026-05-06T01:32:49.795+0100][13.225s][info][gc,phases   ] GC(75) Concurrent Mark Free 0.000ms
[2026-05-06T01:32:49.797+0100][13.227s][info][gc,phases   ] GC(75) Concurrent Process Non-Strong References 1.920ms
[2026-05-06T01:32:49.797+0100][13.227s][info][gc,phases   ] GC(75) Concurrent Reset Relocation Set 0.000ms
[2026-05-06T01:32:49.798+0100][13.228s][info][gc,phases   ] GC(75) Concurrent Select Relocation Set 0.601ms
[2026-05-06T01:32:49.798+0100][13.228s][info][gc,phases   ] GC(75) Pause Relocate Start 0.003ms
[2026-05-06T01:32:49.798+0100][13.228s][info][gc,phases   ] GC(75) Concurrent Relocate 0.187ms
[2026-05-06T01:32:49.798+0100][13.228s][info][gc,load     ] GC(75) Load: 2.72/2.93/3.48
[2026-05-06T01:32:49.798+0100][13.228s][info][gc,mmu      ] GC(75) MMU: 2ms/95.6%, 5ms/98.2%, 10ms/99.1%, 20ms/99.6%, 50ms/99.8%, 100ms/99.9%
[2026-05-06T01:32:49.798+0100][13.228s][info][gc,marking  ] GC(75) Mark: 2 stripe(s), 2 proactive flush(es), 1 terminate flush(es), 0 completion(s), 0 continuation(s) 
[2026-05-06T01:32:49.798+0100][13.228s][info][gc,marking  ] GC(75) Mark Stack Usage: 32M
[2026-05-06T01:32:49.798+0100][13.228s][info][gc,nmethod  ] GC(75) NMethods: 3932 registered, 713 unregistered
[2026-05-06T01:32:49.798+0100][13.228s][info][gc,metaspace] GC(75) Metaspace: 18M used, 19M committed, 1088M reserved
[2026-05-06T01:32:49.798+0100][13.228s][info][gc,ref      ] GC(75) Soft: 4238 encountered, 0 discovered, 0 enqueued
[2026-05-06T01:32:49.798+0100][13.228s][info][gc,ref      ] GC(75) Weak: 2369 encountered, 204 discovered, 0 enqueued
[2026-05-06T01:32:49.798+0100][13.228s][info][gc,ref      ] GC(75) Final: 6 encountered, 6 discovered, 0 enqueued
[2026-05-06T01:32:49.798+0100][13.228s][info][gc,ref      ] GC(75) Phantom: 270 encountered, 200 discovered, 0 enqueued
[2026-05-06T01:32:49.798+0100][13.228s][info][gc,reloc    ] GC(75) Small Pages: 10 / 20M, Empty: 0M, Relocated: 1M, In-Place: 0
[2026-05-06T01:32:49.798+0100][13.228s][info][gc,reloc    ] GC(75) Medium Pages: 1 / 32M, Empty: 0M, Relocated: 0M, In-Place: 0
[2026-05-06T01:32:49.798+0100][13.228s][info][gc,reloc    ] GC(75) Large Pages: 7 / 776M, Empty: 438M, Relocated: 0M, In-Place: 0
[2026-05-06T01:32:49.798+0100][13.228s][info][gc,reloc    ] GC(75) Forwarding Usage: 0M
[2026-05-06T01:32:49.798+0100][13.228s][info][gc,heap     ] GC(75) Min Capacity: 8M(0%)
[2026-05-06T01:32:49.798+0100][13.228s][info][gc,heap     ] GC(75) Max Capacity: 4096M(100%)
[2026-05-06T01:32:49.798+0100][13.228s][info][gc,heap     ] GC(75) Soft Max Capacity: 4096M(100%)
[2026-05-06T01:32:49.798+0100][13.228s][info][gc,heap     ] GC(75)                Mark Start          Mark End        Relocate Start      Relocate End           High               Low         
[2026-05-06T01:32:49.798+0100][13.228s][info][gc,heap     ] GC(75)  Capacity:     2544M (62%)        2544M (62%)        2544M (62%)        2544M (62%)        2544M (62%)        2544M (62%)    
[2026-05-06T01:32:49.798+0100][13.228s][info][gc,heap     ] GC(75)      Free:     3268M (80%)        3268M (80%)        3706M (90%)        3706M (90%)        3706M (90%)        3268M (80%)    
[2026-05-06T01:32:49.798+0100][13.228s][info][gc,heap     ] GC(75)      Used:      828M (20%)         828M (20%)         390M (10%)         390M (10%)         828M (20%)         390M (10%)    
[2026-05-06T01:32:49.798+0100][13.228s][info][gc,heap     ] GC(75)      Live:         -               351M (9%)          351M (9%)          351M (9%)             -                  -          
[2026-05-06T01:32:49.798+0100][13.228s][info][gc,heap     ] GC(75) Allocated:         -                 0M (0%)            0M (0%)            1M (0%)             -                  -          
[2026-05-06T01:32:49.798+0100][13.228s][info][gc,heap     ] GC(75)   Garbage:         -               476M (12%)          38M (1%)           36M (1%)             -                  -          
[2026-05-06T01:32:49.798+0100][13.228s][info][gc,heap     ] GC(75) Reclaimed:         -                  -               438M (11%)         439M (11%)            -                  -          
[2026-05-06T01:32:49.798+0100][13.228s][info][gc          ] GC(75) Garbage Collection (Proactive) 828M(20%)->390M(10%)
[2026-05-06T01:32:50.173+0100][13.604s][info][gc,start    ] GC(76) Garbage Collection (System.gc())
[2026-05-06T01:32:50.174+0100][13.604s][info][gc,task     ] GC(76) Using 3 workers
[2026-05-06T01:32:50.174+0100][13.604s][info][gc,phases   ] GC(76) Pause Mark Start 0.004ms
[2026-05-06T01:32:50.178+0100][13.608s][info][gc,phases   ] GC(76) Concurrent Mark 3.980ms
[2026-05-06T01:32:50.178+0100][13.608s][info][gc,phases   ] GC(76) Pause Mark End 0.004ms
[2026-05-06T01:32:50.178+0100][13.608s][info][gc,phases   ] GC(76) Concurrent Mark Free 0.000ms
[2026-05-06T01:32:50.179+0100][13.610s][info][gc,phases   ] GC(76) Concurrent Process Non-Strong References 1.821ms
[2026-05-06T01:32:50.179+0100][13.610s][info][gc,phases   ] GC(76) Concurrent Reset Relocation Set 0.001ms
[2026-05-06T01:32:50.180+0100][13.610s][info][gc,phases   ] GC(76) Concurrent Select Relocation Set 0.610ms
[2026-05-06T01:32:50.180+0100][13.610s][info][gc,phases   ] GC(76) Pause Relocate Start 0.002ms
[2026-05-06T01:32:50.180+0100][13.611s][info][gc,phases   ] GC(76) Concurrent Relocate 0.199ms
[2026-05-06T01:32:50.180+0100][13.611s][info][gc,load     ] GC(76) Load: 2.72/2.93/3.48
[2026-05-06T01:32:50.180+0100][13.611s][info][gc,mmu      ] GC(76) MMU: 2ms/95.6%, 5ms/98.2%, 10ms/99.1%, 20ms/99.6%, 50ms/99.8%, 100ms/99.9%
[2026-05-06T01:32:50.180+0100][13.611s][info][gc,marking  ] GC(76) Mark: 2 stripe(s), 1 proactive flush(es), 1 terminate flush(es), 0 completion(s), 0 continuation(s) 
[2026-05-06T01:32:50.180+0100][13.611s][info][gc,marking  ] GC(76) Mark Stack Usage: 32M
[2026-05-06T01:32:50.180+0100][13.611s][info][gc,nmethod  ] GC(76) NMethods: 3932 registered, 713 unregistered
[2026-05-06T01:32:50.180+0100][13.611s][info][gc,metaspace] GC(76) Metaspace: 18M used, 19M committed, 1088M reserved
[2026-05-06T01:32:50.180+0100][13.611s][info][gc,ref      ] GC(76) Soft: 4238 encountered, 0 discovered, 0 enqueued
[2026-05-06T01:32:50.180+0100][13.611s][info][gc,ref      ] GC(76) Weak: 2367 encountered, 180 discovered, 0 enqueued
[2026-05-06T01:32:50.180+0100][13.611s][info][gc,ref      ] GC(76) Final: 6 encountered, 0 discovered, 0 enqueued
[2026-05-06T01:32:50.180+0100][13.611s][info][gc,ref      ] GC(76) Phantom: 270 encountered, 177 discovered, 0 enqueued
[2026-05-06T01:32:50.180+0100][13.611s][info][gc,reloc    ] GC(76) Small Pages: 10 / 20M, Empty: 0M, Relocated: 1M, In-Place: 0
[2026-05-06T01:32:50.180+0100][13.611s][info][gc,reloc    ] GC(76) Medium Pages: 1 / 32M, Empty: 0M, Relocated: 0M, In-Place: 0
[2026-05-06T01:32:50.180+0100][13.611s][info][gc,reloc    ] GC(76) Large Pages: 6 / 630M, Empty: 438M, Relocated: 0M, In-Place: 0
[2026-05-06T01:32:50.180+0100][13.611s][info][gc,reloc    ] GC(76) Forwarding Usage: 0M
[2026-05-06T01:32:50.180+0100][13.611s][info][gc,heap     ] GC(76) Min Capacity: 8M(0%)
[2026-05-06T01:32:50.180+0100][13.611s][info][gc,heap     ] GC(76) Max Capacity: 4096M(100%)
[2026-05-06T01:32:50.180+0100][13.611s][info][gc,heap     ] GC(76) Soft Max Capacity: 4096M(100%)
[2026-05-06T01:32:50.180+0100][13.611s][info][gc,heap     ] GC(76)                Mark Start          Mark End        Relocate Start      Relocate End           High               Low         
[2026-05-06T01:32:50.180+0100][13.611s][info][gc,heap     ] GC(76)  Capacity:     2544M (62%)        2544M (62%)        2544M (62%)        2544M (62%)        2544M (62%)        2544M (62%)    
[2026-05-06T01:32:50.180+0100][13.611s][info][gc,heap     ] GC(76)      Free:     3414M (83%)        3414M (83%)        3852M (94%)        3854M (94%)        3854M (94%)        3414M (83%)    
[2026-05-06T01:32:50.180+0100][13.611s][info][gc,heap     ] GC(76)      Used:      682M (17%)         682M (17%)         244M (6%)          242M (6%)          682M (17%)         242M (6%)     
[2026-05-06T01:32:50.180+0100][13.611s][info][gc,heap     ] GC(76)      Live:         -               205M (5%)          205M (5%)          205M (5%)             -                  -          
[2026-05-06T01:32:50.180+0100][13.611s][info][gc,heap     ] GC(76) Allocated:         -                 0M (0%)            0M (0%)            0M (0%)             -                  -          
[2026-05-06T01:32:50.180+0100][13.611s][info][gc,heap     ] GC(76)   Garbage:         -               476M (12%)          38M (1%)           36M (1%)             -                  -          
[2026-05-06T01:32:50.180+0100][13.611s][info][gc,heap     ] GC(76) Reclaimed:         -                  -               438M (11%)         440M (11%)            -                  -          
[2026-05-06T01:32:50.180+0100][13.611s][info][gc          ] GC(76) Garbage Collection (System.gc()) 682M(17%)->242M(6%)
[2026-05-06T01:32:50.587+0100][14.018s][info][gc,start    ] GC(77) Garbage Collection (Proactive)
[2026-05-06T01:32:50.587+0100][14.018s][info][gc,task     ] GC(77) Using 3 workers
[2026-05-06T01:32:50.587+0100][14.018s][info][gc,phases   ] GC(77) Pause Mark Start 0.002ms
[2026-05-06T01:32:50.592+0100][14.022s][info][gc,phases   ] GC(77) Concurrent Mark 4.398ms
[2026-05-06T01:32:50.592+0100][14.022s][info][gc,phases   ] GC(77) Pause Mark End 0.003ms
[2026-05-06T01:32:50.592+0100][14.022s][info][gc,phases   ] GC(77) Concurrent Mark Free 0.000ms
[2026-05-06T01:32:50.594+0100][14.024s][info][gc,phases   ] GC(77) Concurrent Process Non-Strong References 1.759ms
[2026-05-06T01:32:50.594+0100][14.024s][info][gc,phases   ] GC(77) Concurrent Reset Relocation Set 0.000ms
[2026-05-06T01:32:50.594+0100][14.025s][info][gc,phases   ] GC(77) Concurrent Select Relocation Set 0.595ms
[2026-05-06T01:32:50.594+0100][14.025s][info][gc,phases   ] GC(77) Pause Relocate Start 0.001ms
[2026-05-06T01:32:50.594+0100][14.025s][info][gc,phases   ] GC(77) Concurrent Relocate 0.183ms
[2026-05-06T01:32:50.594+0100][14.025s][info][gc,load     ] GC(77) Load: 2.72/2.93/3.48
[2026-05-06T01:32:50.594+0100][14.025s][info][gc,mmu      ] GC(77) MMU: 2ms/95.6%, 5ms/98.2%, 10ms/99.1%, 20ms/99.6%, 50ms/99.8%, 100ms/99.9%
[2026-05-06T01:32:50.594+0100][14.025s][info][gc,marking  ] GC(77) Mark: 2 stripe(s), 2 proactive flush(es), 1 terminate flush(es), 0 completion(s), 0 continuation(s) 
[2026-05-06T01:32:50.595+0100][14.025s][info][gc,marking  ] GC(77) Mark Stack Usage: 32M
[2026-05-06T01:32:50.595+0100][14.025s][info][gc,nmethod  ] GC(77) NMethods: 3932 registered, 713 unregistered
[2026-05-06T01:32:50.595+0100][14.025s][info][gc,metaspace] GC(77) Metaspace: 18M used, 19M committed, 1088M reserved
[2026-05-06T01:32:50.595+0100][14.025s][info][gc,ref      ] GC(77) Soft: 4238 encountered, 0 discovered, 0 enqueued
[2026-05-06T01:32:50.595+0100][14.025s][info][gc,ref      ] GC(77) Weak: 2369 encountered, 191 discovered, 0 enqueued
[2026-05-06T01:32:50.595+0100][14.025s][info][gc,ref      ] GC(77) Final: 6 encountered, 6 discovered, 0 enqueued
[2026-05-06T01:32:50.595+0100][14.025s][info][gc,ref      ] GC(77) Phantom: 270 encountered, 170 discovered, 0 enqueued
[2026-05-06T01:32:50.595+0100][14.025s][info][gc,reloc    ] GC(77) Small Pages: 10 / 20M, Empty: 0M, Relocated: 1M, In-Place: 0
[2026-05-06T01:32:50.595+0100][14.025s][info][gc,reloc    ] GC(77) Medium Pages: 1 / 32M, Empty: 0M, Relocated: 0M, In-Place: 0
[2026-05-06T01:32:50.595+0100][14.025s][info][gc,reloc    ] GC(77) Large Pages: 6 / 630M, Empty: 292M, Relocated: 0M, In-Place: 0
[2026-05-06T01:32:50.595+0100][14.025s][info][gc,reloc    ] GC(77) Forwarding Usage: 0M
[2026-05-06T01:32:50.595+0100][14.025s][info][gc,heap     ] GC(77) Min Capacity: 8M(0%)
[2026-05-06T01:32:50.595+0100][14.025s][info][gc,heap     ] GC(77) Max Capacity: 4096M(100%)
[2026-05-06T01:32:50.595+0100][14.025s][info][gc,heap     ] GC(77) Soft Max Capacity: 4096M(100%)
[2026-05-06T01:32:50.595+0100][14.025s][info][gc,heap     ] GC(77)                Mark Start          Mark End        Relocate Start      Relocate End           High               Low         
[2026-05-06T01:32:50.595+0100][14.025s][info][gc,heap     ] GC(77)  Capacity:     2544M (62%)        2544M (62%)        2544M (62%)        2544M (62%)        2544M (62%)        2544M (62%)    
[2026-05-06T01:32:50.595+0100][14.025s][info][gc,heap     ] GC(77)      Free:     3414M (83%)        3414M (83%)        3706M (90%)        3706M (90%)        3706M (90%)        3414M (83%)    
[2026-05-06T01:32:50.595+0100][14.025s][info][gc,heap     ] GC(77)      Used:      682M (17%)         682M (17%)         390M (10%)         390M (10%)         682M (17%)         390M (10%)    
[2026-05-06T01:32:50.595+0100][14.025s][info][gc,heap     ] GC(77)      Live:         -               351M (9%)          351M (9%)          351M (9%)             -                  -          
[2026-05-06T01:32:50.595+0100][14.025s][info][gc,heap     ] GC(77) Allocated:         -                 0M (0%)            0M (0%)            1M (0%)             -                  -          
[2026-05-06T01:32:50.595+0100][14.025s][info][gc,heap     ] GC(77)   Garbage:         -               330M (8%)           38M (1%)           36M (1%)             -                  -          
[2026-05-06T01:32:50.595+0100][14.025s][info][gc,heap     ] GC(77) Reclaimed:         -                  -               292M (7%)          293M (7%)             -                  -          
[2026-05-06T01:32:50.595+0100][14.025s][info][gc          ] GC(77) Garbage Collection (Proactive) 682M(17%)->390M(10%)
[2026-05-06T01:32:51.088+0100][14.518s][info][gc,start    ] GC(78) Garbage Collection (Proactive)
[2026-05-06T01:32:51.088+0100][14.518s][info][gc,task     ] GC(78) Using 3 workers
[2026-05-06T01:32:51.088+0100][14.518s][info][gc,phases   ] GC(78) Pause Mark Start 0.003ms
[2026-05-06T01:32:51.092+0100][14.522s][info][gc,phases   ] GC(78) Concurrent Mark 4.020ms
[2026-05-06T01:32:51.092+0100][14.522s][info][gc,phases   ] GC(78) Pause Mark End 0.004ms
[2026-05-06T01:32:51.092+0100][14.522s][info][gc,phases   ] GC(78) Concurrent Mark Free 0.000ms
[2026-05-06T01:32:51.094+0100][14.524s][info][gc,phases   ] GC(78) Concurrent Process Non-Strong References 1.789ms
[2026-05-06T01:32:51.094+0100][14.524s][info][gc,phases   ] GC(78) Concurrent Reset Relocation Set 0.000ms
[2026-05-06T01:32:51.094+0100][14.525s][info][gc,phases   ] GC(78) Concurrent Select Relocation Set 0.594ms
[2026-05-06T01:32:51.094+0100][14.525s][info][gc,phases   ] GC(78) Pause Relocate Start 0.002ms
[2026-05-06T01:32:51.094+0100][14.525s][info][gc,phases   ] GC(78) Concurrent Relocate 0.185ms
[2026-05-06T01:32:51.095+0100][14.525s][info][gc,load     ] GC(78) Load: 2.72/2.93/3.48
[2026-05-06T01:32:51.095+0100][14.525s][info][gc,mmu      ] GC(78) MMU: 2ms/95.6%, 5ms/98.2%, 10ms/99.1%, 20ms/99.6%, 50ms/99.8%, 100ms/99.9%
[2026-05-06T01:32:51.095+0100][14.525s][info][gc,marking  ] GC(78) Mark: 2 stripe(s), 2 proactive flush(es), 1 terminate flush(es), 0 completion(s), 0 continuation(s) 
[2026-05-06T01:32:51.095+0100][14.525s][info][gc,marking  ] GC(78) Mark Stack Usage: 32M
[2026-05-06T01:32:51.095+0100][14.525s][info][gc,nmethod  ] GC(78) NMethods: 3932 registered, 713 unregistered
[2026-05-06T01:32:51.095+0100][14.525s][info][gc,metaspace] GC(78) Metaspace: 18M used, 19M committed, 1088M reserved
[2026-05-06T01:32:51.095+0100][14.525s][info][gc,ref      ] GC(78) Soft: 4238 encountered, 0 discovered, 0 enqueued
[2026-05-06T01:32:51.095+0100][14.525s][info][gc,ref      ] GC(78) Weak: 2369 encountered, 946 discovered, 0 enqueued
[2026-05-06T01:32:51.095+0100][14.525s][info][gc,ref      ] GC(78) Final: 6 encountered, 6 discovered, 0 enqueued
[2026-05-06T01:32:51.095+0100][14.525s][info][gc,ref      ] GC(78) Phantom: 270 encountered, 157 discovered, 0 enqueued
[2026-05-06T01:32:51.095+0100][14.525s][info][gc,reloc    ] GC(78) Small Pages: 10 / 20M, Empty: 0M, Relocated: 1M, In-Place: 0
[2026-05-06T01:32:51.095+0100][14.525s][info][gc,reloc    ] GC(78) Medium Pages: 1 / 32M, Empty: 0M, Relocated: 0M, In-Place: 0
[2026-05-06T01:32:51.095+0100][14.525s][info][gc,reloc    ] GC(78) Large Pages: 7 / 776M, Empty: 438M, Relocated: 0M, In-Place: 0
[2026-05-06T01:32:51.095+0100][14.525s][info][gc,reloc    ] GC(78) Forwarding Usage: 0M
[2026-05-06T01:32:51.095+0100][14.525s][info][gc,heap     ] GC(78) Min Capacity: 8M(0%)
[2026-05-06T01:32:51.095+0100][14.525s][info][gc,heap     ] GC(78) Max Capacity: 4096M(100%)
[2026-05-06T01:32:51.095+0100][14.525s][info][gc,heap     ] GC(78) Soft Max Capacity: 4096M(100%)
[2026-05-06T01:32:51.095+0100][14.525s][info][gc,heap     ] GC(78)                Mark Start          Mark End        Relocate Start      Relocate End           High               Low         
[2026-05-06T01:32:51.095+0100][14.525s][info][gc,heap     ] GC(78)  Capacity:     2544M (62%)        2544M (62%)        2544M (62%)        2544M (62%)        2544M (62%)        2544M (62%)    
[2026-05-06T01:32:51.095+0100][14.525s][info][gc,heap     ] GC(78)      Free:     3268M (80%)        3268M (80%)        3706M (90%)        3706M (90%)        3706M (90%)        3268M (80%)    
[2026-05-06T01:32:51.095+0100][14.525s][info][gc,heap     ] GC(78)      Used:      828M (20%)         828M (20%)         390M (10%)         390M (10%)         828M (20%)         390M (10%)    
[2026-05-06T01:32:51.095+0100][14.525s][info][gc,heap     ] GC(78)      Live:         -               351M (9%)          351M (9%)          351M (9%)             -                  -          
[2026-05-06T01:32:51.095+0100][14.525s][info][gc,heap     ] GC(78) Allocated:         -                 0M (0%)            0M (0%)            1M (0%)             -                  -          
[2026-05-06T01:32:51.095+0100][14.525s][info][gc,heap     ] GC(78)   Garbage:         -               476M (12%)          38M (1%)           36M (1%)             -                  -          
[2026-05-06T01:32:51.095+0100][14.525s][info][gc,heap     ] GC(78) Reclaimed:         -                  -               438M (11%)         439M (11%)            -                  -          
[2026-05-06T01:32:51.095+0100][14.525s][info][gc          ] GC(78) Garbage Collection (Proactive) 828M(20%)->390M(10%)
[2026-05-06T01:32:51.490+0100][14.921s][info][gc,start    ] GC(79) Garbage Collection (Proactive)
[2026-05-06T01:32:51.490+0100][14.921s][info][gc,task     ] GC(79) Using 3 workers
[2026-05-06T01:32:51.490+0100][14.921s][info][gc,phases   ] GC(79) Pause Mark Start 0.006ms
[2026-05-06T01:32:51.494+0100][14.925s][info][gc,phases   ] GC(79) Concurrent Mark 3.826ms
[2026-05-06T01:32:51.494+0100][14.925s][info][gc,phases   ] GC(79) Pause Mark End 0.004ms
[2026-05-06T01:32:51.494+0100][14.925s][info][gc,phases   ] GC(79) Concurrent Mark Free 0.000ms
[2026-05-06T01:32:51.496+0100][14.927s][info][gc,phases   ] GC(79) Concurrent Process Non-Strong References 1.773ms
[2026-05-06T01:32:51.496+0100][14.927s][info][gc,phases   ] GC(79) Concurrent Reset Relocation Set 0.000ms
[2026-05-06T01:32:51.497+0100][14.927s][info][gc,phases   ] GC(79) Concurrent Select Relocation Set 0.612ms
[2026-05-06T01:32:51.497+0100][14.927s][info][gc,phases   ] GC(79) Pause Relocate Start 0.002ms
[2026-05-06T01:32:51.497+0100][14.927s][info][gc,phases   ] GC(79) Concurrent Relocate 0.183ms
[2026-05-06T01:32:51.497+0100][14.927s][info][gc,load     ] GC(79) Load: 2.59/2.90/3.47
[2026-05-06T01:32:51.497+0100][14.927s][info][gc,mmu      ] GC(79) MMU: 2ms/95.6%, 5ms/98.2%, 10ms/99.1%, 20ms/99.6%, 50ms/99.8%, 100ms/99.9%
[2026-05-06T01:32:51.497+0100][14.927s][info][gc,marking  ] GC(79) Mark: 2 stripe(s), 2 proactive flush(es), 1 terminate flush(es), 0 completion(s), 0 continuation(s) 
[2026-05-06T01:32:51.497+0100][14.927s][info][gc,marking  ] GC(79) Mark Stack Usage: 32M
[2026-05-06T01:32:51.497+0100][14.927s][info][gc,nmethod  ] GC(79) NMethods: 3932 registered, 713 unregistered
[2026-05-06T01:32:51.497+0100][14.927s][info][gc,metaspace] GC(79) Metaspace: 18M used, 19M committed, 1088M reserved
[2026-05-06T01:32:51.497+0100][14.927s][info][gc,ref      ] GC(79) Soft: 4238 encountered, 0 discovered, 0 enqueued
[2026-05-06T01:32:51.497+0100][14.927s][info][gc,ref      ] GC(79) Weak: 2369 encountered, 271 discovered, 0 enqueued
[2026-05-06T01:32:51.497+0100][14.927s][info][gc,ref      ] GC(79) Final: 6 encountered, 6 discovered, 0 enqueued
[2026-05-06T01:32:51.497+0100][14.927s][info][gc,ref      ] GC(79) Phantom: 270 encountered, 189 discovered, 0 enqueued
[2026-05-06T01:32:51.497+0100][14.927s][info][gc,reloc    ] GC(79) Small Pages: 10 / 20M, Empty: 0M, Relocated: 1M, In-Place: 0
[2026-05-06T01:32:51.497+0100][14.927s][info][gc,reloc    ] GC(79) Medium Pages: 1 / 32M, Empty: 0M, Relocated: 0M, In-Place: 0
[2026-05-06T01:32:51.497+0100][14.927s][info][gc,reloc    ] GC(79) Large Pages: 7 / 776M, Empty: 438M, Relocated: 0M, In-Place: 0
[2026-05-06T01:32:51.497+0100][14.927s][info][gc,reloc    ] GC(79) Forwarding Usage: 0M
[2026-05-06T01:32:51.497+0100][14.927s][info][gc,heap     ] GC(79) Min Capacity: 8M(0%)
[2026-05-06T01:32:51.497+0100][14.927s][info][gc,heap     ] GC(79) Max Capacity: 4096M(100%)
[2026-05-06T01:32:51.497+0100][14.927s][info][gc,heap     ] GC(79) Soft Max Capacity: 4096M(100%)
[2026-05-06T01:32:51.497+0100][14.927s][info][gc,heap     ] GC(79)                Mark Start          Mark End        Relocate Start      Relocate End           High               Low         
[2026-05-06T01:32:51.497+0100][14.927s][info][gc,heap     ] GC(79)  Capacity:     2544M (62%)        2544M (62%)        2544M (62%)        2544M (62%)        2544M (62%)        2544M (62%)    
[2026-05-06T01:32:51.497+0100][14.927s][info][gc,heap     ] GC(79)      Free:     3268M (80%)        3268M (80%)        3706M (90%)        3706M (90%)        3706M (90%)        3268M (80%)    
[2026-05-06T01:32:51.497+0100][14.927s][info][gc,heap     ] GC(79)      Used:      828M (20%)         828M (20%)         390M (10%)         390M (10%)         828M (20%)         390M (10%)    
[2026-05-06T01:32:51.497+0100][14.927s][info][gc,heap     ] GC(79)      Live:         -               351M (9%)          351M (9%)          351M (9%)             -                  -          
[2026-05-06T01:32:51.497+0100][14.927s][info][gc,heap     ] GC(79) Allocated:         -                 0M (0%)            0M (0%)            1M (0%)             -                  -          
[2026-05-06T01:32:51.497+0100][14.927s][info][gc,heap     ] GC(79)   Garbage:         -               476M (12%)          38M (1%)           36M (1%)             -                  -          
[2026-05-06T01:32:51.497+0100][14.927s][info][gc,heap     ] GC(79) Reclaimed:         -                  -               438M (11%)         439M (11%)            -                  -          
[2026-05-06T01:32:51.497+0100][14.927s][info][gc          ] GC(79) Garbage Collection (Proactive) 828M(20%)->390M(10%)
[2026-05-06T01:32:51.990+0100][15.421s][info][gc,start    ] GC(80) Garbage Collection (Proactive)
[2026-05-06T01:32:51.991+0100][15.421s][info][gc,task     ] GC(80) Using 3 workers
[2026-05-06T01:32:51.991+0100][15.421s][info][gc,phases   ] GC(80) Pause Mark Start 0.003ms
[2026-05-06T01:32:51.994+0100][15.425s][info][gc,phases   ] GC(80) Concurrent Mark 3.843ms
[2026-05-06T01:32:51.995+0100][15.425s][info][gc,phases   ] GC(80) Pause Mark End 0.004ms
[2026-05-06T01:32:51.995+0100][15.425s][info][gc,phases   ] GC(80) Concurrent Mark Free 0.000ms
[2026-05-06T01:32:51.996+0100][15.427s][info][gc,phases   ] GC(80) Concurrent Process Non-Strong References 1.784ms
[2026-05-06T01:32:51.996+0100][15.427s][info][gc,phases   ] GC(80) Concurrent Reset Relocation Set 0.000ms
[2026-05-06T01:32:51.997+0100][15.427s][info][gc,phases   ] GC(80) Concurrent Select Relocation Set 0.613ms
[2026-05-06T01:32:51.997+0100][15.427s][info][gc,phases   ] GC(80) Pause Relocate Start 0.002ms
[2026-05-06T01:32:51.997+0100][15.428s][info][gc,phases   ] GC(80) Concurrent Relocate 0.192ms
[2026-05-06T01:32:51.997+0100][15.428s][info][gc,load     ] GC(80) Load: 2.59/2.90/3.47
[2026-05-06T01:32:51.997+0100][15.428s][info][gc,mmu      ] GC(80) MMU: 2ms/95.6%, 5ms/98.2%, 10ms/99.1%, 20ms/99.6%, 50ms/99.8%, 100ms/99.9%
[2026-05-06T01:32:51.997+0100][15.428s][info][gc,marking  ] GC(80) Mark: 2 stripe(s), 2 proactive flush(es), 1 terminate flush(es), 0 completion(s), 0 continuation(s) 
[2026-05-06T01:32:51.997+0100][15.428s][info][gc,marking  ] GC(80) Mark Stack Usage: 32M
[2026-05-06T01:32:51.997+0100][15.428s][info][gc,nmethod  ] GC(80) NMethods: 3935 registered, 713 unregistered
[2026-05-06T01:32:51.997+0100][15.428s][info][gc,metaspace] GC(80) Metaspace: 18M used, 19M committed, 1088M reserved
[2026-05-06T01:32:51.997+0100][15.428s][info][gc,ref      ] GC(80) Soft: 4238 encountered, 0 discovered, 0 enqueued
[2026-05-06T01:32:51.997+0100][15.428s][info][gc,ref      ] GC(80) Weak: 2369 encountered, 270 discovered, 0 enqueued
[2026-05-06T01:32:51.997+0100][15.428s][info][gc,ref      ] GC(80) Final: 6 encountered, 0 discovered, 0 enqueued
[2026-05-06T01:32:51.997+0100][15.428s][info][gc,ref      ] GC(80) Phantom: 270 encountered, 178 discovered, 0 enqueued
[2026-05-06T01:32:51.997+0100][15.428s][info][gc,reloc    ] GC(80) Small Pages: 10 / 20M, Empty: 0M, Relocated: 1M, In-Place: 0
[2026-05-06T01:32:51.997+0100][15.428s][info][gc,reloc    ] GC(80) Medium Pages: 1 / 32M, Empty: 0M, Relocated: 0M, In-Place: 0
[2026-05-06T01:32:51.997+0100][15.428s][info][gc,reloc    ] GC(80) Large Pages: 7 / 776M, Empty: 438M, Relocated: 0M, In-Place: 0
[2026-05-06T01:32:51.997+0100][15.428s][info][gc,reloc    ] GC(80) Forwarding Usage: 0M
[2026-05-06T01:32:51.997+0100][15.428s][info][gc,heap     ] GC(80) Min Capacity: 8M(0%)
[2026-05-06T01:32:51.997+0100][15.428s][info][gc,heap     ] GC(80) Max Capacity: 4096M(100%)
[2026-05-06T01:32:51.997+0100][15.428s][info][gc,heap     ] GC(80) Soft Max Capacity: 4096M(100%)
[2026-05-06T01:32:51.997+0100][15.428s][info][gc,heap     ] GC(80)                Mark Start          Mark End        Relocate Start      Relocate End           High               Low         
[2026-05-06T01:32:51.997+0100][15.428s][info][gc,heap     ] GC(80)  Capacity:     2544M (62%)        2544M (62%)        2544M (62%)        2544M (62%)        2544M (62%)        2544M (62%)    
[2026-05-06T01:32:51.997+0100][15.428s][info][gc,heap     ] GC(80)      Free:     3268M (80%)        3268M (80%)        3706M (90%)        3706M (90%)        3706M (90%)        3268M (80%)    
[2026-05-06T01:32:51.997+0100][15.428s][info][gc,heap     ] GC(80)      Used:      828M (20%)         828M (20%)         390M (10%)         390M (10%)         828M (20%)         390M (10%)    
[2026-05-06T01:32:51.997+0100][15.428s][info][gc,heap     ] GC(80)      Live:         -               351M (9%)          351M (9%)          351M (9%)             -                  -          
[2026-05-06T01:32:51.997+0100][15.428s][info][gc,heap     ] GC(80) Allocated:         -                 0M (0%)            0M (0%)            1M (0%)             -                  -          
[2026-05-06T01:32:51.997+0100][15.428s][info][gc,heap     ] GC(80)   Garbage:         -               476M (12%)          38M (1%)           36M (1%)             -                  -          
[2026-05-06T01:32:51.997+0100][15.428s][info][gc,heap     ] GC(80) Reclaimed:         -                  -               438M (11%)         439M (11%)            -                  -          
[2026-05-06T01:32:51.997+0100][15.428s][info][gc          ] GC(80) Garbage Collection (Proactive) 828M(20%)->390M(10%)
[2026-05-06T01:32:52.191+0100][15.622s][info][gc,start    ] GC(81) Garbage Collection (System.gc())
[2026-05-06T01:32:52.191+0100][15.622s][info][gc,task     ] GC(81) Using 3 workers
[2026-05-06T01:32:52.192+0100][15.622s][info][gc,phases   ] GC(81) Pause Mark Start 0.003ms
[2026-05-06T01:32:52.196+0100][15.626s][info][gc,phases   ] GC(81) Concurrent Mark 4.004ms
[2026-05-06T01:32:52.196+0100][15.626s][info][gc,phases   ] GC(81) Pause Mark End 0.003ms
[2026-05-06T01:32:52.196+0100][15.626s][info][gc,phases   ] GC(81) Concurrent Mark Free 0.000ms
[2026-05-06T01:32:52.197+0100][15.628s][info][gc,phases   ] GC(81) Concurrent Process Non-Strong References 1.792ms
[2026-05-06T01:32:52.197+0100][15.628s][info][gc,phases   ] GC(81) Concurrent Reset Relocation Set 0.000ms
[2026-05-06T01:32:52.198+0100][15.628s][info][gc,phases   ] GC(81) Concurrent Select Relocation Set 0.613ms
[2026-05-06T01:32:52.198+0100][15.628s][info][gc,phases   ] GC(81) Pause Relocate Start 0.002ms
[2026-05-06T01:32:52.198+0100][15.629s][info][gc,phases   ] GC(81) Concurrent Relocate 0.179ms
[2026-05-06T01:32:52.198+0100][15.629s][info][gc,load     ] GC(81) Load: 2.59/2.90/3.47
[2026-05-06T01:32:52.198+0100][15.629s][info][gc,mmu      ] GC(81) MMU: 2ms/95.6%, 5ms/98.2%, 10ms/99.1%, 20ms/99.6%, 50ms/99.8%, 100ms/99.9%
[2026-05-06T01:32:52.198+0100][15.629s][info][gc,marking  ] GC(81) Mark: 2 stripe(s), 1 proactive flush(es), 1 terminate flush(es), 0 completion(s), 0 continuation(s) 
[2026-05-06T01:32:52.198+0100][15.629s][info][gc,marking  ] GC(81) Mark Stack Usage: 32M
[2026-05-06T01:32:52.198+0100][15.629s][info][gc,nmethod  ] GC(81) NMethods: 3935 registered, 713 unregistered
[2026-05-06T01:32:52.198+0100][15.629s][info][gc,metaspace] GC(81) Metaspace: 18M used, 19M committed, 1088M reserved
[2026-05-06T01:32:52.198+0100][15.629s][info][gc,ref      ] GC(81) Soft: 4238 encountered, 0 discovered, 0 enqueued
[2026-05-06T01:32:52.198+0100][15.629s][info][gc,ref      ] GC(81) Weak: 2367 encountered, 375 discovered, 0 enqueued
[2026-05-06T01:32:52.198+0100][15.629s][info][gc,ref      ] GC(81) Final: 6 encountered, 6 discovered, 0 enqueued
[2026-05-06T01:32:52.198+0100][15.629s][info][gc,ref      ] GC(81) Phantom: 270 encountered, 197 discovered, 0 enqueued
[2026-05-06T01:32:52.198+0100][15.629s][info][gc,reloc    ] GC(81) Small Pages: 10 / 20M, Empty: 0M, Relocated: 1M, In-Place: 0
[2026-05-06T01:32:52.198+0100][15.629s][info][gc,reloc    ] GC(81) Medium Pages: 1 / 32M, Empty: 0M, Relocated: 0M, In-Place: 0
[2026-05-06T01:32:52.198+0100][15.629s][info][gc,reloc    ] GC(81) Large Pages: 5 / 484M, Empty: 292M, Relocated: 0M, In-Place: 0
[2026-05-06T01:32:52.198+0100][15.629s][info][gc,reloc    ] GC(81) Forwarding Usage: 0M
[2026-05-06T01:32:52.198+0100][15.629s][info][gc,heap     ] GC(81) Min Capacity: 8M(0%)
[2026-05-06T01:32:52.198+0100][15.629s][info][gc,heap     ] GC(81) Max Capacity: 4096M(100%)
[2026-05-06T01:32:52.198+0100][15.629s][info][gc,heap     ] GC(81) Soft Max Capacity: 4096M(100%)
[2026-05-06T01:32:52.198+0100][15.629s][info][gc,heap     ] GC(81)                Mark Start          Mark End        Relocate Start      Relocate End           High               Low         
[2026-05-06T01:32:52.198+0100][15.629s][info][gc,heap     ] GC(81)  Capacity:     2544M (62%)        2544M (62%)        2544M (62%)        2544M (62%)        2544M (62%)        2544M (62%)    
[2026-05-06T01:32:52.198+0100][15.629s][info][gc,heap     ] GC(81)      Free:     3560M (87%)        3560M (87%)        3852M (94%)        3854M (94%)        3854M (94%)        3560M (87%)    
[2026-05-06T01:32:52.198+0100][15.629s][info][gc,heap     ] GC(81)      Used:      536M (13%)         536M (13%)         244M (6%)          242M (6%)          536M (13%)         242M (6%)     
[2026-05-06T01:32:52.198+0100][15.629s][info][gc,heap     ] GC(81)      Live:         -               205M (5%)          205M (5%)          205M (5%)             -                  -          
[2026-05-06T01:32:52.198+0100][15.629s][info][gc,heap     ] GC(81) Allocated:         -                 0M (0%)            0M (0%)            0M (0%)             -                  -          
[2026-05-06T01:32:52.198+0100][15.629s][info][gc,heap     ] GC(81)   Garbage:         -               330M (8%)           38M (1%)           36M (1%)             -                  -          
[2026-05-06T01:32:52.198+0100][15.629s][info][gc,heap     ] GC(81) Reclaimed:         -                  -               292M (7%)          294M (7%)             -                  -          
[2026-05-06T01:32:52.198+0100][15.629s][info][gc          ] GC(81) Garbage Collection (System.gc()) 536M(13%)->242M(6%)
[2026-05-06T01:32:52.590+0100][16.021s][info][gc,start    ] GC(82) Garbage Collection (Proactive)
[2026-05-06T01:32:52.590+0100][16.021s][info][gc,task     ] GC(82) Using 3 workers
[2026-05-06T01:32:52.590+0100][16.021s][info][gc,phases   ] GC(82) Pause Mark Start 0.003ms
[2026-05-06T01:32:52.594+0100][16.025s][info][gc,phases   ] GC(82) Concurrent Mark 3.816ms
[2026-05-06T01:32:52.594+0100][16.025s][info][gc,phases   ] GC(82) Pause Mark End 0.003ms
[2026-05-06T01:32:52.594+0100][16.025s][info][gc,phases   ] GC(82) Concurrent Mark Free 0.000ms
[2026-05-06T01:32:52.596+0100][16.026s][info][gc,phases   ] GC(82) Concurrent Process Non-Strong References 1.754ms
[2026-05-06T01:32:52.596+0100][16.027s][info][gc,phases   ] GC(82) Concurrent Reset Relocation Set 0.001ms
[2026-05-06T01:32:52.597+0100][16.027s][info][gc,phases   ] GC(82) Concurrent Select Relocation Set 0.641ms
[2026-05-06T01:32:52.597+0100][16.027s][info][gc,phases   ] GC(82) Pause Relocate Start 0.002ms
[2026-05-06T01:32:52.597+0100][16.027s][info][gc,phases   ] GC(82) Concurrent Relocate 0.192ms
[2026-05-06T01:32:52.597+0100][16.027s][info][gc,load     ] GC(82) Load: 2.59/2.90/3.47
[2026-05-06T01:32:52.597+0100][16.027s][info][gc,mmu      ] GC(82) MMU: 2ms/95.6%, 5ms/98.2%, 10ms/99.1%, 20ms/99.6%, 50ms/99.8%, 100ms/99.9%
[2026-05-06T01:32:52.597+0100][16.027s][info][gc,marking  ] GC(82) Mark: 2 stripe(s), 2 proactive flush(es), 1 terminate flush(es), 0 completion(s), 0 continuation(s) 
[2026-05-06T01:32:52.597+0100][16.027s][info][gc,marking  ] GC(82) Mark Stack Usage: 32M
[2026-05-06T01:32:52.597+0100][16.027s][info][gc,nmethod  ] GC(82) NMethods: 3935 registered, 713 unregistered
[2026-05-06T01:32:52.597+0100][16.027s][info][gc,metaspace] GC(82) Metaspace: 18M used, 19M committed, 1088M reserved
[2026-05-06T01:32:52.597+0100][16.027s][info][gc,ref      ] GC(82) Soft: 4238 encountered, 0 discovered, 0 enqueued
[2026-05-06T01:32:52.597+0100][16.027s][info][gc,ref      ] GC(82) Weak: 2369 encountered, 355 discovered, 0 enqueued
[2026-05-06T01:32:52.597+0100][16.027s][info][gc,ref      ] GC(82) Final: 6 encountered, 0 discovered, 0 enqueued
[2026-05-06T01:32:52.597+0100][16.027s][info][gc,ref      ] GC(82) Phantom: 270 encountered, 178 discovered, 0 enqueued
[2026-05-06T01:32:52.597+0100][16.027s][info][gc,reloc    ] GC(82) Small Pages: 10 / 20M, Empty: 0M, Relocated: 1M, In-Place: 0
[2026-05-06T01:32:52.597+0100][16.027s][info][gc,reloc    ] GC(82) Medium Pages: 1 / 32M, Empty: 0M, Relocated: 0M, In-Place: 0
[2026-05-06T01:32:52.597+0100][16.027s][info][gc,reloc    ] GC(82) Large Pages: 6 / 630M, Empty: 292M, Relocated: 0M, In-Place: 0
[2026-05-06T01:32:52.597+0100][16.027s][info][gc,reloc    ] GC(82) Forwarding Usage: 0M
[2026-05-06T01:32:52.597+0100][16.027s][info][gc,heap     ] GC(82) Min Capacity: 8M(0%)
[2026-05-06T01:32:52.597+0100][16.027s][info][gc,heap     ] GC(82) Max Capacity: 4096M(100%)
[2026-05-06T01:32:52.597+0100][16.027s][info][gc,heap     ] GC(82) Soft Max Capacity: 4096M(100%)
[2026-05-06T01:32:52.597+0100][16.027s][info][gc,heap     ] GC(82)                Mark Start          Mark End        Relocate Start      Relocate End           High               Low         
[2026-05-06T01:32:52.597+0100][16.027s][info][gc,heap     ] GC(82)  Capacity:     2544M (62%)        2544M (62%)        2544M (62%)        2544M (62%)        2544M (62%)        2544M (62%)    
[2026-05-06T01:32:52.597+0100][16.027s][info][gc,heap     ] GC(82)      Free:     3414M (83%)        3414M (83%)        3706M (90%)        3706M (90%)        3706M (90%)        3414M (83%)    
[2026-05-06T01:32:52.597+0100][16.027s][info][gc,heap     ] GC(82)      Used:      682M (17%)         682M (17%)         390M (10%)         390M (10%)         682M (17%)         390M (10%)    
[2026-05-06T01:32:52.597+0100][16.028s][info][gc,heap     ] GC(82)      Live:         -               351M (9%)          351M (9%)          351M (9%)             -                  -          
[2026-05-06T01:32:52.597+0100][16.028s][info][gc,heap     ] GC(82) Allocated:         -                 0M (0%)            0M (0%)            1M (0%)             -                  -          
[2026-05-06T01:32:52.597+0100][16.028s][info][gc,heap     ] GC(82)   Garbage:         -               330M (8%)           38M (1%)           36M (1%)             -                  -          
[2026-05-06T01:32:52.597+0100][16.028s][info][gc,heap     ] GC(82) Reclaimed:         -                  -               292M (7%)          293M (7%)             -                  -          
[2026-05-06T01:32:52.597+0100][16.028s][info][gc          ] GC(82) Garbage Collection (Proactive) 682M(17%)->390M(10%)
[2026-05-06T01:32:53.087+0100][16.518s][info][gc,start    ] GC(83) Garbage Collection (Proactive)
[2026-05-06T01:32:53.087+0100][16.518s][info][gc,task     ] GC(83) Using 3 workers
[2026-05-06T01:32:53.087+0100][16.518s][info][gc,phases   ] GC(83) Pause Mark Start 0.003ms
[2026-05-06T01:32:53.092+0100][16.522s][info][gc,phases   ] GC(83) Concurrent Mark 4.271ms
[2026-05-06T01:32:53.092+0100][16.522s][info][gc,phases   ] GC(83) Pause Mark End 0.005ms
[2026-05-06T01:32:53.092+0100][16.522s][info][gc,phases   ] GC(83) Concurrent Mark Free 0.000ms
[2026-05-06T01:32:53.094+0100][16.524s][info][gc,phases   ] GC(83) Concurrent Process Non-Strong References 1.723ms
[2026-05-06T01:32:53.094+0100][16.524s][info][gc,phases   ] GC(83) Concurrent Reset Relocation Set 0.001ms
[2026-05-06T01:32:53.094+0100][16.524s][info][gc,phases   ] GC(83) Concurrent Select Relocation Set 0.594ms
[2026-05-06T01:32:53.094+0100][16.525s][info][gc,phases   ] GC(83) Pause Relocate Start 0.002ms
[2026-05-06T01:32:53.094+0100][16.525s][info][gc,phases   ] GC(83) Concurrent Relocate 0.189ms
[2026-05-06T01:32:53.094+0100][16.525s][info][gc,load     ] GC(83) Load: 2.59/2.90/3.47
[2026-05-06T01:32:53.094+0100][16.525s][info][gc,mmu      ] GC(83) MMU: 2ms/95.6%, 5ms/98.2%, 10ms/99.1%, 20ms/99.6%, 50ms/99.8%, 100ms/99.9%
[2026-05-06T01:32:53.094+0100][16.525s][info][gc,marking  ] GC(83) Mark: 2 stripe(s), 2 proactive flush(es), 1 terminate flush(es), 0 completion(s), 0 continuation(s) 
[2026-05-06T01:32:53.094+0100][16.525s][info][gc,marking  ] GC(83) Mark Stack Usage: 32M
[2026-05-06T01:32:53.094+0100][16.525s][info][gc,nmethod  ] GC(83) NMethods: 3935 registered, 713 unregistered
[2026-05-06T01:32:53.094+0100][16.525s][info][gc,metaspace] GC(83) Metaspace: 18M used, 19M committed, 1088M reserved
[2026-05-06T01:32:53.094+0100][16.525s][info][gc,ref      ] GC(83) Soft: 4238 encountered, 0 discovered, 0 enqueued
[2026-05-06T01:32:53.094+0100][16.525s][info][gc,ref      ] GC(83) Weak: 2369 encountered, 939 discovered, 0 enqueued
[2026-05-06T01:32:53.094+0100][16.525s][info][gc,ref      ] GC(83) Final: 6 encountered, 0 discovered, 0 enqueued
[2026-05-06T01:32:53.094+0100][16.525s][info][gc,ref      ] GC(83) Phantom: 270 encountered, 170 discovered, 0 enqueued
[2026-05-06T01:32:53.094+0100][16.525s][info][gc,reloc    ] GC(83) Small Pages: 10 / 20M, Empty: 0M, Relocated: 1M, In-Place: 0
[2026-05-06T01:32:53.094+0100][16.525s][info][gc,reloc    ] GC(83) Medium Pages: 1 / 32M, Empty: 0M, Relocated: 0M, In-Place: 0
[2026-05-06T01:32:53.094+0100][16.525s][info][gc,reloc    ] GC(83) Large Pages: 7 / 776M, Empty: 438M, Relocated: 0M, In-Place: 0
[2026-05-06T01:32:53.094+0100][16.525s][info][gc,reloc    ] GC(83) Forwarding Usage: 0M
[2026-05-06T01:32:53.094+0100][16.525s][info][gc,heap     ] GC(83) Min Capacity: 8M(0%)
[2026-05-06T01:32:53.094+0100][16.525s][info][gc,heap     ] GC(83) Max Capacity: 4096M(100%)
[2026-05-06T01:32:53.094+0100][16.525s][info][gc,heap     ] GC(83) Soft Max Capacity: 4096M(100%)
[2026-05-06T01:32:53.094+0100][16.525s][info][gc,heap     ] GC(83)                Mark Start          Mark End        Relocate Start      Relocate End           High               Low         
[2026-05-06T01:32:53.094+0100][16.525s][info][gc,heap     ] GC(83)  Capacity:     2544M (62%)        2544M (62%)        2544M (62%)        2544M (62%)        2544M (62%)        2544M (62%)    
[2026-05-06T01:32:53.094+0100][16.525s][info][gc,heap     ] GC(83)      Free:     3268M (80%)        3268M (80%)        3706M (90%)        3706M (90%)        3706M (90%)        3268M (80%)    
[2026-05-06T01:32:53.094+0100][16.525s][info][gc,heap     ] GC(83)      Used:      828M (20%)         828M (20%)         390M (10%)         390M (10%)         828M (20%)         390M (10%)    
[2026-05-06T01:32:53.094+0100][16.525s][info][gc,heap     ] GC(83)      Live:         -               351M (9%)          351M (9%)          351M (9%)             -                  -          
[2026-05-06T01:32:53.094+0100][16.525s][info][gc,heap     ] GC(83) Allocated:         -                 0M (0%)            0M (0%)            1M (0%)             -                  -          
[2026-05-06T01:32:53.094+0100][16.525s][info][gc,heap     ] GC(83)   Garbage:         -               476M (12%)          38M (1%)           36M (1%)             -                  -          
[2026-05-06T01:32:53.094+0100][16.525s][info][gc,heap     ] GC(83) Reclaimed:         -                  -               438M (11%)         439M (11%)            -                  -          
[2026-05-06T01:32:53.094+0100][16.525s][info][gc          ] GC(83) Garbage Collection (Proactive) 828M(20%)->390M(10%)
[2026-05-06T01:32:53.589+0100][17.019s][info][gc,start    ] GC(84) Garbage Collection (Proactive)
[2026-05-06T01:32:53.589+0100][17.019s][info][gc,task     ] GC(84) Using 3 workers
[2026-05-06T01:32:53.589+0100][17.019s][info][gc,phases   ] GC(84) Pause Mark Start 0.004ms
[2026-05-06T01:32:53.593+0100][17.024s][info][gc,phases   ] GC(84) Concurrent Mark 4.563ms
[2026-05-06T01:32:53.594+0100][17.024s][info][gc,phases   ] GC(84) Pause Mark End 0.004ms
[2026-05-06T01:32:53.594+0100][17.024s][info][gc,phases   ] GC(84) Concurrent Mark Free 0.000ms
[2026-05-06T01:32:53.595+0100][17.026s][info][gc,phases   ] GC(84) Concurrent Process Non-Strong References 1.755ms
[2026-05-06T01:32:53.595+0100][17.026s][info][gc,phases   ] GC(84) Concurrent Reset Relocation Set 0.000ms
[2026-05-06T01:32:53.596+0100][17.026s][info][gc,phases   ] GC(84) Concurrent Select Relocation Set 0.598ms
[2026-05-06T01:32:53.596+0100][17.026s][info][gc,phases   ] GC(84) Pause Relocate Start 0.002ms
[2026-05-06T01:32:53.596+0100][17.027s][info][gc,phases   ] GC(84) Concurrent Relocate 0.197ms
[2026-05-06T01:32:53.596+0100][17.027s][info][gc,load     ] GC(84) Load: 2.59/2.90/3.47
[2026-05-06T01:32:53.596+0100][17.027s][info][gc,mmu      ] GC(84) MMU: 2ms/95.6%, 5ms/98.2%, 10ms/99.1%, 20ms/99.6%, 50ms/99.8%, 100ms/99.9%
[2026-05-06T01:32:53.596+0100][17.027s][info][gc,marking  ] GC(84) Mark: 2 stripe(s), 1 proactive flush(es), 1 terminate flush(es), 0 completion(s), 0 continuation(s) 
[2026-05-06T01:32:53.596+0100][17.027s][info][gc,marking  ] GC(84) Mark Stack Usage: 32M
[2026-05-06T01:32:53.596+0100][17.027s][info][gc,nmethod  ] GC(84) NMethods: 3935 registered, 713 unregistered
[2026-05-06T01:32:53.596+0100][17.027s][info][gc,metaspace] GC(84) Metaspace: 18M used, 19M committed, 1088M reserved
[2026-05-06T01:32:53.596+0100][17.027s][info][gc,ref      ] GC(84) Soft: 4238 encountered, 0 discovered, 0 enqueued
[2026-05-06T01:32:53.596+0100][17.027s][info][gc,ref      ] GC(84) Weak: 2369 encountered, 438 discovered, 0 enqueued
[2026-05-06T01:32:53.596+0100][17.027s][info][gc,ref      ] GC(84) Final: 6 encountered, 6 discovered, 0 enqueued
[2026-05-06T01:32:53.596+0100][17.027s][info][gc,ref      ] GC(84) Phantom: 270 encountered, 192 discovered, 0 enqueued
[2026-05-06T01:32:53.596+0100][17.027s][info][gc,reloc    ] GC(84) Small Pages: 10 / 20M, Empty: 0M, Relocated: 1M, In-Place: 0
[2026-05-06T01:32:53.596+0100][17.027s][info][gc,reloc    ] GC(84) Medium Pages: 1 / 32M, Empty: 0M, Relocated: 0M, In-Place: 0
[2026-05-06T01:32:53.596+0100][17.027s][info][gc,reloc    ] GC(84) Large Pages: 7 / 776M, Empty: 438M, Relocated: 0M, In-Place: 0
[2026-05-06T01:32:53.596+0100][17.027s][info][gc,reloc    ] GC(84) Forwarding Usage: 0M
[2026-05-06T01:32:53.596+0100][17.027s][info][gc,heap     ] GC(84) Min Capacity: 8M(0%)
[2026-05-06T01:32:53.596+0100][17.027s][info][gc,heap     ] GC(84) Max Capacity: 4096M(100%)
[2026-05-06T01:32:53.596+0100][17.027s][info][gc,heap     ] GC(84) Soft Max Capacity: 4096M(100%)
[2026-05-06T01:32:53.596+0100][17.027s][info][gc,heap     ] GC(84)                Mark Start          Mark End        Relocate Start      Relocate End           High               Low         
[2026-05-06T01:32:53.596+0100][17.027s][info][gc,heap     ] GC(84)  Capacity:     2544M (62%)        2544M (62%)        2544M (62%)        2544M (62%)        2544M (62%)        2544M (62%)    
[2026-05-06T01:32:53.596+0100][17.027s][info][gc,heap     ] GC(84)      Free:     3268M (80%)        3266M (80%)        3704M (90%)        3706M (90%)        3706M (90%)        3264M (80%)    
[2026-05-06T01:32:53.596+0100][17.027s][info][gc,heap     ] GC(84)      Used:      828M (20%)         830M (20%)         392M (10%)         390M (10%)         832M (20%)         390M (10%)    
[2026-05-06T01:32:53.596+0100][17.027s][info][gc,heap     ] GC(84)      Live:         -               351M (9%)          351M (9%)          351M (9%)             -                  -          
[2026-05-06T01:32:53.596+0100][17.027s][info][gc,heap     ] GC(84) Allocated:         -                 2M (0%)            2M (0%)            1M (0%)             -                  -          
[2026-05-06T01:32:53.596+0100][17.027s][info][gc,heap     ] GC(84)   Garbage:         -               476M (12%)          38M (1%)           36M (1%)             -                  -          
[2026-05-06T01:32:53.596+0100][17.027s][info][gc,heap     ] GC(84) Reclaimed:         -                  -               438M (11%)         439M (11%)            -                  -          
[2026-05-06T01:32:53.596+0100][17.027s][info][gc          ] GC(84) Garbage Collection (Proactive) 828M(20%)->390M(10%)
[2026-05-06T01:32:53.989+0100][17.419s][info][gc,start    ] GC(85) Garbage Collection (System.gc())
[2026-05-06T01:32:53.989+0100][17.419s][info][gc,task     ] GC(85) Using 3 workers
[2026-05-06T01:32:53.989+0100][17.419s][info][gc,phases   ] GC(85) Pause Mark Start 0.003ms
[2026-05-06T01:32:53.993+0100][17.423s][info][gc,phases   ] GC(85) Concurrent Mark 3.891ms
[2026-05-06T01:32:53.993+0100][17.423s][info][gc,phases   ] GC(85) Pause Mark End 0.002ms
[2026-05-06T01:32:53.993+0100][17.423s][info][gc,phases   ] GC(85) Concurrent Mark Free 0.000ms
[2026-05-06T01:32:53.994+0100][17.425s][info][gc,phases   ] GC(85) Concurrent Process Non-Strong References 1.775ms
[2026-05-06T01:32:53.994+0100][17.425s][info][gc,phases   ] GC(85) Concurrent Reset Relocation Set 0.001ms
[2026-05-06T01:32:53.995+0100][17.425s][info][gc,phases   ] GC(85) Concurrent Select Relocation Set 0.583ms
[2026-05-06T01:32:53.995+0100][17.425s][info][gc,phases   ] GC(85) Pause Relocate Start 0.002ms
[2026-05-06T01:32:53.995+0100][17.426s][info][gc,phases   ] GC(85) Concurrent Relocate 0.188ms
[2026-05-06T01:32:53.995+0100][17.426s][info][gc,load     ] GC(85) Load: 2.59/2.90/3.47
[2026-05-06T01:32:53.995+0100][17.426s][info][gc,mmu      ] GC(85) MMU: 2ms/95.6%, 5ms/98.2%, 10ms/99.1%, 20ms/99.6%, 50ms/99.8%, 100ms/99.9%
[2026-05-06T01:32:53.995+0100][17.426s][info][gc,marking  ] GC(85) Mark: 2 stripe(s), 1 proactive flush(es), 1 terminate flush(es), 0 completion(s), 0 continuation(s) 
[2026-05-06T01:32:53.995+0100][17.426s][info][gc,marking  ] GC(85) Mark Stack Usage: 32M
[2026-05-06T01:32:53.995+0100][17.426s][info][gc,nmethod  ] GC(85) NMethods: 3935 registered, 713 unregistered
[2026-05-06T01:32:53.995+0100][17.426s][info][gc,metaspace] GC(85) Metaspace: 18M used, 19M committed, 1088M reserved
[2026-05-06T01:32:53.995+0100][17.426s][info][gc,ref      ] GC(85) Soft: 4238 encountered, 0 discovered, 0 enqueued
[2026-05-06T01:32:53.995+0100][17.426s][info][gc,ref      ] GC(85) Weak: 2367 encountered, 347 discovered, 0 enqueued
[2026-05-06T01:32:53.995+0100][17.426s][info][gc,ref      ] GC(85) Final: 6 encountered, 6 discovered, 0 enqueued
[2026-05-06T01:32:53.995+0100][17.426s][info][gc,ref      ] GC(85) Phantom: 270 encountered, 159 discovered, 0 enqueued
[2026-05-06T01:32:53.995+0100][17.426s][info][gc,reloc    ] GC(85) Small Pages: 10 / 20M, Empty: 0M, Relocated: 1M, In-Place: 0
[2026-05-06T01:32:53.995+0100][17.426s][info][gc,reloc    ] GC(85) Medium Pages: 1 / 32M, Empty: 0M, Relocated: 0M, In-Place: 0
[2026-05-06T01:32:53.995+0100][17.426s][info][gc,reloc    ] GC(85) Large Pages: 8 / 922M, Empty: 730M, Relocated: 0M, In-Place: 0
[2026-05-06T01:32:53.995+0100][17.426s][info][gc,reloc    ] GC(85) Forwarding Usage: 0M
[2026-05-06T01:32:53.995+0100][17.426s][info][gc,heap     ] GC(85) Min Capacity: 8M(0%)
[2026-05-06T01:32:53.995+0100][17.426s][info][gc,heap     ] GC(85) Max Capacity: 4096M(100%)
[2026-05-06T01:32:53.995+0100][17.426s][info][gc,heap     ] GC(85) Soft Max Capacity: 4096M(100%)
[2026-05-06T01:32:53.995+0100][17.426s][info][gc,heap     ] GC(85)                Mark Start          Mark End        Relocate Start      Relocate End           High               Low         
[2026-05-06T01:32:53.995+0100][17.426s][info][gc,heap     ] GC(85)  Capacity:     2544M (62%)        2544M (62%)        2544M (62%)        2544M (62%)        2544M (62%)        2544M (62%)    
[2026-05-06T01:32:53.995+0100][17.426s][info][gc,heap     ] GC(85)      Free:     3122M (76%)        3122M (76%)        3852M (94%)        3854M (94%)        3854M (94%)        3122M (76%)    
[2026-05-06T01:32:53.995+0100][17.426s][info][gc,heap     ] GC(85)      Used:      974M (24%)         974M (24%)         244M (6%)          242M (6%)          974M (24%)         242M (6%)     
[2026-05-06T01:32:53.995+0100][17.426s][info][gc,heap     ] GC(85)      Live:         -               205M (5%)          205M (5%)          205M (5%)             -                  -          
[2026-05-06T01:32:53.995+0100][17.426s][info][gc,heap     ] GC(85) Allocated:         -                 0M (0%)            0M (0%)            0M (0%)             -                  -          
[2026-05-06T01:32:53.995+0100][17.426s][info][gc,heap     ] GC(85)   Garbage:         -               768M (19%)          38M (1%)           36M (1%)             -                  -          
[2026-05-06T01:32:53.995+0100][17.426s][info][gc,heap     ] GC(85) Reclaimed:         -                  -               730M (18%)         732M (18%)            -                  -          
[2026-05-06T01:32:53.995+0100][17.426s][info][gc          ] GC(85) Garbage Collection (System.gc()) 974M(24%)->242M(6%)
[2026-05-06T01:32:54.390+0100][17.820s][info][gc,start    ] GC(86) Garbage Collection (Proactive)
[2026-05-06T01:32:54.390+0100][17.820s][info][gc,task     ] GC(86) Using 3 workers
[2026-05-06T01:32:54.390+0100][17.820s][info][gc,phases   ] GC(86) Pause Mark Start 0.003ms
[2026-05-06T01:32:54.394+0100][17.824s][info][gc,phases   ] GC(86) Concurrent Mark 4.117ms
[2026-05-06T01:32:54.394+0100][17.824s][info][gc,phases   ] GC(86) Pause Mark End 0.004ms
[2026-05-06T01:32:54.394+0100][17.824s][info][gc,phases   ] GC(86) Concurrent Mark Free 0.000ms
[2026-05-06T01:32:54.396+0100][17.826s][info][gc,phases   ] GC(86) Concurrent Process Non-Strong References 1.859ms
[2026-05-06T01:32:54.396+0100][17.826s][info][gc,phases   ] GC(86) Concurrent Reset Relocation Set 0.001ms
[2026-05-06T01:32:54.397+0100][17.827s][info][gc,phases   ] GC(86) Concurrent Select Relocation Set 0.613ms
[2026-05-06T01:32:54.397+0100][17.827s][info][gc,phases   ] GC(86) Pause Relocate Start 0.002ms
[2026-05-06T01:32:54.397+0100][17.827s][info][gc,phases   ] GC(86) Concurrent Relocate 0.195ms
[2026-05-06T01:32:54.397+0100][17.827s][info][gc,load     ] GC(86) Load: 2.59/2.90/3.47
[2026-05-06T01:32:54.397+0100][17.827s][info][gc,mmu      ] GC(86) MMU: 2ms/95.6%, 5ms/98.2%, 10ms/99.1%, 20ms/99.6%, 50ms/99.8%, 100ms/99.9%
[2026-05-06T01:32:54.397+0100][17.827s][info][gc,marking  ] GC(86) Mark: 2 stripe(s), 2 proactive flush(es), 1 terminate flush(es), 0 completion(s), 0 continuation(s) 
[2026-05-06T01:32:54.397+0100][17.827s][info][gc,marking  ] GC(86) Mark Stack Usage: 32M
[2026-05-06T01:32:54.397+0100][17.827s][info][gc,nmethod  ] GC(86) NMethods: 3936 registered, 713 unregistered
[2026-05-06T01:32:54.397+0100][17.827s][info][gc,metaspace] GC(86) Metaspace: 18M used, 19M committed, 1088M reserved
[2026-05-06T01:32:54.397+0100][17.827s][info][gc,ref      ] GC(86) Soft: 4238 encountered, 0 discovered, 0 enqueued
[2026-05-06T01:32:54.397+0100][17.827s][info][gc,ref      ] GC(86) Weak: 2369 encountered, 574 discovered, 0 enqueued
[2026-05-06T01:32:54.397+0100][17.827s][info][gc,ref      ] GC(86) Final: 6 encountered, 6 discovered, 0 enqueued
[2026-05-06T01:32:54.397+0100][17.827s][info][gc,ref      ] GC(86) Phantom: 270 encountered, 191 discovered, 0 enqueued
[2026-05-06T01:32:54.397+0100][17.827s][info][gc,reloc    ] GC(86) Small Pages: 10 / 20M, Empty: 0M, Relocated: 1M, In-Place: 0
[2026-05-06T01:32:54.397+0100][17.827s][info][gc,reloc    ] GC(86) Medium Pages: 1 / 32M, Empty: 0M, Relocated: 0M, In-Place: 0
[2026-05-06T01:32:54.397+0100][17.827s][info][gc,reloc    ] GC(86) Large Pages: 8 / 922M, Empty: 584M, Relocated: 0M, In-Place: 0
[2026-05-06T01:32:54.397+0100][17.827s][info][gc,reloc    ] GC(86) Forwarding Usage: 0M
[2026-05-06T01:32:54.397+0100][17.827s][info][gc,heap     ] GC(86) Min Capacity: 8M(0%)
[2026-05-06T01:32:54.397+0100][17.827s][info][gc,heap     ] GC(86) Max Capacity: 4096M(100%)
[2026-05-06T01:32:54.397+0100][17.827s][info][gc,heap     ] GC(86) Soft Max Capacity: 4096M(100%)
[2026-05-06T01:32:54.397+0100][17.827s][info][gc,heap     ] GC(86)                Mark Start          Mark End        Relocate Start      Relocate End           High               Low         
[2026-05-06T01:32:54.397+0100][17.827s][info][gc,heap     ] GC(86)  Capacity:     2544M (62%)        2544M (62%)        2544M (62%)        2544M (62%)        2544M (62%)        2544M (62%)    
[2026-05-06T01:32:54.397+0100][17.827s][info][gc,heap     ] GC(86)      Free:     3122M (76%)        3122M (76%)        3704M (90%)        3706M (90%)        3706M (90%)        3120M (76%)    
[2026-05-06T01:32:54.397+0100][17.827s][info][gc,heap     ] GC(86)      Used:      974M (24%)         974M (24%)         392M (10%)         390M (10%)         976M (24%)         390M (10%)    
[2026-05-06T01:32:54.397+0100][17.827s][info][gc,heap     ] GC(86)      Live:         -               351M (9%)          351M (9%)          351M (9%)             -                  -          
[2026-05-06T01:32:54.397+0100][17.827s][info][gc,heap     ] GC(86) Allocated:         -                 0M (0%)            2M (0%)            1M (0%)             -                  -          
[2026-05-06T01:32:54.397+0100][17.827s][info][gc,heap     ] GC(86)   Garbage:         -               622M (15%)          38M (1%)           36M (1%)             -                  -          
[2026-05-06T01:32:54.397+0100][17.827s][info][gc,heap     ] GC(86) Reclaimed:         -                  -               584M (14%)         585M (14%)            -                  -          
[2026-05-06T01:32:54.397+0100][17.827s][info][gc          ] GC(86) Garbage Collection (Proactive) 974M(24%)->390M(10%)
[2026-05-06T01:32:54.787+0100][18.218s][info][gc,start    ] GC(87) Garbage Collection (Proactive)
[2026-05-06T01:32:54.787+0100][18.218s][info][gc,task     ] GC(87) Using 3 workers
[2026-05-06T01:32:54.787+0100][18.218s][info][gc,phases   ] GC(87) Pause Mark Start 0.003ms
[2026-05-06T01:32:54.791+0100][18.222s][info][gc,phases   ] GC(87) Concurrent Mark 3.819ms
[2026-05-06T01:32:54.791+0100][18.222s][info][gc,phases   ] GC(87) Pause Mark End 0.004ms
[2026-05-06T01:32:54.791+0100][18.222s][info][gc,phases   ] GC(87) Concurrent Mark Free 0.000ms
[2026-05-06T01:32:54.793+0100][18.224s][info][gc,phases   ] GC(87) Concurrent Process Non-Strong References 1.863ms
[2026-05-06T01:32:54.793+0100][18.224s][info][gc,phases   ] GC(87) Concurrent Reset Relocation Set 0.001ms
[2026-05-06T01:32:54.794+0100][18.224s][info][gc,phases   ] GC(87) Concurrent Select Relocation Set 0.613ms
[2026-05-06T01:32:54.794+0100][18.224s][info][gc,phases   ] GC(87) Pause Relocate Start 0.002ms
[2026-05-06T01:32:54.794+0100][18.224s][info][gc,phases   ] GC(87) Concurrent Relocate 0.196ms
[2026-05-06T01:32:54.794+0100][18.224s][info][gc,load     ] GC(87) Load: 2.59/2.90/3.47
[2026-05-06T01:32:54.794+0100][18.224s][info][gc,mmu      ] GC(87) MMU: 2ms/95.6%, 5ms/98.2%, 10ms/99.1%, 20ms/99.6%, 50ms/99.8%, 100ms/99.9%
[2026-05-06T01:32:54.794+0100][18.224s][info][gc,marking  ] GC(87) Mark: 2 stripe(s), 2 proactive flush(es), 1 terminate flush(es), 0 completion(s), 0 continuation(s) 
[2026-05-06T01:32:54.794+0100][18.224s][info][gc,marking  ] GC(87) Mark Stack Usage: 32M
[2026-05-06T01:32:54.794+0100][18.224s][info][gc,nmethod  ] GC(87) NMethods: 3936 registered, 713 unregistered
[2026-05-06T01:32:54.794+0100][18.224s][info][gc,metaspace] GC(87) Metaspace: 18M used, 19M committed, 1088M reserved
[2026-05-06T01:32:54.794+0100][18.224s][info][gc,ref      ] GC(87) Soft: 4238 encountered, 0 discovered, 0 enqueued
[2026-05-06T01:32:54.794+0100][18.224s][info][gc,ref      ] GC(87) Weak: 2369 encountered, 1203 discovered, 0 enqueued
[2026-05-06T01:32:54.794+0100][18.224s][info][gc,ref      ] GC(87) Final: 6 encountered, 0 discovered, 0 enqueued
[2026-05-06T01:32:54.794+0100][18.224s][info][gc,ref      ] GC(87) Phantom: 270 encountered, 174 discovered, 0 enqueued
[2026-05-06T01:32:54.794+0100][18.224s][info][gc,reloc    ] GC(87) Small Pages: 10 / 20M, Empty: 0M, Relocated: 1M, In-Place: 0
[2026-05-06T01:32:54.794+0100][18.224s][info][gc,reloc    ] GC(87) Medium Pages: 1 / 32M, Empty: 0M, Relocated: 0M, In-Place: 0
[2026-05-06T01:32:54.794+0100][18.224s][info][gc,reloc    ] GC(87) Large Pages: 9 / 1068M, Empty: 730M, Relocated: 0M, In-Place: 0
[2026-05-06T01:32:54.794+0100][18.225s][info][gc,reloc    ] GC(87) Forwarding Usage: 0M
[2026-05-06T01:32:54.794+0100][18.225s][info][gc,heap     ] GC(87) Min Capacity: 8M(0%)
[2026-05-06T01:32:54.794+0100][18.225s][info][gc,heap     ] GC(87) Max Capacity: 4096M(100%)
[2026-05-06T01:32:54.794+0100][18.225s][info][gc,heap     ] GC(87) Soft Max Capacity: 4096M(100%)
[2026-05-06T01:32:54.794+0100][18.225s][info][gc,heap     ] GC(87)                Mark Start          Mark End        Relocate Start      Relocate End           High               Low         
[2026-05-06T01:32:54.794+0100][18.225s][info][gc,heap     ] GC(87)  Capacity:     2544M (62%)        2544M (62%)        2544M (62%)        2544M (62%)        2544M (62%)        2544M (62%)    
[2026-05-06T01:32:54.794+0100][18.225s][info][gc,heap     ] GC(87)      Free:     2976M (73%)        2976M (73%)        3706M (90%)        3706M (90%)        3706M (90%)        2976M (73%)    
[2026-05-06T01:32:54.794+0100][18.225s][info][gc,heap     ] GC(87)      Used:     1120M (27%)        1120M (27%)         390M (10%)         390M (10%)        1120M (27%)         390M (10%)    
[2026-05-06T01:32:54.794+0100][18.225s][info][gc,heap     ] GC(87)      Live:         -               351M (9%)          351M (9%)          351M (9%)             -                  -          
[2026-05-06T01:32:54.794+0100][18.225s][info][gc,heap     ] GC(87) Allocated:         -                 0M (0%)            0M (0%)            1M (0%)             -                  -          
[2026-05-06T01:32:54.794+0100][18.225s][info][gc,heap     ] GC(87)   Garbage:         -               768M (19%)          38M (1%)           36M (1%)             -                  -          
[2026-05-06T01:32:54.794+0100][18.225s][info][gc,heap     ] GC(87) Reclaimed:         -                  -               730M (18%)         731M (18%)            -                  -          
[2026-05-06T01:32:54.794+0100][18.225s][info][gc          ] GC(87) Garbage Collection (Proactive) 1120M(27%)->390M(10%)
[2026-05-06T01:32:55.037+0100][18.467s][info][gc,start    ] GC(88) Garbage Collection (System.gc())
[2026-05-06T01:32:55.037+0100][18.467s][info][gc,task     ] GC(88) Using 3 workers
[2026-05-06T01:32:55.037+0100][18.467s][info][gc,phases   ] GC(88) Pause Mark Start 0.003ms
[2026-05-06T01:32:55.041+0100][18.471s][info][gc,phases   ] GC(88) Concurrent Mark 3.768ms
[2026-05-06T01:32:55.041+0100][18.471s][info][gc,phases   ] GC(88) Pause Mark End 0.003ms
[2026-05-06T01:32:55.041+0100][18.471s][info][gc,phases   ] GC(88) Concurrent Mark Free 0.000ms
[2026-05-06T01:32:55.042+0100][18.473s][info][gc,phases   ] GC(88) Concurrent Process Non-Strong References 1.777ms
[2026-05-06T01:32:55.042+0100][18.473s][info][gc,phases   ] GC(88) Concurrent Reset Relocation Set 0.001ms
[2026-05-06T01:32:55.043+0100][18.473s][info][gc,phases   ] GC(88) Concurrent Select Relocation Set 0.586ms
[2026-05-06T01:32:55.043+0100][18.473s][info][gc,phases   ] GC(88) Pause Relocate Start 0.002ms
[2026-05-06T01:32:55.043+0100][18.473s][info][gc,phases   ] GC(88) Concurrent Relocate 0.186ms
[2026-05-06T01:32:55.043+0100][18.474s][info][gc,load     ] GC(88) Load: 2.59/2.90/3.47
[2026-05-06T01:32:55.043+0100][18.474s][info][gc,mmu      ] GC(88) MMU: 2ms/95.6%, 5ms/98.2%, 10ms/99.1%, 20ms/99.6%, 50ms/99.8%, 100ms/99.9%
[2026-05-06T01:32:55.043+0100][18.474s][info][gc,marking  ] GC(88) Mark: 2 stripe(s), 1 proactive flush(es), 1 terminate flush(es), 0 completion(s), 0 continuation(s) 
[2026-05-06T01:32:55.043+0100][18.474s][info][gc,marking  ] GC(88) Mark Stack Usage: 32M
[2026-05-06T01:32:55.043+0100][18.474s][info][gc,nmethod  ] GC(88) NMethods: 3936 registered, 713 unregistered
[2026-05-06T01:32:55.043+0100][18.474s][info][gc,metaspace] GC(88) Metaspace: 18M used, 19M committed, 1088M reserved
[2026-05-06T01:32:55.043+0100][18.474s][info][gc,ref      ] GC(88) Soft: 4238 encountered, 0 discovered, 0 enqueued
[2026-05-06T01:32:55.043+0100][18.474s][info][gc,ref      ] GC(88) Weak: 2367 encountered, 296 discovered, 0 enqueued
[2026-05-06T01:32:55.043+0100][18.474s][info][gc,ref      ] GC(88) Final: 6 encountered, 0 discovered, 0 enqueued
[2026-05-06T01:32:55.043+0100][18.474s][info][gc,ref      ] GC(88) Phantom: 270 encountered, 175 discovered, 0 enqueued
[2026-05-06T01:32:55.043+0100][18.474s][info][gc,reloc    ] GC(88) Small Pages: 10 / 20M, Empty: 0M, Relocated: 1M, In-Place: 0
[2026-05-06T01:32:55.043+0100][18.474s][info][gc,reloc    ] GC(88) Medium Pages: 1 / 32M, Empty: 0M, Relocated: 0M, In-Place: 0
[2026-05-06T01:32:55.043+0100][18.474s][info][gc,reloc    ] GC(88) Large Pages: 7 / 776M, Empty: 584M, Relocated: 0M, In-Place: 0
[2026-05-06T01:32:55.043+0100][18.474s][info][gc,reloc    ] GC(88) Forwarding Usage: 0M
[2026-05-06T01:32:55.043+0100][18.474s][info][gc,heap     ] GC(88) Min Capacity: 8M(0%)
[2026-05-06T01:32:55.043+0100][18.474s][info][gc,heap     ] GC(88) Max Capacity: 4096M(100%)
[2026-05-06T01:32:55.043+0100][18.474s][info][gc,heap     ] GC(88) Soft Max Capacity: 4096M(100%)
[2026-05-06T01:32:55.043+0100][18.474s][info][gc,heap     ] GC(88)                Mark Start          Mark End        Relocate Start      Relocate End           High               Low         
[2026-05-06T01:32:55.043+0100][18.474s][info][gc,heap     ] GC(88)  Capacity:     2544M (62%)        2544M (62%)        2544M (62%)        2544M (62%)        2544M (62%)        2544M (62%)    
[2026-05-06T01:32:55.043+0100][18.474s][info][gc,heap     ] GC(88)      Free:     3268M (80%)        3268M (80%)        3852M (94%)        3854M (94%)        3854M (94%)        3268M (80%)    
[2026-05-06T01:32:55.043+0100][18.474s][info][gc,heap     ] GC(88)      Used:      828M (20%)         828M (20%)         244M (6%)          242M (6%)          828M (20%)         242M (6%)     
[2026-05-06T01:32:55.043+0100][18.474s][info][gc,heap     ] GC(88)      Live:         -               205M (5%)          205M (5%)          205M (5%)             -                  -          
[2026-05-06T01:32:55.043+0100][18.474s][info][gc,heap     ] GC(88) Allocated:         -                 0M (0%)            0M (0%)            0M (0%)             -                  -          
[2026-05-06T01:32:55.043+0100][18.474s][info][gc,heap     ] GC(88)   Garbage:         -               622M (15%)          38M (1%)           36M (1%)             -                  -          
[2026-05-06T01:32:55.043+0100][18.474s][info][gc,heap     ] GC(88) Reclaimed:         -                  -               584M (14%)         586M (14%)            -                  -          
[2026-05-06T01:32:55.043+0100][18.474s][info][gc          ] GC(88) Garbage Collection (System.gc()) 828M(20%)->242M(6%)
[2026-05-06T01:32:55.491+0100][18.921s][info][gc,start    ] GC(89) Garbage Collection (Proactive)
[2026-05-06T01:32:55.491+0100][18.921s][info][gc,task     ] GC(89) Using 3 workers
[2026-05-06T01:32:55.491+0100][18.921s][info][gc,phases   ] GC(89) Pause Mark Start 0.002ms
[2026-05-06T01:32:55.495+0100][18.925s][info][gc,phases   ] GC(89) Concurrent Mark 3.975ms
[2026-05-06T01:32:55.495+0100][18.925s][info][gc,phases   ] GC(89) Pause Mark End 0.003ms
[2026-05-06T01:32:55.495+0100][18.925s][info][gc,phases   ] GC(89) Concurrent Mark Free 0.000ms
[2026-05-06T01:32:55.497+0100][18.927s][info][gc,phases   ] GC(89) Concurrent Process Non-Strong References 1.862ms
[2026-05-06T01:32:55.497+0100][18.927s][info][gc,phases   ] GC(89) Concurrent Reset Relocation Set 0.001ms
[2026-05-06T01:32:55.497+0100][18.928s][info][gc,phases   ] GC(89) Concurrent Select Relocation Set 0.610ms
[2026-05-06T01:32:55.497+0100][18.928s][info][gc,phases   ] GC(89) Pause Relocate Start 0.002ms
[2026-05-06T01:32:55.497+0100][18.928s][info][gc,phases   ] GC(89) Concurrent Relocate 0.203ms
[2026-05-06T01:32:55.498+0100][18.928s][info][gc,load     ] GC(89) Load: 2.59/2.90/3.47
[2026-05-06T01:32:55.498+0100][18.928s][info][gc,mmu      ] GC(89) MMU: 2ms/95.6%, 5ms/98.2%, 10ms/99.1%, 20ms/99.6%, 50ms/99.8%, 100ms/99.9%
[2026-05-06T01:32:55.498+0100][18.928s][info][gc,marking  ] GC(89) Mark: 2 stripe(s), 2 proactive flush(es), 1 terminate flush(es), 0 completion(s), 0 continuation(s) 
[2026-05-06T01:32:55.498+0100][18.928s][info][gc,marking  ] GC(89) Mark Stack Usage: 32M
[2026-05-06T01:32:55.498+0100][18.928s][info][gc,nmethod  ] GC(89) NMethods: 3937 registered, 713 unregistered
[2026-05-06T01:32:55.498+0100][18.928s][info][gc,metaspace] GC(89) Metaspace: 18M used, 19M committed, 1088M reserved
[2026-05-06T01:32:55.498+0100][18.928s][info][gc,ref      ] GC(89) Soft: 4238 encountered, 0 discovered, 0 enqueued
[2026-05-06T01:32:55.498+0100][18.928s][info][gc,ref      ] GC(89) Weak: 2370 encountered, 1163 discovered, 0 enqueued
[2026-05-06T01:32:55.498+0100][18.928s][info][gc,ref      ] GC(89) Final: 6 encountered, 0 discovered, 0 enqueued
[2026-05-06T01:32:55.498+0100][18.928s][info][gc,ref      ] GC(89) Phantom: 270 encountered, 158 discovered, 0 enqueued
[2026-05-06T01:32:55.498+0100][18.928s][info][gc,reloc    ] GC(89) Small Pages: 11 / 22M, Empty: 0M, Relocated: 1M, In-Place: 0
[2026-05-06T01:32:55.498+0100][18.928s][info][gc,reloc    ] GC(89) Medium Pages: 1 / 32M, Empty: 0M, Relocated: 0M, In-Place: 0
[2026-05-06T01:32:55.498+0100][18.928s][info][gc,reloc    ] GC(89) Large Pages: 9 / 1068M, Empty: 730M, Relocated: 0M, In-Place: 0
[2026-05-06T01:32:55.498+0100][18.928s][info][gc,reloc    ] GC(89) Forwarding Usage: 0M
[2026-05-06T01:32:55.498+0100][18.928s][info][gc,heap     ] GC(89) Min Capacity: 8M(0%)
[2026-05-06T01:32:55.498+0100][18.928s][info][gc,heap     ] GC(89) Max Capacity: 4096M(100%)
[2026-05-06T01:32:55.498+0100][18.928s][info][gc,heap     ] GC(89) Soft Max Capacity: 4096M(100%)
[2026-05-06T01:32:55.498+0100][18.928s][info][gc,heap     ] GC(89)                Mark Start          Mark End        Relocate Start      Relocate End           High               Low         
[2026-05-06T01:32:55.498+0100][18.928s][info][gc,heap     ] GC(89)  Capacity:     2544M (62%)        2544M (62%)        2544M (62%)        2544M (62%)        2544M (62%)        2544M (62%)    
[2026-05-06T01:32:55.498+0100][18.928s][info][gc,heap     ] GC(89)      Free:     2974M (73%)        2974M (73%)        3704M (90%)        3706M (90%)        3706M (90%)        2974M (73%)    
[2026-05-06T01:32:55.498+0100][18.928s][info][gc,heap     ] GC(89)      Used:     1122M (27%)        1122M (27%)         392M (10%)         390M (10%)        1122M (27%)         390M (10%)    
[2026-05-06T01:32:55.498+0100][18.928s][info][gc,heap     ] GC(89)      Live:         -               351M (9%)          351M (9%)          351M (9%)             -                  -          
[2026-05-06T01:32:55.498+0100][18.928s][info][gc,heap     ] GC(89) Allocated:         -                 0M (0%)            0M (0%)            1M (0%)             -                  -          
[2026-05-06T01:32:55.498+0100][18.928s][info][gc,heap     ] GC(89)   Garbage:         -               770M (19%)          40M (1%)           36M (1%)             -                  -          
[2026-05-06T01:32:55.498+0100][18.928s][info][gc,heap     ] GC(89) Reclaimed:         -                  -               730M (18%)         733M (18%)            -                  -          
[2026-05-06T01:32:55.498+0100][18.928s][info][gc          ] GC(89) Garbage Collection (Proactive) 1122M(27%)->390M(10%)
[2026-05-06T01:32:55.890+0100][19.321s][info][gc,start    ] GC(90) Garbage Collection (Proactive)
[2026-05-06T01:32:55.890+0100][19.321s][info][gc,task     ] GC(90) Using 3 workers
[2026-05-06T01:32:55.891+0100][19.321s][info][gc,phases   ] GC(90) Pause Mark Start 0.003ms
[2026-05-06T01:32:55.895+0100][19.325s][info][gc,phases   ] GC(90) Concurrent Mark 4.246ms
[2026-05-06T01:32:55.895+0100][19.325s][info][gc,phases   ] GC(90) Pause Mark End 0.005ms
[2026-05-06T01:32:55.895+0100][19.325s][info][gc,phases   ] GC(90) Concurrent Mark Free 0.000ms
[2026-05-06T01:32:55.897+0100][19.327s][info][gc,phases   ] GC(90) Concurrent Process Non-Strong References 1.815ms
[2026-05-06T01:32:55.897+0100][19.327s][info][gc,phases   ] GC(90) Concurrent Reset Relocation Set 0.001ms
[2026-05-06T01:32:55.897+0100][19.328s][info][gc,phases   ] GC(90) Concurrent Select Relocation Set 0.608ms
[2026-05-06T01:32:55.897+0100][19.328s][info][gc,phases   ] GC(90) Pause Relocate Start 0.003ms
[2026-05-06T01:32:55.898+0100][19.328s][info][gc,phases   ] GC(90) Concurrent Relocate 0.207ms
[2026-05-06T01:32:55.898+0100][19.328s][info][gc,load     ] GC(90) Load: 2.59/2.90/3.47
[2026-05-06T01:32:55.898+0100][19.328s][info][gc,mmu      ] GC(90) MMU: 2ms/95.6%, 5ms/98.2%, 10ms/99.1%, 20ms/99.6%, 50ms/99.8%, 100ms/99.9%
[2026-05-06T01:32:55.898+0100][19.328s][info][gc,marking  ] GC(90) Mark: 2 stripe(s), 2 proactive flush(es), 1 terminate flush(es), 0 completion(s), 0 continuation(s) 
[2026-05-06T01:32:55.898+0100][19.328s][info][gc,marking  ] GC(90) Mark Stack Usage: 32M
[2026-05-06T01:32:55.898+0100][19.328s][info][gc,nmethod  ] GC(90) NMethods: 3937 registered, 713 unregistered
[2026-05-06T01:32:55.898+0100][19.328s][info][gc,metaspace] GC(90) Metaspace: 18M used, 19M committed, 1088M reserved
[2026-05-06T01:32:55.898+0100][19.328s][info][gc,ref      ] GC(90) Soft: 4238 encountered, 0 discovered, 0 enqueued
[2026-05-06T01:32:55.898+0100][19.328s][info][gc,ref      ] GC(90) Weak: 2370 encountered, 335 discovered, 0 enqueued
[2026-05-06T01:32:55.898+0100][19.328s][info][gc,ref      ] GC(90) Final: 6 encountered, 6 discovered, 0 enqueued
[2026-05-06T01:32:55.898+0100][19.328s][info][gc,ref      ] GC(90) Phantom: 270 encountered, 149 discovered, 0 enqueued
[2026-05-06T01:32:55.898+0100][19.328s][info][gc,reloc    ] GC(90) Small Pages: 11 / 22M, Empty: 0M, Relocated: 1M, In-Place: 0
[2026-05-06T01:32:55.898+0100][19.328s][info][gc,reloc    ] GC(90) Medium Pages: 1 / 32M, Empty: 0M, Relocated: 0M, In-Place: 0
[2026-05-06T01:32:55.898+0100][19.328s][info][gc,reloc    ] GC(90) Large Pages: 9 / 1068M, Empty: 730M, Relocated: 0M, In-Place: 0
[2026-05-06T01:32:55.898+0100][19.328s][info][gc,reloc    ] GC(90) Forwarding Usage: 0M
[2026-05-06T01:32:55.898+0100][19.328s][info][gc,heap     ] GC(90) Min Capacity: 8M(0%)
[2026-05-06T01:32:55.898+0100][19.328s][info][gc,heap     ] GC(90) Max Capacity: 4096M(100%)
[2026-05-06T01:32:55.898+0100][19.328s][info][gc,heap     ] GC(90) Soft Max Capacity: 4096M(100%)
[2026-05-06T01:32:55.898+0100][19.328s][info][gc,heap     ] GC(90)                Mark Start          Mark End        Relocate Start      Relocate End           High               Low         
[2026-05-06T01:32:55.898+0100][19.328s][info][gc,heap     ] GC(90)  Capacity:     2544M (62%)        2544M (62%)        2544M (62%)        2544M (62%)        2544M (62%)        2544M (62%)    
[2026-05-06T01:32:55.898+0100][19.328s][info][gc,heap     ] GC(90)      Free:     2974M (73%)        2974M (73%)        3704M (90%)        3706M (90%)        3706M (90%)        2974M (73%)    
[2026-05-06T01:32:55.898+0100][19.328s][info][gc,heap     ] GC(90)      Used:     1122M (27%)        1122M (27%)         392M (10%)         390M (10%)        1122M (27%)         390M (10%)    
[2026-05-06T01:32:55.898+0100][19.328s][info][gc,heap     ] GC(90)      Live:         -               351M (9%)          351M (9%)          351M (9%)             -                  -          
[2026-05-06T01:32:55.898+0100][19.328s][info][gc,heap     ] GC(90) Allocated:         -                 0M (0%)            0M (0%)            1M (0%)             -                  -          
[2026-05-06T01:32:55.898+0100][19.328s][info][gc,heap     ] GC(90)   Garbage:         -               770M (19%)          40M (1%)           36M (1%)             -                  -          
[2026-05-06T01:32:55.898+0100][19.328s][info][gc,heap     ] GC(90) Reclaimed:         -                  -               730M (18%)         733M (18%)            -                  -          
[2026-05-06T01:32:55.898+0100][19.328s][info][gc          ] GC(90) Garbage Collection (Proactive) 1122M(27%)->390M(10%)
[2026-05-06T01:32:56.083+0100][19.513s][info][gc,start    ] GC(91) Garbage Collection (System.gc())
[2026-05-06T01:32:56.083+0100][19.513s][info][gc,task     ] GC(91) Using 3 workers
[2026-05-06T01:32:56.083+0100][19.513s][info][gc,phases   ] GC(91) Pause Mark Start 0.003ms
[2026-05-06T01:32:56.087+0100][19.517s][info][gc,phases   ] GC(91) Concurrent Mark 4.088ms
[2026-05-06T01:32:56.087+0100][19.517s][info][gc,phases   ] GC(91) Pause Mark End 0.004ms
[2026-05-06T01:32:56.087+0100][19.517s][info][gc,phases   ] GC(91) Concurrent Mark Free 0.000ms
[2026-05-06T01:32:56.089+0100][19.519s][info][gc,phases   ] GC(91) Concurrent Process Non-Strong References 1.741ms
[2026-05-06T01:32:56.089+0100][19.519s][info][gc,phases   ] GC(91) Concurrent Reset Relocation Set 0.000ms
[2026-05-06T01:32:56.089+0100][19.520s][info][gc,phases   ] GC(91) Concurrent Select Relocation Set 0.583ms
[2026-05-06T01:32:56.089+0100][19.520s][info][gc,phases   ] GC(91) Pause Relocate Start 0.002ms
[2026-05-06T01:32:56.089+0100][19.520s][info][gc,phases   ] GC(91) Concurrent Relocate 0.188ms
[2026-05-06T01:32:56.090+0100][19.520s][info][gc,load     ] GC(91) Load: 2.59/2.90/3.47
[2026-05-06T01:32:56.090+0100][19.520s][info][gc,mmu      ] GC(91) MMU: 2ms/95.6%, 5ms/98.2%, 10ms/99.1%, 20ms/99.6%, 50ms/99.8%, 100ms/99.9%
[2026-05-06T01:32:56.090+0100][19.520s][info][gc,marking  ] GC(91) Mark: 2 stripe(s), 1 proactive flush(es), 1 terminate flush(es), 0 completion(s), 0 continuation(s) 
[2026-05-06T01:32:56.090+0100][19.520s][info][gc,marking  ] GC(91) Mark Stack Usage: 32M
[2026-05-06T01:32:56.090+0100][19.520s][info][gc,nmethod  ] GC(91) NMethods: 3937 registered, 713 unregistered
[2026-05-06T01:32:56.090+0100][19.520s][info][gc,metaspace] GC(91) Metaspace: 18M used, 19M committed, 1088M reserved
[2026-05-06T01:32:56.090+0100][19.520s][info][gc,ref      ] GC(91) Soft: 4238 encountered, 0 discovered, 0 enqueued
[2026-05-06T01:32:56.090+0100][19.520s][info][gc,ref      ] GC(91) Weak: 2367 encountered, 318 discovered, 0 enqueued
[2026-05-06T01:32:56.090+0100][19.520s][info][gc,ref      ] GC(91) Final: 6 encountered, 6 discovered, 0 enqueued
[2026-05-06T01:32:56.090+0100][19.520s][info][gc,ref      ] GC(91) Phantom: 270 encountered, 139 discovered, 0 enqueued
[2026-05-06T01:32:56.090+0100][19.520s][info][gc,reloc    ] GC(91) Small Pages: 10 / 20M, Empty: 0M, Relocated: 1M, In-Place: 0
[2026-05-06T01:32:56.090+0100][19.520s][info][gc,reloc    ] GC(91) Medium Pages: 1 / 32M, Empty: 0M, Relocated: 0M, In-Place: 0
[2026-05-06T01:32:56.090+0100][19.520s][info][gc,reloc    ] GC(91) Large Pages: 6 / 630M, Empty: 438M, Relocated: 0M, In-Place: 0
[2026-05-06T01:32:56.090+0100][19.520s][info][gc,reloc    ] GC(91) Forwarding Usage: 0M
[2026-05-06T01:32:56.090+0100][19.520s][info][gc,heap     ] GC(91) Min Capacity: 8M(0%)
[2026-05-06T01:32:56.090+0100][19.520s][info][gc,heap     ] GC(91) Max Capacity: 4096M(100%)
[2026-05-06T01:32:56.090+0100][19.520s][info][gc,heap     ] GC(91) Soft Max Capacity: 4096M(100%)
[2026-05-06T01:32:56.090+0100][19.520s][info][gc,heap     ] GC(91)                Mark Start          Mark End        Relocate Start      Relocate End           High               Low         
[2026-05-06T01:32:56.090+0100][19.520s][info][gc,heap     ] GC(91)  Capacity:     2544M (62%)        2544M (62%)        2544M (62%)        2544M (62%)        2544M (62%)        2544M (62%)    
[2026-05-06T01:32:56.090+0100][19.520s][info][gc,heap     ] GC(91)      Free:     3414M (83%)        3414M (83%)        3852M (94%)        3854M (94%)        3854M (94%)        3414M (83%)    
[2026-05-06T01:32:56.090+0100][19.520s][info][gc,heap     ] GC(91)      Used:      682M (17%)         682M (17%)         244M (6%)          242M (6%)          682M (17%)         242M (6%)     
[2026-05-06T01:32:56.090+0100][19.520s][info][gc,heap     ] GC(91)      Live:         -               205M (5%)          205M (5%)          205M (5%)             -                  -          
[2026-05-06T01:32:56.090+0100][19.520s][info][gc,heap     ] GC(91) Allocated:         -                 0M (0%)            0M (0%)            0M (0%)             -                  -          
[2026-05-06T01:32:56.090+0100][19.520s][info][gc,heap     ] GC(91)   Garbage:         -               476M (12%)          38M (1%)           36M (1%)             -                  -          
[2026-05-06T01:32:56.090+0100][19.520s][info][gc,heap     ] GC(91) Reclaimed:         -                  -               438M (11%)         440M (11%)            -                  -          
[2026-05-06T01:32:56.090+0100][19.520s][info][gc          ] GC(91) Garbage Collection (System.gc()) 682M(17%)->242M(6%)
[2026-05-06T01:32:56.487+0100][19.918s][info][gc,start    ] GC(92) Garbage Collection (Proactive)
[2026-05-06T01:32:56.487+0100][19.918s][info][gc,task     ] GC(92) Using 3 workers
[2026-05-06T01:32:56.487+0100][19.918s][info][gc,phases   ] GC(92) Pause Mark Start 0.003ms
[2026-05-06T01:32:56.492+0100][19.922s][info][gc,phases   ] GC(92) Concurrent Mark 4.113ms
[2026-05-06T01:32:56.492+0100][19.922s][info][gc,phases   ] GC(92) Pause Mark End 0.005ms
[2026-05-06T01:32:56.492+0100][19.922s][info][gc,phases   ] GC(92) Concurrent Mark Free 0.000ms
[2026-05-06T01:32:56.493+0100][19.924s][info][gc,phases   ] GC(92) Concurrent Process Non-Strong References 1.771ms
[2026-05-06T01:32:56.493+0100][19.924s][info][gc,phases   ] GC(92) Concurrent Reset Relocation Set 0.001ms
[2026-05-06T01:32:56.494+0100][19.924s][info][gc,phases   ] GC(92) Concurrent Select Relocation Set 0.620ms
[2026-05-06T01:32:56.494+0100][19.924s][info][gc,phases   ] GC(92) Pause Relocate Start 0.002ms
[2026-05-06T01:32:56.494+0100][19.925s][info][gc,phases   ] GC(92) Concurrent Relocate 0.208ms
[2026-05-06T01:32:56.494+0100][19.925s][info][gc,load     ] GC(92) Load: 2.70/2.91/3.47
[2026-05-06T01:32:56.494+0100][19.925s][info][gc,mmu      ] GC(92) MMU: 2ms/95.6%, 5ms/98.2%, 10ms/99.1%, 20ms/99.6%, 50ms/99.8%, 100ms/99.9%
[2026-05-06T01:32:56.494+0100][19.925s][info][gc,marking  ] GC(92) Mark: 2 stripe(s), 2 proactive flush(es), 1 terminate flush(es), 0 completion(s), 0 continuation(s) 
[2026-05-06T01:32:56.494+0100][19.925s][info][gc,marking  ] GC(92) Mark Stack Usage: 32M
[2026-05-06T01:32:56.494+0100][19.925s][info][gc,nmethod  ] GC(92) NMethods: 3940 registered, 713 unregistered
[2026-05-06T01:32:56.494+0100][19.925s][info][gc,metaspace] GC(92) Metaspace: 18M used, 19M committed, 1088M reserved
[2026-05-06T01:32:56.494+0100][19.925s][info][gc,ref      ] GC(92) Soft: 4238 encountered, 0 discovered, 0 enqueued
[2026-05-06T01:32:56.494+0100][19.925s][info][gc,ref      ] GC(92) Weak: 2370 encountered, 533 discovered, 0 enqueued
[2026-05-06T01:32:56.494+0100][19.925s][info][gc,ref      ] GC(92) Final: 6 encountered, 6 discovered, 0 enqueued
[2026-05-06T01:32:56.494+0100][19.925s][info][gc,ref      ] GC(92) Phantom: 270 encountered, 186 discovered, 0 enqueued
[2026-05-06T01:32:56.494+0100][19.925s][info][gc,reloc    ] GC(92) Small Pages: 11 / 22M, Empty: 0M, Relocated: 1M, In-Place: 0
[2026-05-06T01:32:56.494+0100][19.925s][info][gc,reloc    ] GC(92) Medium Pages: 1 / 32M, Empty: 0M, Relocated: 0M, In-Place: 0
[2026-05-06T01:32:56.494+0100][19.925s][info][gc,reloc    ] GC(92) Large Pages: 8 / 922M, Empty: 730M, Relocated: 0M, In-Place: 0
[2026-05-06T01:32:56.494+0100][19.925s][info][gc,reloc    ] GC(92) Forwarding Usage: 0M
[2026-05-06T01:32:56.494+0100][19.925s][info][gc,heap     ] GC(92) Min Capacity: 8M(0%)
[2026-05-06T01:32:56.494+0100][19.925s][info][gc,heap     ] GC(92) Max Capacity: 4096M(100%)
[2026-05-06T01:32:56.494+0100][19.925s][info][gc,heap     ] GC(92) Soft Max Capacity: 4096M(100%)
[2026-05-06T01:32:56.494+0100][19.925s][info][gc,heap     ] GC(92)                Mark Start          Mark End        Relocate Start      Relocate End           High               Low         
[2026-05-06T01:32:56.494+0100][19.925s][info][gc,heap     ] GC(92)  Capacity:     2544M (62%)        2544M (62%)        2544M (62%)        2544M (62%)        2544M (62%)        2544M (62%)    
[2026-05-06T01:32:56.494+0100][19.925s][info][gc,heap     ] GC(92)      Free:     3120M (76%)        3120M (76%)        3850M (94%)        3852M (94%)        3852M (94%)        3120M (76%)    
[2026-05-06T01:32:56.494+0100][19.925s][info][gc,heap     ] GC(92)      Used:      976M (24%)         976M (24%)         246M (6%)          244M (6%)          976M (24%)         244M (6%)     
[2026-05-06T01:32:56.494+0100][19.925s][info][gc,heap     ] GC(92)      Live:         -               205M (5%)          205M (5%)          205M (5%)             -                  -          
[2026-05-06T01:32:56.494+0100][19.925s][info][gc,heap     ] GC(92) Allocated:         -                 0M (0%)            0M (0%)            1M (0%)             -                  -          
[2026-05-06T01:32:56.494+0100][19.925s][info][gc,heap     ] GC(92)   Garbage:         -               770M (19%)          40M (1%)           36M (1%)             -                  -          
[2026-05-06T01:32:56.494+0100][19.925s][info][gc,heap     ] GC(92) Reclaimed:         -                  -               730M (18%)         733M (18%)            -                  -          
[2026-05-06T01:32:56.494+0100][19.925s][info][gc          ] GC(92) Garbage Collection (Proactive) 976M(24%)->244M(6%)
[2026-05-06T01:32:56.587+0100][20.018s][info][gc,stats    ] === Garbage Collection Statistics =======================================================================================================================
[2026-05-06T01:32:56.587+0100][20.018s][info][gc,stats    ]                                                              Last 10s              Last 10m              Last 10h                Total
[2026-05-06T01:32:56.587+0100][20.018s][info][gc,stats    ]                                                              Avg / Max             Avg / Max             Avg / Max             Avg / Max
[2026-05-06T01:32:56.587+0100][20.018s][info][gc,stats    ]   Collector: Garbage Collection Cycle                      7.055 / 9.733         8.017 / 71.526        8.017 / 71.526        8.017 / 71.526      ms
[2026-05-06T01:32:56.587+0100][20.018s][info][gc,stats    ]  Contention: Mark Segment Reset Contention                     1 / 3                 3 / 15                3 / 15                3 / 15          ops/s
[2026-05-06T01:32:56.587+0100][20.018s][info][gc,stats    ]  Contention: Mark SeqNum Reset Contention                      0 / 1                 0 / 5                 0 / 5                 0 / 5           ops/s
[2026-05-06T01:32:56.587+0100][20.018s][info][gc,stats    ]    Critical: Allocation Stall                                  0 / 0                 0 / 0                 0 / 0                 0 / 0           ops/s
[2026-05-06T01:32:56.587+0100][20.018s][info][gc,stats    ]    Critical: Allocation Stall                              0.000 / 0.000         0.000 / 0.000         0.000 / 0.000         0.000 / 0.000       ms
[2026-05-06T01:32:56.587+0100][20.018s][info][gc,stats    ]    Critical: GC Locker Stall                                   0 / 0                 0 / 0                 0 / 0                 0 / 0           ops/s
[2026-05-06T01:32:56.587+0100][20.018s][info][gc,stats    ]    Critical: GC Locker Stall                               0.000 / 0.000         0.000 / 0.000         0.000 / 0.000         0.000 / 0.000       ms
[2026-05-06T01:32:56.587+0100][20.018s][info][gc,stats    ]    Critical: Relocation Stall                                  0 / 0                 0 / 0                 0 / 0                 0 / 0           ops/s
[2026-05-06T01:32:56.587+0100][20.018s][info][gc,stats    ]    Critical: Relocation Stall                              0.000 / 0.000         0.000 / 0.000         0.000 / 0.000         0.000 / 0.000       ms
[2026-05-06T01:32:56.587+0100][20.018s][info][gc,stats    ]      Memory: Allocation Rate                                1174 / 1766           1474 / 4864           1474 / 4864           1474 / 4864        MB/s
[2026-05-06T01:32:56.587+0100][20.018s][info][gc,stats    ]      Memory: Defragment                                        0 / 0                 0 / 0                 0 / 0                 0 / 0           ops/s
[2026-05-06T01:32:56.587+0100][20.018s][info][gc,stats    ]      Memory: Out Of Memory                                     0 / 0                 0 / 0                 0 / 0                 0 / 0           ops/s
[2026-05-06T01:32:56.587+0100][20.018s][info][gc,stats    ]      Memory: Page Cache Flush                                  0 / 0                 0 / 0                 0 / 0                 0 / 0           MB/s
[2026-05-06T01:32:56.587+0100][20.018s][info][gc,stats    ]      Memory: Page Cache Hit L1                                18 / 28               93 / 330              93 / 330              93 / 330         ops/s
[2026-05-06T01:32:56.587+0100][20.018s][info][gc,stats    ]      Memory: Page Cache Hit L2                                 0 / 0                 0 / 0                 0 / 0                 0 / 0           ops/s
[2026-05-06T01:32:56.587+0100][20.018s][info][gc,stats    ]      Memory: Page Cache Hit L3                                 0 / 0                 6 / 110               6 / 110               6 / 110         ops/s
[2026-05-06T01:32:56.587+0100][20.018s][info][gc,stats    ]      Memory: Page Cache Miss                                   0 / 3                11 / 94               11 / 94               11 / 94          ops/s
[2026-05-06T01:32:56.587+0100][20.018s][info][gc,stats    ]      Memory: Uncommit                                          0 / 0                 0 / 0                 0 / 0                 0 / 0           MB/s
[2026-05-06T01:32:56.587+0100][20.018s][info][gc,stats    ]      Memory: Undo Object Allocation Failed                     0 / 1                 0 / 1                 0 / 1                 0 / 1           ops/s
[2026-05-06T01:32:56.588+0100][20.018s][info][gc,stats    ]      Memory: Undo Object Allocation Succeeded                  0 / 3                 0 / 3                 0 / 3                 0 / 3           ops/s
[2026-05-06T01:32:56.588+0100][20.018s][info][gc,stats    ]      Memory: Undo Page Allocation                              0 / 2                 2 / 26                2 / 26                2 / 26          ops/s
[2026-05-06T01:32:56.588+0100][20.018s][info][gc,stats    ]       Phase: Concurrent Mark                               4.169 / 5.761         4.676 / 31.432        4.676 / 31.432        4.676 / 31.432      ms
[2026-05-06T01:32:56.588+0100][20.018s][info][gc,stats    ]       Phase: Concurrent Mark Continue                      0.000 / 0.000         0.000 / 0.000         0.000 / 0.000         0.000 / 0.000       ms
[2026-05-06T01:32:56.588+0100][20.018s][info][gc,stats    ]       Phase: Concurrent Mark Free                          0.000 / 0.000         0.000 / 0.001         0.000 / 0.001         0.000 / 0.001       ms
[2026-05-06T01:32:56.588+0100][20.018s][info][gc,stats    ]       Phase: Concurrent Process Non-Strong References      1.825 / 2.732         2.178 / 36.186        2.178 / 36.186        2.178 / 36.186      ms
[2026-05-06T01:32:56.588+0100][20.018s][info][gc,stats    ]       Phase: Concurrent Relocate                           0.195 / 0.275         0.241 / 2.596         0.241 / 2.596         0.241 / 2.596       ms
[2026-05-06T01:32:56.588+0100][20.018s][info][gc,stats    ]       Phase: Concurrent Reset Relocation Set               0.001 / 0.001         0.001 / 0.004         0.001 / 0.004         0.001 / 0.004       ms
[2026-05-06T01:32:56.588+0100][20.018s][info][gc,stats    ]       Phase: Concurrent Select Relocation Set              0.611 / 0.690         0.680 / 2.285         0.680 / 2.285         0.680 / 2.285       ms
[2026-05-06T01:32:56.588+0100][20.018s][info][gc,stats    ]       Phase: Pause Mark End                                0.004 / 0.006         0.005 / 0.010         0.005 / 0.010         0.005 / 0.010       ms
[2026-05-06T01:32:56.588+0100][20.018s][info][gc,stats    ]       Phase: Pause Mark Start                              0.003 / 0.009         0.003 / 0.009         0.003 / 0.009         0.003 / 0.009       ms
[2026-05-06T01:32:56.588+0100][20.018s][info][gc,stats    ]       Phase: Pause Relocate Start                          0.002 / 0.003         0.003 / 0.088         0.003 / 0.088         0.003 / 0.088       ms
[2026-05-06T01:32:56.588+0100][20.018s][info][gc,stats    ]    Subphase: Concurrent Classes Purge                      0.003 / 0.005         0.008 / 0.188         0.008 / 0.188         0.008 / 0.188       ms
[2026-05-06T01:32:56.588+0100][20.018s][info][gc,stats    ]    Subphase: Concurrent Classes Unlink                     1.705 / 2.532         2.045 / 35.895        2.045 / 35.895        2.045 / 35.895      ms
[2026-05-06T01:32:56.588+0100][20.018s][info][gc,stats    ]    Subphase: Concurrent Mark                               3.785 / 5.579         4.251 / 31.317        4.251 / 31.317        4.251 / 31.317      ms
[2026-05-06T01:32:56.588+0100][20.018s][info][gc,stats    ]    Subphase: Concurrent Mark Try Flush                     0.021 / 0.043         0.016 / 0.043         0.016 / 0.043         0.016 / 0.043       ms
[2026-05-06T01:32:56.588+0100][20.018s][info][gc,stats    ]    Subphase: Concurrent Mark Try Terminate                 0.628 / 1.277         0.663 / 1.364         0.663 / 1.364         0.663 / 1.364       ms
[2026-05-06T01:32:56.588+0100][20.018s][info][gc,stats    ]    Subphase: Concurrent References Enqueue                 0.000 / 0.000         0.000 / 0.004         0.000 / 0.004         0.000 / 0.004       ms
[2026-05-06T01:32:56.588+0100][20.018s][info][gc,stats    ]    Subphase: Concurrent References Process                 0.021 / 0.040         0.031 / 0.121         0.031 / 0.121         0.031 / 0.121       ms
[2026-05-06T01:32:56.588+0100][20.018s][info][gc,stats    ]    Subphase: Concurrent Roots ClassLoaderDataGraph         0.037 / 0.136         0.037 / 0.254         0.037 / 0.254         0.037 / 0.254       ms
[2026-05-06T01:32:56.588+0100][20.018s][info][gc,stats    ]    Subphase: Concurrent Roots CodeCache                    0.000 / 0.000         0.000 / 0.000         0.000 / 0.000         0.000 / 0.000       ms
[2026-05-06T01:32:56.588+0100][20.018s][info][gc,stats    ]    Subphase: Concurrent Roots JavaThreads                  0.048 / 0.074         0.046 / 0.300         0.046 / 0.300         0.046 / 0.300       ms
[2026-05-06T01:32:56.588+0100][20.018s][info][gc,stats    ]    Subphase: Concurrent Roots OopStorageSet                0.006 / 0.011         0.007 / 0.046         0.007 / 0.046         0.007 / 0.046       ms
[2026-05-06T01:32:56.588+0100][20.018s][info][gc,stats    ]    Subphase: Concurrent Weak Roots OopStorageSet           0.058 / 0.097         0.061 / 0.133         0.061 / 0.133         0.061 / 0.133       ms
[2026-05-06T01:32:56.588+0100][20.018s][info][gc,stats    ]    Subphase: Pause Mark Try Complete                       0.000 / 0.000         0.000 / 0.000         0.000 / 0.000         0.000 / 0.000       ms
[2026-05-06T01:32:56.588+0100][20.018s][info][gc,stats    ]      System: Java Threads                                     22 / 24               20 / 34               20 / 34               20 / 34          threads
[2026-05-06T01:32:56.588+0100][20.018s][info][gc,stats    ] =========================================================================================================================================================
[2026-05-06T01:32:56.890+0100][20.321s][info][gc,start    ] GC(93) Garbage Collection (Proactive)
[2026-05-06T01:32:56.890+0100][20.321s][info][gc,task     ] GC(93) Using 3 workers
[2026-05-06T01:32:56.891+0100][20.321s][info][gc,phases   ] GC(93) Pause Mark Start 0.005ms
[2026-05-06T01:32:56.897+0100][20.327s][info][gc,phases   ] GC(93) Concurrent Mark 6.362ms
[2026-05-06T01:32:56.897+0100][20.327s][info][gc,phases   ] GC(93) Pause Mark End 0.009ms
[2026-05-06T01:32:56.897+0100][20.327s][info][gc,phases   ] GC(93) Concurrent Mark Free 0.001ms
[2026-05-06T01:32:56.900+0100][20.330s][info][gc,phases   ] GC(93) Concurrent Process Non-Strong References 2.737ms
[2026-05-06T01:32:56.900+0100][20.330s][info][gc,phases   ] GC(93) Concurrent Reset Relocation Set 0.001ms
[2026-05-06T01:32:56.901+0100][20.331s][info][gc,phases   ] GC(93) Concurrent Select Relocation Set 0.805ms
[2026-05-06T01:32:56.901+0100][20.331s][info][gc,phases   ] GC(93) Pause Relocate Start 0.003ms
[2026-05-06T01:32:56.901+0100][20.331s][info][gc,phases   ] GC(93) Concurrent Relocate 0.312ms
[2026-05-06T01:32:56.901+0100][20.331s][info][gc,load     ] GC(93) Load: 2.70/2.91/3.47
[2026-05-06T01:32:56.901+0100][20.331s][info][gc,mmu      ] GC(93) MMU: 2ms/95.6%, 5ms/98.2%, 10ms/99.1%, 20ms/99.6%, 50ms/99.8%, 100ms/99.9%
[2026-05-06T01:32:56.901+0100][20.331s][info][gc,marking  ] GC(93) Mark: 2 stripe(s), 2 proactive flush(es), 1 terminate flush(es), 0 completion(s), 0 continuation(s) 
[2026-05-06T01:32:56.901+0100][20.331s][info][gc,marking  ] GC(93) Mark Stack Usage: 32M
[2026-05-06T01:32:56.901+0100][20.331s][info][gc,nmethod  ] GC(93) NMethods: 3944 registered, 713 unregistered
[2026-05-06T01:32:56.901+0100][20.331s][info][gc,metaspace] GC(93) Metaspace: 18M used, 19M committed, 1088M reserved
[2026-05-06T01:32:56.901+0100][20.331s][info][gc,ref      ] GC(93) Soft: 4238 encountered, 0 discovered, 0 enqueued
[2026-05-06T01:32:56.901+0100][20.331s][info][gc,ref      ] GC(93) Weak: 2371 encountered, 1289 discovered, 0 enqueued
[2026-05-06T01:32:56.901+0100][20.331s][info][gc,ref      ] GC(93) Final: 6 encountered, 6 discovered, 0 enqueued
[2026-05-06T01:32:56.901+0100][20.331s][info][gc,ref      ] GC(93) Phantom: 270 encountered, 173 discovered, 0 enqueued
[2026-05-06T01:32:56.901+0100][20.331s][info][gc,reloc    ] GC(93) Small Pages: 11 / 22M, Empty: 2M, Relocated: 1M, In-Place: 0
[2026-05-06T01:32:56.901+0100][20.331s][info][gc,reloc    ] GC(93) Medium Pages: 1 / 32M, Empty: 0M, Relocated: 0M, In-Place: 0
[2026-05-06T01:32:56.901+0100][20.331s][info][gc,reloc    ] GC(93) Large Pages: 8 / 922M, Empty: 730M, Relocated: 0M, In-Place: 0
[2026-05-06T01:32:56.901+0100][20.331s][info][gc,reloc    ] GC(93) Forwarding Usage: 0M
[2026-05-06T01:32:56.901+0100][20.331s][info][gc,heap     ] GC(93) Min Capacity: 8M(0%)
[2026-05-06T01:32:56.901+0100][20.331s][info][gc,heap     ] GC(93) Max Capacity: 4096M(100%)
[2026-05-06T01:32:56.901+0100][20.331s][info][gc,heap     ] GC(93) Soft Max Capacity: 4096M(100%)
[2026-05-06T01:32:56.901+0100][20.331s][info][gc,heap     ] GC(93)                Mark Start          Mark End        Relocate Start      Relocate End           High               Low         
[2026-05-06T01:32:56.901+0100][20.331s][info][gc,heap     ] GC(93)  Capacity:     2544M (62%)        2544M (62%)        2544M (62%)        2544M (62%)        2544M (62%)        2544M (62%)    
[2026-05-06T01:32:56.901+0100][20.331s][info][gc,heap     ] GC(93)      Free:     3120M (76%)        3120M (76%)        3852M (94%)        3852M (94%)        3852M (94%)        3120M (76%)    
[2026-05-06T01:32:56.901+0100][20.331s][info][gc,heap     ] GC(93)      Used:      976M (24%)         976M (24%)         244M (6%)          244M (6%)          976M (24%)         244M (6%)     
[2026-05-06T01:32:56.901+0100][20.331s][info][gc,heap     ] GC(93)      Live:         -               205M (5%)          205M (5%)          205M (5%)             -                  -          
[2026-05-06T01:32:56.901+0100][20.331s][info][gc,heap     ] GC(93) Allocated:         -                 0M (0%)            0M (0%)            1M (0%)             -                  -          
[2026-05-06T01:32:56.901+0100][20.331s][info][gc,heap     ] GC(93)   Garbage:         -               770M (19%)          38M (1%)           36M (1%)             -                  -          
[2026-05-06T01:32:56.901+0100][20.331s][info][gc,heap     ] GC(93) Reclaimed:         -                  -               732M (18%)         733M (18%)            -                  -          
[2026-05-06T01:32:56.901+0100][20.331s][info][gc          ] GC(93) Garbage Collection (Proactive) 976M(24%)->244M(6%)
[2026-05-06T01:32:57.015+0100][20.446s][info][gc,start    ] GC(94) Garbage Collection (System.gc())
[2026-05-06T01:32:57.015+0100][20.446s][info][gc,task     ] GC(94) Using 3 workers
[2026-05-06T01:32:57.015+0100][20.446s][info][gc,phases   ] GC(94) Pause Mark Start 0.003ms
[2026-05-06T01:32:57.019+0100][20.450s][info][gc,phases   ] GC(94) Concurrent Mark 4.047ms
[2026-05-06T01:32:57.019+0100][20.450s][info][gc,phases   ] GC(94) Pause Mark End 0.004ms
[2026-05-06T01:32:57.019+0100][20.450s][info][gc,phases   ] GC(94) Concurrent Mark Free 0.000ms
[2026-05-06T01:32:57.021+0100][20.452s][info][gc,phases   ] GC(94) Concurrent Process Non-Strong References 1.729ms
[2026-05-06T01:32:57.021+0100][20.452s][info][gc,phases   ] GC(94) Concurrent Reset Relocation Set 0.001ms
[2026-05-06T01:32:57.022+0100][20.452s][info][gc,phases   ] GC(94) Concurrent Select Relocation Set 0.589ms
[2026-05-06T01:32:57.022+0100][20.452s][info][gc,phases   ] GC(94) Pause Relocate Start 0.002ms
[2026-05-06T01:32:57.022+0100][20.452s][info][gc,phases   ] GC(94) Concurrent Relocate 0.187ms
[2026-05-06T01:32:57.022+0100][20.452s][info][gc,load     ] GC(94) Load: 2.70/2.91/3.47
[2026-05-06T01:32:57.022+0100][20.452s][info][gc,mmu      ] GC(94) MMU: 2ms/95.6%, 5ms/98.2%, 10ms/99.1%, 20ms/99.6%, 50ms/99.8%, 100ms/99.9%
[2026-05-06T01:32:57.022+0100][20.452s][info][gc,marking  ] GC(94) Mark: 2 stripe(s), 1 proactive flush(es), 1 terminate flush(es), 0 completion(s), 0 continuation(s) 
[2026-05-06T01:32:57.022+0100][20.452s][info][gc,marking  ] GC(94) Mark Stack Usage: 32M
[2026-05-06T01:32:57.022+0100][20.452s][info][gc,nmethod  ] GC(94) NMethods: 3944 registered, 713 unregistered
[2026-05-06T01:32:57.022+0100][20.452s][info][gc,metaspace] GC(94) Metaspace: 18M used, 19M committed, 1088M reserved
[2026-05-06T01:32:57.022+0100][20.452s][info][gc,ref      ] GC(94) Soft: 4238 encountered, 0 discovered, 0 enqueued
[2026-05-06T01:32:57.022+0100][20.452s][info][gc,ref      ] GC(94) Weak: 2367 encountered, 1190 discovered, 0 enqueued
[2026-05-06T01:32:57.022+0100][20.452s][info][gc,ref      ] GC(94) Final: 6 encountered, 0 discovered, 0 enqueued
[2026-05-06T01:32:57.022+0100][20.452s][info][gc,ref      ] GC(94) Phantom: 270 encountered, 162 discovered, 0 enqueued
[2026-05-06T01:32:57.022+0100][20.452s][info][gc,reloc    ] GC(94) Small Pages: 10 / 20M, Empty: 0M, Relocated: 1M, In-Place: 0
[2026-05-06T01:32:57.022+0100][20.452s][info][gc,reloc    ] GC(94) Medium Pages: 1 / 32M, Empty: 0M, Relocated: 0M, In-Place: 0
[2026-05-06T01:32:57.022+0100][20.452s][info][gc,reloc    ] GC(94) Large Pages: 6 / 630M, Empty: 438M, Relocated: 0M, In-Place: 0
[2026-05-06T01:32:57.022+0100][20.452s][info][gc,reloc    ] GC(94) Forwarding Usage: 0M
[2026-05-06T01:32:57.022+0100][20.452s][info][gc,heap     ] GC(94) Min Capacity: 8M(0%)
[2026-05-06T01:32:57.022+0100][20.452s][info][gc,heap     ] GC(94) Max Capacity: 4096M(100%)
[2026-05-06T01:32:57.022+0100][20.452s][info][gc,heap     ] GC(94) Soft Max Capacity: 4096M(100%)
[2026-05-06T01:32:57.022+0100][20.452s][info][gc,heap     ] GC(94)                Mark Start          Mark End        Relocate Start      Relocate End           High               Low         
[2026-05-06T01:32:57.022+0100][20.452s][info][gc,heap     ] GC(94)  Capacity:     2544M (62%)        2544M (62%)        2544M (62%)        2544M (62%)        2544M (62%)        2544M (62%)    
[2026-05-06T01:32:57.022+0100][20.452s][info][gc,heap     ] GC(94)      Free:     3414M (83%)        3414M (83%)        3852M (94%)        3854M (94%)        3854M (94%)        3414M (83%)    
[2026-05-06T01:32:57.022+0100][20.452s][info][gc,heap     ] GC(94)      Used:      682M (17%)         682M (17%)         244M (6%)          242M (6%)          682M (17%)         242M (6%)     
[2026-05-06T01:32:57.022+0100][20.452s][info][gc,heap     ] GC(94)      Live:         -               205M (5%)          205M (5%)          205M (5%)             -                  -          
[2026-05-06T01:32:57.022+0100][20.452s][info][gc,heap     ] GC(94) Allocated:         -                 0M (0%)            0M (0%)            0M (0%)             -                  -          
[2026-05-06T01:32:57.022+0100][20.452s][info][gc,heap     ] GC(94)   Garbage:         -               476M (12%)          38M (1%)           36M (1%)             -                  -          
[2026-05-06T01:32:57.022+0100][20.452s][info][gc,heap     ] GC(94) Reclaimed:         -                  -               438M (11%)         440M (11%)            -                  -          
[2026-05-06T01:32:57.022+0100][20.452s][info][gc          ] GC(94) Garbage Collection (System.gc()) 682M(17%)->242M(6%)
[2026-05-06T01:32:57.691+0100][21.121s][info][gc,start    ] GC(95) Garbage Collection (Proactive)
[2026-05-06T01:32:57.692+0100][21.122s][info][gc,task     ] GC(95) Using 3 workers
[2026-05-06T01:32:57.692+0100][21.123s][info][gc,phases   ] GC(95) Pause Mark Start 0.005ms
[2026-05-06T01:32:57.701+0100][21.132s][info][gc,phases   ] GC(95) Concurrent Mark 8.949ms
[2026-05-06T01:32:57.701+0100][21.132s][info][gc,phases   ] GC(95) Pause Mark End 0.006ms
[2026-05-06T01:32:57.701+0100][21.132s][info][gc,phases   ] GC(95) Concurrent Mark Free 0.000ms
[2026-05-06T01:32:57.704+0100][21.134s][info][gc,phases   ] GC(95) Concurrent Process Non-Strong References 2.511ms
[2026-05-06T01:32:57.704+0100][21.134s][info][gc,phases   ] GC(95) Concurrent Reset Relocation Set 0.001ms
[2026-05-06T01:32:57.705+0100][21.135s][info][gc,phases   ] GC(95) Concurrent Select Relocation Set 0.943ms
[2026-05-06T01:32:57.705+0100][21.135s][info][gc,phases   ] GC(95) Pause Relocate Start 0.002ms
[2026-05-06T01:32:57.705+0100][21.136s][info][gc,phases   ] GC(95) Concurrent Relocate 0.307ms
[2026-05-06T01:32:57.705+0100][21.136s][info][gc,load     ] GC(95) Load: 2.70/2.91/3.47
[2026-05-06T01:32:57.705+0100][21.136s][info][gc,mmu      ] GC(95) MMU: 2ms/95.6%, 5ms/98.2%, 10ms/99.1%, 20ms/99.6%, 50ms/99.8%, 100ms/99.9%
[2026-05-06T01:32:57.705+0100][21.136s][info][gc,marking  ] GC(95) Mark: 2 stripe(s), 2 proactive flush(es), 1 terminate flush(es), 0 completion(s), 0 continuation(s) 
[2026-05-06T01:32:57.705+0100][21.136s][info][gc,marking  ] GC(95) Mark Stack Usage: 32M
[2026-05-06T01:32:57.705+0100][21.136s][info][gc,nmethod  ] GC(95) NMethods: 3944 registered, 714 unregistered
[2026-05-06T01:32:57.705+0100][21.136s][info][gc,metaspace] GC(95) Metaspace: 18M used, 19M committed, 1088M reserved
[2026-05-06T01:32:57.705+0100][21.136s][info][gc,ref      ] GC(95) Soft: 4238 encountered, 0 discovered, 0 enqueued
[2026-05-06T01:32:57.705+0100][21.136s][info][gc,ref      ] GC(95) Weak: 2372 encountered, 1205 discovered, 0 enqueued
[2026-05-06T01:32:57.705+0100][21.136s][info][gc,ref      ] GC(95) Final: 6 encountered, 6 discovered, 0 enqueued
[2026-05-06T01:32:57.705+0100][21.136s][info][gc,ref      ] GC(95) Phantom: 270 encountered, 168 discovered, 0 enqueued
[2026-05-06T01:32:57.705+0100][21.136s][info][gc,reloc    ] GC(95) Small Pages: 11 / 22M, Empty: 0M, Relocated: 1M, In-Place: 0
[2026-05-06T01:32:57.705+0100][21.136s][info][gc,reloc    ] GC(95) Medium Pages: 1 / 32M, Empty: 0M, Relocated: 0M, In-Place: 0
[2026-05-06T01:32:57.705+0100][21.136s][info][gc,reloc    ] GC(95) Large Pages: 16 / 2090M, Empty: 1752M, Relocated: 0M, In-Place: 0
[2026-05-06T01:32:57.705+0100][21.136s][info][gc,reloc    ] GC(95) Forwarding Usage: 0M
[2026-05-06T01:32:57.705+0100][21.136s][info][gc,heap     ] GC(95) Min Capacity: 8M(0%)
[2026-05-06T01:32:57.705+0100][21.136s][info][gc,heap     ] GC(95) Max Capacity: 4096M(100%)
[2026-05-06T01:32:57.705+0100][21.136s][info][gc,heap     ] GC(95) Soft Max Capacity: 4096M(100%)
[2026-05-06T01:32:57.705+0100][21.136s][info][gc,heap     ] GC(95)                Mark Start          Mark End        Relocate Start      Relocate End           High               Low         
[2026-05-06T01:32:57.705+0100][21.136s][info][gc,heap     ] GC(95)  Capacity:     3420M (83%)        3420M (83%)        3420M (83%)        3420M (83%)        3420M (83%)        3420M (83%)    
[2026-05-06T01:32:57.705+0100][21.136s][info][gc,heap     ] GC(95)      Free:     1952M (48%)        1952M (48%)        3702M (90%)        3706M (90%)        3706M (90%)        1950M (48%)    
[2026-05-06T01:32:57.705+0100][21.136s][info][gc,heap     ] GC(95)      Used:     2144M (52%)        2144M (52%)         394M (10%)         390M (10%)        2146M (52%)         390M (10%)    
[2026-05-06T01:32:57.705+0100][21.136s][info][gc,heap     ] GC(95)      Live:         -               351M (9%)          351M (9%)          351M (9%)             -                  -          
[2026-05-06T01:32:57.705+0100][21.136s][info][gc,heap     ] GC(95) Allocated:         -                 0M (0%)            2M (0%)            2M (0%)             -                  -          
[2026-05-06T01:32:57.705+0100][21.136s][info][gc,heap     ] GC(95)   Garbage:         -              1792M (44%)          40M (1%)           36M (1%)             -                  -          
[2026-05-06T01:32:57.705+0100][21.136s][info][gc,heap     ] GC(95) Reclaimed:         -                  -              1752M (43%)        1756M (43%)            -                  -          
[2026-05-06T01:32:57.705+0100][21.136s][info][gc          ] GC(95) Garbage Collection (Proactive) 2144M(52%)->390M(10%)
[2026-05-06T01:32:57.705+0100][21.136s][info][gc,start    ] GC(96) Garbage Collection (System.gc())
[2026-05-06T01:32:57.705+0100][21.136s][info][gc,task     ] GC(96) Using 3 workers
[2026-05-06T01:32:57.705+0100][21.136s][info][gc,phases   ] GC(96) Pause Mark Start 0.002ms
[2026-05-06T01:32:57.709+0100][21.139s][info][gc,phases   ] GC(96) Concurrent Mark 3.669ms
[2026-05-06T01:32:57.709+0100][21.139s][info][gc,phases   ] GC(96) Pause Mark End 0.007ms
[2026-05-06T01:32:57.709+0100][21.139s][info][gc,phases   ] GC(96) Concurrent Mark Free 0.000ms
[2026-05-06T01:32:57.711+0100][21.141s][info][gc,phases   ] GC(96) Concurrent Process Non-Strong References 1.539ms
[2026-05-06T01:32:57.711+0100][21.141s][info][gc,phases   ] GC(96) Concurrent Reset Relocation Set 0.000ms
[2026-05-06T01:32:57.711+0100][21.142s][info][gc,phases   ] GC(96) Concurrent Select Relocation Set 0.595ms
[2026-05-06T01:32:57.711+0100][21.142s][info][gc,phases   ] GC(96) Pause Relocate Start 0.001ms
[2026-05-06T01:32:57.711+0100][21.142s][info][gc,phases   ] GC(96) Concurrent Relocate 0.184ms
[2026-05-06T01:32:57.711+0100][21.142s][info][gc,load     ] GC(96) Load: 2.70/2.91/3.47
[2026-05-06T01:32:57.712+0100][21.142s][info][gc,mmu      ] GC(96) MMU: 2ms/95.6%, 5ms/98.2%, 10ms/99.1%, 20ms/99.6%, 50ms/99.8%, 100ms/99.9%
[2026-05-06T01:32:57.712+0100][21.142s][info][gc,marking  ] GC(96) Mark: 2 stripe(s), 1 proactive flush(es), 1 terminate flush(es), 0 completion(s), 0 continuation(s) 
[2026-05-06T01:32:57.712+0100][21.142s][info][gc,marking  ] GC(96) Mark Stack Usage: 32M
[2026-05-06T01:32:57.712+0100][21.142s][info][gc,nmethod  ] GC(96) NMethods: 3944 registered, 714 unregistered
[2026-05-06T01:32:57.712+0100][21.142s][info][gc,metaspace] GC(96) Metaspace: 18M used, 19M committed, 1088M reserved
[2026-05-06T01:32:57.712+0100][21.142s][info][gc,ref      ] GC(96) Soft: 4238 encountered, 0 discovered, 0 enqueued
[2026-05-06T01:32:57.712+0100][21.142s][info][gc,ref      ] GC(96) Weak: 2367 encountered, 279 discovered, 0 enqueued
[2026-05-06T01:32:57.712+0100][21.142s][info][gc,ref      ] GC(96) Final: 6 encountered, 6 discovered, 0 enqueued
[2026-05-06T01:32:57.712+0100][21.142s][info][gc,ref      ] GC(96) Phantom: 270 encountered, 178 discovered, 0 enqueued
[2026-05-06T01:32:57.712+0100][21.142s][info][gc,reloc    ] GC(96) Small Pages: 10 / 20M, Empty: 2M, Relocated: 1M, In-Place: 0
[2026-05-06T01:32:57.712+0100][21.142s][info][gc,reloc    ] GC(96) Medium Pages: 1 / 32M, Empty: 0M, Relocated: 0M, In-Place: 0
[2026-05-06T01:32:57.712+0100][21.142s][info][gc,reloc    ] GC(96) Large Pages: 4 / 338M, Empty: 146M, Relocated: 0M, In-Place: 0
[2026-05-06T01:32:57.712+0100][21.142s][info][gc,reloc    ] GC(96) Forwarding Usage: 0M
[2026-05-06T01:32:57.712+0100][21.142s][info][gc,heap     ] GC(96) Min Capacity: 8M(0%)
[2026-05-06T01:32:57.712+0100][21.142s][info][gc,heap     ] GC(96) Max Capacity: 4096M(100%)
[2026-05-06T01:32:57.712+0100][21.142s][info][gc,heap     ] GC(96) Soft Max Capacity: 4096M(100%)
[2026-05-06T01:32:57.712+0100][21.142s][info][gc,heap     ] GC(96)                Mark Start          Mark End        Relocate Start      Relocate End           High               Low         
[2026-05-06T01:32:57.712+0100][21.142s][info][gc,heap     ] GC(96)  Capacity:     3420M (83%)        3420M (83%)        3420M (83%)        3420M (83%)        3420M (83%)        3420M (83%)    
[2026-05-06T01:32:57.712+0100][21.142s][info][gc,heap     ] GC(96)      Free:     3706M (90%)        3706M (90%)        3854M (94%)        3854M (94%)        3854M (94%)        3706M (90%)    
[2026-05-06T01:32:57.712+0100][21.142s][info][gc,heap     ] GC(96)      Used:      390M (10%)         390M (10%)         242M (6%)          242M (6%)          390M (10%)         242M (6%)     
[2026-05-06T01:32:57.712+0100][21.142s][info][gc,heap     ] GC(96)      Live:         -               205M (5%)          205M (5%)          205M (5%)             -                  -          
[2026-05-06T01:32:57.712+0100][21.142s][info][gc,heap     ] GC(96) Allocated:         -                 0M (0%)            0M (0%)            0M (0%)             -                  -          
[2026-05-06T01:32:57.712+0100][21.142s][info][gc,heap     ] GC(96)   Garbage:         -               184M (5%)           36M (1%)           36M (1%)             -                  -          
[2026-05-06T01:32:57.712+0100][21.142s][info][gc,heap     ] GC(96) Reclaimed:         -                  -               148M (4%)          148M (4%)             -                  -          
[2026-05-06T01:32:57.712+0100][21.142s][info][gc          ] GC(96) Garbage Collection (System.gc()) 390M(10%)->242M(6%)
[2026-05-06T01:32:58.276+0100][21.706s][info][gc,start    ] GC(97) Garbage Collection (System.gc())
[2026-05-06T01:32:58.276+0100][21.706s][info][gc,task     ] GC(97) Using 3 workers
[2026-05-06T01:32:58.276+0100][21.706s][info][gc,phases   ] GC(97) Pause Mark Start 0.002ms
[2026-05-06T01:32:58.280+0100][21.711s][info][gc,phases   ] GC(97) Concurrent Mark 4.881ms
[2026-05-06T01:32:58.281+0100][21.711s][info][gc,phases   ] GC(97) Pause Mark End 0.008ms
[2026-05-06T01:32:58.281+0100][21.711s][info][gc,phases   ] GC(97) Concurrent Mark Free 0.000ms
[2026-05-06T01:32:58.283+0100][21.713s][info][gc,phases   ] GC(97) Concurrent Process Non-Strong References 2.414ms
[2026-05-06T01:32:58.283+0100][21.713s][info][gc,phases   ] GC(97) Concurrent Reset Relocation Set 0.001ms
[2026-05-06T01:32:58.285+0100][21.715s][info][gc,phases   ] GC(97) Concurrent Select Relocation Set 1.685ms
[2026-05-06T01:32:58.285+0100][21.715s][info][gc,phases   ] GC(97) Pause Relocate Start 0.005ms
[2026-05-06T01:32:58.285+0100][21.715s][info][gc,phases   ] GC(97) Concurrent Relocate 0.267ms
[2026-05-06T01:32:58.285+0100][21.715s][info][gc,load     ] GC(97) Load: 2.70/2.91/3.47
[2026-05-06T01:32:58.285+0100][21.715s][info][gc,mmu      ] GC(97) MMU: 2ms/95.6%, 5ms/98.2%, 10ms/99.1%, 20ms/99.6%, 50ms/99.8%, 100ms/99.9%
[2026-05-06T01:32:58.285+0100][21.715s][info][gc,marking  ] GC(97) Mark: 2 stripe(s), 1 proactive flush(es), 1 terminate flush(es), 0 completion(s), 0 continuation(s) 
[2026-05-06T01:32:58.285+0100][21.715s][info][gc,marking  ] GC(97) Mark Stack Usage: 32M
[2026-05-06T01:32:58.285+0100][21.715s][info][gc,nmethod  ] GC(97) NMethods: 3944 registered, 714 unregistered
[2026-05-06T01:32:58.285+0100][21.715s][info][gc,metaspace] GC(97) Metaspace: 18M used, 19M committed, 1088M reserved
[2026-05-06T01:32:58.285+0100][21.715s][info][gc,ref      ] GC(97) Soft: 4238 encountered, 0 discovered, 0 enqueued
[2026-05-06T01:32:58.285+0100][21.715s][info][gc,ref      ] GC(97) Weak: 2367 encountered, 211 discovered, 0 enqueued
[2026-05-06T01:32:58.285+0100][21.715s][info][gc,ref      ] GC(97) Final: 6 encountered, 6 discovered, 0 enqueued
[2026-05-06T01:32:58.285+0100][21.715s][info][gc,ref      ] GC(97) Phantom: 270 encountered, 158 discovered, 0 enqueued
[2026-05-06T01:32:58.285+0100][21.715s][info][gc,reloc    ] GC(97) Small Pages: 16 / 32M, Empty: 12M, Relocated: 1M, In-Place: 0
[2026-05-06T01:32:58.285+0100][21.715s][info][gc,reloc    ] GC(97) Medium Pages: 1 / 32M, Empty: 0M, Relocated: 0M, In-Place: 0
[2026-05-06T01:32:58.285+0100][21.715s][info][gc,reloc    ] GC(97) Large Pages: 16 / 2090M, Empty: 1898M, Relocated: 0M, In-Place: 0
[2026-05-06T01:32:58.285+0100][21.715s][info][gc,reloc    ] GC(97) Forwarding Usage: 0M
[2026-05-06T01:32:58.285+0100][21.715s][info][gc,heap     ] GC(97) Min Capacity: 8M(0%)
[2026-05-06T01:32:58.285+0100][21.715s][info][gc,heap     ] GC(97) Max Capacity: 4096M(100%)
[2026-05-06T01:32:58.285+0100][21.715s][info][gc,heap     ] GC(97) Soft Max Capacity: 4096M(100%)
[2026-05-06T01:32:58.285+0100][21.715s][info][gc,heap     ] GC(97)                Mark Start          Mark End        Relocate Start      Relocate End           High               Low         
[2026-05-06T01:32:58.285+0100][21.715s][info][gc,heap     ] GC(97)  Capacity:     3420M (83%)        3420M (83%)        3420M (83%)        3420M (83%)        3420M (83%)        3420M (83%)    
[2026-05-06T01:32:58.285+0100][21.715s][info][gc,heap     ] GC(97)      Free:     1942M (47%)        1942M (47%)        3852M (94%)        3854M (94%)        3854M (94%)        1942M (47%)    
[2026-05-06T01:32:58.285+0100][21.715s][info][gc,heap     ] GC(97)      Used:     2154M (53%)        2154M (53%)         244M (6%)          242M (6%)         2154M (53%)         242M (6%)     
[2026-05-06T01:32:58.285+0100][21.715s][info][gc,heap     ] GC(97)      Live:         -               205M (5%)          205M (5%)          205M (5%)             -                  -          
[2026-05-06T01:32:58.285+0100][21.715s][info][gc,heap     ] GC(97) Allocated:         -                 0M (0%)            0M (0%)            0M (0%)             -                  -          
[2026-05-06T01:32:58.285+0100][21.715s][info][gc,heap     ] GC(97)   Garbage:         -              1948M (48%)          38M (1%)           36M (1%)             -                  -          
[2026-05-06T01:32:58.285+0100][21.715s][info][gc,heap     ] GC(97) Reclaimed:         -                  -              1910M (47%)        1912M (47%)            -                  -          
[2026-05-06T01:32:58.285+0100][21.715s][info][gc          ] GC(97) Garbage Collection (System.gc()) 2154M(53%)->242M(6%)
[2026-05-06T01:32:58.810+0100][22.241s][info][gc,start    ] GC(98) Garbage Collection (System.gc())
[2026-05-06T01:32:58.810+0100][22.241s][info][gc,task     ] GC(98) Using 3 workers
[2026-05-06T01:32:58.810+0100][22.241s][info][gc,phases   ] GC(98) Pause Mark Start 0.003ms
[2026-05-06T01:32:58.815+0100][22.245s][info][gc,phases   ] GC(98) Concurrent Mark 4.068ms
[2026-05-06T01:32:58.815+0100][22.245s][info][gc,phases   ] GC(98) Pause Mark End 0.004ms
[2026-05-06T01:32:58.815+0100][22.245s][info][gc,phases   ] GC(98) Concurrent Mark Free 0.000ms
[2026-05-06T01:32:58.817+0100][22.247s][info][gc,phases   ] GC(98) Concurrent Process Non-Strong References 1.925ms
[2026-05-06T01:32:58.817+0100][22.247s][info][gc,phases   ] GC(98) Concurrent Reset Relocation Set 0.001ms
[2026-05-06T01:32:58.817+0100][22.247s][info][gc,phases   ] GC(98) Concurrent Select Relocation Set 0.612ms
[2026-05-06T01:32:58.817+0100][22.247s][info][gc,phases   ] GC(98) Pause Relocate Start 0.003ms
[2026-05-06T01:32:58.818+0100][22.248s][info][gc,phases   ] GC(98) Concurrent Relocate 0.329ms
[2026-05-06T01:32:58.818+0100][22.248s][info][gc,load     ] GC(98) Load: 2.70/2.91/3.47
[2026-05-06T01:32:58.818+0100][22.248s][info][gc,mmu      ] GC(98) MMU: 2ms/95.6%, 5ms/98.2%, 10ms/99.1%, 20ms/99.6%, 50ms/99.8%, 100ms/99.9%
[2026-05-06T01:32:58.818+0100][22.248s][info][gc,marking  ] GC(98) Mark: 2 stripe(s), 1 proactive flush(es), 1 terminate flush(es), 0 completion(s), 0 continuation(s) 
[2026-05-06T01:32:58.818+0100][22.248s][info][gc,marking  ] GC(98) Mark Stack Usage: 32M
[2026-05-06T01:32:58.818+0100][22.248s][info][gc,nmethod  ] GC(98) NMethods: 3944 registered, 714 unregistered
[2026-05-06T01:32:58.818+0100][22.248s][info][gc,metaspace] GC(98) Metaspace: 18M used, 19M committed, 1088M reserved
[2026-05-06T01:32:58.818+0100][22.248s][info][gc,ref      ] GC(98) Soft: 4238 encountered, 0 discovered, 0 enqueued
[2026-05-06T01:32:58.818+0100][22.248s][info][gc,ref      ] GC(98) Weak: 2367 encountered, 638 discovered, 0 enqueued
[2026-05-06T01:32:58.818+0100][22.248s][info][gc,ref      ] GC(98) Final: 6 encountered, 6 discovered, 0 enqueued
[2026-05-06T01:32:58.818+0100][22.248s][info][gc,ref      ] GC(98) Phantom: 270 encountered, 173 discovered, 0 enqueued
[2026-05-06T01:32:58.818+0100][22.248s][info][gc,reloc    ] GC(98) Small Pages: 15 / 30M, Empty: 10M, Relocated: 1M, In-Place: 0
[2026-05-06T01:32:58.818+0100][22.248s][info][gc,reloc    ] GC(98) Medium Pages: 1 / 32M, Empty: 0M, Relocated: 0M, In-Place: 0
[2026-05-06T01:32:58.818+0100][22.248s][info][gc,reloc    ] GC(98) Large Pages: 16 / 2090M, Empty: 1898M, Relocated: 0M, In-Place: 0
[2026-05-06T01:32:58.818+0100][22.248s][info][gc,reloc    ] GC(98) Forwarding Usage: 0M
[2026-05-06T01:32:58.818+0100][22.248s][info][gc,heap     ] GC(98) Min Capacity: 8M(0%)
[2026-05-06T01:32:58.818+0100][22.248s][info][gc,heap     ] GC(98) Max Capacity: 4096M(100%)
[2026-05-06T01:32:58.818+0100][22.248s][info][gc,heap     ] GC(98) Soft Max Capacity: 4096M(100%)
[2026-05-06T01:32:58.818+0100][22.248s][info][gc,heap     ] GC(98)                Mark Start          Mark End        Relocate Start      Relocate End           High               Low         
[2026-05-06T01:32:58.818+0100][22.248s][info][gc,heap     ] GC(98)  Capacity:     3420M (83%)        3420M (83%)        3420M (83%)        3420M (83%)        3420M (83%)        3420M (83%)    
[2026-05-06T01:32:58.818+0100][22.248s][info][gc,heap     ] GC(98)      Free:     1944M (47%)        1944M (47%)        3852M (94%)        3854M (94%)        3854M (94%)        1944M (47%)    
[2026-05-06T01:32:58.818+0100][22.248s][info][gc,heap     ] GC(98)      Used:     2152M (53%)        2152M (53%)         244M (6%)          242M (6%)         2152M (53%)         242M (6%)     
[2026-05-06T01:32:58.818+0100][22.248s][info][gc,heap     ] GC(98)      Live:         -               205M (5%)          205M (5%)          205M (5%)             -                  -          
[2026-05-06T01:32:58.818+0100][22.248s][info][gc,heap     ] GC(98) Allocated:         -                 0M (0%)            0M (0%)            0M (0%)             -                  -          
[2026-05-06T01:32:58.818+0100][22.248s][info][gc,heap     ] GC(98)   Garbage:         -              1946M (48%)          38M (1%)           36M (1%)             -                  -          
[2026-05-06T01:32:58.818+0100][22.248s][info][gc,heap     ] GC(98) Reclaimed:         -                  -              1908M (47%)        1910M (47%)            -                  -          
[2026-05-06T01:32:58.818+0100][22.248s][info][gc          ] GC(98) Garbage Collection (System.gc()) 2152M(53%)->242M(6%)
[2026-05-06T01:32:59.238+0100][22.668s][info][gc,start    ] GC(99) Garbage Collection (System.gc())
[2026-05-06T01:32:59.238+0100][22.668s][info][gc,task     ] GC(99) Using 3 workers
[2026-05-06T01:32:59.238+0100][22.668s][info][gc,phases   ] GC(99) Pause Mark Start 0.003ms
[2026-05-06T01:32:59.242+0100][22.672s][info][gc,phases   ] GC(99) Concurrent Mark 4.255ms
[2026-05-06T01:32:59.242+0100][22.672s][info][gc,phases   ] GC(99) Pause Mark End 0.003ms
[2026-05-06T01:32:59.242+0100][22.672s][info][gc,phases   ] GC(99) Concurrent Mark Free 0.000ms
[2026-05-06T01:32:59.244+0100][22.674s][info][gc,phases   ] GC(99) Concurrent Process Non-Strong References 1.786ms
[2026-05-06T01:32:59.244+0100][22.674s][info][gc,phases   ] GC(99) Concurrent Reset Relocation Set 0.001ms
[2026-05-06T01:32:59.244+0100][22.675s][info][gc,phases   ] GC(99) Concurrent Select Relocation Set 0.652ms
[2026-05-06T01:32:59.244+0100][22.675s][info][gc,phases   ] GC(99) Pause Relocate Start 0.002ms
[2026-05-06T01:32:59.245+0100][22.675s][info][gc,phases   ] GC(99) Concurrent Relocate 0.184ms
[2026-05-06T01:32:59.245+0100][22.675s][info][gc,load     ] GC(99) Load: 2.70/2.91/3.47
[2026-05-06T01:32:59.245+0100][22.675s][info][gc,mmu      ] GC(99) MMU: 2ms/95.6%, 5ms/98.2%, 10ms/99.1%, 20ms/99.6%, 50ms/99.8%, 100ms/99.9%
[2026-05-06T01:32:59.245+0100][22.675s][info][gc,marking  ] GC(99) Mark: 2 stripe(s), 2 proactive flush(es), 1 terminate flush(es), 0 completion(s), 0 continuation(s) 
[2026-05-06T01:32:59.245+0100][22.675s][info][gc,marking  ] GC(99) Mark Stack Usage: 32M
[2026-05-06T01:32:59.245+0100][22.675s][info][gc,nmethod  ] GC(99) NMethods: 3950 registered, 714 unregistered
[2026-05-06T01:32:59.245+0100][22.675s][info][gc,metaspace] GC(99) Metaspace: 18M used, 19M committed, 1088M reserved
[2026-05-06T01:32:59.245+0100][22.675s][info][gc,ref      ] GC(99) Soft: 4238 encountered, 0 discovered, 0 enqueued
[2026-05-06T01:32:59.245+0100][22.675s][info][gc,ref      ] GC(99) Weak: 2367 encountered, 246 discovered, 0 enqueued
[2026-05-06T01:32:59.245+0100][22.675s][info][gc,ref      ] GC(99) Final: 6 encountered, 6 discovered, 0 enqueued
[2026-05-06T01:32:59.245+0100][22.675s][info][gc,ref      ] GC(99) Phantom: 270 encountered, 171 discovered, 0 enqueued
[2026-05-06T01:32:59.245+0100][22.675s][info][gc,reloc    ] GC(99) Small Pages: 13 / 26M, Empty: 6M, Relocated: 1M, In-Place: 0
[2026-05-06T01:32:59.245+0100][22.675s][info][gc,reloc    ] GC(99) Medium Pages: 1 / 32M, Empty: 0M, Relocated: 0M, In-Place: 0
[2026-05-06T01:32:59.245+0100][22.675s][info][gc,reloc    ] GC(99) Large Pages: 16 / 2090M, Empty: 1898M, Relocated: 0M, In-Place: 0
[2026-05-06T01:32:59.245+0100][22.675s][info][gc,reloc    ] GC(99) Forwarding Usage: 0M
[2026-05-06T01:32:59.245+0100][22.675s][info][gc,heap     ] GC(99) Min Capacity: 8M(0%)
[2026-05-06T01:32:59.245+0100][22.675s][info][gc,heap     ] GC(99) Max Capacity: 4096M(100%)
[2026-05-06T01:32:59.245+0100][22.675s][info][gc,heap     ] GC(99) Soft Max Capacity: 4096M(100%)
[2026-05-06T01:32:59.245+0100][22.675s][info][gc,heap     ] GC(99)                Mark Start          Mark End        Relocate Start      Relocate End           High               Low         
[2026-05-06T01:32:59.245+0100][22.675s][info][gc,heap     ] GC(99)  Capacity:     3420M (83%)        3420M (83%)        3420M (83%)        3420M (83%)        3420M (83%)        3420M (83%)    
[2026-05-06T01:32:59.245+0100][22.675s][info][gc,heap     ] GC(99)      Free:     1948M (48%)        1948M (48%)        3852M (94%)        3854M (94%)        3854M (94%)        1948M (48%)    
[2026-05-06T01:32:59.245+0100][22.675s][info][gc,heap     ] GC(99)      Used:     2148M (52%)        2148M (52%)         244M (6%)          242M (6%)         2148M (52%)         242M (6%)     
[2026-05-06T01:32:59.245+0100][22.675s][info][gc,heap     ] GC(99)      Live:         -               205M (5%)          205M (5%)          205M (5%)             -                  -          
[2026-05-06T01:32:59.245+0100][22.675s][info][gc,heap     ] GC(99) Allocated:         -                 0M (0%)            0M (0%)            0M (0%)             -                  -          
[2026-05-06T01:32:59.245+0100][22.675s][info][gc,heap     ] GC(99)   Garbage:         -              1942M (47%)          38M (1%)           36M (1%)             -                  -          
[2026-05-06T01:32:59.245+0100][22.675s][info][gc,heap     ] GC(99) Reclaimed:         -                  -              1904M (46%)        1906M (47%)            -                  -          
[2026-05-06T01:32:59.245+0100][22.675s][info][gc          ] GC(99) Garbage Collection (System.gc()) 2148M(52%)->242M(6%)
[2026-05-06T01:32:59.671+0100][23.101s][info][gc,start    ] GC(100) Garbage Collection (System.gc())
[2026-05-06T01:32:59.671+0100][23.101s][info][gc,task     ] GC(100) Using 3 workers
[2026-05-06T01:32:59.671+0100][23.101s][info][gc,phases   ] GC(100) Pause Mark Start 0.003ms
[2026-05-06T01:32:59.675+0100][23.105s][info][gc,phases   ] GC(100) Concurrent Mark 3.902ms
[2026-05-06T01:32:59.675+0100][23.105s][info][gc,phases   ] GC(100) Pause Mark End 0.003ms
[2026-05-06T01:32:59.675+0100][23.105s][info][gc,phases   ] GC(100) Concurrent Mark Free 0.000ms
[2026-05-06T01:32:59.676+0100][23.107s][info][gc,phases   ] GC(100) Concurrent Process Non-Strong References 1.735ms
[2026-05-06T01:32:59.676+0100][23.107s][info][gc,phases   ] GC(100) Concurrent Reset Relocation Set 0.001ms
[2026-05-06T01:32:59.677+0100][23.107s][info][gc,phases   ] GC(100) Concurrent Select Relocation Set 0.606ms
[2026-05-06T01:32:59.677+0100][23.107s][info][gc,phases   ] GC(100) Pause Relocate Start 0.002ms
[2026-05-06T01:32:59.677+0100][23.108s][info][gc,phases   ] GC(100) Concurrent Relocate 0.281ms
[2026-05-06T01:32:59.677+0100][23.108s][info][gc,load     ] GC(100) Load: 2.70/2.91/3.47
[2026-05-06T01:32:59.677+0100][23.108s][info][gc,mmu      ] GC(100) MMU: 2ms/95.6%, 5ms/98.2%, 10ms/99.1%, 20ms/99.6%, 50ms/99.8%, 100ms/99.9%
[2026-05-06T01:32:59.677+0100][23.108s][info][gc,marking  ] GC(100) Mark: 2 stripe(s), 1 proactive flush(es), 1 terminate flush(es), 0 completion(s), 0 continuation(s) 
[2026-05-06T01:32:59.677+0100][23.108s][info][gc,marking  ] GC(100) Mark Stack Usage: 32M
[2026-05-06T01:32:59.677+0100][23.108s][info][gc,nmethod  ] GC(100) NMethods: 3953 registered, 715 unregistered
[2026-05-06T01:32:59.677+0100][23.108s][info][gc,metaspace] GC(100) Metaspace: 18M used, 19M committed, 1088M reserved
[2026-05-06T01:32:59.677+0100][23.108s][info][gc,ref      ] GC(100) Soft: 4238 encountered, 0 discovered, 0 enqueued
[2026-05-06T01:32:59.677+0100][23.108s][info][gc,ref      ] GC(100) Weak: 2367 encountered, 920 discovered, 0 enqueued
[2026-05-06T01:32:59.677+0100][23.108s][info][gc,ref      ] GC(100) Final: 6 encountered, 6 discovered, 0 enqueued
[2026-05-06T01:32:59.677+0100][23.108s][info][gc,ref      ] GC(100) Phantom: 270 encountered, 193 discovered, 0 enqueued
[2026-05-06T01:32:59.677+0100][23.108s][info][gc,reloc    ] GC(100) Small Pages: 23 / 46M, Empty: 26M, Relocated: 1M, In-Place: 0
[2026-05-06T01:32:59.677+0100][23.108s][info][gc,reloc    ] GC(100) Medium Pages: 1 / 32M, Empty: 0M, Relocated: 0M, In-Place: 0
[2026-05-06T01:32:59.677+0100][23.108s][info][gc,reloc    ] GC(100) Large Pages: 16 / 2090M, Empty: 1898M, Relocated: 0M, In-Place: 0
[2026-05-06T01:32:59.677+0100][23.108s][info][gc,reloc    ] GC(100) Forwarding Usage: 0M
[2026-05-06T01:32:59.677+0100][23.108s][info][gc,heap     ] GC(100) Min Capacity: 8M(0%)
[2026-05-06T01:32:59.677+0100][23.108s][info][gc,heap     ] GC(100) Max Capacity: 4096M(100%)
[2026-05-06T01:32:59.677+0100][23.108s][info][gc,heap     ] GC(100) Soft Max Capacity: 4096M(100%)
[2026-05-06T01:32:59.677+0100][23.108s][info][gc,heap     ] GC(100)                Mark Start          Mark End        Relocate Start      Relocate End           High               Low         
[2026-05-06T01:32:59.677+0100][23.108s][info][gc,heap     ] GC(100)  Capacity:     3420M (83%)        3420M (83%)        3420M (83%)        3420M (83%)        3420M (83%)        3420M (83%)    
[2026-05-06T01:32:59.677+0100][23.108s][info][gc,heap     ] GC(100)      Free:     1928M (47%)        1928M (47%)        3852M (94%)        3854M (94%)        3854M (94%)        1928M (47%)    
[2026-05-06T01:32:59.677+0100][23.108s][info][gc,heap     ] GC(100)      Used:     2168M (53%)        2168M (53%)         244M (6%)          242M (6%)         2168M (53%)         242M (6%)     
[2026-05-06T01:32:59.677+0100][23.108s][info][gc,heap     ] GC(100)      Live:         -               205M (5%)          205M (5%)          205M (5%)             -                  -          
[2026-05-06T01:32:59.677+0100][23.108s][info][gc,heap     ] GC(100) Allocated:         -                 0M (0%)            0M (0%)            0M (0%)             -                  -          
[2026-05-06T01:32:59.677+0100][23.108s][info][gc,heap     ] GC(100)   Garbage:         -              1962M (48%)          38M (1%)           36M (1%)             -                  -          
[2026-05-06T01:32:59.677+0100][23.108s][info][gc,heap     ] GC(100) Reclaimed:         -                  -              1924M (47%)        1926M (47%)            -                  -          
[2026-05-06T01:32:59.677+0100][23.108s][info][gc          ] GC(100) Garbage Collection (System.gc()) 2168M(53%)->242M(6%)
[2026-05-06T01:33:00.084+0100][23.515s][info][gc,start    ] GC(101) Garbage Collection (System.gc())
[2026-05-06T01:33:00.084+0100][23.515s][info][gc,task     ] GC(101) Using 3 workers
[2026-05-06T01:33:00.084+0100][23.515s][info][gc,phases   ] GC(101) Pause Mark Start 0.003ms
[2026-05-06T01:33:00.089+0100][23.519s][info][gc,phases   ] GC(101) Concurrent Mark 4.423ms
[2026-05-06T01:33:00.089+0100][23.519s][info][gc,phases   ] GC(101) Pause Mark End 0.004ms
[2026-05-06T01:33:00.089+0100][23.519s][info][gc,phases   ] GC(101) Concurrent Mark Free 0.000ms
[2026-05-06T01:33:00.091+0100][23.521s][info][gc,phases   ] GC(101) Concurrent Process Non-Strong References 1.826ms
[2026-05-06T01:33:00.091+0100][23.521s][info][gc,phases   ] GC(101) Concurrent Reset Relocation Set 0.001ms
[2026-05-06T01:33:00.091+0100][23.522s][info][gc,phases   ] GC(101) Concurrent Select Relocation Set 0.596ms
[2026-05-06T01:33:00.091+0100][23.522s][info][gc,phases   ] GC(101) Pause Relocate Start 0.002ms
[2026-05-06T01:33:00.092+0100][23.522s][info][gc,phases   ] GC(101) Concurrent Relocate 0.188ms
[2026-05-06T01:33:00.092+0100][23.522s][info][gc,load     ] GC(101) Load: 2.70/2.91/3.47
[2026-05-06T01:33:00.092+0100][23.522s][info][gc,mmu      ] GC(101) MMU: 2ms/95.6%, 5ms/98.2%, 10ms/99.1%, 20ms/99.6%, 50ms/99.8%, 100ms/99.9%
[2026-05-06T01:33:00.092+0100][23.522s][info][gc,marking  ] GC(101) Mark: 2 stripe(s), 2 proactive flush(es), 1 terminate flush(es), 0 completion(s), 0 continuation(s) 
[2026-05-06T01:33:00.092+0100][23.522s][info][gc,marking  ] GC(101) Mark Stack Usage: 32M
[2026-05-06T01:33:00.092+0100][23.522s][info][gc,nmethod  ] GC(101) NMethods: 3953 registered, 717 unregistered
[2026-05-06T01:33:00.092+0100][23.522s][info][gc,metaspace] GC(101) Metaspace: 18M used, 19M committed, 1088M reserved
[2026-05-06T01:33:00.092+0100][23.522s][info][gc,ref      ] GC(101) Soft: 4238 encountered, 0 discovered, 0 enqueued
[2026-05-06T01:33:00.092+0100][23.522s][info][gc,ref      ] GC(101) Weak: 2367 encountered, 556 discovered, 0 enqueued
[2026-05-06T01:33:00.092+0100][23.522s][info][gc,ref      ] GC(101) Final: 6 encountered, 0 discovered, 0 enqueued
[2026-05-06T01:33:00.092+0100][23.522s][info][gc,ref      ] GC(101) Phantom: 270 encountered, 164 discovered, 0 enqueued
[2026-05-06T01:33:00.092+0100][23.522s][info][gc,reloc    ] GC(101) Small Pages: 20 / 40M, Empty: 20M, Relocated: 1M, In-Place: 0
[2026-05-06T01:33:00.092+0100][23.522s][info][gc,reloc    ] GC(101) Medium Pages: 1 / 32M, Empty: 0M, Relocated: 0M, In-Place: 0
[2026-05-06T01:33:00.092+0100][23.522s][info][gc,reloc    ] GC(101) Large Pages: 16 / 2090M, Empty: 1898M, Relocated: 0M, In-Place: 0
[2026-05-06T01:33:00.092+0100][23.522s][info][gc,reloc    ] GC(101) Forwarding Usage: 0M
[2026-05-06T01:33:00.092+0100][23.522s][info][gc,heap     ] GC(101) Min Capacity: 8M(0%)
[2026-05-06T01:33:00.092+0100][23.522s][info][gc,heap     ] GC(101) Max Capacity: 4096M(100%)
[2026-05-06T01:33:00.092+0100][23.522s][info][gc,heap     ] GC(101) Soft Max Capacity: 4096M(100%)
[2026-05-06T01:33:00.092+0100][23.522s][info][gc,heap     ] GC(101)                Mark Start          Mark End        Relocate Start      Relocate End           High               Low         
[2026-05-06T01:33:00.092+0100][23.522s][info][gc,heap     ] GC(101)  Capacity:     3420M (83%)        3420M (83%)        3420M (83%)        3420M (83%)        3420M (83%)        3420M (83%)    
[2026-05-06T01:33:00.092+0100][23.522s][info][gc,heap     ] GC(101)      Free:     1934M (47%)        1934M (47%)        3852M (94%)        3854M (94%)        3854M (94%)        1934M (47%)    
[2026-05-06T01:33:00.092+0100][23.522s][info][gc,heap     ] GC(101)      Used:     2162M (53%)        2162M (53%)         244M (6%)          242M (6%)         2162M (53%)         242M (6%)     
[2026-05-06T01:33:00.092+0100][23.522s][info][gc,heap     ] GC(101)      Live:         -               205M (5%)          205M (5%)          205M (5%)             -                  -          
[2026-05-06T01:33:00.092+0100][23.522s][info][gc,heap     ] GC(101) Allocated:         -                 0M (0%)            0M (0%)            0M (0%)             -                  -          
[2026-05-06T01:33:00.092+0100][23.522s][info][gc,heap     ] GC(101)   Garbage:         -              1956M (48%)          38M (1%)           36M (1%)             -                  -          
[2026-05-06T01:33:00.092+0100][23.522s][info][gc,heap     ] GC(101) Reclaimed:         -                  -              1918M (47%)        1920M (47%)            -                  -          
[2026-05-06T01:33:00.092+0100][23.522s][info][gc          ] GC(101) Garbage Collection (System.gc()) 2162M(53%)->242M(6%)
[2026-05-06T01:33:00.464+0100][23.895s][info][gc,start    ] GC(102) Garbage Collection (System.gc())
[2026-05-06T01:33:00.464+0100][23.895s][info][gc,task     ] GC(102) Using 3 workers
[2026-05-06T01:33:00.464+0100][23.895s][info][gc,phases   ] GC(102) Pause Mark Start 0.003ms
[2026-05-06T01:33:00.468+0100][23.898s][info][gc,phases   ] GC(102) Concurrent Mark 3.715ms
[2026-05-06T01:33:00.468+0100][23.898s][info][gc,phases   ] GC(102) Pause Mark End 0.003ms
[2026-05-06T01:33:00.468+0100][23.898s][info][gc,phases   ] GC(102) Concurrent Mark Free 0.000ms
[2026-05-06T01:33:00.470+0100][23.900s][info][gc,phases   ] GC(102) Concurrent Process Non-Strong References 1.762ms
[2026-05-06T01:33:00.470+0100][23.900s][info][gc,phases   ] GC(102) Concurrent Reset Relocation Set 0.001ms
[2026-05-06T01:33:00.471+0100][23.901s][info][gc,phases   ] GC(102) Concurrent Select Relocation Set 0.587ms
[2026-05-06T01:33:00.471+0100][23.901s][info][gc,phases   ] GC(102) Pause Relocate Start 0.002ms
[2026-05-06T01:33:00.471+0100][23.901s][info][gc,phases   ] GC(102) Concurrent Relocate 0.269ms
[2026-05-06T01:33:00.471+0100][23.901s][info][gc,load     ] GC(102) Load: 2.70/2.91/3.47
[2026-05-06T01:33:00.471+0100][23.901s][info][gc,mmu      ] GC(102) MMU: 2ms/95.6%, 5ms/98.2%, 10ms/99.1%, 20ms/99.6%, 50ms/99.8%, 100ms/99.9%
[2026-05-06T01:33:00.471+0100][23.901s][info][gc,marking  ] GC(102) Mark: 2 stripe(s), 1 proactive flush(es), 1 terminate flush(es), 0 completion(s), 0 continuation(s) 
[2026-05-06T01:33:00.471+0100][23.901s][info][gc,marking  ] GC(102) Mark Stack Usage: 32M
[2026-05-06T01:33:00.471+0100][23.901s][info][gc,nmethod  ] GC(102) NMethods: 3953 registered, 718 unregistered
[2026-05-06T01:33:00.471+0100][23.901s][info][gc,metaspace] GC(102) Metaspace: 18M used, 19M committed, 1088M reserved
[2026-05-06T01:33:00.471+0100][23.901s][info][gc,ref      ] GC(102) Soft: 4238 encountered, 0 discovered, 0 enqueued
[2026-05-06T01:33:00.471+0100][23.901s][info][gc,ref      ] GC(102) Weak: 2368 encountered, 793 discovered, 0 enqueued
[2026-05-06T01:33:00.471+0100][23.901s][info][gc,ref      ] GC(102) Final: 6 encountered, 0 discovered, 0 enqueued
[2026-05-06T01:33:00.471+0100][23.901s][info][gc,ref      ] GC(102) Phantom: 270 encountered, 209 discovered, 0 enqueued
[2026-05-06T01:33:00.471+0100][23.901s][info][gc,reloc    ] GC(102) Small Pages: 14 / 28M, Empty: 2M, Relocated: 1M, In-Place: 0
[2026-05-06T01:33:00.471+0100][23.901s][info][gc,reloc    ] GC(102) Medium Pages: 1 / 32M, Empty: 0M, Relocated: 0M, In-Place: 0
[2026-05-06T01:33:00.471+0100][23.901s][info][gc,reloc    ] GC(102) Large Pages: 16 / 2090M, Empty: 1898M, Relocated: 0M, In-Place: 0
[2026-05-06T01:33:00.471+0100][23.901s][info][gc,reloc    ] GC(102) Forwarding Usage: 0M
[2026-05-06T01:33:00.471+0100][23.901s][info][gc,heap     ] GC(102) Min Capacity: 8M(0%)
[2026-05-06T01:33:00.471+0100][23.901s][info][gc,heap     ] GC(102) Max Capacity: 4096M(100%)
[2026-05-06T01:33:00.471+0100][23.901s][info][gc,heap     ] GC(102) Soft Max Capacity: 4096M(100%)
[2026-05-06T01:33:00.471+0100][23.901s][info][gc,heap     ] GC(102)                Mark Start          Mark End        Relocate Start      Relocate End           High               Low         
[2026-05-06T01:33:00.471+0100][23.901s][info][gc,heap     ] GC(102)  Capacity:     3420M (83%)        3420M (83%)        3420M (83%)        3420M (83%)        3420M (83%)        3420M (83%)    
[2026-05-06T01:33:00.471+0100][23.901s][info][gc,heap     ] GC(102)      Free:     1946M (48%)        1946M (48%)        3846M (94%)        3854M (94%)        3854M (94%)        1946M (48%)    
[2026-05-06T01:33:00.471+0100][23.901s][info][gc,heap     ] GC(102)      Used:     2150M (52%)        2150M (52%)         250M (6%)          242M (6%)         2150M (52%)         242M (6%)     
[2026-05-06T01:33:00.471+0100][23.901s][info][gc,heap     ] GC(102)      Live:         -               205M (5%)          205M (5%)          205M (5%)             -                  -          
[2026-05-06T01:33:00.471+0100][23.901s][info][gc,heap     ] GC(102) Allocated:         -                 0M (0%)            0M (0%)            0M (0%)             -                  -          
[2026-05-06T01:33:00.471+0100][23.901s][info][gc,heap     ] GC(102)   Garbage:         -              1944M (47%)          44M (1%)           36M (1%)             -                  -          
[2026-05-06T01:33:00.471+0100][23.901s][info][gc,heap     ] GC(102) Reclaimed:         -                  -              1900M (46%)        1908M (47%)            -                  -          
[2026-05-06T01:33:00.471+0100][23.901s][info][gc          ] GC(102) Garbage Collection (System.gc()) 2150M(52%)->242M(6%)
[2026-05-06T01:33:00.854+0100][24.285s][info][gc,start    ] GC(103) Garbage Collection (System.gc())
[2026-05-06T01:33:00.854+0100][24.285s][info][gc,task     ] GC(103) Using 3 workers
[2026-05-06T01:33:00.854+0100][24.285s][info][gc,phases   ] GC(103) Pause Mark Start 0.003ms
[2026-05-06T01:33:00.859+0100][24.289s][info][gc,phases   ] GC(103) Concurrent Mark 4.509ms
[2026-05-06T01:33:00.859+0100][24.289s][info][gc,phases   ] GC(103) Pause Mark End 0.004ms
[2026-05-06T01:33:00.859+0100][24.289s][info][gc,phases   ] GC(103) Concurrent Mark Free 0.000ms
[2026-05-06T01:33:00.861+0100][24.291s][info][gc,phases   ] GC(103) Concurrent Process Non-Strong References 1.841ms
[2026-05-06T01:33:00.861+0100][24.291s][info][gc,phases   ] GC(103) Concurrent Reset Relocation Set 0.001ms
[2026-05-06T01:33:00.862+0100][24.292s][info][gc,phases   ] GC(103) Concurrent Select Relocation Set 0.593ms
[2026-05-06T01:33:00.862+0100][24.292s][info][gc,phases   ] GC(103) Pause Relocate Start 0.002ms
[2026-05-06T01:33:00.862+0100][24.292s][info][gc,phases   ] GC(103) Concurrent Relocate 0.207ms
[2026-05-06T01:33:00.862+0100][24.292s][info][gc,load     ] GC(103) Load: 2.70/2.91/3.47
[2026-05-06T01:33:00.862+0100][24.292s][info][gc,mmu      ] GC(103) MMU: 2ms/95.6%, 5ms/98.2%, 10ms/99.1%, 20ms/99.6%, 50ms/99.8%, 100ms/99.9%
[2026-05-06T01:33:00.862+0100][24.292s][info][gc,marking  ] GC(103) Mark: 2 stripe(s), 2 proactive flush(es), 1 terminate flush(es), 0 completion(s), 0 continuation(s) 
[2026-05-06T01:33:00.862+0100][24.292s][info][gc,marking  ] GC(103) Mark Stack Usage: 32M
[2026-05-06T01:33:00.862+0100][24.292s][info][gc,nmethod  ] GC(103) NMethods: 3954 registered, 721 unregistered
[2026-05-06T01:33:00.862+0100][24.292s][info][gc,metaspace] GC(103) Metaspace: 18M used, 19M committed, 1088M reserved
[2026-05-06T01:33:00.862+0100][24.292s][info][gc,ref      ] GC(103) Soft: 4238 encountered, 0 discovered, 0 enqueued
[2026-05-06T01:33:00.862+0100][24.292s][info][gc,ref      ] GC(103) Weak: 2368 encountered, 1310 discovered, 0 enqueued
[2026-05-06T01:33:00.862+0100][24.292s][info][gc,ref      ] GC(103) Final: 6 encountered, 6 discovered, 0 enqueued
[2026-05-06T01:33:00.862+0100][24.292s][info][gc,ref      ] GC(103) Phantom: 270 encountered, 136 discovered, 0 enqueued
[2026-05-06T01:33:00.862+0100][24.292s][info][gc,reloc    ] GC(103) Small Pages: 28 / 56M, Empty: 28M, Relocated: 1M, In-Place: 0
[2026-05-06T01:33:00.862+0100][24.292s][info][gc,reloc    ] GC(103) Medium Pages: 1 / 32M, Empty: 0M, Relocated: 0M, In-Place: 0
[2026-05-06T01:33:00.862+0100][24.292s][info][gc,reloc    ] GC(103) Large Pages: 16 / 2090M, Empty: 1898M, Relocated: 0M, In-Place: 0
[2026-05-06T01:33:00.862+0100][24.292s][info][gc,reloc    ] GC(103) Forwarding Usage: 0M
[2026-05-06T01:33:00.862+0100][24.292s][info][gc,heap     ] GC(103) Min Capacity: 8M(0%)
[2026-05-06T01:33:00.862+0100][24.292s][info][gc,heap     ] GC(103) Max Capacity: 4096M(100%)
[2026-05-06T01:33:00.862+0100][24.292s][info][gc,heap     ] GC(103) Soft Max Capacity: 4096M(100%)
[2026-05-06T01:33:00.862+0100][24.292s][info][gc,heap     ] GC(103)                Mark Start          Mark End        Relocate Start      Relocate End           High               Low         
[2026-05-06T01:33:00.862+0100][24.292s][info][gc,heap     ] GC(103)  Capacity:     3420M (83%)        3420M (83%)        3420M (83%)        3420M (83%)        3420M (83%)        3420M (83%)    
[2026-05-06T01:33:00.862+0100][24.292s][info][gc,heap     ] GC(103)      Free:     1918M (47%)        1916M (47%)        3842M (94%)        3852M (94%)        3852M (94%)        1916M (47%)    
[2026-05-06T01:33:00.862+0100][24.292s][info][gc,heap     ] GC(103)      Used:     2178M (53%)        2180M (53%)         254M (6%)          244M (6%)         2180M (53%)         244M (6%)     
[2026-05-06T01:33:00.862+0100][24.292s][info][gc,heap     ] GC(103)      Live:         -               205M (5%)          205M (5%)          205M (5%)             -                  -          
[2026-05-06T01:33:00.862+0100][24.292s][info][gc,heap     ] GC(103) Allocated:         -                 2M (0%)            2M (0%)            2M (0%)             -                  -          
[2026-05-06T01:33:00.862+0100][24.292s][info][gc,heap     ] GC(103)   Garbage:         -              1972M (48%)          46M (1%)           36M (1%)             -                  -          
[2026-05-06T01:33:00.862+0100][24.292s][info][gc,heap     ] GC(103) Reclaimed:         -                  -              1926M (47%)        1936M (47%)            -                  -          
[2026-05-06T01:33:00.862+0100][24.292s][info][gc          ] GC(103) Garbage Collection (System.gc()) 2178M(53%)->244M(6%)
[2026-05-06T01:33:01.235+0100][24.666s][info][gc,start    ] GC(104) Garbage Collection (System.gc())
[2026-05-06T01:33:01.236+0100][24.666s][info][gc,task     ] GC(104) Using 3 workers
[2026-05-06T01:33:01.236+0100][24.666s][info][gc,phases   ] GC(104) Pause Mark Start 0.003ms
[2026-05-06T01:33:01.239+0100][24.670s][info][gc,phases   ] GC(104) Concurrent Mark 3.918ms
[2026-05-06T01:33:01.240+0100][24.670s][info][gc,phases   ] GC(104) Pause Mark End 0.003ms
[2026-05-06T01:33:01.240+0100][24.670s][info][gc,phases   ] GC(104) Concurrent Mark Free 0.000ms
[2026-05-06T01:33:01.241+0100][24.672s][info][gc,phases   ] GC(104) Concurrent Process Non-Strong References 1.768ms
[2026-05-06T01:33:01.241+0100][24.672s][info][gc,phases   ] GC(104) Concurrent Reset Relocation Set 0.001ms
[2026-05-06T01:33:01.242+0100][24.672s][info][gc,phases   ] GC(104) Concurrent Select Relocation Set 0.631ms
[2026-05-06T01:33:01.242+0100][24.672s][info][gc,phases   ] GC(104) Pause Relocate Start 0.002ms
[2026-05-06T01:33:01.242+0100][24.672s][info][gc,phases   ] GC(104) Concurrent Relocate 0.195ms
[2026-05-06T01:33:01.242+0100][24.672s][info][gc,load     ] GC(104) Load: 2.70/2.91/3.47
[2026-05-06T01:33:01.242+0100][24.672s][info][gc,mmu      ] GC(104) MMU: 2ms/95.6%, 5ms/98.2%, 10ms/99.1%, 20ms/99.6%, 50ms/99.8%, 100ms/99.9%
[2026-05-06T01:33:01.242+0100][24.672s][info][gc,marking  ] GC(104) Mark: 2 stripe(s), 1 proactive flush(es), 1 terminate flush(es), 0 completion(s), 0 continuation(s) 
[2026-05-06T01:33:01.242+0100][24.672s][info][gc,marking  ] GC(104) Mark Stack Usage: 32M
[2026-05-06T01:33:01.242+0100][24.672s][info][gc,nmethod  ] GC(104) NMethods: 3954 registered, 723 unregistered
[2026-05-06T01:33:01.242+0100][24.672s][info][gc,metaspace] GC(104) Metaspace: 18M used, 19M committed, 1088M reserved
[2026-05-06T01:33:01.242+0100][24.672s][info][gc,ref      ] GC(104) Soft: 4238 encountered, 0 discovered, 0 enqueued
[2026-05-06T01:33:01.242+0100][24.672s][info][gc,ref      ] GC(104) Weak: 2367 encountered, 520 discovered, 0 enqueued
[2026-05-06T01:33:01.242+0100][24.672s][info][gc,ref      ] GC(104) Final: 6 encountered, 6 discovered, 0 enqueued
[2026-05-06T01:33:01.242+0100][24.672s][info][gc,ref      ] GC(104) Phantom: 270 encountered, 192 discovered, 0 enqueued
[2026-05-06T01:33:01.242+0100][24.672s][info][gc,reloc    ] GC(104) Small Pages: 24 / 48M, Empty: 28M, Relocated: 1M, In-Place: 0
[2026-05-06T01:33:01.242+0100][24.672s][info][gc,reloc    ] GC(104) Medium Pages: 1 / 32M, Empty: 0M, Relocated: 0M, In-Place: 0
[2026-05-06T01:33:01.242+0100][24.672s][info][gc,reloc    ] GC(104) Large Pages: 16 / 2090M, Empty: 1898M, Relocated: 0M, In-Place: 0
[2026-05-06T01:33:01.242+0100][24.672s][info][gc,reloc    ] GC(104) Forwarding Usage: 0M
[2026-05-06T01:33:01.242+0100][24.672s][info][gc,heap     ] GC(104) Min Capacity: 8M(0%)
[2026-05-06T01:33:01.242+0100][24.672s][info][gc,heap     ] GC(104) Max Capacity: 4096M(100%)
[2026-05-06T01:33:01.242+0100][24.672s][info][gc,heap     ] GC(104) Soft Max Capacity: 4096M(100%)
[2026-05-06T01:33:01.242+0100][24.672s][info][gc,heap     ] GC(104)                Mark Start          Mark End        Relocate Start      Relocate End           High               Low         
[2026-05-06T01:33:01.242+0100][24.672s][info][gc,heap     ] GC(104)  Capacity:     3420M (83%)        3420M (83%)        3420M (83%)        3420M (83%)        3420M (83%)        3420M (83%)    
[2026-05-06T01:33:01.242+0100][24.673s][info][gc,heap     ] GC(104)      Free:     1926M (47%)        1926M (47%)        3852M (94%)        3854M (94%)        3854M (94%)        1926M (47%)    
[2026-05-06T01:33:01.242+0100][24.673s][info][gc,heap     ] GC(104)      Used:     2170M (53%)        2170M (53%)         244M (6%)          242M (6%)         2170M (53%)         242M (6%)     
[2026-05-06T01:33:01.242+0100][24.673s][info][gc,heap     ] GC(104)      Live:         -               205M (5%)          205M (5%)          205M (5%)             -                  -          
[2026-05-06T01:33:01.242+0100][24.673s][info][gc,heap     ] GC(104) Allocated:         -                 0M (0%)            0M (0%)            0M (0%)             -                  -          
[2026-05-06T01:33:01.242+0100][24.673s][info][gc,heap     ] GC(104)   Garbage:         -              1964M (48%)          38M (1%)           36M (1%)             -                  -          
[2026-05-06T01:33:01.242+0100][24.673s][info][gc,heap     ] GC(104) Reclaimed:         -                  -              1926M (47%)        1928M (47%)            -                  -          
[2026-05-06T01:33:01.242+0100][24.673s][info][gc          ] GC(104) Garbage Collection (System.gc()) 2170M(53%)->242M(6%)
[2026-05-06T01:33:01.596+0100][25.026s][info][gc,start    ] GC(105) Garbage Collection (System.gc())
[2026-05-06T01:33:01.596+0100][25.026s][info][gc,task     ] GC(105) Using 3 workers
[2026-05-06T01:33:01.596+0100][25.026s][info][gc,phases   ] GC(105) Pause Mark Start 0.003ms
[2026-05-06T01:33:01.600+0100][25.031s][info][gc,phases   ] GC(105) Concurrent Mark 4.241ms
[2026-05-06T01:33:01.601+0100][25.031s][info][gc,phases   ] GC(105) Pause Mark End 0.003ms
[2026-05-06T01:33:01.601+0100][25.031s][info][gc,phases   ] GC(105) Concurrent Mark Free 0.000ms
[2026-05-06T01:33:01.602+0100][25.033s][info][gc,phases   ] GC(105) Concurrent Process Non-Strong References 1.803ms
[2026-05-06T01:33:01.602+0100][25.033s][info][gc,phases   ] GC(105) Concurrent Reset Relocation Set 0.001ms
[2026-05-06T01:33:01.603+0100][25.033s][info][gc,phases   ] GC(105) Concurrent Select Relocation Set 0.607ms
[2026-05-06T01:33:01.603+0100][25.033s][info][gc,phases   ] GC(105) Pause Relocate Start 0.002ms
[2026-05-06T01:33:01.603+0100][25.033s][info][gc,phases   ] GC(105) Concurrent Relocate 0.275ms
[2026-05-06T01:33:01.603+0100][25.033s][info][gc,load     ] GC(105) Load: 3.28/3.03/3.51
[2026-05-06T01:33:01.603+0100][25.034s][info][gc,mmu      ] GC(105) MMU: 2ms/95.6%, 5ms/98.2%, 10ms/99.1%, 20ms/99.6%, 50ms/99.8%, 100ms/99.9%
[2026-05-06T01:33:01.603+0100][25.034s][info][gc,marking  ] GC(105) Mark: 2 stripe(s), 1 proactive flush(es), 1 terminate flush(es), 0 completion(s), 0 continuation(s) 
[2026-05-06T01:33:01.603+0100][25.034s][info][gc,marking  ] GC(105) Mark Stack Usage: 32M
[2026-05-06T01:33:01.603+0100][25.034s][info][gc,nmethod  ] GC(105) NMethods: 3954 registered, 724 unregistered
[2026-05-06T01:33:01.603+0100][25.034s][info][gc,metaspace] GC(105) Metaspace: 18M used, 19M committed, 1088M reserved
[2026-05-06T01:33:01.603+0100][25.034s][info][gc,ref      ] GC(105) Soft: 4238 encountered, 0 discovered, 0 enqueued
[2026-05-06T01:33:01.603+0100][25.034s][info][gc,ref      ] GC(105) Weak: 2368 encountered, 1098 discovered, 0 enqueued
[2026-05-06T01:33:01.603+0100][25.034s][info][gc,ref      ] GC(105) Final: 6 encountered, 6 discovered, 0 enqueued
[2026-05-06T01:33:01.603+0100][25.034s][info][gc,ref      ] GC(105) Phantom: 270 encountered, 176 discovered, 0 enqueued
[2026-05-06T01:33:01.603+0100][25.034s][info][gc,reloc    ] GC(105) Small Pages: 16 / 32M, Empty: 6M, Relocated: 1M, In-Place: 0
[2026-05-06T01:33:01.603+0100][25.034s][info][gc,reloc    ] GC(105) Medium Pages: 1 / 32M, Empty: 0M, Relocated: 0M, In-Place: 0
[2026-05-06T01:33:01.603+0100][25.034s][info][gc,reloc    ] GC(105) Large Pages: 16 / 2090M, Empty: 1898M, Relocated: 0M, In-Place: 0
[2026-05-06T01:33:01.603+0100][25.034s][info][gc,reloc    ] GC(105) Forwarding Usage: 0M
[2026-05-06T01:33:01.603+0100][25.034s][info][gc,heap     ] GC(105) Min Capacity: 8M(0%)
[2026-05-06T01:33:01.603+0100][25.034s][info][gc,heap     ] GC(105) Max Capacity: 4096M(100%)
[2026-05-06T01:33:01.603+0100][25.034s][info][gc,heap     ] GC(105) Soft Max Capacity: 4096M(100%)
[2026-05-06T01:33:01.603+0100][25.034s][info][gc,heap     ] GC(105)                Mark Start          Mark End        Relocate Start      Relocate End           High               Low         
[2026-05-06T01:33:01.603+0100][25.034s][info][gc,heap     ] GC(105)  Capacity:     3420M (83%)        3420M (83%)        3420M (83%)        3420M (83%)        3420M (83%)        3420M (83%)    
[2026-05-06T01:33:01.603+0100][25.034s][info][gc,heap     ] GC(105)      Free:     1942M (47%)        1938M (47%)        3842M (94%)        3850M (94%)        3850M (94%)        1938M (47%)    
[2026-05-06T01:33:01.603+0100][25.034s][info][gc,heap     ] GC(105)      Used:     2154M (53%)        2158M (53%)         254M (6%)          246M (6%)         2158M (53%)         246M (6%)     
[2026-05-06T01:33:01.603+0100][25.034s][info][gc,heap     ] GC(105)      Live:         -               205M (5%)          205M (5%)          205M (5%)             -                  -          
[2026-05-06T01:33:01.603+0100][25.034s][info][gc,heap     ] GC(105) Allocated:         -                 4M (0%)            4M (0%)            4M (0%)             -                  -          
[2026-05-06T01:33:01.603+0100][25.034s][info][gc,heap     ] GC(105)   Garbage:         -              1948M (48%)          44M (1%)           36M (1%)             -                  -          
[2026-05-06T01:33:01.603+0100][25.034s][info][gc,heap     ] GC(105) Reclaimed:         -                  -              1904M (46%)        1912M (47%)            -                  -          
[2026-05-06T01:33:01.603+0100][25.034s][info][gc          ] GC(105) Garbage Collection (System.gc()) 2154M(53%)->246M(6%)
[2026-05-06T01:33:01.953+0100][25.383s][info][gc,start    ] GC(106) Garbage Collection (System.gc())
[2026-05-06T01:33:01.953+0100][25.384s][info][gc,task     ] GC(106) Using 3 workers
[2026-05-06T01:33:01.953+0100][25.384s][info][gc,phases   ] GC(106) Pause Mark Start 0.003ms
[2026-05-06T01:33:01.957+0100][25.388s][info][gc,phases   ] GC(106) Concurrent Mark 4.048ms
[2026-05-06T01:33:01.957+0100][25.388s][info][gc,phases   ] GC(106) Pause Mark End 0.002ms
[2026-05-06T01:33:01.957+0100][25.388s][info][gc,phases   ] GC(106) Concurrent Mark Free 0.000ms
[2026-05-06T01:33:01.959+0100][25.390s][info][gc,phases   ] GC(106) Concurrent Process Non-Strong References 1.798ms
[2026-05-06T01:33:01.959+0100][25.390s][info][gc,phases   ] GC(106) Concurrent Reset Relocation Set 0.001ms
[2026-05-06T01:33:01.960+0100][25.390s][info][gc,phases   ] GC(106) Concurrent Select Relocation Set 0.654ms
[2026-05-06T01:33:01.960+0100][25.390s][info][gc,phases   ] GC(106) Pause Relocate Start 0.003ms
[2026-05-06T01:33:01.960+0100][25.390s][info][gc,phases   ] GC(106) Concurrent Relocate 0.191ms
[2026-05-06T01:33:01.960+0100][25.390s][info][gc,load     ] GC(106) Load: 3.28/3.03/3.51
[2026-05-06T01:33:01.960+0100][25.390s][info][gc,mmu      ] GC(106) MMU: 2ms/95.6%, 5ms/98.2%, 10ms/99.1%, 20ms/99.6%, 50ms/99.8%, 100ms/99.9%
[2026-05-06T01:33:01.960+0100][25.390s][info][gc,marking  ] GC(106) Mark: 2 stripe(s), 1 proactive flush(es), 1 terminate flush(es), 0 completion(s), 0 continuation(s) 
[2026-05-06T01:33:01.960+0100][25.390s][info][gc,marking  ] GC(106) Mark Stack Usage: 32M
[2026-05-06T01:33:01.960+0100][25.390s][info][gc,nmethod  ] GC(106) NMethods: 3954 registered, 724 unregistered
[2026-05-06T01:33:01.960+0100][25.390s][info][gc,metaspace] GC(106) Metaspace: 18M used, 19M committed, 1088M reserved
[2026-05-06T01:33:01.960+0100][25.390s][info][gc,ref      ] GC(106) Soft: 4238 encountered, 0 discovered, 0 enqueued
[2026-05-06T01:33:01.960+0100][25.390s][info][gc,ref      ] GC(106) Weak: 2368 encountered, 494 discovered, 0 enqueued
[2026-05-06T01:33:01.960+0100][25.390s][info][gc,ref      ] GC(106) Final: 6 encountered, 6 discovered, 0 enqueued
[2026-05-06T01:33:01.960+0100][25.390s][info][gc,ref      ] GC(106) Phantom: 270 encountered, 186 discovered, 0 enqueued
[2026-05-06T01:33:01.960+0100][25.390s][info][gc,reloc    ] GC(106) Small Pages: 37 / 74M, Empty: 48M, Relocated: 1M, In-Place: 0
[2026-05-06T01:33:01.960+0100][25.390s][info][gc,reloc    ] GC(106) Medium Pages: 1 / 32M, Empty: 0M, Relocated: 0M, In-Place: 0
[2026-05-06T01:33:01.960+0100][25.390s][info][gc,reloc    ] GC(106) Large Pages: 16 / 2090M, Empty: 1898M, Relocated: 0M, In-Place: 0
[2026-05-06T01:33:01.960+0100][25.390s][info][gc,reloc    ] GC(106) Forwarding Usage: 0M
[2026-05-06T01:33:01.960+0100][25.390s][info][gc,heap     ] GC(106) Min Capacity: 8M(0%)
[2026-05-06T01:33:01.960+0100][25.390s][info][gc,heap     ] GC(106) Max Capacity: 4096M(100%)
[2026-05-06T01:33:01.960+0100][25.390s][info][gc,heap     ] GC(106) Soft Max Capacity: 4096M(100%)
[2026-05-06T01:33:01.960+0100][25.391s][info][gc,heap     ] GC(106)                Mark Start          Mark End        Relocate Start      Relocate End           High               Low         
[2026-05-06T01:33:01.960+0100][25.391s][info][gc,heap     ] GC(106)  Capacity:     3420M (83%)        3420M (83%)        3420M (83%)        3420M (83%)        3420M (83%)        3420M (83%)    
[2026-05-06T01:33:01.960+0100][25.391s][info][gc,heap     ] GC(106)      Free:     1900M (46%)        1898M (46%)        3844M (94%)        3852M (94%)        3852M (94%)        1898M (46%)    
[2026-05-06T01:33:01.960+0100][25.391s][info][gc,heap     ] GC(106)      Used:     2196M (54%)        2198M (54%)         252M (6%)          244M (6%)         2198M (54%)         244M (6%)     
[2026-05-06T01:33:01.960+0100][25.391s][info][gc,heap     ] GC(106)      Live:         -               205M (5%)          205M (5%)          205M (5%)             -                  -          
[2026-05-06T01:33:01.960+0100][25.391s][info][gc,heap     ] GC(106) Allocated:         -                 2M (0%)            2M (0%)            2M (0%)             -                  -          
[2026-05-06T01:33:01.960+0100][25.391s][info][gc,heap     ] GC(106)   Garbage:         -              1990M (49%)          44M (1%)           36M (1%)             -                  -          
[2026-05-06T01:33:01.960+0100][25.391s][info][gc,heap     ] GC(106) Reclaimed:         -                  -              1946M (48%)        1954M (48%)            -                  -          
[2026-05-06T01:33:01.960+0100][25.391s][info][gc          ] GC(106) Garbage Collection (System.gc()) 2196M(54%)->244M(6%)
[2026-05-06T01:33:02.314+0100][25.744s][info][gc,start    ] GC(107) Garbage Collection (System.gc())
[2026-05-06T01:33:02.314+0100][25.744s][info][gc,task     ] GC(107) Using 3 workers
[2026-05-06T01:33:02.314+0100][25.744s][info][gc,phases   ] GC(107) Pause Mark Start 0.003ms
[2026-05-06T01:33:02.318+0100][25.748s][info][gc,phases   ] GC(107) Concurrent Mark 3.981ms
[2026-05-06T01:33:02.318+0100][25.748s][info][gc,phases   ] GC(107) Pause Mark End 0.003ms
[2026-05-06T01:33:02.318+0100][25.748s][info][gc,phases   ] GC(107) Concurrent Mark Free 0.000ms
[2026-05-06T01:33:02.320+0100][25.750s][info][gc,phases   ] GC(107) Concurrent Process Non-Strong References 1.816ms
[2026-05-06T01:33:02.320+0100][25.750s][info][gc,phases   ] GC(107) Concurrent Reset Relocation Set 0.001ms
[2026-05-06T01:33:02.320+0100][25.751s][info][gc,phases   ] GC(107) Concurrent Select Relocation Set 0.652ms
[2026-05-06T01:33:02.320+0100][25.751s][info][gc,phases   ] GC(107) Pause Relocate Start 0.002ms
[2026-05-06T01:33:02.321+0100][25.751s][info][gc,phases   ] GC(107) Concurrent Relocate 0.274ms
[2026-05-06T01:33:02.321+0100][25.751s][info][gc,load     ] GC(107) Load: 3.28/3.03/3.51
[2026-05-06T01:33:02.321+0100][25.751s][info][gc,mmu      ] GC(107) MMU: 2ms/95.6%, 5ms/98.2%, 10ms/99.1%, 20ms/99.6%, 50ms/99.8%, 100ms/99.9%
[2026-05-06T01:33:02.321+0100][25.751s][info][gc,marking  ] GC(107) Mark: 2 stripe(s), 1 proactive flush(es), 1 terminate flush(es), 0 completion(s), 0 continuation(s) 
[2026-05-06T01:33:02.321+0100][25.751s][info][gc,marking  ] GC(107) Mark Stack Usage: 32M
[2026-05-06T01:33:02.321+0100][25.751s][info][gc,nmethod  ] GC(107) NMethods: 3957 registered, 726 unregistered
[2026-05-06T01:33:02.321+0100][25.751s][info][gc,metaspace] GC(107) Metaspace: 18M used, 19M committed, 1088M reserved
[2026-05-06T01:33:02.321+0100][25.751s][info][gc,ref      ] GC(107) Soft: 4238 encountered, 0 discovered, 0 enqueued
[2026-05-06T01:33:02.321+0100][25.751s][info][gc,ref      ] GC(107) Weak: 2368 encountered, 1261 discovered, 0 enqueued
[2026-05-06T01:33:02.321+0100][25.751s][info][gc,ref      ] GC(107) Final: 6 encountered, 6 discovered, 0 enqueued
[2026-05-06T01:33:02.321+0100][25.751s][info][gc,ref      ] GC(107) Phantom: 270 encountered, 169 discovered, 0 enqueued
[2026-05-06T01:33:02.321+0100][25.751s][info][gc,reloc    ] GC(107) Small Pages: 35 / 70M, Empty: 48M, Relocated: 1M, In-Place: 0
[2026-05-06T01:33:02.321+0100][25.751s][info][gc,reloc    ] GC(107) Medium Pages: 1 / 32M, Empty: 0M, Relocated: 0M, In-Place: 0
[2026-05-06T01:33:02.321+0100][25.751s][info][gc,reloc    ] GC(107) Large Pages: 16 / 2090M, Empty: 1898M, Relocated: 0M, In-Place: 0
[2026-05-06T01:33:02.321+0100][25.751s][info][gc,reloc    ] GC(107) Forwarding Usage: 0M
[2026-05-06T01:33:02.321+0100][25.751s][info][gc,heap     ] GC(107) Min Capacity: 8M(0%)
[2026-05-06T01:33:02.321+0100][25.751s][info][gc,heap     ] GC(107) Max Capacity: 4096M(100%)
[2026-05-06T01:33:02.321+0100][25.751s][info][gc,heap     ] GC(107) Soft Max Capacity: 4096M(100%)
[2026-05-06T01:33:02.321+0100][25.751s][info][gc,heap     ] GC(107)                Mark Start          Mark End        Relocate Start      Relocate End           High               Low         
[2026-05-06T01:33:02.321+0100][25.751s][info][gc,heap     ] GC(107)  Capacity:     3420M (83%)        3420M (83%)        3420M (83%)        3420M (83%)        3420M (83%)        3420M (83%)    
[2026-05-06T01:33:02.321+0100][25.751s][info][gc,heap     ] GC(107)      Free:     1904M (46%)        1904M (46%)        3850M (94%)        3854M (94%)        3854M (94%)        1904M (46%)    
[2026-05-06T01:33:02.321+0100][25.751s][info][gc,heap     ] GC(107)      Used:     2192M (54%)        2192M (54%)         246M (6%)          242M (6%)         2192M (54%)         242M (6%)     
[2026-05-06T01:33:02.321+0100][25.751s][info][gc,heap     ] GC(107)      Live:         -               205M (5%)          205M (5%)          205M (5%)             -                  -          
[2026-05-06T01:33:02.321+0100][25.751s][info][gc,heap     ] GC(107) Allocated:         -                 0M (0%)            0M (0%)            0M (0%)             -                  -          
[2026-05-06T01:33:02.321+0100][25.751s][info][gc,heap     ] GC(107)   Garbage:         -              1986M (48%)          40M (1%)           36M (1%)             -                  -          
[2026-05-06T01:33:02.321+0100][25.751s][info][gc,heap     ] GC(107) Reclaimed:         -                  -              1946M (48%)        1950M (48%)            -                  -          
[2026-05-06T01:33:02.321+0100][25.751s][info][gc          ] GC(107) Garbage Collection (System.gc()) 2192M(54%)->242M(6%)
[2026-05-06T01:33:02.631+0100][26.061s][info][gc,start    ] GC(108) Garbage Collection (System.gc())
[2026-05-06T01:33:02.631+0100][26.061s][info][gc,task     ] GC(108) Using 3 workers
[2026-05-06T01:33:02.631+0100][26.061s][info][gc,phases   ] GC(108) Pause Mark Start 0.003ms
[2026-05-06T01:33:02.634+0100][26.065s][info][gc,phases   ] GC(108) Concurrent Mark 3.802ms
[2026-05-06T01:33:02.634+0100][26.065s][info][gc,phases   ] GC(108) Pause Mark End 0.005ms
[2026-05-06T01:33:02.634+0100][26.065s][info][gc,phases   ] GC(108) Concurrent Mark Free 0.000ms
[2026-05-06T01:33:02.636+0100][26.066s][info][gc,phases   ] GC(108) Concurrent Process Non-Strong References 1.783ms
[2026-05-06T01:33:02.636+0100][26.066s][info][gc,phases   ] GC(108) Concurrent Reset Relocation Set 0.001ms
[2026-05-06T01:33:02.637+0100][26.067s][info][gc,phases   ] GC(108) Concurrent Select Relocation Set 0.597ms
[2026-05-06T01:33:02.637+0100][26.067s][info][gc,phases   ] GC(108) Pause Relocate Start 0.002ms
[2026-05-06T01:33:02.637+0100][26.067s][info][gc,phases   ] GC(108) Concurrent Relocate 0.192ms
[2026-05-06T01:33:02.637+0100][26.067s][info][gc,load     ] GC(108) Load: 3.28/3.03/3.51
[2026-05-06T01:33:02.637+0100][26.067s][info][gc,mmu      ] GC(108) MMU: 2ms/95.6%, 5ms/98.2%, 10ms/99.1%, 20ms/99.6%, 50ms/99.8%, 100ms/99.9%
[2026-05-06T01:33:02.637+0100][26.067s][info][gc,marking  ] GC(108) Mark: 2 stripe(s), 1 proactive flush(es), 1 terminate flush(es), 0 completion(s), 0 continuation(s) 
[2026-05-06T01:33:02.637+0100][26.067s][info][gc,marking  ] GC(108) Mark Stack Usage: 32M
[2026-05-06T01:33:02.637+0100][26.067s][info][gc,nmethod  ] GC(108) NMethods: 3964 registered, 727 unregistered
[2026-05-06T01:33:02.637+0100][26.067s][info][gc,metaspace] GC(108) Metaspace: 18M used, 19M committed, 1088M reserved
[2026-05-06T01:33:02.637+0100][26.067s][info][gc,ref      ] GC(108) Soft: 4238 encountered, 0 discovered, 0 enqueued
[2026-05-06T01:33:02.637+0100][26.067s][info][gc,ref      ] GC(108) Weak: 2369 encountered, 310 discovered, 0 enqueued
[2026-05-06T01:33:02.637+0100][26.067s][info][gc,ref      ] GC(108) Final: 6 encountered, 6 discovered, 0 enqueued
[2026-05-06T01:33:02.637+0100][26.067s][info][gc,ref      ] GC(108) Phantom: 270 encountered, 200 discovered, 0 enqueued
[2026-05-06T01:33:02.637+0100][26.067s][info][gc,reloc    ] GC(108) Small Pages: 24 / 48M, Empty: 24M, Relocated: 1M, In-Place: 0
[2026-05-06T01:33:02.637+0100][26.067s][info][gc,reloc    ] GC(108) Medium Pages: 1 / 32M, Empty: 0M, Relocated: 0M, In-Place: 0
[2026-05-06T01:33:02.637+0100][26.067s][info][gc,reloc    ] GC(108) Large Pages: 16 / 2090M, Empty: 1898M, Relocated: 0M, In-Place: 0
[2026-05-06T01:33:02.637+0100][26.067s][info][gc,reloc    ] GC(108) Forwarding Usage: 0M
[2026-05-06T01:33:02.637+0100][26.067s][info][gc,heap     ] GC(108) Min Capacity: 8M(0%)
[2026-05-06T01:33:02.637+0100][26.067s][info][gc,heap     ] GC(108) Max Capacity: 4096M(100%)
[2026-05-06T01:33:02.637+0100][26.067s][info][gc,heap     ] GC(108) Soft Max Capacity: 4096M(100%)
[2026-05-06T01:33:02.637+0100][26.067s][info][gc,heap     ] GC(108)                Mark Start          Mark End        Relocate Start      Relocate End           High               Low         
[2026-05-06T01:33:02.637+0100][26.067s][info][gc,heap     ] GC(108)  Capacity:     3420M (83%)        3420M (83%)        3420M (83%)        3420M (83%)        3420M (83%)        3420M (83%)    
[2026-05-06T01:33:02.637+0100][26.067s][info][gc,heap     ] GC(108)      Free:     1926M (47%)        1926M (47%)        3848M (94%)        3854M (94%)        3854M (94%)        1926M (47%)    
[2026-05-06T01:33:02.637+0100][26.067s][info][gc,heap     ] GC(108)      Used:     2170M (53%)        2170M (53%)         248M (6%)          242M (6%)         2170M (53%)         242M (6%)     
[2026-05-06T01:33:02.637+0100][26.067s][info][gc,heap     ] GC(108)      Live:         -               205M (5%)          205M (5%)          205M (5%)             -                  -          
[2026-05-06T01:33:02.637+0100][26.067s][info][gc,heap     ] GC(108) Allocated:         -                 0M (0%)            0M (0%)            0M (0%)             -                  -          
[2026-05-06T01:33:02.637+0100][26.067s][info][gc,heap     ] GC(108)   Garbage:         -              1964M (48%)          42M (1%)           36M (1%)             -                  -          
[2026-05-06T01:33:02.637+0100][26.067s][info][gc,heap     ] GC(108) Reclaimed:         -                  -              1922M (47%)        1928M (47%)            -                  -          
[2026-05-06T01:33:02.637+0100][26.067s][info][gc          ] GC(108) Garbage Collection (System.gc()) 2170M(53%)->242M(6%)
[2026-05-06T01:33:02.950+0100][26.380s][info][gc,start    ] GC(109) Garbage Collection (System.gc())
[2026-05-06T01:33:02.950+0100][26.380s][info][gc,task     ] GC(109) Using 3 workers
[2026-05-06T01:33:02.950+0100][26.380s][info][gc,phases   ] GC(109) Pause Mark Start 0.003ms
[2026-05-06T01:33:02.954+0100][26.384s][info][gc,phases   ] GC(109) Concurrent Mark 3.906ms
[2026-05-06T01:33:02.954+0100][26.384s][info][gc,phases   ] GC(109) Pause Mark End 0.004ms
[2026-05-06T01:33:02.954+0100][26.384s][info][gc,phases   ] GC(109) Concurrent Mark Free 0.000ms
[2026-05-06T01:33:02.956+0100][26.386s][info][gc,phases   ] GC(109) Concurrent Process Non-Strong References 1.801ms
[2026-05-06T01:33:02.956+0100][26.386s][info][gc,phases   ] GC(109) Concurrent Reset Relocation Set 0.001ms
[2026-05-06T01:33:02.957+0100][26.387s][info][gc,phases   ] GC(109) Concurrent Select Relocation Set 0.598ms
[2026-05-06T01:33:02.957+0100][26.387s][info][gc,phases   ] GC(109) Pause Relocate Start 0.002ms
[2026-05-06T01:33:02.957+0100][26.387s][info][gc,phases   ] GC(109) Concurrent Relocate 0.191ms
[2026-05-06T01:33:02.957+0100][26.387s][info][gc,load     ] GC(109) Load: 3.28/3.03/3.51
[2026-05-06T01:33:02.957+0100][26.387s][info][gc,mmu      ] GC(109) MMU: 2ms/95.6%, 5ms/98.2%, 10ms/99.1%, 20ms/99.6%, 50ms/99.8%, 100ms/99.9%
[2026-05-06T01:33:02.957+0100][26.387s][info][gc,marking  ] GC(109) Mark: 2 stripe(s), 1 proactive flush(es), 1 terminate flush(es), 0 completion(s), 0 continuation(s) 
[2026-05-06T01:33:02.957+0100][26.387s][info][gc,marking  ] GC(109) Mark Stack Usage: 32M
[2026-05-06T01:33:02.957+0100][26.387s][info][gc,nmethod  ] GC(109) NMethods: 3964 registered, 729 unregistered
[2026-05-06T01:33:02.957+0100][26.387s][info][gc,metaspace] GC(109) Metaspace: 18M used, 19M committed, 1088M reserved
[2026-05-06T01:33:02.957+0100][26.387s][info][gc,ref      ] GC(109) Soft: 4238 encountered, 0 discovered, 0 enqueued
[2026-05-06T01:33:02.957+0100][26.387s][info][gc,ref      ] GC(109) Weak: 2369 encountered, 1201 discovered, 0 enqueued
[2026-05-06T01:33:02.957+0100][26.387s][info][gc,ref      ] GC(109) Final: 6 encountered, 6 discovered, 0 enqueued
[2026-05-06T01:33:02.957+0100][26.387s][info][gc,ref      ] GC(109) Phantom: 270 encountered, 217 discovered, 0 enqueued
[2026-05-06T01:33:02.957+0100][26.387s][info][gc,reloc    ] GC(109) Small Pages: 14 / 28M, Empty: 8M, Relocated: 1M, In-Place: 0
[2026-05-06T01:33:02.957+0100][26.387s][info][gc,reloc    ] GC(109) Medium Pages: 1 / 32M, Empty: 0M, Relocated: 0M, In-Place: 0
[2026-05-06T01:33:02.957+0100][26.387s][info][gc,reloc    ] GC(109) Large Pages: 16 / 2090M, Empty: 1898M, Relocated: 0M, In-Place: 0
[2026-05-06T01:33:02.957+0100][26.387s][info][gc,reloc    ] GC(109) Forwarding Usage: 0M
[2026-05-06T01:33:02.957+0100][26.387s][info][gc,heap     ] GC(109) Min Capacity: 8M(0%)
[2026-05-06T01:33:02.957+0100][26.387s][info][gc,heap     ] GC(109) Max Capacity: 4096M(100%)
[2026-05-06T01:33:02.957+0100][26.387s][info][gc,heap     ] GC(109) Soft Max Capacity: 4096M(100%)
[2026-05-06T01:33:02.957+0100][26.387s][info][gc,heap     ] GC(109)                Mark Start          Mark End        Relocate Start      Relocate End           High               Low         
[2026-05-06T01:33:02.957+0100][26.387s][info][gc,heap     ] GC(109)  Capacity:     3420M (83%)        3420M (83%)        3420M (83%)        3420M (83%)        3420M (83%)        3420M (83%)    
[2026-05-06T01:33:02.957+0100][26.387s][info][gc,heap     ] GC(109)      Free:     1946M (48%)        1946M (48%)        3852M (94%)        3854M (94%)        3854M (94%)        1946M (48%)    
[2026-05-06T01:33:02.957+0100][26.387s][info][gc,heap     ] GC(109)      Used:     2150M (52%)        2150M (52%)         244M (6%)          242M (6%)         2150M (52%)         242M (6%)     
[2026-05-06T01:33:02.957+0100][26.387s][info][gc,heap     ] GC(109)      Live:         -               205M (5%)          205M (5%)          205M (5%)             -                  -          
[2026-05-06T01:33:02.957+0100][26.387s][info][gc,heap     ] GC(109) Allocated:         -                 0M (0%)            0M (0%)            0M (0%)             -                  -          
[2026-05-06T01:33:02.957+0100][26.387s][info][gc,heap     ] GC(109)   Garbage:         -              1944M (47%)          38M (1%)           36M (1%)             -                  -          
[2026-05-06T01:33:02.957+0100][26.387s][info][gc,heap     ] GC(109) Reclaimed:         -                  -              1906M (47%)        1908M (47%)            -                  -          
[2026-05-06T01:33:02.957+0100][26.387s][info][gc          ] GC(109) Garbage Collection (System.gc()) 2150M(52%)->242M(6%)
[2026-05-06T01:33:03.388+0100][26.818s][info][gc,start    ] GC(110) Garbage Collection (Proactive)
[2026-05-06T01:33:03.388+0100][26.818s][info][gc,task     ] GC(110) Using 3 workers
[2026-05-06T01:33:03.388+0100][26.818s][info][gc,phases   ] GC(110) Pause Mark Start 0.004ms
[2026-05-06T01:33:03.395+0100][26.826s][info][gc,phases   ] GC(110) Concurrent Mark 7.500ms
[2026-05-06T01:33:03.395+0100][26.826s][info][gc,phases   ] GC(110) Pause Mark End 0.011ms
[2026-05-06T01:33:03.395+0100][26.826s][info][gc,phases   ] GC(110) Concurrent Mark Free 0.001ms
[2026-05-06T01:33:03.398+0100][26.828s][info][gc,phases   ] GC(110) Concurrent Process Non-Strong References 2.433ms
[2026-05-06T01:33:03.398+0100][26.828s][info][gc,phases   ] GC(110) Concurrent Reset Relocation Set 0.001ms
[2026-05-06T01:33:03.399+0100][26.829s][info][gc,phases   ] GC(110) Concurrent Select Relocation Set 0.727ms
[2026-05-06T01:33:03.399+0100][26.829s][info][gc,phases   ] GC(110) Pause Relocate Start 0.002ms
[2026-05-06T01:33:03.399+0100][26.829s][info][gc,phases   ] GC(110) Concurrent Relocate 0.507ms
[2026-05-06T01:33:03.399+0100][26.829s][info][gc,load     ] GC(110) Load: 3.28/3.03/3.51
[2026-05-06T01:33:03.399+0100][26.829s][info][gc,mmu      ] GC(110) MMU: 2ms/95.6%, 5ms/98.2%, 10ms/99.1%, 20ms/99.6%, 50ms/99.8%, 100ms/99.9%
[2026-05-06T01:33:03.399+0100][26.829s][info][gc,marking  ] GC(110) Mark: 2 stripe(s), 2 proactive flush(es), 1 terminate flush(es), 0 completion(s), 0 continuation(s) 
[2026-05-06T01:33:03.399+0100][26.829s][info][gc,marking  ] GC(110) Mark Stack Usage: 32M
[2026-05-06T01:33:03.399+0100][26.829s][info][gc,nmethod  ] GC(110) NMethods: 4043 registered, 758 unregistered
[2026-05-06T01:33:03.399+0100][26.829s][info][gc,metaspace] GC(110) Metaspace: 19M used, 20M committed, 1088M reserved
[2026-05-06T01:33:03.399+0100][26.829s][info][gc,ref      ] GC(110) Soft: 4256 encountered, 0 discovered, 0 enqueued
[2026-05-06T01:33:03.399+0100][26.829s][info][gc,ref      ] GC(110) Weak: 2539 encountered, 265 discovered, 85 enqueued
[2026-05-06T01:33:03.399+0100][26.829s][info][gc,ref      ] GC(110) Final: 6 encountered, 0 discovered, 0 enqueued
[2026-05-06T01:33:03.399+0100][26.829s][info][gc,ref      ] GC(110) Phantom: 343 encountered, 272 discovered, 71 enqueued
[2026-05-06T01:33:03.399+0100][26.829s][info][gc,reloc    ] GC(110) Small Pages: 13 / 26M, Empty: 0M, Relocated: 1M, In-Place: 0
[2026-05-06T01:33:03.399+0100][26.829s][info][gc,reloc    ] GC(110) Medium Pages: 2 / 64M, Empty: 0M, Relocated: 3M, In-Place: 0
[2026-05-06T01:33:03.399+0100][26.829s][info][gc,reloc    ] GC(110) Large Pages: 13 / 1652M, Empty: 1460M, Relocated: 0M, In-Place: 0
[2026-05-06T01:33:03.399+0100][26.830s][info][gc,reloc    ] GC(110) Forwarding Usage: 0M
[2026-05-06T01:33:03.399+0100][26.830s][info][gc,heap     ] GC(110) Min Capacity: 8M(0%)
[2026-05-06T01:33:03.399+0100][26.830s][info][gc,heap     ] GC(110) Max Capacity: 4096M(100%)
[2026-05-06T01:33:03.399+0100][26.830s][info][gc,heap     ] GC(110) Soft Max Capacity: 4096M(100%)
[2026-05-06T01:33:03.399+0100][26.830s][info][gc,heap     ] GC(110)                Mark Start          Mark End        Relocate Start      Relocate End           High               Low         
[2026-05-06T01:33:03.399+0100][26.830s][info][gc,heap     ] GC(110)  Capacity:     3420M (83%)        3420M (83%)        3420M (83%)        3420M (83%)        3420M (83%)        3420M (83%)    
[2026-05-06T01:33:03.399+0100][26.830s][info][gc,heap     ] GC(110)      Free:     2354M (57%)        2354M (57%)        3812M (93%)        3854M (94%)        3854M (94%)        2352M (57%)    
[2026-05-06T01:33:03.399+0100][26.830s][info][gc,heap     ] GC(110)      Used:     1742M (43%)        1742M (43%)         284M (7%)          242M (6%)         1744M (43%)         242M (6%)     
[2026-05-06T01:33:03.399+0100][26.830s][info][gc,heap     ] GC(110)      Live:         -               207M (5%)          207M (5%)          207M (5%)             -                  -          
[2026-05-06T01:33:03.399+0100][26.830s][info][gc,heap     ] GC(110) Allocated:         -                 0M (0%)            2M (0%)            2M (0%)             -                  -          
[2026-05-06T01:33:03.399+0100][26.830s][info][gc,heap     ] GC(110)   Garbage:         -              1534M (37%)          74M (2%)           32M (1%)             -                  -          
[2026-05-06T01:33:03.399+0100][26.830s][info][gc,heap     ] GC(110) Reclaimed:         -                  -              1460M (36%)        1502M (37%)            -                  -          
[2026-05-06T01:33:03.399+0100][26.830s][info][gc          ] GC(110) Garbage Collection (Proactive) 1742M(43%)->242M(6%)
[2026-05-06T01:33:04.129+0100][27.559s][info][gc,heap,exit] Heap
[2026-05-06T01:33:04.129+0100][27.559s][info][gc,heap,exit]  ZHeap           used 368M, capacity 3420M, max capacity 4096M
[2026-05-06T01:33:04.129+0100][27.559s][info][gc,heap,exit]  Metaspace       used 23971K, committed 24448K, reserved 1114112K
[2026-05-06T01:33:04.129+0100][27.559s][info][gc,heap,exit]   class space    used 2709K, committed 2944K, reserved 1048576K
