[2026-05-06T01:03:51.294+0100][0.004s][info][gc,init] Initializing The Z Garbage Collector
[2026-05-06T01:03:51.294+0100][0.004s][info][gc,init] Version: 21.0.6+7-LTS (release)
[2026-05-06T01:03:51.294+0100][0.004s][info][gc,init] Using legacy single-generation mode
[2026-05-06T01:03:51.295+0100][0.004s][info][gc,init] NUMA Support: Disabled
[2026-05-06T01:03:51.295+0100][0.004s][info][gc,init] CPUs: 11 total, 11 available
[2026-05-06T01:03:51.295+0100][0.004s][info][gc,init] Memory: 18432M
[2026-05-06T01:03:51.295+0100][0.004s][info][gc,init] Large Page Support: Disabled
[2026-05-06T01:03:51.295+0100][0.004s][info][gc,init] GC Workers: 3 (dynamic)
[2026-05-06T01:03:51.295+0100][0.005s][info][gc,init] Address Space Type: Contiguous/Unrestricted/Complete
[2026-05-06T01:03:51.295+0100][0.005s][info][gc,init] Address Space Size: 65536M x 3 = 196608M
[2026-05-06T01:03:51.295+0100][0.005s][info][gc,init] Min Capacity: 8M
[2026-05-06T01:03:51.295+0100][0.005s][info][gc,init] Initial Capacity: 288M
[2026-05-06T01:03:51.295+0100][0.005s][info][gc,init] Max Capacity: 4096M
[2026-05-06T01:03:51.295+0100][0.005s][info][gc,init] Medium Page Size: 32M
[2026-05-06T01:03:51.295+0100][0.005s][info][gc,init] Pre-touch: Disabled
[2026-05-06T01:03:51.295+0100][0.005s][info][gc,init] Uncommit: Enabled
[2026-05-06T01:03:51.295+0100][0.005s][info][gc,init] Uncommit Delay: 300s
[2026-05-06T01:03:51.295+0100][0.005s][info][gc,init] Runtime Workers: 7
[2026-05-06T01:03:51.295+0100][0.005s][info][gc     ] Using The Z Garbage Collector
[2026-05-06T01:03:51.312+0100][0.022s][info][gc,metaspace] CDS archive(s) mapped at: [0x0000000400000000-0x0000000400c90000-0x0000000400c90000), size 13172736, SharedBaseAddress: 0x0000000400000000, ArchiveRelocationMode: 1.
[2026-05-06T01:03:51.312+0100][0.022s][info][gc,metaspace] Compressed class space mapped at: 0x0000000401000000-0x0000000441000000, reserved size: 1073741824
[2026-05-06T01:03:51.312+0100][0.022s][info][gc,metaspace] Narrow klass base: 0x0000000400000000, Narrow klass shift: 0, Narrow klass range: 0x100000000
[2026-05-06T01:03:52.518+0100][1.228s][info][gc,start    ] GC(0) Garbage Collection (Warmup)
[2026-05-06T01:03:52.518+0100][1.228s][info][gc,task     ] GC(0) Using 3 workers
[2026-05-06T01:03:52.518+0100][1.228s][info][gc,phases   ] GC(0) Pause Mark Start 0.004ms
[2026-05-06T01:03:52.525+0100][1.235s][info][gc,phases   ] GC(0) Concurrent Mark 6.994ms
[2026-05-06T01:03:52.525+0100][1.235s][info][gc,phases   ] GC(0) Pause Mark End 0.005ms
[2026-05-06T01:03:52.525+0100][1.235s][info][gc,phases   ] GC(0) Concurrent Mark Free 0.000ms
[2026-05-06T01:03:52.528+0100][1.237s][info][gc,phases   ] GC(0) Concurrent Process Non-Strong References 2.443ms
[2026-05-06T01:03:52.528+0100][1.237s][info][gc,phases   ] GC(0) Concurrent Reset Relocation Set 0.001ms
[2026-05-06T01:03:52.530+0100][1.239s][info][gc,phases   ] GC(0) Concurrent Select Relocation Set 1.869ms
[2026-05-06T01:03:52.530+0100][1.239s][info][gc,phases   ] GC(0) Pause Relocate Start 0.005ms
[2026-05-06T01:03:52.532+0100][1.242s][info][gc,phases   ] GC(0) Concurrent Relocate 2.560ms
[2026-05-06T01:03:52.532+0100][1.242s][info][gc,load     ] GC(0) Load: 4.84/4.60/4.25
[2026-05-06T01:03:52.532+0100][1.242s][info][gc,mmu      ] GC(0) MMU: 2ms/99.7%, 5ms/99.8%, 10ms/99.9%, 20ms/99.9%, 50ms/100.0%, 100ms/100.0%
[2026-05-06T01:03:52.532+0100][1.242s][info][gc,marking  ] GC(0) Mark: 2 stripe(s), 2 proactive flush(es), 1 terminate flush(es), 0 completion(s), 0 continuation(s) 
[2026-05-06T01:03:52.532+0100][1.242s][info][gc,marking  ] GC(0) Mark Stack Usage: 32M
[2026-05-06T01:03:52.532+0100][1.242s][info][gc,nmethod  ] GC(0) NMethods: 3288 registered, 576 unregistered
[2026-05-06T01:03:52.532+0100][1.242s][info][gc,metaspace] GC(0) Metaspace: 17M used, 17M committed, 1088M reserved
[2026-05-06T01:03:52.532+0100][1.242s][info][gc,ref      ] GC(0) Soft: 4208 encountered, 0 discovered, 0 enqueued
[2026-05-06T01:03:52.532+0100][1.242s][info][gc,ref      ] GC(0) Weak: 2934 encountered, 1582 discovered, 725 enqueued
[2026-05-06T01:03:52.532+0100][1.242s][info][gc,ref      ] GC(0) Final: 6 encountered, 6 discovered, 0 enqueued
[2026-05-06T01:03:52.532+0100][1.242s][info][gc,ref      ] GC(0) Phantom: 510 encountered, 452 discovered, 239 enqueued
[2026-05-06T01:03:52.532+0100][1.242s][info][gc,reloc    ] GC(0) Small Pages: 208 / 416M, Empty: 284M, Relocated: 11M, In-Place: 0
[2026-05-06T01:03:52.532+0100][1.242s][info][gc,reloc    ] GC(0) Medium Pages: 1 / 32M, Empty: 0M, Relocated: 0M, In-Place: 0
[2026-05-06T01:03:52.532+0100][1.242s][info][gc,reloc    ] GC(0) Large Pages: 4 / 80M, Empty: 6M, Relocated: 0M, In-Place: 0
[2026-05-06T01:03:52.532+0100][1.242s][info][gc,reloc    ] GC(0) Forwarding Usage: 4M
[2026-05-06T01:03:52.532+0100][1.242s][info][gc,heap     ] GC(0) Min Capacity: 8M(0%)
[2026-05-06T01:03:52.532+0100][1.242s][info][gc,heap     ] GC(0) Max Capacity: 4096M(100%)
[2026-05-06T01:03:52.532+0100][1.242s][info][gc,heap     ] GC(0) Soft Max Capacity: 4096M(100%)
[2026-05-06T01:03:52.532+0100][1.242s][info][gc,heap     ] GC(0)                Mark Start          Mark End        Relocate Start      Relocate End           High               Low         
[2026-05-06T01:03:52.532+0100][1.242s][info][gc,heap     ] GC(0)  Capacity:      528M (13%)         536M (13%)         648M (16%)         648M (16%)         648M (16%)         528M (13%)    
[2026-05-06T01:03:52.532+0100][1.242s][info][gc,heap     ] GC(0)      Free:     3568M (87%)        3560M (87%)        3736M (91%)        3852M (94%)        3852M (94%)        3558M (87%)    
[2026-05-06T01:03:52.532+0100][1.242s][info][gc,heap     ] GC(0)      Used:      528M (13%)         536M (13%)         360M (9%)          244M (6%)          538M (13%)         244M (6%)     
[2026-05-06T01:03:52.532+0100][1.242s][info][gc,heap     ] GC(0)      Live:         -                87M (2%)           87M (2%)           87M (2%)             -                  -          
[2026-05-06T01:03:52.533+0100][1.242s][info][gc,heap     ] GC(0) Allocated:         -                 8M (0%)          122M (3%)          121M (3%)             -                  -          
[2026-05-06T01:03:52.533+0100][1.242s][info][gc,heap     ] GC(0)   Garbage:         -               440M (11%)         150M (4%)           34M (1%)             -                  -          
[2026-05-06T01:03:52.533+0100][1.242s][info][gc,heap     ] GC(0) Reclaimed:         -                  -               290M (7%)          405M (10%)            -                  -          
[2026-05-06T01:03:52.533+0100][1.242s][info][gc          ] GC(0) Garbage Collection (Warmup) 528M(13%)->244M(6%)
[2026-05-06T01:03:53.223+0100][1.932s][info][gc,start    ] GC(1) Garbage Collection (Warmup)
[2026-05-06T01:03:53.223+0100][1.932s][info][gc,task     ] GC(1) Using 3 workers
[2026-05-06T01:03:53.223+0100][1.932s][info][gc,phases   ] GC(1) Pause Mark Start 0.004ms
[2026-05-06T01:03:53.229+0100][1.939s][info][gc,phases   ] GC(1) Concurrent Mark 6.442ms
[2026-05-06T01:03:53.229+0100][1.939s][info][gc,phases   ] GC(1) Pause Mark End 0.007ms
[2026-05-06T01:03:53.229+0100][1.939s][info][gc,phases   ] GC(1) Concurrent Mark Free 0.000ms
[2026-05-06T01:03:53.231+0100][1.941s][info][gc,phases   ] GC(1) Concurrent Process Non-Strong References 1.974ms
[2026-05-06T01:03:53.231+0100][1.941s][info][gc,phases   ] GC(1) Concurrent Reset Relocation Set 0.003ms
[2026-05-06T01:03:53.233+0100][1.943s][info][gc,phases   ] GC(1) Concurrent Select Relocation Set 1.813ms
[2026-05-06T01:03:53.233+0100][1.943s][info][gc,phases   ] GC(1) Pause Relocate Start 0.004ms
[2026-05-06T01:03:53.233+0100][1.943s][info][gc,phases   ] GC(1) Concurrent Relocate 0.178ms
[2026-05-06T01:03:53.233+0100][1.943s][info][gc,load     ] GC(1) Load: 4.84/4.60/4.25
[2026-05-06T01:03:53.233+0100][1.943s][info][gc,mmu      ] GC(1) MMU: 2ms/99.7%, 5ms/99.8%, 10ms/99.9%, 20ms/99.9%, 50ms/100.0%, 100ms/100.0%
[2026-05-06T01:03:53.233+0100][1.943s][info][gc,marking  ] GC(1) Mark: 2 stripe(s), 2 proactive flush(es), 1 terminate flush(es), 0 completion(s), 0 continuation(s) 
[2026-05-06T01:03:53.233+0100][1.943s][info][gc,marking  ] GC(1) Mark Stack Usage: 32M
[2026-05-06T01:03:53.233+0100][1.943s][info][gc,nmethod  ] GC(1) NMethods: 3283 registered, 584 unregistered
[2026-05-06T01:03:53.233+0100][1.943s][info][gc,metaspace] GC(1) Metaspace: 17M used, 17M committed, 1088M reserved
[2026-05-06T01:03:53.233+0100][1.943s][info][gc,ref      ] GC(1) Soft: 4208 encountered, 0 discovered, 0 enqueued
[2026-05-06T01:03:53.233+0100][1.943s][info][gc,ref      ] GC(1) Weak: 2209 encountered, 1085 discovered, 0 enqueued
[2026-05-06T01:03:53.233+0100][1.943s][info][gc,ref      ] GC(1) Final: 6 encountered, 6 discovered, 0 enqueued
[2026-05-06T01:03:53.233+0100][1.943s][info][gc,ref      ] GC(1) Phantom: 272 encountered, 196 discovered, 2 enqueued
[2026-05-06T01:03:53.233+0100][1.943s][info][gc,reloc    ] GC(1) Small Pages: 243 / 486M, Empty: 464M, Relocated: 1M, In-Place: 0
[2026-05-06T01:03:53.233+0100][1.943s][info][gc,reloc    ] GC(1) Medium Pages: 1 / 32M, Empty: 0M, Relocated: 0M, In-Place: 0
[2026-05-06T01:03:53.233+0100][1.943s][info][gc,reloc    ] GC(1) Large Pages: 5 / 330M, Empty: 28M, Relocated: 0M, In-Place: 0
[2026-05-06T01:03:53.233+0100][1.943s][info][gc,reloc    ] GC(1) Forwarding Usage: 0M
[2026-05-06T01:03:53.233+0100][1.943s][info][gc,heap     ] GC(1) Min Capacity: 8M(0%)
[2026-05-06T01:03:53.233+0100][1.943s][info][gc,heap     ] GC(1) Max Capacity: 4096M(100%)
[2026-05-06T01:03:53.233+0100][1.943s][info][gc,heap     ] GC(1) Soft Max Capacity: 4096M(100%)
[2026-05-06T01:03:53.233+0100][1.943s][info][gc,heap     ] GC(1)                Mark Start          Mark End        Relocate Start      Relocate End           High               Low         
[2026-05-06T01:03:53.233+0100][1.943s][info][gc,heap     ] GC(1)  Capacity:      848M (21%)         852M (21%)         852M (21%)         852M (21%)         852M (21%)         848M (21%)    
[2026-05-06T01:03:53.233+0100][1.943s][info][gc,heap     ] GC(1)      Free:     3248M (79%)        3244M (79%)        3734M (91%)        3738M (91%)        3738M (91%)        3244M (79%)    
[2026-05-06T01:03:53.233+0100][1.943s][info][gc,heap     ] GC(1)      Used:      848M (21%)         852M (21%)         362M (9%)          358M (9%)          852M (21%)         358M (9%)     
[2026-05-06T01:03:53.233+0100][1.943s][info][gc,heap     ] GC(1)      Live:         -               315M (8%)          315M (8%)          315M (8%)             -                  -          
[2026-05-06T01:03:53.233+0100][1.943s][info][gc,heap     ] GC(1) Allocated:         -                 4M (0%)            6M (0%)            5M (0%)             -                  -          
[2026-05-06T01:03:53.233+0100][1.943s][info][gc,heap     ] GC(1)   Garbage:         -               532M (13%)          40M (1%)           36M (1%)             -                  -          
[2026-05-06T01:03:53.233+0100][1.943s][info][gc,heap     ] GC(1) Reclaimed:         -                  -               492M (12%)         495M (12%)            -                  -          
[2026-05-06T01:03:53.233+0100][1.943s][info][gc          ] GC(1) Garbage Collection (Warmup) 848M(21%)->358M(9%)
[2026-05-06T01:03:53.929+0100][2.639s][info][gc,start    ] GC(2) Garbage Collection (System.gc())
[2026-05-06T01:03:53.929+0100][2.639s][info][gc,task     ] GC(2) Using 3 workers
[2026-05-06T01:03:53.929+0100][2.639s][info][gc,phases   ] GC(2) Pause Mark Start 0.003ms
[2026-05-06T01:03:53.934+0100][2.644s][info][gc,phases   ] GC(2) Concurrent Mark 5.034ms
[2026-05-06T01:03:53.934+0100][2.644s][info][gc,phases   ] GC(2) Pause Mark End 0.006ms
[2026-05-06T01:03:53.934+0100][2.644s][info][gc,phases   ] GC(2) Concurrent Mark Free 0.000ms
[2026-05-06T01:03:53.936+0100][2.646s][info][gc,phases   ] GC(2) Concurrent Process Non-Strong References 1.792ms
[2026-05-06T01:03:53.936+0100][2.646s][info][gc,phases   ] GC(2) Concurrent Reset Relocation Set 0.001ms
[2026-05-06T01:03:53.937+0100][2.646s][info][gc,phases   ] GC(2) Concurrent Select Relocation Set 0.676ms
[2026-05-06T01:03:53.937+0100][2.647s][info][gc,phases   ] GC(2) Pause Relocate Start 0.003ms
[2026-05-06T01:03:53.937+0100][2.647s][info][gc,phases   ] GC(2) Concurrent Relocate 0.250ms
[2026-05-06T01:03:53.937+0100][2.647s][info][gc,load     ] GC(2) Load: 4.84/4.60/4.25
[2026-05-06T01:03:53.937+0100][2.647s][info][gc,mmu      ] GC(2) MMU: 2ms/99.7%, 5ms/99.8%, 10ms/99.9%, 20ms/99.9%, 50ms/100.0%, 100ms/100.0%
[2026-05-06T01:03:53.937+0100][2.647s][info][gc,marking  ] GC(2) Mark: 2 stripe(s), 1 proactive flush(es), 1 terminate flush(es), 0 completion(s), 0 continuation(s) 
[2026-05-06T01:03:53.937+0100][2.647s][info][gc,marking  ] GC(2) Mark Stack Usage: 32M
[2026-05-06T01:03:53.937+0100][2.647s][info][gc,nmethod  ] GC(2) NMethods: 3303 registered, 605 unregistered
[2026-05-06T01:03:53.937+0100][2.647s][info][gc,metaspace] GC(2) Metaspace: 17M used, 18M committed, 1088M reserved
[2026-05-06T01:03:53.937+0100][2.647s][info][gc,ref      ] GC(2) Soft: 4215 encountered, 0 discovered, 0 enqueued
[2026-05-06T01:03:53.937+0100][2.647s][info][gc,ref      ] GC(2) Weak: 2271 encountered, 562 discovered, 31 enqueued
[2026-05-06T01:03:53.937+0100][2.647s][info][gc,ref      ] GC(2) Final: 6 encountered, 0 discovered, 0 enqueued
[2026-05-06T01:03:53.937+0100][2.647s][info][gc,ref      ] GC(2) Phantom: 290 encountered, 232 discovered, 20 enqueued
[2026-05-06T01:03:53.937+0100][2.647s][info][gc,reloc    ] GC(2) Small Pages: 272 / 544M, Empty: 520M, Relocated: 1M, In-Place: 0
[2026-05-06T01:03:53.937+0100][2.647s][info][gc,reloc    ] GC(2) Medium Pages: 2 / 64M, Empty: 32M, Relocated: 0M, In-Place: 0
[2026-05-06T01:03:53.937+0100][2.647s][info][gc,reloc    ] GC(2) Large Pages: 4 / 302M, Empty: 110M, Relocated: 0M, In-Place: 0
[2026-05-06T01:03:53.937+0100][2.647s][info][gc,reloc    ] GC(2) Forwarding Usage: 0M
[2026-05-06T01:03:53.937+0100][2.647s][info][gc,heap     ] GC(2) Min Capacity: 8M(0%)
[2026-05-06T01:03:53.937+0100][2.647s][info][gc,heap     ] GC(2) Max Capacity: 4096M(100%)
[2026-05-06T01:03:53.937+0100][2.647s][info][gc,heap     ] GC(2) Soft Max Capacity: 4096M(100%)
[2026-05-06T01:03:53.937+0100][2.647s][info][gc,heap     ] GC(2)                Mark Start          Mark End        Relocate Start      Relocate End           High               Low         
[2026-05-06T01:03:53.937+0100][2.647s][info][gc,heap     ] GC(2)  Capacity:      910M (22%)         910M (22%)         910M (22%)         910M (22%)         910M (22%)         910M (22%)    
[2026-05-06T01:03:53.937+0100][2.647s][info][gc,heap     ] GC(2)      Free:     3186M (78%)        3186M (78%)        3846M (94%)        3852M (94%)        3852M (94%)        3186M (78%)    
[2026-05-06T01:03:53.937+0100][2.647s][info][gc,heap     ] GC(2)      Used:      910M (22%)         910M (22%)         250M (6%)          244M (6%)          910M (22%)         244M (6%)     
[2026-05-06T01:03:53.937+0100][2.647s][info][gc,heap     ] GC(2)      Live:         -               205M (5%)          205M (5%)          205M (5%)             -                  -          
[2026-05-06T01:03:53.937+0100][2.647s][info][gc,heap     ] GC(2) Allocated:         -                 0M (0%)            2M (0%)            2M (0%)             -                  -          
[2026-05-06T01:03:53.937+0100][2.647s][info][gc,heap     ] GC(2)   Garbage:         -               704M (17%)          42M (1%)           36M (1%)             -                  -          
[2026-05-06T01:03:53.937+0100][2.647s][info][gc,heap     ] GC(2) Reclaimed:         -                  -               662M (16%)         668M (16%)            -                  -          
[2026-05-06T01:03:53.937+0100][2.647s][info][gc          ] GC(2) Garbage Collection (System.gc()) 910M(22%)->244M(6%)
[2026-05-06T01:03:53.964+0100][2.673s][info][gc,start    ] GC(3) Garbage Collection (System.gc())
[2026-05-06T01:03:53.964+0100][2.673s][info][gc,task     ] GC(3) Using 3 workers
[2026-05-06T01:03:53.964+0100][2.673s][info][gc,phases   ] GC(3) Pause Mark Start 0.002ms
[2026-05-06T01:03:53.969+0100][2.678s][info][gc,phases   ] GC(3) Concurrent Mark 4.628ms
[2026-05-06T01:03:53.969+0100][2.678s][info][gc,phases   ] GC(3) Pause Mark End 0.006ms
[2026-05-06T01:03:53.969+0100][2.678s][info][gc,phases   ] GC(3) Concurrent Mark Free 0.000ms
[2026-05-06T01:03:53.970+0100][2.680s][info][gc,phases   ] GC(3) Concurrent Process Non-Strong References 1.618ms
[2026-05-06T01:03:53.970+0100][2.680s][info][gc,phases   ] GC(3) Concurrent Reset Relocation Set 0.001ms
[2026-05-06T01:03:53.971+0100][2.681s][info][gc,phases   ] GC(3) Concurrent Select Relocation Set 0.789ms
[2026-05-06T01:03:53.971+0100][2.681s][info][gc,phases   ] GC(3) Pause Relocate Start 0.004ms
[2026-05-06T01:03:53.971+0100][2.681s][info][gc,phases   ] GC(3) Concurrent Relocate 0.223ms
[2026-05-06T01:03:53.971+0100][2.681s][info][gc,load     ] GC(3) Load: 4.84/4.60/4.25
[2026-05-06T01:03:53.971+0100][2.681s][info][gc,mmu      ] GC(3) MMU: 2ms/99.7%, 5ms/99.8%, 10ms/99.9%, 20ms/99.9%, 50ms/99.9%, 100ms/100.0%
[2026-05-06T01:03:53.971+0100][2.681s][info][gc,marking  ] GC(3) Mark: 2 stripe(s), 2 proactive flush(es), 1 terminate flush(es), 0 completion(s), 0 continuation(s) 
[2026-05-06T01:03:53.971+0100][2.681s][info][gc,marking  ] GC(3) Mark Stack Usage: 32M
[2026-05-06T01:03:53.971+0100][2.681s][info][gc,nmethod  ] GC(3) NMethods: 3339 registered, 613 unregistered
[2026-05-06T01:03:53.971+0100][2.681s][info][gc,metaspace] GC(3) Metaspace: 18M used, 18M committed, 1088M reserved
[2026-05-06T01:03:53.971+0100][2.681s][info][gc,ref      ] GC(3) Soft: 4232 encountered, 0 discovered, 0 enqueued
[2026-05-06T01:03:53.971+0100][2.681s][info][gc,ref      ] GC(3) Weak: 2334 encountered, 933 discovered, 30 enqueued
[2026-05-06T01:03:53.971+0100][2.681s][info][gc,ref      ] GC(3) Final: 6 encountered, 0 discovered, 0 enqueued
[2026-05-06T01:03:53.971+0100][2.681s][info][gc,ref      ] GC(3) Phantom: 283 encountered, 136 discovered, 13 enqueued
[2026-05-06T01:03:53.971+0100][2.681s][info][gc,reloc    ] GC(3) Small Pages: 10 / 20M, Empty: 0M, Relocated: 1M, In-Place: 0
[2026-05-06T01:03:53.971+0100][2.681s][info][gc,reloc    ] GC(3) Medium Pages: 2 / 64M, Empty: 32M, Relocated: 0M, In-Place: 0
[2026-05-06T01:03:53.971+0100][2.681s][info][gc,reloc    ] GC(3) Large Pages: 3 / 192M, Empty: 0M, Relocated: 0M, In-Place: 0
[2026-05-06T01:03:53.971+0100][2.681s][info][gc,reloc    ] GC(3) Forwarding Usage: 0M
[2026-05-06T01:03:53.971+0100][2.681s][info][gc,heap     ] GC(3) Min Capacity: 8M(0%)
[2026-05-06T01:03:53.971+0100][2.681s][info][gc,heap     ] GC(3) Max Capacity: 4096M(100%)
[2026-05-06T01:03:53.971+0100][2.681s][info][gc,heap     ] GC(3) Soft Max Capacity: 4096M(100%)
[2026-05-06T01:03:53.971+0100][2.681s][info][gc,heap     ] GC(3)                Mark Start          Mark End        Relocate Start      Relocate End           High               Low         
[2026-05-06T01:03:53.971+0100][2.681s][info][gc,heap     ] GC(3)  Capacity:      910M (22%)         910M (22%)         910M (22%)         910M (22%)         910M (22%)         910M (22%)    
[2026-05-06T01:03:53.971+0100][2.681s][info][gc,heap     ] GC(3)      Free:     3820M (93%)        3820M (93%)        3850M (94%)        3852M (94%)        3852M (94%)        3818M (93%)    
[2026-05-06T01:03:53.971+0100][2.681s][info][gc,heap     ] GC(3)      Used:      276M (7%)          276M (7%)          246M (6%)          244M (6%)          278M (7%)          244M (6%)     
[2026-05-06T01:03:53.971+0100][2.681s][info][gc,heap     ] GC(3)      Live:         -               205M (5%)          205M (5%)          205M (5%)             -                  -          
[2026-05-06T01:03:53.971+0100][2.681s][info][gc,heap     ] GC(3) Allocated:         -                 0M (0%)            2M (0%)            2M (0%)             -                  -          
[2026-05-06T01:03:53.971+0100][2.681s][info][gc,heap     ] GC(3)   Garbage:         -                70M (2%)           38M (1%)           36M (1%)             -                  -          
[2026-05-06T01:03:53.971+0100][2.681s][info][gc,heap     ] GC(3) Reclaimed:         -                  -                32M (1%)           34M (1%)             -                  -          
[2026-05-06T01:03:53.971+0100][2.681s][info][gc          ] GC(3) Garbage Collection (System.gc()) 276M(7%)->244M(6%)
[2026-05-06T01:03:54.015+0100][2.725s][info][gc,start    ] GC(4) Garbage Collection (System.gc())
[2026-05-06T01:03:54.015+0100][2.725s][info][gc,task     ] GC(4) Using 3 workers
[2026-05-06T01:03:54.015+0100][2.725s][info][gc,phases   ] GC(4) Pause Mark Start 0.003ms
[2026-05-06T01:03:54.019+0100][2.729s][info][gc,phases   ] GC(4) Concurrent Mark 3.979ms
[2026-05-06T01:03:54.019+0100][2.729s][info][gc,phases   ] GC(4) Pause Mark End 0.006ms
[2026-05-06T01:03:54.019+0100][2.729s][info][gc,phases   ] GC(4) Concurrent Mark Free 0.000ms
[2026-05-06T01:03:54.021+0100][2.731s][info][gc,phases   ] GC(4) Concurrent Process Non-Strong References 1.583ms
[2026-05-06T01:03:54.021+0100][2.731s][info][gc,phases   ] GC(4) Concurrent Reset Relocation Set 0.001ms
[2026-05-06T01:03:54.022+0100][2.731s][info][gc,phases   ] GC(4) Concurrent Select Relocation Set 0.592ms
[2026-05-06T01:03:54.022+0100][2.731s][info][gc,phases   ] GC(4) Pause Relocate Start 0.003ms
[2026-05-06T01:03:54.022+0100][2.732s][info][gc,phases   ] GC(4) Concurrent Relocate 0.192ms
[2026-05-06T01:03:54.022+0100][2.732s][info][gc,load     ] GC(4) Load: 4.84/4.60/4.25
[2026-05-06T01:03:54.022+0100][2.732s][info][gc,mmu      ] GC(4) MMU: 2ms/99.7%, 5ms/99.8%, 10ms/99.9%, 20ms/99.9%, 50ms/99.9%, 100ms/100.0%
[2026-05-06T01:03:54.022+0100][2.732s][info][gc,marking  ] GC(4) Mark: 2 stripe(s), 2 proactive flush(es), 1 terminate flush(es), 0 completion(s), 0 continuation(s) 
[2026-05-06T01:03:54.022+0100][2.732s][info][gc,marking  ] GC(4) Mark Stack Usage: 32M
[2026-05-06T01:03:54.022+0100][2.732s][info][gc,nmethod  ] GC(4) NMethods: 3361 registered, 617 unregistered
[2026-05-06T01:03:54.022+0100][2.732s][info][gc,metaspace] GC(4) Metaspace: 18M used, 18M committed, 1088M reserved
[2026-05-06T01:03:54.022+0100][2.732s][info][gc,ref      ] GC(4) Soft: 4237 encountered, 0 discovered, 0 enqueued
[2026-05-06T01:03:54.022+0100][2.732s][info][gc,ref      ] GC(4) Weak: 2350 encountered, 963 discovered, 11 enqueued
[2026-05-06T01:03:54.022+0100][2.732s][info][gc,ref      ] GC(4) Final: 6 encountered, 0 discovered, 0 enqueued
[2026-05-06T01:03:54.022+0100][2.732s][info][gc,ref      ] GC(4) Phantom: 273 encountered, 160 discovered, 3 enqueued
[2026-05-06T01:03:54.022+0100][2.732s][info][gc,reloc    ] GC(4) Small Pages: 10 / 20M, Empty: 0M, Relocated: 1M, In-Place: 0
[2026-05-06T01:03:54.022+0100][2.732s][info][gc,reloc    ] GC(4) Medium Pages: 2 / 64M, Empty: 32M, Relocated: 0M, In-Place: 0
[2026-05-06T01:03:54.022+0100][2.732s][info][gc,reloc    ] GC(4) Large Pages: 3 / 192M, Empty: 0M, Relocated: 0M, In-Place: 0
[2026-05-06T01:03:54.022+0100][2.732s][info][gc,reloc    ] GC(4) Forwarding Usage: 0M
[2026-05-06T01:03:54.022+0100][2.732s][info][gc,heap     ] GC(4) Min Capacity: 8M(0%)
[2026-05-06T01:03:54.022+0100][2.732s][info][gc,heap     ] GC(4) Max Capacity: 4096M(100%)
[2026-05-06T01:03:54.022+0100][2.732s][info][gc,heap     ] GC(4) Soft Max Capacity: 4096M(100%)
[2026-05-06T01:03:54.022+0100][2.732s][info][gc,heap     ] GC(4)                Mark Start          Mark End        Relocate Start      Relocate End           High               Low         
[2026-05-06T01:03:54.022+0100][2.732s][info][gc,heap     ] GC(4)  Capacity:      910M (22%)         910M (22%)         910M (22%)         910M (22%)         910M (22%)         910M (22%)    
[2026-05-06T01:03:54.022+0100][2.732s][info][gc,heap     ] GC(4)      Free:     3820M (93%)        3820M (93%)        3850M (94%)        3852M (94%)        3852M (94%)        3818M (93%)    
[2026-05-06T01:03:54.022+0100][2.732s][info][gc,heap     ] GC(4)      Used:      276M (7%)          276M (7%)          246M (6%)          244M (6%)          278M (7%)          244M (6%)     
[2026-05-06T01:03:54.022+0100][2.732s][info][gc,heap     ] GC(4)      Live:         -               205M (5%)          205M (5%)          205M (5%)             -                  -          
[2026-05-06T01:03:54.022+0100][2.732s][info][gc,heap     ] GC(4) Allocated:         -                 0M (0%)            2M (0%)            2M (0%)             -                  -          
[2026-05-06T01:03:54.022+0100][2.732s][info][gc,heap     ] GC(4)   Garbage:         -                70M (2%)           38M (1%)           36M (1%)             -                  -          
[2026-05-06T01:03:54.022+0100][2.732s][info][gc,heap     ] GC(4) Reclaimed:         -                  -                32M (1%)           34M (1%)             -                  -          
[2026-05-06T01:03:54.022+0100][2.732s][info][gc          ] GC(4) Garbage Collection (System.gc()) 276M(7%)->244M(6%)
[2026-05-06T01:03:54.046+0100][2.755s][info][gc,start    ] GC(5) Garbage Collection (System.gc())
[2026-05-06T01:03:54.046+0100][2.755s][info][gc,task     ] GC(5) Using 3 workers
[2026-05-06T01:03:54.046+0100][2.756s][info][gc,phases   ] GC(5) Pause Mark Start 0.003ms
[2026-05-06T01:03:54.051+0100][2.760s][info][gc,phases   ] GC(5) Concurrent Mark 4.618ms
[2026-05-06T01:03:54.051+0100][2.760s][info][gc,phases   ] GC(5) Pause Mark End 0.005ms
[2026-05-06T01:03:54.051+0100][2.760s][info][gc,phases   ] GC(5) Concurrent Mark Free 0.000ms
[2026-05-06T01:03:54.052+0100][2.762s][info][gc,phases   ] GC(5) Concurrent Process Non-Strong References 1.574ms
[2026-05-06T01:03:54.052+0100][2.762s][info][gc,phases   ] GC(5) Concurrent Reset Relocation Set 0.000ms
[2026-05-06T01:03:54.053+0100][2.762s][info][gc,phases   ] GC(5) Concurrent Select Relocation Set 0.639ms
[2026-05-06T01:03:54.053+0100][2.762s][info][gc,phases   ] GC(5) Pause Relocate Start 0.003ms
[2026-05-06T01:03:54.053+0100][2.763s][info][gc,phases   ] GC(5) Concurrent Relocate 0.199ms
[2026-05-06T01:03:54.053+0100][2.763s][info][gc,load     ] GC(5) Load: 4.84/4.60/4.25
[2026-05-06T01:03:54.053+0100][2.763s][info][gc,mmu      ] GC(5) MMU: 2ms/99.7%, 5ms/99.8%, 10ms/99.9%, 20ms/99.9%, 50ms/99.9%, 100ms/100.0%
[2026-05-06T01:03:54.053+0100][2.763s][info][gc,marking  ] GC(5) Mark: 2 stripe(s), 2 proactive flush(es), 1 terminate flush(es), 0 completion(s), 0 continuation(s) 
[2026-05-06T01:03:54.053+0100][2.763s][info][gc,marking  ] GC(5) Mark Stack Usage: 32M
[2026-05-06T01:03:54.053+0100][2.763s][info][gc,nmethod  ] GC(5) NMethods: 3374 registered, 629 unregistered
[2026-05-06T01:03:54.053+0100][2.763s][info][gc,metaspace] GC(5) Metaspace: 18M used, 18M committed, 1088M reserved
[2026-05-06T01:03:54.053+0100][2.763s][info][gc,ref      ] GC(5) Soft: 4237 encountered, 0 discovered, 0 enqueued
[2026-05-06T01:03:54.053+0100][2.763s][info][gc,ref      ] GC(5) Weak: 2361 encountered, 1237 discovered, 6 enqueued
[2026-05-06T01:03:54.053+0100][2.763s][info][gc,ref      ] GC(5) Final: 6 encountered, 0 discovered, 0 enqueued
[2026-05-06T01:03:54.053+0100][2.763s][info][gc,ref      ] GC(5) Phantom: 273 encountered, 168 discovered, 3 enqueued
[2026-05-06T01:03:54.053+0100][2.763s][info][gc,reloc    ] GC(5) Small Pages: 11 / 22M, Empty: 0M, Relocated: 1M, In-Place: 0
[2026-05-06T01:03:54.053+0100][2.763s][info][gc,reloc    ] GC(5) Medium Pages: 2 / 64M, Empty: 32M, Relocated: 0M, In-Place: 0
[2026-05-06T01:03:54.053+0100][2.763s][info][gc,reloc    ] GC(5) Large Pages: 3 / 192M, Empty: 0M, Relocated: 0M, In-Place: 0
[2026-05-06T01:03:54.053+0100][2.763s][info][gc,reloc    ] GC(5) Forwarding Usage: 0M
[2026-05-06T01:03:54.053+0100][2.763s][info][gc,heap     ] GC(5) Min Capacity: 8M(0%)
[2026-05-06T01:03:54.053+0100][2.763s][info][gc,heap     ] GC(5) Max Capacity: 4096M(100%)
[2026-05-06T01:03:54.053+0100][2.763s][info][gc,heap     ] GC(5) Soft Max Capacity: 4096M(100%)
[2026-05-06T01:03:54.053+0100][2.763s][info][gc,heap     ] GC(5)                Mark Start          Mark End        Relocate Start      Relocate End           High               Low         
[2026-05-06T01:03:54.053+0100][2.763s][info][gc,heap     ] GC(5)  Capacity:      910M (22%)         910M (22%)         910M (22%)         910M (22%)         910M (22%)         910M (22%)    
[2026-05-06T01:03:54.053+0100][2.763s][info][gc,heap     ] GC(5)      Free:     3818M (93%)        3818M (93%)        3848M (94%)        3852M (94%)        3852M (94%)        3816M (93%)    
[2026-05-06T01:03:54.053+0100][2.763s][info][gc,heap     ] GC(5)      Used:      278M (7%)          278M (7%)          248M (6%)          244M (6%)          280M (7%)          244M (6%)     
[2026-05-06T01:03:54.053+0100][2.763s][info][gc,heap     ] GC(5)      Live:         -               205M (5%)          205M (5%)          205M (5%)             -                  -          
[2026-05-06T01:03:54.053+0100][2.763s][info][gc,heap     ] GC(5) Allocated:         -                 0M (0%)            2M (0%)            2M (0%)             -                  -          
[2026-05-06T01:03:54.053+0100][2.763s][info][gc,heap     ] GC(5)   Garbage:         -                72M (2%)           40M (1%)           36M (1%)             -                  -          
[2026-05-06T01:03:54.053+0100][2.763s][info][gc,heap     ] GC(5) Reclaimed:         -                  -                32M (1%)           36M (1%)             -                  -          
[2026-05-06T01:03:54.053+0100][2.763s][info][gc          ] GC(5) Garbage Collection (System.gc()) 278M(7%)->244M(6%)
[2026-05-06T01:03:54.065+0100][2.775s][info][gc,start    ] GC(6) Garbage Collection (System.gc())
[2026-05-06T01:03:54.065+0100][2.775s][info][gc,task     ] GC(6) Using 3 workers
[2026-05-06T01:03:54.065+0100][2.775s][info][gc,phases   ] GC(6) Pause Mark Start 0.002ms
[2026-05-06T01:03:54.070+0100][2.779s][info][gc,phases   ] GC(6) Concurrent Mark 4.268ms
[2026-05-06T01:03:54.070+0100][2.779s][info][gc,phases   ] GC(6) Pause Mark End 0.003ms
[2026-05-06T01:03:54.070+0100][2.779s][info][gc,phases   ] GC(6) Concurrent Mark Free 0.000ms
[2026-05-06T01:03:54.071+0100][2.781s][info][gc,phases   ] GC(6) Concurrent Process Non-Strong References 1.572ms
[2026-05-06T01:03:54.071+0100][2.781s][info][gc,phases   ] GC(6) Concurrent Reset Relocation Set 0.001ms
[2026-05-06T01:03:54.072+0100][2.782s][info][gc,phases   ] GC(6) Concurrent Select Relocation Set 0.604ms
[2026-05-06T01:03:54.072+0100][2.782s][info][gc,phases   ] GC(6) Pause Relocate Start 0.002ms
[2026-05-06T01:03:54.072+0100][2.782s][info][gc,phases   ] GC(6) Concurrent Relocate 0.180ms
[2026-05-06T01:03:54.072+0100][2.782s][info][gc,load     ] GC(6) Load: 4.84/4.60/4.25
[2026-05-06T01:03:54.072+0100][2.782s][info][gc,mmu      ] GC(6) MMU: 2ms/99.7%, 5ms/99.8%, 10ms/99.9%, 20ms/99.9%, 50ms/99.9%, 100ms/100.0%
[2026-05-06T01:03:54.072+0100][2.782s][info][gc,marking  ] GC(6) Mark: 2 stripe(s), 2 proactive flush(es), 1 terminate flush(es), 0 completion(s), 0 continuation(s) 
[2026-05-06T01:03:54.072+0100][2.782s][info][gc,marking  ] GC(6) Mark Stack Usage: 32M
[2026-05-06T01:03:54.072+0100][2.782s][info][gc,nmethod  ] GC(6) NMethods: 3383 registered, 632 unregistered
[2026-05-06T01:03:54.072+0100][2.782s][info][gc,metaspace] GC(6) Metaspace: 18M used, 18M committed, 1088M reserved
[2026-05-06T01:03:54.072+0100][2.782s][info][gc,ref      ] GC(6) Soft: 4237 encountered, 0 discovered, 0 enqueued
[2026-05-06T01:03:54.072+0100][2.782s][info][gc,ref      ] GC(6) Weak: 2355 encountered, 1205 discovered, 0 enqueued
[2026-05-06T01:03:54.072+0100][2.782s][info][gc,ref      ] GC(6) Final: 6 encountered, 6 discovered, 0 enqueued
[2026-05-06T01:03:54.072+0100][2.782s][info][gc,ref      ] GC(6) Phantom: 270 encountered, 166 discovered, 0 enqueued
[2026-05-06T01:03:54.072+0100][2.782s][info][gc,reloc    ] GC(6) Small Pages: 11 / 22M, Empty: 2M, Relocated: 1M, In-Place: 0
[2026-05-06T01:03:54.072+0100][2.782s][info][gc,reloc    ] GC(6) Medium Pages: 2 / 64M, Empty: 32M, Relocated: 0M, In-Place: 0
[2026-05-06T01:03:54.072+0100][2.782s][info][gc,reloc    ] GC(6) Large Pages: 3 / 192M, Empty: 0M, Relocated: 0M, In-Place: 0
[2026-05-06T01:03:54.072+0100][2.782s][info][gc,reloc    ] GC(6) Forwarding Usage: 0M
[2026-05-06T01:03:54.072+0100][2.782s][info][gc,heap     ] GC(6) Min Capacity: 8M(0%)
[2026-05-06T01:03:54.072+0100][2.782s][info][gc,heap     ] GC(6) Max Capacity: 4096M(100%)
[2026-05-06T01:03:54.072+0100][2.782s][info][gc,heap     ] GC(6) Soft Max Capacity: 4096M(100%)
[2026-05-06T01:03:54.072+0100][2.782s][info][gc,heap     ] GC(6)                Mark Start          Mark End        Relocate Start      Relocate End           High               Low         
[2026-05-06T01:03:54.072+0100][2.782s][info][gc,heap     ] GC(6)  Capacity:      910M (22%)         910M (22%)         910M (22%)         910M (22%)         910M (22%)         910M (22%)    
[2026-05-06T01:03:54.072+0100][2.782s][info][gc,heap     ] GC(6)      Free:     3818M (93%)        3818M (93%)        3852M (94%)        3854M (94%)        3854M (94%)        3818M (93%)    
[2026-05-06T01:03:54.072+0100][2.782s][info][gc,heap     ] GC(6)      Used:      278M (7%)          278M (7%)          244M (6%)          242M (6%)          278M (7%)          242M (6%)     
[2026-05-06T01:03:54.072+0100][2.782s][info][gc,heap     ] GC(6)      Live:         -               205M (5%)          205M (5%)          205M (5%)             -                  -          
[2026-05-06T01:03:54.072+0100][2.782s][info][gc,heap     ] GC(6) Allocated:         -                 0M (0%)            0M (0%)            0M (0%)             -                  -          
[2026-05-06T01:03:54.072+0100][2.782s][info][gc,heap     ] GC(6)   Garbage:         -                72M (2%)           38M (1%)           36M (1%)             -                  -          
[2026-05-06T01:03:54.072+0100][2.782s][info][gc,heap     ] GC(6) Reclaimed:         -                  -                34M (1%)           36M (1%)             -                  -          
[2026-05-06T01:03:54.072+0100][2.782s][info][gc          ] GC(6) Garbage Collection (System.gc()) 278M(7%)->242M(6%)
[2026-05-06T01:03:54.081+0100][2.791s][info][gc,start    ] GC(7) Garbage Collection (System.gc())
[2026-05-06T01:03:54.081+0100][2.791s][info][gc,task     ] GC(7) Using 3 workers
[2026-05-06T01:03:54.081+0100][2.791s][info][gc,phases   ] GC(7) Pause Mark Start 0.003ms
[2026-05-06T01:03:54.085+0100][2.795s][info][gc,phases   ] GC(7) Concurrent Mark 4.015ms
[2026-05-06T01:03:54.085+0100][2.795s][info][gc,phases   ] GC(7) Pause Mark End 0.006ms
[2026-05-06T01:03:54.085+0100][2.795s][info][gc,phases   ] GC(7) Concurrent Mark Free 0.000ms
[2026-05-06T01:03:54.087+0100][2.796s][info][gc,phases   ] GC(7) Concurrent Process Non-Strong References 1.537ms
[2026-05-06T01:03:54.087+0100][2.796s][info][gc,phases   ] GC(7) Concurrent Reset Relocation Set 0.001ms
[2026-05-06T01:03:54.087+0100][2.797s][info][gc,phases   ] GC(7) Concurrent Select Relocation Set 0.653ms
[2026-05-06T01:03:54.087+0100][2.797s][info][gc,phases   ] GC(7) Pause Relocate Start 0.002ms
[2026-05-06T01:03:54.088+0100][2.797s][info][gc,phases   ] GC(7) Concurrent Relocate 0.226ms
[2026-05-06T01:03:54.088+0100][2.797s][info][gc,load     ] GC(7) Load: 4.84/4.60/4.25
[2026-05-06T01:03:54.088+0100][2.797s][info][gc,mmu      ] GC(7) MMU: 2ms/99.7%, 5ms/99.8%, 10ms/99.9%, 20ms/99.9%, 50ms/99.9%, 100ms/100.0%
[2026-05-06T01:03:54.088+0100][2.797s][info][gc,marking  ] GC(7) Mark: 2 stripe(s), 1 proactive flush(es), 1 terminate flush(es), 0 completion(s), 0 continuation(s) 
[2026-05-06T01:03:54.088+0100][2.797s][info][gc,marking  ] GC(7) Mark Stack Usage: 32M
[2026-05-06T01:03:54.088+0100][2.797s][info][gc,nmethod  ] GC(7) NMethods: 3394 registered, 632 unregistered
[2026-05-06T01:03:54.088+0100][2.797s][info][gc,metaspace] GC(7) Metaspace: 18M used, 18M committed, 1088M reserved
[2026-05-06T01:03:54.088+0100][2.797s][info][gc,ref      ] GC(7) Soft: 4237 encountered, 0 discovered, 0 enqueued
[2026-05-06T01:03:54.088+0100][2.797s][info][gc,ref      ] GC(7) Weak: 2355 encountered, 1302 discovered, 0 enqueued
[2026-05-06T01:03:54.088+0100][2.797s][info][gc,ref      ] GC(7) Final: 6 encountered, 0 discovered, 0 enqueued
[2026-05-06T01:03:54.088+0100][2.797s][info][gc,ref      ] GC(7) Phantom: 270 encountered, 148 discovered, 0 enqueued
[2026-05-06T01:03:54.088+0100][2.797s][info][gc,reloc    ] GC(7) Small Pages: 10 / 20M, Empty: 0M, Relocated: 1M, In-Place: 0
[2026-05-06T01:03:54.088+0100][2.797s][info][gc,reloc    ] GC(7) Medium Pages: 2 / 64M, Empty: 32M, Relocated: 0M, In-Place: 0
[2026-05-06T01:03:54.088+0100][2.797s][info][gc,reloc    ] GC(7) Large Pages: 3 / 192M, Empty: 0M, Relocated: 0M, In-Place: 0
[2026-05-06T01:03:54.088+0100][2.797s][info][gc,reloc    ] GC(7) Forwarding Usage: 0M
[2026-05-06T01:03:54.088+0100][2.797s][info][gc,heap     ] GC(7) Min Capacity: 8M(0%)
[2026-05-06T01:03:54.088+0100][2.797s][info][gc,heap     ] GC(7) Max Capacity: 4096M(100%)
[2026-05-06T01:03:54.088+0100][2.797s][info][gc,heap     ] GC(7) Soft Max Capacity: 4096M(100%)
[2026-05-06T01:03:54.088+0100][2.797s][info][gc,heap     ] GC(7)                Mark Start          Mark End        Relocate Start      Relocate End           High               Low         
[2026-05-06T01:03:54.088+0100][2.797s][info][gc,heap     ] GC(7)  Capacity:      910M (22%)         910M (22%)         910M (22%)         910M (22%)         910M (22%)         910M (22%)    
[2026-05-06T01:03:54.088+0100][2.797s][info][gc,heap     ] GC(7)      Free:     3820M (93%)        3820M (93%)        3852M (94%)        3854M (94%)        3854M (94%)        3820M (93%)    
[2026-05-06T01:03:54.088+0100][2.797s][info][gc,heap     ] GC(7)      Used:      276M (7%)          276M (7%)          244M (6%)          242M (6%)          276M (7%)          242M (6%)     
[2026-05-06T01:03:54.088+0100][2.797s][info][gc,heap     ] GC(7)      Live:         -               205M (5%)          205M (5%)          205M (5%)             -                  -          
[2026-05-06T01:03:54.088+0100][2.797s][info][gc,heap     ] GC(7) Allocated:         -                 0M (0%)            0M (0%)            0M (0%)             -                  -          
[2026-05-06T01:03:54.088+0100][2.797s][info][gc,heap     ] GC(7)   Garbage:         -                70M (2%)           38M (1%)           36M (1%)             -                  -          
[2026-05-06T01:03:54.088+0100][2.797s][info][gc,heap     ] GC(7) Reclaimed:         -                  -                32M (1%)           34M (1%)             -                  -          
[2026-05-06T01:03:54.088+0100][2.797s][info][gc          ] GC(7) Garbage Collection (System.gc()) 276M(7%)->242M(6%)
[2026-05-06T01:03:54.096+0100][2.806s][info][gc,start    ] GC(8) Garbage Collection (System.gc())
[2026-05-06T01:03:54.096+0100][2.806s][info][gc,task     ] GC(8) Using 3 workers
[2026-05-06T01:03:54.096+0100][2.806s][info][gc,phases   ] GC(8) Pause Mark Start 0.002ms
[2026-05-06T01:03:54.101+0100][2.810s][info][gc,phases   ] GC(8) Concurrent Mark 4.257ms
[2026-05-06T01:03:54.101+0100][2.810s][info][gc,phases   ] GC(8) Pause Mark End 0.004ms
[2026-05-06T01:03:54.101+0100][2.810s][info][gc,phases   ] GC(8) Concurrent Mark Free 0.000ms
[2026-05-06T01:03:54.102+0100][2.812s][info][gc,phases   ] GC(8) Concurrent Process Non-Strong References 1.623ms
[2026-05-06T01:03:54.102+0100][2.812s][info][gc,phases   ] GC(8) Concurrent Reset Relocation Set 0.001ms
[2026-05-06T01:03:54.103+0100][2.813s][info][gc,phases   ] GC(8) Concurrent Select Relocation Set 0.593ms
[2026-05-06T01:03:54.103+0100][2.813s][info][gc,phases   ] GC(8) Pause Relocate Start 0.003ms
[2026-05-06T01:03:54.103+0100][2.813s][info][gc,phases   ] GC(8) Concurrent Relocate 0.189ms
[2026-05-06T01:03:54.103+0100][2.813s][info][gc,load     ] GC(8) Load: 4.84/4.60/4.25
[2026-05-06T01:03:54.103+0100][2.813s][info][gc,mmu      ] GC(8) MMU: 2ms/99.7%, 5ms/99.8%, 10ms/99.9%, 20ms/99.9%, 50ms/99.9%, 100ms/100.0%
[2026-05-06T01:03:54.103+0100][2.813s][info][gc,marking  ] GC(8) Mark: 2 stripe(s), 2 proactive flush(es), 1 terminate flush(es), 0 completion(s), 0 continuation(s) 
[2026-05-06T01:03:54.103+0100][2.813s][info][gc,marking  ] GC(8) Mark Stack Usage: 32M
[2026-05-06T01:03:54.103+0100][2.813s][info][gc,nmethod  ] GC(8) NMethods: 3412 registered, 633 unregistered
[2026-05-06T01:03:54.103+0100][2.813s][info][gc,metaspace] GC(8) Metaspace: 18M used, 18M committed, 1088M reserved
[2026-05-06T01:03:54.103+0100][2.813s][info][gc,ref      ] GC(8) Soft: 4237 encountered, 0 discovered, 0 enqueued
[2026-05-06T01:03:54.103+0100][2.813s][info][gc,ref      ] GC(8) Weak: 2355 encountered, 959 discovered, 0 enqueued
[2026-05-06T01:03:54.103+0100][2.813s][info][gc,ref      ] GC(8) Final: 6 encountered, 0 discovered, 0 enqueued
[2026-05-06T01:03:54.103+0100][2.813s][info][gc,ref      ] GC(8) Phantom: 270 encountered, 141 discovered, 0 enqueued
[2026-05-06T01:03:54.103+0100][2.813s][info][gc,reloc    ] GC(8) Small Pages: 13 / 26M, Empty: 6M, Relocated: 1M, In-Place: 0
[2026-05-06T01:03:54.103+0100][2.813s][info][gc,reloc    ] GC(8) Medium Pages: 2 / 64M, Empty: 32M, Relocated: 0M, In-Place: 0
[2026-05-06T01:03:54.103+0100][2.813s][info][gc,reloc    ] GC(8) Large Pages: 3 / 192M, Empty: 0M, Relocated: 0M, In-Place: 0
[2026-05-06T01:03:54.103+0100][2.813s][info][gc,reloc    ] GC(8) Forwarding Usage: 0M
[2026-05-06T01:03:54.103+0100][2.813s][info][gc,heap     ] GC(8) Min Capacity: 8M(0%)
[2026-05-06T01:03:54.103+0100][2.813s][info][gc,heap     ] GC(8) Max Capacity: 4096M(100%)
[2026-05-06T01:03:54.103+0100][2.813s][info][gc,heap     ] GC(8) Soft Max Capacity: 4096M(100%)
[2026-05-06T01:03:54.103+0100][2.813s][info][gc,heap     ] GC(8)                Mark Start          Mark End        Relocate Start      Relocate End           High               Low         
[2026-05-06T01:03:54.103+0100][2.813s][info][gc,heap     ] GC(8)  Capacity:      910M (22%)         910M (22%)         910M (22%)         910M (22%)         910M (22%)         910M (22%)    
[2026-05-06T01:03:54.103+0100][2.813s][info][gc,heap     ] GC(8)      Free:     3814M (93%)        3814M (93%)        3852M (94%)        3854M (94%)        3854M (94%)        3814M (93%)    
[2026-05-06T01:03:54.103+0100][2.813s][info][gc,heap     ] GC(8)      Used:      282M (7%)          282M (7%)          244M (6%)          242M (6%)          282M (7%)          242M (6%)     
[2026-05-06T01:03:54.103+0100][2.813s][info][gc,heap     ] GC(8)      Live:         -               205M (5%)          205M (5%)          205M (5%)             -                  -          
[2026-05-06T01:03:54.103+0100][2.813s][info][gc,heap     ] GC(8) Allocated:         -                 0M (0%)            0M (0%)            0M (0%)             -                  -          
[2026-05-06T01:03:54.103+0100][2.813s][info][gc,heap     ] GC(8)   Garbage:         -                76M (2%)           38M (1%)           36M (1%)             -                  -          
[2026-05-06T01:03:54.103+0100][2.813s][info][gc,heap     ] GC(8) Reclaimed:         -                  -                38M (1%)           40M (1%)             -                  -          
[2026-05-06T01:03:54.103+0100][2.813s][info][gc          ] GC(8) Garbage Collection (System.gc()) 282M(7%)->242M(6%)
[2026-05-06T01:03:54.112+0100][2.821s][info][gc,start    ] GC(9) Garbage Collection (System.gc())
[2026-05-06T01:03:54.112+0100][2.821s][info][gc,task     ] GC(9) Using 3 workers
[2026-05-06T01:03:54.112+0100][2.821s][info][gc,phases   ] GC(9) Pause Mark Start 0.003ms
[2026-05-06T01:03:54.117+0100][2.826s][info][gc,phases   ] GC(9) Concurrent Mark 4.882ms
[2026-05-06T01:03:54.117+0100][2.826s][info][gc,phases   ] GC(9) Pause Mark End 0.005ms
[2026-05-06T01:03:54.117+0100][2.826s][info][gc,phases   ] GC(9) Concurrent Mark Free 0.000ms
[2026-05-06T01:03:54.118+0100][2.828s][info][gc,phases   ] GC(9) Concurrent Process Non-Strong References 1.627ms
[2026-05-06T01:03:54.118+0100][2.828s][info][gc,phases   ] GC(9) Concurrent Reset Relocation Set 0.001ms
[2026-05-06T01:03:54.119+0100][2.829s][info][gc,phases   ] GC(9) Concurrent Select Relocation Set 0.644ms
[2026-05-06T01:03:54.119+0100][2.829s][info][gc,phases   ] GC(9) Pause Relocate Start 0.002ms
[2026-05-06T01:03:54.119+0100][2.829s][info][gc,phases   ] GC(9) Concurrent Relocate 0.207ms
[2026-05-06T01:03:54.119+0100][2.829s][info][gc,load     ] GC(9) Load: 4.84/4.60/4.25
[2026-05-06T01:03:54.119+0100][2.829s][info][gc,mmu      ] GC(9) MMU: 2ms/99.7%, 5ms/99.8%, 10ms/99.9%, 20ms/99.9%, 50ms/99.9%, 100ms/99.9%
[2026-05-06T01:03:54.119+0100][2.829s][info][gc,marking  ] GC(9) Mark: 2 stripe(s), 2 proactive flush(es), 1 terminate flush(es), 0 completion(s), 0 continuation(s) 
[2026-05-06T01:03:54.119+0100][2.829s][info][gc,marking  ] GC(9) Mark Stack Usage: 32M
[2026-05-06T01:03:54.119+0100][2.829s][info][gc,nmethod  ] GC(9) NMethods: 3430 registered, 636 unregistered
[2026-05-06T01:03:54.119+0100][2.829s][info][gc,metaspace] GC(9) Metaspace: 18M used, 18M committed, 1088M reserved
[2026-05-06T01:03:54.119+0100][2.829s][info][gc,ref      ] GC(9) Soft: 4237 encountered, 0 discovered, 0 enqueued
[2026-05-06T01:03:54.119+0100][2.829s][info][gc,ref      ] GC(9) Weak: 2355 encountered, 1364 discovered, 0 enqueued
[2026-05-06T01:03:54.119+0100][2.829s][info][gc,ref      ] GC(9) Final: 6 encountered, 6 discovered, 0 enqueued
[2026-05-06T01:03:54.119+0100][2.829s][info][gc,ref      ] GC(9) Phantom: 270 encountered, 194 discovered, 0 enqueued
[2026-05-06T01:03:54.119+0100][2.829s][info][gc,reloc    ] GC(9) Small Pages: 12 / 24M, Empty: 4M, Relocated: 1M, In-Place: 0
[2026-05-06T01:03:54.119+0100][2.829s][info][gc,reloc    ] GC(9) Medium Pages: 2 / 64M, Empty: 32M, Relocated: 0M, In-Place: 0
[2026-05-06T01:03:54.119+0100][2.829s][info][gc,reloc    ] GC(9) Large Pages: 3 / 192M, Empty: 0M, Relocated: 0M, In-Place: 0
[2026-05-06T01:03:54.119+0100][2.829s][info][gc,reloc    ] GC(9) Forwarding Usage: 0M
[2026-05-06T01:03:54.119+0100][2.829s][info][gc,heap     ] GC(9) Min Capacity: 8M(0%)
[2026-05-06T01:03:54.119+0100][2.829s][info][gc,heap     ] GC(9) Max Capacity: 4096M(100%)
[2026-05-06T01:03:54.119+0100][2.829s][info][gc,heap     ] GC(9) Soft Max Capacity: 4096M(100%)
[2026-05-06T01:03:54.119+0100][2.829s][info][gc,heap     ] GC(9)                Mark Start          Mark End        Relocate Start      Relocate End           High               Low         
[2026-05-06T01:03:54.119+0100][2.829s][info][gc,heap     ] GC(9)  Capacity:      910M (22%)         910M (22%)         910M (22%)         910M (22%)         910M (22%)         910M (22%)    
[2026-05-06T01:03:54.119+0100][2.829s][info][gc,heap     ] GC(9)      Free:     3816M (93%)        3816M (93%)        3852M (94%)        3854M (94%)        3854M (94%)        3816M (93%)    
[2026-05-06T01:03:54.119+0100][2.829s][info][gc,heap     ] GC(9)      Used:      280M (7%)          280M (7%)          244M (6%)          242M (6%)          280M (7%)          242M (6%)     
[2026-05-06T01:03:54.119+0100][2.829s][info][gc,heap     ] GC(9)      Live:         -               205M (5%)          205M (5%)          205M (5%)             -                  -          
[2026-05-06T01:03:54.119+0100][2.829s][info][gc,heap     ] GC(9) Allocated:         -                 0M (0%)            0M (0%)            0M (0%)             -                  -          
[2026-05-06T01:03:54.119+0100][2.829s][info][gc,heap     ] GC(9)   Garbage:         -                74M (2%)           38M (1%)           36M (1%)             -                  -          
[2026-05-06T01:03:54.119+0100][2.829s][info][gc,heap     ] GC(9) Reclaimed:         -                  -                36M (1%)           38M (1%)             -                  -          
[2026-05-06T01:03:54.119+0100][2.829s][info][gc          ] GC(9) Garbage Collection (System.gc()) 280M(7%)->242M(6%)
[2026-05-06T01:03:54.127+0100][2.836s][info][gc,start    ] GC(10) Garbage Collection (System.gc())
[2026-05-06T01:03:54.127+0100][2.836s][info][gc,task     ] GC(10) Using 3 workers
[2026-05-06T01:03:54.127+0100][2.836s][info][gc,phases   ] GC(10) Pause Mark Start 0.002ms
[2026-05-06T01:03:54.131+0100][2.840s][info][gc,phases   ] GC(10) Concurrent Mark 4.201ms
[2026-05-06T01:03:54.131+0100][2.840s][info][gc,phases   ] GC(10) Pause Mark End 0.005ms
[2026-05-06T01:03:54.131+0100][2.840s][info][gc,phases   ] GC(10) Concurrent Mark Free 0.000ms
[2026-05-06T01:03:54.132+0100][2.842s][info][gc,phases   ] GC(10) Concurrent Process Non-Strong References 1.586ms
[2026-05-06T01:03:54.132+0100][2.842s][info][gc,phases   ] GC(10) Concurrent Reset Relocation Set 0.000ms
[2026-05-06T01:03:54.133+0100][2.843s][info][gc,phases   ] GC(10) Concurrent Select Relocation Set 0.643ms
[2026-05-06T01:03:54.133+0100][2.843s][info][gc,phases   ] GC(10) Pause Relocate Start 0.003ms
[2026-05-06T01:03:54.133+0100][2.843s][info][gc,phases   ] GC(10) Concurrent Relocate 0.217ms
[2026-05-06T01:03:54.133+0100][2.843s][info][gc,load     ] GC(10) Load: 4.84/4.60/4.25
[2026-05-06T01:03:54.133+0100][2.843s][info][gc,mmu      ] GC(10) MMU: 2ms/99.7%, 5ms/99.8%, 10ms/99.9%, 20ms/99.9%, 50ms/99.9%, 100ms/99.9%
[2026-05-06T01:03:54.133+0100][2.843s][info][gc,marking  ] GC(10) Mark: 2 stripe(s), 1 proactive flush(es), 1 terminate flush(es), 0 completion(s), 0 continuation(s) 
[2026-05-06T01:03:54.133+0100][2.843s][info][gc,marking  ] GC(10) Mark Stack Usage: 32M
[2026-05-06T01:03:54.133+0100][2.843s][info][gc,nmethod  ] GC(10) NMethods: 3455 registered, 636 unregistered
[2026-05-06T01:03:54.133+0100][2.843s][info][gc,metaspace] GC(10) Metaspace: 18M used, 18M committed, 1088M reserved
[2026-05-06T01:03:54.133+0100][2.843s][info][gc,ref      ] GC(10) Soft: 4237 encountered, 0 discovered, 0 enqueued
[2026-05-06T01:03:54.133+0100][2.843s][info][gc,ref      ] GC(10) Weak: 2356 encountered, 187 discovered, 0 enqueued
[2026-05-06T01:03:54.133+0100][2.843s][info][gc,ref      ] GC(10) Final: 6 encountered, 0 discovered, 0 enqueued
[2026-05-06T01:03:54.133+0100][2.843s][info][gc,ref      ] GC(10) Phantom: 270 encountered, 158 discovered, 0 enqueued
[2026-05-06T01:03:54.133+0100][2.843s][info][gc,reloc    ] GC(10) Small Pages: 11 / 22M, Empty: 0M, Relocated: 1M, In-Place: 0
[2026-05-06T01:03:54.133+0100][2.843s][info][gc,reloc    ] GC(10) Medium Pages: 2 / 64M, Empty: 32M, Relocated: 0M, In-Place: 0
[2026-05-06T01:03:54.133+0100][2.843s][info][gc,reloc    ] GC(10) Large Pages: 3 / 192M, Empty: 0M, Relocated: 0M, In-Place: 0
[2026-05-06T01:03:54.133+0100][2.843s][info][gc,reloc    ] GC(10) Forwarding Usage: 0M
[2026-05-06T01:03:54.133+0100][2.843s][info][gc,heap     ] GC(10) Min Capacity: 8M(0%)
[2026-05-06T01:03:54.133+0100][2.843s][info][gc,heap     ] GC(10) Max Capacity: 4096M(100%)
[2026-05-06T01:03:54.133+0100][2.843s][info][gc,heap     ] GC(10) Soft Max Capacity: 4096M(100%)
[2026-05-06T01:03:54.133+0100][2.843s][info][gc,heap     ] GC(10)                Mark Start          Mark End        Relocate Start      Relocate End           High               Low         
[2026-05-06T01:03:54.133+0100][2.843s][info][gc,heap     ] GC(10)  Capacity:      910M (22%)         910M (22%)         910M (22%)         910M (22%)         910M (22%)         910M (22%)    
[2026-05-06T01:03:54.133+0100][2.843s][info][gc,heap     ] GC(10)      Free:     3818M (93%)        3818M (93%)        3850M (94%)        3854M (94%)        3854M (94%)        3818M (93%)    
[2026-05-06T01:03:54.133+0100][2.843s][info][gc,heap     ] GC(10)      Used:      278M (7%)          278M (7%)          246M (6%)          242M (6%)          278M (7%)          242M (6%)     
[2026-05-06T01:03:54.133+0100][2.843s][info][gc,heap     ] GC(10)      Live:         -               205M (5%)          205M (5%)          205M (5%)             -                  -          
[2026-05-06T01:03:54.133+0100][2.843s][info][gc,heap     ] GC(10) Allocated:         -                 0M (0%)            0M (0%)            0M (0%)             -                  -          
[2026-05-06T01:03:54.133+0100][2.843s][info][gc,heap     ] GC(10)   Garbage:         -                72M (2%)           40M (1%)           36M (1%)             -                  -          
[2026-05-06T01:03:54.134+0100][2.843s][info][gc,heap     ] GC(10) Reclaimed:         -                  -                32M (1%)           36M (1%)             -                  -          
[2026-05-06T01:03:54.134+0100][2.843s][info][gc          ] GC(10) Garbage Collection (System.gc()) 278M(7%)->242M(6%)
[2026-05-06T01:03:54.141+0100][2.850s][info][gc,start    ] GC(11) Garbage Collection (System.gc())
[2026-05-06T01:03:54.141+0100][2.850s][info][gc,task     ] GC(11) Using 3 workers
[2026-05-06T01:03:54.141+0100][2.850s][info][gc,phases   ] GC(11) Pause Mark Start 0.003ms
[2026-05-06T01:03:54.145+0100][2.854s][info][gc,phases   ] GC(11) Concurrent Mark 4.227ms
[2026-05-06T01:03:54.145+0100][2.854s][info][gc,phases   ] GC(11) Pause Mark End 0.003ms
[2026-05-06T01:03:54.145+0100][2.854s][info][gc,phases   ] GC(11) Concurrent Mark Free 0.000ms
[2026-05-06T01:03:54.147+0100][2.856s][info][gc,phases   ] GC(11) Concurrent Process Non-Strong References 1.643ms
[2026-05-06T01:03:54.147+0100][2.856s][info][gc,phases   ] GC(11) Concurrent Reset Relocation Set 0.001ms
[2026-05-06T01:03:54.147+0100][2.857s][info][gc,phases   ] GC(11) Concurrent Select Relocation Set 0.647ms
[2026-05-06T01:03:54.147+0100][2.857s][info][gc,phases   ] GC(11) Pause Relocate Start 0.003ms
[2026-05-06T01:03:54.147+0100][2.857s][info][gc,phases   ] GC(11) Concurrent Relocate 0.184ms
[2026-05-06T01:03:54.147+0100][2.857s][info][gc,load     ] GC(11) Load: 4.84/4.60/4.25
[2026-05-06T01:03:54.147+0100][2.857s][info][gc,mmu      ] GC(11) MMU: 2ms/99.7%, 5ms/99.8%, 10ms/99.9%, 20ms/99.9%, 50ms/99.9%, 100ms/99.9%
[2026-05-06T01:03:54.147+0100][2.857s][info][gc,marking  ] GC(11) Mark: 2 stripe(s), 2 proactive flush(es), 1 terminate flush(es), 0 completion(s), 0 continuation(s) 
[2026-05-06T01:03:54.147+0100][2.857s][info][gc,marking  ] GC(11) Mark Stack Usage: 32M
[2026-05-06T01:03:54.147+0100][2.857s][info][gc,nmethod  ] GC(11) NMethods: 3483 registered, 638 unregistered
[2026-05-06T01:03:54.147+0100][2.857s][info][gc,metaspace] GC(11) Metaspace: 18M used, 18M committed, 1088M reserved
[2026-05-06T01:03:54.147+0100][2.857s][info][gc,ref      ] GC(11) Soft: 4237 encountered, 0 discovered, 0 enqueued
[2026-05-06T01:03:54.147+0100][2.857s][info][gc,ref      ] GC(11) Weak: 2355 encountered, 1280 discovered, 0 enqueued
[2026-05-06T01:03:54.147+0100][2.857s][info][gc,ref      ] GC(11) Final: 6 encountered, 0 discovered, 0 enqueued
[2026-05-06T01:03:54.147+0100][2.857s][info][gc,ref      ] GC(11) Phantom: 270 encountered, 212 discovered, 0 enqueued
[2026-05-06T01:03:54.147+0100][2.857s][info][gc,reloc    ] GC(11) Small Pages: 16 / 32M, Empty: 12M, Relocated: 1M, In-Place: 0
[2026-05-06T01:03:54.147+0100][2.857s][info][gc,reloc    ] GC(11) Medium Pages: 2 / 64M, Empty: 32M, Relocated: 0M, In-Place: 0
[2026-05-06T01:03:54.147+0100][2.857s][info][gc,reloc    ] GC(11) Large Pages: 3 / 192M, Empty: 0M, Relocated: 0M, In-Place: 0
[2026-05-06T01:03:54.147+0100][2.857s][info][gc,reloc    ] GC(11) Forwarding Usage: 0M
[2026-05-06T01:03:54.147+0100][2.857s][info][gc,heap     ] GC(11) Min Capacity: 8M(0%)
[2026-05-06T01:03:54.147+0100][2.857s][info][gc,heap     ] GC(11) Max Capacity: 4096M(100%)
[2026-05-06T01:03:54.147+0100][2.857s][info][gc,heap     ] GC(11) Soft Max Capacity: 4096M(100%)
[2026-05-06T01:03:54.147+0100][2.857s][info][gc,heap     ] GC(11)                Mark Start          Mark End        Relocate Start      Relocate End           High               Low         
[2026-05-06T01:03:54.147+0100][2.857s][info][gc,heap     ] GC(11)  Capacity:      910M (22%)         910M (22%)         910M (22%)         910M (22%)         910M (22%)         910M (22%)    
[2026-05-06T01:03:54.147+0100][2.857s][info][gc,heap     ] GC(11)      Free:     3808M (93%)        3808M (93%)        3852M (94%)        3854M (94%)        3854M (94%)        3808M (93%)    
[2026-05-06T01:03:54.147+0100][2.857s][info][gc,heap     ] GC(11)      Used:      288M (7%)          288M (7%)          244M (6%)          242M (6%)          288M (7%)          242M (6%)     
[2026-05-06T01:03:54.147+0100][2.857s][info][gc,heap     ] GC(11)      Live:         -               205M (5%)          205M (5%)          205M (5%)             -                  -          
[2026-05-06T01:03:54.147+0100][2.857s][info][gc,heap     ] GC(11) Allocated:         -                 0M (0%)            0M (0%)            0M (0%)             -                  -          
[2026-05-06T01:03:54.148+0100][2.857s][info][gc,heap     ] GC(11)   Garbage:         -                82M (2%)           38M (1%)           36M (1%)             -                  -          
[2026-05-06T01:03:54.148+0100][2.857s][info][gc,heap     ] GC(11) Reclaimed:         -                  -                44M (1%)           46M (1%)             -                  -          
[2026-05-06T01:03:54.148+0100][2.857s][info][gc          ] GC(11) Garbage Collection (System.gc()) 288M(7%)->242M(6%)
[2026-05-06T01:03:54.155+0100][2.865s][info][gc,start    ] GC(12) Garbage Collection (System.gc())
[2026-05-06T01:03:54.155+0100][2.865s][info][gc,task     ] GC(12) Using 3 workers
[2026-05-06T01:03:54.155+0100][2.865s][info][gc,phases   ] GC(12) Pause Mark Start 0.003ms
[2026-05-06T01:03:54.159+0100][2.869s][info][gc,phases   ] GC(12) Concurrent Mark 4.184ms
[2026-05-06T01:03:54.159+0100][2.869s][info][gc,phases   ] GC(12) Pause Mark End 0.004ms
[2026-05-06T01:03:54.159+0100][2.869s][info][gc,phases   ] GC(12) Concurrent Mark Free 0.000ms
[2026-05-06T01:03:54.161+0100][2.871s][info][gc,phases   ] GC(12) Concurrent Process Non-Strong References 1.615ms
[2026-05-06T01:03:54.161+0100][2.871s][info][gc,phases   ] GC(12) Concurrent Reset Relocation Set 0.001ms
[2026-05-06T01:03:54.162+0100][2.871s][info][gc,phases   ] GC(12) Concurrent Select Relocation Set 0.638ms
[2026-05-06T01:03:54.162+0100][2.871s][info][gc,phases   ] GC(12) Pause Relocate Start 0.003ms
[2026-05-06T01:03:54.162+0100][2.872s][info][gc,phases   ] GC(12) Concurrent Relocate 0.287ms
[2026-05-06T01:03:54.162+0100][2.872s][info][gc,load     ] GC(12) Load: 4.84/4.60/4.25
[2026-05-06T01:03:54.162+0100][2.872s][info][gc,mmu      ] GC(12) MMU: 2ms/99.7%, 5ms/99.8%, 10ms/99.9%, 20ms/99.9%, 50ms/99.9%, 100ms/99.9%
[2026-05-06T01:03:54.162+0100][2.872s][info][gc,marking  ] GC(12) Mark: 2 stripe(s), 1 proactive flush(es), 1 terminate flush(es), 0 completion(s), 0 continuation(s) 
[2026-05-06T01:03:54.162+0100][2.872s][info][gc,marking  ] GC(12) Mark Stack Usage: 32M
[2026-05-06T01:03:54.162+0100][2.872s][info][gc,nmethod  ] GC(12) NMethods: 3508 registered, 641 unregistered
[2026-05-06T01:03:54.162+0100][2.872s][info][gc,metaspace] GC(12) Metaspace: 18M used, 18M committed, 1088M reserved
[2026-05-06T01:03:54.162+0100][2.872s][info][gc,ref      ] GC(12) Soft: 4237 encountered, 0 discovered, 0 enqueued
[2026-05-06T01:03:54.162+0100][2.872s][info][gc,ref      ] GC(12) Weak: 2355 encountered, 714 discovered, 0 enqueued
[2026-05-06T01:03:54.162+0100][2.872s][info][gc,ref      ] GC(12) Final: 6 encountered, 0 discovered, 0 enqueued
[2026-05-06T01:03:54.162+0100][2.872s][info][gc,ref      ] GC(12) Phantom: 270 encountered, 162 discovered, 0 enqueued
[2026-05-06T01:03:54.162+0100][2.872s][info][gc,reloc    ] GC(12) Small Pages: 15 / 30M, Empty: 6M, Relocated: 1M, In-Place: 0
[2026-05-06T01:03:54.162+0100][2.872s][info][gc,reloc    ] GC(12) Medium Pages: 2 / 64M, Empty: 32M, Relocated: 0M, In-Place: 0
[2026-05-06T01:03:54.162+0100][2.872s][info][gc,reloc    ] GC(12) Large Pages: 3 / 192M, Empty: 0M, Relocated: 0M, In-Place: 0
[2026-05-06T01:03:54.162+0100][2.872s][info][gc,reloc    ] GC(12) Forwarding Usage: 0M
[2026-05-06T01:03:54.162+0100][2.872s][info][gc,heap     ] GC(12) Min Capacity: 8M(0%)
[2026-05-06T01:03:54.162+0100][2.872s][info][gc,heap     ] GC(12) Max Capacity: 4096M(100%)
[2026-05-06T01:03:54.162+0100][2.872s][info][gc,heap     ] GC(12) Soft Max Capacity: 4096M(100%)
[2026-05-06T01:03:54.162+0100][2.872s][info][gc,heap     ] GC(12)                Mark Start          Mark End        Relocate Start      Relocate End           High               Low         
[2026-05-06T01:03:54.162+0100][2.872s][info][gc,heap     ] GC(12)  Capacity:      910M (22%)         910M (22%)         910M (22%)         910M (22%)         910M (22%)         910M (22%)    
[2026-05-06T01:03:54.162+0100][2.872s][info][gc,heap     ] GC(12)      Free:     3810M (93%)        3810M (93%)        3848M (94%)        3854M (94%)        3854M (94%)        3810M (93%)    
[2026-05-06T01:03:54.162+0100][2.872s][info][gc,heap     ] GC(12)      Used:      286M (7%)          286M (7%)          248M (6%)          242M (6%)          286M (7%)          242M (6%)     
[2026-05-06T01:03:54.162+0100][2.872s][info][gc,heap     ] GC(12)      Live:         -               205M (5%)          205M (5%)          205M (5%)             -                  -          
[2026-05-06T01:03:54.162+0100][2.872s][info][gc,heap     ] GC(12) Allocated:         -                 0M (0%)            0M (0%)            0M (0%)             -                  -          
[2026-05-06T01:03:54.162+0100][2.872s][info][gc,heap     ] GC(12)   Garbage:         -                80M (2%)           42M (1%)           36M (1%)             -                  -          
[2026-05-06T01:03:54.162+0100][2.872s][info][gc,heap     ] GC(12) Reclaimed:         -                  -                38M (1%)           44M (1%)             -                  -          
[2026-05-06T01:03:54.162+0100][2.872s][info][gc          ] GC(12) Garbage Collection (System.gc()) 286M(7%)->242M(6%)
[2026-05-06T01:03:54.172+0100][2.881s][info][gc,start    ] GC(13) Garbage Collection (System.gc())
[2026-05-06T01:03:54.172+0100][2.881s][info][gc,task     ] GC(13) Using 3 workers
[2026-05-06T01:03:54.172+0100][2.881s][info][gc,phases   ] GC(13) Pause Mark Start 0.003ms
[2026-05-06T01:03:54.176+0100][2.885s][info][gc,phases   ] GC(13) Concurrent Mark 3.993ms
[2026-05-06T01:03:54.176+0100][2.885s][info][gc,phases   ] GC(13) Pause Mark End 0.004ms
[2026-05-06T01:03:54.176+0100][2.885s][info][gc,phases   ] GC(13) Concurrent Mark Free 0.000ms
[2026-05-06T01:03:54.177+0100][2.887s][info][gc,phases   ] GC(13) Concurrent Process Non-Strong References 1.640ms
[2026-05-06T01:03:54.177+0100][2.887s][info][gc,phases   ] GC(13) Concurrent Reset Relocation Set 0.001ms
[2026-05-06T01:03:54.178+0100][2.888s][info][gc,phases   ] GC(13) Concurrent Select Relocation Set 0.626ms
[2026-05-06T01:03:54.178+0100][2.888s][info][gc,phases   ] GC(13) Pause Relocate Start 0.003ms
[2026-05-06T01:03:54.178+0100][2.888s][info][gc,phases   ] GC(13) Concurrent Relocate 0.219ms
[2026-05-06T01:03:54.178+0100][2.888s][info][gc,load     ] GC(13) Load: 4.84/4.60/4.25
[2026-05-06T01:03:54.178+0100][2.888s][info][gc,mmu      ] GC(13) MMU: 2ms/99.7%, 5ms/99.8%, 10ms/99.9%, 20ms/99.9%, 50ms/99.9%, 100ms/99.9%
[2026-05-06T01:03:54.178+0100][2.888s][info][gc,marking  ] GC(13) Mark: 2 stripe(s), 1 proactive flush(es), 1 terminate flush(es), 0 completion(s), 0 continuation(s) 
[2026-05-06T01:03:54.178+0100][2.888s][info][gc,marking  ] GC(13) Mark Stack Usage: 32M
[2026-05-06T01:03:54.178+0100][2.888s][info][gc,nmethod  ] GC(13) NMethods: 3535 registered, 642 unregistered
[2026-05-06T01:03:54.178+0100][2.888s][info][gc,metaspace] GC(13) Metaspace: 18M used, 18M committed, 1088M reserved
[2026-05-06T01:03:54.178+0100][2.888s][info][gc,ref      ] GC(13) Soft: 4237 encountered, 0 discovered, 0 enqueued
[2026-05-06T01:03:54.178+0100][2.888s][info][gc,ref      ] GC(13) Weak: 2356 encountered, 1647 discovered, 0 enqueued
[2026-05-06T01:03:54.178+0100][2.888s][info][gc,ref      ] GC(13) Final: 6 encountered, 0 discovered, 0 enqueued
[2026-05-06T01:03:54.178+0100][2.888s][info][gc,ref      ] GC(13) Phantom: 270 encountered, 139 discovered, 0 enqueued
[2026-05-06T01:03:54.178+0100][2.888s][info][gc,reloc    ] GC(13) Small Pages: 13 / 26M, Empty: 2M, Relocated: 1M, In-Place: 0
[2026-05-06T01:03:54.178+0100][2.888s][info][gc,reloc    ] GC(13) Medium Pages: 2 / 64M, Empty: 32M, Relocated: 0M, In-Place: 0
[2026-05-06T01:03:54.178+0100][2.888s][info][gc,reloc    ] GC(13) Large Pages: 3 / 192M, Empty: 0M, Relocated: 0M, In-Place: 0
[2026-05-06T01:03:54.178+0100][2.888s][info][gc,reloc    ] GC(13) Forwarding Usage: 0M
[2026-05-06T01:03:54.178+0100][2.888s][info][gc,heap     ] GC(13) Min Capacity: 8M(0%)
[2026-05-06T01:03:54.178+0100][2.888s][info][gc,heap     ] GC(13) Max Capacity: 4096M(100%)
[2026-05-06T01:03:54.178+0100][2.888s][info][gc,heap     ] GC(13) Soft Max Capacity: 4096M(100%)
[2026-05-06T01:03:54.178+0100][2.888s][info][gc,heap     ] GC(13)                Mark Start          Mark End        Relocate Start      Relocate End           High               Low         
[2026-05-06T01:03:54.178+0100][2.888s][info][gc,heap     ] GC(13)  Capacity:      910M (22%)         910M (22%)         910M (22%)         910M (22%)         910M (22%)         910M (22%)    
[2026-05-06T01:03:54.178+0100][2.888s][info][gc,heap     ] GC(13)      Free:     3814M (93%)        3812M (93%)        3846M (94%)        3852M (94%)        3852M (94%)        3812M (93%)    
[2026-05-06T01:03:54.178+0100][2.888s][info][gc,heap     ] GC(13)      Used:      282M (7%)          284M (7%)          250M (6%)          244M (6%)          284M (7%)          244M (6%)     
[2026-05-06T01:03:54.178+0100][2.888s][info][gc,heap     ] GC(13)      Live:         -               205M (5%)          205M (5%)          205M (5%)             -                  -          
[2026-05-06T01:03:54.178+0100][2.888s][info][gc,heap     ] GC(13) Allocated:         -                 2M (0%)            2M (0%)            2M (0%)             -                  -          
[2026-05-06T01:03:54.178+0100][2.888s][info][gc,heap     ] GC(13)   Garbage:         -                76M (2%)           42M (1%)           36M (1%)             -                  -          
[2026-05-06T01:03:54.178+0100][2.888s][info][gc,heap     ] GC(13) Reclaimed:         -                  -                34M (1%)           40M (1%)             -                  -          
[2026-05-06T01:03:54.178+0100][2.888s][info][gc          ] GC(13) Garbage Collection (System.gc()) 282M(7%)->244M(6%)
[2026-05-06T01:03:54.187+0100][2.896s][info][gc,start    ] GC(14) Garbage Collection (System.gc())
[2026-05-06T01:03:54.187+0100][2.896s][info][gc,task     ] GC(14) Using 3 workers
[2026-05-06T01:03:54.187+0100][2.896s][info][gc,phases   ] GC(14) Pause Mark Start 0.003ms
[2026-05-06T01:03:54.191+0100][2.901s][info][gc,phases   ] GC(14) Concurrent Mark 4.136ms
[2026-05-06T01:03:54.191+0100][2.901s][info][gc,phases   ] GC(14) Pause Mark End 0.003ms
[2026-05-06T01:03:54.191+0100][2.901s][info][gc,phases   ] GC(14) Concurrent Mark Free 0.000ms
[2026-05-06T01:03:54.193+0100][2.902s][info][gc,phases   ] GC(14) Concurrent Process Non-Strong References 1.681ms
[2026-05-06T01:03:54.193+0100][2.902s][info][gc,phases   ] GC(14) Concurrent Reset Relocation Set 0.001ms
[2026-05-06T01:03:54.193+0100][2.903s][info][gc,phases   ] GC(14) Concurrent Select Relocation Set 0.660ms
[2026-05-06T01:03:54.193+0100][2.903s][info][gc,phases   ] GC(14) Pause Relocate Start 0.003ms
[2026-05-06T01:03:54.194+0100][2.903s][info][gc,phases   ] GC(14) Concurrent Relocate 0.196ms
[2026-05-06T01:03:54.194+0100][2.903s][info][gc,load     ] GC(14) Load: 4.84/4.60/4.25
[2026-05-06T01:03:54.194+0100][2.903s][info][gc,mmu      ] GC(14) MMU: 2ms/99.7%, 5ms/99.8%, 10ms/99.9%, 20ms/99.9%, 50ms/99.9%, 100ms/99.9%
[2026-05-06T01:03:54.194+0100][2.903s][info][gc,marking  ] GC(14) Mark: 2 stripe(s), 1 proactive flush(es), 1 terminate flush(es), 0 completion(s), 0 continuation(s) 
[2026-05-06T01:03:54.194+0100][2.903s][info][gc,marking  ] GC(14) Mark Stack Usage: 32M
[2026-05-06T01:03:54.194+0100][2.903s][info][gc,nmethod  ] GC(14) NMethods: 3575 registered, 644 unregistered
[2026-05-06T01:03:54.194+0100][2.903s][info][gc,metaspace] GC(14) Metaspace: 18M used, 18M committed, 1088M reserved
[2026-05-06T01:03:54.194+0100][2.903s][info][gc,ref      ] GC(14) Soft: 4237 encountered, 0 discovered, 0 enqueued
[2026-05-06T01:03:54.194+0100][2.903s][info][gc,ref      ] GC(14) Weak: 2355 encountered, 1395 discovered, 0 enqueued
[2026-05-06T01:03:54.194+0100][2.903s][info][gc,ref      ] GC(14) Final: 6 encountered, 0 discovered, 0 enqueued
[2026-05-06T01:03:54.194+0100][2.903s][info][gc,ref      ] GC(14) Phantom: 270 encountered, 159 discovered, 0 enqueued
[2026-05-06T01:03:54.194+0100][2.903s][info][gc,reloc    ] GC(14) Small Pages: 23 / 46M, Empty: 22M, Relocated: 1M, In-Place: 0
[2026-05-06T01:03:54.194+0100][2.903s][info][gc,reloc    ] GC(14) Medium Pages: 2 / 64M, Empty: 32M, Relocated: 0M, In-Place: 0
[2026-05-06T01:03:54.194+0100][2.903s][info][gc,reloc    ] GC(14) Large Pages: 3 / 192M, Empty: 0M, Relocated: 0M, In-Place: 0
[2026-05-06T01:03:54.194+0100][2.903s][info][gc,reloc    ] GC(14) Forwarding Usage: 0M
[2026-05-06T01:03:54.194+0100][2.903s][info][gc,heap     ] GC(14) Min Capacity: 8M(0%)
[2026-05-06T01:03:54.194+0100][2.903s][info][gc,heap     ] GC(14) Max Capacity: 4096M(100%)
[2026-05-06T01:03:54.194+0100][2.903s][info][gc,heap     ] GC(14) Soft Max Capacity: 4096M(100%)
[2026-05-06T01:03:54.194+0100][2.903s][info][gc,heap     ] GC(14)                Mark Start          Mark End        Relocate Start      Relocate End           High               Low         
[2026-05-06T01:03:54.194+0100][2.903s][info][gc,heap     ] GC(14)  Capacity:      910M (22%)         910M (22%)         910M (22%)         910M (22%)         910M (22%)         910M (22%)    
[2026-05-06T01:03:54.194+0100][2.903s][info][gc,heap     ] GC(14)      Free:     3794M (93%)        3794M (93%)        3848M (94%)        3854M (94%)        3854M (94%)        3794M (93%)    
[2026-05-06T01:03:54.194+0100][2.903s][info][gc,heap     ] GC(14)      Used:      302M (7%)          302M (7%)          248M (6%)          242M (6%)          302M (7%)          242M (6%)     
[2026-05-06T01:03:54.194+0100][2.903s][info][gc,heap     ] GC(14)      Live:         -               205M (5%)          205M (5%)          205M (5%)             -                  -          
[2026-05-06T01:03:54.194+0100][2.903s][info][gc,heap     ] GC(14) Allocated:         -                 0M (0%)            0M (0%)            0M (0%)             -                  -          
[2026-05-06T01:03:54.194+0100][2.903s][info][gc,heap     ] GC(14)   Garbage:         -                96M (2%)           42M (1%)           36M (1%)             -                  -          
[2026-05-06T01:03:54.194+0100][2.903s][info][gc,heap     ] GC(14) Reclaimed:         -                  -                54M (1%)           60M (1%)             -                  -          
[2026-05-06T01:03:54.194+0100][2.903s][info][gc          ] GC(14) Garbage Collection (System.gc()) 302M(7%)->242M(6%)
[2026-05-06T01:03:54.203+0100][2.912s][info][gc,start    ] GC(15) Garbage Collection (System.gc())
[2026-05-06T01:03:54.203+0100][2.912s][info][gc,task     ] GC(15) Using 3 workers
[2026-05-06T01:03:54.203+0100][2.912s][info][gc,phases   ] GC(15) Pause Mark Start 0.003ms
[2026-05-06T01:03:54.207+0100][2.916s][info][gc,phases   ] GC(15) Concurrent Mark 3.978ms
[2026-05-06T01:03:54.207+0100][2.916s][info][gc,phases   ] GC(15) Pause Mark End 0.004ms
[2026-05-06T01:03:54.207+0100][2.916s][info][gc,phases   ] GC(15) Concurrent Mark Free 0.000ms
[2026-05-06T01:03:54.208+0100][2.918s][info][gc,phases   ] GC(15) Concurrent Process Non-Strong References 1.673ms
[2026-05-06T01:03:54.208+0100][2.918s][info][gc,phases   ] GC(15) Concurrent Reset Relocation Set 0.001ms
[2026-05-06T01:03:54.209+0100][2.919s][info][gc,phases   ] GC(15) Concurrent Select Relocation Set 0.657ms
[2026-05-06T01:03:54.209+0100][2.919s][info][gc,phases   ] GC(15) Pause Relocate Start 0.003ms
[2026-05-06T01:03:54.209+0100][2.919s][info][gc,phases   ] GC(15) Concurrent Relocate 0.188ms
[2026-05-06T01:03:54.209+0100][2.919s][info][gc,load     ] GC(15) Load: 4.84/4.60/4.25
[2026-05-06T01:03:54.209+0100][2.919s][info][gc,mmu      ] GC(15) MMU: 2ms/99.7%, 5ms/99.8%, 10ms/99.9%, 20ms/99.9%, 50ms/99.9%, 100ms/99.9%
[2026-05-06T01:03:54.209+0100][2.919s][info][gc,marking  ] GC(15) Mark: 2 stripe(s), 1 proactive flush(es), 1 terminate flush(es), 0 completion(s), 0 continuation(s) 
[2026-05-06T01:03:54.209+0100][2.919s][info][gc,marking  ] GC(15) Mark Stack Usage: 32M
[2026-05-06T01:03:54.209+0100][2.919s][info][gc,nmethod  ] GC(15) NMethods: 3608 registered, 645 unregistered
[2026-05-06T01:03:54.209+0100][2.919s][info][gc,metaspace] GC(15) Metaspace: 18M used, 18M committed, 1088M reserved
[2026-05-06T01:03:54.209+0100][2.919s][info][gc,ref      ] GC(15) Soft: 4237 encountered, 0 discovered, 0 enqueued
[2026-05-06T01:03:54.209+0100][2.919s][info][gc,ref      ] GC(15) Weak: 2355 encountered, 965 discovered, 0 enqueued
[2026-05-06T01:03:54.209+0100][2.919s][info][gc,ref      ] GC(15) Final: 6 encountered, 0 discovered, 0 enqueued
[2026-05-06T01:03:54.209+0100][2.919s][info][gc,ref      ] GC(15) Phantom: 270 encountered, 125 discovered, 0 enqueued
[2026-05-06T01:03:54.209+0100][2.919s][info][gc,reloc    ] GC(15) Small Pages: 20 / 40M, Empty: 20M, Relocated: 1M, In-Place: 0
[2026-05-06T01:03:54.209+0100][2.919s][info][gc,reloc    ] GC(15) Medium Pages: 2 / 64M, Empty: 32M, Relocated: 0M, In-Place: 0
[2026-05-06T01:03:54.209+0100][2.919s][info][gc,reloc    ] GC(15) Large Pages: 3 / 192M, Empty: 0M, Relocated: 0M, In-Place: 0
[2026-05-06T01:03:54.209+0100][2.919s][info][gc,reloc    ] GC(15) Forwarding Usage: 0M
[2026-05-06T01:03:54.209+0100][2.919s][info][gc,heap     ] GC(15) Min Capacity: 8M(0%)
[2026-05-06T01:03:54.209+0100][2.919s][info][gc,heap     ] GC(15) Max Capacity: 4096M(100%)
[2026-05-06T01:03:54.209+0100][2.919s][info][gc,heap     ] GC(15) Soft Max Capacity: 4096M(100%)
[2026-05-06T01:03:54.209+0100][2.919s][info][gc,heap     ] GC(15)                Mark Start          Mark End        Relocate Start      Relocate End           High               Low         
[2026-05-06T01:03:54.209+0100][2.919s][info][gc,heap     ] GC(15)  Capacity:      910M (22%)         910M (22%)         910M (22%)         910M (22%)         910M (22%)         910M (22%)    
[2026-05-06T01:03:54.209+0100][2.919s][info][gc,heap     ] GC(15)      Free:     3800M (93%)        3800M (93%)        3852M (94%)        3854M (94%)        3854M (94%)        3800M (93%)    
[2026-05-06T01:03:54.209+0100][2.919s][info][gc,heap     ] GC(15)      Used:      296M (7%)          296M (7%)          244M (6%)          242M (6%)          296M (7%)          242M (6%)     
[2026-05-06T01:03:54.209+0100][2.919s][info][gc,heap     ] GC(15)      Live:         -               205M (5%)          205M (5%)          205M (5%)             -                  -          
[2026-05-06T01:03:54.209+0100][2.919s][info][gc,heap     ] GC(15) Allocated:         -                 0M (0%)            0M (0%)            0M (0%)             -                  -          
[2026-05-06T01:03:54.209+0100][2.919s][info][gc,heap     ] GC(15)   Garbage:         -                90M (2%)           38M (1%)           36M (1%)             -                  -          
[2026-05-06T01:03:54.209+0100][2.919s][info][gc,heap     ] GC(15) Reclaimed:         -                  -                52M (1%)           54M (1%)             -                  -          
[2026-05-06T01:03:54.209+0100][2.919s][info][gc          ] GC(15) Garbage Collection (System.gc()) 296M(7%)->242M(6%)
[2026-05-06T01:03:54.219+0100][2.929s][info][gc,start    ] GC(16) Garbage Collection (System.gc())
[2026-05-06T01:03:54.219+0100][2.929s][info][gc,task     ] GC(16) Using 3 workers
[2026-05-06T01:03:54.219+0100][2.929s][info][gc,phases   ] GC(16) Pause Mark Start 0.003ms
[2026-05-06T01:03:54.224+0100][2.934s][info][gc,phases   ] GC(16) Concurrent Mark 4.890ms
[2026-05-06T01:03:54.224+0100][2.934s][info][gc,phases   ] GC(16) Pause Mark End 0.005ms
[2026-05-06T01:03:54.224+0100][2.934s][info][gc,phases   ] GC(16) Concurrent Mark Free 0.000ms
[2026-05-06T01:03:54.226+0100][2.936s][info][gc,phases   ] GC(16) Concurrent Process Non-Strong References 1.681ms
[2026-05-06T01:03:54.226+0100][2.936s][info][gc,phases   ] GC(16) Concurrent Reset Relocation Set 0.001ms
[2026-05-06T01:03:54.227+0100][2.936s][info][gc,phases   ] GC(16) Concurrent Select Relocation Set 0.639ms
[2026-05-06T01:03:54.227+0100][2.936s][info][gc,phases   ] GC(16) Pause Relocate Start 0.003ms
[2026-05-06T01:03:54.227+0100][2.937s][info][gc,phases   ] GC(16) Concurrent Relocate 0.202ms
[2026-05-06T01:03:54.227+0100][2.937s][info][gc,load     ] GC(16) Load: 4.84/4.60/4.25
[2026-05-06T01:03:54.227+0100][2.937s][info][gc,mmu      ] GC(16) MMU: 2ms/99.7%, 5ms/99.8%, 10ms/99.9%, 20ms/99.9%, 50ms/99.9%, 100ms/99.9%
[2026-05-06T01:03:54.227+0100][2.937s][info][gc,marking  ] GC(16) Mark: 2 stripe(s), 2 proactive flush(es), 1 terminate flush(es), 0 completion(s), 0 continuation(s) 
[2026-05-06T01:03:54.227+0100][2.937s][info][gc,marking  ] GC(16) Mark Stack Usage: 32M
[2026-05-06T01:03:54.227+0100][2.937s][info][gc,nmethod  ] GC(16) NMethods: 3624 registered, 646 unregistered
[2026-05-06T01:03:54.227+0100][2.937s][info][gc,metaspace] GC(16) Metaspace: 18M used, 18M committed, 1088M reserved
[2026-05-06T01:03:54.227+0100][2.937s][info][gc,ref      ] GC(16) Soft: 4237 encountered, 0 discovered, 0 enqueued
[2026-05-06T01:03:54.227+0100][2.937s][info][gc,ref      ] GC(16) Weak: 2356 encountered, 1096 discovered, 0 enqueued
[2026-05-06T01:03:54.227+0100][2.937s][info][gc,ref      ] GC(16) Final: 6 encountered, 6 discovered, 0 enqueued
[2026-05-06T01:03:54.227+0100][2.937s][info][gc,ref      ] GC(16) Phantom: 270 encountered, 180 discovered, 0 enqueued
[2026-05-06T01:03:54.227+0100][2.937s][info][gc,reloc    ] GC(16) Small Pages: 14 / 28M, Empty: 4M, Relocated: 1M, In-Place: 0
[2026-05-06T01:03:54.227+0100][2.937s][info][gc,reloc    ] GC(16) Medium Pages: 2 / 64M, Empty: 32M, Relocated: 0M, In-Place: 0
[2026-05-06T01:03:54.227+0100][2.937s][info][gc,reloc    ] GC(16) Large Pages: 3 / 192M, Empty: 0M, Relocated: 0M, In-Place: 0
[2026-05-06T01:03:54.227+0100][2.937s][info][gc,reloc    ] GC(16) Forwarding Usage: 0M
[2026-05-06T01:03:54.227+0100][2.937s][info][gc,heap     ] GC(16) Min Capacity: 8M(0%)
[2026-05-06T01:03:54.227+0100][2.937s][info][gc,heap     ] GC(16) Max Capacity: 4096M(100%)
[2026-05-06T01:03:54.227+0100][2.937s][info][gc,heap     ] GC(16) Soft Max Capacity: 4096M(100%)
[2026-05-06T01:03:54.227+0100][2.937s][info][gc,heap     ] GC(16)                Mark Start          Mark End        Relocate Start      Relocate End           High               Low         
[2026-05-06T01:03:54.227+0100][2.937s][info][gc,heap     ] GC(16)  Capacity:      910M (22%)         910M (22%)         910M (22%)         910M (22%)         910M (22%)         910M (22%)    
[2026-05-06T01:03:54.227+0100][2.937s][info][gc,heap     ] GC(16)      Free:     3812M (93%)        3810M (93%)        3846M (94%)        3852M (94%)        3852M (94%)        3810M (93%)    
[2026-05-06T01:03:54.227+0100][2.937s][info][gc,heap     ] GC(16)      Used:      284M (7%)          286M (7%)          250M (6%)          244M (6%)          286M (7%)          244M (6%)     
[2026-05-06T01:03:54.227+0100][2.937s][info][gc,heap     ] GC(16)      Live:         -               205M (5%)          205M (5%)          205M (5%)             -                  -          
[2026-05-06T01:03:54.227+0100][2.937s][info][gc,heap     ] GC(16) Allocated:         -                 2M (0%)            2M (0%)            2M (0%)             -                  -          
[2026-05-06T01:03:54.227+0100][2.937s][info][gc,heap     ] GC(16)   Garbage:         -                78M (2%)           42M (1%)           36M (1%)             -                  -          
[2026-05-06T01:03:54.227+0100][2.937s][info][gc,heap     ] GC(16) Reclaimed:         -                  -                36M (1%)           42M (1%)             -                  -          
[2026-05-06T01:03:54.227+0100][2.937s][info][gc          ] GC(16) Garbage Collection (System.gc()) 284M(7%)->244M(6%)
[2026-05-06T01:03:54.236+0100][2.945s][info][gc,start    ] GC(17) Garbage Collection (System.gc())
[2026-05-06T01:03:54.236+0100][2.945s][info][gc,task     ] GC(17) Using 3 workers
[2026-05-06T01:03:54.236+0100][2.945s][info][gc,phases   ] GC(17) Pause Mark Start 0.002ms
[2026-05-06T01:03:54.240+0100][2.949s][info][gc,phases   ] GC(17) Concurrent Mark 3.796ms
[2026-05-06T01:03:54.240+0100][2.949s][info][gc,phases   ] GC(17) Pause Mark End 0.004ms
[2026-05-06T01:03:54.240+0100][2.949s][info][gc,phases   ] GC(17) Concurrent Mark Free 0.000ms
[2026-05-06T01:03:54.241+0100][2.951s][info][gc,phases   ] GC(17) Concurrent Process Non-Strong References 1.696ms
[2026-05-06T01:03:54.241+0100][2.951s][info][gc,phases   ] GC(17) Concurrent Reset Relocation Set 0.001ms
[2026-05-06T01:03:54.242+0100][2.952s][info][gc,phases   ] GC(17) Concurrent Select Relocation Set 0.601ms
[2026-05-06T01:03:54.242+0100][2.952s][info][gc,phases   ] GC(17) Pause Relocate Start 0.004ms
[2026-05-06T01:03:54.242+0100][2.952s][info][gc,phases   ] GC(17) Concurrent Relocate 0.194ms
[2026-05-06T01:03:54.242+0100][2.952s][info][gc,load     ] GC(17) Load: 4.84/4.60/4.25
[2026-05-06T01:03:54.242+0100][2.952s][info][gc,mmu      ] GC(17) MMU: 2ms/99.7%, 5ms/99.8%, 10ms/99.9%, 20ms/99.9%, 50ms/99.9%, 100ms/99.9%
[2026-05-06T01:03:54.242+0100][2.952s][info][gc,marking  ] GC(17) Mark: 2 stripe(s), 2 proactive flush(es), 1 terminate flush(es), 0 completion(s), 0 continuation(s) 
[2026-05-06T01:03:54.242+0100][2.952s][info][gc,marking  ] GC(17) Mark Stack Usage: 32M
[2026-05-06T01:03:54.242+0100][2.952s][info][gc,nmethod  ] GC(17) NMethods: 3644 registered, 649 unregistered
[2026-05-06T01:03:54.242+0100][2.952s][info][gc,metaspace] GC(17) Metaspace: 18M used, 18M committed, 1088M reserved
[2026-05-06T01:03:54.242+0100][2.952s][info][gc,ref      ] GC(17) Soft: 4237 encountered, 0 discovered, 0 enqueued
[2026-05-06T01:03:54.242+0100][2.952s][info][gc,ref      ] GC(17) Weak: 2356 encountered, 1607 discovered, 0 enqueued
[2026-05-06T01:03:54.242+0100][2.952s][info][gc,ref      ] GC(17) Final: 6 encountered, 0 discovered, 0 enqueued
[2026-05-06T01:03:54.242+0100][2.952s][info][gc,ref      ] GC(17) Phantom: 270 encountered, 124 discovered, 0 enqueued
[2026-05-06T01:03:54.242+0100][2.952s][info][gc,reloc    ] GC(17) Small Pages: 28 / 56M, Empty: 32M, Relocated: 1M, In-Place: 0
[2026-05-06T01:03:54.242+0100][2.952s][info][gc,reloc    ] GC(17) Medium Pages: 2 / 64M, Empty: 32M, Relocated: 0M, In-Place: 0
[2026-05-06T01:03:54.242+0100][2.952s][info][gc,reloc    ] GC(17) Large Pages: 3 / 192M, Empty: 0M, Relocated: 0M, In-Place: 0
[2026-05-06T01:03:54.242+0100][2.952s][info][gc,reloc    ] GC(17) Forwarding Usage: 0M
[2026-05-06T01:03:54.242+0100][2.952s][info][gc,heap     ] GC(17) Min Capacity: 8M(0%)
[2026-05-06T01:03:54.242+0100][2.952s][info][gc,heap     ] GC(17) Max Capacity: 4096M(100%)
[2026-05-06T01:03:54.242+0100][2.952s][info][gc,heap     ] GC(17) Soft Max Capacity: 4096M(100%)
[2026-05-06T01:03:54.242+0100][2.952s][info][gc,heap     ] GC(17)                Mark Start          Mark End        Relocate Start      Relocate End           High               Low         
[2026-05-06T01:03:54.242+0100][2.952s][info][gc,heap     ] GC(17)  Capacity:      910M (22%)         910M (22%)         910M (22%)         910M (22%)         910M (22%)         910M (22%)    
[2026-05-06T01:03:54.242+0100][2.952s][info][gc,heap     ] GC(17)      Free:     3784M (92%)        3782M (92%)        3846M (94%)        3852M (94%)        3852M (94%)        3780M (92%)    
[2026-05-06T01:03:54.242+0100][2.952s][info][gc,heap     ] GC(17)      Used:      312M (8%)          314M (8%)          250M (6%)          244M (6%)          316M (8%)          244M (6%)     
[2026-05-06T01:03:54.242+0100][2.952s][info][gc,heap     ] GC(17)      Live:         -               205M (5%)          205M (5%)          205M (5%)             -                  -          
[2026-05-06T01:03:54.242+0100][2.952s][info][gc,heap     ] GC(17) Allocated:         -                 2M (0%)            2M (0%)            2M (0%)             -                  -          
[2026-05-06T01:03:54.242+0100][2.952s][info][gc,heap     ] GC(17)   Garbage:         -               106M (3%)           42M (1%)           36M (1%)             -                  -          
[2026-05-06T01:03:54.242+0100][2.952s][info][gc,heap     ] GC(17) Reclaimed:         -                  -                64M (2%)           70M (2%)             -                  -          
[2026-05-06T01:03:54.242+0100][2.952s][info][gc          ] GC(17) Garbage Collection (System.gc()) 312M(8%)->244M(6%)
[2026-05-06T01:03:54.252+0100][2.962s][info][gc,start    ] GC(18) Garbage Collection (System.gc())
[2026-05-06T01:03:54.252+0100][2.962s][info][gc,task     ] GC(18) Using 3 workers
[2026-05-06T01:03:54.252+0100][2.962s][info][gc,phases   ] GC(18) Pause Mark Start 0.002ms
[2026-05-06T01:03:54.256+0100][2.966s][info][gc,phases   ] GC(18) Concurrent Mark 4.155ms
[2026-05-06T01:03:54.257+0100][2.966s][info][gc,phases   ] GC(18) Pause Mark End 0.005ms
[2026-05-06T01:03:54.257+0100][2.966s][info][gc,phases   ] GC(18) Concurrent Mark Free 0.000ms
[2026-05-06T01:03:54.258+0100][2.968s][info][gc,phases   ] GC(18) Concurrent Process Non-Strong References 1.696ms
[2026-05-06T01:03:54.258+0100][2.968s][info][gc,phases   ] GC(18) Concurrent Reset Relocation Set 0.001ms
[2026-05-06T01:03:54.259+0100][2.969s][info][gc,phases   ] GC(18) Concurrent Select Relocation Set 0.795ms
[2026-05-06T01:03:54.259+0100][2.969s][info][gc,phases   ] GC(18) Pause Relocate Start 0.002ms
[2026-05-06T01:03:54.259+0100][2.969s][info][gc,phases   ] GC(18) Concurrent Relocate 0.204ms
[2026-05-06T01:03:54.259+0100][2.969s][info][gc,load     ] GC(18) Load: 4.84/4.60/4.25
[2026-05-06T01:03:54.259+0100][2.969s][info][gc,mmu      ] GC(18) MMU: 2ms/99.7%, 5ms/99.8%, 10ms/99.9%, 20ms/99.9%, 50ms/99.9%, 100ms/99.9%
[2026-05-06T01:03:54.259+0100][2.969s][info][gc,marking  ] GC(18) Mark: 2 stripe(s), 1 proactive flush(es), 1 terminate flush(es), 0 completion(s), 0 continuation(s) 
[2026-05-06T01:03:54.259+0100][2.969s][info][gc,marking  ] GC(18) Mark Stack Usage: 32M
[2026-05-06T01:03:54.259+0100][2.969s][info][gc,nmethod  ] GC(18) NMethods: 3658 registered, 655 unregistered
[2026-05-06T01:03:54.259+0100][2.969s][info][gc,metaspace] GC(18) Metaspace: 18M used, 18M committed, 1088M reserved
[2026-05-06T01:03:54.259+0100][2.969s][info][gc,ref      ] GC(18) Soft: 4237 encountered, 0 discovered, 0 enqueued
[2026-05-06T01:03:54.259+0100][2.969s][info][gc,ref      ] GC(18) Weak: 2355 encountered, 1285 discovered, 0 enqueued
[2026-05-06T01:03:54.259+0100][2.969s][info][gc,ref      ] GC(18) Final: 6 encountered, 0 discovered, 0 enqueued
[2026-05-06T01:03:54.259+0100][2.969s][info][gc,ref      ] GC(18) Phantom: 270 encountered, 213 discovered, 0 enqueued
[2026-05-06T01:03:54.259+0100][2.969s][info][gc,reloc    ] GC(18) Small Pages: 24 / 48M, Empty: 28M, Relocated: 1M, In-Place: 0
[2026-05-06T01:03:54.259+0100][2.969s][info][gc,reloc    ] GC(18) Medium Pages: 2 / 64M, Empty: 32M, Relocated: 0M, In-Place: 0
[2026-05-06T01:03:54.259+0100][2.969s][info][gc,reloc    ] GC(18) Large Pages: 3 / 192M, Empty: 0M, Relocated: 0M, In-Place: 0
[2026-05-06T01:03:54.259+0100][2.969s][info][gc,reloc    ] GC(18) Forwarding Usage: 0M
[2026-05-06T01:03:54.259+0100][2.969s][info][gc,heap     ] GC(18) Min Capacity: 8M(0%)
[2026-05-06T01:03:54.259+0100][2.969s][info][gc,heap     ] GC(18) Max Capacity: 4096M(100%)
[2026-05-06T01:03:54.259+0100][2.969s][info][gc,heap     ] GC(18) Soft Max Capacity: 4096M(100%)
[2026-05-06T01:03:54.259+0100][2.969s][info][gc,heap     ] GC(18)                Mark Start          Mark End        Relocate Start      Relocate End           High               Low         
[2026-05-06T01:03:54.259+0100][2.969s][info][gc,heap     ] GC(18)  Capacity:      910M (22%)         910M (22%)         910M (22%)         910M (22%)         910M (22%)         910M (22%)    
[2026-05-06T01:03:54.259+0100][2.969s][info][gc,heap     ] GC(18)      Free:     3792M (93%)        3792M (93%)        3852M (94%)        3854M (94%)        3854M (94%)        3792M (93%)    
[2026-05-06T01:03:54.259+0100][2.969s][info][gc,heap     ] GC(18)      Used:      304M (7%)          304M (7%)          244M (6%)          242M (6%)          304M (7%)          242M (6%)     
[2026-05-06T01:03:54.259+0100][2.969s][info][gc,heap     ] GC(18)      Live:         -               205M (5%)          205M (5%)          205M (5%)             -                  -          
[2026-05-06T01:03:54.259+0100][2.969s][info][gc,heap     ] GC(18) Allocated:         -                 0M (0%)            0M (0%)            0M (0%)             -                  -          
[2026-05-06T01:03:54.259+0100][2.969s][info][gc,heap     ] GC(18)   Garbage:         -                98M (2%)           38M (1%)           36M (1%)             -                  -          
[2026-05-06T01:03:54.259+0100][2.969s][info][gc,heap     ] GC(18) Reclaimed:         -                  -                60M (1%)           62M (2%)             -                  -          
[2026-05-06T01:03:54.259+0100][2.969s][info][gc          ] GC(18) Garbage Collection (System.gc()) 304M(7%)->242M(6%)
[2026-05-06T01:03:54.272+0100][2.981s][info][gc,start    ] GC(19) Garbage Collection (System.gc())
[2026-05-06T01:03:54.272+0100][2.981s][info][gc,task     ] GC(19) Using 3 workers
[2026-05-06T01:03:54.272+0100][2.981s][info][gc,phases   ] GC(19) Pause Mark Start 0.003ms
[2026-05-06T01:03:54.276+0100][2.985s][info][gc,phases   ] GC(19) Concurrent Mark 4.042ms
[2026-05-06T01:03:54.276+0100][2.986s][info][gc,phases   ] GC(19) Pause Mark End 0.003ms
[2026-05-06T01:03:54.276+0100][2.986s][info][gc,phases   ] GC(19) Concurrent Mark Free 0.000ms
[2026-05-06T01:03:54.278+0100][2.987s][info][gc,phases   ] GC(19) Concurrent Process Non-Strong References 1.696ms
[2026-05-06T01:03:54.278+0100][2.987s][info][gc,phases   ] GC(19) Concurrent Reset Relocation Set 0.001ms
[2026-05-06T01:03:54.278+0100][2.988s][info][gc,phases   ] GC(19) Concurrent Select Relocation Set 0.689ms
[2026-05-06T01:03:54.278+0100][2.988s][info][gc,phases   ] GC(19) Pause Relocate Start 0.003ms
[2026-05-06T01:03:54.279+0100][2.988s][info][gc,phases   ] GC(19) Concurrent Relocate 0.321ms
[2026-05-06T01:03:54.279+0100][2.988s][info][gc,load     ] GC(19) Load: 4.84/4.60/4.25
[2026-05-06T01:03:54.279+0100][2.988s][info][gc,mmu      ] GC(19) MMU: 2ms/99.7%, 5ms/99.8%, 10ms/99.9%, 20ms/99.9%, 50ms/99.9%, 100ms/99.9%
[2026-05-06T01:03:54.279+0100][2.988s][info][gc,marking  ] GC(19) Mark: 2 stripe(s), 1 proactive flush(es), 1 terminate flush(es), 0 completion(s), 0 continuation(s) 
[2026-05-06T01:03:54.279+0100][2.988s][info][gc,marking  ] GC(19) Mark Stack Usage: 32M
[2026-05-06T01:03:54.279+0100][2.988s][info][gc,nmethod  ] GC(19) NMethods: 3668 registered, 659 unregistered
[2026-05-06T01:03:54.279+0100][2.988s][info][gc,metaspace] GC(19) Metaspace: 18M used, 18M committed, 1088M reserved
[2026-05-06T01:03:54.279+0100][2.988s][info][gc,ref      ] GC(19) Soft: 4237 encountered, 0 discovered, 0 enqueued
[2026-05-06T01:03:54.279+0100][2.988s][info][gc,ref      ] GC(19) Weak: 2356 encountered, 430 discovered, 0 enqueued
[2026-05-06T01:03:54.279+0100][2.988s][info][gc,ref      ] GC(19) Final: 6 encountered, 0 discovered, 0 enqueued
[2026-05-06T01:03:54.279+0100][2.988s][info][gc,ref      ] GC(19) Phantom: 270 encountered, 122 discovered, 0 enqueued
[2026-05-06T01:03:54.279+0100][2.988s][info][gc,reloc    ] GC(19) Small Pages: 16 / 32M, Empty: 6M, Relocated: 1M, In-Place: 0
[2026-05-06T01:03:54.279+0100][2.988s][info][gc,reloc    ] GC(19) Medium Pages: 2 / 64M, Empty: 32M, Relocated: 0M, In-Place: 0
[2026-05-06T01:03:54.279+0100][2.988s][info][gc,reloc    ] GC(19) Large Pages: 3 / 192M, Empty: 0M, Relocated: 0M, In-Place: 0
[2026-05-06T01:03:54.279+0100][2.988s][info][gc,reloc    ] GC(19) Forwarding Usage: 0M
[2026-05-06T01:03:54.279+0100][2.988s][info][gc,heap     ] GC(19) Min Capacity: 8M(0%)
[2026-05-06T01:03:54.279+0100][2.988s][info][gc,heap     ] GC(19) Max Capacity: 4096M(100%)
[2026-05-06T01:03:54.279+0100][2.988s][info][gc,heap     ] GC(19) Soft Max Capacity: 4096M(100%)
[2026-05-06T01:03:54.279+0100][2.988s][info][gc,heap     ] GC(19)                Mark Start          Mark End        Relocate Start      Relocate End           High               Low         
[2026-05-06T01:03:54.279+0100][2.988s][info][gc,heap     ] GC(19)  Capacity:      910M (22%)         910M (22%)         910M (22%)         910M (22%)         910M (22%)         910M (22%)    
[2026-05-06T01:03:54.279+0100][2.988s][info][gc,heap     ] GC(19)      Free:     3808M (93%)        3804M (93%)        3842M (94%)        3850M (94%)        3850M (94%)        3804M (93%)    
[2026-05-06T01:03:54.279+0100][2.988s][info][gc,heap     ] GC(19)      Used:      288M (7%)          292M (7%)          254M (6%)          246M (6%)          292M (7%)          246M (6%)     
[2026-05-06T01:03:54.279+0100][2.988s][info][gc,heap     ] GC(19)      Live:         -               205M (5%)          205M (5%)          205M (5%)             -                  -          
[2026-05-06T01:03:54.279+0100][2.988s][info][gc,heap     ] GC(19) Allocated:         -                 4M (0%)            4M (0%)            4M (0%)             -                  -          
[2026-05-06T01:03:54.279+0100][2.988s][info][gc,heap     ] GC(19)   Garbage:         -                82M (2%)           44M (1%)           36M (1%)             -                  -          
[2026-05-06T01:03:54.279+0100][2.988s][info][gc,heap     ] GC(19) Reclaimed:         -                  -                38M (1%)           46M (1%)             -                  -          
[2026-05-06T01:03:54.279+0100][2.988s][info][gc          ] GC(19) Garbage Collection (System.gc()) 288M(7%)->246M(6%)
[2026-05-06T01:03:54.289+0100][2.998s][info][gc,start    ] GC(20) Garbage Collection (System.gc())
[2026-05-06T01:03:54.289+0100][2.998s][info][gc,task     ] GC(20) Using 3 workers
[2026-05-06T01:03:54.289+0100][2.998s][info][gc,phases   ] GC(20) Pause Mark Start 0.002ms
[2026-05-06T01:03:54.293+0100][3.003s][info][gc,phases   ] GC(20) Concurrent Mark 4.092ms
[2026-05-06T01:03:54.293+0100][3.003s][info][gc,phases   ] GC(20) Pause Mark End 0.006ms
[2026-05-06T01:03:54.293+0100][3.003s][info][gc,phases   ] GC(20) Concurrent Mark Free 0.000ms
[2026-05-06T01:03:54.295+0100][3.004s][info][gc,phases   ] GC(20) Concurrent Process Non-Strong References 1.754ms
[2026-05-06T01:03:54.295+0100][3.004s][info][gc,phases   ] GC(20) Concurrent Reset Relocation Set 0.001ms
[2026-05-06T01:03:54.295+0100][3.005s][info][gc,phases   ] GC(20) Concurrent Select Relocation Set 0.613ms
[2026-05-06T01:03:54.295+0100][3.005s][info][gc,phases   ] GC(20) Pause Relocate Start 0.003ms
[2026-05-06T01:03:54.296+0100][3.005s][info][gc,phases   ] GC(20) Concurrent Relocate 0.196ms
[2026-05-06T01:03:54.296+0100][3.005s][info][gc,load     ] GC(20) Load: 4.84/4.60/4.25
[2026-05-06T01:03:54.296+0100][3.005s][info][gc,mmu      ] GC(20) MMU: 2ms/99.7%, 5ms/99.8%, 10ms/99.9%, 20ms/99.9%, 50ms/99.9%, 100ms/99.9%
[2026-05-06T01:03:54.296+0100][3.005s][info][gc,marking  ] GC(20) Mark: 2 stripe(s), 2 proactive flush(es), 1 terminate flush(es), 0 completion(s), 0 continuation(s) 
[2026-05-06T01:03:54.296+0100][3.005s][info][gc,marking  ] GC(20) Mark Stack Usage: 32M
[2026-05-06T01:03:54.296+0100][3.005s][info][gc,nmethod  ] GC(20) NMethods: 3679 registered, 660 unregistered
[2026-05-06T01:03:54.296+0100][3.005s][info][gc,metaspace] GC(20) Metaspace: 18M used, 18M committed, 1088M reserved
[2026-05-06T01:03:54.296+0100][3.005s][info][gc,ref      ] GC(20) Soft: 4237 encountered, 0 discovered, 0 enqueued
[2026-05-06T01:03:54.296+0100][3.005s][info][gc,ref      ] GC(20) Weak: 2356 encountered, 606 discovered, 0 enqueued
[2026-05-06T01:03:54.296+0100][3.005s][info][gc,ref      ] GC(20) Final: 6 encountered, 0 discovered, 0 enqueued
[2026-05-06T01:03:54.296+0100][3.005s][info][gc,ref      ] GC(20) Phantom: 270 encountered, 159 discovered, 0 enqueued
[2026-05-06T01:03:54.296+0100][3.005s][info][gc,reloc    ] GC(20) Small Pages: 37 / 74M, Empty: 48M, Relocated: 1M, In-Place: 0
[2026-05-06T01:03:54.296+0100][3.005s][info][gc,reloc    ] GC(20) Medium Pages: 2 / 64M, Empty: 32M, Relocated: 0M, In-Place: 0
[2026-05-06T01:03:54.296+0100][3.005s][info][gc,reloc    ] GC(20) Large Pages: 3 / 192M, Empty: 0M, Relocated: 0M, In-Place: 0
[2026-05-06T01:03:54.296+0100][3.005s][info][gc,reloc    ] GC(20) Forwarding Usage: 0M
[2026-05-06T01:03:54.296+0100][3.005s][info][gc,heap     ] GC(20) Min Capacity: 8M(0%)
[2026-05-06T01:03:54.296+0100][3.005s][info][gc,heap     ] GC(20) Max Capacity: 4096M(100%)
[2026-05-06T01:03:54.296+0100][3.005s][info][gc,heap     ] GC(20) Soft Max Capacity: 4096M(100%)
[2026-05-06T01:03:54.296+0100][3.005s][info][gc,heap     ] GC(20)                Mark Start          Mark End        Relocate Start      Relocate End           High               Low         
[2026-05-06T01:03:54.296+0100][3.005s][info][gc,heap     ] GC(20)  Capacity:      910M (22%)         910M (22%)         910M (22%)         910M (22%)         910M (22%)         910M (22%)    
[2026-05-06T01:03:54.296+0100][3.005s][info][gc,heap     ] GC(20)      Free:     3766M (92%)        3764M (92%)        3844M (94%)        3852M (94%)        3852M (94%)        3764M (92%)    
[2026-05-06T01:03:54.296+0100][3.005s][info][gc,heap     ] GC(20)      Used:      330M (8%)          332M (8%)          252M (6%)          244M (6%)          332M (8%)          244M (6%)     
[2026-05-06T01:03:54.296+0100][3.005s][info][gc,heap     ] GC(20)      Live:         -               205M (5%)          205M (5%)          205M (5%)             -                  -          
[2026-05-06T01:03:54.296+0100][3.005s][info][gc,heap     ] GC(20) Allocated:         -                 2M (0%)            2M (0%)            2M (0%)             -                  -          
[2026-05-06T01:03:54.296+0100][3.005s][info][gc,heap     ] GC(20)   Garbage:         -               124M (3%)           44M (1%)           36M (1%)             -                  -          
[2026-05-06T01:03:54.296+0100][3.005s][info][gc,heap     ] GC(20) Reclaimed:         -                  -                80M (2%)           88M (2%)             -                  -          
[2026-05-06T01:03:54.296+0100][3.005s][info][gc          ] GC(20) Garbage Collection (System.gc()) 330M(8%)->244M(6%)
[2026-05-06T01:03:54.365+0100][3.075s][info][gc,start    ] GC(21) Garbage Collection (System.gc())
[2026-05-06T01:03:54.365+0100][3.075s][info][gc,task     ] GC(21) Using 3 workers
[2026-05-06T01:03:54.365+0100][3.075s][info][gc,phases   ] GC(21) Pause Mark Start 0.003ms
[2026-05-06T01:03:54.370+0100][3.079s][info][gc,phases   ] GC(21) Concurrent Mark 4.371ms
[2026-05-06T01:03:54.370+0100][3.079s][info][gc,phases   ] GC(21) Pause Mark End 0.004ms
[2026-05-06T01:03:54.370+0100][3.079s][info][gc,phases   ] GC(21) Concurrent Mark Free 0.000ms
[2026-05-06T01:03:54.372+0100][3.081s][info][gc,phases   ] GC(21) Concurrent Process Non-Strong References 1.713ms
[2026-05-06T01:03:54.372+0100][3.081s][info][gc,phases   ] GC(21) Concurrent Reset Relocation Set 0.001ms
[2026-05-06T01:03:54.372+0100][3.082s][info][gc,phases   ] GC(21) Concurrent Select Relocation Set 0.634ms
[2026-05-06T01:03:54.372+0100][3.082s][info][gc,phases   ] GC(21) Pause Relocate Start 0.002ms
[2026-05-06T01:03:54.372+0100][3.082s][info][gc,phases   ] GC(21) Concurrent Relocate 0.194ms
[2026-05-06T01:03:54.372+0100][3.082s][info][gc,load     ] GC(21) Load: 4.84/4.60/4.25
[2026-05-06T01:03:54.372+0100][3.082s][info][gc,mmu      ] GC(21) MMU: 2ms/99.7%, 5ms/99.8%, 10ms/99.9%, 20ms/99.9%, 50ms/99.9%, 100ms/99.9%
[2026-05-06T01:03:54.372+0100][3.082s][info][gc,marking  ] GC(21) Mark: 2 stripe(s), 1 proactive flush(es), 1 terminate flush(es), 0 completion(s), 0 continuation(s) 
[2026-05-06T01:03:54.372+0100][3.082s][info][gc,marking  ] GC(21) Mark Stack Usage: 32M
[2026-05-06T01:03:54.372+0100][3.082s][info][gc,nmethod  ] GC(21) NMethods: 3704 registered, 668 unregistered
[2026-05-06T01:03:54.373+0100][3.082s][info][gc,metaspace] GC(21) Metaspace: 18M used, 18M committed, 1088M reserved
[2026-05-06T01:03:54.373+0100][3.082s][info][gc,ref      ] GC(21) Soft: 4237 encountered, 0 discovered, 0 enqueued
[2026-05-06T01:03:54.373+0100][3.082s][info][gc,ref      ] GC(21) Weak: 2363 encountered, 537 discovered, 0 enqueued
[2026-05-06T01:03:54.373+0100][3.082s][info][gc,ref      ] GC(21) Final: 6 encountered, 0 discovered, 0 enqueued
[2026-05-06T01:03:54.373+0100][3.082s][info][gc,ref      ] GC(21) Phantom: 270 encountered, 218 discovered, 0 enqueued
[2026-05-06T01:03:54.373+0100][3.082s][info][gc,reloc    ] GC(21) Small Pages: 32 / 64M, Empty: 36M, Relocated: 1M, In-Place: 0
[2026-05-06T01:03:54.373+0100][3.082s][info][gc,reloc    ] GC(21) Medium Pages: 2 / 64M, Empty: 32M, Relocated: 0M, In-Place: 0
[2026-05-06T01:03:54.373+0100][3.082s][info][gc,reloc    ] GC(21) Large Pages: 3 / 192M, Empty: 0M, Relocated: 0M, In-Place: 0
[2026-05-06T01:03:54.373+0100][3.082s][info][gc,reloc    ] GC(21) Forwarding Usage: 0M
[2026-05-06T01:03:54.373+0100][3.082s][info][gc,heap     ] GC(21) Min Capacity: 8M(0%)
[2026-05-06T01:03:54.373+0100][3.082s][info][gc,heap     ] GC(21) Max Capacity: 4096M(100%)
[2026-05-06T01:03:54.373+0100][3.082s][info][gc,heap     ] GC(21) Soft Max Capacity: 4096M(100%)
[2026-05-06T01:03:54.373+0100][3.082s][info][gc,heap     ] GC(21)                Mark Start          Mark End        Relocate Start      Relocate End           High               Low         
[2026-05-06T01:03:54.373+0100][3.082s][info][gc,heap     ] GC(21)  Capacity:      910M (22%)         910M (22%)         910M (22%)         910M (22%)         910M (22%)         910M (22%)    
[2026-05-06T01:03:54.373+0100][3.082s][info][gc,heap     ] GC(21)      Free:     3776M (92%)        3776M (92%)        3844M (94%)        3854M (94%)        3854M (94%)        3776M (92%)    
[2026-05-06T01:03:54.373+0100][3.082s][info][gc,heap     ] GC(21)      Used:      320M (8%)          320M (8%)          252M (6%)          242M (6%)          320M (8%)          242M (6%)     
[2026-05-06T01:03:54.373+0100][3.082s][info][gc,heap     ] GC(21)      Live:         -               205M (5%)          205M (5%)          205M (5%)             -                  -          
[2026-05-06T01:03:54.373+0100][3.082s][info][gc,heap     ] GC(21) Allocated:         -                 0M (0%)            0M (0%)            0M (0%)             -                  -          
[2026-05-06T01:03:54.373+0100][3.082s][info][gc,heap     ] GC(21)   Garbage:         -               114M (3%)           46M (1%)           36M (1%)             -                  -          
[2026-05-06T01:03:54.373+0100][3.082s][info][gc,heap     ] GC(21) Reclaimed:         -                  -                68M (2%)           78M (2%)             -                  -          
[2026-05-06T01:03:54.373+0100][3.082s][info][gc          ] GC(21) Garbage Collection (System.gc()) 320M(8%)->242M(6%)
[2026-05-06T01:03:54.378+0100][3.087s][info][gc,start    ] GC(22) Garbage Collection (System.gc())
[2026-05-06T01:03:54.378+0100][3.087s][info][gc,task     ] GC(22) Using 3 workers
[2026-05-06T01:03:54.378+0100][3.087s][info][gc,phases   ] GC(22) Pause Mark Start 0.002ms
[2026-05-06T01:03:54.382+0100][3.091s][info][gc,phases   ] GC(22) Concurrent Mark 3.823ms
[2026-05-06T01:03:54.382+0100][3.091s][info][gc,phases   ] GC(22) Pause Mark End 0.003ms
[2026-05-06T01:03:54.382+0100][3.091s][info][gc,phases   ] GC(22) Concurrent Mark Free 0.000ms
[2026-05-06T01:03:54.383+0100][3.093s][info][gc,phases   ] GC(22) Concurrent Process Non-Strong References 1.645ms
[2026-05-06T01:03:54.383+0100][3.093s][info][gc,phases   ] GC(22) Concurrent Reset Relocation Set 0.001ms
[2026-05-06T01:03:54.384+0100][3.094s][info][gc,phases   ] GC(22) Concurrent Select Relocation Set 0.667ms
[2026-05-06T01:03:54.384+0100][3.094s][info][gc,phases   ] GC(22) Pause Relocate Start 0.002ms
[2026-05-06T01:03:54.384+0100][3.094s][info][gc,phases   ] GC(22) Concurrent Relocate 0.189ms
[2026-05-06T01:03:54.384+0100][3.094s][info][gc,load     ] GC(22) Load: 4.84/4.60/4.25
[2026-05-06T01:03:54.384+0100][3.094s][info][gc,mmu      ] GC(22) MMU: 2ms/99.7%, 5ms/99.8%, 10ms/99.9%, 20ms/99.9%, 50ms/99.9%, 100ms/99.9%
[2026-05-06T01:03:54.384+0100][3.094s][info][gc,marking  ] GC(22) Mark: 2 stripe(s), 2 proactive flush(es), 1 terminate flush(es), 0 completion(s), 0 continuation(s) 
[2026-05-06T01:03:54.384+0100][3.094s][info][gc,marking  ] GC(22) Mark Stack Usage: 32M
[2026-05-06T01:03:54.384+0100][3.094s][info][gc,nmethod  ] GC(22) NMethods: 3725 registered, 670 unregistered
[2026-05-06T01:03:54.384+0100][3.094s][info][gc,metaspace] GC(22) Metaspace: 18M used, 18M committed, 1088M reserved
[2026-05-06T01:03:54.384+0100][3.094s][info][gc,ref      ] GC(22) Soft: 4237 encountered, 0 discovered, 0 enqueued
[2026-05-06T01:03:54.384+0100][3.094s][info][gc,ref      ] GC(22) Weak: 2363 encountered, 1349 discovered, 0 enqueued
[2026-05-06T01:03:54.384+0100][3.094s][info][gc,ref      ] GC(22) Final: 6 encountered, 6 discovered, 0 enqueued
[2026-05-06T01:03:54.384+0100][3.094s][info][gc,ref      ] GC(22) Phantom: 270 encountered, 172 discovered, 0 enqueued
[2026-05-06T01:03:54.384+0100][3.094s][info][gc,reloc    ] GC(22) Small Pages: 11 / 22M, Empty: 2M, Relocated: 1M, In-Place: 0
[2026-05-06T01:03:54.384+0100][3.094s][info][gc,reloc    ] GC(22) Medium Pages: 2 / 64M, Empty: 32M, Relocated: 0M, In-Place: 0
[2026-05-06T01:03:54.384+0100][3.094s][info][gc,reloc    ] GC(22) Large Pages: 3 / 192M, Empty: 0M, Relocated: 0M, In-Place: 0
[2026-05-06T01:03:54.384+0100][3.094s][info][gc,reloc    ] GC(22) Forwarding Usage: 0M
[2026-05-06T01:03:54.384+0100][3.094s][info][gc,heap     ] GC(22) Min Capacity: 8M(0%)
[2026-05-06T01:03:54.384+0100][3.094s][info][gc,heap     ] GC(22) Max Capacity: 4096M(100%)
[2026-05-06T01:03:54.384+0100][3.094s][info][gc,heap     ] GC(22) Soft Max Capacity: 4096M(100%)
[2026-05-06T01:03:54.384+0100][3.094s][info][gc,heap     ] GC(22)                Mark Start          Mark End        Relocate Start      Relocate End           High               Low         
[2026-05-06T01:03:54.384+0100][3.094s][info][gc,heap     ] GC(22)  Capacity:      910M (22%)         910M (22%)         910M (22%)         910M (22%)         910M (22%)         910M (22%)    
[2026-05-06T01:03:54.384+0100][3.094s][info][gc,heap     ] GC(22)      Free:     3818M (93%)        3818M (93%)        3852M (94%)        3854M (94%)        3854M (94%)        3818M (93%)    
[2026-05-06T01:03:54.384+0100][3.094s][info][gc,heap     ] GC(22)      Used:      278M (7%)          278M (7%)          244M (6%)          242M (6%)          278M (7%)          242M (6%)     
[2026-05-06T01:03:54.384+0100][3.094s][info][gc,heap     ] GC(22)      Live:         -               205M (5%)          205M (5%)          205M (5%)             -                  -          
[2026-05-06T01:03:54.384+0100][3.094s][info][gc,heap     ] GC(22) Allocated:         -                 0M (0%)            0M (0%)            0M (0%)             -                  -          
[2026-05-06T01:03:54.384+0100][3.094s][info][gc,heap     ] GC(22)   Garbage:         -                72M (2%)           38M (1%)           36M (1%)             -                  -          
[2026-05-06T01:03:54.384+0100][3.094s][info][gc,heap     ] GC(22) Reclaimed:         -                  -                34M (1%)           36M (1%)             -                  -          
[2026-05-06T01:03:54.384+0100][3.094s][info][gc          ] GC(22) Garbage Collection (System.gc()) 278M(7%)->242M(6%)
[2026-05-06T01:03:54.390+0100][3.099s][info][gc,start    ] GC(23) Garbage Collection (System.gc())
[2026-05-06T01:03:54.390+0100][3.099s][info][gc,task     ] GC(23) Using 3 workers
[2026-05-06T01:03:54.390+0100][3.099s][info][gc,phases   ] GC(23) Pause Mark Start 0.003ms
[2026-05-06T01:03:54.394+0100][3.103s][info][gc,phases   ] GC(23) Concurrent Mark 3.957ms
[2026-05-06T01:03:54.394+0100][3.103s][info][gc,phases   ] GC(23) Pause Mark End 0.004ms
[2026-05-06T01:03:54.394+0100][3.103s][info][gc,phases   ] GC(23) Concurrent Mark Free 0.000ms
[2026-05-06T01:03:54.395+0100][3.105s][info][gc,phases   ] GC(23) Concurrent Process Non-Strong References 1.785ms
[2026-05-06T01:03:54.395+0100][3.105s][info][gc,phases   ] GC(23) Concurrent Reset Relocation Set 0.001ms
[2026-05-06T01:03:54.396+0100][3.106s][info][gc,phases   ] GC(23) Concurrent Select Relocation Set 0.667ms
[2026-05-06T01:03:54.396+0100][3.106s][info][gc,phases   ] GC(23) Pause Relocate Start 0.002ms
[2026-05-06T01:03:54.396+0100][3.106s][info][gc,phases   ] GC(23) Concurrent Relocate 0.199ms
[2026-05-06T01:03:54.396+0100][3.106s][info][gc,load     ] GC(23) Load: 4.84/4.60/4.25
[2026-05-06T01:03:54.396+0100][3.106s][info][gc,mmu      ] GC(23) MMU: 2ms/99.7%, 5ms/99.8%, 10ms/99.9%, 20ms/99.9%, 50ms/99.9%, 100ms/99.9%
[2026-05-06T01:03:54.396+0100][3.106s][info][gc,marking  ] GC(23) Mark: 2 stripe(s), 1 proactive flush(es), 1 terminate flush(es), 0 completion(s), 0 continuation(s) 
[2026-05-06T01:03:54.396+0100][3.106s][info][gc,marking  ] GC(23) Mark Stack Usage: 32M
[2026-05-06T01:03:54.396+0100][3.106s][info][gc,nmethod  ] GC(23) NMethods: 3740 registered, 671 unregistered
[2026-05-06T01:03:54.396+0100][3.106s][info][gc,metaspace] GC(23) Metaspace: 18M used, 18M committed, 1088M reserved
[2026-05-06T01:03:54.396+0100][3.106s][info][gc,ref      ] GC(23) Soft: 4237 encountered, 0 discovered, 0 enqueued
[2026-05-06T01:03:54.396+0100][3.106s][info][gc,ref      ] GC(23) Weak: 2363 encountered, 862 discovered, 0 enqueued
[2026-05-06T01:03:54.396+0100][3.106s][info][gc,ref      ] GC(23) Final: 6 encountered, 0 discovered, 0 enqueued
[2026-05-06T01:03:54.396+0100][3.106s][info][gc,ref      ] GC(23) Phantom: 270 encountered, 160 discovered, 0 enqueued
[2026-05-06T01:03:54.396+0100][3.106s][info][gc,reloc    ] GC(23) Small Pages: 11 / 22M, Empty: 0M, Relocated: 1M, In-Place: 0
[2026-05-06T01:03:54.396+0100][3.106s][info][gc,reloc    ] GC(23) Medium Pages: 2 / 64M, Empty: 32M, Relocated: 0M, In-Place: 0
[2026-05-06T01:03:54.396+0100][3.106s][info][gc,reloc    ] GC(23) Large Pages: 3 / 192M, Empty: 0M, Relocated: 0M, In-Place: 0
[2026-05-06T01:03:54.396+0100][3.106s][info][gc,reloc    ] GC(23) Forwarding Usage: 0M
[2026-05-06T01:03:54.396+0100][3.106s][info][gc,heap     ] GC(23) Min Capacity: 8M(0%)
[2026-05-06T01:03:54.396+0100][3.106s][info][gc,heap     ] GC(23) Max Capacity: 4096M(100%)
[2026-05-06T01:03:54.396+0100][3.106s][info][gc,heap     ] GC(23) Soft Max Capacity: 4096M(100%)
[2026-05-06T01:03:54.396+0100][3.106s][info][gc,heap     ] GC(23)                Mark Start          Mark End        Relocate Start      Relocate End           High               Low         
[2026-05-06T01:03:54.396+0100][3.106s][info][gc,heap     ] GC(23)  Capacity:      910M (22%)         910M (22%)         910M (22%)         910M (22%)         910M (22%)         910M (22%)    
[2026-05-06T01:03:54.396+0100][3.106s][info][gc,heap     ] GC(23)      Free:     3818M (93%)        3818M (93%)        3850M (94%)        3854M (94%)        3854M (94%)        3818M (93%)    
[2026-05-06T01:03:54.396+0100][3.106s][info][gc,heap     ] GC(23)      Used:      278M (7%)          278M (7%)          246M (6%)          242M (6%)          278M (7%)          242M (6%)     
[2026-05-06T01:03:54.396+0100][3.106s][info][gc,heap     ] GC(23)      Live:         -               205M (5%)          205M (5%)          205M (5%)             -                  -          
[2026-05-06T01:03:54.396+0100][3.106s][info][gc,heap     ] GC(23) Allocated:         -                 0M (0%)            0M (0%)            0M (0%)             -                  -          
[2026-05-06T01:03:54.396+0100][3.106s][info][gc,heap     ] GC(23)   Garbage:         -                72M (2%)           40M (1%)           36M (1%)             -                  -          
[2026-05-06T01:03:54.396+0100][3.106s][info][gc,heap     ] GC(23) Reclaimed:         -                  -                32M (1%)           36M (1%)             -                  -          
[2026-05-06T01:03:54.396+0100][3.106s][info][gc          ] GC(23) Garbage Collection (System.gc()) 278M(7%)->242M(6%)
[2026-05-06T01:03:54.424+0100][3.134s][info][gc,start    ] GC(24) Garbage Collection (System.gc())
[2026-05-06T01:03:54.424+0100][3.134s][info][gc,task     ] GC(24) Using 3 workers
[2026-05-06T01:03:54.424+0100][3.134s][info][gc,phases   ] GC(24) Pause Mark Start 0.002ms
[2026-05-06T01:03:54.428+0100][3.138s][info][gc,phases   ] GC(24) Concurrent Mark 4.230ms
[2026-05-06T01:03:54.428+0100][3.138s][info][gc,phases   ] GC(24) Pause Mark End 0.004ms
[2026-05-06T01:03:54.428+0100][3.138s][info][gc,phases   ] GC(24) Concurrent Mark Free 0.000ms
[2026-05-06T01:03:54.430+0100][3.139s][info][gc,phases   ] GC(24) Concurrent Process Non-Strong References 1.646ms
[2026-05-06T01:03:54.430+0100][3.140s][info][gc,phases   ] GC(24) Concurrent Reset Relocation Set 0.001ms
[2026-05-06T01:03:54.431+0100][3.140s][info][gc,phases   ] GC(24) Concurrent Select Relocation Set 0.635ms
[2026-05-06T01:03:54.431+0100][3.140s][info][gc,phases   ] GC(24) Pause Relocate Start 0.002ms
[2026-05-06T01:03:54.431+0100][3.140s][info][gc,phases   ] GC(24) Concurrent Relocate 0.192ms
[2026-05-06T01:03:54.431+0100][3.140s][info][gc,load     ] GC(24) Load: 4.84/4.60/4.25
[2026-05-06T01:03:54.431+0100][3.140s][info][gc,mmu      ] GC(24) MMU: 2ms/99.7%, 5ms/99.8%, 10ms/99.9%, 20ms/99.9%, 50ms/99.9%, 100ms/99.9%
[2026-05-06T01:03:54.431+0100][3.140s][info][gc,marking  ] GC(24) Mark: 2 stripe(s), 3 proactive flush(es), 1 terminate flush(es), 0 completion(s), 0 continuation(s) 
[2026-05-06T01:03:54.431+0100][3.140s][info][gc,marking  ] GC(24) Mark Stack Usage: 32M
[2026-05-06T01:03:54.431+0100][3.140s][info][gc,nmethod  ] GC(24) NMethods: 3741 registered, 673 unregistered
[2026-05-06T01:03:54.431+0100][3.140s][info][gc,metaspace] GC(24) Metaspace: 18M used, 18M committed, 1088M reserved
[2026-05-06T01:03:54.431+0100][3.140s][info][gc,ref      ] GC(24) Soft: 4237 encountered, 0 discovered, 0 enqueued
[2026-05-06T01:03:54.431+0100][3.140s][info][gc,ref      ] GC(24) Weak: 2363 encountered, 458 discovered, 0 enqueued
[2026-05-06T01:03:54.431+0100][3.140s][info][gc,ref      ] GC(24) Final: 6 encountered, 0 discovered, 0 enqueued
[2026-05-06T01:03:54.431+0100][3.140s][info][gc,ref      ] GC(24) Phantom: 270 encountered, 121 discovered, 0 enqueued
[2026-05-06T01:03:54.431+0100][3.140s][info][gc,reloc    ] GC(24) Small Pages: 10 / 20M, Empty: 0M, Relocated: 1M, In-Place: 0
[2026-05-06T01:03:54.431+0100][3.140s][info][gc,reloc    ] GC(24) Medium Pages: 2 / 64M, Empty: 32M, Relocated: 0M, In-Place: 0
[2026-05-06T01:03:54.431+0100][3.140s][info][gc,reloc    ] GC(24) Large Pages: 6 / 216M, Empty: 24M, Relocated: 0M, In-Place: 0
[2026-05-06T01:03:54.431+0100][3.140s][info][gc,reloc    ] GC(24) Forwarding Usage: 0M
[2026-05-06T01:03:54.431+0100][3.140s][info][gc,heap     ] GC(24) Min Capacity: 8M(0%)
[2026-05-06T01:03:54.431+0100][3.140s][info][gc,heap     ] GC(24) Max Capacity: 4096M(100%)
[2026-05-06T01:03:54.431+0100][3.140s][info][gc,heap     ] GC(24) Soft Max Capacity: 4096M(100%)
[2026-05-06T01:03:54.431+0100][3.140s][info][gc,heap     ] GC(24)                Mark Start          Mark End        Relocate Start      Relocate End           High               Low         
[2026-05-06T01:03:54.431+0100][3.140s][info][gc,heap     ] GC(24)  Capacity:      910M (22%)         910M (22%)         910M (22%)         910M (22%)         910M (22%)         910M (22%)    
[2026-05-06T01:03:54.431+0100][3.140s][info][gc,heap     ] GC(24)      Free:     3796M (93%)        3796M (93%)        3852M (94%)        3854M (94%)        3854M (94%)        3796M (93%)    
[2026-05-06T01:03:54.431+0100][3.140s][info][gc,heap     ] GC(24)      Used:      300M (7%)          300M (7%)          244M (6%)          242M (6%)          300M (7%)          242M (6%)     
[2026-05-06T01:03:54.431+0100][3.140s][info][gc,heap     ] GC(24)      Live:         -               205M (5%)          205M (5%)          205M (5%)             -                  -          
[2026-05-06T01:03:54.431+0100][3.140s][info][gc,heap     ] GC(24) Allocated:         -                 0M (0%)            0M (0%)            0M (0%)             -                  -          
[2026-05-06T01:03:54.431+0100][3.140s][info][gc,heap     ] GC(24)   Garbage:         -                94M (2%)           38M (1%)           36M (1%)             -                  -          
[2026-05-06T01:03:54.431+0100][3.140s][info][gc,heap     ] GC(24) Reclaimed:         -                  -                56M (1%)           58M (1%)             -                  -          
[2026-05-06T01:03:54.431+0100][3.140s][info][gc          ] GC(24) Garbage Collection (System.gc()) 300M(7%)->242M(6%)
[2026-05-06T01:03:54.530+0100][3.240s][info][gc,start    ] GC(25) Garbage Collection (System.gc())
[2026-05-06T01:03:54.530+0100][3.240s][info][gc,task     ] GC(25) Using 3 workers
[2026-05-06T01:03:54.530+0100][3.240s][info][gc,phases   ] GC(25) Pause Mark Start 0.003ms
[2026-05-06T01:03:54.534+0100][3.243s][info][gc,phases   ] GC(25) Concurrent Mark 3.761ms
[2026-05-06T01:03:54.534+0100][3.243s][info][gc,phases   ] GC(25) Pause Mark End 0.003ms
[2026-05-06T01:03:54.534+0100][3.243s][info][gc,phases   ] GC(25) Concurrent Mark Free 0.000ms
[2026-05-06T01:03:54.535+0100][3.245s][info][gc,phases   ] GC(25) Concurrent Process Non-Strong References 1.670ms
[2026-05-06T01:03:54.535+0100][3.245s][info][gc,phases   ] GC(25) Concurrent Reset Relocation Set 0.001ms
[2026-05-06T01:03:54.536+0100][3.246s][info][gc,phases   ] GC(25) Concurrent Select Relocation Set 0.591ms
[2026-05-06T01:03:54.536+0100][3.246s][info][gc,phases   ] GC(25) Pause Relocate Start 0.001ms
[2026-05-06T01:03:54.536+0100][3.246s][info][gc,phases   ] GC(25) Concurrent Relocate 0.186ms
[2026-05-06T01:03:54.536+0100][3.246s][info][gc,load     ] GC(25) Load: 4.84/4.60/4.25
[2026-05-06T01:03:54.536+0100][3.246s][info][gc,mmu      ] GC(25) MMU: 2ms/99.7%, 5ms/99.8%, 10ms/99.9%, 20ms/99.9%, 50ms/99.9%, 100ms/99.9%
[2026-05-06T01:03:54.536+0100][3.246s][info][gc,marking  ] GC(25) Mark: 2 stripe(s), 1 proactive flush(es), 1 terminate flush(es), 0 completion(s), 0 continuation(s) 
[2026-05-06T01:03:54.536+0100][3.246s][info][gc,marking  ] GC(25) Mark Stack Usage: 32M
[2026-05-06T01:03:54.536+0100][3.246s][info][gc,nmethod  ] GC(25) NMethods: 3742 registered, 673 unregistered
[2026-05-06T01:03:54.536+0100][3.246s][info][gc,metaspace] GC(25) Metaspace: 18M used, 18M committed, 1088M reserved
[2026-05-06T01:03:54.536+0100][3.246s][info][gc,ref      ] GC(25) Soft: 4237 encountered, 0 discovered, 0 enqueued
[2026-05-06T01:03:54.536+0100][3.246s][info][gc,ref      ] GC(25) Weak: 2363 encountered, 1001 discovered, 0 enqueued
[2026-05-06T01:03:54.536+0100][3.246s][info][gc,ref      ] GC(25) Final: 6 encountered, 0 discovered, 0 enqueued
[2026-05-06T01:03:54.536+0100][3.246s][info][gc,ref      ] GC(25) Phantom: 270 encountered, 166 discovered, 0 enqueued
[2026-05-06T01:03:54.536+0100][3.246s][info][gc,reloc    ] GC(25) Small Pages: 10 / 20M, Empty: 0M, Relocated: 1M, In-Place: 0
[2026-05-06T01:03:54.536+0100][3.246s][info][gc,reloc    ] GC(25) Medium Pages: 1 / 32M, Empty: 0M, Relocated: 0M, In-Place: 0
[2026-05-06T01:03:54.536+0100][3.246s][info][gc,reloc    ] GC(25) Large Pages: 16 / 296M, Empty: 104M, Relocated: 0M, In-Place: 0
[2026-05-06T01:03:54.536+0100][3.246s][info][gc,reloc    ] GC(25) Forwarding Usage: 0M
[2026-05-06T01:03:54.536+0100][3.246s][info][gc,heap     ] GC(25) Min Capacity: 8M(0%)
[2026-05-06T01:03:54.536+0100][3.246s][info][gc,heap     ] GC(25) Max Capacity: 4096M(100%)
[2026-05-06T01:03:54.536+0100][3.246s][info][gc,heap     ] GC(25) Soft Max Capacity: 4096M(100%)
[2026-05-06T01:03:54.536+0100][3.246s][info][gc,heap     ] GC(25)                Mark Start          Mark End        Relocate Start      Relocate End           High               Low         
[2026-05-06T01:03:54.536+0100][3.246s][info][gc,heap     ] GC(25)  Capacity:      910M (22%)         910M (22%)         910M (22%)         910M (22%)         910M (22%)         910M (22%)    
[2026-05-06T01:03:54.536+0100][3.246s][info][gc,heap     ] GC(25)      Free:     3748M (92%)        3748M (92%)        3852M (94%)        3854M (94%)        3854M (94%)        3748M (92%)    
[2026-05-06T01:03:54.536+0100][3.246s][info][gc,heap     ] GC(25)      Used:      348M (8%)          348M (8%)          244M (6%)          242M (6%)          348M (8%)          242M (6%)     
[2026-05-06T01:03:54.536+0100][3.246s][info][gc,heap     ] GC(25)      Live:         -               205M (5%)          205M (5%)          205M (5%)             -                  -          
[2026-05-06T01:03:54.536+0100][3.246s][info][gc,heap     ] GC(25) Allocated:         -                 0M (0%)            0M (0%)            0M (0%)             -                  -          
[2026-05-06T01:03:54.536+0100][3.246s][info][gc,heap     ] GC(25)   Garbage:         -               142M (3%)           38M (1%)           36M (1%)             -                  -          
[2026-05-06T01:03:54.536+0100][3.246s][info][gc,heap     ] GC(25) Reclaimed:         -                  -               104M (3%)          106M (3%)             -                  -          
[2026-05-06T01:03:54.536+0100][3.246s][info][gc          ] GC(25) Garbage Collection (System.gc()) 348M(8%)->242M(6%)
[2026-05-06T01:03:54.647+0100][3.356s][info][gc,start    ] GC(26) Garbage Collection (System.gc())
[2026-05-06T01:03:54.647+0100][3.357s][info][gc,task     ] GC(26) Using 3 workers
[2026-05-06T01:03:54.647+0100][3.357s][info][gc,phases   ] GC(26) Pause Mark Start 0.003ms
[2026-05-06T01:03:54.652+0100][3.362s][info][gc,phases   ] GC(26) Concurrent Mark 5.100ms
[2026-05-06T01:03:54.652+0100][3.362s][info][gc,phases   ] GC(26) Pause Mark End 0.005ms
[2026-05-06T01:03:54.652+0100][3.362s][info][gc,phases   ] GC(26) Concurrent Mark Free 0.000ms
[2026-05-06T01:03:54.654+0100][3.364s][info][gc,phases   ] GC(26) Concurrent Process Non-Strong References 2.206ms
[2026-05-06T01:03:54.654+0100][3.364s][info][gc,phases   ] GC(26) Concurrent Reset Relocation Set 0.001ms
[2026-05-06T01:03:54.655+0100][3.365s][info][gc,phases   ] GC(26) Concurrent Select Relocation Set 0.635ms
[2026-05-06T01:03:54.655+0100][3.365s][info][gc,phases   ] GC(26) Pause Relocate Start 0.003ms
[2026-05-06T01:03:54.655+0100][3.365s][info][gc,phases   ] GC(26) Concurrent Relocate 0.214ms
[2026-05-06T01:03:54.655+0100][3.365s][info][gc,load     ] GC(26) Load: 4.84/4.60/4.25
[2026-05-06T01:03:54.655+0100][3.365s][info][gc,mmu      ] GC(26) MMU: 2ms/99.7%, 5ms/99.8%, 10ms/99.9%, 20ms/99.9%, 50ms/99.9%, 100ms/99.9%
[2026-05-06T01:03:54.655+0100][3.365s][info][gc,marking  ] GC(26) Mark: 2 stripe(s), 1 proactive flush(es), 1 terminate flush(es), 0 completion(s), 0 continuation(s) 
[2026-05-06T01:03:54.655+0100][3.365s][info][gc,marking  ] GC(26) Mark Stack Usage: 32M
[2026-05-06T01:03:54.655+0100][3.365s][info][gc,nmethod  ] GC(26) NMethods: 3743 registered, 673 unregistered
[2026-05-06T01:03:54.655+0100][3.365s][info][gc,metaspace] GC(26) Metaspace: 18M used, 18M committed, 1088M reserved
[2026-05-06T01:03:54.655+0100][3.365s][info][gc,ref      ] GC(26) Soft: 4237 encountered, 0 discovered, 0 enqueued
[2026-05-06T01:03:54.655+0100][3.365s][info][gc,ref      ] GC(26) Weak: 2363 encountered, 480 discovered, 0 enqueued
[2026-05-06T01:03:54.655+0100][3.365s][info][gc,ref      ] GC(26) Final: 6 encountered, 0 discovered, 0 enqueued
[2026-05-06T01:03:54.655+0100][3.365s][info][gc,ref      ] GC(26) Phantom: 270 encountered, 122 discovered, 0 enqueued
[2026-05-06T01:03:54.655+0100][3.365s][info][gc,reloc    ] GC(26) Small Pages: 10 / 20M, Empty: 0M, Relocated: 1M, In-Place: 0
[2026-05-06T01:03:54.655+0100][3.365s][info][gc,reloc    ] GC(26) Medium Pages: 1 / 32M, Empty: 0M, Relocated: 0M, In-Place: 0
[2026-05-06T01:03:54.655+0100][3.365s][info][gc,reloc    ] GC(26) Large Pages: 16 / 296M, Empty: 104M, Relocated: 0M, In-Place: 0
[2026-05-06T01:03:54.655+0100][3.365s][info][gc,reloc    ] GC(26) Forwarding Usage: 0M
[2026-05-06T01:03:54.655+0100][3.365s][info][gc,heap     ] GC(26) Min Capacity: 8M(0%)
[2026-05-06T01:03:54.655+0100][3.365s][info][gc,heap     ] GC(26) Max Capacity: 4096M(100%)
[2026-05-06T01:03:54.655+0100][3.365s][info][gc,heap     ] GC(26) Soft Max Capacity: 4096M(100%)
[2026-05-06T01:03:54.655+0100][3.365s][info][gc,heap     ] GC(26)                Mark Start          Mark End        Relocate Start      Relocate End           High               Low         
[2026-05-06T01:03:54.655+0100][3.365s][info][gc,heap     ] GC(26)  Capacity:      910M (22%)         910M (22%)         910M (22%)         910M (22%)         910M (22%)         910M (22%)    
[2026-05-06T01:03:54.655+0100][3.365s][info][gc,heap     ] GC(26)      Free:     3748M (92%)        3748M (92%)        3852M (94%)        3854M (94%)        3854M (94%)        3748M (92%)    
[2026-05-06T01:03:54.655+0100][3.365s][info][gc,heap     ] GC(26)      Used:      348M (8%)          348M (8%)          244M (6%)          242M (6%)          348M (8%)          242M (6%)     
[2026-05-06T01:03:54.655+0100][3.365s][info][gc,heap     ] GC(26)      Live:         -               205M (5%)          205M (5%)          205M (5%)             -                  -          
[2026-05-06T01:03:54.655+0100][3.365s][info][gc,heap     ] GC(26) Allocated:         -                 0M (0%)            0M (0%)            0M (0%)             -                  -          
[2026-05-06T01:03:54.655+0100][3.365s][info][gc,heap     ] GC(26)   Garbage:         -               142M (3%)           38M (1%)           36M (1%)             -                  -          
[2026-05-06T01:03:54.655+0100][3.365s][info][gc,heap     ] GC(26) Reclaimed:         -                  -               104M (3%)          106M (3%)             -                  -          
[2026-05-06T01:03:54.655+0100][3.365s][info][gc          ] GC(26) Garbage Collection (System.gc()) 348M(8%)->242M(6%)
[2026-05-06T01:03:54.762+0100][3.472s][info][gc,start    ] GC(27) Garbage Collection (System.gc())
[2026-05-06T01:03:54.762+0100][3.472s][info][gc,task     ] GC(27) Using 3 workers
[2026-05-06T01:03:54.762+0100][3.472s][info][gc,phases   ] GC(27) Pause Mark Start 0.003ms
[2026-05-06T01:03:54.766+0100][3.476s][info][gc,phases   ] GC(27) Concurrent Mark 3.764ms
[2026-05-06T01:03:54.766+0100][3.476s][info][gc,phases   ] GC(27) Pause Mark End 0.003ms
[2026-05-06T01:03:54.766+0100][3.476s][info][gc,phases   ] GC(27) Concurrent Mark Free 0.000ms
[2026-05-06T01:03:54.768+0100][3.478s][info][gc,phases   ] GC(27) Concurrent Process Non-Strong References 1.696ms
[2026-05-06T01:03:54.768+0100][3.478s][info][gc,phases   ] GC(27) Concurrent Reset Relocation Set 0.000ms
[2026-05-06T01:03:54.769+0100][3.478s][info][gc,phases   ] GC(27) Concurrent Select Relocation Set 0.671ms
[2026-05-06T01:03:54.769+0100][3.478s][info][gc,phases   ] GC(27) Pause Relocate Start 0.002ms
[2026-05-06T01:03:54.769+0100][3.478s][info][gc,phases   ] GC(27) Concurrent Relocate 0.187ms
[2026-05-06T01:03:54.769+0100][3.478s][info][gc,load     ] GC(27) Load: 4.84/4.60/4.25
[2026-05-06T01:03:54.769+0100][3.478s][info][gc,mmu      ] GC(27) MMU: 2ms/99.7%, 5ms/99.8%, 10ms/99.9%, 20ms/99.9%, 50ms/99.9%, 100ms/99.9%
[2026-05-06T01:03:54.769+0100][3.478s][info][gc,marking  ] GC(27) Mark: 2 stripe(s), 1 proactive flush(es), 1 terminate flush(es), 0 completion(s), 0 continuation(s) 
[2026-05-06T01:03:54.769+0100][3.478s][info][gc,marking  ] GC(27) Mark Stack Usage: 32M
[2026-05-06T01:03:54.769+0100][3.478s][info][gc,nmethod  ] GC(27) NMethods: 3745 registered, 674 unregistered
[2026-05-06T01:03:54.769+0100][3.478s][info][gc,metaspace] GC(27) Metaspace: 18M used, 18M committed, 1088M reserved
[2026-05-06T01:03:54.769+0100][3.478s][info][gc,ref      ] GC(27) Soft: 4237 encountered, 0 discovered, 0 enqueued
[2026-05-06T01:03:54.769+0100][3.478s][info][gc,ref      ] GC(27) Weak: 2363 encountered, 548 discovered, 0 enqueued
[2026-05-06T01:03:54.769+0100][3.478s][info][gc,ref      ] GC(27) Final: 6 encountered, 0 discovered, 0 enqueued
[2026-05-06T01:03:54.769+0100][3.478s][info][gc,ref      ] GC(27) Phantom: 270 encountered, 159 discovered, 0 enqueued
[2026-05-06T01:03:54.769+0100][3.478s][info][gc,reloc    ] GC(27) Small Pages: 11 / 22M, Empty: 2M, Relocated: 1M, In-Place: 0
[2026-05-06T01:03:54.769+0100][3.478s][info][gc,reloc    ] GC(27) Medium Pages: 1 / 32M, Empty: 0M, Relocated: 0M, In-Place: 0
[2026-05-06T01:03:54.769+0100][3.478s][info][gc,reloc    ] GC(27) Large Pages: 16 / 296M, Empty: 104M, Relocated: 0M, In-Place: 0
[2026-05-06T01:03:54.769+0100][3.478s][info][gc,reloc    ] GC(27) Forwarding Usage: 0M
[2026-05-06T01:03:54.769+0100][3.478s][info][gc,heap     ] GC(27) Min Capacity: 8M(0%)
[2026-05-06T01:03:54.769+0100][3.479s][info][gc,heap     ] GC(27) Max Capacity: 4096M(100%)
[2026-05-06T01:03:54.769+0100][3.479s][info][gc,heap     ] GC(27) Soft Max Capacity: 4096M(100%)
[2026-05-06T01:03:54.769+0100][3.479s][info][gc,heap     ] GC(27)                Mark Start          Mark End        Relocate Start      Relocate End           High               Low         
[2026-05-06T01:03:54.769+0100][3.479s][info][gc,heap     ] GC(27)  Capacity:      910M (22%)         910M (22%)         910M (22%)         910M (22%)         910M (22%)         910M (22%)    
[2026-05-06T01:03:54.769+0100][3.479s][info][gc,heap     ] GC(27)      Free:     3746M (91%)        3746M (91%)        3852M (94%)        3854M (94%)        3854M (94%)        3746M (91%)    
[2026-05-06T01:03:54.769+0100][3.479s][info][gc,heap     ] GC(27)      Used:      350M (9%)          350M (9%)          244M (6%)          242M (6%)          350M (9%)          242M (6%)     
[2026-05-06T01:03:54.769+0100][3.479s][info][gc,heap     ] GC(27)      Live:         -               205M (5%)          205M (5%)          205M (5%)             -                  -          
[2026-05-06T01:03:54.769+0100][3.479s][info][gc,heap     ] GC(27) Allocated:         -                 0M (0%)            0M (0%)            0M (0%)             -                  -          
[2026-05-06T01:03:54.769+0100][3.479s][info][gc,heap     ] GC(27)   Garbage:         -               144M (4%)           38M (1%)           36M (1%)             -                  -          
[2026-05-06T01:03:54.769+0100][3.479s][info][gc,heap     ] GC(27) Reclaimed:         -                  -               106M (3%)          108M (3%)             -                  -          
[2026-05-06T01:03:54.769+0100][3.479s][info][gc          ] GC(27) Garbage Collection (System.gc()) 350M(9%)->242M(6%)
[2026-05-06T01:03:54.865+0100][3.574s][info][gc,start    ] GC(28) Garbage Collection (System.gc())
[2026-05-06T01:03:54.865+0100][3.574s][info][gc,task     ] GC(28) Using 3 workers
[2026-05-06T01:03:54.865+0100][3.575s][info][gc,phases   ] GC(28) Pause Mark Start 0.003ms
[2026-05-06T01:03:54.869+0100][3.579s][info][gc,phases   ] GC(28) Concurrent Mark 4.334ms
[2026-05-06T01:03:54.869+0100][3.579s][info][gc,phases   ] GC(28) Pause Mark End 0.005ms
[2026-05-06T01:03:54.869+0100][3.579s][info][gc,phases   ] GC(28) Concurrent Mark Free 0.000ms
[2026-05-06T01:03:54.871+0100][3.581s][info][gc,phases   ] GC(28) Concurrent Process Non-Strong References 1.669ms
[2026-05-06T01:03:54.871+0100][3.581s][info][gc,phases   ] GC(28) Concurrent Reset Relocation Set 0.000ms
[2026-05-06T01:03:54.872+0100][3.581s][info][gc,phases   ] GC(28) Concurrent Select Relocation Set 0.665ms
[2026-05-06T01:03:54.872+0100][3.581s][info][gc,phases   ] GC(28) Pause Relocate Start 0.002ms
[2026-05-06T01:03:54.872+0100][3.581s][info][gc,phases   ] GC(28) Concurrent Relocate 0.187ms
[2026-05-06T01:03:54.872+0100][3.581s][info][gc,load     ] GC(28) Load: 4.86/4.60/4.26
[2026-05-06T01:03:54.872+0100][3.582s][info][gc,mmu      ] GC(28) MMU: 2ms/99.7%, 5ms/99.8%, 10ms/99.9%, 20ms/99.9%, 50ms/99.9%, 100ms/99.9%
[2026-05-06T01:03:54.872+0100][3.582s][info][gc,marking  ] GC(28) Mark: 2 stripe(s), 2 proactive flush(es), 1 terminate flush(es), 0 completion(s), 0 continuation(s) 
[2026-05-06T01:03:54.872+0100][3.582s][info][gc,marking  ] GC(28) Mark Stack Usage: 32M
[2026-05-06T01:03:54.872+0100][3.582s][info][gc,nmethod  ] GC(28) NMethods: 3754 registered, 674 unregistered
[2026-05-06T01:03:54.872+0100][3.582s][info][gc,metaspace] GC(28) Metaspace: 18M used, 18M committed, 1088M reserved
[2026-05-06T01:03:54.872+0100][3.582s][info][gc,ref      ] GC(28) Soft: 4237 encountered, 0 discovered, 0 enqueued
[2026-05-06T01:03:54.872+0100][3.582s][info][gc,ref      ] GC(28) Weak: 2363 encountered, 1060 discovered, 0 enqueued
[2026-05-06T01:03:54.872+0100][3.582s][info][gc,ref      ] GC(28) Final: 6 encountered, 6 discovered, 0 enqueued
[2026-05-06T01:03:54.872+0100][3.582s][info][gc,ref      ] GC(28) Phantom: 270 encountered, 186 discovered, 0 enqueued
[2026-05-06T01:03:54.872+0100][3.582s][info][gc,reloc    ] GC(28) Small Pages: 11 / 22M, Empty: 2M, Relocated: 1M, In-Place: 0
[2026-05-06T01:03:54.872+0100][3.582s][info][gc,reloc    ] GC(28) Medium Pages: 1 / 32M, Empty: 0M, Relocated: 0M, In-Place: 0
[2026-05-06T01:03:54.872+0100][3.582s][info][gc,reloc    ] GC(28) Large Pages: 16 / 296M, Empty: 104M, Relocated: 0M, In-Place: 0
[2026-05-06T01:03:54.872+0100][3.582s][info][gc,reloc    ] GC(28) Forwarding Usage: 0M
[2026-05-06T01:03:54.872+0100][3.582s][info][gc,heap     ] GC(28) Min Capacity: 8M(0%)
[2026-05-06T01:03:54.872+0100][3.582s][info][gc,heap     ] GC(28) Max Capacity: 4096M(100%)
[2026-05-06T01:03:54.872+0100][3.582s][info][gc,heap     ] GC(28) Soft Max Capacity: 4096M(100%)
[2026-05-06T01:03:54.872+0100][3.582s][info][gc,heap     ] GC(28)                Mark Start          Mark End        Relocate Start      Relocate End           High               Low         
[2026-05-06T01:03:54.872+0100][3.582s][info][gc,heap     ] GC(28)  Capacity:      910M (22%)         910M (22%)         910M (22%)         910M (22%)         910M (22%)         910M (22%)    
[2026-05-06T01:03:54.872+0100][3.582s][info][gc,heap     ] GC(28)      Free:     3746M (91%)        3746M (91%)        3852M (94%)        3854M (94%)        3854M (94%)        3746M (91%)    
[2026-05-06T01:03:54.872+0100][3.582s][info][gc,heap     ] GC(28)      Used:      350M (9%)          350M (9%)          244M (6%)          242M (6%)          350M (9%)          242M (6%)     
[2026-05-06T01:03:54.872+0100][3.582s][info][gc,heap     ] GC(28)      Live:         -               205M (5%)          205M (5%)          205M (5%)             -                  -          
[2026-05-06T01:03:54.872+0100][3.582s][info][gc,heap     ] GC(28) Allocated:         -                 0M (0%)            0M (0%)            0M (0%)             -                  -          
[2026-05-06T01:03:54.872+0100][3.582s][info][gc,heap     ] GC(28)   Garbage:         -               144M (4%)           38M (1%)           36M (1%)             -                  -          
[2026-05-06T01:03:54.872+0100][3.582s][info][gc,heap     ] GC(28) Reclaimed:         -                  -               106M (3%)          108M (3%)             -                  -          
[2026-05-06T01:03:54.872+0100][3.582s][info][gc          ] GC(28) Garbage Collection (System.gc()) 350M(9%)->242M(6%)
[2026-05-06T01:03:54.929+0100][3.639s][info][gc,start    ] GC(29) Garbage Collection (System.gc())
[2026-05-06T01:03:54.929+0100][3.639s][info][gc,task     ] GC(29) Using 3 workers
[2026-05-06T01:03:54.929+0100][3.639s][info][gc,phases   ] GC(29) Pause Mark Start 0.003ms
[2026-05-06T01:03:54.934+0100][3.644s][info][gc,phases   ] GC(29) Concurrent Mark 4.405ms
[2026-05-06T01:03:54.934+0100][3.644s][info][gc,phases   ] GC(29) Pause Mark End 0.004ms
[2026-05-06T01:03:54.934+0100][3.644s][info][gc,phases   ] GC(29) Concurrent Mark Free 0.000ms
[2026-05-06T01:03:54.936+0100][3.645s][info][gc,phases   ] GC(29) Concurrent Process Non-Strong References 1.644ms
[2026-05-06T01:03:54.936+0100][3.645s][info][gc,phases   ] GC(29) Concurrent Reset Relocation Set 0.000ms
[2026-05-06T01:03:54.936+0100][3.646s][info][gc,phases   ] GC(29) Concurrent Select Relocation Set 0.589ms
[2026-05-06T01:03:54.936+0100][3.646s][info][gc,phases   ] GC(29) Pause Relocate Start 0.002ms
[2026-05-06T01:03:54.936+0100][3.646s][info][gc,phases   ] GC(29) Concurrent Relocate 0.190ms
[2026-05-06T01:03:54.936+0100][3.646s][info][gc,load     ] GC(29) Load: 4.86/4.60/4.26
[2026-05-06T01:03:54.936+0100][3.646s][info][gc,mmu      ] GC(29) MMU: 2ms/99.7%, 5ms/99.8%, 10ms/99.9%, 20ms/99.9%, 50ms/99.9%, 100ms/99.9%
[2026-05-06T01:03:54.936+0100][3.646s][info][gc,marking  ] GC(29) Mark: 2 stripe(s), 1 proactive flush(es), 1 terminate flush(es), 0 completion(s), 0 continuation(s) 
[2026-05-06T01:03:54.936+0100][3.646s][info][gc,marking  ] GC(29) Mark Stack Usage: 32M
[2026-05-06T01:03:54.936+0100][3.646s][info][gc,nmethod  ] GC(29) NMethods: 3755 registered, 674 unregistered
[2026-05-06T01:03:54.936+0100][3.646s][info][gc,metaspace] GC(29) Metaspace: 18M used, 18M committed, 1088M reserved
[2026-05-06T01:03:54.936+0100][3.646s][info][gc,ref      ] GC(29) Soft: 4237 encountered, 0 discovered, 0 enqueued
[2026-05-06T01:03:54.936+0100][3.646s][info][gc,ref      ] GC(29) Weak: 2363 encountered, 1114 discovered, 0 enqueued
[2026-05-06T01:03:54.936+0100][3.646s][info][gc,ref      ] GC(29) Final: 6 encountered, 6 discovered, 0 enqueued
[2026-05-06T01:03:54.936+0100][3.646s][info][gc,ref      ] GC(29) Phantom: 270 encountered, 220 discovered, 0 enqueued
[2026-05-06T01:03:54.936+0100][3.646s][info][gc,reloc    ] GC(29) Small Pages: 10 / 20M, Empty: 0M, Relocated: 1M, In-Place: 0
[2026-05-06T01:03:54.937+0100][3.646s][info][gc,reloc    ] GC(29) Medium Pages: 1 / 32M, Empty: 0M, Relocated: 0M, In-Place: 0
[2026-05-06T01:03:54.937+0100][3.646s][info][gc,reloc    ] GC(29) Large Pages: 16 / 296M, Empty: 104M, Relocated: 0M, In-Place: 0
[2026-05-06T01:03:54.937+0100][3.646s][info][gc,reloc    ] GC(29) Forwarding Usage: 0M
[2026-05-06T01:03:54.937+0100][3.646s][info][gc,heap     ] GC(29) Min Capacity: 8M(0%)
[2026-05-06T01:03:54.937+0100][3.646s][info][gc,heap     ] GC(29) Max Capacity: 4096M(100%)
[2026-05-06T01:03:54.937+0100][3.646s][info][gc,heap     ] GC(29) Soft Max Capacity: 4096M(100%)
[2026-05-06T01:03:54.937+0100][3.646s][info][gc,heap     ] GC(29)                Mark Start          Mark End        Relocate Start      Relocate End           High               Low         
[2026-05-06T01:03:54.937+0100][3.646s][info][gc,heap     ] GC(29)  Capacity:      910M (22%)         910M (22%)         910M (22%)         910M (22%)         910M (22%)         910M (22%)    
[2026-05-06T01:03:54.937+0100][3.646s][info][gc,heap     ] GC(29)      Free:     3748M (92%)        3748M (92%)        3852M (94%)        3854M (94%)        3854M (94%)        3748M (92%)    
[2026-05-06T01:03:54.937+0100][3.646s][info][gc,heap     ] GC(29)      Used:      348M (8%)          348M (8%)          244M (6%)          242M (6%)          348M (8%)          242M (6%)     
[2026-05-06T01:03:54.937+0100][3.646s][info][gc,heap     ] GC(29)      Live:         -               205M (5%)          205M (5%)          205M (5%)             -                  -          
[2026-05-06T01:03:54.937+0100][3.646s][info][gc,heap     ] GC(29) Allocated:         -                 0M (0%)            0M (0%)            0M (0%)             -                  -          
[2026-05-06T01:03:54.937+0100][3.646s][info][gc,heap     ] GC(29)   Garbage:         -               142M (3%)           38M (1%)           36M (1%)             -                  -          
[2026-05-06T01:03:54.937+0100][3.646s][info][gc,heap     ] GC(29) Reclaimed:         -                  -               104M (3%)          106M (3%)             -                  -          
[2026-05-06T01:03:54.937+0100][3.646s][info][gc          ] GC(29) Garbage Collection (System.gc()) 348M(8%)->242M(6%)
[2026-05-06T01:03:54.991+0100][3.700s][info][gc,start    ] GC(30) Garbage Collection (System.gc())
[2026-05-06T01:03:54.991+0100][3.700s][info][gc,task     ] GC(30) Using 3 workers
[2026-05-06T01:03:54.991+0100][3.700s][info][gc,phases   ] GC(30) Pause Mark Start 0.002ms
[2026-05-06T01:03:54.995+0100][3.704s][info][gc,phases   ] GC(30) Concurrent Mark 3.839ms
[2026-05-06T01:03:54.995+0100][3.704s][info][gc,phases   ] GC(30) Pause Mark End 0.004ms
[2026-05-06T01:03:54.995+0100][3.704s][info][gc,phases   ] GC(30) Concurrent Mark Free 0.000ms
[2026-05-06T01:03:54.996+0100][3.706s][info][gc,phases   ] GC(30) Concurrent Process Non-Strong References 1.641ms
[2026-05-06T01:03:54.996+0100][3.706s][info][gc,phases   ] GC(30) Concurrent Reset Relocation Set 0.001ms
[2026-05-06T01:03:54.997+0100][3.707s][info][gc,phases   ] GC(30) Concurrent Select Relocation Set 0.587ms
[2026-05-06T01:03:54.997+0100][3.707s][info][gc,phases   ] GC(30) Pause Relocate Start 0.002ms
[2026-05-06T01:03:54.997+0100][3.707s][info][gc,phases   ] GC(30) Concurrent Relocate 0.187ms
[2026-05-06T01:03:54.997+0100][3.707s][info][gc,load     ] GC(30) Load: 4.86/4.60/4.26
[2026-05-06T01:03:54.997+0100][3.707s][info][gc,mmu      ] GC(30) MMU: 2ms/99.7%, 5ms/99.8%, 10ms/99.9%, 20ms/99.9%, 50ms/99.9%, 100ms/99.9%
[2026-05-06T01:03:54.997+0100][3.707s][info][gc,marking  ] GC(30) Mark: 2 stripe(s), 1 proactive flush(es), 1 terminate flush(es), 0 completion(s), 0 continuation(s) 
[2026-05-06T01:03:54.997+0100][3.707s][info][gc,marking  ] GC(30) Mark Stack Usage: 32M
[2026-05-06T01:03:54.997+0100][3.707s][info][gc,nmethod  ] GC(30) NMethods: 3758 registered, 676 unregistered
[2026-05-06T01:03:54.997+0100][3.707s][info][gc,metaspace] GC(30) Metaspace: 18M used, 18M committed, 1088M reserved
[2026-05-06T01:03:54.997+0100][3.707s][info][gc,ref      ] GC(30) Soft: 4237 encountered, 0 discovered, 0 enqueued
[2026-05-06T01:03:54.997+0100][3.707s][info][gc,ref      ] GC(30) Weak: 2363 encountered, 517 discovered, 0 enqueued
[2026-05-06T01:03:54.997+0100][3.707s][info][gc,ref      ] GC(30) Final: 6 encountered, 0 discovered, 0 enqueued
[2026-05-06T01:03:54.997+0100][3.707s][info][gc,ref      ] GC(30) Phantom: 270 encountered, 159 discovered, 0 enqueued
[2026-05-06T01:03:54.997+0100][3.707s][info][gc,reloc    ] GC(30) Small Pages: 13 / 26M, Empty: 4M, Relocated: 1M, In-Place: 0
[2026-05-06T01:03:54.997+0100][3.707s][info][gc,reloc    ] GC(30) Medium Pages: 1 / 32M, Empty: 0M, Relocated: 0M, In-Place: 0
[2026-05-06T01:03:54.997+0100][3.707s][info][gc,reloc    ] GC(30) Large Pages: 16 / 296M, Empty: 104M, Relocated: 0M, In-Place: 0
[2026-05-06T01:03:54.997+0100][3.707s][info][gc,reloc    ] GC(30) Forwarding Usage: 0M
[2026-05-06T01:03:54.997+0100][3.707s][info][gc,heap     ] GC(30) Min Capacity: 8M(0%)
[2026-05-06T01:03:54.997+0100][3.707s][info][gc,heap     ] GC(30) Max Capacity: 4096M(100%)
[2026-05-06T01:03:54.997+0100][3.707s][info][gc,heap     ] GC(30) Soft Max Capacity: 4096M(100%)
[2026-05-06T01:03:54.997+0100][3.707s][info][gc,heap     ] GC(30)                Mark Start          Mark End        Relocate Start      Relocate End           High               Low         
[2026-05-06T01:03:54.997+0100][3.707s][info][gc,heap     ] GC(30)  Capacity:      910M (22%)         910M (22%)         910M (22%)         910M (22%)         910M (22%)         910M (22%)    
[2026-05-06T01:03:54.997+0100][3.707s][info][gc,heap     ] GC(30)      Free:     3742M (91%)        3742M (91%)        3850M (94%)        3854M (94%)        3854M (94%)        3742M (91%)    
[2026-05-06T01:03:54.997+0100][3.707s][info][gc,heap     ] GC(30)      Used:      354M (9%)          354M (9%)          246M (6%)          242M (6%)          354M (9%)          242M (6%)     
[2026-05-06T01:03:54.997+0100][3.707s][info][gc,heap     ] GC(30)      Live:         -               205M (5%)          205M (5%)          205M (5%)             -                  -          
[2026-05-06T01:03:54.997+0100][3.707s][info][gc,heap     ] GC(30) Allocated:         -                 0M (0%)            0M (0%)            0M (0%)             -                  -          
[2026-05-06T01:03:54.997+0100][3.707s][info][gc,heap     ] GC(30)   Garbage:         -               148M (4%)           40M (1%)           36M (1%)             -                  -          
[2026-05-06T01:03:54.997+0100][3.707s][info][gc,heap     ] GC(30) Reclaimed:         -                  -               108M (3%)          112M (3%)             -                  -          
[2026-05-06T01:03:54.997+0100][3.707s][info][gc          ] GC(30) Garbage Collection (System.gc()) 354M(9%)->242M(6%)
[2026-05-06T01:03:55.049+0100][3.758s][info][gc,start    ] GC(31) Garbage Collection (System.gc())
[2026-05-06T01:03:55.049+0100][3.758s][info][gc,task     ] GC(31) Using 3 workers
[2026-05-06T01:03:55.049+0100][3.758s][info][gc,phases   ] GC(31) Pause Mark Start 0.003ms
[2026-05-06T01:03:55.054+0100][3.763s][info][gc,phases   ] GC(31) Concurrent Mark 4.641ms
[2026-05-06T01:03:55.054+0100][3.763s][info][gc,phases   ] GC(31) Pause Mark End 0.006ms
[2026-05-06T01:03:55.054+0100][3.763s][info][gc,phases   ] GC(31) Concurrent Mark Free 0.000ms
[2026-05-06T01:03:55.056+0100][3.765s][info][gc,phases   ] GC(31) Concurrent Process Non-Strong References 1.920ms
[2026-05-06T01:03:55.056+0100][3.765s][info][gc,phases   ] GC(31) Concurrent Reset Relocation Set 0.001ms
[2026-05-06T01:03:55.056+0100][3.766s][info][gc,phases   ] GC(31) Concurrent Select Relocation Set 0.584ms
[2026-05-06T01:03:55.056+0100][3.766s][info][gc,phases   ] GC(31) Pause Relocate Start 0.004ms
[2026-05-06T01:03:55.056+0100][3.766s][info][gc,phases   ] GC(31) Concurrent Relocate 0.202ms
[2026-05-06T01:03:55.056+0100][3.766s][info][gc,load     ] GC(31) Load: 4.86/4.60/4.26
[2026-05-06T01:03:55.056+0100][3.766s][info][gc,mmu      ] GC(31) MMU: 2ms/99.7%, 5ms/99.8%, 10ms/99.9%, 20ms/99.9%, 50ms/99.9%, 100ms/99.9%
[2026-05-06T01:03:55.056+0100][3.766s][info][gc,marking  ] GC(31) Mark: 2 stripe(s), 2 proactive flush(es), 1 terminate flush(es), 0 completion(s), 0 continuation(s) 
[2026-05-06T01:03:55.056+0100][3.766s][info][gc,marking  ] GC(31) Mark Stack Usage: 32M
[2026-05-06T01:03:55.056+0100][3.766s][info][gc,nmethod  ] GC(31) NMethods: 3764 registered, 677 unregistered
[2026-05-06T01:03:55.056+0100][3.766s][info][gc,metaspace] GC(31) Metaspace: 18M used, 18M committed, 1088M reserved
[2026-05-06T01:03:55.056+0100][3.766s][info][gc,ref      ] GC(31) Soft: 4237 encountered, 0 discovered, 0 enqueued
[2026-05-06T01:03:55.056+0100][3.766s][info][gc,ref      ] GC(31) Weak: 2363 encountered, 1680 discovered, 0 enqueued
[2026-05-06T01:03:55.056+0100][3.766s][info][gc,ref      ] GC(31) Final: 6 encountered, 0 discovered, 0 enqueued
[2026-05-06T01:03:55.056+0100][3.766s][info][gc,ref      ] GC(31) Phantom: 270 encountered, 158 discovered, 0 enqueued
[2026-05-06T01:03:55.056+0100][3.766s][info][gc,reloc    ] GC(31) Small Pages: 12 / 24M, Empty: 4M, Relocated: 1M, In-Place: 0
[2026-05-06T01:03:55.056+0100][3.766s][info][gc,reloc    ] GC(31) Medium Pages: 1 / 32M, Empty: 0M, Relocated: 0M, In-Place: 0
[2026-05-06T01:03:55.056+0100][3.766s][info][gc,reloc    ] GC(31) Large Pages: 16 / 296M, Empty: 104M, Relocated: 0M, In-Place: 0
[2026-05-06T01:03:55.056+0100][3.766s][info][gc,reloc    ] GC(31) Forwarding Usage: 0M
[2026-05-06T01:03:55.056+0100][3.766s][info][gc,heap     ] GC(31) Min Capacity: 8M(0%)
[2026-05-06T01:03:55.056+0100][3.766s][info][gc,heap     ] GC(31) Max Capacity: 4096M(100%)
[2026-05-06T01:03:55.056+0100][3.766s][info][gc,heap     ] GC(31) Soft Max Capacity: 4096M(100%)
[2026-05-06T01:03:55.056+0100][3.766s][info][gc,heap     ] GC(31)                Mark Start          Mark End        Relocate Start      Relocate End           High               Low         
[2026-05-06T01:03:55.056+0100][3.766s][info][gc,heap     ] GC(31)  Capacity:      910M (22%)         910M (22%)         910M (22%)         910M (22%)         910M (22%)         910M (22%)    
[2026-05-06T01:03:55.056+0100][3.766s][info][gc,heap     ] GC(31)      Free:     3744M (91%)        3744M (91%)        3852M (94%)        3854M (94%)        3854M (94%)        3744M (91%)    
[2026-05-06T01:03:55.056+0100][3.766s][info][gc,heap     ] GC(31)      Used:      352M (9%)          352M (9%)          244M (6%)          242M (6%)          352M (9%)          242M (6%)     
[2026-05-06T01:03:55.056+0100][3.766s][info][gc,heap     ] GC(31)      Live:         -               205M (5%)          205M (5%)          205M (5%)             -                  -          
[2026-05-06T01:03:55.056+0100][3.766s][info][gc,heap     ] GC(31) Allocated:         -                 0M (0%)            0M (0%)            0M (0%)             -                  -          
[2026-05-06T01:03:55.056+0100][3.766s][info][gc,heap     ] GC(31)   Garbage:         -               146M (4%)           38M (1%)           36M (1%)             -                  -          
[2026-05-06T01:03:55.056+0100][3.766s][info][gc,heap     ] GC(31) Reclaimed:         -                  -               108M (3%)          110M (3%)             -                  -          
[2026-05-06T01:03:55.056+0100][3.766s][info][gc          ] GC(31) Garbage Collection (System.gc()) 352M(9%)->242M(6%)
[2026-05-06T01:03:55.089+0100][3.799s][info][gc,start    ] GC(32) Garbage Collection (System.gc())
[2026-05-06T01:03:55.089+0100][3.799s][info][gc,task     ] GC(32) Using 3 workers
[2026-05-06T01:03:55.089+0100][3.799s][info][gc,phases   ] GC(32) Pause Mark Start 0.003ms
[2026-05-06T01:03:55.094+0100][3.803s][info][gc,phases   ] GC(32) Concurrent Mark 4.504ms
[2026-05-06T01:03:55.094+0100][3.803s][info][gc,phases   ] GC(32) Pause Mark End 0.004ms
[2026-05-06T01:03:55.094+0100][3.803s][info][gc,phases   ] GC(32) Concurrent Mark Free 0.000ms
[2026-05-06T01:03:55.096+0100][3.805s][info][gc,phases   ] GC(32) Concurrent Process Non-Strong References 1.786ms
[2026-05-06T01:03:55.096+0100][3.805s][info][gc,phases   ] GC(32) Concurrent Reset Relocation Set 0.001ms
[2026-05-06T01:03:55.096+0100][3.806s][info][gc,phases   ] GC(32) Concurrent Select Relocation Set 0.620ms
[2026-05-06T01:03:55.096+0100][3.806s][info][gc,phases   ] GC(32) Pause Relocate Start 0.003ms
[2026-05-06T01:03:55.096+0100][3.806s][info][gc,phases   ] GC(32) Concurrent Relocate 0.199ms
[2026-05-06T01:03:55.096+0100][3.806s][info][gc,load     ] GC(32) Load: 4.86/4.60/4.26
[2026-05-06T01:03:55.096+0100][3.806s][info][gc,mmu      ] GC(32) MMU: 2ms/99.7%, 5ms/99.8%, 10ms/99.9%, 20ms/99.9%, 50ms/99.9%, 100ms/99.9%
[2026-05-06T01:03:55.096+0100][3.806s][info][gc,marking  ] GC(32) Mark: 2 stripe(s), 1 proactive flush(es), 1 terminate flush(es), 0 completion(s), 0 continuation(s) 
[2026-05-06T01:03:55.096+0100][3.806s][info][gc,marking  ] GC(32) Mark Stack Usage: 32M
[2026-05-06T01:03:55.096+0100][3.806s][info][gc,nmethod  ] GC(32) NMethods: 3765 registered, 677 unregistered
[2026-05-06T01:03:55.096+0100][3.806s][info][gc,metaspace] GC(32) Metaspace: 18M used, 18M committed, 1088M reserved
[2026-05-06T01:03:55.096+0100][3.806s][info][gc,ref      ] GC(32) Soft: 4237 encountered, 0 discovered, 0 enqueued
[2026-05-06T01:03:55.096+0100][3.806s][info][gc,ref      ] GC(32) Weak: 2363 encountered, 586 discovered, 0 enqueued
[2026-05-06T01:03:55.096+0100][3.806s][info][gc,ref      ] GC(32) Final: 6 encountered, 0 discovered, 0 enqueued
[2026-05-06T01:03:55.096+0100][3.806s][info][gc,ref      ] GC(32) Phantom: 270 encountered, 206 discovered, 0 enqueued
[2026-05-06T01:03:55.096+0100][3.806s][info][gc,reloc    ] GC(32) Small Pages: 11 / 22M, Empty: 2M, Relocated: 1M, In-Place: 0
[2026-05-06T01:03:55.096+0100][3.806s][info][gc,reloc    ] GC(32) Medium Pages: 1 / 32M, Empty: 0M, Relocated: 0M, In-Place: 0
[2026-05-06T01:03:55.096+0100][3.806s][info][gc,reloc    ] GC(32) Large Pages: 16 / 296M, Empty: 104M, Relocated: 0M, In-Place: 0
[2026-05-06T01:03:55.096+0100][3.806s][info][gc,reloc    ] GC(32) Forwarding Usage: 0M
[2026-05-06T01:03:55.097+0100][3.806s][info][gc,heap     ] GC(32) Min Capacity: 8M(0%)
[2026-05-06T01:03:55.097+0100][3.806s][info][gc,heap     ] GC(32) Max Capacity: 4096M(100%)
[2026-05-06T01:03:55.097+0100][3.806s][info][gc,heap     ] GC(32) Soft Max Capacity: 4096M(100%)
[2026-05-06T01:03:55.097+0100][3.806s][info][gc,heap     ] GC(32)                Mark Start          Mark End        Relocate Start      Relocate End           High               Low         
[2026-05-06T01:03:55.097+0100][3.806s][info][gc,heap     ] GC(32)  Capacity:      910M (22%)         910M (22%)         910M (22%)         910M (22%)         910M (22%)         910M (22%)    
[2026-05-06T01:03:55.097+0100][3.806s][info][gc,heap     ] GC(32)      Free:     3746M (91%)        3746M (91%)        3852M (94%)        3854M (94%)        3854M (94%)        3746M (91%)    
[2026-05-06T01:03:55.097+0100][3.806s][info][gc,heap     ] GC(32)      Used:      350M (9%)          350M (9%)          244M (6%)          242M (6%)          350M (9%)          242M (6%)     
[2026-05-06T01:03:55.097+0100][3.806s][info][gc,heap     ] GC(32)      Live:         -               205M (5%)          205M (5%)          205M (5%)             -                  -          
[2026-05-06T01:03:55.097+0100][3.806s][info][gc,heap     ] GC(32) Allocated:         -                 0M (0%)            0M (0%)            0M (0%)             -                  -          
[2026-05-06T01:03:55.097+0100][3.806s][info][gc,heap     ] GC(32)   Garbage:         -               144M (4%)           38M (1%)           36M (1%)             -                  -          
[2026-05-06T01:03:55.097+0100][3.806s][info][gc,heap     ] GC(32) Reclaimed:         -                  -               106M (3%)          108M (3%)             -                  -          
[2026-05-06T01:03:55.097+0100][3.806s][info][gc          ] GC(32) Garbage Collection (System.gc()) 350M(9%)->242M(6%)
[2026-05-06T01:03:55.130+0100][3.840s][info][gc,start    ] GC(33) Garbage Collection (System.gc())
[2026-05-06T01:03:55.130+0100][3.840s][info][gc,task     ] GC(33) Using 3 workers
[2026-05-06T01:03:55.130+0100][3.840s][info][gc,phases   ] GC(33) Pause Mark Start 0.003ms
[2026-05-06T01:03:55.135+0100][3.844s][info][gc,phases   ] GC(33) Concurrent Mark 4.417ms
[2026-05-06T01:03:55.135+0100][3.844s][info][gc,phases   ] GC(33) Pause Mark End 0.006ms
[2026-05-06T01:03:55.135+0100][3.844s][info][gc,phases   ] GC(33) Concurrent Mark Free 0.000ms
[2026-05-06T01:03:55.136+0100][3.846s][info][gc,phases   ] GC(33) Concurrent Process Non-Strong References 1.749ms
[2026-05-06T01:03:55.136+0100][3.846s][info][gc,phases   ] GC(33) Concurrent Reset Relocation Set 0.001ms
[2026-05-06T01:03:55.137+0100][3.847s][info][gc,phases   ] GC(33) Concurrent Select Relocation Set 0.630ms
[2026-05-06T01:03:55.137+0100][3.847s][info][gc,phases   ] GC(33) Pause Relocate Start 0.003ms
[2026-05-06T01:03:55.137+0100][3.847s][info][gc,phases   ] GC(33) Concurrent Relocate 0.205ms
[2026-05-06T01:03:55.137+0100][3.847s][info][gc,load     ] GC(33) Load: 4.86/4.60/4.26
[2026-05-06T01:03:55.137+0100][3.847s][info][gc,mmu      ] GC(33) MMU: 2ms/99.7%, 5ms/99.8%, 10ms/99.9%, 20ms/99.9%, 50ms/99.9%, 100ms/99.9%
[2026-05-06T01:03:55.137+0100][3.847s][info][gc,marking  ] GC(33) Mark: 2 stripe(s), 1 proactive flush(es), 1 terminate flush(es), 0 completion(s), 0 continuation(s) 
[2026-05-06T01:03:55.137+0100][3.847s][info][gc,marking  ] GC(33) Mark Stack Usage: 32M
[2026-05-06T01:03:55.137+0100][3.847s][info][gc,nmethod  ] GC(33) NMethods: 3770 registered, 678 unregistered
[2026-05-06T01:03:55.137+0100][3.847s][info][gc,metaspace] GC(33) Metaspace: 18M used, 18M committed, 1088M reserved
[2026-05-06T01:03:55.137+0100][3.847s][info][gc,ref      ] GC(33) Soft: 4237 encountered, 0 discovered, 0 enqueued
[2026-05-06T01:03:55.137+0100][3.847s][info][gc,ref      ] GC(33) Weak: 2363 encountered, 1628 discovered, 0 enqueued
[2026-05-06T01:03:55.137+0100][3.847s][info][gc,ref      ] GC(33) Final: 6 encountered, 6 discovered, 0 enqueued
[2026-05-06T01:03:55.137+0100][3.847s][info][gc,ref      ] GC(33) Phantom: 270 encountered, 124 discovered, 0 enqueued
[2026-05-06T01:03:55.137+0100][3.847s][info][gc,reloc    ] GC(33) Small Pages: 16 / 32M, Empty: 12M, Relocated: 1M, In-Place: 0
[2026-05-06T01:03:55.137+0100][3.847s][info][gc,reloc    ] GC(33) Medium Pages: 1 / 32M, Empty: 0M, Relocated: 0M, In-Place: 0
[2026-05-06T01:03:55.137+0100][3.847s][info][gc,reloc    ] GC(33) Large Pages: 16 / 296M, Empty: 104M, Relocated: 0M, In-Place: 0
[2026-05-06T01:03:55.137+0100][3.847s][info][gc,reloc    ] GC(33) Forwarding Usage: 0M
[2026-05-06T01:03:55.137+0100][3.847s][info][gc,heap     ] GC(33) Min Capacity: 8M(0%)
[2026-05-06T01:03:55.137+0100][3.847s][info][gc,heap     ] GC(33) Max Capacity: 4096M(100%)
[2026-05-06T01:03:55.137+0100][3.847s][info][gc,heap     ] GC(33) Soft Max Capacity: 4096M(100%)
[2026-05-06T01:03:55.137+0100][3.847s][info][gc,heap     ] GC(33)                Mark Start          Mark End        Relocate Start      Relocate End           High               Low         
[2026-05-06T01:03:55.137+0100][3.847s][info][gc,heap     ] GC(33)  Capacity:      910M (22%)         910M (22%)         910M (22%)         910M (22%)         910M (22%)         910M (22%)    
[2026-05-06T01:03:55.137+0100][3.847s][info][gc,heap     ] GC(33)      Free:     3736M (91%)        3736M (91%)        3852M (94%)        3854M (94%)        3854M (94%)        3736M (91%)    
[2026-05-06T01:03:55.137+0100][3.847s][info][gc,heap     ] GC(33)      Used:      360M (9%)          360M (9%)          244M (6%)          242M (6%)          360M (9%)          242M (6%)     
[2026-05-06T01:03:55.137+0100][3.847s][info][gc,heap     ] GC(33)      Live:         -               205M (5%)          205M (5%)          205M (5%)             -                  -          
[2026-05-06T01:03:55.137+0100][3.847s][info][gc,heap     ] GC(33) Allocated:         -                 0M (0%)            0M (0%)            0M (0%)             -                  -          
[2026-05-06T01:03:55.137+0100][3.847s][info][gc,heap     ] GC(33)   Garbage:         -               154M (4%)           38M (1%)           36M (1%)             -                  -          
[2026-05-06T01:03:55.137+0100][3.847s][info][gc,heap     ] GC(33) Reclaimed:         -                  -               116M (3%)          118M (3%)             -                  -          
[2026-05-06T01:03:55.137+0100][3.847s][info][gc          ] GC(33) Garbage Collection (System.gc()) 360M(9%)->242M(6%)
[2026-05-06T01:03:55.170+0100][3.879s][info][gc,start    ] GC(34) Garbage Collection (System.gc())
[2026-05-06T01:03:55.170+0100][3.879s][info][gc,task     ] GC(34) Using 3 workers
[2026-05-06T01:03:55.170+0100][3.879s][info][gc,phases   ] GC(34) Pause Mark Start 0.003ms
[2026-05-06T01:03:55.174+0100][3.884s][info][gc,phases   ] GC(34) Concurrent Mark 4.300ms
[2026-05-06T01:03:55.174+0100][3.884s][info][gc,phases   ] GC(34) Pause Mark End 0.006ms
[2026-05-06T01:03:55.174+0100][3.884s][info][gc,phases   ] GC(34) Concurrent Mark Free 0.000ms
[2026-05-06T01:03:55.176+0100][3.886s][info][gc,phases   ] GC(34) Concurrent Process Non-Strong References 1.770ms
[2026-05-06T01:03:55.176+0100][3.886s][info][gc,phases   ] GC(34) Concurrent Reset Relocation Set 0.000ms
[2026-05-06T01:03:55.177+0100][3.886s][info][gc,phases   ] GC(34) Concurrent Select Relocation Set 0.612ms
[2026-05-06T01:03:55.177+0100][3.886s][info][gc,phases   ] GC(34) Pause Relocate Start 0.003ms
[2026-05-06T01:03:55.177+0100][3.886s][info][gc,phases   ] GC(34) Concurrent Relocate 0.197ms
[2026-05-06T01:03:55.177+0100][3.886s][info][gc,load     ] GC(34) Load: 4.86/4.60/4.26
[2026-05-06T01:03:55.177+0100][3.886s][info][gc,mmu      ] GC(34) MMU: 2ms/99.7%, 5ms/99.8%, 10ms/99.9%, 20ms/99.9%, 50ms/99.9%, 100ms/99.9%
[2026-05-06T01:03:55.177+0100][3.886s][info][gc,marking  ] GC(34) Mark: 2 stripe(s), 2 proactive flush(es), 1 terminate flush(es), 0 completion(s), 0 continuation(s) 
[2026-05-06T01:03:55.177+0100][3.886s][info][gc,marking  ] GC(34) Mark Stack Usage: 32M
[2026-05-06T01:03:55.177+0100][3.886s][info][gc,nmethod  ] GC(34) NMethods: 3781 registered, 679 unregistered
[2026-05-06T01:03:55.177+0100][3.886s][info][gc,metaspace] GC(34) Metaspace: 18M used, 18M committed, 1088M reserved
[2026-05-06T01:03:55.177+0100][3.886s][info][gc,ref      ] GC(34) Soft: 4237 encountered, 0 discovered, 0 enqueued
[2026-05-06T01:03:55.177+0100][3.887s][info][gc,ref      ] GC(34) Weak: 2363 encountered, 1090 discovered, 0 enqueued
[2026-05-06T01:03:55.177+0100][3.887s][info][gc,ref      ] GC(34) Final: 6 encountered, 6 discovered, 0 enqueued
[2026-05-06T01:03:55.177+0100][3.887s][info][gc,ref      ] GC(34) Phantom: 270 encountered, 166 discovered, 0 enqueued
[2026-05-06T01:03:55.177+0100][3.887s][info][gc,reloc    ] GC(34) Small Pages: 15 / 30M, Empty: 10M, Relocated: 1M, In-Place: 0
[2026-05-06T01:03:55.177+0100][3.887s][info][gc,reloc    ] GC(34) Medium Pages: 1 / 32M, Empty: 0M, Relocated: 0M, In-Place: 0
[2026-05-06T01:03:55.177+0100][3.887s][info][gc,reloc    ] GC(34) Large Pages: 16 / 296M, Empty: 104M, Relocated: 0M, In-Place: 0
[2026-05-06T01:03:55.177+0100][3.887s][info][gc,reloc    ] GC(34) Forwarding Usage: 0M
[2026-05-06T01:03:55.177+0100][3.887s][info][gc,heap     ] GC(34) Min Capacity: 8M(0%)
[2026-05-06T01:03:55.177+0100][3.887s][info][gc,heap     ] GC(34) Max Capacity: 4096M(100%)
[2026-05-06T01:03:55.177+0100][3.887s][info][gc,heap     ] GC(34) Soft Max Capacity: 4096M(100%)
[2026-05-06T01:03:55.177+0100][3.887s][info][gc,heap     ] GC(34)                Mark Start          Mark End        Relocate Start      Relocate End           High               Low         
[2026-05-06T01:03:55.177+0100][3.887s][info][gc,heap     ] GC(34)  Capacity:      910M (22%)         910M (22%)         910M (22%)         910M (22%)         910M (22%)         910M (22%)    
[2026-05-06T01:03:55.177+0100][3.887s][info][gc,heap     ] GC(34)      Free:     3738M (91%)        3738M (91%)        3852M (94%)        3854M (94%)        3854M (94%)        3738M (91%)    
[2026-05-06T01:03:55.177+0100][3.887s][info][gc,heap     ] GC(34)      Used:      358M (9%)          358M (9%)          244M (6%)          242M (6%)          358M (9%)          242M (6%)     
[2026-05-06T01:03:55.177+0100][3.887s][info][gc,heap     ] GC(34)      Live:         -               205M (5%)          205M (5%)          205M (5%)             -                  -          
[2026-05-06T01:03:55.177+0100][3.887s][info][gc,heap     ] GC(34) Allocated:         -                 0M (0%)            0M (0%)            0M (0%)             -                  -          
[2026-05-06T01:03:55.177+0100][3.887s][info][gc,heap     ] GC(34)   Garbage:         -               152M (4%)           38M (1%)           36M (1%)             -                  -          
[2026-05-06T01:03:55.177+0100][3.887s][info][gc,heap     ] GC(34) Reclaimed:         -                  -               114M (3%)          116M (3%)             -                  -          
[2026-05-06T01:03:55.177+0100][3.887s][info][gc          ] GC(34) Garbage Collection (System.gc()) 358M(9%)->242M(6%)
[2026-05-06T01:03:55.206+0100][3.916s][info][gc,start    ] GC(35) Garbage Collection (System.gc())
[2026-05-06T01:03:55.206+0100][3.916s][info][gc,task     ] GC(35) Using 3 workers
[2026-05-06T01:03:55.206+0100][3.916s][info][gc,phases   ] GC(35) Pause Mark Start 0.002ms
[2026-05-06T01:03:55.212+0100][3.921s][info][gc,phases   ] GC(35) Concurrent Mark 5.158ms
[2026-05-06T01:03:55.212+0100][3.921s][info][gc,phases   ] GC(35) Pause Mark End 0.006ms
[2026-05-06T01:03:55.212+0100][3.921s][info][gc,phases   ] GC(35) Concurrent Mark Free 0.000ms
[2026-05-06T01:03:55.214+0100][3.923s][info][gc,phases   ] GC(35) Concurrent Process Non-Strong References 1.983ms
[2026-05-06T01:03:55.214+0100][3.923s][info][gc,phases   ] GC(35) Concurrent Reset Relocation Set 0.001ms
[2026-05-06T01:03:55.214+0100][3.924s][info][gc,phases   ] GC(35) Concurrent Select Relocation Set 0.621ms
[2026-05-06T01:03:55.214+0100][3.924s][info][gc,phases   ] GC(35) Pause Relocate Start 0.004ms
[2026-05-06T01:03:55.215+0100][3.924s][info][gc,phases   ] GC(35) Concurrent Relocate 0.201ms
[2026-05-06T01:03:55.215+0100][3.924s][info][gc,load     ] GC(35) Load: 4.86/4.60/4.26
[2026-05-06T01:03:55.215+0100][3.924s][info][gc,mmu      ] GC(35) MMU: 2ms/99.7%, 5ms/99.8%, 10ms/99.9%, 20ms/99.9%, 50ms/99.9%, 100ms/99.9%
[2026-05-06T01:03:55.215+0100][3.924s][info][gc,marking  ] GC(35) Mark: 2 stripe(s), 1 proactive flush(es), 1 terminate flush(es), 0 completion(s), 0 continuation(s) 
[2026-05-06T01:03:55.215+0100][3.924s][info][gc,marking  ] GC(35) Mark Stack Usage: 32M
[2026-05-06T01:03:55.215+0100][3.924s][info][gc,nmethod  ] GC(35) NMethods: 3784 registered, 681 unregistered
[2026-05-06T01:03:55.215+0100][3.924s][info][gc,metaspace] GC(35) Metaspace: 18M used, 18M committed, 1088M reserved
[2026-05-06T01:03:55.215+0100][3.924s][info][gc,ref      ] GC(35) Soft: 4237 encountered, 0 discovered, 0 enqueued
[2026-05-06T01:03:55.215+0100][3.924s][info][gc,ref      ] GC(35) Weak: 2363 encountered, 636 discovered, 0 enqueued
[2026-05-06T01:03:55.215+0100][3.924s][info][gc,ref      ] GC(35) Final: 6 encountered, 5 discovered, 0 enqueued
[2026-05-06T01:03:55.215+0100][3.924s][info][gc,ref      ] GC(35) Phantom: 270 encountered, 212 discovered, 0 enqueued
[2026-05-06T01:03:55.215+0100][3.924s][info][gc,reloc    ] GC(35) Small Pages: 13 / 26M, Empty: 6M, Relocated: 1M, In-Place: 0
[2026-05-06T01:03:55.215+0100][3.924s][info][gc,reloc    ] GC(35) Medium Pages: 1 / 32M, Empty: 0M, Relocated: 0M, In-Place: 0
[2026-05-06T01:03:55.215+0100][3.924s][info][gc,reloc    ] GC(35) Large Pages: 16 / 296M, Empty: 104M, Relocated: 0M, In-Place: 0
[2026-05-06T01:03:55.215+0100][3.924s][info][gc,reloc    ] GC(35) Forwarding Usage: 0M
[2026-05-06T01:03:55.215+0100][3.924s][info][gc,heap     ] GC(35) Min Capacity: 8M(0%)
[2026-05-06T01:03:55.215+0100][3.924s][info][gc,heap     ] GC(35) Max Capacity: 4096M(100%)
[2026-05-06T01:03:55.215+0100][3.924s][info][gc,heap     ] GC(35) Soft Max Capacity: 4096M(100%)
[2026-05-06T01:03:55.215+0100][3.924s][info][gc,heap     ] GC(35)                Mark Start          Mark End        Relocate Start      Relocate End           High               Low         
[2026-05-06T01:03:55.215+0100][3.924s][info][gc,heap     ] GC(35)  Capacity:      910M (22%)         910M (22%)         910M (22%)         910M (22%)         910M (22%)         910M (22%)    
[2026-05-06T01:03:55.215+0100][3.924s][info][gc,heap     ] GC(35)      Free:     3742M (91%)        3742M (91%)        3852M (94%)        3854M (94%)        3854M (94%)        3742M (91%)    
[2026-05-06T01:03:55.215+0100][3.924s][info][gc,heap     ] GC(35)      Used:      354M (9%)          354M (9%)          244M (6%)          242M (6%)          354M (9%)          242M (6%)     
[2026-05-06T01:03:55.215+0100][3.924s][info][gc,heap     ] GC(35)      Live:         -               205M (5%)          205M (5%)          205M (5%)             -                  -          
[2026-05-06T01:03:55.215+0100][3.924s][info][gc,heap     ] GC(35) Allocated:         -                 0M (0%)            0M (0%)            0M (0%)             -                  -          
[2026-05-06T01:03:55.215+0100][3.924s][info][gc,heap     ] GC(35)   Garbage:         -               148M (4%)           38M (1%)           36M (1%)             -                  -          
[2026-05-06T01:03:55.215+0100][3.924s][info][gc,heap     ] GC(35) Reclaimed:         -                  -               110M (3%)          112M (3%)             -                  -          
[2026-05-06T01:03:55.215+0100][3.924s][info][gc          ] GC(35) Garbage Collection (System.gc()) 354M(9%)->242M(6%)
[2026-05-06T01:03:55.245+0100][3.955s][info][gc,start    ] GC(36) Garbage Collection (System.gc())
[2026-05-06T01:03:55.245+0100][3.955s][info][gc,task     ] GC(36) Using 3 workers
[2026-05-06T01:03:55.245+0100][3.955s][info][gc,phases   ] GC(36) Pause Mark Start 0.003ms
[2026-05-06T01:03:55.250+0100][3.960s][info][gc,phases   ] GC(36) Concurrent Mark 4.549ms
[2026-05-06T01:03:55.250+0100][3.960s][info][gc,phases   ] GC(36) Pause Mark End 0.005ms
[2026-05-06T01:03:55.250+0100][3.960s][info][gc,phases   ] GC(36) Concurrent Mark Free 0.000ms
[2026-05-06T01:03:55.252+0100][3.962s][info][gc,phases   ] GC(36) Concurrent Process Non-Strong References 1.948ms
[2026-05-06T01:03:55.252+0100][3.962s][info][gc,phases   ] GC(36) Concurrent Reset Relocation Set 0.001ms
[2026-05-06T01:03:55.253+0100][3.962s][info][gc,phases   ] GC(36) Concurrent Select Relocation Set 0.608ms
[2026-05-06T01:03:55.253+0100][3.962s][info][gc,phases   ] GC(36) Pause Relocate Start 0.003ms
[2026-05-06T01:03:55.253+0100][3.963s][info][gc,phases   ] GC(36) Concurrent Relocate 0.197ms
[2026-05-06T01:03:55.253+0100][3.963s][info][gc,load     ] GC(36) Load: 4.86/4.60/4.26
[2026-05-06T01:03:55.253+0100][3.963s][info][gc,mmu      ] GC(36) MMU: 2ms/99.7%, 5ms/99.8%, 10ms/99.9%, 20ms/99.9%, 50ms/99.9%, 100ms/99.9%
[2026-05-06T01:03:55.253+0100][3.963s][info][gc,marking  ] GC(36) Mark: 2 stripe(s), 2 proactive flush(es), 1 terminate flush(es), 0 completion(s), 0 continuation(s) 
[2026-05-06T01:03:55.253+0100][3.963s][info][gc,marking  ] GC(36) Mark Stack Usage: 32M
[2026-05-06T01:03:55.253+0100][3.963s][info][gc,nmethod  ] GC(36) NMethods: 3789 registered, 684 unregistered
[2026-05-06T01:03:55.253+0100][3.963s][info][gc,metaspace] GC(36) Metaspace: 18M used, 18M committed, 1088M reserved
[2026-05-06T01:03:55.253+0100][3.963s][info][gc,ref      ] GC(36) Soft: 4237 encountered, 0 discovered, 0 enqueued
[2026-05-06T01:03:55.253+0100][3.963s][info][gc,ref      ] GC(36) Weak: 2363 encountered, 900 discovered, 0 enqueued
[2026-05-06T01:03:55.253+0100][3.963s][info][gc,ref      ] GC(36) Final: 6 encountered, 6 discovered, 0 enqueued
[2026-05-06T01:03:55.253+0100][3.963s][info][gc,ref      ] GC(36) Phantom: 270 encountered, 196 discovered, 0 enqueued
[2026-05-06T01:03:55.253+0100][3.963s][info][gc,reloc    ] GC(36) Small Pages: 23 / 46M, Empty: 26M, Relocated: 1M, In-Place: 0
[2026-05-06T01:03:55.253+0100][3.963s][info][gc,reloc    ] GC(36) Medium Pages: 1 / 32M, Empty: 0M, Relocated: 0M, In-Place: 0
[2026-05-06T01:03:55.253+0100][3.963s][info][gc,reloc    ] GC(36) Large Pages: 16 / 296M, Empty: 104M, Relocated: 0M, In-Place: 0
[2026-05-06T01:03:55.253+0100][3.963s][info][gc,reloc    ] GC(36) Forwarding Usage: 0M
[2026-05-06T01:03:55.253+0100][3.963s][info][gc,heap     ] GC(36) Min Capacity: 8M(0%)
[2026-05-06T01:03:55.253+0100][3.963s][info][gc,heap     ] GC(36) Max Capacity: 4096M(100%)
[2026-05-06T01:03:55.253+0100][3.963s][info][gc,heap     ] GC(36) Soft Max Capacity: 4096M(100%)
[2026-05-06T01:03:55.253+0100][3.963s][info][gc,heap     ] GC(36)                Mark Start          Mark End        Relocate Start      Relocate End           High               Low         
[2026-05-06T01:03:55.253+0100][3.963s][info][gc,heap     ] GC(36)  Capacity:      910M (22%)         910M (22%)         910M (22%)         910M (22%)         910M (22%)         910M (22%)    
[2026-05-06T01:03:55.253+0100][3.963s][info][gc,heap     ] GC(36)      Free:     3722M (91%)        3722M (91%)        3852M (94%)        3854M (94%)        3854M (94%)        3722M (91%)    
[2026-05-06T01:03:55.253+0100][3.963s][info][gc,heap     ] GC(36)      Used:      374M (9%)          374M (9%)          244M (6%)          242M (6%)          374M (9%)          242M (6%)     
[2026-05-06T01:03:55.253+0100][3.963s][info][gc,heap     ] GC(36)      Live:         -               205M (5%)          205M (5%)          205M (5%)             -                  -          
[2026-05-06T01:03:55.253+0100][3.963s][info][gc,heap     ] GC(36) Allocated:         -                 0M (0%)            0M (0%)            0M (0%)             -                  -          
[2026-05-06T01:03:55.253+0100][3.963s][info][gc,heap     ] GC(36)   Garbage:         -               168M (4%)           38M (1%)           36M (1%)             -                  -          
[2026-05-06T01:03:55.253+0100][3.963s][info][gc,heap     ] GC(36) Reclaimed:         -                  -               130M (3%)          132M (3%)             -                  -          
[2026-05-06T01:03:55.253+0100][3.963s][info][gc          ] GC(36) Garbage Collection (System.gc()) 374M(9%)->242M(6%)
[2026-05-06T01:03:55.294+0100][4.003s][info][gc,start    ] GC(37) Garbage Collection (System.gc())
[2026-05-06T01:03:55.294+0100][4.004s][info][gc,task     ] GC(37) Using 3 workers
[2026-05-06T01:03:55.294+0100][4.004s][info][gc,phases   ] GC(37) Pause Mark Start 0.003ms
[2026-05-06T01:03:55.302+0100][4.012s][info][gc,phases   ] GC(37) Concurrent Mark 8.280ms
[2026-05-06T01:03:55.302+0100][4.012s][info][gc,phases   ] GC(37) Pause Mark End 0.023ms
[2026-05-06T01:03:55.302+0100][4.012s][info][gc,phases   ] GC(37) Concurrent Mark Free 0.001ms
[2026-05-06T01:03:55.306+0100][4.015s][info][gc,phases   ] GC(37) Concurrent Process Non-Strong References 3.169ms
[2026-05-06T01:03:55.306+0100][4.015s][info][gc,phases   ] GC(37) Concurrent Reset Relocation Set 0.001ms
[2026-05-06T01:03:55.307+0100][4.016s][info][gc,phases   ] GC(37) Concurrent Select Relocation Set 1.026ms
[2026-05-06T01:03:55.307+0100][4.016s][info][gc,phases   ] GC(37) Pause Relocate Start 0.004ms
[2026-05-06T01:03:55.307+0100][4.017s][info][gc,phases   ] GC(37) Concurrent Relocate 0.387ms
[2026-05-06T01:03:55.307+0100][4.017s][info][gc,load     ] GC(37) Load: 4.86/4.60/4.26
[2026-05-06T01:03:55.307+0100][4.017s][info][gc,mmu      ] GC(37) MMU: 2ms/98.8%, 5ms/99.5%, 10ms/99.7%, 20ms/99.8%, 50ms/99.9%, 100ms/99.9%
[2026-05-06T01:03:55.307+0100][4.017s][info][gc,marking  ] GC(37) Mark: 2 stripe(s), 1 proactive flush(es), 1 terminate flush(es), 0 completion(s), 0 continuation(s) 
[2026-05-06T01:03:55.307+0100][4.017s][info][gc,marking  ] GC(37) Mark Stack Usage: 32M
[2026-05-06T01:03:55.307+0100][4.017s][info][gc,nmethod  ] GC(37) NMethods: 3804 registered, 686 unregistered
[2026-05-06T01:03:55.307+0100][4.017s][info][gc,metaspace] GC(37) Metaspace: 18M used, 18M committed, 1088M reserved
[2026-05-06T01:03:55.307+0100][4.017s][info][gc,ref      ] GC(37) Soft: 4237 encountered, 0 discovered, 0 enqueued
[2026-05-06T01:03:55.307+0100][4.017s][info][gc,ref      ] GC(37) Weak: 2363 encountered, 558 discovered, 0 enqueued
[2026-05-06T01:03:55.307+0100][4.017s][info][gc,ref      ] GC(37) Final: 6 encountered, 0 discovered, 0 enqueued
[2026-05-06T01:03:55.307+0100][4.017s][info][gc,ref      ] GC(37) Phantom: 270 encountered, 149 discovered, 0 enqueued
[2026-05-06T01:03:55.307+0100][4.017s][info][gc,reloc    ] GC(37) Small Pages: 20 / 40M, Empty: 20M, Relocated: 1M, In-Place: 0
[2026-05-06T01:03:55.307+0100][4.017s][info][gc,reloc    ] GC(37) Medium Pages: 1 / 32M, Empty: 0M, Relocated: 0M, In-Place: 0
[2026-05-06T01:03:55.307+0100][4.017s][info][gc,reloc    ] GC(37) Large Pages: 16 / 296M, Empty: 104M, Relocated: 0M, In-Place: 0
[2026-05-06T01:03:55.307+0100][4.017s][info][gc,reloc    ] GC(37) Forwarding Usage: 0M
[2026-05-06T01:03:55.307+0100][4.017s][info][gc,heap     ] GC(37) Min Capacity: 8M(0%)
[2026-05-06T01:03:55.307+0100][4.017s][info][gc,heap     ] GC(37) Max Capacity: 4096M(100%)
[2026-05-06T01:03:55.307+0100][4.017s][info][gc,heap     ] GC(37) Soft Max Capacity: 4096M(100%)
[2026-05-06T01:03:55.307+0100][4.017s][info][gc,heap     ] GC(37)                Mark Start          Mark End        Relocate Start      Relocate End           High               Low         
[2026-05-06T01:03:55.307+0100][4.017s][info][gc,heap     ] GC(37)  Capacity:      910M (22%)         910M (22%)         910M (22%)         910M (22%)         910M (22%)         910M (22%)    
[2026-05-06T01:03:55.307+0100][4.017s][info][gc,heap     ] GC(37)      Free:     3728M (91%)        3728M (91%)        3852M (94%)        3854M (94%)        3854M (94%)        3728M (91%)    
[2026-05-06T01:03:55.307+0100][4.017s][info][gc,heap     ] GC(37)      Used:      368M (9%)          368M (9%)          244M (6%)          242M (6%)          368M (9%)          242M (6%)     
[2026-05-06T01:03:55.307+0100][4.017s][info][gc,heap     ] GC(37)      Live:         -               205M (5%)          205M (5%)          205M (5%)             -                  -          
[2026-05-06T01:03:55.307+0100][4.017s][info][gc,heap     ] GC(37) Allocated:         -                 0M (0%)            0M (0%)            0M (0%)             -                  -          
[2026-05-06T01:03:55.307+0100][4.017s][info][gc,heap     ] GC(37)   Garbage:         -               162M (4%)           38M (1%)           36M (1%)             -                  -          
[2026-05-06T01:03:55.307+0100][4.017s][info][gc,heap     ] GC(37) Reclaimed:         -                  -               124M (3%)          126M (3%)             -                  -          
[2026-05-06T01:03:55.307+0100][4.017s][info][gc          ] GC(37) Garbage Collection (System.gc()) 368M(9%)->242M(6%)
[2026-05-06T01:03:55.344+0100][4.053s][info][gc,start    ] GC(38) Garbage Collection (System.gc())
[2026-05-06T01:03:55.344+0100][4.053s][info][gc,task     ] GC(38) Using 3 workers
[2026-05-06T01:03:55.344+0100][4.053s][info][gc,phases   ] GC(38) Pause Mark Start 0.002ms
[2026-05-06T01:03:55.348+0100][4.058s][info][gc,phases   ] GC(38) Concurrent Mark 4.305ms
[2026-05-06T01:03:55.348+0100][4.058s][info][gc,phases   ] GC(38) Pause Mark End 0.012ms
[2026-05-06T01:03:55.348+0100][4.058s][info][gc,phases   ] GC(38) Concurrent Mark Free 0.000ms
[2026-05-06T01:03:55.351+0100][4.060s][info][gc,phases   ] GC(38) Concurrent Process Non-Strong References 2.555ms
[2026-05-06T01:03:55.351+0100][4.061s][info][gc,phases   ] GC(38) Concurrent Reset Relocation Set 0.001ms
[2026-05-06T01:03:55.352+0100][4.061s][info][gc,phases   ] GC(38) Concurrent Select Relocation Set 0.649ms
[2026-05-06T01:03:55.352+0100][4.061s][info][gc,phases   ] GC(38) Pause Relocate Start 0.004ms
[2026-05-06T01:03:55.352+0100][4.061s][info][gc,phases   ] GC(38) Concurrent Relocate 0.217ms
[2026-05-06T01:03:55.352+0100][4.061s][info][gc,load     ] GC(38) Load: 4.86/4.60/4.26
[2026-05-06T01:03:55.352+0100][4.061s][info][gc,mmu      ] GC(38) MMU: 2ms/98.8%, 5ms/99.5%, 10ms/99.7%, 20ms/99.8%, 50ms/99.9%, 100ms/99.9%
[2026-05-06T01:03:55.352+0100][4.061s][info][gc,marking  ] GC(38) Mark: 2 stripe(s), 1 proactive flush(es), 1 terminate flush(es), 0 completion(s), 0 continuation(s) 
[2026-05-06T01:03:55.352+0100][4.061s][info][gc,marking  ] GC(38) Mark Stack Usage: 32M
[2026-05-06T01:03:55.352+0100][4.061s][info][gc,nmethod  ] GC(38) NMethods: 3805 registered, 687 unregistered
[2026-05-06T01:03:55.352+0100][4.061s][info][gc,metaspace] GC(38) Metaspace: 18M used, 18M committed, 1088M reserved
[2026-05-06T01:03:55.352+0100][4.061s][info][gc,ref      ] GC(38) Soft: 4237 encountered, 0 discovered, 0 enqueued
[2026-05-06T01:03:55.352+0100][4.061s][info][gc,ref      ] GC(38) Weak: 2364 encountered, 1139 discovered, 0 enqueued
[2026-05-06T01:03:55.352+0100][4.061s][info][gc,ref      ] GC(38) Final: 6 encountered, 0 discovered, 0 enqueued
[2026-05-06T01:03:55.352+0100][4.062s][info][gc,ref      ] GC(38) Phantom: 270 encountered, 159 discovered, 0 enqueued
[2026-05-06T01:03:55.352+0100][4.062s][info][gc,reloc    ] GC(38) Small Pages: 14 / 28M, Empty: 2M, Relocated: 1M, In-Place: 0
[2026-05-06T01:03:55.352+0100][4.062s][info][gc,reloc    ] GC(38) Medium Pages: 1 / 32M, Empty: 0M, Relocated: 0M, In-Place: 0
[2026-05-06T01:03:55.352+0100][4.062s][info][gc,reloc    ] GC(38) Large Pages: 16 / 296M, Empty: 104M, Relocated: 0M, In-Place: 0
[2026-05-06T01:03:55.352+0100][4.062s][info][gc,reloc    ] GC(38) Forwarding Usage: 0M
[2026-05-06T01:03:55.352+0100][4.062s][info][gc,heap     ] GC(38) Min Capacity: 8M(0%)
[2026-05-06T01:03:55.352+0100][4.062s][info][gc,heap     ] GC(38) Max Capacity: 4096M(100%)
[2026-05-06T01:03:55.352+0100][4.062s][info][gc,heap     ] GC(38) Soft Max Capacity: 4096M(100%)
[2026-05-06T01:03:55.352+0100][4.062s][info][gc,heap     ] GC(38)                Mark Start          Mark End        Relocate Start      Relocate End           High               Low         
[2026-05-06T01:03:55.352+0100][4.062s][info][gc,heap     ] GC(38)  Capacity:      910M (22%)         910M (22%)         910M (22%)         910M (22%)         910M (22%)         910M (22%)    
[2026-05-06T01:03:55.352+0100][4.062s][info][gc,heap     ] GC(38)      Free:     3740M (91%)        3738M (91%)        3844M (94%)        3852M (94%)        3852M (94%)        3736M (91%)    
[2026-05-06T01:03:55.352+0100][4.062s][info][gc,heap     ] GC(38)      Used:      356M (9%)          358M (9%)          252M (6%)          244M (6%)          360M (9%)          244M (6%)     
[2026-05-06T01:03:55.352+0100][4.062s][info][gc,heap     ] GC(38)      Live:         -               205M (5%)          205M (5%)          205M (5%)             -                  -          
[2026-05-06T01:03:55.352+0100][4.062s][info][gc,heap     ] GC(38) Allocated:         -                 2M (0%)            2M (0%)            2M (0%)             -                  -          
[2026-05-06T01:03:55.352+0100][4.062s][info][gc,heap     ] GC(38)   Garbage:         -               150M (4%)           44M (1%)           36M (1%)             -                  -          
[2026-05-06T01:03:55.352+0100][4.062s][info][gc,heap     ] GC(38) Reclaimed:         -                  -               106M (3%)          114M (3%)             -                  -          
[2026-05-06T01:03:55.352+0100][4.062s][info][gc          ] GC(38) Garbage Collection (System.gc()) 356M(9%)->244M(6%)
[2026-05-06T01:03:55.384+0100][4.094s][info][gc,start    ] GC(39) Garbage Collection (System.gc())
[2026-05-06T01:03:55.384+0100][4.094s][info][gc,task     ] GC(39) Using 3 workers
[2026-05-06T01:03:55.384+0100][4.094s][info][gc,phases   ] GC(39) Pause Mark Start 0.003ms
[2026-05-06T01:03:55.389+0100][4.098s][info][gc,phases   ] GC(39) Concurrent Mark 4.463ms
[2026-05-06T01:03:55.389+0100][4.098s][info][gc,phases   ] GC(39) Pause Mark End 0.005ms
[2026-05-06T01:03:55.389+0100][4.098s][info][gc,phases   ] GC(39) Concurrent Mark Free 0.000ms
[2026-05-06T01:03:55.391+0100][4.101s][info][gc,phases   ] GC(39) Concurrent Process Non-Strong References 2.013ms
[2026-05-06T01:03:55.391+0100][4.101s][info][gc,phases   ] GC(39) Concurrent Reset Relocation Set 0.001ms
[2026-05-06T01:03:55.392+0100][4.101s][info][gc,phases   ] GC(39) Concurrent Select Relocation Set 0.646ms
[2026-05-06T01:03:55.392+0100][4.101s][info][gc,phases   ] GC(39) Pause Relocate Start 0.004ms
[2026-05-06T01:03:55.392+0100][4.101s][info][gc,phases   ] GC(39) Concurrent Relocate 0.225ms
[2026-05-06T01:03:55.392+0100][4.101s][info][gc,load     ] GC(39) Load: 4.86/4.60/4.26
[2026-05-06T01:03:55.392+0100][4.101s][info][gc,mmu      ] GC(39) MMU: 2ms/98.8%, 5ms/99.5%, 10ms/99.7%, 20ms/99.8%, 50ms/99.9%, 100ms/99.9%
[2026-05-06T01:03:55.392+0100][4.101s][info][gc,marking  ] GC(39) Mark: 2 stripe(s), 1 proactive flush(es), 1 terminate flush(es), 0 completion(s), 0 continuation(s) 
[2026-05-06T01:03:55.392+0100][4.101s][info][gc,marking  ] GC(39) Mark Stack Usage: 32M
[2026-05-06T01:03:55.392+0100][4.101s][info][gc,nmethod  ] GC(39) NMethods: 3805 registered, 687 unregistered
[2026-05-06T01:03:55.392+0100][4.102s][info][gc,metaspace] GC(39) Metaspace: 18M used, 18M committed, 1088M reserved
[2026-05-06T01:03:55.392+0100][4.102s][info][gc,ref      ] GC(39) Soft: 4237 encountered, 0 discovered, 0 enqueued
[2026-05-06T01:03:55.392+0100][4.102s][info][gc,ref      ] GC(39) Weak: 2364 encountered, 1154 discovered, 0 enqueued
[2026-05-06T01:03:55.392+0100][4.102s][info][gc,ref      ] GC(39) Final: 6 encountered, 0 discovered, 0 enqueued
[2026-05-06T01:03:55.392+0100][4.102s][info][gc,ref      ] GC(39) Phantom: 270 encountered, 195 discovered, 0 enqueued
[2026-05-06T01:03:55.392+0100][4.102s][info][gc,reloc    ] GC(39) Small Pages: 28 / 56M, Empty: 32M, Relocated: 1M, In-Place: 0
[2026-05-06T01:03:55.392+0100][4.102s][info][gc,reloc    ] GC(39) Medium Pages: 1 / 32M, Empty: 0M, Relocated: 0M, In-Place: 0
[2026-05-06T01:03:55.392+0100][4.102s][info][gc,reloc    ] GC(39) Large Pages: 16 / 296M, Empty: 104M, Relocated: 0M, In-Place: 0
[2026-05-06T01:03:55.392+0100][4.102s][info][gc,reloc    ] GC(39) Forwarding Usage: 0M
[2026-05-06T01:03:55.392+0100][4.102s][info][gc,heap     ] GC(39) Min Capacity: 8M(0%)
[2026-05-06T01:03:55.392+0100][4.102s][info][gc,heap     ] GC(39) Max Capacity: 4096M(100%)
[2026-05-06T01:03:55.392+0100][4.102s][info][gc,heap     ] GC(39) Soft Max Capacity: 4096M(100%)
[2026-05-06T01:03:55.392+0100][4.102s][info][gc,heap     ] GC(39)                Mark Start          Mark End        Relocate Start      Relocate End           High               Low         
[2026-05-06T01:03:55.392+0100][4.102s][info][gc,heap     ] GC(39)  Capacity:      910M (22%)         910M (22%)         910M (22%)         910M (22%)         910M (22%)         910M (22%)    
[2026-05-06T01:03:55.392+0100][4.102s][info][gc,heap     ] GC(39)      Free:     3712M (91%)        3710M (91%)        3846M (94%)        3852M (94%)        3852M (94%)        3708M (91%)    
[2026-05-06T01:03:55.392+0100][4.102s][info][gc,heap     ] GC(39)      Used:      384M (9%)          386M (9%)          250M (6%)          244M (6%)          388M (9%)          244M (6%)     
[2026-05-06T01:03:55.392+0100][4.102s][info][gc,heap     ] GC(39)      Live:         -               205M (5%)          205M (5%)          205M (5%)             -                  -          
[2026-05-06T01:03:55.392+0100][4.102s][info][gc,heap     ] GC(39) Allocated:         -                 2M (0%)            2M (0%)            2M (0%)             -                  -          
[2026-05-06T01:03:55.392+0100][4.102s][info][gc,heap     ] GC(39)   Garbage:         -               178M (4%)           42M (1%)           36M (1%)             -                  -          
[2026-05-06T01:03:55.392+0100][4.102s][info][gc,heap     ] GC(39) Reclaimed:         -                  -               136M (3%)          142M (3%)             -                  -          
[2026-05-06T01:03:55.392+0100][4.102s][info][gc          ] GC(39) Garbage Collection (System.gc()) 384M(9%)->244M(6%)
[2026-05-06T01:03:55.426+0100][4.135s][info][gc,start    ] GC(40) Garbage Collection (System.gc())
[2026-05-06T01:03:55.426+0100][4.135s][info][gc,task     ] GC(40) Using 3 workers
[2026-05-06T01:03:55.426+0100][4.135s][info][gc,phases   ] GC(40) Pause Mark Start 0.003ms
[2026-05-06T01:03:55.430+0100][4.140s][info][gc,phases   ] GC(40) Concurrent Mark 4.328ms
[2026-05-06T01:03:55.430+0100][4.140s][info][gc,phases   ] GC(40) Pause Mark End 0.007ms
[2026-05-06T01:03:55.430+0100][4.140s][info][gc,phases   ] GC(40) Concurrent Mark Free 0.000ms
[2026-05-06T01:03:55.433+0100][4.142s][info][gc,phases   ] GC(40) Concurrent Process Non-Strong References 2.379ms
[2026-05-06T01:03:55.433+0100][4.142s][info][gc,phases   ] GC(40) Concurrent Reset Relocation Set 0.001ms
[2026-05-06T01:03:55.433+0100][4.143s][info][gc,phases   ] GC(40) Concurrent Select Relocation Set 0.590ms
[2026-05-06T01:03:55.433+0100][4.143s][info][gc,phases   ] GC(40) Pause Relocate Start 0.004ms
[2026-05-06T01:03:55.433+0100][4.143s][info][gc,phases   ] GC(40) Concurrent Relocate 0.200ms
[2026-05-06T01:03:55.433+0100][4.143s][info][gc,load     ] GC(40) Load: 4.86/4.60/4.26
[2026-05-06T01:03:55.433+0100][4.143s][info][gc,mmu      ] GC(40) MMU: 2ms/98.8%, 5ms/99.5%, 10ms/99.7%, 20ms/99.8%, 50ms/99.9%, 100ms/99.9%
[2026-05-06T01:03:55.433+0100][4.143s][info][gc,marking  ] GC(40) Mark: 2 stripe(s), 1 proactive flush(es), 1 terminate flush(es), 0 completion(s), 0 continuation(s) 
[2026-05-06T01:03:55.433+0100][4.143s][info][gc,marking  ] GC(40) Mark Stack Usage: 32M
[2026-05-06T01:03:55.433+0100][4.143s][info][gc,nmethod  ] GC(40) NMethods: 3807 registered, 690 unregistered
[2026-05-06T01:03:55.433+0100][4.143s][info][gc,metaspace] GC(40) Metaspace: 18M used, 18M committed, 1088M reserved
[2026-05-06T01:03:55.433+0100][4.143s][info][gc,ref      ] GC(40) Soft: 4237 encountered, 0 discovered, 0 enqueued
[2026-05-06T01:03:55.433+0100][4.143s][info][gc,ref      ] GC(40) Weak: 2363 encountered, 1216 discovered, 0 enqueued
[2026-05-06T01:03:55.433+0100][4.143s][info][gc,ref      ] GC(40) Final: 6 encountered, 0 discovered, 0 enqueued
[2026-05-06T01:03:55.433+0100][4.143s][info][gc,ref      ] GC(40) Phantom: 270 encountered, 144 discovered, 0 enqueued
[2026-05-06T01:03:55.433+0100][4.143s][info][gc,reloc    ] GC(40) Small Pages: 24 / 48M, Empty: 28M, Relocated: 1M, In-Place: 0
[2026-05-06T01:03:55.433+0100][4.143s][info][gc,reloc    ] GC(40) Medium Pages: 1 / 32M, Empty: 0M, Relocated: 0M, In-Place: 0
[2026-05-06T01:03:55.433+0100][4.143s][info][gc,reloc    ] GC(40) Large Pages: 16 / 296M, Empty: 104M, Relocated: 0M, In-Place: 0
[2026-05-06T01:03:55.433+0100][4.143s][info][gc,reloc    ] GC(40) Forwarding Usage: 0M
[2026-05-06T01:03:55.433+0100][4.143s][info][gc,heap     ] GC(40) Min Capacity: 8M(0%)
[2026-05-06T01:03:55.433+0100][4.143s][info][gc,heap     ] GC(40) Max Capacity: 4096M(100%)
[2026-05-06T01:03:55.433+0100][4.143s][info][gc,heap     ] GC(40) Soft Max Capacity: 4096M(100%)
[2026-05-06T01:03:55.433+0100][4.143s][info][gc,heap     ] GC(40)                Mark Start          Mark End        Relocate Start      Relocate End           High               Low         
[2026-05-06T01:03:55.433+0100][4.143s][info][gc,heap     ] GC(40)  Capacity:      910M (22%)         910M (22%)         910M (22%)         910M (22%)         910M (22%)         910M (22%)    
[2026-05-06T01:03:55.433+0100][4.143s][info][gc,heap     ] GC(40)      Free:     3720M (91%)        3720M (91%)        3852M (94%)        3854M (94%)        3854M (94%)        3720M (91%)    
[2026-05-06T01:03:55.433+0100][4.143s][info][gc,heap     ] GC(40)      Used:      376M (9%)          376M (9%)          244M (6%)          242M (6%)          376M (9%)          242M (6%)     
[2026-05-06T01:03:55.433+0100][4.143s][info][gc,heap     ] GC(40)      Live:         -               205M (5%)          205M (5%)          205M (5%)             -                  -          
[2026-05-06T01:03:55.433+0100][4.143s][info][gc,heap     ] GC(40) Allocated:         -                 0M (0%)            0M (0%)            0M (0%)             -                  -          
[2026-05-06T01:03:55.433+0100][4.143s][info][gc,heap     ] GC(40)   Garbage:         -               170M (4%)           38M (1%)           36M (1%)             -                  -          
[2026-05-06T01:03:55.433+0100][4.143s][info][gc,heap     ] GC(40) Reclaimed:         -                  -               132M (3%)          134M (3%)             -                  -          
[2026-05-06T01:03:55.433+0100][4.143s][info][gc          ] GC(40) Garbage Collection (System.gc()) 376M(9%)->242M(6%)
[2026-05-06T01:03:55.464+0100][4.174s][info][gc,start    ] GC(41) Garbage Collection (System.gc())
[2026-05-06T01:03:55.464+0100][4.174s][info][gc,task     ] GC(41) Using 3 workers
[2026-05-06T01:03:55.464+0100][4.174s][info][gc,phases   ] GC(41) Pause Mark Start 0.004ms
[2026-05-06T01:03:55.469+0100][4.179s][info][gc,phases   ] GC(41) Concurrent Mark 5.033ms
[2026-05-06T01:03:55.469+0100][4.179s][info][gc,phases   ] GC(41) Pause Mark End 0.007ms
[2026-05-06T01:03:55.469+0100][4.179s][info][gc,phases   ] GC(41) Concurrent Mark Free 0.000ms
[2026-05-06T01:03:55.471+0100][4.181s][info][gc,phases   ] GC(41) Concurrent Process Non-Strong References 2.027ms
[2026-05-06T01:03:55.471+0100][4.181s][info][gc,phases   ] GC(41) Concurrent Reset Relocation Set 0.001ms
[2026-05-06T01:03:55.472+0100][4.182s][info][gc,phases   ] GC(41) Concurrent Select Relocation Set 0.657ms
[2026-05-06T01:03:55.472+0100][4.182s][info][gc,phases   ] GC(41) Pause Relocate Start 0.004ms
[2026-05-06T01:03:55.472+0100][4.182s][info][gc,phases   ] GC(41) Concurrent Relocate 0.206ms
[2026-05-06T01:03:55.472+0100][4.182s][info][gc,load     ] GC(41) Load: 4.86/4.60/4.26
[2026-05-06T01:03:55.472+0100][4.182s][info][gc,mmu      ] GC(41) MMU: 2ms/98.8%, 5ms/99.5%, 10ms/99.7%, 20ms/99.8%, 50ms/99.9%, 100ms/99.9%
[2026-05-06T01:03:55.472+0100][4.182s][info][gc,marking  ] GC(41) Mark: 2 stripe(s), 2 proactive flush(es), 1 terminate flush(es), 0 completion(s), 0 continuation(s) 
[2026-05-06T01:03:55.472+0100][4.182s][info][gc,marking  ] GC(41) Mark Stack Usage: 32M
[2026-05-06T01:03:55.472+0100][4.182s][info][gc,nmethod  ] GC(41) NMethods: 3818 registered, 690 unregistered
[2026-05-06T01:03:55.472+0100][4.182s][info][gc,metaspace] GC(41) Metaspace: 18M used, 18M committed, 1088M reserved
[2026-05-06T01:03:55.472+0100][4.182s][info][gc,ref      ] GC(41) Soft: 4237 encountered, 0 discovered, 0 enqueued
[2026-05-06T01:03:55.472+0100][4.182s][info][gc,ref      ] GC(41) Weak: 2364 encountered, 1050 discovered, 0 enqueued
[2026-05-06T01:03:55.472+0100][4.182s][info][gc,ref      ] GC(41) Final: 6 encountered, 6 discovered, 0 enqueued
[2026-05-06T01:03:55.472+0100][4.182s][info][gc,ref      ] GC(41) Phantom: 270 encountered, 195 discovered, 0 enqueued
[2026-05-06T01:03:55.472+0100][4.182s][info][gc,reloc    ] GC(41) Small Pages: 16 / 32M, Empty: 6M, Relocated: 1M, In-Place: 0
[2026-05-06T01:03:55.472+0100][4.182s][info][gc,reloc    ] GC(41) Medium Pages: 1 / 32M, Empty: 0M, Relocated: 0M, In-Place: 0
[2026-05-06T01:03:55.472+0100][4.182s][info][gc,reloc    ] GC(41) Large Pages: 16 / 296M, Empty: 104M, Relocated: 0M, In-Place: 0
[2026-05-06T01:03:55.472+0100][4.182s][info][gc,reloc    ] GC(41) Forwarding Usage: 0M
[2026-05-06T01:03:55.472+0100][4.182s][info][gc,heap     ] GC(41) Min Capacity: 8M(0%)
[2026-05-06T01:03:55.472+0100][4.182s][info][gc,heap     ] GC(41) Max Capacity: 4096M(100%)
[2026-05-06T01:03:55.472+0100][4.182s][info][gc,heap     ] GC(41) Soft Max Capacity: 4096M(100%)
[2026-05-06T01:03:55.472+0100][4.182s][info][gc,heap     ] GC(41)                Mark Start          Mark End        Relocate Start      Relocate End           High               Low         
[2026-05-06T01:03:55.472+0100][4.182s][info][gc,heap     ] GC(41)  Capacity:      910M (22%)         910M (22%)         910M (22%)         910M (22%)         910M (22%)         910M (22%)    
[2026-05-06T01:03:55.472+0100][4.182s][info][gc,heap     ] GC(41)      Free:     3736M (91%)        3734M (91%)        3844M (94%)        3852M (94%)        3852M (94%)        3734M (91%)    
[2026-05-06T01:03:55.472+0100][4.182s][info][gc,heap     ] GC(41)      Used:      360M (9%)          362M (9%)          252M (6%)          244M (6%)          362M (9%)          244M (6%)     
[2026-05-06T01:03:55.472+0100][4.182s][info][gc,heap     ] GC(41)      Live:         -               205M (5%)          205M (5%)          205M (5%)             -                  -          
[2026-05-06T01:03:55.472+0100][4.182s][info][gc,heap     ] GC(41) Allocated:         -                 2M (0%)            2M (0%)            2M (0%)             -                  -          
[2026-05-06T01:03:55.472+0100][4.182s][info][gc,heap     ] GC(41)   Garbage:         -               154M (4%)           44M (1%)           36M (1%)             -                  -          
[2026-05-06T01:03:55.472+0100][4.182s][info][gc,heap     ] GC(41) Reclaimed:         -                  -               110M (3%)          118M (3%)             -                  -          
[2026-05-06T01:03:55.472+0100][4.182s][info][gc          ] GC(41) Garbage Collection (System.gc()) 360M(9%)->244M(6%)
[2026-05-06T01:03:55.503+0100][4.213s][info][gc,start    ] GC(42) Garbage Collection (System.gc())
[2026-05-06T01:03:55.503+0100][4.213s][info][gc,task     ] GC(42) Using 3 workers
[2026-05-06T01:03:55.503+0100][4.213s][info][gc,phases   ] GC(42) Pause Mark Start 0.003ms
[2026-05-06T01:03:55.508+0100][4.218s][info][gc,phases   ] GC(42) Concurrent Mark 4.587ms
[2026-05-06T01:03:55.508+0100][4.218s][info][gc,phases   ] GC(42) Pause Mark End 0.007ms
[2026-05-06T01:03:55.508+0100][4.218s][info][gc,phases   ] GC(42) Concurrent Mark Free 0.000ms
[2026-05-06T01:03:55.510+0100][4.220s][info][gc,phases   ] GC(42) Concurrent Process Non-Strong References 2.020ms
[2026-05-06T01:03:55.510+0100][4.220s][info][gc,phases   ] GC(42) Concurrent Reset Relocation Set 0.001ms
[2026-05-06T01:03:55.511+0100][4.220s][info][gc,phases   ] GC(42) Concurrent Select Relocation Set 0.653ms
[2026-05-06T01:03:55.511+0100][4.220s][info][gc,phases   ] GC(42) Pause Relocate Start 0.004ms
[2026-05-06T01:03:55.511+0100][4.221s][info][gc,phases   ] GC(42) Concurrent Relocate 0.195ms
[2026-05-06T01:03:55.511+0100][4.221s][info][gc,load     ] GC(42) Load: 4.86/4.60/4.26
[2026-05-06T01:03:55.511+0100][4.221s][info][gc,mmu      ] GC(42) MMU: 2ms/98.8%, 5ms/99.5%, 10ms/99.7%, 20ms/99.8%, 50ms/99.9%, 100ms/99.9%
[2026-05-06T01:03:55.511+0100][4.221s][info][gc,marking  ] GC(42) Mark: 2 stripe(s), 1 proactive flush(es), 1 terminate flush(es), 0 completion(s), 0 continuation(s) 
[2026-05-06T01:03:55.511+0100][4.221s][info][gc,marking  ] GC(42) Mark Stack Usage: 32M
[2026-05-06T01:03:55.511+0100][4.221s][info][gc,nmethod  ] GC(42) NMethods: 3821 registered, 695 unregistered
[2026-05-06T01:03:55.511+0100][4.221s][info][gc,metaspace] GC(42) Metaspace: 18M used, 18M committed, 1088M reserved
[2026-05-06T01:03:55.511+0100][4.221s][info][gc,ref      ] GC(42) Soft: 4237 encountered, 0 discovered, 0 enqueued
[2026-05-06T01:03:55.511+0100][4.221s][info][gc,ref      ] GC(42) Weak: 2363 encountered, 1406 discovered, 0 enqueued
[2026-05-06T01:03:55.511+0100][4.221s][info][gc,ref      ] GC(42) Final: 6 encountered, 0 discovered, 0 enqueued
[2026-05-06T01:03:55.511+0100][4.221s][info][gc,ref      ] GC(42) Phantom: 270 encountered, 211 discovered, 0 enqueued
[2026-05-06T01:03:55.511+0100][4.221s][info][gc,reloc    ] GC(42) Small Pages: 37 / 74M, Empty: 54M, Relocated: 1M, In-Place: 0
[2026-05-06T01:03:55.511+0100][4.221s][info][gc,reloc    ] GC(42) Medium Pages: 1 / 32M, Empty: 0M, Relocated: 0M, In-Place: 0
[2026-05-06T01:03:55.511+0100][4.221s][info][gc,reloc    ] GC(42) Large Pages: 16 / 296M, Empty: 104M, Relocated: 0M, In-Place: 0
[2026-05-06T01:03:55.511+0100][4.221s][info][gc,reloc    ] GC(42) Forwarding Usage: 0M
[2026-05-06T01:03:55.511+0100][4.221s][info][gc,heap     ] GC(42) Min Capacity: 8M(0%)
[2026-05-06T01:03:55.511+0100][4.221s][info][gc,heap     ] GC(42) Max Capacity: 4096M(100%)
[2026-05-06T01:03:55.511+0100][4.221s][info][gc,heap     ] GC(42) Soft Max Capacity: 4096M(100%)
[2026-05-06T01:03:55.511+0100][4.221s][info][gc,heap     ] GC(42)                Mark Start          Mark End        Relocate Start      Relocate End           High               Low         
[2026-05-06T01:03:55.511+0100][4.221s][info][gc,heap     ] GC(42)  Capacity:      910M (22%)         910M (22%)         910M (22%)         910M (22%)         910M (22%)         910M (22%)    
[2026-05-06T01:03:55.511+0100][4.221s][info][gc,heap     ] GC(42)      Free:     3694M (90%)        3694M (90%)        3852M (94%)        3854M (94%)        3854M (94%)        3694M (90%)    
[2026-05-06T01:03:55.511+0100][4.221s][info][gc,heap     ] GC(42)      Used:      402M (10%)         402M (10%)         244M (6%)          242M (6%)          402M (10%)         242M (6%)     
[2026-05-06T01:03:55.511+0100][4.221s][info][gc,heap     ] GC(42)      Live:         -               205M (5%)          205M (5%)          205M (5%)             -                  -          
[2026-05-06T01:03:55.511+0100][4.221s][info][gc,heap     ] GC(42) Allocated:         -                 0M (0%)            0M (0%)            0M (0%)             -                  -          
[2026-05-06T01:03:55.511+0100][4.221s][info][gc,heap     ] GC(42)   Garbage:         -               196M (5%)           38M (1%)           36M (1%)             -                  -          
[2026-05-06T01:03:55.511+0100][4.221s][info][gc,heap     ] GC(42) Reclaimed:         -                  -               158M (4%)          160M (4%)             -                  -          
[2026-05-06T01:03:55.511+0100][4.221s][info][gc          ] GC(42) Garbage Collection (System.gc()) 402M(10%)->242M(6%)
[2026-05-06T01:03:55.541+0100][4.250s][info][gc,start    ] GC(43) Garbage Collection (System.gc())
[2026-05-06T01:03:55.541+0100][4.250s][info][gc,task     ] GC(43) Using 3 workers
[2026-05-06T01:03:55.541+0100][4.250s][info][gc,phases   ] GC(43) Pause Mark Start 0.003ms
[2026-05-06T01:03:55.545+0100][4.255s][info][gc,phases   ] GC(43) Concurrent Mark 4.693ms
[2026-05-06T01:03:55.545+0100][4.255s][info][gc,phases   ] GC(43) Pause Mark End 0.006ms
[2026-05-06T01:03:55.545+0100][4.255s][info][gc,phases   ] GC(43) Concurrent Mark Free 0.000ms
[2026-05-06T01:03:55.547+0100][4.257s][info][gc,phases   ] GC(43) Concurrent Process Non-Strong References 1.862ms
[2026-05-06T01:03:55.547+0100][4.257s][info][gc,phases   ] GC(43) Concurrent Reset Relocation Set 0.001ms
[2026-05-06T01:03:55.548+0100][4.257s][info][gc,phases   ] GC(43) Concurrent Select Relocation Set 0.666ms
[2026-05-06T01:03:55.548+0100][4.258s][info][gc,phases   ] GC(43) Pause Relocate Start 0.004ms
[2026-05-06T01:03:55.548+0100][4.258s][info][gc,phases   ] GC(43) Concurrent Relocate 0.202ms
[2026-05-06T01:03:55.548+0100][4.258s][info][gc,load     ] GC(43) Load: 4.86/4.60/4.26
[2026-05-06T01:03:55.548+0100][4.258s][info][gc,mmu      ] GC(43) MMU: 2ms/98.8%, 5ms/99.5%, 10ms/99.7%, 20ms/99.8%, 50ms/99.9%, 100ms/99.9%
[2026-05-06T01:03:55.548+0100][4.258s][info][gc,marking  ] GC(43) Mark: 2 stripe(s), 1 proactive flush(es), 1 terminate flush(es), 0 completion(s), 0 continuation(s) 
[2026-05-06T01:03:55.548+0100][4.258s][info][gc,marking  ] GC(43) Mark Stack Usage: 32M
[2026-05-06T01:03:55.548+0100][4.258s][info][gc,nmethod  ] GC(43) NMethods: 3825 registered, 697 unregistered
[2026-05-06T01:03:55.548+0100][4.258s][info][gc,metaspace] GC(43) Metaspace: 18M used, 18M committed, 1088M reserved
[2026-05-06T01:03:55.548+0100][4.258s][info][gc,ref      ] GC(43) Soft: 4237 encountered, 0 discovered, 0 enqueued
[2026-05-06T01:03:55.548+0100][4.258s][info][gc,ref      ] GC(43) Weak: 2363 encountered, 536 discovered, 0 enqueued
[2026-05-06T01:03:55.548+0100][4.258s][info][gc,ref      ] GC(43) Final: 6 encountered, 0 discovered, 0 enqueued
[2026-05-06T01:03:55.548+0100][4.258s][info][gc,ref      ] GC(43) Phantom: 270 encountered, 121 discovered, 0 enqueued
[2026-05-06T01:03:55.548+0100][4.258s][info][gc,reloc    ] GC(43) Small Pages: 31 / 62M, Empty: 42M, Relocated: 1M, In-Place: 0
[2026-05-06T01:03:55.548+0100][4.258s][info][gc,reloc    ] GC(43) Medium Pages: 1 / 32M, Empty: 0M, Relocated: 0M, In-Place: 0
[2026-05-06T01:03:55.548+0100][4.258s][info][gc,reloc    ] GC(43) Large Pages: 16 / 296M, Empty: 104M, Relocated: 0M, In-Place: 0
[2026-05-06T01:03:55.548+0100][4.258s][info][gc,reloc    ] GC(43) Forwarding Usage: 0M
[2026-05-06T01:03:55.548+0100][4.258s][info][gc,heap     ] GC(43) Min Capacity: 8M(0%)
[2026-05-06T01:03:55.548+0100][4.258s][info][gc,heap     ] GC(43) Max Capacity: 4096M(100%)
[2026-05-06T01:03:55.548+0100][4.258s][info][gc,heap     ] GC(43) Soft Max Capacity: 4096M(100%)
[2026-05-06T01:03:55.548+0100][4.258s][info][gc,heap     ] GC(43)                Mark Start          Mark End        Relocate Start      Relocate End           High               Low         
[2026-05-06T01:03:55.548+0100][4.258s][info][gc,heap     ] GC(43)  Capacity:      910M (22%)         910M (22%)         910M (22%)         910M (22%)         910M (22%)         910M (22%)    
[2026-05-06T01:03:55.548+0100][4.258s][info][gc,heap     ] GC(43)      Free:     3706M (90%)        3706M (90%)        3852M (94%)        3854M (94%)        3854M (94%)        3706M (90%)    
[2026-05-06T01:03:55.548+0100][4.258s][info][gc,heap     ] GC(43)      Used:      390M (10%)         390M (10%)         244M (6%)          242M (6%)          390M (10%)         242M (6%)     
[2026-05-06T01:03:55.548+0100][4.258s][info][gc,heap     ] GC(43)      Live:         -               205M (5%)          205M (5%)          205M (5%)             -                  -          
[2026-05-06T01:03:55.548+0100][4.258s][info][gc,heap     ] GC(43) Allocated:         -                 0M (0%)            0M (0%)            0M (0%)             -                  -          
[2026-05-06T01:03:55.548+0100][4.258s][info][gc,heap     ] GC(43)   Garbage:         -               184M (5%)           38M (1%)           36M (1%)             -                  -          
[2026-05-06T01:03:55.548+0100][4.258s][info][gc,heap     ] GC(43) Reclaimed:         -                  -               146M (4%)          148M (4%)             -                  -          
[2026-05-06T01:03:55.548+0100][4.258s][info][gc          ] GC(43) Garbage Collection (System.gc()) 390M(10%)->242M(6%)
[2026-05-06T01:03:55.576+0100][4.285s][info][gc,start    ] GC(44) Garbage Collection (System.gc())
[2026-05-06T01:03:55.576+0100][4.285s][info][gc,task     ] GC(44) Using 3 workers
[2026-05-06T01:03:55.576+0100][4.285s][info][gc,phases   ] GC(44) Pause Mark Start 0.003ms
[2026-05-06T01:03:55.580+0100][4.290s][info][gc,phases   ] GC(44) Concurrent Mark 4.738ms
[2026-05-06T01:03:55.580+0100][4.290s][info][gc,phases   ] GC(44) Pause Mark End 0.006ms
[2026-05-06T01:03:55.580+0100][4.290s][info][gc,phases   ] GC(44) Concurrent Mark Free 0.000ms
[2026-05-06T01:03:55.582+0100][4.292s][info][gc,phases   ] GC(44) Concurrent Process Non-Strong References 1.843ms
[2026-05-06T01:03:55.582+0100][4.292s][info][gc,phases   ] GC(44) Concurrent Reset Relocation Set 0.001ms
[2026-05-06T01:03:55.583+0100][4.293s][info][gc,phases   ] GC(44) Concurrent Select Relocation Set 0.779ms
[2026-05-06T01:03:55.583+0100][4.293s][info][gc,phases   ] GC(44) Pause Relocate Start 0.004ms
[2026-05-06T01:03:55.583+0100][4.293s][info][gc,phases   ] GC(44) Concurrent Relocate 0.237ms
[2026-05-06T01:03:55.583+0100][4.293s][info][gc,load     ] GC(44) Load: 4.86/4.60/4.26
[2026-05-06T01:03:55.583+0100][4.293s][info][gc,mmu      ] GC(44) MMU: 2ms/98.8%, 5ms/99.5%, 10ms/99.7%, 20ms/99.8%, 50ms/99.9%, 100ms/99.9%
[2026-05-06T01:03:55.583+0100][4.293s][info][gc,marking  ] GC(44) Mark: 2 stripe(s), 2 proactive flush(es), 1 terminate flush(es), 0 completion(s), 0 continuation(s) 
[2026-05-06T01:03:55.583+0100][4.293s][info][gc,marking  ] GC(44) Mark Stack Usage: 32M
[2026-05-06T01:03:55.583+0100][4.293s][info][gc,nmethod  ] GC(44) NMethods: 3827 registered, 710 unregistered
[2026-05-06T01:03:55.583+0100][4.293s][info][gc,metaspace] GC(44) Metaspace: 18M used, 18M committed, 1088M reserved
[2026-05-06T01:03:55.583+0100][4.293s][info][gc,ref      ] GC(44) Soft: 4237 encountered, 0 discovered, 0 enqueued
[2026-05-06T01:03:55.583+0100][4.293s][info][gc,ref      ] GC(44) Weak: 2363 encountered, 874 discovered, 0 enqueued
[2026-05-06T01:03:55.583+0100][4.293s][info][gc,ref      ] GC(44) Final: 6 encountered, 0 discovered, 0 enqueued
[2026-05-06T01:03:55.583+0100][4.293s][info][gc,ref      ] GC(44) Phantom: 270 encountered, 150 discovered, 0 enqueued
[2026-05-06T01:03:55.583+0100][4.293s][info][gc,reloc    ] GC(44) Small Pages: 13 / 26M, Empty: 2M, Relocated: 1M, In-Place: 0
[2026-05-06T01:03:55.583+0100][4.293s][info][gc,reloc    ] GC(44) Medium Pages: 1 / 32M, Empty: 0M, Relocated: 0M, In-Place: 0
[2026-05-06T01:03:55.583+0100][4.293s][info][gc,reloc    ] GC(44) Large Pages: 16 / 296M, Empty: 104M, Relocated: 0M, In-Place: 0
[2026-05-06T01:03:55.583+0100][4.293s][info][gc,reloc    ] GC(44) Forwarding Usage: 0M
[2026-05-06T01:03:55.583+0100][4.293s][info][gc,heap     ] GC(44) Min Capacity: 8M(0%)
[2026-05-06T01:03:55.583+0100][4.293s][info][gc,heap     ] GC(44) Max Capacity: 4096M(100%)
[2026-05-06T01:03:55.583+0100][4.293s][info][gc,heap     ] GC(44) Soft Max Capacity: 4096M(100%)
[2026-05-06T01:03:55.583+0100][4.293s][info][gc,heap     ] GC(44)                Mark Start          Mark End        Relocate Start      Relocate End           High               Low         
[2026-05-06T01:03:55.583+0100][4.293s][info][gc,heap     ] GC(44)  Capacity:      910M (22%)         910M (22%)         910M (22%)         910M (22%)         910M (22%)         910M (22%)    
[2026-05-06T01:03:55.583+0100][4.293s][info][gc,heap     ] GC(44)      Free:     3742M (91%)        3742M (91%)        3848M (94%)        3854M (94%)        3854M (94%)        3742M (91%)    
[2026-05-06T01:03:55.583+0100][4.293s][info][gc,heap     ] GC(44)      Used:      354M (9%)          354M (9%)          248M (6%)          242M (6%)          354M (9%)          242M (6%)     
[2026-05-06T01:03:55.583+0100][4.293s][info][gc,heap     ] GC(44)      Live:         -               205M (5%)          205M (5%)          205M (5%)             -                  -          
[2026-05-06T01:03:55.583+0100][4.293s][info][gc,heap     ] GC(44) Allocated:         -                 0M (0%)            0M (0%)            0M (0%)             -                  -          
[2026-05-06T01:03:55.583+0100][4.293s][info][gc,heap     ] GC(44)   Garbage:         -               148M (4%)           42M (1%)           36M (1%)             -                  -          
[2026-05-06T01:03:55.583+0100][4.293s][info][gc,heap     ] GC(44) Reclaimed:         -                  -               106M (3%)          112M (3%)             -                  -          
[2026-05-06T01:03:55.583+0100][4.293s][info][gc          ] GC(44) Garbage Collection (System.gc()) 354M(9%)->242M(6%)
[2026-05-06T01:03:55.606+0100][4.316s][info][gc,start    ] GC(45) Garbage Collection (System.gc())
[2026-05-06T01:03:55.606+0100][4.316s][info][gc,task     ] GC(45) Using 3 workers
[2026-05-06T01:03:55.606+0100][4.316s][info][gc,phases   ] GC(45) Pause Mark Start 0.003ms
[2026-05-06T01:03:55.610+0100][4.320s][info][gc,phases   ] GC(45) Concurrent Mark 4.055ms
[2026-05-06T01:03:55.610+0100][4.320s][info][gc,phases   ] GC(45) Pause Mark End 0.005ms
[2026-05-06T01:03:55.610+0100][4.320s][info][gc,phases   ] GC(45) Concurrent Mark Free 0.000ms
[2026-05-06T01:03:55.613+0100][4.322s][info][gc,phases   ] GC(45) Concurrent Process Non-Strong References 2.190ms
[2026-05-06T01:03:55.613+0100][4.322s][info][gc,phases   ] GC(45) Concurrent Reset Relocation Set 0.001ms
[2026-05-06T01:03:55.613+0100][4.323s][info][gc,phases   ] GC(45) Concurrent Select Relocation Set 0.615ms
[2026-05-06T01:03:55.613+0100][4.323s][info][gc,phases   ] GC(45) Pause Relocate Start 0.004ms
[2026-05-06T01:03:55.613+0100][4.323s][info][gc,phases   ] GC(45) Concurrent Relocate 0.203ms
[2026-05-06T01:03:55.613+0100][4.323s][info][gc,load     ] GC(45) Load: 4.86/4.60/4.26
[2026-05-06T01:03:55.613+0100][4.323s][info][gc,mmu      ] GC(45) MMU: 2ms/98.8%, 5ms/99.5%, 10ms/99.7%, 20ms/99.8%, 50ms/99.9%, 100ms/99.9%
[2026-05-06T01:03:55.613+0100][4.323s][info][gc,marking  ] GC(45) Mark: 2 stripe(s), 1 proactive flush(es), 1 terminate flush(es), 0 completion(s), 0 continuation(s) 
[2026-05-06T01:03:55.613+0100][4.323s][info][gc,marking  ] GC(45) Mark Stack Usage: 32M
[2026-05-06T01:03:55.613+0100][4.323s][info][gc,nmethod  ] GC(45) NMethods: 3832 registered, 716 unregistered
[2026-05-06T01:03:55.613+0100][4.323s][info][gc,metaspace] GC(45) Metaspace: 18M used, 19M committed, 1088M reserved
[2026-05-06T01:03:55.613+0100][4.323s][info][gc,ref      ] GC(45) Soft: 4237 encountered, 0 discovered, 0 enqueued
[2026-05-06T01:03:55.613+0100][4.323s][info][gc,ref      ] GC(45) Weak: 2363 encountered, 587 discovered, 0 enqueued
[2026-05-06T01:03:55.613+0100][4.323s][info][gc,ref      ] GC(45) Final: 6 encountered, 0 discovered, 0 enqueued
[2026-05-06T01:03:55.613+0100][4.323s][info][gc,ref      ] GC(45) Phantom: 270 encountered, 159 discovered, 0 enqueued
[2026-05-06T01:03:55.613+0100][4.323s][info][gc,reloc    ] GC(45) Small Pages: 11 / 22M, Empty: 2M, Relocated: 1M, In-Place: 0
[2026-05-06T01:03:55.613+0100][4.323s][info][gc,reloc    ] GC(45) Medium Pages: 1 / 32M, Empty: 0M, Relocated: 0M, In-Place: 0
[2026-05-06T01:03:55.614+0100][4.323s][info][gc,reloc    ] GC(45) Large Pages: 16 / 296M, Empty: 104M, Relocated: 0M, In-Place: 0
[2026-05-06T01:03:55.614+0100][4.323s][info][gc,reloc    ] GC(45) Forwarding Usage: 0M
[2026-05-06T01:03:55.614+0100][4.323s][info][gc,heap     ] GC(45) Min Capacity: 8M(0%)
[2026-05-06T01:03:55.614+0100][4.323s][info][gc,heap     ] GC(45) Max Capacity: 4096M(100%)
[2026-05-06T01:03:55.614+0100][4.323s][info][gc,heap     ] GC(45) Soft Max Capacity: 4096M(100%)
[2026-05-06T01:03:55.614+0100][4.323s][info][gc,heap     ] GC(45)                Mark Start          Mark End        Relocate Start      Relocate End           High               Low         
[2026-05-06T01:03:55.614+0100][4.323s][info][gc,heap     ] GC(45)  Capacity:      910M (22%)         910M (22%)         910M (22%)         910M (22%)         910M (22%)         910M (22%)    
[2026-05-06T01:03:55.614+0100][4.323s][info][gc,heap     ] GC(45)      Free:     3746M (91%)        3746M (91%)        3852M (94%)        3854M (94%)        3854M (94%)        3746M (91%)    
[2026-05-06T01:03:55.614+0100][4.323s][info][gc,heap     ] GC(45)      Used:      350M (9%)          350M (9%)          244M (6%)          242M (6%)          350M (9%)          242M (6%)     
[2026-05-06T01:03:55.614+0100][4.323s][info][gc,heap     ] GC(45)      Live:         -               205M (5%)          205M (5%)          205M (5%)             -                  -          
[2026-05-06T01:03:55.614+0100][4.323s][info][gc,heap     ] GC(45) Allocated:         -                 0M (0%)            0M (0%)            0M (0%)             -                  -          
[2026-05-06T01:03:55.614+0100][4.323s][info][gc,heap     ] GC(45)   Garbage:         -               144M (4%)           38M (1%)           36M (1%)             -                  -          
[2026-05-06T01:03:55.614+0100][4.323s][info][gc,heap     ] GC(45) Reclaimed:         -                  -               106M (3%)          108M (3%)             -                  -          
[2026-05-06T01:03:55.614+0100][4.323s][info][gc          ] GC(45) Garbage Collection (System.gc()) 350M(9%)->242M(6%)
[2026-05-06T01:03:55.756+0100][4.465s][info][gc,start    ] GC(46) Garbage Collection (System.gc())
[2026-05-06T01:03:55.756+0100][4.465s][info][gc,task     ] GC(46) Using 3 workers
[2026-05-06T01:03:55.756+0100][4.465s][info][gc,phases   ] GC(46) Pause Mark Start 0.003ms
[2026-05-06T01:03:55.760+0100][4.470s][info][gc,phases   ] GC(46) Concurrent Mark 4.260ms
[2026-05-06T01:03:55.760+0100][4.470s][info][gc,phases   ] GC(46) Pause Mark End 0.006ms
[2026-05-06T01:03:55.760+0100][4.470s][info][gc,phases   ] GC(46) Concurrent Mark Free 0.000ms
[2026-05-06T01:03:55.762+0100][4.471s][info][gc,phases   ] GC(46) Concurrent Process Non-Strong References 1.795ms
[2026-05-06T01:03:55.762+0100][4.471s][info][gc,phases   ] GC(46) Concurrent Reset Relocation Set 0.002ms
[2026-05-06T01:03:55.762+0100][4.472s][info][gc,phases   ] GC(46) Concurrent Select Relocation Set 0.597ms
[2026-05-06T01:03:55.763+0100][4.472s][info][gc,phases   ] GC(46) Pause Relocate Start 0.003ms
[2026-05-06T01:03:55.763+0100][4.472s][info][gc,phases   ] GC(46) Concurrent Relocate 0.198ms
[2026-05-06T01:03:55.763+0100][4.472s][info][gc,load     ] GC(46) Load: 4.86/4.60/4.26
[2026-05-06T01:03:55.763+0100][4.472s][info][gc,mmu      ] GC(46) MMU: 2ms/98.8%, 5ms/99.5%, 10ms/99.7%, 20ms/99.8%, 50ms/99.9%, 100ms/99.9%
[2026-05-06T01:03:55.763+0100][4.472s][info][gc,marking  ] GC(46) Mark: 2 stripe(s), 1 proactive flush(es), 1 terminate flush(es), 0 completion(s), 0 continuation(s) 
[2026-05-06T01:03:55.763+0100][4.472s][info][gc,marking  ] GC(46) Mark Stack Usage: 32M
[2026-05-06T01:03:55.763+0100][4.472s][info][gc,nmethod  ] GC(46) NMethods: 3833 registered, 718 unregistered
[2026-05-06T01:03:55.763+0100][4.472s][info][gc,metaspace] GC(46) Metaspace: 18M used, 19M committed, 1088M reserved
[2026-05-06T01:03:55.763+0100][4.472s][info][gc,ref      ] GC(46) Soft: 4237 encountered, 0 discovered, 0 enqueued
[2026-05-06T01:03:55.763+0100][4.472s][info][gc,ref      ] GC(46) Weak: 2363 encountered, 1368 discovered, 0 enqueued
[2026-05-06T01:03:55.763+0100][4.472s][info][gc,ref      ] GC(46) Final: 6 encountered, 0 discovered, 0 enqueued
[2026-05-06T01:03:55.763+0100][4.472s][info][gc,ref      ] GC(46) Phantom: 270 encountered, 123 discovered, 0 enqueued
[2026-05-06T01:03:55.763+0100][4.472s][info][gc,reloc    ] GC(46) Small Pages: 11 / 22M, Empty: 2M, Relocated: 1M, In-Place: 0
[2026-05-06T01:03:55.763+0100][4.472s][info][gc,reloc    ] GC(46) Medium Pages: 1 / 32M, Empty: 0M, Relocated: 0M, In-Place: 0
[2026-05-06T01:03:55.763+0100][4.472s][info][gc,reloc    ] GC(46) Large Pages: 16 / 386M, Empty: 194M, Relocated: 0M, In-Place: 0
[2026-05-06T01:03:55.763+0100][4.472s][info][gc,reloc    ] GC(46) Forwarding Usage: 0M
[2026-05-06T01:03:55.763+0100][4.472s][info][gc,heap     ] GC(46) Min Capacity: 8M(0%)
[2026-05-06T01:03:55.763+0100][4.472s][info][gc,heap     ] GC(46) Max Capacity: 4096M(100%)
[2026-05-06T01:03:55.763+0100][4.472s][info][gc,heap     ] GC(46) Soft Max Capacity: 4096M(100%)
[2026-05-06T01:03:55.763+0100][4.472s][info][gc,heap     ] GC(46)                Mark Start          Mark End        Relocate Start      Relocate End           High               Low         
[2026-05-06T01:03:55.763+0100][4.472s][info][gc,heap     ] GC(46)  Capacity:     1024M (25%)        1024M (25%)        1024M (25%)        1024M (25%)        1024M (25%)        1024M (25%)    
[2026-05-06T01:03:55.763+0100][4.472s][info][gc,heap     ] GC(46)      Free:     3656M (89%)        3656M (89%)        3852M (94%)        3854M (94%)        3854M (94%)        3656M (89%)    
[2026-05-06T01:03:55.763+0100][4.472s][info][gc,heap     ] GC(46)      Used:      440M (11%)         440M (11%)         244M (6%)          242M (6%)          440M (11%)         242M (6%)     
[2026-05-06T01:03:55.763+0100][4.472s][info][gc,heap     ] GC(46)      Live:         -               205M (5%)          205M (5%)          205M (5%)             -                  -          
[2026-05-06T01:03:55.763+0100][4.472s][info][gc,heap     ] GC(46) Allocated:         -                 0M (0%)            0M (0%)            0M (0%)             -                  -          
[2026-05-06T01:03:55.763+0100][4.472s][info][gc,heap     ] GC(46)   Garbage:         -               234M (6%)           38M (1%)           36M (1%)             -                  -          
[2026-05-06T01:03:55.763+0100][4.472s][info][gc,heap     ] GC(46) Reclaimed:         -                  -               196M (5%)          198M (5%)             -                  -          
[2026-05-06T01:03:55.763+0100][4.472s][info][gc          ] GC(46) Garbage Collection (System.gc()) 440M(11%)->242M(6%)
[2026-05-06T01:03:56.292+0100][5.001s][info][gc,start    ] GC(47) Garbage Collection (System.gc())
[2026-05-06T01:03:56.292+0100][5.001s][info][gc,task     ] GC(47) Using 3 workers
[2026-05-06T01:03:56.292+0100][5.001s][info][gc,phases   ] GC(47) Pause Mark Start 0.009ms
[2026-05-06T01:03:56.296+0100][5.006s][info][gc,phases   ] GC(47) Concurrent Mark 4.484ms
[2026-05-06T01:03:56.296+0100][5.006s][info][gc,phases   ] GC(47) Pause Mark End 0.003ms
[2026-05-06T01:03:56.296+0100][5.006s][info][gc,phases   ] GC(47) Concurrent Mark Free 0.000ms
[2026-05-06T01:03:56.299+0100][5.008s][info][gc,phases   ] GC(47) Concurrent Process Non-Strong References 2.176ms
[2026-05-06T01:03:56.299+0100][5.008s][info][gc,phases   ] GC(47) Concurrent Reset Relocation Set 0.001ms
[2026-05-06T01:03:56.299+0100][5.009s][info][gc,phases   ] GC(47) Concurrent Select Relocation Set 0.592ms
[2026-05-06T01:03:56.299+0100][5.009s][info][gc,phases   ] GC(47) Pause Relocate Start 0.002ms
[2026-05-06T01:03:56.300+0100][5.009s][info][gc,phases   ] GC(47) Concurrent Relocate 0.265ms
[2026-05-06T01:03:56.300+0100][5.009s][info][gc,load     ] GC(47) Load: 4.86/4.60/4.26
[2026-05-06T01:03:56.300+0100][5.009s][info][gc,mmu      ] GC(47) MMU: 2ms/98.8%, 5ms/99.5%, 10ms/99.7%, 20ms/99.8%, 50ms/99.9%, 100ms/99.9%
[2026-05-06T01:03:56.300+0100][5.009s][info][gc,marking  ] GC(47) Mark: 2 stripe(s), 1 proactive flush(es), 1 terminate flush(es), 0 completion(s), 0 continuation(s) 
[2026-05-06T01:03:56.300+0100][5.009s][info][gc,marking  ] GC(47) Mark Stack Usage: 32M
[2026-05-06T01:03:56.300+0100][5.009s][info][gc,nmethod  ] GC(47) NMethods: 3833 registered, 719 unregistered
[2026-05-06T01:03:56.300+0100][5.009s][info][gc,metaspace] GC(47) Metaspace: 18M used, 19M committed, 1088M reserved
[2026-05-06T01:03:56.300+0100][5.009s][info][gc,ref      ] GC(47) Soft: 4237 encountered, 0 discovered, 0 enqueued
[2026-05-06T01:03:56.300+0100][5.009s][info][gc,ref      ] GC(47) Weak: 2363 encountered, 772 discovered, 0 enqueued
[2026-05-06T01:03:56.300+0100][5.009s][info][gc,ref      ] GC(47) Final: 6 encountered, 0 discovered, 0 enqueued
[2026-05-06T01:03:56.300+0100][5.009s][info][gc,ref      ] GC(47) Phantom: 270 encountered, 223 discovered, 0 enqueued
[2026-05-06T01:03:56.300+0100][5.009s][info][gc,reloc    ] GC(47) Small Pages: 10 / 20M, Empty: 0M, Relocated: 1M, In-Place: 0
[2026-05-06T01:03:56.300+0100][5.009s][info][gc,reloc    ] GC(47) Medium Pages: 1 / 32M, Empty: 0M, Relocated: 0M, In-Place: 0
[2026-05-06T01:03:56.300+0100][5.009s][info][gc,reloc    ] GC(47) Large Pages: 16 / 686M, Empty: 494M, Relocated: 0M, In-Place: 0
[2026-05-06T01:03:56.300+0100][5.009s][info][gc,reloc    ] GC(47) Forwarding Usage: 0M
[2026-05-06T01:03:56.300+0100][5.009s][info][gc,heap     ] GC(47) Min Capacity: 8M(0%)
[2026-05-06T01:03:56.300+0100][5.009s][info][gc,heap     ] GC(47) Max Capacity: 4096M(100%)
[2026-05-06T01:03:56.300+0100][5.009s][info][gc,heap     ] GC(47) Soft Max Capacity: 4096M(100%)
[2026-05-06T01:03:56.300+0100][5.009s][info][gc,heap     ] GC(47)                Mark Start          Mark End        Relocate Start      Relocate End           High               Low         
[2026-05-06T01:03:56.300+0100][5.009s][info][gc,heap     ] GC(47)  Capacity:     1404M (34%)        1404M (34%)        1404M (34%)        1404M (34%)        1404M (34%)        1404M (34%)    
[2026-05-06T01:03:56.300+0100][5.009s][info][gc,heap     ] GC(47)      Free:     3358M (82%)        3358M (82%)        3852M (94%)        3854M (94%)        3854M (94%)        3358M (82%)    
[2026-05-06T01:03:56.300+0100][5.009s][info][gc,heap     ] GC(47)      Used:      738M (18%)         738M (18%)         244M (6%)          242M (6%)          738M (18%)         242M (6%)     
[2026-05-06T01:03:56.300+0100][5.009s][info][gc,heap     ] GC(47)      Live:         -               205M (5%)          205M (5%)          205M (5%)             -                  -          
[2026-05-06T01:03:56.300+0100][5.009s][info][gc,heap     ] GC(47) Allocated:         -                 0M (0%)            0M (0%)            0M (0%)             -                  -          
[2026-05-06T01:03:56.300+0100][5.009s][info][gc,heap     ] GC(47)   Garbage:         -               532M (13%)          38M (1%)           36M (1%)             -                  -          
[2026-05-06T01:03:56.300+0100][5.009s][info][gc,heap     ] GC(47) Reclaimed:         -                  -               494M (12%)         496M (12%)            -                  -          
[2026-05-06T01:03:56.300+0100][5.009s][info][gc          ] GC(47) Garbage Collection (System.gc()) 738M(18%)->242M(6%)
[2026-05-06T01:03:56.810+0100][5.520s][info][gc,start    ] GC(48) Garbage Collection (System.gc())
[2026-05-06T01:03:56.810+0100][5.520s][info][gc,task     ] GC(48) Using 3 workers
[2026-05-06T01:03:56.810+0100][5.520s][info][gc,phases   ] GC(48) Pause Mark Start 0.003ms
[2026-05-06T01:03:56.815+0100][5.524s][info][gc,phases   ] GC(48) Concurrent Mark 4.131ms
[2026-05-06T01:03:56.815+0100][5.524s][info][gc,phases   ] GC(48) Pause Mark End 0.005ms
[2026-05-06T01:03:56.815+0100][5.524s][info][gc,phases   ] GC(48) Concurrent Mark Free 0.000ms
[2026-05-06T01:03:56.816+0100][5.526s][info][gc,phases   ] GC(48) Concurrent Process Non-Strong References 1.770ms
[2026-05-06T01:03:56.816+0100][5.526s][info][gc,phases   ] GC(48) Concurrent Reset Relocation Set 0.001ms
[2026-05-06T01:03:56.817+0100][5.527s][info][gc,phases   ] GC(48) Concurrent Select Relocation Set 0.607ms
[2026-05-06T01:03:56.817+0100][5.527s][info][gc,phases   ] GC(48) Pause Relocate Start 0.003ms
[2026-05-06T01:03:56.817+0100][5.527s][info][gc,phases   ] GC(48) Concurrent Relocate 0.234ms
[2026-05-06T01:03:56.817+0100][5.527s][info][gc,load     ] GC(48) Load: 4.86/4.60/4.26
[2026-05-06T01:03:56.817+0100][5.527s][info][gc,mmu      ] GC(48) MMU: 2ms/98.8%, 5ms/99.5%, 10ms/99.7%, 20ms/99.8%, 50ms/99.9%, 100ms/99.9%
[2026-05-06T01:03:56.817+0100][5.527s][info][gc,marking  ] GC(48) Mark: 2 stripe(s), 2 proactive flush(es), 1 terminate flush(es), 0 completion(s), 0 continuation(s) 
[2026-05-06T01:03:56.817+0100][5.527s][info][gc,marking  ] GC(48) Mark Stack Usage: 32M
[2026-05-06T01:03:56.817+0100][5.527s][info][gc,nmethod  ] GC(48) NMethods: 3833 registered, 719 unregistered
[2026-05-06T01:03:56.817+0100][5.527s][info][gc,metaspace] GC(48) Metaspace: 18M used, 19M committed, 1088M reserved
[2026-05-06T01:03:56.817+0100][5.527s][info][gc,ref      ] GC(48) Soft: 4237 encountered, 0 discovered, 0 enqueued
[2026-05-06T01:03:56.817+0100][5.527s][info][gc,ref      ] GC(48) Weak: 2363 encountered, 1391 discovered, 0 enqueued
[2026-05-06T01:03:56.817+0100][5.527s][info][gc,ref      ] GC(48) Final: 6 encountered, 0 discovered, 0 enqueued
[2026-05-06T01:03:56.817+0100][5.527s][info][gc,ref      ] GC(48) Phantom: 270 encountered, 154 discovered, 0 enqueued
[2026-05-06T01:03:56.817+0100][5.527s][info][gc,reloc    ] GC(48) Small Pages: 10 / 20M, Empty: 0M, Relocated: 1M, In-Place: 0
[2026-05-06T01:03:56.817+0100][5.527s][info][gc,reloc    ] GC(48) Medium Pages: 1 / 32M, Empty: 0M, Relocated: 0M, In-Place: 0
[2026-05-06T01:03:56.817+0100][5.527s][info][gc,reloc    ] GC(48) Large Pages: 16 / 686M, Empty: 494M, Relocated: 0M, In-Place: 0
[2026-05-06T01:03:56.817+0100][5.527s][info][gc,reloc    ] GC(48) Forwarding Usage: 0M
[2026-05-06T01:03:56.817+0100][5.527s][info][gc,heap     ] GC(48) Min Capacity: 8M(0%)
[2026-05-06T01:03:56.817+0100][5.527s][info][gc,heap     ] GC(48) Max Capacity: 4096M(100%)
[2026-05-06T01:03:56.817+0100][5.527s][info][gc,heap     ] GC(48) Soft Max Capacity: 4096M(100%)
[2026-05-06T01:03:56.817+0100][5.527s][info][gc,heap     ] GC(48)                Mark Start          Mark End        Relocate Start      Relocate End           High               Low         
[2026-05-06T01:03:56.817+0100][5.527s][info][gc,heap     ] GC(48)  Capacity:     1404M (34%)        1404M (34%)        1404M (34%)        1404M (34%)        1404M (34%)        1404M (34%)    
[2026-05-06T01:03:56.817+0100][5.527s][info][gc,heap     ] GC(48)      Free:     3358M (82%)        3358M (82%)        3852M (94%)        3854M (94%)        3854M (94%)        3358M (82%)    
[2026-05-06T01:03:56.817+0100][5.527s][info][gc,heap     ] GC(48)      Used:      738M (18%)         738M (18%)         244M (6%)          242M (6%)          738M (18%)         242M (6%)     
[2026-05-06T01:03:56.817+0100][5.527s][info][gc,heap     ] GC(48)      Live:         -               205M (5%)          205M (5%)          205M (5%)             -                  -          
[2026-05-06T01:03:56.817+0100][5.527s][info][gc,heap     ] GC(48) Allocated:         -                 0M (0%)            0M (0%)            0M (0%)             -                  -          
[2026-05-06T01:03:56.817+0100][5.527s][info][gc,heap     ] GC(48)   Garbage:         -               532M (13%)          38M (1%)           36M (1%)             -                  -          
[2026-05-06T01:03:56.817+0100][5.527s][info][gc,heap     ] GC(48) Reclaimed:         -                  -               494M (12%)         496M (12%)            -                  -          
[2026-05-06T01:03:56.817+0100][5.527s][info][gc          ] GC(48) Garbage Collection (System.gc()) 738M(18%)->242M(6%)
[2026-05-06T01:03:57.328+0100][6.037s][info][gc,start    ] GC(49) Garbage Collection (System.gc())
[2026-05-06T01:03:57.328+0100][6.038s][info][gc,task     ] GC(49) Using 3 workers
[2026-05-06T01:03:57.328+0100][6.038s][info][gc,phases   ] GC(49) Pause Mark Start 0.003ms
[2026-05-06T01:03:57.332+0100][6.042s][info][gc,phases   ] GC(49) Concurrent Mark 4.047ms
[2026-05-06T01:03:57.332+0100][6.042s][info][gc,phases   ] GC(49) Pause Mark End 0.003ms
[2026-05-06T01:03:57.332+0100][6.042s][info][gc,phases   ] GC(49) Concurrent Mark Free 0.000ms
[2026-05-06T01:03:57.334+0100][6.044s][info][gc,phases   ] GC(49) Concurrent Process Non-Strong References 1.738ms
[2026-05-06T01:03:57.334+0100][6.044s][info][gc,phases   ] GC(49) Concurrent Reset Relocation Set 0.001ms
[2026-05-06T01:03:57.335+0100][6.044s][info][gc,phases   ] GC(49) Concurrent Select Relocation Set 0.592ms
[2026-05-06T01:03:57.335+0100][6.044s][info][gc,phases   ] GC(49) Pause Relocate Start 0.003ms
[2026-05-06T01:03:57.335+0100][6.044s][info][gc,phases   ] GC(49) Concurrent Relocate 0.201ms
[2026-05-06T01:03:57.335+0100][6.044s][info][gc,load     ] GC(49) Load: 4.86/4.60/4.26
[2026-05-06T01:03:57.335+0100][6.044s][info][gc,mmu      ] GC(49) MMU: 2ms/98.8%, 5ms/99.5%, 10ms/99.7%, 20ms/99.8%, 50ms/99.9%, 100ms/99.9%
[2026-05-06T01:03:57.335+0100][6.044s][info][gc,marking  ] GC(49) Mark: 2 stripe(s), 1 proactive flush(es), 1 terminate flush(es), 0 completion(s), 0 continuation(s) 
[2026-05-06T01:03:57.335+0100][6.044s][info][gc,marking  ] GC(49) Mark Stack Usage: 32M
[2026-05-06T01:03:57.335+0100][6.044s][info][gc,nmethod  ] GC(49) NMethods: 3836 registered, 721 unregistered
[2026-05-06T01:03:57.335+0100][6.044s][info][gc,metaspace] GC(49) Metaspace: 18M used, 19M committed, 1088M reserved
[2026-05-06T01:03:57.335+0100][6.044s][info][gc,ref      ] GC(49) Soft: 4237 encountered, 0 discovered, 0 enqueued
[2026-05-06T01:03:57.335+0100][6.044s][info][gc,ref      ] GC(49) Weak: 2363 encountered, 1188 discovered, 0 enqueued
[2026-05-06T01:03:57.335+0100][6.044s][info][gc,ref      ] GC(49) Final: 6 encountered, 0 discovered, 0 enqueued
[2026-05-06T01:03:57.335+0100][6.044s][info][gc,ref      ] GC(49) Phantom: 270 encountered, 160 discovered, 0 enqueued
[2026-05-06T01:03:57.335+0100][6.044s][info][gc,reloc    ] GC(49) Small Pages: 11 / 22M, Empty: 2M, Relocated: 1M, In-Place: 0
[2026-05-06T01:03:57.335+0100][6.044s][info][gc,reloc    ] GC(49) Medium Pages: 1 / 32M, Empty: 0M, Relocated: 0M, In-Place: 0
[2026-05-06T01:03:57.335+0100][6.044s][info][gc,reloc    ] GC(49) Large Pages: 16 / 686M, Empty: 494M, Relocated: 0M, In-Place: 0
[2026-05-06T01:03:57.335+0100][6.044s][info][gc,reloc    ] GC(49) Forwarding Usage: 0M
[2026-05-06T01:03:57.335+0100][6.044s][info][gc,heap     ] GC(49) Min Capacity: 8M(0%)
[2026-05-06T01:03:57.335+0100][6.044s][info][gc,heap     ] GC(49) Max Capacity: 4096M(100%)
[2026-05-06T01:03:57.335+0100][6.044s][info][gc,heap     ] GC(49) Soft Max Capacity: 4096M(100%)
[2026-05-06T01:03:57.335+0100][6.045s][info][gc,heap     ] GC(49)                Mark Start          Mark End        Relocate Start      Relocate End           High               Low         
[2026-05-06T01:03:57.335+0100][6.045s][info][gc,heap     ] GC(49)  Capacity:     1404M (34%)        1404M (34%)        1404M (34%)        1404M (34%)        1404M (34%)        1404M (34%)    
[2026-05-06T01:03:57.335+0100][6.045s][info][gc,heap     ] GC(49)      Free:     3356M (82%)        3356M (82%)        3852M (94%)        3854M (94%)        3854M (94%)        3356M (82%)    
[2026-05-06T01:03:57.335+0100][6.045s][info][gc,heap     ] GC(49)      Used:      740M (18%)         740M (18%)         244M (6%)          242M (6%)          740M (18%)         242M (6%)     
[2026-05-06T01:03:57.335+0100][6.045s][info][gc,heap     ] GC(49)      Live:         -               205M (5%)          205M (5%)          205M (5%)             -                  -          
[2026-05-06T01:03:57.335+0100][6.045s][info][gc,heap     ] GC(49) Allocated:         -                 0M (0%)            0M (0%)            0M (0%)             -                  -          
[2026-05-06T01:03:57.335+0100][6.045s][info][gc,heap     ] GC(49)   Garbage:         -               534M (13%)          38M (1%)           36M (1%)             -                  -          
[2026-05-06T01:03:57.335+0100][6.045s][info][gc,heap     ] GC(49) Reclaimed:         -                  -               496M (12%)         498M (12%)            -                  -          
[2026-05-06T01:03:57.335+0100][6.045s][info][gc          ] GC(49) Garbage Collection (System.gc()) 740M(18%)->242M(6%)
[2026-05-06T01:03:57.781+0100][6.491s][info][gc,start    ] GC(50) Garbage Collection (System.gc())
[2026-05-06T01:03:57.781+0100][6.491s][info][gc,task     ] GC(50) Using 3 workers
[2026-05-06T01:03:57.781+0100][6.491s][info][gc,phases   ] GC(50) Pause Mark Start 0.004ms
[2026-05-06T01:03:57.786+0100][6.496s][info][gc,phases   ] GC(50) Concurrent Mark 4.542ms
[2026-05-06T01:03:57.786+0100][6.496s][info][gc,phases   ] GC(50) Pause Mark End 0.004ms
[2026-05-06T01:03:57.786+0100][6.496s][info][gc,phases   ] GC(50) Concurrent Mark Free 0.000ms
[2026-05-06T01:03:57.788+0100][6.497s][info][gc,phases   ] GC(50) Concurrent Process Non-Strong References 1.678ms
[2026-05-06T01:03:57.788+0100][6.497s][info][gc,phases   ] GC(50) Concurrent Reset Relocation Set 0.000ms
[2026-05-06T01:03:57.788+0100][6.498s][info][gc,phases   ] GC(50) Concurrent Select Relocation Set 0.621ms
[2026-05-06T01:03:57.788+0100][6.498s][info][gc,phases   ] GC(50) Pause Relocate Start 0.002ms
[2026-05-06T01:03:57.789+0100][6.498s][info][gc,phases   ] GC(50) Concurrent Relocate 0.191ms
[2026-05-06T01:03:57.789+0100][6.498s][info][gc,load     ] GC(50) Load: 4.86/4.60/4.26
[2026-05-06T01:03:57.789+0100][6.498s][info][gc,mmu      ] GC(50) MMU: 2ms/98.8%, 5ms/99.5%, 10ms/99.7%, 20ms/99.8%, 50ms/99.9%, 100ms/99.9%
[2026-05-06T01:03:57.789+0100][6.498s][info][gc,marking  ] GC(50) Mark: 2 stripe(s), 1 proactive flush(es), 1 terminate flush(es), 0 completion(s), 0 continuation(s) 
[2026-05-06T01:03:57.789+0100][6.498s][info][gc,marking  ] GC(50) Mark Stack Usage: 32M
[2026-05-06T01:03:57.789+0100][6.498s][info][gc,nmethod  ] GC(50) NMethods: 3840 registered, 721 unregistered
[2026-05-06T01:03:57.789+0100][6.498s][info][gc,metaspace] GC(50) Metaspace: 18M used, 19M committed, 1088M reserved
[2026-05-06T01:03:57.789+0100][6.498s][info][gc,ref      ] GC(50) Soft: 4237 encountered, 0 discovered, 0 enqueued
[2026-05-06T01:03:57.789+0100][6.498s][info][gc,ref      ] GC(50) Weak: 2363 encountered, 1207 discovered, 0 enqueued
[2026-05-06T01:03:57.789+0100][6.498s][info][gc,ref      ] GC(50) Final: 6 encountered, 0 discovered, 0 enqueued
[2026-05-06T01:03:57.789+0100][6.498s][info][gc,ref      ] GC(50) Phantom: 270 encountered, 212 discovered, 0 enqueued
[2026-05-06T01:03:57.789+0100][6.498s][info][gc,reloc    ] GC(50) Small Pages: 11 / 22M, Empty: 2M, Relocated: 1M, In-Place: 0
[2026-05-06T01:03:57.789+0100][6.498s][info][gc,reloc    ] GC(50) Medium Pages: 1 / 32M, Empty: 0M, Relocated: 0M, In-Place: 0
[2026-05-06T01:03:57.789+0100][6.498s][info][gc,reloc    ] GC(50) Large Pages: 16 / 686M, Empty: 494M, Relocated: 0M, In-Place: 0
[2026-05-06T01:03:57.789+0100][6.498s][info][gc,reloc    ] GC(50) Forwarding Usage: 0M
[2026-05-06T01:03:57.789+0100][6.498s][info][gc,heap     ] GC(50) Min Capacity: 8M(0%)
[2026-05-06T01:03:57.789+0100][6.498s][info][gc,heap     ] GC(50) Max Capacity: 4096M(100%)
[2026-05-06T01:03:57.789+0100][6.498s][info][gc,heap     ] GC(50) Soft Max Capacity: 4096M(100%)
[2026-05-06T01:03:57.789+0100][6.498s][info][gc,heap     ] GC(50)                Mark Start          Mark End        Relocate Start      Relocate End           High               Low         
[2026-05-06T01:03:57.789+0100][6.498s][info][gc,heap     ] GC(50)  Capacity:     1404M (34%)        1404M (34%)        1404M (34%)        1404M (34%)        1404M (34%)        1404M (34%)    
[2026-05-06T01:03:57.789+0100][6.498s][info][gc,heap     ] GC(50)      Free:     3356M (82%)        3356M (82%)        3852M (94%)        3854M (94%)        3854M (94%)        3356M (82%)    
[2026-05-06T01:03:57.789+0100][6.498s][info][gc,heap     ] GC(50)      Used:      740M (18%)         740M (18%)         244M (6%)          242M (6%)          740M (18%)         242M (6%)     
[2026-05-06T01:03:57.789+0100][6.498s][info][gc,heap     ] GC(50)      Live:         -               205M (5%)          205M (5%)          205M (5%)             -                  -          
[2026-05-06T01:03:57.789+0100][6.498s][info][gc,heap     ] GC(50) Allocated:         -                 0M (0%)            0M (0%)            0M (0%)             -                  -          
[2026-05-06T01:03:57.789+0100][6.498s][info][gc,heap     ] GC(50)   Garbage:         -               534M (13%)          38M (1%)           36M (1%)             -                  -          
[2026-05-06T01:03:57.789+0100][6.498s][info][gc,heap     ] GC(50) Reclaimed:         -                  -               496M (12%)         498M (12%)            -                  -          
[2026-05-06T01:03:57.789+0100][6.498s][info][gc          ] GC(50) Garbage Collection (System.gc()) 740M(18%)->242M(6%)
[2026-05-06T01:03:58.052+0100][6.762s][info][gc,start    ] GC(51) Garbage Collection (System.gc())
[2026-05-06T01:03:58.052+0100][6.762s][info][gc,task     ] GC(51) Using 3 workers
[2026-05-06T01:03:58.052+0100][6.762s][info][gc,phases   ] GC(51) Pause Mark Start 0.003ms
[2026-05-06T01:03:58.056+0100][6.766s][info][gc,phases   ] GC(51) Concurrent Mark 4.075ms
[2026-05-06T01:03:58.057+0100][6.766s][info][gc,phases   ] GC(51) Pause Mark End 0.004ms
[2026-05-06T01:03:58.057+0100][6.766s][info][gc,phases   ] GC(51) Concurrent Mark Free 0.000ms
[2026-05-06T01:03:58.058+0100][6.768s][info][gc,phases   ] GC(51) Concurrent Process Non-Strong References 1.748ms
[2026-05-06T01:03:58.058+0100][6.768s][info][gc,phases   ] GC(51) Concurrent Reset Relocation Set 0.000ms
[2026-05-06T01:03:58.059+0100][6.768s][info][gc,phases   ] GC(51) Concurrent Select Relocation Set 0.589ms
[2026-05-06T01:03:58.059+0100][6.768s][info][gc,phases   ] GC(51) Pause Relocate Start 0.003ms
[2026-05-06T01:03:58.059+0100][6.769s][info][gc,phases   ] GC(51) Concurrent Relocate 0.271ms
[2026-05-06T01:03:58.059+0100][6.769s][info][gc,load     ] GC(51) Load: 4.86/4.60/4.26
[2026-05-06T01:03:58.059+0100][6.769s][info][gc,mmu      ] GC(51) MMU: 2ms/98.8%, 5ms/99.5%, 10ms/99.7%, 20ms/99.8%, 50ms/99.9%, 100ms/99.9%
[2026-05-06T01:03:58.059+0100][6.769s][info][gc,marking  ] GC(51) Mark: 2 stripe(s), 1 proactive flush(es), 1 terminate flush(es), 0 completion(s), 0 continuation(s) 
[2026-05-06T01:03:58.059+0100][6.769s][info][gc,marking  ] GC(51) Mark Stack Usage: 32M
[2026-05-06T01:03:58.059+0100][6.769s][info][gc,nmethod  ] GC(51) NMethods: 3844 registered, 721 unregistered
[2026-05-06T01:03:58.059+0100][6.769s][info][gc,metaspace] GC(51) Metaspace: 18M used, 19M committed, 1088M reserved
[2026-05-06T01:03:58.059+0100][6.769s][info][gc,ref      ] GC(51) Soft: 4237 encountered, 0 discovered, 0 enqueued
[2026-05-06T01:03:58.059+0100][6.769s][info][gc,ref      ] GC(51) Weak: 2363 encountered, 1183 discovered, 0 enqueued
[2026-05-06T01:03:58.059+0100][6.769s][info][gc,ref      ] GC(51) Final: 6 encountered, 0 discovered, 0 enqueued
[2026-05-06T01:03:58.059+0100][6.769s][info][gc,ref      ] GC(51) Phantom: 270 encountered, 136 discovered, 0 enqueued
[2026-05-06T01:03:58.059+0100][6.769s][info][gc,reloc    ] GC(51) Small Pages: 10 / 20M, Empty: 0M, Relocated: 1M, In-Place: 0
[2026-05-06T01:03:58.059+0100][6.769s][info][gc,reloc    ] GC(51) Medium Pages: 1 / 32M, Empty: 0M, Relocated: 0M, In-Place: 0
[2026-05-06T01:03:58.059+0100][6.769s][info][gc,reloc    ] GC(51) Large Pages: 16 / 686M, Empty: 494M, Relocated: 0M, In-Place: 0
[2026-05-06T01:03:58.059+0100][6.769s][info][gc,reloc    ] GC(51) Forwarding Usage: 0M
[2026-05-06T01:03:58.059+0100][6.769s][info][gc,heap     ] GC(51) Min Capacity: 8M(0%)
[2026-05-06T01:03:58.059+0100][6.769s][info][gc,heap     ] GC(51) Max Capacity: 4096M(100%)
[2026-05-06T01:03:58.059+0100][6.769s][info][gc,heap     ] GC(51) Soft Max Capacity: 4096M(100%)
[2026-05-06T01:03:58.059+0100][6.769s][info][gc,heap     ] GC(51)                Mark Start          Mark End        Relocate Start      Relocate End           High               Low         
[2026-05-06T01:03:58.059+0100][6.769s][info][gc,heap     ] GC(51)  Capacity:     1404M (34%)        1404M (34%)        1404M (34%)        1404M (34%)        1404M (34%)        1404M (34%)    
[2026-05-06T01:03:58.059+0100][6.769s][info][gc,heap     ] GC(51)      Free:     3358M (82%)        3358M (82%)        3852M (94%)        3854M (94%)        3854M (94%)        3358M (82%)    
[2026-05-06T01:03:58.059+0100][6.769s][info][gc,heap     ] GC(51)      Used:      738M (18%)         738M (18%)         244M (6%)          242M (6%)          738M (18%)         242M (6%)     
[2026-05-06T01:03:58.059+0100][6.769s][info][gc,heap     ] GC(51)      Live:         -               205M (5%)          205M (5%)          205M (5%)             -                  -          
[2026-05-06T01:03:58.059+0100][6.769s][info][gc,heap     ] GC(51) Allocated:         -                 0M (0%)            0M (0%)            0M (0%)             -                  -          
[2026-05-06T01:03:58.059+0100][6.769s][info][gc,heap     ] GC(51)   Garbage:         -               532M (13%)          38M (1%)           36M (1%)             -                  -          
[2026-05-06T01:03:58.059+0100][6.769s][info][gc,heap     ] GC(51) Reclaimed:         -                  -               494M (12%)         496M (12%)            -                  -          
[2026-05-06T01:03:58.059+0100][6.769s][info][gc          ] GC(51) Garbage Collection (System.gc()) 738M(18%)->242M(6%)
[2026-05-06T01:03:58.321+0100][7.031s][info][gc,start    ] GC(52) Garbage Collection (System.gc())
[2026-05-06T01:03:58.322+0100][7.031s][info][gc,task     ] GC(52) Using 3 workers
[2026-05-06T01:03:58.322+0100][7.031s][info][gc,phases   ] GC(52) Pause Mark Start 0.003ms
[2026-05-06T01:03:58.326+0100][7.036s][info][gc,phases   ] GC(52) Concurrent Mark 4.400ms
[2026-05-06T01:03:58.326+0100][7.036s][info][gc,phases   ] GC(52) Pause Mark End 0.006ms
[2026-05-06T01:03:58.326+0100][7.036s][info][gc,phases   ] GC(52) Concurrent Mark Free 0.000ms
[2026-05-06T01:03:58.328+0100][7.037s][info][gc,phases   ] GC(52) Concurrent Process Non-Strong References 1.839ms
[2026-05-06T01:03:58.328+0100][7.037s][info][gc,phases   ] GC(52) Concurrent Reset Relocation Set 0.000ms
[2026-05-06T01:03:58.329+0100][7.038s][info][gc,phases   ] GC(52) Concurrent Select Relocation Set 0.666ms
[2026-05-06T01:03:58.329+0100][7.038s][info][gc,phases   ] GC(52) Pause Relocate Start 0.003ms
[2026-05-06T01:03:58.329+0100][7.038s][info][gc,phases   ] GC(52) Concurrent Relocate 0.202ms
[2026-05-06T01:03:58.329+0100][7.038s][info][gc,load     ] GC(52) Load: 4.86/4.60/4.26
[2026-05-06T01:03:58.329+0100][7.038s][info][gc,mmu      ] GC(52) MMU: 2ms/98.8%, 5ms/99.5%, 10ms/99.7%, 20ms/99.8%, 50ms/99.9%, 100ms/99.9%
[2026-05-06T01:03:58.329+0100][7.038s][info][gc,marking  ] GC(52) Mark: 2 stripe(s), 1 proactive flush(es), 1 terminate flush(es), 0 completion(s), 0 continuation(s) 
[2026-05-06T01:03:58.329+0100][7.038s][info][gc,marking  ] GC(52) Mark Stack Usage: 32M
[2026-05-06T01:03:58.329+0100][7.038s][info][gc,nmethod  ] GC(52) NMethods: 3848 registered, 722 unregistered
[2026-05-06T01:03:58.329+0100][7.038s][info][gc,metaspace] GC(52) Metaspace: 18M used, 19M committed, 1088M reserved
[2026-05-06T01:03:58.329+0100][7.038s][info][gc,ref      ] GC(52) Soft: 4237 encountered, 0 discovered, 0 enqueued
[2026-05-06T01:03:58.329+0100][7.038s][info][gc,ref      ] GC(52) Weak: 2363 encountered, 1034 discovered, 0 enqueued
[2026-05-06T01:03:58.329+0100][7.038s][info][gc,ref      ] GC(52) Final: 6 encountered, 6 discovered, 0 enqueued
[2026-05-06T01:03:58.329+0100][7.038s][info][gc,ref      ] GC(52) Phantom: 270 encountered, 212 discovered, 0 enqueued
[2026-05-06T01:03:58.329+0100][7.038s][info][gc,reloc    ] GC(52) Small Pages: 13 / 26M, Empty: 6M, Relocated: 1M, In-Place: 0
[2026-05-06T01:03:58.329+0100][7.038s][info][gc,reloc    ] GC(52) Medium Pages: 1 / 32M, Empty: 0M, Relocated: 0M, In-Place: 0
[2026-05-06T01:03:58.329+0100][7.038s][info][gc,reloc    ] GC(52) Large Pages: 16 / 686M, Empty: 494M, Relocated: 0M, In-Place: 0
[2026-05-06T01:03:58.329+0100][7.038s][info][gc,reloc    ] GC(52) Forwarding Usage: 0M
[2026-05-06T01:03:58.329+0100][7.038s][info][gc,heap     ] GC(52) Min Capacity: 8M(0%)
[2026-05-06T01:03:58.329+0100][7.038s][info][gc,heap     ] GC(52) Max Capacity: 4096M(100%)
[2026-05-06T01:03:58.329+0100][7.038s][info][gc,heap     ] GC(52) Soft Max Capacity: 4096M(100%)
[2026-05-06T01:03:58.329+0100][7.038s][info][gc,heap     ] GC(52)                Mark Start          Mark End        Relocate Start      Relocate End           High               Low         
[2026-05-06T01:03:58.329+0100][7.038s][info][gc,heap     ] GC(52)  Capacity:     1404M (34%)        1404M (34%)        1404M (34%)        1404M (34%)        1404M (34%)        1404M (34%)    
[2026-05-06T01:03:58.329+0100][7.038s][info][gc,heap     ] GC(52)      Free:     3352M (82%)        3352M (82%)        3852M (94%)        3854M (94%)        3854M (94%)        3352M (82%)    
[2026-05-06T01:03:58.329+0100][7.038s][info][gc,heap     ] GC(52)      Used:      744M (18%)         744M (18%)         244M (6%)          242M (6%)          744M (18%)         242M (6%)     
[2026-05-06T01:03:58.329+0100][7.038s][info][gc,heap     ] GC(52)      Live:         -               205M (5%)          205M (5%)          205M (5%)             -                  -          
[2026-05-06T01:03:58.329+0100][7.038s][info][gc,heap     ] GC(52) Allocated:         -                 0M (0%)            0M (0%)            0M (0%)             -                  -          
[2026-05-06T01:03:58.329+0100][7.038s][info][gc,heap     ] GC(52)   Garbage:         -               538M (13%)          38M (1%)           36M (1%)             -                  -          
[2026-05-06T01:03:58.329+0100][7.038s][info][gc,heap     ] GC(52) Reclaimed:         -                  -               500M (12%)         502M (12%)            -                  -          
[2026-05-06T01:03:58.329+0100][7.038s][info][gc          ] GC(52) Garbage Collection (System.gc()) 744M(18%)->242M(6%)
[2026-05-06T01:03:58.563+0100][7.273s][info][gc,start    ] GC(53) Garbage Collection (System.gc())
[2026-05-06T01:03:58.563+0100][7.273s][info][gc,task     ] GC(53) Using 3 workers
[2026-05-06T01:03:58.563+0100][7.273s][info][gc,phases   ] GC(53) Pause Mark Start 0.003ms
[2026-05-06T01:03:58.568+0100][7.277s][info][gc,phases   ] GC(53) Concurrent Mark 4.382ms
[2026-05-06T01:03:58.568+0100][7.277s][info][gc,phases   ] GC(53) Pause Mark End 0.004ms
[2026-05-06T01:03:58.568+0100][7.277s][info][gc,phases   ] GC(53) Concurrent Mark Free 0.000ms
[2026-05-06T01:03:58.570+0100][7.279s][info][gc,phases   ] GC(53) Concurrent Process Non-Strong References 1.786ms
[2026-05-06T01:03:58.570+0100][7.279s][info][gc,phases   ] GC(53) Concurrent Reset Relocation Set 0.000ms
[2026-05-06T01:03:58.570+0100][7.280s][info][gc,phases   ] GC(53) Concurrent Select Relocation Set 0.682ms
[2026-05-06T01:03:58.570+0100][7.280s][info][gc,phases   ] GC(53) Pause Relocate Start 0.003ms
[2026-05-06T01:03:58.571+0100][7.280s][info][gc,phases   ] GC(53) Concurrent Relocate 0.205ms
[2026-05-06T01:03:58.571+0100][7.280s][info][gc,load     ] GC(53) Load: 4.86/4.60/4.26
[2026-05-06T01:03:58.571+0100][7.280s][info][gc,mmu      ] GC(53) MMU: 2ms/98.8%, 5ms/99.5%, 10ms/99.7%, 20ms/99.8%, 50ms/99.9%, 100ms/99.9%
[2026-05-06T01:03:58.571+0100][7.280s][info][gc,marking  ] GC(53) Mark: 2 stripe(s), 2 proactive flush(es), 1 terminate flush(es), 0 completion(s), 0 continuation(s) 
[2026-05-06T01:03:58.571+0100][7.280s][info][gc,marking  ] GC(53) Mark Stack Usage: 32M
[2026-05-06T01:03:58.571+0100][7.280s][info][gc,nmethod  ] GC(53) NMethods: 3851 registered, 722 unregistered
[2026-05-06T01:03:58.571+0100][7.280s][info][gc,metaspace] GC(53) Metaspace: 18M used, 19M committed, 1088M reserved
[2026-05-06T01:03:58.571+0100][7.280s][info][gc,ref      ] GC(53) Soft: 4237 encountered, 0 discovered, 0 enqueued
[2026-05-06T01:03:58.571+0100][7.280s][info][gc,ref      ] GC(53) Weak: 2363 encountered, 1453 discovered, 0 enqueued
[2026-05-06T01:03:58.571+0100][7.280s][info][gc,ref      ] GC(53) Final: 6 encountered, 1 discovered, 0 enqueued
[2026-05-06T01:03:58.571+0100][7.280s][info][gc,ref      ] GC(53) Phantom: 270 encountered, 215 discovered, 0 enqueued
[2026-05-06T01:03:58.571+0100][7.280s][info][gc,reloc    ] GC(53) Small Pages: 12 / 24M, Empty: 4M, Relocated: 1M, In-Place: 0
[2026-05-06T01:03:58.571+0100][7.280s][info][gc,reloc    ] GC(53) Medium Pages: 1 / 32M, Empty: 0M, Relocated: 0M, In-Place: 0
[2026-05-06T01:03:58.571+0100][7.280s][info][gc,reloc    ] GC(53) Large Pages: 16 / 686M, Empty: 494M, Relocated: 0M, In-Place: 0
[2026-05-06T01:03:58.571+0100][7.280s][info][gc,reloc    ] GC(53) Forwarding Usage: 0M
[2026-05-06T01:03:58.571+0100][7.280s][info][gc,heap     ] GC(53) Min Capacity: 8M(0%)
[2026-05-06T01:03:58.571+0100][7.280s][info][gc,heap     ] GC(53) Max Capacity: 4096M(100%)
[2026-05-06T01:03:58.571+0100][7.280s][info][gc,heap     ] GC(53) Soft Max Capacity: 4096M(100%)
[2026-05-06T01:03:58.571+0100][7.280s][info][gc,heap     ] GC(53)                Mark Start          Mark End        Relocate Start      Relocate End           High               Low         
[2026-05-06T01:03:58.571+0100][7.280s][info][gc,heap     ] GC(53)  Capacity:     1404M (34%)        1404M (34%)        1404M (34%)        1404M (34%)        1404M (34%)        1404M (34%)    
[2026-05-06T01:03:58.571+0100][7.280s][info][gc,heap     ] GC(53)      Free:     3354M (82%)        3354M (82%)        3852M (94%)        3854M (94%)        3854M (94%)        3354M (82%)    
[2026-05-06T01:03:58.571+0100][7.280s][info][gc,heap     ] GC(53)      Used:      742M (18%)         742M (18%)         244M (6%)          242M (6%)          742M (18%)         242M (6%)     
[2026-05-06T01:03:58.571+0100][7.280s][info][gc,heap     ] GC(53)      Live:         -               205M (5%)          205M (5%)          205M (5%)             -                  -          
[2026-05-06T01:03:58.571+0100][7.280s][info][gc,heap     ] GC(53) Allocated:         -                 0M (0%)            0M (0%)            0M (0%)             -                  -          
[2026-05-06T01:03:58.571+0100][7.280s][info][gc,heap     ] GC(53)   Garbage:         -               536M (13%)          38M (1%)           36M (1%)             -                  -          
[2026-05-06T01:03:58.571+0100][7.280s][info][gc,heap     ] GC(53) Reclaimed:         -                  -               498M (12%)         500M (12%)            -                  -          
[2026-05-06T01:03:58.571+0100][7.280s][info][gc          ] GC(53) Garbage Collection (System.gc()) 742M(18%)->242M(6%)
[2026-05-06T01:03:58.709+0100][7.419s][info][gc,start    ] GC(54) Garbage Collection (System.gc())
[2026-05-06T01:03:58.710+0100][7.419s][info][gc,task     ] GC(54) Using 3 workers
[2026-05-06T01:03:58.710+0100][7.419s][info][gc,phases   ] GC(54) Pause Mark Start 0.004ms
[2026-05-06T01:03:58.714+0100][7.423s][info][gc,phases   ] GC(54) Concurrent Mark 4.302ms
[2026-05-06T01:03:58.714+0100][7.423s][info][gc,phases   ] GC(54) Pause Mark End 0.004ms
[2026-05-06T01:03:58.714+0100][7.423s][info][gc,phases   ] GC(54) Concurrent Mark Free 0.000ms
[2026-05-06T01:03:58.716+0100][7.425s][info][gc,phases   ] GC(54) Concurrent Process Non-Strong References 1.764ms
[2026-05-06T01:03:58.716+0100][7.425s][info][gc,phases   ] GC(54) Concurrent Reset Relocation Set 0.001ms
[2026-05-06T01:03:58.716+0100][7.426s][info][gc,phases   ] GC(54) Concurrent Select Relocation Set 0.592ms
[2026-05-06T01:03:58.716+0100][7.426s][info][gc,phases   ] GC(54) Pause Relocate Start 0.002ms
[2026-05-06T01:03:58.717+0100][7.426s][info][gc,phases   ] GC(54) Concurrent Relocate 0.191ms
[2026-05-06T01:03:58.717+0100][7.426s][info][gc,load     ] GC(54) Load: 4.86/4.60/4.26
[2026-05-06T01:03:58.717+0100][7.426s][info][gc,mmu      ] GC(54) MMU: 2ms/98.8%, 5ms/99.5%, 10ms/99.7%, 20ms/99.8%, 50ms/99.9%, 100ms/99.9%
[2026-05-06T01:03:58.717+0100][7.426s][info][gc,marking  ] GC(54) Mark: 2 stripe(s), 2 proactive flush(es), 1 terminate flush(es), 0 completion(s), 0 continuation(s) 
[2026-05-06T01:03:58.717+0100][7.426s][info][gc,marking  ] GC(54) Mark Stack Usage: 32M
[2026-05-06T01:03:58.717+0100][7.426s][info][gc,nmethod  ] GC(54) NMethods: 3855 registered, 723 unregistered
[2026-05-06T01:03:58.717+0100][7.426s][info][gc,metaspace] GC(54) Metaspace: 18M used, 19M committed, 1088M reserved
[2026-05-06T01:03:58.717+0100][7.426s][info][gc,ref      ] GC(54) Soft: 4237 encountered, 0 discovered, 0 enqueued
[2026-05-06T01:03:58.717+0100][7.426s][info][gc,ref      ] GC(54) Weak: 2363 encountered, 1541 discovered, 0 enqueued
[2026-05-06T01:03:58.717+0100][7.426s][info][gc,ref      ] GC(54) Final: 6 encountered, 6 discovered, 0 enqueued
[2026-05-06T01:03:58.717+0100][7.426s][info][gc,ref      ] GC(54) Phantom: 270 encountered, 142 discovered, 0 enqueued
[2026-05-06T01:03:58.717+0100][7.426s][info][gc,reloc    ] GC(54) Small Pages: 11 / 22M, Empty: 2M, Relocated: 1M, In-Place: 0
[2026-05-06T01:03:58.717+0100][7.426s][info][gc,reloc    ] GC(54) Medium Pages: 1 / 32M, Empty: 0M, Relocated: 0M, In-Place: 0
[2026-05-06T01:03:58.717+0100][7.426s][info][gc,reloc    ] GC(54) Large Pages: 16 / 686M, Empty: 494M, Relocated: 0M, In-Place: 0
[2026-05-06T01:03:58.717+0100][7.426s][info][gc,reloc    ] GC(54) Forwarding Usage: 0M
[2026-05-06T01:03:58.717+0100][7.426s][info][gc,heap     ] GC(54) Min Capacity: 8M(0%)
[2026-05-06T01:03:58.717+0100][7.426s][info][gc,heap     ] GC(54) Max Capacity: 4096M(100%)
[2026-05-06T01:03:58.717+0100][7.426s][info][gc,heap     ] GC(54) Soft Max Capacity: 4096M(100%)
[2026-05-06T01:03:58.717+0100][7.426s][info][gc,heap     ] GC(54)                Mark Start          Mark End        Relocate Start      Relocate End           High               Low         
[2026-05-06T01:03:58.717+0100][7.426s][info][gc,heap     ] GC(54)  Capacity:     1404M (34%)        1404M (34%)        1404M (34%)        1404M (34%)        1404M (34%)        1404M (34%)    
[2026-05-06T01:03:58.717+0100][7.426s][info][gc,heap     ] GC(54)      Free:     3356M (82%)        3356M (82%)        3852M (94%)        3854M (94%)        3854M (94%)        3356M (82%)    
[2026-05-06T01:03:58.717+0100][7.426s][info][gc,heap     ] GC(54)      Used:      740M (18%)         740M (18%)         244M (6%)          242M (6%)          740M (18%)         242M (6%)     
[2026-05-06T01:03:58.717+0100][7.426s][info][gc,heap     ] GC(54)      Live:         -               205M (5%)          205M (5%)          205M (5%)             -                  -          
[2026-05-06T01:03:58.717+0100][7.426s][info][gc,heap     ] GC(54) Allocated:         -                 0M (0%)            0M (0%)            0M (0%)             -                  -          
[2026-05-06T01:03:58.717+0100][7.426s][info][gc,heap     ] GC(54)   Garbage:         -               534M (13%)          38M (1%)           36M (1%)             -                  -          
[2026-05-06T01:03:58.717+0100][7.426s][info][gc,heap     ] GC(54) Reclaimed:         -                  -               496M (12%)         498M (12%)            -                  -          
[2026-05-06T01:03:58.717+0100][7.426s][info][gc          ] GC(54) Garbage Collection (System.gc()) 740M(18%)->242M(6%)
[2026-05-06T01:03:58.854+0100][7.564s][info][gc,start    ] GC(55) Garbage Collection (System.gc())
[2026-05-06T01:03:58.854+0100][7.564s][info][gc,task     ] GC(55) Using 3 workers
[2026-05-06T01:03:58.854+0100][7.564s][info][gc,phases   ] GC(55) Pause Mark Start 0.002ms
[2026-05-06T01:03:58.859+0100][7.568s][info][gc,phases   ] GC(55) Concurrent Mark 4.095ms
[2026-05-06T01:03:58.859+0100][7.568s][info][gc,phases   ] GC(55) Pause Mark End 0.004ms
[2026-05-06T01:03:58.859+0100][7.568s][info][gc,phases   ] GC(55) Concurrent Mark Free 0.000ms
[2026-05-06T01:03:58.860+0100][7.570s][info][gc,phases   ] GC(55) Concurrent Process Non-Strong References 1.780ms
[2026-05-06T01:03:58.860+0100][7.570s][info][gc,phases   ] GC(55) Concurrent Reset Relocation Set 0.001ms
[2026-05-06T01:03:58.861+0100][7.571s][info][gc,phases   ] GC(55) Concurrent Select Relocation Set 0.659ms
[2026-05-06T01:03:58.861+0100][7.571s][info][gc,phases   ] GC(55) Pause Relocate Start 0.002ms
[2026-05-06T01:03:58.861+0100][7.571s][info][gc,phases   ] GC(55) Concurrent Relocate 0.213ms
[2026-05-06T01:03:58.861+0100][7.571s][info][gc,load     ] GC(55) Load: 4.86/4.60/4.26
[2026-05-06T01:03:58.861+0100][7.571s][info][gc,mmu      ] GC(55) MMU: 2ms/98.8%, 5ms/99.5%, 10ms/99.7%, 20ms/99.8%, 50ms/99.9%, 100ms/99.9%
[2026-05-06T01:03:58.861+0100][7.571s][info][gc,marking  ] GC(55) Mark: 2 stripe(s), 1 proactive flush(es), 1 terminate flush(es), 0 completion(s), 0 continuation(s) 
[2026-05-06T01:03:58.861+0100][7.571s][info][gc,marking  ] GC(55) Mark Stack Usage: 32M
[2026-05-06T01:03:58.861+0100][7.571s][info][gc,nmethod  ] GC(55) NMethods: 3855 registered, 723 unregistered
[2026-05-06T01:03:58.861+0100][7.571s][info][gc,metaspace] GC(55) Metaspace: 18M used, 19M committed, 1088M reserved
[2026-05-06T01:03:58.861+0100][7.571s][info][gc,ref      ] GC(55) Soft: 4237 encountered, 0 discovered, 0 enqueued
[2026-05-06T01:03:58.861+0100][7.571s][info][gc,ref      ] GC(55) Weak: 2363 encountered, 572 discovered, 0 enqueued
[2026-05-06T01:03:58.861+0100][7.571s][info][gc,ref      ] GC(55) Final: 6 encountered, 0 discovered, 0 enqueued
[2026-05-06T01:03:58.861+0100][7.571s][info][gc,ref      ] GC(55) Phantom: 270 encountered, 158 discovered, 0 enqueued
[2026-05-06T01:03:58.861+0100][7.571s][info][gc,reloc    ] GC(55) Small Pages: 16 / 32M, Empty: 12M, Relocated: 1M, In-Place: 0
[2026-05-06T01:03:58.861+0100][7.571s][info][gc,reloc    ] GC(55) Medium Pages: 1 / 32M, Empty: 0M, Relocated: 0M, In-Place: 0
[2026-05-06T01:03:58.861+0100][7.571s][info][gc,reloc    ] GC(55) Large Pages: 16 / 686M, Empty: 494M, Relocated: 0M, In-Place: 0
[2026-05-06T01:03:58.861+0100][7.571s][info][gc,reloc    ] GC(55) Forwarding Usage: 0M
[2026-05-06T01:03:58.861+0100][7.571s][info][gc,heap     ] GC(55) Min Capacity: 8M(0%)
[2026-05-06T01:03:58.861+0100][7.571s][info][gc,heap     ] GC(55) Max Capacity: 4096M(100%)
[2026-05-06T01:03:58.861+0100][7.571s][info][gc,heap     ] GC(55) Soft Max Capacity: 4096M(100%)
[2026-05-06T01:03:58.861+0100][7.571s][info][gc,heap     ] GC(55)                Mark Start          Mark End        Relocate Start      Relocate End           High               Low         
[2026-05-06T01:03:58.861+0100][7.571s][info][gc,heap     ] GC(55)  Capacity:     1404M (34%)        1404M (34%)        1404M (34%)        1404M (34%)        1404M (34%)        1404M (34%)    
[2026-05-06T01:03:58.861+0100][7.571s][info][gc,heap     ] GC(55)      Free:     3346M (82%)        3346M (82%)        3852M (94%)        3854M (94%)        3854M (94%)        3346M (82%)    
[2026-05-06T01:03:58.861+0100][7.571s][info][gc,heap     ] GC(55)      Used:      750M (18%)         750M (18%)         244M (6%)          242M (6%)          750M (18%)         242M (6%)     
[2026-05-06T01:03:58.861+0100][7.571s][info][gc,heap     ] GC(55)      Live:         -               205M (5%)          205M (5%)          205M (5%)             -                  -          
[2026-05-06T01:03:58.861+0100][7.571s][info][gc,heap     ] GC(55) Allocated:         -                 0M (0%)            0M (0%)            0M (0%)             -                  -          
[2026-05-06T01:03:58.861+0100][7.571s][info][gc,heap     ] GC(55)   Garbage:         -               544M (13%)          38M (1%)           36M (1%)             -                  -          
[2026-05-06T01:03:58.861+0100][7.571s][info][gc,heap     ] GC(55) Reclaimed:         -                  -               506M (12%)         508M (12%)            -                  -          
[2026-05-06T01:03:58.861+0100][7.571s][info][gc          ] GC(55) Garbage Collection (System.gc()) 750M(18%)->242M(6%)
[2026-05-06T01:03:58.993+0100][7.702s][info][gc,start    ] GC(56) Garbage Collection (System.gc())
[2026-05-06T01:03:58.993+0100][7.702s][info][gc,task     ] GC(56) Using 3 workers
[2026-05-06T01:03:58.993+0100][7.702s][info][gc,phases   ] GC(56) Pause Mark Start 0.003ms
[2026-05-06T01:03:58.997+0100][7.706s][info][gc,phases   ] GC(56) Concurrent Mark 3.759ms
[2026-05-06T01:03:58.997+0100][7.706s][info][gc,phases   ] GC(56) Pause Mark End 0.003ms
[2026-05-06T01:03:58.997+0100][7.706s][info][gc,phases   ] GC(56) Concurrent Mark Free 0.000ms
[2026-05-06T01:03:58.998+0100][7.708s][info][gc,phases   ] GC(56) Concurrent Process Non-Strong References 1.695ms
[2026-05-06T01:03:58.998+0100][7.708s][info][gc,phases   ] GC(56) Concurrent Reset Relocation Set 0.000ms
[2026-05-06T01:03:58.999+0100][7.709s][info][gc,phases   ] GC(56) Concurrent Select Relocation Set 0.588ms
[2026-05-06T01:03:58.999+0100][7.709s][info][gc,phases   ] GC(56) Pause Relocate Start 0.002ms
[2026-05-06T01:03:58.999+0100][7.709s][info][gc,phases   ] GC(56) Concurrent Relocate 0.296ms
[2026-05-06T01:03:58.999+0100][7.709s][info][gc,load     ] GC(56) Load: 4.86/4.60/4.26
[2026-05-06T01:03:58.999+0100][7.709s][info][gc,mmu      ] GC(56) MMU: 2ms/98.8%, 5ms/99.5%, 10ms/99.7%, 20ms/99.8%, 50ms/99.9%, 100ms/99.9%
[2026-05-06T01:03:58.999+0100][7.709s][info][gc,marking  ] GC(56) Mark: 2 stripe(s), 1 proactive flush(es), 1 terminate flush(es), 0 completion(s), 0 continuation(s) 
[2026-05-06T01:03:58.999+0100][7.709s][info][gc,marking  ] GC(56) Mark Stack Usage: 32M
[2026-05-06T01:03:58.999+0100][7.709s][info][gc,nmethod  ] GC(56) NMethods: 3864 registered, 723 unregistered
[2026-05-06T01:03:58.999+0100][7.709s][info][gc,metaspace] GC(56) Metaspace: 18M used, 19M committed, 1088M reserved
[2026-05-06T01:03:58.999+0100][7.709s][info][gc,ref      ] GC(56) Soft: 4237 encountered, 0 discovered, 0 enqueued
[2026-05-06T01:03:58.999+0100][7.709s][info][gc,ref      ] GC(56) Weak: 2363 encountered, 289 discovered, 0 enqueued
[2026-05-06T01:03:58.999+0100][7.709s][info][gc,ref      ] GC(56) Final: 6 encountered, 0 discovered, 0 enqueued
[2026-05-06T01:03:58.999+0100][7.709s][info][gc,ref      ] GC(56) Phantom: 270 encountered, 157 discovered, 0 enqueued
[2026-05-06T01:03:58.999+0100][7.709s][info][gc,reloc    ] GC(56) Small Pages: 15 / 30M, Empty: 8M, Relocated: 1M, In-Place: 0
[2026-05-06T01:03:58.999+0100][7.709s][info][gc,reloc    ] GC(56) Medium Pages: 1 / 32M, Empty: 0M, Relocated: 0M, In-Place: 0
[2026-05-06T01:03:58.999+0100][7.709s][info][gc,reloc    ] GC(56) Large Pages: 16 / 686M, Empty: 494M, Relocated: 0M, In-Place: 0
[2026-05-06T01:03:58.999+0100][7.709s][info][gc,reloc    ] GC(56) Forwarding Usage: 0M
[2026-05-06T01:03:58.999+0100][7.709s][info][gc,heap     ] GC(56) Min Capacity: 8M(0%)
[2026-05-06T01:03:58.999+0100][7.709s][info][gc,heap     ] GC(56) Max Capacity: 4096M(100%)
[2026-05-06T01:03:58.999+0100][7.709s][info][gc,heap     ] GC(56) Soft Max Capacity: 4096M(100%)
[2026-05-06T01:03:58.999+0100][7.709s][info][gc,heap     ] GC(56)                Mark Start          Mark End        Relocate Start      Relocate End           High               Low         
[2026-05-06T01:03:58.999+0100][7.709s][info][gc,heap     ] GC(56)  Capacity:     1404M (34%)        1404M (34%)        1404M (34%)        1404M (34%)        1404M (34%)        1404M (34%)    
[2026-05-06T01:03:58.999+0100][7.709s][info][gc,heap     ] GC(56)      Free:     3348M (82%)        3348M (82%)        3850M (94%)        3854M (94%)        3854M (94%)        3348M (82%)    
[2026-05-06T01:03:58.999+0100][7.709s][info][gc,heap     ] GC(56)      Used:      748M (18%)         748M (18%)         246M (6%)          242M (6%)          748M (18%)         242M (6%)     
[2026-05-06T01:03:58.999+0100][7.709s][info][gc,heap     ] GC(56)      Live:         -               205M (5%)          205M (5%)          205M (5%)             -                  -          
[2026-05-06T01:03:58.999+0100][7.709s][info][gc,heap     ] GC(56) Allocated:         -                 0M (0%)            0M (0%)            0M (0%)             -                  -          
[2026-05-06T01:03:58.999+0100][7.709s][info][gc,heap     ] GC(56)   Garbage:         -               542M (13%)          40M (1%)           36M (1%)             -                  -          
[2026-05-06T01:03:58.999+0100][7.709s][info][gc,heap     ] GC(56) Reclaimed:         -                  -               502M (12%)         506M (12%)            -                  -          
[2026-05-06T01:03:58.999+0100][7.709s][info][gc          ] GC(56) Garbage Collection (System.gc()) 748M(18%)->242M(6%)
[2026-05-06T01:03:59.113+0100][7.822s][info][gc,start    ] GC(57) Garbage Collection (System.gc())
[2026-05-06T01:03:59.113+0100][7.822s][info][gc,task     ] GC(57) Using 3 workers
[2026-05-06T01:03:59.113+0100][7.822s][info][gc,phases   ] GC(57) Pause Mark Start 0.003ms
[2026-05-06T01:03:59.117+0100][7.826s][info][gc,phases   ] GC(57) Concurrent Mark 4.082ms
[2026-05-06T01:03:59.117+0100][7.826s][info][gc,phases   ] GC(57) Pause Mark End 0.004ms
[2026-05-06T01:03:59.117+0100][7.826s][info][gc,phases   ] GC(57) Concurrent Mark Free 0.000ms
[2026-05-06T01:03:59.119+0100][7.828s][info][gc,phases   ] GC(57) Concurrent Process Non-Strong References 1.715ms
[2026-05-06T01:03:59.119+0100][7.828s][info][gc,phases   ] GC(57) Concurrent Reset Relocation Set 0.001ms
[2026-05-06T01:03:59.119+0100][7.829s][info][gc,phases   ] GC(57) Concurrent Select Relocation Set 0.663ms
[2026-05-06T01:03:59.119+0100][7.829s][info][gc,phases   ] GC(57) Pause Relocate Start 0.002ms
[2026-05-06T01:03:59.120+0100][7.829s][info][gc,phases   ] GC(57) Concurrent Relocate 0.192ms
[2026-05-06T01:03:59.120+0100][7.829s][info][gc,load     ] GC(57) Load: 4.86/4.60/4.26
[2026-05-06T01:03:59.120+0100][7.829s][info][gc,mmu      ] GC(57) MMU: 2ms/98.8%, 5ms/99.5%, 10ms/99.7%, 20ms/99.8%, 50ms/99.9%, 100ms/99.9%
[2026-05-06T01:03:59.120+0100][7.829s][info][gc,marking  ] GC(57) Mark: 2 stripe(s), 1 proactive flush(es), 1 terminate flush(es), 0 completion(s), 0 continuation(s) 
[2026-05-06T01:03:59.120+0100][7.829s][info][gc,marking  ] GC(57) Mark Stack Usage: 32M
[2026-05-06T01:03:59.120+0100][7.829s][info][gc,nmethod  ] GC(57) NMethods: 3864 registered, 726 unregistered
[2026-05-06T01:03:59.120+0100][7.829s][info][gc,metaspace] GC(57) Metaspace: 18M used, 19M committed, 1088M reserved
[2026-05-06T01:03:59.120+0100][7.829s][info][gc,ref      ] GC(57) Soft: 4237 encountered, 0 discovered, 0 enqueued
[2026-05-06T01:03:59.120+0100][7.829s][info][gc,ref      ] GC(57) Weak: 2364 encountered, 1086 discovered, 0 enqueued
[2026-05-06T01:03:59.120+0100][7.829s][info][gc,ref      ] GC(57) Final: 6 encountered, 0 discovered, 0 enqueued
[2026-05-06T01:03:59.120+0100][7.829s][info][gc,ref      ] GC(57) Phantom: 270 encountered, 164 discovered, 0 enqueued
[2026-05-06T01:03:59.120+0100][7.829s][info][gc,reloc    ] GC(57) Small Pages: 13 / 26M, Empty: 2M, Relocated: 1M, In-Place: 0
[2026-05-06T01:03:59.120+0100][7.829s][info][gc,reloc    ] GC(57) Medium Pages: 1 / 32M, Empty: 0M, Relocated: 0M, In-Place: 0
[2026-05-06T01:03:59.120+0100][7.829s][info][gc,reloc    ] GC(57) Large Pages: 16 / 686M, Empty: 494M, Relocated: 0M, In-Place: 0
[2026-05-06T01:03:59.120+0100][7.829s][info][gc,reloc    ] GC(57) Forwarding Usage: 0M
[2026-05-06T01:03:59.120+0100][7.829s][info][gc,heap     ] GC(57) Min Capacity: 8M(0%)
[2026-05-06T01:03:59.120+0100][7.829s][info][gc,heap     ] GC(57) Max Capacity: 4096M(100%)
[2026-05-06T01:03:59.120+0100][7.829s][info][gc,heap     ] GC(57) Soft Max Capacity: 4096M(100%)
[2026-05-06T01:03:59.120+0100][7.829s][info][gc,heap     ] GC(57)                Mark Start          Mark End        Relocate Start      Relocate End           High               Low         
[2026-05-06T01:03:59.120+0100][7.829s][info][gc,heap     ] GC(57)  Capacity:     1404M (34%)        1404M (34%)        1404M (34%)        1404M (34%)        1404M (34%)        1404M (34%)    
[2026-05-06T01:03:59.120+0100][7.829s][info][gc,heap     ] GC(57)      Free:     3352M (82%)        3350M (82%)        3846M (94%)        3852M (94%)        3852M (94%)        3350M (82%)    
[2026-05-06T01:03:59.120+0100][7.829s][info][gc,heap     ] GC(57)      Used:      744M (18%)         746M (18%)         250M (6%)          244M (6%)          746M (18%)         244M (6%)     
[2026-05-06T01:03:59.120+0100][7.829s][info][gc,heap     ] GC(57)      Live:         -               205M (5%)          205M (5%)          205M (5%)             -                  -          
[2026-05-06T01:03:59.120+0100][7.829s][info][gc,heap     ] GC(57) Allocated:         -                 2M (0%)            2M (0%)            2M (0%)             -                  -          
[2026-05-06T01:03:59.120+0100][7.829s][info][gc,heap     ] GC(57)   Garbage:         -               538M (13%)          42M (1%)           36M (1%)             -                  -          
[2026-05-06T01:03:59.120+0100][7.829s][info][gc,heap     ] GC(57) Reclaimed:         -                  -               496M (12%)         502M (12%)            -                  -          
[2026-05-06T01:03:59.120+0100][7.829s][info][gc          ] GC(57) Garbage Collection (System.gc()) 744M(18%)->244M(6%)
[2026-05-06T01:03:59.296+0100][8.005s][info][gc,start    ] GC(58) Garbage Collection (System.gc())
[2026-05-06T01:03:59.296+0100][8.005s][info][gc,task     ] GC(58) Using 3 workers
[2026-05-06T01:03:59.296+0100][8.005s][info][gc,phases   ] GC(58) Pause Mark Start 0.003ms
[2026-05-06T01:03:59.300+0100][8.009s][info][gc,phases   ] GC(58) Concurrent Mark 3.907ms
[2026-05-06T01:03:59.300+0100][8.009s][info][gc,phases   ] GC(58) Pause Mark End 0.004ms
[2026-05-06T01:03:59.300+0100][8.009s][info][gc,phases   ] GC(58) Concurrent Mark Free 0.000ms
[2026-05-06T01:03:59.302+0100][8.011s][info][gc,phases   ] GC(58) Concurrent Process Non-Strong References 1.741ms
[2026-05-06T01:03:59.302+0100][8.011s][info][gc,phases   ] GC(58) Concurrent Reset Relocation Set 0.001ms
[2026-05-06T01:03:59.302+0100][8.012s][info][gc,phases   ] GC(58) Concurrent Select Relocation Set 0.586ms
[2026-05-06T01:03:59.302+0100][8.012s][info][gc,phases   ] GC(58) Pause Relocate Start 0.002ms
[2026-05-06T01:03:59.302+0100][8.012s][info][gc,phases   ] GC(58) Concurrent Relocate 0.200ms
[2026-05-06T01:03:59.302+0100][8.012s][info][gc,load     ] GC(58) Load: 4.86/4.60/4.26
[2026-05-06T01:03:59.302+0100][8.012s][info][gc,mmu      ] GC(58) MMU: 2ms/98.8%, 5ms/99.5%, 10ms/99.7%, 20ms/99.8%, 50ms/99.9%, 100ms/99.9%
[2026-05-06T01:03:59.302+0100][8.012s][info][gc,marking  ] GC(58) Mark: 2 stripe(s), 1 proactive flush(es), 1 terminate flush(es), 0 completion(s), 0 continuation(s) 
[2026-05-06T01:03:59.302+0100][8.012s][info][gc,marking  ] GC(58) Mark Stack Usage: 32M
[2026-05-06T01:03:59.302+0100][8.012s][info][gc,nmethod  ] GC(58) NMethods: 3865 registered, 727 unregistered
[2026-05-06T01:03:59.302+0100][8.012s][info][gc,metaspace] GC(58) Metaspace: 18M used, 19M committed, 1088M reserved
[2026-05-06T01:03:59.302+0100][8.012s][info][gc,ref      ] GC(58) Soft: 4237 encountered, 0 discovered, 0 enqueued
[2026-05-06T01:03:59.302+0100][8.012s][info][gc,ref      ] GC(58) Weak: 2364 encountered, 585 discovered, 0 enqueued
[2026-05-06T01:03:59.302+0100][8.012s][info][gc,ref      ] GC(58) Final: 6 encountered, 0 discovered, 0 enqueued
[2026-05-06T01:03:59.302+0100][8.012s][info][gc,ref      ] GC(58) Phantom: 270 encountered, 159 discovered, 0 enqueued
[2026-05-06T01:03:59.302+0100][8.012s][info][gc,reloc    ] GC(58) Small Pages: 23 / 46M, Empty: 24M, Relocated: 1M, In-Place: 0
[2026-05-06T01:03:59.302+0100][8.012s][info][gc,reloc    ] GC(58) Medium Pages: 1 / 32M, Empty: 0M, Relocated: 0M, In-Place: 0
[2026-05-06T01:03:59.302+0100][8.012s][info][gc,reloc    ] GC(58) Large Pages: 16 / 686M, Empty: 494M, Relocated: 0M, In-Place: 0
[2026-05-06T01:03:59.302+0100][8.012s][info][gc,reloc    ] GC(58) Forwarding Usage: 0M
[2026-05-06T01:03:59.302+0100][8.012s][info][gc,heap     ] GC(58) Min Capacity: 8M(0%)
[2026-05-06T01:03:59.302+0100][8.012s][info][gc,heap     ] GC(58) Max Capacity: 4096M(100%)
[2026-05-06T01:03:59.303+0100][8.012s][info][gc,heap     ] GC(58) Soft Max Capacity: 4096M(100%)
[2026-05-06T01:03:59.303+0100][8.012s][info][gc,heap     ] GC(58)                Mark Start          Mark End        Relocate Start      Relocate End           High               Low         
[2026-05-06T01:03:59.303+0100][8.012s][info][gc,heap     ] GC(58)  Capacity:     1404M (34%)        1404M (34%)        1404M (34%)        1404M (34%)        1404M (34%)        1404M (34%)    
[2026-05-06T01:03:59.303+0100][8.012s][info][gc,heap     ] GC(58)      Free:     3332M (81%)        3332M (81%)        3850M (94%)        3854M (94%)        3854M (94%)        3332M (81%)    
[2026-05-06T01:03:59.303+0100][8.012s][info][gc,heap     ] GC(58)      Used:      764M (19%)         764M (19%)         246M (6%)          242M (6%)          764M (19%)         242M (6%)     
[2026-05-06T01:03:59.303+0100][8.012s][info][gc,heap     ] GC(58)      Live:         -               205M (5%)          205M (5%)          205M (5%)             -                  -          
[2026-05-06T01:03:59.303+0100][8.012s][info][gc,heap     ] GC(58) Allocated:         -                 0M (0%)            0M (0%)            0M (0%)             -                  -          
[2026-05-06T01:03:59.303+0100][8.012s][info][gc,heap     ] GC(58)   Garbage:         -               558M (14%)          40M (1%)           36M (1%)             -                  -          
[2026-05-06T01:03:59.303+0100][8.012s][info][gc,heap     ] GC(58) Reclaimed:         -                  -               518M (13%)         522M (13%)            -                  -          
[2026-05-06T01:03:59.303+0100][8.012s][info][gc          ] GC(58) Garbage Collection (System.gc()) 764M(19%)->242M(6%)
[2026-05-06T01:03:59.415+0100][8.125s][info][gc,start    ] GC(59) Garbage Collection (System.gc())
[2026-05-06T01:03:59.415+0100][8.125s][info][gc,task     ] GC(59) Using 3 workers
[2026-05-06T01:03:59.415+0100][8.125s][info][gc,phases   ] GC(59) Pause Mark Start 0.003ms
[2026-05-06T01:03:59.420+0100][8.129s][info][gc,phases   ] GC(59) Concurrent Mark 4.196ms
[2026-05-06T01:03:59.420+0100][8.129s][info][gc,phases   ] GC(59) Pause Mark End 0.005ms
[2026-05-06T01:03:59.420+0100][8.129s][info][gc,phases   ] GC(59) Concurrent Mark Free 0.000ms
[2026-05-06T01:03:59.421+0100][8.131s][info][gc,phases   ] GC(59) Concurrent Process Non-Strong References 1.753ms
[2026-05-06T01:03:59.421+0100][8.131s][info][gc,phases   ] GC(59) Concurrent Reset Relocation Set 0.001ms
[2026-05-06T01:03:59.422+0100][8.132s][info][gc,phases   ] GC(59) Concurrent Select Relocation Set 0.587ms
[2026-05-06T01:03:59.422+0100][8.132s][info][gc,phases   ] GC(59) Pause Relocate Start 0.003ms
[2026-05-06T01:03:59.422+0100][8.132s][info][gc,phases   ] GC(59) Concurrent Relocate 0.263ms
[2026-05-06T01:03:59.422+0100][8.132s][info][gc,load     ] GC(59) Load: 4.86/4.60/4.26
[2026-05-06T01:03:59.422+0100][8.132s][info][gc,mmu      ] GC(59) MMU: 2ms/98.8%, 5ms/99.5%, 10ms/99.7%, 20ms/99.8%, 50ms/99.9%, 100ms/99.9%
[2026-05-06T01:03:59.422+0100][8.132s][info][gc,marking  ] GC(59) Mark: 2 stripe(s), 1 proactive flush(es), 1 terminate flush(es), 0 completion(s), 0 continuation(s) 
[2026-05-06T01:03:59.422+0100][8.132s][info][gc,marking  ] GC(59) Mark Stack Usage: 32M
[2026-05-06T01:03:59.422+0100][8.132s][info][gc,nmethod  ] GC(59) NMethods: 3865 registered, 729 unregistered
[2026-05-06T01:03:59.422+0100][8.132s][info][gc,metaspace] GC(59) Metaspace: 18M used, 19M committed, 1088M reserved
[2026-05-06T01:03:59.422+0100][8.132s][info][gc,ref      ] GC(59) Soft: 4237 encountered, 0 discovered, 0 enqueued
[2026-05-06T01:03:59.422+0100][8.132s][info][gc,ref      ] GC(59) Weak: 2363 encountered, 837 discovered, 0 enqueued
[2026-05-06T01:03:59.422+0100][8.132s][info][gc,ref      ] GC(59) Final: 6 encountered, 0 discovered, 0 enqueued
[2026-05-06T01:03:59.422+0100][8.132s][info][gc,ref      ] GC(59) Phantom: 270 encountered, 162 discovered, 0 enqueued
[2026-05-06T01:03:59.422+0100][8.132s][info][gc,reloc    ] GC(59) Small Pages: 20 / 40M, Empty: 20M, Relocated: 1M, In-Place: 0
[2026-05-06T01:03:59.422+0100][8.132s][info][gc,reloc    ] GC(59) Medium Pages: 1 / 32M, Empty: 0M, Relocated: 0M, In-Place: 0
[2026-05-06T01:03:59.422+0100][8.132s][info][gc,reloc    ] GC(59) Large Pages: 16 / 686M, Empty: 494M, Relocated: 0M, In-Place: 0
[2026-05-06T01:03:59.422+0100][8.132s][info][gc,reloc    ] GC(59) Forwarding Usage: 0M
[2026-05-06T01:03:59.422+0100][8.132s][info][gc,heap     ] GC(59) Min Capacity: 8M(0%)
[2026-05-06T01:03:59.422+0100][8.132s][info][gc,heap     ] GC(59) Max Capacity: 4096M(100%)
[2026-05-06T01:03:59.422+0100][8.132s][info][gc,heap     ] GC(59) Soft Max Capacity: 4096M(100%)
[2026-05-06T01:03:59.422+0100][8.132s][info][gc,heap     ] GC(59)                Mark Start          Mark End        Relocate Start      Relocate End           High               Low         
[2026-05-06T01:03:59.422+0100][8.132s][info][gc,heap     ] GC(59)  Capacity:     1404M (34%)        1404M (34%)        1404M (34%)        1404M (34%)        1404M (34%)        1404M (34%)    
[2026-05-06T01:03:59.422+0100][8.132s][info][gc,heap     ] GC(59)      Free:     3338M (81%)        3338M (81%)        3852M (94%)        3854M (94%)        3854M (94%)        3338M (81%)    
[2026-05-06T01:03:59.422+0100][8.132s][info][gc,heap     ] GC(59)      Used:      758M (19%)         758M (19%)         244M (6%)          242M (6%)          758M (19%)         242M (6%)     
[2026-05-06T01:03:59.422+0100][8.132s][info][gc,heap     ] GC(59)      Live:         -               205M (5%)          205M (5%)          205M (5%)             -                  -          
[2026-05-06T01:03:59.422+0100][8.132s][info][gc,heap     ] GC(59) Allocated:         -                 0M (0%)            0M (0%)            0M (0%)             -                  -          
[2026-05-06T01:03:59.422+0100][8.132s][info][gc,heap     ] GC(59)   Garbage:         -               552M (13%)          38M (1%)           36M (1%)             -                  -          
[2026-05-06T01:03:59.422+0100][8.132s][info][gc,heap     ] GC(59) Reclaimed:         -                  -               514M (13%)         516M (13%)            -                  -          
[2026-05-06T01:03:59.422+0100][8.132s][info][gc          ] GC(59) Garbage Collection (System.gc()) 758M(19%)->242M(6%)
[2026-05-06T01:03:59.532+0100][8.242s][info][gc,start    ] GC(60) Garbage Collection (System.gc())
[2026-05-06T01:03:59.532+0100][8.242s][info][gc,task     ] GC(60) Using 3 workers
[2026-05-06T01:03:59.533+0100][8.242s][info][gc,phases   ] GC(60) Pause Mark Start 0.002ms
[2026-05-06T01:03:59.537+0100][8.247s][info][gc,phases   ] GC(60) Concurrent Mark 4.589ms
[2026-05-06T01:03:59.537+0100][8.247s][info][gc,phases   ] GC(60) Pause Mark End 0.006ms
[2026-05-06T01:03:59.537+0100][8.247s][info][gc,phases   ] GC(60) Concurrent Mark Free 0.000ms
[2026-05-06T01:03:59.539+0100][8.248s][info][gc,phases   ] GC(60) Concurrent Process Non-Strong References 1.716ms
[2026-05-06T01:03:59.539+0100][8.248s][info][gc,phases   ] GC(60) Concurrent Reset Relocation Set 0.000ms
[2026-05-06T01:03:59.540+0100][8.249s][info][gc,phases   ] GC(60) Concurrent Select Relocation Set 0.668ms
[2026-05-06T01:03:59.540+0100][8.249s][info][gc,phases   ] GC(60) Pause Relocate Start 0.003ms
[2026-05-06T01:03:59.540+0100][8.249s][info][gc,phases   ] GC(60) Concurrent Relocate 0.319ms
[2026-05-06T01:03:59.540+0100][8.249s][info][gc,load     ] GC(60) Load: 4.86/4.60/4.26
[2026-05-06T01:03:59.540+0100][8.249s][info][gc,mmu      ] GC(60) MMU: 2ms/98.8%, 5ms/99.5%, 10ms/99.7%, 20ms/99.8%, 50ms/99.9%, 100ms/99.9%
[2026-05-06T01:03:59.540+0100][8.250s][info][gc,marking  ] GC(60) Mark: 2 stripe(s), 1 proactive flush(es), 1 terminate flush(es), 0 completion(s), 0 continuation(s) 
[2026-05-06T01:03:59.540+0100][8.250s][info][gc,marking  ] GC(60) Mark Stack Usage: 32M
[2026-05-06T01:03:59.540+0100][8.250s][info][gc,nmethod  ] GC(60) NMethods: 3866 registered, 734 unregistered
[2026-05-06T01:03:59.540+0100][8.250s][info][gc,metaspace] GC(60) Metaspace: 18M used, 19M committed, 1088M reserved
[2026-05-06T01:03:59.540+0100][8.250s][info][gc,ref      ] GC(60) Soft: 4237 encountered, 0 discovered, 0 enqueued
[2026-05-06T01:03:59.540+0100][8.250s][info][gc,ref      ] GC(60) Weak: 2364 encountered, 1281 discovered, 0 enqueued
[2026-05-06T01:03:59.540+0100][8.250s][info][gc,ref      ] GC(60) Final: 6 encountered, 5 discovered, 0 enqueued
[2026-05-06T01:03:59.540+0100][8.250s][info][gc,ref      ] GC(60) Phantom: 270 encountered, 171 discovered, 0 enqueued
[2026-05-06T01:03:59.540+0100][8.250s][info][gc,reloc    ] GC(60) Small Pages: 14 / 28M, Empty: 2M, Relocated: 1M, In-Place: 0
[2026-05-06T01:03:59.540+0100][8.250s][info][gc,reloc    ] GC(60) Medium Pages: 1 / 32M, Empty: 0M, Relocated: 0M, In-Place: 0
[2026-05-06T01:03:59.540+0100][8.250s][info][gc,reloc    ] GC(60) Large Pages: 16 / 686M, Empty: 494M, Relocated: 0M, In-Place: 0
[2026-05-06T01:03:59.540+0100][8.250s][info][gc,reloc    ] GC(60) Forwarding Usage: 0M
[2026-05-06T01:03:59.540+0100][8.250s][info][gc,heap     ] GC(60) Min Capacity: 8M(0%)
[2026-05-06T01:03:59.540+0100][8.250s][info][gc,heap     ] GC(60) Max Capacity: 4096M(100%)
[2026-05-06T01:03:59.540+0100][8.250s][info][gc,heap     ] GC(60) Soft Max Capacity: 4096M(100%)
[2026-05-06T01:03:59.540+0100][8.250s][info][gc,heap     ] GC(60)                Mark Start          Mark End        Relocate Start      Relocate End           High               Low         
[2026-05-06T01:03:59.540+0100][8.250s][info][gc,heap     ] GC(60)  Capacity:     1404M (34%)        1404M (34%)        1404M (34%)        1404M (34%)        1404M (34%)        1404M (34%)    
[2026-05-06T01:03:59.540+0100][8.250s][info][gc,heap     ] GC(60)      Free:     3350M (82%)        3348M (82%)        3844M (94%)        3852M (94%)        3852M (94%)        3348M (82%)    
[2026-05-06T01:03:59.540+0100][8.250s][info][gc,heap     ] GC(60)      Used:      746M (18%)         748M (18%)         252M (6%)          244M (6%)          748M (18%)         244M (6%)     
[2026-05-06T01:03:59.540+0100][8.250s][info][gc,heap     ] GC(60)      Live:         -               205M (5%)          205M (5%)          205M (5%)             -                  -          
[2026-05-06T01:03:59.540+0100][8.250s][info][gc,heap     ] GC(60) Allocated:         -                 2M (0%)            2M (0%)            2M (0%)             -                  -          
[2026-05-06T01:03:59.540+0100][8.250s][info][gc,heap     ] GC(60)   Garbage:         -               540M (13%)          44M (1%)           36M (1%)             -                  -          
[2026-05-06T01:03:59.540+0100][8.250s][info][gc,heap     ] GC(60) Reclaimed:         -                  -               496M (12%)         504M (12%)            -                  -          
[2026-05-06T01:03:59.540+0100][8.250s][info][gc          ] GC(60) Garbage Collection (System.gc()) 746M(18%)->244M(6%)
[2026-05-06T01:03:59.647+0100][8.357s][info][gc,start    ] GC(61) Garbage Collection (System.gc())
[2026-05-06T01:03:59.647+0100][8.357s][info][gc,task     ] GC(61) Using 3 workers
[2026-05-06T01:03:59.647+0100][8.357s][info][gc,phases   ] GC(61) Pause Mark Start 0.003ms
[2026-05-06T01:03:59.651+0100][8.361s][info][gc,phases   ] GC(61) Concurrent Mark 4.109ms
[2026-05-06T01:03:59.651+0100][8.361s][info][gc,phases   ] GC(61) Pause Mark End 0.003ms
[2026-05-06T01:03:59.651+0100][8.361s][info][gc,phases   ] GC(61) Concurrent Mark Free 0.000ms
[2026-05-06T01:03:59.653+0100][8.363s][info][gc,phases   ] GC(61) Concurrent Process Non-Strong References 1.726ms
[2026-05-06T01:03:59.653+0100][8.363s][info][gc,phases   ] GC(61) Concurrent Reset Relocation Set 0.001ms
[2026-05-06T01:03:59.654+0100][8.363s][info][gc,phases   ] GC(61) Concurrent Select Relocation Set 0.592ms
[2026-05-06T01:03:59.654+0100][8.363s][info][gc,phases   ] GC(61) Pause Relocate Start 0.003ms
[2026-05-06T01:03:59.654+0100][8.364s][info][gc,phases   ] GC(61) Concurrent Relocate 0.192ms
[2026-05-06T01:03:59.654+0100][8.364s][info][gc,load     ] GC(61) Load: 4.86/4.60/4.26
[2026-05-06T01:03:59.654+0100][8.364s][info][gc,mmu      ] GC(61) MMU: 2ms/98.8%, 5ms/99.5%, 10ms/99.7%, 20ms/99.8%, 50ms/99.9%, 100ms/99.9%
[2026-05-06T01:03:59.654+0100][8.364s][info][gc,marking  ] GC(61) Mark: 2 stripe(s), 1 proactive flush(es), 1 terminate flush(es), 0 completion(s), 0 continuation(s) 
[2026-05-06T01:03:59.654+0100][8.364s][info][gc,marking  ] GC(61) Mark Stack Usage: 32M
[2026-05-06T01:03:59.654+0100][8.364s][info][gc,nmethod  ] GC(61) NMethods: 3867 registered, 738 unregistered
[2026-05-06T01:03:59.654+0100][8.364s][info][gc,metaspace] GC(61) Metaspace: 18M used, 19M committed, 1088M reserved
[2026-05-06T01:03:59.654+0100][8.364s][info][gc,ref      ] GC(61) Soft: 4237 encountered, 0 discovered, 0 enqueued
[2026-05-06T01:03:59.654+0100][8.364s][info][gc,ref      ] GC(61) Weak: 2364 encountered, 1008 discovered, 0 enqueued
[2026-05-06T01:03:59.654+0100][8.364s][info][gc,ref      ] GC(61) Final: 6 encountered, 0 discovered, 0 enqueued
[2026-05-06T01:03:59.654+0100][8.364s][info][gc,ref      ] GC(61) Phantom: 270 encountered, 158 discovered, 0 enqueued
[2026-05-06T01:03:59.654+0100][8.364s][info][gc,reloc    ] GC(61) Small Pages: 28 / 56M, Empty: 32M, Relocated: 1M, In-Place: 0
[2026-05-06T01:03:59.654+0100][8.364s][info][gc,reloc    ] GC(61) Medium Pages: 1 / 32M, Empty: 0M, Relocated: 0M, In-Place: 0
[2026-05-06T01:03:59.654+0100][8.364s][info][gc,reloc    ] GC(61) Large Pages: 16 / 686M, Empty: 494M, Relocated: 0M, In-Place: 0
[2026-05-06T01:03:59.654+0100][8.364s][info][gc,reloc    ] GC(61) Forwarding Usage: 0M
[2026-05-06T01:03:59.654+0100][8.364s][info][gc,heap     ] GC(61) Min Capacity: 8M(0%)
[2026-05-06T01:03:59.654+0100][8.364s][info][gc,heap     ] GC(61) Max Capacity: 4096M(100%)
[2026-05-06T01:03:59.654+0100][8.364s][info][gc,heap     ] GC(61) Soft Max Capacity: 4096M(100%)
[2026-05-06T01:03:59.654+0100][8.364s][info][gc,heap     ] GC(61)                Mark Start          Mark End        Relocate Start      Relocate End           High               Low         
[2026-05-06T01:03:59.654+0100][8.364s][info][gc,heap     ] GC(61)  Capacity:     1404M (34%)        1404M (34%)        1404M (34%)        1404M (34%)        1404M (34%)        1404M (34%)    
[2026-05-06T01:03:59.654+0100][8.364s][info][gc,heap     ] GC(61)      Free:     3322M (81%)        3320M (81%)        3846M (94%)        3852M (94%)        3852M (94%)        3320M (81%)    
[2026-05-06T01:03:59.654+0100][8.364s][info][gc,heap     ] GC(61)      Used:      774M (19%)         776M (19%)         250M (6%)          244M (6%)          776M (19%)         244M (6%)     
[2026-05-06T01:03:59.654+0100][8.364s][info][gc,heap     ] GC(61)      Live:         -               205M (5%)          205M (5%)          205M (5%)             -                  -          
[2026-05-06T01:03:59.654+0100][8.364s][info][gc,heap     ] GC(61) Allocated:         -                 2M (0%)            2M (0%)            2M (0%)             -                  -          
[2026-05-06T01:03:59.654+0100][8.364s][info][gc,heap     ] GC(61)   Garbage:         -               568M (14%)          42M (1%)           36M (1%)             -                  -          
[2026-05-06T01:03:59.654+0100][8.364s][info][gc,heap     ] GC(61) Reclaimed:         -                  -               526M (13%)         532M (13%)            -                  -          
[2026-05-06T01:03:59.654+0100][8.364s][info][gc          ] GC(61) Garbage Collection (System.gc()) 774M(19%)->244M(6%)
[2026-05-06T01:03:59.770+0100][8.480s][info][gc,start    ] GC(62) Garbage Collection (System.gc())
[2026-05-06T01:03:59.770+0100][8.480s][info][gc,task     ] GC(62) Using 3 workers
[2026-05-06T01:03:59.770+0100][8.480s][info][gc,phases   ] GC(62) Pause Mark Start 0.003ms
[2026-05-06T01:03:59.776+0100][8.486s][info][gc,phases   ] GC(62) Concurrent Mark 5.859ms
[2026-05-06T01:03:59.776+0100][8.486s][info][gc,phases   ] GC(62) Pause Mark End 0.007ms
[2026-05-06T01:03:59.776+0100][8.486s][info][gc,phases   ] GC(62) Concurrent Mark Free 0.000ms
[2026-05-06T01:03:59.778+0100][8.488s][info][gc,phases   ] GC(62) Concurrent Process Non-Strong References 1.935ms
[2026-05-06T01:03:59.778+0100][8.488s][info][gc,phases   ] GC(62) Concurrent Reset Relocation Set 0.001ms
[2026-05-06T01:03:59.779+0100][8.488s][info][gc,phases   ] GC(62) Concurrent Select Relocation Set 0.603ms
[2026-05-06T01:03:59.779+0100][8.488s][info][gc,phases   ] GC(62) Pause Relocate Start 0.002ms
[2026-05-06T01:03:59.779+0100][8.489s][info][gc,phases   ] GC(62) Concurrent Relocate 0.262ms
[2026-05-06T01:03:59.779+0100][8.489s][info][gc,load     ] GC(62) Load: 4.86/4.60/4.26
[2026-05-06T01:03:59.779+0100][8.489s][info][gc,mmu      ] GC(62) MMU: 2ms/98.8%, 5ms/99.5%, 10ms/99.7%, 20ms/99.8%, 50ms/99.9%, 100ms/99.9%
[2026-05-06T01:03:59.779+0100][8.489s][info][gc,marking  ] GC(62) Mark: 2 stripe(s), 2 proactive flush(es), 1 terminate flush(es), 0 completion(s), 0 continuation(s) 
[2026-05-06T01:03:59.779+0100][8.489s][info][gc,marking  ] GC(62) Mark Stack Usage: 32M
[2026-05-06T01:03:59.779+0100][8.489s][info][gc,nmethod  ] GC(62) NMethods: 3870 registered, 740 unregistered
[2026-05-06T01:03:59.779+0100][8.489s][info][gc,metaspace] GC(62) Metaspace: 18M used, 19M committed, 1088M reserved
[2026-05-06T01:03:59.779+0100][8.489s][info][gc,ref      ] GC(62) Soft: 4237 encountered, 0 discovered, 0 enqueued
[2026-05-06T01:03:59.779+0100][8.489s][info][gc,ref      ] GC(62) Weak: 2363 encountered, 1159 discovered, 0 enqueued
[2026-05-06T01:03:59.779+0100][8.489s][info][gc,ref      ] GC(62) Final: 6 encountered, 0 discovered, 0 enqueued
[2026-05-06T01:03:59.779+0100][8.489s][info][gc,ref      ] GC(62) Phantom: 270 encountered, 194 discovered, 0 enqueued
[2026-05-06T01:03:59.779+0100][8.489s][info][gc,reloc    ] GC(62) Small Pages: 24 / 48M, Empty: 28M, Relocated: 1M, In-Place: 0
[2026-05-06T01:03:59.779+0100][8.489s][info][gc,reloc    ] GC(62) Medium Pages: 1 / 32M, Empty: 0M, Relocated: 0M, In-Place: 0
[2026-05-06T01:03:59.779+0100][8.489s][info][gc,reloc    ] GC(62) Large Pages: 16 / 686M, Empty: 494M, Relocated: 0M, In-Place: 0
[2026-05-06T01:03:59.779+0100][8.489s][info][gc,reloc    ] GC(62) Forwarding Usage: 0M
[2026-05-06T01:03:59.779+0100][8.489s][info][gc,heap     ] GC(62) Min Capacity: 8M(0%)
[2026-05-06T01:03:59.779+0100][8.489s][info][gc,heap     ] GC(62) Max Capacity: 4096M(100%)
[2026-05-06T01:03:59.779+0100][8.489s][info][gc,heap     ] GC(62) Soft Max Capacity: 4096M(100%)
[2026-05-06T01:03:59.779+0100][8.489s][info][gc,heap     ] GC(62)                Mark Start          Mark End        Relocate Start      Relocate End           High               Low         
[2026-05-06T01:03:59.779+0100][8.489s][info][gc,heap     ] GC(62)  Capacity:     1404M (34%)        1404M (34%)        1404M (34%)        1404M (34%)        1404M (34%)        1404M (34%)    
[2026-05-06T01:03:59.779+0100][8.489s][info][gc,heap     ] GC(62)      Free:     3330M (81%)        3330M (81%)        3852M (94%)        3854M (94%)        3854M (94%)        3330M (81%)    
[2026-05-06T01:03:59.779+0100][8.489s][info][gc,heap     ] GC(62)      Used:      766M (19%)         766M (19%)         244M (6%)          242M (6%)          766M (19%)         242M (6%)     
[2026-05-06T01:03:59.779+0100][8.489s][info][gc,heap     ] GC(62)      Live:         -               205M (5%)          205M (5%)          205M (5%)             -                  -          
[2026-05-06T01:03:59.779+0100][8.489s][info][gc,heap     ] GC(62) Allocated:         -                 0M (0%)            0M (0%)            0M (0%)             -                  -          
[2026-05-06T01:03:59.779+0100][8.489s][info][gc,heap     ] GC(62)   Garbage:         -               560M (14%)          38M (1%)           36M (1%)             -                  -          
[2026-05-06T01:03:59.779+0100][8.489s][info][gc,heap     ] GC(62) Reclaimed:         -                  -               522M (13%)         524M (13%)            -                  -          
[2026-05-06T01:03:59.779+0100][8.489s][info][gc          ] GC(62) Garbage Collection (System.gc()) 766M(19%)->242M(6%)
[2026-05-06T01:03:59.875+0100][8.585s][info][gc,start    ] GC(63) Garbage Collection (System.gc())
[2026-05-06T01:03:59.875+0100][8.585s][info][gc,task     ] GC(63) Using 3 workers
[2026-05-06T01:03:59.875+0100][8.585s][info][gc,phases   ] GC(63) Pause Mark Start 0.003ms
[2026-05-06T01:03:59.880+0100][8.590s][info][gc,phases   ] GC(63) Concurrent Mark 5.193ms
[2026-05-06T01:03:59.881+0100][8.590s][info][gc,phases   ] GC(63) Pause Mark End 0.004ms
[2026-05-06T01:03:59.881+0100][8.590s][info][gc,phases   ] GC(63) Concurrent Mark Free 0.000ms
[2026-05-06T01:03:59.882+0100][8.592s][info][gc,phases   ] GC(63) Concurrent Process Non-Strong References 1.738ms
[2026-05-06T01:03:59.882+0100][8.592s][info][gc,phases   ] GC(63) Concurrent Reset Relocation Set 0.001ms
[2026-05-06T01:03:59.883+0100][8.592s][info][gc,phases   ] GC(63) Concurrent Select Relocation Set 0.585ms
[2026-05-06T01:03:59.883+0100][8.592s][info][gc,phases   ] GC(63) Pause Relocate Start 0.002ms
[2026-05-06T01:03:59.883+0100][8.593s][info][gc,phases   ] GC(63) Concurrent Relocate 0.195ms
[2026-05-06T01:03:59.883+0100][8.593s][info][gc,load     ] GC(63) Load: 4.79/4.59/4.26
[2026-05-06T01:03:59.883+0100][8.593s][info][gc,mmu      ] GC(63) MMU: 2ms/98.8%, 5ms/99.5%, 10ms/99.7%, 20ms/99.8%, 50ms/99.9%, 100ms/99.9%
[2026-05-06T01:03:59.883+0100][8.593s][info][gc,marking  ] GC(63) Mark: 2 stripe(s), 2 proactive flush(es), 1 terminate flush(es), 0 completion(s), 0 continuation(s) 
[2026-05-06T01:03:59.883+0100][8.593s][info][gc,marking  ] GC(63) Mark Stack Usage: 32M
[2026-05-06T01:03:59.883+0100][8.593s][info][gc,nmethod  ] GC(63) NMethods: 3870 registered, 740 unregistered
[2026-05-06T01:03:59.883+0100][8.593s][info][gc,metaspace] GC(63) Metaspace: 18M used, 19M committed, 1088M reserved
[2026-05-06T01:03:59.883+0100][8.593s][info][gc,ref      ] GC(63) Soft: 4237 encountered, 0 discovered, 0 enqueued
[2026-05-06T01:03:59.883+0100][8.593s][info][gc,ref      ] GC(63) Weak: 2364 encountered, 869 discovered, 0 enqueued
[2026-05-06T01:03:59.883+0100][8.593s][info][gc,ref      ] GC(63) Final: 6 encountered, 0 discovered, 0 enqueued
[2026-05-06T01:03:59.883+0100][8.593s][info][gc,ref      ] GC(63) Phantom: 270 encountered, 212 discovered, 0 enqueued
[2026-05-06T01:03:59.883+0100][8.593s][info][gc,reloc    ] GC(63) Small Pages: 16 / 32M, Empty: 6M, Relocated: 1M, In-Place: 0
[2026-05-06T01:03:59.883+0100][8.593s][info][gc,reloc    ] GC(63) Medium Pages: 1 / 32M, Empty: 0M, Relocated: 0M, In-Place: 0
[2026-05-06T01:03:59.883+0100][8.593s][info][gc,reloc    ] GC(63) Large Pages: 16 / 686M, Empty: 494M, Relocated: 0M, In-Place: 0
[2026-05-06T01:03:59.883+0100][8.593s][info][gc,reloc    ] GC(63) Forwarding Usage: 0M
[2026-05-06T01:03:59.883+0100][8.593s][info][gc,heap     ] GC(63) Min Capacity: 8M(0%)
[2026-05-06T01:03:59.883+0100][8.593s][info][gc,heap     ] GC(63) Max Capacity: 4096M(100%)
[2026-05-06T01:03:59.883+0100][8.593s][info][gc,heap     ] GC(63) Soft Max Capacity: 4096M(100%)
[2026-05-06T01:03:59.883+0100][8.593s][info][gc,heap     ] GC(63)                Mark Start          Mark End        Relocate Start      Relocate End           High               Low         
[2026-05-06T01:03:59.883+0100][8.593s][info][gc,heap     ] GC(63)  Capacity:     1404M (34%)        1404M (34%)        1404M (34%)        1404M (34%)        1404M (34%)        1404M (34%)    
[2026-05-06T01:03:59.883+0100][8.593s][info][gc,heap     ] GC(63)      Free:     3346M (82%)        3344M (82%)        3844M (94%)        3852M (94%)        3852M (94%)        3338M (81%)    
[2026-05-06T01:03:59.883+0100][8.593s][info][gc,heap     ] GC(63)      Used:      750M (18%)         752M (18%)         252M (6%)          244M (6%)          758M (19%)         244M (6%)     
[2026-05-06T01:03:59.883+0100][8.593s][info][gc,heap     ] GC(63)      Live:         -               205M (5%)          205M (5%)          205M (5%)             -                  -          
[2026-05-06T01:03:59.883+0100][8.593s][info][gc,heap     ] GC(63) Allocated:         -                 2M (0%)            2M (0%)            2M (0%)             -                  -          
[2026-05-06T01:03:59.883+0100][8.593s][info][gc,heap     ] GC(63)   Garbage:         -               544M (13%)          44M (1%)           36M (1%)             -                  -          
[2026-05-06T01:03:59.883+0100][8.593s][info][gc,heap     ] GC(63) Reclaimed:         -                  -               500M (12%)         508M (12%)            -                  -          
[2026-05-06T01:03:59.883+0100][8.593s][info][gc          ] GC(63) Garbage Collection (System.gc()) 750M(18%)->244M(6%)
[2026-05-06T01:03:59.981+0100][8.691s][info][gc,start    ] GC(64) Garbage Collection (System.gc())
[2026-05-06T01:03:59.981+0100][8.691s][info][gc,task     ] GC(64) Using 3 workers
[2026-05-06T01:03:59.981+0100][8.691s][info][gc,phases   ] GC(64) Pause Mark Start 0.004ms
[2026-05-06T01:03:59.985+0100][8.695s][info][gc,phases   ] GC(64) Concurrent Mark 4.267ms
[2026-05-06T01:03:59.985+0100][8.695s][info][gc,phases   ] GC(64) Pause Mark End 0.004ms
[2026-05-06T01:03:59.985+0100][8.695s][info][gc,phases   ] GC(64) Concurrent Mark Free 0.000ms
[2026-05-06T01:03:59.987+0100][8.697s][info][gc,phases   ] GC(64) Concurrent Process Non-Strong References 1.716ms
[2026-05-06T01:03:59.987+0100][8.697s][info][gc,phases   ] GC(64) Concurrent Reset Relocation Set 0.001ms
[2026-05-06T01:03:59.988+0100][8.697s][info][gc,phases   ] GC(64) Concurrent Select Relocation Set 0.651ms
[2026-05-06T01:03:59.988+0100][8.697s][info][gc,phases   ] GC(64) Pause Relocate Start 0.002ms
[2026-05-06T01:03:59.988+0100][8.698s][info][gc,phases   ] GC(64) Concurrent Relocate 0.196ms
[2026-05-06T01:03:59.988+0100][8.698s][info][gc,load     ] GC(64) Load: 4.79/4.59/4.26
[2026-05-06T01:03:59.988+0100][8.698s][info][gc,mmu      ] GC(64) MMU: 2ms/98.8%, 5ms/99.5%, 10ms/99.7%, 20ms/99.8%, 50ms/99.9%, 100ms/99.9%
[2026-05-06T01:03:59.988+0100][8.698s][info][gc,marking  ] GC(64) Mark: 2 stripe(s), 1 proactive flush(es), 1 terminate flush(es), 0 completion(s), 0 continuation(s) 
[2026-05-06T01:03:59.988+0100][8.698s][info][gc,marking  ] GC(64) Mark Stack Usage: 32M
[2026-05-06T01:03:59.988+0100][8.698s][info][gc,nmethod  ] GC(64) NMethods: 3871 registered, 741 unregistered
[2026-05-06T01:03:59.988+0100][8.698s][info][gc,metaspace] GC(64) Metaspace: 18M used, 19M committed, 1088M reserved
[2026-05-06T01:03:59.988+0100][8.698s][info][gc,ref      ] GC(64) Soft: 4237 encountered, 0 discovered, 0 enqueued
[2026-05-06T01:03:59.988+0100][8.698s][info][gc,ref      ] GC(64) Weak: 2364 encountered, 527 discovered, 0 enqueued
[2026-05-06T01:03:59.988+0100][8.698s][info][gc,ref      ] GC(64) Final: 6 encountered, 0 discovered, 0 enqueued
[2026-05-06T01:03:59.988+0100][8.698s][info][gc,ref      ] GC(64) Phantom: 270 encountered, 215 discovered, 0 enqueued
[2026-05-06T01:03:59.988+0100][8.698s][info][gc,reloc    ] GC(64) Small Pages: 37 / 74M, Empty: 46M, Relocated: 1M, In-Place: 0
[2026-05-06T01:03:59.988+0100][8.698s][info][gc,reloc    ] GC(64) Medium Pages: 1 / 32M, Empty: 0M, Relocated: 0M, In-Place: 0
[2026-05-06T01:03:59.988+0100][8.698s][info][gc,reloc    ] GC(64) Large Pages: 16 / 686M, Empty: 494M, Relocated: 0M, In-Place: 0
[2026-05-06T01:03:59.988+0100][8.698s][info][gc,reloc    ] GC(64) Forwarding Usage: 0M
[2026-05-06T01:03:59.988+0100][8.698s][info][gc,heap     ] GC(64) Min Capacity: 8M(0%)
[2026-05-06T01:03:59.988+0100][8.698s][info][gc,heap     ] GC(64) Max Capacity: 4096M(100%)
[2026-05-06T01:03:59.988+0100][8.698s][info][gc,heap     ] GC(64) Soft Max Capacity: 4096M(100%)
[2026-05-06T01:03:59.988+0100][8.698s][info][gc,heap     ] GC(64)                Mark Start          Mark End        Relocate Start      Relocate End           High               Low         
[2026-05-06T01:03:59.988+0100][8.698s][info][gc,heap     ] GC(64)  Capacity:     1404M (34%)        1404M (34%)        1404M (34%)        1404M (34%)        1404M (34%)        1404M (34%)    
[2026-05-06T01:03:59.988+0100][8.698s][info][gc,heap     ] GC(64)      Free:     3304M (81%)        3302M (81%)        3842M (94%)        3852M (94%)        3852M (94%)        3302M (81%)    
[2026-05-06T01:03:59.988+0100][8.698s][info][gc,heap     ] GC(64)      Used:      792M (19%)         794M (19%)         254M (6%)          244M (6%)          794M (19%)         244M (6%)     
[2026-05-06T01:03:59.988+0100][8.698s][info][gc,heap     ] GC(64)      Live:         -               205M (5%)          205M (5%)          205M (5%)             -                  -          
[2026-05-06T01:03:59.988+0100][8.698s][info][gc,heap     ] GC(64) Allocated:         -                 2M (0%)            2M (0%)            2M (0%)             -                  -          
[2026-05-06T01:03:59.988+0100][8.698s][info][gc,heap     ] GC(64)   Garbage:         -               586M (14%)          46M (1%)           36M (1%)             -                  -          
[2026-05-06T01:03:59.988+0100][8.698s][info][gc,heap     ] GC(64) Reclaimed:         -                  -               540M (13%)         550M (13%)            -                  -          
[2026-05-06T01:03:59.988+0100][8.698s][info][gc          ] GC(64) Garbage Collection (System.gc()) 792M(19%)->244M(6%)
[2026-05-06T01:04:00.080+0100][8.789s][info][gc,start    ] GC(65) Garbage Collection (System.gc())
[2026-05-06T01:04:00.080+0100][8.789s][info][gc,task     ] GC(65) Using 3 workers
[2026-05-06T01:04:00.080+0100][8.790s][info][gc,phases   ] GC(65) Pause Mark Start 0.003ms
[2026-05-06T01:04:00.084+0100][8.793s][info][gc,phases   ] GC(65) Concurrent Mark 3.849ms
[2026-05-06T01:04:00.084+0100][8.793s][info][gc,phases   ] GC(65) Pause Mark End 0.005ms
[2026-05-06T01:04:00.084+0100][8.793s][info][gc,phases   ] GC(65) Concurrent Mark Free 0.000ms
[2026-05-06T01:04:00.086+0100][8.795s][info][gc,phases   ] GC(65) Concurrent Process Non-Strong References 1.700ms
[2026-05-06T01:04:00.086+0100][8.795s][info][gc,phases   ] GC(65) Concurrent Reset Relocation Set 0.001ms
[2026-05-06T01:04:00.086+0100][8.796s][info][gc,phases   ] GC(65) Concurrent Select Relocation Set 0.646ms
[2026-05-06T01:04:00.086+0100][8.796s][info][gc,phases   ] GC(65) Pause Relocate Start 0.003ms
[2026-05-06T01:04:00.087+0100][8.796s][info][gc,phases   ] GC(65) Concurrent Relocate 0.188ms
[2026-05-06T01:04:00.087+0100][8.796s][info][gc,load     ] GC(65) Load: 4.79/4.59/4.26
[2026-05-06T01:04:00.087+0100][8.796s][info][gc,mmu      ] GC(65) MMU: 2ms/98.8%, 5ms/99.5%, 10ms/99.7%, 20ms/99.8%, 50ms/99.9%, 100ms/99.9%
[2026-05-06T01:04:00.087+0100][8.796s][info][gc,marking  ] GC(65) Mark: 2 stripe(s), 1 proactive flush(es), 1 terminate flush(es), 0 completion(s), 0 continuation(s) 
[2026-05-06T01:04:00.087+0100][8.796s][info][gc,marking  ] GC(65) Mark Stack Usage: 32M
[2026-05-06T01:04:00.087+0100][8.796s][info][gc,nmethod  ] GC(65) NMethods: 3876 registered, 746 unregistered
[2026-05-06T01:04:00.087+0100][8.796s][info][gc,metaspace] GC(65) Metaspace: 18M used, 19M committed, 1088M reserved
[2026-05-06T01:04:00.087+0100][8.796s][info][gc,ref      ] GC(65) Soft: 4237 encountered, 0 discovered, 0 enqueued
[2026-05-06T01:04:00.087+0100][8.796s][info][gc,ref      ] GC(65) Weak: 2363 encountered, 1166 discovered, 0 enqueued
[2026-05-06T01:04:00.087+0100][8.796s][info][gc,ref      ] GC(65) Final: 6 encountered, 0 discovered, 0 enqueued
[2026-05-06T01:04:00.087+0100][8.796s][info][gc,ref      ] GC(65) Phantom: 270 encountered, 202 discovered, 0 enqueued
[2026-05-06T01:04:00.087+0100][8.796s][info][gc,reloc    ] GC(65) Small Pages: 33 / 66M, Empty: 46M, Relocated: 1M, In-Place: 0
[2026-05-06T01:04:00.087+0100][8.796s][info][gc,reloc    ] GC(65) Medium Pages: 1 / 32M, Empty: 0M, Relocated: 0M, In-Place: 0
[2026-05-06T01:04:00.087+0100][8.796s][info][gc,reloc    ] GC(65) Large Pages: 16 / 686M, Empty: 494M, Relocated: 0M, In-Place: 0
[2026-05-06T01:04:00.087+0100][8.796s][info][gc,reloc    ] GC(65) Forwarding Usage: 0M
[2026-05-06T01:04:00.087+0100][8.796s][info][gc,heap     ] GC(65) Min Capacity: 8M(0%)
[2026-05-06T01:04:00.087+0100][8.796s][info][gc,heap     ] GC(65) Max Capacity: 4096M(100%)
[2026-05-06T01:04:00.087+0100][8.796s][info][gc,heap     ] GC(65) Soft Max Capacity: 4096M(100%)
[2026-05-06T01:04:00.087+0100][8.796s][info][gc,heap     ] GC(65)                Mark Start          Mark End        Relocate Start      Relocate End           High               Low         
[2026-05-06T01:04:00.087+0100][8.796s][info][gc,heap     ] GC(65)  Capacity:     1404M (34%)        1404M (34%)        1404M (34%)        1404M (34%)        1404M (34%)        1404M (34%)    
[2026-05-06T01:04:00.087+0100][8.796s][info][gc,heap     ] GC(65)      Free:     3312M (81%)        3312M (81%)        3852M (94%)        3854M (94%)        3854M (94%)        3312M (81%)    
[2026-05-06T01:04:00.087+0100][8.796s][info][gc,heap     ] GC(65)      Used:      784M (19%)         784M (19%)         244M (6%)          242M (6%)          784M (19%)         242M (6%)     
[2026-05-06T01:04:00.087+0100][8.796s][info][gc,heap     ] GC(65)      Live:         -               205M (5%)          205M (5%)          205M (5%)             -                  -          
[2026-05-06T01:04:00.087+0100][8.796s][info][gc,heap     ] GC(65) Allocated:         -                 0M (0%)            0M (0%)            0M (0%)             -                  -          
[2026-05-06T01:04:00.087+0100][8.796s][info][gc,heap     ] GC(65)   Garbage:         -               578M (14%)          38M (1%)           36M (1%)             -                  -          
[2026-05-06T01:04:00.087+0100][8.796s][info][gc,heap     ] GC(65) Reclaimed:         -                  -               540M (13%)         542M (13%)            -                  -          
[2026-05-06T01:04:00.087+0100][8.796s][info][gc          ] GC(65) Garbage Collection (System.gc()) 784M(19%)->242M(6%)
[2026-05-06T01:04:00.171+0100][8.881s][info][gc,start    ] GC(66) Garbage Collection (System.gc())
[2026-05-06T01:04:00.171+0100][8.881s][info][gc,task     ] GC(66) Using 3 workers
[2026-05-06T01:04:00.171+0100][8.881s][info][gc,phases   ] GC(66) Pause Mark Start 0.003ms
[2026-05-06T01:04:00.175+0100][8.885s][info][gc,phases   ] GC(66) Concurrent Mark 3.796ms
[2026-05-06T01:04:00.175+0100][8.885s][info][gc,phases   ] GC(66) Pause Mark End 0.003ms
[2026-05-06T01:04:00.175+0100][8.885s][info][gc,phases   ] GC(66) Concurrent Mark Free 0.000ms
[2026-05-06T01:04:00.177+0100][8.887s][info][gc,phases   ] GC(66) Concurrent Process Non-Strong References 1.755ms
[2026-05-06T01:04:00.177+0100][8.887s][info][gc,phases   ] GC(66) Concurrent Reset Relocation Set 0.001ms
[2026-05-06T01:04:00.178+0100][8.887s][info][gc,phases   ] GC(66) Concurrent Select Relocation Set 0.585ms
[2026-05-06T01:04:00.178+0100][8.887s][info][gc,phases   ] GC(66) Pause Relocate Start 0.002ms
[2026-05-06T01:04:00.178+0100][8.887s][info][gc,phases   ] GC(66) Concurrent Relocate 0.185ms
[2026-05-06T01:04:00.178+0100][8.887s][info][gc,load     ] GC(66) Load: 4.79/4.59/4.26
[2026-05-06T01:04:00.178+0100][8.887s][info][gc,mmu      ] GC(66) MMU: 2ms/98.8%, 5ms/99.5%, 10ms/99.7%, 20ms/99.8%, 50ms/99.9%, 100ms/99.9%
[2026-05-06T01:04:00.178+0100][8.887s][info][gc,marking  ] GC(66) Mark: 2 stripe(s), 1 proactive flush(es), 1 terminate flush(es), 0 completion(s), 0 continuation(s) 
[2026-05-06T01:04:00.178+0100][8.887s][info][gc,marking  ] GC(66) Mark Stack Usage: 32M
[2026-05-06T01:04:00.178+0100][8.887s][info][gc,nmethod  ] GC(66) NMethods: 3885 registered, 746 unregistered
[2026-05-06T01:04:00.178+0100][8.887s][info][gc,metaspace] GC(66) Metaspace: 18M used, 19M committed, 1088M reserved
[2026-05-06T01:04:00.178+0100][8.887s][info][gc,ref      ] GC(66) Soft: 4237 encountered, 0 discovered, 0 enqueued
[2026-05-06T01:04:00.178+0100][8.887s][info][gc,ref      ] GC(66) Weak: 2363 encountered, 1135 discovered, 0 enqueued
[2026-05-06T01:04:00.178+0100][8.887s][info][gc,ref      ] GC(66) Final: 6 encountered, 6 discovered, 0 enqueued
[2026-05-06T01:04:00.178+0100][8.887s][info][gc,ref      ] GC(66) Phantom: 270 encountered, 212 discovered, 0 enqueued
[2026-05-06T01:04:00.178+0100][8.887s][info][gc,reloc    ] GC(66) Small Pages: 17 / 34M, Empty: 14M, Relocated: 1M, In-Place: 0
[2026-05-06T01:04:00.178+0100][8.887s][info][gc,reloc    ] GC(66) Medium Pages: 1 / 32M, Empty: 0M, Relocated: 0M, In-Place: 0
[2026-05-06T01:04:00.178+0100][8.887s][info][gc,reloc    ] GC(66) Large Pages: 16 / 686M, Empty: 494M, Relocated: 0M, In-Place: 0
[2026-05-06T01:04:00.178+0100][8.887s][info][gc,reloc    ] GC(66) Forwarding Usage: 0M
[2026-05-06T01:04:00.178+0100][8.887s][info][gc,heap     ] GC(66) Min Capacity: 8M(0%)
[2026-05-06T01:04:00.178+0100][8.887s][info][gc,heap     ] GC(66) Max Capacity: 4096M(100%)
[2026-05-06T01:04:00.178+0100][8.887s][info][gc,heap     ] GC(66) Soft Max Capacity: 4096M(100%)
[2026-05-06T01:04:00.178+0100][8.887s][info][gc,heap     ] GC(66)                Mark Start          Mark End        Relocate Start      Relocate End           High               Low         
[2026-05-06T01:04:00.178+0100][8.887s][info][gc,heap     ] GC(66)  Capacity:     1404M (34%)        1404M (34%)        1404M (34%)        1404M (34%)        1404M (34%)        1404M (34%)    
[2026-05-06T01:04:00.178+0100][8.887s][info][gc,heap     ] GC(66)      Free:     3344M (82%)        3344M (82%)        3852M (94%)        3854M (94%)        3854M (94%)        3344M (82%)    
[2026-05-06T01:04:00.178+0100][8.887s][info][gc,heap     ] GC(66)      Used:      752M (18%)         752M (18%)         244M (6%)          242M (6%)          752M (18%)         242M (6%)     
[2026-05-06T01:04:00.178+0100][8.887s][info][gc,heap     ] GC(66)      Live:         -               205M (5%)          205M (5%)          205M (5%)             -                  -          
[2026-05-06T01:04:00.178+0100][8.887s][info][gc,heap     ] GC(66) Allocated:         -                 0M (0%)            0M (0%)            0M (0%)             -                  -          
[2026-05-06T01:04:00.178+0100][8.887s][info][gc,heap     ] GC(66)   Garbage:         -               546M (13%)          38M (1%)           36M (1%)             -                  -          
[2026-05-06T01:04:00.178+0100][8.887s][info][gc,heap     ] GC(66) Reclaimed:         -                  -               508M (12%)         510M (12%)            -                  -          
[2026-05-06T01:04:00.178+0100][8.887s][info][gc          ] GC(66) Garbage Collection (System.gc()) 752M(18%)->242M(6%)
[2026-05-06T01:04:00.263+0100][8.972s][info][gc,start    ] GC(67) Garbage Collection (System.gc())
[2026-05-06T01:04:00.263+0100][8.972s][info][gc,task     ] GC(67) Using 3 workers
[2026-05-06T01:04:00.263+0100][8.972s][info][gc,phases   ] GC(67) Pause Mark Start 0.003ms
[2026-05-06T01:04:00.267+0100][8.976s][info][gc,phases   ] GC(67) Concurrent Mark 4.093ms
[2026-05-06T01:04:00.267+0100][8.976s][info][gc,phases   ] GC(67) Pause Mark End 0.004ms
[2026-05-06T01:04:00.267+0100][8.976s][info][gc,phases   ] GC(67) Concurrent Mark Free 0.000ms
[2026-05-06T01:04:00.269+0100][8.978s][info][gc,phases   ] GC(67) Concurrent Process Non-Strong References 1.720ms
[2026-05-06T01:04:00.269+0100][8.978s][info][gc,phases   ] GC(67) Concurrent Reset Relocation Set 0.001ms
[2026-05-06T01:04:00.269+0100][8.979s][info][gc,phases   ] GC(67) Concurrent Select Relocation Set 0.594ms
[2026-05-06T01:04:00.269+0100][8.979s][info][gc,phases   ] GC(67) Pause Relocate Start 0.002ms
[2026-05-06T01:04:00.269+0100][8.979s][info][gc,phases   ] GC(67) Concurrent Relocate 0.189ms
[2026-05-06T01:04:00.269+0100][8.979s][info][gc,load     ] GC(67) Load: 4.79/4.59/4.26
[2026-05-06T01:04:00.269+0100][8.979s][info][gc,mmu      ] GC(67) MMU: 2ms/98.8%, 5ms/99.5%, 10ms/99.7%, 20ms/99.8%, 50ms/99.9%, 100ms/99.9%
[2026-05-06T01:04:00.269+0100][8.979s][info][gc,marking  ] GC(67) Mark: 2 stripe(s), 1 proactive flush(es), 1 terminate flush(es), 0 completion(s), 0 continuation(s) 
[2026-05-06T01:04:00.269+0100][8.979s][info][gc,marking  ] GC(67) Mark Stack Usage: 32M
[2026-05-06T01:04:00.269+0100][8.979s][info][gc,nmethod  ] GC(67) NMethods: 3890 registered, 746 unregistered
[2026-05-06T01:04:00.269+0100][8.979s][info][gc,metaspace] GC(67) Metaspace: 18M used, 19M committed, 1088M reserved
[2026-05-06T01:04:00.269+0100][8.979s][info][gc,ref      ] GC(67) Soft: 4237 encountered, 0 discovered, 0 enqueued
[2026-05-06T01:04:00.269+0100][8.979s][info][gc,ref      ] GC(67) Weak: 2363 encountered, 465 discovered, 0 enqueued
[2026-05-06T01:04:00.269+0100][8.979s][info][gc,ref      ] GC(67) Final: 6 encountered, 0 discovered, 0 enqueued
[2026-05-06T01:04:00.269+0100][8.979s][info][gc,ref      ] GC(67) Phantom: 270 encountered, 157 discovered, 0 enqueued
[2026-05-06T01:04:00.269+0100][8.979s][info][gc,reloc    ] GC(67) Small Pages: 12 / 24M, Empty: 4M, Relocated: 1M, In-Place: 0
[2026-05-06T01:04:00.269+0100][8.979s][info][gc,reloc    ] GC(67) Medium Pages: 1 / 32M, Empty: 0M, Relocated: 0M, In-Place: 0
[2026-05-06T01:04:00.269+0100][8.979s][info][gc,reloc    ] GC(67) Large Pages: 16 / 686M, Empty: 494M, Relocated: 0M, In-Place: 0
[2026-05-06T01:04:00.269+0100][8.979s][info][gc,reloc    ] GC(67) Forwarding Usage: 0M
[2026-05-06T01:04:00.269+0100][8.979s][info][gc,heap     ] GC(67) Min Capacity: 8M(0%)
[2026-05-06T01:04:00.269+0100][8.979s][info][gc,heap     ] GC(67) Max Capacity: 4096M(100%)
[2026-05-06T01:04:00.269+0100][8.979s][info][gc,heap     ] GC(67) Soft Max Capacity: 4096M(100%)
[2026-05-06T01:04:00.269+0100][8.979s][info][gc,heap     ] GC(67)                Mark Start          Mark End        Relocate Start      Relocate End           High               Low         
[2026-05-06T01:04:00.269+0100][8.979s][info][gc,heap     ] GC(67)  Capacity:     1404M (34%)        1404M (34%)        1404M (34%)        1404M (34%)        1404M (34%)        1404M (34%)    
[2026-05-06T01:04:00.269+0100][8.979s][info][gc,heap     ] GC(67)      Free:     3354M (82%)        3354M (82%)        3852M (94%)        3854M (94%)        3854M (94%)        3354M (82%)    
[2026-05-06T01:04:00.269+0100][8.979s][info][gc,heap     ] GC(67)      Used:      742M (18%)         742M (18%)         244M (6%)          242M (6%)          742M (18%)         242M (6%)     
[2026-05-06T01:04:00.270+0100][8.979s][info][gc,heap     ] GC(67)      Live:         -               205M (5%)          205M (5%)          205M (5%)             -                  -          
[2026-05-06T01:04:00.270+0100][8.979s][info][gc,heap     ] GC(67) Allocated:         -                 0M (0%)            0M (0%)            0M (0%)             -                  -          
[2026-05-06T01:04:00.270+0100][8.979s][info][gc,heap     ] GC(67)   Garbage:         -               536M (13%)          38M (1%)           36M (1%)             -                  -          
[2026-05-06T01:04:00.270+0100][8.979s][info][gc,heap     ] GC(67) Reclaimed:         -                  -               498M (12%)         500M (12%)            -                  -          
[2026-05-06T01:04:00.270+0100][8.979s][info][gc          ] GC(67) Garbage Collection (System.gc()) 742M(18%)->242M(6%)
[2026-05-06T01:04:00.860+0100][9.569s][info][gc,start    ] GC(68) Garbage Collection (System.gc())
[2026-05-06T01:04:00.860+0100][9.569s][info][gc,task     ] GC(68) Using 3 workers
[2026-05-06T01:04:00.860+0100][9.569s][info][gc,phases   ] GC(68) Pause Mark Start 0.003ms
[2026-05-06T01:04:00.864+0100][9.573s][info][gc,phases   ] GC(68) Concurrent Mark 4.091ms
[2026-05-06T01:04:00.864+0100][9.573s][info][gc,phases   ] GC(68) Pause Mark End 0.004ms
[2026-05-06T01:04:00.864+0100][9.573s][info][gc,phases   ] GC(68) Concurrent Mark Free 0.000ms
[2026-05-06T01:04:00.866+0100][9.575s][info][gc,phases   ] GC(68) Concurrent Process Non-Strong References 1.772ms
[2026-05-06T01:04:00.866+0100][9.575s][info][gc,phases   ] GC(68) Concurrent Reset Relocation Set 0.002ms
[2026-05-06T01:04:00.866+0100][9.576s][info][gc,phases   ] GC(68) Concurrent Select Relocation Set 0.642ms
[2026-05-06T01:04:00.866+0100][9.576s][info][gc,phases   ] GC(68) Pause Relocate Start 0.002ms
[2026-05-06T01:04:00.867+0100][9.576s][info][gc,phases   ] GC(68) Concurrent Relocate 0.186ms
[2026-05-06T01:04:00.867+0100][9.576s][info][gc,load     ] GC(68) Load: 4.79/4.59/4.26
[2026-05-06T01:04:00.867+0100][9.576s][info][gc,mmu      ] GC(68) MMU: 2ms/98.8%, 5ms/99.5%, 10ms/99.7%, 20ms/99.8%, 50ms/99.9%, 100ms/99.9%
[2026-05-06T01:04:00.867+0100][9.576s][info][gc,marking  ] GC(68) Mark: 2 stripe(s), 1 proactive flush(es), 1 terminate flush(es), 0 completion(s), 0 continuation(s) 
[2026-05-06T01:04:00.867+0100][9.576s][info][gc,marking  ] GC(68) Mark Stack Usage: 32M
[2026-05-06T01:04:00.867+0100][9.576s][info][gc,nmethod  ] GC(68) NMethods: 3891 registered, 746 unregistered
[2026-05-06T01:04:00.867+0100][9.576s][info][gc,metaspace] GC(68) Metaspace: 18M used, 19M committed, 1088M reserved
[2026-05-06T01:04:00.867+0100][9.576s][info][gc,ref      ] GC(68) Soft: 4237 encountered, 0 discovered, 0 enqueued
[2026-05-06T01:04:00.867+0100][9.576s][info][gc,ref      ] GC(68) Weak: 2363 encountered, 1004 discovered, 0 enqueued
[2026-05-06T01:04:00.867+0100][9.576s][info][gc,ref      ] GC(68) Final: 6 encountered, 0 discovered, 0 enqueued
[2026-05-06T01:04:00.867+0100][9.576s][info][gc,ref      ] GC(68) Phantom: 270 encountered, 159 discovered, 0 enqueued
[2026-05-06T01:04:00.867+0100][9.576s][info][gc,reloc    ] GC(68) Small Pages: 11 / 22M, Empty: 2M, Relocated: 1M, In-Place: 0
[2026-05-06T01:04:00.867+0100][9.576s][info][gc,reloc    ] GC(68) Medium Pages: 1 / 32M, Empty: 0M, Relocated: 0M, In-Place: 0
[2026-05-06T01:04:00.867+0100][9.576s][info][gc,reloc    ] GC(68) Large Pages: 16 / 1010M, Empty: 818M, Relocated: 0M, In-Place: 0
[2026-05-06T01:04:00.867+0100][9.576s][info][gc,reloc    ] GC(68) Forwarding Usage: 0M
[2026-05-06T01:04:00.867+0100][9.576s][info][gc,heap     ] GC(68) Min Capacity: 8M(0%)
[2026-05-06T01:04:00.867+0100][9.576s][info][gc,heap     ] GC(68) Max Capacity: 4096M(100%)
[2026-05-06T01:04:00.867+0100][9.576s][info][gc,heap     ] GC(68) Soft Max Capacity: 4096M(100%)
[2026-05-06T01:04:00.867+0100][9.576s][info][gc,heap     ] GC(68)                Mark Start          Mark End        Relocate Start      Relocate End           High               Low         
[2026-05-06T01:04:00.867+0100][9.576s][info][gc,heap     ] GC(68)  Capacity:     1842M (45%)        1842M (45%)        1842M (45%)        1842M (45%)        1842M (45%)        1842M (45%)    
[2026-05-06T01:04:00.867+0100][9.576s][info][gc,heap     ] GC(68)      Free:     3032M (74%)        3032M (74%)        3852M (94%)        3854M (94%)        3854M (94%)        3032M (74%)    
[2026-05-06T01:04:00.867+0100][9.576s][info][gc,heap     ] GC(68)      Used:     1064M (26%)        1064M (26%)         244M (6%)          242M (6%)         1064M (26%)         242M (6%)     
[2026-05-06T01:04:00.867+0100][9.576s][info][gc,heap     ] GC(68)      Live:         -               205M (5%)          205M (5%)          205M (5%)             -                  -          
[2026-05-06T01:04:00.867+0100][9.576s][info][gc,heap     ] GC(68) Allocated:         -                 0M (0%)            0M (0%)            0M (0%)             -                  -          
[2026-05-06T01:04:00.867+0100][9.576s][info][gc,heap     ] GC(68)   Garbage:         -               858M (21%)          38M (1%)           36M (1%)             -                  -          
[2026-05-06T01:04:00.867+0100][9.576s][info][gc,heap     ] GC(68) Reclaimed:         -                  -               820M (20%)         822M (20%)            -                  -          
[2026-05-06T01:04:00.867+0100][9.576s][info][gc          ] GC(68) Garbage Collection (System.gc()) 1064M(26%)->242M(6%)
[2026-05-06T01:04:01.323+0100][10.033s][info][gc,stats    ] === Garbage Collection Statistics =======================================================================================================================
[2026-05-06T01:04:01.323+0100][10.033s][info][gc,stats    ]                                                              Last 10s              Last 10m              Last 10h                Total
[2026-05-06T01:04:01.323+0100][10.033s][info][gc,stats    ]                                                              Avg / Max             Avg / Max             Avg / Max             Avg / Max
[2026-05-06T01:04:01.323+0100][10.033s][info][gc,stats    ]   Collector: Garbage Collection Cycle                      7.403 / 14.330        7.403 / 14.330        7.403 / 14.330        7.403 / 14.330      ms
[2026-05-06T01:04:01.323+0100][10.033s][info][gc,stats    ]  Contention: Mark Segment Reset Contention                     3 / 9                 3 / 9                 3 / 9                 3 / 9           ops/s
[2026-05-06T01:04:01.323+0100][10.033s][info][gc,stats    ]  Contention: Mark SeqNum Reset Contention                      0 / 1                 0 / 1                 0 / 1                 0 / 1           ops/s
[2026-05-06T01:04:01.323+0100][10.033s][info][gc,stats    ]    Critical: Allocation Stall                                  0 / 0                 0 / 0                 0 / 0                 0 / 0           ops/s
[2026-05-06T01:04:01.323+0100][10.033s][info][gc,stats    ]    Critical: Allocation Stall                              0.000 / 0.000         0.000 / 0.000         0.000 / 0.000         0.000 / 0.000       ms
[2026-05-06T01:04:01.323+0100][10.033s][info][gc,stats    ]    Critical: GC Locker Stall                                   0 / 0                 0 / 0                 0 / 0                 0 / 0           ops/s
[2026-05-06T01:04:01.323+0100][10.033s][info][gc,stats    ]    Critical: GC Locker Stall                               0.000 / 0.000         0.000 / 0.000         0.000 / 0.000         0.000 / 0.000       ms
[2026-05-06T01:04:01.323+0100][10.033s][info][gc,stats    ]    Critical: Relocation Stall                                  0 / 0                 0 / 0                 0 / 0                 0 / 0           ops/s
[2026-05-06T01:04:01.323+0100][10.033s][info][gc,stats    ]    Critical: Relocation Stall                              0.000 / 0.000         0.000 / 0.000         0.000 / 0.000         0.000 / 0.000       ms
[2026-05-06T01:04:01.323+0100][10.033s][info][gc,stats    ]      Memory: Allocation Rate                                1761 / 4942           1761 / 4942           1761 / 4942           1761 / 4942        MB/s
[2026-05-06T01:04:01.323+0100][10.033s][info][gc,stats    ]      Memory: Defragment                                        0 / 0                 0 / 0                 0 / 0                 0 / 0           ops/s
[2026-05-06T01:04:01.323+0100][10.033s][info][gc,stats    ]      Memory: Out Of Memory                                     0 / 0                 0 / 0                 0 / 0                 0 / 0           ops/s
[2026-05-06T01:04:01.323+0100][10.033s][info][gc,stats    ]      Memory: Page Cache Flush                                  0 / 0                 0 / 0                 0 / 0                 0 / 0           MB/s
[2026-05-06T01:04:01.323+0100][10.033s][info][gc,stats    ]      Memory: Page Cache Hit L1                               175 / 435             175 / 435             175 / 435             175 / 435         ops/s
[2026-05-06T01:04:01.323+0100][10.033s][info][gc,stats    ]      Memory: Page Cache Hit L2                                 0 / 0                 0 / 0                 0 / 0                 0 / 0           ops/s
[2026-05-06T01:04:01.323+0100][10.033s][info][gc,stats    ]      Memory: Page Cache Hit L3                                13 / 98               13 / 98               13 / 98               13 / 98          ops/s
[2026-05-06T01:04:01.324+0100][10.033s][info][gc,stats    ]      Memory: Page Cache Miss                                  16 / 138              16 / 138              16 / 138              16 / 138         ops/s
[2026-05-06T01:04:01.324+0100][10.033s][info][gc,stats    ]      Memory: Uncommit                                          0 / 0                 0 / 0                 0 / 0                 0 / 0           MB/s
[2026-05-06T01:04:01.324+0100][10.033s][info][gc,stats    ]      Memory: Undo Object Allocation Failed                     0 / 0                 0 / 0                 0 / 0                 0 / 0           ops/s
[2026-05-06T01:04:01.324+0100][10.033s][info][gc,stats    ]      Memory: Undo Object Allocation Succeeded                  0 / 0                 0 / 0                 0 / 0                 0 / 0           ops/s
[2026-05-06T01:04:01.324+0100][10.033s][info][gc,stats    ]      Memory: Undo Page Allocation                              4 / 17                4 / 17                4 / 17                4 / 17          ops/s
[2026-05-06T01:04:01.324+0100][10.033s][info][gc,stats    ]       Phase: Concurrent Mark                               4.449 / 8.280         4.449 / 8.280         4.449 / 8.280         4.449 / 8.280       ms
[2026-05-06T01:04:01.324+0100][10.033s][info][gc,stats    ]       Phase: Concurrent Mark Continue                      0.000 / 0.000         0.000 / 0.000         0.000 / 0.000         0.000 / 0.000       ms
[2026-05-06T01:04:01.324+0100][10.033s][info][gc,stats    ]       Phase: Concurrent Mark Free                          0.000 / 0.001         0.000 / 0.001         0.000 / 0.001         0.000 / 0.001       ms
[2026-05-06T01:04:01.324+0100][10.033s][info][gc,stats    ]       Phase: Concurrent Process Non-Strong References      1.811 / 3.169         1.811 / 3.169         1.811 / 3.169         1.811 / 3.169       ms
[2026-05-06T01:04:01.324+0100][10.033s][info][gc,stats    ]       Phase: Concurrent Relocate                           0.247 / 2.560         0.247 / 2.560         0.247 / 2.560         0.247 / 2.560       ms
[2026-05-06T01:04:01.324+0100][10.033s][info][gc,stats    ]       Phase: Concurrent Reset Relocation Set               0.001 / 0.003         0.001 / 0.003         0.001 / 0.003         0.001 / 0.003       ms
[2026-05-06T01:04:01.324+0100][10.033s][info][gc,stats    ]       Phase: Concurrent Select Relocation Set              0.675 / 1.869         0.675 / 1.869         0.675 / 1.869         0.675 / 1.869       ms
[2026-05-06T01:04:01.324+0100][10.033s][info][gc,stats    ]       Phase: Pause Mark End                                0.005 / 0.023         0.005 / 0.023         0.005 / 0.023         0.005 / 0.023       ms
[2026-05-06T01:04:01.324+0100][10.033s][info][gc,stats    ]       Phase: Pause Mark Start                              0.003 / 0.009         0.003 / 0.009         0.003 / 0.009         0.003 / 0.009       ms
[2026-05-06T01:04:01.324+0100][10.033s][info][gc,stats    ]       Phase: Pause Relocate Start                          0.003 / 0.005         0.003 / 0.005         0.003 / 0.005         0.003 / 0.005       ms
[2026-05-06T01:04:01.324+0100][10.033s][info][gc,stats    ]    Subphase: Concurrent Classes Purge                      0.012 / 0.257         0.012 / 0.257         0.012 / 0.257         0.012 / 0.257       ms
[2026-05-06T01:04:01.324+0100][10.033s][info][gc,stats    ]    Subphase: Concurrent Classes Unlink                     1.667 / 2.864         1.667 / 2.864         1.667 / 2.864         1.667 / 2.864       ms
[2026-05-06T01:04:01.324+0100][10.033s][info][gc,stats    ]    Subphase: Concurrent Mark                               3.987 / 8.030         3.987 / 8.030         3.987 / 8.030         3.987 / 8.030       ms
[2026-05-06T01:04:01.324+0100][10.033s][info][gc,stats    ]    Subphase: Concurrent Mark Try Flush                     0.013 / 0.035         0.013 / 0.035         0.013 / 0.035         0.013 / 0.035       ms
[2026-05-06T01:04:01.324+0100][10.033s][info][gc,stats    ]    Subphase: Concurrent Mark Try Terminate                 0.650 / 1.348         0.650 / 1.348         0.650 / 1.348         0.650 / 1.348       ms
[2026-05-06T01:04:01.324+0100][10.033s][info][gc,stats    ]    Subphase: Concurrent References Enqueue                 0.000 / 0.002         0.000 / 0.002         0.000 / 0.002         0.000 / 0.002       ms
[2026-05-06T01:04:01.324+0100][10.033s][info][gc,stats    ]    Subphase: Concurrent References Process                 0.033 / 0.073         0.033 / 0.073         0.033 / 0.073         0.033 / 0.073       ms
[2026-05-06T01:04:01.324+0100][10.033s][info][gc,stats    ]    Subphase: Concurrent Roots ClassLoaderDataGraph         0.035 / 0.233         0.035 / 0.233         0.035 / 0.233         0.035 / 0.233       ms
[2026-05-06T01:04:01.324+0100][10.033s][info][gc,stats    ]    Subphase: Concurrent Roots CodeCache                    0.000 / 0.000         0.000 / 0.000         0.000 / 0.000         0.000 / 0.000       ms
[2026-05-06T01:04:01.324+0100][10.033s][info][gc,stats    ]    Subphase: Concurrent Roots JavaThreads                  0.046 / 0.317         0.046 / 0.317         0.046 / 0.317         0.046 / 0.317       ms
[2026-05-06T01:04:01.324+0100][10.033s][info][gc,stats    ]    Subphase: Concurrent Roots OopStorageSet                0.008 / 0.047         0.008 / 0.047         0.008 / 0.047         0.008 / 0.047       ms
[2026-05-06T01:04:01.324+0100][10.033s][info][gc,stats    ]    Subphase: Concurrent Weak Roots OopStorageSet           0.067 / 0.184         0.067 / 0.184         0.067 / 0.184         0.067 / 0.184       ms
[2026-05-06T01:04:01.324+0100][10.033s][info][gc,stats    ]    Subphase: Pause Mark Try Complete                       0.000 / 0.000         0.000 / 0.000         0.000 / 0.000         0.000 / 0.000       ms
[2026-05-06T01:04:01.324+0100][10.033s][info][gc,stats    ]      System: Java Threads                                     20 / 31               20 / 31               20 / 31               20 / 31          threads
[2026-05-06T01:04:01.324+0100][10.033s][info][gc,stats    ] =========================================================================================================================================================
[2026-05-06T01:04:01.921+0100][10.630s][info][gc,start    ] GC(69) Garbage Collection (Warmup)
[2026-05-06T01:04:01.921+0100][10.630s][info][gc,task     ] GC(69) Using 3 workers
[2026-05-06T01:04:01.921+0100][10.631s][info][gc,phases   ] GC(69) Pause Mark Start 0.003ms
[2026-05-06T01:04:01.926+0100][10.635s][info][gc,phases   ] GC(69) Concurrent Mark 4.231ms
[2026-05-06T01:04:01.926+0100][10.635s][info][gc,phases   ] GC(69) Pause Mark End 0.005ms
[2026-05-06T01:04:01.926+0100][10.635s][info][gc,phases   ] GC(69) Concurrent Mark Free 0.000ms
[2026-05-06T01:04:01.928+0100][10.638s][info][gc,phases   ] GC(69) Concurrent Process Non-Strong References 2.574ms
[2026-05-06T01:04:01.928+0100][10.638s][info][gc,phases   ] GC(69) Concurrent Reset Relocation Set 0.001ms
[2026-05-06T01:04:01.929+0100][10.639s][info][gc,phases   ] GC(69) Concurrent Select Relocation Set 0.675ms
[2026-05-06T01:04:01.929+0100][10.639s][info][gc,phases   ] GC(69) Pause Relocate Start 0.004ms
[2026-05-06T01:04:01.929+0100][10.639s][info][gc,phases   ] GC(69) Concurrent Relocate 0.206ms
[2026-05-06T01:04:01.929+0100][10.639s][info][gc,load     ] GC(69) Load: 4.79/4.59/4.26
[2026-05-06T01:04:01.929+0100][10.639s][info][gc,mmu      ] GC(69) MMU: 2ms/98.8%, 5ms/99.5%, 10ms/99.7%, 20ms/99.8%, 50ms/99.9%, 100ms/99.9%
[2026-05-06T01:04:01.929+0100][10.639s][info][gc,marking  ] GC(69) Mark: 2 stripe(s), 2 proactive flush(es), 1 terminate flush(es), 0 completion(s), 0 continuation(s) 
[2026-05-06T01:04:01.929+0100][10.639s][info][gc,marking  ] GC(69) Mark Stack Usage: 32M
[2026-05-06T01:04:01.929+0100][10.639s][info][gc,nmethod  ] GC(69) NMethods: 3891 registered, 746 unregistered
[2026-05-06T01:04:01.929+0100][10.639s][info][gc,metaspace] GC(69) Metaspace: 18M used, 19M committed, 1088M reserved
[2026-05-06T01:04:01.929+0100][10.639s][info][gc,ref      ] GC(69) Soft: 4237 encountered, 0 discovered, 0 enqueued
[2026-05-06T01:04:01.929+0100][10.639s][info][gc,ref      ] GC(69) Weak: 2363 encountered, 1490 discovered, 0 enqueued
[2026-05-06T01:04:01.929+0100][10.639s][info][gc,ref      ] GC(69) Final: 6 encountered, 0 discovered, 0 enqueued
[2026-05-06T01:04:01.929+0100][10.639s][info][gc,ref      ] GC(69) Phantom: 270 encountered, 212 discovered, 0 enqueued
[2026-05-06T01:04:01.929+0100][10.639s][info][gc,reloc    ] GC(69) Small Pages: 10 / 20M, Empty: 0M, Relocated: 1M, In-Place: 0
[2026-05-06T01:04:01.929+0100][10.639s][info][gc,reloc    ] GC(69) Medium Pages: 1 / 32M, Empty: 0M, Relocated: 0M, In-Place: 0
[2026-05-06T01:04:01.929+0100][10.639s][info][gc,reloc    ] GC(69) Large Pages: 10 / 1214M, Empty: 876M, Relocated: 0M, In-Place: 0
[2026-05-06T01:04:01.929+0100][10.639s][info][gc,reloc    ] GC(69) Forwarding Usage: 0M
[2026-05-06T01:04:01.929+0100][10.639s][info][gc,heap     ] GC(69) Min Capacity: 8M(0%)
[2026-05-06T01:04:01.929+0100][10.639s][info][gc,heap     ] GC(69) Max Capacity: 4096M(100%)
[2026-05-06T01:04:01.929+0100][10.639s][info][gc,heap     ] GC(69) Soft Max Capacity: 4096M(100%)
[2026-05-06T01:04:01.929+0100][10.639s][info][gc,heap     ] GC(69)                Mark Start          Mark End        Relocate Start      Relocate End           High               Low         
[2026-05-06T01:04:01.929+0100][10.639s][info][gc,heap     ] GC(69)  Capacity:     2426M (59%)        2426M (59%)        2426M (59%)        2426M (59%)        2426M (59%)        2426M (59%)    
[2026-05-06T01:04:01.929+0100][10.639s][info][gc,heap     ] GC(69)      Free:     2830M (69%)        2830M (69%)        3706M (90%)        3706M (90%)        3706M (90%)        2830M (69%)    
[2026-05-06T01:04:01.929+0100][10.639s][info][gc,heap     ] GC(69)      Used:     1266M (31%)        1266M (31%)         390M (10%)         390M (10%)        1266M (31%)         390M (10%)    
[2026-05-06T01:04:01.929+0100][10.639s][info][gc,heap     ] GC(69)      Live:         -               351M (9%)          351M (9%)          351M (9%)             -                  -          
[2026-05-06T01:04:01.929+0100][10.639s][info][gc,heap     ] GC(69) Allocated:         -                 0M (0%)            0M (0%)            1M (0%)             -                  -          
[2026-05-06T01:04:01.929+0100][10.639s][info][gc,heap     ] GC(69)   Garbage:         -               914M (22%)          38M (1%)           36M (1%)             -                  -          
[2026-05-06T01:04:01.929+0100][10.639s][info][gc,heap     ] GC(69) Reclaimed:         -                  -               876M (21%)         877M (21%)            -                  -          
[2026-05-06T01:04:01.929+0100][10.639s][info][gc          ] GC(69) Garbage Collection (Warmup) 1266M(31%)->390M(10%)
[2026-05-06T01:04:02.522+0100][11.232s][info][gc,start    ] GC(70) Garbage Collection (Proactive)
[2026-05-06T01:04:02.522+0100][11.232s][info][gc,task     ] GC(70) Using 3 workers
[2026-05-06T01:04:02.523+0100][11.232s][info][gc,phases   ] GC(70) Pause Mark Start 0.003ms
[2026-05-06T01:04:02.527+0100][11.236s][info][gc,phases   ] GC(70) Concurrent Mark 3.990ms
[2026-05-06T01:04:02.527+0100][11.236s][info][gc,phases   ] GC(70) Pause Mark End 0.006ms
[2026-05-06T01:04:02.527+0100][11.236s][info][gc,phases   ] GC(70) Concurrent Mark Free 0.000ms
[2026-05-06T01:04:02.528+0100][11.238s][info][gc,phases   ] GC(70) Concurrent Process Non-Strong References 1.760ms
[2026-05-06T01:04:02.528+0100][11.238s][info][gc,phases   ] GC(70) Concurrent Reset Relocation Set 0.000ms
[2026-05-06T01:04:02.529+0100][11.238s][info][gc,phases   ] GC(70) Concurrent Select Relocation Set 0.601ms
[2026-05-06T01:04:02.529+0100][11.239s][info][gc,phases   ] GC(70) Pause Relocate Start 0.002ms
[2026-05-06T01:04:02.529+0100][11.239s][info][gc,phases   ] GC(70) Concurrent Relocate 0.192ms
[2026-05-06T01:04:02.529+0100][11.239s][info][gc,load     ] GC(70) Load: 4.79/4.59/4.26
[2026-05-06T01:04:02.529+0100][11.239s][info][gc,mmu      ] GC(70) MMU: 2ms/98.8%, 5ms/99.5%, 10ms/99.7%, 20ms/99.8%, 50ms/99.9%, 100ms/99.9%
[2026-05-06T01:04:02.529+0100][11.239s][info][gc,marking  ] GC(70) Mark: 2 stripe(s), 2 proactive flush(es), 1 terminate flush(es), 0 completion(s), 0 continuation(s) 
[2026-05-06T01:04:02.529+0100][11.239s][info][gc,marking  ] GC(70) Mark Stack Usage: 32M
[2026-05-06T01:04:02.529+0100][11.239s][info][gc,nmethod  ] GC(70) NMethods: 3892 registered, 746 unregistered
[2026-05-06T01:04:02.529+0100][11.239s][info][gc,metaspace] GC(70) Metaspace: 18M used, 19M committed, 1088M reserved
[2026-05-06T01:04:02.529+0100][11.239s][info][gc,ref      ] GC(70) Soft: 4237 encountered, 0 discovered, 0 enqueued
[2026-05-06T01:04:02.529+0100][11.239s][info][gc,ref      ] GC(70) Weak: 2364 encountered, 1318 discovered, 0 enqueued
[2026-05-06T01:04:02.529+0100][11.239s][info][gc,ref      ] GC(70) Final: 6 encountered, 0 discovered, 0 enqueued
[2026-05-06T01:04:02.529+0100][11.239s][info][gc,ref      ] GC(70) Phantom: 270 encountered, 141 discovered, 0 enqueued
[2026-05-06T01:04:02.529+0100][11.239s][info][gc,reloc    ] GC(70) Small Pages: 10 / 20M, Empty: 0M, Relocated: 1M, In-Place: 0
[2026-05-06T01:04:02.529+0100][11.239s][info][gc,reloc    ] GC(70) Medium Pages: 1 / 32M, Empty: 0M, Relocated: 0M, In-Place: 0
[2026-05-06T01:04:02.529+0100][11.239s][info][gc,reloc    ] GC(70) Large Pages: 8 / 922M, Empty: 584M, Relocated: 0M, In-Place: 0
[2026-05-06T01:04:02.529+0100][11.239s][info][gc,reloc    ] GC(70) Forwarding Usage: 0M
[2026-05-06T01:04:02.529+0100][11.239s][info][gc,heap     ] GC(70) Min Capacity: 8M(0%)
[2026-05-06T01:04:02.529+0100][11.239s][info][gc,heap     ] GC(70) Max Capacity: 4096M(100%)
[2026-05-06T01:04:02.529+0100][11.239s][info][gc,heap     ] GC(70) Soft Max Capacity: 4096M(100%)
[2026-05-06T01:04:02.529+0100][11.239s][info][gc,heap     ] GC(70)                Mark Start          Mark End        Relocate Start      Relocate End           High               Low         
[2026-05-06T01:04:02.529+0100][11.239s][info][gc,heap     ] GC(70)  Capacity:     2426M (59%)        2426M (59%)        2426M (59%)        2426M (59%)        2426M (59%)        2426M (59%)    
[2026-05-06T01:04:02.529+0100][11.239s][info][gc,heap     ] GC(70)      Free:     3122M (76%)        3122M (76%)        3706M (90%)        3706M (90%)        3706M (90%)        3122M (76%)    
[2026-05-06T01:04:02.529+0100][11.239s][info][gc,heap     ] GC(70)      Used:      974M (24%)         974M (24%)         390M (10%)         390M (10%)         974M (24%)         390M (10%)    
[2026-05-06T01:04:02.529+0100][11.239s][info][gc,heap     ] GC(70)      Live:         -               351M (9%)          351M (9%)          351M (9%)             -                  -          
[2026-05-06T01:04:02.529+0100][11.239s][info][gc,heap     ] GC(70) Allocated:         -                 0M (0%)            0M (0%)            1M (0%)             -                  -          
[2026-05-06T01:04:02.529+0100][11.239s][info][gc,heap     ] GC(70)   Garbage:         -               622M (15%)          38M (1%)           36M (1%)             -                  -          
[2026-05-06T01:04:02.529+0100][11.239s][info][gc,heap     ] GC(70) Reclaimed:         -                  -               584M (14%)         585M (14%)            -                  -          
[2026-05-06T01:04:02.529+0100][11.239s][info][gc          ] GC(70) Garbage Collection (Proactive) 974M(24%)->390M(10%)
[2026-05-06T01:04:02.914+0100][11.623s][info][gc,start    ] GC(71) Garbage Collection (System.gc())
[2026-05-06T01:04:02.914+0100][11.623s][info][gc,task     ] GC(71) Using 3 workers
[2026-05-06T01:04:02.914+0100][11.623s][info][gc,phases   ] GC(71) Pause Mark Start 0.003ms
[2026-05-06T01:04:02.918+0100][11.627s][info][gc,phases   ] GC(71) Concurrent Mark 4.083ms
[2026-05-06T01:04:02.918+0100][11.627s][info][gc,phases   ] GC(71) Pause Mark End 0.003ms
[2026-05-06T01:04:02.918+0100][11.627s][info][gc,phases   ] GC(71) Concurrent Mark Free 0.000ms
[2026-05-06T01:04:02.919+0100][11.629s][info][gc,phases   ] GC(71) Concurrent Process Non-Strong References 1.748ms
[2026-05-06T01:04:02.919+0100][11.629s][info][gc,phases   ] GC(71) Concurrent Reset Relocation Set 0.001ms
[2026-05-06T01:04:02.920+0100][11.630s][info][gc,phases   ] GC(71) Concurrent Select Relocation Set 0.586ms
[2026-05-06T01:04:02.920+0100][11.630s][info][gc,phases   ] GC(71) Pause Relocate Start 0.002ms
[2026-05-06T01:04:02.920+0100][11.630s][info][gc,phases   ] GC(71) Concurrent Relocate 0.194ms
[2026-05-06T01:04:02.920+0100][11.630s][info][gc,load     ] GC(71) Load: 4.79/4.59/4.26
[2026-05-06T01:04:02.920+0100][11.630s][info][gc,mmu      ] GC(71) MMU: 2ms/98.8%, 5ms/99.5%, 10ms/99.7%, 20ms/99.8%, 50ms/99.9%, 100ms/99.9%
[2026-05-06T01:04:02.920+0100][11.630s][info][gc,marking  ] GC(71) Mark: 2 stripe(s), 1 proactive flush(es), 1 terminate flush(es), 0 completion(s), 0 continuation(s) 
[2026-05-06T01:04:02.920+0100][11.630s][info][gc,marking  ] GC(71) Mark Stack Usage: 32M
[2026-05-06T01:04:02.920+0100][11.630s][info][gc,nmethod  ] GC(71) NMethods: 3892 registered, 746 unregistered
[2026-05-06T01:04:02.920+0100][11.630s][info][gc,metaspace] GC(71) Metaspace: 18M used, 19M committed, 1088M reserved
[2026-05-06T01:04:02.920+0100][11.630s][info][gc,ref      ] GC(71) Soft: 4237 encountered, 0 discovered, 0 enqueued
[2026-05-06T01:04:02.920+0100][11.630s][info][gc,ref      ] GC(71) Weak: 2363 encountered, 1003 discovered, 0 enqueued
[2026-05-06T01:04:02.920+0100][11.630s][info][gc,ref      ] GC(71) Final: 6 encountered, 0 discovered, 0 enqueued
[2026-05-06T01:04:02.920+0100][11.630s][info][gc,ref      ] GC(71) Phantom: 270 encountered, 153 discovered, 0 enqueued
[2026-05-06T01:04:02.920+0100][11.630s][info][gc,reloc    ] GC(71) Small Pages: 10 / 20M, Empty: 0M, Relocated: 1M, In-Place: 0
[2026-05-06T01:04:02.920+0100][11.630s][info][gc,reloc    ] GC(71) Medium Pages: 1 / 32M, Empty: 0M, Relocated: 0M, In-Place: 0
[2026-05-06T01:04:02.920+0100][11.630s][info][gc,reloc    ] GC(71) Large Pages: 6 / 630M, Empty: 438M, Relocated: 0M, In-Place: 0
[2026-05-06T01:04:02.920+0100][11.630s][info][gc,reloc    ] GC(71) Forwarding Usage: 0M
[2026-05-06T01:04:02.920+0100][11.630s][info][gc,heap     ] GC(71) Min Capacity: 8M(0%)
[2026-05-06T01:04:02.920+0100][11.630s][info][gc,heap     ] GC(71) Max Capacity: 4096M(100%)
[2026-05-06T01:04:02.920+0100][11.630s][info][gc,heap     ] GC(71) Soft Max Capacity: 4096M(100%)
[2026-05-06T01:04:02.920+0100][11.630s][info][gc,heap     ] GC(71)                Mark Start          Mark End        Relocate Start      Relocate End           High               Low         
[2026-05-06T01:04:02.920+0100][11.630s][info][gc,heap     ] GC(71)  Capacity:     2426M (59%)        2426M (59%)        2426M (59%)        2426M (59%)        2426M (59%)        2426M (59%)    
[2026-05-06T01:04:02.920+0100][11.630s][info][gc,heap     ] GC(71)      Free:     3414M (83%)        3414M (83%)        3852M (94%)        3854M (94%)        3854M (94%)        3414M (83%)    
[2026-05-06T01:04:02.920+0100][11.630s][info][gc,heap     ] GC(71)      Used:      682M (17%)         682M (17%)         244M (6%)          242M (6%)          682M (17%)         242M (6%)     
[2026-05-06T01:04:02.920+0100][11.630s][info][gc,heap     ] GC(71)      Live:         -               205M (5%)          205M (5%)          205M (5%)             -                  -          
[2026-05-06T01:04:02.920+0100][11.630s][info][gc,heap     ] GC(71) Allocated:         -                 0M (0%)            0M (0%)            0M (0%)             -                  -          
[2026-05-06T01:04:02.920+0100][11.630s][info][gc,heap     ] GC(71)   Garbage:         -               476M (12%)          38M (1%)           36M (1%)             -                  -          
[2026-05-06T01:04:02.920+0100][11.630s][info][gc,heap     ] GC(71) Reclaimed:         -                  -               438M (11%)         440M (11%)            -                  -          
[2026-05-06T01:04:02.920+0100][11.630s][info][gc          ] GC(71) Garbage Collection (System.gc()) 682M(17%)->242M(6%)
[2026-05-06T01:04:03.423+0100][12.132s][info][gc,start    ] GC(72) Garbage Collection (Proactive)
[2026-05-06T01:04:03.423+0100][12.132s][info][gc,task     ] GC(72) Using 3 workers
[2026-05-06T01:04:03.423+0100][12.132s][info][gc,phases   ] GC(72) Pause Mark Start 0.003ms
[2026-05-06T01:04:03.427+0100][12.137s][info][gc,phases   ] GC(72) Concurrent Mark 4.391ms
[2026-05-06T01:04:03.427+0100][12.137s][info][gc,phases   ] GC(72) Pause Mark End 0.004ms
[2026-05-06T01:04:03.427+0100][12.137s][info][gc,phases   ] GC(72) Concurrent Mark Free 0.000ms
[2026-05-06T01:04:03.429+0100][12.139s][info][gc,phases   ] GC(72) Concurrent Process Non-Strong References 1.854ms
[2026-05-06T01:04:03.429+0100][12.139s][info][gc,phases   ] GC(72) Concurrent Reset Relocation Set 0.000ms
[2026-05-06T01:04:03.430+0100][12.139s][info][gc,phases   ] GC(72) Concurrent Select Relocation Set 0.591ms
[2026-05-06T01:04:03.430+0100][12.139s][info][gc,phases   ] GC(72) Pause Relocate Start 0.003ms
[2026-05-06T01:04:03.430+0100][12.139s][info][gc,phases   ] GC(72) Concurrent Relocate 0.193ms
[2026-05-06T01:04:03.430+0100][12.139s][info][gc,load     ] GC(72) Load: 4.79/4.59/4.26
[2026-05-06T01:04:03.430+0100][12.140s][info][gc,mmu      ] GC(72) MMU: 2ms/98.8%, 5ms/99.5%, 10ms/99.7%, 20ms/99.8%, 50ms/99.9%, 100ms/99.9%
[2026-05-06T01:04:03.430+0100][12.140s][info][gc,marking  ] GC(72) Mark: 2 stripe(s), 4 proactive flush(es), 1 terminate flush(es), 0 completion(s), 0 continuation(s) 
[2026-05-06T01:04:03.430+0100][12.140s][info][gc,marking  ] GC(72) Mark Stack Usage: 32M
[2026-05-06T01:04:03.430+0100][12.140s][info][gc,nmethod  ] GC(72) NMethods: 3892 registered, 746 unregistered
[2026-05-06T01:04:03.430+0100][12.140s][info][gc,metaspace] GC(72) Metaspace: 18M used, 19M committed, 1088M reserved
[2026-05-06T01:04:03.430+0100][12.140s][info][gc,ref      ] GC(72) Soft: 4237 encountered, 0 discovered, 0 enqueued
[2026-05-06T01:04:03.430+0100][12.140s][info][gc,ref      ] GC(72) Weak: 2364 encountered, 958 discovered, 0 enqueued
[2026-05-06T01:04:03.430+0100][12.140s][info][gc,ref      ] GC(72) Final: 6 encountered, 0 discovered, 0 enqueued
[2026-05-06T01:04:03.430+0100][12.140s][info][gc,ref      ] GC(72) Phantom: 270 encountered, 139 discovered, 0 enqueued
[2026-05-06T01:04:03.430+0100][12.140s][info][gc,reloc    ] GC(72) Small Pages: 10 / 20M, Empty: 0M, Relocated: 1M, In-Place: 0
[2026-05-06T01:04:03.430+0100][12.140s][info][gc,reloc    ] GC(72) Medium Pages: 1 / 32M, Empty: 0M, Relocated: 0M, In-Place: 0
[2026-05-06T01:04:03.430+0100][12.140s][info][gc,reloc    ] GC(72) Large Pages: 6 / 630M, Empty: 438M, Relocated: 0M, In-Place: 0
[2026-05-06T01:04:03.430+0100][12.140s][info][gc,reloc    ] GC(72) Forwarding Usage: 0M
[2026-05-06T01:04:03.430+0100][12.140s][info][gc,heap     ] GC(72) Min Capacity: 8M(0%)
[2026-05-06T01:04:03.430+0100][12.140s][info][gc,heap     ] GC(72) Max Capacity: 4096M(100%)
[2026-05-06T01:04:03.430+0100][12.140s][info][gc,heap     ] GC(72) Soft Max Capacity: 4096M(100%)
[2026-05-06T01:04:03.430+0100][12.140s][info][gc,heap     ] GC(72)                Mark Start          Mark End        Relocate Start      Relocate End           High               Low         
[2026-05-06T01:04:03.430+0100][12.140s][info][gc,heap     ] GC(72)  Capacity:     2426M (59%)        2426M (59%)        2426M (59%)        2426M (59%)        2426M (59%)        2426M (59%)    
[2026-05-06T01:04:03.430+0100][12.140s][info][gc,heap     ] GC(72)      Free:     3414M (83%)        3414M (83%)        3852M (94%)        3852M (94%)        3852M (94%)        3414M (83%)    
[2026-05-06T01:04:03.430+0100][12.140s][info][gc,heap     ] GC(72)      Used:      682M (17%)         682M (17%)         244M (6%)          244M (6%)          682M (17%)         244M (6%)     
[2026-05-06T01:04:03.430+0100][12.140s][info][gc,heap     ] GC(72)      Live:         -               205M (5%)          205M (5%)          205M (5%)             -                  -          
[2026-05-06T01:04:03.430+0100][12.140s][info][gc,heap     ] GC(72) Allocated:         -                 0M (0%)            0M (0%)            1M (0%)             -                  -          
[2026-05-06T01:04:03.430+0100][12.140s][info][gc,heap     ] GC(72)   Garbage:         -               476M (12%)          38M (1%)           36M (1%)             -                  -          
[2026-05-06T01:04:03.430+0100][12.140s][info][gc,heap     ] GC(72) Reclaimed:         -                  -               438M (11%)         439M (11%)            -                  -          
[2026-05-06T01:04:03.430+0100][12.140s][info][gc          ] GC(72) Garbage Collection (Proactive) 682M(17%)->244M(6%)
[2026-05-06T01:04:03.921+0100][12.630s][info][gc,start    ] GC(73) Garbage Collection (Proactive)
[2026-05-06T01:04:03.921+0100][12.630s][info][gc,task     ] GC(73) Using 3 workers
[2026-05-06T01:04:03.921+0100][12.630s][info][gc,phases   ] GC(73) Pause Mark Start 0.003ms
[2026-05-06T01:04:03.925+0100][12.635s][info][gc,phases   ] GC(73) Concurrent Mark 4.323ms
[2026-05-06T01:04:03.925+0100][12.635s][info][gc,phases   ] GC(73) Pause Mark End 0.005ms
[2026-05-06T01:04:03.925+0100][12.635s][info][gc,phases   ] GC(73) Concurrent Mark Free 0.000ms
[2026-05-06T01:04:03.927+0100][12.636s][info][gc,phases   ] GC(73) Concurrent Process Non-Strong References 1.839ms
[2026-05-06T01:04:03.927+0100][12.637s][info][gc,phases   ] GC(73) Concurrent Reset Relocation Set 0.001ms
[2026-05-06T01:04:03.928+0100][12.637s][info][gc,phases   ] GC(73) Concurrent Select Relocation Set 0.599ms
[2026-05-06T01:04:03.928+0100][12.637s][info][gc,phases   ] GC(73) Pause Relocate Start 0.002ms
[2026-05-06T01:04:03.928+0100][12.637s][info][gc,phases   ] GC(73) Concurrent Relocate 0.201ms
[2026-05-06T01:04:03.928+0100][12.637s][info][gc,load     ] GC(73) Load: 4.79/4.59/4.26
[2026-05-06T01:04:03.928+0100][12.637s][info][gc,mmu      ] GC(73) MMU: 2ms/98.8%, 5ms/99.5%, 10ms/99.7%, 20ms/99.8%, 50ms/99.9%, 100ms/99.9%
[2026-05-06T01:04:03.928+0100][12.637s][info][gc,marking  ] GC(73) Mark: 2 stripe(s), 2 proactive flush(es), 1 terminate flush(es), 0 completion(s), 0 continuation(s) 
[2026-05-06T01:04:03.928+0100][12.637s][info][gc,marking  ] GC(73) Mark Stack Usage: 32M
[2026-05-06T01:04:03.928+0100][12.637s][info][gc,nmethod  ] GC(73) NMethods: 3892 registered, 746 unregistered
[2026-05-06T01:04:03.928+0100][12.637s][info][gc,metaspace] GC(73) Metaspace: 18M used, 19M committed, 1088M reserved
[2026-05-06T01:04:03.928+0100][12.637s][info][gc,ref      ] GC(73) Soft: 4237 encountered, 0 discovered, 0 enqueued
[2026-05-06T01:04:03.928+0100][12.637s][info][gc,ref      ] GC(73) Weak: 2364 encountered, 1395 discovered, 0 enqueued
[2026-05-06T01:04:03.928+0100][12.637s][info][gc,ref      ] GC(73) Final: 6 encountered, 0 discovered, 0 enqueued
[2026-05-06T01:04:03.928+0100][12.637s][info][gc,ref      ] GC(73) Phantom: 270 encountered, 212 discovered, 0 enqueued
[2026-05-06T01:04:03.928+0100][12.637s][info][gc,reloc    ] GC(73) Small Pages: 10 / 20M, Empty: 0M, Relocated: 1M, In-Place: 0
[2026-05-06T01:04:03.928+0100][12.637s][info][gc,reloc    ] GC(73) Medium Pages: 1 / 32M, Empty: 0M, Relocated: 0M, In-Place: 0
[2026-05-06T01:04:03.928+0100][12.637s][info][gc,reloc    ] GC(73) Large Pages: 7 / 776M, Empty: 438M, Relocated: 0M, In-Place: 0
[2026-05-06T01:04:03.928+0100][12.637s][info][gc,reloc    ] GC(73) Forwarding Usage: 0M
[2026-05-06T01:04:03.928+0100][12.637s][info][gc,heap     ] GC(73) Min Capacity: 8M(0%)
[2026-05-06T01:04:03.928+0100][12.637s][info][gc,heap     ] GC(73) Max Capacity: 4096M(100%)
[2026-05-06T01:04:03.928+0100][12.637s][info][gc,heap     ] GC(73) Soft Max Capacity: 4096M(100%)
[2026-05-06T01:04:03.928+0100][12.637s][info][gc,heap     ] GC(73)                Mark Start          Mark End        Relocate Start      Relocate End           High               Low         
[2026-05-06T01:04:03.928+0100][12.637s][info][gc,heap     ] GC(73)  Capacity:     2426M (59%)        2426M (59%)        2426M (59%)        2426M (59%)        2426M (59%)        2426M (59%)    
[2026-05-06T01:04:03.928+0100][12.637s][info][gc,heap     ] GC(73)      Free:     3268M (80%)        3268M (80%)        3706M (90%)        3706M (90%)        3706M (90%)        3268M (80%)    
[2026-05-06T01:04:03.928+0100][12.637s][info][gc,heap     ] GC(73)      Used:      828M (20%)         828M (20%)         390M (10%)         390M (10%)         828M (20%)         390M (10%)    
[2026-05-06T01:04:03.928+0100][12.637s][info][gc,heap     ] GC(73)      Live:         -               351M (9%)          351M (9%)          351M (9%)             -                  -          
[2026-05-06T01:04:03.928+0100][12.637s][info][gc,heap     ] GC(73) Allocated:         -                 0M (0%)            0M (0%)            1M (0%)             -                  -          
[2026-05-06T01:04:03.928+0100][12.637s][info][gc,heap     ] GC(73)   Garbage:         -               476M (12%)          38M (1%)           36M (1%)             -                  -          
[2026-05-06T01:04:03.928+0100][12.637s][info][gc,heap     ] GC(73) Reclaimed:         -                  -               438M (11%)         439M (11%)            -                  -          
[2026-05-06T01:04:03.928+0100][12.637s][info][gc          ] GC(73) Garbage Collection (Proactive) 828M(20%)->390M(10%)
[2026-05-06T01:04:04.421+0100][13.130s][info][gc,start    ] GC(74) Garbage Collection (Proactive)
[2026-05-06T01:04:04.421+0100][13.130s][info][gc,task     ] GC(74) Using 3 workers
[2026-05-06T01:04:04.421+0100][13.130s][info][gc,phases   ] GC(74) Pause Mark Start 0.003ms
[2026-05-06T01:04:04.425+0100][13.135s][info][gc,phases   ] GC(74) Concurrent Mark 4.386ms
[2026-05-06T01:04:04.425+0100][13.135s][info][gc,phases   ] GC(74) Pause Mark End 0.005ms
[2026-05-06T01:04:04.425+0100][13.135s][info][gc,phases   ] GC(74) Concurrent Mark Free 0.000ms
[2026-05-06T01:04:04.427+0100][13.137s][info][gc,phases   ] GC(74) Concurrent Process Non-Strong References 1.800ms
[2026-05-06T01:04:04.427+0100][13.137s][info][gc,phases   ] GC(74) Concurrent Reset Relocation Set 0.000ms
[2026-05-06T01:04:04.428+0100][13.137s][info][gc,phases   ] GC(74) Concurrent Select Relocation Set 0.596ms
[2026-05-06T01:04:04.428+0100][13.137s][info][gc,phases   ] GC(74) Pause Relocate Start 0.002ms
[2026-05-06T01:04:04.428+0100][13.137s][info][gc,phases   ] GC(74) Concurrent Relocate 0.195ms
[2026-05-06T01:04:04.428+0100][13.137s][info][gc,load     ] GC(74) Load: 4.79/4.59/4.26
[2026-05-06T01:04:04.428+0100][13.137s][info][gc,mmu      ] GC(74) MMU: 2ms/98.8%, 5ms/99.5%, 10ms/99.7%, 20ms/99.8%, 50ms/99.9%, 100ms/99.9%
[2026-05-06T01:04:04.428+0100][13.137s][info][gc,marking  ] GC(74) Mark: 2 stripe(s), 2 proactive flush(es), 1 terminate flush(es), 0 completion(s), 0 continuation(s) 
[2026-05-06T01:04:04.428+0100][13.137s][info][gc,marking  ] GC(74) Mark Stack Usage: 32M
[2026-05-06T01:04:04.428+0100][13.137s][info][gc,nmethod  ] GC(74) NMethods: 3892 registered, 746 unregistered
[2026-05-06T01:04:04.428+0100][13.137s][info][gc,metaspace] GC(74) Metaspace: 18M used, 19M committed, 1088M reserved
[2026-05-06T01:04:04.428+0100][13.137s][info][gc,ref      ] GC(74) Soft: 4237 encountered, 0 discovered, 0 enqueued
[2026-05-06T01:04:04.428+0100][13.137s][info][gc,ref      ] GC(74) Weak: 2364 encountered, 1274 discovered, 0 enqueued
[2026-05-06T01:04:04.428+0100][13.137s][info][gc,ref      ] GC(74) Final: 6 encountered, 6 discovered, 0 enqueued
[2026-05-06T01:04:04.428+0100][13.137s][info][gc,ref      ] GC(74) Phantom: 270 encountered, 191 discovered, 0 enqueued
[2026-05-06T01:04:04.428+0100][13.137s][info][gc,reloc    ] GC(74) Small Pages: 10 / 20M, Empty: 0M, Relocated: 1M, In-Place: 0
[2026-05-06T01:04:04.428+0100][13.137s][info][gc,reloc    ] GC(74) Medium Pages: 1 / 32M, Empty: 0M, Relocated: 0M, In-Place: 0
[2026-05-06T01:04:04.428+0100][13.137s][info][gc,reloc    ] GC(74) Large Pages: 7 / 776M, Empty: 438M, Relocated: 0M, In-Place: 0
[2026-05-06T01:04:04.428+0100][13.137s][info][gc,reloc    ] GC(74) Forwarding Usage: 0M
[2026-05-06T01:04:04.428+0100][13.137s][info][gc,heap     ] GC(74) Min Capacity: 8M(0%)
[2026-05-06T01:04:04.428+0100][13.137s][info][gc,heap     ] GC(74) Max Capacity: 4096M(100%)
[2026-05-06T01:04:04.428+0100][13.137s][info][gc,heap     ] GC(74) Soft Max Capacity: 4096M(100%)
[2026-05-06T01:04:04.428+0100][13.137s][info][gc,heap     ] GC(74)                Mark Start          Mark End        Relocate Start      Relocate End           High               Low         
[2026-05-06T01:04:04.428+0100][13.137s][info][gc,heap     ] GC(74)  Capacity:     2426M (59%)        2426M (59%)        2426M (59%)        2426M (59%)        2426M (59%)        2426M (59%)    
[2026-05-06T01:04:04.428+0100][13.137s][info][gc,heap     ] GC(74)      Free:     3268M (80%)        3268M (80%)        3706M (90%)        3706M (90%)        3706M (90%)        3268M (80%)    
[2026-05-06T01:04:04.428+0100][13.137s][info][gc,heap     ] GC(74)      Used:      828M (20%)         828M (20%)         390M (10%)         390M (10%)         828M (20%)         390M (10%)    
[2026-05-06T01:04:04.428+0100][13.137s][info][gc,heap     ] GC(74)      Live:         -               351M (9%)          351M (9%)          351M (9%)             -                  -          
[2026-05-06T01:04:04.428+0100][13.137s][info][gc,heap     ] GC(74) Allocated:         -                 0M (0%)            0M (0%)            1M (0%)             -                  -          
[2026-05-06T01:04:04.428+0100][13.137s][info][gc,heap     ] GC(74)   Garbage:         -               476M (12%)          38M (1%)           36M (1%)             -                  -          
[2026-05-06T01:04:04.428+0100][13.137s][info][gc,heap     ] GC(74) Reclaimed:         -                  -               438M (11%)         439M (11%)            -                  -          
[2026-05-06T01:04:04.428+0100][13.137s][info][gc          ] GC(74) Garbage Collection (Proactive) 828M(20%)->390M(10%)
[2026-05-06T01:04:04.921+0100][13.630s][info][gc,start    ] GC(75) Garbage Collection (Proactive)
[2026-05-06T01:04:04.921+0100][13.630s][info][gc,task     ] GC(75) Using 3 workers
[2026-05-06T01:04:04.921+0100][13.630s][info][gc,phases   ] GC(75) Pause Mark Start 0.002ms
[2026-05-06T01:04:04.925+0100][13.634s][info][gc,phases   ] GC(75) Concurrent Mark 4.176ms
[2026-05-06T01:04:04.925+0100][13.634s][info][gc,phases   ] GC(75) Pause Mark End 0.004ms
[2026-05-06T01:04:04.925+0100][13.634s][info][gc,phases   ] GC(75) Concurrent Mark Free 0.000ms
[2026-05-06T01:04:04.927+0100][13.636s][info][gc,phases   ] GC(75) Concurrent Process Non-Strong References 1.729ms
[2026-05-06T01:04:04.927+0100][13.636s][info][gc,phases   ] GC(75) Concurrent Reset Relocation Set 0.000ms
[2026-05-06T01:04:04.927+0100][13.637s][info][gc,phases   ] GC(75) Concurrent Select Relocation Set 0.593ms
[2026-05-06T01:04:04.927+0100][13.637s][info][gc,phases   ] GC(75) Pause Relocate Start 0.002ms
[2026-05-06T01:04:04.928+0100][13.637s][info][gc,phases   ] GC(75) Concurrent Relocate 0.189ms
[2026-05-06T01:04:04.928+0100][13.637s][info][gc,load     ] GC(75) Load: 4.56/4.55/4.24
[2026-05-06T01:04:04.928+0100][13.637s][info][gc,mmu      ] GC(75) MMU: 2ms/98.8%, 5ms/99.5%, 10ms/99.7%, 20ms/99.8%, 50ms/99.9%, 100ms/99.9%
[2026-05-06T01:04:04.928+0100][13.637s][info][gc,marking  ] GC(75) Mark: 2 stripe(s), 2 proactive flush(es), 1 terminate flush(es), 0 completion(s), 0 continuation(s) 
[2026-05-06T01:04:04.928+0100][13.637s][info][gc,marking  ] GC(75) Mark Stack Usage: 32M
[2026-05-06T01:04:04.928+0100][13.637s][info][gc,nmethod  ] GC(75) NMethods: 3895 registered, 746 unregistered
[2026-05-06T01:04:04.928+0100][13.637s][info][gc,metaspace] GC(75) Metaspace: 18M used, 19M committed, 1088M reserved
[2026-05-06T01:04:04.928+0100][13.637s][info][gc,ref      ] GC(75) Soft: 4237 encountered, 0 discovered, 0 enqueued
[2026-05-06T01:04:04.928+0100][13.637s][info][gc,ref      ] GC(75) Weak: 2365 encountered, 999 discovered, 0 enqueued
[2026-05-06T01:04:04.928+0100][13.637s][info][gc,ref      ] GC(75) Final: 6 encountered, 6 discovered, 0 enqueued
[2026-05-06T01:04:04.928+0100][13.637s][info][gc,ref      ] GC(75) Phantom: 270 encountered, 212 discovered, 0 enqueued
[2026-05-06T01:04:04.928+0100][13.637s][info][gc,reloc    ] GC(75) Small Pages: 10 / 20M, Empty: 0M, Relocated: 1M, In-Place: 0
[2026-05-06T01:04:04.928+0100][13.637s][info][gc,reloc    ] GC(75) Medium Pages: 1 / 32M, Empty: 0M, Relocated: 0M, In-Place: 0
[2026-05-06T01:04:04.928+0100][13.637s][info][gc,reloc    ] GC(75) Large Pages: 7 / 776M, Empty: 438M, Relocated: 0M, In-Place: 0
[2026-05-06T01:04:04.928+0100][13.637s][info][gc,reloc    ] GC(75) Forwarding Usage: 0M
[2026-05-06T01:04:04.928+0100][13.637s][info][gc,heap     ] GC(75) Min Capacity: 8M(0%)
[2026-05-06T01:04:04.928+0100][13.637s][info][gc,heap     ] GC(75) Max Capacity: 4096M(100%)
[2026-05-06T01:04:04.928+0100][13.637s][info][gc,heap     ] GC(75) Soft Max Capacity: 4096M(100%)
[2026-05-06T01:04:04.928+0100][13.637s][info][gc,heap     ] GC(75)                Mark Start          Mark End        Relocate Start      Relocate End           High               Low         
[2026-05-06T01:04:04.928+0100][13.637s][info][gc,heap     ] GC(75)  Capacity:     2426M (59%)        2426M (59%)        2426M (59%)        2426M (59%)        2426M (59%)        2426M (59%)    
[2026-05-06T01:04:04.928+0100][13.637s][info][gc,heap     ] GC(75)      Free:     3268M (80%)        3268M (80%)        3706M (90%)        3706M (90%)        3706M (90%)        3268M (80%)    
[2026-05-06T01:04:04.928+0100][13.637s][info][gc,heap     ] GC(75)      Used:      828M (20%)         828M (20%)         390M (10%)         390M (10%)         828M (20%)         390M (10%)    
[2026-05-06T01:04:04.928+0100][13.637s][info][gc,heap     ] GC(75)      Live:         -               351M (9%)          351M (9%)          351M (9%)             -                  -          
[2026-05-06T01:04:04.928+0100][13.637s][info][gc,heap     ] GC(75) Allocated:         -                 0M (0%)            0M (0%)            1M (0%)             -                  -          
[2026-05-06T01:04:04.928+0100][13.637s][info][gc,heap     ] GC(75)   Garbage:         -               476M (12%)          38M (1%)           36M (1%)             -                  -          
[2026-05-06T01:04:04.928+0100][13.637s][info][gc,heap     ] GC(75) Reclaimed:         -                  -               438M (11%)         439M (11%)            -                  -          
[2026-05-06T01:04:04.928+0100][13.637s][info][gc          ] GC(75) Garbage Collection (Proactive) 828M(20%)->390M(10%)
[2026-05-06T01:04:04.934+0100][13.644s][info][gc,start    ] GC(76) Garbage Collection (System.gc())
[2026-05-06T01:04:04.934+0100][13.644s][info][gc,task     ] GC(76) Using 3 workers
[2026-05-06T01:04:04.934+0100][13.644s][info][gc,phases   ] GC(76) Pause Mark Start 0.002ms
[2026-05-06T01:04:04.938+0100][13.648s][info][gc,phases   ] GC(76) Concurrent Mark 4.185ms
[2026-05-06T01:04:04.939+0100][13.648s][info][gc,phases   ] GC(76) Pause Mark End 0.002ms
[2026-05-06T01:04:04.939+0100][13.648s][info][gc,phases   ] GC(76) Concurrent Mark Free 0.000ms
[2026-05-06T01:04:04.940+0100][13.649s][info][gc,phases   ] GC(76) Concurrent Process Non-Strong References 1.460ms
[2026-05-06T01:04:04.940+0100][13.649s][info][gc,phases   ] GC(76) Concurrent Reset Relocation Set 0.000ms
[2026-05-06T01:04:04.941+0100][13.650s][info][gc,phases   ] GC(76) Concurrent Select Relocation Set 0.623ms
[2026-05-06T01:04:04.941+0100][13.650s][info][gc,phases   ] GC(76) Pause Relocate Start 0.002ms
[2026-05-06T01:04:04.941+0100][13.650s][info][gc,phases   ] GC(76) Concurrent Relocate 0.178ms
[2026-05-06T01:04:04.941+0100][13.650s][info][gc,load     ] GC(76) Load: 4.56/4.55/4.24
[2026-05-06T01:04:04.941+0100][13.650s][info][gc,mmu      ] GC(76) MMU: 2ms/98.8%, 5ms/99.5%, 10ms/99.7%, 20ms/99.8%, 50ms/99.9%, 100ms/99.9%
[2026-05-06T01:04:04.941+0100][13.650s][info][gc,marking  ] GC(76) Mark: 2 stripe(s), 1 proactive flush(es), 1 terminate flush(es), 0 completion(s), 0 continuation(s) 
[2026-05-06T01:04:04.941+0100][13.650s][info][gc,marking  ] GC(76) Mark Stack Usage: 32M
[2026-05-06T01:04:04.941+0100][13.650s][info][gc,nmethod  ] GC(76) NMethods: 3895 registered, 746 unregistered
[2026-05-06T01:04:04.941+0100][13.650s][info][gc,metaspace] GC(76) Metaspace: 18M used, 19M committed, 1088M reserved
[2026-05-06T01:04:04.941+0100][13.650s][info][gc,ref      ] GC(76) Soft: 4237 encountered, 0 discovered, 0 enqueued
[2026-05-06T01:04:04.941+0100][13.650s][info][gc,ref      ] GC(76) Weak: 2363 encountered, 1025 discovered, 0 enqueued
[2026-05-06T01:04:04.941+0100][13.650s][info][gc,ref      ] GC(76) Final: 6 encountered, 6 discovered, 0 enqueued
[2026-05-06T01:04:04.941+0100][13.650s][info][gc,ref      ] GC(76) Phantom: 270 encountered, 172 discovered, 0 enqueued
[2026-05-06T01:04:04.941+0100][13.650s][info][gc,reloc    ] GC(76) Small Pages: 10 / 20M, Empty: 2M, Relocated: 1M, In-Place: 0
[2026-05-06T01:04:04.941+0100][13.650s][info][gc,reloc    ] GC(76) Medium Pages: 1 / 32M, Empty: 0M, Relocated: 0M, In-Place: 0
[2026-05-06T01:04:04.941+0100][13.650s][info][gc,reloc    ] GC(76) Large Pages: 4 / 338M, Empty: 146M, Relocated: 0M, In-Place: 0
[2026-05-06T01:04:04.941+0100][13.650s][info][gc,reloc    ] GC(76) Forwarding Usage: 0M
[2026-05-06T01:04:04.941+0100][13.650s][info][gc,heap     ] GC(76) Min Capacity: 8M(0%)
[2026-05-06T01:04:04.941+0100][13.650s][info][gc,heap     ] GC(76) Max Capacity: 4096M(100%)
[2026-05-06T01:04:04.941+0100][13.650s][info][gc,heap     ] GC(76) Soft Max Capacity: 4096M(100%)
[2026-05-06T01:04:04.941+0100][13.650s][info][gc,heap     ] GC(76)                Mark Start          Mark End        Relocate Start      Relocate End           High               Low         
[2026-05-06T01:04:04.941+0100][13.650s][info][gc,heap     ] GC(76)  Capacity:     2426M (59%)        2426M (59%)        2426M (59%)        2426M (59%)        2426M (59%)        2426M (59%)    
[2026-05-06T01:04:04.941+0100][13.650s][info][gc,heap     ] GC(76)      Free:     3706M (90%)        3706M (90%)        3854M (94%)        3854M (94%)        3854M (94%)        3706M (90%)    
[2026-05-06T01:04:04.941+0100][13.650s][info][gc,heap     ] GC(76)      Used:      390M (10%)         390M (10%)         242M (6%)          242M (6%)          390M (10%)         242M (6%)     
[2026-05-06T01:04:04.941+0100][13.650s][info][gc,heap     ] GC(76)      Live:         -               205M (5%)          205M (5%)          205M (5%)             -                  -          
[2026-05-06T01:04:04.941+0100][13.650s][info][gc,heap     ] GC(76) Allocated:         -                 0M (0%)            0M (0%)            0M (0%)             -                  -          
[2026-05-06T01:04:04.941+0100][13.650s][info][gc,heap     ] GC(76)   Garbage:         -               184M (5%)           36M (1%)           36M (1%)             -                  -          
[2026-05-06T01:04:04.941+0100][13.650s][info][gc,heap     ] GC(76) Reclaimed:         -                  -               148M (4%)          148M (4%)             -                  -          
[2026-05-06T01:04:04.941+0100][13.650s][info][gc          ] GC(76) Garbage Collection (System.gc()) 390M(10%)->242M(6%)
[2026-05-06T01:04:05.318+0100][14.028s][info][gc,start    ] GC(77) Garbage Collection (Proactive)
[2026-05-06T01:04:05.318+0100][14.028s][info][gc,task     ] GC(77) Using 3 workers
[2026-05-06T01:04:05.318+0100][14.028s][info][gc,phases   ] GC(77) Pause Mark Start 0.003ms
[2026-05-06T01:04:05.322+0100][14.032s][info][gc,phases   ] GC(77) Concurrent Mark 4.124ms
[2026-05-06T01:04:05.322+0100][14.032s][info][gc,phases   ] GC(77) Pause Mark End 0.005ms
[2026-05-06T01:04:05.322+0100][14.032s][info][gc,phases   ] GC(77) Concurrent Mark Free 0.000ms
[2026-05-06T01:04:05.324+0100][14.034s][info][gc,phases   ] GC(77) Concurrent Process Non-Strong References 1.774ms
[2026-05-06T01:04:05.324+0100][14.034s][info][gc,phases   ] GC(77) Concurrent Reset Relocation Set 0.001ms
[2026-05-06T01:04:05.325+0100][14.034s][info][gc,phases   ] GC(77) Concurrent Select Relocation Set 0.648ms
[2026-05-06T01:04:05.325+0100][14.034s][info][gc,phases   ] GC(77) Pause Relocate Start 0.003ms
[2026-05-06T01:04:05.325+0100][14.035s][info][gc,phases   ] GC(77) Concurrent Relocate 0.187ms
[2026-05-06T01:04:05.325+0100][14.035s][info][gc,load     ] GC(77) Load: 4.56/4.55/4.24
[2026-05-06T01:04:05.325+0100][14.035s][info][gc,mmu      ] GC(77) MMU: 2ms/98.8%, 5ms/99.5%, 10ms/99.7%, 20ms/99.8%, 50ms/99.9%, 100ms/99.9%
[2026-05-06T01:04:05.325+0100][14.035s][info][gc,marking  ] GC(77) Mark: 2 stripe(s), 2 proactive flush(es), 1 terminate flush(es), 0 completion(s), 0 continuation(s) 
[2026-05-06T01:04:05.325+0100][14.035s][info][gc,marking  ] GC(77) Mark Stack Usage: 32M
[2026-05-06T01:04:05.325+0100][14.035s][info][gc,nmethod  ] GC(77) NMethods: 3895 registered, 746 unregistered
[2026-05-06T01:04:05.325+0100][14.035s][info][gc,metaspace] GC(77) Metaspace: 18M used, 19M committed, 1088M reserved
[2026-05-06T01:04:05.325+0100][14.035s][info][gc,ref      ] GC(77) Soft: 4237 encountered, 0 discovered, 0 enqueued
[2026-05-06T01:04:05.325+0100][14.035s][info][gc,ref      ] GC(77) Weak: 2365 encountered, 566 discovered, 0 enqueued
[2026-05-06T01:04:05.325+0100][14.035s][info][gc,ref      ] GC(77) Final: 6 encountered, 0 discovered, 0 enqueued
[2026-05-06T01:04:05.325+0100][14.035s][info][gc,ref      ] GC(77) Phantom: 270 encountered, 145 discovered, 0 enqueued
[2026-05-06T01:04:05.325+0100][14.035s][info][gc,reloc    ] GC(77) Small Pages: 10 / 20M, Empty: 0M, Relocated: 1M, In-Place: 0
[2026-05-06T01:04:05.325+0100][14.035s][info][gc,reloc    ] GC(77) Medium Pages: 1 / 32M, Empty: 0M, Relocated: 0M, In-Place: 0
[2026-05-06T01:04:05.325+0100][14.035s][info][gc,reloc    ] GC(77) Large Pages: 6 / 630M, Empty: 292M, Relocated: 0M, In-Place: 0
[2026-05-06T01:04:05.325+0100][14.035s][info][gc,reloc    ] GC(77) Forwarding Usage: 0M
[2026-05-06T01:04:05.325+0100][14.035s][info][gc,heap     ] GC(77) Min Capacity: 8M(0%)
[2026-05-06T01:04:05.325+0100][14.035s][info][gc,heap     ] GC(77) Max Capacity: 4096M(100%)
[2026-05-06T01:04:05.325+0100][14.035s][info][gc,heap     ] GC(77) Soft Max Capacity: 4096M(100%)
[2026-05-06T01:04:05.325+0100][14.035s][info][gc,heap     ] GC(77)                Mark Start          Mark End        Relocate Start      Relocate End           High               Low         
[2026-05-06T01:04:05.325+0100][14.035s][info][gc,heap     ] GC(77)  Capacity:     2426M (59%)        2426M (59%)        2426M (59%)        2426M (59%)        2426M (59%)        2426M (59%)    
[2026-05-06T01:04:05.325+0100][14.035s][info][gc,heap     ] GC(77)      Free:     3414M (83%)        3414M (83%)        3706M (90%)        3706M (90%)        3706M (90%)        3414M (83%)    
[2026-05-06T01:04:05.325+0100][14.035s][info][gc,heap     ] GC(77)      Used:      682M (17%)         682M (17%)         390M (10%)         390M (10%)         682M (17%)         390M (10%)    
[2026-05-06T01:04:05.325+0100][14.035s][info][gc,heap     ] GC(77)      Live:         -               351M (9%)          351M (9%)          351M (9%)             -                  -          
[2026-05-06T01:04:05.325+0100][14.035s][info][gc,heap     ] GC(77) Allocated:         -                 0M (0%)            0M (0%)            1M (0%)             -                  -          
[2026-05-06T01:04:05.325+0100][14.035s][info][gc,heap     ] GC(77)   Garbage:         -               330M (8%)           38M (1%)           36M (1%)             -                  -          
[2026-05-06T01:04:05.325+0100][14.035s][info][gc,heap     ] GC(77) Reclaimed:         -                  -               292M (7%)          293M (7%)             -                  -          
[2026-05-06T01:04:05.325+0100][14.035s][info][gc          ] GC(77) Garbage Collection (Proactive) 682M(17%)->390M(10%)
[2026-05-06T01:04:05.823+0100][14.532s][info][gc,start    ] GC(78) Garbage Collection (Proactive)
[2026-05-06T01:04:05.823+0100][14.532s][info][gc,task     ] GC(78) Using 3 workers
[2026-05-06T01:04:05.823+0100][14.532s][info][gc,phases   ] GC(78) Pause Mark Start 0.003ms
[2026-05-06T01:04:05.827+0100][14.537s][info][gc,phases   ] GC(78) Concurrent Mark 4.389ms
[2026-05-06T01:04:05.827+0100][14.537s][info][gc,phases   ] GC(78) Pause Mark End 0.004ms
[2026-05-06T01:04:05.827+0100][14.537s][info][gc,phases   ] GC(78) Concurrent Mark Free 0.000ms
[2026-05-06T01:04:05.829+0100][14.539s][info][gc,phases   ] GC(78) Concurrent Process Non-Strong References 1.782ms
[2026-05-06T01:04:05.829+0100][14.539s][info][gc,phases   ] GC(78) Concurrent Reset Relocation Set 0.001ms
[2026-05-06T01:04:05.830+0100][14.539s][info][gc,phases   ] GC(78) Concurrent Select Relocation Set 0.604ms
[2026-05-06T01:04:05.830+0100][14.539s][info][gc,phases   ] GC(78) Pause Relocate Start 0.002ms
[2026-05-06T01:04:05.830+0100][14.539s][info][gc,phases   ] GC(78) Concurrent Relocate 0.193ms
[2026-05-06T01:04:05.830+0100][14.539s][info][gc,load     ] GC(78) Load: 4.56/4.55/4.24
[2026-05-06T01:04:05.830+0100][14.539s][info][gc,mmu      ] GC(78) MMU: 2ms/98.8%, 5ms/99.5%, 10ms/99.7%, 20ms/99.8%, 50ms/99.9%, 100ms/99.9%
[2026-05-06T01:04:05.830+0100][14.539s][info][gc,marking  ] GC(78) Mark: 2 stripe(s), 2 proactive flush(es), 1 terminate flush(es), 0 completion(s), 0 continuation(s) 
[2026-05-06T01:04:05.830+0100][14.539s][info][gc,marking  ] GC(78) Mark Stack Usage: 32M
[2026-05-06T01:04:05.830+0100][14.539s][info][gc,nmethod  ] GC(78) NMethods: 3895 registered, 746 unregistered
[2026-05-06T01:04:05.830+0100][14.539s][info][gc,metaspace] GC(78) Metaspace: 18M used, 19M committed, 1088M reserved
[2026-05-06T01:04:05.830+0100][14.539s][info][gc,ref      ] GC(78) Soft: 4237 encountered, 0 discovered, 0 enqueued
[2026-05-06T01:04:05.830+0100][14.539s][info][gc,ref      ] GC(78) Weak: 2365 encountered, 1202 discovered, 0 enqueued
[2026-05-06T01:04:05.830+0100][14.539s][info][gc,ref      ] GC(78) Final: 6 encountered, 0 discovered, 0 enqueued
[2026-05-06T01:04:05.830+0100][14.539s][info][gc,ref      ] GC(78) Phantom: 270 encountered, 158 discovered, 0 enqueued
[2026-05-06T01:04:05.830+0100][14.539s][info][gc,reloc    ] GC(78) Small Pages: 10 / 20M, Empty: 0M, Relocated: 1M, In-Place: 0
[2026-05-06T01:04:05.830+0100][14.539s][info][gc,reloc    ] GC(78) Medium Pages: 1 / 32M, Empty: 0M, Relocated: 0M, In-Place: 0
[2026-05-06T01:04:05.830+0100][14.539s][info][gc,reloc    ] GC(78) Large Pages: 7 / 776M, Empty: 438M, Relocated: 0M, In-Place: 0
[2026-05-06T01:04:05.830+0100][14.539s][info][gc,reloc    ] GC(78) Forwarding Usage: 0M
[2026-05-06T01:04:05.830+0100][14.539s][info][gc,heap     ] GC(78) Min Capacity: 8M(0%)
[2026-05-06T01:04:05.830+0100][14.539s][info][gc,heap     ] GC(78) Max Capacity: 4096M(100%)
[2026-05-06T01:04:05.830+0100][14.539s][info][gc,heap     ] GC(78) Soft Max Capacity: 4096M(100%)
[2026-05-06T01:04:05.830+0100][14.539s][info][gc,heap     ] GC(78)                Mark Start          Mark End        Relocate Start      Relocate End           High               Low         
[2026-05-06T01:04:05.830+0100][14.539s][info][gc,heap     ] GC(78)  Capacity:     2426M (59%)        2426M (59%)        2426M (59%)        2426M (59%)        2426M (59%)        2426M (59%)    
[2026-05-06T01:04:05.830+0100][14.539s][info][gc,heap     ] GC(78)      Free:     3268M (80%)        3268M (80%)        3706M (90%)        3706M (90%)        3706M (90%)        3268M (80%)    
[2026-05-06T01:04:05.830+0100][14.539s][info][gc,heap     ] GC(78)      Used:      828M (20%)         828M (20%)         390M (10%)         390M (10%)         828M (20%)         390M (10%)    
[2026-05-06T01:04:05.830+0100][14.539s][info][gc,heap     ] GC(78)      Live:         -               351M (9%)          351M (9%)          351M (9%)             -                  -          
[2026-05-06T01:04:05.830+0100][14.539s][info][gc,heap     ] GC(78) Allocated:         -                 0M (0%)            0M (0%)            1M (0%)             -                  -          
[2026-05-06T01:04:05.830+0100][14.539s][info][gc,heap     ] GC(78)   Garbage:         -               476M (12%)          38M (1%)           36M (1%)             -                  -          
[2026-05-06T01:04:05.830+0100][14.539s][info][gc,heap     ] GC(78) Reclaimed:         -                  -               438M (11%)         439M (11%)            -                  -          
[2026-05-06T01:04:05.830+0100][14.540s][info][gc          ] GC(78) Garbage Collection (Proactive) 828M(20%)->390M(10%)
[2026-05-06T01:04:06.318+0100][15.027s][info][gc,start    ] GC(79) Garbage Collection (Proactive)
[2026-05-06T01:04:06.318+0100][15.027s][info][gc,task     ] GC(79) Using 3 workers
[2026-05-06T01:04:06.318+0100][15.028s][info][gc,phases   ] GC(79) Pause Mark Start 0.004ms
[2026-05-06T01:04:06.323+0100][15.033s][info][gc,phases   ] GC(79) Concurrent Mark 5.117ms
[2026-05-06T01:04:06.323+0100][15.033s][info][gc,phases   ] GC(79) Pause Mark End 0.004ms
[2026-05-06T01:04:06.323+0100][15.033s][info][gc,phases   ] GC(79) Concurrent Mark Free 0.000ms
[2026-05-06T01:04:06.325+0100][15.035s][info][gc,phases   ] GC(79) Concurrent Process Non-Strong References 1.816ms
[2026-05-06T01:04:06.325+0100][15.035s][info][gc,phases   ] GC(79) Concurrent Reset Relocation Set 0.001ms
[2026-05-06T01:04:06.326+0100][15.035s][info][gc,phases   ] GC(79) Concurrent Select Relocation Set 0.594ms
[2026-05-06T01:04:06.326+0100][15.035s][info][gc,phases   ] GC(79) Pause Relocate Start 0.003ms
[2026-05-06T01:04:06.326+0100][15.035s][info][gc,phases   ] GC(79) Concurrent Relocate 0.204ms
[2026-05-06T01:04:06.326+0100][15.035s][info][gc,load     ] GC(79) Load: 4.56/4.55/4.24
[2026-05-06T01:04:06.326+0100][15.035s][info][gc,mmu      ] GC(79) MMU: 2ms/98.8%, 5ms/99.5%, 10ms/99.7%, 20ms/99.8%, 50ms/99.9%, 100ms/99.9%
[2026-05-06T01:04:06.326+0100][15.035s][info][gc,marking  ] GC(79) Mark: 2 stripe(s), 2 proactive flush(es), 1 terminate flush(es), 0 completion(s), 0 continuation(s) 
[2026-05-06T01:04:06.326+0100][15.035s][info][gc,marking  ] GC(79) Mark Stack Usage: 32M
[2026-05-06T01:04:06.326+0100][15.035s][info][gc,nmethod  ] GC(79) NMethods: 3895 registered, 746 unregistered
[2026-05-06T01:04:06.326+0100][15.035s][info][gc,metaspace] GC(79) Metaspace: 18M used, 19M committed, 1088M reserved
[2026-05-06T01:04:06.326+0100][15.035s][info][gc,ref      ] GC(79) Soft: 4237 encountered, 0 discovered, 0 enqueued
[2026-05-06T01:04:06.326+0100][15.035s][info][gc,ref      ] GC(79) Weak: 2365 encountered, 553 discovered, 0 enqueued
[2026-05-06T01:04:06.326+0100][15.035s][info][gc,ref      ] GC(79) Final: 6 encountered, 0 discovered, 0 enqueued
[2026-05-06T01:04:06.326+0100][15.035s][info][gc,ref      ] GC(79) Phantom: 270 encountered, 166 discovered, 0 enqueued
[2026-05-06T01:04:06.326+0100][15.035s][info][gc,reloc    ] GC(79) Small Pages: 10 / 20M, Empty: 0M, Relocated: 1M, In-Place: 0
[2026-05-06T01:04:06.326+0100][15.035s][info][gc,reloc    ] GC(79) Medium Pages: 1 / 32M, Empty: 0M, Relocated: 0M, In-Place: 0
[2026-05-06T01:04:06.326+0100][15.036s][info][gc,reloc    ] GC(79) Large Pages: 7 / 776M, Empty: 438M, Relocated: 0M, In-Place: 0
[2026-05-06T01:04:06.326+0100][15.036s][info][gc,reloc    ] GC(79) Forwarding Usage: 0M
[2026-05-06T01:04:06.326+0100][15.036s][info][gc,heap     ] GC(79) Min Capacity: 8M(0%)
[2026-05-06T01:04:06.326+0100][15.036s][info][gc,heap     ] GC(79) Max Capacity: 4096M(100%)
[2026-05-06T01:04:06.326+0100][15.036s][info][gc,heap     ] GC(79) Soft Max Capacity: 4096M(100%)
[2026-05-06T01:04:06.326+0100][15.036s][info][gc,heap     ] GC(79)                Mark Start          Mark End        Relocate Start      Relocate End           High               Low         
[2026-05-06T01:04:06.326+0100][15.036s][info][gc,heap     ] GC(79)  Capacity:     2426M (59%)        2426M (59%)        2426M (59%)        2426M (59%)        2426M (59%)        2426M (59%)    
[2026-05-06T01:04:06.326+0100][15.036s][info][gc,heap     ] GC(79)      Free:     3268M (80%)        3268M (80%)        3706M (90%)        3706M (90%)        3706M (90%)        3268M (80%)    
[2026-05-06T01:04:06.326+0100][15.036s][info][gc,heap     ] GC(79)      Used:      828M (20%)         828M (20%)         390M (10%)         390M (10%)         828M (20%)         390M (10%)    
[2026-05-06T01:04:06.326+0100][15.036s][info][gc,heap     ] GC(79)      Live:         -               351M (9%)          351M (9%)          351M (9%)             -                  -          
[2026-05-06T01:04:06.326+0100][15.036s][info][gc,heap     ] GC(79) Allocated:         -                 0M (0%)            0M (0%)            1M (0%)             -                  -          
[2026-05-06T01:04:06.326+0100][15.036s][info][gc,heap     ] GC(79)   Garbage:         -               476M (12%)          38M (1%)           36M (1%)             -                  -          
[2026-05-06T01:04:06.326+0100][15.036s][info][gc,heap     ] GC(79) Reclaimed:         -                  -               438M (11%)         439M (11%)            -                  -          
[2026-05-06T01:04:06.326+0100][15.036s][info][gc          ] GC(79) Garbage Collection (Proactive) 828M(20%)->390M(10%)
[2026-05-06T01:04:06.821+0100][15.530s][info][gc,start    ] GC(80) Garbage Collection (Proactive)
[2026-05-06T01:04:06.821+0100][15.530s][info][gc,task     ] GC(80) Using 3 workers
[2026-05-06T01:04:06.821+0100][15.530s][info][gc,phases   ] GC(80) Pause Mark Start 0.003ms
[2026-05-06T01:04:06.826+0100][15.536s][info][gc,phases   ] GC(80) Concurrent Mark 5.254ms
[2026-05-06T01:04:06.826+0100][15.536s][info][gc,phases   ] GC(80) Pause Mark End 0.005ms
[2026-05-06T01:04:06.826+0100][15.536s][info][gc,phases   ] GC(80) Concurrent Mark Free 0.000ms
[2026-05-06T01:04:06.828+0100][15.537s][info][gc,phases   ] GC(80) Concurrent Process Non-Strong References 1.848ms
[2026-05-06T01:04:06.828+0100][15.537s][info][gc,phases   ] GC(80) Concurrent Reset Relocation Set 0.000ms
[2026-05-06T01:04:06.829+0100][15.538s][info][gc,phases   ] GC(80) Concurrent Select Relocation Set 0.665ms
[2026-05-06T01:04:06.829+0100][15.538s][info][gc,phases   ] GC(80) Pause Relocate Start 0.002ms
[2026-05-06T01:04:06.829+0100][15.538s][info][gc,phases   ] GC(80) Concurrent Relocate 0.186ms
[2026-05-06T01:04:06.829+0100][15.538s][info][gc,load     ] GC(80) Load: 4.56/4.55/4.24
[2026-05-06T01:04:06.829+0100][15.538s][info][gc,mmu      ] GC(80) MMU: 2ms/98.8%, 5ms/99.5%, 10ms/99.7%, 20ms/99.8%, 50ms/99.9%, 100ms/99.9%
[2026-05-06T01:04:06.829+0100][15.538s][info][gc,marking  ] GC(80) Mark: 2 stripe(s), 2 proactive flush(es), 1 terminate flush(es), 0 completion(s), 0 continuation(s) 
[2026-05-06T01:04:06.829+0100][15.538s][info][gc,marking  ] GC(80) Mark Stack Usage: 32M
[2026-05-06T01:04:06.829+0100][15.538s][info][gc,nmethod  ] GC(80) NMethods: 3898 registered, 746 unregistered
[2026-05-06T01:04:06.829+0100][15.538s][info][gc,metaspace] GC(80) Metaspace: 18M used, 19M committed, 1088M reserved
[2026-05-06T01:04:06.829+0100][15.538s][info][gc,ref      ] GC(80) Soft: 4237 encountered, 0 discovered, 0 enqueued
[2026-05-06T01:04:06.829+0100][15.538s][info][gc,ref      ] GC(80) Weak: 2365 encountered, 1399 discovered, 0 enqueued
[2026-05-06T01:04:06.829+0100][15.538s][info][gc,ref      ] GC(80) Final: 6 encountered, 6 discovered, 0 enqueued
[2026-05-06T01:04:06.829+0100][15.538s][info][gc,ref      ] GC(80) Phantom: 270 encountered, 212 discovered, 0 enqueued
[2026-05-06T01:04:06.829+0100][15.538s][info][gc,reloc    ] GC(80) Small Pages: 10 / 20M, Empty: 0M, Relocated: 1M, In-Place: 0
[2026-05-06T01:04:06.829+0100][15.538s][info][gc,reloc    ] GC(80) Medium Pages: 1 / 32M, Empty: 0M, Relocated: 0M, In-Place: 0
[2026-05-06T01:04:06.829+0100][15.538s][info][gc,reloc    ] GC(80) Large Pages: 7 / 776M, Empty: 584M, Relocated: 0M, In-Place: 0
[2026-05-06T01:04:06.829+0100][15.538s][info][gc,reloc    ] GC(80) Forwarding Usage: 0M
[2026-05-06T01:04:06.829+0100][15.538s][info][gc,heap     ] GC(80) Min Capacity: 8M(0%)
[2026-05-06T01:04:06.829+0100][15.538s][info][gc,heap     ] GC(80) Max Capacity: 4096M(100%)
[2026-05-06T01:04:06.829+0100][15.538s][info][gc,heap     ] GC(80) Soft Max Capacity: 4096M(100%)
[2026-05-06T01:04:06.829+0100][15.538s][info][gc,heap     ] GC(80)                Mark Start          Mark End        Relocate Start      Relocate End           High               Low         
[2026-05-06T01:04:06.829+0100][15.538s][info][gc,heap     ] GC(80)  Capacity:     2426M (59%)        2426M (59%)        2426M (59%)        2426M (59%)        2426M (59%)        2426M (59%)    
[2026-05-06T01:04:06.829+0100][15.538s][info][gc,heap     ] GC(80)      Free:     3268M (80%)        3268M (80%)        3852M (94%)        3852M (94%)        3852M (94%)        3268M (80%)    
[2026-05-06T01:04:06.829+0100][15.538s][info][gc,heap     ] GC(80)      Used:      828M (20%)         828M (20%)         244M (6%)          244M (6%)          828M (20%)         244M (6%)     
[2026-05-06T01:04:06.829+0100][15.538s][info][gc,heap     ] GC(80)      Live:         -               205M (5%)          205M (5%)          205M (5%)             -                  -          
[2026-05-06T01:04:06.829+0100][15.538s][info][gc,heap     ] GC(80) Allocated:         -                 0M (0%)            0M (0%)            1M (0%)             -                  -          
[2026-05-06T01:04:06.829+0100][15.538s][info][gc,heap     ] GC(80)   Garbage:         -               622M (15%)          38M (1%)           36M (1%)             -                  -          
[2026-05-06T01:04:06.829+0100][15.538s][info][gc,heap     ] GC(80) Reclaimed:         -                  -               584M (14%)         585M (14%)            -                  -          
[2026-05-06T01:04:06.829+0100][15.538s][info][gc          ] GC(80) Garbage Collection (Proactive) 828M(20%)->244M(6%)
[2026-05-06T01:04:06.950+0100][15.659s][info][gc,start    ] GC(81) Garbage Collection (System.gc())
[2026-05-06T01:04:06.950+0100][15.659s][info][gc,task     ] GC(81) Using 3 workers
[2026-05-06T01:04:06.950+0100][15.659s][info][gc,phases   ] GC(81) Pause Mark Start 0.002ms
[2026-05-06T01:04:06.954+0100][15.663s][info][gc,phases   ] GC(81) Concurrent Mark 4.284ms
[2026-05-06T01:04:06.954+0100][15.664s][info][gc,phases   ] GC(81) Pause Mark End 0.003ms
[2026-05-06T01:04:06.954+0100][15.664s][info][gc,phases   ] GC(81) Concurrent Mark Free 0.000ms
[2026-05-06T01:04:06.956+0100][15.665s][info][gc,phases   ] GC(81) Concurrent Process Non-Strong References 1.748ms
[2026-05-06T01:04:06.956+0100][15.665s][info][gc,phases   ] GC(81) Concurrent Reset Relocation Set 0.001ms
[2026-05-06T01:04:06.956+0100][15.666s][info][gc,phases   ] GC(81) Concurrent Select Relocation Set 0.585ms
[2026-05-06T01:04:06.957+0100][15.666s][info][gc,phases   ] GC(81) Pause Relocate Start 0.003ms
[2026-05-06T01:04:06.957+0100][15.666s][info][gc,phases   ] GC(81) Concurrent Relocate 0.188ms
[2026-05-06T01:04:06.957+0100][15.666s][info][gc,load     ] GC(81) Load: 4.56/4.55/4.24
[2026-05-06T01:04:06.957+0100][15.666s][info][gc,mmu      ] GC(81) MMU: 2ms/98.8%, 5ms/99.5%, 10ms/99.7%, 20ms/99.8%, 50ms/99.9%, 100ms/99.9%
[2026-05-06T01:04:06.957+0100][15.666s][info][gc,marking  ] GC(81) Mark: 2 stripe(s), 1 proactive flush(es), 1 terminate flush(es), 0 completion(s), 0 continuation(s) 
[2026-05-06T01:04:06.957+0100][15.666s][info][gc,marking  ] GC(81) Mark Stack Usage: 32M
[2026-05-06T01:04:06.957+0100][15.666s][info][gc,nmethod  ] GC(81) NMethods: 3898 registered, 746 unregistered
[2026-05-06T01:04:06.957+0100][15.666s][info][gc,metaspace] GC(81) Metaspace: 18M used, 19M committed, 1088M reserved
[2026-05-06T01:04:06.957+0100][15.666s][info][gc,ref      ] GC(81) Soft: 4237 encountered, 0 discovered, 0 enqueued
[2026-05-06T01:04:06.957+0100][15.666s][info][gc,ref      ] GC(81) Weak: 2363 encountered, 1349 discovered, 0 enqueued
[2026-05-06T01:04:06.957+0100][15.666s][info][gc,ref      ] GC(81) Final: 6 encountered, 6 discovered, 0 enqueued
[2026-05-06T01:04:06.957+0100][15.666s][info][gc,ref      ] GC(81) Phantom: 270 encountered, 166 discovered, 0 enqueued
[2026-05-06T01:04:06.957+0100][15.666s][info][gc,reloc    ] GC(81) Small Pages: 10 / 20M, Empty: 0M, Relocated: 1M, In-Place: 0
[2026-05-06T01:04:06.957+0100][15.666s][info][gc,reloc    ] GC(81) Medium Pages: 1 / 32M, Empty: 0M, Relocated: 0M, In-Place: 0
[2026-05-06T01:04:06.957+0100][15.666s][info][gc,reloc    ] GC(81) Large Pages: 4 / 338M, Empty: 146M, Relocated: 0M, In-Place: 0
[2026-05-06T01:04:06.957+0100][15.666s][info][gc,reloc    ] GC(81) Forwarding Usage: 0M
[2026-05-06T01:04:06.957+0100][15.666s][info][gc,heap     ] GC(81) Min Capacity: 8M(0%)
[2026-05-06T01:04:06.957+0100][15.666s][info][gc,heap     ] GC(81) Max Capacity: 4096M(100%)
[2026-05-06T01:04:06.957+0100][15.666s][info][gc,heap     ] GC(81) Soft Max Capacity: 4096M(100%)
[2026-05-06T01:04:06.957+0100][15.666s][info][gc,heap     ] GC(81)                Mark Start          Mark End        Relocate Start      Relocate End           High               Low         
[2026-05-06T01:04:06.957+0100][15.666s][info][gc,heap     ] GC(81)  Capacity:     2426M (59%)        2426M (59%)        2426M (59%)        2426M (59%)        2426M (59%)        2426M (59%)    
[2026-05-06T01:04:06.957+0100][15.666s][info][gc,heap     ] GC(81)      Free:     3706M (90%)        3706M (90%)        3852M (94%)        3854M (94%)        3854M (94%)        3706M (90%)    
[2026-05-06T01:04:06.957+0100][15.666s][info][gc,heap     ] GC(81)      Used:      390M (10%)         390M (10%)         244M (6%)          242M (6%)          390M (10%)         242M (6%)     
[2026-05-06T01:04:06.957+0100][15.666s][info][gc,heap     ] GC(81)      Live:         -               205M (5%)          205M (5%)          205M (5%)             -                  -          
[2026-05-06T01:04:06.957+0100][15.666s][info][gc,heap     ] GC(81) Allocated:         -                 0M (0%)            0M (0%)            0M (0%)             -                  -          
[2026-05-06T01:04:06.957+0100][15.666s][info][gc,heap     ] GC(81)   Garbage:         -               184M (5%)           38M (1%)           36M (1%)             -                  -          
[2026-05-06T01:04:06.957+0100][15.666s][info][gc,heap     ] GC(81) Reclaimed:         -                  -               146M (4%)          148M (4%)             -                  -          
[2026-05-06T01:04:06.957+0100][15.666s][info][gc          ] GC(81) Garbage Collection (System.gc()) 390M(10%)->242M(6%)
[2026-05-06T01:04:07.421+0100][16.131s][info][gc,start    ] GC(82) Garbage Collection (Proactive)
[2026-05-06T01:04:07.421+0100][16.131s][info][gc,task     ] GC(82) Using 3 workers
[2026-05-06T01:04:07.421+0100][16.131s][info][gc,phases   ] GC(82) Pause Mark Start 0.003ms
[2026-05-06T01:04:07.426+0100][16.135s][info][gc,phases   ] GC(82) Concurrent Mark 4.311ms
[2026-05-06T01:04:07.426+0100][16.135s][info][gc,phases   ] GC(82) Pause Mark End 0.004ms
[2026-05-06T01:04:07.426+0100][16.135s][info][gc,phases   ] GC(82) Concurrent Mark Free 0.000ms
[2026-05-06T01:04:07.428+0100][16.137s][info][gc,phases   ] GC(82) Concurrent Process Non-Strong References 1.806ms
[2026-05-06T01:04:07.428+0100][16.137s][info][gc,phases   ] GC(82) Concurrent Reset Relocation Set 0.001ms
[2026-05-06T01:04:07.428+0100][16.138s][info][gc,phases   ] GC(82) Concurrent Select Relocation Set 0.608ms
[2026-05-06T01:04:07.428+0100][16.138s][info][gc,phases   ] GC(82) Pause Relocate Start 0.003ms
[2026-05-06T01:04:07.429+0100][16.138s][info][gc,phases   ] GC(82) Concurrent Relocate 0.271ms
[2026-05-06T01:04:07.429+0100][16.138s][info][gc,load     ] GC(82) Load: 4.56/4.55/4.24
[2026-05-06T01:04:07.429+0100][16.138s][info][gc,mmu      ] GC(82) MMU: 2ms/98.8%, 5ms/99.5%, 10ms/99.7%, 20ms/99.8%, 50ms/99.9%, 100ms/99.9%
[2026-05-06T01:04:07.429+0100][16.138s][info][gc,marking  ] GC(82) Mark: 2 stripe(s), 2 proactive flush(es), 1 terminate flush(es), 0 completion(s), 0 continuation(s) 
[2026-05-06T01:04:07.429+0100][16.138s][info][gc,marking  ] GC(82) Mark Stack Usage: 32M
[2026-05-06T01:04:07.429+0100][16.138s][info][gc,nmethod  ] GC(82) NMethods: 3898 registered, 746 unregistered
[2026-05-06T01:04:07.429+0100][16.138s][info][gc,metaspace] GC(82) Metaspace: 18M used, 19M committed, 1088M reserved
[2026-05-06T01:04:07.429+0100][16.138s][info][gc,ref      ] GC(82) Soft: 4237 encountered, 0 discovered, 0 enqueued
[2026-05-06T01:04:07.429+0100][16.138s][info][gc,ref      ] GC(82) Weak: 2364 encountered, 1078 discovered, 0 enqueued
[2026-05-06T01:04:07.429+0100][16.138s][info][gc,ref      ] GC(82) Final: 6 encountered, 0 discovered, 0 enqueued
[2026-05-06T01:04:07.429+0100][16.138s][info][gc,ref      ] GC(82) Phantom: 270 encountered, 142 discovered, 0 enqueued
[2026-05-06T01:04:07.429+0100][16.138s][info][gc,reloc    ] GC(82) Small Pages: 10 / 20M, Empty: 0M, Relocated: 1M, In-Place: 0
[2026-05-06T01:04:07.429+0100][16.138s][info][gc,reloc    ] GC(82) Medium Pages: 1 / 32M, Empty: 0M, Relocated: 0M, In-Place: 0
[2026-05-06T01:04:07.429+0100][16.138s][info][gc,reloc    ] GC(82) Large Pages: 6 / 630M, Empty: 292M, Relocated: 0M, In-Place: 0
[2026-05-06T01:04:07.429+0100][16.138s][info][gc,reloc    ] GC(82) Forwarding Usage: 0M
[2026-05-06T01:04:07.429+0100][16.138s][info][gc,heap     ] GC(82) Min Capacity: 8M(0%)
[2026-05-06T01:04:07.429+0100][16.138s][info][gc,heap     ] GC(82) Max Capacity: 4096M(100%)
[2026-05-06T01:04:07.429+0100][16.138s][info][gc,heap     ] GC(82) Soft Max Capacity: 4096M(100%)
[2026-05-06T01:04:07.429+0100][16.138s][info][gc,heap     ] GC(82)                Mark Start          Mark End        Relocate Start      Relocate End           High               Low         
[2026-05-06T01:04:07.429+0100][16.138s][info][gc,heap     ] GC(82)  Capacity:     2426M (59%)        2426M (59%)        2426M (59%)        2426M (59%)        2426M (59%)        2426M (59%)    
[2026-05-06T01:04:07.429+0100][16.138s][info][gc,heap     ] GC(82)      Free:     3414M (83%)        3412M (83%)        3704M (90%)        3706M (90%)        3706M (90%)        3412M (83%)    
[2026-05-06T01:04:07.429+0100][16.138s][info][gc,heap     ] GC(82)      Used:      682M (17%)         684M (17%)         392M (10%)         390M (10%)         684M (17%)         390M (10%)    
[2026-05-06T01:04:07.429+0100][16.138s][info][gc,heap     ] GC(82)      Live:         -               351M (9%)          351M (9%)          351M (9%)             -                  -          
[2026-05-06T01:04:07.429+0100][16.138s][info][gc,heap     ] GC(82) Allocated:         -                 2M (0%)            2M (0%)            1M (0%)             -                  -          
[2026-05-06T01:04:07.429+0100][16.138s][info][gc,heap     ] GC(82)   Garbage:         -               330M (8%)           38M (1%)           36M (1%)             -                  -          
[2026-05-06T01:04:07.429+0100][16.138s][info][gc,heap     ] GC(82) Reclaimed:         -                  -               292M (7%)          293M (7%)             -                  -          
[2026-05-06T01:04:07.429+0100][16.138s][info][gc          ] GC(82) Garbage Collection (Proactive) 682M(17%)->390M(10%)
[2026-05-06T01:04:07.923+0100][16.632s][info][gc,start    ] GC(83) Garbage Collection (Proactive)
[2026-05-06T01:04:07.923+0100][16.632s][info][gc,task     ] GC(83) Using 3 workers
[2026-05-06T01:04:07.923+0100][16.632s][info][gc,phases   ] GC(83) Pause Mark Start 0.003ms
[2026-05-06T01:04:07.927+0100][16.637s][info][gc,phases   ] GC(83) Concurrent Mark 4.535ms
[2026-05-06T01:04:07.927+0100][16.637s][info][gc,phases   ] GC(83) Pause Mark End 0.004ms
[2026-05-06T01:04:07.927+0100][16.637s][info][gc,phases   ] GC(83) Concurrent Mark Free 0.000ms
[2026-05-06T01:04:07.929+0100][16.639s][info][gc,phases   ] GC(83) Concurrent Process Non-Strong References 1.760ms
[2026-05-06T01:04:07.929+0100][16.639s][info][gc,phases   ] GC(83) Concurrent Reset Relocation Set 0.000ms
[2026-05-06T01:04:07.930+0100][16.639s][info][gc,phases   ] GC(83) Concurrent Select Relocation Set 0.652ms
[2026-05-06T01:04:07.930+0100][16.639s][info][gc,phases   ] GC(83) Pause Relocate Start 0.002ms
[2026-05-06T01:04:07.930+0100][16.639s][info][gc,phases   ] GC(83) Concurrent Relocate 0.190ms
[2026-05-06T01:04:07.930+0100][16.639s][info][gc,load     ] GC(83) Load: 4.56/4.55/4.24
[2026-05-06T01:04:07.930+0100][16.639s][info][gc,mmu      ] GC(83) MMU: 2ms/98.8%, 5ms/99.5%, 10ms/99.7%, 20ms/99.8%, 50ms/99.9%, 100ms/99.9%
[2026-05-06T01:04:07.930+0100][16.639s][info][gc,marking  ] GC(83) Mark: 2 stripe(s), 2 proactive flush(es), 1 terminate flush(es), 0 completion(s), 0 continuation(s) 
[2026-05-06T01:04:07.930+0100][16.639s][info][gc,marking  ] GC(83) Mark Stack Usage: 32M
[2026-05-06T01:04:07.930+0100][16.639s][info][gc,nmethod  ] GC(83) NMethods: 3898 registered, 746 unregistered
[2026-05-06T01:04:07.930+0100][16.639s][info][gc,metaspace] GC(83) Metaspace: 18M used, 19M committed, 1088M reserved
[2026-05-06T01:04:07.930+0100][16.639s][info][gc,ref      ] GC(83) Soft: 4237 encountered, 0 discovered, 0 enqueued
[2026-05-06T01:04:07.930+0100][16.639s][info][gc,ref      ] GC(83) Weak: 2365 encountered, 449 discovered, 0 enqueued
[2026-05-06T01:04:07.930+0100][16.639s][info][gc,ref      ] GC(83) Final: 6 encountered, 0 discovered, 0 enqueued
[2026-05-06T01:04:07.930+0100][16.640s][info][gc,ref      ] GC(83) Phantom: 270 encountered, 167 discovered, 0 enqueued
[2026-05-06T01:04:07.930+0100][16.640s][info][gc,reloc    ] GC(83) Small Pages: 10 / 20M, Empty: 0M, Relocated: 1M, In-Place: 0
[2026-05-06T01:04:07.930+0100][16.640s][info][gc,reloc    ] GC(83) Medium Pages: 1 / 32M, Empty: 0M, Relocated: 0M, In-Place: 0
[2026-05-06T01:04:07.930+0100][16.640s][info][gc,reloc    ] GC(83) Large Pages: 7 / 776M, Empty: 584M, Relocated: 0M, In-Place: 0
[2026-05-06T01:04:07.930+0100][16.640s][info][gc,reloc    ] GC(83) Forwarding Usage: 0M
[2026-05-06T01:04:07.930+0100][16.640s][info][gc,heap     ] GC(83) Min Capacity: 8M(0%)
[2026-05-06T01:04:07.930+0100][16.640s][info][gc,heap     ] GC(83) Max Capacity: 4096M(100%)
[2026-05-06T01:04:07.930+0100][16.640s][info][gc,heap     ] GC(83) Soft Max Capacity: 4096M(100%)
[2026-05-06T01:04:07.930+0100][16.640s][info][gc,heap     ] GC(83)                Mark Start          Mark End        Relocate Start      Relocate End           High               Low         
[2026-05-06T01:04:07.930+0100][16.640s][info][gc,heap     ] GC(83)  Capacity:     2426M (59%)        2426M (59%)        2426M (59%)        2426M (59%)        2426M (59%)        2426M (59%)    
[2026-05-06T01:04:07.930+0100][16.640s][info][gc,heap     ] GC(83)      Free:     3268M (80%)        3268M (80%)        3852M (94%)        3852M (94%)        3852M (94%)        3268M (80%)    
[2026-05-06T01:04:07.930+0100][16.640s][info][gc,heap     ] GC(83)      Used:      828M (20%)         828M (20%)         244M (6%)          244M (6%)          828M (20%)         244M (6%)     
[2026-05-06T01:04:07.930+0100][16.640s][info][gc,heap     ] GC(83)      Live:         -               205M (5%)          205M (5%)          205M (5%)             -                  -          
[2026-05-06T01:04:07.930+0100][16.640s][info][gc,heap     ] GC(83) Allocated:         -                 0M (0%)            0M (0%)            1M (0%)             -                  -          
[2026-05-06T01:04:07.930+0100][16.640s][info][gc,heap     ] GC(83)   Garbage:         -               622M (15%)          38M (1%)           36M (1%)             -                  -          
[2026-05-06T01:04:07.930+0100][16.640s][info][gc,heap     ] GC(83) Reclaimed:         -                  -               584M (14%)         585M (14%)            -                  -          
[2026-05-06T01:04:07.930+0100][16.640s][info][gc          ] GC(83) Garbage Collection (Proactive) 828M(20%)->244M(6%)
[2026-05-06T01:04:08.323+0100][17.033s][info][gc,start    ] GC(84) Garbage Collection (Proactive)
[2026-05-06T01:04:08.323+0100][17.033s][info][gc,task     ] GC(84) Using 3 workers
[2026-05-06T01:04:08.323+0100][17.033s][info][gc,phases   ] GC(84) Pause Mark Start 0.003ms
[2026-05-06T01:04:08.328+0100][17.038s][info][gc,phases   ] GC(84) Concurrent Mark 5.001ms
[2026-05-06T01:04:08.329+0100][17.038s][info][gc,phases   ] GC(84) Pause Mark End 0.007ms
[2026-05-06T01:04:08.329+0100][17.038s][info][gc,phases   ] GC(84) Concurrent Mark Free 0.000ms
[2026-05-06T01:04:08.331+0100][17.040s][info][gc,phases   ] GC(84) Concurrent Process Non-Strong References 2.057ms
[2026-05-06T01:04:08.331+0100][17.040s][info][gc,phases   ] GC(84) Concurrent Reset Relocation Set 0.001ms
[2026-05-06T01:04:08.331+0100][17.041s][info][gc,phases   ] GC(84) Concurrent Select Relocation Set 0.669ms
[2026-05-06T01:04:08.331+0100][17.041s][info][gc,phases   ] GC(84) Pause Relocate Start 0.004ms
[2026-05-06T01:04:08.332+0100][17.041s][info][gc,phases   ] GC(84) Concurrent Relocate 0.206ms
[2026-05-06T01:04:08.332+0100][17.041s][info][gc,load     ] GC(84) Load: 4.56/4.55/4.24
[2026-05-06T01:04:08.332+0100][17.041s][info][gc,mmu      ] GC(84) MMU: 2ms/98.8%, 5ms/99.5%, 10ms/99.7%, 20ms/99.8%, 50ms/99.9%, 100ms/99.9%
[2026-05-06T01:04:08.332+0100][17.041s][info][gc,marking  ] GC(84) Mark: 2 stripe(s), 2 proactive flush(es), 1 terminate flush(es), 0 completion(s), 0 continuation(s) 
[2026-05-06T01:04:08.332+0100][17.041s][info][gc,marking  ] GC(84) Mark Stack Usage: 32M
[2026-05-06T01:04:08.332+0100][17.041s][info][gc,nmethod  ] GC(84) NMethods: 3898 registered, 746 unregistered
[2026-05-06T01:04:08.332+0100][17.041s][info][gc,metaspace] GC(84) Metaspace: 18M used, 19M committed, 1088M reserved
[2026-05-06T01:04:08.332+0100][17.041s][info][gc,ref      ] GC(84) Soft: 4237 encountered, 0 discovered, 0 enqueued
[2026-05-06T01:04:08.332+0100][17.041s][info][gc,ref      ] GC(84) Weak: 2365 encountered, 838 discovered, 0 enqueued
[2026-05-06T01:04:08.332+0100][17.041s][info][gc,ref      ] GC(84) Final: 6 encountered, 0 discovered, 0 enqueued
[2026-05-06T01:04:08.332+0100][17.041s][info][gc,ref      ] GC(84) Phantom: 270 encountered, 128 discovered, 0 enqueued
[2026-05-06T01:04:08.332+0100][17.041s][info][gc,reloc    ] GC(84) Small Pages: 10 / 20M, Empty: 0M, Relocated: 1M, In-Place: 0
[2026-05-06T01:04:08.332+0100][17.041s][info][gc,reloc    ] GC(84) Medium Pages: 1 / 32M, Empty: 0M, Relocated: 0M, In-Place: 0
[2026-05-06T01:04:08.332+0100][17.041s][info][gc,reloc    ] GC(84) Large Pages: 6 / 630M, Empty: 292M, Relocated: 0M, In-Place: 0
[2026-05-06T01:04:08.332+0100][17.041s][info][gc,reloc    ] GC(84) Forwarding Usage: 0M
[2026-05-06T01:04:08.332+0100][17.041s][info][gc,heap     ] GC(84) Min Capacity: 8M(0%)
[2026-05-06T01:04:08.332+0100][17.041s][info][gc,heap     ] GC(84) Max Capacity: 4096M(100%)
[2026-05-06T01:04:08.332+0100][17.041s][info][gc,heap     ] GC(84) Soft Max Capacity: 4096M(100%)
[2026-05-06T01:04:08.332+0100][17.041s][info][gc,heap     ] GC(84)                Mark Start          Mark End        Relocate Start      Relocate End           High               Low         
[2026-05-06T01:04:08.332+0100][17.041s][info][gc,heap     ] GC(84)  Capacity:     2426M (59%)        2426M (59%)        2426M (59%)        2426M (59%)        2426M (59%)        2426M (59%)    
[2026-05-06T01:04:08.332+0100][17.041s][info][gc,heap     ] GC(84)      Free:     3414M (83%)        3414M (83%)        3706M (90%)        3706M (90%)        3706M (90%)        3414M (83%)    
[2026-05-06T01:04:08.332+0100][17.041s][info][gc,heap     ] GC(84)      Used:      682M (17%)         682M (17%)         390M (10%)         390M (10%)         682M (17%)         390M (10%)    
[2026-05-06T01:04:08.332+0100][17.041s][info][gc,heap     ] GC(84)      Live:         -               351M (9%)          351M (9%)          351M (9%)             -                  -          
[2026-05-06T01:04:08.332+0100][17.041s][info][gc,heap     ] GC(84) Allocated:         -                 0M (0%)            0M (0%)            1M (0%)             -                  -          
[2026-05-06T01:04:08.332+0100][17.041s][info][gc,heap     ] GC(84)   Garbage:         -               330M (8%)           38M (1%)           36M (1%)             -                  -          
[2026-05-06T01:04:08.332+0100][17.041s][info][gc,heap     ] GC(84) Reclaimed:         -                  -               292M (7%)          293M (7%)             -                  -          
[2026-05-06T01:04:08.332+0100][17.041s][info][gc          ] GC(84) Garbage Collection (Proactive) 682M(17%)->390M(10%)
[2026-05-06T01:04:08.750+0100][17.460s][info][gc,start    ] GC(85) Garbage Collection (System.gc())
[2026-05-06T01:04:08.750+0100][17.460s][info][gc,task     ] GC(85) Using 3 workers
[2026-05-06T01:04:08.751+0100][17.460s][info][gc,phases   ] GC(85) Pause Mark Start 0.003ms
[2026-05-06T01:04:08.755+0100][17.464s][info][gc,phases   ] GC(85) Concurrent Mark 4.456ms
[2026-05-06T01:04:08.755+0100][17.464s][info][gc,phases   ] GC(85) Pause Mark End 0.005ms
[2026-05-06T01:04:08.755+0100][17.464s][info][gc,phases   ] GC(85) Concurrent Mark Free 0.000ms
[2026-05-06T01:04:08.757+0100][17.466s][info][gc,phases   ] GC(85) Concurrent Process Non-Strong References 1.806ms
[2026-05-06T01:04:08.757+0100][17.466s][info][gc,phases   ] GC(85) Concurrent Reset Relocation Set 0.001ms
[2026-05-06T01:04:08.758+0100][17.467s][info][gc,phases   ] GC(85) Concurrent Select Relocation Set 0.682ms
[2026-05-06T01:04:08.758+0100][17.467s][info][gc,phases   ] GC(85) Pause Relocate Start 0.003ms
[2026-05-06T01:04:08.758+0100][17.467s][info][gc,phases   ] GC(85) Concurrent Relocate 0.206ms
[2026-05-06T01:04:08.758+0100][17.467s][info][gc,load     ] GC(85) Load: 4.56/4.55/4.24
[2026-05-06T01:04:08.758+0100][17.467s][info][gc,mmu      ] GC(85) MMU: 2ms/98.8%, 5ms/99.5%, 10ms/99.7%, 20ms/99.8%, 50ms/99.9%, 100ms/99.9%
[2026-05-06T01:04:08.758+0100][17.467s][info][gc,marking  ] GC(85) Mark: 2 stripe(s), 1 proactive flush(es), 1 terminate flush(es), 0 completion(s), 0 continuation(s) 
[2026-05-06T01:04:08.758+0100][17.467s][info][gc,marking  ] GC(85) Mark Stack Usage: 32M
[2026-05-06T01:04:08.758+0100][17.467s][info][gc,nmethod  ] GC(85) NMethods: 3898 registered, 746 unregistered
[2026-05-06T01:04:08.758+0100][17.467s][info][gc,metaspace] GC(85) Metaspace: 18M used, 19M committed, 1088M reserved
[2026-05-06T01:04:08.758+0100][17.467s][info][gc,ref      ] GC(85) Soft: 4237 encountered, 0 discovered, 0 enqueued
[2026-05-06T01:04:08.758+0100][17.467s][info][gc,ref      ] GC(85) Weak: 2363 encountered, 566 discovered, 0 enqueued
[2026-05-06T01:04:08.758+0100][17.467s][info][gc,ref      ] GC(85) Final: 6 encountered, 0 discovered, 0 enqueued
[2026-05-06T01:04:08.758+0100][17.467s][info][gc,ref      ] GC(85) Phantom: 270 encountered, 121 discovered, 0 enqueued
[2026-05-06T01:04:08.758+0100][17.467s][info][gc,reloc    ] GC(85) Small Pages: 10 / 20M, Empty: 0M, Relocated: 1M, In-Place: 0
[2026-05-06T01:04:08.758+0100][17.467s][info][gc,reloc    ] GC(85) Medium Pages: 1 / 32M, Empty: 0M, Relocated: 0M, In-Place: 0
[2026-05-06T01:04:08.758+0100][17.467s][info][gc,reloc    ] GC(85) Large Pages: 8 / 922M, Empty: 730M, Relocated: 0M, In-Place: 0
[2026-05-06T01:04:08.758+0100][17.467s][info][gc,reloc    ] GC(85) Forwarding Usage: 0M
[2026-05-06T01:04:08.758+0100][17.467s][info][gc,heap     ] GC(85) Min Capacity: 8M(0%)
[2026-05-06T01:04:08.758+0100][17.467s][info][gc,heap     ] GC(85) Max Capacity: 4096M(100%)
[2026-05-06T01:04:08.758+0100][17.467s][info][gc,heap     ] GC(85) Soft Max Capacity: 4096M(100%)
[2026-05-06T01:04:08.758+0100][17.467s][info][gc,heap     ] GC(85)                Mark Start          Mark End        Relocate Start      Relocate End           High               Low         
[2026-05-06T01:04:08.758+0100][17.467s][info][gc,heap     ] GC(85)  Capacity:     2426M (59%)        2426M (59%)        2426M (59%)        2426M (59%)        2426M (59%)        2426M (59%)    
[2026-05-06T01:04:08.758+0100][17.467s][info][gc,heap     ] GC(85)      Free:     3122M (76%)        3122M (76%)        3852M (94%)        3854M (94%)        3854M (94%)        3122M (76%)    
[2026-05-06T01:04:08.758+0100][17.467s][info][gc,heap     ] GC(85)      Used:      974M (24%)         974M (24%)         244M (6%)          242M (6%)          974M (24%)         242M (6%)     
[2026-05-06T01:04:08.758+0100][17.467s][info][gc,heap     ] GC(85)      Live:         -               205M (5%)          205M (5%)          205M (5%)             -                  -          
[2026-05-06T01:04:08.758+0100][17.467s][info][gc,heap     ] GC(85) Allocated:         -                 0M (0%)            0M (0%)            0M (0%)             -                  -          
[2026-05-06T01:04:08.758+0100][17.467s][info][gc,heap     ] GC(85)   Garbage:         -               768M (19%)          38M (1%)           36M (1%)             -                  -          
[2026-05-06T01:04:08.758+0100][17.467s][info][gc,heap     ] GC(85) Reclaimed:         -                  -               730M (18%)         732M (18%)            -                  -          
[2026-05-06T01:04:08.758+0100][17.467s][info][gc          ] GC(85) Garbage Collection (System.gc()) 974M(24%)->242M(6%)
[2026-05-06T01:04:09.221+0100][17.930s][info][gc,start    ] GC(86) Garbage Collection (Proactive)
[2026-05-06T01:04:09.221+0100][17.930s][info][gc,task     ] GC(86) Using 3 workers
[2026-05-06T01:04:09.221+0100][17.930s][info][gc,phases   ] GC(86) Pause Mark Start 0.003ms
[2026-05-06T01:04:09.225+0100][17.935s][info][gc,phases   ] GC(86) Concurrent Mark 4.269ms
[2026-05-06T01:04:09.225+0100][17.935s][info][gc,phases   ] GC(86) Pause Mark End 0.005ms
[2026-05-06T01:04:09.225+0100][17.935s][info][gc,phases   ] GC(86) Concurrent Mark Free 0.000ms
[2026-05-06T01:04:09.227+0100][17.937s][info][gc,phases   ] GC(86) Concurrent Process Non-Strong References 2.048ms
[2026-05-06T01:04:09.227+0100][17.937s][info][gc,phases   ] GC(86) Concurrent Reset Relocation Set 0.001ms
[2026-05-06T01:04:09.228+0100][17.937s][info][gc,phases   ] GC(86) Concurrent Select Relocation Set 0.621ms
[2026-05-06T01:04:09.228+0100][17.937s][info][gc,phases   ] GC(86) Pause Relocate Start 0.003ms
[2026-05-06T01:04:09.228+0100][17.938s][info][gc,phases   ] GC(86) Concurrent Relocate 0.207ms
[2026-05-06T01:04:09.228+0100][17.938s][info][gc,load     ] GC(86) Load: 4.56/4.55/4.24
[2026-05-06T01:04:09.228+0100][17.938s][info][gc,mmu      ] GC(86) MMU: 2ms/98.8%, 5ms/99.5%, 10ms/99.7%, 20ms/99.8%, 50ms/99.9%, 100ms/99.9%
[2026-05-06T01:04:09.228+0100][17.938s][info][gc,marking  ] GC(86) Mark: 2 stripe(s), 3 proactive flush(es), 1 terminate flush(es), 0 completion(s), 0 continuation(s) 
[2026-05-06T01:04:09.228+0100][17.938s][info][gc,marking  ] GC(86) Mark Stack Usage: 32M
[2026-05-06T01:04:09.228+0100][17.938s][info][gc,nmethod  ] GC(86) NMethods: 3899 registered, 746 unregistered
[2026-05-06T01:04:09.228+0100][17.938s][info][gc,metaspace] GC(86) Metaspace: 18M used, 19M committed, 1088M reserved
[2026-05-06T01:04:09.228+0100][17.938s][info][gc,ref      ] GC(86) Soft: 4237 encountered, 0 discovered, 0 enqueued
[2026-05-06T01:04:09.228+0100][17.938s][info][gc,ref      ] GC(86) Weak: 2365 encountered, 481 discovered, 0 enqueued
[2026-05-06T01:04:09.228+0100][17.938s][info][gc,ref      ] GC(86) Final: 6 encountered, 5 discovered, 0 enqueued
[2026-05-06T01:04:09.228+0100][17.938s][info][gc,ref      ] GC(86) Phantom: 270 encountered, 208 discovered, 0 enqueued
[2026-05-06T01:04:09.228+0100][17.938s][info][gc,reloc    ] GC(86) Small Pages: 10 / 20M, Empty: 0M, Relocated: 1M, In-Place: 0
[2026-05-06T01:04:09.228+0100][17.938s][info][gc,reloc    ] GC(86) Medium Pages: 1 / 32M, Empty: 0M, Relocated: 0M, In-Place: 0
[2026-05-06T01:04:09.228+0100][17.938s][info][gc,reloc    ] GC(86) Large Pages: 9 / 1068M, Empty: 730M, Relocated: 0M, In-Place: 0
[2026-05-06T01:04:09.228+0100][17.938s][info][gc,reloc    ] GC(86) Forwarding Usage: 0M
[2026-05-06T01:04:09.228+0100][17.938s][info][gc,heap     ] GC(86) Min Capacity: 8M(0%)
[2026-05-06T01:04:09.228+0100][17.938s][info][gc,heap     ] GC(86) Max Capacity: 4096M(100%)
[2026-05-06T01:04:09.228+0100][17.938s][info][gc,heap     ] GC(86) Soft Max Capacity: 4096M(100%)
[2026-05-06T01:04:09.228+0100][17.938s][info][gc,heap     ] GC(86)                Mark Start          Mark End        Relocate Start      Relocate End           High               Low         
[2026-05-06T01:04:09.228+0100][17.938s][info][gc,heap     ] GC(86)  Capacity:     2426M (59%)        2426M (59%)        2426M (59%)        2426M (59%)        2426M (59%)        2426M (59%)    
[2026-05-06T01:04:09.228+0100][17.938s][info][gc,heap     ] GC(86)      Free:     2976M (73%)        2976M (73%)        3706M (90%)        3706M (90%)        3706M (90%)        2976M (73%)    
[2026-05-06T01:04:09.228+0100][17.938s][info][gc,heap     ] GC(86)      Used:     1120M (27%)        1120M (27%)         390M (10%)         390M (10%)        1120M (27%)         390M (10%)    
[2026-05-06T01:04:09.228+0100][17.938s][info][gc,heap     ] GC(86)      Live:         -               351M (9%)          351M (9%)          351M (9%)             -                  -          
[2026-05-06T01:04:09.228+0100][17.938s][info][gc,heap     ] GC(86) Allocated:         -                 0M (0%)            0M (0%)            1M (0%)             -                  -          
[2026-05-06T01:04:09.228+0100][17.938s][info][gc,heap     ] GC(86)   Garbage:         -               768M (19%)          38M (1%)           36M (1%)             -                  -          
[2026-05-06T01:04:09.228+0100][17.938s][info][gc,heap     ] GC(86) Reclaimed:         -                  -               730M (18%)         731M (18%)            -                  -          
[2026-05-06T01:04:09.228+0100][17.938s][info][gc          ] GC(86) Garbage Collection (Proactive) 1120M(27%)->390M(10%)
[2026-05-06T01:04:09.723+0100][18.432s][info][gc,start    ] GC(87) Garbage Collection (Proactive)
[2026-05-06T01:04:09.723+0100][18.432s][info][gc,task     ] GC(87) Using 3 workers
[2026-05-06T01:04:09.723+0100][18.432s][info][gc,phases   ] GC(87) Pause Mark Start 0.003ms
[2026-05-06T01:04:09.727+0100][18.437s][info][gc,phases   ] GC(87) Concurrent Mark 4.505ms
[2026-05-06T01:04:09.727+0100][18.437s][info][gc,phases   ] GC(87) Pause Mark End 0.005ms
[2026-05-06T01:04:09.727+0100][18.437s][info][gc,phases   ] GC(87) Concurrent Mark Free 0.000ms
[2026-05-06T01:04:09.729+0100][18.439s][info][gc,phases   ] GC(87) Concurrent Process Non-Strong References 1.818ms
[2026-05-06T01:04:09.729+0100][18.439s][info][gc,phases   ] GC(87) Concurrent Reset Relocation Set 0.001ms
[2026-05-06T01:04:09.730+0100][18.439s][info][gc,phases   ] GC(87) Concurrent Select Relocation Set 0.610ms
[2026-05-06T01:04:09.730+0100][18.439s][info][gc,phases   ] GC(87) Pause Relocate Start 0.002ms
[2026-05-06T01:04:09.730+0100][18.439s][info][gc,phases   ] GC(87) Concurrent Relocate 0.206ms
[2026-05-06T01:04:09.730+0100][18.439s][info][gc,load     ] GC(87) Load: 4.56/4.55/4.24
[2026-05-06T01:04:09.730+0100][18.439s][info][gc,mmu      ] GC(87) MMU: 2ms/98.8%, 5ms/99.5%, 10ms/99.7%, 20ms/99.8%, 50ms/99.9%, 100ms/99.9%
[2026-05-06T01:04:09.730+0100][18.440s][info][gc,marking  ] GC(87) Mark: 2 stripe(s), 2 proactive flush(es), 1 terminate flush(es), 0 completion(s), 0 continuation(s) 
[2026-05-06T01:04:09.730+0100][18.440s][info][gc,marking  ] GC(87) Mark Stack Usage: 32M
[2026-05-06T01:04:09.730+0100][18.440s][info][gc,nmethod  ] GC(87) NMethods: 3899 registered, 746 unregistered
[2026-05-06T01:04:09.730+0100][18.440s][info][gc,metaspace] GC(87) Metaspace: 18M used, 19M committed, 1088M reserved
[2026-05-06T01:04:09.730+0100][18.440s][info][gc,ref      ] GC(87) Soft: 4237 encountered, 0 discovered, 0 enqueued
[2026-05-06T01:04:09.730+0100][18.440s][info][gc,ref      ] GC(87) Weak: 2366 encountered, 432 discovered, 0 enqueued
[2026-05-06T01:04:09.730+0100][18.440s][info][gc,ref      ] GC(87) Final: 6 encountered, 0 discovered, 0 enqueued
[2026-05-06T01:04:09.730+0100][18.440s][info][gc,ref      ] GC(87) Phantom: 270 encountered, 132 discovered, 0 enqueued
[2026-05-06T01:04:09.730+0100][18.440s][info][gc,reloc    ] GC(87) Small Pages: 10 / 20M, Empty: 0M, Relocated: 1M, In-Place: 0
[2026-05-06T01:04:09.730+0100][18.440s][info][gc,reloc    ] GC(87) Medium Pages: 1 / 32M, Empty: 0M, Relocated: 0M, In-Place: 0
[2026-05-06T01:04:09.730+0100][18.440s][info][gc,reloc    ] GC(87) Large Pages: 10 / 1214M, Empty: 876M, Relocated: 0M, In-Place: 0
[2026-05-06T01:04:09.730+0100][18.440s][info][gc,reloc    ] GC(87) Forwarding Usage: 0M
[2026-05-06T01:04:09.730+0100][18.440s][info][gc,heap     ] GC(87) Min Capacity: 8M(0%)
[2026-05-06T01:04:09.730+0100][18.440s][info][gc,heap     ] GC(87) Max Capacity: 4096M(100%)
[2026-05-06T01:04:09.730+0100][18.440s][info][gc,heap     ] GC(87) Soft Max Capacity: 4096M(100%)
[2026-05-06T01:04:09.730+0100][18.440s][info][gc,heap     ] GC(87)                Mark Start          Mark End        Relocate Start      Relocate End           High               Low         
[2026-05-06T01:04:09.730+0100][18.440s][info][gc,heap     ] GC(87)  Capacity:     2426M (59%)        2426M (59%)        2426M (59%)        2426M (59%)        2426M (59%)        2426M (59%)    
[2026-05-06T01:04:09.730+0100][18.440s][info][gc,heap     ] GC(87)      Free:     2830M (69%)        2830M (69%)        3706M (90%)        3706M (90%)        3706M (90%)        2830M (69%)    
[2026-05-06T01:04:09.730+0100][18.440s][info][gc,heap     ] GC(87)      Used:     1266M (31%)        1266M (31%)         390M (10%)         390M (10%)        1266M (31%)         390M (10%)    
[2026-05-06T01:04:09.730+0100][18.440s][info][gc,heap     ] GC(87)      Live:         -               351M (9%)          351M (9%)          351M (9%)             -                  -          
[2026-05-06T01:04:09.730+0100][18.440s][info][gc,heap     ] GC(87) Allocated:         -                 0M (0%)            0M (0%)            1M (0%)             -                  -          
[2026-05-06T01:04:09.730+0100][18.440s][info][gc,heap     ] GC(87)   Garbage:         -               914M (22%)          38M (1%)           36M (1%)             -                  -          
[2026-05-06T01:04:09.730+0100][18.440s][info][gc,heap     ] GC(87) Reclaimed:         -                  -               876M (21%)         877M (21%)            -                  -          
[2026-05-06T01:04:09.730+0100][18.440s][info][gc          ] GC(87) Garbage Collection (Proactive) 1266M(31%)->390M(10%)
[2026-05-06T01:04:09.810+0100][18.520s][info][gc,start    ] GC(88) Garbage Collection (System.gc())
[2026-05-06T01:04:09.810+0100][18.520s][info][gc,task     ] GC(88) Using 3 workers
[2026-05-06T01:04:09.810+0100][18.520s][info][gc,phases   ] GC(88) Pause Mark Start 0.003ms
[2026-05-06T01:04:09.814+0100][18.524s][info][gc,phases   ] GC(88) Concurrent Mark 3.981ms
[2026-05-06T01:04:09.814+0100][18.524s][info][gc,phases   ] GC(88) Pause Mark End 0.003ms
[2026-05-06T01:04:09.814+0100][18.524s][info][gc,phases   ] GC(88) Concurrent Mark Free 0.000ms
[2026-05-06T01:04:09.816+0100][18.526s][info][gc,phases   ] GC(88) Concurrent Process Non-Strong References 1.778ms
[2026-05-06T01:04:09.816+0100][18.526s][info][gc,phases   ] GC(88) Concurrent Reset Relocation Set 0.001ms
[2026-05-06T01:04:09.817+0100][18.526s][info][gc,phases   ] GC(88) Concurrent Select Relocation Set 0.664ms
[2026-05-06T01:04:09.817+0100][18.526s][info][gc,phases   ] GC(88) Pause Relocate Start 0.002ms
[2026-05-06T01:04:09.817+0100][18.526s][info][gc,phases   ] GC(88) Concurrent Relocate 0.191ms
[2026-05-06T01:04:09.817+0100][18.526s][info][gc,load     ] GC(88) Load: 4.56/4.55/4.24
[2026-05-06T01:04:09.817+0100][18.526s][info][gc,mmu      ] GC(88) MMU: 2ms/98.8%, 5ms/99.5%, 10ms/99.7%, 20ms/99.8%, 50ms/99.9%, 100ms/99.9%
[2026-05-06T01:04:09.817+0100][18.526s][info][gc,marking  ] GC(88) Mark: 2 stripe(s), 1 proactive flush(es), 1 terminate flush(es), 0 completion(s), 0 continuation(s) 
[2026-05-06T01:04:09.817+0100][18.526s][info][gc,marking  ] GC(88) Mark Stack Usage: 32M
[2026-05-06T01:04:09.817+0100][18.526s][info][gc,nmethod  ] GC(88) NMethods: 3899 registered, 746 unregistered
[2026-05-06T01:04:09.817+0100][18.526s][info][gc,metaspace] GC(88) Metaspace: 18M used, 19M committed, 1088M reserved
[2026-05-06T01:04:09.817+0100][18.527s][info][gc,ref      ] GC(88) Soft: 4237 encountered, 0 discovered, 0 enqueued
[2026-05-06T01:04:09.817+0100][18.527s][info][gc,ref      ] GC(88) Weak: 2363 encountered, 1172 discovered, 0 enqueued
[2026-05-06T01:04:09.817+0100][18.527s][info][gc,ref      ] GC(88) Final: 6 encountered, 0 discovered, 0 enqueued
[2026-05-06T01:04:09.817+0100][18.527s][info][gc,ref      ] GC(88) Phantom: 270 encountered, 161 discovered, 0 enqueued
[2026-05-06T01:04:09.817+0100][18.527s][info][gc,reloc    ] GC(88) Small Pages: 10 / 20M, Empty: 2M, Relocated: 1M, In-Place: 0
[2026-05-06T01:04:09.817+0100][18.527s][info][gc,reloc    ] GC(88) Medium Pages: 1 / 32M, Empty: 0M, Relocated: 0M, In-Place: 0
[2026-05-06T01:04:09.817+0100][18.527s][info][gc,reloc    ] GC(88) Large Pages: 5 / 484M, Empty: 292M, Relocated: 0M, In-Place: 0
[2026-05-06T01:04:09.817+0100][18.527s][info][gc,reloc    ] GC(88) Forwarding Usage: 0M
[2026-05-06T01:04:09.817+0100][18.527s][info][gc,heap     ] GC(88) Min Capacity: 8M(0%)
[2026-05-06T01:04:09.817+0100][18.527s][info][gc,heap     ] GC(88) Max Capacity: 4096M(100%)
[2026-05-06T01:04:09.817+0100][18.527s][info][gc,heap     ] GC(88) Soft Max Capacity: 4096M(100%)
[2026-05-06T01:04:09.817+0100][18.527s][info][gc,heap     ] GC(88)                Mark Start          Mark End        Relocate Start      Relocate End           High               Low         
[2026-05-06T01:04:09.817+0100][18.527s][info][gc,heap     ] GC(88)  Capacity:     2426M (59%)        2426M (59%)        2426M (59%)        2426M (59%)        2426M (59%)        2426M (59%)    
[2026-05-06T01:04:09.817+0100][18.527s][info][gc,heap     ] GC(88)      Free:     3560M (87%)        3560M (87%)        3854M (94%)        3854M (94%)        3854M (94%)        3560M (87%)    
[2026-05-06T01:04:09.817+0100][18.527s][info][gc,heap     ] GC(88)      Used:      536M (13%)         536M (13%)         242M (6%)          242M (6%)          536M (13%)         242M (6%)     
[2026-05-06T01:04:09.817+0100][18.527s][info][gc,heap     ] GC(88)      Live:         -               205M (5%)          205M (5%)          205M (5%)             -                  -          
[2026-05-06T01:04:09.817+0100][18.527s][info][gc,heap     ] GC(88) Allocated:         -                 0M (0%)            0M (0%)            0M (0%)             -                  -          
[2026-05-06T01:04:09.817+0100][18.527s][info][gc,heap     ] GC(88)   Garbage:         -               330M (8%)           36M (1%)           36M (1%)             -                  -          
[2026-05-06T01:04:09.817+0100][18.527s][info][gc,heap     ] GC(88) Reclaimed:         -                  -               294M (7%)          294M (7%)             -                  -          
[2026-05-06T01:04:09.817+0100][18.527s][info][gc          ] GC(88) Garbage Collection (System.gc()) 536M(13%)->242M(6%)
[2026-05-06T01:04:10.221+0100][18.930s][info][gc,start    ] GC(89) Garbage Collection (Proactive)
[2026-05-06T01:04:10.221+0100][18.930s][info][gc,task     ] GC(89) Using 3 workers
[2026-05-06T01:04:10.221+0100][18.930s][info][gc,phases   ] GC(89) Pause Mark Start 0.003ms
[2026-05-06T01:04:10.226+0100][18.935s][info][gc,phases   ] GC(89) Concurrent Mark 5.220ms
[2026-05-06T01:04:10.226+0100][18.936s][info][gc,phases   ] GC(89) Pause Mark End 0.006ms
[2026-05-06T01:04:10.226+0100][18.936s][info][gc,phases   ] GC(89) Concurrent Mark Free 0.000ms
[2026-05-06T01:04:10.228+0100][18.937s][info][gc,phases   ] GC(89) Concurrent Process Non-Strong References 1.889ms
[2026-05-06T01:04:10.228+0100][18.937s][info][gc,phases   ] GC(89) Concurrent Reset Relocation Set 0.000ms
[2026-05-06T01:04:10.229+0100][18.938s][info][gc,phases   ] GC(89) Concurrent Select Relocation Set 0.684ms
[2026-05-06T01:04:10.229+0100][18.938s][info][gc,phases   ] GC(89) Pause Relocate Start 0.002ms
[2026-05-06T01:04:10.229+0100][18.938s][info][gc,phases   ] GC(89) Concurrent Relocate 0.203ms
[2026-05-06T01:04:10.229+0100][18.938s][info][gc,load     ] GC(89) Load: 4.52/4.54/4.24
[2026-05-06T01:04:10.229+0100][18.938s][info][gc,mmu      ] GC(89) MMU: 2ms/98.8%, 5ms/99.5%, 10ms/99.7%, 20ms/99.8%, 50ms/99.9%, 100ms/99.9%
[2026-05-06T01:04:10.229+0100][18.938s][info][gc,marking  ] GC(89) Mark: 2 stripe(s), 2 proactive flush(es), 1 terminate flush(es), 0 completion(s), 0 continuation(s) 
[2026-05-06T01:04:10.229+0100][18.938s][info][gc,marking  ] GC(89) Mark Stack Usage: 32M
[2026-05-06T01:04:10.229+0100][18.938s][info][gc,nmethod  ] GC(89) NMethods: 3900 registered, 746 unregistered
[2026-05-06T01:04:10.229+0100][18.938s][info][gc,metaspace] GC(89) Metaspace: 18M used, 19M committed, 1088M reserved
[2026-05-06T01:04:10.229+0100][18.938s][info][gc,ref      ] GC(89) Soft: 4237 encountered, 0 discovered, 0 enqueued
[2026-05-06T01:04:10.229+0100][18.938s][info][gc,ref      ] GC(89) Weak: 2366 encountered, 1351 discovered, 0 enqueued
[2026-05-06T01:04:10.229+0100][18.938s][info][gc,ref      ] GC(89) Final: 6 encountered, 0 discovered, 0 enqueued
[2026-05-06T01:04:10.229+0100][18.938s][info][gc,ref      ] GC(89) Phantom: 270 encountered, 195 discovered, 0 enqueued
[2026-05-06T01:04:10.229+0100][18.938s][info][gc,reloc    ] GC(89) Small Pages: 11 / 22M, Empty: 0M, Relocated: 1M, In-Place: 0
[2026-05-06T01:04:10.229+0100][18.938s][info][gc,reloc    ] GC(89) Medium Pages: 1 / 32M, Empty: 0M, Relocated: 0M, In-Place: 0
[2026-05-06T01:04:10.229+0100][18.938s][info][gc,reloc    ] GC(89) Large Pages: 8 / 922M, Empty: 730M, Relocated: 0M, In-Place: 0
[2026-05-06T01:04:10.229+0100][18.938s][info][gc,reloc    ] GC(89) Forwarding Usage: 0M
[2026-05-06T01:04:10.229+0100][18.938s][info][gc,heap     ] GC(89) Min Capacity: 8M(0%)
[2026-05-06T01:04:10.229+0100][18.938s][info][gc,heap     ] GC(89) Max Capacity: 4096M(100%)
[2026-05-06T01:04:10.229+0100][18.939s][info][gc,heap     ] GC(89) Soft Max Capacity: 4096M(100%)
[2026-05-06T01:04:10.229+0100][18.939s][info][gc,heap     ] GC(89)                Mark Start          Mark End        Relocate Start      Relocate End           High               Low         
[2026-05-06T01:04:10.229+0100][18.939s][info][gc,heap     ] GC(89)  Capacity:     2426M (59%)        2426M (59%)        2426M (59%)        2426M (59%)        2426M (59%)        2426M (59%)    
[2026-05-06T01:04:10.229+0100][18.939s][info][gc,heap     ] GC(89)      Free:     3120M (76%)        3120M (76%)        3850M (94%)        3852M (94%)        3852M (94%)        3120M (76%)    
[2026-05-06T01:04:10.229+0100][18.939s][info][gc,heap     ] GC(89)      Used:      976M (24%)         976M (24%)         246M (6%)          244M (6%)          976M (24%)         244M (6%)     
[2026-05-06T01:04:10.229+0100][18.939s][info][gc,heap     ] GC(89)      Live:         -               205M (5%)          205M (5%)          205M (5%)             -                  -          
[2026-05-06T01:04:10.229+0100][18.939s][info][gc,heap     ] GC(89) Allocated:         -                 0M (0%)            0M (0%)            1M (0%)             -                  -          
[2026-05-06T01:04:10.229+0100][18.939s][info][gc,heap     ] GC(89)   Garbage:         -               770M (19%)          40M (1%)           36M (1%)             -                  -          
[2026-05-06T01:04:10.229+0100][18.939s][info][gc,heap     ] GC(89) Reclaimed:         -                  -               730M (18%)         733M (18%)            -                  -          
[2026-05-06T01:04:10.229+0100][18.939s][info][gc          ] GC(89) Garbage Collection (Proactive) 976M(24%)->244M(6%)
[2026-05-06T01:04:10.723+0100][19.432s][info][gc,start    ] GC(90) Garbage Collection (Proactive)
[2026-05-06T01:04:10.723+0100][19.432s][info][gc,task     ] GC(90) Using 3 workers
[2026-05-06T01:04:10.723+0100][19.432s][info][gc,phases   ] GC(90) Pause Mark Start 0.003ms
[2026-05-06T01:04:10.727+0100][19.437s][info][gc,phases   ] GC(90) Concurrent Mark 4.272ms
[2026-05-06T01:04:10.727+0100][19.437s][info][gc,phases   ] GC(90) Pause Mark End 0.005ms
[2026-05-06T01:04:10.727+0100][19.437s][info][gc,phases   ] GC(90) Concurrent Mark Free 0.000ms
[2026-05-06T01:04:10.729+0100][19.438s][info][gc,phases   ] GC(90) Concurrent Process Non-Strong References 1.770ms
[2026-05-06T01:04:10.729+0100][19.438s][info][gc,phases   ] GC(90) Concurrent Reset Relocation Set 0.001ms
[2026-05-06T01:04:10.730+0100][19.439s][info][gc,phases   ] GC(90) Concurrent Select Relocation Set 0.607ms
[2026-05-06T01:04:10.730+0100][19.439s][info][gc,phases   ] GC(90) Pause Relocate Start 0.002ms
[2026-05-06T01:04:10.730+0100][19.439s][info][gc,phases   ] GC(90) Concurrent Relocate 0.208ms
[2026-05-06T01:04:10.730+0100][19.439s][info][gc,load     ] GC(90) Load: 4.52/4.54/4.24
[2026-05-06T01:04:10.730+0100][19.439s][info][gc,mmu      ] GC(90) MMU: 2ms/98.8%, 5ms/99.5%, 10ms/99.7%, 20ms/99.8%, 50ms/99.9%, 100ms/99.9%
[2026-05-06T01:04:10.730+0100][19.439s][info][gc,marking  ] GC(90) Mark: 2 stripe(s), 2 proactive flush(es), 1 terminate flush(es), 0 completion(s), 0 continuation(s) 
[2026-05-06T01:04:10.730+0100][19.439s][info][gc,marking  ] GC(90) Mark Stack Usage: 32M
[2026-05-06T01:04:10.730+0100][19.439s][info][gc,nmethod  ] GC(90) NMethods: 3899 registered, 747 unregistered
[2026-05-06T01:04:10.730+0100][19.439s][info][gc,metaspace] GC(90) Metaspace: 18M used, 19M committed, 1088M reserved
[2026-05-06T01:04:10.730+0100][19.439s][info][gc,ref      ] GC(90) Soft: 4237 encountered, 0 discovered, 0 enqueued
[2026-05-06T01:04:10.730+0100][19.439s][info][gc,ref      ] GC(90) Weak: 2366 encountered, 1321 discovered, 0 enqueued
[2026-05-06T01:04:10.730+0100][19.439s][info][gc,ref      ] GC(90) Final: 6 encountered, 6 discovered, 0 enqueued
[2026-05-06T01:04:10.730+0100][19.439s][info][gc,ref      ] GC(90) Phantom: 270 encountered, 195 discovered, 0 enqueued
[2026-05-06T01:04:10.730+0100][19.439s][info][gc,reloc    ] GC(90) Small Pages: 11 / 22M, Empty: 0M, Relocated: 1M, In-Place: 0
[2026-05-06T01:04:10.730+0100][19.439s][info][gc,reloc    ] GC(90) Medium Pages: 1 / 32M, Empty: 0M, Relocated: 0M, In-Place: 0
[2026-05-06T01:04:10.730+0100][19.439s][info][gc,reloc    ] GC(90) Large Pages: 9 / 1068M, Empty: 876M, Relocated: 0M, In-Place: 0
[2026-05-06T01:04:10.730+0100][19.439s][info][gc,reloc    ] GC(90) Forwarding Usage: 0M
[2026-05-06T01:04:10.730+0100][19.439s][info][gc,heap     ] GC(90) Min Capacity: 8M(0%)
[2026-05-06T01:04:10.730+0100][19.439s][info][gc,heap     ] GC(90) Max Capacity: 4096M(100%)
[2026-05-06T01:04:10.730+0100][19.439s][info][gc,heap     ] GC(90) Soft Max Capacity: 4096M(100%)
[2026-05-06T01:04:10.730+0100][19.439s][info][gc,heap     ] GC(90)                Mark Start          Mark End        Relocate Start      Relocate End           High               Low         
[2026-05-06T01:04:10.730+0100][19.439s][info][gc,heap     ] GC(90)  Capacity:     2426M (59%)        2426M (59%)        2426M (59%)        2426M (59%)        2426M (59%)        2426M (59%)    
[2026-05-06T01:04:10.730+0100][19.439s][info][gc,heap     ] GC(90)      Free:     2974M (73%)        2974M (73%)        3850M (94%)        3852M (94%)        3852M (94%)        2974M (73%)    
[2026-05-06T01:04:10.730+0100][19.439s][info][gc,heap     ] GC(90)      Used:     1122M (27%)        1122M (27%)         246M (6%)          244M (6%)         1122M (27%)         244M (6%)     
[2026-05-06T01:04:10.730+0100][19.439s][info][gc,heap     ] GC(90)      Live:         -               205M (5%)          205M (5%)          205M (5%)             -                  -          
[2026-05-06T01:04:10.730+0100][19.439s][info][gc,heap     ] GC(90) Allocated:         -                 0M (0%)            0M (0%)            1M (0%)             -                  -          
[2026-05-06T01:04:10.730+0100][19.439s][info][gc,heap     ] GC(90)   Garbage:         -               916M (22%)          40M (1%)           36M (1%)             -                  -          
[2026-05-06T01:04:10.730+0100][19.439s][info][gc,heap     ] GC(90) Reclaimed:         -                  -               876M (21%)         879M (21%)            -                  -          
[2026-05-06T01:04:10.730+0100][19.439s][info][gc          ] GC(90) Garbage Collection (Proactive) 1122M(27%)->244M(6%)
[2026-05-06T01:04:10.858+0100][19.567s][info][gc,start    ] GC(91) Garbage Collection (System.gc())
[2026-05-06T01:04:10.858+0100][19.567s][info][gc,task     ] GC(91) Using 3 workers
[2026-05-06T01:04:10.858+0100][19.567s][info][gc,phases   ] GC(91) Pause Mark Start 0.003ms
[2026-05-06T01:04:10.863+0100][19.572s][info][gc,phases   ] GC(91) Concurrent Mark 4.880ms
[2026-05-06T01:04:10.863+0100][19.572s][info][gc,phases   ] GC(91) Pause Mark End 0.003ms
[2026-05-06T01:04:10.863+0100][19.572s][info][gc,phases   ] GC(91) Concurrent Mark Free 0.000ms
[2026-05-06T01:04:10.864+0100][19.574s][info][gc,phases   ] GC(91) Concurrent Process Non-Strong References 1.761ms
[2026-05-06T01:04:10.864+0100][19.574s][info][gc,phases   ] GC(91) Concurrent Reset Relocation Set 0.001ms
[2026-05-06T01:04:10.865+0100][19.574s][info][gc,phases   ] GC(91) Concurrent Select Relocation Set 0.581ms
[2026-05-06T01:04:10.865+0100][19.574s][info][gc,phases   ] GC(91) Pause Relocate Start 0.002ms
[2026-05-06T01:04:10.865+0100][19.575s][info][gc,phases   ] GC(91) Concurrent Relocate 0.190ms
[2026-05-06T01:04:10.865+0100][19.575s][info][gc,load     ] GC(91) Load: 4.52/4.54/4.24
[2026-05-06T01:04:10.865+0100][19.575s][info][gc,mmu      ] GC(91) MMU: 2ms/98.8%, 5ms/99.5%, 10ms/99.7%, 20ms/99.8%, 50ms/99.9%, 100ms/99.9%
[2026-05-06T01:04:10.865+0100][19.575s][info][gc,marking  ] GC(91) Mark: 2 stripe(s), 2 proactive flush(es), 1 terminate flush(es), 0 completion(s), 0 continuation(s) 
[2026-05-06T01:04:10.865+0100][19.575s][info][gc,marking  ] GC(91) Mark Stack Usage: 32M
[2026-05-06T01:04:10.865+0100][19.575s][info][gc,nmethod  ] GC(91) NMethods: 3899 registered, 747 unregistered
[2026-05-06T01:04:10.865+0100][19.575s][info][gc,metaspace] GC(91) Metaspace: 18M used, 19M committed, 1088M reserved
[2026-05-06T01:04:10.865+0100][19.575s][info][gc,ref      ] GC(91) Soft: 4237 encountered, 0 discovered, 0 enqueued
[2026-05-06T01:04:10.865+0100][19.575s][info][gc,ref      ] GC(91) Weak: 2363 encountered, 1316 discovered, 0 enqueued
[2026-05-06T01:04:10.865+0100][19.575s][info][gc,ref      ] GC(91) Final: 6 encountered, 0 discovered, 0 enqueued
[2026-05-06T01:04:10.865+0100][19.575s][info][gc,ref      ] GC(91) Phantom: 270 encountered, 166 discovered, 0 enqueued
[2026-05-06T01:04:10.865+0100][19.575s][info][gc,reloc    ] GC(91) Small Pages: 10 / 20M, Empty: 0M, Relocated: 1M, In-Place: 0
[2026-05-06T01:04:10.865+0100][19.575s][info][gc,reloc    ] GC(91) Medium Pages: 1 / 32M, Empty: 0M, Relocated: 0M, In-Place: 0
[2026-05-06T01:04:10.865+0100][19.575s][info][gc,reloc    ] GC(91) Large Pages: 5 / 484M, Empty: 292M, Relocated: 0M, In-Place: 0
[2026-05-06T01:04:10.865+0100][19.575s][info][gc,reloc    ] GC(91) Forwarding Usage: 0M
[2026-05-06T01:04:10.865+0100][19.575s][info][gc,heap     ] GC(91) Min Capacity: 8M(0%)
[2026-05-06T01:04:10.865+0100][19.575s][info][gc,heap     ] GC(91) Max Capacity: 4096M(100%)
[2026-05-06T01:04:10.865+0100][19.575s][info][gc,heap     ] GC(91) Soft Max Capacity: 4096M(100%)
[2026-05-06T01:04:10.865+0100][19.575s][info][gc,heap     ] GC(91)                Mark Start          Mark End        Relocate Start      Relocate End           High               Low         
[2026-05-06T01:04:10.865+0100][19.575s][info][gc,heap     ] GC(91)  Capacity:     2426M (59%)        2426M (59%)        2426M (59%)        2426M (59%)        2426M (59%)        2426M (59%)    
[2026-05-06T01:04:10.865+0100][19.575s][info][gc,heap     ] GC(91)      Free:     3560M (87%)        3560M (87%)        3852M (94%)        3854M (94%)        3854M (94%)        3560M (87%)    
[2026-05-06T01:04:10.865+0100][19.575s][info][gc,heap     ] GC(91)      Used:      536M (13%)         536M (13%)         244M (6%)          242M (6%)          536M (13%)         242M (6%)     
[2026-05-06T01:04:10.865+0100][19.575s][info][gc,heap     ] GC(91)      Live:         -               205M (5%)          205M (5%)          205M (5%)             -                  -          
[2026-05-06T01:04:10.865+0100][19.575s][info][gc,heap     ] GC(91) Allocated:         -                 0M (0%)            0M (0%)            0M (0%)             -                  -          
[2026-05-06T01:04:10.865+0100][19.575s][info][gc,heap     ] GC(91)   Garbage:         -               330M (8%)           38M (1%)           36M (1%)             -                  -          
[2026-05-06T01:04:10.865+0100][19.575s][info][gc,heap     ] GC(91) Reclaimed:         -                  -               292M (7%)          294M (7%)             -                  -          
[2026-05-06T01:04:10.865+0100][19.575s][info][gc          ] GC(91) Garbage Collection (System.gc()) 536M(13%)->242M(6%)
[2026-05-06T01:04:11.323+0100][20.032s][info][gc,stats    ] === Garbage Collection Statistics =======================================================================================================================
[2026-05-06T01:04:11.323+0100][20.032s][info][gc,stats    ]                                                              Last 10s              Last 10m              Last 10h                Total
[2026-05-06T01:04:11.323+0100][20.032s][info][gc,stats    ]                                                              Avg / Max             Avg / Max             Avg / Max             Avg / Max
[2026-05-06T01:04:11.323+0100][20.032s][info][gc,stats    ]   Collector: Garbage Collection Cycle                      7.409 / 8.715         7.405 / 14.330        7.405 / 14.330        7.405 / 14.330      ms
[2026-05-06T01:04:11.323+0100][20.032s][info][gc,stats    ]  Contention: Mark Segment Reset Contention                     0 / 2                 2 / 9                 2 / 9                 2 / 9           ops/s
[2026-05-06T01:04:11.323+0100][20.032s][info][gc,stats    ]  Contention: Mark SeqNum Reset Contention                      0 / 1                 0 / 1                 0 / 1                 0 / 1           ops/s
[2026-05-06T01:04:11.323+0100][20.032s][info][gc,stats    ]    Critical: Allocation Stall                                  0 / 0                 0 / 0                 0 / 0                 0 / 0           ops/s
[2026-05-06T01:04:11.323+0100][20.032s][info][gc,stats    ]    Critical: Allocation Stall                              0.000 / 0.000         0.000 / 0.000         0.000 / 0.000         0.000 / 0.000       ms
[2026-05-06T01:04:11.323+0100][20.032s][info][gc,stats    ]    Critical: GC Locker Stall                                   0 / 0                 0 / 0                 0 / 0                 0 / 0           ops/s
[2026-05-06T01:04:11.323+0100][20.032s][info][gc,stats    ]    Critical: GC Locker Stall                               0.000 / 0.000         0.000 / 0.000         0.000 / 0.000         0.000 / 0.000       ms
[2026-05-06T01:04:11.323+0100][20.032s][info][gc,stats    ]    Critical: Relocation Stall                                  0 / 0                 0 / 0                 0 / 0                 0 / 0           ops/s
[2026-05-06T01:04:11.323+0100][20.032s][info][gc,stats    ]    Critical: Relocation Stall                              0.000 / 0.000         0.000 / 0.000         0.000 / 0.000         0.000 / 0.000       ms
[2026-05-06T01:04:11.323+0100][20.032s][info][gc,stats    ]      Memory: Allocation Rate                                1188 / 1908           1475 / 4942           1475 / 4942           1475 / 4942        MB/s
[2026-05-06T01:04:11.323+0100][20.032s][info][gc,stats    ]      Memory: Defragment                                        0 / 0                 0 / 0                 0 / 0                 0 / 0           ops/s
[2026-05-06T01:04:11.323+0100][20.032s][info][gc,stats    ]      Memory: Out Of Memory                                     0 / 0                 0 / 0                 0 / 0                 0 / 0           ops/s
[2026-05-06T01:04:11.323+0100][20.032s][info][gc,stats    ]      Memory: Page Cache Flush                                  0 / 0                 0 / 0                 0 / 0                 0 / 0           MB/s
[2026-05-06T01:04:11.323+0100][20.032s][info][gc,stats    ]      Memory: Page Cache Hit L1                                17 / 27               96 / 435              96 / 435              96 / 435         ops/s
[2026-05-06T01:04:11.323+0100][20.032s][info][gc,stats    ]      Memory: Page Cache Hit L2                                 0 / 0                 0 / 0                 0 / 0                 0 / 0           ops/s
[2026-05-06T01:04:11.323+0100][20.032s][info][gc,stats    ]      Memory: Page Cache Hit L3                                 0 / 0                 6 / 98                6 / 98                6 / 98          ops/s
[2026-05-06T01:04:11.323+0100][20.032s][info][gc,stats    ]      Memory: Page Cache Miss                                   0 / 4                 8 / 138               8 / 138               8 / 138         ops/s
[2026-05-06T01:04:11.323+0100][20.032s][info][gc,stats    ]      Memory: Uncommit                                          0 / 0                 0 / 0                 0 / 0                 0 / 0           MB/s
[2026-05-06T01:04:11.323+0100][20.032s][info][gc,stats    ]      Memory: Undo Object Allocation Failed                     0 / 0                 0 / 0                 0 / 0                 0 / 0           ops/s
[2026-05-06T01:04:11.323+0100][20.032s][info][gc,stats    ]      Memory: Undo Object Allocation Succeeded                  0 / 1                 0 / 1                 0 / 1                 0 / 1           ops/s
[2026-05-06T01:04:11.323+0100][20.032s][info][gc,stats    ]      Memory: Undo Page Allocation                              0 / 2                 2 / 17                2 / 17                2 / 17          ops/s
[2026-05-06T01:04:11.323+0100][20.032s][info][gc,stats    ]       Phase: Concurrent Mark                               4.451 / 5.254         4.449 / 8.280         4.449 / 8.280         4.449 / 8.280       ms
[2026-05-06T01:04:11.323+0100][20.032s][info][gc,stats    ]       Phase: Concurrent Mark Continue                      0.000 / 0.000         0.000 / 0.000         0.000 / 0.000         0.000 / 0.000       ms
[2026-05-06T01:04:11.323+0100][20.032s][info][gc,stats    ]       Phase: Concurrent Mark Free                          0.000 / 0.000         0.000 / 0.001         0.000 / 0.001         0.000 / 0.001       ms
[2026-05-06T01:04:11.323+0100][20.032s][info][gc,stats    ]       Phase: Concurrent Process Non-Strong References      1.836 / 2.574         1.818 / 3.169         1.818 / 3.169         1.818 / 3.169       ms
[2026-05-06T01:04:11.323+0100][20.032s][info][gc,stats    ]       Phase: Concurrent Relocate                           0.199 / 0.271         0.235 / 2.560         0.235 / 2.560         0.235 / 2.560       ms
[2026-05-06T01:04:11.323+0100][20.032s][info][gc,stats    ]       Phase: Concurrent Reset Relocation Set               0.001 / 0.001         0.001 / 0.003         0.001 / 0.003         0.001 / 0.003       ms
[2026-05-06T01:04:11.323+0100][20.032s][info][gc,stats    ]       Phase: Concurrent Select Relocation Set              0.623 / 0.684         0.662 / 1.869         0.662 / 1.869         0.662 / 1.869       ms
[2026-05-06T01:04:11.323+0100][20.032s][info][gc,stats    ]       Phase: Pause Mark End                                0.004 / 0.007         0.005 / 0.023         0.005 / 0.023         0.005 / 0.023       ms
[2026-05-06T01:04:11.323+0100][20.032s][info][gc,stats    ]       Phase: Pause Mark Start                              0.003 / 0.004         0.003 / 0.009         0.003 / 0.009         0.003 / 0.009       ms
[2026-05-06T01:04:11.323+0100][20.032s][info][gc,stats    ]       Phase: Pause Relocate Start                          0.002 / 0.004         0.003 / 0.005         0.003 / 0.005         0.003 / 0.005       ms
[2026-05-06T01:04:11.323+0100][20.032s][info][gc,stats    ]    Subphase: Concurrent Classes Purge                      0.003 / 0.005         0.009 / 0.257         0.009 / 0.257         0.009 / 0.257       ms
[2026-05-06T01:04:11.323+0100][20.032s][info][gc,stats    ]    Subphase: Concurrent Classes Unlink                     1.665 / 1.895         1.666 / 2.864         1.666 / 2.864         1.666 / 2.864       ms
[2026-05-06T01:04:11.323+0100][20.032s][info][gc,stats    ]    Subphase: Concurrent Mark                               3.903 / 5.136         3.966 / 8.030         3.966 / 8.030         3.966 / 8.030       ms
[2026-05-06T01:04:11.323+0100][20.032s][info][gc,stats    ]    Subphase: Concurrent Mark Try Flush                     0.028 / 0.558         0.017 / 0.558         0.017 / 0.558         0.017 / 0.558       ms
[2026-05-06T01:04:11.323+0100][20.032s][info][gc,stats    ]    Subphase: Concurrent Mark Try Terminate                 0.662 / 1.270         0.653 / 1.348         0.653 / 1.348         0.653 / 1.348       ms
[2026-05-06T01:04:11.323+0100][20.032s][info][gc,stats    ]    Subphase: Concurrent References Enqueue                 0.000 / 0.000         0.000 / 0.002         0.000 / 0.002         0.000 / 0.002       ms
[2026-05-06T01:04:11.323+0100][20.032s][info][gc,stats    ]    Subphase: Concurrent References Process                 0.033 / 0.096         0.033 / 0.096         0.033 / 0.096         0.033 / 0.096       ms
[2026-05-06T01:04:11.323+0100][20.032s][info][gc,stats    ]    Subphase: Concurrent Roots ClassLoaderDataGraph         0.036 / 0.148         0.035 / 0.233         0.035 / 0.233         0.035 / 0.233       ms
[2026-05-06T01:04:11.323+0100][20.032s][info][gc,stats    ]    Subphase: Concurrent Roots CodeCache                    0.000 / 0.000         0.000 / 0.000         0.000 / 0.000         0.000 / 0.000       ms
[2026-05-06T01:04:11.323+0100][20.032s][info][gc,stats    ]    Subphase: Concurrent Roots JavaThreads                  0.050 / 0.101         0.047 / 0.317         0.047 / 0.317         0.047 / 0.317       ms
[2026-05-06T01:04:11.323+0100][20.032s][info][gc,stats    ]    Subphase: Concurrent Roots OopStorageSet                0.006 / 0.016         0.007 / 0.047         0.007 / 0.047         0.007 / 0.047       ms
[2026-05-06T01:04:11.323+0100][20.032s][info][gc,stats    ]    Subphase: Concurrent Weak Roots OopStorageSet           0.065 / 0.097         0.066 / 0.184         0.066 / 0.184         0.066 / 0.184       ms
[2026-05-06T01:04:11.323+0100][20.032s][info][gc,stats    ]    Subphase: Pause Mark Try Complete                       0.000 / 0.000         0.000 / 0.000         0.000 / 0.000         0.000 / 0.000       ms
[2026-05-06T01:04:11.323+0100][20.032s][info][gc,stats    ]      System: Java Threads                                     22 / 24               20 / 31               20 / 31               20 / 31          threads
[2026-05-06T01:04:11.323+0100][20.032s][info][gc,stats    ] =========================================================================================================================================================
[2026-05-06T01:04:11.323+0100][20.033s][info][gc,start    ] GC(92) Garbage Collection (Proactive)
[2026-05-06T01:04:11.323+0100][20.033s][info][gc,task     ] GC(92) Using 3 workers
[2026-05-06T01:04:11.323+0100][20.033s][info][gc,phases   ] GC(92) Pause Mark Start 0.003ms
[2026-05-06T01:04:11.328+0100][20.037s][info][gc,phases   ] GC(92) Concurrent Mark 4.519ms
[2026-05-06T01:04:11.328+0100][20.037s][info][gc,phases   ] GC(92) Pause Mark End 0.007ms
[2026-05-06T01:04:11.328+0100][20.037s][info][gc,phases   ] GC(92) Concurrent Mark Free 0.000ms
[2026-05-06T01:04:11.330+0100][20.039s][info][gc,phases   ] GC(92) Concurrent Process Non-Strong References 1.872ms
[2026-05-06T01:04:11.330+0100][20.039s][info][gc,phases   ] GC(92) Concurrent Reset Relocation Set 0.001ms
[2026-05-06T01:04:11.330+0100][20.040s][info][gc,phases   ] GC(92) Concurrent Select Relocation Set 0.611ms
[2026-05-06T01:04:11.330+0100][20.040s][info][gc,phases   ] GC(92) Pause Relocate Start 0.003ms
[2026-05-06T01:04:11.331+0100][20.040s][info][gc,phases   ] GC(92) Concurrent Relocate 0.216ms
[2026-05-06T01:04:11.331+0100][20.040s][info][gc,load     ] GC(92) Load: 4.52/4.54/4.24
[2026-05-06T01:04:11.331+0100][20.040s][info][gc,mmu      ] GC(92) MMU: 2ms/98.8%, 5ms/99.5%, 10ms/99.7%, 20ms/99.8%, 50ms/99.9%, 100ms/99.9%
[2026-05-06T01:04:11.331+0100][20.040s][info][gc,marking  ] GC(92) Mark: 2 stripe(s), 2 proactive flush(es), 1 terminate flush(es), 0 completion(s), 0 continuation(s) 
[2026-05-06T01:04:11.331+0100][20.040s][info][gc,marking  ] GC(92) Mark Stack Usage: 32M
[2026-05-06T01:04:11.331+0100][20.040s][info][gc,nmethod  ] GC(92) NMethods: 3906 registered, 748 unregistered
[2026-05-06T01:04:11.331+0100][20.040s][info][gc,metaspace] GC(92) Metaspace: 18M used, 19M committed, 1088M reserved
[2026-05-06T01:04:11.331+0100][20.040s][info][gc,ref      ] GC(92) Soft: 4237 encountered, 0 discovered, 0 enqueued
[2026-05-06T01:04:11.331+0100][20.040s][info][gc,ref      ] GC(92) Weak: 2366 encountered, 992 discovered, 0 enqueued
[2026-05-06T01:04:11.331+0100][20.040s][info][gc,ref      ] GC(92) Final: 6 encountered, 0 discovered, 0 enqueued
[2026-05-06T01:04:11.331+0100][20.040s][info][gc,ref      ] GC(92) Phantom: 270 encountered, 172 discovered, 0 enqueued
[2026-05-06T01:04:11.331+0100][20.040s][info][gc,reloc    ] GC(92) Small Pages: 11 / 22M, Empty: 0M, Relocated: 1M, In-Place: 0
[2026-05-06T01:04:11.331+0100][20.040s][info][gc,reloc    ] GC(92) Medium Pages: 1 / 32M, Empty: 0M, Relocated: 0M, In-Place: 0
[2026-05-06T01:04:11.331+0100][20.040s][info][gc,reloc    ] GC(92) Large Pages: 9 / 1068M, Empty: 730M, Relocated: 0M, In-Place: 0
[2026-05-06T01:04:11.331+0100][20.040s][info][gc,reloc    ] GC(92) Forwarding Usage: 0M
[2026-05-06T01:04:11.331+0100][20.040s][info][gc,heap     ] GC(92) Min Capacity: 8M(0%)
[2026-05-06T01:04:11.331+0100][20.040s][info][gc,heap     ] GC(92) Max Capacity: 4096M(100%)
[2026-05-06T01:04:11.331+0100][20.040s][info][gc,heap     ] GC(92) Soft Max Capacity: 4096M(100%)
[2026-05-06T01:04:11.331+0100][20.040s][info][gc,heap     ] GC(92)                Mark Start          Mark End        Relocate Start      Relocate End           High               Low         
[2026-05-06T01:04:11.331+0100][20.040s][info][gc,heap     ] GC(92)  Capacity:     2426M (59%)        2426M (59%)        2426M (59%)        2426M (59%)        2426M (59%)        2426M (59%)    
[2026-05-06T01:04:11.331+0100][20.040s][info][gc,heap     ] GC(92)      Free:     2974M (73%)        2974M (73%)        3704M (90%)        3706M (90%)        3706M (90%)        2974M (73%)    
[2026-05-06T01:04:11.331+0100][20.040s][info][gc,heap     ] GC(92)      Used:     1122M (27%)        1122M (27%)         392M (10%)         390M (10%)        1122M (27%)         390M (10%)    
[2026-05-06T01:04:11.331+0100][20.040s][info][gc,heap     ] GC(92)      Live:         -               351M (9%)          351M (9%)          351M (9%)             -                  -          
[2026-05-06T01:04:11.331+0100][20.040s][info][gc,heap     ] GC(92) Allocated:         -                 0M (0%)            0M (0%)            1M (0%)             -                  -          
[2026-05-06T01:04:11.331+0100][20.040s][info][gc,heap     ] GC(92)   Garbage:         -               770M (19%)          40M (1%)           36M (1%)             -                  -          
[2026-05-06T01:04:11.331+0100][20.040s][info][gc,heap     ] GC(92) Reclaimed:         -                  -               730M (18%)         733M (18%)            -                  -          
[2026-05-06T01:04:11.331+0100][20.040s][info][gc          ] GC(92) Garbage Collection (Proactive) 1122M(27%)->390M(10%)
[2026-05-06T01:04:11.814+0100][20.523s][info][gc,start    ] GC(93) Garbage Collection (System.gc())
[2026-05-06T01:04:11.814+0100][20.523s][info][gc,task     ] GC(93) Using 3 workers
[2026-05-06T01:04:11.814+0100][20.523s][info][gc,phases   ] GC(93) Pause Mark Start 0.003ms
[2026-05-06T01:04:11.818+0100][20.527s][info][gc,phases   ] GC(93) Concurrent Mark 4.010ms
[2026-05-06T01:04:11.818+0100][20.527s][info][gc,phases   ] GC(93) Pause Mark End 0.006ms
[2026-05-06T01:04:11.818+0100][20.527s][info][gc,phases   ] GC(93) Concurrent Mark Free 0.000ms
[2026-05-06T01:04:11.820+0100][20.529s][info][gc,phases   ] GC(93) Concurrent Process Non-Strong References 1.823ms
[2026-05-06T01:04:11.820+0100][20.529s][info][gc,phases   ] GC(93) Concurrent Reset Relocation Set 0.001ms
[2026-05-06T01:04:11.821+0100][20.530s][info][gc,phases   ] GC(93) Concurrent Select Relocation Set 0.612ms
[2026-05-06T01:04:11.821+0100][20.530s][info][gc,phases   ] GC(93) Pause Relocate Start 0.003ms
[2026-05-06T01:04:11.821+0100][20.530s][info][gc,phases   ] GC(93) Concurrent Relocate 0.198ms
[2026-05-06T01:04:11.821+0100][20.530s][info][gc,load     ] GC(93) Load: 4.52/4.54/4.24
[2026-05-06T01:04:11.821+0100][20.530s][info][gc,mmu      ] GC(93) MMU: 2ms/98.8%, 5ms/99.5%, 10ms/99.7%, 20ms/99.8%, 50ms/99.9%, 100ms/99.9%
[2026-05-06T01:04:11.821+0100][20.530s][info][gc,marking  ] GC(93) Mark: 2 stripe(s), 1 proactive flush(es), 1 terminate flush(es), 0 completion(s), 0 continuation(s) 
[2026-05-06T01:04:11.821+0100][20.530s][info][gc,marking  ] GC(93) Mark Stack Usage: 32M
[2026-05-06T01:04:11.821+0100][20.530s][info][gc,nmethod  ] GC(93) NMethods: 3906 registered, 748 unregistered
[2026-05-06T01:04:11.821+0100][20.530s][info][gc,metaspace] GC(93) Metaspace: 18M used, 19M committed, 1088M reserved
[2026-05-06T01:04:11.821+0100][20.530s][info][gc,ref      ] GC(93) Soft: 4237 encountered, 0 discovered, 0 enqueued
[2026-05-06T01:04:11.821+0100][20.530s][info][gc,ref      ] GC(93) Weak: 2363 encountered, 1179 discovered, 0 enqueued
[2026-05-06T01:04:11.821+0100][20.530s][info][gc,ref      ] GC(93) Final: 6 encountered, 0 discovered, 0 enqueued
[2026-05-06T01:04:11.821+0100][20.530s][info][gc,ref      ] GC(93) Phantom: 270 encountered, 125 discovered, 0 enqueued
[2026-05-06T01:04:11.821+0100][20.530s][info][gc,reloc    ] GC(93) Small Pages: 11 / 22M, Empty: 2M, Relocated: 1M, In-Place: 0
[2026-05-06T01:04:11.821+0100][20.530s][info][gc,reloc    ] GC(93) Medium Pages: 1 / 32M, Empty: 0M, Relocated: 0M, In-Place: 0
[2026-05-06T01:04:11.821+0100][20.530s][info][gc,reloc    ] GC(93) Large Pages: 11 / 1360M, Empty: 1168M, Relocated: 0M, In-Place: 0
[2026-05-06T01:04:11.821+0100][20.530s][info][gc,reloc    ] GC(93) Forwarding Usage: 0M
[2026-05-06T01:04:11.821+0100][20.530s][info][gc,heap     ] GC(93) Min Capacity: 8M(0%)
[2026-05-06T01:04:11.821+0100][20.530s][info][gc,heap     ] GC(93) Max Capacity: 4096M(100%)
[2026-05-06T01:04:11.821+0100][20.530s][info][gc,heap     ] GC(93) Soft Max Capacity: 4096M(100%)
[2026-05-06T01:04:11.821+0100][20.530s][info][gc,heap     ] GC(93)                Mark Start          Mark End        Relocate Start      Relocate End           High               Low         
[2026-05-06T01:04:11.821+0100][20.530s][info][gc,heap     ] GC(93)  Capacity:     2572M (63%)        2572M (63%)        2572M (63%)        2572M (63%)        2572M (63%)        2572M (63%)    
[2026-05-06T01:04:11.821+0100][20.530s][info][gc,heap     ] GC(93)      Free:     2682M (65%)        2682M (65%)        3852M (94%)        3854M (94%)        3854M (94%)        2682M (65%)    
[2026-05-06T01:04:11.821+0100][20.530s][info][gc,heap     ] GC(93)      Used:     1414M (35%)        1414M (35%)         244M (6%)          242M (6%)         1414M (35%)         242M (6%)     
[2026-05-06T01:04:11.821+0100][20.530s][info][gc,heap     ] GC(93)      Live:         -               205M (5%)          205M (5%)          205M (5%)             -                  -          
[2026-05-06T01:04:11.821+0100][20.530s][info][gc,heap     ] GC(93) Allocated:         -                 0M (0%)            0M (0%)            0M (0%)             -                  -          
[2026-05-06T01:04:11.821+0100][20.530s][info][gc,heap     ] GC(93)   Garbage:         -              1208M (30%)          38M (1%)           36M (1%)             -                  -          
[2026-05-06T01:04:11.821+0100][20.530s][info][gc,heap     ] GC(93) Reclaimed:         -                  -              1170M (29%)        1172M (29%)            -                  -          
[2026-05-06T01:04:11.821+0100][20.530s][info][gc          ] GC(93) Garbage Collection (System.gc()) 1414M(35%)->242M(6%)
[2026-05-06T01:04:12.220+0100][20.929s][info][gc,start    ] GC(94) Garbage Collection (Proactive)
[2026-05-06T01:04:12.220+0100][20.929s][info][gc,task     ] GC(94) Using 3 workers
[2026-05-06T01:04:12.220+0100][20.929s][info][gc,phases   ] GC(94) Pause Mark Start 0.006ms
[2026-05-06T01:04:12.230+0100][20.939s][info][gc,phases   ] GC(94) Concurrent Mark 9.481ms
[2026-05-06T01:04:12.230+0100][20.939s][info][gc,phases   ] GC(94) Pause Mark End 0.008ms
[2026-05-06T01:04:12.230+0100][20.939s][info][gc,phases   ] GC(94) Concurrent Mark Free 0.000ms
[2026-05-06T01:04:12.233+0100][20.942s][info][gc,phases   ] GC(94) Concurrent Process Non-Strong References 3.337ms
[2026-05-06T01:04:12.233+0100][20.943s][info][gc,phases   ] GC(94) Concurrent Reset Relocation Set 0.001ms
[2026-05-06T01:04:12.234+0100][20.943s][info][gc,phases   ] GC(94) Concurrent Select Relocation Set 0.718ms
[2026-05-06T01:04:12.234+0100][20.943s][info][gc,phases   ] GC(94) Pause Relocate Start 0.003ms
[2026-05-06T01:04:12.234+0100][20.944s][info][gc,phases   ] GC(94) Concurrent Relocate 0.387ms
[2026-05-06T01:04:12.234+0100][20.944s][info][gc,load     ] GC(94) Load: 4.52/4.54/4.24
[2026-05-06T01:04:12.234+0100][20.944s][info][gc,mmu      ] GC(94) MMU: 2ms/98.8%, 5ms/99.5%, 10ms/99.7%, 20ms/99.8%, 50ms/99.9%, 100ms/99.9%
[2026-05-06T01:04:12.234+0100][20.944s][info][gc,marking  ] GC(94) Mark: 2 stripe(s), 2 proactive flush(es), 1 terminate flush(es), 0 completion(s), 0 continuation(s) 
[2026-05-06T01:04:12.234+0100][20.944s][info][gc,marking  ] GC(94) Mark Stack Usage: 32M
[2026-05-06T01:04:12.234+0100][20.944s][info][gc,nmethod  ] GC(94) NMethods: 3906 registered, 748 unregistered
[2026-05-06T01:04:12.234+0100][20.944s][info][gc,metaspace] GC(94) Metaspace: 18M used, 19M committed, 1088M reserved
[2026-05-06T01:04:12.234+0100][20.944s][info][gc,ref      ] GC(94) Soft: 4237 encountered, 0 discovered, 0 enqueued
[2026-05-06T01:04:12.234+0100][20.944s][info][gc,ref      ] GC(94) Weak: 2367 encountered, 980 discovered, 0 enqueued
[2026-05-06T01:04:12.234+0100][20.944s][info][gc,ref      ] GC(94) Final: 6 encountered, 0 discovered, 0 enqueued
[2026-05-06T01:04:12.234+0100][20.944s][info][gc,ref      ] GC(94) Phantom: 270 encountered, 212 discovered, 0 enqueued
[2026-05-06T01:04:12.234+0100][20.944s][info][gc,reloc    ] GC(94) Small Pages: 10 / 20M, Empty: 0M, Relocated: 1M, In-Place: 0
[2026-05-06T01:04:12.234+0100][20.944s][info][gc,reloc    ] GC(94) Medium Pages: 1 / 32M, Empty: 0M, Relocated: 0M, In-Place: 0
[2026-05-06T01:04:12.234+0100][20.944s][info][gc,reloc    ] GC(94) Large Pages: 12 / 1506M, Empty: 1168M, Relocated: 0M, In-Place: 0
[2026-05-06T01:04:12.235+0100][20.944s][info][gc,reloc    ] GC(94) Forwarding Usage: 0M
[2026-05-06T01:04:12.235+0100][20.944s][info][gc,heap     ] GC(94) Min Capacity: 8M(0%)
[2026-05-06T01:04:12.235+0100][20.944s][info][gc,heap     ] GC(94) Max Capacity: 4096M(100%)
[2026-05-06T01:04:12.235+0100][20.944s][info][gc,heap     ] GC(94) Soft Max Capacity: 4096M(100%)
[2026-05-06T01:04:12.235+0100][20.944s][info][gc,heap     ] GC(94)                Mark Start          Mark End        Relocate Start      Relocate End           High               Low         
[2026-05-06T01:04:12.235+0100][20.944s][info][gc,heap     ] GC(94)  Capacity:     2718M (66%)        2718M (66%)        2718M (66%)        2718M (66%)        2718M (66%)        2718M (66%)    
[2026-05-06T01:04:12.235+0100][20.944s][info][gc,heap     ] GC(94)      Free:     2538M (62%)        2538M (62%)        3706M (90%)        3706M (90%)        3706M (90%)        2538M (62%)    
[2026-05-06T01:04:12.235+0100][20.944s][info][gc,heap     ] GC(94)      Used:     1558M (38%)        1558M (38%)         390M (10%)         390M (10%)        1558M (38%)         390M (10%)    
[2026-05-06T01:04:12.235+0100][20.944s][info][gc,heap     ] GC(94)      Live:         -               351M (9%)          351M (9%)          351M (9%)             -                  -          
[2026-05-06T01:04:12.235+0100][20.944s][info][gc,heap     ] GC(94) Allocated:         -                 0M (0%)            0M (0%)            1M (0%)             -                  -          
[2026-05-06T01:04:12.235+0100][20.944s][info][gc,heap     ] GC(94)   Garbage:         -              1206M (29%)          38M (1%)           36M (1%)             -                  -          
[2026-05-06T01:04:12.235+0100][20.944s][info][gc,heap     ] GC(94) Reclaimed:         -                  -              1168M (29%)        1169M (29%)            -                  -          
[2026-05-06T01:04:12.235+0100][20.944s][info][gc          ] GC(94) Garbage Collection (Proactive) 1558M(38%)->390M(10%)
[2026-05-06T01:04:12.405+0100][21.114s][info][gc,start    ] GC(95) Garbage Collection (System.gc())
[2026-05-06T01:04:12.405+0100][21.114s][info][gc,task     ] GC(95) Using 3 workers
[2026-05-06T01:04:12.405+0100][21.114s][info][gc,phases   ] GC(95) Pause Mark Start 0.003ms
[2026-05-06T01:04:12.409+0100][21.119s][info][gc,phases   ] GC(95) Concurrent Mark 4.260ms
[2026-05-06T01:04:12.409+0100][21.119s][info][gc,phases   ] GC(95) Pause Mark End 0.003ms
[2026-05-06T01:04:12.409+0100][21.119s][info][gc,phases   ] GC(95) Concurrent Mark Free 0.000ms
[2026-05-06T01:04:12.411+0100][21.121s][info][gc,phases   ] GC(95) Concurrent Process Non-Strong References 1.790ms
[2026-05-06T01:04:12.411+0100][21.121s][info][gc,phases   ] GC(95) Concurrent Reset Relocation Set 0.001ms
[2026-05-06T01:04:12.412+0100][21.121s][info][gc,phases   ] GC(95) Concurrent Select Relocation Set 0.644ms
[2026-05-06T01:04:12.412+0100][21.121s][info][gc,phases   ] GC(95) Pause Relocate Start 0.003ms
[2026-05-06T01:04:12.412+0100][21.121s][info][gc,phases   ] GC(95) Concurrent Relocate 0.187ms
[2026-05-06T01:04:12.412+0100][21.121s][info][gc,load     ] GC(95) Load: 4.52/4.54/4.24
[2026-05-06T01:04:12.412+0100][21.121s][info][gc,mmu      ] GC(95) MMU: 2ms/98.8%, 5ms/99.5%, 10ms/99.7%, 20ms/99.8%, 50ms/99.9%, 100ms/99.9%
[2026-05-06T01:04:12.412+0100][21.121s][info][gc,marking  ] GC(95) Mark: 2 stripe(s), 2 proactive flush(es), 1 terminate flush(es), 0 completion(s), 0 continuation(s) 
[2026-05-06T01:04:12.412+0100][21.121s][info][gc,marking  ] GC(95) Mark Stack Usage: 32M
[2026-05-06T01:04:12.412+0100][21.121s][info][gc,nmethod  ] GC(95) NMethods: 3906 registered, 748 unregistered
[2026-05-06T01:04:12.412+0100][21.121s][info][gc,metaspace] GC(95) Metaspace: 18M used, 19M committed, 1088M reserved
[2026-05-06T01:04:12.412+0100][21.121s][info][gc,ref      ] GC(95) Soft: 4237 encountered, 0 discovered, 0 enqueued
[2026-05-06T01:04:12.412+0100][21.121s][info][gc,ref      ] GC(95) Weak: 2363 encountered, 1203 discovered, 0 enqueued
[2026-05-06T01:04:12.412+0100][21.121s][info][gc,ref      ] GC(95) Final: 6 encountered, 6 discovered, 0 enqueued
[2026-05-06T01:04:12.412+0100][21.121s][info][gc,ref      ] GC(95) Phantom: 270 encountered, 168 discovered, 0 enqueued
[2026-05-06T01:04:12.412+0100][21.121s][info][gc,reloc    ] GC(95) Small Pages: 11 / 22M, Empty: 2M, Relocated: 1M, In-Place: 0
[2026-05-06T01:04:12.412+0100][21.121s][info][gc,reloc    ] GC(95) Medium Pages: 1 / 32M, Empty: 0M, Relocated: 0M, In-Place: 0
[2026-05-06T01:04:12.412+0100][21.121s][info][gc,reloc    ] GC(95) Large Pages: 8 / 922M, Empty: 730M, Relocated: 0M, In-Place: 0
[2026-05-06T01:04:12.412+0100][21.121s][info][gc,reloc    ] GC(95) Forwarding Usage: 0M
[2026-05-06T01:04:12.412+0100][21.121s][info][gc,heap     ] GC(95) Min Capacity: 8M(0%)
[2026-05-06T01:04:12.412+0100][21.121s][info][gc,heap     ] GC(95) Max Capacity: 4096M(100%)
[2026-05-06T01:04:12.412+0100][21.121s][info][gc,heap     ] GC(95) Soft Max Capacity: 4096M(100%)
[2026-05-06T01:04:12.412+0100][21.121s][info][gc,heap     ] GC(95)                Mark Start          Mark End        Relocate Start      Relocate End           High               Low         
[2026-05-06T01:04:12.412+0100][21.121s][info][gc,heap     ] GC(95)  Capacity:     2718M (66%)        2718M (66%)        2718M (66%)        2718M (66%)        2718M (66%)        2718M (66%)    
[2026-05-06T01:04:12.412+0100][21.122s][info][gc,heap     ] GC(95)      Free:     3120M (76%)        3120M (76%)        3852M (94%)        3854M (94%)        3854M (94%)        3120M (76%)    
[2026-05-06T01:04:12.412+0100][21.122s][info][gc,heap     ] GC(95)      Used:      976M (24%)         976M (24%)         244M (6%)          242M (6%)          976M (24%)         242M (6%)     
[2026-05-06T01:04:12.412+0100][21.122s][info][gc,heap     ] GC(95)      Live:         -               205M (5%)          205M (5%)          205M (5%)             -                  -          
[2026-05-06T01:04:12.412+0100][21.122s][info][gc,heap     ] GC(95) Allocated:         -                 0M (0%)            0M (0%)            0M (0%)             -                  -          
[2026-05-06T01:04:12.412+0100][21.122s][info][gc,heap     ] GC(95)   Garbage:         -               770M (19%)          38M (1%)           36M (1%)             -                  -          
[2026-05-06T01:04:12.412+0100][21.122s][info][gc,heap     ] GC(95) Reclaimed:         -                  -               732M (18%)         734M (18%)            -                  -          
[2026-05-06T01:04:12.412+0100][21.122s][info][gc          ] GC(95) Garbage Collection (System.gc()) 976M(24%)->242M(6%)
[2026-05-06T01:04:13.015+0100][21.724s][info][gc,start    ] GC(96) Garbage Collection (System.gc())
[2026-05-06T01:04:13.015+0100][21.724s][info][gc,task     ] GC(96) Using 3 workers
[2026-05-06T01:04:13.015+0100][21.724s][info][gc,phases   ] GC(96) Pause Mark Start 0.003ms
[2026-05-06T01:04:13.019+0100][21.728s][info][gc,phases   ] GC(96) Concurrent Mark 3.900ms
[2026-05-06T01:04:13.019+0100][21.728s][info][gc,phases   ] GC(96) Pause Mark End 0.002ms
[2026-05-06T01:04:13.019+0100][21.728s][info][gc,phases   ] GC(96) Concurrent Mark Free 0.000ms
[2026-05-06T01:04:13.020+0100][21.730s][info][gc,phases   ] GC(96) Concurrent Process Non-Strong References 1.750ms
[2026-05-06T01:04:13.020+0100][21.730s][info][gc,phases   ] GC(96) Concurrent Reset Relocation Set 0.001ms
[2026-05-06T01:04:13.021+0100][21.730s][info][gc,phases   ] GC(96) Concurrent Select Relocation Set 0.660ms
[2026-05-06T01:04:13.021+0100][21.730s][info][gc,phases   ] GC(96) Pause Relocate Start 0.002ms
[2026-05-06T01:04:13.021+0100][21.731s][info][gc,phases   ] GC(96) Concurrent Relocate 0.194ms
[2026-05-06T01:04:13.021+0100][21.731s][info][gc,load     ] GC(96) Load: 4.52/4.54/4.24
[2026-05-06T01:04:13.021+0100][21.731s][info][gc,mmu      ] GC(96) MMU: 2ms/98.8%, 5ms/99.5%, 10ms/99.7%, 20ms/99.8%, 50ms/99.9%, 100ms/99.9%
[2026-05-06T01:04:13.021+0100][21.731s][info][gc,marking  ] GC(96) Mark: 2 stripe(s), 1 proactive flush(es), 1 terminate flush(es), 0 completion(s), 0 continuation(s) 
[2026-05-06T01:04:13.021+0100][21.731s][info][gc,marking  ] GC(96) Mark Stack Usage: 32M
[2026-05-06T01:04:13.021+0100][21.731s][info][gc,nmethod  ] GC(96) NMethods: 3906 registered, 748 unregistered
[2026-05-06T01:04:13.021+0100][21.731s][info][gc,metaspace] GC(96) Metaspace: 18M used, 19M committed, 1088M reserved
[2026-05-06T01:04:13.021+0100][21.731s][info][gc,ref      ] GC(96) Soft: 4237 encountered, 0 discovered, 0 enqueued
[2026-05-06T01:04:13.021+0100][21.731s][info][gc,ref      ] GC(96) Weak: 2363 encountered, 544 discovered, 0 enqueued
[2026-05-06T01:04:13.021+0100][21.731s][info][gc,ref      ] GC(96) Final: 6 encountered, 0 discovered, 0 enqueued
[2026-05-06T01:04:13.021+0100][21.731s][info][gc,ref      ] GC(96) Phantom: 270 encountered, 156 discovered, 0 enqueued
[2026-05-06T01:04:13.021+0100][21.731s][info][gc,reloc    ] GC(96) Small Pages: 16 / 32M, Empty: 12M, Relocated: 1M, In-Place: 0
[2026-05-06T01:04:13.021+0100][21.731s][info][gc,reloc    ] GC(96) Medium Pages: 1 / 32M, Empty: 0M, Relocated: 0M, In-Place: 0
[2026-05-06T01:04:13.021+0100][21.731s][info][gc,reloc    ] GC(96) Large Pages: 16 / 2090M, Empty: 1898M, Relocated: 0M, In-Place: 0
[2026-05-06T01:04:13.021+0100][21.731s][info][gc,reloc    ] GC(96) Forwarding Usage: 0M
[2026-05-06T01:04:13.021+0100][21.731s][info][gc,heap     ] GC(96) Min Capacity: 8M(0%)
[2026-05-06T01:04:13.021+0100][21.731s][info][gc,heap     ] GC(96) Max Capacity: 4096M(100%)
[2026-05-06T01:04:13.021+0100][21.731s][info][gc,heap     ] GC(96) Soft Max Capacity: 4096M(100%)
[2026-05-06T01:04:13.021+0100][21.731s][info][gc,heap     ] GC(96)                Mark Start          Mark End        Relocate Start      Relocate End           High               Low         
[2026-05-06T01:04:13.021+0100][21.731s][info][gc,heap     ] GC(96)  Capacity:     3302M (81%)        3302M (81%)        3302M (81%)        3302M (81%)        3302M (81%)        3302M (81%)    
[2026-05-06T01:04:13.021+0100][21.731s][info][gc,heap     ] GC(96)      Free:     1942M (47%)        1942M (47%)        3852M (94%)        3854M (94%)        3854M (94%)        1942M (47%)    
[2026-05-06T01:04:13.021+0100][21.731s][info][gc,heap     ] GC(96)      Used:     2154M (53%)        2154M (53%)         244M (6%)          242M (6%)         2154M (53%)         242M (6%)     
[2026-05-06T01:04:13.021+0100][21.731s][info][gc,heap     ] GC(96)      Live:         -               205M (5%)          205M (5%)          205M (5%)             -                  -          
[2026-05-06T01:04:13.021+0100][21.731s][info][gc,heap     ] GC(96) Allocated:         -                 0M (0%)            0M (0%)            0M (0%)             -                  -          
[2026-05-06T01:04:13.021+0100][21.731s][info][gc,heap     ] GC(96)   Garbage:         -              1948M (48%)          38M (1%)           36M (1%)             -                  -          
[2026-05-06T01:04:13.021+0100][21.731s][info][gc,heap     ] GC(96) Reclaimed:         -                  -              1910M (47%)        1912M (47%)            -                  -          
[2026-05-06T01:04:13.021+0100][21.731s][info][gc          ] GC(96) Garbage Collection (System.gc()) 2154M(53%)->242M(6%)
[2026-05-06T01:04:13.552+0100][22.262s][info][gc,start    ] GC(97) Garbage Collection (System.gc())
[2026-05-06T01:04:13.552+0100][22.262s][info][gc,task     ] GC(97) Using 3 workers
[2026-05-06T01:04:13.552+0100][22.262s][info][gc,phases   ] GC(97) Pause Mark Start 0.003ms
[2026-05-06T01:04:13.557+0100][22.266s][info][gc,phases   ] GC(97) Concurrent Mark 4.275ms
[2026-05-06T01:04:13.557+0100][22.266s][info][gc,phases   ] GC(97) Pause Mark End 0.003ms
[2026-05-06T01:04:13.557+0100][22.266s][info][gc,phases   ] GC(97) Concurrent Mark Free 0.000ms
[2026-05-06T01:04:13.559+0100][22.268s][info][gc,phases   ] GC(97) Concurrent Process Non-Strong References 1.806ms
[2026-05-06T01:04:13.559+0100][22.268s][info][gc,phases   ] GC(97) Concurrent Reset Relocation Set 0.001ms
[2026-05-06T01:04:13.559+0100][22.268s][info][gc,phases   ] GC(97) Concurrent Select Relocation Set 0.584ms
[2026-05-06T01:04:13.559+0100][22.268s][info][gc,phases   ] GC(97) Pause Relocate Start 0.002ms
[2026-05-06T01:04:13.559+0100][22.269s][info][gc,phases   ] GC(97) Concurrent Relocate 0.190ms
[2026-05-06T01:04:13.559+0100][22.269s][info][gc,load     ] GC(97) Load: 4.52/4.54/4.24
[2026-05-06T01:04:13.559+0100][22.269s][info][gc,mmu      ] GC(97) MMU: 2ms/98.8%, 5ms/99.5%, 10ms/99.7%, 20ms/99.8%, 50ms/99.9%, 100ms/99.9%
[2026-05-06T01:04:13.559+0100][22.269s][info][gc,marking  ] GC(97) Mark: 2 stripe(s), 1 proactive flush(es), 1 terminate flush(es), 0 completion(s), 0 continuation(s) 
[2026-05-06T01:04:13.559+0100][22.269s][info][gc,marking  ] GC(97) Mark Stack Usage: 32M
[2026-05-06T01:04:13.559+0100][22.269s][info][gc,nmethod  ] GC(97) NMethods: 3906 registered, 748 unregistered
[2026-05-06T01:04:13.559+0100][22.269s][info][gc,metaspace] GC(97) Metaspace: 18M used, 19M committed, 1088M reserved
[2026-05-06T01:04:13.559+0100][22.269s][info][gc,ref      ] GC(97) Soft: 4237 encountered, 0 discovered, 0 enqueued
[2026-05-06T01:04:13.559+0100][22.269s][info][gc,ref      ] GC(97) Weak: 2363 encountered, 1249 discovered, 0 enqueued
[2026-05-06T01:04:13.559+0100][22.269s][info][gc,ref      ] GC(97) Final: 6 encountered, 0 discovered, 0 enqueued
[2026-05-06T01:04:13.559+0100][22.269s][info][gc,ref      ] GC(97) Phantom: 270 encountered, 212 discovered, 0 enqueued
[2026-05-06T01:04:13.559+0100][22.269s][info][gc,reloc    ] GC(97) Small Pages: 15 / 30M, Empty: 10M, Relocated: 1M, In-Place: 0
[2026-05-06T01:04:13.559+0100][22.269s][info][gc,reloc    ] GC(97) Medium Pages: 1 / 32M, Empty: 0M, Relocated: 0M, In-Place: 0
[2026-05-06T01:04:13.559+0100][22.269s][info][gc,reloc    ] GC(97) Large Pages: 16 / 2090M, Empty: 1898M, Relocated: 0M, In-Place: 0
[2026-05-06T01:04:13.559+0100][22.269s][info][gc,reloc    ] GC(97) Forwarding Usage: 0M
[2026-05-06T01:04:13.559+0100][22.269s][info][gc,heap     ] GC(97) Min Capacity: 8M(0%)
[2026-05-06T01:04:13.559+0100][22.269s][info][gc,heap     ] GC(97) Max Capacity: 4096M(100%)
[2026-05-06T01:04:13.559+0100][22.269s][info][gc,heap     ] GC(97) Soft Max Capacity: 4096M(100%)
[2026-05-06T01:04:13.559+0100][22.269s][info][gc,heap     ] GC(97)                Mark Start          Mark End        Relocate Start      Relocate End           High               Low         
[2026-05-06T01:04:13.559+0100][22.269s][info][gc,heap     ] GC(97)  Capacity:     3302M (81%)        3302M (81%)        3302M (81%)        3302M (81%)        3302M (81%)        3302M (81%)    
[2026-05-06T01:04:13.559+0100][22.269s][info][gc,heap     ] GC(97)      Free:     1944M (47%)        1944M (47%)        3852M (94%)        3854M (94%)        3854M (94%)        1944M (47%)    
[2026-05-06T01:04:13.559+0100][22.269s][info][gc,heap     ] GC(97)      Used:     2152M (53%)        2152M (53%)         244M (6%)          242M (6%)         2152M (53%)         242M (6%)     
[2026-05-06T01:04:13.559+0100][22.269s][info][gc,heap     ] GC(97)      Live:         -               205M (5%)          205M (5%)          205M (5%)             -                  -          
[2026-05-06T01:04:13.560+0100][22.269s][info][gc,heap     ] GC(97) Allocated:         -                 0M (0%)            0M (0%)            0M (0%)             -                  -          
[2026-05-06T01:04:13.560+0100][22.269s][info][gc,heap     ] GC(97)   Garbage:         -              1946M (48%)          38M (1%)           36M (1%)             -                  -          
[2026-05-06T01:04:13.560+0100][22.269s][info][gc,heap     ] GC(97) Reclaimed:         -                  -              1908M (47%)        1910M (47%)            -                  -          
[2026-05-06T01:04:13.560+0100][22.269s][info][gc          ] GC(97) Garbage Collection (System.gc()) 2152M(53%)->242M(6%)
[2026-05-06T01:04:13.981+0100][22.691s][info][gc,start    ] GC(98) Garbage Collection (System.gc())
[2026-05-06T01:04:13.981+0100][22.691s][info][gc,task     ] GC(98) Using 3 workers
[2026-05-06T01:04:13.981+0100][22.691s][info][gc,phases   ] GC(98) Pause Mark Start 0.003ms
[2026-05-06T01:04:13.986+0100][22.695s][info][gc,phases   ] GC(98) Concurrent Mark 4.201ms
[2026-05-06T01:04:13.986+0100][22.695s][info][gc,phases   ] GC(98) Pause Mark End 0.003ms
[2026-05-06T01:04:13.986+0100][22.695s][info][gc,phases   ] GC(98) Concurrent Mark Free 0.000ms
[2026-05-06T01:04:13.987+0100][22.697s][info][gc,phases   ] GC(98) Concurrent Process Non-Strong References 1.739ms
[2026-05-06T01:04:13.987+0100][22.697s][info][gc,phases   ] GC(98) Concurrent Reset Relocation Set 0.000ms
[2026-05-06T01:04:13.988+0100][22.697s][info][gc,phases   ] GC(98) Concurrent Select Relocation Set 0.643ms
[2026-05-06T01:04:13.988+0100][22.697s][info][gc,phases   ] GC(98) Pause Relocate Start 0.002ms
[2026-05-06T01:04:13.988+0100][22.698s][info][gc,phases   ] GC(98) Concurrent Relocate 0.191ms
[2026-05-06T01:04:13.988+0100][22.698s][info][gc,load     ] GC(98) Load: 4.52/4.54/4.24
[2026-05-06T01:04:13.988+0100][22.698s][info][gc,mmu      ] GC(98) MMU: 2ms/98.8%, 5ms/99.5%, 10ms/99.7%, 20ms/99.8%, 50ms/99.9%, 100ms/99.9%
[2026-05-06T01:04:13.988+0100][22.698s][info][gc,marking  ] GC(98) Mark: 2 stripe(s), 1 proactive flush(es), 1 terminate flush(es), 0 completion(s), 0 continuation(s) 
[2026-05-06T01:04:13.988+0100][22.698s][info][gc,marking  ] GC(98) Mark Stack Usage: 32M
[2026-05-06T01:04:13.988+0100][22.698s][info][gc,nmethod  ] GC(98) NMethods: 3912 registered, 748 unregistered
[2026-05-06T01:04:13.988+0100][22.698s][info][gc,metaspace] GC(98) Metaspace: 18M used, 19M committed, 1088M reserved
[2026-05-06T01:04:13.988+0100][22.698s][info][gc,ref      ] GC(98) Soft: 4237 encountered, 0 discovered, 0 enqueued
[2026-05-06T01:04:13.988+0100][22.698s][info][gc,ref      ] GC(98) Weak: 2363 encountered, 1330 discovered, 0 enqueued
[2026-05-06T01:04:13.988+0100][22.698s][info][gc,ref      ] GC(98) Final: 6 encountered, 6 discovered, 0 enqueued
[2026-05-06T01:04:13.988+0100][22.698s][info][gc,ref      ] GC(98) Phantom: 270 encountered, 166 discovered, 0 enqueued
[2026-05-06T01:04:13.988+0100][22.698s][info][gc,reloc    ] GC(98) Small Pages: 13 / 26M, Empty: 6M, Relocated: 1M, In-Place: 0
[2026-05-06T01:04:13.988+0100][22.698s][info][gc,reloc    ] GC(98) Medium Pages: 1 / 32M, Empty: 0M, Relocated: 0M, In-Place: 0
[2026-05-06T01:04:13.988+0100][22.698s][info][gc,reloc    ] GC(98) Large Pages: 16 / 2090M, Empty: 1898M, Relocated: 0M, In-Place: 0
[2026-05-06T01:04:13.988+0100][22.698s][info][gc,reloc    ] GC(98) Forwarding Usage: 0M
[2026-05-06T01:04:13.988+0100][22.698s][info][gc,heap     ] GC(98) Min Capacity: 8M(0%)
[2026-05-06T01:04:13.988+0100][22.698s][info][gc,heap     ] GC(98) Max Capacity: 4096M(100%)
[2026-05-06T01:04:13.988+0100][22.698s][info][gc,heap     ] GC(98) Soft Max Capacity: 4096M(100%)
[2026-05-06T01:04:13.988+0100][22.698s][info][gc,heap     ] GC(98)                Mark Start          Mark End        Relocate Start      Relocate End           High               Low         
[2026-05-06T01:04:13.988+0100][22.698s][info][gc,heap     ] GC(98)  Capacity:     3302M (81%)        3302M (81%)        3302M (81%)        3302M (81%)        3302M (81%)        3302M (81%)    
[2026-05-06T01:04:13.988+0100][22.698s][info][gc,heap     ] GC(98)      Free:     1948M (48%)        1948M (48%)        3852M (94%)        3854M (94%)        3854M (94%)        1948M (48%)    
[2026-05-06T01:04:13.988+0100][22.698s][info][gc,heap     ] GC(98)      Used:     2148M (52%)        2148M (52%)         244M (6%)          242M (6%)         2148M (52%)         242M (6%)     
[2026-05-06T01:04:13.988+0100][22.698s][info][gc,heap     ] GC(98)      Live:         -               205M (5%)          205M (5%)          205M (5%)             -                  -          
[2026-05-06T01:04:13.988+0100][22.698s][info][gc,heap     ] GC(98) Allocated:         -                 0M (0%)            0M (0%)            0M (0%)             -                  -          
[2026-05-06T01:04:13.988+0100][22.698s][info][gc,heap     ] GC(98)   Garbage:         -              1942M (47%)          38M (1%)           36M (1%)             -                  -          
[2026-05-06T01:04:13.988+0100][22.698s][info][gc,heap     ] GC(98) Reclaimed:         -                  -              1904M (46%)        1906M (47%)            -                  -          
[2026-05-06T01:04:13.988+0100][22.698s][info][gc          ] GC(98) Garbage Collection (System.gc()) 2148M(52%)->242M(6%)
[2026-05-06T01:04:14.414+0100][23.124s][info][gc,start    ] GC(99) Garbage Collection (System.gc())
[2026-05-06T01:04:14.414+0100][23.124s][info][gc,task     ] GC(99) Using 3 workers
[2026-05-06T01:04:14.414+0100][23.124s][info][gc,phases   ] GC(99) Pause Mark Start 0.004ms
[2026-05-06T01:04:14.418+0100][23.128s][info][gc,phases   ] GC(99) Concurrent Mark 3.997ms
[2026-05-06T01:04:14.418+0100][23.128s][info][gc,phases   ] GC(99) Pause Mark End 0.004ms
[2026-05-06T01:04:14.418+0100][23.128s][info][gc,phases   ] GC(99) Concurrent Mark Free 0.000ms
[2026-05-06T01:04:14.420+0100][23.130s][info][gc,phases   ] GC(99) Concurrent Process Non-Strong References 1.796ms
[2026-05-06T01:04:14.420+0100][23.130s][info][gc,phases   ] GC(99) Concurrent Reset Relocation Set 0.001ms
[2026-05-06T01:04:14.421+0100][23.130s][info][gc,phases   ] GC(99) Concurrent Select Relocation Set 0.665ms
[2026-05-06T01:04:14.421+0100][23.130s][info][gc,phases   ] GC(99) Pause Relocate Start 0.002ms
[2026-05-06T01:04:14.421+0100][23.131s][info][gc,phases   ] GC(99) Concurrent Relocate 0.399ms
[2026-05-06T01:04:14.421+0100][23.131s][info][gc,load     ] GC(99) Load: 4.52/4.54/4.24
[2026-05-06T01:04:14.421+0100][23.131s][info][gc,mmu      ] GC(99) MMU: 2ms/98.8%, 5ms/99.5%, 10ms/99.7%, 20ms/99.8%, 50ms/99.9%, 100ms/99.9%
[2026-05-06T01:04:14.421+0100][23.131s][info][gc,marking  ] GC(99) Mark: 2 stripe(s), 1 proactive flush(es), 1 terminate flush(es), 0 completion(s), 0 continuation(s) 
[2026-05-06T01:04:14.421+0100][23.131s][info][gc,marking  ] GC(99) Mark Stack Usage: 32M
[2026-05-06T01:04:14.421+0100][23.131s][info][gc,nmethod  ] GC(99) NMethods: 3916 registered, 748 unregistered
[2026-05-06T01:04:14.421+0100][23.131s][info][gc,metaspace] GC(99) Metaspace: 18M used, 19M committed, 1088M reserved
[2026-05-06T01:04:14.421+0100][23.131s][info][gc,ref      ] GC(99) Soft: 4237 encountered, 0 discovered, 0 enqueued
[2026-05-06T01:04:14.421+0100][23.131s][info][gc,ref      ] GC(99) Weak: 2364 encountered, 951 discovered, 0 enqueued
[2026-05-06T01:04:14.421+0100][23.131s][info][gc,ref      ] GC(99) Final: 6 encountered, 0 discovered, 0 enqueued
[2026-05-06T01:04:14.421+0100][23.131s][info][gc,ref      ] GC(99) Phantom: 270 encountered, 142 discovered, 0 enqueued
[2026-05-06T01:04:14.421+0100][23.131s][info][gc,reloc    ] GC(99) Small Pages: 23 / 46M, Empty: 22M, Relocated: 1M, In-Place: 0
[2026-05-06T01:04:14.421+0100][23.131s][info][gc,reloc    ] GC(99) Medium Pages: 1 / 32M, Empty: 0M, Relocated: 0M, In-Place: 0
[2026-05-06T01:04:14.421+0100][23.131s][info][gc,reloc    ] GC(99) Large Pages: 16 / 2090M, Empty: 1898M, Relocated: 0M, In-Place: 0
[2026-05-06T01:04:14.421+0100][23.131s][info][gc,reloc    ] GC(99) Forwarding Usage: 0M
[2026-05-06T01:04:14.421+0100][23.131s][info][gc,heap     ] GC(99) Min Capacity: 8M(0%)
[2026-05-06T01:04:14.421+0100][23.131s][info][gc,heap     ] GC(99) Max Capacity: 4096M(100%)
[2026-05-06T01:04:14.421+0100][23.131s][info][gc,heap     ] GC(99) Soft Max Capacity: 4096M(100%)
[2026-05-06T01:04:14.421+0100][23.131s][info][gc,heap     ] GC(99)                Mark Start          Mark End        Relocate Start      Relocate End           High               Low         
[2026-05-06T01:04:14.421+0100][23.131s][info][gc,heap     ] GC(99)  Capacity:     3302M (81%)        3302M (81%)        3302M (81%)        3302M (81%)        3302M (81%)        3302M (81%)    
[2026-05-06T01:04:14.421+0100][23.131s][info][gc,heap     ] GC(99)      Free:     1928M (47%)        1926M (47%)        3846M (94%)        3852M (94%)        3852M (94%)        1926M (47%)    
[2026-05-06T01:04:14.421+0100][23.131s][info][gc,heap     ] GC(99)      Used:     2168M (53%)        2170M (53%)         250M (6%)          244M (6%)         2170M (53%)         244M (6%)     
[2026-05-06T01:04:14.421+0100][23.131s][info][gc,heap     ] GC(99)      Live:         -               205M (5%)          205M (5%)          205M (5%)             -                  -          
[2026-05-06T01:04:14.421+0100][23.131s][info][gc,heap     ] GC(99) Allocated:         -                 2M (0%)            2M (0%)            2M (0%)             -                  -          
[2026-05-06T01:04:14.421+0100][23.131s][info][gc,heap     ] GC(99)   Garbage:         -              1962M (48%)          42M (1%)           36M (1%)             -                  -          
[2026-05-06T01:04:14.421+0100][23.131s][info][gc,heap     ] GC(99) Reclaimed:         -                  -              1920M (47%)        1926M (47%)            -                  -          
[2026-05-06T01:04:14.421+0100][23.131s][info][gc          ] GC(99) Garbage Collection (System.gc()) 2168M(53%)->244M(6%)
[2026-05-06T01:04:14.827+0100][23.536s][info][gc,start    ] GC(100) Garbage Collection (Proactive)
[2026-05-06T01:04:14.827+0100][23.536s][info][gc,task     ] GC(100) Using 3 workers
[2026-05-06T01:04:14.827+0100][23.537s][info][gc,phases   ] GC(100) Pause Mark Start 0.004ms
[2026-05-06T01:04:14.834+0100][23.543s][info][gc,phases   ] GC(100) Concurrent Mark 6.776ms
[2026-05-06T01:04:14.834+0100][23.543s][info][gc,phases   ] GC(100) Pause Mark End 0.005ms
[2026-05-06T01:04:14.834+0100][23.543s][info][gc,phases   ] GC(100) Concurrent Mark Free 0.000ms
[2026-05-06T01:04:14.837+0100][23.546s][info][gc,phases   ] GC(100) Concurrent Process Non-Strong References 2.327ms
[2026-05-06T01:04:14.837+0100][23.546s][info][gc,phases   ] GC(100) Concurrent Reset Relocation Set 0.001ms
[2026-05-06T01:04:14.837+0100][23.546s][info][gc,phases   ] GC(100) Concurrent Select Relocation Set 0.678ms
[2026-05-06T01:04:14.837+0100][23.547s][info][gc,phases   ] GC(100) Pause Relocate Start 0.003ms
[2026-05-06T01:04:14.837+0100][23.547s][info][gc,phases   ] GC(100) Concurrent Relocate 0.209ms
[2026-05-06T01:04:14.837+0100][23.547s][info][gc,load     ] GC(100) Load: 4.52/4.54/4.24
[2026-05-06T01:04:14.838+0100][23.547s][info][gc,mmu      ] GC(100) MMU: 2ms/98.8%, 5ms/99.5%, 10ms/99.7%, 20ms/99.8%, 50ms/99.9%, 100ms/99.9%
[2026-05-06T01:04:14.838+0100][23.547s][info][gc,marking  ] GC(100) Mark: 2 stripe(s), 2 proactive flush(es), 1 terminate flush(es), 0 completion(s), 0 continuation(s) 
[2026-05-06T01:04:14.838+0100][23.547s][info][gc,marking  ] GC(100) Mark Stack Usage: 32M
[2026-05-06T01:04:14.838+0100][23.547s][info][gc,nmethod  ] GC(100) NMethods: 3915 registered, 752 unregistered
[2026-05-06T01:04:14.838+0100][23.547s][info][gc,metaspace] GC(100) Metaspace: 18M used, 19M committed, 1088M reserved
[2026-05-06T01:04:14.838+0100][23.547s][info][gc,ref      ] GC(100) Soft: 4237 encountered, 0 discovered, 0 enqueued
[2026-05-06T01:04:14.838+0100][23.547s][info][gc,ref      ] GC(100) Weak: 2370 encountered, 596 discovered, 0 enqueued
[2026-05-06T01:04:14.838+0100][23.547s][info][gc,ref      ] GC(100) Final: 6 encountered, 0 discovered, 0 enqueued
[2026-05-06T01:04:14.838+0100][23.547s][info][gc,ref      ] GC(100) Phantom: 270 encountered, 162 discovered, 0 enqueued
[2026-05-06T01:04:14.838+0100][23.547s][info][gc,reloc    ] GC(100) Small Pages: 20 / 40M, Empty: 18M, Relocated: 1M, In-Place: 0
[2026-05-06T01:04:14.838+0100][23.547s][info][gc,reloc    ] GC(100) Medium Pages: 1 / 32M, Empty: 0M, Relocated: 0M, In-Place: 0
[2026-05-06T01:04:14.838+0100][23.547s][info][gc,reloc    ] GC(100) Large Pages: 16 / 2090M, Empty: 1752M, Relocated: 0M, In-Place: 0
[2026-05-06T01:04:14.838+0100][23.547s][info][gc,reloc    ] GC(100) Forwarding Usage: 0M
[2026-05-06T01:04:14.838+0100][23.547s][info][gc,heap     ] GC(100) Min Capacity: 8M(0%)
[2026-05-06T01:04:14.838+0100][23.547s][info][gc,heap     ] GC(100) Max Capacity: 4096M(100%)
[2026-05-06T01:04:14.838+0100][23.547s][info][gc,heap     ] GC(100) Soft Max Capacity: 4096M(100%)
[2026-05-06T01:04:14.838+0100][23.547s][info][gc,heap     ] GC(100)                Mark Start          Mark End        Relocate Start      Relocate End           High               Low         
[2026-05-06T01:04:14.838+0100][23.547s][info][gc,heap     ] GC(100)  Capacity:     3302M (81%)        3302M (81%)        3302M (81%)        3302M (81%)        3302M (81%)        3302M (81%)    
[2026-05-06T01:04:14.838+0100][23.547s][info][gc,heap     ] GC(100)      Free:     1934M (47%)        1934M (47%)        3704M (90%)        3706M (90%)        3706M (90%)        1934M (47%)    
[2026-05-06T01:04:14.838+0100][23.547s][info][gc,heap     ] GC(100)      Used:     2162M (53%)        2162M (53%)         392M (10%)         390M (10%)        2162M (53%)         390M (10%)    
[2026-05-06T01:04:14.838+0100][23.547s][info][gc,heap     ] GC(100)      Live:         -               351M (9%)          351M (9%)          351M (9%)             -                  -          
[2026-05-06T01:04:14.838+0100][23.547s][info][gc,heap     ] GC(100) Allocated:         -                 0M (0%)            0M (0%)            1M (0%)             -                  -          
[2026-05-06T01:04:14.838+0100][23.547s][info][gc,heap     ] GC(100)   Garbage:         -              1810M (44%)          40M (1%)           36M (1%)             -                  -          
[2026-05-06T01:04:14.838+0100][23.547s][info][gc,heap     ] GC(100) Reclaimed:         -                  -              1770M (43%)        1773M (43%)            -                  -          
[2026-05-06T01:04:14.838+0100][23.547s][info][gc          ] GC(100) Garbage Collection (Proactive) 2162M(53%)->390M(10%)
[2026-05-06T01:04:14.838+0100][23.547s][info][gc,start    ] GC(101) Garbage Collection (System.gc())
[2026-05-06T01:04:14.838+0100][23.547s][info][gc,task     ] GC(101) Using 3 workers
[2026-05-06T01:04:14.838+0100][23.547s][info][gc,phases   ] GC(101) Pause Mark Start 0.002ms
[2026-05-06T01:04:14.842+0100][23.551s][info][gc,phases   ] GC(101) Concurrent Mark 3.803ms
[2026-05-06T01:04:14.842+0100][23.551s][info][gc,phases   ] GC(101) Pause Mark End 0.003ms
[2026-05-06T01:04:14.842+0100][23.551s][info][gc,phases   ] GC(101) Concurrent Mark Free 0.000ms
[2026-05-06T01:04:14.844+0100][23.553s][info][gc,phases   ] GC(101) Concurrent Process Non-Strong References 1.703ms
[2026-05-06T01:04:14.844+0100][23.553s][info][gc,phases   ] GC(101) Concurrent Reset Relocation Set 0.000ms
[2026-05-06T01:04:14.844+0100][23.554s][info][gc,phases   ] GC(101) Concurrent Select Relocation Set 0.632ms
[2026-05-06T01:04:14.844+0100][23.554s][info][gc,phases   ] GC(101) Pause Relocate Start 0.002ms
[2026-05-06T01:04:14.844+0100][23.554s][info][gc,phases   ] GC(101) Concurrent Relocate 0.189ms
[2026-05-06T01:04:14.844+0100][23.554s][info][gc,load     ] GC(101) Load: 4.64/4.56/4.25
[2026-05-06T01:04:14.844+0100][23.554s][info][gc,mmu      ] GC(101) MMU: 2ms/98.8%, 5ms/99.5%, 10ms/99.7%, 20ms/99.8%, 50ms/99.9%, 100ms/99.9%
[2026-05-06T01:04:14.845+0100][23.554s][info][gc,marking  ] GC(101) Mark: 2 stripe(s), 1 proactive flush(es), 1 terminate flush(es), 0 completion(s), 0 continuation(s) 
[2026-05-06T01:04:14.845+0100][23.554s][info][gc,marking  ] GC(101) Mark Stack Usage: 32M
[2026-05-06T01:04:14.845+0100][23.554s][info][gc,nmethod  ] GC(101) NMethods: 3915 registered, 752 unregistered
[2026-05-06T01:04:14.845+0100][23.554s][info][gc,metaspace] GC(101) Metaspace: 18M used, 19M committed, 1088M reserved
[2026-05-06T01:04:14.845+0100][23.554s][info][gc,ref      ] GC(101) Soft: 4237 encountered, 0 discovered, 0 enqueued
[2026-05-06T01:04:14.845+0100][23.554s][info][gc,ref      ] GC(101) Weak: 2363 encountered, 1531 discovered, 0 enqueued
[2026-05-06T01:04:14.845+0100][23.554s][info][gc,ref      ] GC(101) Final: 6 encountered, 0 discovered, 0 enqueued
[2026-05-06T01:04:14.845+0100][23.554s][info][gc,ref      ] GC(101) Phantom: 270 encountered, 124 discovered, 0 enqueued
[2026-05-06T01:04:14.845+0100][23.554s][info][gc,reloc    ] GC(101) Small Pages: 10 / 20M, Empty: 0M, Relocated: 1M, In-Place: 0
[2026-05-06T01:04:14.845+0100][23.554s][info][gc,reloc    ] GC(101) Medium Pages: 1 / 32M, Empty: 0M, Relocated: 0M, In-Place: 0
[2026-05-06T01:04:14.845+0100][23.554s][info][gc,reloc    ] GC(101) Large Pages: 4 / 338M, Empty: 146M, Relocated: 0M, In-Place: 0
[2026-05-06T01:04:14.845+0100][23.554s][info][gc,reloc    ] GC(101) Forwarding Usage: 0M
[2026-05-06T01:04:14.845+0100][23.554s][info][gc,heap     ] GC(101) Min Capacity: 8M(0%)
[2026-05-06T01:04:14.845+0100][23.554s][info][gc,heap     ] GC(101) Max Capacity: 4096M(100%)
[2026-05-06T01:04:14.845+0100][23.554s][info][gc,heap     ] GC(101) Soft Max Capacity: 4096M(100%)
[2026-05-06T01:04:14.845+0100][23.554s][info][gc,heap     ] GC(101)                Mark Start          Mark End        Relocate Start      Relocate End           High               Low         
[2026-05-06T01:04:14.845+0100][23.554s][info][gc,heap     ] GC(101)  Capacity:     3302M (81%)        3302M (81%)        3302M (81%)        3302M (81%)        3302M (81%)        3302M (81%)    
[2026-05-06T01:04:14.845+0100][23.554s][info][gc,heap     ] GC(101)      Free:     3706M (90%)        3706M (90%)        3852M (94%)        3854M (94%)        3854M (94%)        3706M (90%)    
[2026-05-06T01:04:14.845+0100][23.554s][info][gc,heap     ] GC(101)      Used:      390M (10%)         390M (10%)         244M (6%)          242M (6%)          390M (10%)         242M (6%)     
[2026-05-06T01:04:14.845+0100][23.554s][info][gc,heap     ] GC(101)      Live:         -               205M (5%)          205M (5%)          205M (5%)             -                  -          
[2026-05-06T01:04:14.845+0100][23.554s][info][gc,heap     ] GC(101) Allocated:         -                 0M (0%)            0M (0%)            0M (0%)             -                  -          
[2026-05-06T01:04:14.845+0100][23.554s][info][gc,heap     ] GC(101)   Garbage:         -               184M (5%)           38M (1%)           36M (1%)             -                  -          
[2026-05-06T01:04:14.845+0100][23.554s][info][gc,heap     ] GC(101) Reclaimed:         -                  -               146M (4%)          148M (4%)             -                  -          
[2026-05-06T01:04:14.845+0100][23.554s][info][gc          ] GC(101) Garbage Collection (System.gc()) 390M(10%)->242M(6%)
[2026-05-06T01:04:15.230+0100][23.939s][info][gc,start    ] GC(102) Garbage Collection (System.gc())
[2026-05-06T01:04:15.230+0100][23.939s][info][gc,task     ] GC(102) Using 3 workers
[2026-05-06T01:04:15.230+0100][23.939s][info][gc,phases   ] GC(102) Pause Mark Start 0.003ms
[2026-05-06T01:04:15.235+0100][23.944s][info][gc,phases   ] GC(102) Concurrent Mark 4.985ms
[2026-05-06T01:04:15.235+0100][23.945s][info][gc,phases   ] GC(102) Pause Mark End 0.004ms
[2026-05-06T01:04:15.235+0100][23.945s][info][gc,phases   ] GC(102) Concurrent Mark Free 0.000ms
[2026-05-06T01:04:15.237+0100][23.946s][info][gc,phases   ] GC(102) Concurrent Process Non-Strong References 1.848ms
[2026-05-06T01:04:15.237+0100][23.946s][info][gc,phases   ] GC(102) Concurrent Reset Relocation Set 0.001ms
[2026-05-06T01:04:15.238+0100][23.947s][info][gc,phases   ] GC(102) Concurrent Select Relocation Set 0.649ms
[2026-05-06T01:04:15.238+0100][23.947s][info][gc,phases   ] GC(102) Pause Relocate Start 0.002ms
[2026-05-06T01:04:15.238+0100][23.947s][info][gc,phases   ] GC(102) Concurrent Relocate 0.190ms
[2026-05-06T01:04:15.238+0100][23.947s][info][gc,load     ] GC(102) Load: 4.64/4.56/4.25
[2026-05-06T01:04:15.238+0100][23.947s][info][gc,mmu      ] GC(102) MMU: 2ms/98.8%, 5ms/99.5%, 10ms/99.7%, 20ms/99.8%, 50ms/99.9%, 100ms/99.9%
[2026-05-06T01:04:15.238+0100][23.947s][info][gc,marking  ] GC(102) Mark: 2 stripe(s), 2 proactive flush(es), 1 terminate flush(es), 0 completion(s), 0 continuation(s) 
[2026-05-06T01:04:15.238+0100][23.947s][info][gc,marking  ] GC(102) Mark Stack Usage: 32M
[2026-05-06T01:04:15.238+0100][23.947s][info][gc,nmethod  ] GC(102) NMethods: 3916 registered, 754 unregistered
[2026-05-06T01:04:15.238+0100][23.947s][info][gc,metaspace] GC(102) Metaspace: 18M used, 19M committed, 1088M reserved
[2026-05-06T01:04:15.238+0100][23.947s][info][gc,ref      ] GC(102) Soft: 4237 encountered, 0 discovered, 0 enqueued
[2026-05-06T01:04:15.238+0100][23.947s][info][gc,ref      ] GC(102) Weak: 2364 encountered, 1018 discovered, 0 enqueued
[2026-05-06T01:04:15.238+0100][23.947s][info][gc,ref      ] GC(102) Final: 6 encountered, 6 discovered, 0 enqueued
[2026-05-06T01:04:15.238+0100][23.947s][info][gc,ref      ] GC(102) Phantom: 270 encountered, 196 discovered, 0 enqueued
[2026-05-06T01:04:15.238+0100][23.947s][info][gc,reloc    ] GC(102) Small Pages: 14 / 28M, Empty: 2M, Relocated: 1M, In-Place: 0
[2026-05-06T01:04:15.238+0100][23.947s][info][gc,reloc    ] GC(102) Medium Pages: 1 / 32M, Empty: 0M, Relocated: 0M, In-Place: 0
[2026-05-06T01:04:15.238+0100][23.947s][info][gc,reloc    ] GC(102) Large Pages: 16 / 2090M, Empty: 1898M, Relocated: 0M, In-Place: 0
[2026-05-06T01:04:15.238+0100][23.947s][info][gc,reloc    ] GC(102) Forwarding Usage: 0M
[2026-05-06T01:04:15.238+0100][23.947s][info][gc,heap     ] GC(102) Min Capacity: 8M(0%)
[2026-05-06T01:04:15.238+0100][23.947s][info][gc,heap     ] GC(102) Max Capacity: 4096M(100%)
[2026-05-06T01:04:15.238+0100][23.947s][info][gc,heap     ] GC(102) Soft Max Capacity: 4096M(100%)
[2026-05-06T01:04:15.238+0100][23.947s][info][gc,heap     ] GC(102)                Mark Start          Mark End        Relocate Start      Relocate End           High               Low         
[2026-05-06T01:04:15.238+0100][23.947s][info][gc,heap     ] GC(102)  Capacity:     3302M (81%)        3302M (81%)        3302M (81%)        3302M (81%)        3302M (81%)        3302M (81%)    
[2026-05-06T01:04:15.238+0100][23.947s][info][gc,heap     ] GC(102)      Free:     1946M (48%)        1944M (47%)        3844M (94%)        3852M (94%)        3852M (94%)        1944M (47%)    
[2026-05-06T01:04:15.238+0100][23.947s][info][gc,heap     ] GC(102)      Used:     2150M (52%)        2152M (53%)         252M (6%)          244M (6%)         2152M (53%)         244M (6%)     
[2026-05-06T01:04:15.238+0100][23.947s][info][gc,heap     ] GC(102)      Live:         -               205M (5%)          205M (5%)          205M (5%)             -                  -          
[2026-05-06T01:04:15.238+0100][23.947s][info][gc,heap     ] GC(102) Allocated:         -                 2M (0%)            2M (0%)            2M (0%)             -                  -          
[2026-05-06T01:04:15.238+0100][23.947s][info][gc,heap     ] GC(102)   Garbage:         -              1944M (47%)          44M (1%)           36M (1%)             -                  -          
[2026-05-06T01:04:15.238+0100][23.947s][info][gc,heap     ] GC(102) Reclaimed:         -                  -              1900M (46%)        1908M (47%)            -                  -          
[2026-05-06T01:04:15.238+0100][23.947s][info][gc          ] GC(102) Garbage Collection (System.gc()) 2150M(52%)->244M(6%)
[2026-05-06T01:04:15.615+0100][24.324s][info][gc,start    ] GC(103) Garbage Collection (System.gc())
[2026-05-06T01:04:15.615+0100][24.324s][info][gc,task     ] GC(103) Using 3 workers
[2026-05-06T01:04:15.615+0100][24.324s][info][gc,phases   ] GC(103) Pause Mark Start 0.003ms
[2026-05-06T01:04:15.619+0100][24.329s][info][gc,phases   ] GC(103) Concurrent Mark 4.173ms
[2026-05-06T01:04:15.619+0100][24.329s][info][gc,phases   ] GC(103) Pause Mark End 0.006ms
[2026-05-06T01:04:15.619+0100][24.329s][info][gc,phases   ] GC(103) Concurrent Mark Free 0.000ms
[2026-05-06T01:04:15.621+0100][24.331s][info][gc,phases   ] GC(103) Concurrent Process Non-Strong References 1.816ms
[2026-05-06T01:04:15.621+0100][24.331s][info][gc,phases   ] GC(103) Concurrent Reset Relocation Set 0.001ms
[2026-05-06T01:04:15.622+0100][24.331s][info][gc,phases   ] GC(103) Concurrent Select Relocation Set 0.609ms
[2026-05-06T01:04:15.622+0100][24.331s][info][gc,phases   ] GC(103) Pause Relocate Start 0.002ms
[2026-05-06T01:04:15.622+0100][24.331s][info][gc,phases   ] GC(103) Concurrent Relocate 0.197ms
[2026-05-06T01:04:15.622+0100][24.331s][info][gc,load     ] GC(103) Load: 4.64/4.56/4.25
[2026-05-06T01:04:15.622+0100][24.331s][info][gc,mmu      ] GC(103) MMU: 2ms/98.8%, 5ms/99.5%, 10ms/99.7%, 20ms/99.8%, 50ms/99.9%, 100ms/99.9%
[2026-05-06T01:04:15.622+0100][24.331s][info][gc,marking  ] GC(103) Mark: 2 stripe(s), 1 proactive flush(es), 1 terminate flush(es), 0 completion(s), 0 continuation(s) 
[2026-05-06T01:04:15.622+0100][24.331s][info][gc,marking  ] GC(103) Mark Stack Usage: 32M
[2026-05-06T01:04:15.622+0100][24.331s][info][gc,nmethod  ] GC(103) NMethods: 3916 registered, 758 unregistered
[2026-05-06T01:04:15.622+0100][24.331s][info][gc,metaspace] GC(103) Metaspace: 18M used, 19M committed, 1088M reserved
[2026-05-06T01:04:15.622+0100][24.331s][info][gc,ref      ] GC(103) Soft: 4237 encountered, 0 discovered, 0 enqueued
[2026-05-06T01:04:15.622+0100][24.331s][info][gc,ref      ] GC(103) Weak: 2364 encountered, 1268 discovered, 0 enqueued
[2026-05-06T01:04:15.622+0100][24.331s][info][gc,ref      ] GC(103) Final: 6 encountered, 6 discovered, 0 enqueued
[2026-05-06T01:04:15.622+0100][24.331s][info][gc,ref      ] GC(103) Phantom: 270 encountered, 212 discovered, 0 enqueued
[2026-05-06T01:04:15.622+0100][24.331s][info][gc,reloc    ] GC(103) Small Pages: 28 / 56M, Empty: 30M, Relocated: 1M, In-Place: 0
[2026-05-06T01:04:15.622+0100][24.331s][info][gc,reloc    ] GC(103) Medium Pages: 1 / 32M, Empty: 0M, Relocated: 0M, In-Place: 0
[2026-05-06T01:04:15.622+0100][24.331s][info][gc,reloc    ] GC(103) Large Pages: 16 / 2090M, Empty: 1898M, Relocated: 0M, In-Place: 0
[2026-05-06T01:04:15.622+0100][24.331s][info][gc,reloc    ] GC(103) Forwarding Usage: 0M
[2026-05-06T01:04:15.622+0100][24.331s][info][gc,heap     ] GC(103) Min Capacity: 8M(0%)
[2026-05-06T01:04:15.622+0100][24.331s][info][gc,heap     ] GC(103) Max Capacity: 4096M(100%)
[2026-05-06T01:04:15.622+0100][24.331s][info][gc,heap     ] GC(103) Soft Max Capacity: 4096M(100%)
[2026-05-06T01:04:15.622+0100][24.331s][info][gc,heap     ] GC(103)                Mark Start          Mark End        Relocate Start      Relocate End           High               Low         
[2026-05-06T01:04:15.622+0100][24.331s][info][gc,heap     ] GC(103)  Capacity:     3302M (81%)        3302M (81%)        3302M (81%)        3302M (81%)        3302M (81%)        3302M (81%)    
[2026-05-06T01:04:15.622+0100][24.331s][info][gc,heap     ] GC(103)      Free:     1918M (47%)        1916M (47%)        3844M (94%)        3852M (94%)        3852M (94%)        1916M (47%)    
[2026-05-06T01:04:15.622+0100][24.331s][info][gc,heap     ] GC(103)      Used:     2178M (53%)        2180M (53%)         252M (6%)          244M (6%)         2180M (53%)         244M (6%)     
[2026-05-06T01:04:15.622+0100][24.331s][info][gc,heap     ] GC(103)      Live:         -               205M (5%)          205M (5%)          205M (5%)             -                  -          
[2026-05-06T01:04:15.622+0100][24.331s][info][gc,heap     ] GC(103) Allocated:         -                 2M (0%)            2M (0%)            2M (0%)             -                  -          
[2026-05-06T01:04:15.622+0100][24.331s][info][gc,heap     ] GC(103)   Garbage:         -              1972M (48%)          44M (1%)           36M (1%)             -                  -          
[2026-05-06T01:04:15.622+0100][24.331s][info][gc,heap     ] GC(103) Reclaimed:         -                  -              1928M (47%)        1936M (47%)            -                  -          
[2026-05-06T01:04:15.622+0100][24.331s][info][gc          ] GC(103) Garbage Collection (System.gc()) 2178M(53%)->244M(6%)
[2026-05-06T01:04:16.012+0100][24.721s][info][gc,start    ] GC(104) Garbage Collection (System.gc())
[2026-05-06T01:04:16.012+0100][24.721s][info][gc,task     ] GC(104) Using 3 workers
[2026-05-06T01:04:16.012+0100][24.721s][info][gc,phases   ] GC(104) Pause Mark Start 0.003ms
[2026-05-06T01:04:16.016+0100][24.725s][info][gc,phases   ] GC(104) Concurrent Mark 4.128ms
[2026-05-06T01:04:16.016+0100][24.725s][info][gc,phases   ] GC(104) Pause Mark End 0.004ms
[2026-05-06T01:04:16.016+0100][24.725s][info][gc,phases   ] GC(104) Concurrent Mark Free 0.000ms
[2026-05-06T01:04:16.018+0100][24.727s][info][gc,phases   ] GC(104) Concurrent Process Non-Strong References 1.796ms
[2026-05-06T01:04:16.018+0100][24.727s][info][gc,phases   ] GC(104) Concurrent Reset Relocation Set 0.000ms
[2026-05-06T01:04:16.019+0100][24.728s][info][gc,phases   ] GC(104) Concurrent Select Relocation Set 0.655ms
[2026-05-06T01:04:16.019+0100][24.728s][info][gc,phases   ] GC(104) Pause Relocate Start 0.002ms
[2026-05-06T01:04:16.019+0100][24.728s][info][gc,phases   ] GC(104) Concurrent Relocate 0.191ms
[2026-05-06T01:04:16.019+0100][24.728s][info][gc,load     ] GC(104) Load: 4.64/4.56/4.25
[2026-05-06T01:04:16.019+0100][24.728s][info][gc,mmu      ] GC(104) MMU: 2ms/98.8%, 5ms/99.5%, 10ms/99.7%, 20ms/99.8%, 50ms/99.9%, 100ms/99.9%
[2026-05-06T01:04:16.019+0100][24.728s][info][gc,marking  ] GC(104) Mark: 2 stripe(s), 1 proactive flush(es), 1 terminate flush(es), 0 completion(s), 0 continuation(s) 
[2026-05-06T01:04:16.019+0100][24.728s][info][gc,marking  ] GC(104) Mark Stack Usage: 32M
[2026-05-06T01:04:16.019+0100][24.728s][info][gc,nmethod  ] GC(104) NMethods: 3917 registered, 759 unregistered
[2026-05-06T01:04:16.019+0100][24.728s][info][gc,metaspace] GC(104) Metaspace: 18M used, 19M committed, 1088M reserved
[2026-05-06T01:04:16.019+0100][24.728s][info][gc,ref      ] GC(104) Soft: 4237 encountered, 0 discovered, 0 enqueued
[2026-05-06T01:04:16.019+0100][24.728s][info][gc,ref      ] GC(104) Weak: 2363 encountered, 1108 discovered, 0 enqueued
[2026-05-06T01:04:16.019+0100][24.728s][info][gc,ref      ] GC(104) Final: 6 encountered, 6 discovered, 0 enqueued
[2026-05-06T01:04:16.019+0100][24.728s][info][gc,ref      ] GC(104) Phantom: 270 encountered, 212 discovered, 0 enqueued
[2026-05-06T01:04:16.019+0100][24.728s][info][gc,reloc    ] GC(104) Small Pages: 24 / 48M, Empty: 28M, Relocated: 1M, In-Place: 0
[2026-05-06T01:04:16.019+0100][24.728s][info][gc,reloc    ] GC(104) Medium Pages: 1 / 32M, Empty: 0M, Relocated: 0M, In-Place: 0
[2026-05-06T01:04:16.019+0100][24.728s][info][gc,reloc    ] GC(104) Large Pages: 16 / 2090M, Empty: 1898M, Relocated: 0M, In-Place: 0
[2026-05-06T01:04:16.019+0100][24.728s][info][gc,reloc    ] GC(104) Forwarding Usage: 0M
[2026-05-06T01:04:16.019+0100][24.728s][info][gc,heap     ] GC(104) Min Capacity: 8M(0%)
[2026-05-06T01:04:16.019+0100][24.728s][info][gc,heap     ] GC(104) Max Capacity: 4096M(100%)
[2026-05-06T01:04:16.019+0100][24.728s][info][gc,heap     ] GC(104) Soft Max Capacity: 4096M(100%)
[2026-05-06T01:04:16.019+0100][24.728s][info][gc,heap     ] GC(104)                Mark Start          Mark End        Relocate Start      Relocate End           High               Low         
[2026-05-06T01:04:16.019+0100][24.728s][info][gc,heap     ] GC(104)  Capacity:     3302M (81%)        3302M (81%)        3302M (81%)        3302M (81%)        3302M (81%)        3302M (81%)    
[2026-05-06T01:04:16.019+0100][24.728s][info][gc,heap     ] GC(104)      Free:     1926M (47%)        1926M (47%)        3852M (94%)        3854M (94%)        3854M (94%)        1926M (47%)    
[2026-05-06T01:04:16.019+0100][24.728s][info][gc,heap     ] GC(104)      Used:     2170M (53%)        2170M (53%)         244M (6%)          242M (6%)         2170M (53%)         242M (6%)     
[2026-05-06T01:04:16.019+0100][24.728s][info][gc,heap     ] GC(104)      Live:         -               205M (5%)          205M (5%)          205M (5%)             -                  -          
[2026-05-06T01:04:16.019+0100][24.728s][info][gc,heap     ] GC(104) Allocated:         -                 0M (0%)            0M (0%)            0M (0%)             -                  -          
[2026-05-06T01:04:16.019+0100][24.728s][info][gc,heap     ] GC(104)   Garbage:         -              1964M (48%)          38M (1%)           36M (1%)             -                  -          
[2026-05-06T01:04:16.019+0100][24.728s][info][gc,heap     ] GC(104) Reclaimed:         -                  -              1926M (47%)        1928M (47%)            -                  -          
[2026-05-06T01:04:16.019+0100][24.728s][info][gc          ] GC(104) Garbage Collection (System.gc()) 2170M(53%)->242M(6%)
[2026-05-06T01:04:16.428+0100][25.137s][info][gc,start    ] GC(105) Garbage Collection (Proactive)
[2026-05-06T01:04:16.428+0100][25.137s][info][gc,task     ] GC(105) Using 3 workers
[2026-05-06T01:04:16.428+0100][25.138s][info][gc,phases   ] GC(105) Pause Mark Start 0.005ms
[2026-05-06T01:04:16.435+0100][25.144s][info][gc,phases   ] GC(105) Concurrent Mark 6.270ms
[2026-05-06T01:04:16.435+0100][25.144s][info][gc,phases   ] GC(105) Pause Mark End 0.005ms
[2026-05-06T01:04:16.435+0100][25.144s][info][gc,phases   ] GC(105) Concurrent Mark Free 0.000ms
[2026-05-06T01:04:16.436+0100][25.146s][info][gc,phases   ] GC(105) Concurrent Process Non-Strong References 1.817ms
[2026-05-06T01:04:16.437+0100][25.146s][info][gc,phases   ] GC(105) Concurrent Reset Relocation Set 0.001ms
[2026-05-06T01:04:16.439+0100][25.148s][info][gc,phases   ] GC(105) Concurrent Select Relocation Set 2.473ms
[2026-05-06T01:04:16.439+0100][25.148s][info][gc,phases   ] GC(105) Pause Relocate Start 0.003ms
[2026-05-06T01:04:16.439+0100][25.148s][info][gc,phases   ] GC(105) Concurrent Relocate 0.201ms
[2026-05-06T01:04:16.439+0100][25.148s][info][gc,load     ] GC(105) Load: 4.64/4.56/4.25
[2026-05-06T01:04:16.439+0100][25.148s][info][gc,mmu      ] GC(105) MMU: 2ms/98.8%, 5ms/99.5%, 10ms/99.7%, 20ms/99.8%, 50ms/99.9%, 100ms/99.9%
[2026-05-06T01:04:16.439+0100][25.149s][info][gc,marking  ] GC(105) Mark: 2 stripe(s), 2 proactive flush(es), 1 terminate flush(es), 0 completion(s), 0 continuation(s) 
[2026-05-06T01:04:16.439+0100][25.149s][info][gc,marking  ] GC(105) Mark Stack Usage: 32M
[2026-05-06T01:04:16.439+0100][25.149s][info][gc,nmethod  ] GC(105) NMethods: 3917 registered, 761 unregistered
[2026-05-06T01:04:16.439+0100][25.149s][info][gc,metaspace] GC(105) Metaspace: 18M used, 19M committed, 1088M reserved
[2026-05-06T01:04:16.439+0100][25.149s][info][gc,ref      ] GC(105) Soft: 4237 encountered, 0 discovered, 0 enqueued
[2026-05-06T01:04:16.439+0100][25.149s][info][gc,ref      ] GC(105) Weak: 2380 encountered, 1137 discovered, 0 enqueued
[2026-05-06T01:04:16.439+0100][25.149s][info][gc,ref      ] GC(105) Final: 6 encountered, 0 discovered, 0 enqueued
[2026-05-06T01:04:16.439+0100][25.149s][info][gc,ref      ] GC(105) Phantom: 270 encountered, 212 discovered, 0 enqueued
[2026-05-06T01:04:16.439+0100][25.149s][info][gc,reloc    ] GC(105) Small Pages: 16 / 32M, Empty: 6M, Relocated: 1M, In-Place: 0
[2026-05-06T01:04:16.439+0100][25.149s][info][gc,reloc    ] GC(105) Medium Pages: 1 / 32M, Empty: 0M, Relocated: 0M, In-Place: 0
[2026-05-06T01:04:16.439+0100][25.149s][info][gc,reloc    ] GC(105) Large Pages: 16 / 2090M, Empty: 1752M, Relocated: 0M, In-Place: 0
[2026-05-06T01:04:16.439+0100][25.149s][info][gc,reloc    ] GC(105) Forwarding Usage: 0M
[2026-05-06T01:04:16.439+0100][25.149s][info][gc,heap     ] GC(105) Min Capacity: 8M(0%)
[2026-05-06T01:04:16.439+0100][25.149s][info][gc,heap     ] GC(105) Max Capacity: 4096M(100%)
[2026-05-06T01:04:16.439+0100][25.149s][info][gc,heap     ] GC(105) Soft Max Capacity: 4096M(100%)
[2026-05-06T01:04:16.439+0100][25.149s][info][gc,heap     ] GC(105)                Mark Start          Mark End        Relocate Start      Relocate End           High               Low         
[2026-05-06T01:04:16.439+0100][25.149s][info][gc,heap     ] GC(105)  Capacity:     3302M (81%)        3302M (81%)        3302M (81%)        3302M (81%)        3302M (81%)        3302M (81%)    
[2026-05-06T01:04:16.439+0100][25.149s][info][gc,heap     ] GC(105)      Free:     1942M (47%)        1938M (47%)        3694M (90%)        3702M (90%)        3702M (90%)        1936M (47%)    
[2026-05-06T01:04:16.439+0100][25.149s][info][gc,heap     ] GC(105)      Used:     2154M (53%)        2158M (53%)         402M (10%)         394M (10%)        2160M (53%)         394M (10%)    
[2026-05-06T01:04:16.439+0100][25.149s][info][gc,heap     ] GC(105)      Live:         -               351M (9%)          351M (9%)          351M (9%)             -                  -          
[2026-05-06T01:04:16.439+0100][25.149s][info][gc,heap     ] GC(105) Allocated:         -                 4M (0%)            6M (0%)            6M (0%)             -                  -          
[2026-05-06T01:04:16.439+0100][25.149s][info][gc,heap     ] GC(105)   Garbage:         -              1802M (44%)          44M (1%)           36M (1%)             -                  -          
[2026-05-06T01:04:16.439+0100][25.149s][info][gc,heap     ] GC(105) Reclaimed:         -                  -              1758M (43%)        1766M (43%)            -                  -          
[2026-05-06T01:04:16.439+0100][25.149s][info][gc          ] GC(105) Garbage Collection (Proactive) 2154M(53%)->394M(10%)
[2026-05-06T01:04:16.439+0100][25.149s][info][gc,start    ] GC(106) Garbage Collection (System.gc())
[2026-05-06T01:04:16.439+0100][25.149s][info][gc,task     ] GC(106) Using 3 workers
[2026-05-06T01:04:16.439+0100][25.149s][info][gc,phases   ] GC(106) Pause Mark Start 0.002ms
[2026-05-06T01:04:16.443+0100][25.153s][info][gc,phases   ] GC(106) Concurrent Mark 4.085ms
[2026-05-06T01:04:16.444+0100][25.153s][info][gc,phases   ] GC(106) Pause Mark End 0.006ms
[2026-05-06T01:04:16.444+0100][25.153s][info][gc,phases   ] GC(106) Concurrent Mark Free 0.000ms
[2026-05-06T01:04:16.445+0100][25.154s][info][gc,phases   ] GC(106) Concurrent Process Non-Strong References 1.631ms
[2026-05-06T01:04:16.445+0100][25.154s][info][gc,phases   ] GC(106) Concurrent Reset Relocation Set 0.001ms
[2026-05-06T01:04:16.446+0100][25.155s][info][gc,phases   ] GC(106) Concurrent Select Relocation Set 0.611ms
[2026-05-06T01:04:16.446+0100][25.155s][info][gc,phases   ] GC(106) Pause Relocate Start 0.002ms
[2026-05-06T01:04:16.446+0100][25.155s][info][gc,phases   ] GC(106) Concurrent Relocate 0.277ms
[2026-05-06T01:04:16.446+0100][25.155s][info][gc,load     ] GC(106) Load: 4.64/4.56/4.25
[2026-05-06T01:04:16.446+0100][25.155s][info][gc,mmu      ] GC(106) MMU: 2ms/98.8%, 5ms/99.5%, 10ms/99.7%, 20ms/99.8%, 50ms/99.9%, 100ms/99.9%
[2026-05-06T01:04:16.446+0100][25.155s][info][gc,marking  ] GC(106) Mark: 2 stripe(s), 1 proactive flush(es), 1 terminate flush(es), 0 completion(s), 0 continuation(s) 
[2026-05-06T01:04:16.446+0100][25.155s][info][gc,marking  ] GC(106) Mark Stack Usage: 32M
[2026-05-06T01:04:16.446+0100][25.155s][info][gc,nmethod  ] GC(106) NMethods: 3917 registered, 761 unregistered
[2026-05-06T01:04:16.446+0100][25.155s][info][gc,metaspace] GC(106) Metaspace: 18M used, 19M committed, 1088M reserved
[2026-05-06T01:04:16.446+0100][25.155s][info][gc,ref      ] GC(106) Soft: 4237 encountered, 0 discovered, 0 enqueued
[2026-05-06T01:04:16.446+0100][25.155s][info][gc,ref      ] GC(106) Weak: 2363 encountered, 542 discovered, 0 enqueued
[2026-05-06T01:04:16.446+0100][25.155s][info][gc,ref      ] GC(106) Final: 6 encountered, 0 discovered, 0 enqueued
[2026-05-06T01:04:16.446+0100][25.155s][info][gc,ref      ] GC(106) Phantom: 270 encountered, 158 discovered, 0 enqueued
[2026-05-06T01:04:16.446+0100][25.155s][info][gc,reloc    ] GC(106) Small Pages: 12 / 24M, Empty: 6M, Relocated: 1M, In-Place: 0
[2026-05-06T01:04:16.446+0100][25.155s][info][gc,reloc    ] GC(106) Medium Pages: 1 / 32M, Empty: 0M, Relocated: 0M, In-Place: 0
[2026-05-06T01:04:16.446+0100][25.155s][info][gc,reloc    ] GC(106) Large Pages: 4 / 338M, Empty: 146M, Relocated: 0M, In-Place: 0
[2026-05-06T01:04:16.446+0100][25.155s][info][gc,reloc    ] GC(106) Forwarding Usage: 0M
[2026-05-06T01:04:16.446+0100][25.155s][info][gc,heap     ] GC(106) Min Capacity: 8M(0%)
[2026-05-06T01:04:16.446+0100][25.155s][info][gc,heap     ] GC(106) Max Capacity: 4096M(100%)
[2026-05-06T01:04:16.446+0100][25.155s][info][gc,heap     ] GC(106) Soft Max Capacity: 4096M(100%)
[2026-05-06T01:04:16.446+0100][25.155s][info][gc,heap     ] GC(106)                Mark Start          Mark End        Relocate Start      Relocate End           High               Low         
[2026-05-06T01:04:16.446+0100][25.155s][info][gc,heap     ] GC(106)  Capacity:     3302M (81%)        3302M (81%)        3302M (81%)        3302M (81%)        3302M (81%)        3302M (81%)    
[2026-05-06T01:04:16.446+0100][25.155s][info][gc,heap     ] GC(106)      Free:     3702M (90%)        3702M (90%)        3854M (94%)        3854M (94%)        3854M (94%)        3702M (90%)    
[2026-05-06T01:04:16.446+0100][25.155s][info][gc,heap     ] GC(106)      Used:      394M (10%)         394M (10%)         242M (6%)          242M (6%)          394M (10%)         242M (6%)     
[2026-05-06T01:04:16.446+0100][25.155s][info][gc,heap     ] GC(106)      Live:         -               205M (5%)          205M (5%)          205M (5%)             -                  -          
[2026-05-06T01:04:16.446+0100][25.155s][info][gc,heap     ] GC(106) Allocated:         -                 0M (0%)            0M (0%)            0M (0%)             -                  -          
[2026-05-06T01:04:16.446+0100][25.155s][info][gc,heap     ] GC(106)   Garbage:         -               188M (5%)           36M (1%)           36M (1%)             -                  -          
[2026-05-06T01:04:16.446+0100][25.155s][info][gc,heap     ] GC(106) Reclaimed:         -                  -               152M (4%)          152M (4%)             -                  -          
[2026-05-06T01:04:16.446+0100][25.155s][info][gc          ] GC(106) Garbage Collection (System.gc()) 394M(10%)->242M(6%)
[2026-05-06T01:04:16.807+0100][25.516s][info][gc,start    ] GC(107) Garbage Collection (System.gc())
[2026-05-06T01:04:16.807+0100][25.517s][info][gc,task     ] GC(107) Using 3 workers
[2026-05-06T01:04:16.807+0100][25.517s][info][gc,phases   ] GC(107) Pause Mark Start 0.005ms
[2026-05-06T01:04:16.812+0100][25.521s][info][gc,phases   ] GC(107) Concurrent Mark 4.371ms
[2026-05-06T01:04:16.812+0100][25.521s][info][gc,phases   ] GC(107) Pause Mark End 0.003ms
[2026-05-06T01:04:16.812+0100][25.521s][info][gc,phases   ] GC(107) Concurrent Mark Free 0.000ms
[2026-05-06T01:04:16.814+0100][25.523s][info][gc,phases   ] GC(107) Concurrent Process Non-Strong References 1.844ms
[2026-05-06T01:04:16.814+0100][25.523s][info][gc,phases   ] GC(107) Concurrent Reset Relocation Set 0.001ms
[2026-05-06T01:04:16.814+0100][25.524s][info][gc,phases   ] GC(107) Concurrent Select Relocation Set 0.663ms
[2026-05-06T01:04:16.814+0100][25.524s][info][gc,phases   ] GC(107) Pause Relocate Start 0.002ms
[2026-05-06T01:04:16.815+0100][25.524s][info][gc,phases   ] GC(107) Concurrent Relocate 0.215ms
[2026-05-06T01:04:16.815+0100][25.524s][info][gc,load     ] GC(107) Load: 4.64/4.56/4.25
[2026-05-06T01:04:16.815+0100][25.524s][info][gc,mmu      ] GC(107) MMU: 2ms/98.8%, 5ms/99.5%, 10ms/99.7%, 20ms/99.8%, 50ms/99.9%, 100ms/99.9%
[2026-05-06T01:04:16.815+0100][25.524s][info][gc,marking  ] GC(107) Mark: 2 stripe(s), 1 proactive flush(es), 1 terminate flush(es), 0 completion(s), 0 continuation(s) 
[2026-05-06T01:04:16.815+0100][25.524s][info][gc,marking  ] GC(107) Mark Stack Usage: 32M
[2026-05-06T01:04:16.815+0100][25.524s][info][gc,nmethod  ] GC(107) NMethods: 3917 registered, 761 unregistered
[2026-05-06T01:04:16.815+0100][25.524s][info][gc,metaspace] GC(107) Metaspace: 18M used, 19M committed, 1088M reserved
[2026-05-06T01:04:16.815+0100][25.524s][info][gc,ref      ] GC(107) Soft: 4237 encountered, 0 discovered, 0 enqueued
[2026-05-06T01:04:16.815+0100][25.524s][info][gc,ref      ] GC(107) Weak: 2364 encountered, 619 discovered, 0 enqueued
[2026-05-06T01:04:16.815+0100][25.524s][info][gc,ref      ] GC(107) Final: 6 encountered, 0 discovered, 0 enqueued
[2026-05-06T01:04:16.815+0100][25.524s][info][gc,ref      ] GC(107) Phantom: 270 encountered, 158 discovered, 0 enqueued
[2026-05-06T01:04:16.815+0100][25.524s][info][gc,reloc    ] GC(107) Small Pages: 36 / 72M, Empty: 50M, Relocated: 1M, In-Place: 0
[2026-05-06T01:04:16.815+0100][25.524s][info][gc,reloc    ] GC(107) Medium Pages: 1 / 32M, Empty: 0M, Relocated: 0M, In-Place: 0
[2026-05-06T01:04:16.815+0100][25.524s][info][gc,reloc    ] GC(107) Large Pages: 16 / 2090M, Empty: 1898M, Relocated: 0M, In-Place: 0
[2026-05-06T01:04:16.815+0100][25.524s][info][gc,reloc    ] GC(107) Forwarding Usage: 0M
[2026-05-06T01:04:16.815+0100][25.524s][info][gc,heap     ] GC(107) Min Capacity: 8M(0%)
[2026-05-06T01:04:16.815+0100][25.524s][info][gc,heap     ] GC(107) Max Capacity: 4096M(100%)
[2026-05-06T01:04:16.815+0100][25.524s][info][gc,heap     ] GC(107) Soft Max Capacity: 4096M(100%)
[2026-05-06T01:04:16.815+0100][25.524s][info][gc,heap     ] GC(107)                Mark Start          Mark End        Relocate Start      Relocate End           High               Low         
[2026-05-06T01:04:16.815+0100][25.524s][info][gc,heap     ] GC(107)  Capacity:     3302M (81%)        3302M (81%)        3302M (81%)        3302M (81%)        3302M (81%)        3302M (81%)    
[2026-05-06T01:04:16.815+0100][25.524s][info][gc,heap     ] GC(107)      Free:     1902M (46%)        1902M (46%)        3850M (94%)        3854M (94%)        3854M (94%)        1902M (46%)    
[2026-05-06T01:04:16.815+0100][25.524s][info][gc,heap     ] GC(107)      Used:     2194M (54%)        2194M (54%)         246M (6%)          242M (6%)         2194M (54%)         242M (6%)     
[2026-05-06T01:04:16.815+0100][25.524s][info][gc,heap     ] GC(107)      Live:         -               205M (5%)          205M (5%)          205M (5%)             -                  -          
[2026-05-06T01:04:16.815+0100][25.524s][info][gc,heap     ] GC(107) Allocated:         -                 0M (0%)            0M (0%)            0M (0%)             -                  -          
[2026-05-06T01:04:16.815+0100][25.524s][info][gc,heap     ] GC(107)   Garbage:         -              1988M (49%)          40M (1%)           36M (1%)             -                  -          
[2026-05-06T01:04:16.815+0100][25.524s][info][gc,heap     ] GC(107) Reclaimed:         -                  -              1948M (48%)        1952M (48%)            -                  -          
[2026-05-06T01:04:16.815+0100][25.524s][info][gc          ] GC(107) Garbage Collection (System.gc()) 2194M(54%)->242M(6%)
[2026-05-06T01:04:17.181+0100][25.890s][info][gc,start    ] GC(108) Garbage Collection (System.gc())
[2026-05-06T01:04:17.181+0100][25.890s][info][gc,task     ] GC(108) Using 3 workers
[2026-05-06T01:04:17.181+0100][25.890s][info][gc,phases   ] GC(108) Pause Mark Start 0.003ms
[2026-05-06T01:04:17.186+0100][25.895s][info][gc,phases   ] GC(108) Concurrent Mark 4.603ms
[2026-05-06T01:04:17.186+0100][25.895s][info][gc,phases   ] GC(108) Pause Mark End 0.007ms
[2026-05-06T01:04:17.186+0100][25.895s][info][gc,phases   ] GC(108) Concurrent Mark Free 0.000ms
[2026-05-06T01:04:17.188+0100][25.897s][info][gc,phases   ] GC(108) Concurrent Process Non-Strong References 1.933ms
[2026-05-06T01:04:17.188+0100][25.897s][info][gc,phases   ] GC(108) Concurrent Reset Relocation Set 0.000ms
[2026-05-06T01:04:17.189+0100][25.898s][info][gc,phases   ] GC(108) Concurrent Select Relocation Set 0.650ms
[2026-05-06T01:04:17.189+0100][25.898s][info][gc,phases   ] GC(108) Pause Relocate Start 0.004ms
[2026-05-06T01:04:17.189+0100][25.898s][info][gc,phases   ] GC(108) Concurrent Relocate 0.280ms
[2026-05-06T01:04:17.189+0100][25.898s][info][gc,load     ] GC(108) Load: 4.64/4.56/4.25
[2026-05-06T01:04:17.189+0100][25.898s][info][gc,mmu      ] GC(108) MMU: 2ms/98.8%, 5ms/99.5%, 10ms/99.7%, 20ms/99.8%, 50ms/99.9%, 100ms/99.9%
[2026-05-06T01:04:17.189+0100][25.898s][info][gc,marking  ] GC(108) Mark: 2 stripe(s), 2 proactive flush(es), 1 terminate flush(es), 0 completion(s), 0 continuation(s) 
[2026-05-06T01:04:17.189+0100][25.898s][info][gc,marking  ] GC(108) Mark Stack Usage: 32M
[2026-05-06T01:04:17.189+0100][25.898s][info][gc,nmethod  ] GC(108) NMethods: 3918 registered, 764 unregistered
[2026-05-06T01:04:17.189+0100][25.898s][info][gc,metaspace] GC(108) Metaspace: 18M used, 19M committed, 1088M reserved
[2026-05-06T01:04:17.189+0100][25.898s][info][gc,ref      ] GC(108) Soft: 4237 encountered, 0 discovered, 0 enqueued
[2026-05-06T01:04:17.189+0100][25.898s][info][gc,ref      ] GC(108) Weak: 2363 encountered, 1326 discovered, 0 enqueued
[2026-05-06T01:04:17.189+0100][25.898s][info][gc,ref      ] GC(108) Final: 6 encountered, 0 discovered, 0 enqueued
[2026-05-06T01:04:17.189+0100][25.898s][info][gc,ref      ] GC(108) Phantom: 270 encountered, 212 discovered, 0 enqueued
[2026-05-06T01:04:17.189+0100][25.898s][info][gc,reloc    ] GC(108) Small Pages: 34 / 68M, Empty: 48M, Relocated: 1M, In-Place: 0
[2026-05-06T01:04:17.189+0100][25.898s][info][gc,reloc    ] GC(108) Medium Pages: 1 / 32M, Empty: 0M, Relocated: 0M, In-Place: 0
[2026-05-06T01:04:17.189+0100][25.898s][info][gc,reloc    ] GC(108) Large Pages: 16 / 2090M, Empty: 1898M, Relocated: 0M, In-Place: 0
[2026-05-06T01:04:17.189+0100][25.898s][info][gc,reloc    ] GC(108) Forwarding Usage: 0M
[2026-05-06T01:04:17.189+0100][25.898s][info][gc,heap     ] GC(108) Min Capacity: 8M(0%)
[2026-05-06T01:04:17.189+0100][25.898s][info][gc,heap     ] GC(108) Max Capacity: 4096M(100%)
[2026-05-06T01:04:17.189+0100][25.898s][info][gc,heap     ] GC(108) Soft Max Capacity: 4096M(100%)
[2026-05-06T01:04:17.189+0100][25.898s][info][gc,heap     ] GC(108)                Mark Start          Mark End        Relocate Start      Relocate End           High               Low         
[2026-05-06T01:04:17.189+0100][25.898s][info][gc,heap     ] GC(108)  Capacity:     3302M (81%)        3302M (81%)        3302M (81%)        3302M (81%)        3302M (81%)        3302M (81%)    
[2026-05-06T01:04:17.189+0100][25.898s][info][gc,heap     ] GC(108)      Free:     1906M (47%)        1906M (47%)        3852M (94%)        3856M (94%)        3856M (94%)        1906M (47%)    
[2026-05-06T01:04:17.189+0100][25.898s][info][gc,heap     ] GC(108)      Used:     2190M (53%)        2190M (53%)         244M (6%)          240M (6%)         2190M (53%)         240M (6%)     
[2026-05-06T01:04:17.189+0100][25.898s][info][gc,heap     ] GC(108)      Live:         -               205M (5%)          205M (5%)          205M (5%)             -                  -          
[2026-05-06T01:04:17.189+0100][25.898s][info][gc,heap     ] GC(108) Allocated:         -                 0M (0%)            0M (0%)            0M (0%)             -                  -          
[2026-05-06T01:04:17.189+0100][25.898s][info][gc,heap     ] GC(108)   Garbage:         -              1984M (48%)          38M (1%)           34M (1%)             -                  -          
[2026-05-06T01:04:17.189+0100][25.898s][info][gc,heap     ] GC(108) Reclaimed:         -                  -              1946M (48%)        1950M (48%)            -                  -          
[2026-05-06T01:04:17.189+0100][25.898s][info][gc          ] GC(108) Garbage Collection (System.gc()) 2190M(53%)->240M(6%)
[2026-05-06T01:04:17.519+0100][26.228s][info][gc,start    ] GC(109) Garbage Collection (System.gc())
[2026-05-06T01:04:17.519+0100][26.228s][info][gc,task     ] GC(109) Using 3 workers
[2026-05-06T01:04:17.519+0100][26.228s][info][gc,phases   ] GC(109) Pause Mark Start 0.006ms
[2026-05-06T01:04:17.524+0100][26.233s][info][gc,phases   ] GC(109) Concurrent Mark 4.799ms
[2026-05-06T01:04:17.524+0100][26.233s][info][gc,phases   ] GC(109) Pause Mark End 0.007ms
[2026-05-06T01:04:17.524+0100][26.233s][info][gc,phases   ] GC(109) Concurrent Mark Free 0.000ms
[2026-05-06T01:04:17.526+0100][26.235s][info][gc,phases   ] GC(109) Concurrent Process Non-Strong References 1.956ms
[2026-05-06T01:04:17.526+0100][26.235s][info][gc,phases   ] GC(109) Concurrent Reset Relocation Set 0.001ms
[2026-05-06T01:04:17.527+0100][26.236s][info][gc,phases   ] GC(109) Concurrent Select Relocation Set 0.606ms
[2026-05-06T01:04:17.527+0100][26.236s][info][gc,phases   ] GC(109) Pause Relocate Start 0.003ms
[2026-05-06T01:04:17.527+0100][26.236s][info][gc,phases   ] GC(109) Concurrent Relocate 0.217ms
[2026-05-06T01:04:17.527+0100][26.236s][info][gc,load     ] GC(109) Load: 4.64/4.56/4.25
[2026-05-06T01:04:17.527+0100][26.236s][info][gc,mmu      ] GC(109) MMU: 2ms/98.8%, 5ms/99.5%, 10ms/99.7%, 20ms/99.8%, 50ms/99.9%, 100ms/99.9%
[2026-05-06T01:04:17.527+0100][26.236s][info][gc,marking  ] GC(109) Mark: 2 stripe(s), 2 proactive flush(es), 1 terminate flush(es), 0 completion(s), 0 continuation(s) 
[2026-05-06T01:04:17.527+0100][26.236s][info][gc,marking  ] GC(109) Mark Stack Usage: 32M
[2026-05-06T01:04:17.527+0100][26.236s][info][gc,nmethod  ] GC(109) NMethods: 3924 registered, 765 unregistered
[2026-05-06T01:04:17.527+0100][26.236s][info][gc,metaspace] GC(109) Metaspace: 18M used, 19M committed, 1088M reserved
[2026-05-06T01:04:17.527+0100][26.236s][info][gc,ref      ] GC(109) Soft: 4237 encountered, 0 discovered, 0 enqueued
[2026-05-06T01:04:17.527+0100][26.236s][info][gc,ref      ] GC(109) Weak: 2364 encountered, 1353 discovered, 0 enqueued
[2026-05-06T01:04:17.527+0100][26.236s][info][gc,ref      ] GC(109) Final: 6 encountered, 0 discovered, 0 enqueued
[2026-05-06T01:04:17.527+0100][26.236s][info][gc,ref      ] GC(109) Phantom: 270 encountered, 212 discovered, 0 enqueued
[2026-05-06T01:04:17.527+0100][26.236s][info][gc,reloc    ] GC(109) Small Pages: 23 / 46M, Empty: 24M, Relocated: 1M, In-Place: 0
[2026-05-06T01:04:17.527+0100][26.236s][info][gc,reloc    ] GC(109) Medium Pages: 1 / 32M, Empty: 0M, Relocated: 0M, In-Place: 0
[2026-05-06T01:04:17.527+0100][26.236s][info][gc,reloc    ] GC(109) Large Pages: 16 / 2090M, Empty: 1898M, Relocated: 0M, In-Place: 0
[2026-05-06T01:04:17.527+0100][26.236s][info][gc,reloc    ] GC(109) Forwarding Usage: 0M
[2026-05-06T01:04:17.527+0100][26.236s][info][gc,heap     ] GC(109) Min Capacity: 8M(0%)
[2026-05-06T01:04:17.527+0100][26.236s][info][gc,heap     ] GC(109) Max Capacity: 4096M(100%)
[2026-05-06T01:04:17.527+0100][26.236s][info][gc,heap     ] GC(109) Soft Max Capacity: 4096M(100%)
[2026-05-06T01:04:17.527+0100][26.236s][info][gc,heap     ] GC(109)                Mark Start          Mark End        Relocate Start      Relocate End           High               Low         
[2026-05-06T01:04:17.527+0100][26.236s][info][gc,heap     ] GC(109)  Capacity:     3302M (81%)        3302M (81%)        3302M (81%)        3302M (81%)        3302M (81%)        3302M (81%)    
[2026-05-06T01:04:17.527+0100][26.236s][info][gc,heap     ] GC(109)      Free:     1928M (47%)        1928M (47%)        3850M (94%)        3854M (94%)        3854M (94%)        1928M (47%)    
[2026-05-06T01:04:17.527+0100][26.236s][info][gc,heap     ] GC(109)      Used:     2168M (53%)        2168M (53%)         246M (6%)          242M (6%)         2168M (53%)         242M (6%)     
[2026-05-06T01:04:17.527+0100][26.236s][info][gc,heap     ] GC(109)      Live:         -               205M (5%)          205M (5%)          205M (5%)             -                  -          
[2026-05-06T01:04:17.527+0100][26.236s][info][gc,heap     ] GC(109) Allocated:         -                 0M (0%)            0M (0%)            0M (0%)             -                  -          
[2026-05-06T01:04:17.527+0100][26.236s][info][gc,heap     ] GC(109)   Garbage:         -              1962M (48%)          40M (1%)           36M (1%)             -                  -          
[2026-05-06T01:04:17.527+0100][26.236s][info][gc,heap     ] GC(109) Reclaimed:         -                  -              1922M (47%)        1926M (47%)            -                  -          
[2026-05-06T01:04:17.527+0100][26.236s][info][gc          ] GC(109) Garbage Collection (System.gc()) 2168M(53%)->242M(6%)
[2026-05-06T01:04:17.852+0100][26.561s][info][gc,start    ] GC(110) Garbage Collection (System.gc())
[2026-05-06T01:04:17.852+0100][26.561s][info][gc,task     ] GC(110) Using 3 workers
[2026-05-06T01:04:17.852+0100][26.561s][info][gc,phases   ] GC(110) Pause Mark Start 0.003ms
[2026-05-06T01:04:17.856+0100][26.565s][info][gc,phases   ] GC(110) Concurrent Mark 4.077ms
[2026-05-06T01:04:17.856+0100][26.565s][info][gc,phases   ] GC(110) Pause Mark End 0.004ms
[2026-05-06T01:04:17.856+0100][26.565s][info][gc,phases   ] GC(110) Concurrent Mark Free 0.000ms
[2026-05-06T01:04:17.858+0100][26.567s][info][gc,phases   ] GC(110) Concurrent Process Non-Strong References 1.867ms
[2026-05-06T01:04:17.858+0100][26.567s][info][gc,phases   ] GC(110) Concurrent Reset Relocation Set 0.001ms
[2026-05-06T01:04:17.859+0100][26.568s][info][gc,phases   ] GC(110) Concurrent Select Relocation Set 0.669ms
[2026-05-06T01:04:17.859+0100][26.568s][info][gc,phases   ] GC(110) Pause Relocate Start 0.003ms
[2026-05-06T01:04:17.859+0100][26.568s][info][gc,phases   ] GC(110) Concurrent Relocate 0.240ms
[2026-05-06T01:04:17.860+0100][26.569s][info][gc,load     ] GC(110) Load: 4.64/4.56/4.25
[2026-05-06T01:04:17.860+0100][26.569s][info][gc,mmu      ] GC(110) MMU: 2ms/98.8%, 5ms/99.5%, 10ms/99.7%, 20ms/99.8%, 50ms/99.9%, 100ms/99.9%
[2026-05-06T01:04:17.860+0100][26.569s][info][gc,marking  ] GC(110) Mark: 2 stripe(s), 2 proactive flush(es), 1 terminate flush(es), 0 completion(s), 0 continuation(s) 
[2026-05-06T01:04:17.860+0100][26.569s][info][gc,marking  ] GC(110) Mark Stack Usage: 32M
[2026-05-06T01:04:17.860+0100][26.569s][info][gc,nmethod  ] GC(110) NMethods: 3924 registered, 767 unregistered
[2026-05-06T01:04:17.860+0100][26.569s][info][gc,metaspace] GC(110) Metaspace: 18M used, 19M committed, 1088M reserved
[2026-05-06T01:04:17.860+0100][26.569s][info][gc,ref      ] GC(110) Soft: 4237 encountered, 0 discovered, 0 enqueued
[2026-05-06T01:04:17.860+0100][26.569s][info][gc,ref      ] GC(110) Weak: 2364 encountered, 1307 discovered, 0 enqueued
[2026-05-06T01:04:17.860+0100][26.569s][info][gc,ref      ] GC(110) Final: 6 encountered, 0 discovered, 0 enqueued
[2026-05-06T01:04:17.860+0100][26.569s][info][gc,ref      ] GC(110) Phantom: 270 encountered, 123 discovered, 0 enqueued
[2026-05-06T01:04:17.860+0100][26.569s][info][gc,reloc    ] GC(110) Small Pages: 14 / 28M, Empty: 8M, Relocated: 1M, In-Place: 0
[2026-05-06T01:04:17.860+0100][26.569s][info][gc,reloc    ] GC(110) Medium Pages: 1 / 32M, Empty: 0M, Relocated: 0M, In-Place: 0
[2026-05-06T01:04:17.860+0100][26.569s][info][gc,reloc    ] GC(110) Large Pages: 16 / 2090M, Empty: 1898M, Relocated: 0M, In-Place: 0
[2026-05-06T01:04:17.860+0100][26.569s][info][gc,reloc    ] GC(110) Forwarding Usage: 0M
[2026-05-06T01:04:17.860+0100][26.569s][info][gc,heap     ] GC(110) Min Capacity: 8M(0%)
[2026-05-06T01:04:17.860+0100][26.569s][info][gc,heap     ] GC(110) Max Capacity: 4096M(100%)
[2026-05-06T01:04:17.860+0100][26.569s][info][gc,heap     ] GC(110) Soft Max Capacity: 4096M(100%)
[2026-05-06T01:04:17.860+0100][26.569s][info][gc,heap     ] GC(110)                Mark Start          Mark End        Relocate Start      Relocate End           High               Low         
[2026-05-06T01:04:17.860+0100][26.569s][info][gc,heap     ] GC(110)  Capacity:     3302M (81%)        3302M (81%)        3302M (81%)        3302M (81%)        3302M (81%)        3302M (81%)    
[2026-05-06T01:04:17.860+0100][26.569s][info][gc,heap     ] GC(110)      Free:     1946M (48%)        1946M (48%)        3852M (94%)        3854M (94%)        3854M (94%)        1946M (48%)    
[2026-05-06T01:04:17.860+0100][26.569s][info][gc,heap     ] GC(110)      Used:     2150M (52%)        2150M (52%)         244M (6%)          242M (6%)         2150M (52%)         242M (6%)     
[2026-05-06T01:04:17.860+0100][26.569s][info][gc,heap     ] GC(110)      Live:         -               205M (5%)          205M (5%)          205M (5%)             -                  -          
[2026-05-06T01:04:17.860+0100][26.569s][info][gc,heap     ] GC(110) Allocated:         -                 0M (0%)            0M (0%)            0M (0%)             -                  -          
[2026-05-06T01:04:17.860+0100][26.569s][info][gc,heap     ] GC(110)   Garbage:         -              1944M (47%)          38M (1%)           36M (1%)             -                  -          
[2026-05-06T01:04:17.860+0100][26.569s][info][gc,heap     ] GC(110) Reclaimed:         -                  -              1906M (47%)        1908M (47%)            -                  -          
[2026-05-06T01:04:17.860+0100][26.569s][info][gc          ] GC(110) Garbage Collection (System.gc()) 2150M(52%)->242M(6%)
[2026-05-06T01:04:18.421+0100][27.131s][info][gc,start    ] GC(111) Garbage Collection (Proactive)
[2026-05-06T01:04:18.422+0100][27.131s][info][gc,task     ] GC(111) Using 3 workers
[2026-05-06T01:04:18.422+0100][27.131s][info][gc,phases   ] GC(111) Pause Mark Start 0.003ms
[2026-05-06T01:04:18.427+0100][27.137s][info][gc,phases   ] GC(111) Concurrent Mark 5.735ms
[2026-05-06T01:04:18.427+0100][27.137s][info][gc,phases   ] GC(111) Pause Mark End 0.007ms
[2026-05-06T01:04:18.427+0100][27.137s][info][gc,phases   ] GC(111) Concurrent Mark Free 0.000ms
[2026-05-06T01:04:18.430+0100][27.139s][info][gc,phases   ] GC(111) Concurrent Process Non-Strong References 2.375ms
[2026-05-06T01:04:18.430+0100][27.139s][info][gc,phases   ] GC(111) Concurrent Reset Relocation Set 0.001ms
[2026-05-06T01:04:18.431+0100][27.140s][info][gc,phases   ] GC(111) Concurrent Select Relocation Set 0.720ms
[2026-05-06T01:04:18.432+0100][27.141s][info][gc,phases   ] GC(111) Pause Relocate Start 0.006ms
[2026-05-06T01:04:18.433+0100][27.143s][info][gc,phases   ] GC(111) Concurrent Relocate 1.071ms
[2026-05-06T01:04:18.433+0100][27.143s][info][gc,load     ] GC(111) Load: 4.64/4.56/4.25
[2026-05-06T01:04:18.433+0100][27.143s][info][gc,mmu      ] GC(111) MMU: 2ms/98.8%, 5ms/99.5%, 10ms/99.7%, 20ms/99.8%, 50ms/99.9%, 100ms/99.9%
[2026-05-06T01:04:18.433+0100][27.143s][info][gc,marking  ] GC(111) Mark: 2 stripe(s), 2 proactive flush(es), 1 terminate flush(es), 0 completion(s), 0 continuation(s) 
[2026-05-06T01:04:18.433+0100][27.143s][info][gc,marking  ] GC(111) Mark Stack Usage: 32M
[2026-05-06T01:04:18.433+0100][27.143s][info][gc,nmethod  ] GC(111) NMethods: 4004 registered, 796 unregistered
[2026-05-06T01:04:18.433+0100][27.143s][info][gc,metaspace] GC(111) Metaspace: 21M used, 21M committed, 1088M reserved
[2026-05-06T01:04:18.433+0100][27.143s][info][gc,ref      ] GC(111) Soft: 4260 encountered, 0 discovered, 0 enqueued
[2026-05-06T01:04:18.433+0100][27.143s][info][gc,ref      ] GC(111) Weak: 2524 encountered, 1435 discovered, 73 enqueued
[2026-05-06T01:04:18.433+0100][27.143s][info][gc,ref      ] GC(111) Final: 7 encountered, 0 discovered, 0 enqueued
[2026-05-06T01:04:18.433+0100][27.143s][info][gc,ref      ] GC(111) Phantom: 346 encountered, 265 discovered, 72 enqueued
[2026-05-06T01:04:18.433+0100][27.143s][info][gc,reloc    ] GC(111) Small Pages: 13 / 26M, Empty: 0M, Relocated: 3M, In-Place: 0
[2026-05-06T01:04:18.433+0100][27.143s][info][gc,reloc    ] GC(111) Medium Pages: 2 / 64M, Empty: 0M, Relocated: 3M, In-Place: 0
[2026-05-06T01:04:18.433+0100][27.143s][info][gc,reloc    ] GC(111) Large Pages: 13 / 1652M, Empty: 1460M, Relocated: 0M, In-Place: 0
[2026-05-06T01:04:18.433+0100][27.143s][info][gc,reloc    ] GC(111) Forwarding Usage: 1M
[2026-05-06T01:04:18.433+0100][27.143s][info][gc,heap     ] GC(111) Min Capacity: 8M(0%)
[2026-05-06T01:04:18.433+0100][27.143s][info][gc,heap     ] GC(111) Max Capacity: 4096M(100%)
[2026-05-06T01:04:18.433+0100][27.143s][info][gc,heap     ] GC(111) Soft Max Capacity: 4096M(100%)
[2026-05-06T01:04:18.433+0100][27.143s][info][gc,heap     ] GC(111)                Mark Start          Mark End        Relocate Start      Relocate End           High               Low         
[2026-05-06T01:04:18.433+0100][27.143s][info][gc,heap     ] GC(111)  Capacity:     3302M (81%)        3302M (81%)        3302M (81%)        3302M (81%)        3302M (81%)        3302M (81%)    
[2026-05-06T01:04:18.433+0100][27.143s][info][gc,heap     ] GC(111)      Free:     2354M (57%)        2354M (57%)        3814M (93%)        3856M (94%)        3856M (94%)        2354M (57%)    
[2026-05-06T01:04:18.433+0100][27.143s][info][gc,heap     ] GC(111)      Used:     1742M (43%)        1742M (43%)         282M (7%)          240M (6%)         1742M (43%)         240M (6%)     
[2026-05-06T01:04:18.433+0100][27.143s][info][gc,heap     ] GC(111)      Live:         -               207M (5%)          207M (5%)          207M (5%)             -                  -          
[2026-05-06T01:04:18.433+0100][27.143s][info][gc,heap     ] GC(111) Allocated:         -                 0M (0%)            0M (0%)            1M (0%)             -                  -          
[2026-05-06T01:04:18.433+0100][27.143s][info][gc,heap     ] GC(111)   Garbage:         -              1534M (37%)          74M (2%)           30M (1%)             -                  -          
[2026-05-06T01:04:18.433+0100][27.143s][info][gc,heap     ] GC(111) Reclaimed:         -                  -              1460M (36%)        1503M (37%)            -                  -          
[2026-05-06T01:04:18.433+0100][27.143s][info][gc          ] GC(111) Garbage Collection (Proactive) 1742M(43%)->240M(6%)
[2026-05-06T01:04:19.153+0100][27.862s][info][gc,heap,exit] Heap
[2026-05-06T01:04:19.153+0100][27.862s][info][gc,heap,exit]  ZHeap           used 350M, capacity 3302M, max capacity 4096M
[2026-05-06T01:04:19.153+0100][27.862s][info][gc,heap,exit]  Metaspace       used 23860K, committed 24256K, reserved 1114112K
[2026-05-06T01:04:19.153+0100][27.862s][info][gc,heap,exit]   class space    used 2691K, committed 2880K, reserved 1048576K
